/nas/home/jahin/.local/lib/python3.10/site-packages/requests/__init__.py:113: RequestsDependencyWarning: urllib3 (1.26.5) or chardet (7.2.0)/charset_normalizer (3.4.4) doesn't match a supported version!
  warnings.warn(
[ogbn-arxiv] NSReg, rotations [np.int64(4)] of [np.int64(4), np.int64(8), np.int64(10), np.int64(34)]
[ogbn-arxiv] n_epochs=400 eval_every=1 input_dim=128 wd=0.0 lr=0.001
Normal classes: [0, 1, 2, 3, 5, 6, 7, 9, 11, 12, 13, 14, 15, 16, 17, 18, 19, 20, 21, 22, 23, 24, 25, 26, 27, 28, 29, 30, 31, 32, 33, 35, 36, 37, 38, 39] in ogbn-arxiv
using idx from: split_50.pkl - num known anomalies 50
num known anomalies: 50
Building multi-layer GraphSage
GRAPHSAGE used as the encoder
building the dataloader ...
/nas/home/jahin/.local/lib/python3.10/site-packages/torch/functional.py:554: UserWarning: torch.meshgrid: in an upcoming release, it will be required to pass the indexing argument. (Triggered internally at /pytorch/aten/src/ATen/native/TensorShape.cpp:4314.)
  return _VF.meshgrid(tensors, **kwargs)  # type: ignore[attr-defined]
num train pos edges: 2571  num train neg edges: 241
NSReg Training ...
Batch mode: enabled original propertion
Epoch  0 loss=1.3307, clf_loss=0.6475, lbl_loss=0.6832
Epoch  1 loss=1.2439, clf_loss=0.5653, lbl_loss=0.6787
Epoch  2 loss=1.1694, clf_loss=0.4961, lbl_loss=0.6733
Epoch  3 loss=1.1227, clf_loss=0.4405, lbl_loss=0.6822
Epoch  4 loss=1.0737, clf_loss=0.3939, lbl_loss=0.6798
Epoch  5 loss=1.0184, clf_loss=0.3539, lbl_loss=0.6645
Epoch  6 loss=1.0171, clf_loss=0.3249, lbl_loss=0.6923
Epoch  7 loss=0.9827, clf_loss=0.3060, lbl_loss=0.6767
Epoch  8 loss=0.9665, clf_loss=0.2988, lbl_loss=0.6676
Epoch  9 loss=0.9585, clf_loss=0.2997, lbl_loss=0.6588
Epoch 10 loss=0.9866, clf_loss=0.3064, lbl_loss=0.6803
Epoch 11 loss=1.0010, clf_loss=0.3155, lbl_loss=0.6856
Epoch 12 loss=0.9961, clf_loss=0.3230, lbl_loss=0.6731
Epoch 13 loss=0.9877, clf_loss=0.3279, lbl_loss=0.6599
Epoch 14 loss=1.0066, clf_loss=0.3278, lbl_loss=0.6787
Epoch 15 loss=0.9977, clf_loss=0.3265, lbl_loss=0.6712
Epoch 16 loss=0.9947, clf_loss=0.3217, lbl_loss=0.6730
Epoch 17 loss=0.9911, clf_loss=0.3162, lbl_loss=0.6750
Epoch 18 loss=0.9858, clf_loss=0.3099, lbl_loss=0.6759
Epoch 19 loss=0.9861, clf_loss=0.3037, lbl_loss=0.6824
Epoch 20 loss=0.9768, clf_loss=0.2999, lbl_loss=0.6769
Epoch 21 loss=0.9672, clf_loss=0.2964, lbl_loss=0.6708
Epoch 22 loss=0.9703, clf_loss=0.2951, lbl_loss=0.6751
Epoch 23 loss=0.9704, clf_loss=0.2958, lbl_loss=0.6747
Epoch 24 loss=0.9643, clf_loss=0.2963, lbl_loss=0.6680
Epoch 25 loss=0.9629, clf_loss=0.2981, lbl_loss=0.6648
Epoch 26 loss=0.9615, clf_loss=0.2984, lbl_loss=0.6631
Epoch 27 loss=0.9648, clf_loss=0.2976, lbl_loss=0.6672
Epoch 28 loss=0.9692, clf_loss=0.2976, lbl_loss=0.6717
Epoch 29 loss=0.9614, clf_loss=0.2959, lbl_loss=0.6654
Epoch 30 loss=0.9597, clf_loss=0.2949, lbl_loss=0.6649
Epoch 31 loss=0.9540, clf_loss=0.2927, lbl_loss=0.6613
Epoch 32 loss=0.9553, clf_loss=0.2899, lbl_loss=0.6654
Epoch 33 loss=0.9580, clf_loss=0.2893, lbl_loss=0.6687
Epoch 34 loss=0.9507, clf_loss=0.2880, lbl_loss=0.6628
Epoch 35 loss=0.9557, clf_loss=0.2842, lbl_loss=0.6715
Epoch 36 loss=0.9504, clf_loss=0.2871, lbl_loss=0.6633
Epoch 37 loss=0.9718, clf_loss=0.2856, lbl_loss=0.6862
Epoch 38 loss=0.9600, clf_loss=0.2838, lbl_loss=0.6762
Epoch 39 loss=0.9558, clf_loss=0.2828, lbl_loss=0.6730
Epoch 40 loss=0.9502, clf_loss=0.2835, lbl_loss=0.6667
Epoch 41 loss=0.9489, clf_loss=0.2825, lbl_loss=0.6664
Epoch 42 loss=0.9456, clf_loss=0.2809, lbl_loss=0.6647
Epoch 43 loss=0.9319, clf_loss=0.2782, lbl_loss=0.6537
Epoch 44 loss=0.9443, clf_loss=0.2788, lbl_loss=0.6655
Epoch 45 loss=0.9410, clf_loss=0.2776, lbl_loss=0.6633
Epoch 46 loss=0.9360, clf_loss=0.2784, lbl_loss=0.6576
Epoch 47 loss=0.9429, clf_loss=0.2727, lbl_loss=0.6701
Epoch 48 loss=0.9542, clf_loss=0.2755, lbl_loss=0.6787
Epoch 49 loss=0.9283, clf_loss=0.2766, lbl_loss=0.6518
Epoch 50 loss=0.9241, clf_loss=0.2743, lbl_loss=0.6497
Epoch 51 loss=0.9407, clf_loss=0.2741, lbl_loss=0.6666
Epoch 52 loss=0.9254, clf_loss=0.2687, lbl_loss=0.6567
Epoch 53 loss=0.9176, clf_loss=0.2680, lbl_loss=0.6496
Epoch 54 loss=0.9183, clf_loss=0.2654, lbl_loss=0.6529
Epoch 55 loss=0.9211, clf_loss=0.2631, lbl_loss=0.6580
Epoch 56 loss=0.9155, clf_loss=0.2568, lbl_loss=0.6587
Epoch 57 loss=0.9141, clf_loss=0.2588, lbl_loss=0.6553
Epoch 58 loss=0.9049, clf_loss=0.2639, lbl_loss=0.6409
Epoch 59 loss=0.9103, clf_loss=0.2607, lbl_loss=0.6496
Epoch 60 loss=0.8941, clf_loss=0.2596, lbl_loss=0.6345
Epoch 61 loss=0.8887, clf_loss=0.2522, lbl_loss=0.6365
Epoch 62 loss=0.8984, clf_loss=0.2490, lbl_loss=0.6494
Epoch 63 loss=0.8831, clf_loss=0.2484, lbl_loss=0.6347
Epoch 64 loss=0.8799, clf_loss=0.2517, lbl_loss=0.6282
Epoch 65 loss=0.9170, clf_loss=0.2496, lbl_loss=0.6675
Epoch 66 loss=0.9042, clf_loss=0.2496, lbl_loss=0.6546
Epoch 67 loss=0.8772, clf_loss=0.2463, lbl_loss=0.6310
Epoch 68 loss=0.8871, clf_loss=0.2475, lbl_loss=0.6396
Epoch 69 loss=0.8838, clf_loss=0.2397, lbl_loss=0.6442
Epoch 70 loss=0.8701, clf_loss=0.2377, lbl_loss=0.6324
Epoch 71 loss=0.8662, clf_loss=0.2387, lbl_loss=0.6275
Epoch 72 loss=0.8734, clf_loss=0.2312, lbl_loss=0.6423
Epoch 73 loss=0.8604, clf_loss=0.2263, lbl_loss=0.6341
Epoch 74 loss=0.8542, clf_loss=0.2284, lbl_loss=0.6258
Epoch 75 loss=0.8652, clf_loss=0.2240, lbl_loss=0.6412
Epoch 76 loss=0.8659, clf_loss=0.2222, lbl_loss=0.6437
Epoch 77 loss=0.8772, clf_loss=0.2261, lbl_loss=0.6511
Epoch 78 loss=0.8634, clf_loss=0.2187, lbl_loss=0.6447
Epoch 79 loss=0.8380, clf_loss=0.2139, lbl_loss=0.6242
Epoch 80 loss=0.8280, clf_loss=0.2101, lbl_loss=0.6179
Epoch 81 loss=0.8177, clf_loss=0.2020, lbl_loss=0.6157
Epoch 82 loss=0.8312, clf_loss=0.1968, lbl_loss=0.6344
Epoch 83 loss=0.7897, clf_loss=0.1893, lbl_loss=0.6004
Epoch 84 loss=0.8463, clf_loss=0.1991, lbl_loss=0.6472
Epoch 85 loss=0.8035, clf_loss=0.1825, lbl_loss=0.6210
Epoch 86 loss=0.7929, clf_loss=0.1837, lbl_loss=0.6092
Epoch 87 loss=0.8232, clf_loss=0.1814, lbl_loss=0.6418
Epoch 88 loss=0.8182, clf_loss=0.1827, lbl_loss=0.6355
Epoch 89 loss=0.8223, clf_loss=0.1737, lbl_loss=0.6486
Epoch 90 loss=0.8012, clf_loss=0.1609, lbl_loss=0.6404
Epoch 91 loss=0.8097, clf_loss=0.1707, lbl_loss=0.6390
Epoch 92 loss=0.8080, clf_loss=0.1557, lbl_loss=0.6523
Epoch 93 loss=0.7929, clf_loss=0.1601, lbl_loss=0.6328
Epoch 94 loss=0.7962, clf_loss=0.1550, lbl_loss=0.6412
Epoch 95 loss=0.7851, clf_loss=0.1571, lbl_loss=0.6280
Epoch 96 loss=0.7908, clf_loss=0.1539, lbl_loss=0.6369
Epoch 97 loss=0.7902, clf_loss=0.1558, lbl_loss=0.6345
Epoch 98 loss=0.7753, clf_loss=0.1338, lbl_loss=0.6415
Epoch 99 loss=0.8059, clf_loss=0.1680, lbl_loss=0.6379
Epoch 100 loss=0.7827, clf_loss=0.1534, lbl_loss=0.6293
Epoch 101 loss=0.7774, clf_loss=0.1364, lbl_loss=0.6411
Epoch 102 loss=0.7763, clf_loss=0.1414, lbl_loss=0.6349
Epoch 103 loss=0.7715, clf_loss=0.1399, lbl_loss=0.6316
Epoch 104 loss=0.7840, clf_loss=0.1443, lbl_loss=0.6397
Epoch 105 loss=0.7707, clf_loss=0.1481, lbl_loss=0.6227
Epoch 106 loss=0.7730, clf_loss=0.1432, lbl_loss=0.6298
Epoch 107 loss=0.7635, clf_loss=0.1451, lbl_loss=0.6184
Epoch 108 loss=0.7397, clf_loss=0.1334, lbl_loss=0.6062
Epoch 109 loss=0.7939, clf_loss=0.1442, lbl_loss=0.6498
Epoch 110 loss=0.7426, clf_loss=0.1335, lbl_loss=0.6090
Epoch 111 loss=0.7784, clf_loss=0.1360, lbl_loss=0.6425
Epoch 112 loss=0.7658, clf_loss=0.1422, lbl_loss=0.6236
Epoch 113 loss=0.7657, clf_loss=0.1310, lbl_loss=0.6347
Epoch 114 loss=0.7233, clf_loss=0.1144, lbl_loss=0.6090
Epoch 115 loss=0.7509, clf_loss=0.1198, lbl_loss=0.6311
Epoch 116 loss=0.7568, clf_loss=0.1370, lbl_loss=0.6198
Epoch 117 loss=0.7670, clf_loss=0.1249, lbl_loss=0.6421
Epoch 118 loss=0.7652, clf_loss=0.1207, lbl_loss=0.6445
Epoch 119 loss=0.7266, clf_loss=0.1254, lbl_loss=0.6012
Epoch 120 loss=0.7652, clf_loss=0.1176, lbl_loss=0.6476
Epoch 121 loss=0.7061, clf_loss=0.1007, lbl_loss=0.6054
Epoch 122 loss=0.7661, clf_loss=0.1308, lbl_loss=0.6353
Epoch 123 loss=0.7260, clf_loss=0.1056, lbl_loss=0.6205
Epoch 124 loss=0.7591, clf_loss=0.1222, lbl_loss=0.6370
Epoch 125 loss=0.7695, clf_loss=0.1197, lbl_loss=0.6498
Epoch 126 loss=0.7415, clf_loss=0.1144, lbl_loss=0.6272
Epoch 127 loss=0.7523, clf_loss=0.1243, lbl_loss=0.6280
Epoch 128 loss=0.7069, clf_loss=0.0872, lbl_loss=0.6197
Epoch 129 loss=0.7280, clf_loss=0.1060, lbl_loss=0.6220
Epoch 130 loss=0.7453, clf_loss=0.1123, lbl_loss=0.6330
Epoch 131 loss=0.7302, clf_loss=0.1049, lbl_loss=0.6253
Epoch 132 loss=0.7604, clf_loss=0.1127, lbl_loss=0.6477
Epoch 133 loss=0.7447, clf_loss=0.1033, lbl_loss=0.6414
Epoch 134 loss=0.7195, clf_loss=0.1033, lbl_loss=0.6161
Epoch 135 loss=0.7228, clf_loss=0.1051, lbl_loss=0.6178
Epoch 136 loss=0.7250, clf_loss=0.0998, lbl_loss=0.6253
Epoch 137 loss=0.7302, clf_loss=0.1041, lbl_loss=0.6261
Epoch 138 loss=0.7281, clf_loss=0.1132, lbl_loss=0.6149
Epoch 139 loss=0.6932, clf_loss=0.0875, lbl_loss=0.6057
Epoch 140 loss=0.7232, clf_loss=0.1020, lbl_loss=0.6212
Epoch 141 loss=0.7297, clf_loss=0.0927, lbl_loss=0.6371
Epoch 142 loss=0.7040, clf_loss=0.1015, lbl_loss=0.6025
Epoch 143 loss=0.7090, clf_loss=0.0834, lbl_loss=0.6256
Epoch 144 loss=0.7159, clf_loss=0.1108, lbl_loss=0.6052
Epoch 145 loss=0.7223, clf_loss=0.1024, lbl_loss=0.6199
Epoch 146 loss=0.6897, clf_loss=0.0870, lbl_loss=0.6028
Epoch 147 loss=0.6755, clf_loss=0.0835, lbl_loss=0.5920
Epoch 148 loss=0.6868, clf_loss=0.0825, lbl_loss=0.6043
Epoch 149 loss=0.7234, clf_loss=0.1335, lbl_loss=0.5899
Epoch 150 loss=0.6809, clf_loss=0.0855, lbl_loss=0.5954
Epoch 151 loss=0.7434, clf_loss=0.0880, lbl_loss=0.6554
Epoch 152 loss=0.7109, clf_loss=0.0913, lbl_loss=0.6196
Epoch 153 loss=0.7023, clf_loss=0.0820, lbl_loss=0.6203
Epoch 154 loss=0.7208, clf_loss=0.0879, lbl_loss=0.6329
Epoch 155 loss=0.6929, clf_loss=0.0724, lbl_loss=0.6205
Epoch 156 loss=0.7026, clf_loss=0.0799, lbl_loss=0.6227
Epoch 157 loss=0.7219, clf_loss=0.0884, lbl_loss=0.6334
Epoch 158 loss=0.7267, clf_loss=0.0994, lbl_loss=0.6274
Epoch 159 loss=0.7133, clf_loss=0.0875, lbl_loss=0.6258
Epoch 160 loss=0.7068, clf_loss=0.0912, lbl_loss=0.6157
Epoch 161 loss=0.7069, clf_loss=0.0807, lbl_loss=0.6262
Epoch 162 loss=0.7280, clf_loss=0.0929, lbl_loss=0.6351
Epoch 163 loss=0.6986, clf_loss=0.0816, lbl_loss=0.6170
Epoch 164 loss=0.6823, clf_loss=0.0706, lbl_loss=0.6117
Epoch 165 loss=0.6638, clf_loss=0.0729, lbl_loss=0.5910
Epoch 166 loss=0.7049, clf_loss=0.0931, lbl_loss=0.6118
Epoch 167 loss=0.7458, clf_loss=0.1020, lbl_loss=0.6438
Epoch 168 loss=0.7143, clf_loss=0.0974, lbl_loss=0.6169
Epoch 169 loss=0.6958, clf_loss=0.0829, lbl_loss=0.6129
Epoch 170 loss=0.7167, clf_loss=0.0894, lbl_loss=0.6273
Epoch 171 loss=0.6682, clf_loss=0.0813, lbl_loss=0.5870
Epoch 172 loss=0.7062, clf_loss=0.0790, lbl_loss=0.6272
Epoch 173 loss=0.6997, clf_loss=0.0759, lbl_loss=0.6238
Epoch 174 loss=0.6898, clf_loss=0.0688, lbl_loss=0.6210
Epoch 175 loss=0.6982, clf_loss=0.0814, lbl_loss=0.6168
Epoch 176 loss=0.6747, clf_loss=0.0721, lbl_loss=0.6025
Epoch 177 loss=0.6853, clf_loss=0.0842, lbl_loss=0.6011
Epoch 178 loss=0.6750, clf_loss=0.0674, lbl_loss=0.6076
Epoch 179 loss=0.7387, clf_loss=0.0756, lbl_loss=0.6632
Epoch 180 loss=0.7111, clf_loss=0.0782, lbl_loss=0.6329
Epoch 181 loss=0.6913, clf_loss=0.0743, lbl_loss=0.6170
Epoch 182 loss=0.6972, clf_loss=0.0765, lbl_loss=0.6206
Epoch 183 loss=0.7051, clf_loss=0.0779, lbl_loss=0.6272
Epoch 184 loss=0.6988, clf_loss=0.0766, lbl_loss=0.6223
Epoch 185 loss=0.6904, clf_loss=0.0664, lbl_loss=0.6240
Epoch 186 loss=0.7098, clf_loss=0.0747, lbl_loss=0.6352
Epoch 187 loss=0.6860, clf_loss=0.0728, lbl_loss=0.6132
Epoch 188 loss=0.6616, clf_loss=0.0631, lbl_loss=0.5985
Epoch 189 loss=0.6921, clf_loss=0.0778, lbl_loss=0.6143
Epoch 190 loss=0.6837, clf_loss=0.0765, lbl_loss=0.6073
Epoch 191 loss=0.6818, clf_loss=0.0661, lbl_loss=0.6157
Epoch 192 loss=0.7039, clf_loss=0.0656, lbl_loss=0.6383
Epoch 193 loss=0.6828, clf_loss=0.0846, lbl_loss=0.5982
Epoch 194 loss=0.6866, clf_loss=0.0681, lbl_loss=0.6185
Epoch 195 loss=0.6853, clf_loss=0.0594, lbl_loss=0.6259
Epoch 196 loss=0.6490, clf_loss=0.0433, lbl_loss=0.6057
Epoch 197 loss=0.6820, clf_loss=0.0777, lbl_loss=0.6043
Epoch 198 loss=0.6769, clf_loss=0.0547, lbl_loss=0.6222
Epoch 199 loss=0.6708, clf_loss=0.0597, lbl_loss=0.6111
Epoch 200 loss=0.6883, clf_loss=0.0605, lbl_loss=0.6278
Epoch 201 loss=0.7165, clf_loss=0.0639, lbl_loss=0.6526
Epoch 202 loss=0.6852, clf_loss=0.0901, lbl_loss=0.5951
Epoch 203 loss=0.7037, clf_loss=0.0743, lbl_loss=0.6294
Epoch 204 loss=0.6887, clf_loss=0.0613, lbl_loss=0.6274
Epoch 205 loss=0.6637, clf_loss=0.0571, lbl_loss=0.6066
Epoch 206 loss=0.6772, clf_loss=0.0544, lbl_loss=0.6228
Epoch 207 loss=0.7042, clf_loss=0.0666, lbl_loss=0.6376
Epoch 208 loss=0.6556, clf_loss=0.0537, lbl_loss=0.6018
Epoch 209 loss=0.6575, clf_loss=0.0608, lbl_loss=0.5967
Epoch 210 loss=0.6671, clf_loss=0.0566, lbl_loss=0.6105
Epoch 211 loss=0.6792, clf_loss=0.0569, lbl_loss=0.6223
Epoch 212 loss=0.6663, clf_loss=0.0620, lbl_loss=0.6042
Epoch 213 loss=0.6732, clf_loss=0.0546, lbl_loss=0.6186
Epoch 214 loss=0.6448, clf_loss=0.0443, lbl_loss=0.6005
Epoch 215 loss=0.6777, clf_loss=0.0582, lbl_loss=0.6195
Epoch 216 loss=0.6875, clf_loss=0.0633, lbl_loss=0.6242
Epoch 217 loss=0.6711, clf_loss=0.0576, lbl_loss=0.6135
Epoch 218 loss=0.6584, clf_loss=0.0543, lbl_loss=0.6041
Epoch 219 loss=0.6604, clf_loss=0.0482, lbl_loss=0.6123
Epoch 220 loss=0.6610, clf_loss=0.0493, lbl_loss=0.6117
Epoch 221 loss=0.6519, clf_loss=0.0527, lbl_loss=0.5992
Epoch 222 loss=0.6284, clf_loss=0.0554, lbl_loss=0.5731
Epoch 223 loss=0.6884, clf_loss=0.0690, lbl_loss=0.6195
Epoch 224 loss=0.6682, clf_loss=0.0452, lbl_loss=0.6230
Epoch 225 loss=0.6912, clf_loss=0.0592, lbl_loss=0.6320
Epoch 226 loss=0.6722, clf_loss=0.0541, lbl_loss=0.6181
Epoch 227 loss=0.6908, clf_loss=0.0511, lbl_loss=0.6397
Epoch 228 loss=0.6470, clf_loss=0.0464, lbl_loss=0.6006
Epoch 229 loss=0.6749, clf_loss=0.0565, lbl_loss=0.6183
Epoch 230 loss=0.6632, clf_loss=0.0484, lbl_loss=0.6148
Epoch 231 loss=0.7077, clf_loss=0.0613, lbl_loss=0.6464
Epoch 232 loss=0.6531, clf_loss=0.0424, lbl_loss=0.6107
Epoch 233 loss=0.6740, clf_loss=0.0565, lbl_loss=0.6175
Epoch 234 loss=0.6685, clf_loss=0.0451, lbl_loss=0.6234
Epoch 235 loss=0.6583, clf_loss=0.0462, lbl_loss=0.6121
Epoch 236 loss=0.6605, clf_loss=0.0612, lbl_loss=0.5993
Epoch 237 loss=0.6646, clf_loss=0.0447, lbl_loss=0.6199
Epoch 238 loss=0.6401, clf_loss=0.0435, lbl_loss=0.5966
Epoch 239 loss=0.6703, clf_loss=0.0522, lbl_loss=0.6180
Epoch 240 loss=0.6671, clf_loss=0.0530, lbl_loss=0.6141
Epoch 241 loss=0.6489, clf_loss=0.0452, lbl_loss=0.6037
Epoch 242 loss=0.6621, clf_loss=0.0478, lbl_loss=0.6143
Epoch 243 loss=0.6611, clf_loss=0.0480, lbl_loss=0.6132
Epoch 244 loss=0.6430, clf_loss=0.0409, lbl_loss=0.6022
Epoch 245 loss=0.6501, clf_loss=0.0516, lbl_loss=0.5985
Epoch 246 loss=0.6666, clf_loss=0.0425, lbl_loss=0.6241
Epoch 247 loss=0.6837, clf_loss=0.0488, lbl_loss=0.6349
Epoch 248 loss=0.6686, clf_loss=0.0477, lbl_loss=0.6209
Epoch 249 loss=0.6614, clf_loss=0.0570, lbl_loss=0.6044
Epoch 250 loss=0.6662, clf_loss=0.0544, lbl_loss=0.6118
Epoch 251 loss=0.6348, clf_loss=0.0455, lbl_loss=0.5893
Epoch 252 loss=0.6432, clf_loss=0.0423, lbl_loss=0.6009
Epoch 253 loss=0.6596, clf_loss=0.0472, lbl_loss=0.6123
Epoch 254 loss=0.6167, clf_loss=0.0363, lbl_loss=0.5804
Epoch 255 loss=0.6459, clf_loss=0.0464, lbl_loss=0.5996
Epoch 256 loss=0.6481, clf_loss=0.0687, lbl_loss=0.5793
Epoch 257 loss=0.6816, clf_loss=0.0496, lbl_loss=0.6320
Epoch 258 loss=0.6475, clf_loss=0.0479, lbl_loss=0.5996
Epoch 259 loss=0.6612, clf_loss=0.0480, lbl_loss=0.6132
Epoch 260 loss=0.6621, clf_loss=0.0387, lbl_loss=0.6234
Epoch 261 loss=0.6472, clf_loss=0.0468, lbl_loss=0.6004
Epoch 262 loss=0.6756, clf_loss=0.0390, lbl_loss=0.6366
Epoch 263 loss=0.6489, clf_loss=0.0445, lbl_loss=0.6044
Epoch 264 loss=0.6446, clf_loss=0.0386, lbl_loss=0.6061
Epoch 265 loss=0.6592, clf_loss=0.0439, lbl_loss=0.6153
Epoch 266 loss=0.6184, clf_loss=0.0373, lbl_loss=0.5811
Epoch 267 loss=0.6425, clf_loss=0.0518, lbl_loss=0.5907
Epoch 268 loss=0.6494, clf_loss=0.0330, lbl_loss=0.6164
Epoch 269 loss=0.6570, clf_loss=0.0360, lbl_loss=0.6210
Epoch 270 loss=0.6748, clf_loss=0.0343, lbl_loss=0.6404
Epoch 271 loss=0.6450, clf_loss=0.0426, lbl_loss=0.6024
Epoch 272 loss=0.6492, clf_loss=0.0360, lbl_loss=0.6132
Epoch 273 loss=0.6332, clf_loss=0.0397, lbl_loss=0.5935
Epoch 274 loss=0.6612, clf_loss=0.0567, lbl_loss=0.6045
Epoch 275 loss=0.6602, clf_loss=0.0268, lbl_loss=0.6334
Epoch 276 loss=0.6603, clf_loss=0.0402, lbl_loss=0.6200
Epoch 277 loss=0.6760, clf_loss=0.0386, lbl_loss=0.6374
Epoch 278 loss=0.6315, clf_loss=0.0505, lbl_loss=0.5809
Epoch 279 loss=0.6537, clf_loss=0.0425, lbl_loss=0.6112
Epoch 280 loss=0.6261, clf_loss=0.0411, lbl_loss=0.5850
Epoch 281 loss=0.6119, clf_loss=0.0277, lbl_loss=0.5842
Epoch 282 loss=0.6369, clf_loss=0.0353, lbl_loss=0.6017
Epoch 283 loss=0.6373, clf_loss=0.0377, lbl_loss=0.5996
Epoch 284 loss=0.6494, clf_loss=0.0367, lbl_loss=0.6128
Epoch 285 loss=0.6558, clf_loss=0.0323, lbl_loss=0.6235
Epoch 286 loss=0.6075, clf_loss=0.0207, lbl_loss=0.5868
Epoch 287 loss=0.6395, clf_loss=0.0375, lbl_loss=0.6020
Epoch 288 loss=0.6247, clf_loss=0.0334, lbl_loss=0.5913
Epoch 289 loss=0.6394, clf_loss=0.0345, lbl_loss=0.6049
Epoch 290 loss=0.6603, clf_loss=0.0500, lbl_loss=0.6103
Epoch 291 loss=0.6317, clf_loss=0.0270, lbl_loss=0.6047
Epoch 292 loss=0.6758, clf_loss=0.0332, lbl_loss=0.6426
Epoch 293 loss=0.6359, clf_loss=0.0270, lbl_loss=0.6089
Epoch 294 loss=0.6392, clf_loss=0.0394, lbl_loss=0.5999
Epoch 295 loss=0.6472, clf_loss=0.0436, lbl_loss=0.6036
Epoch 296 loss=0.6261, clf_loss=0.0418, lbl_loss=0.5842
Epoch 297 loss=0.6527, clf_loss=0.0458, lbl_loss=0.6069
Epoch 298 loss=0.6115, clf_loss=0.0391, lbl_loss=0.5724
Epoch 299 loss=0.6104, clf_loss=0.0309, lbl_loss=0.5795
Epoch 300 loss=0.6317, clf_loss=0.0318, lbl_loss=0.5998
Epoch 301 loss=0.6464, clf_loss=0.0415, lbl_loss=0.6049
Epoch 302 loss=0.6682, clf_loss=0.0372, lbl_loss=0.6310
Epoch 303 loss=0.6093, clf_loss=0.0169, lbl_loss=0.5924
Epoch 304 loss=0.6175, clf_loss=0.0225, lbl_loss=0.5950
Epoch 305 loss=0.6307, clf_loss=0.0287, lbl_loss=0.6020
Epoch 306 loss=0.6415, clf_loss=0.0242, lbl_loss=0.6173
Epoch 307 loss=0.6423, clf_loss=0.0440, lbl_loss=0.5983
Epoch 308 loss=0.6462, clf_loss=0.0303, lbl_loss=0.6159
Epoch 309 loss=0.6321, clf_loss=0.0335, lbl_loss=0.5986
Epoch 310 loss=0.6251, clf_loss=0.0287, lbl_loss=0.5964
Epoch 311 loss=0.5935, clf_loss=0.0187, lbl_loss=0.5748
Epoch 312 loss=0.6359, clf_loss=0.0281, lbl_loss=0.6078
Epoch 313 loss=0.6246, clf_loss=0.0205, lbl_loss=0.6040
Epoch 314 loss=0.6212, clf_loss=0.0233, lbl_loss=0.5980
Epoch 315 loss=0.6017, clf_loss=0.0202, lbl_loss=0.5815
Epoch 316 loss=0.6063, clf_loss=0.0340, lbl_loss=0.5723
Epoch 317 loss=0.6195, clf_loss=0.0188, lbl_loss=0.6008
Epoch 318 loss=0.6325, clf_loss=0.0355, lbl_loss=0.5970
Epoch 319 loss=0.6152, clf_loss=0.0174, lbl_loss=0.5978
Epoch 320 loss=0.6253, clf_loss=0.0273, lbl_loss=0.5980
Epoch 321 loss=0.6368, clf_loss=0.0332, lbl_loss=0.6035
Epoch 322 loss=0.6366, clf_loss=0.0194, lbl_loss=0.6172
Epoch 323 loss=0.6396, clf_loss=0.0223, lbl_loss=0.6173
Epoch 324 loss=0.6187, clf_loss=0.0148, lbl_loss=0.6039
Epoch 325 loss=0.6416, clf_loss=0.0132, lbl_loss=0.6285
Epoch 326 loss=0.6340, clf_loss=0.0293, lbl_loss=0.6047
Epoch 327 loss=0.6039, clf_loss=0.0165, lbl_loss=0.5874
Epoch 328 loss=0.6267, clf_loss=0.0322, lbl_loss=0.5944
Epoch 329 loss=0.6149, clf_loss=0.0213, lbl_loss=0.5936
Epoch 330 loss=0.6051, clf_loss=0.0266, lbl_loss=0.5786
Epoch 331 loss=0.6145, clf_loss=0.0116, lbl_loss=0.6029
Epoch 332 loss=0.6296, clf_loss=0.0404, lbl_loss=0.5892
Epoch 333 loss=0.6136, clf_loss=0.0127, lbl_loss=0.6008
Epoch 334 loss=0.6318, clf_loss=0.0268, lbl_loss=0.6050
Epoch 335 loss=0.6247, clf_loss=0.0254, lbl_loss=0.5993
Epoch 336 loss=0.6481, clf_loss=0.0244, lbl_loss=0.6237
Epoch 337 loss=0.5842, clf_loss=0.0139, lbl_loss=0.5703
Epoch 338 loss=0.6459, clf_loss=0.0237, lbl_loss=0.6223
Epoch 339 loss=0.6185, clf_loss=0.0100, lbl_loss=0.6084
Epoch 340 loss=0.6119, clf_loss=0.0238, lbl_loss=0.5881
Epoch 341 loss=0.6249, clf_loss=0.0144, lbl_loss=0.6105
Epoch 342 loss=0.6008, clf_loss=0.0218, lbl_loss=0.5791
Epoch 343 loss=0.6182, clf_loss=0.0154, lbl_loss=0.6028
Epoch 344 loss=0.6100, clf_loss=0.0237, lbl_loss=0.5863
Epoch 345 loss=0.6089, clf_loss=0.0179, lbl_loss=0.5910
Epoch 346 loss=0.6664, clf_loss=0.0429, lbl_loss=0.6236
Epoch 347 loss=0.6301, clf_loss=0.0150, lbl_loss=0.6151
Epoch 348 loss=0.6354, clf_loss=0.0221, lbl_loss=0.6134
Epoch 349 loss=0.6006, clf_loss=0.0128, lbl_loss=0.5879
Epoch 350 loss=0.6067, clf_loss=0.0197, lbl_loss=0.5870
Epoch 351 loss=0.6098, clf_loss=0.0250, lbl_loss=0.5848
Epoch 352 loss=0.6149, clf_loss=0.0119, lbl_loss=0.6030
Epoch 353 loss=0.6115, clf_loss=0.0160, lbl_loss=0.5955
Epoch 354 loss=0.6090, clf_loss=0.0145, lbl_loss=0.5945
Epoch 355 loss=0.5970, clf_loss=0.0249, lbl_loss=0.5721
Epoch 356 loss=0.5970, clf_loss=0.0249, lbl_loss=0.5721
Epoch 357 loss=0.6615, clf_loss=0.0124, lbl_loss=0.6492
Epoch 358 loss=0.6003, clf_loss=0.0106, lbl_loss=0.5896
Epoch 359 loss=0.6194, clf_loss=0.0226, lbl_loss=0.5967
Epoch 360 loss=0.6212, clf_loss=0.0102, lbl_loss=0.6110
Epoch 361 loss=0.6338, clf_loss=0.0227, lbl_loss=0.6111
Epoch 362 loss=0.6240, clf_loss=0.0215, lbl_loss=0.6025
Epoch 363 loss=0.6294, clf_loss=0.0137, lbl_loss=0.6157
Epoch 364 loss=0.6426, clf_loss=0.0311, lbl_loss=0.6115
Epoch 365 loss=0.6208, clf_loss=0.0191, lbl_loss=0.6017
Epoch 366 loss=0.6026, clf_loss=0.0134, lbl_loss=0.5892
Epoch 367 loss=0.6235, clf_loss=0.0218, lbl_loss=0.6017
Epoch 368 loss=0.6259, clf_loss=0.0239, lbl_loss=0.6020
Epoch 369 loss=0.6011, clf_loss=0.0114, lbl_loss=0.5897
Epoch 370 loss=0.6244, clf_loss=0.0112, lbl_loss=0.6132
Epoch 371 loss=0.5650, clf_loss=0.0155, lbl_loss=0.5495
Epoch 372 loss=0.6151, clf_loss=0.0099, lbl_loss=0.6052
Epoch 373 loss=0.6437, clf_loss=0.0238, lbl_loss=0.6200
Epoch 374 loss=0.5902, clf_loss=0.0156, lbl_loss=0.5746
Epoch 375 loss=0.6327, clf_loss=0.0068, lbl_loss=0.6258
Epoch 376 loss=0.6330, clf_loss=0.0154, lbl_loss=0.6175
Epoch 377 loss=0.6350, clf_loss=0.0212, lbl_loss=0.6138
Epoch 378 loss=0.6141, clf_loss=0.0132, lbl_loss=0.6010
Epoch 379 loss=0.6075, clf_loss=0.0071, lbl_loss=0.6004
Epoch 380 loss=0.6412, clf_loss=0.0250, lbl_loss=0.6162
Epoch 381 loss=0.6135, clf_loss=0.0235, lbl_loss=0.5900
Epoch 382 loss=0.6300, clf_loss=0.0136, lbl_loss=0.6165
Epoch 383 loss=0.6065, clf_loss=0.0193, lbl_loss=0.5872
Epoch 384 loss=0.6098, clf_loss=0.0177, lbl_loss=0.5921
Epoch 385 loss=0.6242, clf_loss=0.0207, lbl_loss=0.6035
Epoch 386 loss=0.6348, clf_loss=0.0253, lbl_loss=0.6095
Epoch 387 loss=0.6058, clf_loss=0.0158, lbl_loss=0.5900
Epoch 388 loss=0.6175, clf_loss=0.0169, lbl_loss=0.6006
Epoch 389 loss=0.6410, clf_loss=0.0149, lbl_loss=0.6261
Epoch 390 loss=0.6103, clf_loss=0.0168, lbl_loss=0.5936
Epoch 391 loss=0.6025, clf_loss=0.0170, lbl_loss=0.5854
Epoch 392 loss=0.6129, clf_loss=0.0107, lbl_loss=0.6022
Epoch 393 loss=0.6279, clf_loss=0.0189, lbl_loss=0.6090
Epoch 394 loss=0.5944, clf_loss=0.0167, lbl_loss=0.5777
Epoch 395 loss=0.6416, clf_loss=0.0371, lbl_loss=0.6045
Epoch 396 loss=0.6165, clf_loss=0.0150, lbl_loss=0.6015
Epoch 397 loss=0.6290, clf_loss=0.0191, lbl_loss=0.6099
Epoch 398 loss=0.6295, clf_loss=0.0129, lbl_loss=0.6167
Epoch 399 loss=0.6105, clf_loss=0.0162, lbl_loss=0.5943
  rotation 4: best ROC 0.6822 PR 0.3428 | valsel ROC 0.6666 (epoch 211) | 1732s
  wrote results/rotations/ogbn-arxiv_nsreg_s42_E400_nsreg_rot4.json
