/nas/home/jahin/.local/lib/python3.10/site-packages/requests/__init__.py:113: RequestsDependencyWarning: urllib3 (1.26.5) or chardet (7.2.0)/charset_normalizer (3.4.4) doesn't match a supported version!
  warnings.warn(
[amazon] anomaly classes (rotations): [np.int64(1)]
Normal classes: [np.int64(0)] in amazon
Building multi-layer GraphSage
[OUTPOST-v4] epoch 0: test-all ROC 0.4989 PR 0.0631 | unseen ROC 0.5000 PR 0.0000 | valAUC 0.4937 | tau+ 0.995
[OUTPOST-v4] epoch 1: test-all ROC 0.5917 PR 0.0817 | unseen ROC 0.5000 PR 0.0000 | valAUC 0.6252 | tau+ 0.986
[OUTPOST-v4] epoch 2: test-all ROC 0.6576 PR 0.1122 | unseen ROC 0.5000 PR 0.0000 | valAUC 0.6396 | tau+ 0.934
[OUTPOST-v4] epoch 3: test-all ROC 0.6778 PR 0.1382 | unseen ROC 0.5000 PR 0.0000 | valAUC 0.7264 | tau+ 0.736
[OUTPOST-v4] epoch 4: test-all ROC 0.6960 PR 0.1596 | unseen ROC 0.5000 PR 0.0000 | valAUC 0.7135 | tau+ 0.500
[OUTPOST-v4] epoch 5: test-all ROC 0.6952 PR 0.1772 | unseen ROC 0.5000 PR 0.0000 | valAUC 0.7958 | tau+ 0.500
[OUTPOST-v4] epoch 6: test-all ROC 0.6973 PR 0.1901 | unseen ROC 0.5000 PR 0.0000 | valAUC 0.7865 | tau+ 0.500
[OUTPOST-v4] epoch 7: test-all ROC 0.6982 PR 0.1946 | unseen ROC 0.5000 PR 0.0000 | valAUC 0.7568 | tau+ 0.500
[OUTPOST-v4] epoch 8: test-all ROC 0.7117 PR 0.1965 | unseen ROC 0.5000 PR 0.0000 | valAUC 0.7826 | tau+ 0.500
[OUTPOST-v4] epoch 9: test-all ROC 0.7273 PR 0.2121 | unseen ROC 0.5000 PR 0.0000 | valAUC 0.8027 | tau+ 0.500
[OUTPOST-v4] epoch 10: test-all ROC 0.7051 PR 0.1845 | unseen ROC 0.5000 PR 0.0000 | valAUC 0.8021 | tau+ 0.500
[OUTPOST-v4] epoch 11: test-all ROC 0.7162 PR 0.1883 | unseen ROC 0.5000 PR 0.0000 | valAUC 0.7835 | tau+ 0.500
[OUTPOST-v4] epoch 12: test-all ROC 0.7185 PR 0.2040 | unseen ROC 0.5000 PR 0.0000 | valAUC 0.7682 | tau+ 0.500
[OUTPOST-v4] epoch 13: test-all ROC 0.7183 PR 0.2006 | unseen ROC 0.5000 PR 0.0000 | valAUC 0.7171 | tau+ 0.500
[OUTPOST-v4] epoch 14: test-all ROC 0.7137 PR 0.1918 | unseen ROC 0.5000 PR 0.0000 | valAUC 0.7685 | tau+ 0.500
[OUTPOST-v4] epoch 15: test-all ROC 0.7107 PR 0.1900 | unseen ROC 0.5000 PR 0.0000 | valAUC 0.8042 | tau+ 0.500
[OUTPOST-v4] epoch 16: test-all ROC 0.7340 PR 0.2149 | unseen ROC 0.5000 PR 0.0000 | valAUC 0.7655 | tau+ 0.500
[OUTPOST-v4] epoch 17: test-all ROC 0.7263 PR 0.1959 | unseen ROC 0.5000 PR 0.0000 | valAUC 0.8231 | tau+ 0.500
[OUTPOST-v4] epoch 18: test-all ROC 0.7098 PR 0.1890 | unseen ROC 0.5000 PR 0.0000 | valAUC 0.7637 | tau+ 0.500
[OUTPOST-v4] epoch 19: test-all ROC 0.7177 PR 0.2042 | unseen ROC 0.5000 PR 0.0000 | valAUC 0.7592 | tau+ 0.500
[OUTPOST-v4] epoch 20: test-all ROC 0.7104 PR 0.1952 | unseen ROC 0.5000 PR 0.0000 | valAUC 0.7553 | tau+ 0.500
[OUTPOST-v4] epoch 21: test-all ROC 0.7103 PR 0.1890 | unseen ROC 0.5000 PR 0.0000 | valAUC 0.7874 | tau+ 0.500
[OUTPOST-v4] epoch 22: test-all ROC 0.7209 PR 0.1877 | unseen ROC 0.5000 PR 0.0000 | valAUC 0.7682 | tau+ 0.500
[OUTPOST-v4] epoch 23: test-all ROC 0.7173 PR 0.2068 | unseen ROC 0.5000 PR 0.0000 | valAUC 0.8075 | tau+ 0.500
[OUTPOST-v4] epoch 24: test-all ROC 0.7147 PR 0.2012 | unseen ROC 0.5000 PR 0.0000 | valAUC 0.8012 | tau+ 0.500
[OUTPOST-v4] epoch 25: test-all ROC 0.7274 PR 0.2051 | unseen ROC 0.5000 PR 0.0000 | valAUC 0.7474 | tau+ 0.500
[OUTPOST-v4] epoch 26: test-all ROC 0.7107 PR 0.1913 | unseen ROC 0.5000 PR 0.0000 | valAUC 0.7877 | tau+ 0.500
[OUTPOST-v4] epoch 27: test-all ROC 0.7086 PR 0.2008 | unseen ROC 0.5000 PR 0.0000 | valAUC 0.8138 | tau+ 0.500
[OUTPOST-v4] epoch 28: test-all ROC 0.7076 PR 0.2100 | unseen ROC 0.5000 PR 0.0000 | valAUC 0.7556 | tau+ 0.500
[OUTPOST-v4] epoch 29: test-all ROC 0.7144 PR 0.2063 | unseen ROC 0.5000 PR 0.0000 | valAUC 0.7961 | tau+ 0.500
[OUTPOST-v4] epoch 30: test-all ROC 0.7131 PR 0.2256 | unseen ROC 0.5000 PR 0.0000 | valAUC 0.8237 | tau+ 0.500
[OUTPOST-v4] epoch 31: test-all ROC 0.7005 PR 0.1965 | unseen ROC 0.5000 PR 0.0000 | valAUC 0.7685 | tau+ 0.500
[OUTPOST-v4] epoch 32: test-all ROC 0.7180 PR 0.2126 | unseen ROC 0.5000 PR 0.0000 | valAUC 0.7697 | tau+ 0.500
[OUTPOST-v4] epoch 33: test-all ROC 0.7066 PR 0.1981 | unseen ROC 0.5000 PR 0.0000 | valAUC 0.7423 | tau+ 0.500
[OUTPOST-v4] epoch 34: test-all ROC 0.7105 PR 0.2040 | unseen ROC 0.5000 PR 0.0000 | valAUC 0.7781 | tau+ 0.500
[OUTPOST-v4] epoch 35: test-all ROC 0.7035 PR 0.2030 | unseen ROC 0.5000 PR 0.0000 | valAUC 0.7390 | tau+ 0.500
[OUTPOST-v4] epoch 36: test-all ROC 0.7055 PR 0.2178 | unseen ROC 0.5000 PR 0.0000 | valAUC 0.7856 | tau+ 0.500
[OUTPOST-v4] epoch 37: test-all ROC 0.7212 PR 0.2248 | unseen ROC 0.5000 PR 0.0000 | valAUC 0.7565 | tau+ 0.500
[OUTPOST-v4] epoch 38: test-all ROC 0.7163 PR 0.2177 | unseen ROC 0.5000 PR 0.0000 | valAUC 0.7474 | tau+ 0.500
[OUTPOST-v4] epoch 39: test-all ROC 0.7207 PR 0.2257 | unseen ROC 0.5000 PR 0.0000 | valAUC 0.7886 | tau+ 0.500
[OUTPOST-v4] epoch 40: test-all ROC 0.7172 PR 0.2037 | unseen ROC 0.5000 PR 0.0000 | valAUC 0.7868 | tau+ 0.500
[OUTPOST-v4] epoch 41: test-all ROC 0.7253 PR 0.2171 | unseen ROC 0.5000 PR 0.0000 | valAUC 0.7877 | tau+ 0.500
[OUTPOST-v4] epoch 42: test-all ROC 0.7297 PR 0.2102 | unseen ROC 0.5000 PR 0.0000 | valAUC 0.7438 | tau+ 0.500
[OUTPOST-v4] epoch 43: test-all ROC 0.7238 PR 0.1972 | unseen ROC 0.5000 PR 0.0000 | valAUC 0.7847 | tau+ 0.500
[OUTPOST-v4] epoch 44: test-all ROC 0.7182 PR 0.1940 | unseen ROC 0.5000 PR 0.0000 | valAUC 0.7751 | tau+ 0.500
[OUTPOST-v4] epoch 45: test-all ROC 0.7305 PR 0.2057 | unseen ROC 0.5000 PR 0.0000 | valAUC 0.7652 | tau+ 0.500
[OUTPOST-v4] epoch 46: test-all ROC 0.7261 PR 0.2002 | unseen ROC 0.5000 PR 0.0000 | valAUC 0.8006 | tau+ 0.500
[OUTPOST-v4] epoch 47: test-all ROC 0.7177 PR 0.1879 | unseen ROC 0.5000 PR 0.0000 | valAUC 0.8234 | tau+ 0.500
[OUTPOST-v4] epoch 48: test-all ROC 0.7236 PR 0.2121 | unseen ROC 0.5000 PR 0.0000 | valAUC 0.7553 | tau+ 0.500
[OUTPOST-v4] epoch 49: test-all ROC 0.7314 PR 0.2117 | unseen ROC 0.5000 PR 0.0000 | valAUC 0.7892 | tau+ 0.500
[OUTPOST-v4] epoch 50: test-all ROC 0.7383 PR 0.2048 | unseen ROC 0.5000 PR 0.0000 | valAUC 0.7766 | tau+ 0.500
[OUTPOST-v4] epoch 51: test-all ROC 0.7327 PR 0.2133 | unseen ROC 0.5000 PR 0.0000 | valAUC 0.8039 | tau+ 0.500
[OUTPOST-v4] epoch 52: test-all ROC 0.7315 PR 0.2137 | unseen ROC 0.5000 PR 0.0000 | valAUC 0.7805 | tau+ 0.500
[OUTPOST-v4] epoch 53: test-all ROC 0.7297 PR 0.2161 | unseen ROC 0.5000 PR 0.0000 | valAUC 0.8027 | tau+ 0.500
[OUTPOST-v4] epoch 54: test-all ROC 0.7259 PR 0.1982 | unseen ROC 0.5000 PR 0.0000 | valAUC 0.8249 | tau+ 0.500
[OUTPOST-v4] epoch 55: test-all ROC 0.7328 PR 0.2182 | unseen ROC 0.5000 PR 0.0000 | valAUC 0.7670 | tau+ 0.500
[OUTPOST-v4] epoch 56: test-all ROC 0.7257 PR 0.2166 | unseen ROC 0.5000 PR 0.0000 | valAUC 0.7976 | tau+ 0.500
[OUTPOST-v4] epoch 57: test-all ROC 0.7335 PR 0.2242 | unseen ROC 0.5000 PR 0.0000 | valAUC 0.7700 | tau+ 0.500
[OUTPOST-v4] epoch 58: test-all ROC 0.7281 PR 0.2057 | unseen ROC 0.5000 PR 0.0000 | valAUC 0.7703 | tau+ 0.500
[OUTPOST-v4] epoch 59: test-all ROC 0.7334 PR 0.2088 | unseen ROC 0.5000 PR 0.0000 | valAUC 0.7613 | tau+ 0.500
[OUTPOST-v4] epoch 60: test-all ROC 0.7333 PR 0.2086 | unseen ROC 0.5000 PR 0.0000 | valAUC 0.7982 | tau+ 0.500
[OUTPOST-v4] epoch 61: test-all ROC 0.7354 PR 0.2267 | unseen ROC 0.5000 PR 0.0000 | valAUC 0.8108 | tau+ 0.500
[OUTPOST-v4] epoch 62: test-all ROC 0.7265 PR 0.2074 | unseen ROC 0.5000 PR 0.0000 | valAUC 0.8261 | tau+ 0.500
[OUTPOST-v4] epoch 63: test-all ROC 0.7372 PR 0.2144 | unseen ROC 0.5000 PR 0.0000 | valAUC 0.7865 | tau+ 0.500
[OUTPOST-v4] epoch 64: test-all ROC 0.7279 PR 0.2093 | unseen ROC 0.5000 PR 0.0000 | valAUC 0.7898 | tau+ 0.500
[OUTPOST-v4] epoch 65: test-all ROC 0.7351 PR 0.2138 | unseen ROC 0.5000 PR 0.0000 | valAUC 0.7790 | tau+ 0.500
[OUTPOST-v4] epoch 66: test-all ROC 0.7339 PR 0.2092 | unseen ROC 0.5000 PR 0.0000 | valAUC 0.7892 | tau+ 0.500
[OUTPOST-v4] epoch 67: test-all ROC 0.7236 PR 0.1997 | unseen ROC 0.5000 PR 0.0000 | valAUC 0.7925 | tau+ 0.500
[OUTPOST-v4] epoch 68: test-all ROC 0.7362 PR 0.2159 | unseen ROC 0.5000 PR 0.0000 | valAUC 0.7838 | tau+ 0.500
[OUTPOST-v4] epoch 69: test-all ROC 0.7312 PR 0.2107 | unseen ROC 0.5000 PR 0.0000 | valAUC 0.8102 | tau+ 0.500
[OUTPOST-v4] epoch 70: test-all ROC 0.7343 PR 0.2178 | unseen ROC 0.5000 PR 0.0000 | valAUC 0.8366 | tau+ 0.500
[OUTPOST-v4] epoch 71: test-all ROC 0.7301 PR 0.2131 | unseen ROC 0.5000 PR 0.0000 | valAUC 0.8102 | tau+ 0.500
[OUTPOST-v4] epoch 72: test-all ROC 0.7347 PR 0.2178 | unseen ROC 0.5000 PR 0.0000 | valAUC 0.7829 | tau+ 0.500
[OUTPOST-v4] epoch 73: test-all ROC 0.7369 PR 0.2089 | unseen ROC 0.5000 PR 0.0000 | valAUC 0.7568 | tau+ 0.500
[OUTPOST-v4] epoch 74: test-all ROC 0.7289 PR 0.2072 | unseen ROC 0.5000 PR 0.0000 | valAUC 0.7979 | tau+ 0.500
[OUTPOST-v4] epoch 75: test-all ROC 0.7273 PR 0.2105 | unseen ROC 0.5000 PR 0.0000 | valAUC 0.7985 | tau+ 0.500
[OUTPOST-v4] epoch 76: test-all ROC 0.7250 PR 0.2103 | unseen ROC 0.5000 PR 0.0000 | valAUC 0.8186 | tau+ 0.500
[OUTPOST-v4] epoch 77: test-all ROC 0.7345 PR 0.2141 | unseen ROC 0.5000 PR 0.0000 | valAUC 0.7637 | tau+ 0.500
[OUTPOST-v4] epoch 78: test-all ROC 0.7279 PR 0.1990 | unseen ROC 0.5000 PR 0.0000 | valAUC 0.7859 | tau+ 0.500
[OUTPOST-v4] epoch 79: test-all ROC 0.7284 PR 0.2020 | unseen ROC 0.5000 PR 0.0000 | valAUC 0.7820 | tau+ 0.500
[OUTPOST-v4] epoch 80: test-all ROC 0.7246 PR 0.2127 | unseen ROC 0.5000 PR 0.0000 | valAUC 0.8105 | tau+ 0.500
[OUTPOST-v4] epoch 81: test-all ROC 0.7368 PR 0.2130 | unseen ROC 0.5000 PR 0.0000 | valAUC 0.7808 | tau+ 0.500
[OUTPOST-v4] epoch 82: test-all ROC 0.7302 PR 0.2133 | unseen ROC 0.5000 PR 0.0000 | valAUC 0.7886 | tau+ 0.500
[OUTPOST-v4] epoch 83: test-all ROC 0.7300 PR 0.2067 | unseen ROC 0.5000 PR 0.0000 | valAUC 0.7841 | tau+ 0.500
[OUTPOST-v4] epoch 84: test-all ROC 0.7361 PR 0.2158 | unseen ROC 0.5000 PR 0.0000 | valAUC 0.8105 | tau+ 0.500
[OUTPOST-v4] epoch 85: test-all ROC 0.7311 PR 0.2105 | unseen ROC 0.5000 PR 0.0000 | valAUC 0.8015 | tau+ 0.500
[OUTPOST-v4] epoch 86: test-all ROC 0.7357 PR 0.2228 | unseen ROC 0.5000 PR 0.0000 | valAUC 0.7940 | tau+ 0.500
[OUTPOST-v4] epoch 87: test-all ROC 0.7271 PR 0.2042 | unseen ROC 0.5000 PR 0.0000 | valAUC 0.8045 | tau+ 0.500
[OUTPOST-v4] epoch 88: test-all ROC 0.7422 PR 0.2266 | unseen ROC 0.5000 PR 0.0000 | valAUC 0.7922 | tau+ 0.500
[OUTPOST-v4] epoch 89: test-all ROC 0.7331 PR 0.2099 | unseen ROC 0.5000 PR 0.0000 | valAUC 0.7823 | tau+ 0.500
[OUTPOST-v4] epoch 90: test-all ROC 0.7424 PR 0.2198 | unseen ROC 0.5000 PR 0.0000 | valAUC 0.8072 | tau+ 0.500
[OUTPOST-v4] epoch 91: test-all ROC 0.7415 PR 0.2206 | unseen ROC 0.5000 PR 0.0000 | valAUC 0.8183 | tau+ 0.500
[OUTPOST-v4] epoch 92: test-all ROC 0.7331 PR 0.2173 | unseen ROC 0.5000 PR 0.0000 | valAUC 0.8162 | tau+ 0.500
[OUTPOST-v4] epoch 93: test-all ROC 0.7340 PR 0.2137 | unseen ROC 0.5000 PR 0.0000 | valAUC 0.7757 | tau+ 0.500
[OUTPOST-v4] epoch 94: test-all ROC 0.7393 PR 0.2268 | unseen ROC 0.5000 PR 0.0000 | valAUC 0.8195 | tau+ 0.500
[OUTPOST-v4] epoch 95: test-all ROC 0.7369 PR 0.2145 | unseen ROC 0.5000 PR 0.0000 | valAUC 0.7805 | tau+ 0.500
[OUTPOST-v4] epoch 96: test-all ROC 0.7341 PR 0.2304 | unseen ROC 0.5000 PR 0.0000 | valAUC 0.7868 | tau+ 0.500
[OUTPOST-v4] epoch 97: test-all ROC 0.7375 PR 0.2265 | unseen ROC 0.5000 PR 0.0000 | valAUC 0.8003 | tau+ 0.500
[OUTPOST-v4] epoch 98: test-all ROC 0.7353 PR 0.2237 | unseen ROC 0.5000 PR 0.0000 | valAUC 0.7940 | tau+ 0.500
[OUTPOST-v4] epoch 99: test-all ROC 0.7373 PR 0.2248 | unseen ROC 0.5000 PR 0.0000 | valAUC 0.7838 | tau+ 0.500
[OUTPOST-v4] epoch 100: test-all ROC 0.7393 PR 0.2259 | unseen ROC 0.5000 PR 0.0000 | valAUC 0.7982 | tau+ 0.500
[OUTPOST-v4] epoch 101: test-all ROC 0.7385 PR 0.2278 | unseen ROC 0.5000 PR 0.0000 | valAUC 0.8195 | tau+ 0.500
[OUTPOST-v4] epoch 102: test-all ROC 0.7398 PR 0.2338 | unseen ROC 0.5000 PR 0.0000 | valAUC 0.8099 | tau+ 0.500
[OUTPOST-v4] epoch 103: test-all ROC 0.7455 PR 0.2292 | unseen ROC 0.5000 PR 0.0000 | valAUC 0.7943 | tau+ 0.500
[OUTPOST-v4] epoch 104: test-all ROC 0.7362 PR 0.2353 | unseen ROC 0.5000 PR 0.0000 | valAUC 0.8138 | tau+ 0.500
[OUTPOST-v4] epoch 105: test-all ROC 0.7364 PR 0.2275 | unseen ROC 0.5000 PR 0.0000 | valAUC 0.7988 | tau+ 0.500
[OUTPOST-v4] epoch 106: test-all ROC 0.7409 PR 0.2232 | unseen ROC 0.5000 PR 0.0000 | valAUC 0.8042 | tau+ 0.500
[OUTPOST-v4] epoch 107: test-all ROC 0.7408 PR 0.2321 | unseen ROC 0.5000 PR 0.0000 | valAUC 0.8012 | tau+ 0.500
[OUTPOST-v4] epoch 108: test-all ROC 0.7416 PR 0.2363 | unseen ROC 0.5000 PR 0.0000 | valAUC 0.8243 | tau+ 0.500
[OUTPOST-v4] epoch 109: test-all ROC 0.7323 PR 0.2360 | unseen ROC 0.5000 PR 0.0000 | valAUC 0.7934 | tau+ 0.500
[OUTPOST-v4] epoch 110: test-all ROC 0.7416 PR 0.2387 | unseen ROC 0.5000 PR 0.0000 | valAUC 0.8390 | tau+ 0.500
[OUTPOST-v4] epoch 111: test-all ROC 0.7420 PR 0.2346 | unseen ROC 0.5000 PR 0.0000 | valAUC 0.7805 | tau+ 0.500
[OUTPOST-v4] epoch 112: test-all ROC 0.7338 PR 0.2348 | unseen ROC 0.5000 PR 0.0000 | valAUC 0.8183 | tau+ 0.500
[OUTPOST-v4] epoch 113: test-all ROC 0.7419 PR 0.2341 | unseen ROC 0.5000 PR 0.0000 | valAUC 0.8003 | tau+ 0.500
[OUTPOST-v4] epoch 114: test-all ROC 0.7499 PR 0.2412 | unseen ROC 0.5000 PR 0.0000 | valAUC 0.8207 | tau+ 0.500
[OUTPOST-v4] epoch 115: test-all ROC 0.7475 PR 0.2425 | unseen ROC 0.5000 PR 0.0000 | valAUC 0.7943 | tau+ 0.500
[OUTPOST-v4] epoch 116: test-all ROC 0.7496 PR 0.2512 | unseen ROC 0.5000 PR 0.0000 | valAUC 0.8267 | tau+ 0.500
[OUTPOST-v4] epoch 117: test-all ROC 0.7471 PR 0.2351 | unseen ROC 0.5000 PR 0.0000 | valAUC 0.8366 | tau+ 0.500
[OUTPOST-v4] epoch 118: test-all ROC 0.7438 PR 0.2434 | unseen ROC 0.5000 PR 0.0000 | valAUC 0.8054 | tau+ 0.500
[OUTPOST-v4] epoch 119: test-all ROC 0.7460 PR 0.2445 | unseen ROC 0.5000 PR 0.0000 | valAUC 0.8012 | tau+ 0.500
[OUTPOST-v4] epoch 120: test-all ROC 0.7493 PR 0.2479 | unseen ROC 0.5000 PR 0.0000 | valAUC 0.8189 | tau+ 0.500
[OUTPOST-v4] epoch 121: test-all ROC 0.7496 PR 0.2461 | unseen ROC 0.5000 PR 0.0000 | valAUC 0.7802 | tau+ 0.500
[OUTPOST-v4] epoch 122: test-all ROC 0.7511 PR 0.2586 | unseen ROC 0.5000 PR 0.0000 | valAUC 0.8165 | tau+ 0.500
[OUTPOST-v4] epoch 123: test-all ROC 0.7525 PR 0.2510 | unseen ROC 0.5000 PR 0.0000 | valAUC 0.8036 | tau+ 0.500
[OUTPOST-v4] epoch 124: test-all ROC 0.7497 PR 0.2503 | unseen ROC 0.5000 PR 0.0000 | valAUC 0.7853 | tau+ 0.500
[OUTPOST-v4] epoch 125: test-all ROC 0.7503 PR 0.2688 | unseen ROC 0.5000 PR 0.0000 | valAUC 0.8222 | tau+ 0.500
[OUTPOST-v4] epoch 126: test-all ROC 0.7562 PR 0.2594 | unseen ROC 0.5000 PR 0.0000 | valAUC 0.7931 | tau+ 0.500
[OUTPOST-v4] epoch 127: test-all ROC 0.7572 PR 0.2614 | unseen ROC 0.5000 PR 0.0000 | valAUC 0.8153 | tau+ 0.500
[OUTPOST-v4] epoch 128: test-all ROC 0.7444 PR 0.2588 | unseen ROC 0.5000 PR 0.0000 | valAUC 0.8135 | tau+ 0.500
[OUTPOST-v4] epoch 129: test-all ROC 0.7557 PR 0.2551 | unseen ROC 0.5000 PR 0.0000 | valAUC 0.8237 | tau+ 0.500
[OUTPOST-v4] epoch 130: test-all ROC 0.7508 PR 0.2621 | unseen ROC 0.5000 PR 0.0000 | valAUC 0.7994 | tau+ 0.500
[OUTPOST-v4] epoch 131: test-all ROC 0.7478 PR 0.2539 | unseen ROC 0.5000 PR 0.0000 | valAUC 0.7925 | tau+ 0.500
[OUTPOST-v4] epoch 132: test-all ROC 0.7571 PR 0.2717 | unseen ROC 0.5000 PR 0.0000 | valAUC 0.8372 | tau+ 0.500
[OUTPOST-v4] epoch 133: test-all ROC 0.7451 PR 0.2642 | unseen ROC 0.5000 PR 0.0000 | valAUC 0.8330 | tau+ 0.500
[OUTPOST-v4] epoch 134: test-all ROC 0.7522 PR 0.2763 | unseen ROC 0.5000 PR 0.0000 | valAUC 0.8117 | tau+ 0.500
[OUTPOST-v4] epoch 135: test-all ROC 0.7517 PR 0.2748 | unseen ROC 0.5000 PR 0.0000 | valAUC 0.8285 | tau+ 0.500
[OUTPOST-v4] epoch 136: test-all ROC 0.7555 PR 0.2813 | unseen ROC 0.5000 PR 0.0000 | valAUC 0.7952 | tau+ 0.500
[OUTPOST-v4] epoch 137: test-all ROC 0.7512 PR 0.2628 | unseen ROC 0.5000 PR 0.0000 | valAUC 0.8213 | tau+ 0.500
[OUTPOST-v4] epoch 138: test-all ROC 0.7574 PR 0.2758 | unseen ROC 0.5000 PR 0.0000 | valAUC 0.8246 | tau+ 0.500
[OUTPOST-v4] epoch 139: test-all ROC 0.7606 PR 0.2823 | unseen ROC 0.5000 PR 0.0000 | valAUC 0.8066 | tau+ 0.500
[OUTPOST-v4] epoch 140: test-all ROC 0.7560 PR 0.2813 | unseen ROC 0.5000 PR 0.0000 | valAUC 0.7754 | tau+ 0.500
[OUTPOST-v4] epoch 141: test-all ROC 0.7569 PR 0.2998 | unseen ROC 0.5000 PR 0.0000 | valAUC 0.8174 | tau+ 0.500
[OUTPOST-v4] epoch 142: test-all ROC 0.7565 PR 0.2865 | unseen ROC 0.5000 PR 0.0000 | valAUC 0.8027 | tau+ 0.500
[OUTPOST-v4] epoch 143: test-all ROC 0.7570 PR 0.2964 | unseen ROC 0.5000 PR 0.0000 | valAUC 0.8120 | tau+ 0.500
[OUTPOST-v4] epoch 144: test-all ROC 0.7547 PR 0.2872 | unseen ROC 0.5000 PR 0.0000 | valAUC 0.8360 | tau+ 0.500
[OUTPOST-v4] epoch 145: test-all ROC 0.7589 PR 0.2920 | unseen ROC 0.5000 PR 0.0000 | valAUC 0.8402 | tau+ 0.500
[OUTPOST-v4] epoch 146: test-all ROC 0.7614 PR 0.3040 | unseen ROC 0.5000 PR 0.0000 | valAUC 0.8357 | tau+ 0.500
[OUTPOST-v4] epoch 147: test-all ROC 0.7570 PR 0.2937 | unseen ROC 0.5000 PR 0.0000 | valAUC 0.8342 | tau+ 0.500
[OUTPOST-v4] epoch 148: test-all ROC 0.7475 PR 0.2995 | unseen ROC 0.5000 PR 0.0000 | valAUC 0.8120 | tau+ 0.500
[OUTPOST-v4] epoch 149: test-all ROC 0.7599 PR 0.2941 | unseen ROC 0.5000 PR 0.0000 | valAUC 0.8336 | tau+ 0.500
[OUTPOST-v4] epoch 150: test-all ROC 0.7597 PR 0.2941 | unseen ROC 0.5000 PR 0.0000 | valAUC 0.8291 | tau+ 0.500
[OUTPOST-v4] epoch 151: test-all ROC 0.7622 PR 0.2972 | unseen ROC 0.5000 PR 0.0000 | valAUC 0.8003 | tau+ 0.500
[OUTPOST-v4] epoch 152: test-all ROC 0.7661 PR 0.3084 | unseen ROC 0.5000 PR 0.0000 | valAUC 0.8565 | tau+ 0.500
[OUTPOST-v4] epoch 153: test-all ROC 0.7594 PR 0.3073 | unseen ROC 0.5000 PR 0.0000 | valAUC 0.8126 | tau+ 0.500
[OUTPOST-v4] epoch 154: test-all ROC 0.7668 PR 0.3133 | unseen ROC 0.5000 PR 0.0000 | valAUC 0.8084 | tau+ 0.500
[OUTPOST-v4] epoch 155: test-all ROC 0.7625 PR 0.3050 | unseen ROC 0.5000 PR 0.0000 | valAUC 0.8225 | tau+ 0.500
[OUTPOST-v4] epoch 156: test-all ROC 0.7644 PR 0.3147 | unseen ROC 0.5000 PR 0.0000 | valAUC 0.8180 | tau+ 0.500
[OUTPOST-v4] epoch 157: test-all ROC 0.7601 PR 0.3229 | unseen ROC 0.5000 PR 0.0000 | valAUC 0.8099 | tau+ 0.500
[OUTPOST-v4] epoch 158: test-all ROC 0.7672 PR 0.3367 | unseen ROC 0.5000 PR 0.0000 | valAUC 0.8474 | tau+ 0.500
[OUTPOST-v4] epoch 159: test-all ROC 0.7661 PR 0.3312 | unseen ROC 0.5000 PR 0.0000 | valAUC 0.8090 | tau+ 0.500
[OUTPOST-v4] epoch 160: test-all ROC 0.7643 PR 0.3257 | unseen ROC 0.5000 PR 0.0000 | valAUC 0.8183 | tau+ 0.500
[OUTPOST-v4] epoch 161: test-all ROC 0.7708 PR 0.3249 | unseen ROC 0.5000 PR 0.0000 | valAUC 0.8462 | tau+ 0.500
[OUTPOST-v4] epoch 162: test-all ROC 0.7692 PR 0.3439 | unseen ROC 0.5000 PR 0.0000 | valAUC 0.8520 | tau+ 0.500
[OUTPOST-v4] epoch 163: test-all ROC 0.7664 PR 0.3387 | unseen ROC 0.5000 PR 0.0000 | valAUC 0.8165 | tau+ 0.500
[OUTPOST-v4] epoch 164: test-all ROC 0.7748 PR 0.3439 | unseen ROC 0.5000 PR 0.0000 | valAUC 0.8279 | tau+ 0.500
[OUTPOST-v4] epoch 165: test-all ROC 0.7748 PR 0.3506 | unseen ROC 0.5000 PR 0.0000 | valAUC 0.8450 | tau+ 0.500
[OUTPOST-v4] epoch 166: test-all ROC 0.7754 PR 0.3463 | unseen ROC 0.5000 PR 0.0000 | valAUC 0.8366 | tau+ 0.500
[OUTPOST-v4] epoch 167: test-all ROC 0.7780 PR 0.3617 | unseen ROC 0.5000 PR 0.0000 | valAUC 0.8444 | tau+ 0.500
[OUTPOST-v4] epoch 168: test-all ROC 0.7781 PR 0.3645 | unseen ROC 0.5000 PR 0.0000 | valAUC 0.8222 | tau+ 0.500
[OUTPOST-v4] epoch 169: test-all ROC 0.7744 PR 0.3553 | unseen ROC 0.5000 PR 0.0000 | valAUC 0.8619 | tau+ 0.500
[OUTPOST-v4] epoch 170: test-all ROC 0.7840 PR 0.3663 | unseen ROC 0.5000 PR 0.0000 | valAUC 0.8252 | tau+ 0.500
[OUTPOST-v4] epoch 171: test-all ROC 0.7792 PR 0.3806 | unseen ROC 0.5000 PR 0.0000 | valAUC 0.8492 | tau+ 0.500
[OUTPOST-v4] epoch 172: test-all ROC 0.7844 PR 0.3964 | unseen ROC 0.5000 PR 0.0000 | valAUC 0.8111 | tau+ 0.500
[OUTPOST-v4] epoch 173: test-all ROC 0.7824 PR 0.3882 | unseen ROC 0.5000 PR 0.0000 | valAUC 0.8420 | tau+ 0.500
[OUTPOST-v4] epoch 174: test-all ROC 0.7865 PR 0.4021 | unseen ROC 0.5000 PR 0.0000 | valAUC 0.8201 | tau+ 0.500
[OUTPOST-v4] epoch 175: test-all ROC 0.7848 PR 0.4003 | unseen ROC 0.5000 PR 0.0000 | valAUC 0.8294 | tau+ 0.500
[OUTPOST-v4] epoch 176: test-all ROC 0.7839 PR 0.4071 | unseen ROC 0.5000 PR 0.0000 | valAUC 0.8288 | tau+ 0.500
[OUTPOST-v4] epoch 177: test-all ROC 0.7896 PR 0.4349 | unseen ROC 0.5000 PR 0.0000 | valAUC 0.8402 | tau+ 0.500
[OUTPOST-v4] epoch 178: test-all ROC 0.7871 PR 0.4209 | unseen ROC 0.5000 PR 0.0000 | valAUC 0.8631 | tau+ 0.500
[OUTPOST-v4] epoch 179: test-all ROC 0.7916 PR 0.4248 | unseen ROC 0.5000 PR 0.0000 | valAUC 0.8228 | tau+ 0.500
[OUTPOST-v4] epoch 180: test-all ROC 0.7955 PR 0.4422 | unseen ROC 0.5000 PR 0.0000 | valAUC 0.8676 | tau+ 0.500
[OUTPOST-v4] epoch 181: test-all ROC 0.8003 PR 0.4566 | unseen ROC 0.5000 PR 0.0000 | valAUC 0.8486 | tau+ 0.500
[OUTPOST-v4] epoch 182: test-all ROC 0.7915 PR 0.4273 | unseen ROC 0.5000 PR 0.0000 | valAUC 0.8417 | tau+ 0.500
[OUTPOST-v4] epoch 183: test-all ROC 0.7949 PR 0.4310 | unseen ROC 0.5000 PR 0.0000 | valAUC 0.8685 | tau+ 0.500
[OUTPOST-v4] epoch 184: test-all ROC 0.7959 PR 0.4417 | unseen ROC 0.5000 PR 0.0000 | valAUC 0.8664 | tau+ 0.500
[OUTPOST-v4] epoch 185: test-all ROC 0.7970 PR 0.4570 | unseen ROC 0.5000 PR 0.0000 | valAUC 0.8688 | tau+ 0.500
[OUTPOST-v4] epoch 186: test-all ROC 0.8029 PR 0.4674 | unseen ROC 0.5000 PR 0.0000 | valAUC 0.8270 | tau+ 0.500
[OUTPOST-v4] epoch 187: test-all ROC 0.7998 PR 0.4720 | unseen ROC 0.5000 PR 0.0000 | valAUC 0.8477 | tau+ 0.500
[OUTPOST-v4] epoch 188: test-all ROC 0.8031 PR 0.4757 | unseen ROC 0.5000 PR 0.0000 | valAUC 0.8718 | tau+ 0.500
[OUTPOST-v4] epoch 189: test-all ROC 0.8093 PR 0.4809 | unseen ROC 0.5000 PR 0.0000 | valAUC 0.8595 | tau+ 0.500
[OUTPOST-v4] epoch 190: test-all ROC 0.8034 PR 0.4819 | unseen ROC 0.5000 PR 0.0000 | valAUC 0.8444 | tau+ 0.500
[OUTPOST-v4] epoch 191: test-all ROC 0.8125 PR 0.5042 | unseen ROC 0.5000 PR 0.0000 | valAUC 0.8559 | tau+ 0.500
[OUTPOST-v4] epoch 192: test-all ROC 0.8111 PR 0.5004 | unseen ROC 0.5000 PR 0.0000 | valAUC 0.8586 | tau+ 0.500
[OUTPOST-v4] epoch 193: test-all ROC 0.8067 PR 0.4881 | unseen ROC 0.5000 PR 0.0000 | valAUC 0.8700 | tau+ 0.500
[OUTPOST-v4] epoch 194: test-all ROC 0.8099 PR 0.5046 | unseen ROC 0.5000 PR 0.0000 | valAUC 0.8724 | tau+ 0.500
[OUTPOST-v4] epoch 195: test-all ROC 0.8123 PR 0.5100 | unseen ROC 0.5000 PR 0.0000 | valAUC 0.8637 | tau+ 0.500
[OUTPOST-v4] epoch 196: test-all ROC 0.8131 PR 0.5068 | unseen ROC 0.5000 PR 0.0000 | valAUC 0.8640 | tau+ 0.500
[OUTPOST-v4] epoch 197: test-all ROC 0.8145 PR 0.5174 | unseen ROC 0.5000 PR 0.0000 | valAUC 0.8625 | tau+ 0.500
[OUTPOST-v4] epoch 198: test-all ROC 0.8120 PR 0.5084 | unseen ROC 0.5000 PR 0.0000 | valAUC 0.8688 | tau+ 0.500
[OUTPOST-v4] epoch 199: test-all ROC 0.8155 PR 0.5225 | unseen ROC 0.5000 PR 0.0000 | valAUC 0.8468 | tau+ 0.500
[OUTPOST-v4] epoch 200: test-all ROC 0.8214 PR 0.5350 | unseen ROC 0.5000 PR 0.0000 | valAUC 0.8408 | tau+ 0.500
[OUTPOST-v4] epoch 201: test-all ROC 0.8142 PR 0.5256 | unseen ROC 0.5000 PR 0.0000 | valAUC 0.8757 | tau+ 0.500
[OUTPOST-v4] epoch 202: test-all ROC 0.8230 PR 0.5415 | unseen ROC 0.5000 PR 0.0000 | valAUC 0.8297 | tau+ 0.500
[OUTPOST-v4] epoch 203: test-all ROC 0.8269 PR 0.5718 | unseen ROC 0.5000 PR 0.0000 | valAUC 0.8730 | tau+ 0.500
[OUTPOST-v4] epoch 204: test-all ROC 0.8291 PR 0.5819 | unseen ROC 0.5000 PR 0.0000 | valAUC 0.8826 | tau+ 0.500
[OUTPOST-v4] epoch 205: test-all ROC 0.8292 PR 0.5707 | unseen ROC 0.5000 PR 0.0000 | valAUC 0.8874 | tau+ 0.500
[OUTPOST-v4] epoch 206: test-all ROC 0.8300 PR 0.5801 | unseen ROC 0.5000 PR 0.0000 | valAUC 0.8889 | tau+ 0.500
[OUTPOST-v4] epoch 207: test-all ROC 0.8252 PR 0.5697 | unseen ROC 0.5000 PR 0.0000 | valAUC 0.8474 | tau+ 0.500
[OUTPOST-v4] epoch 208: test-all ROC 0.8289 PR 0.5825 | unseen ROC 0.5000 PR 0.0000 | valAUC 0.8733 | tau+ 0.500
[OUTPOST-v4] epoch 209: test-all ROC 0.8322 PR 0.5883 | unseen ROC 0.5000 PR 0.0000 | valAUC 0.8703 | tau+ 0.500
[OUTPOST-v4] epoch 210: test-all ROC 0.8315 PR 0.5936 | unseen ROC 0.5000 PR 0.0000 | valAUC 0.8793 | tau+ 0.500
[OUTPOST-v4] epoch 211: test-all ROC 0.8403 PR 0.6128 | unseen ROC 0.5000 PR 0.0000 | valAUC 0.8892 | tau+ 0.500
[OUTPOST-v4] epoch 212: test-all ROC 0.8456 PR 0.6359 | unseen ROC 0.5000 PR 0.0000 | valAUC 0.9012 | tau+ 0.500
[OUTPOST-v4] epoch 213: test-all ROC 0.8454 PR 0.6423 | unseen ROC 0.5000 PR 0.0000 | valAUC 0.8952 | tau+ 0.500
[OUTPOST-v4] epoch 214: test-all ROC 0.8508 PR 0.6556 | unseen ROC 0.5000 PR 0.0000 | valAUC 0.8916 | tau+ 0.500
[OUTPOST-v4] epoch 215: test-all ROC 0.8492 PR 0.6461 | unseen ROC 0.5000 PR 0.0000 | valAUC 0.9198 | tau+ 0.500
[OUTPOST-v4] epoch 216: test-all ROC 0.8524 PR 0.6382 | unseen ROC 0.5000 PR 0.0000 | valAUC 0.8835 | tau+ 0.500
[OUTPOST-v4] epoch 217: test-all ROC 0.8496 PR 0.6417 | unseen ROC 0.5000 PR 0.0000 | valAUC 0.8766 | tau+ 0.500
[OUTPOST-v4] epoch 218: test-all ROC 0.8542 PR 0.6481 | unseen ROC 0.5000 PR 0.0000 | valAUC 0.8709 | tau+ 0.500
[OUTPOST-v4] epoch 219: test-all ROC 0.8554 PR 0.6533 | unseen ROC 0.5000 PR 0.0000 | valAUC 0.8811 | tau+ 0.500
[OUTPOST-v4] epoch 220: test-all ROC 0.8591 PR 0.6625 | unseen ROC 0.5000 PR 0.0000 | valAUC 0.9141 | tau+ 0.500
[OUTPOST-v4] epoch 221: test-all ROC 0.8645 PR 0.6771 | unseen ROC 0.5000 PR 0.0000 | valAUC 0.8979 | tau+ 0.500
[OUTPOST-v4] epoch 222: test-all ROC 0.8634 PR 0.6751 | unseen ROC 0.5000 PR 0.0000 | valAUC 0.9141 | tau+ 0.500
[OUTPOST-v4] epoch 223: test-all ROC 0.8644 PR 0.6809 | unseen ROC 0.5000 PR 0.0000 | valAUC 0.8961 | tau+ 0.500
[OUTPOST-v4] epoch 224: test-all ROC 0.8657 PR 0.6843 | unseen ROC 0.5000 PR 0.0000 | valAUC 0.8835 | tau+ 0.500
[OUTPOST-v4] epoch 225: test-all ROC 0.8699 PR 0.6970 | unseen ROC 0.5000 PR 0.0000 | valAUC 0.8886 | tau+ 0.500
[OUTPOST-v4] epoch 226: test-all ROC 0.8725 PR 0.6918 | unseen ROC 0.5000 PR 0.0000 | valAUC 0.8925 | tau+ 0.500
[OUTPOST-v4] epoch 227: test-all ROC 0.8709 PR 0.7012 | unseen ROC 0.5000 PR 0.0000 | valAUC 0.8730 | tau+ 0.500
[OUTPOST-v4] epoch 228: test-all ROC 0.8669 PR 0.6866 | unseen ROC 0.5000 PR 0.0000 | valAUC 0.9090 | tau+ 0.500
[OUTPOST-v4] epoch 229: test-all ROC 0.8729 PR 0.6960 | unseen ROC 0.5000 PR 0.0000 | valAUC 0.9192 | tau+ 0.500
[OUTPOST-v4] epoch 230: test-all ROC 0.8745 PR 0.6954 | unseen ROC 0.5000 PR 0.0000 | valAUC 0.9246 | tau+ 0.500
[OUTPOST-v4] epoch 231: test-all ROC 0.8773 PR 0.7075 | unseen ROC 0.5000 PR 0.0000 | valAUC 0.9012 | tau+ 0.500
[OUTPOST-v4] epoch 232: test-all ROC 0.8762 PR 0.7173 | unseen ROC 0.5000 PR 0.0000 | valAUC 0.8883 | tau+ 0.500
[OUTPOST-v4] epoch 233: test-all ROC 0.8835 PR 0.7252 | unseen ROC 0.5000 PR 0.0000 | valAUC 0.9246 | tau+ 0.500
[OUTPOST-v4] epoch 234: test-all ROC 0.8827 PR 0.7275 | unseen ROC 0.5000 PR 0.0000 | valAUC 0.9213 | tau+ 0.500
[OUTPOST-v4] epoch 235: test-all ROC 0.8834 PR 0.7281 | unseen ROC 0.5000 PR 0.0000 | valAUC 0.9099 | tau+ 0.500
[OUTPOST-v4] epoch 236: test-all ROC 0.8862 PR 0.7213 | unseen ROC 0.5000 PR 0.0000 | valAUC 0.9354 | tau+ 0.500
[OUTPOST-v4] epoch 237: test-all ROC 0.8815 PR 0.7220 | unseen ROC 0.5000 PR 0.0000 | valAUC 0.9267 | tau+ 0.500
[OUTPOST-v4] epoch 238: test-all ROC 0.8777 PR 0.7205 | unseen ROC 0.5000 PR 0.0000 | valAUC 0.9309 | tau+ 0.500
[OUTPOST-v4] epoch 239: test-all ROC 0.8836 PR 0.7219 | unseen ROC 0.5000 PR 0.0000 | valAUC 0.9072 | tau+ 0.500
[OUTPOST-v4] epoch 240: test-all ROC 0.8826 PR 0.7349 | unseen ROC 0.5000 PR 0.0000 | valAUC 0.9060 | tau+ 0.500
[OUTPOST-v4] epoch 241: test-all ROC 0.8914 PR 0.7424 | unseen ROC 0.5000 PR 0.0000 | valAUC 0.9165 | tau+ 0.500
[OUTPOST-v4] epoch 242: test-all ROC 0.8920 PR 0.7422 | unseen ROC 0.5000 PR 0.0000 | valAUC 0.9132 | tau+ 0.500
[OUTPOST-v4] epoch 243: test-all ROC 0.8953 PR 0.7456 | unseen ROC 0.5000 PR 0.0000 | valAUC 0.8970 | tau+ 0.500
[OUTPOST-v4] epoch 244: test-all ROC 0.8927 PR 0.7453 | unseen ROC 0.5000 PR 0.0000 | valAUC 0.9240 | tau+ 0.500
[OUTPOST-v4] epoch 245: test-all ROC 0.8931 PR 0.7519 | unseen ROC 0.5000 PR 0.0000 | valAUC 0.9297 | tau+ 0.500
[OUTPOST-v4] epoch 246: test-all ROC 0.8942 PR 0.7527 | unseen ROC 0.5000 PR 0.0000 | valAUC 0.9273 | tau+ 0.500
[OUTPOST-v4] epoch 247: test-all ROC 0.8975 PR 0.7476 | unseen ROC 0.5000 PR 0.0000 | valAUC 0.9252 | tau+ 0.500
[OUTPOST-v4] epoch 248: test-all ROC 0.8878 PR 0.7468 | unseen ROC 0.5000 PR 0.0000 | valAUC 0.9303 | tau+ 0.500
[OUTPOST-v4] epoch 249: test-all ROC 0.8905 PR 0.7466 | unseen ROC 0.5000 PR 0.0000 | valAUC 0.9159 | tau+ 0.500
[OUTPOST-v4] epoch 250: test-all ROC 0.8981 PR 0.7481 | unseen ROC 0.5000 PR 0.0000 | valAUC 0.9210 | tau+ 0.500
[OUTPOST-v4] epoch 251: test-all ROC 0.8992 PR 0.7550 | unseen ROC 0.5000 PR 0.0000 | valAUC 0.9012 | tau+ 0.500
[OUTPOST-v4] epoch 252: test-all ROC 0.9030 PR 0.7615 | unseen ROC 0.5000 PR 0.0000 | valAUC 0.9234 | tau+ 0.500
[OUTPOST-v4] epoch 253: test-all ROC 0.9011 PR 0.7671 | unseen ROC 0.5000 PR 0.0000 | valAUC 0.9138 | tau+ 0.500
[OUTPOST-v4] epoch 254: test-all ROC 0.9077 PR 0.7666 | unseen ROC 0.5000 PR 0.0000 | valAUC 0.9366 | tau+ 0.500
[OUTPOST-v4] epoch 255: test-all ROC 0.9029 PR 0.7631 | unseen ROC 0.5000 PR 0.0000 | valAUC 0.9213 | tau+ 0.500
[OUTPOST-v4] epoch 256: test-all ROC 0.9047 PR 0.7731 | unseen ROC 0.5000 PR 0.0000 | valAUC 0.9195 | tau+ 0.500
[OUTPOST-v4] epoch 257: test-all ROC 0.9043 PR 0.7729 | unseen ROC 0.5000 PR 0.0000 | valAUC 0.9417 | tau+ 0.500
[OUTPOST-v4] epoch 258: test-all ROC 0.9092 PR 0.7773 | unseen ROC 0.5000 PR 0.0000 | valAUC 0.9222 | tau+ 0.500
[OUTPOST-v4] epoch 259: test-all ROC 0.9049 PR 0.7821 | unseen ROC 0.5000 PR 0.0000 | valAUC 0.9492 | tau+ 0.500
[OUTPOST-v4] epoch 260: test-all ROC 0.9123 PR 0.7822 | unseen ROC 0.5000 PR 0.0000 | valAUC 0.9231 | tau+ 0.500
[OUTPOST-v4] epoch 261: test-all ROC 0.9085 PR 0.7772 | unseen ROC 0.5000 PR 0.0000 | valAUC 0.9159 | tau+ 0.500
[OUTPOST-v4] epoch 262: test-all ROC 0.9121 PR 0.7875 | unseen ROC 0.5000 PR 0.0000 | valAUC 0.9279 | tau+ 0.500
[OUTPOST-v4] epoch 263: test-all ROC 0.9134 PR 0.7830 | unseen ROC 0.5000 PR 0.0000 | valAUC 0.9378 | tau+ 0.500
[OUTPOST-v4] epoch 264: test-all ROC 0.9114 PR 0.7852 | unseen ROC 0.5000 PR 0.0000 | valAUC 0.9117 | tau+ 0.500
[OUTPOST-v4] epoch 265: test-all ROC 0.9175 PR 0.7875 | unseen ROC 0.5000 PR 0.0000 | valAUC 0.9183 | tau+ 0.500
[OUTPOST-v4] epoch 266: test-all ROC 0.9165 PR 0.7912 | unseen ROC 0.5000 PR 0.0000 | valAUC 0.9150 | tau+ 0.500
[OUTPOST-v4] epoch 267: test-all ROC 0.9196 PR 0.7917 | unseen ROC 0.5000 PR 0.0000 | valAUC 0.9435 | tau+ 0.500
[OUTPOST-v4] epoch 268: test-all ROC 0.9231 PR 0.7905 | unseen ROC 0.5000 PR 0.0000 | valAUC 0.9339 | tau+ 0.500
[OUTPOST-v4] epoch 269: test-all ROC 0.9168 PR 0.7860 | unseen ROC 0.5000 PR 0.0000 | valAUC 0.9228 | tau+ 0.500
[OUTPOST-v4] epoch 270: test-all ROC 0.9156 PR 0.7849 | unseen ROC 0.5000 PR 0.0000 | valAUC 0.9327 | tau+ 0.500
[OUTPOST-v4] epoch 271: test-all ROC 0.9169 PR 0.7840 | unseen ROC 0.5000 PR 0.0000 | valAUC 0.9189 | tau+ 0.500
[OUTPOST-v4] epoch 272: test-all ROC 0.9118 PR 0.7785 | unseen ROC 0.5000 PR 0.0000 | valAUC 0.8841 | tau+ 0.500
[OUTPOST-v4] epoch 273: test-all ROC 0.9151 PR 0.7863 | unseen ROC 0.5000 PR 0.0000 | valAUC 0.9378 | tau+ 0.500
[OUTPOST-v4] epoch 274: test-all ROC 0.9219 PR 0.7955 | unseen ROC 0.5000 PR 0.0000 | valAUC 0.9234 | tau+ 0.500
[OUTPOST-v4] epoch 275: test-all ROC 0.9238 PR 0.8017 | unseen ROC 0.5000 PR 0.0000 | valAUC 0.9249 | tau+ 0.500
[OUTPOST-v4] epoch 276: test-all ROC 0.9227 PR 0.8006 | unseen ROC 0.5000 PR 0.0000 | valAUC 0.9595 | tau+ 0.500
[OUTPOST-v4] epoch 277: test-all ROC 0.9268 PR 0.8009 | unseen ROC 0.5000 PR 0.0000 | valAUC 0.8988 | tau+ 0.500
[OUTPOST-v4] epoch 278: test-all ROC 0.9267 PR 0.7972 | unseen ROC 0.5000 PR 0.0000 | valAUC 0.9243 | tau+ 0.500
[OUTPOST-v4] epoch 279: test-all ROC 0.9217 PR 0.7938 | unseen ROC 0.5000 PR 0.0000 | valAUC 0.9417 | tau+ 0.500
[OUTPOST-v4] epoch 280: test-all ROC 0.9199 PR 0.7944 | unseen ROC 0.5000 PR 0.0000 | valAUC 0.9441 | tau+ 0.500
[OUTPOST-v4] epoch 281: test-all ROC 0.9271 PR 0.7910 | unseen ROC 0.5000 PR 0.0000 | valAUC 0.9486 | tau+ 0.500
[OUTPOST-v4] epoch 282: test-all ROC 0.9242 PR 0.8034 | unseen ROC 0.5000 PR 0.0000 | valAUC 0.9387 | tau+ 0.500
[OUTPOST-v4] epoch 283: test-all ROC 0.9253 PR 0.7969 | unseen ROC 0.5000 PR 0.0000 | valAUC 0.9318 | tau+ 0.500
[OUTPOST-v4] epoch 284: test-all ROC 0.9281 PR 0.8022 | unseen ROC 0.5000 PR 0.0000 | valAUC 0.9498 | tau+ 0.500
[OUTPOST-v4] epoch 285: test-all ROC 0.9237 PR 0.8018 | unseen ROC 0.5000 PR 0.0000 | valAUC 0.9405 | tau+ 0.500
[OUTPOST-v4] epoch 286: test-all ROC 0.9265 PR 0.8047 | unseen ROC 0.5000 PR 0.0000 | valAUC 0.9231 | tau+ 0.500
[OUTPOST-v4] epoch 287: test-all ROC 0.9255 PR 0.7987 | unseen ROC 0.5000 PR 0.0000 | valAUC 0.9315 | tau+ 0.500
[OUTPOST-v4] epoch 288: test-all ROC 0.9242 PR 0.8047 | unseen ROC 0.5000 PR 0.0000 | valAUC 0.9369 | tau+ 0.500
[OUTPOST-v4] epoch 289: test-all ROC 0.9272 PR 0.8057 | unseen ROC 0.5000 PR 0.0000 | valAUC 0.9417 | tau+ 0.500
[OUTPOST-v4] epoch 290: test-all ROC 0.9278 PR 0.8101 | unseen ROC 0.5000 PR 0.0000 | valAUC 0.9375 | tau+ 0.500
[OUTPOST-v4] epoch 291: test-all ROC 0.9286 PR 0.8067 | unseen ROC 0.5000 PR 0.0000 | valAUC 0.9498 | tau+ 0.500
[OUTPOST-v4] epoch 292: test-all ROC 0.9305 PR 0.8020 | unseen ROC 0.5000 PR 0.0000 | valAUC 0.9559 | tau+ 0.500
[OUTPOST-v4] epoch 293: test-all ROC 0.9319 PR 0.8040 | unseen ROC 0.5000 PR 0.0000 | valAUC 0.9429 | tau+ 0.500
[OUTPOST-v4] epoch 294: test-all ROC 0.9260 PR 0.8018 | unseen ROC 0.5000 PR 0.0000 | valAUC 0.9348 | tau+ 0.500
[OUTPOST-v4] epoch 295: test-all ROC 0.9299 PR 0.8027 | unseen ROC 0.5000 PR 0.0000 | valAUC 0.9375 | tau+ 0.500
[OUTPOST-v4] epoch 296: test-all ROC 0.9296 PR 0.8033 | unseen ROC 0.5000 PR 0.0000 | valAUC 0.9351 | tau+ 0.500
[OUTPOST-v4] epoch 297: test-all ROC 0.9297 PR 0.8090 | unseen ROC 0.5000 PR 0.0000 | valAUC 0.9462 | tau+ 0.500
[OUTPOST-v4] epoch 298: test-all ROC 0.9352 PR 0.8148 | unseen ROC 0.5000 PR 0.0000 | valAUC 0.9273 | tau+ 0.500
[OUTPOST-v4] epoch 299: test-all ROC 0.9356 PR 0.8103 | unseen ROC 0.5000 PR 0.0000 | valAUC 0.9138 | tau+ 0.500
[OUTPOST-v4] epoch 300: test-all ROC 0.9378 PR 0.8161 | unseen ROC 0.5000 PR 0.0000 | valAUC 0.9676 | tau+ 0.500
[OUTPOST-v4] epoch 301: test-all ROC 0.9328 PR 0.8115 | unseen ROC 0.5000 PR 0.0000 | valAUC 0.9477 | tau+ 0.500
[OUTPOST-v4] epoch 302: test-all ROC 0.9335 PR 0.8059 | unseen ROC 0.5000 PR 0.0000 | valAUC 0.9303 | tau+ 0.500
[OUTPOST-v4] epoch 303: test-all ROC 0.9348 PR 0.8111 | unseen ROC 0.5000 PR 0.0000 | valAUC 0.9360 | tau+ 0.500
[OUTPOST-v4] epoch 304: test-all ROC 0.9351 PR 0.8134 | unseen ROC 0.5000 PR 0.0000 | valAUC 0.9456 | tau+ 0.500
[OUTPOST-v4] epoch 305: test-all ROC 0.9363 PR 0.8143 | unseen ROC 0.5000 PR 0.0000 | valAUC 0.9697 | tau+ 0.500
[OUTPOST-v4] epoch 306: test-all ROC 0.9418 PR 0.8233 | unseen ROC 0.5000 PR 0.0000 | valAUC 0.9357 | tau+ 0.500
[OUTPOST-v4] epoch 307: test-all ROC 0.9409 PR 0.8196 | unseen ROC 0.5000 PR 0.0000 | valAUC 0.9456 | tau+ 0.500
[OUTPOST-v4] epoch 308: test-all ROC 0.9411 PR 0.8145 | unseen ROC 0.5000 PR 0.0000 | valAUC 0.9423 | tau+ 0.500
[OUTPOST-v4] epoch 309: test-all ROC 0.9425 PR 0.8201 | unseen ROC 0.5000 PR 0.0000 | valAUC 0.9526 | tau+ 0.500
[OUTPOST-v4] epoch 310: test-all ROC 0.9367 PR 0.8139 | unseen ROC 0.5000 PR 0.0000 | valAUC 0.9535 | tau+ 0.500
[OUTPOST-v4] epoch 311: test-all ROC 0.9399 PR 0.8189 | unseen ROC 0.5000 PR 0.0000 | valAUC 0.9360 | tau+ 0.500
[OUTPOST-v4] epoch 312: test-all ROC 0.9390 PR 0.8184 | unseen ROC 0.5000 PR 0.0000 | valAUC 0.9535 | tau+ 0.500
[OUTPOST-v4] epoch 313: test-all ROC 0.9405 PR 0.8135 | unseen ROC 0.5000 PR 0.0000 | valAUC 0.9426 | tau+ 0.500
[OUTPOST-v4] epoch 314: test-all ROC 0.9403 PR 0.8209 | unseen ROC 0.5000 PR 0.0000 | valAUC 0.9468 | tau+ 0.500
[OUTPOST-v4] epoch 315: test-all ROC 0.9404 PR 0.8111 | unseen ROC 0.5000 PR 0.0000 | valAUC 0.9661 | tau+ 0.500
[OUTPOST-v4] epoch 316: test-all ROC 0.9437 PR 0.8189 | unseen ROC 0.5000 PR 0.0000 | valAUC 0.9610 | tau+ 0.500
[OUTPOST-v4] epoch 317: test-all ROC 0.9407 PR 0.8257 | unseen ROC 0.5000 PR 0.0000 | valAUC 0.9474 | tau+ 0.500
[OUTPOST-v4] epoch 318: test-all ROC 0.9366 PR 0.8202 | unseen ROC 0.5000 PR 0.0000 | valAUC 0.9541 | tau+ 0.500
[OUTPOST-v4] epoch 319: test-all ROC 0.9415 PR 0.8253 | unseen ROC 0.5000 PR 0.0000 | valAUC 0.9520 | tau+ 0.500
[OUTPOST-v4] epoch 320: test-all ROC 0.9404 PR 0.8176 | unseen ROC 0.5000 PR 0.0000 | valAUC 0.9477 | tau+ 0.500
[OUTPOST-v4] epoch 321: test-all ROC 0.9419 PR 0.8262 | unseen ROC 0.5000 PR 0.0000 | valAUC 0.9378 | tau+ 0.500
[OUTPOST-v4] epoch 322: test-all ROC 0.9437 PR 0.8186 | unseen ROC 0.5000 PR 0.0000 | valAUC 0.9607 | tau+ 0.500
[OUTPOST-v4] epoch 323: test-all ROC 0.9438 PR 0.8204 | unseen ROC 0.5000 PR 0.0000 | valAUC 0.9489 | tau+ 0.500
[OUTPOST-v4] epoch 324: test-all ROC 0.9436 PR 0.8235 | unseen ROC 0.5000 PR 0.0000 | valAUC 0.9450 | tau+ 0.500
[OUTPOST-v4] epoch 325: test-all ROC 0.9422 PR 0.8281 | unseen ROC 0.5000 PR 0.0000 | valAUC 0.9562 | tau+ 0.500
[OUTPOST-v4] epoch 326: test-all ROC 0.9405 PR 0.8258 | unseen ROC 0.5000 PR 0.0000 | valAUC 0.9486 | tau+ 0.500
[OUTPOST-v4] epoch 327: test-all ROC 0.9421 PR 0.8321 | unseen ROC 0.5000 PR 0.0000 | valAUC 0.9616 | tau+ 0.500
[OUTPOST-v4] epoch 328: test-all ROC 0.9411 PR 0.8222 | unseen ROC 0.5000 PR 0.0000 | valAUC 0.9444 | tau+ 0.500
[OUTPOST-v4] epoch 329: test-all ROC 0.9409 PR 0.8256 | unseen ROC 0.5000 PR 0.0000 | valAUC 0.9486 | tau+ 0.500
[OUTPOST-v4] epoch 330: test-all ROC 0.9429 PR 0.8231 | unseen ROC 0.5000 PR 0.0000 | valAUC 0.9471 | tau+ 0.500
[OUTPOST-v4] epoch 331: test-all ROC 0.9424 PR 0.8305 | unseen ROC 0.5000 PR 0.0000 | valAUC 0.9492 | tau+ 0.500
[OUTPOST-v4] epoch 332: test-all ROC 0.9435 PR 0.8283 | unseen ROC 0.5000 PR 0.0000 | valAUC 0.9520 | tau+ 0.500
[OUTPOST-v4] epoch 333: test-all ROC 0.9459 PR 0.8276 | unseen ROC 0.5000 PR 0.0000 | valAUC 0.9559 | tau+ 0.500
[OUTPOST-v4] epoch 334: test-all ROC 0.9436 PR 0.8231 | unseen ROC 0.5000 PR 0.0000 | valAUC 0.9571 | tau+ 0.500
[OUTPOST-v4] epoch 335: test-all ROC 0.9431 PR 0.8312 | unseen ROC 0.5000 PR 0.0000 | valAUC 0.9511 | tau+ 0.500
[OUTPOST-v4] epoch 336: test-all ROC 0.9452 PR 0.8342 | unseen ROC 0.5000 PR 0.0000 | valAUC 0.9505 | tau+ 0.500
[OUTPOST-v4] epoch 337: test-all ROC 0.9442 PR 0.8327 | unseen ROC 0.5000 PR 0.0000 | valAUC 0.9544 | tau+ 0.500
[OUTPOST-v4] epoch 338: test-all ROC 0.9458 PR 0.8238 | unseen ROC 0.5000 PR 0.0000 | valAUC 0.9477 | tau+ 0.500
[OUTPOST-v4] epoch 339: test-all ROC 0.9450 PR 0.8309 | unseen ROC 0.5000 PR 0.0000 | valAUC 0.9547 | tau+ 0.500
[OUTPOST-v4] epoch 340: test-all ROC 0.9448 PR 0.8324 | unseen ROC 0.5000 PR 0.0000 | valAUC 0.9538 | tau+ 0.500
[OUTPOST-v4] epoch 341: test-all ROC 0.9456 PR 0.8296 | unseen ROC 0.5000 PR 0.0000 | valAUC 0.9459 | tau+ 0.500
[OUTPOST-v4] epoch 342: test-all ROC 0.9475 PR 0.8235 | unseen ROC 0.5000 PR 0.0000 | valAUC 0.9538 | tau+ 0.500
[OUTPOST-v4] epoch 343: test-all ROC 0.9501 PR 0.8341 | unseen ROC 0.5000 PR 0.0000 | valAUC 0.9559 | tau+ 0.500
[OUTPOST-v4] epoch 344: test-all ROC 0.9477 PR 0.8273 | unseen ROC 0.5000 PR 0.0000 | valAUC 0.9580 | tau+ 0.500
[OUTPOST-v4] epoch 345: test-all ROC 0.9481 PR 0.8335 | unseen ROC 0.5000 PR 0.0000 | valAUC 0.9492 | tau+ 0.500
[OUTPOST-v4] epoch 346: test-all ROC 0.9485 PR 0.8376 | unseen ROC 0.5000 PR 0.0000 | valAUC 0.9592 | tau+ 0.500
[OUTPOST-v4] epoch 347: test-all ROC 0.9479 PR 0.8370 | unseen ROC 0.5000 PR 0.0000 | valAUC 0.9505 | tau+ 0.500
[OUTPOST-v4] epoch 348: test-all ROC 0.9473 PR 0.8335 | unseen ROC 0.5000 PR 0.0000 | valAUC 0.9577 | tau+ 0.500
[OUTPOST-v4] epoch 349: test-all ROC 0.9463 PR 0.8346 | unseen ROC 0.5000 PR 0.0000 | valAUC 0.9505 | tau+ 0.500
[OUTPOST-v4] epoch 350: test-all ROC 0.9478 PR 0.8320 | unseen ROC 0.5000 PR 0.0000 | valAUC 0.9556 | tau+ 0.500
[OUTPOST-v4] epoch 351: test-all ROC 0.9473 PR 0.8355 | unseen ROC 0.5000 PR 0.0000 | valAUC 0.9595 | tau+ 0.500
[OUTPOST-v4] epoch 352: test-all ROC 0.9484 PR 0.8343 | unseen ROC 0.5000 PR 0.0000 | valAUC 0.9474 | tau+ 0.500
[OUTPOST-v4] epoch 353: test-all ROC 0.9504 PR 0.8312 | unseen ROC 0.5000 PR 0.0000 | valAUC 0.9595 | tau+ 0.500
[OUTPOST-v4] epoch 354: test-all ROC 0.9484 PR 0.8351 | unseen ROC 0.5000 PR 0.0000 | valAUC 0.9526 | tau+ 0.500
[OUTPOST-v4] epoch 355: test-all ROC 0.9487 PR 0.8316 | unseen ROC 0.5000 PR 0.0000 | valAUC 0.9613 | tau+ 0.500
[OUTPOST-v4] epoch 356: test-all ROC 0.9465 PR 0.8306 | unseen ROC 0.5000 PR 0.0000 | valAUC 0.9508 | tau+ 0.500
[OUTPOST-v4] epoch 357: test-all ROC 0.9501 PR 0.8317 | unseen ROC 0.5000 PR 0.0000 | valAUC 0.9423 | tau+ 0.500
[OUTPOST-v4] epoch 358: test-all ROC 0.9510 PR 0.8422 | unseen ROC 0.5000 PR 0.0000 | valAUC 0.9598 | tau+ 0.500
[OUTPOST-v4] epoch 359: test-all ROC 0.9449 PR 0.8386 | unseen ROC 0.5000 PR 0.0000 | valAUC 0.9550 | tau+ 0.500
[OUTPOST-v4] epoch 360: test-all ROC 0.9499 PR 0.8374 | unseen ROC 0.5000 PR 0.0000 | valAUC 0.9529 | tau+ 0.500
[OUTPOST-v4] epoch 361: test-all ROC 0.9516 PR 0.8391 | unseen ROC 0.5000 PR 0.0000 | valAUC 0.9592 | tau+ 0.500
[OUTPOST-v4] epoch 362: test-all ROC 0.9498 PR 0.8371 | unseen ROC 0.5000 PR 0.0000 | valAUC 0.9589 | tau+ 0.500
[OUTPOST-v4] epoch 363: test-all ROC 0.9505 PR 0.8366 | unseen ROC 0.5000 PR 0.0000 | valAUC 0.9550 | tau+ 0.500
[OUTPOST-v4] epoch 364: test-all ROC 0.9505 PR 0.8413 | unseen ROC 0.5000 PR 0.0000 | valAUC 0.9541 | tau+ 0.500
[OUTPOST-v4] epoch 365: test-all ROC 0.9502 PR 0.8375 | unseen ROC 0.5000 PR 0.0000 | valAUC 0.9535 | tau+ 0.500
[OUTPOST-v4] epoch 366: test-all ROC 0.9502 PR 0.8365 | unseen ROC 0.5000 PR 0.0000 | valAUC 0.9532 | tau+ 0.500
[OUTPOST-v4] epoch 367: test-all ROC 0.9493 PR 0.8447 | unseen ROC 0.5000 PR 0.0000 | valAUC 0.9553 | tau+ 0.500
[OUTPOST-v4] epoch 368: test-all ROC 0.9507 PR 0.8296 | unseen ROC 0.5000 PR 0.0000 | valAUC 0.9577 | tau+ 0.500
[OUTPOST-v4] epoch 369: test-all ROC 0.9514 PR 0.8350 | unseen ROC 0.5000 PR 0.0000 | valAUC 0.9589 | tau+ 0.500
[OUTPOST-v4] epoch 370: test-all ROC 0.9509 PR 0.8447 | unseen ROC 0.5000 PR 0.0000 | valAUC 0.9586 | tau+ 0.500
[OUTPOST-v4] epoch 371: test-all ROC 0.9483 PR 0.8338 | unseen ROC 0.5000 PR 0.0000 | valAUC 0.9526 | tau+ 0.500
[OUTPOST-v4] epoch 372: test-all ROC 0.9510 PR 0.8381 | unseen ROC 0.5000 PR 0.0000 | valAUC 0.9568 | tau+ 0.500
[OUTPOST-v4] epoch 373: test-all ROC 0.9495 PR 0.8282 | unseen ROC 0.5000 PR 0.0000 | valAUC 0.9498 | tau+ 0.500
[OUTPOST-v4] epoch 374: test-all ROC 0.9524 PR 0.8383 | unseen ROC 0.5000 PR 0.0000 | valAUC 0.9562 | tau+ 0.500
[OUTPOST-v4] epoch 375: test-all ROC 0.9510 PR 0.8307 | unseen ROC 0.5000 PR 0.0000 | valAUC 0.9423 | tau+ 0.500
[OUTPOST-v4] epoch 376: test-all ROC 0.9482 PR 0.8365 | unseen ROC 0.5000 PR 0.0000 | valAUC 0.9655 | tau+ 0.500
[OUTPOST-v4] epoch 377: test-all ROC 0.9517 PR 0.8374 | unseen ROC 0.5000 PR 0.0000 | valAUC 0.9432 | tau+ 0.500
[OUTPOST-v4] epoch 378: test-all ROC 0.9499 PR 0.8385 | unseen ROC 0.5000 PR 0.0000 | valAUC 0.9483 | tau+ 0.500
[OUTPOST-v4] epoch 379: test-all ROC 0.9519 PR 0.8301 | unseen ROC 0.5000 PR 0.0000 | valAUC 0.9631 | tau+ 0.500
[OUTPOST-v4] epoch 380: test-all ROC 0.9498 PR 0.8344 | unseen ROC 0.5000 PR 0.0000 | valAUC 0.9381 | tau+ 0.500
[OUTPOST-v4] epoch 381: test-all ROC 0.9501 PR 0.8407 | unseen ROC 0.5000 PR 0.0000 | valAUC 0.9459 | tau+ 0.500
[OUTPOST-v4] epoch 382: test-all ROC 0.9511 PR 0.8343 | unseen ROC 0.5000 PR 0.0000 | valAUC 0.9459 | tau+ 0.500
[OUTPOST-v4] epoch 383: test-all ROC 0.9502 PR 0.8369 | unseen ROC 0.5000 PR 0.0000 | valAUC 0.9453 | tau+ 0.500
[OUTPOST-v4] epoch 384: test-all ROC 0.9515 PR 0.8360 | unseen ROC 0.5000 PR 0.0000 | valAUC 0.9601 | tau+ 0.500
[OUTPOST-v4] epoch 385: test-all ROC 0.9509 PR 0.8333 | unseen ROC 0.5000 PR 0.0000 | valAUC 0.9616 | tau+ 0.500
[OUTPOST-v4] epoch 386: test-all ROC 0.9493 PR 0.8401 | unseen ROC 0.5000 PR 0.0000 | valAUC 0.9706 | tau+ 0.500
[OUTPOST-v4] epoch 387: test-all ROC 0.9528 PR 0.8382 | unseen ROC 0.5000 PR 0.0000 | valAUC 0.9595 | tau+ 0.500
[OUTPOST-v4] epoch 388: test-all ROC 0.9518 PR 0.8443 | unseen ROC 0.5000 PR 0.0000 | valAUC 0.9526 | tau+ 0.500
[OUTPOST-v4] epoch 389: test-all ROC 0.9506 PR 0.8342 | unseen ROC 0.5000 PR 0.0000 | valAUC 0.9565 | tau+ 0.500
[OUTPOST-v4] epoch 390: test-all ROC 0.9516 PR 0.8368 | unseen ROC 0.5000 PR 0.0000 | valAUC 0.9535 | tau+ 0.500
[OUTPOST-v4] epoch 391: test-all ROC 0.9489 PR 0.8372 | unseen ROC 0.5000 PR 0.0000 | valAUC 0.9523 | tau+ 0.500
[OUTPOST-v4] epoch 392: test-all ROC 0.9513 PR 0.8323 | unseen ROC 0.5000 PR 0.0000 | valAUC 0.9550 | tau+ 0.500
[OUTPOST-v4] epoch 393: test-all ROC 0.9525 PR 0.8397 | unseen ROC 0.5000 PR 0.0000 | valAUC 0.9453 | tau+ 0.500
[OUTPOST-v4] epoch 394: test-all ROC 0.9538 PR 0.8411 | unseen ROC 0.5000 PR 0.0000 | valAUC 0.9502 | tau+ 0.500
[OUTPOST-v4] epoch 395: test-all ROC 0.9528 PR 0.8424 | unseen ROC 0.5000 PR 0.0000 | valAUC 0.9450 | tau+ 0.500
[OUTPOST-v4] epoch 396: test-all ROC 0.9545 PR 0.8448 | unseen ROC 0.5000 PR 0.0000 | valAUC 0.9574 | tau+ 0.500
[OUTPOST-v4] epoch 397: test-all ROC 0.9509 PR 0.8302 | unseen ROC 0.5000 PR 0.0000 | valAUC 0.9477 | tau+ 0.500
[OUTPOST-v4] epoch 398: test-all ROC 0.9506 PR 0.8395 | unseen ROC 0.5000 PR 0.0000 | valAUC 0.9583 | tau+ 0.500
[OUTPOST-v4] epoch 399: test-all ROC 0.9461 PR 0.8335 | unseen ROC 0.5000 PR 0.0000 | valAUC 0.9559 | tau+ 0.500
  rotation 1: ROC 0.9545 PR 0.8448
[amazon] params 2465, peak GPU 0.20 GB, 91.8 min total

[amazon] AGGREGATE  best-over-epochs: ROC 0.9545 PR 0.8448
[amazon] AGGREGATE  val-selected:     ROC 0.9493 PR 0.8401
row appended to results/results.csv
