# gpu=4 cmd=/usr/bin/python3 -u baselines/run_nsreg.py --dataset computers --seed 1 --method nsreg --tag NT_lr0.001_wd0.0001 --rotations 6 --set lr=0.001 lbl_lr=0.001 clf_lr=0.001 weight_decay=0.0001 n_epochs=400
/nas/home/jahin/.local/lib/python3.10/site-packages/requests/__init__.py:113: RequestsDependencyWarning: urllib3 (1.26.5) or chardet (7.2.0)/charset_normalizer (3.4.4) doesn't match a supported version!
  warnings.warn(
[0.03170448 0.15575916 0.10282141 0.03941245 0.37507272 0.02239674
 0.03541303 0.05948226 0.1567772  0.02116056]
[computers] NSReg, rotations [np.int64(6)] of [np.int64(0), np.int64(3), np.int64(5), np.int64(6), np.int64(9)]
[computers] n_epochs=400 eval_every=1 input_dim=767 wd=0.0001 lr=0.001
Normal classes: [1, 2, 4, 7, 8] in computers
using idx from: split_50.pkl - num known anomalies 50
num known anomalies: 50
Building multi-layer GraphSage
GRAPHSAGE used as the encoder
building the dataloader ...
/nas/home/jahin/.local/lib/python3.10/site-packages/torch/functional.py:554: UserWarning: torch.meshgrid: in an upcoming release, it will be required to pass the indexing argument. (Triggered internally at /pytorch/aten/src/ATen/native/TensorShape.cpp:4314.)
  return _VF.meshgrid(tensors, **kwargs)  # type: ignore[attr-defined]
num train pos edges: 848  num train neg edges: 3192
NSReg Training ...
Batch mode: enabled original propertion
Epoch  0 loss=1.5001, clf_loss=0.8295, lbl_loss=0.6707
Epoch  1 loss=1.3523, clf_loss=0.6764, lbl_loss=0.6759
Epoch  2 loss=1.2566, clf_loss=0.5844, lbl_loss=0.6723
Epoch  3 loss=1.1867, clf_loss=0.4994, lbl_loss=0.6873
Epoch  4 loss=1.0855, clf_loss=0.4150, lbl_loss=0.6706
Epoch  5 loss=1.0352, clf_loss=0.3650, lbl_loss=0.6702
Epoch  6 loss=1.0360, clf_loss=0.3570, lbl_loss=0.6790
Epoch  7 loss=1.0469, clf_loss=0.3730, lbl_loss=0.6740
Epoch  8 loss=1.0672, clf_loss=0.3933, lbl_loss=0.6738
Epoch  9 loss=1.0483, clf_loss=0.3741, lbl_loss=0.6742
Epoch 10 loss=1.0572, clf_loss=0.3831, lbl_loss=0.6741
Epoch 11 loss=1.0177, clf_loss=0.3539, lbl_loss=0.6638
Epoch 12 loss=1.0203, clf_loss=0.3390, lbl_loss=0.6813
Epoch 13 loss=1.0030, clf_loss=0.3449, lbl_loss=0.6580
Epoch 14 loss=1.0161, clf_loss=0.3433, lbl_loss=0.6728
Epoch 15 loss=1.0222, clf_loss=0.3472, lbl_loss=0.6750
Epoch 16 loss=1.0232, clf_loss=0.3463, lbl_loss=0.6769
Epoch 17 loss=1.0174, clf_loss=0.3419, lbl_loss=0.6755
Epoch 18 loss=0.9964, clf_loss=0.3334, lbl_loss=0.6631
Epoch 19 loss=0.9994, clf_loss=0.3268, lbl_loss=0.6726
Epoch 20 loss=0.9763, clf_loss=0.3222, lbl_loss=0.6541
Epoch 21 loss=0.9945, clf_loss=0.3206, lbl_loss=0.6739
Epoch 22 loss=0.9995, clf_loss=0.3233, lbl_loss=0.6762
Epoch 23 loss=0.9954, clf_loss=0.3179, lbl_loss=0.6775
Epoch 24 loss=0.9836, clf_loss=0.3100, lbl_loss=0.6735
Epoch 25 loss=0.9849, clf_loss=0.3097, lbl_loss=0.6752
Epoch 26 loss=0.9719, clf_loss=0.3057, lbl_loss=0.6661
Epoch 27 loss=0.9714, clf_loss=0.3010, lbl_loss=0.6704
Epoch 28 loss=0.9690, clf_loss=0.2970, lbl_loss=0.6720
Epoch 29 loss=0.9608, clf_loss=0.2946, lbl_loss=0.6662
Epoch 30 loss=0.9624, clf_loss=0.2912, lbl_loss=0.6712
Epoch 31 loss=0.9599, clf_loss=0.2901, lbl_loss=0.6698
Epoch 32 loss=0.9690, clf_loss=0.2877, lbl_loss=0.6813
Epoch 33 loss=0.9641, clf_loss=0.2858, lbl_loss=0.6783
Epoch 34 loss=0.9642, clf_loss=0.2839, lbl_loss=0.6803
Epoch 35 loss=0.9584, clf_loss=0.2803, lbl_loss=0.6781
Epoch 36 loss=0.9515, clf_loss=0.2789, lbl_loss=0.6726
Epoch 37 loss=0.9573, clf_loss=0.2751, lbl_loss=0.6822
Epoch 38 loss=0.9523, clf_loss=0.2750, lbl_loss=0.6773
Epoch 39 loss=0.9451, clf_loss=0.2729, lbl_loss=0.6723
Epoch 40 loss=0.9498, clf_loss=0.2707, lbl_loss=0.6791
Epoch 41 loss=0.9354, clf_loss=0.2681, lbl_loss=0.6673
Epoch 42 loss=0.9443, clf_loss=0.2647, lbl_loss=0.6796
Epoch 43 loss=0.9379, clf_loss=0.2635, lbl_loss=0.6744
Epoch 44 loss=0.9291, clf_loss=0.2584, lbl_loss=0.6707
Epoch 45 loss=0.9316, clf_loss=0.2570, lbl_loss=0.6746
Epoch 46 loss=0.9162, clf_loss=0.2512, lbl_loss=0.6650
Epoch 47 loss=0.9223, clf_loss=0.2484, lbl_loss=0.6739
Epoch 48 loss=0.9292, clf_loss=0.2466, lbl_loss=0.6826
Epoch 49 loss=0.9126, clf_loss=0.2426, lbl_loss=0.6700
Epoch 50 loss=0.9150, clf_loss=0.2409, lbl_loss=0.6741
Epoch 51 loss=0.9087, clf_loss=0.2364, lbl_loss=0.6723
Epoch 52 loss=0.8858, clf_loss=0.2317, lbl_loss=0.6541
Epoch 53 loss=0.8966, clf_loss=0.2331, lbl_loss=0.6634
Epoch 54 loss=0.8922, clf_loss=0.2249, lbl_loss=0.6674
Epoch 55 loss=0.8939, clf_loss=0.2228, lbl_loss=0.6710
Epoch 56 loss=0.8878, clf_loss=0.2191, lbl_loss=0.6687
Epoch 57 loss=0.8860, clf_loss=0.2159, lbl_loss=0.6701
Epoch 58 loss=0.8870, clf_loss=0.2142, lbl_loss=0.6727
Epoch 59 loss=0.8824, clf_loss=0.2119, lbl_loss=0.6705
Epoch 60 loss=0.8708, clf_loss=0.2090, lbl_loss=0.6618
Epoch 61 loss=0.8725, clf_loss=0.2052, lbl_loss=0.6673
Epoch 62 loss=0.8640, clf_loss=0.2018, lbl_loss=0.6623
Epoch 63 loss=0.8782, clf_loss=0.2018, lbl_loss=0.6764
Epoch 64 loss=0.8768, clf_loss=0.1991, lbl_loss=0.6778
Epoch 65 loss=0.8715, clf_loss=0.1966, lbl_loss=0.6748
Epoch 66 loss=0.8715, clf_loss=0.1924, lbl_loss=0.6791
Epoch 67 loss=0.8574, clf_loss=0.1899, lbl_loss=0.6674
Epoch 68 loss=0.8526, clf_loss=0.1863, lbl_loss=0.6663
Epoch 69 loss=0.8524, clf_loss=0.1850, lbl_loss=0.6674
Epoch 70 loss=0.8461, clf_loss=0.1831, lbl_loss=0.6630
Epoch 71 loss=0.8460, clf_loss=0.1808, lbl_loss=0.6652
Epoch 72 loss=0.8422, clf_loss=0.1777, lbl_loss=0.6644
Epoch 73 loss=0.8457, clf_loss=0.1796, lbl_loss=0.6661
Epoch 74 loss=0.8417, clf_loss=0.1746, lbl_loss=0.6670
Epoch 75 loss=0.8305, clf_loss=0.1731, lbl_loss=0.6574
Epoch 76 loss=0.8339, clf_loss=0.1682, lbl_loss=0.6657
Epoch 77 loss=0.8333, clf_loss=0.1682, lbl_loss=0.6650
Epoch 78 loss=0.8172, clf_loss=0.1667, lbl_loss=0.6505
Epoch 79 loss=0.8230, clf_loss=0.1647, lbl_loss=0.6583
Epoch 80 loss=0.8396, clf_loss=0.1629, lbl_loss=0.6767
Epoch 81 loss=0.8263, clf_loss=0.1587, lbl_loss=0.6676
Epoch 82 loss=0.8273, clf_loss=0.1540, lbl_loss=0.6733
Epoch 83 loss=0.8150, clf_loss=0.1539, lbl_loss=0.6611
Epoch 84 loss=0.8241, clf_loss=0.1533, lbl_loss=0.6708
Epoch 85 loss=0.8071, clf_loss=0.1448, lbl_loss=0.6623
Epoch 86 loss=0.8140, clf_loss=0.1421, lbl_loss=0.6719
Epoch 87 loss=0.8075, clf_loss=0.1392, lbl_loss=0.6683
Epoch 88 loss=0.8010, clf_loss=0.1335, lbl_loss=0.6675
Epoch 89 loss=0.8022, clf_loss=0.1318, lbl_loss=0.6704
Epoch 90 loss=0.7953, clf_loss=0.1275, lbl_loss=0.6678
Epoch 91 loss=0.8008, clf_loss=0.1235, lbl_loss=0.6772
Epoch 92 loss=0.8025, clf_loss=0.1235, lbl_loss=0.6790
Epoch 93 loss=0.7700, clf_loss=0.1067, lbl_loss=0.6633
Epoch 94 loss=0.7814, clf_loss=0.1138, lbl_loss=0.6676
Epoch 95 loss=0.7792, clf_loss=0.1060, lbl_loss=0.6731
Epoch 96 loss=0.7982, clf_loss=0.1108, lbl_loss=0.6875
Epoch 97 loss=0.7714, clf_loss=0.1013, lbl_loss=0.6701
Epoch 98 loss=0.7771, clf_loss=0.0982, lbl_loss=0.6789
Epoch 99 loss=0.7573, clf_loss=0.0939, lbl_loss=0.6634
Epoch 100 loss=0.7653, clf_loss=0.1003, lbl_loss=0.6649
Epoch 101 loss=0.7630, clf_loss=0.0988, lbl_loss=0.6641
Epoch 102 loss=0.7694, clf_loss=0.1014, lbl_loss=0.6681
Epoch 103 loss=0.7825, clf_loss=0.1145, lbl_loss=0.6680
Epoch 104 loss=0.7556, clf_loss=0.0959, lbl_loss=0.6597
Epoch 105 loss=0.7427, clf_loss=0.0894, lbl_loss=0.6534
Epoch 106 loss=0.7598, clf_loss=0.0954, lbl_loss=0.6643
Epoch 107 loss=0.7445, clf_loss=0.0928, lbl_loss=0.6517
Epoch 108 loss=0.7460, clf_loss=0.0905, lbl_loss=0.6555
Epoch 109 loss=0.7421, clf_loss=0.0879, lbl_loss=0.6542
Epoch 110 loss=0.7380, clf_loss=0.0714, lbl_loss=0.6666
Epoch 111 loss=0.7536, clf_loss=0.0865, lbl_loss=0.6671
Epoch 112 loss=0.7499, clf_loss=0.0847, lbl_loss=0.6652
Epoch 113 loss=0.7622, clf_loss=0.0885, lbl_loss=0.6737
Epoch 114 loss=0.7508, clf_loss=0.0808, lbl_loss=0.6700
Epoch 115 loss=0.7414, clf_loss=0.0724, lbl_loss=0.6690
Epoch 116 loss=0.7600, clf_loss=0.0902, lbl_loss=0.6698
Epoch 117 loss=0.7309, clf_loss=0.0695, lbl_loss=0.6614
Epoch 118 loss=0.7356, clf_loss=0.0843, lbl_loss=0.6513
Epoch 119 loss=0.7538, clf_loss=0.0826, lbl_loss=0.6713
Epoch 120 loss=0.7556, clf_loss=0.0769, lbl_loss=0.6787
Epoch 121 loss=0.7511, clf_loss=0.0862, lbl_loss=0.6648
Epoch 122 loss=0.7091, clf_loss=0.0566, lbl_loss=0.6525
Epoch 123 loss=0.7446, clf_loss=0.0768, lbl_loss=0.6678
Epoch 124 loss=0.7327, clf_loss=0.0752, lbl_loss=0.6575
Epoch 125 loss=0.7329, clf_loss=0.0687, lbl_loss=0.6642
Epoch 126 loss=0.7443, clf_loss=0.0808, lbl_loss=0.6635
Epoch 127 loss=0.7338, clf_loss=0.0722, lbl_loss=0.6615
Epoch 128 loss=0.7182, clf_loss=0.0670, lbl_loss=0.6512
Epoch 129 loss=0.7387, clf_loss=0.0762, lbl_loss=0.6626
Epoch 130 loss=0.7075, clf_loss=0.0528, lbl_loss=0.6548
Epoch 131 loss=0.7378, clf_loss=0.0659, lbl_loss=0.6719
Epoch 132 loss=0.7020, clf_loss=0.0654, lbl_loss=0.6366
Epoch 133 loss=0.7108, clf_loss=0.0655, lbl_loss=0.6453
Epoch 134 loss=0.7279, clf_loss=0.0597, lbl_loss=0.6683
Epoch 135 loss=0.7110, clf_loss=0.0635, lbl_loss=0.6475
Epoch 136 loss=0.7063, clf_loss=0.0494, lbl_loss=0.6570
Epoch 137 loss=0.7160, clf_loss=0.0527, lbl_loss=0.6633
Epoch 138 loss=0.7275, clf_loss=0.0691, lbl_loss=0.6584
Epoch 139 loss=0.7094, clf_loss=0.0577, lbl_loss=0.6517
Epoch 140 loss=0.7089, clf_loss=0.0501, lbl_loss=0.6588
Epoch 141 loss=0.7205, clf_loss=0.0575, lbl_loss=0.6630
Epoch 142 loss=0.7095, clf_loss=0.0571, lbl_loss=0.6524
Epoch 143 loss=0.6916, clf_loss=0.0535, lbl_loss=0.6381
Epoch 144 loss=0.7127, clf_loss=0.0490, lbl_loss=0.6636
Epoch 145 loss=0.6964, clf_loss=0.0537, lbl_loss=0.6427
Epoch 146 loss=0.7033, clf_loss=0.0588, lbl_loss=0.6446
Epoch 147 loss=0.7048, clf_loss=0.0482, lbl_loss=0.6566
Epoch 148 loss=0.7005, clf_loss=0.0484, lbl_loss=0.6521
Epoch 149 loss=0.7187, clf_loss=0.0564, lbl_loss=0.6623
Epoch 150 loss=0.6842, clf_loss=0.0375, lbl_loss=0.6467
Epoch 151 loss=0.6941, clf_loss=0.0482, lbl_loss=0.6460
Epoch 152 loss=0.6935, clf_loss=0.0506, lbl_loss=0.6429
Epoch 153 loss=0.7130, clf_loss=0.0469, lbl_loss=0.6661
Epoch 154 loss=0.7129, clf_loss=0.0493, lbl_loss=0.6635
Epoch 155 loss=0.7113, clf_loss=0.0525, lbl_loss=0.6588
Epoch 156 loss=0.6883, clf_loss=0.0430, lbl_loss=0.6453
Epoch 157 loss=0.7005, clf_loss=0.0517, lbl_loss=0.6488
Epoch 158 loss=0.7014, clf_loss=0.0484, lbl_loss=0.6530
Epoch 159 loss=0.7147, clf_loss=0.0565, lbl_loss=0.6582
Epoch 160 loss=0.6946, clf_loss=0.0416, lbl_loss=0.6529
Epoch 161 loss=0.7098, clf_loss=0.0546, lbl_loss=0.6552
Epoch 162 loss=0.7073, clf_loss=0.0405, lbl_loss=0.6668
Epoch 163 loss=0.6844, clf_loss=0.0491, lbl_loss=0.6353
Epoch 164 loss=0.7107, clf_loss=0.0567, lbl_loss=0.6540
Epoch 165 loss=0.6934, clf_loss=0.0354, lbl_loss=0.6580
Epoch 166 loss=0.6907, clf_loss=0.0405, lbl_loss=0.6502
Epoch 167 loss=0.7179, clf_loss=0.0471, lbl_loss=0.6708
Epoch 168 loss=0.6916, clf_loss=0.0381, lbl_loss=0.6535
Epoch 169 loss=0.6870, clf_loss=0.0389, lbl_loss=0.6480
Epoch 170 loss=0.6956, clf_loss=0.0523, lbl_loss=0.6433
Epoch 171 loss=0.7022, clf_loss=0.0560, lbl_loss=0.6461
Epoch 172 loss=0.6780, clf_loss=0.0270, lbl_loss=0.6510
Epoch 173 loss=0.7144, clf_loss=0.0468, lbl_loss=0.6676
Epoch 174 loss=0.6761, clf_loss=0.0324, lbl_loss=0.6437
Epoch 175 loss=0.6840, clf_loss=0.0325, lbl_loss=0.6515
Epoch 176 loss=0.6771, clf_loss=0.0424, lbl_loss=0.6348
Epoch 177 loss=0.6641, clf_loss=0.0350, lbl_loss=0.6292
Epoch 178 loss=0.6616, clf_loss=0.0240, lbl_loss=0.6376
Epoch 179 loss=0.6859, clf_loss=0.0479, lbl_loss=0.6380
Epoch 180 loss=0.6756, clf_loss=0.0243, lbl_loss=0.6513
Epoch 181 loss=0.6749, clf_loss=0.0293, lbl_loss=0.6455
Epoch 182 loss=0.6665, clf_loss=0.0280, lbl_loss=0.6385
Epoch 183 loss=0.6743, clf_loss=0.0357, lbl_loss=0.6386
Epoch 184 loss=0.6584, clf_loss=0.0270, lbl_loss=0.6314
Epoch 185 loss=0.6663, clf_loss=0.0390, lbl_loss=0.6273
Epoch 186 loss=0.6967, clf_loss=0.0329, lbl_loss=0.6638
Epoch 187 loss=0.6872, clf_loss=0.0358, lbl_loss=0.6514
Epoch 188 loss=0.6833, clf_loss=0.0408, lbl_loss=0.6425
Epoch 189 loss=0.6714, clf_loss=0.0293, lbl_loss=0.6422
Epoch 190 loss=0.6737, clf_loss=0.0281, lbl_loss=0.6456
Epoch 191 loss=0.6825, clf_loss=0.0355, lbl_loss=0.6470
Epoch 192 loss=0.6753, clf_loss=0.0257, lbl_loss=0.6496
Epoch 193 loss=0.6876, clf_loss=0.0361, lbl_loss=0.6515
Epoch 194 loss=0.6621, clf_loss=0.0293, lbl_loss=0.6328
Epoch 195 loss=0.6767, clf_loss=0.0304, lbl_loss=0.6462
Epoch 196 loss=0.6541, clf_loss=0.0289, lbl_loss=0.6251
Epoch 197 loss=0.6397, clf_loss=0.0179, lbl_loss=0.6218
Epoch 198 loss=0.6840, clf_loss=0.0265, lbl_loss=0.6575
Epoch 199 loss=0.6681, clf_loss=0.0206, lbl_loss=0.6476
Epoch 200 loss=0.6743, clf_loss=0.0364, lbl_loss=0.6379
Epoch 201 loss=0.6557, clf_loss=0.0281, lbl_loss=0.6276
Epoch 202 loss=0.7112, clf_loss=0.0396, lbl_loss=0.6716
Epoch 203 loss=0.6734, clf_loss=0.0236, lbl_loss=0.6498
Epoch 204 loss=0.6800, clf_loss=0.0290, lbl_loss=0.6510
Epoch 205 loss=0.6600, clf_loss=0.0189, lbl_loss=0.6410
Epoch 206 loss=0.6767, clf_loss=0.0275, lbl_loss=0.6492
Epoch 207 loss=0.6666, clf_loss=0.0179, lbl_loss=0.6487
Epoch 208 loss=0.6629, clf_loss=0.0259, lbl_loss=0.6370
Epoch 209 loss=0.6636, clf_loss=0.0186, lbl_loss=0.6449
Epoch 210 loss=0.6692, clf_loss=0.0256, lbl_loss=0.6436
Epoch 211 loss=0.6625, clf_loss=0.0272, lbl_loss=0.6353
Epoch 212 loss=0.6534, clf_loss=0.0242, lbl_loss=0.6292
Epoch 213 loss=0.6380, clf_loss=0.0134, lbl_loss=0.6246
Epoch 214 loss=0.6484, clf_loss=0.0131, lbl_loss=0.6353
Epoch 215 loss=0.6558, clf_loss=0.0222, lbl_loss=0.6337
Epoch 216 loss=0.6512, clf_loss=0.0180, lbl_loss=0.6332
Epoch 217 loss=0.6568, clf_loss=0.0188, lbl_loss=0.6380
Epoch 218 loss=0.6447, clf_loss=0.0149, lbl_loss=0.6299
Epoch 219 loss=0.6685, clf_loss=0.0218, lbl_loss=0.6467
Epoch 220 loss=0.6599, clf_loss=0.0095, lbl_loss=0.6504
Epoch 221 loss=0.6723, clf_loss=0.0176, lbl_loss=0.6547
Epoch 222 loss=0.6522, clf_loss=0.0240, lbl_loss=0.6282
Epoch 223 loss=0.6535, clf_loss=0.0115, lbl_loss=0.6420
Epoch 224 loss=0.6746, clf_loss=0.0167, lbl_loss=0.6579
Epoch 225 loss=0.6460, clf_loss=0.0149, lbl_loss=0.6310
Epoch 226 loss=0.6553, clf_loss=0.0173, lbl_loss=0.6380
Epoch 227 loss=0.6372, clf_loss=0.0083, lbl_loss=0.6289
Epoch 228 loss=0.6655, clf_loss=0.0236, lbl_loss=0.6419
Epoch 229 loss=0.6544, clf_loss=0.0145, lbl_loss=0.6399
Epoch 230 loss=0.6695, clf_loss=0.0319, lbl_loss=0.6375
Epoch 231 loss=0.6538, clf_loss=0.0222, lbl_loss=0.6316
Epoch 232 loss=0.6552, clf_loss=0.0160, lbl_loss=0.6392
Epoch 233 loss=0.6542, clf_loss=0.0216, lbl_loss=0.6326
Epoch 234 loss=0.6304, clf_loss=0.0128, lbl_loss=0.6175
Epoch 235 loss=0.6446, clf_loss=0.0112, lbl_loss=0.6334
Epoch 236 loss=0.6643, clf_loss=0.0173, lbl_loss=0.6470
Epoch 237 loss=0.6084, clf_loss=0.0082, lbl_loss=0.6002
Epoch 238 loss=0.6559, clf_loss=0.0168, lbl_loss=0.6392
Epoch 239 loss=0.6517, clf_loss=0.0125, lbl_loss=0.6391
Epoch 240 loss=0.6666, clf_loss=0.0146, lbl_loss=0.6520
Epoch 241 loss=0.6179, clf_loss=0.0058, lbl_loss=0.6120
Epoch 242 loss=0.6361, clf_loss=0.0074, lbl_loss=0.6286
Epoch 243 loss=0.6402, clf_loss=0.0085, lbl_loss=0.6317
Epoch 244 loss=0.6520, clf_loss=0.0282, lbl_loss=0.6238
Epoch 245 loss=0.6369, clf_loss=0.0134, lbl_loss=0.6235
Epoch 246 loss=0.6557, clf_loss=0.0185, lbl_loss=0.6372
Epoch 247 loss=0.6441, clf_loss=0.0127, lbl_loss=0.6314
Epoch 248 loss=0.6576, clf_loss=0.0181, lbl_loss=0.6395
Epoch 249 loss=0.6325, clf_loss=0.0048, lbl_loss=0.6277
Epoch 250 loss=0.6514, clf_loss=0.0150, lbl_loss=0.6364
Epoch 251 loss=0.6518, clf_loss=0.0115, lbl_loss=0.6403
Epoch 252 loss=0.6498, clf_loss=0.0093, lbl_loss=0.6406
Epoch 253 loss=0.6397, clf_loss=0.0086, lbl_loss=0.6311
Epoch 254 loss=0.6704, clf_loss=0.0143, lbl_loss=0.6561
Epoch 255 loss=0.6457, clf_loss=0.0080, lbl_loss=0.6377
Epoch 256 loss=0.6670, clf_loss=0.0173, lbl_loss=0.6496
Epoch 257 loss=0.6784, clf_loss=0.0263, lbl_loss=0.6521
Epoch 258 loss=0.6520, clf_loss=0.0074, lbl_loss=0.6446
Epoch 259 loss=0.6896, clf_loss=0.0469, lbl_loss=0.6427
Epoch 260 loss=0.6554, clf_loss=0.0107, lbl_loss=0.6446
Epoch 261 loss=0.6289, clf_loss=0.0076, lbl_loss=0.6213
Epoch 262 loss=0.6654, clf_loss=0.0231, lbl_loss=0.6423
Epoch 263 loss=0.6271, clf_loss=0.0166, lbl_loss=0.6105
Epoch 264 loss=0.6415, clf_loss=0.0220, lbl_loss=0.6195
Epoch 265 loss=0.6345, clf_loss=0.0339, lbl_loss=0.6006
Epoch 266 loss=0.6392, clf_loss=0.0054, lbl_loss=0.6338
Epoch 267 loss=0.6438, clf_loss=0.0208, lbl_loss=0.6229
Epoch 268 loss=0.6606, clf_loss=0.0288, lbl_loss=0.6318
Epoch 269 loss=0.6501, clf_loss=0.0254, lbl_loss=0.6248
Epoch 270 loss=0.6629, clf_loss=0.0225, lbl_loss=0.6405
Epoch 271 loss=0.6319, clf_loss=0.0125, lbl_loss=0.6195
Epoch 272 loss=0.6410, clf_loss=0.0093, lbl_loss=0.6317
Epoch 273 loss=0.6606, clf_loss=0.0184, lbl_loss=0.6422
Epoch 274 loss=0.6122, clf_loss=0.0100, lbl_loss=0.6022
Epoch 275 loss=0.6526, clf_loss=0.0356, lbl_loss=0.6170
Epoch 276 loss=0.6345, clf_loss=0.0070, lbl_loss=0.6275
Epoch 277 loss=0.6561, clf_loss=0.0203, lbl_loss=0.6358
Epoch 278 loss=0.6310, clf_loss=0.0199, lbl_loss=0.6111
Epoch 279 loss=0.6369, clf_loss=0.0087, lbl_loss=0.6282
Epoch 280 loss=0.6342, clf_loss=0.0215, lbl_loss=0.6127
Epoch 281 loss=0.6492, clf_loss=0.0110, lbl_loss=0.6382
Epoch 282 loss=0.6339, clf_loss=0.0140, lbl_loss=0.6199
Epoch 283 loss=0.6578, clf_loss=0.0106, lbl_loss=0.6472
Epoch 284 loss=0.6299, clf_loss=0.0138, lbl_loss=0.6162
Epoch 285 loss=0.6115, clf_loss=0.0166, lbl_loss=0.5948
Epoch 286 loss=0.6354, clf_loss=0.0138, lbl_loss=0.6216
Epoch 287 loss=0.6240, clf_loss=0.0106, lbl_loss=0.6134
Epoch 288 loss=0.6416, clf_loss=0.0101, lbl_loss=0.6315
Epoch 289 loss=0.6479, clf_loss=0.0156, lbl_loss=0.6323
Epoch 290 loss=0.6551, clf_loss=0.0202, lbl_loss=0.6349
Epoch 291 loss=0.6576, clf_loss=0.0217, lbl_loss=0.6359
Epoch 292 loss=0.6464, clf_loss=0.0196, lbl_loss=0.6269
Epoch 293 loss=0.6373, clf_loss=0.0059, lbl_loss=0.6314
Epoch 294 loss=0.6530, clf_loss=0.0080, lbl_loss=0.6450
Epoch 295 loss=0.6168, clf_loss=0.0089, lbl_loss=0.6078
Epoch 296 loss=0.6383, clf_loss=0.0135, lbl_loss=0.6248
Epoch 297 loss=0.6244, clf_loss=0.0048, lbl_loss=0.6196
Epoch 298 loss=0.6237, clf_loss=0.0137, lbl_loss=0.6100
Epoch 299 loss=0.6257, clf_loss=0.0098, lbl_loss=0.6159
Epoch 300 loss=0.6510, clf_loss=0.0099, lbl_loss=0.6410
Epoch 301 loss=0.6534, clf_loss=0.0195, lbl_loss=0.6338
Epoch 302 loss=0.6423, clf_loss=0.0054, lbl_loss=0.6369
Epoch 303 loss=0.6345, clf_loss=0.0170, lbl_loss=0.6175
Epoch 304 loss=0.6418, clf_loss=0.0130, lbl_loss=0.6288
Epoch 305 loss=0.6333, clf_loss=0.0069, lbl_loss=0.6263
Epoch 306 loss=0.6312, clf_loss=0.0160, lbl_loss=0.6152
Epoch 307 loss=0.6513, clf_loss=0.0091, lbl_loss=0.6422
Epoch 308 loss=0.6121, clf_loss=0.0118, lbl_loss=0.6002
Epoch 309 loss=0.6429, clf_loss=0.0207, lbl_loss=0.6222
Epoch 310 loss=0.6192, clf_loss=0.0086, lbl_loss=0.6106
Epoch 311 loss=0.6290, clf_loss=0.0085, lbl_loss=0.6205
Epoch 312 loss=0.6146, clf_loss=0.0143, lbl_loss=0.6003
Epoch 313 loss=0.6305, clf_loss=0.0110, lbl_loss=0.6195
Epoch 314 loss=0.6287, clf_loss=0.0039, lbl_loss=0.6248
Epoch 315 loss=0.6237, clf_loss=0.0071, lbl_loss=0.6166
Epoch 316 loss=0.6510, clf_loss=0.0140, lbl_loss=0.6370
Epoch 317 loss=0.6327, clf_loss=0.0049, lbl_loss=0.6278
Epoch 318 loss=0.6369, clf_loss=0.0181, lbl_loss=0.6188
Epoch 319 loss=0.6395, clf_loss=0.0090, lbl_loss=0.6305
Epoch 320 loss=0.6345, clf_loss=0.0071, lbl_loss=0.6274
Epoch 321 loss=0.6036, clf_loss=0.0048, lbl_loss=0.5989
Epoch 322 loss=0.6271, clf_loss=0.0114, lbl_loss=0.6156
Epoch 323 loss=0.6474, clf_loss=0.0161, lbl_loss=0.6313
Epoch 324 loss=0.6664, clf_loss=0.0156, lbl_loss=0.6508
Epoch 325 loss=0.6348, clf_loss=0.0089, lbl_loss=0.6259
Epoch 326 loss=0.6497, clf_loss=0.0154, lbl_loss=0.6343
Epoch 327 loss=0.6231, clf_loss=0.0165, lbl_loss=0.6066
Epoch 328 loss=0.6310, clf_loss=0.0038, lbl_loss=0.6272
Epoch 329 loss=0.6535, clf_loss=0.0224, lbl_loss=0.6310
Epoch 330 loss=0.6468, clf_loss=0.0092, lbl_loss=0.6376
Epoch 331 loss=0.6286, clf_loss=0.0049, lbl_loss=0.6237
Epoch 332 loss=0.6657, clf_loss=0.0281, lbl_loss=0.6377
Epoch 333 loss=0.6277, clf_loss=0.0099, lbl_loss=0.6177
Epoch 334 loss=0.6317, clf_loss=0.0109, lbl_loss=0.6208
Epoch 335 loss=0.6399, clf_loss=0.0206, lbl_loss=0.6194
Epoch 336 loss=0.6133, clf_loss=0.0099, lbl_loss=0.6034
Epoch 337 loss=0.6306, clf_loss=0.0081, lbl_loss=0.6225
Epoch 338 loss=0.6267, clf_loss=0.0198, lbl_loss=0.6068
Epoch 339 loss=0.6371, clf_loss=0.0164, lbl_loss=0.6207
Epoch 340 loss=0.6083, clf_loss=0.0078, lbl_loss=0.6005
Epoch 341 loss=0.6716, clf_loss=0.0357, lbl_loss=0.6359
Epoch 342 loss=0.6321, clf_loss=0.0156, lbl_loss=0.6165
Epoch 343 loss=0.6321, clf_loss=0.0159, lbl_loss=0.6161
Epoch 344 loss=0.6488, clf_loss=0.0356, lbl_loss=0.6133
Epoch 345 loss=0.6439, clf_loss=0.0073, lbl_loss=0.6366
Epoch 346 loss=0.6370, clf_loss=0.0117, lbl_loss=0.6253
Epoch 347 loss=0.6773, clf_loss=0.0459, lbl_loss=0.6314
Epoch 348 loss=0.6284, clf_loss=0.0051, lbl_loss=0.6233
Epoch 349 loss=0.6581, clf_loss=0.0361, lbl_loss=0.6220
Epoch 350 loss=0.6081, clf_loss=0.0104, lbl_loss=0.5977
Epoch 351 loss=0.6028, clf_loss=0.0174, lbl_loss=0.5854
Epoch 352 loss=0.6456, clf_loss=0.0208, lbl_loss=0.6247
Epoch 353 loss=0.6678, clf_loss=0.0332, lbl_loss=0.6346
Epoch 354 loss=0.6210, clf_loss=0.0109, lbl_loss=0.6101
Epoch 355 loss=0.6658, clf_loss=0.0521, lbl_loss=0.6137
Epoch 356 loss=0.6589, clf_loss=0.0258, lbl_loss=0.6331
Epoch 357 loss=0.6477, clf_loss=0.0088, lbl_loss=0.6389
Epoch 358 loss=0.6781, clf_loss=0.0403, lbl_loss=0.6378
Epoch 359 loss=0.6386, clf_loss=0.0099, lbl_loss=0.6287
Epoch 360 loss=0.6204, clf_loss=0.0053, lbl_loss=0.6151
Epoch 361 loss=0.6029, clf_loss=0.0195, lbl_loss=0.5834
Epoch 362 loss=0.6439, clf_loss=0.0344, lbl_loss=0.6095
Epoch 363 loss=0.6434, clf_loss=0.0092, lbl_loss=0.6341
Epoch 364 loss=0.6124, clf_loss=0.0083, lbl_loss=0.6041
Epoch 365 loss=0.6194, clf_loss=0.0072, lbl_loss=0.6122
Epoch 366 loss=0.6250, clf_loss=0.0191, lbl_loss=0.6059
Epoch 367 loss=0.6530, clf_loss=0.0227, lbl_loss=0.6304
Epoch 368 loss=0.6299, clf_loss=0.0090, lbl_loss=0.6209
Epoch 369 loss=0.6062, clf_loss=0.0128, lbl_loss=0.5934
Epoch 370 loss=0.6224, clf_loss=0.0115, lbl_loss=0.6110
Epoch 371 loss=0.5969, clf_loss=0.0067, lbl_loss=0.5902
Epoch 372 loss=0.6288, clf_loss=0.0086, lbl_loss=0.6202
Epoch 373 loss=0.5986, clf_loss=0.0083, lbl_loss=0.5903
Epoch 374 loss=0.6159, clf_loss=0.0150, lbl_loss=0.6009
Epoch 375 loss=0.6291, clf_loss=0.0056, lbl_loss=0.6235
Epoch 376 loss=0.6678, clf_loss=0.0111, lbl_loss=0.6567
Epoch 377 loss=0.6221, clf_loss=0.0093, lbl_loss=0.6127
Epoch 378 loss=0.6293, clf_loss=0.0190, lbl_loss=0.6104
Epoch 379 loss=0.6228, clf_loss=0.0089, lbl_loss=0.6139
Epoch 380 loss=0.6458, clf_loss=0.0109, lbl_loss=0.6349
Epoch 381 loss=0.6204, clf_loss=0.0087, lbl_loss=0.6117
Epoch 382 loss=0.6043, clf_loss=0.0101, lbl_loss=0.5942
Epoch 383 loss=0.6101, clf_loss=0.0088, lbl_loss=0.6013
Epoch 384 loss=0.6230, clf_loss=0.0136, lbl_loss=0.6094
Epoch 385 loss=0.6267, clf_loss=0.0150, lbl_loss=0.6117
Epoch 386 loss=0.6319, clf_loss=0.0092, lbl_loss=0.6226
Epoch 387 loss=0.5991, clf_loss=0.0068, lbl_loss=0.5923
Epoch 388 loss=0.6060, clf_loss=0.0075, lbl_loss=0.5985
Epoch 389 loss=0.6490, clf_loss=0.0295, lbl_loss=0.6195
Epoch 390 loss=0.6241, clf_loss=0.0071, lbl_loss=0.6169
Epoch 391 loss=0.6140, clf_loss=0.0054, lbl_loss=0.6086
Epoch 392 loss=0.6411, clf_loss=0.0155, lbl_loss=0.6256
Epoch 393 loss=0.6202, clf_loss=0.0075, lbl_loss=0.6128
Epoch 394 loss=0.6066, clf_loss=0.0029, lbl_loss=0.6038
Epoch 395 loss=0.6167, clf_loss=0.0119, lbl_loss=0.6048
Epoch 396 loss=0.6327, clf_loss=0.0140, lbl_loss=0.6187
Epoch 397 loss=0.6269, clf_loss=0.0190, lbl_loss=0.6079
Epoch 398 loss=0.6176, clf_loss=0.0197, lbl_loss=0.5979
Epoch 399 loss=0.6144, clf_loss=0.0152, lbl_loss=0.5992
  rotation 6: best ROC 0.7508 PR 0.3411 | valsel ROC 0.7097 (epoch 181) | 308s
  wrote results/rotations/computers_nsreg_s1_NT_lr0.001_wd0.0001_rot6.json
