# gpu=4 cmd=/usr/bin/python3 -u baselines/run_nsreg.py --dataset photo --seed 1 --method nsreg --tag NT_lr0.001_wd0.0001 --rotations 0 --set lr=0.001 lbl_lr=0.001 clf_lr=0.001 weight_decay=0.0001 n_epochs=400
/nas/home/jahin/.local/lib/python3.10/site-packages/requests/__init__.py:113: RequestsDependencyWarning: urllib3 (1.26.5) or chardet (7.2.0)/charset_normalizer (3.4.4) doesn't match a supported version!
  warnings.warn(
[0.04823529 0.22039216 0.09189542 0.11960784 0.11529412 0.1075817
 0.25372549 0.04326797]
[photo] NSReg, rotations [np.int64(0)] of [np.int64(0), np.int64(7)]
[photo] n_epochs=400 eval_every=1 input_dim=745 wd=0.0001 lr=0.001
Normal classes: [1, 2, 3, 4, 5, 6] in photo
using idx from: split_50.pkl - num known anomalies 50
num known anomalies: 50
Building multi-layer GraphSage
GRAPHSAGE used as the encoder
building the dataloader ...
/nas/home/jahin/.local/lib/python3.10/site-packages/torch/functional.py:554: UserWarning: torch.meshgrid: in an upcoming release, it will be required to pass the indexing argument. (Triggered internally at /pytorch/aten/src/ATen/native/TensorShape.cpp:4314.)
  return _VF.meshgrid(tensors, **kwargs)  # type: ignore[attr-defined]
num train pos edges: 764  num train neg edges: 3868
NSReg Training ...
Batch mode: enabled original propertion
Epoch  0 loss=1.6434, clf_loss=0.9473, lbl_loss=0.6960
Epoch  1 loss=1.4316, clf_loss=0.7474, lbl_loss=0.6841
Epoch  2 loss=1.3168, clf_loss=0.6393, lbl_loss=0.6775
Epoch  3 loss=1.2241, clf_loss=0.5456, lbl_loss=0.6785
Epoch  4 loss=1.1215, clf_loss=0.4481, lbl_loss=0.6735
Epoch  5 loss=1.0335, clf_loss=0.3650, lbl_loss=0.6685
Epoch  6 loss=1.0038, clf_loss=0.3273, lbl_loss=0.6765
Epoch  7 loss=1.0036, clf_loss=0.3366, lbl_loss=0.6670
Epoch  8 loss=1.0437, clf_loss=0.3645, lbl_loss=0.6792
Epoch  9 loss=1.0382, clf_loss=0.3780, lbl_loss=0.6603
Epoch 10 loss=1.0570, clf_loss=0.3806, lbl_loss=0.6765
Epoch 11 loss=1.0382, clf_loss=0.3677, lbl_loss=0.6705
Epoch 12 loss=1.0331, clf_loss=0.3580, lbl_loss=0.6751
Epoch 13 loss=1.0092, clf_loss=0.3295, lbl_loss=0.6798
Epoch 14 loss=0.9955, clf_loss=0.3138, lbl_loss=0.6818
Epoch 15 loss=0.9811, clf_loss=0.3067, lbl_loss=0.6744
Epoch 16 loss=0.9680, clf_loss=0.3064, lbl_loss=0.6616
Epoch 17 loss=1.0015, clf_loss=0.3155, lbl_loss=0.6860
Epoch 18 loss=0.9894, clf_loss=0.3185, lbl_loss=0.6709
Epoch 19 loss=0.9841, clf_loss=0.3203, lbl_loss=0.6638
Epoch 20 loss=0.9762, clf_loss=0.3166, lbl_loss=0.6596
Epoch 21 loss=0.9717, clf_loss=0.3108, lbl_loss=0.6609
Epoch 22 loss=0.9724, clf_loss=0.3041, lbl_loss=0.6684
Epoch 23 loss=0.9730, clf_loss=0.2940, lbl_loss=0.6790
Epoch 24 loss=0.9707, clf_loss=0.2924, lbl_loss=0.6784
Epoch 25 loss=0.9582, clf_loss=0.2880, lbl_loss=0.6703
Epoch 26 loss=0.9536, clf_loss=0.2797, lbl_loss=0.6739
Epoch 27 loss=0.9584, clf_loss=0.2858, lbl_loss=0.6725
Epoch 28 loss=0.9427, clf_loss=0.2794, lbl_loss=0.6633
Epoch 29 loss=0.9436, clf_loss=0.2738, lbl_loss=0.6698
Epoch 30 loss=0.9656, clf_loss=0.2801, lbl_loss=0.6855
Epoch 31 loss=0.9485, clf_loss=0.2774, lbl_loss=0.6711
Epoch 32 loss=0.9471, clf_loss=0.2704, lbl_loss=0.6768
Epoch 33 loss=0.9381, clf_loss=0.2715, lbl_loss=0.6666
Epoch 34 loss=0.9350, clf_loss=0.2630, lbl_loss=0.6721
Epoch 35 loss=0.9244, clf_loss=0.2595, lbl_loss=0.6648
Epoch 36 loss=0.9433, clf_loss=0.2654, lbl_loss=0.6779
Epoch 37 loss=0.9313, clf_loss=0.2567, lbl_loss=0.6747
Epoch 38 loss=0.9185, clf_loss=0.2555, lbl_loss=0.6630
Epoch 39 loss=0.9290, clf_loss=0.2522, lbl_loss=0.6768
Epoch 40 loss=0.9240, clf_loss=0.2495, lbl_loss=0.6746
Epoch 41 loss=0.9175, clf_loss=0.2448, lbl_loss=0.6727
Epoch 42 loss=0.9066, clf_loss=0.2457, lbl_loss=0.6609
Epoch 43 loss=0.9004, clf_loss=0.2371, lbl_loss=0.6633
Epoch 44 loss=0.9179, clf_loss=0.2373, lbl_loss=0.6807
Epoch 45 loss=0.8904, clf_loss=0.2330, lbl_loss=0.6573
Epoch 46 loss=0.8932, clf_loss=0.2359, lbl_loss=0.6572
Epoch 47 loss=0.8877, clf_loss=0.2317, lbl_loss=0.6560
Epoch 48 loss=0.9084, clf_loss=0.2260, lbl_loss=0.6825
Epoch 49 loss=0.9037, clf_loss=0.2249, lbl_loss=0.6788
Epoch 50 loss=0.8971, clf_loss=0.2166, lbl_loss=0.6805
Epoch 51 loss=0.8975, clf_loss=0.2238, lbl_loss=0.6737
Epoch 52 loss=0.8930, clf_loss=0.2205, lbl_loss=0.6726
Epoch 53 loss=0.8844, clf_loss=0.2143, lbl_loss=0.6701
Epoch 54 loss=0.8842, clf_loss=0.2116, lbl_loss=0.6726
Epoch 55 loss=0.8847, clf_loss=0.2127, lbl_loss=0.6720
Epoch 56 loss=0.8814, clf_loss=0.2042, lbl_loss=0.6772
Epoch 57 loss=0.8734, clf_loss=0.2052, lbl_loss=0.6681
Epoch 58 loss=0.8621, clf_loss=0.1991, lbl_loss=0.6630
Epoch 59 loss=0.8687, clf_loss=0.2030, lbl_loss=0.6657
Epoch 60 loss=0.8659, clf_loss=0.1984, lbl_loss=0.6675
Epoch 61 loss=0.8776, clf_loss=0.2001, lbl_loss=0.6775
Epoch 62 loss=0.8652, clf_loss=0.1962, lbl_loss=0.6690
Epoch 63 loss=0.8570, clf_loss=0.1877, lbl_loss=0.6693
Epoch 64 loss=0.8706, clf_loss=0.1866, lbl_loss=0.6840
Epoch 65 loss=0.8504, clf_loss=0.1896, lbl_loss=0.6608
Epoch 66 loss=0.8475, clf_loss=0.1805, lbl_loss=0.6670
Epoch 67 loss=0.8386, clf_loss=0.1828, lbl_loss=0.6557
Epoch 68 loss=0.8424, clf_loss=0.1745, lbl_loss=0.6678
Epoch 69 loss=0.8408, clf_loss=0.1798, lbl_loss=0.6610
Epoch 70 loss=0.8326, clf_loss=0.1684, lbl_loss=0.6642
Epoch 71 loss=0.8262, clf_loss=0.1614, lbl_loss=0.6648
Epoch 72 loss=0.8175, clf_loss=0.1618, lbl_loss=0.6557
Epoch 73 loss=0.8131, clf_loss=0.1586, lbl_loss=0.6545
Epoch 74 loss=0.8205, clf_loss=0.1539, lbl_loss=0.6666
Epoch 75 loss=0.8217, clf_loss=0.1632, lbl_loss=0.6585
Epoch 76 loss=0.8053, clf_loss=0.1469, lbl_loss=0.6584
Epoch 77 loss=0.8353, clf_loss=0.1541, lbl_loss=0.6812
Epoch 78 loss=0.8250, clf_loss=0.1481, lbl_loss=0.6770
Epoch 79 loss=0.8067, clf_loss=0.1421, lbl_loss=0.6646
Epoch 80 loss=0.8095, clf_loss=0.1401, lbl_loss=0.6694
Epoch 81 loss=0.7939, clf_loss=0.1322, lbl_loss=0.6617
Epoch 82 loss=0.7894, clf_loss=0.1334, lbl_loss=0.6560
Epoch 83 loss=0.7764, clf_loss=0.1202, lbl_loss=0.6562
Epoch 84 loss=0.7870, clf_loss=0.1275, lbl_loss=0.6595
Epoch 85 loss=0.7956, clf_loss=0.1232, lbl_loss=0.6723
Epoch 86 loss=0.7999, clf_loss=0.1232, lbl_loss=0.6768
Epoch 87 loss=0.7734, clf_loss=0.1224, lbl_loss=0.6510
Epoch 88 loss=0.7757, clf_loss=0.1118, lbl_loss=0.6639
Epoch 89 loss=0.7539, clf_loss=0.0916, lbl_loss=0.6623
Epoch 90 loss=0.7572, clf_loss=0.1018, lbl_loss=0.6554
Epoch 91 loss=0.7473, clf_loss=0.0991, lbl_loss=0.6482
Epoch 92 loss=0.7534, clf_loss=0.0974, lbl_loss=0.6561
Epoch 93 loss=0.7499, clf_loss=0.0863, lbl_loss=0.6636
Epoch 94 loss=0.7338, clf_loss=0.0822, lbl_loss=0.6517
Epoch 95 loss=0.7217, clf_loss=0.0707, lbl_loss=0.6510
Epoch 96 loss=0.7333, clf_loss=0.0750, lbl_loss=0.6583
Epoch 97 loss=0.7156, clf_loss=0.0725, lbl_loss=0.6431
Epoch 98 loss=0.7325, clf_loss=0.0670, lbl_loss=0.6655
Epoch 99 loss=0.7293, clf_loss=0.0718, lbl_loss=0.6575
Epoch 100 loss=0.7241, clf_loss=0.0717, lbl_loss=0.6524
Epoch 101 loss=0.7009, clf_loss=0.0637, lbl_loss=0.6372
Epoch 102 loss=0.7265, clf_loss=0.0750, lbl_loss=0.6514
Epoch 103 loss=0.7099, clf_loss=0.0657, lbl_loss=0.6442
Epoch 104 loss=0.7252, clf_loss=0.0694, lbl_loss=0.6558
Epoch 105 loss=0.7201, clf_loss=0.0649, lbl_loss=0.6552
Epoch 106 loss=0.7127, clf_loss=0.0617, lbl_loss=0.6510
Epoch 107 loss=0.6808, clf_loss=0.0409, lbl_loss=0.6399
Epoch 108 loss=0.6908, clf_loss=0.0530, lbl_loss=0.6378
Epoch 109 loss=0.6789, clf_loss=0.0483, lbl_loss=0.6306
Epoch 110 loss=0.6730, clf_loss=0.0359, lbl_loss=0.6371
Epoch 111 loss=0.6731, clf_loss=0.0424, lbl_loss=0.6307
Epoch 112 loss=0.6805, clf_loss=0.0407, lbl_loss=0.6398
Epoch 113 loss=0.6831, clf_loss=0.0393, lbl_loss=0.6438
Epoch 114 loss=0.6880, clf_loss=0.0404, lbl_loss=0.6476
Epoch 115 loss=0.6574, clf_loss=0.0328, lbl_loss=0.6247
Epoch 116 loss=0.6806, clf_loss=0.0272, lbl_loss=0.6534
Epoch 117 loss=0.6675, clf_loss=0.0296, lbl_loss=0.6379
Epoch 118 loss=0.6794, clf_loss=0.0404, lbl_loss=0.6390
Epoch 119 loss=0.6550, clf_loss=0.0278, lbl_loss=0.6272
Epoch 120 loss=0.6518, clf_loss=0.0265, lbl_loss=0.6254
Epoch 121 loss=0.6621, clf_loss=0.0333, lbl_loss=0.6289
Epoch 122 loss=0.6435, clf_loss=0.0229, lbl_loss=0.6206
Epoch 123 loss=0.6464, clf_loss=0.0163, lbl_loss=0.6301
Epoch 124 loss=0.6450, clf_loss=0.0202, lbl_loss=0.6248
Epoch 125 loss=0.6601, clf_loss=0.0246, lbl_loss=0.6354
Epoch 126 loss=0.6604, clf_loss=0.0256, lbl_loss=0.6348
Epoch 127 loss=0.6530, clf_loss=0.0255, lbl_loss=0.6275
Epoch 128 loss=0.6536, clf_loss=0.0175, lbl_loss=0.6361
Epoch 129 loss=0.6660, clf_loss=0.0354, lbl_loss=0.6306
Epoch 130 loss=0.6371, clf_loss=0.0184, lbl_loss=0.6186
Epoch 131 loss=0.6415, clf_loss=0.0215, lbl_loss=0.6200
Epoch 132 loss=0.6411, clf_loss=0.0294, lbl_loss=0.6117
Epoch 133 loss=0.6697, clf_loss=0.0211, lbl_loss=0.6485
Epoch 134 loss=0.6550, clf_loss=0.0109, lbl_loss=0.6442
Epoch 135 loss=0.6329, clf_loss=0.0226, lbl_loss=0.6103
Epoch 136 loss=0.6515, clf_loss=0.0230, lbl_loss=0.6285
Epoch 137 loss=0.6195, clf_loss=0.0184, lbl_loss=0.6010
Epoch 138 loss=0.6453, clf_loss=0.0123, lbl_loss=0.6329
Epoch 139 loss=0.6486, clf_loss=0.0166, lbl_loss=0.6321
Epoch 140 loss=0.6429, clf_loss=0.0208, lbl_loss=0.6221
Epoch 141 loss=0.6500, clf_loss=0.0154, lbl_loss=0.6346
Epoch 142 loss=0.6418, clf_loss=0.0116, lbl_loss=0.6302
Epoch 143 loss=0.6371, clf_loss=0.0197, lbl_loss=0.6174
Epoch 144 loss=0.6452, clf_loss=0.0119, lbl_loss=0.6333
Epoch 145 loss=0.6154, clf_loss=0.0105, lbl_loss=0.6050
Epoch 146 loss=0.6274, clf_loss=0.0205, lbl_loss=0.6068
Epoch 147 loss=0.6118, clf_loss=0.0109, lbl_loss=0.6009
Epoch 148 loss=0.6341, clf_loss=0.0056, lbl_loss=0.6285
Epoch 149 loss=0.6382, clf_loss=0.0057, lbl_loss=0.6325
Epoch 150 loss=0.6278, clf_loss=0.0166, lbl_loss=0.6112
Epoch 151 loss=0.6154, clf_loss=0.0060, lbl_loss=0.6095
Epoch 152 loss=0.5948, clf_loss=0.0077, lbl_loss=0.5871
Epoch 153 loss=0.6251, clf_loss=0.0050, lbl_loss=0.6202
Epoch 154 loss=0.6375, clf_loss=0.0058, lbl_loss=0.6317
Epoch 155 loss=0.6233, clf_loss=0.0075, lbl_loss=0.6158
Epoch 156 loss=0.6402, clf_loss=0.0159, lbl_loss=0.6243
Epoch 157 loss=0.6104, clf_loss=0.0162, lbl_loss=0.5942
Epoch 158 loss=0.6086, clf_loss=0.0055, lbl_loss=0.6031
Epoch 159 loss=0.5980, clf_loss=0.0092, lbl_loss=0.5888
Epoch 160 loss=0.6195, clf_loss=0.0082, lbl_loss=0.6113
Epoch 161 loss=0.5878, clf_loss=0.0050, lbl_loss=0.5828
Epoch 162 loss=0.5966, clf_loss=0.0041, lbl_loss=0.5925
Epoch 163 loss=0.6055, clf_loss=0.0083, lbl_loss=0.5971
Epoch 164 loss=0.5928, clf_loss=0.0100, lbl_loss=0.5828
Epoch 165 loss=0.6056, clf_loss=0.0054, lbl_loss=0.6002
Epoch 166 loss=0.6080, clf_loss=0.0109, lbl_loss=0.5971
Epoch 167 loss=0.5810, clf_loss=0.0030, lbl_loss=0.5780
Epoch 168 loss=0.6064, clf_loss=0.0056, lbl_loss=0.6008
Epoch 169 loss=0.5965, clf_loss=0.0040, lbl_loss=0.5925
Epoch 170 loss=0.5813, clf_loss=0.0080, lbl_loss=0.5733
Epoch 171 loss=0.5866, clf_loss=0.0058, lbl_loss=0.5807
Epoch 172 loss=0.5873, clf_loss=0.0060, lbl_loss=0.5812
Epoch 173 loss=0.6249, clf_loss=0.0078, lbl_loss=0.6170
Epoch 174 loss=0.5924, clf_loss=0.0033, lbl_loss=0.5891
Epoch 175 loss=0.5755, clf_loss=0.0051, lbl_loss=0.5703
Epoch 176 loss=0.6085, clf_loss=0.0039, lbl_loss=0.6045
Epoch 177 loss=0.6103, clf_loss=0.0035, lbl_loss=0.6068
Epoch 178 loss=0.5962, clf_loss=0.0035, lbl_loss=0.5928
Epoch 179 loss=0.6118, clf_loss=0.0041, lbl_loss=0.6077
Epoch 180 loss=0.5947, clf_loss=0.0087, lbl_loss=0.5860
Epoch 181 loss=0.5680, clf_loss=0.0030, lbl_loss=0.5650
Epoch 182 loss=0.6135, clf_loss=0.0022, lbl_loss=0.6113
Epoch 183 loss=0.6222, clf_loss=0.0034, lbl_loss=0.6188
Epoch 184 loss=0.5926, clf_loss=0.0138, lbl_loss=0.5787
Epoch 185 loss=0.6031, clf_loss=0.0013, lbl_loss=0.6018
Epoch 186 loss=0.6182, clf_loss=0.0027, lbl_loss=0.6155
Epoch 187 loss=0.6065, clf_loss=0.0143, lbl_loss=0.5921
Epoch 188 loss=0.5886, clf_loss=0.0021, lbl_loss=0.5865
Epoch 189 loss=0.5739, clf_loss=0.0028, lbl_loss=0.5711
Epoch 190 loss=0.6172, clf_loss=0.0038, lbl_loss=0.6134
Epoch 191 loss=0.5875, clf_loss=0.0078, lbl_loss=0.5797
Epoch 192 loss=0.5785, clf_loss=0.0016, lbl_loss=0.5770
Epoch 193 loss=0.6021, clf_loss=0.0026, lbl_loss=0.5996
Epoch 194 loss=0.5922, clf_loss=0.0062, lbl_loss=0.5860
Epoch 195 loss=0.5793, clf_loss=0.0043, lbl_loss=0.5750
Epoch 196 loss=0.5582, clf_loss=0.0019, lbl_loss=0.5562
Epoch 197 loss=0.5700, clf_loss=0.0018, lbl_loss=0.5683
Epoch 198 loss=0.6137, clf_loss=0.0036, lbl_loss=0.6101
Epoch 199 loss=0.5824, clf_loss=0.0044, lbl_loss=0.5780
Epoch 200 loss=0.6044, clf_loss=0.0024, lbl_loss=0.6020
Epoch 201 loss=0.6029, clf_loss=0.0103, lbl_loss=0.5926
Epoch 202 loss=0.5912, clf_loss=0.0037, lbl_loss=0.5875
Epoch 203 loss=0.5801, clf_loss=0.0053, lbl_loss=0.5747
Epoch 204 loss=0.5695, clf_loss=0.0027, lbl_loss=0.5668
Epoch 205 loss=0.5815, clf_loss=0.0019, lbl_loss=0.5796
Epoch 206 loss=0.5963, clf_loss=0.0014, lbl_loss=0.5950
Epoch 207 loss=0.5979, clf_loss=0.0022, lbl_loss=0.5957
Epoch 208 loss=0.5691, clf_loss=0.0020, lbl_loss=0.5671
Epoch 209 loss=0.5750, clf_loss=0.0023, lbl_loss=0.5727
Epoch 210 loss=0.5632, clf_loss=0.0038, lbl_loss=0.5594
Epoch 211 loss=0.5586, clf_loss=0.0037, lbl_loss=0.5548
Epoch 212 loss=0.5684, clf_loss=0.0029, lbl_loss=0.5655
Epoch 213 loss=0.5898, clf_loss=0.0027, lbl_loss=0.5871
Epoch 214 loss=0.5939, clf_loss=0.0046, lbl_loss=0.5893
Epoch 215 loss=0.5867, clf_loss=0.0036, lbl_loss=0.5831
Epoch 216 loss=0.5754, clf_loss=0.0024, lbl_loss=0.5729
Epoch 217 loss=0.5654, clf_loss=0.0033, lbl_loss=0.5621
Epoch 218 loss=0.5757, clf_loss=0.0068, lbl_loss=0.5689
Epoch 219 loss=0.5729, clf_loss=0.0023, lbl_loss=0.5706
Epoch 220 loss=0.5536, clf_loss=0.0019, lbl_loss=0.5517
Epoch 221 loss=0.5922, clf_loss=0.0013, lbl_loss=0.5909
Epoch 222 loss=0.5498, clf_loss=0.0012, lbl_loss=0.5486
Epoch 223 loss=0.5454, clf_loss=0.0027, lbl_loss=0.5428
Epoch 224 loss=0.5428, clf_loss=0.0023, lbl_loss=0.5405
Epoch 225 loss=0.5756, clf_loss=0.0113, lbl_loss=0.5642
Epoch 226 loss=0.5843, clf_loss=0.0017, lbl_loss=0.5826
Epoch 227 loss=0.5621, clf_loss=0.0068, lbl_loss=0.5553
Epoch 228 loss=0.5802, clf_loss=0.0019, lbl_loss=0.5783
Epoch 229 loss=0.5653, clf_loss=0.0049, lbl_loss=0.5604
Epoch 230 loss=0.5728, clf_loss=0.0013, lbl_loss=0.5715
Epoch 231 loss=0.5711, clf_loss=0.0132, lbl_loss=0.5580
Epoch 232 loss=0.5746, clf_loss=0.0127, lbl_loss=0.5619
Epoch 233 loss=0.5426, clf_loss=0.0023, lbl_loss=0.5403
Epoch 234 loss=0.5336, clf_loss=0.0020, lbl_loss=0.5316
Epoch 235 loss=0.5238, clf_loss=0.0021, lbl_loss=0.5217
Epoch 236 loss=0.5300, clf_loss=0.0073, lbl_loss=0.5227
Epoch 237 loss=0.5457, clf_loss=0.0026, lbl_loss=0.5431
Epoch 238 loss=0.5482, clf_loss=0.0031, lbl_loss=0.5452
Epoch 239 loss=0.5816, clf_loss=0.0036, lbl_loss=0.5781
Epoch 240 loss=0.5301, clf_loss=0.0014, lbl_loss=0.5287
Epoch 241 loss=0.5598, clf_loss=0.0016, lbl_loss=0.5582
Epoch 242 loss=0.5680, clf_loss=0.0026, lbl_loss=0.5654
Epoch 243 loss=0.5524, clf_loss=0.0070, lbl_loss=0.5454
Epoch 244 loss=0.5586, clf_loss=0.0094, lbl_loss=0.5492
Epoch 245 loss=0.5619, clf_loss=0.0020, lbl_loss=0.5598
Epoch 246 loss=0.5305, clf_loss=0.0055, lbl_loss=0.5250
Epoch 247 loss=0.5490, clf_loss=0.0033, lbl_loss=0.5457
Epoch 248 loss=0.5485, clf_loss=0.0146, lbl_loss=0.5339
Epoch 249 loss=0.5690, clf_loss=0.0016, lbl_loss=0.5674
Epoch 250 loss=0.5510, clf_loss=0.0012, lbl_loss=0.5498
Epoch 251 loss=0.5556, clf_loss=0.0014, lbl_loss=0.5541
Epoch 252 loss=0.5325, clf_loss=0.0027, lbl_loss=0.5298
Epoch 253 loss=0.5470, clf_loss=0.0059, lbl_loss=0.5411
Epoch 254 loss=0.5327, clf_loss=0.0031, lbl_loss=0.5296
Epoch 255 loss=0.5186, clf_loss=0.0017, lbl_loss=0.5168
Epoch 256 loss=0.5186, clf_loss=0.0044, lbl_loss=0.5143
Epoch 257 loss=0.5470, clf_loss=0.0010, lbl_loss=0.5460
Epoch 258 loss=0.5345, clf_loss=0.0019, lbl_loss=0.5326
Epoch 259 loss=0.5350, clf_loss=0.0021, lbl_loss=0.5329
Epoch 260 loss=0.5411, clf_loss=0.0013, lbl_loss=0.5398
Epoch 261 loss=0.5233, clf_loss=0.0086, lbl_loss=0.5147
Epoch 262 loss=0.5456, clf_loss=0.0019, lbl_loss=0.5438
Epoch 263 loss=0.5486, clf_loss=0.0010, lbl_loss=0.5476
Epoch 264 loss=0.5156, clf_loss=0.0012, lbl_loss=0.5145
Epoch 265 loss=0.5134, clf_loss=0.0015, lbl_loss=0.5119
Epoch 266 loss=0.5044, clf_loss=0.0017, lbl_loss=0.5026
Epoch 267 loss=0.5205, clf_loss=0.0009, lbl_loss=0.5195
Epoch 268 loss=0.5269, clf_loss=0.0014, lbl_loss=0.5255
Epoch 269 loss=0.5173, clf_loss=0.0011, lbl_loss=0.5162
Epoch 270 loss=0.5654, clf_loss=0.0031, lbl_loss=0.5622
Epoch 271 loss=0.5450, clf_loss=0.0022, lbl_loss=0.5428
Epoch 272 loss=0.5301, clf_loss=0.0041, lbl_loss=0.5260
Epoch 273 loss=0.5325, clf_loss=0.0050, lbl_loss=0.5275
Epoch 274 loss=0.5446, clf_loss=0.0007, lbl_loss=0.5438
Epoch 275 loss=0.5343, clf_loss=0.0023, lbl_loss=0.5320
Epoch 276 loss=0.5283, clf_loss=0.0050, lbl_loss=0.5233
Epoch 277 loss=0.5093, clf_loss=0.0016, lbl_loss=0.5077
Epoch 278 loss=0.5400, clf_loss=0.0018, lbl_loss=0.5383
Epoch 279 loss=0.5509, clf_loss=0.0015, lbl_loss=0.5494
Epoch 280 loss=0.5557, clf_loss=0.0054, lbl_loss=0.5503
Epoch 281 loss=0.5558, clf_loss=0.0016, lbl_loss=0.5542
Epoch 282 loss=0.5225, clf_loss=0.0014, lbl_loss=0.5210
Epoch 283 loss=0.5207, clf_loss=0.0004, lbl_loss=0.5203
Epoch 284 loss=0.4991, clf_loss=0.0008, lbl_loss=0.4983
Epoch 285 loss=0.5504, clf_loss=0.0037, lbl_loss=0.5467
Epoch 286 loss=0.5221, clf_loss=0.0011, lbl_loss=0.5210
Epoch 287 loss=0.5339, clf_loss=0.0063, lbl_loss=0.5275
Epoch 288 loss=0.5401, clf_loss=0.0083, lbl_loss=0.5318
Epoch 289 loss=0.4964, clf_loss=0.0016, lbl_loss=0.4948
Epoch 290 loss=0.4955, clf_loss=0.0007, lbl_loss=0.4948
Epoch 291 loss=0.5150, clf_loss=0.0024, lbl_loss=0.5126
Epoch 292 loss=0.5356, clf_loss=0.0073, lbl_loss=0.5283
Epoch 293 loss=0.5088, clf_loss=0.0013, lbl_loss=0.5075
Epoch 294 loss=0.5334, clf_loss=0.0042, lbl_loss=0.5293
Epoch 295 loss=0.5274, clf_loss=0.0033, lbl_loss=0.5241
Epoch 296 loss=0.4846, clf_loss=0.0022, lbl_loss=0.4824
Epoch 297 loss=0.4986, clf_loss=0.0019, lbl_loss=0.4968
Epoch 298 loss=0.5192, clf_loss=0.0026, lbl_loss=0.5166
Epoch 299 loss=0.4984, clf_loss=0.0068, lbl_loss=0.4915
Epoch 300 loss=0.4958, clf_loss=0.0023, lbl_loss=0.4935
Epoch 301 loss=0.4895, clf_loss=0.0023, lbl_loss=0.4872
Epoch 302 loss=0.4931, clf_loss=0.0053, lbl_loss=0.4877
Epoch 303 loss=0.4760, clf_loss=0.0013, lbl_loss=0.4746
Epoch 304 loss=0.5025, clf_loss=0.0032, lbl_loss=0.4992
Epoch 305 loss=0.4871, clf_loss=0.0008, lbl_loss=0.4863
Epoch 306 loss=0.4976, clf_loss=0.0015, lbl_loss=0.4961
Epoch 307 loss=0.4924, clf_loss=0.0025, lbl_loss=0.4900
Epoch 308 loss=0.4885, clf_loss=0.0033, lbl_loss=0.4852
Epoch 309 loss=0.4898, clf_loss=0.0018, lbl_loss=0.4881
Epoch 310 loss=0.4815, clf_loss=0.0036, lbl_loss=0.4780
Epoch 311 loss=0.4557, clf_loss=0.0003, lbl_loss=0.4554
Epoch 312 loss=0.4733, clf_loss=0.0013, lbl_loss=0.4719
Epoch 313 loss=0.4871, clf_loss=0.0008, lbl_loss=0.4863
Epoch 314 loss=0.4712, clf_loss=0.0016, lbl_loss=0.4696
Epoch 315 loss=0.4783, clf_loss=0.0007, lbl_loss=0.4775
Epoch 316 loss=0.5012, clf_loss=0.0034, lbl_loss=0.4979
Epoch 317 loss=0.4714, clf_loss=0.0001, lbl_loss=0.4712
Epoch 318 loss=0.4718, clf_loss=0.0005, lbl_loss=0.4713
Epoch 319 loss=0.4713, clf_loss=0.0006, lbl_loss=0.4707
Epoch 320 loss=0.4825, clf_loss=0.0016, lbl_loss=0.4808
Epoch 321 loss=0.4675, clf_loss=0.0003, lbl_loss=0.4672
Epoch 322 loss=0.4930, clf_loss=0.0012, lbl_loss=0.4918
Epoch 323 loss=0.4886, clf_loss=0.0004, lbl_loss=0.4882
Epoch 324 loss=0.4722, clf_loss=0.0004, lbl_loss=0.4718
Epoch 325 loss=0.4561, clf_loss=0.0005, lbl_loss=0.4556
Epoch 326 loss=0.4770, clf_loss=0.0010, lbl_loss=0.4760
Epoch 327 loss=0.4606, clf_loss=0.0011, lbl_loss=0.4596
Epoch 328 loss=0.4681, clf_loss=0.0018, lbl_loss=0.4662
Epoch 329 loss=0.4493, clf_loss=0.0005, lbl_loss=0.4488
Epoch 330 loss=0.4763, clf_loss=0.0009, lbl_loss=0.4754
Epoch 331 loss=0.4790, clf_loss=0.0002, lbl_loss=0.4787
Epoch 332 loss=0.4302, clf_loss=0.0047, lbl_loss=0.4256
Epoch 333 loss=0.4945, clf_loss=0.0028, lbl_loss=0.4917
Epoch 334 loss=0.4689, clf_loss=0.0038, lbl_loss=0.4650
Epoch 335 loss=0.4680, clf_loss=0.0038, lbl_loss=0.4642
Epoch 336 loss=0.4409, clf_loss=0.0005, lbl_loss=0.4404
Epoch 337 loss=0.4635, clf_loss=0.0072, lbl_loss=0.4562
Epoch 338 loss=0.4783, clf_loss=0.0005, lbl_loss=0.4779
Epoch 339 loss=0.4805, clf_loss=0.0004, lbl_loss=0.4801
Epoch 340 loss=0.4744, clf_loss=0.0019, lbl_loss=0.4725
Epoch 341 loss=0.4579, clf_loss=0.0008, lbl_loss=0.4571
Epoch 342 loss=0.4770, clf_loss=0.0011, lbl_loss=0.4759
Epoch 343 loss=0.4667, clf_loss=0.0025, lbl_loss=0.4642
Epoch 344 loss=0.4573, clf_loss=0.0010, lbl_loss=0.4563
Epoch 345 loss=0.4865, clf_loss=0.0007, lbl_loss=0.4859
Epoch 346 loss=0.4452, clf_loss=0.0017, lbl_loss=0.4435
Epoch 347 loss=0.4641, clf_loss=0.0018, lbl_loss=0.4623
Epoch 348 loss=0.4428, clf_loss=0.0005, lbl_loss=0.4423
Epoch 349 loss=0.4274, clf_loss=0.0056, lbl_loss=0.4218
Epoch 350 loss=0.4562, clf_loss=0.0069, lbl_loss=0.4493
Epoch 351 loss=0.4910, clf_loss=0.0005, lbl_loss=0.4905
Epoch 352 loss=0.4561, clf_loss=0.0005, lbl_loss=0.4556
Epoch 353 loss=0.4166, clf_loss=0.0006, lbl_loss=0.4160
Epoch 354 loss=0.4482, clf_loss=0.0011, lbl_loss=0.4470
Epoch 355 loss=0.4369, clf_loss=0.0006, lbl_loss=0.4362
Epoch 356 loss=0.4404, clf_loss=0.0018, lbl_loss=0.4386
Epoch 357 loss=0.4091, clf_loss=0.0008, lbl_loss=0.4082
Epoch 358 loss=0.4458, clf_loss=0.0005, lbl_loss=0.4453
Epoch 359 loss=0.4703, clf_loss=0.0005, lbl_loss=0.4699
Epoch 360 loss=0.4524, clf_loss=0.0008, lbl_loss=0.4517
Epoch 361 loss=0.4416, clf_loss=0.0013, lbl_loss=0.4404
Epoch 362 loss=0.4396, clf_loss=0.0005, lbl_loss=0.4391
Epoch 363 loss=0.4556, clf_loss=0.0002, lbl_loss=0.4554
Epoch 364 loss=0.4457, clf_loss=0.0004, lbl_loss=0.4453
Epoch 365 loss=0.4393, clf_loss=0.0064, lbl_loss=0.4329
Epoch 366 loss=0.4409, clf_loss=0.0013, lbl_loss=0.4395
Epoch 367 loss=0.4417, clf_loss=0.0009, lbl_loss=0.4408
Epoch 368 loss=0.4369, clf_loss=0.0005, lbl_loss=0.4364
Epoch 369 loss=0.4723, clf_loss=0.0018, lbl_loss=0.4705
Epoch 370 loss=0.4378, clf_loss=0.0002, lbl_loss=0.4376
Epoch 371 loss=0.4433, clf_loss=0.0038, lbl_loss=0.4395
Epoch 372 loss=0.4519, clf_loss=0.0005, lbl_loss=0.4513
Epoch 373 loss=0.4271, clf_loss=0.0020, lbl_loss=0.4251
Epoch 374 loss=0.4668, clf_loss=0.0001, lbl_loss=0.4667
Epoch 375 loss=0.4525, clf_loss=0.0003, lbl_loss=0.4522
Epoch 376 loss=0.4933, clf_loss=0.0005, lbl_loss=0.4929
Epoch 377 loss=0.4831, clf_loss=0.0022, lbl_loss=0.4809
Epoch 378 loss=0.4458, clf_loss=0.0010, lbl_loss=0.4448
Epoch 379 loss=0.4439, clf_loss=0.0004, lbl_loss=0.4435
Epoch 380 loss=0.4569, clf_loss=0.0016, lbl_loss=0.4553
Epoch 381 loss=0.4017, clf_loss=0.0012, lbl_loss=0.4005
Epoch 382 loss=0.4365, clf_loss=0.0015, lbl_loss=0.4350
Epoch 383 loss=0.4267, clf_loss=0.0025, lbl_loss=0.4242
Epoch 384 loss=0.4185, clf_loss=0.0009, lbl_loss=0.4176
Epoch 385 loss=0.4761, clf_loss=0.0066, lbl_loss=0.4696
Epoch 386 loss=0.4324, clf_loss=0.0007, lbl_loss=0.4316
Epoch 387 loss=0.4365, clf_loss=0.0003, lbl_loss=0.4362
Epoch 388 loss=0.4393, clf_loss=0.0003, lbl_loss=0.4390
Epoch 389 loss=0.4235, clf_loss=0.0046, lbl_loss=0.4189
Epoch 390 loss=0.4135, clf_loss=0.0003, lbl_loss=0.4133
Epoch 391 loss=0.4767, clf_loss=0.0006, lbl_loss=0.4761
Epoch 392 loss=0.4242, clf_loss=0.0012, lbl_loss=0.4231
Epoch 393 loss=0.4203, clf_loss=0.0019, lbl_loss=0.4184
Epoch 394 loss=0.4256, clf_loss=0.0024, lbl_loss=0.4232
Epoch 395 loss=0.3979, clf_loss=0.0005, lbl_loss=0.3973
Epoch 396 loss=0.4619, clf_loss=0.0005, lbl_loss=0.4614
Epoch 397 loss=0.4162, clf_loss=0.0004, lbl_loss=0.4158
Epoch 398 loss=0.4222, clf_loss=0.0003, lbl_loss=0.4218
Epoch 399 loss=0.3945, clf_loss=0.0003, lbl_loss=0.3942
  rotation 0: best ROC 0.8864 PR 0.6851 | valsel ROC 0.8638 (epoch 320) | 135s
  wrote results/rotations/photo_nsreg_s1_NT_lr0.001_wd0.0001_rot0.json
