# gpu=6 cmd=/usr/bin/python3 -u baselines/run_nsreg.py --dataset photo --seed 42 --method nsreg --tag NT_lr0.001_wd0.0001 --rotations 7 --set lr=0.001 lbl_lr=0.001 clf_lr=0.001 weight_decay=0.0001 n_epochs=400
/nas/home/jahin/.local/lib/python3.10/site-packages/requests/__init__.py:113: RequestsDependencyWarning: urllib3 (1.26.5) or chardet (7.2.0)/charset_normalizer (3.4.4) doesn't match a supported version!
  warnings.warn(
[0.04823529 0.22039216 0.09189542 0.11960784 0.11529412 0.1075817
 0.25372549 0.04326797]
[photo] NSReg, rotations [np.int64(7)] of [np.int64(0), np.int64(7)]
[photo] n_epochs=400 eval_every=1 input_dim=745 wd=0.0001 lr=0.001
Normal classes: [1, 2, 3, 4, 5, 6] in photo
using idx from: split_50.pkl - num known anomalies 50
num known anomalies: 50
Building multi-layer GraphSage
GRAPHSAGE used as the encoder
building the dataloader ...
/nas/home/jahin/.local/lib/python3.10/site-packages/torch/functional.py:554: UserWarning: torch.meshgrid: in an upcoming release, it will be required to pass the indexing argument. (Triggered internally at /pytorch/aten/src/ATen/native/TensorShape.cpp:4314.)
  return _VF.meshgrid(tensors, **kwargs)  # type: ignore[attr-defined]
num train pos edges: 477  num train neg edges: 3564
NSReg Training ...
Batch mode: enabled original propertion
Epoch  0 loss=1.2443, clf_loss=0.5340, lbl_loss=0.7103
Epoch  1 loss=1.1402, clf_loss=0.4504, lbl_loss=0.6898
Epoch  2 loss=1.0687, clf_loss=0.4002, lbl_loss=0.6685
Epoch  3 loss=1.0607, clf_loss=0.3924, lbl_loss=0.6683
Epoch  4 loss=1.0844, clf_loss=0.4087, lbl_loss=0.6757
Epoch  5 loss=1.0825, clf_loss=0.4065, lbl_loss=0.6760
Epoch  6 loss=1.0871, clf_loss=0.4024, lbl_loss=0.6847
Epoch  7 loss=1.0652, clf_loss=0.3842, lbl_loss=0.6810
Epoch  8 loss=1.0466, clf_loss=0.3785, lbl_loss=0.6681
Epoch  9 loss=1.0584, clf_loss=0.3765, lbl_loss=0.6820
Epoch 10 loss=1.0511, clf_loss=0.3776, lbl_loss=0.6735
Epoch 11 loss=1.0509, clf_loss=0.3786, lbl_loss=0.6723
Epoch 12 loss=1.0545, clf_loss=0.3775, lbl_loss=0.6770
Epoch 13 loss=1.0535, clf_loss=0.3777, lbl_loss=0.6759
Epoch 14 loss=1.0488, clf_loss=0.3749, lbl_loss=0.6739
Epoch 15 loss=1.0501, clf_loss=0.3742, lbl_loss=0.6759
Epoch 16 loss=1.0500, clf_loss=0.3720, lbl_loss=0.6780
Epoch 17 loss=1.0423, clf_loss=0.3722, lbl_loss=0.6701
Epoch 18 loss=1.0447, clf_loss=0.3716, lbl_loss=0.6731
Epoch 19 loss=1.0414, clf_loss=0.3684, lbl_loss=0.6731
Epoch 20 loss=1.0379, clf_loss=0.3673, lbl_loss=0.6706
Epoch 21 loss=1.0452, clf_loss=0.3671, lbl_loss=0.6782
Epoch 22 loss=1.0382, clf_loss=0.3654, lbl_loss=0.6728
Epoch 23 loss=1.0347, clf_loss=0.3635, lbl_loss=0.6712
Epoch 24 loss=1.0349, clf_loss=0.3626, lbl_loss=0.6724
Epoch 25 loss=1.0245, clf_loss=0.3619, lbl_loss=0.6626
Epoch 26 loss=1.0290, clf_loss=0.3584, lbl_loss=0.6706
Epoch 27 loss=1.0216, clf_loss=0.3549, lbl_loss=0.6667
Epoch 28 loss=1.0278, clf_loss=0.3510, lbl_loss=0.6768
Epoch 29 loss=0.9986, clf_loss=0.3501, lbl_loss=0.6484
Epoch 30 loss=1.0150, clf_loss=0.3485, lbl_loss=0.6665
Epoch 31 loss=1.0073, clf_loss=0.3459, lbl_loss=0.6614
Epoch 32 loss=1.0161, clf_loss=0.3433, lbl_loss=0.6729
Epoch 33 loss=0.9929, clf_loss=0.3348, lbl_loss=0.6581
Epoch 34 loss=0.9984, clf_loss=0.3449, lbl_loss=0.6535
Epoch 35 loss=0.9912, clf_loss=0.3319, lbl_loss=0.6593
Epoch 36 loss=0.9882, clf_loss=0.3231, lbl_loss=0.6650
Epoch 37 loss=0.9817, clf_loss=0.3282, lbl_loss=0.6535
Epoch 38 loss=0.9751, clf_loss=0.3201, lbl_loss=0.6550
Epoch 39 loss=0.9676, clf_loss=0.3091, lbl_loss=0.6586
Epoch 40 loss=0.9643, clf_loss=0.3115, lbl_loss=0.6529
Epoch 41 loss=0.9638, clf_loss=0.2990, lbl_loss=0.6649
Epoch 42 loss=0.9644, clf_loss=0.3009, lbl_loss=0.6635
Epoch 43 loss=0.9392, clf_loss=0.2860, lbl_loss=0.6532
Epoch 44 loss=0.9285, clf_loss=0.2724, lbl_loss=0.6561
Epoch 45 loss=0.9099, clf_loss=0.2638, lbl_loss=0.6461
Epoch 46 loss=0.9071, clf_loss=0.2456, lbl_loss=0.6615
Epoch 47 loss=0.8989, clf_loss=0.2413, lbl_loss=0.6576
Epoch 48 loss=0.8865, clf_loss=0.2306, lbl_loss=0.6559
Epoch 49 loss=0.8708, clf_loss=0.2129, lbl_loss=0.6579
Epoch 50 loss=0.8624, clf_loss=0.2016, lbl_loss=0.6608
Epoch 51 loss=0.8498, clf_loss=0.1895, lbl_loss=0.6602
Epoch 52 loss=0.8197, clf_loss=0.1700, lbl_loss=0.6497
Epoch 53 loss=0.8108, clf_loss=0.1626, lbl_loss=0.6482
Epoch 54 loss=0.8014, clf_loss=0.1547, lbl_loss=0.6467
Epoch 55 loss=0.8012, clf_loss=0.1466, lbl_loss=0.6546
Epoch 56 loss=0.7627, clf_loss=0.1229, lbl_loss=0.6398
Epoch 57 loss=0.7543, clf_loss=0.1096, lbl_loss=0.6447
Epoch 58 loss=0.7612, clf_loss=0.1017, lbl_loss=0.6596
Epoch 59 loss=0.7241, clf_loss=0.0888, lbl_loss=0.6353
Epoch 60 loss=0.7540, clf_loss=0.0967, lbl_loss=0.6573
Epoch 61 loss=0.7303, clf_loss=0.0758, lbl_loss=0.6545
Epoch 62 loss=0.7209, clf_loss=0.0686, lbl_loss=0.6523
Epoch 63 loss=0.7058, clf_loss=0.0572, lbl_loss=0.6486
Epoch 64 loss=0.7244, clf_loss=0.0629, lbl_loss=0.6615
Epoch 65 loss=0.6889, clf_loss=0.0475, lbl_loss=0.6414
Epoch 66 loss=0.7111, clf_loss=0.0577, lbl_loss=0.6534
Epoch 67 loss=0.6770, clf_loss=0.0374, lbl_loss=0.6397
Epoch 68 loss=0.6742, clf_loss=0.0405, lbl_loss=0.6337
Epoch 69 loss=0.6720, clf_loss=0.0394, lbl_loss=0.6327
Epoch 70 loss=0.6679, clf_loss=0.0289, lbl_loss=0.6390
Epoch 71 loss=0.6785, clf_loss=0.0323, lbl_loss=0.6463
Epoch 72 loss=0.6936, clf_loss=0.0420, lbl_loss=0.6517
Epoch 73 loss=0.6878, clf_loss=0.0279, lbl_loss=0.6599
Epoch 74 loss=0.6523, clf_loss=0.0226, lbl_loss=0.6297
Epoch 75 loss=0.6462, clf_loss=0.0284, lbl_loss=0.6177
Epoch 76 loss=0.6462, clf_loss=0.0204, lbl_loss=0.6258
Epoch 77 loss=0.6560, clf_loss=0.0224, lbl_loss=0.6336
Epoch 78 loss=0.6752, clf_loss=0.0317, lbl_loss=0.6435
Epoch 79 loss=0.6162, clf_loss=0.0107, lbl_loss=0.6056
Epoch 80 loss=0.6708, clf_loss=0.0276, lbl_loss=0.6432
Epoch 81 loss=0.6583, clf_loss=0.0188, lbl_loss=0.6395
Epoch 82 loss=0.6305, clf_loss=0.0164, lbl_loss=0.6142
Epoch 83 loss=0.6241, clf_loss=0.0064, lbl_loss=0.6178
Epoch 84 loss=0.6759, clf_loss=0.0159, lbl_loss=0.6600
Epoch 85 loss=0.6247, clf_loss=0.0133, lbl_loss=0.6114
Epoch 86 loss=0.6468, clf_loss=0.0082, lbl_loss=0.6386
Epoch 87 loss=0.6480, clf_loss=0.0121, lbl_loss=0.6359
Epoch 88 loss=0.6285, clf_loss=0.0122, lbl_loss=0.6164
Epoch 89 loss=0.6305, clf_loss=0.0086, lbl_loss=0.6219
Epoch 90 loss=0.6384, clf_loss=0.0085, lbl_loss=0.6299
Epoch 91 loss=0.6304, clf_loss=0.0175, lbl_loss=0.6130
Epoch 92 loss=0.6328, clf_loss=0.0109, lbl_loss=0.6219
Epoch 93 loss=0.6298, clf_loss=0.0115, lbl_loss=0.6183
Epoch 94 loss=0.6370, clf_loss=0.0052, lbl_loss=0.6318
Epoch 95 loss=0.6529, clf_loss=0.0087, lbl_loss=0.6442
Epoch 96 loss=0.6336, clf_loss=0.0059, lbl_loss=0.6277
Epoch 97 loss=0.6080, clf_loss=0.0067, lbl_loss=0.6013
Epoch 98 loss=0.6314, clf_loss=0.0068, lbl_loss=0.6247
Epoch 99 loss=0.6075, clf_loss=0.0050, lbl_loss=0.6024
Epoch 100 loss=0.6184, clf_loss=0.0035, lbl_loss=0.6148
Epoch 101 loss=0.6282, clf_loss=0.0176, lbl_loss=0.6106
Epoch 102 loss=0.6240, clf_loss=0.0049, lbl_loss=0.6191
Epoch 103 loss=0.6266, clf_loss=0.0049, lbl_loss=0.6217
Epoch 104 loss=0.5967, clf_loss=0.0047, lbl_loss=0.5920
Epoch 105 loss=0.6303, clf_loss=0.0054, lbl_loss=0.6249
Epoch 106 loss=0.6212, clf_loss=0.0141, lbl_loss=0.6070
Epoch 107 loss=0.6062, clf_loss=0.0095, lbl_loss=0.5967
Epoch 108 loss=0.6328, clf_loss=0.0065, lbl_loss=0.6263
Epoch 109 loss=0.6202, clf_loss=0.0072, lbl_loss=0.6130
Epoch 110 loss=0.6026, clf_loss=0.0055, lbl_loss=0.5972
Epoch 111 loss=0.6231, clf_loss=0.0023, lbl_loss=0.6209
Epoch 112 loss=0.5955, clf_loss=0.0048, lbl_loss=0.5907
Epoch 113 loss=0.6085, clf_loss=0.0073, lbl_loss=0.6012
Epoch 114 loss=0.5994, clf_loss=0.0037, lbl_loss=0.5958
Epoch 115 loss=0.5989, clf_loss=0.0085, lbl_loss=0.5904
Epoch 116 loss=0.5970, clf_loss=0.0026, lbl_loss=0.5945
Epoch 117 loss=0.5999, clf_loss=0.0043, lbl_loss=0.5957
Epoch 118 loss=0.6002, clf_loss=0.0137, lbl_loss=0.5865
Epoch 119 loss=0.6191, clf_loss=0.0063, lbl_loss=0.6129
Epoch 120 loss=0.6017, clf_loss=0.0090, lbl_loss=0.5926
Epoch 121 loss=0.5949, clf_loss=0.0025, lbl_loss=0.5924
Epoch 122 loss=0.5659, clf_loss=0.0030, lbl_loss=0.5629
Epoch 123 loss=0.5887, clf_loss=0.0052, lbl_loss=0.5836
Epoch 124 loss=0.5919, clf_loss=0.0048, lbl_loss=0.5872
Epoch 125 loss=0.5893, clf_loss=0.0018, lbl_loss=0.5875
Epoch 126 loss=0.5837, clf_loss=0.0055, lbl_loss=0.5782
Epoch 127 loss=0.5929, clf_loss=0.0061, lbl_loss=0.5868
Epoch 128 loss=0.5968, clf_loss=0.0027, lbl_loss=0.5941
Epoch 129 loss=0.6050, clf_loss=0.0064, lbl_loss=0.5985
Epoch 130 loss=0.6020, clf_loss=0.0042, lbl_loss=0.5978
Epoch 131 loss=0.5845, clf_loss=0.0058, lbl_loss=0.5787
Epoch 132 loss=0.5759, clf_loss=0.0061, lbl_loss=0.5698
Epoch 133 loss=0.5847, clf_loss=0.0033, lbl_loss=0.5814
Epoch 134 loss=0.5886, clf_loss=0.0026, lbl_loss=0.5860
Epoch 135 loss=0.5732, clf_loss=0.0040, lbl_loss=0.5692
Epoch 136 loss=0.5608, clf_loss=0.0029, lbl_loss=0.5579
Epoch 137 loss=0.5637, clf_loss=0.0027, lbl_loss=0.5610
Epoch 138 loss=0.5583, clf_loss=0.0058, lbl_loss=0.5525
Epoch 139 loss=0.5960, clf_loss=0.0038, lbl_loss=0.5921
Epoch 140 loss=0.5478, clf_loss=0.0088, lbl_loss=0.5390
Epoch 141 loss=0.5987, clf_loss=0.0201, lbl_loss=0.5786
Epoch 142 loss=0.5770, clf_loss=0.0065, lbl_loss=0.5705
Epoch 143 loss=0.5919, clf_loss=0.0078, lbl_loss=0.5841
Epoch 144 loss=0.5794, clf_loss=0.0035, lbl_loss=0.5759
Epoch 145 loss=0.5523, clf_loss=0.0040, lbl_loss=0.5483
Epoch 146 loss=0.5599, clf_loss=0.0061, lbl_loss=0.5537
Epoch 147 loss=0.5776, clf_loss=0.0087, lbl_loss=0.5689
Epoch 148 loss=0.5588, clf_loss=0.0054, lbl_loss=0.5534
Epoch 149 loss=0.5705, clf_loss=0.0018, lbl_loss=0.5687
Epoch 150 loss=0.5821, clf_loss=0.0076, lbl_loss=0.5745
Epoch 151 loss=0.5832, clf_loss=0.0029, lbl_loss=0.5803
Epoch 152 loss=0.5909, clf_loss=0.0020, lbl_loss=0.5889
Epoch 153 loss=0.5482, clf_loss=0.0030, lbl_loss=0.5452
Epoch 154 loss=0.5547, clf_loss=0.0011, lbl_loss=0.5536
Epoch 155 loss=0.5633, clf_loss=0.0019, lbl_loss=0.5613
Epoch 156 loss=0.5972, clf_loss=0.0022, lbl_loss=0.5950
Epoch 157 loss=0.5783, clf_loss=0.0012, lbl_loss=0.5771
Epoch 158 loss=0.5516, clf_loss=0.0014, lbl_loss=0.5502
Epoch 159 loss=0.5692, clf_loss=0.0055, lbl_loss=0.5637
Epoch 160 loss=0.5577, clf_loss=0.0044, lbl_loss=0.5533
Epoch 161 loss=0.5396, clf_loss=0.0017, lbl_loss=0.5379
Epoch 162 loss=0.5475, clf_loss=0.0030, lbl_loss=0.5445
Epoch 163 loss=0.5715, clf_loss=0.0086, lbl_loss=0.5629
Epoch 164 loss=0.5975, clf_loss=0.0054, lbl_loss=0.5921
Epoch 165 loss=0.5342, clf_loss=0.0023, lbl_loss=0.5319
Epoch 166 loss=0.5507, clf_loss=0.0017, lbl_loss=0.5491
Epoch 167 loss=0.5402, clf_loss=0.0049, lbl_loss=0.5352
Epoch 168 loss=0.5462, clf_loss=0.0019, lbl_loss=0.5444
Epoch 169 loss=0.5258, clf_loss=0.0034, lbl_loss=0.5224
Epoch 170 loss=0.5122, clf_loss=0.0108, lbl_loss=0.5014
Epoch 171 loss=0.5427, clf_loss=0.0023, lbl_loss=0.5403
Epoch 172 loss=0.5459, clf_loss=0.0016, lbl_loss=0.5444
Epoch 173 loss=0.5498, clf_loss=0.0023, lbl_loss=0.5475
Epoch 174 loss=0.5364, clf_loss=0.0019, lbl_loss=0.5346
Epoch 175 loss=0.5074, clf_loss=0.0024, lbl_loss=0.5050
Epoch 176 loss=0.5477, clf_loss=0.0079, lbl_loss=0.5398
Epoch 177 loss=0.5130, clf_loss=0.0029, lbl_loss=0.5101
Epoch 178 loss=0.5261, clf_loss=0.0038, lbl_loss=0.5223
Epoch 179 loss=0.5167, clf_loss=0.0015, lbl_loss=0.5152
Epoch 180 loss=0.5094, clf_loss=0.0012, lbl_loss=0.5082
Epoch 181 loss=0.5472, clf_loss=0.0036, lbl_loss=0.5436
Epoch 182 loss=0.5421, clf_loss=0.0014, lbl_loss=0.5407
Epoch 183 loss=0.5161, clf_loss=0.0015, lbl_loss=0.5146
Epoch 184 loss=0.5504, clf_loss=0.0033, lbl_loss=0.5472
Epoch 185 loss=0.5370, clf_loss=0.0010, lbl_loss=0.5361
Epoch 186 loss=0.5186, clf_loss=0.0017, lbl_loss=0.5170
Epoch 187 loss=0.5157, clf_loss=0.0015, lbl_loss=0.5142
Epoch 188 loss=0.5500, clf_loss=0.0032, lbl_loss=0.5468
Epoch 189 loss=0.5263, clf_loss=0.0071, lbl_loss=0.5193
Epoch 190 loss=0.5219, clf_loss=0.0031, lbl_loss=0.5188
Epoch 191 loss=0.5144, clf_loss=0.0029, lbl_loss=0.5115
Epoch 192 loss=0.4997, clf_loss=0.0022, lbl_loss=0.4976
Epoch 193 loss=0.5567, clf_loss=0.0020, lbl_loss=0.5547
Epoch 194 loss=0.5274, clf_loss=0.0023, lbl_loss=0.5251
Epoch 195 loss=0.5390, clf_loss=0.0016, lbl_loss=0.5373
Epoch 196 loss=0.5396, clf_loss=0.0051, lbl_loss=0.5345
Epoch 197 loss=0.5659, clf_loss=0.0045, lbl_loss=0.5615
Epoch 198 loss=0.5087, clf_loss=0.0046, lbl_loss=0.5040
Epoch 199 loss=0.5088, clf_loss=0.0011, lbl_loss=0.5077
Epoch 200 loss=0.5302, clf_loss=0.0018, lbl_loss=0.5284
Epoch 201 loss=0.5119, clf_loss=0.0023, lbl_loss=0.5095
Epoch 202 loss=0.5222, clf_loss=0.0023, lbl_loss=0.5200
Epoch 203 loss=0.4819, clf_loss=0.0017, lbl_loss=0.4802
Epoch 204 loss=0.5066, clf_loss=0.0103, lbl_loss=0.4963
Epoch 205 loss=0.4767, clf_loss=0.0026, lbl_loss=0.4740
Epoch 206 loss=0.5471, clf_loss=0.0038, lbl_loss=0.5433
Epoch 207 loss=0.5572, clf_loss=0.0017, lbl_loss=0.5554
Epoch 208 loss=0.5131, clf_loss=0.0008, lbl_loss=0.5123
Epoch 209 loss=0.5029, clf_loss=0.0063, lbl_loss=0.4966
Epoch 210 loss=0.5281, clf_loss=0.0052, lbl_loss=0.5229
Epoch 211 loss=0.5212, clf_loss=0.0028, lbl_loss=0.5184
Epoch 212 loss=0.4854, clf_loss=0.0025, lbl_loss=0.4829
Epoch 213 loss=0.5128, clf_loss=0.0041, lbl_loss=0.5087
Epoch 214 loss=0.5018, clf_loss=0.0065, lbl_loss=0.4953
Epoch 215 loss=0.5148, clf_loss=0.0008, lbl_loss=0.5140
Epoch 216 loss=0.5059, clf_loss=0.0015, lbl_loss=0.5044
Epoch 217 loss=0.5179, clf_loss=0.0046, lbl_loss=0.5133
Epoch 218 loss=0.4911, clf_loss=0.0008, lbl_loss=0.4903
Epoch 219 loss=0.5124, clf_loss=0.0020, lbl_loss=0.5104
Epoch 220 loss=0.5256, clf_loss=0.0006, lbl_loss=0.5249
Epoch 221 loss=0.5211, clf_loss=0.0007, lbl_loss=0.5205
Epoch 222 loss=0.5247, clf_loss=0.0024, lbl_loss=0.5224
Epoch 223 loss=0.5025, clf_loss=0.0056, lbl_loss=0.4970
Epoch 224 loss=0.4797, clf_loss=0.0033, lbl_loss=0.4764
Epoch 225 loss=0.4726, clf_loss=0.0019, lbl_loss=0.4707
Epoch 226 loss=0.5037, clf_loss=0.0020, lbl_loss=0.5017
Epoch 227 loss=0.4836, clf_loss=0.0079, lbl_loss=0.4758
Epoch 228 loss=0.4779, clf_loss=0.0031, lbl_loss=0.4748
Epoch 229 loss=0.4900, clf_loss=0.0034, lbl_loss=0.4866
Epoch 230 loss=0.5202, clf_loss=0.0094, lbl_loss=0.5108
Epoch 231 loss=0.4741, clf_loss=0.0012, lbl_loss=0.4729
Epoch 232 loss=0.4962, clf_loss=0.0017, lbl_loss=0.4946
Epoch 233 loss=0.4989, clf_loss=0.0137, lbl_loss=0.4852
Epoch 234 loss=0.4626, clf_loss=0.0004, lbl_loss=0.4622
Epoch 235 loss=0.5533, clf_loss=0.0252, lbl_loss=0.5281
Epoch 236 loss=0.4767, clf_loss=0.0020, lbl_loss=0.4747
Epoch 237 loss=0.4929, clf_loss=0.0029, lbl_loss=0.4899
Epoch 238 loss=0.4842, clf_loss=0.0042, lbl_loss=0.4800
Epoch 239 loss=0.4953, clf_loss=0.0016, lbl_loss=0.4937
Epoch 240 loss=0.4584, clf_loss=0.0012, lbl_loss=0.4572
Epoch 241 loss=0.4957, clf_loss=0.0013, lbl_loss=0.4944
Epoch 242 loss=0.4955, clf_loss=0.0015, lbl_loss=0.4941
Epoch 243 loss=0.4911, clf_loss=0.0017, lbl_loss=0.4893
Epoch 244 loss=0.4837, clf_loss=0.0012, lbl_loss=0.4825
Epoch 245 loss=0.5134, clf_loss=0.0103, lbl_loss=0.5031
Epoch 246 loss=0.4831, clf_loss=0.0005, lbl_loss=0.4826
Epoch 247 loss=0.4933, clf_loss=0.0016, lbl_loss=0.4917
Epoch 248 loss=0.4587, clf_loss=0.0021, lbl_loss=0.4566
Epoch 249 loss=0.4728, clf_loss=0.0019, lbl_loss=0.4709
Epoch 250 loss=0.4818, clf_loss=0.0061, lbl_loss=0.4757
Epoch 251 loss=0.4455, clf_loss=0.0011, lbl_loss=0.4445
Epoch 252 loss=0.4892, clf_loss=0.0021, lbl_loss=0.4871
Epoch 253 loss=0.5238, clf_loss=0.0062, lbl_loss=0.5176
Epoch 254 loss=0.4963, clf_loss=0.0053, lbl_loss=0.4911
Epoch 255 loss=0.5149, clf_loss=0.0065, lbl_loss=0.5083
Epoch 256 loss=0.5025, clf_loss=0.0093, lbl_loss=0.4931
Epoch 257 loss=0.4965, clf_loss=0.0033, lbl_loss=0.4932
Epoch 258 loss=0.4859, clf_loss=0.0017, lbl_loss=0.4842
Epoch 259 loss=0.5040, clf_loss=0.0023, lbl_loss=0.5018
Epoch 260 loss=0.4805, clf_loss=0.0007, lbl_loss=0.4797
Epoch 261 loss=0.4565, clf_loss=0.0013, lbl_loss=0.4553
Epoch 262 loss=0.4808, clf_loss=0.0010, lbl_loss=0.4798
Epoch 263 loss=0.4785, clf_loss=0.0040, lbl_loss=0.4746
Epoch 264 loss=0.4714, clf_loss=0.0012, lbl_loss=0.4702
Epoch 265 loss=0.4707, clf_loss=0.0032, lbl_loss=0.4675
Epoch 266 loss=0.4478, clf_loss=0.0016, lbl_loss=0.4462
Epoch 267 loss=0.4820, clf_loss=0.0022, lbl_loss=0.4799
Epoch 268 loss=0.4527, clf_loss=0.0020, lbl_loss=0.4507
Epoch 269 loss=0.4705, clf_loss=0.0009, lbl_loss=0.4696
Epoch 270 loss=0.4966, clf_loss=0.0018, lbl_loss=0.4948
Epoch 271 loss=0.4871, clf_loss=0.0020, lbl_loss=0.4851
Epoch 272 loss=0.4582, clf_loss=0.0012, lbl_loss=0.4570
Epoch 273 loss=0.4433, clf_loss=0.0044, lbl_loss=0.4390
Epoch 274 loss=0.4571, clf_loss=0.0029, lbl_loss=0.4542
Epoch 275 loss=0.4346, clf_loss=0.0022, lbl_loss=0.4324
Epoch 276 loss=0.5040, clf_loss=0.0020, lbl_loss=0.5020
Epoch 277 loss=0.4768, clf_loss=0.0013, lbl_loss=0.4754
Epoch 278 loss=0.4853, clf_loss=0.0063, lbl_loss=0.4790
Epoch 279 loss=0.5460, clf_loss=0.0299, lbl_loss=0.5161
Epoch 280 loss=0.4723, clf_loss=0.0006, lbl_loss=0.4716
Epoch 281 loss=0.4830, clf_loss=0.0024, lbl_loss=0.4805
Epoch 282 loss=0.4877, clf_loss=0.0121, lbl_loss=0.4756
Epoch 283 loss=0.4741, clf_loss=0.0041, lbl_loss=0.4701
Epoch 284 loss=0.4473, clf_loss=0.0006, lbl_loss=0.4467
Epoch 285 loss=0.4643, clf_loss=0.0054, lbl_loss=0.4589
Epoch 286 loss=0.4450, clf_loss=0.0021, lbl_loss=0.4430
Epoch 287 loss=0.4332, clf_loss=0.0016, lbl_loss=0.4315
Epoch 288 loss=0.4932, clf_loss=0.0012, lbl_loss=0.4921
Epoch 289 loss=0.4605, clf_loss=0.0015, lbl_loss=0.4590
Epoch 290 loss=0.5149, clf_loss=0.0202, lbl_loss=0.4947
Epoch 291 loss=0.4671, clf_loss=0.0041, lbl_loss=0.4630
Epoch 292 loss=0.4928, clf_loss=0.0034, lbl_loss=0.4894
Epoch 293 loss=0.4513, clf_loss=0.0033, lbl_loss=0.4480
Epoch 294 loss=0.4681, clf_loss=0.0092, lbl_loss=0.4588
Epoch 295 loss=0.4596, clf_loss=0.0023, lbl_loss=0.4573
Epoch 296 loss=0.4722, clf_loss=0.0011, lbl_loss=0.4711
Epoch 297 loss=0.4579, clf_loss=0.0053, lbl_loss=0.4526
Epoch 298 loss=0.4246, clf_loss=0.0049, lbl_loss=0.4197
Epoch 299 loss=0.4419, clf_loss=0.0017, lbl_loss=0.4402
Epoch 300 loss=0.4939, clf_loss=0.0006, lbl_loss=0.4933
Epoch 301 loss=0.4544, clf_loss=0.0010, lbl_loss=0.4534
Epoch 302 loss=0.4843, clf_loss=0.0020, lbl_loss=0.4823
Epoch 303 loss=0.4637, clf_loss=0.0061, lbl_loss=0.4576
Epoch 304 loss=0.4705, clf_loss=0.0021, lbl_loss=0.4683
Epoch 305 loss=0.4788, clf_loss=0.0056, lbl_loss=0.4732
Epoch 306 loss=0.4446, clf_loss=0.0057, lbl_loss=0.4389
Epoch 307 loss=0.4655, clf_loss=0.0030, lbl_loss=0.4625
Epoch 308 loss=0.4234, clf_loss=0.0019, lbl_loss=0.4215
Epoch 309 loss=0.4576, clf_loss=0.0011, lbl_loss=0.4564
Epoch 310 loss=0.4334, clf_loss=0.0005, lbl_loss=0.4329
Epoch 311 loss=0.4446, clf_loss=0.0007, lbl_loss=0.4439
Epoch 312 loss=0.4550, clf_loss=0.0010, lbl_loss=0.4540
Epoch 313 loss=0.4894, clf_loss=0.0019, lbl_loss=0.4876
Epoch 314 loss=0.4588, clf_loss=0.0073, lbl_loss=0.4515
Epoch 315 loss=0.4784, clf_loss=0.0058, lbl_loss=0.4725
Epoch 316 loss=0.4456, clf_loss=0.0035, lbl_loss=0.4421
Epoch 317 loss=0.4625, clf_loss=0.0050, lbl_loss=0.4575
Epoch 318 loss=0.4283, clf_loss=0.0017, lbl_loss=0.4265
Epoch 319 loss=0.4161, clf_loss=0.0022, lbl_loss=0.4139
Epoch 320 loss=0.4841, clf_loss=0.0025, lbl_loss=0.4816
Epoch 321 loss=0.4408, clf_loss=0.0007, lbl_loss=0.4401
Epoch 322 loss=0.4203, clf_loss=0.0002, lbl_loss=0.4200
Epoch 323 loss=0.4687, clf_loss=0.0003, lbl_loss=0.4683
Epoch 324 loss=0.4195, clf_loss=0.0015, lbl_loss=0.4180
Epoch 325 loss=0.3977, clf_loss=0.0003, lbl_loss=0.3974
Epoch 326 loss=0.4598, clf_loss=0.0023, lbl_loss=0.4575
Epoch 327 loss=0.4579, clf_loss=0.0092, lbl_loss=0.4487
Epoch 328 loss=0.4717, clf_loss=0.0033, lbl_loss=0.4684
Epoch 329 loss=0.4559, clf_loss=0.0017, lbl_loss=0.4542
Epoch 330 loss=0.4375, clf_loss=0.0014, lbl_loss=0.4362
Epoch 331 loss=0.4496, clf_loss=0.0041, lbl_loss=0.4455
Epoch 332 loss=0.4570, clf_loss=0.0074, lbl_loss=0.4496
Epoch 333 loss=0.4742, clf_loss=0.0167, lbl_loss=0.4575
Epoch 334 loss=0.4372, clf_loss=0.0018, lbl_loss=0.4354
Epoch 335 loss=0.4376, clf_loss=0.0027, lbl_loss=0.4349
Epoch 336 loss=0.4373, clf_loss=0.0020, lbl_loss=0.4353
Epoch 337 loss=0.4569, clf_loss=0.0124, lbl_loss=0.4444
Epoch 338 loss=0.4709, clf_loss=0.0022, lbl_loss=0.4687
Epoch 339 loss=0.4526, clf_loss=0.0008, lbl_loss=0.4518
Epoch 340 loss=0.4201, clf_loss=0.0006, lbl_loss=0.4195
Epoch 341 loss=0.4510, clf_loss=0.0016, lbl_loss=0.4494
Epoch 342 loss=0.4753, clf_loss=0.0120, lbl_loss=0.4633
Epoch 343 loss=0.3968, clf_loss=0.0066, lbl_loss=0.3902
Epoch 344 loss=0.4719, clf_loss=0.0060, lbl_loss=0.4659
Epoch 345 loss=0.4184, clf_loss=0.0102, lbl_loss=0.4082
Epoch 346 loss=0.4232, clf_loss=0.0004, lbl_loss=0.4228
Epoch 347 loss=0.4440, clf_loss=0.0100, lbl_loss=0.4341
Epoch 348 loss=0.4621, clf_loss=0.0005, lbl_loss=0.4617
Epoch 349 loss=0.4139, clf_loss=0.0023, lbl_loss=0.4116
Epoch 350 loss=0.4331, clf_loss=0.0085, lbl_loss=0.4247
Epoch 351 loss=0.4442, clf_loss=0.0014, lbl_loss=0.4428
Epoch 352 loss=0.4236, clf_loss=0.0073, lbl_loss=0.4163
Epoch 353 loss=0.4591, clf_loss=0.0030, lbl_loss=0.4561
Epoch 354 loss=0.4142, clf_loss=0.0017, lbl_loss=0.4125
Epoch 355 loss=0.4648, clf_loss=0.0151, lbl_loss=0.4497
Epoch 356 loss=0.4531, clf_loss=0.0079, lbl_loss=0.4451
Epoch 357 loss=0.4540, clf_loss=0.0008, lbl_loss=0.4532
Epoch 358 loss=0.4616, clf_loss=0.0046, lbl_loss=0.4570
Epoch 359 loss=0.4531, clf_loss=0.0024, lbl_loss=0.4507
Epoch 360 loss=0.4260, clf_loss=0.0007, lbl_loss=0.4253
Epoch 361 loss=0.4609, clf_loss=0.0131, lbl_loss=0.4478
Epoch 362 loss=0.4291, clf_loss=0.0012, lbl_loss=0.4280
Epoch 363 loss=0.4265, clf_loss=0.0024, lbl_loss=0.4241
Epoch 364 loss=0.4361, clf_loss=0.0018, lbl_loss=0.4344
Epoch 365 loss=0.4398, clf_loss=0.0125, lbl_loss=0.4274
Epoch 366 loss=0.4313, clf_loss=0.0017, lbl_loss=0.4297
Epoch 367 loss=0.4438, clf_loss=0.0035, lbl_loss=0.4403
Epoch 368 loss=0.4216, clf_loss=0.0105, lbl_loss=0.4112
Epoch 369 loss=0.4181, clf_loss=0.0014, lbl_loss=0.4167
Epoch 370 loss=0.4638, clf_loss=0.0097, lbl_loss=0.4541
Epoch 371 loss=0.4483, clf_loss=0.0012, lbl_loss=0.4471
Epoch 372 loss=0.4596, clf_loss=0.0008, lbl_loss=0.4588
Epoch 373 loss=0.4971, clf_loss=0.0108, lbl_loss=0.4863
Epoch 374 loss=0.4001, clf_loss=0.0005, lbl_loss=0.3996
Epoch 375 loss=0.4598, clf_loss=0.0059, lbl_loss=0.4539
Epoch 376 loss=0.4096, clf_loss=0.0008, lbl_loss=0.4088
Epoch 377 loss=0.4403, clf_loss=0.0024, lbl_loss=0.4379
Epoch 378 loss=0.4458, clf_loss=0.0107, lbl_loss=0.4350
Epoch 379 loss=0.4414, clf_loss=0.0006, lbl_loss=0.4408
Epoch 380 loss=0.4459, clf_loss=0.0022, lbl_loss=0.4438
Epoch 381 loss=0.4138, clf_loss=0.0072, lbl_loss=0.4066
Epoch 382 loss=0.4193, clf_loss=0.0029, lbl_loss=0.4164
Epoch 383 loss=0.4088, clf_loss=0.0015, lbl_loss=0.4073
Epoch 384 loss=0.4443, clf_loss=0.0010, lbl_loss=0.4433
Epoch 385 loss=0.4853, clf_loss=0.0043, lbl_loss=0.4810
Epoch 386 loss=0.4651, clf_loss=0.0005, lbl_loss=0.4646
Epoch 387 loss=0.4637, clf_loss=0.0074, lbl_loss=0.4562
Epoch 388 loss=0.4426, clf_loss=0.0014, lbl_loss=0.4412
Epoch 389 loss=0.3986, clf_loss=0.0012, lbl_loss=0.3974
Epoch 390 loss=0.4570, clf_loss=0.0010, lbl_loss=0.4560
Epoch 391 loss=0.4080, clf_loss=0.0058, lbl_loss=0.4022
Epoch 392 loss=0.4144, clf_loss=0.0026, lbl_loss=0.4119
Epoch 393 loss=0.4169, clf_loss=0.0026, lbl_loss=0.4143
Epoch 394 loss=0.4005, clf_loss=0.0009, lbl_loss=0.3996
Epoch 395 loss=0.4597, clf_loss=0.0150, lbl_loss=0.4447
Epoch 396 loss=0.4370, clf_loss=0.0034, lbl_loss=0.4336
Epoch 397 loss=0.3966, clf_loss=0.0028, lbl_loss=0.3938
Epoch 398 loss=0.4312, clf_loss=0.0088, lbl_loss=0.4224
Epoch 399 loss=0.4067, clf_loss=0.0022, lbl_loss=0.4045
  rotation 7: best ROC 0.9349 PR 0.6651 | valsel ROC 0.8947 (epoch 104) | 106s
  wrote results/rotations/photo_nsreg_s42_NT_lr0.001_wd0.0001_rot7.json
