# gpu=7 cmd=/usr/bin/python3 -u main.py --dataset yelp --seed 5 --method outpost --tag A_main
/nas/home/jahin/.local/lib/python3.10/site-packages/torch_geometric/__init__.py:4: UserWarning: An issue occurred while importing 'torch-scatter'. Disabling its usage. Stacktrace: /nas/home/jahin/.local/lib/python3.10/site-packages/torch_scatter/_version_cuda.so: undefined symbol: _ZN5torch3jit17parseSchemaOrNameERKSsb
  import torch_geometric.typing
/nas/home/jahin/.local/lib/python3.10/site-packages/torch_geometric/__init__.py:4: UserWarning: An issue occurred while importing 'torch-sparse'. Disabling its usage. Stacktrace: /nas/home/jahin/.local/lib/python3.10/site-packages/torch_sparse/_version_cuda.so: undefined symbol: _ZN5torch3jit17parseSchemaOrNameERKSsb
  import torch_geometric.typing
/nas/home/jahin/.local/lib/python3.10/site-packages/requests/__init__.py:113: RequestsDependencyWarning: urllib3 (1.26.5) or chardet (7.2.0)/charset_normalizer (3.4.4) doesn't match a supported version!
  warnings.warn(
Disabling PyTorch because PyTorch >= 2.1 is required but found 2.0.1
None of PyTorch, TensorFlow >= 2.0, or Flax have been found. Models won't be available and only tokenizers, configuration and file/data utilities can be used.
/nas/home/jahin/.local/lib/python3.10/site-packages/outdated/__init__.py:36: UserWarning: pkg_resources is deprecated as an API. See https://setuptools.pypa.io/en/latest/pkg_resources.html. The pkg_resources package is slated for removal as early as 2025-11-30. Refrain from using this package or pin to Setuptools<81.
  from pkg_resources import parse_version
[utils] PPR/dgl path unavailable (libcudart.so.12: cannot open shared object file: No such file or directory); OUTPOST path unaffected.
[yelp] anomaly classes (rotations): [1]
Normal classes: [0] in yelp
Building multi-layer GraphSage
/nas/home/jahin/.local/lib/python3.10/site-packages/torch_geometric/data/data.py:187: UserWarning: Unable to accurately infer 'num_nodes' from the attribute set '{'edge_index', 'x', 'y'}'. Please explicitly set 'num_nodes' as an attribute of 'data' to suppress this warning
  return sum([v.num_nodes for v in self.node_stores])
[OUTPOST-v4] epoch 0: test-all ROC 0.4670 PR 0.1374 | unseen ROC 0.5000 PR 0.0000 | valAUC 0.4397 | tau+ 0.500
[OUTPOST-v4] epoch 1: test-all ROC 0.4373 PR 0.1288 | unseen ROC 0.5000 PR 0.0000 | valAUC 0.3842 | tau+ 0.500
[OUTPOST-v4] epoch 2: test-all ROC 0.4518 PR 0.1344 | unseen ROC 0.5000 PR 0.0000 | valAUC 0.3754 | tau+ 0.500
[OUTPOST-v4] epoch 3: test-all ROC 0.4545 PR 0.1376 | unseen ROC 0.5000 PR 0.0000 | valAUC 0.3987 | tau+ 0.500
[OUTPOST-v4] epoch 4: test-all ROC 0.4610 PR 0.1402 | unseen ROC 0.5000 PR 0.0000 | valAUC 0.4102 | tau+ 0.500
[OUTPOST-v4] epoch 5: test-all ROC 0.4690 PR 0.1435 | unseen ROC 0.5000 PR 0.0000 | valAUC 0.4246 | tau+ 0.500
[OUTPOST-v4] epoch 6: test-all ROC 0.4777 PR 0.1470 | unseen ROC 0.5000 PR 0.0000 | valAUC 0.4373 | tau+ 0.500
[OUTPOST-v4] epoch 7: test-all ROC 0.4883 PR 0.1514 | unseen ROC 0.5000 PR 0.0000 | valAUC 0.4539 | tau+ 0.500
[OUTPOST-v4] epoch 8: test-all ROC 0.4983 PR 0.1556 | unseen ROC 0.5000 PR 0.0000 | valAUC 0.4728 | tau+ 0.500
[OUTPOST-v4] epoch 9: test-all ROC 0.5070 PR 0.1592 | unseen ROC 0.5000 PR 0.0000 | valAUC 0.4869 | tau+ 0.500
[OUTPOST-v4] epoch 10: test-all ROC 0.5148 PR 0.1625 | unseen ROC 0.5000 PR 0.0000 | valAUC 0.4984 | tau+ 0.500
[OUTPOST-v4] epoch 11: test-all ROC 0.5217 PR 0.1653 | unseen ROC 0.5000 PR 0.0000 | valAUC 0.5089 | tau+ 0.500
[OUTPOST-v4] epoch 12: test-all ROC 0.5277 PR 0.1679 | unseen ROC 0.5000 PR 0.0000 | valAUC 0.5159 | tau+ 0.500
[OUTPOST-v4] epoch 13: test-all ROC 0.5327 PR 0.1699 | unseen ROC 0.5000 PR 0.0000 | valAUC 0.5224 | tau+ 0.500
[OUTPOST-v4] epoch 14: test-all ROC 0.5364 PR 0.1713 | unseen ROC 0.5000 PR 0.0000 | valAUC 0.5286 | tau+ 0.500
[OUTPOST-v4] epoch 15: test-all ROC 0.5401 PR 0.1727 | unseen ROC 0.5000 PR 0.0000 | valAUC 0.5339 | tau+ 0.500
[OUTPOST-v4] epoch 16: test-all ROC 0.5432 PR 0.1738 | unseen ROC 0.5000 PR 0.0000 | valAUC 0.5395 | tau+ 0.500
[OUTPOST-v4] epoch 17: test-all ROC 0.5458 PR 0.1747 | unseen ROC 0.5000 PR 0.0000 | valAUC 0.5440 | tau+ 0.500
[OUTPOST-v4] epoch 18: test-all ROC 0.5480 PR 0.1753 | unseen ROC 0.5000 PR 0.0000 | valAUC 0.5468 | tau+ 0.500
[OUTPOST-v4] epoch 19: test-all ROC 0.5498 PR 0.1758 | unseen ROC 0.5000 PR 0.0000 | valAUC 0.5493 | tau+ 0.500
[OUTPOST-v4] epoch 20: test-all ROC 0.5513 PR 0.1761 | unseen ROC 0.5000 PR 0.0000 | valAUC 0.5529 | tau+ 0.500
[OUTPOST-v4] epoch 21: test-all ROC 0.5527 PR 0.1764 | unseen ROC 0.5000 PR 0.0000 | valAUC 0.5571 | tau+ 0.500
[OUTPOST-v4] epoch 22: test-all ROC 0.5539 PR 0.1766 | unseen ROC 0.5000 PR 0.0000 | valAUC 0.5581 | tau+ 0.500
[OUTPOST-v4] epoch 23: test-all ROC 0.5549 PR 0.1767 | unseen ROC 0.5000 PR 0.0000 | valAUC 0.5598 | tau+ 0.500
[OUTPOST-v4] epoch 24: test-all ROC 0.5558 PR 0.1769 | unseen ROC 0.5000 PR 0.0000 | valAUC 0.5594 | tau+ 0.500
[OUTPOST-v4] epoch 25: test-all ROC 0.5564 PR 0.1769 | unseen ROC 0.5000 PR 0.0000 | valAUC 0.5616 | tau+ 0.500
[OUTPOST-v4] epoch 26: test-all ROC 0.5568 PR 0.1770 | unseen ROC 0.5000 PR 0.0000 | valAUC 0.5629 | tau+ 0.500
[OUTPOST-v4] epoch 27: test-all ROC 0.5573 PR 0.1770 | unseen ROC 0.5000 PR 0.0000 | valAUC 0.5632 | tau+ 0.500
[OUTPOST-v4] epoch 28: test-all ROC 0.5580 PR 0.1771 | unseen ROC 0.5000 PR 0.0000 | valAUC 0.5640 | tau+ 0.500
[OUTPOST-v4] epoch 29: test-all ROC 0.5587 PR 0.1774 | unseen ROC 0.5000 PR 0.0000 | valAUC 0.5649 | tau+ 0.500
[OUTPOST-v4] epoch 30: test-all ROC 0.5595 PR 0.1777 | unseen ROC 0.5000 PR 0.0000 | valAUC 0.5657 | tau+ 0.500
[OUTPOST-v4] epoch 31: test-all ROC 0.5603 PR 0.1780 | unseen ROC 0.5000 PR 0.0000 | valAUC 0.5664 | tau+ 0.500
[OUTPOST-v4] epoch 32: test-all ROC 0.5611 PR 0.1784 | unseen ROC 0.5000 PR 0.0000 | valAUC 0.5677 | tau+ 0.500
[OUTPOST-v4] epoch 33: test-all ROC 0.5618 PR 0.1787 | unseen ROC 0.5000 PR 0.0000 | valAUC 0.5684 | tau+ 0.500
[OUTPOST-v4] epoch 34: test-all ROC 0.5625 PR 0.1791 | unseen ROC 0.5000 PR 0.0000 | valAUC 0.5699 | tau+ 0.500
[OUTPOST-v4] epoch 35: test-all ROC 0.5631 PR 0.1795 | unseen ROC 0.5000 PR 0.0000 | valAUC 0.5707 | tau+ 0.500
[OUTPOST-v4] epoch 36: test-all ROC 0.5638 PR 0.1799 | unseen ROC 0.5000 PR 0.0000 | valAUC 0.5723 | tau+ 0.500
[OUTPOST-v4] epoch 37: test-all ROC 0.5644 PR 0.1803 | unseen ROC 0.5000 PR 0.0000 | valAUC 0.5735 | tau+ 0.500
[OUTPOST-v4] epoch 38: test-all ROC 0.5650 PR 0.1807 | unseen ROC 0.5000 PR 0.0000 | valAUC 0.5747 | tau+ 0.500
[OUTPOST-v4] epoch 39: test-all ROC 0.5656 PR 0.1811 | unseen ROC 0.5000 PR 0.0000 | valAUC 0.5745 | tau+ 0.500
[OUTPOST-v4] epoch 40: test-all ROC 0.5661 PR 0.1815 | unseen ROC 0.5000 PR 0.0000 | valAUC 0.5755 | tau+ 0.500
[OUTPOST-v4] epoch 41: test-all ROC 0.5666 PR 0.1818 | unseen ROC 0.5000 PR 0.0000 | valAUC 0.5764 | tau+ 0.500
[OUTPOST-v4] epoch 42: test-all ROC 0.5670 PR 0.1822 | unseen ROC 0.5000 PR 0.0000 | valAUC 0.5777 | tau+ 0.500
[OUTPOST-v4] epoch 43: test-all ROC 0.5674 PR 0.1825 | unseen ROC 0.5000 PR 0.0000 | valAUC 0.5778 | tau+ 0.500
[OUTPOST-v4] epoch 44: test-all ROC 0.5678 PR 0.1828 | unseen ROC 0.5000 PR 0.0000 | valAUC 0.5790 | tau+ 0.500
[OUTPOST-v4] epoch 45: test-all ROC 0.5682 PR 0.1832 | unseen ROC 0.5000 PR 0.0000 | valAUC 0.5797 | tau+ 0.500
[OUTPOST-v4] epoch 46: test-all ROC 0.5687 PR 0.1835 | unseen ROC 0.5000 PR 0.0000 | valAUC 0.5802 | tau+ 0.500
[OUTPOST-v4] epoch 47: test-all ROC 0.5692 PR 0.1838 | unseen ROC 0.5000 PR 0.0000 | valAUC 0.5798 | tau+ 0.500
[OUTPOST-v4] epoch 48: test-all ROC 0.5697 PR 0.1841 | unseen ROC 0.5000 PR 0.0000 | valAUC 0.5811 | tau+ 0.500
[OUTPOST-v4] epoch 49: test-all ROC 0.5703 PR 0.1844 | unseen ROC 0.5000 PR 0.0000 | valAUC 0.5817 | tau+ 0.500
[OUTPOST-v4] epoch 50: test-all ROC 0.5708 PR 0.1848 | unseen ROC 0.5000 PR 0.0000 | valAUC 0.5826 | tau+ 0.500
[OUTPOST-v4] epoch 51: test-all ROC 0.5714 PR 0.1851 | unseen ROC 0.5000 PR 0.0000 | valAUC 0.5837 | tau+ 0.500
[OUTPOST-v4] epoch 52: test-all ROC 0.5721 PR 0.1854 | unseen ROC 0.5000 PR 0.0000 | valAUC 0.5845 | tau+ 0.500
[OUTPOST-v4] epoch 53: test-all ROC 0.5727 PR 0.1857 | unseen ROC 0.5000 PR 0.0000 | valAUC 0.5855 | tau+ 0.500
[OUTPOST-v4] epoch 54: test-all ROC 0.5735 PR 0.1860 | unseen ROC 0.5000 PR 0.0000 | valAUC 0.5871 | tau+ 0.500
[OUTPOST-v4] epoch 55: test-all ROC 0.5743 PR 0.1863 | unseen ROC 0.5000 PR 0.0000 | valAUC 0.5891 | tau+ 0.500
[OUTPOST-v4] epoch 56: test-all ROC 0.5751 PR 0.1867 | unseen ROC 0.5000 PR 0.0000 | valAUC 0.5897 | tau+ 0.500
[OUTPOST-v4] epoch 57: test-all ROC 0.5760 PR 0.1870 | unseen ROC 0.5000 PR 0.0000 | valAUC 0.5913 | tau+ 0.500
[OUTPOST-v4] epoch 58: test-all ROC 0.5769 PR 0.1874 | unseen ROC 0.5000 PR 0.0000 | valAUC 0.5923 | tau+ 0.500
[OUTPOST-v4] epoch 59: test-all ROC 0.5778 PR 0.1877 | unseen ROC 0.5000 PR 0.0000 | valAUC 0.5944 | tau+ 0.500
[OUTPOST-v4] epoch 60: test-all ROC 0.5787 PR 0.1881 | unseen ROC 0.5000 PR 0.0000 | valAUC 0.5961 | tau+ 0.500
[OUTPOST-v4] epoch 61: test-all ROC 0.5797 PR 0.1885 | unseen ROC 0.5000 PR 0.0000 | valAUC 0.5971 | tau+ 0.500
[OUTPOST-v4] epoch 62: test-all ROC 0.5806 PR 0.1888 | unseen ROC 0.5000 PR 0.0000 | valAUC 0.5982 | tau+ 0.500
[OUTPOST-v4] epoch 63: test-all ROC 0.5815 PR 0.1892 | unseen ROC 0.5000 PR 0.0000 | valAUC 0.5992 | tau+ 0.500
[OUTPOST-v4] epoch 64: test-all ROC 0.5824 PR 0.1896 | unseen ROC 0.5000 PR 0.0000 | valAUC 0.6005 | tau+ 0.500
[OUTPOST-v4] epoch 65: test-all ROC 0.5832 PR 0.1899 | unseen ROC 0.5000 PR 0.0000 | valAUC 0.6020 | tau+ 0.500
[OUTPOST-v4] epoch 66: test-all ROC 0.5840 PR 0.1903 | unseen ROC 0.5000 PR 0.0000 | valAUC 0.6022 | tau+ 0.500
[OUTPOST-v4] epoch 67: test-all ROC 0.5848 PR 0.1906 | unseen ROC 0.5000 PR 0.0000 | valAUC 0.6042 | tau+ 0.500
[OUTPOST-v4] epoch 68: test-all ROC 0.5856 PR 0.1910 | unseen ROC 0.5000 PR 0.0000 | valAUC 0.6060 | tau+ 0.500
[OUTPOST-v4] epoch 69: test-all ROC 0.5864 PR 0.1914 | unseen ROC 0.5000 PR 0.0000 | valAUC 0.6067 | tau+ 0.500
[OUTPOST-v4] epoch 70: test-all ROC 0.5873 PR 0.1917 | unseen ROC 0.5000 PR 0.0000 | valAUC 0.6078 | tau+ 0.500
[OUTPOST-v4] epoch 71: test-all ROC 0.5881 PR 0.1921 | unseen ROC 0.5000 PR 0.0000 | valAUC 0.6082 | tau+ 0.500
[OUTPOST-v4] epoch 72: test-all ROC 0.5889 PR 0.1925 | unseen ROC 0.5000 PR 0.0000 | valAUC 0.6100 | tau+ 0.500
[OUTPOST-v4] epoch 73: test-all ROC 0.5896 PR 0.1929 | unseen ROC 0.5000 PR 0.0000 | valAUC 0.6107 | tau+ 0.500
[OUTPOST-v4] epoch 74: test-all ROC 0.5904 PR 0.1933 | unseen ROC 0.5000 PR 0.0000 | valAUC 0.6122 | tau+ 0.500
[OUTPOST-v4] epoch 75: test-all ROC 0.5911 PR 0.1937 | unseen ROC 0.5000 PR 0.0000 | valAUC 0.6131 | tau+ 0.500
[OUTPOST-v4] epoch 76: test-all ROC 0.5919 PR 0.1941 | unseen ROC 0.5000 PR 0.0000 | valAUC 0.6139 | tau+ 0.500
[OUTPOST-v4] epoch 77: test-all ROC 0.5926 PR 0.1945 | unseen ROC 0.5000 PR 0.0000 | valAUC 0.6145 | tau+ 0.500
[OUTPOST-v4] epoch 78: test-all ROC 0.5934 PR 0.1950 | unseen ROC 0.5000 PR 0.0000 | valAUC 0.6154 | tau+ 0.500
[OUTPOST-v4] epoch 79: test-all ROC 0.5943 PR 0.1954 | unseen ROC 0.5000 PR 0.0000 | valAUC 0.6163 | tau+ 0.500
[OUTPOST-v4] epoch 80: test-all ROC 0.5951 PR 0.1959 | unseen ROC 0.5000 PR 0.0000 | valAUC 0.6181 | tau+ 0.500
[OUTPOST-v4] epoch 81: test-all ROC 0.5960 PR 0.1963 | unseen ROC 0.5000 PR 0.0000 | valAUC 0.6199 | tau+ 0.500
[OUTPOST-v4] epoch 82: test-all ROC 0.5968 PR 0.1968 | unseen ROC 0.5000 PR 0.0000 | valAUC 0.6216 | tau+ 0.500
[OUTPOST-v4] epoch 83: test-all ROC 0.5977 PR 0.1973 | unseen ROC 0.5000 PR 0.0000 | valAUC 0.6232 | tau+ 0.500
[OUTPOST-v4] epoch 84: test-all ROC 0.5987 PR 0.1978 | unseen ROC 0.5000 PR 0.0000 | valAUC 0.6247 | tau+ 0.500
[OUTPOST-v4] epoch 85: test-all ROC 0.5996 PR 0.1983 | unseen ROC 0.5000 PR 0.0000 | valAUC 0.6259 | tau+ 0.500
[OUTPOST-v4] epoch 86: test-all ROC 0.6005 PR 0.1988 | unseen ROC 0.5000 PR 0.0000 | valAUC 0.6273 | tau+ 0.500
[OUTPOST-v4] epoch 87: test-all ROC 0.6013 PR 0.1992 | unseen ROC 0.5000 PR 0.0000 | valAUC 0.6282 | tau+ 0.500
[OUTPOST-v4] epoch 88: test-all ROC 0.6021 PR 0.1997 | unseen ROC 0.5000 PR 0.0000 | valAUC 0.6300 | tau+ 0.500
[OUTPOST-v4] epoch 89: test-all ROC 0.6029 PR 0.2001 | unseen ROC 0.5000 PR 0.0000 | valAUC 0.6316 | tau+ 0.500
[OUTPOST-v4] epoch 90: test-all ROC 0.6036 PR 0.2005 | unseen ROC 0.5000 PR 0.0000 | valAUC 0.6331 | tau+ 0.500
[OUTPOST-v4] epoch 91: test-all ROC 0.6043 PR 0.2009 | unseen ROC 0.5000 PR 0.0000 | valAUC 0.6331 | tau+ 0.500
[OUTPOST-v4] epoch 92: test-all ROC 0.6051 PR 0.2013 | unseen ROC 0.5000 PR 0.0000 | valAUC 0.6345 | tau+ 0.500
[OUTPOST-v4] epoch 93: test-all ROC 0.6058 PR 0.2017 | unseen ROC 0.5000 PR 0.0000 | valAUC 0.6355 | tau+ 0.500
[OUTPOST-v4] epoch 94: test-all ROC 0.6066 PR 0.2022 | unseen ROC 0.5000 PR 0.0000 | valAUC 0.6368 | tau+ 0.500
[OUTPOST-v4] epoch 95: test-all ROC 0.6074 PR 0.2026 | unseen ROC 0.5000 PR 0.0000 | valAUC 0.6374 | tau+ 0.500
[OUTPOST-v4] epoch 96: test-all ROC 0.6082 PR 0.2031 | unseen ROC 0.5000 PR 0.0000 | valAUC 0.6389 | tau+ 0.500
[OUTPOST-v4] epoch 97: test-all ROC 0.6090 PR 0.2036 | unseen ROC 0.5000 PR 0.0000 | valAUC 0.6399 | tau+ 0.500
[OUTPOST-v4] epoch 98: test-all ROC 0.6099 PR 0.2041 | unseen ROC 0.5000 PR 0.0000 | valAUC 0.6413 | tau+ 0.500
[OUTPOST-v4] epoch 99: test-all ROC 0.6108 PR 0.2046 | unseen ROC 0.5000 PR 0.0000 | valAUC 0.6429 | tau+ 0.500
[OUTPOST-v4] epoch 100: test-all ROC 0.6117 PR 0.2052 | unseen ROC 0.5000 PR 0.0000 | valAUC 0.6439 | tau+ 0.500
[OUTPOST-v4] epoch 101: test-all ROC 0.6126 PR 0.2057 | unseen ROC 0.5000 PR 0.0000 | valAUC 0.6463 | tau+ 0.500
[OUTPOST-v4] epoch 102: test-all ROC 0.6134 PR 0.2062 | unseen ROC 0.5000 PR 0.0000 | valAUC 0.6471 | tau+ 0.500
[OUTPOST-v4] epoch 103: test-all ROC 0.6142 PR 0.2068 | unseen ROC 0.5000 PR 0.0000 | valAUC 0.6487 | tau+ 0.500
[OUTPOST-v4] epoch 104: test-all ROC 0.6150 PR 0.2073 | unseen ROC 0.5000 PR 0.0000 | valAUC 0.6494 | tau+ 0.500
[OUTPOST-v4] epoch 105: test-all ROC 0.6157 PR 0.2078 | unseen ROC 0.5000 PR 0.0000 | valAUC 0.6502 | tau+ 0.500
[OUTPOST-v4] epoch 106: test-all ROC 0.6164 PR 0.2083 | unseen ROC 0.5000 PR 0.0000 | valAUC 0.6518 | tau+ 0.500
[OUTPOST-v4] epoch 107: test-all ROC 0.6171 PR 0.2088 | unseen ROC 0.5000 PR 0.0000 | valAUC 0.6528 | tau+ 0.500
[OUTPOST-v4] epoch 108: test-all ROC 0.6178 PR 0.2093 | unseen ROC 0.5000 PR 0.0000 | valAUC 0.6542 | tau+ 0.500
[OUTPOST-v4] epoch 109: test-all ROC 0.6184 PR 0.2099 | unseen ROC 0.5000 PR 0.0000 | valAUC 0.6546 | tau+ 0.500
[OUTPOST-v4] epoch 110: test-all ROC 0.6191 PR 0.2104 | unseen ROC 0.5000 PR 0.0000 | valAUC 0.6561 | tau+ 0.500
[OUTPOST-v4] epoch 111: test-all ROC 0.6198 PR 0.2110 | unseen ROC 0.5000 PR 0.0000 | valAUC 0.6569 | tau+ 0.500
[OUTPOST-v4] epoch 112: test-all ROC 0.6205 PR 0.2115 | unseen ROC 0.5000 PR 0.0000 | valAUC 0.6565 | tau+ 0.500
[OUTPOST-v4] epoch 113: test-all ROC 0.6211 PR 0.2121 | unseen ROC 0.5000 PR 0.0000 | valAUC 0.6584 | tau+ 0.500
[OUTPOST-v4] epoch 114: test-all ROC 0.6217 PR 0.2126 | unseen ROC 0.5000 PR 0.0000 | valAUC 0.6589 | tau+ 0.500
[OUTPOST-v4] epoch 115: test-all ROC 0.6223 PR 0.2132 | unseen ROC 0.5000 PR 0.0000 | valAUC 0.6599 | tau+ 0.500
[OUTPOST-v4] epoch 116: test-all ROC 0.6229 PR 0.2137 | unseen ROC 0.5000 PR 0.0000 | valAUC 0.6600 | tau+ 0.500
[OUTPOST-v4] epoch 117: test-all ROC 0.6234 PR 0.2142 | unseen ROC 0.5000 PR 0.0000 | valAUC 0.6609 | tau+ 0.500
[OUTPOST-v4] epoch 118: test-all ROC 0.6238 PR 0.2148 | unseen ROC 0.5000 PR 0.0000 | valAUC 0.6616 | tau+ 0.500
[OUTPOST-v4] epoch 119: test-all ROC 0.6241 PR 0.2152 | unseen ROC 0.5000 PR 0.0000 | valAUC 0.6618 | tau+ 0.500
[OUTPOST-v4] epoch 120: test-all ROC 0.6245 PR 0.2157 | unseen ROC 0.5000 PR 0.0000 | valAUC 0.6618 | tau+ 0.500
[OUTPOST-v4] epoch 121: test-all ROC 0.6249 PR 0.2163 | unseen ROC 0.5000 PR 0.0000 | valAUC 0.6624 | tau+ 0.500
[OUTPOST-v4] epoch 122: test-all ROC 0.6253 PR 0.2168 | unseen ROC 0.5000 PR 0.0000 | valAUC 0.6642 | tau+ 0.500
[OUTPOST-v4] epoch 123: test-all ROC 0.6258 PR 0.2174 | unseen ROC 0.5000 PR 0.0000 | valAUC 0.6648 | tau+ 0.500
[OUTPOST-v4] epoch 124: test-all ROC 0.6261 PR 0.2179 | unseen ROC 0.5000 PR 0.0000 | valAUC 0.6662 | tau+ 0.500
[OUTPOST-v4] epoch 125: test-all ROC 0.6264 PR 0.2184 | unseen ROC 0.5000 PR 0.0000 | valAUC 0.6666 | tau+ 0.500
[OUTPOST-v4] epoch 126: test-all ROC 0.6267 PR 0.2190 | unseen ROC 0.5000 PR 0.0000 | valAUC 0.6673 | tau+ 0.500
[OUTPOST-v4] epoch 127: test-all ROC 0.6270 PR 0.2195 | unseen ROC 0.5000 PR 0.0000 | valAUC 0.6672 | tau+ 0.500
[OUTPOST-v4] epoch 128: test-all ROC 0.6271 PR 0.2199 | unseen ROC 0.5000 PR 0.0000 | valAUC 0.6680 | tau+ 0.500
[OUTPOST-v4] epoch 129: test-all ROC 0.6273 PR 0.2204 | unseen ROC 0.5000 PR 0.0000 | valAUC 0.6697 | tau+ 0.500
[OUTPOST-v4] epoch 130: test-all ROC 0.6275 PR 0.2209 | unseen ROC 0.5000 PR 0.0000 | valAUC 0.6698 | tau+ 0.500
[OUTPOST-v4] epoch 131: test-all ROC 0.6276 PR 0.2214 | unseen ROC 0.5000 PR 0.0000 | valAUC 0.6703 | tau+ 0.500
[OUTPOST-v4] epoch 132: test-all ROC 0.6277 PR 0.2218 | unseen ROC 0.5000 PR 0.0000 | valAUC 0.6711 | tau+ 0.500
[OUTPOST-v4] epoch 133: test-all ROC 0.6277 PR 0.2222 | unseen ROC 0.5000 PR 0.0000 | valAUC 0.6706 | tau+ 0.500
[OUTPOST-v4] epoch 134: test-all ROC 0.6276 PR 0.2226 | unseen ROC 0.5000 PR 0.0000 | valAUC 0.6707 | tau+ 0.500
[OUTPOST-v4] epoch 135: test-all ROC 0.6275 PR 0.2229 | unseen ROC 0.5000 PR 0.0000 | valAUC 0.6704 | tau+ 0.500
[OUTPOST-v4] epoch 136: test-all ROC 0.6275 PR 0.2233 | unseen ROC 0.5000 PR 0.0000 | valAUC 0.6710 | tau+ 0.500
[OUTPOST-v4] epoch 137: test-all ROC 0.6276 PR 0.2238 | unseen ROC 0.5000 PR 0.0000 | valAUC 0.6704 | tau+ 0.500
[OUTPOST-v4] epoch 138: test-all ROC 0.6277 PR 0.2242 | unseen ROC 0.5000 PR 0.0000 | valAUC 0.6697 | tau+ 0.500
[OUTPOST-v4] epoch 139: test-all ROC 0.6277 PR 0.2246 | unseen ROC 0.5000 PR 0.0000 | valAUC 0.6701 | tau+ 0.500
[OUTPOST-v4] epoch 140: test-all ROC 0.6276 PR 0.2249 | unseen ROC 0.5000 PR 0.0000 | valAUC 0.6693 | tau+ 0.500
[OUTPOST-v4] epoch 141: test-all ROC 0.6275 PR 0.2253 | unseen ROC 0.5000 PR 0.0000 | valAUC 0.6696 | tau+ 0.500
[OUTPOST-v4] epoch 142: test-all ROC 0.6274 PR 0.2257 | unseen ROC 0.5000 PR 0.0000 | valAUC 0.6711 | tau+ 0.500
[OUTPOST-v4] epoch 143: test-all ROC 0.6274 PR 0.2261 | unseen ROC 0.5000 PR 0.0000 | valAUC 0.6717 | tau+ 0.500
[OUTPOST-v4] epoch 144: test-all ROC 0.6274 PR 0.2265 | unseen ROC 0.5000 PR 0.0000 | valAUC 0.6724 | tau+ 0.500
[OUTPOST-v4] epoch 145: test-all ROC 0.6275 PR 0.2269 | unseen ROC 0.5000 PR 0.0000 | valAUC 0.6721 | tau+ 0.500
[OUTPOST-v4] epoch 146: test-all ROC 0.6274 PR 0.2273 | unseen ROC 0.5000 PR 0.0000 | valAUC 0.6731 | tau+ 0.500
[OUTPOST-v4] epoch 147: test-all ROC 0.6274 PR 0.2277 | unseen ROC 0.5000 PR 0.0000 | valAUC 0.6738 | tau+ 0.500
[OUTPOST-v4] epoch 148: test-all ROC 0.6274 PR 0.2281 | unseen ROC 0.5000 PR 0.0000 | valAUC 0.6738 | tau+ 0.500
[OUTPOST-v4] epoch 149: test-all ROC 0.6274 PR 0.2285 | unseen ROC 0.5000 PR 0.0000 | valAUC 0.6739 | tau+ 0.500
[OUTPOST-v4] epoch 150: test-all ROC 0.6274 PR 0.2288 | unseen ROC 0.5000 PR 0.0000 | valAUC 0.6735 | tau+ 0.500
[OUTPOST-v4] epoch 151: test-all ROC 0.6273 PR 0.2292 | unseen ROC 0.5000 PR 0.0000 | valAUC 0.6738 | tau+ 0.500
[OUTPOST-v4] epoch 152: test-all ROC 0.6274 PR 0.2296 | unseen ROC 0.5000 PR 0.0000 | valAUC 0.6739 | tau+ 0.500
[OUTPOST-v4] epoch 153: test-all ROC 0.6276 PR 0.2301 | unseen ROC 0.5000 PR 0.0000 | valAUC 0.6746 | tau+ 0.500
[OUTPOST-v4] epoch 154: test-all ROC 0.6278 PR 0.2305 | unseen ROC 0.5000 PR 0.0000 | valAUC 0.6751 | tau+ 0.500
[OUTPOST-v4] epoch 155: test-all ROC 0.6279 PR 0.2310 | unseen ROC 0.5000 PR 0.0000 | valAUC 0.6755 | tau+ 0.500
[OUTPOST-v4] epoch 156: test-all ROC 0.6279 PR 0.2313 | unseen ROC 0.5000 PR 0.0000 | valAUC 0.6759 | tau+ 0.500
[OUTPOST-v4] epoch 157: test-all ROC 0.6279 PR 0.2318 | unseen ROC 0.5000 PR 0.0000 | valAUC 0.6765 | tau+ 0.500
[OUTPOST-v4] epoch 158: test-all ROC 0.6279 PR 0.2321 | unseen ROC 0.5000 PR 0.0000 | valAUC 0.6764 | tau+ 0.500
[OUTPOST-v4] epoch 159: test-all ROC 0.6280 PR 0.2326 | unseen ROC 0.5000 PR 0.0000 | valAUC 0.6753 | tau+ 0.500
[OUTPOST-v4] epoch 160: test-all ROC 0.6281 PR 0.2330 | unseen ROC 0.5000 PR 0.0000 | valAUC 0.6760 | tau+ 0.500
[OUTPOST-v4] epoch 161: test-all ROC 0.6282 PR 0.2335 | unseen ROC 0.5000 PR 0.0000 | valAUC 0.6762 | tau+ 0.500
[OUTPOST-v4] epoch 162: test-all ROC 0.6282 PR 0.2338 | unseen ROC 0.5000 PR 0.0000 | valAUC 0.6755 | tau+ 0.500
[OUTPOST-v4] epoch 163: test-all ROC 0.6281 PR 0.2342 | unseen ROC 0.5000 PR 0.0000 | valAUC 0.6752 | tau+ 0.500
[OUTPOST-v4] epoch 164: test-all ROC 0.6281 PR 0.2345 | unseen ROC 0.5000 PR 0.0000 | valAUC 0.6753 | tau+ 0.500
[OUTPOST-v4] epoch 165: test-all ROC 0.6282 PR 0.2349 | unseen ROC 0.5000 PR 0.0000 | valAUC 0.6758 | tau+ 0.500
[OUTPOST-v4] epoch 166: test-all ROC 0.6283 PR 0.2353 | unseen ROC 0.5000 PR 0.0000 | valAUC 0.6764 | tau+ 0.500
[OUTPOST-v4] epoch 167: test-all ROC 0.6284 PR 0.2357 | unseen ROC 0.5000 PR 0.0000 | valAUC 0.6763 | tau+ 0.500
[OUTPOST-v4] epoch 168: test-all ROC 0.6285 PR 0.2360 | unseen ROC 0.5000 PR 0.0000 | valAUC 0.6764 | tau+ 0.500
[OUTPOST-v4] epoch 169: test-all ROC 0.6286 PR 0.2364 | unseen ROC 0.5000 PR 0.0000 | valAUC 0.6767 | tau+ 0.500
[OUTPOST-v4] epoch 170: test-all ROC 0.6287 PR 0.2367 | unseen ROC 0.5000 PR 0.0000 | valAUC 0.6767 | tau+ 0.500
[OUTPOST-v4] epoch 171: test-all ROC 0.6289 PR 0.2371 | unseen ROC 0.5000 PR 0.0000 | valAUC 0.6765 | tau+ 0.500
[OUTPOST-v4] epoch 172: test-all ROC 0.6292 PR 0.2375 | unseen ROC 0.5000 PR 0.0000 | valAUC 0.6770 | tau+ 0.500
[OUTPOST-v4] epoch 173: test-all ROC 0.6295 PR 0.2380 | unseen ROC 0.5000 PR 0.0000 | valAUC 0.6771 | tau+ 0.500
[OUTPOST-v4] epoch 174: test-all ROC 0.6299 PR 0.2385 | unseen ROC 0.5000 PR 0.0000 | valAUC 0.6782 | tau+ 0.500
[OUTPOST-v4] epoch 175: test-all ROC 0.6303 PR 0.2391 | unseen ROC 0.5000 PR 0.0000 | valAUC 0.6792 | tau+ 0.500
[OUTPOST-v4] epoch 176: test-all ROC 0.6307 PR 0.2396 | unseen ROC 0.5000 PR 0.0000 | valAUC 0.6794 | tau+ 0.500
[OUTPOST-v4] epoch 177: test-all ROC 0.6311 PR 0.2401 | unseen ROC 0.5000 PR 0.0000 | valAUC 0.6796 | tau+ 0.500
[OUTPOST-v4] epoch 178: test-all ROC 0.6313 PR 0.2405 | unseen ROC 0.5000 PR 0.0000 | valAUC 0.6806 | tau+ 0.500
[OUTPOST-v4] epoch 179: test-all ROC 0.6316 PR 0.2409 | unseen ROC 0.5000 PR 0.0000 | valAUC 0.6815 | tau+ 0.500
[OUTPOST-v4] epoch 180: test-all ROC 0.6319 PR 0.2414 | unseen ROC 0.5000 PR 0.0000 | valAUC 0.6817 | tau+ 0.500
[OUTPOST-v4] epoch 181: test-all ROC 0.6323 PR 0.2418 | unseen ROC 0.5000 PR 0.0000 | valAUC 0.6826 | tau+ 0.500
[OUTPOST-v4] epoch 182: test-all ROC 0.6326 PR 0.2423 | unseen ROC 0.5000 PR 0.0000 | valAUC 0.6827 | tau+ 0.500
[OUTPOST-v4] epoch 183: test-all ROC 0.6330 PR 0.2427 | unseen ROC 0.5000 PR 0.0000 | valAUC 0.6831 | tau+ 0.500
[OUTPOST-v4] epoch 184: test-all ROC 0.6333 PR 0.2431 | unseen ROC 0.5000 PR 0.0000 | valAUC 0.6832 | tau+ 0.500
[OUTPOST-v4] epoch 185: test-all ROC 0.6337 PR 0.2436 | unseen ROC 0.5000 PR 0.0000 | valAUC 0.6834 | tau+ 0.500
[OUTPOST-v4] epoch 186: test-all ROC 0.6342 PR 0.2440 | unseen ROC 0.5000 PR 0.0000 | valAUC 0.6831 | tau+ 0.500
[OUTPOST-v4] epoch 187: test-all ROC 0.6346 PR 0.2445 | unseen ROC 0.5000 PR 0.0000 | valAUC 0.6832 | tau+ 0.500
[OUTPOST-v4] epoch 188: test-all ROC 0.6352 PR 0.2451 | unseen ROC 0.5000 PR 0.0000 | valAUC 0.6837 | tau+ 0.500
[OUTPOST-v4] epoch 189: test-all ROC 0.6357 PR 0.2456 | unseen ROC 0.5000 PR 0.0000 | valAUC 0.6841 | tau+ 0.500
[OUTPOST-v4] epoch 190: test-all ROC 0.6362 PR 0.2461 | unseen ROC 0.5000 PR 0.0000 | valAUC 0.6839 | tau+ 0.500
[OUTPOST-v4] epoch 191: test-all ROC 0.6365 PR 0.2466 | unseen ROC 0.5000 PR 0.0000 | valAUC 0.6844 | tau+ 0.500
[OUTPOST-v4] epoch 192: test-all ROC 0.6368 PR 0.2471 | unseen ROC 0.5000 PR 0.0000 | valAUC 0.6845 | tau+ 0.500
[OUTPOST-v4] epoch 193: test-all ROC 0.6372 PR 0.2476 | unseen ROC 0.5000 PR 0.0000 | valAUC 0.6847 | tau+ 0.500
[OUTPOST-v4] epoch 194: test-all ROC 0.6378 PR 0.2481 | unseen ROC 0.5000 PR 0.0000 | valAUC 0.6845 | tau+ 0.500
[OUTPOST-v4] epoch 195: test-all ROC 0.6384 PR 0.2488 | unseen ROC 0.5000 PR 0.0000 | valAUC 0.6849 | tau+ 0.500
[OUTPOST-v4] epoch 196: test-all ROC 0.6392 PR 0.2495 | unseen ROC 0.5000 PR 0.0000 | valAUC 0.6861 | tau+ 0.500
[OUTPOST-v4] epoch 197: test-all ROC 0.6400 PR 0.2501 | unseen ROC 0.5000 PR 0.0000 | valAUC 0.6862 | tau+ 0.500
[OUTPOST-v4] epoch 198: test-all ROC 0.6409 PR 0.2509 | unseen ROC 0.5000 PR 0.0000 | valAUC 0.6874 | tau+ 0.500
[OUTPOST-v4] epoch 199: test-all ROC 0.6418 PR 0.2516 | unseen ROC 0.5000 PR 0.0000 | valAUC 0.6879 | tau+ 0.500
[OUTPOST-v4] epoch 200: test-all ROC 0.6425 PR 0.2523 | unseen ROC 0.5000 PR 0.0000 | valAUC 0.6883 | tau+ 0.500
[OUTPOST-v4] epoch 201: test-all ROC 0.6434 PR 0.2530 | unseen ROC 0.5000 PR 0.0000 | valAUC 0.6889 | tau+ 0.500
[OUTPOST-v4] epoch 202: test-all ROC 0.6442 PR 0.2537 | unseen ROC 0.5000 PR 0.0000 | valAUC 0.6898 | tau+ 0.500
[OUTPOST-v4] epoch 203: test-all ROC 0.6450 PR 0.2544 | unseen ROC 0.5000 PR 0.0000 | valAUC 0.6911 | tau+ 0.500
[OUTPOST-v4] epoch 204: test-all ROC 0.6459 PR 0.2552 | unseen ROC 0.5000 PR 0.0000 | valAUC 0.6915 | tau+ 0.500
[OUTPOST-v4] epoch 205: test-all ROC 0.6467 PR 0.2560 | unseen ROC 0.5000 PR 0.0000 | valAUC 0.6920 | tau+ 0.500
[OUTPOST-v4] epoch 206: test-all ROC 0.6475 PR 0.2567 | unseen ROC 0.5000 PR 0.0000 | valAUC 0.6933 | tau+ 0.500
[OUTPOST-v4] epoch 207: test-all ROC 0.6482 PR 0.2574 | unseen ROC 0.5000 PR 0.0000 | valAUC 0.6943 | tau+ 0.500
[OUTPOST-v4] epoch 208: test-all ROC 0.6490 PR 0.2581 | unseen ROC 0.5000 PR 0.0000 | valAUC 0.6953 | tau+ 0.500
[OUTPOST-v4] epoch 209: test-all ROC 0.6497 PR 0.2587 | unseen ROC 0.5000 PR 0.0000 | valAUC 0.6957 | tau+ 0.500
[OUTPOST-v4] epoch 210: test-all ROC 0.6505 PR 0.2593 | unseen ROC 0.5000 PR 0.0000 | valAUC 0.6967 | tau+ 0.500
[OUTPOST-v4] epoch 211: test-all ROC 0.6514 PR 0.2601 | unseen ROC 0.5000 PR 0.0000 | valAUC 0.6979 | tau+ 0.500
[OUTPOST-v4] epoch 212: test-all ROC 0.6523 PR 0.2608 | unseen ROC 0.5000 PR 0.0000 | valAUC 0.6988 | tau+ 0.500
[OUTPOST-v4] epoch 213: test-all ROC 0.6531 PR 0.2616 | unseen ROC 0.5000 PR 0.0000 | valAUC 0.6997 | tau+ 0.500
[OUTPOST-v4] epoch 214: test-all ROC 0.6541 PR 0.2624 | unseen ROC 0.5000 PR 0.0000 | valAUC 0.7009 | tau+ 0.500
[OUTPOST-v4] epoch 215: test-all ROC 0.6550 PR 0.2632 | unseen ROC 0.5000 PR 0.0000 | valAUC 0.7017 | tau+ 0.500
[OUTPOST-v4] epoch 216: test-all ROC 0.6558 PR 0.2640 | unseen ROC 0.5000 PR 0.0000 | valAUC 0.7024 | tau+ 0.500
[OUTPOST-v4] epoch 217: test-all ROC 0.6568 PR 0.2649 | unseen ROC 0.5000 PR 0.0000 | valAUC 0.7037 | tau+ 0.500
[OUTPOST-v4] epoch 218: test-all ROC 0.6578 PR 0.2658 | unseen ROC 0.5000 PR 0.0000 | valAUC 0.7045 | tau+ 0.500
[OUTPOST-v4] epoch 219: test-all ROC 0.6588 PR 0.2667 | unseen ROC 0.5000 PR 0.0000 | valAUC 0.7049 | tau+ 0.500
[OUTPOST-v4] epoch 220: test-all ROC 0.6600 PR 0.2677 | unseen ROC 0.5000 PR 0.0000 | valAUC 0.7060 | tau+ 0.500
[OUTPOST-v4] epoch 221: test-all ROC 0.6611 PR 0.2688 | unseen ROC 0.5000 PR 0.0000 | valAUC 0.7066 | tau+ 0.500
[OUTPOST-v4] epoch 222: test-all ROC 0.6623 PR 0.2697 | unseen ROC 0.5000 PR 0.0000 | valAUC 0.7078 | tau+ 0.500
[OUTPOST-v4] epoch 223: test-all ROC 0.6633 PR 0.2707 | unseen ROC 0.5000 PR 0.0000 | valAUC 0.7084 | tau+ 0.500
[OUTPOST-v4] epoch 224: test-all ROC 0.6644 PR 0.2717 | unseen ROC 0.5000 PR 0.0000 | valAUC 0.7089 | tau+ 0.500
[OUTPOST-v4] epoch 225: test-all ROC 0.6655 PR 0.2727 | unseen ROC 0.5000 PR 0.0000 | valAUC 0.7096 | tau+ 0.500
[OUTPOST-v4] epoch 226: test-all ROC 0.6666 PR 0.2737 | unseen ROC 0.5000 PR 0.0000 | valAUC 0.7104 | tau+ 0.500
[OUTPOST-v4] epoch 227: test-all ROC 0.6678 PR 0.2747 | unseen ROC 0.5000 PR 0.0000 | valAUC 0.7119 | tau+ 0.500
[OUTPOST-v4] epoch 228: test-all ROC 0.6690 PR 0.2757 | unseen ROC 0.5000 PR 0.0000 | valAUC 0.7135 | tau+ 0.500
[OUTPOST-v4] epoch 229: test-all ROC 0.6702 PR 0.2768 | unseen ROC 0.5000 PR 0.0000 | valAUC 0.7144 | tau+ 0.500
[OUTPOST-v4] epoch 230: test-all ROC 0.6715 PR 0.2780 | unseen ROC 0.5000 PR 0.0000 | valAUC 0.7152 | tau+ 0.500
[OUTPOST-v4] epoch 231: test-all ROC 0.6727 PR 0.2790 | unseen ROC 0.5000 PR 0.0000 | valAUC 0.7167 | tau+ 0.500
[OUTPOST-v4] epoch 232: test-all ROC 0.6737 PR 0.2800 | unseen ROC 0.5000 PR 0.0000 | valAUC 0.7171 | tau+ 0.500
[OUTPOST-v4] epoch 233: test-all ROC 0.6748 PR 0.2809 | unseen ROC 0.5000 PR 0.0000 | valAUC 0.7182 | tau+ 0.500
[OUTPOST-v4] epoch 234: test-all ROC 0.6759 PR 0.2820 | unseen ROC 0.5000 PR 0.0000 | valAUC 0.7193 | tau+ 0.500
[OUTPOST-v4] epoch 235: test-all ROC 0.6770 PR 0.2830 | unseen ROC 0.5000 PR 0.0000 | valAUC 0.7198 | tau+ 0.500
[OUTPOST-v4] epoch 236: test-all ROC 0.6781 PR 0.2841 | unseen ROC 0.5000 PR 0.0000 | valAUC 0.7207 | tau+ 0.500
[OUTPOST-v4] epoch 237: test-all ROC 0.6793 PR 0.2852 | unseen ROC 0.5000 PR 0.0000 | valAUC 0.7215 | tau+ 0.500
[OUTPOST-v4] epoch 238: test-all ROC 0.6805 PR 0.2863 | unseen ROC 0.5000 PR 0.0000 | valAUC 0.7227 | tau+ 0.500
[OUTPOST-v4] epoch 239: test-all ROC 0.6816 PR 0.2874 | unseen ROC 0.5000 PR 0.0000 | valAUC 0.7230 | tau+ 0.500
[OUTPOST-v4] epoch 240: test-all ROC 0.6827 PR 0.2884 | unseen ROC 0.5000 PR 0.0000 | valAUC 0.7240 | tau+ 0.500
[OUTPOST-v4] epoch 241: test-all ROC 0.6837 PR 0.2895 | unseen ROC 0.5000 PR 0.0000 | valAUC 0.7244 | tau+ 0.500
[OUTPOST-v4] epoch 242: test-all ROC 0.6848 PR 0.2906 | unseen ROC 0.5000 PR 0.0000 | valAUC 0.7259 | tau+ 0.500
[OUTPOST-v4] epoch 243: test-all ROC 0.6858 PR 0.2918 | unseen ROC 0.5000 PR 0.0000 | valAUC 0.7261 | tau+ 0.500
[OUTPOST-v4] epoch 244: test-all ROC 0.6869 PR 0.2930 | unseen ROC 0.5000 PR 0.0000 | valAUC 0.7265 | tau+ 0.500
[OUTPOST-v4] epoch 245: test-all ROC 0.6881 PR 0.2942 | unseen ROC 0.5000 PR 0.0000 | valAUC 0.7272 | tau+ 0.500
[OUTPOST-v4] epoch 246: test-all ROC 0.6892 PR 0.2954 | unseen ROC 0.5000 PR 0.0000 | valAUC 0.7280 | tau+ 0.500
[OUTPOST-v4] epoch 247: test-all ROC 0.6903 PR 0.2965 | unseen ROC 0.5000 PR 0.0000 | valAUC 0.7286 | tau+ 0.500
[OUTPOST-v4] epoch 248: test-all ROC 0.6912 PR 0.2975 | unseen ROC 0.5000 PR 0.0000 | valAUC 0.7286 | tau+ 0.500
[OUTPOST-v4] epoch 249: test-all ROC 0.6921 PR 0.2986 | unseen ROC 0.5000 PR 0.0000 | valAUC 0.7296 | tau+ 0.500
[OUTPOST-v4] epoch 250: test-all ROC 0.6930 PR 0.2996 | unseen ROC 0.5000 PR 0.0000 | valAUC 0.7303 | tau+ 0.500
[OUTPOST-v4] epoch 251: test-all ROC 0.6939 PR 0.3006 | unseen ROC 0.5000 PR 0.0000 | valAUC 0.7313 | tau+ 0.500
[OUTPOST-v4] epoch 252: test-all ROC 0.6949 PR 0.3017 | unseen ROC 0.5000 PR 0.0000 | valAUC 0.7320 | tau+ 0.500
[OUTPOST-v4] epoch 253: test-all ROC 0.6960 PR 0.3029 | unseen ROC 0.5000 PR 0.0000 | valAUC 0.7327 | tau+ 0.500
[OUTPOST-v4] epoch 254: test-all ROC 0.6970 PR 0.3040 | unseen ROC 0.5000 PR 0.0000 | valAUC 0.7340 | tau+ 0.500
[OUTPOST-v4] epoch 255: test-all ROC 0.6979 PR 0.3051 | unseen ROC 0.5000 PR 0.0000 | valAUC 0.7351 | tau+ 0.500
[OUTPOST-v4] epoch 256: test-all ROC 0.6988 PR 0.3062 | unseen ROC 0.5000 PR 0.0000 | valAUC 0.7355 | tau+ 0.500
[OUTPOST-v4] epoch 257: test-all ROC 0.6997 PR 0.3074 | unseen ROC 0.5000 PR 0.0000 | valAUC 0.7357 | tau+ 0.500
[OUTPOST-v4] epoch 258: test-all ROC 0.7005 PR 0.3085 | unseen ROC 0.5000 PR 0.0000 | valAUC 0.7356 | tau+ 0.500
[OUTPOST-v4] epoch 259: test-all ROC 0.7013 PR 0.3096 | unseen ROC 0.5000 PR 0.0000 | valAUC 0.7360 | tau+ 0.500
[OUTPOST-v4] epoch 260: test-all ROC 0.7022 PR 0.3107 | unseen ROC 0.5000 PR 0.0000 | valAUC 0.7366 | tau+ 0.500
[OUTPOST-v4] epoch 261: test-all ROC 0.7030 PR 0.3117 | unseen ROC 0.5000 PR 0.0000 | valAUC 0.7372 | tau+ 0.500
[OUTPOST-v4] epoch 262: test-all ROC 0.7038 PR 0.3127 | unseen ROC 0.5000 PR 0.0000 | valAUC 0.7375 | tau+ 0.500
[OUTPOST-v4] epoch 263: test-all ROC 0.7046 PR 0.3137 | unseen ROC 0.5000 PR 0.0000 | valAUC 0.7374 | tau+ 0.500
[OUTPOST-v4] epoch 264: test-all ROC 0.7053 PR 0.3147 | unseen ROC 0.5000 PR 0.0000 | valAUC 0.7378 | tau+ 0.500
[OUTPOST-v4] epoch 265: test-all ROC 0.7060 PR 0.3157 | unseen ROC 0.5000 PR 0.0000 | valAUC 0.7383 | tau+ 0.500
[OUTPOST-v4] epoch 266: test-all ROC 0.7066 PR 0.3166 | unseen ROC 0.5000 PR 0.0000 | valAUC 0.7384 | tau+ 0.500
[OUTPOST-v4] epoch 267: test-all ROC 0.7074 PR 0.3176 | unseen ROC 0.5000 PR 0.0000 | valAUC 0.7384 | tau+ 0.500
[OUTPOST-v4] epoch 268: test-all ROC 0.7081 PR 0.3186 | unseen ROC 0.5000 PR 0.0000 | valAUC 0.7383 | tau+ 0.500
[OUTPOST-v4] epoch 269: test-all ROC 0.7088 PR 0.3195 | unseen ROC 0.5000 PR 0.0000 | valAUC 0.7387 | tau+ 0.500
[OUTPOST-v4] epoch 270: test-all ROC 0.7095 PR 0.3204 | unseen ROC 0.5000 PR 0.0000 | valAUC 0.7390 | tau+ 0.500
[OUTPOST-v4] epoch 271: test-all ROC 0.7101 PR 0.3212 | unseen ROC 0.5000 PR 0.0000 | valAUC 0.7395 | tau+ 0.500
[OUTPOST-v4] epoch 272: test-all ROC 0.7107 PR 0.3220 | unseen ROC 0.5000 PR 0.0000 | valAUC 0.7391 | tau+ 0.500
[OUTPOST-v4] epoch 273: test-all ROC 0.7113 PR 0.3227 | unseen ROC 0.5000 PR 0.0000 | valAUC 0.7390 | tau+ 0.500
[OUTPOST-v4] epoch 274: test-all ROC 0.7118 PR 0.3234 | unseen ROC 0.5000 PR 0.0000 | valAUC 0.7393 | tau+ 0.500
[OUTPOST-v4] epoch 275: test-all ROC 0.7124 PR 0.3241 | unseen ROC 0.5000 PR 0.0000 | valAUC 0.7399 | tau+ 0.500
[OUTPOST-v4] epoch 276: test-all ROC 0.7130 PR 0.3248 | unseen ROC 0.5000 PR 0.0000 | valAUC 0.7401 | tau+ 0.500
[OUTPOST-v4] epoch 277: test-all ROC 0.7135 PR 0.3254 | unseen ROC 0.5000 PR 0.0000 | valAUC 0.7403 | tau+ 0.500
[OUTPOST-v4] epoch 278: test-all ROC 0.7140 PR 0.3260 | unseen ROC 0.5000 PR 0.0000 | valAUC 0.7409 | tau+ 0.500
[OUTPOST-v4] epoch 279: test-all ROC 0.7145 PR 0.3266 | unseen ROC 0.5000 PR 0.0000 | valAUC 0.7410 | tau+ 0.500
[OUTPOST-v4] epoch 280: test-all ROC 0.7150 PR 0.3272 | unseen ROC 0.5000 PR 0.0000 | valAUC 0.7412 | tau+ 0.500
[OUTPOST-v4] epoch 281: test-all ROC 0.7156 PR 0.3278 | unseen ROC 0.5000 PR 0.0000 | valAUC 0.7409 | tau+ 0.500
[OUTPOST-v4] epoch 282: test-all ROC 0.7163 PR 0.3284 | unseen ROC 0.5000 PR 0.0000 | valAUC 0.7412 | tau+ 0.500
[OUTPOST-v4] epoch 283: test-all ROC 0.7171 PR 0.3291 | unseen ROC 0.5000 PR 0.0000 | valAUC 0.7415 | tau+ 0.500
[OUTPOST-v4] epoch 284: test-all ROC 0.7176 PR 0.3297 | unseen ROC 0.5000 PR 0.0000 | valAUC 0.7416 | tau+ 0.500
[OUTPOST-v4] epoch 285: test-all ROC 0.7180 PR 0.3302 | unseen ROC 0.5000 PR 0.0000 | valAUC 0.7414 | tau+ 0.500
[OUTPOST-v4] epoch 286: test-all ROC 0.7182 PR 0.3306 | unseen ROC 0.5000 PR 0.0000 | valAUC 0.7415 | tau+ 0.500
[OUTPOST-v4] epoch 287: test-all ROC 0.7183 PR 0.3309 | unseen ROC 0.5000 PR 0.0000 | valAUC 0.7413 | tau+ 0.500
[OUTPOST-v4] epoch 288: test-all ROC 0.7184 PR 0.3312 | unseen ROC 0.5000 PR 0.0000 | valAUC 0.7412 | tau+ 0.500
[OUTPOST-v4] epoch 289: test-all ROC 0.7185 PR 0.3316 | unseen ROC 0.5000 PR 0.0000 | valAUC 0.7418 | tau+ 0.500
[OUTPOST-v4] epoch 290: test-all ROC 0.7185 PR 0.3319 | unseen ROC 0.5000 PR 0.0000 | valAUC 0.7417 | tau+ 0.500
[OUTPOST-v4] epoch 291: test-all ROC 0.7186 PR 0.3323 | unseen ROC 0.5000 PR 0.0000 | valAUC 0.7415 | tau+ 0.500
[OUTPOST-v4] epoch 292: test-all ROC 0.7188 PR 0.3328 | unseen ROC 0.5000 PR 0.0000 | valAUC 0.7409 | tau+ 0.500
[OUTPOST-v4] epoch 293: test-all ROC 0.7189 PR 0.3333 | unseen ROC 0.5000 PR 0.0000 | valAUC 0.7413 | tau+ 0.500
[OUTPOST-v4] epoch 294: test-all ROC 0.7191 PR 0.3337 | unseen ROC 0.5000 PR 0.0000 | valAUC 0.7413 | tau+ 0.500
[OUTPOST-v4] epoch 295: test-all ROC 0.7194 PR 0.3342 | unseen ROC 0.5000 PR 0.0000 | valAUC 0.7417 | tau+ 0.500
[OUTPOST-v4] epoch 296: test-all ROC 0.7197 PR 0.3347 | unseen ROC 0.5000 PR 0.0000 | valAUC 0.7418 | tau+ 0.500
[OUTPOST-v4] epoch 297: test-all ROC 0.7201 PR 0.3352 | unseen ROC 0.5000 PR 0.0000 | valAUC 0.7418 | tau+ 0.500
[OUTPOST-v4] epoch 298: test-all ROC 0.7205 PR 0.3358 | unseen ROC 0.5000 PR 0.0000 | valAUC 0.7421 | tau+ 0.500
[OUTPOST-v4] epoch 299: test-all ROC 0.7208 PR 0.3364 | unseen ROC 0.5000 PR 0.0000 | valAUC 0.7412 | tau+ 0.500
[OUTPOST-v4] epoch 300: test-all ROC 0.7211 PR 0.3369 | unseen ROC 0.5000 PR 0.0000 | valAUC 0.7412 | tau+ 0.500
[OUTPOST-v4] epoch 301: test-all ROC 0.7215 PR 0.3375 | unseen ROC 0.5000 PR 0.0000 | valAUC 0.7422 | tau+ 0.500
[OUTPOST-v4] epoch 302: test-all ROC 0.7220 PR 0.3382 | unseen ROC 0.5000 PR 0.0000 | valAUC 0.7419 | tau+ 0.500
[OUTPOST-v4] epoch 303: test-all ROC 0.7225 PR 0.3389 | unseen ROC 0.5000 PR 0.0000 | valAUC 0.7423 | tau+ 0.500
[OUTPOST-v4] epoch 304: test-all ROC 0.7229 PR 0.3395 | unseen ROC 0.5000 PR 0.0000 | valAUC 0.7420 | tau+ 0.500
[OUTPOST-v4] epoch 305: test-all ROC 0.7231 PR 0.3400 | unseen ROC 0.5000 PR 0.0000 | valAUC 0.7423 | tau+ 0.500
[OUTPOST-v4] epoch 306: test-all ROC 0.7233 PR 0.3404 | unseen ROC 0.5000 PR 0.0000 | valAUC 0.7425 | tau+ 0.500
[OUTPOST-v4] epoch 307: test-all ROC 0.7235 PR 0.3408 | unseen ROC 0.5000 PR 0.0000 | valAUC 0.7424 | tau+ 0.500
[OUTPOST-v4] epoch 308: test-all ROC 0.7239 PR 0.3414 | unseen ROC 0.5000 PR 0.0000 | valAUC 0.7421 | tau+ 0.500
[OUTPOST-v4] epoch 309: test-all ROC 0.7243 PR 0.3419 | unseen ROC 0.5000 PR 0.0000 | valAUC 0.7420 | tau+ 0.500
[OUTPOST-v4] epoch 310: test-all ROC 0.7247 PR 0.3424 | unseen ROC 0.5000 PR 0.0000 | valAUC 0.7416 | tau+ 0.500
[OUTPOST-v4] epoch 311: test-all ROC 0.7249 PR 0.3427 | unseen ROC 0.5000 PR 0.0000 | valAUC 0.7417 | tau+ 0.500
[OUTPOST-v4] epoch 312: test-all ROC 0.7250 PR 0.3429 | unseen ROC 0.5000 PR 0.0000 | valAUC 0.7412 | tau+ 0.500
[OUTPOST-v4] epoch 313: test-all ROC 0.7253 PR 0.3433 | unseen ROC 0.5000 PR 0.0000 | valAUC 0.7412 | tau+ 0.500
[OUTPOST-v4] epoch 314: test-all ROC 0.7259 PR 0.3439 | unseen ROC 0.5000 PR 0.0000 | valAUC 0.7410 | tau+ 0.500
[OUTPOST-v4] epoch 315: test-all ROC 0.7265 PR 0.3445 | unseen ROC 0.5000 PR 0.0000 | valAUC 0.7411 | tau+ 0.500
[OUTPOST-v4] epoch 316: test-all ROC 0.7269 PR 0.3450 | unseen ROC 0.5000 PR 0.0000 | valAUC 0.7411 | tau+ 0.500
[OUTPOST-v4] epoch 317: test-all ROC 0.7271 PR 0.3454 | unseen ROC 0.5000 PR 0.0000 | valAUC 0.7403 | tau+ 0.500
[OUTPOST-v4] epoch 318: test-all ROC 0.7272 PR 0.3456 | unseen ROC 0.5000 PR 0.0000 | valAUC 0.7404 | tau+ 0.500
[OUTPOST-v4] epoch 319: test-all ROC 0.7275 PR 0.3459 | unseen ROC 0.5000 PR 0.0000 | valAUC 0.7401 | tau+ 0.500
[OUTPOST-v4] epoch 320: test-all ROC 0.7280 PR 0.3464 | unseen ROC 0.5000 PR 0.0000 | valAUC 0.7406 | tau+ 0.500
[OUTPOST-v4] epoch 321: test-all ROC 0.7285 PR 0.3469 | unseen ROC 0.5000 PR 0.0000 | valAUC 0.7416 | tau+ 0.500
[OUTPOST-v4] epoch 322: test-all ROC 0.7287 PR 0.3472 | unseen ROC 0.5000 PR 0.0000 | valAUC 0.7418 | tau+ 0.500
[OUTPOST-v4] epoch 323: test-all ROC 0.7288 PR 0.3475 | unseen ROC 0.5000 PR 0.0000 | valAUC 0.7411 | tau+ 0.500
[OUTPOST-v4] epoch 324: test-all ROC 0.7287 PR 0.3477 | unseen ROC 0.5000 PR 0.0000 | valAUC 0.7414 | tau+ 0.500
[OUTPOST-v4] epoch 325: test-all ROC 0.7287 PR 0.3480 | unseen ROC 0.5000 PR 0.0000 | valAUC 0.7414 | tau+ 0.500
[OUTPOST-v4] epoch 326: test-all ROC 0.7288 PR 0.3483 | unseen ROC 0.5000 PR 0.0000 | valAUC 0.7413 | tau+ 0.500
[OUTPOST-v4] epoch 327: test-all ROC 0.7290 PR 0.3488 | unseen ROC 0.5000 PR 0.0000 | valAUC 0.7414 | tau+ 0.500
[OUTPOST-v4] epoch 328: test-all ROC 0.7291 PR 0.3491 | unseen ROC 0.5000 PR 0.0000 | valAUC 0.7413 | tau+ 0.500
[OUTPOST-v4] epoch 329: test-all ROC 0.7291 PR 0.3494 | unseen ROC 0.5000 PR 0.0000 | valAUC 0.7412 | tau+ 0.500
[OUTPOST-v4] epoch 330: test-all ROC 0.7291 PR 0.3496 | unseen ROC 0.5000 PR 0.0000 | valAUC 0.7415 | tau+ 0.500
[OUTPOST-v4] epoch 331: test-all ROC 0.7292 PR 0.3500 | unseen ROC 0.5000 PR 0.0000 | valAUC 0.7413 | tau+ 0.500
[OUTPOST-v4] epoch 332: test-all ROC 0.7294 PR 0.3504 | unseen ROC 0.5000 PR 0.0000 | valAUC 0.7412 | tau+ 0.500
[OUTPOST-v4] epoch 333: test-all ROC 0.7298 PR 0.3508 | unseen ROC 0.5000 PR 0.0000 | valAUC 0.7415 | tau+ 0.500
[OUTPOST-v4] epoch 334: test-all ROC 0.7300 PR 0.3513 | unseen ROC 0.5000 PR 0.0000 | valAUC 0.7413 | tau+ 0.500
[OUTPOST-v4] epoch 335: test-all ROC 0.7303 PR 0.3517 | unseen ROC 0.5000 PR 0.0000 | valAUC 0.7417 | tau+ 0.500
[OUTPOST-v4] epoch 336: test-all ROC 0.7305 PR 0.3521 | unseen ROC 0.5000 PR 0.0000 | valAUC 0.7417 | tau+ 0.500
[OUTPOST-v4] epoch 337: test-all ROC 0.7306 PR 0.3525 | unseen ROC 0.5000 PR 0.0000 | valAUC 0.7417 | tau+ 0.500
[OUTPOST-v4] epoch 338: test-all ROC 0.7307 PR 0.3529 | unseen ROC 0.5000 PR 0.0000 | valAUC 0.7420 | tau+ 0.500
[OUTPOST-v4] epoch 339: test-all ROC 0.7309 PR 0.3532 | unseen ROC 0.5000 PR 0.0000 | valAUC 0.7419 | tau+ 0.500
[OUTPOST-v4] epoch 340: test-all ROC 0.7311 PR 0.3535 | unseen ROC 0.5000 PR 0.0000 | valAUC 0.7419 | tau+ 0.500
[OUTPOST-v4] epoch 341: test-all ROC 0.7314 PR 0.3538 | unseen ROC 0.5000 PR 0.0000 | valAUC 0.7421 | tau+ 0.500
[OUTPOST-v4] epoch 342: test-all ROC 0.7316 PR 0.3540 | unseen ROC 0.5000 PR 0.0000 | valAUC 0.7421 | tau+ 0.500
[OUTPOST-v4] epoch 343: test-all ROC 0.7318 PR 0.3542 | unseen ROC 0.5000 PR 0.0000 | valAUC 0.7418 | tau+ 0.500
[OUTPOST-v4] epoch 344: test-all ROC 0.7318 PR 0.3544 | unseen ROC 0.5000 PR 0.0000 | valAUC 0.7423 | tau+ 0.500
[OUTPOST-v4] epoch 345: test-all ROC 0.7319 PR 0.3545 | unseen ROC 0.5000 PR 0.0000 | valAUC 0.7426 | tau+ 0.500
[OUTPOST-v4] epoch 346: test-all ROC 0.7322 PR 0.3546 | unseen ROC 0.5000 PR 0.0000 | valAUC 0.7424 | tau+ 0.500
[OUTPOST-v4] epoch 347: test-all ROC 0.7326 PR 0.3548 | unseen ROC 0.5000 PR 0.0000 | valAUC 0.7429 | tau+ 0.500
[OUTPOST-v4] epoch 348: test-all ROC 0.7328 PR 0.3550 | unseen ROC 0.5000 PR 0.0000 | valAUC 0.7425 | tau+ 0.500
[OUTPOST-v4] epoch 349: test-all ROC 0.7329 PR 0.3552 | unseen ROC 0.5000 PR 0.0000 | valAUC 0.7428 | tau+ 0.500
[OUTPOST-v4] epoch 350: test-all ROC 0.7330 PR 0.3554 | unseen ROC 0.5000 PR 0.0000 | valAUC 0.7428 | tau+ 0.500
[OUTPOST-v4] epoch 351: test-all ROC 0.7332 PR 0.3556 | unseen ROC 0.5000 PR 0.0000 | valAUC 0.7433 | tau+ 0.500
[OUTPOST-v4] epoch 352: test-all ROC 0.7334 PR 0.3558 | unseen ROC 0.5000 PR 0.0000 | valAUC 0.7434 | tau+ 0.500
[OUTPOST-v4] epoch 353: test-all ROC 0.7337 PR 0.3560 | unseen ROC 0.5000 PR 0.0000 | valAUC 0.7436 | tau+ 0.500
[OUTPOST-v4] epoch 354: test-all ROC 0.7340 PR 0.3561 | unseen ROC 0.5000 PR 0.0000 | valAUC 0.7435 | tau+ 0.500
[OUTPOST-v4] epoch 355: test-all ROC 0.7339 PR 0.3563 | unseen ROC 0.5000 PR 0.0000 | valAUC 0.7436 | tau+ 0.500
[OUTPOST-v4] epoch 356: test-all ROC 0.7339 PR 0.3564 | unseen ROC 0.5000 PR 0.0000 | valAUC 0.7435 | tau+ 0.500
[OUTPOST-v4] epoch 357: test-all ROC 0.7339 PR 0.3565 | unseen ROC 0.5000 PR 0.0000 | valAUC 0.7434 | tau+ 0.500
[OUTPOST-v4] epoch 358: test-all ROC 0.7340 PR 0.3566 | unseen ROC 0.5000 PR 0.0000 | valAUC 0.7440 | tau+ 0.500
[OUTPOST-v4] epoch 359: test-all ROC 0.7342 PR 0.3567 | unseen ROC 0.5000 PR 0.0000 | valAUC 0.7444 | tau+ 0.500
[OUTPOST-v4] epoch 360: test-all ROC 0.7343 PR 0.3568 | unseen ROC 0.5000 PR 0.0000 | valAUC 0.7445 | tau+ 0.500
[OUTPOST-v4] epoch 361: test-all ROC 0.7343 PR 0.3570 | unseen ROC 0.5000 PR 0.0000 | valAUC 0.7449 | tau+ 0.500
[OUTPOST-v4] epoch 362: test-all ROC 0.7342 PR 0.3571 | unseen ROC 0.5000 PR 0.0000 | valAUC 0.7446 | tau+ 0.500
[OUTPOST-v4] epoch 363: test-all ROC 0.7342 PR 0.3572 | unseen ROC 0.5000 PR 0.0000 | valAUC 0.7448 | tau+ 0.500
[OUTPOST-v4] epoch 364: test-all ROC 0.7342 PR 0.3572 | unseen ROC 0.5000 PR 0.0000 | valAUC 0.7447 | tau+ 0.500
[OUTPOST-v4] epoch 365: test-all ROC 0.7343 PR 0.3573 | unseen ROC 0.5000 PR 0.0000 | valAUC 0.7446 | tau+ 0.500
[OUTPOST-v4] epoch 366: test-all ROC 0.7345 PR 0.3575 | unseen ROC 0.5000 PR 0.0000 | valAUC 0.7445 | tau+ 0.500
[OUTPOST-v4] epoch 367: test-all ROC 0.7346 PR 0.3576 | unseen ROC 0.5000 PR 0.0000 | valAUC 0.7445 | tau+ 0.500
[OUTPOST-v4] epoch 368: test-all ROC 0.7346 PR 0.3578 | unseen ROC 0.5000 PR 0.0000 | valAUC 0.7443 | tau+ 0.500
[OUTPOST-v4] epoch 369: test-all ROC 0.7345 PR 0.3579 | unseen ROC 0.5000 PR 0.0000 | valAUC 0.7445 | tau+ 0.500
[OUTPOST-v4] epoch 370: test-all ROC 0.7345 PR 0.3581 | unseen ROC 0.5000 PR 0.0000 | valAUC 0.7444 | tau+ 0.500
[OUTPOST-v4] epoch 371: test-all ROC 0.7347 PR 0.3582 | unseen ROC 0.5000 PR 0.0000 | valAUC 0.7445 | tau+ 0.500
[OUTPOST-v4] epoch 372: test-all ROC 0.7349 PR 0.3583 | unseen ROC 0.5000 PR 0.0000 | valAUC 0.7449 | tau+ 0.500
[OUTPOST-v4] epoch 373: test-all ROC 0.7348 PR 0.3584 | unseen ROC 0.5000 PR 0.0000 | valAUC 0.7452 | tau+ 0.500
[OUTPOST-v4] epoch 374: test-all ROC 0.7349 PR 0.3585 | unseen ROC 0.5000 PR 0.0000 | valAUC 0.7453 | tau+ 0.500
[OUTPOST-v4] epoch 375: test-all ROC 0.7350 PR 0.3586 | unseen ROC 0.5000 PR 0.0000 | valAUC 0.7454 | tau+ 0.500
[OUTPOST-v4] epoch 376: test-all ROC 0.7351 PR 0.3587 | unseen ROC 0.5000 PR 0.0000 | valAUC 0.7456 | tau+ 0.500
[OUTPOST-v4] epoch 377: test-all ROC 0.7351 PR 0.3589 | unseen ROC 0.5000 PR 0.0000 | valAUC 0.7458 | tau+ 0.500
[OUTPOST-v4] epoch 378: test-all ROC 0.7351 PR 0.3590 | unseen ROC 0.5000 PR 0.0000 | valAUC 0.7454 | tau+ 0.500
[OUTPOST-v4] epoch 379: test-all ROC 0.7351 PR 0.3592 | unseen ROC 0.5000 PR 0.0000 | valAUC 0.7453 | tau+ 0.500
[OUTPOST-v4] epoch 380: test-all ROC 0.7352 PR 0.3594 | unseen ROC 0.5000 PR 0.0000 | valAUC 0.7453 | tau+ 0.500
[OUTPOST-v4] epoch 381: test-all ROC 0.7355 PR 0.3596 | unseen ROC 0.5000 PR 0.0000 | valAUC 0.7455 | tau+ 0.500
[OUTPOST-v4] epoch 382: test-all ROC 0.7358 PR 0.3599 | unseen ROC 0.5000 PR 0.0000 | valAUC 0.7455 | tau+ 0.500
[OUTPOST-v4] epoch 383: test-all ROC 0.7359 PR 0.3602 | unseen ROC 0.5000 PR 0.0000 | valAUC 0.7455 | tau+ 0.500
[OUTPOST-v4] epoch 384: test-all ROC 0.7361 PR 0.3605 | unseen ROC 0.5000 PR 0.0000 | valAUC 0.7458 | tau+ 0.500
[OUTPOST-v4] epoch 385: test-all ROC 0.7363 PR 0.3608 | unseen ROC 0.5000 PR 0.0000 | valAUC 0.7457 | tau+ 0.500
[OUTPOST-v4] epoch 386: test-all ROC 0.7367 PR 0.3612 | unseen ROC 0.5000 PR 0.0000 | valAUC 0.7469 | tau+ 0.500
[OUTPOST-v4] epoch 387: test-all ROC 0.7369 PR 0.3615 | unseen ROC 0.5000 PR 0.0000 | valAUC 0.7469 | tau+ 0.500
[OUTPOST-v4] epoch 388: test-all ROC 0.7371 PR 0.3617 | unseen ROC 0.5000 PR 0.0000 | valAUC 0.7465 | tau+ 0.500
[OUTPOST-v4] epoch 389: test-all ROC 0.7372 PR 0.3620 | unseen ROC 0.5000 PR 0.0000 | valAUC 0.7463 | tau+ 0.500
[OUTPOST-v4] epoch 390: test-all ROC 0.7373 PR 0.3622 | unseen ROC 0.5000 PR 0.0000 | valAUC 0.7464 | tau+ 0.500
[OUTPOST-v4] epoch 391: test-all ROC 0.7375 PR 0.3624 | unseen ROC 0.5000 PR 0.0000 | valAUC 0.7463 | tau+ 0.500
[OUTPOST-v4] epoch 392: test-all ROC 0.7375 PR 0.3625 | unseen ROC 0.5000 PR 0.0000 | valAUC 0.7460 | tau+ 0.500
[OUTPOST-v4] epoch 393: test-all ROC 0.7376 PR 0.3627 | unseen ROC 0.5000 PR 0.0000 | valAUC 0.7459 | tau+ 0.500
[OUTPOST-v4] epoch 394: test-all ROC 0.7376 PR 0.3629 | unseen ROC 0.5000 PR 0.0000 | valAUC 0.7463 | tau+ 0.500
[OUTPOST-v4] epoch 395: test-all ROC 0.7375 PR 0.3631 | unseen ROC 0.5000 PR 0.0000 | valAUC 0.7461 | tau+ 0.500
[OUTPOST-v4] epoch 396: test-all ROC 0.7375 PR 0.3632 | unseen ROC 0.5000 PR 0.0000 | valAUC 0.7460 | tau+ 0.500
[OUTPOST-v4] epoch 397: test-all ROC 0.7375 PR 0.3633 | unseen ROC 0.5000 PR 0.0000 | valAUC 0.7457 | tau+ 0.500
[OUTPOST-v4] epoch 398: test-all ROC 0.7374 PR 0.3634 | unseen ROC 0.5000 PR 0.0000 | valAUC 0.7457 | tau+ 0.500
[OUTPOST-v4] epoch 399: test-all ROC 0.7374 PR 0.3635 | unseen ROC 0.5000 PR 0.0000 | valAUC 0.7456 | tau+ 0.500
  rotation 1: ROC 0.7376 PR 0.3635
[yelp] params 7361, peak GPU 1.14 GB, 49.9 min total

[yelp] AGGREGATE  best-over-epochs: ROC 0.7376 PR 0.3635
[yelp] AGGREGATE  val-selected:     ROC 0.7369 PR 0.3615
row appended to results/results.csv
