# gpu=7 cmd=/usr/bin/python3 -u main.py --dataset yelp --seed 8 --method outpost --tag C_nogate --set use_atlas_gate=false
/nas/home/jahin/.local/lib/python3.10/site-packages/torch_geometric/__init__.py:4: UserWarning: An issue occurred while importing 'torch-scatter'. Disabling its usage. Stacktrace: /nas/home/jahin/.local/lib/python3.10/site-packages/torch_scatter/_version_cuda.so: undefined symbol: _ZN5torch3jit17parseSchemaOrNameERKSsb
  import torch_geometric.typing
/nas/home/jahin/.local/lib/python3.10/site-packages/torch_geometric/__init__.py:4: UserWarning: An issue occurred while importing 'torch-sparse'. Disabling its usage. Stacktrace: /nas/home/jahin/.local/lib/python3.10/site-packages/torch_sparse/_version_cuda.so: undefined symbol: _ZN5torch3jit17parseSchemaOrNameERKSsb
  import torch_geometric.typing
/nas/home/jahin/.local/lib/python3.10/site-packages/requests/__init__.py:113: RequestsDependencyWarning: urllib3 (1.26.5) or chardet (7.2.0)/charset_normalizer (3.4.4) doesn't match a supported version!
  warnings.warn(
Disabling PyTorch because PyTorch >= 2.1 is required but found 2.0.1
None of PyTorch, TensorFlow >= 2.0, or Flax have been found. Models won't be available and only tokenizers, configuration and file/data utilities can be used.
/nas/home/jahin/.local/lib/python3.10/site-packages/outdated/__init__.py:36: UserWarning: pkg_resources is deprecated as an API. See https://setuptools.pypa.io/en/latest/pkg_resources.html. The pkg_resources package is slated for removal as early as 2025-11-30. Refrain from using this package or pin to Setuptools<81.
  from pkg_resources import parse_version
[utils] PPR/dgl path unavailable (libcudart.so.12: cannot open shared object file: No such file or directory); OUTPOST path unaffected.
[yelp] anomaly classes (rotations): [1]
Normal classes: [0] in yelp
Building multi-layer GraphSage
/nas/home/jahin/.local/lib/python3.10/site-packages/torch_geometric/data/data.py:187: UserWarning: Unable to accurately infer 'num_nodes' from the attribute set '{'y', 'x', 'edge_index'}'. Please explicitly set 'num_nodes' as an attribute of 'data' to suppress this warning
  return sum([v.num_nodes for v in self.node_stores])
[OUTPOST-v4] epoch 0: test-all ROC 0.4962 PR 0.1520 | unseen ROC 0.5000 PR 0.0000 | valAUC 0.4570 | tau+ 0.525
[OUTPOST-v4] epoch 1: test-all ROC 0.4999 PR 0.1583 | unseen ROC 0.5000 PR 0.0000 | valAUC 0.4664 | tau+ 0.500
[OUTPOST-v4] epoch 2: test-all ROC 0.5008 PR 0.1584 | unseen ROC 0.5000 PR 0.0000 | valAUC 0.4784 | tau+ 0.500
[OUTPOST-v4] epoch 3: test-all ROC 0.4819 PR 0.1454 | unseen ROC 0.5000 PR 0.0000 | valAUC 0.4350 | tau+ 0.500
[OUTPOST-v4] epoch 4: test-all ROC 0.4287 PR 0.1277 | unseen ROC 0.5000 PR 0.0000 | valAUC 0.4491 | tau+ 0.500
[OUTPOST-v4] epoch 5: test-all ROC 0.4228 PR 0.1253 | unseen ROC 0.5000 PR 0.0000 | valAUC 0.4442 | tau+ 0.500
[OUTPOST-v4] epoch 6: test-all ROC 0.4462 PR 0.1317 | unseen ROC 0.5000 PR 0.0000 | valAUC 0.4710 | tau+ 0.500
[OUTPOST-v4] epoch 7: test-all ROC 0.4646 PR 0.1372 | unseen ROC 0.5000 PR 0.0000 | valAUC 0.4890 | tau+ 0.500
[OUTPOST-v4] epoch 8: test-all ROC 0.4853 PR 0.1443 | unseen ROC 0.5000 PR 0.0000 | valAUC 0.5023 | tau+ 0.500
[OUTPOST-v4] epoch 9: test-all ROC 0.4942 PR 0.1479 | unseen ROC 0.5000 PR 0.0000 | valAUC 0.5099 | tau+ 0.500
[OUTPOST-v4] epoch 10: test-all ROC 0.5014 PR 0.1507 | unseen ROC 0.5000 PR 0.0000 | valAUC 0.5114 | tau+ 0.500
[OUTPOST-v4] epoch 11: test-all ROC 0.5074 PR 0.1532 | unseen ROC 0.5000 PR 0.0000 | valAUC 0.5172 | tau+ 0.500
[OUTPOST-v4] epoch 12: test-all ROC 0.5120 PR 0.1551 | unseen ROC 0.5000 PR 0.0000 | valAUC 0.5203 | tau+ 0.500
[OUTPOST-v4] epoch 13: test-all ROC 0.5157 PR 0.1567 | unseen ROC 0.5000 PR 0.0000 | valAUC 0.5259 | tau+ 0.500
[OUTPOST-v4] epoch 14: test-all ROC 0.5170 PR 0.1558 | unseen ROC 0.5000 PR 0.0000 | valAUC 0.5231 | tau+ 0.500
[OUTPOST-v4] epoch 15: test-all ROC 0.5198 PR 0.1570 | unseen ROC 0.5000 PR 0.0000 | valAUC 0.5264 | tau+ 0.500
[OUTPOST-v4] epoch 16: test-all ROC 0.5222 PR 0.1582 | unseen ROC 0.5000 PR 0.0000 | valAUC 0.5309 | tau+ 0.500
[OUTPOST-v4] epoch 17: test-all ROC 0.5242 PR 0.1590 | unseen ROC 0.5000 PR 0.0000 | valAUC 0.5347 | tau+ 0.500
[OUTPOST-v4] epoch 18: test-all ROC 0.5263 PR 0.1598 | unseen ROC 0.5000 PR 0.0000 | valAUC 0.5367 | tau+ 0.500
[OUTPOST-v4] epoch 19: test-all ROC 0.5282 PR 0.1605 | unseen ROC 0.5000 PR 0.0000 | valAUC 0.5400 | tau+ 0.500
[OUTPOST-v4] epoch 20: test-all ROC 0.5299 PR 0.1611 | unseen ROC 0.5000 PR 0.0000 | valAUC 0.5432 | tau+ 0.500
[OUTPOST-v4] epoch 21: test-all ROC 0.5313 PR 0.1616 | unseen ROC 0.5000 PR 0.0000 | valAUC 0.5470 | tau+ 0.500
[OUTPOST-v4] epoch 22: test-all ROC 0.5325 PR 0.1620 | unseen ROC 0.5000 PR 0.0000 | valAUC 0.5494 | tau+ 0.500
[OUTPOST-v4] epoch 23: test-all ROC 0.5337 PR 0.1623 | unseen ROC 0.5000 PR 0.0000 | valAUC 0.5514 | tau+ 0.500
[OUTPOST-v4] epoch 24: test-all ROC 0.5347 PR 0.1625 | unseen ROC 0.5000 PR 0.0000 | valAUC 0.5526 | tau+ 0.500
[OUTPOST-v4] epoch 25: test-all ROC 0.5357 PR 0.1627 | unseen ROC 0.5000 PR 0.0000 | valAUC 0.5543 | tau+ 0.500
[OUTPOST-v4] epoch 26: test-all ROC 0.5366 PR 0.1629 | unseen ROC 0.5000 PR 0.0000 | valAUC 0.5558 | tau+ 0.500
[OUTPOST-v4] epoch 27: test-all ROC 0.5375 PR 0.1631 | unseen ROC 0.5000 PR 0.0000 | valAUC 0.5557 | tau+ 0.500
[OUTPOST-v4] epoch 28: test-all ROC 0.5383 PR 0.1633 | unseen ROC 0.5000 PR 0.0000 | valAUC 0.5584 | tau+ 0.500
[OUTPOST-v4] epoch 29: test-all ROC 0.5389 PR 0.1633 | unseen ROC 0.5000 PR 0.0000 | valAUC 0.5615 | tau+ 0.500
[OUTPOST-v4] epoch 30: test-all ROC 0.5395 PR 0.1634 | unseen ROC 0.5000 PR 0.0000 | valAUC 0.5630 | tau+ 0.500
[OUTPOST-v4] epoch 31: test-all ROC 0.5402 PR 0.1635 | unseen ROC 0.5000 PR 0.0000 | valAUC 0.5655 | tau+ 0.500
[OUTPOST-v4] epoch 32: test-all ROC 0.5408 PR 0.1636 | unseen ROC 0.5000 PR 0.0000 | valAUC 0.5675 | tau+ 0.500
[OUTPOST-v4] epoch 33: test-all ROC 0.5414 PR 0.1637 | unseen ROC 0.5000 PR 0.0000 | valAUC 0.5691 | tau+ 0.500
[OUTPOST-v4] epoch 34: test-all ROC 0.5419 PR 0.1638 | unseen ROC 0.5000 PR 0.0000 | valAUC 0.5700 | tau+ 0.500
[OUTPOST-v4] epoch 35: test-all ROC 0.5425 PR 0.1639 | unseen ROC 0.5000 PR 0.0000 | valAUC 0.5707 | tau+ 0.500
[OUTPOST-v4] epoch 36: test-all ROC 0.5430 PR 0.1641 | unseen ROC 0.5000 PR 0.0000 | valAUC 0.5717 | tau+ 0.500
[OUTPOST-v4] epoch 37: test-all ROC 0.5437 PR 0.1644 | unseen ROC 0.5000 PR 0.0000 | valAUC 0.5724 | tau+ 0.500
[OUTPOST-v4] epoch 38: test-all ROC 0.5444 PR 0.1647 | unseen ROC 0.5000 PR 0.0000 | valAUC 0.5738 | tau+ 0.500
[OUTPOST-v4] epoch 39: test-all ROC 0.5451 PR 0.1650 | unseen ROC 0.5000 PR 0.0000 | valAUC 0.5743 | tau+ 0.500
[OUTPOST-v4] epoch 40: test-all ROC 0.5458 PR 0.1653 | unseen ROC 0.5000 PR 0.0000 | valAUC 0.5754 | tau+ 0.500
[OUTPOST-v4] epoch 41: test-all ROC 0.5466 PR 0.1657 | unseen ROC 0.5000 PR 0.0000 | valAUC 0.5757 | tau+ 0.500
[OUTPOST-v4] epoch 42: test-all ROC 0.5475 PR 0.1661 | unseen ROC 0.5000 PR 0.0000 | valAUC 0.5763 | tau+ 0.500
[OUTPOST-v4] epoch 43: test-all ROC 0.5482 PR 0.1665 | unseen ROC 0.5000 PR 0.0000 | valAUC 0.5766 | tau+ 0.500
[OUTPOST-v4] epoch 44: test-all ROC 0.5488 PR 0.1669 | unseen ROC 0.5000 PR 0.0000 | valAUC 0.5760 | tau+ 0.500
[OUTPOST-v4] epoch 45: test-all ROC 0.5493 PR 0.1672 | unseen ROC 0.5000 PR 0.0000 | valAUC 0.5766 | tau+ 0.500
[OUTPOST-v4] epoch 46: test-all ROC 0.5498 PR 0.1676 | unseen ROC 0.5000 PR 0.0000 | valAUC 0.5764 | tau+ 0.500
[OUTPOST-v4] epoch 47: test-all ROC 0.5503 PR 0.1679 | unseen ROC 0.5000 PR 0.0000 | valAUC 0.5767 | tau+ 0.500
[OUTPOST-v4] epoch 48: test-all ROC 0.5507 PR 0.1683 | unseen ROC 0.5000 PR 0.0000 | valAUC 0.5774 | tau+ 0.500
[OUTPOST-v4] epoch 49: test-all ROC 0.5512 PR 0.1686 | unseen ROC 0.5000 PR 0.0000 | valAUC 0.5775 | tau+ 0.500
[OUTPOST-v4] epoch 50: test-all ROC 0.5517 PR 0.1690 | unseen ROC 0.5000 PR 0.0000 | valAUC 0.5782 | tau+ 0.500
[OUTPOST-v4] epoch 51: test-all ROC 0.5522 PR 0.1694 | unseen ROC 0.5000 PR 0.0000 | valAUC 0.5785 | tau+ 0.500
[OUTPOST-v4] epoch 52: test-all ROC 0.5527 PR 0.1698 | unseen ROC 0.5000 PR 0.0000 | valAUC 0.5790 | tau+ 0.500
[OUTPOST-v4] epoch 53: test-all ROC 0.5532 PR 0.1702 | unseen ROC 0.5000 PR 0.0000 | valAUC 0.5789 | tau+ 0.500
[OUTPOST-v4] epoch 54: test-all ROC 0.5538 PR 0.1706 | unseen ROC 0.5000 PR 0.0000 | valAUC 0.5794 | tau+ 0.500
[OUTPOST-v4] epoch 55: test-all ROC 0.5544 PR 0.1710 | unseen ROC 0.5000 PR 0.0000 | valAUC 0.5796 | tau+ 0.500
[OUTPOST-v4] epoch 56: test-all ROC 0.5550 PR 0.1715 | unseen ROC 0.5000 PR 0.0000 | valAUC 0.5801 | tau+ 0.500
[OUTPOST-v4] epoch 57: test-all ROC 0.5556 PR 0.1719 | unseen ROC 0.5000 PR 0.0000 | valAUC 0.5815 | tau+ 0.500
[OUTPOST-v4] epoch 58: test-all ROC 0.5562 PR 0.1723 | unseen ROC 0.5000 PR 0.0000 | valAUC 0.5816 | tau+ 0.500
[OUTPOST-v4] epoch 59: test-all ROC 0.5567 PR 0.1727 | unseen ROC 0.5000 PR 0.0000 | valAUC 0.5819 | tau+ 0.500
[OUTPOST-v4] epoch 60: test-all ROC 0.5572 PR 0.1731 | unseen ROC 0.5000 PR 0.0000 | valAUC 0.5827 | tau+ 0.500
[OUTPOST-v4] epoch 61: test-all ROC 0.5577 PR 0.1734 | unseen ROC 0.5000 PR 0.0000 | valAUC 0.5828 | tau+ 0.500
[OUTPOST-v4] epoch 62: test-all ROC 0.5582 PR 0.1738 | unseen ROC 0.5000 PR 0.0000 | valAUC 0.5835 | tau+ 0.500
[OUTPOST-v4] epoch 63: test-all ROC 0.5586 PR 0.1741 | unseen ROC 0.5000 PR 0.0000 | valAUC 0.5838 | tau+ 0.500
[OUTPOST-v4] epoch 64: test-all ROC 0.5590 PR 0.1744 | unseen ROC 0.5000 PR 0.0000 | valAUC 0.5841 | tau+ 0.500
[OUTPOST-v4] epoch 65: test-all ROC 0.5594 PR 0.1747 | unseen ROC 0.5000 PR 0.0000 | valAUC 0.5844 | tau+ 0.500
[OUTPOST-v4] epoch 66: test-all ROC 0.5599 PR 0.1749 | unseen ROC 0.5000 PR 0.0000 | valAUC 0.5853 | tau+ 0.500
[OUTPOST-v4] epoch 67: test-all ROC 0.5603 PR 0.1752 | unseen ROC 0.5000 PR 0.0000 | valAUC 0.5858 | tau+ 0.500
[OUTPOST-v4] epoch 68: test-all ROC 0.5608 PR 0.1755 | unseen ROC 0.5000 PR 0.0000 | valAUC 0.5861 | tau+ 0.500
[OUTPOST-v4] epoch 69: test-all ROC 0.5612 PR 0.1757 | unseen ROC 0.5000 PR 0.0000 | valAUC 0.5860 | tau+ 0.500
[OUTPOST-v4] epoch 70: test-all ROC 0.5616 PR 0.1760 | unseen ROC 0.5000 PR 0.0000 | valAUC 0.5865 | tau+ 0.500
[OUTPOST-v4] epoch 71: test-all ROC 0.5621 PR 0.1763 | unseen ROC 0.5000 PR 0.0000 | valAUC 0.5872 | tau+ 0.500
[OUTPOST-v4] epoch 72: test-all ROC 0.5626 PR 0.1766 | unseen ROC 0.5000 PR 0.0000 | valAUC 0.5878 | tau+ 0.500
[OUTPOST-v4] epoch 73: test-all ROC 0.5631 PR 0.1769 | unseen ROC 0.5000 PR 0.0000 | valAUC 0.5885 | tau+ 0.500
[OUTPOST-v4] epoch 74: test-all ROC 0.5637 PR 0.1772 | unseen ROC 0.5000 PR 0.0000 | valAUC 0.5895 | tau+ 0.500
[OUTPOST-v4] epoch 75: test-all ROC 0.5642 PR 0.1776 | unseen ROC 0.5000 PR 0.0000 | valAUC 0.5897 | tau+ 0.500
[OUTPOST-v4] epoch 76: test-all ROC 0.5648 PR 0.1780 | unseen ROC 0.5000 PR 0.0000 | valAUC 0.5899 | tau+ 0.500
[OUTPOST-v4] epoch 77: test-all ROC 0.5653 PR 0.1783 | unseen ROC 0.5000 PR 0.0000 | valAUC 0.5904 | tau+ 0.500
[OUTPOST-v4] epoch 78: test-all ROC 0.5659 PR 0.1787 | unseen ROC 0.5000 PR 0.0000 | valAUC 0.5910 | tau+ 0.500
[OUTPOST-v4] epoch 79: test-all ROC 0.5665 PR 0.1791 | unseen ROC 0.5000 PR 0.0000 | valAUC 0.5918 | tau+ 0.500
[OUTPOST-v4] epoch 80: test-all ROC 0.5671 PR 0.1795 | unseen ROC 0.5000 PR 0.0000 | valAUC 0.5923 | tau+ 0.500
[OUTPOST-v4] epoch 81: test-all ROC 0.5678 PR 0.1799 | unseen ROC 0.5000 PR 0.0000 | valAUC 0.5931 | tau+ 0.500
[OUTPOST-v4] epoch 82: test-all ROC 0.5684 PR 0.1803 | unseen ROC 0.5000 PR 0.0000 | valAUC 0.5937 | tau+ 0.500
[OUTPOST-v4] epoch 83: test-all ROC 0.5691 PR 0.1807 | unseen ROC 0.5000 PR 0.0000 | valAUC 0.5947 | tau+ 0.500
[OUTPOST-v4] epoch 84: test-all ROC 0.5697 PR 0.1812 | unseen ROC 0.5000 PR 0.0000 | valAUC 0.5950 | tau+ 0.500
[OUTPOST-v4] epoch 85: test-all ROC 0.5704 PR 0.1816 | unseen ROC 0.5000 PR 0.0000 | valAUC 0.5948 | tau+ 0.500
[OUTPOST-v4] epoch 86: test-all ROC 0.5711 PR 0.1820 | unseen ROC 0.5000 PR 0.0000 | valAUC 0.5944 | tau+ 0.500
[OUTPOST-v4] epoch 87: test-all ROC 0.5717 PR 0.1825 | unseen ROC 0.5000 PR 0.0000 | valAUC 0.5952 | tau+ 0.500
[OUTPOST-v4] epoch 88: test-all ROC 0.5724 PR 0.1829 | unseen ROC 0.5000 PR 0.0000 | valAUC 0.5960 | tau+ 0.500
[OUTPOST-v4] epoch 89: test-all ROC 0.5731 PR 0.1834 | unseen ROC 0.5000 PR 0.0000 | valAUC 0.5970 | tau+ 0.500
[OUTPOST-v4] epoch 90: test-all ROC 0.5737 PR 0.1838 | unseen ROC 0.5000 PR 0.0000 | valAUC 0.5980 | tau+ 0.500
[OUTPOST-v4] epoch 91: test-all ROC 0.5744 PR 0.1843 | unseen ROC 0.5000 PR 0.0000 | valAUC 0.5992 | tau+ 0.500
[OUTPOST-v4] epoch 92: test-all ROC 0.5751 PR 0.1847 | unseen ROC 0.5000 PR 0.0000 | valAUC 0.6003 | tau+ 0.500
[OUTPOST-v4] epoch 93: test-all ROC 0.5757 PR 0.1851 | unseen ROC 0.5000 PR 0.0000 | valAUC 0.6006 | tau+ 0.500
[OUTPOST-v4] epoch 94: test-all ROC 0.5764 PR 0.1856 | unseen ROC 0.5000 PR 0.0000 | valAUC 0.6011 | tau+ 0.500
[OUTPOST-v4] epoch 95: test-all ROC 0.5770 PR 0.1860 | unseen ROC 0.5000 PR 0.0000 | valAUC 0.6017 | tau+ 0.500
[OUTPOST-v4] epoch 96: test-all ROC 0.5777 PR 0.1865 | unseen ROC 0.5000 PR 0.0000 | valAUC 0.6028 | tau+ 0.500
[OUTPOST-v4] epoch 97: test-all ROC 0.5784 PR 0.1869 | unseen ROC 0.5000 PR 0.0000 | valAUC 0.6041 | tau+ 0.500
[OUTPOST-v4] epoch 98: test-all ROC 0.5790 PR 0.1874 | unseen ROC 0.5000 PR 0.0000 | valAUC 0.6049 | tau+ 0.500
[OUTPOST-v4] epoch 99: test-all ROC 0.5797 PR 0.1879 | unseen ROC 0.5000 PR 0.0000 | valAUC 0.6056 | tau+ 0.500
[OUTPOST-v4] epoch 100: test-all ROC 0.5804 PR 0.1883 | unseen ROC 0.5000 PR 0.0000 | valAUC 0.6065 | tau+ 0.500
[OUTPOST-v4] epoch 101: test-all ROC 0.5811 PR 0.1888 | unseen ROC 0.5000 PR 0.0000 | valAUC 0.6070 | tau+ 0.500
[OUTPOST-v4] epoch 102: test-all ROC 0.5818 PR 0.1893 | unseen ROC 0.5000 PR 0.0000 | valAUC 0.6077 | tau+ 0.500
[OUTPOST-v4] epoch 103: test-all ROC 0.5825 PR 0.1898 | unseen ROC 0.5000 PR 0.0000 | valAUC 0.6090 | tau+ 0.500
[OUTPOST-v4] epoch 104: test-all ROC 0.5832 PR 0.1903 | unseen ROC 0.5000 PR 0.0000 | valAUC 0.6097 | tau+ 0.500
[OUTPOST-v4] epoch 105: test-all ROC 0.5839 PR 0.1908 | unseen ROC 0.5000 PR 0.0000 | valAUC 0.6104 | tau+ 0.500
[OUTPOST-v4] epoch 106: test-all ROC 0.5846 PR 0.1913 | unseen ROC 0.5000 PR 0.0000 | valAUC 0.6115 | tau+ 0.500
[OUTPOST-v4] epoch 107: test-all ROC 0.5853 PR 0.1918 | unseen ROC 0.5000 PR 0.0000 | valAUC 0.6127 | tau+ 0.500
[OUTPOST-v4] epoch 108: test-all ROC 0.5860 PR 0.1923 | unseen ROC 0.5000 PR 0.0000 | valAUC 0.6137 | tau+ 0.500
[OUTPOST-v4] epoch 109: test-all ROC 0.5868 PR 0.1929 | unseen ROC 0.5000 PR 0.0000 | valAUC 0.6141 | tau+ 0.500
[OUTPOST-v4] epoch 110: test-all ROC 0.5875 PR 0.1934 | unseen ROC 0.5000 PR 0.0000 | valAUC 0.6151 | tau+ 0.500
[OUTPOST-v4] epoch 111: test-all ROC 0.5883 PR 0.1940 | unseen ROC 0.5000 PR 0.0000 | valAUC 0.6163 | tau+ 0.500
[OUTPOST-v4] epoch 112: test-all ROC 0.5890 PR 0.1946 | unseen ROC 0.5000 PR 0.0000 | valAUC 0.6169 | tau+ 0.500
[OUTPOST-v4] epoch 113: test-all ROC 0.5898 PR 0.1952 | unseen ROC 0.5000 PR 0.0000 | valAUC 0.6171 | tau+ 0.500
[OUTPOST-v4] epoch 114: test-all ROC 0.5906 PR 0.1958 | unseen ROC 0.5000 PR 0.0000 | valAUC 0.6173 | tau+ 0.500
[OUTPOST-v4] epoch 115: test-all ROC 0.5914 PR 0.1964 | unseen ROC 0.5000 PR 0.0000 | valAUC 0.6173 | tau+ 0.500
[OUTPOST-v4] epoch 116: test-all ROC 0.5923 PR 0.1971 | unseen ROC 0.5000 PR 0.0000 | valAUC 0.6183 | tau+ 0.500
[OUTPOST-v4] epoch 117: test-all ROC 0.5931 PR 0.1978 | unseen ROC 0.5000 PR 0.0000 | valAUC 0.6194 | tau+ 0.500
[OUTPOST-v4] epoch 118: test-all ROC 0.5940 PR 0.1984 | unseen ROC 0.5000 PR 0.0000 | valAUC 0.6204 | tau+ 0.500
[OUTPOST-v4] epoch 119: test-all ROC 0.5949 PR 0.1991 | unseen ROC 0.5000 PR 0.0000 | valAUC 0.6207 | tau+ 0.500
[OUTPOST-v4] epoch 120: test-all ROC 0.5957 PR 0.1998 | unseen ROC 0.5000 PR 0.0000 | valAUC 0.6211 | tau+ 0.500
[OUTPOST-v4] epoch 121: test-all ROC 0.5966 PR 0.2004 | unseen ROC 0.5000 PR 0.0000 | valAUC 0.6221 | tau+ 0.500
[OUTPOST-v4] epoch 122: test-all ROC 0.5975 PR 0.2011 | unseen ROC 0.5000 PR 0.0000 | valAUC 0.6224 | tau+ 0.500
[OUTPOST-v4] epoch 123: test-all ROC 0.5983 PR 0.2018 | unseen ROC 0.5000 PR 0.0000 | valAUC 0.6230 | tau+ 0.500
[OUTPOST-v4] epoch 124: test-all ROC 0.5992 PR 0.2025 | unseen ROC 0.5000 PR 0.0000 | valAUC 0.6237 | tau+ 0.500
[OUTPOST-v4] epoch 125: test-all ROC 0.6001 PR 0.2032 | unseen ROC 0.5000 PR 0.0000 | valAUC 0.6251 | tau+ 0.500
[OUTPOST-v4] epoch 126: test-all ROC 0.6009 PR 0.2039 | unseen ROC 0.5000 PR 0.0000 | valAUC 0.6260 | tau+ 0.500
[OUTPOST-v4] epoch 127: test-all ROC 0.6018 PR 0.2046 | unseen ROC 0.5000 PR 0.0000 | valAUC 0.6271 | tau+ 0.500
[OUTPOST-v4] epoch 128: test-all ROC 0.6027 PR 0.2053 | unseen ROC 0.5000 PR 0.0000 | valAUC 0.6275 | tau+ 0.500
[OUTPOST-v4] epoch 129: test-all ROC 0.6036 PR 0.2060 | unseen ROC 0.5000 PR 0.0000 | valAUC 0.6288 | tau+ 0.500
[OUTPOST-v4] epoch 130: test-all ROC 0.6045 PR 0.2068 | unseen ROC 0.5000 PR 0.0000 | valAUC 0.6303 | tau+ 0.500
[OUTPOST-v4] epoch 131: test-all ROC 0.6055 PR 0.2076 | unseen ROC 0.5000 PR 0.0000 | valAUC 0.6312 | tau+ 0.500
[OUTPOST-v4] epoch 132: test-all ROC 0.6064 PR 0.2084 | unseen ROC 0.5000 PR 0.0000 | valAUC 0.6321 | tau+ 0.500
[OUTPOST-v4] epoch 133: test-all ROC 0.6073 PR 0.2092 | unseen ROC 0.5000 PR 0.0000 | valAUC 0.6330 | tau+ 0.500
[OUTPOST-v4] epoch 134: test-all ROC 0.6082 PR 0.2100 | unseen ROC 0.5000 PR 0.0000 | valAUC 0.6342 | tau+ 0.500
[OUTPOST-v4] epoch 135: test-all ROC 0.6092 PR 0.2108 | unseen ROC 0.5000 PR 0.0000 | valAUC 0.6343 | tau+ 0.500
[OUTPOST-v4] epoch 136: test-all ROC 0.6101 PR 0.2117 | unseen ROC 0.5000 PR 0.0000 | valAUC 0.6349 | tau+ 0.500
[OUTPOST-v4] epoch 137: test-all ROC 0.6111 PR 0.2125 | unseen ROC 0.5000 PR 0.0000 | valAUC 0.6357 | tau+ 0.500
[OUTPOST-v4] epoch 138: test-all ROC 0.6121 PR 0.2134 | unseen ROC 0.5000 PR 0.0000 | valAUC 0.6368 | tau+ 0.500
[OUTPOST-v4] epoch 139: test-all ROC 0.6132 PR 0.2143 | unseen ROC 0.5000 PR 0.0000 | valAUC 0.6383 | tau+ 0.500
[OUTPOST-v4] epoch 140: test-all ROC 0.6142 PR 0.2153 | unseen ROC 0.5000 PR 0.0000 | valAUC 0.6387 | tau+ 0.500
[OUTPOST-v4] epoch 141: test-all ROC 0.6153 PR 0.2163 | unseen ROC 0.5000 PR 0.0000 | valAUC 0.6399 | tau+ 0.500
[OUTPOST-v4] epoch 142: test-all ROC 0.6165 PR 0.2173 | unseen ROC 0.5000 PR 0.0000 | valAUC 0.6406 | tau+ 0.500
[OUTPOST-v4] epoch 143: test-all ROC 0.6176 PR 0.2183 | unseen ROC 0.5000 PR 0.0000 | valAUC 0.6418 | tau+ 0.500
[OUTPOST-v4] epoch 144: test-all ROC 0.6188 PR 0.2194 | unseen ROC 0.5000 PR 0.0000 | valAUC 0.6431 | tau+ 0.500
[OUTPOST-v4] epoch 145: test-all ROC 0.6200 PR 0.2204 | unseen ROC 0.5000 PR 0.0000 | valAUC 0.6445 | tau+ 0.500
[OUTPOST-v4] epoch 146: test-all ROC 0.6212 PR 0.2215 | unseen ROC 0.5000 PR 0.0000 | valAUC 0.6460 | tau+ 0.500
[OUTPOST-v4] epoch 147: test-all ROC 0.6223 PR 0.2225 | unseen ROC 0.5000 PR 0.0000 | valAUC 0.6474 | tau+ 0.500
[OUTPOST-v4] epoch 148: test-all ROC 0.6235 PR 0.2236 | unseen ROC 0.5000 PR 0.0000 | valAUC 0.6476 | tau+ 0.500
[OUTPOST-v4] epoch 149: test-all ROC 0.6248 PR 0.2247 | unseen ROC 0.5000 PR 0.0000 | valAUC 0.6495 | tau+ 0.500
[OUTPOST-v4] epoch 150: test-all ROC 0.6260 PR 0.2258 | unseen ROC 0.5000 PR 0.0000 | valAUC 0.6514 | tau+ 0.500
[OUTPOST-v4] epoch 151: test-all ROC 0.6273 PR 0.2269 | unseen ROC 0.5000 PR 0.0000 | valAUC 0.6533 | tau+ 0.500
[OUTPOST-v4] epoch 152: test-all ROC 0.6286 PR 0.2281 | unseen ROC 0.5000 PR 0.0000 | valAUC 0.6542 | tau+ 0.500
[OUTPOST-v4] epoch 153: test-all ROC 0.6299 PR 0.2292 | unseen ROC 0.5000 PR 0.0000 | valAUC 0.6567 | tau+ 0.500
[OUTPOST-v4] epoch 154: test-all ROC 0.6313 PR 0.2304 | unseen ROC 0.5000 PR 0.0000 | valAUC 0.6582 | tau+ 0.500
[OUTPOST-v4] epoch 155: test-all ROC 0.6327 PR 0.2316 | unseen ROC 0.5000 PR 0.0000 | valAUC 0.6591 | tau+ 0.500
[OUTPOST-v4] epoch 156: test-all ROC 0.6341 PR 0.2328 | unseen ROC 0.5000 PR 0.0000 | valAUC 0.6610 | tau+ 0.500
[OUTPOST-v4] epoch 157: test-all ROC 0.6355 PR 0.2341 | unseen ROC 0.5000 PR 0.0000 | valAUC 0.6619 | tau+ 0.500
[OUTPOST-v4] epoch 158: test-all ROC 0.6369 PR 0.2353 | unseen ROC 0.5000 PR 0.0000 | valAUC 0.6638 | tau+ 0.500
[OUTPOST-v4] epoch 159: test-all ROC 0.6382 PR 0.2366 | unseen ROC 0.5000 PR 0.0000 | valAUC 0.6645 | tau+ 0.500
[OUTPOST-v4] epoch 160: test-all ROC 0.6396 PR 0.2378 | unseen ROC 0.5000 PR 0.0000 | valAUC 0.6654 | tau+ 0.500
[OUTPOST-v4] epoch 161: test-all ROC 0.6410 PR 0.2391 | unseen ROC 0.5000 PR 0.0000 | valAUC 0.6675 | tau+ 0.500
[OUTPOST-v4] epoch 162: test-all ROC 0.6424 PR 0.2403 | unseen ROC 0.5000 PR 0.0000 | valAUC 0.6693 | tau+ 0.500
[OUTPOST-v4] epoch 163: test-all ROC 0.6437 PR 0.2416 | unseen ROC 0.5000 PR 0.0000 | valAUC 0.6702 | tau+ 0.500
[OUTPOST-v4] epoch 164: test-all ROC 0.6451 PR 0.2429 | unseen ROC 0.5000 PR 0.0000 | valAUC 0.6711 | tau+ 0.500
[OUTPOST-v4] epoch 165: test-all ROC 0.6465 PR 0.2441 | unseen ROC 0.5000 PR 0.0000 | valAUC 0.6722 | tau+ 0.500
[OUTPOST-v4] epoch 166: test-all ROC 0.6478 PR 0.2454 | unseen ROC 0.5000 PR 0.0000 | valAUC 0.6742 | tau+ 0.500
[OUTPOST-v4] epoch 167: test-all ROC 0.6491 PR 0.2466 | unseen ROC 0.5000 PR 0.0000 | valAUC 0.6753 | tau+ 0.500
[OUTPOST-v4] epoch 168: test-all ROC 0.6504 PR 0.2478 | unseen ROC 0.5000 PR 0.0000 | valAUC 0.6765 | tau+ 0.500
[OUTPOST-v4] epoch 169: test-all ROC 0.6517 PR 0.2490 | unseen ROC 0.5000 PR 0.0000 | valAUC 0.6775 | tau+ 0.500
[OUTPOST-v4] epoch 170: test-all ROC 0.6530 PR 0.2502 | unseen ROC 0.5000 PR 0.0000 | valAUC 0.6790 | tau+ 0.500
[OUTPOST-v4] epoch 171: test-all ROC 0.6542 PR 0.2513 | unseen ROC 0.5000 PR 0.0000 | valAUC 0.6799 | tau+ 0.500
[OUTPOST-v4] epoch 172: test-all ROC 0.6555 PR 0.2525 | unseen ROC 0.5000 PR 0.0000 | valAUC 0.6812 | tau+ 0.500
[OUTPOST-v4] epoch 173: test-all ROC 0.6567 PR 0.2536 | unseen ROC 0.5000 PR 0.0000 | valAUC 0.6823 | tau+ 0.500
[OUTPOST-v4] epoch 174: test-all ROC 0.6580 PR 0.2547 | unseen ROC 0.5000 PR 0.0000 | valAUC 0.6835 | tau+ 0.500
[OUTPOST-v4] epoch 175: test-all ROC 0.6593 PR 0.2559 | unseen ROC 0.5000 PR 0.0000 | valAUC 0.6856 | tau+ 0.500
[OUTPOST-v4] epoch 176: test-all ROC 0.6606 PR 0.2571 | unseen ROC 0.5000 PR 0.0000 | valAUC 0.6861 | tau+ 0.500
[OUTPOST-v4] epoch 177: test-all ROC 0.6619 PR 0.2582 | unseen ROC 0.5000 PR 0.0000 | valAUC 0.6872 | tau+ 0.500
[OUTPOST-v4] epoch 178: test-all ROC 0.6632 PR 0.2593 | unseen ROC 0.5000 PR 0.0000 | valAUC 0.6890 | tau+ 0.500
[OUTPOST-v4] epoch 179: test-all ROC 0.6644 PR 0.2603 | unseen ROC 0.5000 PR 0.0000 | valAUC 0.6895 | tau+ 0.500
[OUTPOST-v4] epoch 180: test-all ROC 0.6655 PR 0.2613 | unseen ROC 0.5000 PR 0.0000 | valAUC 0.6913 | tau+ 0.500
[OUTPOST-v4] epoch 181: test-all ROC 0.6667 PR 0.2623 | unseen ROC 0.5000 PR 0.0000 | valAUC 0.6925 | tau+ 0.500
[OUTPOST-v4] epoch 182: test-all ROC 0.6678 PR 0.2632 | unseen ROC 0.5000 PR 0.0000 | valAUC 0.6935 | tau+ 0.500
[OUTPOST-v4] epoch 183: test-all ROC 0.6690 PR 0.2642 | unseen ROC 0.5000 PR 0.0000 | valAUC 0.6947 | tau+ 0.500
[OUTPOST-v4] epoch 184: test-all ROC 0.6700 PR 0.2651 | unseen ROC 0.5000 PR 0.0000 | valAUC 0.6960 | tau+ 0.500
[OUTPOST-v4] epoch 185: test-all ROC 0.6710 PR 0.2660 | unseen ROC 0.5000 PR 0.0000 | valAUC 0.6962 | tau+ 0.500
[OUTPOST-v4] epoch 186: test-all ROC 0.6721 PR 0.2669 | unseen ROC 0.5000 PR 0.0000 | valAUC 0.6964 | tau+ 0.500
[OUTPOST-v4] epoch 187: test-all ROC 0.6731 PR 0.2678 | unseen ROC 0.5000 PR 0.0000 | valAUC 0.6982 | tau+ 0.500
[OUTPOST-v4] epoch 188: test-all ROC 0.6741 PR 0.2687 | unseen ROC 0.5000 PR 0.0000 | valAUC 0.6992 | tau+ 0.500
[OUTPOST-v4] epoch 189: test-all ROC 0.6753 PR 0.2697 | unseen ROC 0.5000 PR 0.0000 | valAUC 0.7005 | tau+ 0.500
[OUTPOST-v4] epoch 190: test-all ROC 0.6764 PR 0.2707 | unseen ROC 0.5000 PR 0.0000 | valAUC 0.7023 | tau+ 0.500
[OUTPOST-v4] epoch 191: test-all ROC 0.6775 PR 0.2717 | unseen ROC 0.5000 PR 0.0000 | valAUC 0.7029 | tau+ 0.500
[OUTPOST-v4] epoch 192: test-all ROC 0.6787 PR 0.2727 | unseen ROC 0.5000 PR 0.0000 | valAUC 0.7037 | tau+ 0.500
[OUTPOST-v4] epoch 193: test-all ROC 0.6800 PR 0.2738 | unseen ROC 0.5000 PR 0.0000 | valAUC 0.7045 | tau+ 0.500
[OUTPOST-v4] epoch 194: test-all ROC 0.6812 PR 0.2748 | unseen ROC 0.5000 PR 0.0000 | valAUC 0.7058 | tau+ 0.500
[OUTPOST-v4] epoch 195: test-all ROC 0.6823 PR 0.2758 | unseen ROC 0.5000 PR 0.0000 | valAUC 0.7068 | tau+ 0.500
[OUTPOST-v4] epoch 196: test-all ROC 0.6834 PR 0.2767 | unseen ROC 0.5000 PR 0.0000 | valAUC 0.7077 | tau+ 0.500
[OUTPOST-v4] epoch 197: test-all ROC 0.6844 PR 0.2776 | unseen ROC 0.5000 PR 0.0000 | valAUC 0.7089 | tau+ 0.500
[OUTPOST-v4] epoch 198: test-all ROC 0.6854 PR 0.2784 | unseen ROC 0.5000 PR 0.0000 | valAUC 0.7104 | tau+ 0.500
[OUTPOST-v4] epoch 199: test-all ROC 0.6863 PR 0.2792 | unseen ROC 0.5000 PR 0.0000 | valAUC 0.7105 | tau+ 0.500
[OUTPOST-v4] epoch 200: test-all ROC 0.6872 PR 0.2799 | unseen ROC 0.5000 PR 0.0000 | valAUC 0.7115 | tau+ 0.500
[OUTPOST-v4] epoch 201: test-all ROC 0.6881 PR 0.2807 | unseen ROC 0.5000 PR 0.0000 | valAUC 0.7126 | tau+ 0.500
[OUTPOST-v4] epoch 202: test-all ROC 0.6889 PR 0.2816 | unseen ROC 0.5000 PR 0.0000 | valAUC 0.7136 | tau+ 0.500
[OUTPOST-v4] epoch 203: test-all ROC 0.6898 PR 0.2824 | unseen ROC 0.5000 PR 0.0000 | valAUC 0.7146 | tau+ 0.500
[OUTPOST-v4] epoch 204: test-all ROC 0.6906 PR 0.2832 | unseen ROC 0.5000 PR 0.0000 | valAUC 0.7162 | tau+ 0.500
[OUTPOST-v4] epoch 205: test-all ROC 0.6914 PR 0.2840 | unseen ROC 0.5000 PR 0.0000 | valAUC 0.7171 | tau+ 0.500
[OUTPOST-v4] epoch 206: test-all ROC 0.6922 PR 0.2848 | unseen ROC 0.5000 PR 0.0000 | valAUC 0.7179 | tau+ 0.500
[OUTPOST-v4] epoch 207: test-all ROC 0.6929 PR 0.2855 | unseen ROC 0.5000 PR 0.0000 | valAUC 0.7183 | tau+ 0.500
[OUTPOST-v4] epoch 208: test-all ROC 0.6936 PR 0.2862 | unseen ROC 0.5000 PR 0.0000 | valAUC 0.7188 | tau+ 0.500
[OUTPOST-v4] epoch 209: test-all ROC 0.6943 PR 0.2869 | unseen ROC 0.5000 PR 0.0000 | valAUC 0.7190 | tau+ 0.500
[OUTPOST-v4] epoch 210: test-all ROC 0.6950 PR 0.2876 | unseen ROC 0.5000 PR 0.0000 | valAUC 0.7196 | tau+ 0.500
[OUTPOST-v4] epoch 211: test-all ROC 0.6956 PR 0.2882 | unseen ROC 0.5000 PR 0.0000 | valAUC 0.7203 | tau+ 0.500
[OUTPOST-v4] epoch 212: test-all ROC 0.6961 PR 0.2887 | unseen ROC 0.5000 PR 0.0000 | valAUC 0.7217 | tau+ 0.500
[OUTPOST-v4] epoch 213: test-all ROC 0.6966 PR 0.2893 | unseen ROC 0.5000 PR 0.0000 | valAUC 0.7222 | tau+ 0.500
[OUTPOST-v4] epoch 214: test-all ROC 0.6970 PR 0.2898 | unseen ROC 0.5000 PR 0.0000 | valAUC 0.7225 | tau+ 0.500
[OUTPOST-v4] epoch 215: test-all ROC 0.6975 PR 0.2903 | unseen ROC 0.5000 PR 0.0000 | valAUC 0.7229 | tau+ 0.500
[OUTPOST-v4] epoch 216: test-all ROC 0.6979 PR 0.2909 | unseen ROC 0.5000 PR 0.0000 | valAUC 0.7232 | tau+ 0.500
[OUTPOST-v4] epoch 217: test-all ROC 0.6984 PR 0.2915 | unseen ROC 0.5000 PR 0.0000 | valAUC 0.7230 | tau+ 0.500
[OUTPOST-v4] epoch 218: test-all ROC 0.6989 PR 0.2920 | unseen ROC 0.5000 PR 0.0000 | valAUC 0.7235 | tau+ 0.500
[OUTPOST-v4] epoch 219: test-all ROC 0.6995 PR 0.2927 | unseen ROC 0.5000 PR 0.0000 | valAUC 0.7238 | tau+ 0.500
[OUTPOST-v4] epoch 220: test-all ROC 0.7000 PR 0.2933 | unseen ROC 0.5000 PR 0.0000 | valAUC 0.7246 | tau+ 0.500
[OUTPOST-v4] epoch 221: test-all ROC 0.7005 PR 0.2938 | unseen ROC 0.5000 PR 0.0000 | valAUC 0.7256 | tau+ 0.500
[OUTPOST-v4] epoch 222: test-all ROC 0.7010 PR 0.2944 | unseen ROC 0.5000 PR 0.0000 | valAUC 0.7261 | tau+ 0.500
[OUTPOST-v4] epoch 223: test-all ROC 0.7014 PR 0.2949 | unseen ROC 0.5000 PR 0.0000 | valAUC 0.7264 | tau+ 0.500
[OUTPOST-v4] epoch 224: test-all ROC 0.7018 PR 0.2953 | unseen ROC 0.5000 PR 0.0000 | valAUC 0.7269 | tau+ 0.500
[OUTPOST-v4] epoch 225: test-all ROC 0.7022 PR 0.2958 | unseen ROC 0.5000 PR 0.0000 | valAUC 0.7270 | tau+ 0.500
[OUTPOST-v4] epoch 226: test-all ROC 0.7026 PR 0.2963 | unseen ROC 0.5000 PR 0.0000 | valAUC 0.7270 | tau+ 0.500
[OUTPOST-v4] epoch 227: test-all ROC 0.7031 PR 0.2968 | unseen ROC 0.5000 PR 0.0000 | valAUC 0.7276 | tau+ 0.500
[OUTPOST-v4] epoch 228: test-all ROC 0.7035 PR 0.2974 | unseen ROC 0.5000 PR 0.0000 | valAUC 0.7281 | tau+ 0.500
[OUTPOST-v4] epoch 229: test-all ROC 0.7039 PR 0.2979 | unseen ROC 0.5000 PR 0.0000 | valAUC 0.7292 | tau+ 0.500
[OUTPOST-v4] epoch 230: test-all ROC 0.7044 PR 0.2984 | unseen ROC 0.5000 PR 0.0000 | valAUC 0.7296 | tau+ 0.500
[OUTPOST-v4] epoch 231: test-all ROC 0.7048 PR 0.2989 | unseen ROC 0.5000 PR 0.0000 | valAUC 0.7299 | tau+ 0.500
[OUTPOST-v4] epoch 232: test-all ROC 0.7052 PR 0.2995 | unseen ROC 0.5000 PR 0.0000 | valAUC 0.7304 | tau+ 0.500
[OUTPOST-v4] epoch 233: test-all ROC 0.7057 PR 0.3001 | unseen ROC 0.5000 PR 0.0000 | valAUC 0.7309 | tau+ 0.500
[OUTPOST-v4] epoch 234: test-all ROC 0.7062 PR 0.3007 | unseen ROC 0.5000 PR 0.0000 | valAUC 0.7318 | tau+ 0.500
[OUTPOST-v4] epoch 235: test-all ROC 0.7066 PR 0.3012 | unseen ROC 0.5000 PR 0.0000 | valAUC 0.7327 | tau+ 0.500
[OUTPOST-v4] epoch 236: test-all ROC 0.7070 PR 0.3018 | unseen ROC 0.5000 PR 0.0000 | valAUC 0.7336 | tau+ 0.500
[OUTPOST-v4] epoch 237: test-all ROC 0.7074 PR 0.3023 | unseen ROC 0.5000 PR 0.0000 | valAUC 0.7338 | tau+ 0.500
[OUTPOST-v4] epoch 238: test-all ROC 0.7078 PR 0.3029 | unseen ROC 0.5000 PR 0.0000 | valAUC 0.7336 | tau+ 0.500
[OUTPOST-v4] epoch 239: test-all ROC 0.7082 PR 0.3034 | unseen ROC 0.5000 PR 0.0000 | valAUC 0.7344 | tau+ 0.500
[OUTPOST-v4] epoch 240: test-all ROC 0.7087 PR 0.3040 | unseen ROC 0.5000 PR 0.0000 | valAUC 0.7351 | tau+ 0.500
[OUTPOST-v4] epoch 241: test-all ROC 0.7091 PR 0.3047 | unseen ROC 0.5000 PR 0.0000 | valAUC 0.7357 | tau+ 0.500
[OUTPOST-v4] epoch 242: test-all ROC 0.7096 PR 0.3053 | unseen ROC 0.5000 PR 0.0000 | valAUC 0.7361 | tau+ 0.500
[OUTPOST-v4] epoch 243: test-all ROC 0.7101 PR 0.3059 | unseen ROC 0.5000 PR 0.0000 | valAUC 0.7362 | tau+ 0.500
[OUTPOST-v4] epoch 244: test-all ROC 0.7106 PR 0.3067 | unseen ROC 0.5000 PR 0.0000 | valAUC 0.7381 | tau+ 0.500
[OUTPOST-v4] epoch 245: test-all ROC 0.7111 PR 0.3075 | unseen ROC 0.5000 PR 0.0000 | valAUC 0.7378 | tau+ 0.500
[OUTPOST-v4] epoch 246: test-all ROC 0.7116 PR 0.3082 | unseen ROC 0.5000 PR 0.0000 | valAUC 0.7378 | tau+ 0.500
[OUTPOST-v4] epoch 247: test-all ROC 0.7122 PR 0.3091 | unseen ROC 0.5000 PR 0.0000 | valAUC 0.7386 | tau+ 0.500
[OUTPOST-v4] epoch 248: test-all ROC 0.7127 PR 0.3098 | unseen ROC 0.5000 PR 0.0000 | valAUC 0.7386 | tau+ 0.500
[OUTPOST-v4] epoch 249: test-all ROC 0.7132 PR 0.3105 | unseen ROC 0.5000 PR 0.0000 | valAUC 0.7390 | tau+ 0.500
[OUTPOST-v4] epoch 250: test-all ROC 0.7136 PR 0.3112 | unseen ROC 0.5000 PR 0.0000 | valAUC 0.7395 | tau+ 0.500
[OUTPOST-v4] epoch 251: test-all ROC 0.7140 PR 0.3119 | unseen ROC 0.5000 PR 0.0000 | valAUC 0.7395 | tau+ 0.500
[OUTPOST-v4] epoch 252: test-all ROC 0.7145 PR 0.3126 | unseen ROC 0.5000 PR 0.0000 | valAUC 0.7401 | tau+ 0.500
[OUTPOST-v4] epoch 253: test-all ROC 0.7149 PR 0.3134 | unseen ROC 0.5000 PR 0.0000 | valAUC 0.7410 | tau+ 0.500
[OUTPOST-v4] epoch 254: test-all ROC 0.7153 PR 0.3140 | unseen ROC 0.5000 PR 0.0000 | valAUC 0.7417 | tau+ 0.500
[OUTPOST-v4] epoch 255: test-all ROC 0.7157 PR 0.3148 | unseen ROC 0.5000 PR 0.0000 | valAUC 0.7415 | tau+ 0.500
[OUTPOST-v4] epoch 256: test-all ROC 0.7161 PR 0.3154 | unseen ROC 0.5000 PR 0.0000 | valAUC 0.7414 | tau+ 0.500
[OUTPOST-v4] epoch 257: test-all ROC 0.7165 PR 0.3161 | unseen ROC 0.5000 PR 0.0000 | valAUC 0.7418 | tau+ 0.500
[OUTPOST-v4] epoch 258: test-all ROC 0.7169 PR 0.3167 | unseen ROC 0.5000 PR 0.0000 | valAUC 0.7423 | tau+ 0.500
[OUTPOST-v4] epoch 259: test-all ROC 0.7173 PR 0.3173 | unseen ROC 0.5000 PR 0.0000 | valAUC 0.7418 | tau+ 0.500
[OUTPOST-v4] epoch 260: test-all ROC 0.7176 PR 0.3180 | unseen ROC 0.5000 PR 0.0000 | valAUC 0.7415 | tau+ 0.500
[OUTPOST-v4] epoch 261: test-all ROC 0.7180 PR 0.3186 | unseen ROC 0.5000 PR 0.0000 | valAUC 0.7416 | tau+ 0.500
[OUTPOST-v4] epoch 262: test-all ROC 0.7183 PR 0.3193 | unseen ROC 0.5000 PR 0.0000 | valAUC 0.7413 | tau+ 0.500
[OUTPOST-v4] epoch 263: test-all ROC 0.7187 PR 0.3199 | unseen ROC 0.5000 PR 0.0000 | valAUC 0.7415 | tau+ 0.500
[OUTPOST-v4] epoch 264: test-all ROC 0.7191 PR 0.3206 | unseen ROC 0.5000 PR 0.0000 | valAUC 0.7420 | tau+ 0.500
[OUTPOST-v4] epoch 265: test-all ROC 0.7194 PR 0.3212 | unseen ROC 0.5000 PR 0.0000 | valAUC 0.7431 | tau+ 0.500
[OUTPOST-v4] epoch 266: test-all ROC 0.7198 PR 0.3218 | unseen ROC 0.5000 PR 0.0000 | valAUC 0.7433 | tau+ 0.500
[OUTPOST-v4] epoch 267: test-all ROC 0.7201 PR 0.3224 | unseen ROC 0.5000 PR 0.0000 | valAUC 0.7438 | tau+ 0.500
[OUTPOST-v4] epoch 268: test-all ROC 0.7204 PR 0.3231 | unseen ROC 0.5000 PR 0.0000 | valAUC 0.7441 | tau+ 0.500
[OUTPOST-v4] epoch 269: test-all ROC 0.7207 PR 0.3238 | unseen ROC 0.5000 PR 0.0000 | valAUC 0.7444 | tau+ 0.500
[OUTPOST-v4] epoch 270: test-all ROC 0.7209 PR 0.3244 | unseen ROC 0.5000 PR 0.0000 | valAUC 0.7450 | tau+ 0.500
[OUTPOST-v4] epoch 271: test-all ROC 0.7212 PR 0.3250 | unseen ROC 0.5000 PR 0.0000 | valAUC 0.7453 | tau+ 0.500
[OUTPOST-v4] epoch 272: test-all ROC 0.7215 PR 0.3255 | unseen ROC 0.5000 PR 0.0000 | valAUC 0.7453 | tau+ 0.500
[OUTPOST-v4] epoch 273: test-all ROC 0.7218 PR 0.3261 | unseen ROC 0.5000 PR 0.0000 | valAUC 0.7457 | tau+ 0.500
[OUTPOST-v4] epoch 274: test-all ROC 0.7220 PR 0.3267 | unseen ROC 0.5000 PR 0.0000 | valAUC 0.7460 | tau+ 0.500
[OUTPOST-v4] epoch 275: test-all ROC 0.7223 PR 0.3273 | unseen ROC 0.5000 PR 0.0000 | valAUC 0.7468 | tau+ 0.500
[OUTPOST-v4] epoch 276: test-all ROC 0.7226 PR 0.3279 | unseen ROC 0.5000 PR 0.0000 | valAUC 0.7470 | tau+ 0.500
[OUTPOST-v4] epoch 277: test-all ROC 0.7230 PR 0.3286 | unseen ROC 0.5000 PR 0.0000 | valAUC 0.7473 | tau+ 0.500
[OUTPOST-v4] epoch 278: test-all ROC 0.7233 PR 0.3292 | unseen ROC 0.5000 PR 0.0000 | valAUC 0.7474 | tau+ 0.500
[OUTPOST-v4] epoch 279: test-all ROC 0.7236 PR 0.3299 | unseen ROC 0.5000 PR 0.0000 | valAUC 0.7485 | tau+ 0.500
[OUTPOST-v4] epoch 280: test-all ROC 0.7239 PR 0.3306 | unseen ROC 0.5000 PR 0.0000 | valAUC 0.7501 | tau+ 0.500
[OUTPOST-v4] epoch 281: test-all ROC 0.7243 PR 0.3312 | unseen ROC 0.5000 PR 0.0000 | valAUC 0.7510 | tau+ 0.500
[OUTPOST-v4] epoch 282: test-all ROC 0.7246 PR 0.3318 | unseen ROC 0.5000 PR 0.0000 | valAUC 0.7520 | tau+ 0.500
[OUTPOST-v4] epoch 283: test-all ROC 0.7250 PR 0.3325 | unseen ROC 0.5000 PR 0.0000 | valAUC 0.7523 | tau+ 0.500
[OUTPOST-v4] epoch 284: test-all ROC 0.7253 PR 0.3333 | unseen ROC 0.5000 PR 0.0000 | valAUC 0.7529 | tau+ 0.500
[OUTPOST-v4] epoch 285: test-all ROC 0.7257 PR 0.3341 | unseen ROC 0.5000 PR 0.0000 | valAUC 0.7532 | tau+ 0.500
[OUTPOST-v4] epoch 286: test-all ROC 0.7260 PR 0.3349 | unseen ROC 0.5000 PR 0.0000 | valAUC 0.7543 | tau+ 0.500
[OUTPOST-v4] epoch 287: test-all ROC 0.7263 PR 0.3356 | unseen ROC 0.5000 PR 0.0000 | valAUC 0.7552 | tau+ 0.500
[OUTPOST-v4] epoch 288: test-all ROC 0.7266 PR 0.3362 | unseen ROC 0.5000 PR 0.0000 | valAUC 0.7557 | tau+ 0.500
[OUTPOST-v4] epoch 289: test-all ROC 0.7269 PR 0.3369 | unseen ROC 0.5000 PR 0.0000 | valAUC 0.7559 | tau+ 0.500
[OUTPOST-v4] epoch 290: test-all ROC 0.7273 PR 0.3376 | unseen ROC 0.5000 PR 0.0000 | valAUC 0.7556 | tau+ 0.500
[OUTPOST-v4] epoch 291: test-all ROC 0.7276 PR 0.3383 | unseen ROC 0.5000 PR 0.0000 | valAUC 0.7555 | tau+ 0.500
[OUTPOST-v4] epoch 292: test-all ROC 0.7280 PR 0.3390 | unseen ROC 0.5000 PR 0.0000 | valAUC 0.7555 | tau+ 0.500
[OUTPOST-v4] epoch 293: test-all ROC 0.7282 PR 0.3397 | unseen ROC 0.5000 PR 0.0000 | valAUC 0.7554 | tau+ 0.500
[OUTPOST-v4] epoch 294: test-all ROC 0.7285 PR 0.3405 | unseen ROC 0.5000 PR 0.0000 | valAUC 0.7557 | tau+ 0.500
[OUTPOST-v4] epoch 295: test-all ROC 0.7287 PR 0.3411 | unseen ROC 0.5000 PR 0.0000 | valAUC 0.7560 | tau+ 0.500
[OUTPOST-v4] epoch 296: test-all ROC 0.7289 PR 0.3417 | unseen ROC 0.5000 PR 0.0000 | valAUC 0.7564 | tau+ 0.500
[OUTPOST-v4] epoch 297: test-all ROC 0.7291 PR 0.3423 | unseen ROC 0.5000 PR 0.0000 | valAUC 0.7569 | tau+ 0.500
[OUTPOST-v4] epoch 298: test-all ROC 0.7293 PR 0.3429 | unseen ROC 0.5000 PR 0.0000 | valAUC 0.7571 | tau+ 0.500
[OUTPOST-v4] epoch 299: test-all ROC 0.7296 PR 0.3435 | unseen ROC 0.5000 PR 0.0000 | valAUC 0.7571 | tau+ 0.500
[OUTPOST-v4] epoch 300: test-all ROC 0.7298 PR 0.3441 | unseen ROC 0.5000 PR 0.0000 | valAUC 0.7570 | tau+ 0.500
[OUTPOST-v4] epoch 301: test-all ROC 0.7300 PR 0.3446 | unseen ROC 0.5000 PR 0.0000 | valAUC 0.7576 | tau+ 0.500
[OUTPOST-v4] epoch 302: test-all ROC 0.7302 PR 0.3450 | unseen ROC 0.5000 PR 0.0000 | valAUC 0.7581 | tau+ 0.500
[OUTPOST-v4] epoch 303: test-all ROC 0.7304 PR 0.3455 | unseen ROC 0.5000 PR 0.0000 | valAUC 0.7586 | tau+ 0.500
[OUTPOST-v4] epoch 304: test-all ROC 0.7306 PR 0.3460 | unseen ROC 0.5000 PR 0.0000 | valAUC 0.7591 | tau+ 0.500
[OUTPOST-v4] epoch 305: test-all ROC 0.7308 PR 0.3465 | unseen ROC 0.5000 PR 0.0000 | valAUC 0.7592 | tau+ 0.500
[OUTPOST-v4] epoch 306: test-all ROC 0.7310 PR 0.3469 | unseen ROC 0.5000 PR 0.0000 | valAUC 0.7604 | tau+ 0.500
[OUTPOST-v4] epoch 307: test-all ROC 0.7314 PR 0.3474 | unseen ROC 0.5000 PR 0.0000 | valAUC 0.7607 | tau+ 0.500
[OUTPOST-v4] epoch 308: test-all ROC 0.7317 PR 0.3479 | unseen ROC 0.5000 PR 0.0000 | valAUC 0.7610 | tau+ 0.500
[OUTPOST-v4] epoch 309: test-all ROC 0.7320 PR 0.3485 | unseen ROC 0.5000 PR 0.0000 | valAUC 0.7610 | tau+ 0.500
[OUTPOST-v4] epoch 310: test-all ROC 0.7323 PR 0.3491 | unseen ROC 0.5000 PR 0.0000 | valAUC 0.7617 | tau+ 0.500
[OUTPOST-v4] epoch 311: test-all ROC 0.7325 PR 0.3498 | unseen ROC 0.5000 PR 0.0000 | valAUC 0.7616 | tau+ 0.500
[OUTPOST-v4] epoch 312: test-all ROC 0.7327 PR 0.3504 | unseen ROC 0.5000 PR 0.0000 | valAUC 0.7627 | tau+ 0.500
[OUTPOST-v4] epoch 313: test-all ROC 0.7329 PR 0.3510 | unseen ROC 0.5000 PR 0.0000 | valAUC 0.7637 | tau+ 0.500
[OUTPOST-v4] epoch 314: test-all ROC 0.7330 PR 0.3514 | unseen ROC 0.5000 PR 0.0000 | valAUC 0.7653 | tau+ 0.500
[OUTPOST-v4] epoch 315: test-all ROC 0.7334 PR 0.3519 | unseen ROC 0.5000 PR 0.0000 | valAUC 0.7664 | tau+ 0.500
[OUTPOST-v4] epoch 316: test-all ROC 0.7338 PR 0.3525 | unseen ROC 0.5000 PR 0.0000 | valAUC 0.7674 | tau+ 0.500
[OUTPOST-v4] epoch 317: test-all ROC 0.7341 PR 0.3530 | unseen ROC 0.5000 PR 0.0000 | valAUC 0.7679 | tau+ 0.500
[OUTPOST-v4] epoch 318: test-all ROC 0.7343 PR 0.3534 | unseen ROC 0.5000 PR 0.0000 | valAUC 0.7688 | tau+ 0.500
[OUTPOST-v4] epoch 319: test-all ROC 0.7346 PR 0.3539 | unseen ROC 0.5000 PR 0.0000 | valAUC 0.7702 | tau+ 0.500
[OUTPOST-v4] epoch 320: test-all ROC 0.7349 PR 0.3544 | unseen ROC 0.5000 PR 0.0000 | valAUC 0.7702 | tau+ 0.500
[OUTPOST-v4] epoch 321: test-all ROC 0.7350 PR 0.3549 | unseen ROC 0.5000 PR 0.0000 | valAUC 0.7707 | tau+ 0.500
[OUTPOST-v4] epoch 322: test-all ROC 0.7352 PR 0.3553 | unseen ROC 0.5000 PR 0.0000 | valAUC 0.7708 | tau+ 0.500
[OUTPOST-v4] epoch 323: test-all ROC 0.7353 PR 0.3558 | unseen ROC 0.5000 PR 0.0000 | valAUC 0.7709 | tau+ 0.500
[OUTPOST-v4] epoch 324: test-all ROC 0.7355 PR 0.3563 | unseen ROC 0.5000 PR 0.0000 | valAUC 0.7708 | tau+ 0.500
[OUTPOST-v4] epoch 325: test-all ROC 0.7357 PR 0.3568 | unseen ROC 0.5000 PR 0.0000 | valAUC 0.7710 | tau+ 0.500
[OUTPOST-v4] epoch 326: test-all ROC 0.7361 PR 0.3573 | unseen ROC 0.5000 PR 0.0000 | valAUC 0.7707 | tau+ 0.500
[OUTPOST-v4] epoch 327: test-all ROC 0.7365 PR 0.3577 | unseen ROC 0.5000 PR 0.0000 | valAUC 0.7710 | tau+ 0.500
[OUTPOST-v4] epoch 328: test-all ROC 0.7367 PR 0.3579 | unseen ROC 0.5000 PR 0.0000 | valAUC 0.7716 | tau+ 0.500
[OUTPOST-v4] epoch 329: test-all ROC 0.7369 PR 0.3582 | unseen ROC 0.5000 PR 0.0000 | valAUC 0.7718 | tau+ 0.500
[OUTPOST-v4] epoch 330: test-all ROC 0.7372 PR 0.3586 | unseen ROC 0.5000 PR 0.0000 | valAUC 0.7718 | tau+ 0.500
[OUTPOST-v4] epoch 331: test-all ROC 0.7375 PR 0.3591 | unseen ROC 0.5000 PR 0.0000 | valAUC 0.7719 | tau+ 0.500
[OUTPOST-v4] epoch 332: test-all ROC 0.7376 PR 0.3597 | unseen ROC 0.5000 PR 0.0000 | valAUC 0.7727 | tau+ 0.500
[OUTPOST-v4] epoch 333: test-all ROC 0.7378 PR 0.3602 | unseen ROC 0.5000 PR 0.0000 | valAUC 0.7729 | tau+ 0.500
[OUTPOST-v4] epoch 334: test-all ROC 0.7379 PR 0.3606 | unseen ROC 0.5000 PR 0.0000 | valAUC 0.7738 | tau+ 0.500
[OUTPOST-v4] epoch 335: test-all ROC 0.7382 PR 0.3612 | unseen ROC 0.5000 PR 0.0000 | valAUC 0.7743 | tau+ 0.500
[OUTPOST-v4] epoch 336: test-all ROC 0.7385 PR 0.3616 | unseen ROC 0.5000 PR 0.0000 | valAUC 0.7743 | tau+ 0.500
[OUTPOST-v4] epoch 337: test-all ROC 0.7385 PR 0.3618 | unseen ROC 0.5000 PR 0.0000 | valAUC 0.7744 | tau+ 0.500
[OUTPOST-v4] epoch 338: test-all ROC 0.7384 PR 0.3617 | unseen ROC 0.5000 PR 0.0000 | valAUC 0.7747 | tau+ 0.500
[OUTPOST-v4] epoch 339: test-all ROC 0.7384 PR 0.3617 | unseen ROC 0.5000 PR 0.0000 | valAUC 0.7756 | tau+ 0.500
[OUTPOST-v4] epoch 340: test-all ROC 0.7387 PR 0.3620 | unseen ROC 0.5000 PR 0.0000 | valAUC 0.7769 | tau+ 0.500
[OUTPOST-v4] epoch 341: test-all ROC 0.7391 PR 0.3624 | unseen ROC 0.5000 PR 0.0000 | valAUC 0.7773 | tau+ 0.500
[OUTPOST-v4] epoch 342: test-all ROC 0.7393 PR 0.3629 | unseen ROC 0.5000 PR 0.0000 | valAUC 0.7768 | tau+ 0.500
[OUTPOST-v4] epoch 343: test-all ROC 0.7396 PR 0.3634 | unseen ROC 0.5000 PR 0.0000 | valAUC 0.7769 | tau+ 0.500
[OUTPOST-v4] epoch 344: test-all ROC 0.7398 PR 0.3640 | unseen ROC 0.5000 PR 0.0000 | valAUC 0.7770 | tau+ 0.500
[OUTPOST-v4] epoch 345: test-all ROC 0.7402 PR 0.3646 | unseen ROC 0.5000 PR 0.0000 | valAUC 0.7779 | tau+ 0.500
[OUTPOST-v4] epoch 346: test-all ROC 0.7403 PR 0.3650 | unseen ROC 0.5000 PR 0.0000 | valAUC 0.7785 | tau+ 0.500
[OUTPOST-v4] epoch 347: test-all ROC 0.7402 PR 0.3652 | unseen ROC 0.5000 PR 0.0000 | valAUC 0.7780 | tau+ 0.500
[OUTPOST-v4] epoch 348: test-all ROC 0.7401 PR 0.3654 | unseen ROC 0.5000 PR 0.0000 | valAUC 0.7784 | tau+ 0.500
[OUTPOST-v4] epoch 349: test-all ROC 0.7402 PR 0.3655 | unseen ROC 0.5000 PR 0.0000 | valAUC 0.7793 | tau+ 0.500
[OUTPOST-v4] epoch 350: test-all ROC 0.7402 PR 0.3657 | unseen ROC 0.5000 PR 0.0000 | valAUC 0.7791 | tau+ 0.500
[OUTPOST-v4] epoch 351: test-all ROC 0.7399 PR 0.3655 | unseen ROC 0.5000 PR 0.0000 | valAUC 0.7773 | tau+ 0.500
[OUTPOST-v4] epoch 352: test-all ROC 0.7396 PR 0.3651 | unseen ROC 0.5000 PR 0.0000 | valAUC 0.7747 | tau+ 0.500
[OUTPOST-v4] epoch 353: test-all ROC 0.7397 PR 0.3652 | unseen ROC 0.5000 PR 0.0000 | valAUC 0.7746 | tau+ 0.500
[OUTPOST-v4] epoch 354: test-all ROC 0.7401 PR 0.3657 | unseen ROC 0.5000 PR 0.0000 | valAUC 0.7763 | tau+ 0.500
[OUTPOST-v4] epoch 355: test-all ROC 0.7405 PR 0.3663 | unseen ROC 0.5000 PR 0.0000 | valAUC 0.7775 | tau+ 0.500
[OUTPOST-v4] epoch 356: test-all ROC 0.7409 PR 0.3666 | unseen ROC 0.5000 PR 0.0000 | valAUC 0.7783 | tau+ 0.500
[OUTPOST-v4] epoch 357: test-all ROC 0.7413 PR 0.3673 | unseen ROC 0.5000 PR 0.0000 | valAUC 0.7776 | tau+ 0.500
[OUTPOST-v4] epoch 358: test-all ROC 0.7416 PR 0.3678 | unseen ROC 0.5000 PR 0.0000 | valAUC 0.7780 | tau+ 0.500
[OUTPOST-v4] epoch 359: test-all ROC 0.7419 PR 0.3683 | unseen ROC 0.5000 PR 0.0000 | valAUC 0.7783 | tau+ 0.500
[OUTPOST-v4] epoch 360: test-all ROC 0.7422 PR 0.3686 | unseen ROC 0.5000 PR 0.0000 | valAUC 0.7782 | tau+ 0.500
[OUTPOST-v4] epoch 361: test-all ROC 0.7423 PR 0.3688 | unseen ROC 0.5000 PR 0.0000 | valAUC 0.7784 | tau+ 0.500
[OUTPOST-v4] epoch 362: test-all ROC 0.7424 PR 0.3690 | unseen ROC 0.5000 PR 0.0000 | valAUC 0.7779 | tau+ 0.500
[OUTPOST-v4] epoch 363: test-all ROC 0.7427 PR 0.3691 | unseen ROC 0.5000 PR 0.0000 | valAUC 0.7781 | tau+ 0.500
[OUTPOST-v4] epoch 364: test-all ROC 0.7429 PR 0.3692 | unseen ROC 0.5000 PR 0.0000 | valAUC 0.7780 | tau+ 0.500
[OUTPOST-v4] epoch 365: test-all ROC 0.7431 PR 0.3694 | unseen ROC 0.5000 PR 0.0000 | valAUC 0.7776 | tau+ 0.500
[OUTPOST-v4] epoch 366: test-all ROC 0.7433 PR 0.3696 | unseen ROC 0.5000 PR 0.0000 | valAUC 0.7773 | tau+ 0.500
[OUTPOST-v4] epoch 367: test-all ROC 0.7436 PR 0.3699 | unseen ROC 0.5000 PR 0.0000 | valAUC 0.7775 | tau+ 0.500
[OUTPOST-v4] epoch 368: test-all ROC 0.7440 PR 0.3705 | unseen ROC 0.5000 PR 0.0000 | valAUC 0.7779 | tau+ 0.500
[OUTPOST-v4] epoch 369: test-all ROC 0.7442 PR 0.3708 | unseen ROC 0.5000 PR 0.0000 | valAUC 0.7783 | tau+ 0.500
[OUTPOST-v4] epoch 370: test-all ROC 0.7444 PR 0.3710 | unseen ROC 0.5000 PR 0.0000 | valAUC 0.7780 | tau+ 0.500
[OUTPOST-v4] epoch 371: test-all ROC 0.7445 PR 0.3712 | unseen ROC 0.5000 PR 0.0000 | valAUC 0.7773 | tau+ 0.500
[OUTPOST-v4] epoch 372: test-all ROC 0.7446 PR 0.3713 | unseen ROC 0.5000 PR 0.0000 | valAUC 0.7770 | tau+ 0.500
[OUTPOST-v4] epoch 373: test-all ROC 0.7448 PR 0.3716 | unseen ROC 0.5000 PR 0.0000 | valAUC 0.7774 | tau+ 0.500
[OUTPOST-v4] epoch 374: test-all ROC 0.7450 PR 0.3718 | unseen ROC 0.5000 PR 0.0000 | valAUC 0.7783 | tau+ 0.500
[OUTPOST-v4] epoch 375: test-all ROC 0.7452 PR 0.3720 | unseen ROC 0.5000 PR 0.0000 | valAUC 0.7776 | tau+ 0.500
[OUTPOST-v4] epoch 376: test-all ROC 0.7453 PR 0.3719 | unseen ROC 0.5000 PR 0.0000 | valAUC 0.7781 | tau+ 0.500
[OUTPOST-v4] epoch 377: test-all ROC 0.7455 PR 0.3720 | unseen ROC 0.5000 PR 0.0000 | valAUC 0.7785 | tau+ 0.500
[OUTPOST-v4] epoch 378: test-all ROC 0.7457 PR 0.3722 | unseen ROC 0.5000 PR 0.0000 | valAUC 0.7781 | tau+ 0.500
[OUTPOST-v4] epoch 379: test-all ROC 0.7461 PR 0.3725 | unseen ROC 0.5000 PR 0.0000 | valAUC 0.7782 | tau+ 0.500
[OUTPOST-v4] epoch 380: test-all ROC 0.7465 PR 0.3729 | unseen ROC 0.5000 PR 0.0000 | valAUC 0.7788 | tau+ 0.500
[OUTPOST-v4] epoch 381: test-all ROC 0.7468 PR 0.3733 | unseen ROC 0.5000 PR 0.0000 | valAUC 0.7788 | tau+ 0.500
[OUTPOST-v4] epoch 382: test-all ROC 0.7469 PR 0.3736 | unseen ROC 0.5000 PR 0.0000 | valAUC 0.7785 | tau+ 0.500
[OUTPOST-v4] epoch 383: test-all ROC 0.7468 PR 0.3737 | unseen ROC 0.5000 PR 0.0000 | valAUC 0.7790 | tau+ 0.500
[OUTPOST-v4] epoch 384: test-all ROC 0.7467 PR 0.3738 | unseen ROC 0.5000 PR 0.0000 | valAUC 0.7791 | tau+ 0.500
[OUTPOST-v4] epoch 385: test-all ROC 0.7464 PR 0.3738 | unseen ROC 0.5000 PR 0.0000 | valAUC 0.7780 | tau+ 0.500
[OUTPOST-v4] epoch 386: test-all ROC 0.7461 PR 0.3737 | unseen ROC 0.5000 PR 0.0000 | valAUC 0.7775 | tau+ 0.500
[OUTPOST-v4] epoch 387: test-all ROC 0.7459 PR 0.3737 | unseen ROC 0.5000 PR 0.0000 | valAUC 0.7770 | tau+ 0.500
[OUTPOST-v4] epoch 388: test-all ROC 0.7458 PR 0.3736 | unseen ROC 0.5000 PR 0.0000 | valAUC 0.7766 | tau+ 0.500
[OUTPOST-v4] epoch 389: test-all ROC 0.7459 PR 0.3737 | unseen ROC 0.5000 PR 0.0000 | valAUC 0.7762 | tau+ 0.500
[OUTPOST-v4] epoch 390: test-all ROC 0.7459 PR 0.3738 | unseen ROC 0.5000 PR 0.0000 | valAUC 0.7770 | tau+ 0.500
[OUTPOST-v4] epoch 391: test-all ROC 0.7461 PR 0.3739 | unseen ROC 0.5000 PR 0.0000 | valAUC 0.7785 | tau+ 0.500
[OUTPOST-v4] epoch 392: test-all ROC 0.7461 PR 0.3740 | unseen ROC 0.5000 PR 0.0000 | valAUC 0.7790 | tau+ 0.500
[OUTPOST-v4] epoch 393: test-all ROC 0.7462 PR 0.3741 | unseen ROC 0.5000 PR 0.0000 | valAUC 0.7787 | tau+ 0.500
[OUTPOST-v4] epoch 394: test-all ROC 0.7460 PR 0.3740 | unseen ROC 0.5000 PR 0.0000 | valAUC 0.7776 | tau+ 0.500
[OUTPOST-v4] epoch 395: test-all ROC 0.7460 PR 0.3740 | unseen ROC 0.5000 PR 0.0000 | valAUC 0.7779 | tau+ 0.500
[OUTPOST-v4] epoch 396: test-all ROC 0.7459 PR 0.3737 | unseen ROC 0.5000 PR 0.0000 | valAUC 0.7779 | tau+ 0.500
[OUTPOST-v4] epoch 397: test-all ROC 0.7459 PR 0.3737 | unseen ROC 0.5000 PR 0.0000 | valAUC 0.7782 | tau+ 0.500
[OUTPOST-v4] epoch 398: test-all ROC 0.7460 PR 0.3737 | unseen ROC 0.5000 PR 0.0000 | valAUC 0.7783 | tau+ 0.500
[OUTPOST-v4] epoch 399: test-all ROC 0.7462 PR 0.3739 | unseen ROC 0.5000 PR 0.0000 | valAUC 0.7775 | tau+ 0.500
  rotation 1: ROC 0.7469 PR 0.3741
[yelp] params 7361, peak GPU 1.14 GB, 48.8 min total

[yelp] AGGREGATE  best-over-epochs: ROC 0.7469 PR 0.3741
[yelp] AGGREGATE  val-selected:     ROC 0.7402 PR 0.3655
row appended to results/results.csv
