# gpu=7 cmd=/usr/bin/python3 -u main.py --dataset yelp --seed 2 --method outpost --tag C_nopl --set use_pl=false
/nas/home/jahin/.local/lib/python3.10/site-packages/torch_geometric/__init__.py:4: UserWarning: An issue occurred while importing 'torch-scatter'. Disabling its usage. Stacktrace: /nas/home/jahin/.local/lib/python3.10/site-packages/torch_scatter/_version_cuda.so: undefined symbol: _ZN5torch3jit17parseSchemaOrNameERKSsb
  import torch_geometric.typing
/nas/home/jahin/.local/lib/python3.10/site-packages/torch_geometric/__init__.py:4: UserWarning: An issue occurred while importing 'torch-sparse'. Disabling its usage. Stacktrace: /nas/home/jahin/.local/lib/python3.10/site-packages/torch_sparse/_version_cuda.so: undefined symbol: _ZN5torch3jit17parseSchemaOrNameERKSsb
  import torch_geometric.typing
/nas/home/jahin/.local/lib/python3.10/site-packages/requests/__init__.py:113: RequestsDependencyWarning: urllib3 (1.26.5) or chardet (7.2.0)/charset_normalizer (3.4.4) doesn't match a supported version!
  warnings.warn(
Disabling PyTorch because PyTorch >= 2.1 is required but found 2.0.1
None of PyTorch, TensorFlow >= 2.0, or Flax have been found. Models won't be available and only tokenizers, configuration and file/data utilities can be used.
/nas/home/jahin/.local/lib/python3.10/site-packages/outdated/__init__.py:36: UserWarning: pkg_resources is deprecated as an API. See https://setuptools.pypa.io/en/latest/pkg_resources.html. The pkg_resources package is slated for removal as early as 2025-11-30. Refrain from using this package or pin to Setuptools<81.
  from pkg_resources import parse_version
[utils] PPR/dgl path unavailable (libcudart.so.12: cannot open shared object file: No such file or directory); OUTPOST path unaffected.
[yelp] anomaly classes (rotations): [1]
Normal classes: [0] in yelp
Building multi-layer GraphSage
/nas/home/jahin/.local/lib/python3.10/site-packages/torch_geometric/data/data.py:187: UserWarning: Unable to accurately infer 'num_nodes' from the attribute set '{'y', 'edge_index', 'x'}'. Please explicitly set 'num_nodes' as an attribute of 'data' to suppress this warning
  return sum([v.num_nodes for v in self.node_stores])
[OUTPOST-v4] epoch 0: test-all ROC 0.5285 PR 0.1615 | unseen ROC 0.5000 PR 0.0000 | valAUC 0.4577 | tau+ 0.500
[OUTPOST-v4] epoch 1: test-all ROC 0.5489 PR 0.1710 | unseen ROC 0.5000 PR 0.0000 | valAUC 0.4700 | tau+ 0.500
[OUTPOST-v4] epoch 2: test-all ROC 0.5462 PR 0.1680 | unseen ROC 0.5000 PR 0.0000 | valAUC 0.4723 | tau+ 0.500
[OUTPOST-v4] epoch 3: test-all ROC 0.5404 PR 0.1653 | unseen ROC 0.5000 PR 0.0000 | valAUC 0.4673 | tau+ 0.500
[OUTPOST-v4] epoch 4: test-all ROC 0.5371 PR 0.1676 | unseen ROC 0.5000 PR 0.0000 | valAUC 0.4619 | tau+ 0.500
[OUTPOST-v4] epoch 5: test-all ROC 0.5312 PR 0.1647 | unseen ROC 0.5000 PR 0.0000 | valAUC 0.4570 | tau+ 0.500
[OUTPOST-v4] epoch 6: test-all ROC 0.5258 PR 0.1617 | unseen ROC 0.5000 PR 0.0000 | valAUC 0.4551 | tau+ 0.500
[OUTPOST-v4] epoch 7: test-all ROC 0.5221 PR 0.1595 | unseen ROC 0.5000 PR 0.0000 | valAUC 0.4540 | tau+ 0.500
[OUTPOST-v4] epoch 8: test-all ROC 0.5194 PR 0.1579 | unseen ROC 0.5000 PR 0.0000 | valAUC 0.4515 | tau+ 0.500
[OUTPOST-v4] epoch 9: test-all ROC 0.5172 PR 0.1555 | unseen ROC 0.5000 PR 0.0000 | valAUC 0.4434 | tau+ 0.500
[OUTPOST-v4] epoch 10: test-all ROC 0.5165 PR 0.1548 | unseen ROC 0.5000 PR 0.0000 | valAUC 0.4399 | tau+ 0.500
[OUTPOST-v4] epoch 11: test-all ROC 0.5158 PR 0.1545 | unseen ROC 0.5000 PR 0.0000 | valAUC 0.4390 | tau+ 0.500
[OUTPOST-v4] epoch 12: test-all ROC 0.5157 PR 0.1544 | unseen ROC 0.5000 PR 0.0000 | valAUC 0.4389 | tau+ 0.500
[OUTPOST-v4] epoch 13: test-all ROC 0.5161 PR 0.1544 | unseen ROC 0.5000 PR 0.0000 | valAUC 0.4376 | tau+ 0.500
[OUTPOST-v4] epoch 14: test-all ROC 0.5168 PR 0.1546 | unseen ROC 0.5000 PR 0.0000 | valAUC 0.4359 | tau+ 0.500
[OUTPOST-v4] epoch 15: test-all ROC 0.5177 PR 0.1548 | unseen ROC 0.5000 PR 0.0000 | valAUC 0.4360 | tau+ 0.500
[OUTPOST-v4] epoch 16: test-all ROC 0.5184 PR 0.1550 | unseen ROC 0.5000 PR 0.0000 | valAUC 0.4368 | tau+ 0.500
[OUTPOST-v4] epoch 17: test-all ROC 0.5188 PR 0.1551 | unseen ROC 0.5000 PR 0.0000 | valAUC 0.4360 | tau+ 0.500
[OUTPOST-v4] epoch 18: test-all ROC 0.5202 PR 0.1555 | unseen ROC 0.5000 PR 0.0000 | valAUC 0.4370 | tau+ 0.500
[OUTPOST-v4] epoch 19: test-all ROC 0.5216 PR 0.1559 | unseen ROC 0.5000 PR 0.0000 | valAUC 0.4395 | tau+ 0.500
[OUTPOST-v4] epoch 20: test-all ROC 0.5228 PR 0.1563 | unseen ROC 0.5000 PR 0.0000 | valAUC 0.4404 | tau+ 0.500
[OUTPOST-v4] epoch 21: test-all ROC 0.5240 PR 0.1566 | unseen ROC 0.5000 PR 0.0000 | valAUC 0.4419 | tau+ 0.500
[OUTPOST-v4] epoch 22: test-all ROC 0.5250 PR 0.1569 | unseen ROC 0.5000 PR 0.0000 | valAUC 0.4435 | tau+ 0.500
[OUTPOST-v4] epoch 23: test-all ROC 0.5259 PR 0.1572 | unseen ROC 0.5000 PR 0.0000 | valAUC 0.4446 | tau+ 0.500
[OUTPOST-v4] epoch 24: test-all ROC 0.5267 PR 0.1574 | unseen ROC 0.5000 PR 0.0000 | valAUC 0.4458 | tau+ 0.500
[OUTPOST-v4] epoch 25: test-all ROC 0.5273 PR 0.1576 | unseen ROC 0.5000 PR 0.0000 | valAUC 0.4463 | tau+ 0.500
[OUTPOST-v4] epoch 26: test-all ROC 0.5278 PR 0.1578 | unseen ROC 0.5000 PR 0.0000 | valAUC 0.4465 | tau+ 0.500
[OUTPOST-v4] epoch 27: test-all ROC 0.5283 PR 0.1579 | unseen ROC 0.5000 PR 0.0000 | valAUC 0.4465 | tau+ 0.500
[OUTPOST-v4] epoch 28: test-all ROC 0.5286 PR 0.1580 | unseen ROC 0.5000 PR 0.0000 | valAUC 0.4466 | tau+ 0.500
[OUTPOST-v4] epoch 29: test-all ROC 0.5288 PR 0.1581 | unseen ROC 0.5000 PR 0.0000 | valAUC 0.4470 | tau+ 0.500
[OUTPOST-v4] epoch 30: test-all ROC 0.5289 PR 0.1582 | unseen ROC 0.5000 PR 0.0000 | valAUC 0.4472 | tau+ 0.500
[OUTPOST-v4] epoch 31: test-all ROC 0.5290 PR 0.1582 | unseen ROC 0.5000 PR 0.0000 | valAUC 0.4482 | tau+ 0.500
[OUTPOST-v4] epoch 32: test-all ROC 0.5290 PR 0.1582 | unseen ROC 0.5000 PR 0.0000 | valAUC 0.4483 | tau+ 0.500
[OUTPOST-v4] epoch 33: test-all ROC 0.5290 PR 0.1583 | unseen ROC 0.5000 PR 0.0000 | valAUC 0.4486 | tau+ 0.500
[OUTPOST-v4] epoch 34: test-all ROC 0.5291 PR 0.1583 | unseen ROC 0.5000 PR 0.0000 | valAUC 0.4491 | tau+ 0.500
[OUTPOST-v4] epoch 35: test-all ROC 0.5291 PR 0.1583 | unseen ROC 0.5000 PR 0.0000 | valAUC 0.4491 | tau+ 0.500
[OUTPOST-v4] epoch 36: test-all ROC 0.5291 PR 0.1583 | unseen ROC 0.5000 PR 0.0000 | valAUC 0.4498 | tau+ 0.500
[OUTPOST-v4] epoch 37: test-all ROC 0.5292 PR 0.1584 | unseen ROC 0.5000 PR 0.0000 | valAUC 0.4500 | tau+ 0.500
[OUTPOST-v4] epoch 38: test-all ROC 0.5294 PR 0.1585 | unseen ROC 0.5000 PR 0.0000 | valAUC 0.4512 | tau+ 0.500
[OUTPOST-v4] epoch 39: test-all ROC 0.5296 PR 0.1586 | unseen ROC 0.5000 PR 0.0000 | valAUC 0.4527 | tau+ 0.500
[OUTPOST-v4] epoch 40: test-all ROC 0.5300 PR 0.1588 | unseen ROC 0.5000 PR 0.0000 | valAUC 0.4532 | tau+ 0.500
[OUTPOST-v4] epoch 41: test-all ROC 0.5305 PR 0.1590 | unseen ROC 0.5000 PR 0.0000 | valAUC 0.4555 | tau+ 0.500
[OUTPOST-v4] epoch 42: test-all ROC 0.5313 PR 0.1593 | unseen ROC 0.5000 PR 0.0000 | valAUC 0.4577 | tau+ 0.500
[OUTPOST-v4] epoch 43: test-all ROC 0.5323 PR 0.1597 | unseen ROC 0.5000 PR 0.0000 | valAUC 0.4591 | tau+ 0.500
[OUTPOST-v4] epoch 44: test-all ROC 0.5335 PR 0.1602 | unseen ROC 0.5000 PR 0.0000 | valAUC 0.4605 | tau+ 0.500
[OUTPOST-v4] epoch 45: test-all ROC 0.5346 PR 0.1605 | unseen ROC 0.5000 PR 0.0000 | valAUC 0.4634 | tau+ 0.500
[OUTPOST-v4] epoch 46: test-all ROC 0.5356 PR 0.1609 | unseen ROC 0.5000 PR 0.0000 | valAUC 0.4657 | tau+ 0.500
[OUTPOST-v4] epoch 47: test-all ROC 0.5364 PR 0.1611 | unseen ROC 0.5000 PR 0.0000 | valAUC 0.4671 | tau+ 0.500
[OUTPOST-v4] epoch 48: test-all ROC 0.5371 PR 0.1614 | unseen ROC 0.5000 PR 0.0000 | valAUC 0.4687 | tau+ 0.500
[OUTPOST-v4] epoch 49: test-all ROC 0.5377 PR 0.1616 | unseen ROC 0.5000 PR 0.0000 | valAUC 0.4701 | tau+ 0.500
[OUTPOST-v4] epoch 50: test-all ROC 0.5382 PR 0.1617 | unseen ROC 0.5000 PR 0.0000 | valAUC 0.4707 | tau+ 0.500
[OUTPOST-v4] epoch 51: test-all ROC 0.5387 PR 0.1619 | unseen ROC 0.5000 PR 0.0000 | valAUC 0.4720 | tau+ 0.500
[OUTPOST-v4] epoch 52: test-all ROC 0.5390 PR 0.1620 | unseen ROC 0.5000 PR 0.0000 | valAUC 0.4726 | tau+ 0.500
[OUTPOST-v4] epoch 53: test-all ROC 0.5393 PR 0.1621 | unseen ROC 0.5000 PR 0.0000 | valAUC 0.4732 | tau+ 0.500
[OUTPOST-v4] epoch 54: test-all ROC 0.5395 PR 0.1622 | unseen ROC 0.5000 PR 0.0000 | valAUC 0.4736 | tau+ 0.500
[OUTPOST-v4] epoch 55: test-all ROC 0.5398 PR 0.1623 | unseen ROC 0.5000 PR 0.0000 | valAUC 0.4736 | tau+ 0.500
[OUTPOST-v4] epoch 56: test-all ROC 0.5402 PR 0.1624 | unseen ROC 0.5000 PR 0.0000 | valAUC 0.4739 | tau+ 0.500
[OUTPOST-v4] epoch 57: test-all ROC 0.5406 PR 0.1625 | unseen ROC 0.5000 PR 0.0000 | valAUC 0.4742 | tau+ 0.500
[OUTPOST-v4] epoch 58: test-all ROC 0.5412 PR 0.1627 | unseen ROC 0.5000 PR 0.0000 | valAUC 0.4750 | tau+ 0.500
[OUTPOST-v4] epoch 59: test-all ROC 0.5418 PR 0.1629 | unseen ROC 0.5000 PR 0.0000 | valAUC 0.4754 | tau+ 0.500
[OUTPOST-v4] epoch 60: test-all ROC 0.5425 PR 0.1631 | unseen ROC 0.5000 PR 0.0000 | valAUC 0.4766 | tau+ 0.500
[OUTPOST-v4] epoch 61: test-all ROC 0.5434 PR 0.1634 | unseen ROC 0.5000 PR 0.0000 | valAUC 0.4783 | tau+ 0.500
[OUTPOST-v4] epoch 62: test-all ROC 0.5443 PR 0.1637 | unseen ROC 0.5000 PR 0.0000 | valAUC 0.4793 | tau+ 0.500
[OUTPOST-v4] epoch 63: test-all ROC 0.5454 PR 0.1641 | unseen ROC 0.5000 PR 0.0000 | valAUC 0.4809 | tau+ 0.500
[OUTPOST-v4] epoch 64: test-all ROC 0.5465 PR 0.1645 | unseen ROC 0.5000 PR 0.0000 | valAUC 0.4831 | tau+ 0.500
[OUTPOST-v4] epoch 65: test-all ROC 0.5478 PR 0.1650 | unseen ROC 0.5000 PR 0.0000 | valAUC 0.4842 | tau+ 0.500
[OUTPOST-v4] epoch 66: test-all ROC 0.5491 PR 0.1655 | unseen ROC 0.5000 PR 0.0000 | valAUC 0.4864 | tau+ 0.500
[OUTPOST-v4] epoch 67: test-all ROC 0.5506 PR 0.1660 | unseen ROC 0.5000 PR 0.0000 | valAUC 0.4882 | tau+ 0.500
[OUTPOST-v4] epoch 68: test-all ROC 0.5519 PR 0.1665 | unseen ROC 0.5000 PR 0.0000 | valAUC 0.4891 | tau+ 0.500
[OUTPOST-v4] epoch 69: test-all ROC 0.5531 PR 0.1670 | unseen ROC 0.5000 PR 0.0000 | valAUC 0.4894 | tau+ 0.500
[OUTPOST-v4] epoch 70: test-all ROC 0.5541 PR 0.1674 | unseen ROC 0.5000 PR 0.0000 | valAUC 0.4919 | tau+ 0.500
[OUTPOST-v4] epoch 71: test-all ROC 0.5550 PR 0.1678 | unseen ROC 0.5000 PR 0.0000 | valAUC 0.4926 | tau+ 0.500
[OUTPOST-v4] epoch 72: test-all ROC 0.5558 PR 0.1682 | unseen ROC 0.5000 PR 0.0000 | valAUC 0.4934 | tau+ 0.500
[OUTPOST-v4] epoch 73: test-all ROC 0.5566 PR 0.1686 | unseen ROC 0.5000 PR 0.0000 | valAUC 0.4943 | tau+ 0.500
[OUTPOST-v4] epoch 74: test-all ROC 0.5574 PR 0.1690 | unseen ROC 0.5000 PR 0.0000 | valAUC 0.4962 | tau+ 0.500
[OUTPOST-v4] epoch 75: test-all ROC 0.5582 PR 0.1694 | unseen ROC 0.5000 PR 0.0000 | valAUC 0.4969 | tau+ 0.500
[OUTPOST-v4] epoch 76: test-all ROC 0.5590 PR 0.1699 | unseen ROC 0.5000 PR 0.0000 | valAUC 0.4980 | tau+ 0.500
[OUTPOST-v4] epoch 77: test-all ROC 0.5599 PR 0.1703 | unseen ROC 0.5000 PR 0.0000 | valAUC 0.4983 | tau+ 0.500
[OUTPOST-v4] epoch 78: test-all ROC 0.5607 PR 0.1708 | unseen ROC 0.5000 PR 0.0000 | valAUC 0.4993 | tau+ 0.500
[OUTPOST-v4] epoch 79: test-all ROC 0.5616 PR 0.1712 | unseen ROC 0.5000 PR 0.0000 | valAUC 0.5004 | tau+ 0.500
[OUTPOST-v4] epoch 80: test-all ROC 0.5624 PR 0.1717 | unseen ROC 0.5000 PR 0.0000 | valAUC 0.5017 | tau+ 0.500
[OUTPOST-v4] epoch 81: test-all ROC 0.5633 PR 0.1722 | unseen ROC 0.5000 PR 0.0000 | valAUC 0.5029 | tau+ 0.500
[OUTPOST-v4] epoch 82: test-all ROC 0.5642 PR 0.1727 | unseen ROC 0.5000 PR 0.0000 | valAUC 0.5041 | tau+ 0.500
[OUTPOST-v4] epoch 83: test-all ROC 0.5652 PR 0.1732 | unseen ROC 0.5000 PR 0.0000 | valAUC 0.5058 | tau+ 0.500
[OUTPOST-v4] epoch 84: test-all ROC 0.5662 PR 0.1738 | unseen ROC 0.5000 PR 0.0000 | valAUC 0.5069 | tau+ 0.500
[OUTPOST-v4] epoch 85: test-all ROC 0.5673 PR 0.1744 | unseen ROC 0.5000 PR 0.0000 | valAUC 0.5081 | tau+ 0.500
[OUTPOST-v4] epoch 86: test-all ROC 0.5685 PR 0.1750 | unseen ROC 0.5000 PR 0.0000 | valAUC 0.5099 | tau+ 0.500
[OUTPOST-v4] epoch 87: test-all ROC 0.5697 PR 0.1757 | unseen ROC 0.5000 PR 0.0000 | valAUC 0.5116 | tau+ 0.500
[OUTPOST-v4] epoch 88: test-all ROC 0.5709 PR 0.1764 | unseen ROC 0.5000 PR 0.0000 | valAUC 0.5130 | tau+ 0.500
[OUTPOST-v4] epoch 89: test-all ROC 0.5722 PR 0.1770 | unseen ROC 0.5000 PR 0.0000 | valAUC 0.5145 | tau+ 0.500
[OUTPOST-v4] epoch 90: test-all ROC 0.5734 PR 0.1777 | unseen ROC 0.5000 PR 0.0000 | valAUC 0.5166 | tau+ 0.500
[OUTPOST-v4] epoch 91: test-all ROC 0.5745 PR 0.1783 | unseen ROC 0.5000 PR 0.0000 | valAUC 0.5183 | tau+ 0.500
[OUTPOST-v4] epoch 92: test-all ROC 0.5756 PR 0.1789 | unseen ROC 0.5000 PR 0.0000 | valAUC 0.5193 | tau+ 0.500
[OUTPOST-v4] epoch 93: test-all ROC 0.5767 PR 0.1795 | unseen ROC 0.5000 PR 0.0000 | valAUC 0.5209 | tau+ 0.500
[OUTPOST-v4] epoch 94: test-all ROC 0.5779 PR 0.1801 | unseen ROC 0.5000 PR 0.0000 | valAUC 0.5222 | tau+ 0.500
[OUTPOST-v4] epoch 95: test-all ROC 0.5788 PR 0.1807 | unseen ROC 0.5000 PR 0.0000 | valAUC 0.5240 | tau+ 0.500
[OUTPOST-v4] epoch 96: test-all ROC 0.5799 PR 0.1813 | unseen ROC 0.5000 PR 0.0000 | valAUC 0.5257 | tau+ 0.500
[OUTPOST-v4] epoch 97: test-all ROC 0.5809 PR 0.1820 | unseen ROC 0.5000 PR 0.0000 | valAUC 0.5271 | tau+ 0.500
[OUTPOST-v4] epoch 98: test-all ROC 0.5821 PR 0.1827 | unseen ROC 0.5000 PR 0.0000 | valAUC 0.5294 | tau+ 0.500
[OUTPOST-v4] epoch 99: test-all ROC 0.5833 PR 0.1834 | unseen ROC 0.5000 PR 0.0000 | valAUC 0.5308 | tau+ 0.500
[OUTPOST-v4] epoch 100: test-all ROC 0.5844 PR 0.1842 | unseen ROC 0.5000 PR 0.0000 | valAUC 0.5330 | tau+ 0.500
[OUTPOST-v4] epoch 101: test-all ROC 0.5855 PR 0.1849 | unseen ROC 0.5000 PR 0.0000 | valAUC 0.5339 | tau+ 0.500
[OUTPOST-v4] epoch 102: test-all ROC 0.5866 PR 0.1857 | unseen ROC 0.5000 PR 0.0000 | valAUC 0.5355 | tau+ 0.500
[OUTPOST-v4] epoch 103: test-all ROC 0.5877 PR 0.1865 | unseen ROC 0.5000 PR 0.0000 | valAUC 0.5371 | tau+ 0.500
[OUTPOST-v4] epoch 104: test-all ROC 0.5887 PR 0.1873 | unseen ROC 0.5000 PR 0.0000 | valAUC 0.5389 | tau+ 0.500
[OUTPOST-v4] epoch 105: test-all ROC 0.5898 PR 0.1882 | unseen ROC 0.5000 PR 0.0000 | valAUC 0.5403 | tau+ 0.500
[OUTPOST-v4] epoch 106: test-all ROC 0.5908 PR 0.1891 | unseen ROC 0.5000 PR 0.0000 | valAUC 0.5421 | tau+ 0.500
[OUTPOST-v4] epoch 107: test-all ROC 0.5917 PR 0.1901 | unseen ROC 0.5000 PR 0.0000 | valAUC 0.5432 | tau+ 0.500
[OUTPOST-v4] epoch 108: test-all ROC 0.5927 PR 0.1911 | unseen ROC 0.5000 PR 0.0000 | valAUC 0.5447 | tau+ 0.500
[OUTPOST-v4] epoch 109: test-all ROC 0.5936 PR 0.1922 | unseen ROC 0.5000 PR 0.0000 | valAUC 0.5458 | tau+ 0.500
[OUTPOST-v4] epoch 110: test-all ROC 0.5946 PR 0.1933 | unseen ROC 0.5000 PR 0.0000 | valAUC 0.5472 | tau+ 0.500
[OUTPOST-v4] epoch 111: test-all ROC 0.5956 PR 0.1945 | unseen ROC 0.5000 PR 0.0000 | valAUC 0.5483 | tau+ 0.500
[OUTPOST-v4] epoch 112: test-all ROC 0.5966 PR 0.1957 | unseen ROC 0.5000 PR 0.0000 | valAUC 0.5508 | tau+ 0.500
[OUTPOST-v4] epoch 113: test-all ROC 0.5976 PR 0.1970 | unseen ROC 0.5000 PR 0.0000 | valAUC 0.5529 | tau+ 0.500
[OUTPOST-v4] epoch 114: test-all ROC 0.5987 PR 0.1983 | unseen ROC 0.5000 PR 0.0000 | valAUC 0.5543 | tau+ 0.500
[OUTPOST-v4] epoch 115: test-all ROC 0.5997 PR 0.1997 | unseen ROC 0.5000 PR 0.0000 | valAUC 0.5566 | tau+ 0.500
[OUTPOST-v4] epoch 116: test-all ROC 0.6008 PR 0.2012 | unseen ROC 0.5000 PR 0.0000 | valAUC 0.5584 | tau+ 0.500
[OUTPOST-v4] epoch 117: test-all ROC 0.6018 PR 0.2026 | unseen ROC 0.5000 PR 0.0000 | valAUC 0.5597 | tau+ 0.500
[OUTPOST-v4] epoch 118: test-all ROC 0.6029 PR 0.2040 | unseen ROC 0.5000 PR 0.0000 | valAUC 0.5625 | tau+ 0.500
[OUTPOST-v4] epoch 119: test-all ROC 0.6039 PR 0.2054 | unseen ROC 0.5000 PR 0.0000 | valAUC 0.5639 | tau+ 0.500
[OUTPOST-v4] epoch 120: test-all ROC 0.6050 PR 0.2068 | unseen ROC 0.5000 PR 0.0000 | valAUC 0.5658 | tau+ 0.500
[OUTPOST-v4] epoch 121: test-all ROC 0.6061 PR 0.2081 | unseen ROC 0.5000 PR 0.0000 | valAUC 0.5673 | tau+ 0.500
[OUTPOST-v4] epoch 122: test-all ROC 0.6071 PR 0.2095 | unseen ROC 0.5000 PR 0.0000 | valAUC 0.5691 | tau+ 0.500
[OUTPOST-v4] epoch 123: test-all ROC 0.6081 PR 0.2109 | unseen ROC 0.5000 PR 0.0000 | valAUC 0.5713 | tau+ 0.500
[OUTPOST-v4] epoch 124: test-all ROC 0.6092 PR 0.2123 | unseen ROC 0.5000 PR 0.0000 | valAUC 0.5735 | tau+ 0.500
[OUTPOST-v4] epoch 125: test-all ROC 0.6102 PR 0.2138 | unseen ROC 0.5000 PR 0.0000 | valAUC 0.5753 | tau+ 0.500
[OUTPOST-v4] epoch 126: test-all ROC 0.6111 PR 0.2152 | unseen ROC 0.5000 PR 0.0000 | valAUC 0.5776 | tau+ 0.500
[OUTPOST-v4] epoch 127: test-all ROC 0.6119 PR 0.2166 | unseen ROC 0.5000 PR 0.0000 | valAUC 0.5797 | tau+ 0.500
[OUTPOST-v4] epoch 128: test-all ROC 0.6128 PR 0.2179 | unseen ROC 0.5000 PR 0.0000 | valAUC 0.5819 | tau+ 0.500
[OUTPOST-v4] epoch 129: test-all ROC 0.6136 PR 0.2193 | unseen ROC 0.5000 PR 0.0000 | valAUC 0.5836 | tau+ 0.500
[OUTPOST-v4] epoch 130: test-all ROC 0.6145 PR 0.2207 | unseen ROC 0.5000 PR 0.0000 | valAUC 0.5861 | tau+ 0.500
[OUTPOST-v4] epoch 131: test-all ROC 0.6154 PR 0.2220 | unseen ROC 0.5000 PR 0.0000 | valAUC 0.5882 | tau+ 0.500
[OUTPOST-v4] epoch 132: test-all ROC 0.6162 PR 0.2234 | unseen ROC 0.5000 PR 0.0000 | valAUC 0.5904 | tau+ 0.500
[OUTPOST-v4] epoch 133: test-all ROC 0.6170 PR 0.2247 | unseen ROC 0.5000 PR 0.0000 | valAUC 0.5935 | tau+ 0.500
[OUTPOST-v4] epoch 134: test-all ROC 0.6178 PR 0.2259 | unseen ROC 0.5000 PR 0.0000 | valAUC 0.5944 | tau+ 0.500
[OUTPOST-v4] epoch 135: test-all ROC 0.6186 PR 0.2271 | unseen ROC 0.5000 PR 0.0000 | valAUC 0.5958 | tau+ 0.500
[OUTPOST-v4] epoch 136: test-all ROC 0.6193 PR 0.2283 | unseen ROC 0.5000 PR 0.0000 | valAUC 0.5976 | tau+ 0.500
[OUTPOST-v4] epoch 137: test-all ROC 0.6200 PR 0.2293 | unseen ROC 0.5000 PR 0.0000 | valAUC 0.5987 | tau+ 0.500
[OUTPOST-v4] epoch 138: test-all ROC 0.6208 PR 0.2304 | unseen ROC 0.5000 PR 0.0000 | valAUC 0.6009 | tau+ 0.500
[OUTPOST-v4] epoch 139: test-all ROC 0.6214 PR 0.2314 | unseen ROC 0.5000 PR 0.0000 | valAUC 0.6020 | tau+ 0.500
[OUTPOST-v4] epoch 140: test-all ROC 0.6221 PR 0.2324 | unseen ROC 0.5000 PR 0.0000 | valAUC 0.6035 | tau+ 0.500
[OUTPOST-v4] epoch 141: test-all ROC 0.6228 PR 0.2334 | unseen ROC 0.5000 PR 0.0000 | valAUC 0.6054 | tau+ 0.500
[OUTPOST-v4] epoch 142: test-all ROC 0.6233 PR 0.2343 | unseen ROC 0.5000 PR 0.0000 | valAUC 0.6074 | tau+ 0.500
[OUTPOST-v4] epoch 143: test-all ROC 0.6238 PR 0.2352 | unseen ROC 0.5000 PR 0.0000 | valAUC 0.6088 | tau+ 0.500
[OUTPOST-v4] epoch 144: test-all ROC 0.6246 PR 0.2361 | unseen ROC 0.5000 PR 0.0000 | valAUC 0.6107 | tau+ 0.500
[OUTPOST-v4] epoch 145: test-all ROC 0.6254 PR 0.2370 | unseen ROC 0.5000 PR 0.0000 | valAUC 0.6121 | tau+ 0.500
[OUTPOST-v4] epoch 146: test-all ROC 0.6261 PR 0.2378 | unseen ROC 0.5000 PR 0.0000 | valAUC 0.6149 | tau+ 0.500
[OUTPOST-v4] epoch 147: test-all ROC 0.6268 PR 0.2386 | unseen ROC 0.5000 PR 0.0000 | valAUC 0.6163 | tau+ 0.500
[OUTPOST-v4] epoch 148: test-all ROC 0.6275 PR 0.2394 | unseen ROC 0.5000 PR 0.0000 | valAUC 0.6188 | tau+ 0.500
[OUTPOST-v4] epoch 149: test-all ROC 0.6282 PR 0.2402 | unseen ROC 0.5000 PR 0.0000 | valAUC 0.6218 | tau+ 0.500
[OUTPOST-v4] epoch 150: test-all ROC 0.6289 PR 0.2409 | unseen ROC 0.5000 PR 0.0000 | valAUC 0.6245 | tau+ 0.500
[OUTPOST-v4] epoch 151: test-all ROC 0.6295 PR 0.2416 | unseen ROC 0.5000 PR 0.0000 | valAUC 0.6270 | tau+ 0.500
[OUTPOST-v4] epoch 152: test-all ROC 0.6300 PR 0.2422 | unseen ROC 0.5000 PR 0.0000 | valAUC 0.6298 | tau+ 0.500
[OUTPOST-v4] epoch 153: test-all ROC 0.6306 PR 0.2428 | unseen ROC 0.5000 PR 0.0000 | valAUC 0.6325 | tau+ 0.500
[OUTPOST-v4] epoch 154: test-all ROC 0.6311 PR 0.2434 | unseen ROC 0.5000 PR 0.0000 | valAUC 0.6349 | tau+ 0.500
[OUTPOST-v4] epoch 155: test-all ROC 0.6316 PR 0.2440 | unseen ROC 0.5000 PR 0.0000 | valAUC 0.6366 | tau+ 0.500
[OUTPOST-v4] epoch 156: test-all ROC 0.6321 PR 0.2446 | unseen ROC 0.5000 PR 0.0000 | valAUC 0.6383 | tau+ 0.500
[OUTPOST-v4] epoch 157: test-all ROC 0.6327 PR 0.2451 | unseen ROC 0.5000 PR 0.0000 | valAUC 0.6399 | tau+ 0.500
[OUTPOST-v4] epoch 158: test-all ROC 0.6333 PR 0.2457 | unseen ROC 0.5000 PR 0.0000 | valAUC 0.6420 | tau+ 0.500
[OUTPOST-v4] epoch 159: test-all ROC 0.6338 PR 0.2462 | unseen ROC 0.5000 PR 0.0000 | valAUC 0.6439 | tau+ 0.500
[OUTPOST-v4] epoch 160: test-all ROC 0.6343 PR 0.2467 | unseen ROC 0.5000 PR 0.0000 | valAUC 0.6464 | tau+ 0.500
[OUTPOST-v4] epoch 161: test-all ROC 0.6349 PR 0.2473 | unseen ROC 0.5000 PR 0.0000 | valAUC 0.6487 | tau+ 0.500
[OUTPOST-v4] epoch 162: test-all ROC 0.6356 PR 0.2479 | unseen ROC 0.5000 PR 0.0000 | valAUC 0.6512 | tau+ 0.500
[OUTPOST-v4] epoch 163: test-all ROC 0.6364 PR 0.2486 | unseen ROC 0.5000 PR 0.0000 | valAUC 0.6532 | tau+ 0.500
[OUTPOST-v4] epoch 164: test-all ROC 0.6372 PR 0.2492 | unseen ROC 0.5000 PR 0.0000 | valAUC 0.6546 | tau+ 0.500
[OUTPOST-v4] epoch 165: test-all ROC 0.6381 PR 0.2499 | unseen ROC 0.5000 PR 0.0000 | valAUC 0.6560 | tau+ 0.500
[OUTPOST-v4] epoch 166: test-all ROC 0.6390 PR 0.2506 | unseen ROC 0.5000 PR 0.0000 | valAUC 0.6577 | tau+ 0.500
[OUTPOST-v4] epoch 167: test-all ROC 0.6399 PR 0.2514 | unseen ROC 0.5000 PR 0.0000 | valAUC 0.6599 | tau+ 0.500
[OUTPOST-v4] epoch 168: test-all ROC 0.6407 PR 0.2521 | unseen ROC 0.5000 PR 0.0000 | valAUC 0.6618 | tau+ 0.500
[OUTPOST-v4] epoch 169: test-all ROC 0.6416 PR 0.2528 | unseen ROC 0.5000 PR 0.0000 | valAUC 0.6643 | tau+ 0.500
[OUTPOST-v4] epoch 170: test-all ROC 0.6425 PR 0.2535 | unseen ROC 0.5000 PR 0.0000 | valAUC 0.6662 | tau+ 0.500
[OUTPOST-v4] epoch 171: test-all ROC 0.6434 PR 0.2543 | unseen ROC 0.5000 PR 0.0000 | valAUC 0.6685 | tau+ 0.500
[OUTPOST-v4] epoch 172: test-all ROC 0.6442 PR 0.2550 | unseen ROC 0.5000 PR 0.0000 | valAUC 0.6703 | tau+ 0.500
[OUTPOST-v4] epoch 173: test-all ROC 0.6452 PR 0.2558 | unseen ROC 0.5000 PR 0.0000 | valAUC 0.6729 | tau+ 0.500
[OUTPOST-v4] epoch 174: test-all ROC 0.6462 PR 0.2567 | unseen ROC 0.5000 PR 0.0000 | valAUC 0.6751 | tau+ 0.500
[OUTPOST-v4] epoch 175: test-all ROC 0.6473 PR 0.2576 | unseen ROC 0.5000 PR 0.0000 | valAUC 0.6782 | tau+ 0.500
[OUTPOST-v4] epoch 176: test-all ROC 0.6483 PR 0.2584 | unseen ROC 0.5000 PR 0.0000 | valAUC 0.6804 | tau+ 0.500
[OUTPOST-v4] epoch 177: test-all ROC 0.6494 PR 0.2593 | unseen ROC 0.5000 PR 0.0000 | valAUC 0.6825 | tau+ 0.500
[OUTPOST-v4] epoch 178: test-all ROC 0.6504 PR 0.2602 | unseen ROC 0.5000 PR 0.0000 | valAUC 0.6847 | tau+ 0.500
[OUTPOST-v4] epoch 179: test-all ROC 0.6514 PR 0.2610 | unseen ROC 0.5000 PR 0.0000 | valAUC 0.6866 | tau+ 0.500
[OUTPOST-v4] epoch 180: test-all ROC 0.6523 PR 0.2618 | unseen ROC 0.5000 PR 0.0000 | valAUC 0.6889 | tau+ 0.500
[OUTPOST-v4] epoch 181: test-all ROC 0.6531 PR 0.2625 | unseen ROC 0.5000 PR 0.0000 | valAUC 0.6909 | tau+ 0.500
[OUTPOST-v4] epoch 182: test-all ROC 0.6539 PR 0.2632 | unseen ROC 0.5000 PR 0.0000 | valAUC 0.6919 | tau+ 0.500
[OUTPOST-v4] epoch 183: test-all ROC 0.6546 PR 0.2638 | unseen ROC 0.5000 PR 0.0000 | valAUC 0.6933 | tau+ 0.500
[OUTPOST-v4] epoch 184: test-all ROC 0.6554 PR 0.2645 | unseen ROC 0.5000 PR 0.0000 | valAUC 0.6949 | tau+ 0.500
[OUTPOST-v4] epoch 185: test-all ROC 0.6562 PR 0.2652 | unseen ROC 0.5000 PR 0.0000 | valAUC 0.6974 | tau+ 0.500
[OUTPOST-v4] epoch 186: test-all ROC 0.6569 PR 0.2659 | unseen ROC 0.5000 PR 0.0000 | valAUC 0.6995 | tau+ 0.500
[OUTPOST-v4] epoch 187: test-all ROC 0.6577 PR 0.2665 | unseen ROC 0.5000 PR 0.0000 | valAUC 0.7010 | tau+ 0.500
[OUTPOST-v4] epoch 188: test-all ROC 0.6585 PR 0.2672 | unseen ROC 0.5000 PR 0.0000 | valAUC 0.7035 | tau+ 0.500
[OUTPOST-v4] epoch 189: test-all ROC 0.6594 PR 0.2680 | unseen ROC 0.5000 PR 0.0000 | valAUC 0.7055 | tau+ 0.500
[OUTPOST-v4] epoch 190: test-all ROC 0.6604 PR 0.2688 | unseen ROC 0.5000 PR 0.0000 | valAUC 0.7068 | tau+ 0.500
[OUTPOST-v4] epoch 191: test-all ROC 0.6615 PR 0.2697 | unseen ROC 0.5000 PR 0.0000 | valAUC 0.7094 | tau+ 0.500
[OUTPOST-v4] epoch 192: test-all ROC 0.6626 PR 0.2705 | unseen ROC 0.5000 PR 0.0000 | valAUC 0.7114 | tau+ 0.500
[OUTPOST-v4] epoch 193: test-all ROC 0.6636 PR 0.2713 | unseen ROC 0.5000 PR 0.0000 | valAUC 0.7138 | tau+ 0.500
[OUTPOST-v4] epoch 194: test-all ROC 0.6645 PR 0.2721 | unseen ROC 0.5000 PR 0.0000 | valAUC 0.7154 | tau+ 0.500
[OUTPOST-v4] epoch 195: test-all ROC 0.6653 PR 0.2728 | unseen ROC 0.5000 PR 0.0000 | valAUC 0.7178 | tau+ 0.500
[OUTPOST-v4] epoch 196: test-all ROC 0.6662 PR 0.2735 | unseen ROC 0.5000 PR 0.0000 | valAUC 0.7195 | tau+ 0.500
[OUTPOST-v4] epoch 197: test-all ROC 0.6669 PR 0.2741 | unseen ROC 0.5000 PR 0.0000 | valAUC 0.7207 | tau+ 0.500
[OUTPOST-v4] epoch 198: test-all ROC 0.6676 PR 0.2748 | unseen ROC 0.5000 PR 0.0000 | valAUC 0.7216 | tau+ 0.500
[OUTPOST-v4] epoch 199: test-all ROC 0.6683 PR 0.2755 | unseen ROC 0.5000 PR 0.0000 | valAUC 0.7239 | tau+ 0.500
[OUTPOST-v4] epoch 200: test-all ROC 0.6690 PR 0.2761 | unseen ROC 0.5000 PR 0.0000 | valAUC 0.7249 | tau+ 0.500
[OUTPOST-v4] epoch 201: test-all ROC 0.6698 PR 0.2768 | unseen ROC 0.5000 PR 0.0000 | valAUC 0.7258 | tau+ 0.500
[OUTPOST-v4] epoch 202: test-all ROC 0.6705 PR 0.2774 | unseen ROC 0.5000 PR 0.0000 | valAUC 0.7270 | tau+ 0.500
[OUTPOST-v4] epoch 203: test-all ROC 0.6715 PR 0.2781 | unseen ROC 0.5000 PR 0.0000 | valAUC 0.7284 | tau+ 0.500
[OUTPOST-v4] epoch 204: test-all ROC 0.6725 PR 0.2789 | unseen ROC 0.5000 PR 0.0000 | valAUC 0.7298 | tau+ 0.500
[OUTPOST-v4] epoch 205: test-all ROC 0.6735 PR 0.2797 | unseen ROC 0.5000 PR 0.0000 | valAUC 0.7314 | tau+ 0.500
[OUTPOST-v4] epoch 206: test-all ROC 0.6744 PR 0.2804 | unseen ROC 0.5000 PR 0.0000 | valAUC 0.7328 | tau+ 0.500
[OUTPOST-v4] epoch 207: test-all ROC 0.6754 PR 0.2811 | unseen ROC 0.5000 PR 0.0000 | valAUC 0.7344 | tau+ 0.500
[OUTPOST-v4] epoch 208: test-all ROC 0.6763 PR 0.2819 | unseen ROC 0.5000 PR 0.0000 | valAUC 0.7357 | tau+ 0.500
[OUTPOST-v4] epoch 209: test-all ROC 0.6771 PR 0.2825 | unseen ROC 0.5000 PR 0.0000 | valAUC 0.7366 | tau+ 0.500
[OUTPOST-v4] epoch 210: test-all ROC 0.6781 PR 0.2833 | unseen ROC 0.5000 PR 0.0000 | valAUC 0.7379 | tau+ 0.500
[OUTPOST-v4] epoch 211: test-all ROC 0.6790 PR 0.2840 | unseen ROC 0.5000 PR 0.0000 | valAUC 0.7395 | tau+ 0.500
[OUTPOST-v4] epoch 212: test-all ROC 0.6798 PR 0.2846 | unseen ROC 0.5000 PR 0.0000 | valAUC 0.7411 | tau+ 0.500
[OUTPOST-v4] epoch 213: test-all ROC 0.6805 PR 0.2853 | unseen ROC 0.5000 PR 0.0000 | valAUC 0.7429 | tau+ 0.500
[OUTPOST-v4] epoch 214: test-all ROC 0.6812 PR 0.2859 | unseen ROC 0.5000 PR 0.0000 | valAUC 0.7439 | tau+ 0.500
[OUTPOST-v4] epoch 215: test-all ROC 0.6820 PR 0.2865 | unseen ROC 0.5000 PR 0.0000 | valAUC 0.7456 | tau+ 0.500
[OUTPOST-v4] epoch 216: test-all ROC 0.6827 PR 0.2872 | unseen ROC 0.5000 PR 0.0000 | valAUC 0.7470 | tau+ 0.500
[OUTPOST-v4] epoch 217: test-all ROC 0.6833 PR 0.2877 | unseen ROC 0.5000 PR 0.0000 | valAUC 0.7482 | tau+ 0.500
[OUTPOST-v4] epoch 218: test-all ROC 0.6838 PR 0.2882 | unseen ROC 0.5000 PR 0.0000 | valAUC 0.7490 | tau+ 0.500
[OUTPOST-v4] epoch 219: test-all ROC 0.6844 PR 0.2888 | unseen ROC 0.5000 PR 0.0000 | valAUC 0.7509 | tau+ 0.500
[OUTPOST-v4] epoch 220: test-all ROC 0.6851 PR 0.2894 | unseen ROC 0.5000 PR 0.0000 | valAUC 0.7526 | tau+ 0.500
[OUTPOST-v4] epoch 221: test-all ROC 0.6857 PR 0.2899 | unseen ROC 0.5000 PR 0.0000 | valAUC 0.7538 | tau+ 0.500
[OUTPOST-v4] epoch 222: test-all ROC 0.6864 PR 0.2904 | unseen ROC 0.5000 PR 0.0000 | valAUC 0.7543 | tau+ 0.500
[OUTPOST-v4] epoch 223: test-all ROC 0.6869 PR 0.2909 | unseen ROC 0.5000 PR 0.0000 | valAUC 0.7556 | tau+ 0.500
[OUTPOST-v4] epoch 224: test-all ROC 0.6876 PR 0.2913 | unseen ROC 0.5000 PR 0.0000 | valAUC 0.7570 | tau+ 0.500
[OUTPOST-v4] epoch 225: test-all ROC 0.6881 PR 0.2917 | unseen ROC 0.5000 PR 0.0000 | valAUC 0.7577 | tau+ 0.500
[OUTPOST-v4] epoch 226: test-all ROC 0.6887 PR 0.2921 | unseen ROC 0.5000 PR 0.0000 | valAUC 0.7575 | tau+ 0.500
[OUTPOST-v4] epoch 227: test-all ROC 0.6892 PR 0.2925 | unseen ROC 0.5000 PR 0.0000 | valAUC 0.7585 | tau+ 0.500
[OUTPOST-v4] epoch 228: test-all ROC 0.6899 PR 0.2929 | unseen ROC 0.5000 PR 0.0000 | valAUC 0.7594 | tau+ 0.500
[OUTPOST-v4] epoch 229: test-all ROC 0.6907 PR 0.2935 | unseen ROC 0.5000 PR 0.0000 | valAUC 0.7611 | tau+ 0.500
[OUTPOST-v4] epoch 230: test-all ROC 0.6913 PR 0.2939 | unseen ROC 0.5000 PR 0.0000 | valAUC 0.7625 | tau+ 0.500
[OUTPOST-v4] epoch 231: test-all ROC 0.6918 PR 0.2943 | unseen ROC 0.5000 PR 0.0000 | valAUC 0.7620 | tau+ 0.500
[OUTPOST-v4] epoch 232: test-all ROC 0.6922 PR 0.2947 | unseen ROC 0.5000 PR 0.0000 | valAUC 0.7623 | tau+ 0.500
[OUTPOST-v4] epoch 233: test-all ROC 0.6927 PR 0.2951 | unseen ROC 0.5000 PR 0.0000 | valAUC 0.7628 | tau+ 0.500
[OUTPOST-v4] epoch 234: test-all ROC 0.6931 PR 0.2956 | unseen ROC 0.5000 PR 0.0000 | valAUC 0.7630 | tau+ 0.500
[OUTPOST-v4] epoch 235: test-all ROC 0.6934 PR 0.2960 | unseen ROC 0.5000 PR 0.0000 | valAUC 0.7635 | tau+ 0.500
[OUTPOST-v4] epoch 236: test-all ROC 0.6937 PR 0.2964 | unseen ROC 0.5000 PR 0.0000 | valAUC 0.7639 | tau+ 0.500
[OUTPOST-v4] epoch 237: test-all ROC 0.6940 PR 0.2968 | unseen ROC 0.5000 PR 0.0000 | valAUC 0.7647 | tau+ 0.500
[OUTPOST-v4] epoch 238: test-all ROC 0.6943 PR 0.2972 | unseen ROC 0.5000 PR 0.0000 | valAUC 0.7652 | tau+ 0.500
[OUTPOST-v4] epoch 239: test-all ROC 0.6946 PR 0.2976 | unseen ROC 0.5000 PR 0.0000 | valAUC 0.7659 | tau+ 0.500
[OUTPOST-v4] epoch 240: test-all ROC 0.6948 PR 0.2979 | unseen ROC 0.5000 PR 0.0000 | valAUC 0.7662 | tau+ 0.500
[OUTPOST-v4] epoch 241: test-all ROC 0.6951 PR 0.2983 | unseen ROC 0.5000 PR 0.0000 | valAUC 0.7662 | tau+ 0.500
[OUTPOST-v4] epoch 242: test-all ROC 0.6957 PR 0.2988 | unseen ROC 0.5000 PR 0.0000 | valAUC 0.7666 | tau+ 0.500
[OUTPOST-v4] epoch 243: test-all ROC 0.6963 PR 0.2994 | unseen ROC 0.5000 PR 0.0000 | valAUC 0.7670 | tau+ 0.500
[OUTPOST-v4] epoch 244: test-all ROC 0.6969 PR 0.2999 | unseen ROC 0.5000 PR 0.0000 | valAUC 0.7676 | tau+ 0.500
[OUTPOST-v4] epoch 245: test-all ROC 0.6974 PR 0.3004 | unseen ROC 0.5000 PR 0.0000 | valAUC 0.7678 | tau+ 0.500
[OUTPOST-v4] epoch 246: test-all ROC 0.6978 PR 0.3008 | unseen ROC 0.5000 PR 0.0000 | valAUC 0.7685 | tau+ 0.500
[OUTPOST-v4] epoch 247: test-all ROC 0.6982 PR 0.3012 | unseen ROC 0.5000 PR 0.0000 | valAUC 0.7685 | tau+ 0.500
[OUTPOST-v4] epoch 248: test-all ROC 0.6985 PR 0.3015 | unseen ROC 0.5000 PR 0.0000 | valAUC 0.7692 | tau+ 0.500
[OUTPOST-v4] epoch 249: test-all ROC 0.6987 PR 0.3018 | unseen ROC 0.5000 PR 0.0000 | valAUC 0.7697 | tau+ 0.500
[OUTPOST-v4] epoch 250: test-all ROC 0.6989 PR 0.3021 | unseen ROC 0.5000 PR 0.0000 | valAUC 0.7702 | tau+ 0.500
[OUTPOST-v4] epoch 251: test-all ROC 0.6991 PR 0.3025 | unseen ROC 0.5000 PR 0.0000 | valAUC 0.7702 | tau+ 0.500
[OUTPOST-v4] epoch 252: test-all ROC 0.6995 PR 0.3030 | unseen ROC 0.5000 PR 0.0000 | valAUC 0.7706 | tau+ 0.500
[OUTPOST-v4] epoch 253: test-all ROC 0.7000 PR 0.3035 | unseen ROC 0.5000 PR 0.0000 | valAUC 0.7709 | tau+ 0.500
[OUTPOST-v4] epoch 254: test-all ROC 0.7005 PR 0.3040 | unseen ROC 0.5000 PR 0.0000 | valAUC 0.7713 | tau+ 0.500
[OUTPOST-v4] epoch 255: test-all ROC 0.7009 PR 0.3044 | unseen ROC 0.5000 PR 0.0000 | valAUC 0.7718 | tau+ 0.500
[OUTPOST-v4] epoch 256: test-all ROC 0.7012 PR 0.3048 | unseen ROC 0.5000 PR 0.0000 | valAUC 0.7721 | tau+ 0.500
[OUTPOST-v4] epoch 257: test-all ROC 0.7014 PR 0.3051 | unseen ROC 0.5000 PR 0.0000 | valAUC 0.7723 | tau+ 0.500
[OUTPOST-v4] epoch 258: test-all ROC 0.7015 PR 0.3054 | unseen ROC 0.5000 PR 0.0000 | valAUC 0.7721 | tau+ 0.500
[OUTPOST-v4] epoch 259: test-all ROC 0.7016 PR 0.3057 | unseen ROC 0.5000 PR 0.0000 | valAUC 0.7728 | tau+ 0.500
[OUTPOST-v4] epoch 260: test-all ROC 0.7018 PR 0.3061 | unseen ROC 0.5000 PR 0.0000 | valAUC 0.7730 | tau+ 0.500
[OUTPOST-v4] epoch 261: test-all ROC 0.7024 PR 0.3066 | unseen ROC 0.5000 PR 0.0000 | valAUC 0.7731 | tau+ 0.500
[OUTPOST-v4] epoch 262: test-all ROC 0.7029 PR 0.3071 | unseen ROC 0.5000 PR 0.0000 | valAUC 0.7736 | tau+ 0.500
[OUTPOST-v4] epoch 263: test-all ROC 0.7034 PR 0.3076 | unseen ROC 0.5000 PR 0.0000 | valAUC 0.7740 | tau+ 0.500
[OUTPOST-v4] epoch 264: test-all ROC 0.7036 PR 0.3080 | unseen ROC 0.5000 PR 0.0000 | valAUC 0.7738 | tau+ 0.500
[OUTPOST-v4] epoch 265: test-all ROC 0.7038 PR 0.3083 | unseen ROC 0.5000 PR 0.0000 | valAUC 0.7745 | tau+ 0.500
[OUTPOST-v4] epoch 266: test-all ROC 0.7039 PR 0.3086 | unseen ROC 0.5000 PR 0.0000 | valAUC 0.7747 | tau+ 0.500
[OUTPOST-v4] epoch 267: test-all ROC 0.7043 PR 0.3090 | unseen ROC 0.5000 PR 0.0000 | valAUC 0.7750 | tau+ 0.500
[OUTPOST-v4] epoch 268: test-all ROC 0.7046 PR 0.3095 | unseen ROC 0.5000 PR 0.0000 | valAUC 0.7754 | tau+ 0.500
[OUTPOST-v4] epoch 269: test-all ROC 0.7050 PR 0.3099 | unseen ROC 0.5000 PR 0.0000 | valAUC 0.7754 | tau+ 0.500
[OUTPOST-v4] epoch 270: test-all ROC 0.7055 PR 0.3103 | unseen ROC 0.5000 PR 0.0000 | valAUC 0.7755 | tau+ 0.500
[OUTPOST-v4] epoch 271: test-all ROC 0.7058 PR 0.3107 | unseen ROC 0.5000 PR 0.0000 | valAUC 0.7758 | tau+ 0.500
[OUTPOST-v4] epoch 272: test-all ROC 0.7062 PR 0.3112 | unseen ROC 0.5000 PR 0.0000 | valAUC 0.7761 | tau+ 0.500
[OUTPOST-v4] epoch 273: test-all ROC 0.7065 PR 0.3117 | unseen ROC 0.5000 PR 0.0000 | valAUC 0.7765 | tau+ 0.500
[OUTPOST-v4] epoch 274: test-all ROC 0.7068 PR 0.3121 | unseen ROC 0.5000 PR 0.0000 | valAUC 0.7769 | tau+ 0.500
[OUTPOST-v4] epoch 275: test-all ROC 0.7071 PR 0.3126 | unseen ROC 0.5000 PR 0.0000 | valAUC 0.7771 | tau+ 0.500
[OUTPOST-v4] epoch 276: test-all ROC 0.7072 PR 0.3129 | unseen ROC 0.5000 PR 0.0000 | valAUC 0.7777 | tau+ 0.500
[OUTPOST-v4] epoch 277: test-all ROC 0.7074 PR 0.3134 | unseen ROC 0.5000 PR 0.0000 | valAUC 0.7781 | tau+ 0.500
[OUTPOST-v4] epoch 278: test-all ROC 0.7075 PR 0.3138 | unseen ROC 0.5000 PR 0.0000 | valAUC 0.7784 | tau+ 0.500
[OUTPOST-v4] epoch 279: test-all ROC 0.7079 PR 0.3144 | unseen ROC 0.5000 PR 0.0000 | valAUC 0.7790 | tau+ 0.500
[OUTPOST-v4] epoch 280: test-all ROC 0.7078 PR 0.3147 | unseen ROC 0.5000 PR 0.0000 | valAUC 0.7794 | tau+ 0.500
[OUTPOST-v4] epoch 281: test-all ROC 0.7077 PR 0.3150 | unseen ROC 0.5000 PR 0.0000 | valAUC 0.7797 | tau+ 0.500
[OUTPOST-v4] epoch 282: test-all ROC 0.7076 PR 0.3152 | unseen ROC 0.5000 PR 0.0000 | valAUC 0.7797 | tau+ 0.500
[OUTPOST-v4] epoch 283: test-all ROC 0.7077 PR 0.3156 | unseen ROC 0.5000 PR 0.0000 | valAUC 0.7798 | tau+ 0.500
[OUTPOST-v4] epoch 284: test-all ROC 0.7081 PR 0.3161 | unseen ROC 0.5000 PR 0.0000 | valAUC 0.7806 | tau+ 0.500
[OUTPOST-v4] epoch 285: test-all ROC 0.7085 PR 0.3166 | unseen ROC 0.5000 PR 0.0000 | valAUC 0.7811 | tau+ 0.500
[OUTPOST-v4] epoch 286: test-all ROC 0.7089 PR 0.3171 | unseen ROC 0.5000 PR 0.0000 | valAUC 0.7816 | tau+ 0.500
[OUTPOST-v4] epoch 287: test-all ROC 0.7091 PR 0.3175 | unseen ROC 0.5000 PR 0.0000 | valAUC 0.7818 | tau+ 0.500
[OUTPOST-v4] epoch 288: test-all ROC 0.7093 PR 0.3179 | unseen ROC 0.5000 PR 0.0000 | valAUC 0.7821 | tau+ 0.500
[OUTPOST-v4] epoch 289: test-all ROC 0.7097 PR 0.3184 | unseen ROC 0.5000 PR 0.0000 | valAUC 0.7824 | tau+ 0.500
[OUTPOST-v4] epoch 290: test-all ROC 0.7100 PR 0.3189 | unseen ROC 0.5000 PR 0.0000 | valAUC 0.7825 | tau+ 0.500
[OUTPOST-v4] epoch 291: test-all ROC 0.7105 PR 0.3195 | unseen ROC 0.5000 PR 0.0000 | valAUC 0.7828 | tau+ 0.500
[OUTPOST-v4] epoch 292: test-all ROC 0.7108 PR 0.3200 | unseen ROC 0.5000 PR 0.0000 | valAUC 0.7832 | tau+ 0.500
[OUTPOST-v4] epoch 293: test-all ROC 0.7113 PR 0.3207 | unseen ROC 0.5000 PR 0.0000 | valAUC 0.7832 | tau+ 0.500
[OUTPOST-v4] epoch 294: test-all ROC 0.7119 PR 0.3214 | unseen ROC 0.5000 PR 0.0000 | valAUC 0.7835 | tau+ 0.500
[OUTPOST-v4] epoch 295: test-all ROC 0.7124 PR 0.3220 | unseen ROC 0.5000 PR 0.0000 | valAUC 0.7837 | tau+ 0.500
[OUTPOST-v4] epoch 296: test-all ROC 0.7128 PR 0.3227 | unseen ROC 0.5000 PR 0.0000 | valAUC 0.7832 | tau+ 0.500
[OUTPOST-v4] epoch 297: test-all ROC 0.7133 PR 0.3235 | unseen ROC 0.5000 PR 0.0000 | valAUC 0.7832 | tau+ 0.500
[OUTPOST-v4] epoch 298: test-all ROC 0.7136 PR 0.3242 | unseen ROC 0.5000 PR 0.0000 | valAUC 0.7837 | tau+ 0.500
[OUTPOST-v4] epoch 299: test-all ROC 0.7138 PR 0.3249 | unseen ROC 0.5000 PR 0.0000 | valAUC 0.7838 | tau+ 0.500
[OUTPOST-v4] epoch 300: test-all ROC 0.7142 PR 0.3256 | unseen ROC 0.5000 PR 0.0000 | valAUC 0.7838 | tau+ 0.500
[OUTPOST-v4] epoch 301: test-all ROC 0.7149 PR 0.3266 | unseen ROC 0.5000 PR 0.0000 | valAUC 0.7840 | tau+ 0.500
[OUTPOST-v4] epoch 302: test-all ROC 0.7154 PR 0.3275 | unseen ROC 0.5000 PR 0.0000 | valAUC 0.7849 | tau+ 0.500
[OUTPOST-v4] epoch 303: test-all ROC 0.7156 PR 0.3280 | unseen ROC 0.5000 PR 0.0000 | valAUC 0.7850 | tau+ 0.500
[OUTPOST-v4] epoch 304: test-all ROC 0.7158 PR 0.3285 | unseen ROC 0.5000 PR 0.0000 | valAUC 0.7855 | tau+ 0.500
[OUTPOST-v4] epoch 305: test-all ROC 0.7162 PR 0.3292 | unseen ROC 0.5000 PR 0.0000 | valAUC 0.7858 | tau+ 0.500
[OUTPOST-v4] epoch 306: test-all ROC 0.7168 PR 0.3301 | unseen ROC 0.5000 PR 0.0000 | valAUC 0.7855 | tau+ 0.500
[OUTPOST-v4] epoch 307: test-all ROC 0.7174 PR 0.3309 | unseen ROC 0.5000 PR 0.0000 | valAUC 0.7859 | tau+ 0.500
[OUTPOST-v4] epoch 308: test-all ROC 0.7176 PR 0.3315 | unseen ROC 0.5000 PR 0.0000 | valAUC 0.7867 | tau+ 0.500
[OUTPOST-v4] epoch 309: test-all ROC 0.7178 PR 0.3320 | unseen ROC 0.5000 PR 0.0000 | valAUC 0.7869 | tau+ 0.500
[OUTPOST-v4] epoch 310: test-all ROC 0.7182 PR 0.3328 | unseen ROC 0.5000 PR 0.0000 | valAUC 0.7870 | tau+ 0.500
[OUTPOST-v4] epoch 311: test-all ROC 0.7185 PR 0.3334 | unseen ROC 0.5000 PR 0.0000 | valAUC 0.7875 | tau+ 0.500
[OUTPOST-v4] epoch 312: test-all ROC 0.7189 PR 0.3341 | unseen ROC 0.5000 PR 0.0000 | valAUC 0.7877 | tau+ 0.500
[OUTPOST-v4] epoch 313: test-all ROC 0.7193 PR 0.3349 | unseen ROC 0.5000 PR 0.0000 | valAUC 0.7879 | tau+ 0.500
[OUTPOST-v4] epoch 314: test-all ROC 0.7197 PR 0.3357 | unseen ROC 0.5000 PR 0.0000 | valAUC 0.7888 | tau+ 0.500
[OUTPOST-v4] epoch 315: test-all ROC 0.7200 PR 0.3365 | unseen ROC 0.5000 PR 0.0000 | valAUC 0.7893 | tau+ 0.500
[OUTPOST-v4] epoch 316: test-all ROC 0.7203 PR 0.3373 | unseen ROC 0.5000 PR 0.0000 | valAUC 0.7892 | tau+ 0.500
[OUTPOST-v4] epoch 317: test-all ROC 0.7204 PR 0.3379 | unseen ROC 0.5000 PR 0.0000 | valAUC 0.7889 | tau+ 0.500
[OUTPOST-v4] epoch 318: test-all ROC 0.7205 PR 0.3386 | unseen ROC 0.5000 PR 0.0000 | valAUC 0.7892 | tau+ 0.500
[OUTPOST-v4] epoch 319: test-all ROC 0.7208 PR 0.3393 | unseen ROC 0.5000 PR 0.0000 | valAUC 0.7897 | tau+ 0.500
[OUTPOST-v4] epoch 320: test-all ROC 0.7215 PR 0.3403 | unseen ROC 0.5000 PR 0.0000 | valAUC 0.7901 | tau+ 0.500
[OUTPOST-v4] epoch 321: test-all ROC 0.7216 PR 0.3410 | unseen ROC 0.5000 PR 0.0000 | valAUC 0.7904 | tau+ 0.500
[OUTPOST-v4] epoch 322: test-all ROC 0.7218 PR 0.3417 | unseen ROC 0.5000 PR 0.0000 | valAUC 0.7906 | tau+ 0.500
[OUTPOST-v4] epoch 323: test-all ROC 0.7219 PR 0.3423 | unseen ROC 0.5000 PR 0.0000 | valAUC 0.7904 | tau+ 0.500
[OUTPOST-v4] epoch 324: test-all ROC 0.7224 PR 0.3433 | unseen ROC 0.5000 PR 0.0000 | valAUC 0.7910 | tau+ 0.500
[OUTPOST-v4] epoch 325: test-all ROC 0.7231 PR 0.3445 | unseen ROC 0.5000 PR 0.0000 | valAUC 0.7907 | tau+ 0.500
[OUTPOST-v4] epoch 326: test-all ROC 0.7235 PR 0.3453 | unseen ROC 0.5000 PR 0.0000 | valAUC 0.7911 | tau+ 0.500
[OUTPOST-v4] epoch 327: test-all ROC 0.7237 PR 0.3459 | unseen ROC 0.5000 PR 0.0000 | valAUC 0.7916 | tau+ 0.500
[OUTPOST-v4] epoch 328: test-all ROC 0.7238 PR 0.3463 | unseen ROC 0.5000 PR 0.0000 | valAUC 0.7921 | tau+ 0.500
[OUTPOST-v4] epoch 329: test-all ROC 0.7245 PR 0.3473 | unseen ROC 0.5000 PR 0.0000 | valAUC 0.7927 | tau+ 0.500
[OUTPOST-v4] epoch 330: test-all ROC 0.7250 PR 0.3481 | unseen ROC 0.5000 PR 0.0000 | valAUC 0.7929 | tau+ 0.500
[OUTPOST-v4] epoch 331: test-all ROC 0.7253 PR 0.3487 | unseen ROC 0.5000 PR 0.0000 | valAUC 0.7935 | tau+ 0.500
[OUTPOST-v4] epoch 332: test-all ROC 0.7257 PR 0.3494 | unseen ROC 0.5000 PR 0.0000 | valAUC 0.7935 | tau+ 0.500
[OUTPOST-v4] epoch 333: test-all ROC 0.7261 PR 0.3503 | unseen ROC 0.5000 PR 0.0000 | valAUC 0.7942 | tau+ 0.500
[OUTPOST-v4] epoch 334: test-all ROC 0.7262 PR 0.3509 | unseen ROC 0.5000 PR 0.0000 | valAUC 0.7945 | tau+ 0.500
[OUTPOST-v4] epoch 335: test-all ROC 0.7265 PR 0.3516 | unseen ROC 0.5000 PR 0.0000 | valAUC 0.7949 | tau+ 0.500
[OUTPOST-v4] epoch 336: test-all ROC 0.7270 PR 0.3528 | unseen ROC 0.5000 PR 0.0000 | valAUC 0.7950 | tau+ 0.500
[OUTPOST-v4] epoch 337: test-all ROC 0.7276 PR 0.3540 | unseen ROC 0.5000 PR 0.0000 | valAUC 0.7952 | tau+ 0.500
[OUTPOST-v4] epoch 338: test-all ROC 0.7278 PR 0.3550 | unseen ROC 0.5000 PR 0.0000 | valAUC 0.7957 | tau+ 0.500
[OUTPOST-v4] epoch 339: test-all ROC 0.7280 PR 0.3558 | unseen ROC 0.5000 PR 0.0000 | valAUC 0.7960 | tau+ 0.500
[OUTPOST-v4] epoch 340: test-all ROC 0.7283 PR 0.3568 | unseen ROC 0.5000 PR 0.0000 | valAUC 0.7966 | tau+ 0.500
[OUTPOST-v4] epoch 341: test-all ROC 0.7289 PR 0.3579 | unseen ROC 0.5000 PR 0.0000 | valAUC 0.7969 | tau+ 0.500
[OUTPOST-v4] epoch 342: test-all ROC 0.7294 PR 0.3589 | unseen ROC 0.5000 PR 0.0000 | valAUC 0.7971 | tau+ 0.500
[OUTPOST-v4] epoch 343: test-all ROC 0.7296 PR 0.3594 | unseen ROC 0.5000 PR 0.0000 | valAUC 0.7971 | tau+ 0.500
[OUTPOST-v4] epoch 344: test-all ROC 0.7300 PR 0.3602 | unseen ROC 0.5000 PR 0.0000 | valAUC 0.7974 | tau+ 0.500
[OUTPOST-v4] epoch 345: test-all ROC 0.7303 PR 0.3609 | unseen ROC 0.5000 PR 0.0000 | valAUC 0.7982 | tau+ 0.500
[OUTPOST-v4] epoch 346: test-all ROC 0.7308 PR 0.3618 | unseen ROC 0.5000 PR 0.0000 | valAUC 0.7990 | tau+ 0.500
[OUTPOST-v4] epoch 347: test-all ROC 0.7309 PR 0.3625 | unseen ROC 0.5000 PR 0.0000 | valAUC 0.7993 | tau+ 0.500
[OUTPOST-v4] epoch 348: test-all ROC 0.7309 PR 0.3629 | unseen ROC 0.5000 PR 0.0000 | valAUC 0.7998 | tau+ 0.500
[OUTPOST-v4] epoch 349: test-all ROC 0.7310 PR 0.3637 | unseen ROC 0.5000 PR 0.0000 | valAUC 0.7997 | tau+ 0.500
[OUTPOST-v4] epoch 350: test-all ROC 0.7316 PR 0.3648 | unseen ROC 0.5000 PR 0.0000 | valAUC 0.8000 | tau+ 0.500
[OUTPOST-v4] epoch 351: test-all ROC 0.7317 PR 0.3654 | unseen ROC 0.5000 PR 0.0000 | valAUC 0.7995 | tau+ 0.500
[OUTPOST-v4] epoch 352: test-all ROC 0.7319 PR 0.3661 | unseen ROC 0.5000 PR 0.0000 | valAUC 0.7996 | tau+ 0.500
[OUTPOST-v4] epoch 353: test-all ROC 0.7317 PR 0.3664 | unseen ROC 0.5000 PR 0.0000 | valAUC 0.7997 | tau+ 0.500
[OUTPOST-v4] epoch 354: test-all ROC 0.7322 PR 0.3675 | unseen ROC 0.5000 PR 0.0000 | valAUC 0.8001 | tau+ 0.500
[OUTPOST-v4] epoch 355: test-all ROC 0.7325 PR 0.3684 | unseen ROC 0.5000 PR 0.0000 | valAUC 0.8008 | tau+ 0.500
[OUTPOST-v4] epoch 356: test-all ROC 0.7325 PR 0.3691 | unseen ROC 0.5000 PR 0.0000 | valAUC 0.8014 | tau+ 0.500
[OUTPOST-v4] epoch 357: test-all ROC 0.7322 PR 0.3692 | unseen ROC 0.5000 PR 0.0000 | valAUC 0.8005 | tau+ 0.500
[OUTPOST-v4] epoch 358: test-all ROC 0.7325 PR 0.3698 | unseen ROC 0.5000 PR 0.0000 | valAUC 0.8008 | tau+ 0.500
[OUTPOST-v4] epoch 359: test-all ROC 0.7332 PR 0.3709 | unseen ROC 0.5000 PR 0.0000 | valAUC 0.8012 | tau+ 0.500
[OUTPOST-v4] epoch 360: test-all ROC 0.7334 PR 0.3714 | unseen ROC 0.5000 PR 0.0000 | valAUC 0.8013 | tau+ 0.500
[OUTPOST-v4] epoch 361: test-all ROC 0.7333 PR 0.3715 | unseen ROC 0.5000 PR 0.0000 | valAUC 0.8006 | tau+ 0.500
[OUTPOST-v4] epoch 362: test-all ROC 0.7338 PR 0.3724 | unseen ROC 0.5000 PR 0.0000 | valAUC 0.8012 | tau+ 0.500
[OUTPOST-v4] epoch 363: test-all ROC 0.7347 PR 0.3736 | unseen ROC 0.5000 PR 0.0000 | valAUC 0.8012 | tau+ 0.500
[OUTPOST-v4] epoch 364: test-all ROC 0.7348 PR 0.3740 | unseen ROC 0.5000 PR 0.0000 | valAUC 0.8016 | tau+ 0.500
[OUTPOST-v4] epoch 365: test-all ROC 0.7346 PR 0.3742 | unseen ROC 0.5000 PR 0.0000 | valAUC 0.8009 | tau+ 0.500
[OUTPOST-v4] epoch 366: test-all ROC 0.7349 PR 0.3749 | unseen ROC 0.5000 PR 0.0000 | valAUC 0.8011 | tau+ 0.500
[OUTPOST-v4] epoch 367: test-all ROC 0.7355 PR 0.3760 | unseen ROC 0.5000 PR 0.0000 | valAUC 0.8020 | tau+ 0.500
[OUTPOST-v4] epoch 368: test-all ROC 0.7352 PR 0.3762 | unseen ROC 0.5000 PR 0.0000 | valAUC 0.8014 | tau+ 0.500
[OUTPOST-v4] epoch 369: test-all ROC 0.7351 PR 0.3766 | unseen ROC 0.5000 PR 0.0000 | valAUC 0.8015 | tau+ 0.500
[OUTPOST-v4] epoch 370: test-all ROC 0.7349 PR 0.3770 | unseen ROC 0.5000 PR 0.0000 | valAUC 0.8014 | tau+ 0.500
[OUTPOST-v4] epoch 371: test-all ROC 0.7354 PR 0.3781 | unseen ROC 0.5000 PR 0.0000 | valAUC 0.8018 | tau+ 0.500
[OUTPOST-v4] epoch 372: test-all ROC 0.7354 PR 0.3787 | unseen ROC 0.5000 PR 0.0000 | valAUC 0.8014 | tau+ 0.500
[OUTPOST-v4] epoch 373: test-all ROC 0.7351 PR 0.3787 | unseen ROC 0.5000 PR 0.0000 | valAUC 0.8014 | tau+ 0.500
[OUTPOST-v4] epoch 374: test-all ROC 0.7352 PR 0.3794 | unseen ROC 0.5000 PR 0.0000 | valAUC 0.8014 | tau+ 0.500
[OUTPOST-v4] epoch 375: test-all ROC 0.7363 PR 0.3812 | unseen ROC 0.5000 PR 0.0000 | valAUC 0.8015 | tau+ 0.500
[OUTPOST-v4] epoch 376: test-all ROC 0.7362 PR 0.3815 | unseen ROC 0.5000 PR 0.0000 | valAUC 0.8012 | tau+ 0.500
[OUTPOST-v4] epoch 377: test-all ROC 0.7359 PR 0.3813 | unseen ROC 0.5000 PR 0.0000 | valAUC 0.8009 | tau+ 0.500
[OUTPOST-v4] epoch 378: test-all ROC 0.7364 PR 0.3821 | unseen ROC 0.5000 PR 0.0000 | valAUC 0.8013 | tau+ 0.500
[OUTPOST-v4] epoch 379: test-all ROC 0.7367 PR 0.3828 | unseen ROC 0.5000 PR 0.0000 | valAUC 0.8004 | tau+ 0.500
[OUTPOST-v4] epoch 380: test-all ROC 0.7369 PR 0.3833 | unseen ROC 0.5000 PR 0.0000 | valAUC 0.8005 | tau+ 0.500
[OUTPOST-v4] epoch 381: test-all ROC 0.7369 PR 0.3837 | unseen ROC 0.5000 PR 0.0000 | valAUC 0.7997 | tau+ 0.500
[OUTPOST-v4] epoch 382: test-all ROC 0.7374 PR 0.3847 | unseen ROC 0.5000 PR 0.0000 | valAUC 0.7998 | tau+ 0.500
[OUTPOST-v4] epoch 383: test-all ROC 0.7375 PR 0.3852 | unseen ROC 0.5000 PR 0.0000 | valAUC 0.8001 | tau+ 0.500
[OUTPOST-v4] epoch 384: test-all ROC 0.7371 PR 0.3849 | unseen ROC 0.5000 PR 0.0000 | valAUC 0.8000 | tau+ 0.500
[OUTPOST-v4] epoch 385: test-all ROC 0.7369 PR 0.3848 | unseen ROC 0.5000 PR 0.0000 | valAUC 0.8000 | tau+ 0.500
[OUTPOST-v4] epoch 386: test-all ROC 0.7370 PR 0.3854 | unseen ROC 0.5000 PR 0.0000 | valAUC 0.8002 | tau+ 0.500
[OUTPOST-v4] epoch 387: test-all ROC 0.7367 PR 0.3853 | unseen ROC 0.5000 PR 0.0000 | valAUC 0.7998 | tau+ 0.500
[OUTPOST-v4] epoch 388: test-all ROC 0.7364 PR 0.3852 | unseen ROC 0.5000 PR 0.0000 | valAUC 0.8000 | tau+ 0.500
[OUTPOST-v4] epoch 389: test-all ROC 0.7366 PR 0.3858 | unseen ROC 0.5000 PR 0.0000 | valAUC 0.7993 | tau+ 0.500
[OUTPOST-v4] epoch 390: test-all ROC 0.7371 PR 0.3868 | unseen ROC 0.5000 PR 0.0000 | valAUC 0.7991 | tau+ 0.500
[OUTPOST-v4] epoch 391: test-all ROC 0.7369 PR 0.3869 | unseen ROC 0.5000 PR 0.0000 | valAUC 0.7989 | tau+ 0.500
[OUTPOST-v4] epoch 392: test-all ROC 0.7369 PR 0.3872 | unseen ROC 0.5000 PR 0.0000 | valAUC 0.7992 | tau+ 0.500
[OUTPOST-v4] epoch 393: test-all ROC 0.7374 PR 0.3881 | unseen ROC 0.5000 PR 0.0000 | valAUC 0.7996 | tau+ 0.500
[OUTPOST-v4] epoch 394: test-all ROC 0.7376 PR 0.3887 | unseen ROC 0.5000 PR 0.0000 | valAUC 0.7996 | tau+ 0.500
[OUTPOST-v4] epoch 395: test-all ROC 0.7377 PR 0.3892 | unseen ROC 0.5000 PR 0.0000 | valAUC 0.7997 | tau+ 0.500
[OUTPOST-v4] epoch 396: test-all ROC 0.7381 PR 0.3902 | unseen ROC 0.5000 PR 0.0000 | valAUC 0.7993 | tau+ 0.500
[OUTPOST-v4] epoch 397: test-all ROC 0.7379 PR 0.3902 | unseen ROC 0.5000 PR 0.0000 | valAUC 0.7989 | tau+ 0.500
[OUTPOST-v4] epoch 398: test-all ROC 0.7376 PR 0.3901 | unseen ROC 0.5000 PR 0.0000 | valAUC 0.7985 | tau+ 0.500
[OUTPOST-v4] epoch 399: test-all ROC 0.7376 PR 0.3903 | unseen ROC 0.5000 PR 0.0000 | valAUC 0.7984 | tau+ 0.500
  rotation 1: ROC 0.7381 PR 0.3903
[yelp] params 7361, peak GPU 0.53 GB, 10.4 min total

[yelp] AGGREGATE  best-over-epochs: ROC 0.7381 PR 0.3903
[yelp] AGGREGATE  val-selected:     ROC 0.7355 PR 0.3760
row appended to results/results.csv
