# gpu=7 cmd=/usr/bin/python3 -u main.py --dataset photo --seed 2 --method outpost --tag C_sim --set sim_topk_frac=1.0
/nas/home/jahin/.local/lib/python3.10/site-packages/torch_geometric/__init__.py:4: UserWarning: An issue occurred while importing 'torch-scatter'. Disabling its usage. Stacktrace: /nas/home/jahin/.local/lib/python3.10/site-packages/torch_scatter/_version_cuda.so: undefined symbol: _ZN5torch3jit17parseSchemaOrNameERKSsb
  import torch_geometric.typing
/nas/home/jahin/.local/lib/python3.10/site-packages/torch_geometric/__init__.py:4: UserWarning: An issue occurred while importing 'torch-sparse'. Disabling its usage. Stacktrace: /nas/home/jahin/.local/lib/python3.10/site-packages/torch_sparse/_version_cuda.so: undefined symbol: _ZN5torch3jit17parseSchemaOrNameERKSsb
  import torch_geometric.typing
/nas/home/jahin/.local/lib/python3.10/site-packages/requests/__init__.py:113: RequestsDependencyWarning: urllib3 (1.26.5) or chardet (7.2.0)/charset_normalizer (3.4.4) doesn't match a supported version!
  warnings.warn(
Disabling PyTorch because PyTorch >= 2.1 is required but found 2.0.1
None of PyTorch, TensorFlow >= 2.0, or Flax have been found. Models won't be available and only tokenizers, configuration and file/data utilities can be used.
/nas/home/jahin/.local/lib/python3.10/site-packages/outdated/__init__.py:36: UserWarning: pkg_resources is deprecated as an API. See https://setuptools.pypa.io/en/latest/pkg_resources.html. The pkg_resources package is slated for removal as early as 2025-11-30. Refrain from using this package or pin to Setuptools<81.
  from pkg_resources import parse_version
[utils] PPR/dgl path unavailable (libcudart.so.12: cannot open shared object file: No such file or directory); OUTPOST path unaffected.
[0.04823529 0.22039216 0.09189542 0.11960784 0.11529412 0.1075817
 0.25372549 0.04326797]
[photo] anomaly classes (rotations): [0, 7]
Normal classes: [1, 2, 3, 4, 5, 6] in photo
Building multi-layer GraphSage
[OUTPOST-v4] epoch 0: test-all ROC 0.5776 PR 0.1102 | unseen ROC 0.3634 PR 0.0342 | valAUC 0.8444 | tau+ 0.500
[OUTPOST-v4] epoch 1: test-all ROC 0.5814 PR 0.1097 | unseen ROC 0.3755 PR 0.0349 | valAUC 0.8430 | tau+ 0.500
[OUTPOST-v4] epoch 2: test-all ROC 0.5815 PR 0.1090 | unseen ROC 0.3797 PR 0.0351 | valAUC 0.8377 | tau+ 0.500
[OUTPOST-v4] epoch 3: test-all ROC 0.5818 PR 0.1087 | unseen ROC 0.3820 PR 0.0352 | valAUC 0.8343 | tau+ 0.500
[OUTPOST-v4] epoch 4: test-all ROC 0.5829 PR 0.1092 | unseen ROC 0.3828 PR 0.0352 | valAUC 0.8353 | tau+ 0.500
[OUTPOST-v4] epoch 5: test-all ROC 0.5851 PR 0.1106 | unseen ROC 0.3826 PR 0.0352 | valAUC 0.8391 | tau+ 0.500
[OUTPOST-v4] epoch 6: test-all ROC 0.5877 PR 0.1123 | unseen ROC 0.3824 PR 0.0352 | valAUC 0.8464 | tau+ 0.500
[OUTPOST-v4] epoch 7: test-all ROC 0.5908 PR 0.1145 | unseen ROC 0.3822 PR 0.0352 | valAUC 0.8536 | tau+ 0.500
[OUTPOST-v4] epoch 8: test-all ROC 0.5947 PR 0.1173 | unseen ROC 0.3824 PR 0.0352 | valAUC 0.8585 | tau+ 0.500
[OUTPOST-v4] epoch 9: test-all ROC 0.5991 PR 0.1211 | unseen ROC 0.3815 PR 0.0352 | valAUC 0.8676 | tau+ 0.500
[OUTPOST-v4] epoch 10: test-all ROC 0.6047 PR 0.1268 | unseen ROC 0.3802 PR 0.0351 | valAUC 0.8821 | tau+ 0.500
[OUTPOST-v4] epoch 11: test-all ROC 0.6111 PR 0.1346 | unseen ROC 0.3769 PR 0.0349 | valAUC 0.8928 | tau+ 0.500
[OUTPOST-v4] epoch 12: test-all ROC 0.6159 PR 0.1433 | unseen ROC 0.3730 PR 0.0347 | valAUC 0.9063 | tau+ 0.500
[OUTPOST-v4] epoch 13: test-all ROC 0.6197 PR 0.1518 | unseen ROC 0.3707 PR 0.0346 | valAUC 0.9150 | tau+ 0.500
[OUTPOST-v4] epoch 14: test-all ROC 0.6231 PR 0.1595 | unseen ROC 0.3699 PR 0.0345 | valAUC 0.9227 | tau+ 0.500
[OUTPOST-v4] epoch 15: test-all ROC 0.6260 PR 0.1633 | unseen ROC 0.3718 PR 0.0346 | valAUC 0.9271 | tau+ 0.500
[OUTPOST-v4] epoch 16: test-all ROC 0.6272 PR 0.1643 | unseen ROC 0.3729 PR 0.0347 | valAUC 0.9295 | tau+ 0.500
[OUTPOST-v4] epoch 17: test-all ROC 0.6279 PR 0.1656 | unseen ROC 0.3727 PR 0.0347 | valAUC 0.9319 | tau+ 0.500
[OUTPOST-v4] epoch 18: test-all ROC 0.6295 PR 0.1694 | unseen ROC 0.3730 PR 0.0347 | valAUC 0.9353 | tau+ 0.500
[OUTPOST-v4] epoch 19: test-all ROC 0.6310 PR 0.1735 | unseen ROC 0.3738 PR 0.0348 | valAUC 0.9391 | tau+ 0.500
[OUTPOST-v4] epoch 20: test-all ROC 0.6321 PR 0.1752 | unseen ROC 0.3748 PR 0.0348 | valAUC 0.9406 | tau+ 0.500
[OUTPOST-v4] epoch 21: test-all ROC 0.6329 PR 0.1754 | unseen ROC 0.3763 PR 0.0349 | valAUC 0.9401 | tau+ 0.500
[OUTPOST-v4] epoch 22: test-all ROC 0.6330 PR 0.1741 | unseen ROC 0.3774 PR 0.0350 | valAUC 0.9391 | tau+ 0.500
[OUTPOST-v4] epoch 23: test-all ROC 0.6332 PR 0.1734 | unseen ROC 0.3785 PR 0.0350 | valAUC 0.9382 | tau+ 0.500
[OUTPOST-v4] epoch 24: test-all ROC 0.6329 PR 0.1725 | unseen ROC 0.3785 PR 0.0350 | valAUC 0.9391 | tau+ 0.500
[OUTPOST-v4] epoch 25: test-all ROC 0.6329 PR 0.1723 | unseen ROC 0.3786 PR 0.0350 | valAUC 0.9396 | tau+ 0.500
[OUTPOST-v4] epoch 26: test-all ROC 0.6324 PR 0.1706 | unseen ROC 0.3789 PR 0.0350 | valAUC 0.9372 | tau+ 0.500
[OUTPOST-v4] epoch 27: test-all ROC 0.6318 PR 0.1685 | unseen ROC 0.3791 PR 0.0351 | valAUC 0.9353 | tau+ 0.500
[OUTPOST-v4] epoch 28: test-all ROC 0.6313 PR 0.1666 | unseen ROC 0.3796 PR 0.0351 | valAUC 0.9343 | tau+ 0.500
[OUTPOST-v4] epoch 29: test-all ROC 0.6313 PR 0.1662 | unseen ROC 0.3799 PR 0.0351 | valAUC 0.9338 | tau+ 0.500
[OUTPOST-v4] epoch 30: test-all ROC 0.6302 PR 0.1654 | unseen ROC 0.3779 PR 0.0350 | valAUC 0.9329 | tau+ 0.500
[OUTPOST-v4] epoch 31: test-all ROC 0.6303 PR 0.1653 | unseen ROC 0.3780 PR 0.0350 | valAUC 0.9329 | tau+ 0.500
[OUTPOST-v4] epoch 32: test-all ROC 0.6304 PR 0.1659 | unseen ROC 0.3778 PR 0.0350 | valAUC 0.9338 | tau+ 0.500
[OUTPOST-v4] epoch 33: test-all ROC 0.6308 PR 0.1672 | unseen ROC 0.3776 PR 0.0350 | valAUC 0.9348 | tau+ 0.500
[OUTPOST-v4] epoch 34: test-all ROC 0.6312 PR 0.1688 | unseen ROC 0.3774 PR 0.0350 | valAUC 0.9357 | tau+ 0.500
[OUTPOST-v4] epoch 35: test-all ROC 0.6319 PR 0.1713 | unseen ROC 0.3770 PR 0.0349 | valAUC 0.9396 | tau+ 0.500
[OUTPOST-v4] epoch 36: test-all ROC 0.6329 PR 0.1751 | unseen ROC 0.3765 PR 0.0349 | valAUC 0.9430 | tau+ 0.500
[OUTPOST-v4] epoch 37: test-all ROC 0.6341 PR 0.1803 | unseen ROC 0.3760 PR 0.0349 | valAUC 0.9469 | tau+ 0.500
[OUTPOST-v4] epoch 38: test-all ROC 0.6353 PR 0.1858 | unseen ROC 0.3754 PR 0.0348 | valAUC 0.9502 | tau+ 0.500
[OUTPOST-v4] epoch 39: test-all ROC 0.6364 PR 0.1916 | unseen ROC 0.3747 PR 0.0348 | valAUC 0.9536 | tau+ 0.500
[OUTPOST-v4] epoch 40: test-all ROC 0.6372 PR 0.1975 | unseen ROC 0.3739 PR 0.0348 | valAUC 0.9575 | tau+ 0.500
[OUTPOST-v4] epoch 41: test-all ROC 0.6381 PR 0.2047 | unseen ROC 0.3733 PR 0.0347 | valAUC 0.9614 | tau+ 0.500
[OUTPOST-v4] epoch 42: test-all ROC 0.6391 PR 0.2130 | unseen ROC 0.3728 PR 0.0347 | valAUC 0.9676 | tau+ 0.500
[OUTPOST-v4] epoch 43: test-all ROC 0.6401 PR 0.2238 | unseen ROC 0.3725 PR 0.0347 | valAUC 0.9686 | tau+ 0.500
[OUTPOST-v4] epoch 44: test-all ROC 0.6409 PR 0.2349 | unseen ROC 0.3719 PR 0.0346 | valAUC 0.9700 | tau+ 0.500
[OUTPOST-v4] epoch 45: test-all ROC 0.6416 PR 0.2471 | unseen ROC 0.3713 PR 0.0346 | valAUC 0.9715 | tau+ 0.500
[OUTPOST-v4] epoch 46: test-all ROC 0.6425 PR 0.2626 | unseen ROC 0.3710 PR 0.0346 | valAUC 0.9744 | tau+ 0.500
[OUTPOST-v4] epoch 47: test-all ROC 0.6436 PR 0.2785 | unseen ROC 0.3711 PR 0.0346 | valAUC 0.9787 | tau+ 0.500
[OUTPOST-v4] epoch 48: test-all ROC 0.6449 PR 0.2993 | unseen ROC 0.3709 PR 0.0346 | valAUC 0.9802 | tau+ 0.500
[OUTPOST-v4] epoch 49: test-all ROC 0.6464 PR 0.3257 | unseen ROC 0.3710 PR 0.0346 | valAUC 0.9826 | tau+ 0.500
[OUTPOST-v4] epoch 50: test-all ROC 0.6478 PR 0.3561 | unseen ROC 0.3710 PR 0.0346 | valAUC 0.9841 | tau+ 0.500
[OUTPOST-v4] epoch 51: test-all ROC 0.6492 PR 0.3825 | unseen ROC 0.3714 PR 0.0346 | valAUC 0.9850 | tau+ 0.500
[OUTPOST-v4] epoch 52: test-all ROC 0.6504 PR 0.4054 | unseen ROC 0.3713 PR 0.0346 | valAUC 0.9870 | tau+ 0.500
[OUTPOST-v4] epoch 53: test-all ROC 0.6513 PR 0.4231 | unseen ROC 0.3711 PR 0.0346 | valAUC 0.9889 | tau+ 0.500
[OUTPOST-v4] epoch 54: test-all ROC 0.6523 PR 0.4359 | unseen ROC 0.3714 PR 0.0347 | valAUC 0.9903 | tau+ 0.517
[OUTPOST-v4] epoch 55: test-all ROC 0.6530 PR 0.4464 | unseen ROC 0.3713 PR 0.0354 | valAUC 0.9923 | tau+ 0.538
[OUTPOST-v4] epoch 56: test-all ROC 0.6536 PR 0.4548 | unseen ROC 0.3711 PR 0.0361 | valAUC 0.9928 | tau+ 0.556
[OUTPOST-v4] epoch 57: test-all ROC 0.6543 PR 0.4597 | unseen ROC 0.3715 PR 0.0361 | valAUC 0.9932 | tau+ 0.565
[OUTPOST-v4] epoch 58: test-all ROC 0.6548 PR 0.4630 | unseen ROC 0.3720 PR 0.0361 | valAUC 0.9937 | tau+ 0.566
[OUTPOST-v4] epoch 59: test-all ROC 0.6556 PR 0.4692 | unseen ROC 0.3724 PR 0.0377 | valAUC 0.9942 | tau+ 0.577
[OUTPOST-v4] epoch 60: test-all ROC 0.6564 PR 0.4731 | unseen ROC 0.3732 PR 0.0377 | valAUC 0.9952 | tau+ 0.577
[OUTPOST-v4] epoch 61: test-all ROC 0.6574 PR 0.4789 | unseen ROC 0.3742 PR 0.0378 | valAUC 0.9961 | tau+ 0.586
[OUTPOST-v4] epoch 62: test-all ROC 0.6585 PR 0.4853 | unseen ROC 0.3750 PR 0.0378 | valAUC 0.9971 | tau+ 0.610
[OUTPOST-v4] epoch 63: test-all ROC 0.6596 PR 0.4891 | unseen ROC 0.3760 PR 0.0364 | valAUC 0.9976 | tau+ 0.632
[OUTPOST-v4] epoch 64: test-all ROC 0.6605 PR 0.4914 | unseen ROC 0.3772 PR 0.0364 | valAUC 0.9986 | tau+ 0.616
[OUTPOST-v4] epoch 65: test-all ROC 0.6614 PR 0.4926 | unseen ROC 0.3786 PR 0.0365 | valAUC 0.9986 | tau+ 0.571
[OUTPOST-v4] epoch 66: test-all ROC 0.6624 PR 0.4942 | unseen ROC 0.3802 PR 0.0381 | valAUC 0.9986 | tau+ 0.521
[OUTPOST-v4] epoch 67: test-all ROC 0.6639 PR 0.4965 | unseen ROC 0.3824 PR 0.0367 | valAUC 0.9990 | tau+ 0.530
[OUTPOST-v4] epoch 68: test-all ROC 0.6661 PR 0.4984 | unseen ROC 0.3857 PR 0.0369 | valAUC 0.9995 | tau+ 0.563
[OUTPOST-v4] epoch 69: test-all ROC 0.6679 PR 0.4995 | unseen ROC 0.3889 PR 0.0386 | valAUC 0.9995 | tau+ 0.507
[OUTPOST-v4] epoch 70: test-all ROC 0.6706 PR 0.5007 | unseen ROC 0.3937 PR 0.0389 | valAUC 0.9995 | tau+ 0.500
[OUTPOST-v4] epoch 71: test-all ROC 0.6738 PR 0.5018 | unseen ROC 0.3993 PR 0.0392 | valAUC 0.9995 | tau+ 0.500
[OUTPOST-v4] epoch 72: test-all ROC 0.6779 PR 0.5031 | unseen ROC 0.4066 PR 0.0397 | valAUC 0.9995 | tau+ 0.500
[OUTPOST-v4] epoch 73: test-all ROC 0.6811 PR 0.5039 | unseen ROC 0.4125 PR 0.0400 | valAUC 0.9995 | tau+ 0.500
[OUTPOST-v4] epoch 74: test-all ROC 0.6851 PR 0.5052 | unseen ROC 0.4197 PR 0.0405 | valAUC 0.9995 | tau+ 0.500
[OUTPOST-v4] epoch 75: test-all ROC 0.6899 PR 0.5070 | unseen ROC 0.4282 PR 0.0410 | valAUC 0.9995 | tau+ 0.500
[OUTPOST-v4] epoch 76: test-all ROC 0.6936 PR 0.5082 | unseen ROC 0.4350 PR 0.0415 | valAUC 0.9995 | tau+ 0.500
[OUTPOST-v4] epoch 77: test-all ROC 0.6972 PR 0.5094 | unseen ROC 0.4417 PR 0.0419 | valAUC 0.9995 | tau+ 0.500
[OUTPOST-v4] epoch 78: test-all ROC 0.6991 PR 0.5095 | unseen ROC 0.4451 PR 0.0422 | valAUC 0.9995 | tau+ 0.500
[OUTPOST-v4] epoch 79: test-all ROC 0.7028 PR 0.5109 | unseen ROC 0.4518 PR 0.0426 | valAUC 0.9995 | tau+ 0.500
[OUTPOST-v4] epoch 80: test-all ROC 0.7068 PR 0.5125 | unseen ROC 0.4592 PR 0.0432 | valAUC 0.9995 | tau+ 0.500
[OUTPOST-v4] epoch 81: test-all ROC 0.7105 PR 0.5137 | unseen ROC 0.4658 PR 0.0437 | valAUC 0.9995 | tau+ 0.500
[OUTPOST-v4] epoch 82: test-all ROC 0.7129 PR 0.5138 | unseen ROC 0.4704 PR 0.0440 | valAUC 0.9995 | tau+ 0.500
[OUTPOST-v4] epoch 83: test-all ROC 0.7167 PR 0.5151 | unseen ROC 0.4774 PR 0.0446 | valAUC 0.9995 | tau+ 0.500
[OUTPOST-v4] epoch 84: test-all ROC 0.7190 PR 0.5152 | unseen ROC 0.4817 PR 0.0449 | valAUC 0.9995 | tau+ 0.500
[OUTPOST-v4] epoch 85: test-all ROC 0.7196 PR 0.5139 | unseen ROC 0.4830 PR 0.0449 | valAUC 0.9995 | tau+ 0.500
[OUTPOST-v4] epoch 86: test-all ROC 0.7206 PR 0.5131 | unseen ROC 0.4851 PR 0.0451 | valAUC 0.9995 | tau+ 0.500
[OUTPOST-v4] epoch 87: test-all ROC 0.7252 PR 0.5156 | unseen ROC 0.4934 PR 0.0458 | valAUC 0.9995 | tau+ 0.500
[OUTPOST-v4] epoch 88: test-all ROC 0.7338 PR 0.5203 | unseen ROC 0.5090 PR 0.0455 | valAUC 0.9995 | tau+ 0.500
[OUTPOST-v4] epoch 89: test-all ROC 0.7356 PR 0.5206 | unseen ROC 0.5124 PR 0.0458 | valAUC 0.9995 | tau+ 0.500
[OUTPOST-v4] epoch 90: test-all ROC 0.7327 PR 0.5184 | unseen ROC 0.5070 PR 0.0450 | valAUC 1.0000 | tau+ 0.500
[OUTPOST-v4] epoch 91: test-all ROC 0.7300 PR 0.5158 | unseen ROC 0.5023 PR 0.0465 | valAUC 1.0000 | tau+ 0.500
[OUTPOST-v4] epoch 92: test-all ROC 0.7304 PR 0.5155 | unseen ROC 0.5031 PR 0.0466 | valAUC 1.0000 | tau+ 0.500
[OUTPOST-v4] epoch 93: test-all ROC 0.7322 PR 0.5162 | unseen ROC 0.5063 PR 0.0469 | valAUC 1.0000 | tau+ 0.500
[OUTPOST-v4] epoch 94: test-all ROC 0.7354 PR 0.5182 | unseen ROC 0.5122 PR 0.0454 | valAUC 1.0000 | tau+ 0.500
[OUTPOST-v4] epoch 95: test-all ROC 0.7390 PR 0.5200 | unseen ROC 0.5190 PR 0.0462 | valAUC 1.0000 | tau+ 0.500
[OUTPOST-v4] epoch 96: test-all ROC 0.7371 PR 0.5187 | unseen ROC 0.5154 PR 0.0457 | valAUC 1.0000 | tau+ 0.500
[OUTPOST-v4] epoch 97: test-all ROC 0.7337 PR 0.5162 | unseen ROC 0.5091 PR 0.0456 | valAUC 1.0000 | tau+ 0.500
[OUTPOST-v4] epoch 98: test-all ROC 0.7326 PR 0.5145 | unseen ROC 0.5073 PR 0.0469 | valAUC 1.0000 | tau+ 0.500
[OUTPOST-v4] epoch 99: test-all ROC 0.7347 PR 0.5160 | unseen ROC 0.5111 PR 0.0458 | valAUC 1.0000 | tau+ 0.500
[OUTPOST-v4] epoch 100: test-all ROC 0.7386 PR 0.5182 | unseen ROC 0.5183 PR 0.0459 | valAUC 1.0000 | tau+ 0.500
[OUTPOST-v4] epoch 101: test-all ROC 0.7410 PR 0.5192 | unseen ROC 0.5229 PR 0.0464 | valAUC 1.0000 | tau+ 0.500
[OUTPOST-v4] epoch 102: test-all ROC 0.7397 PR 0.5184 | unseen ROC 0.5205 PR 0.0461 | valAUC 1.0000 | tau+ 0.500
[OUTPOST-v4] epoch 103: test-all ROC 0.7362 PR 0.5159 | unseen ROC 0.5140 PR 0.0460 | valAUC 1.0000 | tau+ 0.500
[OUTPOST-v4] epoch 104: test-all ROC 0.7341 PR 0.5135 | unseen ROC 0.5103 PR 0.0472 | valAUC 1.0000 | tau+ 0.500
[OUTPOST-v4] epoch 105: test-all ROC 0.7325 PR 0.5116 | unseen ROC 0.5073 PR 0.0469 | valAUC 1.0000 | tau+ 0.500
[OUTPOST-v4] epoch 106: test-all ROC 0.7330 PR 0.5117 | unseen ROC 0.5083 PR 0.0470 | valAUC 1.0000 | tau+ 0.500
[OUTPOST-v4] epoch 107: test-all ROC 0.7353 PR 0.5132 | unseen ROC 0.5124 PR 0.0474 | valAUC 1.0000 | tau+ 0.500
[OUTPOST-v4] epoch 108: test-all ROC 0.7373 PR 0.5143 | unseen ROC 0.5162 PR 0.0477 | valAUC 1.0000 | tau+ 0.500
[OUTPOST-v4] epoch 109: test-all ROC 0.7402 PR 0.5162 | unseen ROC 0.5214 PR 0.0482 | valAUC 1.0000 | tau+ 0.500
[OUTPOST-v4] epoch 110: test-all ROC 0.7425 PR 0.5173 | unseen ROC 0.5257 PR 0.0471 | valAUC 1.0000 | tau+ 0.500
[OUTPOST-v4] epoch 111: test-all ROC 0.7431 PR 0.5171 | unseen ROC 0.5268 PR 0.0487 | valAUC 1.0000 | tau+ 0.500
[OUTPOST-v4] epoch 112: test-all ROC 0.7432 PR 0.5164 | unseen ROC 0.5270 PR 0.0487 | valAUC 1.0000 | tau+ 0.500
[OUTPOST-v4] epoch 113: test-all ROC 0.7430 PR 0.5152 | unseen ROC 0.5267 PR 0.0487 | valAUC 1.0000 | tau+ 0.500
[OUTPOST-v4] epoch 114: test-all ROC 0.7436 PR 0.5148 | unseen ROC 0.5279 PR 0.0488 | valAUC 1.0000 | tau+ 0.500
[OUTPOST-v4] epoch 115: test-all ROC 0.7447 PR 0.5151 | unseen ROC 0.5298 PR 0.0490 | valAUC 1.0000 | tau+ 0.500
[OUTPOST-v4] epoch 116: test-all ROC 0.7461 PR 0.5155 | unseen ROC 0.5326 PR 0.0492 | valAUC 1.0000 | tau+ 0.500
[OUTPOST-v4] epoch 117: test-all ROC 0.7475 PR 0.5159 | unseen ROC 0.5351 PR 0.0495 | valAUC 1.0000 | tau+ 0.500
[OUTPOST-v4] epoch 118: test-all ROC 0.7515 PR 0.5189 | unseen ROC 0.5423 PR 0.0487 | valAUC 1.0000 | tau+ 0.500
[OUTPOST-v4] epoch 119: test-all ROC 0.7568 PR 0.5230 | unseen ROC 0.5521 PR 0.0492 | valAUC 1.0000 | tau+ 0.500
[OUTPOST-v4] epoch 120: test-all ROC 0.7603 PR 0.5246 | unseen ROC 0.5588 PR 0.0502 | valAUC 1.0000 | tau+ 0.509
[OUTPOST-v4] epoch 121: test-all ROC 0.7559 PR 0.5216 | unseen ROC 0.5504 PR 0.0495 | valAUC 1.0000 | tau+ 0.500
[OUTPOST-v4] epoch 122: test-all ROC 0.7511 PR 0.5166 | unseen ROC 0.5418 PR 0.0502 | valAUC 1.0000 | tau+ 0.500
[OUTPOST-v4] epoch 123: test-all ROC 0.7466 PR 0.5115 | unseen ROC 0.5339 PR 0.0494 | valAUC 1.0000 | tau+ 0.500
[OUTPOST-v4] epoch 124: test-all ROC 0.7470 PR 0.5117 | unseen ROC 0.5346 PR 0.0495 | valAUC 1.0000 | tau+ 0.500
[OUTPOST-v4] epoch 125: test-all ROC 0.7505 PR 0.5154 | unseen ROC 0.5408 PR 0.0501 | valAUC 1.0000 | tau+ 0.500
[OUTPOST-v4] epoch 126: test-all ROC 0.7548 PR 0.5204 | unseen ROC 0.5486 PR 0.0493 | valAUC 1.0000 | tau+ 0.500
[OUTPOST-v4] epoch 127: test-all ROC 0.7597 PR 0.5233 | unseen ROC 0.5579 PR 0.0498 | valAUC 1.0000 | tau+ 0.509
[OUTPOST-v4] epoch 128: test-all ROC 0.7567 PR 0.5219 | unseen ROC 0.5522 PR 0.0492 | valAUC 1.0000 | tau+ 0.500
[OUTPOST-v4] epoch 129: test-all ROC 0.7522 PR 0.5190 | unseen ROC 0.5438 PR 0.0488 | valAUC 1.0000 | tau+ 0.500
[OUTPOST-v4] epoch 130: test-all ROC 0.7485 PR 0.5160 | unseen ROC 0.5370 PR 0.0481 | valAUC 1.0000 | tau+ 0.500
[OUTPOST-v4] epoch 131: test-all ROC 0.7470 PR 0.5144 | unseen ROC 0.5341 PR 0.0494 | valAUC 1.0000 | tau+ 0.500
[OUTPOST-v4] epoch 132: test-all ROC 0.7469 PR 0.5142 | unseen ROC 0.5340 PR 0.0494 | valAUC 1.0000 | tau+ 0.500
[OUTPOST-v4] epoch 133: test-all ROC 0.7470 PR 0.5142 | unseen ROC 0.5342 PR 0.0494 | valAUC 1.0000 | tau+ 0.500
[OUTPOST-v4] epoch 134: test-all ROC 0.7484 PR 0.5153 | unseen ROC 0.5367 PR 0.0481 | valAUC 1.0000 | tau+ 0.500
[OUTPOST-v4] epoch 135: test-all ROC 0.7505 PR 0.5171 | unseen ROC 0.5406 PR 0.0485 | valAUC 1.0000 | tau+ 0.500
[OUTPOST-v4] epoch 136: test-all ROC 0.7533 PR 0.5193 | unseen ROC 0.5456 PR 0.0490 | valAUC 1.0000 | tau+ 0.500
[OUTPOST-v4] epoch 137: test-all ROC 0.7547 PR 0.5200 | unseen ROC 0.5482 PR 0.0493 | valAUC 1.0000 | tau+ 0.500
[OUTPOST-v4] epoch 138: test-all ROC 0.7558 PR 0.5207 | unseen ROC 0.5502 PR 0.0495 | valAUC 1.0000 | tau+ 0.500
[OUTPOST-v4] epoch 139: test-all ROC 0.7564 PR 0.5209 | unseen ROC 0.5514 PR 0.0496 | valAUC 1.0000 | tau+ 0.500
[OUTPOST-v4] epoch 140: test-all ROC 0.7561 PR 0.5202 | unseen ROC 0.5508 PR 0.0496 | valAUC 1.0000 | tau+ 0.500
[OUTPOST-v4] epoch 141: test-all ROC 0.7553 PR 0.5188 | unseen ROC 0.5495 PR 0.0494 | valAUC 1.0000 | tau+ 0.500
[OUTPOST-v4] epoch 142: test-all ROC 0.7553 PR 0.5179 | unseen ROC 0.5495 PR 0.0495 | valAUC 1.0000 | tau+ 0.500
[OUTPOST-v4] epoch 143: test-all ROC 0.7570 PR 0.5186 | unseen ROC 0.5526 PR 0.0498 | valAUC 1.0000 | tau+ 0.500
[OUTPOST-v4] epoch 144: test-all ROC 0.7602 PR 0.5207 | unseen ROC 0.5585 PR 0.0504 | valAUC 1.0000 | tau+ 0.500
[OUTPOST-v4] epoch 145: test-all ROC 0.7633 PR 0.5228 | unseen ROC 0.5641 PR 0.0505 | valAUC 1.0000 | tau+ 0.500
[OUTPOST-v4] epoch 146: test-all ROC 0.7657 PR 0.5243 | unseen ROC 0.5686 PR 0.0510 | valAUC 1.0000 | tau+ 0.500
[OUTPOST-v4] epoch 147: test-all ROC 0.7672 PR 0.5250 | unseen ROC 0.5715 PR 0.0513 | valAUC 1.0000 | tau+ 0.500
[OUTPOST-v4] epoch 148: test-all ROC 0.7670 PR 0.5242 | unseen ROC 0.5710 PR 0.0513 | valAUC 1.0000 | tau+ 0.500
[OUTPOST-v4] epoch 149: test-all ROC 0.7662 PR 0.5228 | unseen ROC 0.5697 PR 0.0516 | valAUC 1.0000 | tau+ 0.500
[OUTPOST-v4] epoch 150: test-all ROC 0.7653 PR 0.5211 | unseen ROC 0.5680 PR 0.0515 | valAUC 1.0000 | tau+ 0.500
[OUTPOST-v4] epoch 151: test-all ROC 0.7651 PR 0.5200 | unseen ROC 0.5677 PR 0.0514 | valAUC 1.0000 | tau+ 0.500
[OUTPOST-v4] epoch 152: test-all ROC 0.7659 PR 0.5202 | unseen ROC 0.5692 PR 0.0516 | valAUC 1.0000 | tau+ 0.500
[OUTPOST-v4] epoch 153: test-all ROC 0.7682 PR 0.5221 | unseen ROC 0.5734 PR 0.0521 | valAUC 1.0000 | tau+ 0.500
[OUTPOST-v4] epoch 154: test-all ROC 0.7709 PR 0.5243 | unseen ROC 0.5783 PR 0.0521 | valAUC 1.0000 | tau+ 0.500
[OUTPOST-v4] epoch 155: test-all ROC 0.7732 PR 0.5265 | unseen ROC 0.5826 PR 0.0526 | valAUC 1.0000 | tau+ 0.500
[OUTPOST-v4] epoch 156: test-all ROC 0.7746 PR 0.5276 | unseen ROC 0.5852 PR 0.0529 | valAUC 1.0000 | tau+ 0.500
[OUTPOST-v4] epoch 157: test-all ROC 0.7737 PR 0.5269 | unseen ROC 0.5835 PR 0.0527 | valAUC 1.0000 | tau+ 0.500
[OUTPOST-v4] epoch 158: test-all ROC 0.7719 PR 0.5249 | unseen ROC 0.5802 PR 0.0529 | valAUC 1.0000 | tau+ 0.500
[OUTPOST-v4] epoch 159: test-all ROC 0.7714 PR 0.5241 | unseen ROC 0.5791 PR 0.0528 | valAUC 1.0000 | tau+ 0.500
[OUTPOST-v4] epoch 160: test-all ROC 0.7726 PR 0.5250 | unseen ROC 0.5814 PR 0.0525 | valAUC 1.0000 | tau+ 0.500
[OUTPOST-v4] epoch 161: test-all ROC 0.7754 PR 0.5276 | unseen ROC 0.5866 PR 0.0531 | valAUC 1.0000 | tau+ 0.500
[OUTPOST-v4] epoch 162: test-all ROC 0.7773 PR 0.5289 | unseen ROC 0.5902 PR 0.0536 | valAUC 1.0000 | tau+ 0.500
[OUTPOST-v4] epoch 163: test-all ROC 0.7779 PR 0.5292 | unseen ROC 0.5913 PR 0.0537 | valAUC 1.0000 | tau+ 0.500
[OUTPOST-v4] epoch 164: test-all ROC 0.7776 PR 0.5288 | unseen ROC 0.5906 PR 0.0536 | valAUC 1.0000 | tau+ 0.500
[OUTPOST-v4] epoch 165: test-all ROC 0.7765 PR 0.5276 | unseen ROC 0.5886 PR 0.0534 | valAUC 1.0000 | tau+ 0.500
[OUTPOST-v4] epoch 166: test-all ROC 0.7752 PR 0.5261 | unseen ROC 0.5861 PR 0.0531 | valAUC 1.0000 | tau+ 0.500
[OUTPOST-v4] epoch 167: test-all ROC 0.7751 PR 0.5258 | unseen ROC 0.5860 PR 0.0531 | valAUC 1.0000 | tau+ 0.500
[OUTPOST-v4] epoch 168: test-all ROC 0.7748 PR 0.5257 | unseen ROC 0.5855 PR 0.0530 | valAUC 1.0000 | tau+ 0.500
[OUTPOST-v4] epoch 169: test-all ROC 0.7752 PR 0.5263 | unseen ROC 0.5862 PR 0.0531 | valAUC 1.0000 | tau+ 0.500
[OUTPOST-v4] epoch 170: test-all ROC 0.7749 PR 0.5264 | unseen ROC 0.5857 PR 0.0530 | valAUC 1.0000 | tau+ 0.500
[OUTPOST-v4] epoch 171: test-all ROC 0.7735 PR 0.5257 | unseen ROC 0.5832 PR 0.0527 | valAUC 1.0000 | tau+ 0.500
[OUTPOST-v4] epoch 172: test-all ROC 0.7718 PR 0.5242 | unseen ROC 0.5799 PR 0.0524 | valAUC 1.0000 | tau+ 0.500
[OUTPOST-v4] epoch 173: test-all ROC 0.7708 PR 0.5230 | unseen ROC 0.5780 PR 0.0522 | valAUC 1.0000 | tau+ 0.500
[OUTPOST-v4] epoch 174: test-all ROC 0.7684 PR 0.5210 | unseen ROC 0.5737 PR 0.0522 | valAUC 1.0000 | tau+ 0.500
[OUTPOST-v4] epoch 175: test-all ROC 0.7657 PR 0.5190 | unseen ROC 0.5687 PR 0.0531 | valAUC 1.0000 | tau+ 0.500
[OUTPOST-v4] epoch 176: test-all ROC 0.7641 PR 0.5180 | unseen ROC 0.5659 PR 0.0528 | valAUC 1.0000 | tau+ 0.500
[OUTPOST-v4] epoch 177: test-all ROC 0.7641 PR 0.5182 | unseen ROC 0.5659 PR 0.0528 | valAUC 1.0000 | tau+ 0.500
[OUTPOST-v4] epoch 178: test-all ROC 0.7646 PR 0.5187 | unseen ROC 0.5666 PR 0.0514 | valAUC 1.0000 | tau+ 0.500
[OUTPOST-v4] epoch 179: test-all ROC 0.7673 PR 0.5209 | unseen ROC 0.5717 PR 0.0520 | valAUC 1.0000 | tau+ 0.500
[OUTPOST-v4] epoch 180: test-all ROC 0.7691 PR 0.5224 | unseen ROC 0.5750 PR 0.0523 | valAUC 1.0000 | tau+ 0.500
[OUTPOST-v4] epoch 181: test-all ROC 0.7712 PR 0.5237 | unseen ROC 0.5788 PR 0.0523 | valAUC 1.0000 | tau+ 0.500
[OUTPOST-v4] epoch 182: test-all ROC 0.7726 PR 0.5245 | unseen ROC 0.5813 PR 0.0526 | valAUC 1.0000 | tau+ 0.500
[OUTPOST-v4] epoch 183: test-all ROC 0.7730 PR 0.5245 | unseen ROC 0.5822 PR 0.0527 | valAUC 1.0000 | tau+ 0.500
[OUTPOST-v4] epoch 184: test-all ROC 0.7732 PR 0.5242 | unseen ROC 0.5825 PR 0.0532 | valAUC 1.0000 | tau+ 0.500
[OUTPOST-v4] epoch 185: test-all ROC 0.7725 PR 0.5235 | unseen ROC 0.5813 PR 0.0531 | valAUC 1.0000 | tau+ 0.500
[OUTPOST-v4] epoch 186: test-all ROC 0.7722 PR 0.5231 | unseen ROC 0.5808 PR 0.0531 | valAUC 1.0000 | tau+ 0.500
[OUTPOST-v4] epoch 187: test-all ROC 0.7733 PR 0.5236 | unseen ROC 0.5827 PR 0.0533 | valAUC 1.0000 | tau+ 0.500
[OUTPOST-v4] epoch 188: test-all ROC 0.7743 PR 0.5240 | unseen ROC 0.5847 PR 0.0535 | valAUC 1.0000 | tau+ 0.500
[OUTPOST-v4] epoch 189: test-all ROC 0.7765 PR 0.5249 | unseen ROC 0.5886 PR 0.0535 | valAUC 1.0000 | tau+ 0.500
[OUTPOST-v4] epoch 190: test-all ROC 0.7800 PR 0.5271 | unseen ROC 0.5951 PR 0.0543 | valAUC 1.0000 | tau+ 0.500
[OUTPOST-v4] epoch 191: test-all ROC 0.7819 PR 0.5282 | unseen ROC 0.5989 PR 0.0548 | valAUC 1.0000 | tau+ 0.500
[OUTPOST-v4] epoch 192: test-all ROC 0.7821 PR 0.5280 | unseen ROC 0.5992 PR 0.0548 | valAUC 1.0000 | tau+ 0.500
[OUTPOST-v4] epoch 193: test-all ROC 0.7816 PR 0.5276 | unseen ROC 0.5983 PR 0.0547 | valAUC 1.0000 | tau+ 0.500
[OUTPOST-v4] epoch 194: test-all ROC 0.7794 PR 0.5259 | unseen ROC 0.5941 PR 0.0547 | valAUC 1.0000 | tau+ 0.500
[OUTPOST-v4] epoch 195: test-all ROC 0.7782 PR 0.5251 | unseen ROC 0.5919 PR 0.0545 | valAUC 1.0000 | tau+ 0.500
[OUTPOST-v4] epoch 196: test-all ROC 0.7793 PR 0.5259 | unseen ROC 0.5939 PR 0.0547 | valAUC 1.0000 | tau+ 0.500
[OUTPOST-v4] epoch 197: test-all ROC 0.7809 PR 0.5275 | unseen ROC 0.5969 PR 0.0551 | valAUC 1.0000 | tau+ 0.500
[OUTPOST-v4] epoch 198: test-all ROC 0.7825 PR 0.5288 | unseen ROC 0.5997 PR 0.0550 | valAUC 1.0000 | tau+ 0.500
[OUTPOST-v4] epoch 199: test-all ROC 0.7833 PR 0.5296 | unseen ROC 0.6012 PR 0.0552 | valAUC 1.0000 | tau+ 0.500
  rotation 0: ROC 0.7833 PR 0.5296
Normal classes: [1, 2, 3, 4, 5, 6] in photo
Building multi-layer GraphSage
[OUTPOST-v4] epoch 0: test-all ROC 0.5981 PR 0.1073 | unseen ROC 0.6950 PR 0.0910 | valAUC 0.4324 | tau+ 0.500
[OUTPOST-v4] epoch 1: test-all ROC 0.6193 PR 0.1172 | unseen ROC 0.7535 PR 0.1113 | valAUC 0.4077 | tau+ 0.500
[OUTPOST-v4] epoch 2: test-all ROC 0.6285 PR 0.1218 | unseen ROC 0.7832 PR 0.1216 | valAUC 0.3986 | tau+ 0.500
[OUTPOST-v4] epoch 3: test-all ROC 0.6328 PR 0.1242 | unseen ROC 0.7938 PR 0.1265 | valAUC 0.3908 | tau+ 0.500
[OUTPOST-v4] epoch 4: test-all ROC 0.6340 PR 0.1252 | unseen ROC 0.7973 PR 0.1284 | valAUC 0.3903 | tau+ 0.500
[OUTPOST-v4] epoch 5: test-all ROC 0.6346 PR 0.1252 | unseen ROC 0.7958 PR 0.1281 | valAUC 0.3942 | tau+ 0.500
[OUTPOST-v4] epoch 6: test-all ROC 0.6351 PR 0.1250 | unseen ROC 0.7928 PR 0.1269 | valAUC 0.3995 | tau+ 0.500
[OUTPOST-v4] epoch 7: test-all ROC 0.6346 PR 0.1242 | unseen ROC 0.7883 PR 0.1250 | valAUC 0.4053 | tau+ 0.500
[OUTPOST-v4] epoch 8: test-all ROC 0.6334 PR 0.1229 | unseen ROC 0.7810 PR 0.1218 | valAUC 0.4130 | tau+ 0.500
[OUTPOST-v4] epoch 9: test-all ROC 0.6313 PR 0.1208 | unseen ROC 0.7692 PR 0.1168 | valAUC 0.4198 | tau+ 0.500
[OUTPOST-v4] epoch 10: test-all ROC 0.6141 PR 0.1125 | unseen ROC 0.7238 PR 0.1001 | valAUC 0.4362 | tau+ 0.500
[OUTPOST-v4] epoch 11: test-all ROC 0.5608 PR 0.0920 | unseen ROC 0.5825 PR 0.0593 | valAUC 0.5019 | tau+ 0.500
[OUTPOST-v4] epoch 12: test-all ROC 0.5246 PR 0.0853 | unseen ROC 0.4492 PR 0.0439 | valAUC 0.6140 | tau+ 0.500
[OUTPOST-v4] epoch 13: test-all ROC 0.5155 PR 0.0867 | unseen ROC 0.3967 PR 0.0403 | valAUC 0.6836 | tau+ 0.500
[OUTPOST-v4] epoch 14: test-all ROC 0.4940 PR 0.0866 | unseen ROC 0.3380 PR 0.0370 | valAUC 0.7121 | tau+ 0.500
[OUTPOST-v4] epoch 15: test-all ROC 0.4514 PR 0.0851 | unseen ROC 0.2525 PR 0.0333 | valAUC 0.7382 | tau+ 0.500
[OUTPOST-v4] epoch 16: test-all ROC 0.4268 PR 0.0872 | unseen ROC 0.2017 PR 0.0316 | valAUC 0.7633 | tau+ 0.500
[OUTPOST-v4] epoch 17: test-all ROC 0.4160 PR 0.0879 | unseen ROC 0.1897 PR 0.0313 | valAUC 0.7531 | tau+ 0.500
[OUTPOST-v4] epoch 18: test-all ROC 0.4170 PR 0.0898 | unseen ROC 0.1902 PR 0.0313 | valAUC 0.7560 | tau+ 0.500
[OUTPOST-v4] epoch 19: test-all ROC 0.4230 PR 0.0960 | unseen ROC 0.1879 PR 0.0312 | valAUC 0.7662 | tau+ 0.500
[OUTPOST-v4] epoch 20: test-all ROC 0.4314 PR 0.1035 | unseen ROC 0.1897 PR 0.0313 | valAUC 0.7836 | tau+ 0.500
[OUTPOST-v4] epoch 21: test-all ROC 0.4343 PR 0.1073 | unseen ROC 0.1922 PR 0.0314 | valAUC 0.7860 | tau+ 0.500
[OUTPOST-v4] epoch 22: test-all ROC 0.4375 PR 0.1113 | unseen ROC 0.1952 PR 0.0315 | valAUC 0.7884 | tau+ 0.500
[OUTPOST-v4] epoch 23: test-all ROC 0.4430 PR 0.1168 | unseen ROC 0.1971 PR 0.0315 | valAUC 0.7952 | tau+ 0.500
[OUTPOST-v4] epoch 24: test-all ROC 0.4566 PR 0.1330 | unseen ROC 0.2000 PR 0.0316 | valAUC 0.8150 | tau+ 0.500
[OUTPOST-v4] epoch 25: test-all ROC 0.4647 PR 0.1405 | unseen ROC 0.2053 PR 0.0318 | valAUC 0.8246 | tau+ 0.500
[OUTPOST-v4] epoch 26: test-all ROC 0.4685 PR 0.1450 | unseen ROC 0.2081 PR 0.0319 | valAUC 0.8300 | tau+ 0.500
[OUTPOST-v4] epoch 27: test-all ROC 0.4804 PR 0.1573 | unseen ROC 0.2194 PR 0.0322 | valAUC 0.8382 | tau+ 0.500
[OUTPOST-v4] epoch 28: test-all ROC 0.4839 PR 0.1612 | unseen ROC 0.2232 PR 0.0323 | valAUC 0.8377 | tau+ 0.500
[OUTPOST-v4] epoch 29: test-all ROC 0.4897 PR 0.1691 | unseen ROC 0.2299 PR 0.0325 | valAUC 0.8372 | tau+ 0.500
[OUTPOST-v4] epoch 30: test-all ROC 0.5056 PR 0.1879 | unseen ROC 0.2507 PR 0.0332 | valAUC 0.8430 | tau+ 0.500
[OUTPOST-v4] epoch 31: test-all ROC 0.5158 PR 0.1971 | unseen ROC 0.2668 PR 0.0338 | valAUC 0.8420 | tau+ 0.500
[OUTPOST-v4] epoch 32: test-all ROC 0.5186 PR 0.2045 | unseen ROC 0.2713 PR 0.0340 | valAUC 0.8420 | tau+ 0.500
[OUTPOST-v4] epoch 33: test-all ROC 0.5250 PR 0.2103 | unseen ROC 0.2793 PR 0.0343 | valAUC 0.8425 | tau+ 0.500
[OUTPOST-v4] epoch 34: test-all ROC 0.5268 PR 0.2188 | unseen ROC 0.2780 PR 0.0343 | valAUC 0.8473 | tau+ 0.500
[OUTPOST-v4] epoch 35: test-all ROC 0.5420 PR 0.2332 | unseen ROC 0.2992 PR 0.0352 | valAUC 0.8541 | tau+ 0.500
[OUTPOST-v4] epoch 36: test-all ROC 0.5598 PR 0.2440 | unseen ROC 0.3266 PR 0.0365 | valAUC 0.8536 | tau+ 0.500
[OUTPOST-v4] epoch 37: test-all ROC 0.5591 PR 0.2468 | unseen ROC 0.3227 PR 0.0363 | valAUC 0.8585 | tau+ 0.500
[OUTPOST-v4] epoch 38: test-all ROC 0.5580 PR 0.2504 | unseen ROC 0.3181 PR 0.0361 | valAUC 0.8662 | tau+ 0.500
[OUTPOST-v4] epoch 39: test-all ROC 0.5657 PR 0.2582 | unseen ROC 0.3282 PR 0.0366 | valAUC 0.8686 | tau+ 0.500
[OUTPOST-v4] epoch 40: test-all ROC 0.5745 PR 0.2671 | unseen ROC 0.3404 PR 0.0372 | valAUC 0.8734 | tau+ 0.500
[OUTPOST-v4] epoch 41: test-all ROC 0.5746 PR 0.2719 | unseen ROC 0.3376 PR 0.0371 | valAUC 0.8792 | tau+ 0.500
[OUTPOST-v4] epoch 42: test-all ROC 0.5908 PR 0.2871 | unseen ROC 0.3622 PR 0.0384 | valAUC 0.8802 | tau+ 0.500
[OUTPOST-v4] epoch 43: test-all ROC 0.5889 PR 0.2917 | unseen ROC 0.3560 PR 0.0381 | valAUC 0.8860 | tau+ 0.500
[OUTPOST-v4] epoch 44: test-all ROC 0.5971 PR 0.3021 | unseen ROC 0.3672 PR 0.0387 | valAUC 0.8894 | tau+ 0.500
[OUTPOST-v4] epoch 45: test-all ROC 0.6041 PR 0.3092 | unseen ROC 0.3774 PR 0.0393 | valAUC 0.8874 | tau+ 0.500
[OUTPOST-v4] epoch 46: test-all ROC 0.6161 PR 0.3172 | unseen ROC 0.3972 PR 0.0405 | valAUC 0.8879 | tau+ 0.500
[OUTPOST-v4] epoch 47: test-all ROC 0.6154 PR 0.3195 | unseen ROC 0.3934 PR 0.0403 | valAUC 0.8923 | tau+ 0.500
[OUTPOST-v4] epoch 48: test-all ROC 0.6184 PR 0.3252 | unseen ROC 0.3960 PR 0.0405 | valAUC 0.8986 | tau+ 0.500
[OUTPOST-v4] epoch 49: test-all ROC 0.6299 PR 0.3359 | unseen ROC 0.4144 PR 0.0417 | valAUC 0.8971 | tau+ 0.500
[OUTPOST-v4] epoch 50: test-all ROC 0.6536 PR 0.3473 | unseen ROC 0.4581 PR 0.0449 | valAUC 0.8860 | tau+ 0.500
[OUTPOST-v4] epoch 51: test-all ROC 0.6553 PR 0.3506 | unseen ROC 0.4594 PR 0.0450 | valAUC 0.8908 | tau+ 0.500
[OUTPOST-v4] epoch 52: test-all ROC 0.6384 PR 0.3478 | unseen ROC 0.4253 PR 0.0425 | valAUC 0.9019 | tau+ 0.500
[OUTPOST-v4] epoch 53: test-all ROC 0.6458 PR 0.3511 | unseen ROC 0.4389 PR 0.0434 | valAUC 0.9005 | tau+ 0.500
[OUTPOST-v4] epoch 54: test-all ROC 0.6581 PR 0.3541 | unseen ROC 0.4625 PR 0.0452 | valAUC 0.8923 | tau+ 0.500
[OUTPOST-v4] epoch 55: test-all ROC 0.6563 PR 0.3546 | unseen ROC 0.4586 PR 0.0449 | valAUC 0.8937 | tau+ 0.500
[OUTPOST-v4] epoch 56: test-all ROC 0.6461 PR 0.3537 | unseen ROC 0.4380 PR 0.0433 | valAUC 0.9043 | tau+ 0.500
[OUTPOST-v4] epoch 57: test-all ROC 0.6436 PR 0.3536 | unseen ROC 0.4323 PR 0.0429 | valAUC 0.9087 | tau+ 0.509
[OUTPOST-v4] epoch 58: test-all ROC 0.6642 PR 0.3590 | unseen ROC 0.4712 PR 0.0459 | valAUC 0.8942 | tau+ 0.500
[OUTPOST-v4] epoch 59: test-all ROC 0.6729 PR 0.3612 | unseen ROC 0.4872 PR 0.0472 | valAUC 0.8913 | tau+ 0.500
[OUTPOST-v4] epoch 60: test-all ROC 0.6685 PR 0.3635 | unseen ROC 0.4764 PR 0.0463 | valAUC 0.8986 | tau+ 0.500
[OUTPOST-v4] epoch 61: test-all ROC 0.6606 PR 0.3649 | unseen ROC 0.4592 PR 0.0449 | valAUC 0.9106 | tau+ 0.554
[OUTPOST-v4] epoch 62: test-all ROC 0.6674 PR 0.3684 | unseen ROC 0.4702 PR 0.0458 | valAUC 0.9101 | tau+ 0.542
[OUTPOST-v4] epoch 63: test-all ROC 0.6912 PR 0.3740 | unseen ROC 0.5139 PR 0.0497 | valAUC 0.8952 | tau+ 0.500
[OUTPOST-v4] epoch 64: test-all ROC 0.6796 PR 0.3771 | unseen ROC 0.4889 PR 0.0473 | valAUC 0.9130 | tau+ 0.507
[OUTPOST-v4] epoch 65: test-all ROC 0.6546 PR 0.3740 | unseen ROC 0.4409 PR 0.0434 | valAUC 0.9353 | tau+ 0.696
[OUTPOST-v4] epoch 66: test-all ROC 0.7001 PR 0.3854 | unseen ROC 0.5236 PR 0.0507 | valAUC 0.9097 | tau+ 0.500
[OUTPOST-v4] epoch 67: test-all ROC 0.7133 PR 0.3890 | unseen ROC 0.5471 PR 0.0533 | valAUC 0.9058 | tau+ 0.500
[OUTPOST-v4] epoch 68: test-all ROC 0.6585 PR 0.3809 | unseen ROC 0.4443 PR 0.0436 | valAUC 0.9411 | tau+ 0.731
[OUTPOST-v4] epoch 69: test-all ROC 0.6588 PR 0.3826 | unseen ROC 0.4439 PR 0.0436 | valAUC 0.9444 | tau+ 0.740
[OUTPOST-v4] epoch 70: test-all ROC 0.7024 PR 0.3953 | unseen ROC 0.5214 PR 0.0504 | valAUC 0.9256 | tau+ 0.500
[OUTPOST-v4] epoch 71: test-all ROC 0.7061 PR 0.3978 | unseen ROC 0.5268 PR 0.0510 | valAUC 0.9295 | tau+ 0.500
[OUTPOST-v4] epoch 72: test-all ROC 0.6920 PR 0.3967 | unseen ROC 0.4998 PR 0.0483 | valAUC 0.9411 | tau+ 0.500
[OUTPOST-v4] epoch 73: test-all ROC 0.6587 PR 0.3872 | unseen ROC 0.4404 PR 0.0433 | valAUC 0.9580 | tau+ 0.702
[OUTPOST-v4] epoch 74: test-all ROC 0.6583 PR 0.3881 | unseen ROC 0.4390 PR 0.0432 | valAUC 0.9614 | tau+ 0.683
[OUTPOST-v4] epoch 75: test-all ROC 0.6911 PR 0.4006 | unseen ROC 0.4950 PR 0.0478 | valAUC 0.9556 | tau+ 0.500
[OUTPOST-v4] epoch 76: test-all ROC 0.7208 PR 0.4094 | unseen ROC 0.5466 PR 0.0533 | valAUC 0.9522 | tau+ 0.500
[OUTPOST-v4] epoch 77: test-all ROC 0.6918 PR 0.4027 | unseen ROC 0.4946 PR 0.0477 | valAUC 0.9614 | tau+ 0.500
[OUTPOST-v4] epoch 78: test-all ROC 0.6582 PR 0.3912 | unseen ROC 0.4371 PR 0.0430 | valAUC 0.9667 | tau+ 0.607
[OUTPOST-v4] epoch 79: test-all ROC 0.6631 PR 0.3946 | unseen ROC 0.4449 PR 0.0435 | valAUC 0.9676 | tau+ 0.525
[OUTPOST-v4] epoch 80: test-all ROC 0.6900 PR 0.4054 | unseen ROC 0.4904 PR 0.0473 | valAUC 0.9671 | tau+ 0.500
[OUTPOST-v4] epoch 81: test-all ROC 0.7011 PR 0.4089 | unseen ROC 0.5091 PR 0.0491 | valAUC 0.9671 | tau+ 0.500
[OUTPOST-v4] epoch 82: test-all ROC 0.6791 PR 0.4030 | unseen ROC 0.4714 PR 0.0456 | valAUC 0.9676 | tau+ 0.500
[OUTPOST-v4] epoch 83: test-all ROC 0.6540 PR 0.3940 | unseen ROC 0.4293 PR 0.0424 | valAUC 0.9710 | tau+ 0.500
[OUTPOST-v4] epoch 84: test-all ROC 0.6727 PR 0.4015 | unseen ROC 0.4607 PR 0.0447 | valAUC 0.9700 | tau+ 0.500
[OUTPOST-v4] epoch 85: test-all ROC 0.6903 PR 0.4064 | unseen ROC 0.4908 PR 0.0473 | valAUC 0.9681 | tau+ 0.500
[OUTPOST-v4] epoch 86: test-all ROC 0.6858 PR 0.4051 | unseen ROC 0.4833 PR 0.0466 | valAUC 0.9700 | tau+ 0.500
[OUTPOST-v4] epoch 87: test-all ROC 0.6583 PR 0.3966 | unseen ROC 0.4367 PR 0.0428 | valAUC 0.9696 | tau+ 0.500
[OUTPOST-v4] epoch 88: test-all ROC 0.6395 PR 0.3870 | unseen ROC 0.4054 PR 0.0408 | valAUC 0.9676 | tau+ 0.564
[OUTPOST-v4] epoch 89: test-all ROC 0.6509 PR 0.3934 | unseen ROC 0.4244 PR 0.0420 | valAUC 0.9662 | tau+ 0.500
[OUTPOST-v4] epoch 90: test-all ROC 0.6817 PR 0.4036 | unseen ROC 0.4765 PR 0.0460 | valAUC 0.9681 | tau+ 0.500
[OUTPOST-v4] epoch 91: test-all ROC 0.6977 PR 0.4080 | unseen ROC 0.5037 PR 0.0485 | valAUC 0.9676 | tau+ 0.500
[OUTPOST-v4] epoch 92: test-all ROC 0.6736 PR 0.4009 | unseen ROC 0.4628 PR 0.0448 | valAUC 0.9662 | tau+ 0.500
[OUTPOST-v4] epoch 93: test-all ROC 0.6471 PR 0.3887 | unseen ROC 0.4185 PR 0.0417 | valAUC 0.9671 | tau+ 0.500
[OUTPOST-v4] epoch 94: test-all ROC 0.6370 PR 0.3843 | unseen ROC 0.4020 PR 0.0406 | valAUC 0.9657 | tau+ 0.621
[OUTPOST-v4] epoch 95: test-all ROC 0.6601 PR 0.3962 | unseen ROC 0.4404 PR 0.0432 | valAUC 0.9662 | tau+ 0.500
[OUTPOST-v4] epoch 96: test-all ROC 0.6813 PR 0.4035 | unseen ROC 0.4765 PR 0.0460 | valAUC 0.9638 | tau+ 0.500
[OUTPOST-v4] epoch 97: test-all ROC 0.6794 PR 0.4029 | unseen ROC 0.4738 PR 0.0457 | valAUC 0.9633 | tau+ 0.500
[OUTPOST-v4] epoch 98: test-all ROC 0.6511 PR 0.3948 | unseen ROC 0.4265 PR 0.0422 | valAUC 0.9638 | tau+ 0.500
[OUTPOST-v4] epoch 99: test-all ROC 0.6292 PR 0.3859 | unseen ROC 0.3902 PR 0.0400 | valAUC 0.9647 | tau+ 0.577
[OUTPOST-v4] epoch 100: test-all ROC 0.6312 PR 0.3878 | unseen ROC 0.3936 PR 0.0402 | valAUC 0.9647 | tau+ 0.511
[OUTPOST-v4] epoch 101: test-all ROC 0.6582 PR 0.3975 | unseen ROC 0.4392 PR 0.0431 | valAUC 0.9652 | tau+ 0.500
[OUTPOST-v4] epoch 102: test-all ROC 0.6773 PR 0.4022 | unseen ROC 0.4719 PR 0.0456 | valAUC 0.9628 | tau+ 0.500
[OUTPOST-v4] epoch 103: test-all ROC 0.6730 PR 0.4014 | unseen ROC 0.4644 PR 0.0449 | valAUC 0.9628 | tau+ 0.500
[OUTPOST-v4] epoch 104: test-all ROC 0.6465 PR 0.3937 | unseen ROC 0.4191 PR 0.0417 | valAUC 0.9628 | tau+ 0.500
[OUTPOST-v4] epoch 105: test-all ROC 0.6360 PR 0.3886 | unseen ROC 0.4011 PR 0.0406 | valAUC 0.9657 | tau+ 0.590
[OUTPOST-v4] epoch 106: test-all ROC 0.6468 PR 0.3915 | unseen ROC 0.4189 PR 0.0417 | valAUC 0.9633 | tau+ 0.516
[OUTPOST-v4] epoch 107: test-all ROC 0.6801 PR 0.4022 | unseen ROC 0.4749 PR 0.0458 | valAUC 0.9614 | tau+ 0.500
[OUTPOST-v4] epoch 108: test-all ROC 0.7187 PR 0.4151 | unseen ROC 0.5405 PR 0.0526 | valAUC 0.9623 | tau+ 0.500
[OUTPOST-v4] epoch 109: test-all ROC 0.7234 PR 0.4166 | unseen ROC 0.5480 PR 0.0536 | valAUC 0.9628 | tau+ 0.500
[OUTPOST-v4] epoch 110: test-all ROC 0.6868 PR 0.4021 | unseen ROC 0.4853 PR 0.0467 | valAUC 0.9633 | tau+ 0.500
[OUTPOST-v4] epoch 111: test-all ROC 0.6599 PR 0.3915 | unseen ROC 0.4399 PR 0.0431 | valAUC 0.9691 | tau+ 0.633
[OUTPOST-v4] epoch 112: test-all ROC 0.6661 PR 0.3944 | unseen ROC 0.4502 PR 0.0438 | valAUC 0.9671 | tau+ 0.526
[OUTPOST-v4] epoch 113: test-all ROC 0.7012 PR 0.4081 | unseen ROC 0.5094 PR 0.0490 | valAUC 0.9662 | tau+ 0.500
[OUTPOST-v4] epoch 114: test-all ROC 0.7241 PR 0.4176 | unseen ROC 0.5489 PR 0.0539 | valAUC 0.9643 | tau+ 0.500
[OUTPOST-v4] epoch 115: test-all ROC 0.7082 PR 0.4119 | unseen ROC 0.5217 PR 0.0504 | valAUC 0.9647 | tau+ 0.500
[OUTPOST-v4] epoch 116: test-all ROC 0.6815 PR 0.4030 | unseen ROC 0.4766 PR 0.0459 | valAUC 0.9652 | tau+ 0.500
[OUTPOST-v4] epoch 117: test-all ROC 0.6578 PR 0.3959 | unseen ROC 0.4365 PR 0.0428 | valAUC 0.9652 | tau+ 0.500
[OUTPOST-v4] epoch 118: test-all ROC 0.6410 PR 0.3910 | unseen ROC 0.4086 PR 0.0410 | valAUC 0.9667 | tau+ 0.579
[OUTPOST-v4] epoch 119: test-all ROC 0.6468 PR 0.3935 | unseen ROC 0.4187 PR 0.0416 | valAUC 0.9633 | tau+ 0.500
[OUTPOST-v4] epoch 120: test-all ROC 0.6585 PR 0.3970 | unseen ROC 0.4388 PR 0.0430 | valAUC 0.9638 | tau+ 0.500
[OUTPOST-v4] epoch 121: test-all ROC 0.6713 PR 0.4010 | unseen ROC 0.4606 PR 0.0446 | valAUC 0.9618 | tau+ 0.500
[OUTPOST-v4] epoch 122: test-all ROC 0.6791 PR 0.4033 | unseen ROC 0.4738 PR 0.0457 | valAUC 0.9638 | tau+ 0.500
[OUTPOST-v4] epoch 123: test-all ROC 0.6761 PR 0.4026 | unseen ROC 0.4684 PR 0.0452 | valAUC 0.9628 | tau+ 0.500
[OUTPOST-v4] epoch 124: test-all ROC 0.6648 PR 0.3990 | unseen ROC 0.4493 PR 0.0437 | valAUC 0.9638 | tau+ 0.500
[OUTPOST-v4] epoch 125: test-all ROC 0.6545 PR 0.3956 | unseen ROC 0.4314 PR 0.0425 | valAUC 0.9643 | tau+ 0.500
[OUTPOST-v4] epoch 126: test-all ROC 0.6451 PR 0.3922 | unseen ROC 0.4156 PR 0.0414 | valAUC 0.9667 | tau+ 0.604
[OUTPOST-v4] epoch 127: test-all ROC 0.6508 PR 0.3937 | unseen ROC 0.4249 PR 0.0420 | valAUC 0.9667 | tau+ 0.582
[OUTPOST-v4] epoch 128: test-all ROC 0.6765 PR 0.4016 | unseen ROC 0.4679 PR 0.0452 | valAUC 0.9643 | tau+ 0.500
[OUTPOST-v4] epoch 129: test-all ROC 0.7064 PR 0.4119 | unseen ROC 0.5186 PR 0.0502 | valAUC 0.9667 | tau+ 0.500
[OUTPOST-v4] epoch 130: test-all ROC 0.7177 PR 0.4162 | unseen ROC 0.5377 PR 0.0526 | valAUC 0.9652 | tau+ 0.500
[OUTPOST-v4] epoch 131: test-all ROC 0.6985 PR 0.4085 | unseen ROC 0.5051 PR 0.0487 | valAUC 0.9681 | tau+ 0.500
[OUTPOST-v4] epoch 132: test-all ROC 0.6737 PR 0.3999 | unseen ROC 0.4632 PR 0.0448 | valAUC 0.9643 | tau+ 0.500
[OUTPOST-v4] epoch 133: test-all ROC 0.6678 PR 0.3982 | unseen ROC 0.4534 PR 0.0440 | valAUC 0.9647 | tau+ 0.500
[OUTPOST-v4] epoch 134: test-all ROC 0.6725 PR 0.3998 | unseen ROC 0.4615 PR 0.0447 | valAUC 0.9643 | tau+ 0.500
[OUTPOST-v4] epoch 135: test-all ROC 0.6848 PR 0.4039 | unseen ROC 0.4824 PR 0.0465 | valAUC 0.9647 | tau+ 0.500
[OUTPOST-v4] epoch 136: test-all ROC 0.6937 PR 0.4077 | unseen ROC 0.4975 PR 0.0480 | valAUC 0.9647 | tau+ 0.500
[OUTPOST-v4] epoch 137: test-all ROC 0.7025 PR 0.4111 | unseen ROC 0.5124 PR 0.0496 | valAUC 0.9657 | tau+ 0.500
[OUTPOST-v4] epoch 138: test-all ROC 0.6984 PR 0.4095 | unseen ROC 0.5053 PR 0.0487 | valAUC 0.9647 | tau+ 0.500
[OUTPOST-v4] epoch 139: test-all ROC 0.6838 PR 0.4038 | unseen ROC 0.4807 PR 0.0463 | valAUC 0.9652 | tau+ 0.500
[OUTPOST-v4] epoch 140: test-all ROC 0.6766 PR 0.4013 | unseen ROC 0.4684 PR 0.0452 | valAUC 0.9652 | tau+ 0.500
[OUTPOST-v4] epoch 141: test-all ROC 0.6810 PR 0.4029 | unseen ROC 0.4757 PR 0.0458 | valAUC 0.9652 | tau+ 0.500
[OUTPOST-v4] epoch 142: test-all ROC 0.6937 PR 0.4076 | unseen ROC 0.4968 PR 0.0478 | valAUC 0.9662 | tau+ 0.500
[OUTPOST-v4] epoch 143: test-all ROC 0.6955 PR 0.4081 | unseen ROC 0.4997 PR 0.0481 | valAUC 0.9652 | tau+ 0.500
[OUTPOST-v4] epoch 144: test-all ROC 0.6870 PR 0.4053 | unseen ROC 0.4854 PR 0.0467 | valAUC 0.9652 | tau+ 0.500
[OUTPOST-v4] epoch 145: test-all ROC 0.6799 PR 0.4028 | unseen ROC 0.4736 PR 0.0456 | valAUC 0.9652 | tau+ 0.500
[OUTPOST-v4] epoch 146: test-all ROC 0.6774 PR 0.4019 | unseen ROC 0.4695 PR 0.0453 | valAUC 0.9647 | tau+ 0.500
[OUTPOST-v4] epoch 147: test-all ROC 0.6794 PR 0.4028 | unseen ROC 0.4731 PR 0.0456 | valAUC 0.9643 | tau+ 0.500
[OUTPOST-v4] epoch 148: test-all ROC 0.6838 PR 0.4044 | unseen ROC 0.4808 PR 0.0463 | valAUC 0.9633 | tau+ 0.500
[OUTPOST-v4] epoch 149: test-all ROC 0.6944 PR 0.4078 | unseen ROC 0.4987 PR 0.0480 | valAUC 0.9647 | tau+ 0.500
[OUTPOST-v4] epoch 150: test-all ROC 0.7089 PR 0.4128 | unseen ROC 0.5230 PR 0.0507 | valAUC 0.9657 | tau+ 0.500
[OUTPOST-v4] epoch 151: test-all ROC 0.7121 PR 0.4136 | unseen ROC 0.5281 PR 0.0513 | valAUC 0.9662 | tau+ 0.500
[OUTPOST-v4] epoch 152: test-all ROC 0.6984 PR 0.4082 | unseen ROC 0.5049 PR 0.0486 | valAUC 0.9647 | tau+ 0.500
[OUTPOST-v4] epoch 153: test-all ROC 0.6784 PR 0.4010 | unseen ROC 0.4710 PR 0.0454 | valAUC 0.9643 | tau+ 0.603
[OUTPOST-v4] epoch 154: test-all ROC 0.6772 PR 0.4002 | unseen ROC 0.4688 PR 0.0452 | valAUC 0.9657 | tau+ 0.679
[OUTPOST-v4] epoch 155: test-all ROC 0.7099 PR 0.4119 | unseen ROC 0.5240 PR 0.0507 | valAUC 0.9657 | tau+ 0.500
[OUTPOST-v4] epoch 156: test-all ROC 0.7294 PR 0.4202 | unseen ROC 0.5571 PR 0.0551 | valAUC 0.9652 | tau+ 0.500
[OUTPOST-v4] epoch 157: test-all ROC 0.7385 PR 0.4245 | unseen ROC 0.5727 PR 0.0575 | valAUC 0.9618 | tau+ 0.500
[OUTPOST-v4] epoch 158: test-all ROC 0.7305 PR 0.4210 | unseen ROC 0.5589 PR 0.0554 | valAUC 0.9643 | tau+ 0.500
[OUTPOST-v4] epoch 159: test-all ROC 0.6959 PR 0.4080 | unseen ROC 0.5002 PR 0.0481 | valAUC 0.9638 | tau+ 0.500
[OUTPOST-v4] epoch 160: test-all ROC 0.6732 PR 0.4010 | unseen ROC 0.4622 PR 0.0447 | valAUC 0.9647 | tau+ 0.615
[OUTPOST-v4] epoch 161: test-all ROC 0.6666 PR 0.3991 | unseen ROC 0.4518 PR 0.0439 | valAUC 0.9643 | tau+ 0.610
[OUTPOST-v4] epoch 162: test-all ROC 0.6980 PR 0.4094 | unseen ROC 0.5050 PR 0.0486 | valAUC 0.9628 | tau+ 0.500
[OUTPOST-v4] epoch 163: test-all ROC 0.7351 PR 0.4244 | unseen ROC 0.5681 PR 0.0572 | valAUC 0.9604 | tau+ 0.500
[OUTPOST-v4] epoch 164: test-all ROC 0.7476 PR 0.4294 | unseen ROC 0.5897 PR 0.0610 | valAUC 0.9594 | tau+ 0.500
[OUTPOST-v4] epoch 165: test-all ROC 0.7273 PR 0.4210 | unseen ROC 0.5541 PR 0.0550 | valAUC 0.9628 | tau+ 0.500
[OUTPOST-v4] epoch 166: test-all ROC 0.6917 PR 0.4064 | unseen ROC 0.4935 PR 0.0475 | valAUC 0.9643 | tau+ 0.500
[OUTPOST-v4] epoch 167: test-all ROC 0.6608 PR 0.3961 | unseen ROC 0.4415 PR 0.0431 | valAUC 0.9638 | tau+ 0.758
[OUTPOST-v4] epoch 168: test-all ROC 0.6813 PR 0.4030 | unseen ROC 0.4761 PR 0.0459 | valAUC 0.9638 | tau+ 0.508
[OUTPOST-v4] epoch 169: test-all ROC 0.6956 PR 0.4081 | unseen ROC 0.5009 PR 0.0483 | valAUC 0.9633 | tau+ 0.500
[OUTPOST-v4] epoch 170: test-all ROC 0.6997 PR 0.4096 | unseen ROC 0.5086 PR 0.0491 | valAUC 0.9614 | tau+ 0.500
[OUTPOST-v4] epoch 171: test-all ROC 0.7099 PR 0.4136 | unseen ROC 0.5259 PR 0.0511 | valAUC 0.9628 | tau+ 0.500
[OUTPOST-v4] epoch 172: test-all ROC 0.7091 PR 0.4135 | unseen ROC 0.5246 PR 0.0509 | valAUC 0.9623 | tau+ 0.500
[OUTPOST-v4] epoch 173: test-all ROC 0.6858 PR 0.4046 | unseen ROC 0.4853 PR 0.0467 | valAUC 0.9638 | tau+ 0.500
[OUTPOST-v4] epoch 174: test-all ROC 0.6817 PR 0.4033 | unseen ROC 0.4781 PR 0.0460 | valAUC 0.9628 | tau+ 0.500
[OUTPOST-v4] epoch 175: test-all ROC 0.6979 PR 0.4089 | unseen ROC 0.5049 PR 0.0487 | valAUC 0.9628 | tau+ 0.500
[OUTPOST-v4] epoch 176: test-all ROC 0.7185 PR 0.4164 | unseen ROC 0.5396 PR 0.0528 | valAUC 0.9633 | tau+ 0.500
[OUTPOST-v4] epoch 177: test-all ROC 0.7267 PR 0.4194 | unseen ROC 0.5532 PR 0.0547 | valAUC 0.9618 | tau+ 0.500
[OUTPOST-v4] epoch 178: test-all ROC 0.7280 PR 0.4197 | unseen ROC 0.5551 PR 0.0550 | valAUC 0.9614 | tau+ 0.500
[OUTPOST-v4] epoch 179: test-all ROC 0.7206 PR 0.4165 | unseen ROC 0.5424 PR 0.0532 | valAUC 0.9609 | tau+ 0.500
[OUTPOST-v4] epoch 180: test-all ROC 0.7146 PR 0.4137 | unseen ROC 0.5319 PR 0.0518 | valAUC 0.9609 | tau+ 0.500
[OUTPOST-v4] epoch 181: test-all ROC 0.7081 PR 0.4113 | unseen ROC 0.5207 PR 0.0504 | valAUC 0.9618 | tau+ 0.557
[OUTPOST-v4] epoch 182: test-all ROC 0.7104 PR 0.4125 | unseen ROC 0.5249 PR 0.0509 | valAUC 0.9609 | tau+ 0.500
[OUTPOST-v4] epoch 183: test-all ROC 0.7221 PR 0.4173 | unseen ROC 0.5449 PR 0.0535 | valAUC 0.9618 | tau+ 0.500
[OUTPOST-v4] epoch 184: test-all ROC 0.7095 PR 0.4125 | unseen ROC 0.5236 PR 0.0508 | valAUC 0.9609 | tau+ 0.500
[OUTPOST-v4] epoch 185: test-all ROC 0.7032 PR 0.4101 | unseen ROC 0.5129 PR 0.0495 | valAUC 0.9609 | tau+ 0.500
[OUTPOST-v4] epoch 186: test-all ROC 0.7046 PR 0.4106 | unseen ROC 0.5154 PR 0.0498 | valAUC 0.9609 | tau+ 0.500
[OUTPOST-v4] epoch 187: test-all ROC 0.7046 PR 0.4107 | unseen ROC 0.5152 PR 0.0497 | valAUC 0.9623 | tau+ 0.500
[OUTPOST-v4] epoch 188: test-all ROC 0.7050 PR 0.4111 | unseen ROC 0.5159 PR 0.0498 | valAUC 0.9623 | tau+ 0.500
[OUTPOST-v4] epoch 189: test-all ROC 0.7085 PR 0.4127 | unseen ROC 0.5219 PR 0.0505 | valAUC 0.9614 | tau+ 0.500
[OUTPOST-v4] epoch 190: test-all ROC 0.7055 PR 0.4118 | unseen ROC 0.5172 PR 0.0500 | valAUC 0.9623 | tau+ 0.500
[OUTPOST-v4] epoch 191: test-all ROC 0.6970 PR 0.4089 | unseen ROC 0.5034 PR 0.0485 | valAUC 0.9609 | tau+ 0.500
[OUTPOST-v4] epoch 192: test-all ROC 0.6810 PR 0.4035 | unseen ROC 0.4770 PR 0.0459 | valAUC 0.9618 | tau+ 0.500
[OUTPOST-v4] epoch 193: test-all ROC 0.6762 PR 0.4017 | unseen ROC 0.4695 PR 0.0453 | valAUC 0.9599 | tau+ 0.500
[OUTPOST-v4] epoch 194: test-all ROC 0.6980 PR 0.4084 | unseen ROC 0.5063 PR 0.0488 | valAUC 0.9589 | tau+ 0.500
[OUTPOST-v4] epoch 195: test-all ROC 0.7234 PR 0.4184 | unseen ROC 0.5489 PR 0.0541 | valAUC 0.9589 | tau+ 0.500
[OUTPOST-v4] epoch 196: test-all ROC 0.7391 PR 0.4251 | unseen ROC 0.5753 PR 0.0583 | valAUC 0.9594 | tau+ 0.500
[OUTPOST-v4] epoch 197: test-all ROC 0.7470 PR 0.4282 | unseen ROC 0.5883 PR 0.0605 | valAUC 0.9585 | tau+ 0.500
[OUTPOST-v4] epoch 198: test-all ROC 0.7428 PR 0.4261 | unseen ROC 0.5807 PR 0.0590 | valAUC 0.9609 | tau+ 0.500
[OUTPOST-v4] epoch 199: test-all ROC 0.7303 PR 0.4202 | unseen ROC 0.5591 PR 0.0554 | valAUC 0.9599 | tau+ 0.500
  rotation 7: ROC 0.7476 PR 0.4294
[photo] params 114113, peak GPU 3.32 GB, 11.8 min total

[photo] AGGREGATE  best-over-epochs: ROC 0.7654 PR 0.4795
[photo] AGGREGATE  val-selected:     ROC 0.6933 PR 0.4562
row appended to results/results.csv
