# gpu=7 cmd=/usr/bin/python3 -u main.py --dataset yelp --seed 3 --method outpost --tag C_simplacebo --set sim_shuffle=true
/nas/home/jahin/.local/lib/python3.10/site-packages/torch_geometric/__init__.py:4: UserWarning: An issue occurred while importing 'torch-scatter'. Disabling its usage. Stacktrace: /nas/home/jahin/.local/lib/python3.10/site-packages/torch_scatter/_version_cuda.so: undefined symbol: _ZN5torch3jit17parseSchemaOrNameERKSsb
  import torch_geometric.typing
/nas/home/jahin/.local/lib/python3.10/site-packages/torch_geometric/__init__.py:4: UserWarning: An issue occurred while importing 'torch-sparse'. Disabling its usage. Stacktrace: /nas/home/jahin/.local/lib/python3.10/site-packages/torch_sparse/_version_cuda.so: undefined symbol: _ZN5torch3jit17parseSchemaOrNameERKSsb
  import torch_geometric.typing
/nas/home/jahin/.local/lib/python3.10/site-packages/requests/__init__.py:113: RequestsDependencyWarning: urllib3 (1.26.5) or chardet (7.2.0)/charset_normalizer (3.4.4) doesn't match a supported version!
  warnings.warn(
Disabling PyTorch because PyTorch >= 2.1 is required but found 2.0.1
None of PyTorch, TensorFlow >= 2.0, or Flax have been found. Models won't be available and only tokenizers, configuration and file/data utilities can be used.
/nas/home/jahin/.local/lib/python3.10/site-packages/outdated/__init__.py:36: UserWarning: pkg_resources is deprecated as an API. See https://setuptools.pypa.io/en/latest/pkg_resources.html. The pkg_resources package is slated for removal as early as 2025-11-30. Refrain from using this package or pin to Setuptools<81.
  from pkg_resources import parse_version
[utils] PPR/dgl path unavailable (libcudart.so.12: cannot open shared object file: No such file or directory); OUTPOST path unaffected.
[yelp] anomaly classes (rotations): [1]
Normal classes: [0] in yelp
Building multi-layer GraphSage
/nas/home/jahin/.local/lib/python3.10/site-packages/torch_geometric/data/data.py:187: UserWarning: Unable to accurately infer 'num_nodes' from the attribute set '{'y', 'x', 'edge_index'}'. Please explicitly set 'num_nodes' as an attribute of 'data' to suppress this warning
  return sum([v.num_nodes for v in self.node_stores])
[OUTPOST-v4] epoch 0: test-all ROC 0.5322 PR 0.1711 | unseen ROC 0.5000 PR 0.0000 | valAUC 0.5627 | tau+ 0.500
[OUTPOST-v4] epoch 1: test-all ROC 0.5229 PR 0.1658 | unseen ROC 0.5000 PR 0.0000 | valAUC 0.5645 | tau+ 0.500
[OUTPOST-v4] epoch 2: test-all ROC 0.5358 PR 0.1702 | unseen ROC 0.5000 PR 0.0000 | valAUC 0.5329 | tau+ 0.500
[OUTPOST-v4] epoch 3: test-all ROC 0.5364 PR 0.1698 | unseen ROC 0.5000 PR 0.0000 | valAUC 0.5410 | tau+ 0.500
[OUTPOST-v4] epoch 4: test-all ROC 0.5356 PR 0.1699 | unseen ROC 0.5000 PR 0.0000 | valAUC 0.5398 | tau+ 0.500
[OUTPOST-v4] epoch 5: test-all ROC 0.5346 PR 0.1706 | unseen ROC 0.5000 PR 0.0000 | valAUC 0.5391 | tau+ 0.500
[OUTPOST-v4] epoch 6: test-all ROC 0.5359 PR 0.1719 | unseen ROC 0.5000 PR 0.0000 | valAUC 0.5378 | tau+ 0.500
[OUTPOST-v4] epoch 7: test-all ROC 0.5361 PR 0.1725 | unseen ROC 0.5000 PR 0.0000 | valAUC 0.5401 | tau+ 0.500
[OUTPOST-v4] epoch 8: test-all ROC 0.5354 PR 0.1723 | unseen ROC 0.5000 PR 0.0000 | valAUC 0.5407 | tau+ 0.500
[OUTPOST-v4] epoch 9: test-all ROC 0.5330 PR 0.1711 | unseen ROC 0.5000 PR 0.0000 | valAUC 0.5413 | tau+ 0.500
[OUTPOST-v4] epoch 10: test-all ROC 0.5328 PR 0.1709 | unseen ROC 0.5000 PR 0.0000 | valAUC 0.5412 | tau+ 0.500
[OUTPOST-v4] epoch 11: test-all ROC 0.5321 PR 0.1703 | unseen ROC 0.5000 PR 0.0000 | valAUC 0.5410 | tau+ 0.500
[OUTPOST-v4] epoch 12: test-all ROC 0.5314 PR 0.1698 | unseen ROC 0.5000 PR 0.0000 | valAUC 0.5395 | tau+ 0.500
[OUTPOST-v4] epoch 13: test-all ROC 0.5311 PR 0.1694 | unseen ROC 0.5000 PR 0.0000 | valAUC 0.5410 | tau+ 0.500
[OUTPOST-v4] epoch 14: test-all ROC 0.5308 PR 0.1689 | unseen ROC 0.5000 PR 0.0000 | valAUC 0.5437 | tau+ 0.500
[OUTPOST-v4] epoch 15: test-all ROC 0.5304 PR 0.1685 | unseen ROC 0.5000 PR 0.0000 | valAUC 0.5436 | tau+ 0.500
[OUTPOST-v4] epoch 16: test-all ROC 0.5302 PR 0.1683 | unseen ROC 0.5000 PR 0.0000 | valAUC 0.5437 | tau+ 0.500
[OUTPOST-v4] epoch 17: test-all ROC 0.5303 PR 0.1682 | unseen ROC 0.5000 PR 0.0000 | valAUC 0.5453 | tau+ 0.500
[OUTPOST-v4] epoch 18: test-all ROC 0.5296 PR 0.1678 | unseen ROC 0.5000 PR 0.0000 | valAUC 0.5448 | tau+ 0.500
[OUTPOST-v4] epoch 19: test-all ROC 0.5295 PR 0.1676 | unseen ROC 0.5000 PR 0.0000 | valAUC 0.5458 | tau+ 0.500
[OUTPOST-v4] epoch 20: test-all ROC 0.5293 PR 0.1673 | unseen ROC 0.5000 PR 0.0000 | valAUC 0.5457 | tau+ 0.500
[OUTPOST-v4] epoch 21: test-all ROC 0.5292 PR 0.1671 | unseen ROC 0.5000 PR 0.0000 | valAUC 0.5446 | tau+ 0.500
[OUTPOST-v4] epoch 22: test-all ROC 0.5291 PR 0.1668 | unseen ROC 0.5000 PR 0.0000 | valAUC 0.5436 | tau+ 0.500
[OUTPOST-v4] epoch 23: test-all ROC 0.5295 PR 0.1669 | unseen ROC 0.5000 PR 0.0000 | valAUC 0.5442 | tau+ 0.500
[OUTPOST-v4] epoch 24: test-all ROC 0.5295 PR 0.1667 | unseen ROC 0.5000 PR 0.0000 | valAUC 0.5435 | tau+ 0.500
[OUTPOST-v4] epoch 25: test-all ROC 0.5296 PR 0.1666 | unseen ROC 0.5000 PR 0.0000 | valAUC 0.5427 | tau+ 0.500
[OUTPOST-v4] epoch 26: test-all ROC 0.5298 PR 0.1666 | unseen ROC 0.5000 PR 0.0000 | valAUC 0.5420 | tau+ 0.500
[OUTPOST-v4] epoch 27: test-all ROC 0.5302 PR 0.1668 | unseen ROC 0.5000 PR 0.0000 | valAUC 0.5417 | tau+ 0.500
[OUTPOST-v4] epoch 28: test-all ROC 0.5306 PR 0.1669 | unseen ROC 0.5000 PR 0.0000 | valAUC 0.5419 | tau+ 0.500
[OUTPOST-v4] epoch 29: test-all ROC 0.5311 PR 0.1672 | unseen ROC 0.5000 PR 0.0000 | valAUC 0.5417 | tau+ 0.500
[OUTPOST-v4] epoch 30: test-all ROC 0.5317 PR 0.1675 | unseen ROC 0.5000 PR 0.0000 | valAUC 0.5420 | tau+ 0.500
[OUTPOST-v4] epoch 31: test-all ROC 0.5323 PR 0.1679 | unseen ROC 0.5000 PR 0.0000 | valAUC 0.5422 | tau+ 0.500
[OUTPOST-v4] epoch 32: test-all ROC 0.5329 PR 0.1683 | unseen ROC 0.5000 PR 0.0000 | valAUC 0.5429 | tau+ 0.500
[OUTPOST-v4] epoch 33: test-all ROC 0.5336 PR 0.1688 | unseen ROC 0.5000 PR 0.0000 | valAUC 0.5426 | tau+ 0.500
[OUTPOST-v4] epoch 34: test-all ROC 0.5343 PR 0.1693 | unseen ROC 0.5000 PR 0.0000 | valAUC 0.5414 | tau+ 0.500
[OUTPOST-v4] epoch 35: test-all ROC 0.5352 PR 0.1699 | unseen ROC 0.5000 PR 0.0000 | valAUC 0.5425 | tau+ 0.500
[OUTPOST-v4] epoch 36: test-all ROC 0.5360 PR 0.1705 | unseen ROC 0.5000 PR 0.0000 | valAUC 0.5429 | tau+ 0.500
[OUTPOST-v4] epoch 37: test-all ROC 0.5368 PR 0.1711 | unseen ROC 0.5000 PR 0.0000 | valAUC 0.5422 | tau+ 0.500
[OUTPOST-v4] epoch 38: test-all ROC 0.5376 PR 0.1716 | unseen ROC 0.5000 PR 0.0000 | valAUC 0.5423 | tau+ 0.500
[OUTPOST-v4] epoch 39: test-all ROC 0.5384 PR 0.1722 | unseen ROC 0.5000 PR 0.0000 | valAUC 0.5435 | tau+ 0.500
[OUTPOST-v4] epoch 40: test-all ROC 0.5391 PR 0.1728 | unseen ROC 0.5000 PR 0.0000 | valAUC 0.5433 | tau+ 0.500
[OUTPOST-v4] epoch 41: test-all ROC 0.5399 PR 0.1734 | unseen ROC 0.5000 PR 0.0000 | valAUC 0.5439 | tau+ 0.500
[OUTPOST-v4] epoch 42: test-all ROC 0.5408 PR 0.1740 | unseen ROC 0.5000 PR 0.0000 | valAUC 0.5446 | tau+ 0.500
[OUTPOST-v4] epoch 43: test-all ROC 0.5416 PR 0.1746 | unseen ROC 0.5000 PR 0.0000 | valAUC 0.5457 | tau+ 0.500
[OUTPOST-v4] epoch 44: test-all ROC 0.5427 PR 0.1753 | unseen ROC 0.5000 PR 0.0000 | valAUC 0.5452 | tau+ 0.500
[OUTPOST-v4] epoch 45: test-all ROC 0.5436 PR 0.1760 | unseen ROC 0.5000 PR 0.0000 | valAUC 0.5451 | tau+ 0.500
[OUTPOST-v4] epoch 46: test-all ROC 0.5443 PR 0.1765 | unseen ROC 0.5000 PR 0.0000 | valAUC 0.5453 | tau+ 0.500
[OUTPOST-v4] epoch 47: test-all ROC 0.5450 PR 0.1769 | unseen ROC 0.5000 PR 0.0000 | valAUC 0.5452 | tau+ 0.500
[OUTPOST-v4] epoch 48: test-all ROC 0.5457 PR 0.1774 | unseen ROC 0.5000 PR 0.0000 | valAUC 0.5441 | tau+ 0.500
[OUTPOST-v4] epoch 49: test-all ROC 0.5463 PR 0.1778 | unseen ROC 0.5000 PR 0.0000 | valAUC 0.5445 | tau+ 0.500
[OUTPOST-v4] epoch 50: test-all ROC 0.5468 PR 0.1781 | unseen ROC 0.5000 PR 0.0000 | valAUC 0.5441 | tau+ 0.500
[OUTPOST-v4] epoch 51: test-all ROC 0.5474 PR 0.1785 | unseen ROC 0.5000 PR 0.0000 | valAUC 0.5443 | tau+ 0.500
[OUTPOST-v4] epoch 52: test-all ROC 0.5479 PR 0.1788 | unseen ROC 0.5000 PR 0.0000 | valAUC 0.5443 | tau+ 0.500
[OUTPOST-v4] epoch 53: test-all ROC 0.5484 PR 0.1791 | unseen ROC 0.5000 PR 0.0000 | valAUC 0.5443 | tau+ 0.500
[OUTPOST-v4] epoch 54: test-all ROC 0.5489 PR 0.1793 | unseen ROC 0.5000 PR 0.0000 | valAUC 0.5446 | tau+ 0.500
[OUTPOST-v4] epoch 55: test-all ROC 0.5493 PR 0.1796 | unseen ROC 0.5000 PR 0.0000 | valAUC 0.5445 | tau+ 0.500
[OUTPOST-v4] epoch 56: test-all ROC 0.5498 PR 0.1798 | unseen ROC 0.5000 PR 0.0000 | valAUC 0.5449 | tau+ 0.500
[OUTPOST-v4] epoch 57: test-all ROC 0.5503 PR 0.1800 | unseen ROC 0.5000 PR 0.0000 | valAUC 0.5457 | tau+ 0.500
[OUTPOST-v4] epoch 58: test-all ROC 0.5508 PR 0.1803 | unseen ROC 0.5000 PR 0.0000 | valAUC 0.5456 | tau+ 0.500
[OUTPOST-v4] epoch 59: test-all ROC 0.5512 PR 0.1805 | unseen ROC 0.5000 PR 0.0000 | valAUC 0.5455 | tau+ 0.500
[OUTPOST-v4] epoch 60: test-all ROC 0.5517 PR 0.1808 | unseen ROC 0.5000 PR 0.0000 | valAUC 0.5463 | tau+ 0.500
[OUTPOST-v4] epoch 61: test-all ROC 0.5522 PR 0.1811 | unseen ROC 0.5000 PR 0.0000 | valAUC 0.5467 | tau+ 0.500
[OUTPOST-v4] epoch 62: test-all ROC 0.5527 PR 0.1813 | unseen ROC 0.5000 PR 0.0000 | valAUC 0.5470 | tau+ 0.500
[OUTPOST-v4] epoch 63: test-all ROC 0.5532 PR 0.1816 | unseen ROC 0.5000 PR 0.0000 | valAUC 0.5479 | tau+ 0.500
[OUTPOST-v4] epoch 64: test-all ROC 0.5537 PR 0.1819 | unseen ROC 0.5000 PR 0.0000 | valAUC 0.5480 | tau+ 0.500
[OUTPOST-v4] epoch 65: test-all ROC 0.5543 PR 0.1822 | unseen ROC 0.5000 PR 0.0000 | valAUC 0.5480 | tau+ 0.500
[OUTPOST-v4] epoch 66: test-all ROC 0.5549 PR 0.1826 | unseen ROC 0.5000 PR 0.0000 | valAUC 0.5486 | tau+ 0.500
[OUTPOST-v4] epoch 67: test-all ROC 0.5555 PR 0.1829 | unseen ROC 0.5000 PR 0.0000 | valAUC 0.5491 | tau+ 0.500
[OUTPOST-v4] epoch 68: test-all ROC 0.5563 PR 0.1833 | unseen ROC 0.5000 PR 0.0000 | valAUC 0.5493 | tau+ 0.500
[OUTPOST-v4] epoch 69: test-all ROC 0.5570 PR 0.1838 | unseen ROC 0.5000 PR 0.0000 | valAUC 0.5500 | tau+ 0.500
[OUTPOST-v4] epoch 70: test-all ROC 0.5578 PR 0.1842 | unseen ROC 0.5000 PR 0.0000 | valAUC 0.5509 | tau+ 0.500
[OUTPOST-v4] epoch 71: test-all ROC 0.5586 PR 0.1847 | unseen ROC 0.5000 PR 0.0000 | valAUC 0.5525 | tau+ 0.500
[OUTPOST-v4] epoch 72: test-all ROC 0.5595 PR 0.1852 | unseen ROC 0.5000 PR 0.0000 | valAUC 0.5535 | tau+ 0.500
[OUTPOST-v4] epoch 73: test-all ROC 0.5602 PR 0.1856 | unseen ROC 0.5000 PR 0.0000 | valAUC 0.5541 | tau+ 0.500
[OUTPOST-v4] epoch 74: test-all ROC 0.5609 PR 0.1860 | unseen ROC 0.5000 PR 0.0000 | valAUC 0.5554 | tau+ 0.500
[OUTPOST-v4] epoch 75: test-all ROC 0.5616 PR 0.1864 | unseen ROC 0.5000 PR 0.0000 | valAUC 0.5555 | tau+ 0.500
[OUTPOST-v4] epoch 76: test-all ROC 0.5622 PR 0.1868 | unseen ROC 0.5000 PR 0.0000 | valAUC 0.5558 | tau+ 0.500
[OUTPOST-v4] epoch 77: test-all ROC 0.5628 PR 0.1871 | unseen ROC 0.5000 PR 0.0000 | valAUC 0.5564 | tau+ 0.500
[OUTPOST-v4] epoch 78: test-all ROC 0.5634 PR 0.1875 | unseen ROC 0.5000 PR 0.0000 | valAUC 0.5565 | tau+ 0.500
[OUTPOST-v4] epoch 79: test-all ROC 0.5640 PR 0.1879 | unseen ROC 0.5000 PR 0.0000 | valAUC 0.5568 | tau+ 0.500
[OUTPOST-v4] epoch 80: test-all ROC 0.5646 PR 0.1882 | unseen ROC 0.5000 PR 0.0000 | valAUC 0.5571 | tau+ 0.500
[OUTPOST-v4] epoch 81: test-all ROC 0.5652 PR 0.1886 | unseen ROC 0.5000 PR 0.0000 | valAUC 0.5571 | tau+ 0.500
[OUTPOST-v4] epoch 82: test-all ROC 0.5658 PR 0.1889 | unseen ROC 0.5000 PR 0.0000 | valAUC 0.5573 | tau+ 0.500
[OUTPOST-v4] epoch 83: test-all ROC 0.5664 PR 0.1893 | unseen ROC 0.5000 PR 0.0000 | valAUC 0.5574 | tau+ 0.500
[OUTPOST-v4] epoch 84: test-all ROC 0.5670 PR 0.1896 | unseen ROC 0.5000 PR 0.0000 | valAUC 0.5579 | tau+ 0.500
[OUTPOST-v4] epoch 85: test-all ROC 0.5676 PR 0.1900 | unseen ROC 0.5000 PR 0.0000 | valAUC 0.5591 | tau+ 0.500
[OUTPOST-v4] epoch 86: test-all ROC 0.5682 PR 0.1903 | unseen ROC 0.5000 PR 0.0000 | valAUC 0.5593 | tau+ 0.500
[OUTPOST-v4] epoch 87: test-all ROC 0.5688 PR 0.1906 | unseen ROC 0.5000 PR 0.0000 | valAUC 0.5596 | tau+ 0.500
[OUTPOST-v4] epoch 88: test-all ROC 0.5693 PR 0.1909 | unseen ROC 0.5000 PR 0.0000 | valAUC 0.5597 | tau+ 0.500
[OUTPOST-v4] epoch 89: test-all ROC 0.5697 PR 0.1912 | unseen ROC 0.5000 PR 0.0000 | valAUC 0.5599 | tau+ 0.500
[OUTPOST-v4] epoch 90: test-all ROC 0.5704 PR 0.1916 | unseen ROC 0.5000 PR 0.0000 | valAUC 0.5610 | tau+ 0.500
[OUTPOST-v4] epoch 91: test-all ROC 0.5709 PR 0.1920 | unseen ROC 0.5000 PR 0.0000 | valAUC 0.5611 | tau+ 0.500
[OUTPOST-v4] epoch 92: test-all ROC 0.5719 PR 0.1924 | unseen ROC 0.5000 PR 0.0000 | valAUC 0.5622 | tau+ 0.500
[OUTPOST-v4] epoch 93: test-all ROC 0.5727 PR 0.1929 | unseen ROC 0.5000 PR 0.0000 | valAUC 0.5624 | tau+ 0.500
[OUTPOST-v4] epoch 94: test-all ROC 0.5735 PR 0.1934 | unseen ROC 0.5000 PR 0.0000 | valAUC 0.5637 | tau+ 0.500
[OUTPOST-v4] epoch 95: test-all ROC 0.5744 PR 0.1939 | unseen ROC 0.5000 PR 0.0000 | valAUC 0.5644 | tau+ 0.500
[OUTPOST-v4] epoch 96: test-all ROC 0.5753 PR 0.1944 | unseen ROC 0.5000 PR 0.0000 | valAUC 0.5662 | tau+ 0.500
[OUTPOST-v4] epoch 97: test-all ROC 0.5762 PR 0.1950 | unseen ROC 0.5000 PR 0.0000 | valAUC 0.5664 | tau+ 0.500
[OUTPOST-v4] epoch 98: test-all ROC 0.5771 PR 0.1955 | unseen ROC 0.5000 PR 0.0000 | valAUC 0.5674 | tau+ 0.500
[OUTPOST-v4] epoch 99: test-all ROC 0.5781 PR 0.1961 | unseen ROC 0.5000 PR 0.0000 | valAUC 0.5684 | tau+ 0.500
[OUTPOST-v4] epoch 100: test-all ROC 0.5790 PR 0.1967 | unseen ROC 0.5000 PR 0.0000 | valAUC 0.5695 | tau+ 0.500
[OUTPOST-v4] epoch 101: test-all ROC 0.5800 PR 0.1973 | unseen ROC 0.5000 PR 0.0000 | valAUC 0.5707 | tau+ 0.500
[OUTPOST-v4] epoch 102: test-all ROC 0.5809 PR 0.1979 | unseen ROC 0.5000 PR 0.0000 | valAUC 0.5710 | tau+ 0.500
[OUTPOST-v4] epoch 103: test-all ROC 0.5818 PR 0.1985 | unseen ROC 0.5000 PR 0.0000 | valAUC 0.5713 | tau+ 0.500
[OUTPOST-v4] epoch 104: test-all ROC 0.5827 PR 0.1991 | unseen ROC 0.5000 PR 0.0000 | valAUC 0.5713 | tau+ 0.500
[OUTPOST-v4] epoch 105: test-all ROC 0.5835 PR 0.1996 | unseen ROC 0.5000 PR 0.0000 | valAUC 0.5722 | tau+ 0.500
[OUTPOST-v4] epoch 106: test-all ROC 0.5843 PR 0.2001 | unseen ROC 0.5000 PR 0.0000 | valAUC 0.5728 | tau+ 0.500
[OUTPOST-v4] epoch 107: test-all ROC 0.5851 PR 0.2006 | unseen ROC 0.5000 PR 0.0000 | valAUC 0.5733 | tau+ 0.500
[OUTPOST-v4] epoch 108: test-all ROC 0.5859 PR 0.2011 | unseen ROC 0.5000 PR 0.0000 | valAUC 0.5736 | tau+ 0.500
[OUTPOST-v4] epoch 109: test-all ROC 0.5867 PR 0.2017 | unseen ROC 0.5000 PR 0.0000 | valAUC 0.5736 | tau+ 0.500
[OUTPOST-v4] epoch 110: test-all ROC 0.5876 PR 0.2023 | unseen ROC 0.5000 PR 0.0000 | valAUC 0.5744 | tau+ 0.500
[OUTPOST-v4] epoch 111: test-all ROC 0.5885 PR 0.2028 | unseen ROC 0.5000 PR 0.0000 | valAUC 0.5747 | tau+ 0.500
[OUTPOST-v4] epoch 112: test-all ROC 0.5893 PR 0.2033 | unseen ROC 0.5000 PR 0.0000 | valAUC 0.5751 | tau+ 0.500
[OUTPOST-v4] epoch 113: test-all ROC 0.5902 PR 0.2039 | unseen ROC 0.5000 PR 0.0000 | valAUC 0.5754 | tau+ 0.500
[OUTPOST-v4] epoch 114: test-all ROC 0.5911 PR 0.2044 | unseen ROC 0.5000 PR 0.0000 | valAUC 0.5760 | tau+ 0.500
[OUTPOST-v4] epoch 115: test-all ROC 0.5920 PR 0.2050 | unseen ROC 0.5000 PR 0.0000 | valAUC 0.5767 | tau+ 0.500
[OUTPOST-v4] epoch 116: test-all ROC 0.5930 PR 0.2055 | unseen ROC 0.5000 PR 0.0000 | valAUC 0.5778 | tau+ 0.500
[OUTPOST-v4] epoch 117: test-all ROC 0.5938 PR 0.2060 | unseen ROC 0.5000 PR 0.0000 | valAUC 0.5786 | tau+ 0.500
[OUTPOST-v4] epoch 118: test-all ROC 0.5945 PR 0.2065 | unseen ROC 0.5000 PR 0.0000 | valAUC 0.5784 | tau+ 0.500
[OUTPOST-v4] epoch 119: test-all ROC 0.5954 PR 0.2071 | unseen ROC 0.5000 PR 0.0000 | valAUC 0.5793 | tau+ 0.500
[OUTPOST-v4] epoch 120: test-all ROC 0.5964 PR 0.2078 | unseen ROC 0.5000 PR 0.0000 | valAUC 0.5802 | tau+ 0.500
[OUTPOST-v4] epoch 121: test-all ROC 0.5972 PR 0.2084 | unseen ROC 0.5000 PR 0.0000 | valAUC 0.5807 | tau+ 0.500
[OUTPOST-v4] epoch 122: test-all ROC 0.5982 PR 0.2090 | unseen ROC 0.5000 PR 0.0000 | valAUC 0.5816 | tau+ 0.500
[OUTPOST-v4] epoch 123: test-all ROC 0.5991 PR 0.2096 | unseen ROC 0.5000 PR 0.0000 | valAUC 0.5827 | tau+ 0.500
[OUTPOST-v4] epoch 124: test-all ROC 0.6003 PR 0.2103 | unseen ROC 0.5000 PR 0.0000 | valAUC 0.5843 | tau+ 0.500
[OUTPOST-v4] epoch 125: test-all ROC 0.6016 PR 0.2111 | unseen ROC 0.5000 PR 0.0000 | valAUC 0.5854 | tau+ 0.500
[OUTPOST-v4] epoch 126: test-all ROC 0.6029 PR 0.2119 | unseen ROC 0.5000 PR 0.0000 | valAUC 0.5866 | tau+ 0.500
[OUTPOST-v4] epoch 127: test-all ROC 0.6041 PR 0.2127 | unseen ROC 0.5000 PR 0.0000 | valAUC 0.5869 | tau+ 0.500
[OUTPOST-v4] epoch 128: test-all ROC 0.6054 PR 0.2135 | unseen ROC 0.5000 PR 0.0000 | valAUC 0.5869 | tau+ 0.500
[OUTPOST-v4] epoch 129: test-all ROC 0.6065 PR 0.2142 | unseen ROC 0.5000 PR 0.0000 | valAUC 0.5875 | tau+ 0.500
[OUTPOST-v4] epoch 130: test-all ROC 0.6076 PR 0.2149 | unseen ROC 0.5000 PR 0.0000 | valAUC 0.5881 | tau+ 0.500
[OUTPOST-v4] epoch 131: test-all ROC 0.6085 PR 0.2155 | unseen ROC 0.5000 PR 0.0000 | valAUC 0.5878 | tau+ 0.500
[OUTPOST-v4] epoch 132: test-all ROC 0.6092 PR 0.2160 | unseen ROC 0.5000 PR 0.0000 | valAUC 0.5886 | tau+ 0.500
[OUTPOST-v4] epoch 133: test-all ROC 0.6100 PR 0.2166 | unseen ROC 0.5000 PR 0.0000 | valAUC 0.5891 | tau+ 0.500
[OUTPOST-v4] epoch 134: test-all ROC 0.6108 PR 0.2172 | unseen ROC 0.5000 PR 0.0000 | valAUC 0.5886 | tau+ 0.500
[OUTPOST-v4] epoch 135: test-all ROC 0.6114 PR 0.2177 | unseen ROC 0.5000 PR 0.0000 | valAUC 0.5897 | tau+ 0.500
[OUTPOST-v4] epoch 136: test-all ROC 0.6120 PR 0.2182 | unseen ROC 0.5000 PR 0.0000 | valAUC 0.5898 | tau+ 0.500
[OUTPOST-v4] epoch 137: test-all ROC 0.6126 PR 0.2188 | unseen ROC 0.5000 PR 0.0000 | valAUC 0.5910 | tau+ 0.500
[OUTPOST-v4] epoch 138: test-all ROC 0.6140 PR 0.2196 | unseen ROC 0.5000 PR 0.0000 | valAUC 0.5920 | tau+ 0.500
[OUTPOST-v4] epoch 139: test-all ROC 0.6158 PR 0.2205 | unseen ROC 0.5000 PR 0.0000 | valAUC 0.5933 | tau+ 0.500
[OUTPOST-v4] epoch 140: test-all ROC 0.6175 PR 0.2215 | unseen ROC 0.5000 PR 0.0000 | valAUC 0.5948 | tau+ 0.500
[OUTPOST-v4] epoch 141: test-all ROC 0.6192 PR 0.2225 | unseen ROC 0.5000 PR 0.0000 | valAUC 0.5961 | tau+ 0.500
[OUTPOST-v4] epoch 142: test-all ROC 0.6205 PR 0.2233 | unseen ROC 0.5000 PR 0.0000 | valAUC 0.5973 | tau+ 0.500
[OUTPOST-v4] epoch 143: test-all ROC 0.6218 PR 0.2242 | unseen ROC 0.5000 PR 0.0000 | valAUC 0.5977 | tau+ 0.500
[OUTPOST-v4] epoch 144: test-all ROC 0.6229 PR 0.2249 | unseen ROC 0.5000 PR 0.0000 | valAUC 0.5994 | tau+ 0.500
[OUTPOST-v4] epoch 145: test-all ROC 0.6240 PR 0.2256 | unseen ROC 0.5000 PR 0.0000 | valAUC 0.6000 | tau+ 0.500
[OUTPOST-v4] epoch 146: test-all ROC 0.6250 PR 0.2263 | unseen ROC 0.5000 PR 0.0000 | valAUC 0.6012 | tau+ 0.500
[OUTPOST-v4] epoch 147: test-all ROC 0.6261 PR 0.2270 | unseen ROC 0.5000 PR 0.0000 | valAUC 0.6020 | tau+ 0.500
[OUTPOST-v4] epoch 148: test-all ROC 0.6273 PR 0.2277 | unseen ROC 0.5000 PR 0.0000 | valAUC 0.6028 | tau+ 0.500
[OUTPOST-v4] epoch 149: test-all ROC 0.6284 PR 0.2284 | unseen ROC 0.5000 PR 0.0000 | valAUC 0.6040 | tau+ 0.500
[OUTPOST-v4] epoch 150: test-all ROC 0.6296 PR 0.2292 | unseen ROC 0.5000 PR 0.0000 | valAUC 0.6054 | tau+ 0.500
[OUTPOST-v4] epoch 151: test-all ROC 0.6306 PR 0.2298 | unseen ROC 0.5000 PR 0.0000 | valAUC 0.6068 | tau+ 0.500
[OUTPOST-v4] epoch 152: test-all ROC 0.6313 PR 0.2304 | unseen ROC 0.5000 PR 0.0000 | valAUC 0.6078 | tau+ 0.500
[OUTPOST-v4] epoch 153: test-all ROC 0.6320 PR 0.2309 | unseen ROC 0.5000 PR 0.0000 | valAUC 0.6079 | tau+ 0.500
[OUTPOST-v4] epoch 154: test-all ROC 0.6323 PR 0.2313 | unseen ROC 0.5000 PR 0.0000 | valAUC 0.6080 | tau+ 0.500
[OUTPOST-v4] epoch 155: test-all ROC 0.6328 PR 0.2318 | unseen ROC 0.5000 PR 0.0000 | valAUC 0.6082 | tau+ 0.500
[OUTPOST-v4] epoch 156: test-all ROC 0.6337 PR 0.2324 | unseen ROC 0.5000 PR 0.0000 | valAUC 0.6094 | tau+ 0.500
[OUTPOST-v4] epoch 157: test-all ROC 0.6346 PR 0.2331 | unseen ROC 0.5000 PR 0.0000 | valAUC 0.6102 | tau+ 0.500
[OUTPOST-v4] epoch 158: test-all ROC 0.6357 PR 0.2338 | unseen ROC 0.5000 PR 0.0000 | valAUC 0.6121 | tau+ 0.500
[OUTPOST-v4] epoch 159: test-all ROC 0.6369 PR 0.2346 | unseen ROC 0.5000 PR 0.0000 | valAUC 0.6138 | tau+ 0.500
[OUTPOST-v4] epoch 160: test-all ROC 0.6381 PR 0.2353 | unseen ROC 0.5000 PR 0.0000 | valAUC 0.6151 | tau+ 0.500
[OUTPOST-v4] epoch 161: test-all ROC 0.6392 PR 0.2361 | unseen ROC 0.5000 PR 0.0000 | valAUC 0.6161 | tau+ 0.500
[OUTPOST-v4] epoch 162: test-all ROC 0.6406 PR 0.2370 | unseen ROC 0.5000 PR 0.0000 | valAUC 0.6163 | tau+ 0.500
[OUTPOST-v4] epoch 163: test-all ROC 0.6422 PR 0.2379 | unseen ROC 0.5000 PR 0.0000 | valAUC 0.6182 | tau+ 0.500
[OUTPOST-v4] epoch 164: test-all ROC 0.6435 PR 0.2388 | unseen ROC 0.5000 PR 0.0000 | valAUC 0.6198 | tau+ 0.500
[OUTPOST-v4] epoch 165: test-all ROC 0.6447 PR 0.2396 | unseen ROC 0.5000 PR 0.0000 | valAUC 0.6213 | tau+ 0.500
[OUTPOST-v4] epoch 166: test-all ROC 0.6459 PR 0.2404 | unseen ROC 0.5000 PR 0.0000 | valAUC 0.6220 | tau+ 0.500
[OUTPOST-v4] epoch 167: test-all ROC 0.6469 PR 0.2410 | unseen ROC 0.5000 PR 0.0000 | valAUC 0.6228 | tau+ 0.500
[OUTPOST-v4] epoch 168: test-all ROC 0.6478 PR 0.2416 | unseen ROC 0.5000 PR 0.0000 | valAUC 0.6229 | tau+ 0.500
[OUTPOST-v4] epoch 169: test-all ROC 0.6484 PR 0.2421 | unseen ROC 0.5000 PR 0.0000 | valAUC 0.6237 | tau+ 0.500
[OUTPOST-v4] epoch 170: test-all ROC 0.6494 PR 0.2428 | unseen ROC 0.5000 PR 0.0000 | valAUC 0.6252 | tau+ 0.500
[OUTPOST-v4] epoch 171: test-all ROC 0.6502 PR 0.2434 | unseen ROC 0.5000 PR 0.0000 | valAUC 0.6259 | tau+ 0.500
[OUTPOST-v4] epoch 172: test-all ROC 0.6512 PR 0.2441 | unseen ROC 0.5000 PR 0.0000 | valAUC 0.6260 | tau+ 0.500
[OUTPOST-v4] epoch 173: test-all ROC 0.6524 PR 0.2449 | unseen ROC 0.5000 PR 0.0000 | valAUC 0.6276 | tau+ 0.500
[OUTPOST-v4] epoch 174: test-all ROC 0.6538 PR 0.2458 | unseen ROC 0.5000 PR 0.0000 | valAUC 0.6289 | tau+ 0.500
[OUTPOST-v4] epoch 175: test-all ROC 0.6552 PR 0.2468 | unseen ROC 0.5000 PR 0.0000 | valAUC 0.6306 | tau+ 0.500
[OUTPOST-v4] epoch 176: test-all ROC 0.6564 PR 0.2476 | unseen ROC 0.5000 PR 0.0000 | valAUC 0.6323 | tau+ 0.500
[OUTPOST-v4] epoch 177: test-all ROC 0.6575 PR 0.2484 | unseen ROC 0.5000 PR 0.0000 | valAUC 0.6331 | tau+ 0.500
[OUTPOST-v4] epoch 178: test-all ROC 0.6586 PR 0.2493 | unseen ROC 0.5000 PR 0.0000 | valAUC 0.6342 | tau+ 0.500
[OUTPOST-v4] epoch 179: test-all ROC 0.6595 PR 0.2500 | unseen ROC 0.5000 PR 0.0000 | valAUC 0.6352 | tau+ 0.500
[OUTPOST-v4] epoch 180: test-all ROC 0.6604 PR 0.2506 | unseen ROC 0.5000 PR 0.0000 | valAUC 0.6355 | tau+ 0.500
[OUTPOST-v4] epoch 181: test-all ROC 0.6612 PR 0.2512 | unseen ROC 0.5000 PR 0.0000 | valAUC 0.6366 | tau+ 0.500
[OUTPOST-v4] epoch 182: test-all ROC 0.6619 PR 0.2516 | unseen ROC 0.5000 PR 0.0000 | valAUC 0.6366 | tau+ 0.500
[OUTPOST-v4] epoch 183: test-all ROC 0.6626 PR 0.2520 | unseen ROC 0.5000 PR 0.0000 | valAUC 0.6383 | tau+ 0.500
[OUTPOST-v4] epoch 184: test-all ROC 0.6635 PR 0.2526 | unseen ROC 0.5000 PR 0.0000 | valAUC 0.6388 | tau+ 0.500
[OUTPOST-v4] epoch 185: test-all ROC 0.6644 PR 0.2531 | unseen ROC 0.5000 PR 0.0000 | valAUC 0.6393 | tau+ 0.500
[OUTPOST-v4] epoch 186: test-all ROC 0.6652 PR 0.2537 | unseen ROC 0.5000 PR 0.0000 | valAUC 0.6395 | tau+ 0.500
[OUTPOST-v4] epoch 187: test-all ROC 0.6658 PR 0.2542 | unseen ROC 0.5000 PR 0.0000 | valAUC 0.6406 | tau+ 0.500
[OUTPOST-v4] epoch 188: test-all ROC 0.6665 PR 0.2547 | unseen ROC 0.5000 PR 0.0000 | valAUC 0.6409 | tau+ 0.500
[OUTPOST-v4] epoch 189: test-all ROC 0.6671 PR 0.2552 | unseen ROC 0.5000 PR 0.0000 | valAUC 0.6406 | tau+ 0.500
[OUTPOST-v4] epoch 190: test-all ROC 0.6678 PR 0.2557 | unseen ROC 0.5000 PR 0.0000 | valAUC 0.6415 | tau+ 0.500
[OUTPOST-v4] epoch 191: test-all ROC 0.6685 PR 0.2563 | unseen ROC 0.5000 PR 0.0000 | valAUC 0.6423 | tau+ 0.500
[OUTPOST-v4] epoch 192: test-all ROC 0.6691 PR 0.2567 | unseen ROC 0.5000 PR 0.0000 | valAUC 0.6429 | tau+ 0.500
[OUTPOST-v4] epoch 193: test-all ROC 0.6696 PR 0.2571 | unseen ROC 0.5000 PR 0.0000 | valAUC 0.6429 | tau+ 0.500
[OUTPOST-v4] epoch 194: test-all ROC 0.6701 PR 0.2574 | unseen ROC 0.5000 PR 0.0000 | valAUC 0.6435 | tau+ 0.500
[OUTPOST-v4] epoch 195: test-all ROC 0.6705 PR 0.2576 | unseen ROC 0.5000 PR 0.0000 | valAUC 0.6440 | tau+ 0.500
[OUTPOST-v4] epoch 196: test-all ROC 0.6708 PR 0.2578 | unseen ROC 0.5000 PR 0.0000 | valAUC 0.6444 | tau+ 0.500
[OUTPOST-v4] epoch 197: test-all ROC 0.6709 PR 0.2579 | unseen ROC 0.5000 PR 0.0000 | valAUC 0.6446 | tau+ 0.500
[OUTPOST-v4] epoch 198: test-all ROC 0.6710 PR 0.2579 | unseen ROC 0.5000 PR 0.0000 | valAUC 0.6444 | tau+ 0.500
[OUTPOST-v4] epoch 199: test-all ROC 0.6710 PR 0.2580 | unseen ROC 0.5000 PR 0.0000 | valAUC 0.6437 | tau+ 0.500
[OUTPOST-v4] epoch 200: test-all ROC 0.6712 PR 0.2582 | unseen ROC 0.5000 PR 0.0000 | valAUC 0.6435 | tau+ 0.500
[OUTPOST-v4] epoch 201: test-all ROC 0.6714 PR 0.2584 | unseen ROC 0.5000 PR 0.0000 | valAUC 0.6440 | tau+ 0.500
[OUTPOST-v4] epoch 202: test-all ROC 0.6720 PR 0.2587 | unseen ROC 0.5000 PR 0.0000 | valAUC 0.6442 | tau+ 0.500
[OUTPOST-v4] epoch 203: test-all ROC 0.6725 PR 0.2591 | unseen ROC 0.5000 PR 0.0000 | valAUC 0.6445 | tau+ 0.500
[OUTPOST-v4] epoch 204: test-all ROC 0.6733 PR 0.2595 | unseen ROC 0.5000 PR 0.0000 | valAUC 0.6457 | tau+ 0.500
[OUTPOST-v4] epoch 205: test-all ROC 0.6740 PR 0.2600 | unseen ROC 0.5000 PR 0.0000 | valAUC 0.6469 | tau+ 0.500
[OUTPOST-v4] epoch 206: test-all ROC 0.6745 PR 0.2604 | unseen ROC 0.5000 PR 0.0000 | valAUC 0.6475 | tau+ 0.500
[OUTPOST-v4] epoch 207: test-all ROC 0.6749 PR 0.2606 | unseen ROC 0.5000 PR 0.0000 | valAUC 0.6480 | tau+ 0.500
[OUTPOST-v4] epoch 208: test-all ROC 0.6753 PR 0.2609 | unseen ROC 0.5000 PR 0.0000 | valAUC 0.6488 | tau+ 0.500
[OUTPOST-v4] epoch 209: test-all ROC 0.6756 PR 0.2610 | unseen ROC 0.5000 PR 0.0000 | valAUC 0.6495 | tau+ 0.500
[OUTPOST-v4] epoch 210: test-all ROC 0.6760 PR 0.2613 | unseen ROC 0.5000 PR 0.0000 | valAUC 0.6500 | tau+ 0.500
[OUTPOST-v4] epoch 211: test-all ROC 0.6764 PR 0.2616 | unseen ROC 0.5000 PR 0.0000 | valAUC 0.6505 | tau+ 0.500
[OUTPOST-v4] epoch 212: test-all ROC 0.6767 PR 0.2619 | unseen ROC 0.5000 PR 0.0000 | valAUC 0.6508 | tau+ 0.500
[OUTPOST-v4] epoch 213: test-all ROC 0.6770 PR 0.2623 | unseen ROC 0.5000 PR 0.0000 | valAUC 0.6504 | tau+ 0.500
[OUTPOST-v4] epoch 214: test-all ROC 0.6774 PR 0.2626 | unseen ROC 0.5000 PR 0.0000 | valAUC 0.6509 | tau+ 0.500
[OUTPOST-v4] epoch 215: test-all ROC 0.6778 PR 0.2630 | unseen ROC 0.5000 PR 0.0000 | valAUC 0.6511 | tau+ 0.500
[OUTPOST-v4] epoch 216: test-all ROC 0.6782 PR 0.2633 | unseen ROC 0.5000 PR 0.0000 | valAUC 0.6517 | tau+ 0.500
[OUTPOST-v4] epoch 217: test-all ROC 0.6786 PR 0.2636 | unseen ROC 0.5000 PR 0.0000 | valAUC 0.6514 | tau+ 0.500
[OUTPOST-v4] epoch 218: test-all ROC 0.6789 PR 0.2639 | unseen ROC 0.5000 PR 0.0000 | valAUC 0.6518 | tau+ 0.500
[OUTPOST-v4] epoch 219: test-all ROC 0.6792 PR 0.2641 | unseen ROC 0.5000 PR 0.0000 | valAUC 0.6514 | tau+ 0.500
[OUTPOST-v4] epoch 220: test-all ROC 0.6795 PR 0.2643 | unseen ROC 0.5000 PR 0.0000 | valAUC 0.6514 | tau+ 0.500
[OUTPOST-v4] epoch 221: test-all ROC 0.6798 PR 0.2644 | unseen ROC 0.5000 PR 0.0000 | valAUC 0.6520 | tau+ 0.500
[OUTPOST-v4] epoch 222: test-all ROC 0.6800 PR 0.2646 | unseen ROC 0.5000 PR 0.0000 | valAUC 0.6527 | tau+ 0.500
[OUTPOST-v4] epoch 223: test-all ROC 0.6803 PR 0.2647 | unseen ROC 0.5000 PR 0.0000 | valAUC 0.6529 | tau+ 0.500
[OUTPOST-v4] epoch 224: test-all ROC 0.6805 PR 0.2649 | unseen ROC 0.5000 PR 0.0000 | valAUC 0.6533 | tau+ 0.500
[OUTPOST-v4] epoch 225: test-all ROC 0.6808 PR 0.2652 | unseen ROC 0.5000 PR 0.0000 | valAUC 0.6541 | tau+ 0.500
[OUTPOST-v4] epoch 226: test-all ROC 0.6811 PR 0.2655 | unseen ROC 0.5000 PR 0.0000 | valAUC 0.6537 | tau+ 0.500
[OUTPOST-v4] epoch 227: test-all ROC 0.6814 PR 0.2658 | unseen ROC 0.5000 PR 0.0000 | valAUC 0.6543 | tau+ 0.500
[OUTPOST-v4] epoch 228: test-all ROC 0.6817 PR 0.2660 | unseen ROC 0.5000 PR 0.0000 | valAUC 0.6538 | tau+ 0.500
[OUTPOST-v4] epoch 229: test-all ROC 0.6819 PR 0.2662 | unseen ROC 0.5000 PR 0.0000 | valAUC 0.6538 | tau+ 0.500
[OUTPOST-v4] epoch 230: test-all ROC 0.6821 PR 0.2664 | unseen ROC 0.5000 PR 0.0000 | valAUC 0.6538 | tau+ 0.500
[OUTPOST-v4] epoch 231: test-all ROC 0.6822 PR 0.2665 | unseen ROC 0.5000 PR 0.0000 | valAUC 0.6543 | tau+ 0.500
[OUTPOST-v4] epoch 232: test-all ROC 0.6825 PR 0.2668 | unseen ROC 0.5000 PR 0.0000 | valAUC 0.6545 | tau+ 0.500
[OUTPOST-v4] epoch 233: test-all ROC 0.6828 PR 0.2670 | unseen ROC 0.5000 PR 0.0000 | valAUC 0.6555 | tau+ 0.500
[OUTPOST-v4] epoch 234: test-all ROC 0.6832 PR 0.2674 | unseen ROC 0.5000 PR 0.0000 | valAUC 0.6560 | tau+ 0.500
[OUTPOST-v4] epoch 235: test-all ROC 0.6836 PR 0.2677 | unseen ROC 0.5000 PR 0.0000 | valAUC 0.6566 | tau+ 0.500
[OUTPOST-v4] epoch 236: test-all ROC 0.6839 PR 0.2681 | unseen ROC 0.5000 PR 0.0000 | valAUC 0.6571 | tau+ 0.500
[OUTPOST-v4] epoch 237: test-all ROC 0.6842 PR 0.2683 | unseen ROC 0.5000 PR 0.0000 | valAUC 0.6578 | tau+ 0.500
[OUTPOST-v4] epoch 238: test-all ROC 0.6845 PR 0.2684 | unseen ROC 0.5000 PR 0.0000 | valAUC 0.6579 | tau+ 0.500
[OUTPOST-v4] epoch 239: test-all ROC 0.6847 PR 0.2686 | unseen ROC 0.5000 PR 0.0000 | valAUC 0.6584 | tau+ 0.500
[OUTPOST-v4] epoch 240: test-all ROC 0.6850 PR 0.2689 | unseen ROC 0.5000 PR 0.0000 | valAUC 0.6584 | tau+ 0.500
[OUTPOST-v4] epoch 241: test-all ROC 0.6852 PR 0.2691 | unseen ROC 0.5000 PR 0.0000 | valAUC 0.6581 | tau+ 0.500
[OUTPOST-v4] epoch 242: test-all ROC 0.6855 PR 0.2695 | unseen ROC 0.5000 PR 0.0000 | valAUC 0.6587 | tau+ 0.500
[OUTPOST-v4] epoch 243: test-all ROC 0.6857 PR 0.2697 | unseen ROC 0.5000 PR 0.0000 | valAUC 0.6583 | tau+ 0.500
[OUTPOST-v4] epoch 244: test-all ROC 0.6859 PR 0.2700 | unseen ROC 0.5000 PR 0.0000 | valAUC 0.6588 | tau+ 0.500
[OUTPOST-v4] epoch 245: test-all ROC 0.6862 PR 0.2703 | unseen ROC 0.5000 PR 0.0000 | valAUC 0.6591 | tau+ 0.500
[OUTPOST-v4] epoch 246: test-all ROC 0.6865 PR 0.2705 | unseen ROC 0.5000 PR 0.0000 | valAUC 0.6594 | tau+ 0.500
[OUTPOST-v4] epoch 247: test-all ROC 0.6867 PR 0.2708 | unseen ROC 0.5000 PR 0.0000 | valAUC 0.6594 | tau+ 0.500
[OUTPOST-v4] epoch 248: test-all ROC 0.6869 PR 0.2710 | unseen ROC 0.5000 PR 0.0000 | valAUC 0.6595 | tau+ 0.500
[OUTPOST-v4] epoch 249: test-all ROC 0.6873 PR 0.2714 | unseen ROC 0.5000 PR 0.0000 | valAUC 0.6598 | tau+ 0.500
[OUTPOST-v4] epoch 250: test-all ROC 0.6876 PR 0.2718 | unseen ROC 0.5000 PR 0.0000 | valAUC 0.6594 | tau+ 0.500
[OUTPOST-v4] epoch 251: test-all ROC 0.6879 PR 0.2722 | unseen ROC 0.5000 PR 0.0000 | valAUC 0.6596 | tau+ 0.500
[OUTPOST-v4] epoch 252: test-all ROC 0.6880 PR 0.2724 | unseen ROC 0.5000 PR 0.0000 | valAUC 0.6595 | tau+ 0.500
[OUTPOST-v4] epoch 253: test-all ROC 0.6882 PR 0.2726 | unseen ROC 0.5000 PR 0.0000 | valAUC 0.6599 | tau+ 0.500
[OUTPOST-v4] epoch 254: test-all ROC 0.6885 PR 0.2729 | unseen ROC 0.5000 PR 0.0000 | valAUC 0.6604 | tau+ 0.500
[OUTPOST-v4] epoch 255: test-all ROC 0.6887 PR 0.2732 | unseen ROC 0.5000 PR 0.0000 | valAUC 0.6605 | tau+ 0.500
[OUTPOST-v4] epoch 256: test-all ROC 0.6889 PR 0.2734 | unseen ROC 0.5000 PR 0.0000 | valAUC 0.6605 | tau+ 0.500
[OUTPOST-v4] epoch 257: test-all ROC 0.6891 PR 0.2737 | unseen ROC 0.5000 PR 0.0000 | valAUC 0.6612 | tau+ 0.500
[OUTPOST-v4] epoch 258: test-all ROC 0.6892 PR 0.2738 | unseen ROC 0.5000 PR 0.0000 | valAUC 0.6612 | tau+ 0.500
[OUTPOST-v4] epoch 259: test-all ROC 0.6892 PR 0.2739 | unseen ROC 0.5000 PR 0.0000 | valAUC 0.6606 | tau+ 0.500
[OUTPOST-v4] epoch 260: test-all ROC 0.6894 PR 0.2741 | unseen ROC 0.5000 PR 0.0000 | valAUC 0.6611 | tau+ 0.500
[OUTPOST-v4] epoch 261: test-all ROC 0.6895 PR 0.2743 | unseen ROC 0.5000 PR 0.0000 | valAUC 0.6626 | tau+ 0.500
[OUTPOST-v4] epoch 262: test-all ROC 0.6897 PR 0.2744 | unseen ROC 0.5000 PR 0.0000 | valAUC 0.6648 | tau+ 0.500
[OUTPOST-v4] epoch 263: test-all ROC 0.6898 PR 0.2745 | unseen ROC 0.5000 PR 0.0000 | valAUC 0.6662 | tau+ 0.500
[OUTPOST-v4] epoch 264: test-all ROC 0.6898 PR 0.2746 | unseen ROC 0.5000 PR 0.0000 | valAUC 0.6676 | tau+ 0.500
[OUTPOST-v4] epoch 265: test-all ROC 0.6901 PR 0.2749 | unseen ROC 0.5000 PR 0.0000 | valAUC 0.6676 | tau+ 0.500
[OUTPOST-v4] epoch 266: test-all ROC 0.6903 PR 0.2752 | unseen ROC 0.5000 PR 0.0000 | valAUC 0.6677 | tau+ 0.500
[OUTPOST-v4] epoch 267: test-all ROC 0.6905 PR 0.2754 | unseen ROC 0.5000 PR 0.0000 | valAUC 0.6671 | tau+ 0.500
[OUTPOST-v4] epoch 268: test-all ROC 0.6907 PR 0.2756 | unseen ROC 0.5000 PR 0.0000 | valAUC 0.6665 | tau+ 0.500
[OUTPOST-v4] epoch 269: test-all ROC 0.6909 PR 0.2759 | unseen ROC 0.5000 PR 0.0000 | valAUC 0.6656 | tau+ 0.500
[OUTPOST-v4] epoch 270: test-all ROC 0.6912 PR 0.2762 | unseen ROC 0.5000 PR 0.0000 | valAUC 0.6647 | tau+ 0.500
[OUTPOST-v4] epoch 271: test-all ROC 0.6915 PR 0.2765 | unseen ROC 0.5000 PR 0.0000 | valAUC 0.6654 | tau+ 0.500
[OUTPOST-v4] epoch 272: test-all ROC 0.6920 PR 0.2769 | unseen ROC 0.5000 PR 0.0000 | valAUC 0.6658 | tau+ 0.500
[OUTPOST-v4] epoch 273: test-all ROC 0.6924 PR 0.2773 | unseen ROC 0.5000 PR 0.0000 | valAUC 0.6662 | tau+ 0.500
[OUTPOST-v4] epoch 274: test-all ROC 0.6927 PR 0.2777 | unseen ROC 0.5000 PR 0.0000 | valAUC 0.6662 | tau+ 0.500
[OUTPOST-v4] epoch 275: test-all ROC 0.6930 PR 0.2780 | unseen ROC 0.5000 PR 0.0000 | valAUC 0.6668 | tau+ 0.500
[OUTPOST-v4] epoch 276: test-all ROC 0.6934 PR 0.2784 | unseen ROC 0.5000 PR 0.0000 | valAUC 0.6672 | tau+ 0.500
[OUTPOST-v4] epoch 277: test-all ROC 0.6937 PR 0.2787 | unseen ROC 0.5000 PR 0.0000 | valAUC 0.6675 | tau+ 0.500
[OUTPOST-v4] epoch 278: test-all ROC 0.6939 PR 0.2791 | unseen ROC 0.5000 PR 0.0000 | valAUC 0.6694 | tau+ 0.500
[OUTPOST-v4] epoch 279: test-all ROC 0.6940 PR 0.2793 | unseen ROC 0.5000 PR 0.0000 | valAUC 0.6703 | tau+ 0.500
[OUTPOST-v4] epoch 280: test-all ROC 0.6940 PR 0.2796 | unseen ROC 0.5000 PR 0.0000 | valAUC 0.6701 | tau+ 0.500
[OUTPOST-v4] epoch 281: test-all ROC 0.6941 PR 0.2799 | unseen ROC 0.5000 PR 0.0000 | valAUC 0.6702 | tau+ 0.500
[OUTPOST-v4] epoch 282: test-all ROC 0.6939 PR 0.2801 | unseen ROC 0.5000 PR 0.0000 | valAUC 0.6696 | tau+ 0.500
[OUTPOST-v4] epoch 283: test-all ROC 0.6938 PR 0.2803 | unseen ROC 0.5000 PR 0.0000 | valAUC 0.6707 | tau+ 0.500
[OUTPOST-v4] epoch 284: test-all ROC 0.6937 PR 0.2805 | unseen ROC 0.5000 PR 0.0000 | valAUC 0.6707 | tau+ 0.500
[OUTPOST-v4] epoch 285: test-all ROC 0.6940 PR 0.2809 | unseen ROC 0.5000 PR 0.0000 | valAUC 0.6708 | tau+ 0.500
[OUTPOST-v4] epoch 286: test-all ROC 0.6942 PR 0.2812 | unseen ROC 0.5000 PR 0.0000 | valAUC 0.6714 | tau+ 0.500
[OUTPOST-v4] epoch 287: test-all ROC 0.6948 PR 0.2816 | unseen ROC 0.5000 PR 0.0000 | valAUC 0.6735 | tau+ 0.500
[OUTPOST-v4] epoch 288: test-all ROC 0.6955 PR 0.2820 | unseen ROC 0.5000 PR 0.0000 | valAUC 0.6727 | tau+ 0.500
[OUTPOST-v4] epoch 289: test-all ROC 0.6961 PR 0.2824 | unseen ROC 0.5000 PR 0.0000 | valAUC 0.6739 | tau+ 0.500
[OUTPOST-v4] epoch 290: test-all ROC 0.6966 PR 0.2828 | unseen ROC 0.5000 PR 0.0000 | valAUC 0.6748 | tau+ 0.500
[OUTPOST-v4] epoch 291: test-all ROC 0.6970 PR 0.2832 | unseen ROC 0.5000 PR 0.0000 | valAUC 0.6759 | tau+ 0.500
[OUTPOST-v4] epoch 292: test-all ROC 0.6975 PR 0.2837 | unseen ROC 0.5000 PR 0.0000 | valAUC 0.6765 | tau+ 0.500
[OUTPOST-v4] epoch 293: test-all ROC 0.6979 PR 0.2841 | unseen ROC 0.5000 PR 0.0000 | valAUC 0.6767 | tau+ 0.500
[OUTPOST-v4] epoch 294: test-all ROC 0.6983 PR 0.2845 | unseen ROC 0.5000 PR 0.0000 | valAUC 0.6764 | tau+ 0.500
[OUTPOST-v4] epoch 295: test-all ROC 0.6984 PR 0.2848 | unseen ROC 0.5000 PR 0.0000 | valAUC 0.6764 | tau+ 0.500
[OUTPOST-v4] epoch 296: test-all ROC 0.6985 PR 0.2852 | unseen ROC 0.5000 PR 0.0000 | valAUC 0.6762 | tau+ 0.500
[OUTPOST-v4] epoch 297: test-all ROC 0.6985 PR 0.2855 | unseen ROC 0.5000 PR 0.0000 | valAUC 0.6768 | tau+ 0.500
[OUTPOST-v4] epoch 298: test-all ROC 0.6983 PR 0.2856 | unseen ROC 0.5000 PR 0.0000 | valAUC 0.6753 | tau+ 0.500
[OUTPOST-v4] epoch 299: test-all ROC 0.6982 PR 0.2859 | unseen ROC 0.5000 PR 0.0000 | valAUC 0.6750 | tau+ 0.500
[OUTPOST-v4] epoch 300: test-all ROC 0.6982 PR 0.2862 | unseen ROC 0.5000 PR 0.0000 | valAUC 0.6743 | tau+ 0.500
[OUTPOST-v4] epoch 301: test-all ROC 0.6981 PR 0.2864 | unseen ROC 0.5000 PR 0.0000 | valAUC 0.6739 | tau+ 0.500
[OUTPOST-v4] epoch 302: test-all ROC 0.6980 PR 0.2865 | unseen ROC 0.5000 PR 0.0000 | valAUC 0.6752 | tau+ 0.500
[OUTPOST-v4] epoch 303: test-all ROC 0.6980 PR 0.2867 | unseen ROC 0.5000 PR 0.0000 | valAUC 0.6759 | tau+ 0.500
[OUTPOST-v4] epoch 304: test-all ROC 0.6982 PR 0.2870 | unseen ROC 0.5000 PR 0.0000 | valAUC 0.6769 | tau+ 0.500
[OUTPOST-v4] epoch 305: test-all ROC 0.6983 PR 0.2872 | unseen ROC 0.5000 PR 0.0000 | valAUC 0.6786 | tau+ 0.500
[OUTPOST-v4] epoch 306: test-all ROC 0.6984 PR 0.2873 | unseen ROC 0.5000 PR 0.0000 | valAUC 0.6787 | tau+ 0.500
[OUTPOST-v4] epoch 307: test-all ROC 0.6987 PR 0.2876 | unseen ROC 0.5000 PR 0.0000 | valAUC 0.6787 | tau+ 0.500
[OUTPOST-v4] epoch 308: test-all ROC 0.6992 PR 0.2880 | unseen ROC 0.5000 PR 0.0000 | valAUC 0.6791 | tau+ 0.500
[OUTPOST-v4] epoch 309: test-all ROC 0.6996 PR 0.2883 | unseen ROC 0.5000 PR 0.0000 | valAUC 0.6792 | tau+ 0.500
[OUTPOST-v4] epoch 310: test-all ROC 0.7000 PR 0.2885 | unseen ROC 0.5000 PR 0.0000 | valAUC 0.6789 | tau+ 0.500
[OUTPOST-v4] epoch 311: test-all ROC 0.7003 PR 0.2887 | unseen ROC 0.5000 PR 0.0000 | valAUC 0.6791 | tau+ 0.500
[OUTPOST-v4] epoch 312: test-all ROC 0.7005 PR 0.2889 | unseen ROC 0.5000 PR 0.0000 | valAUC 0.6790 | tau+ 0.500
[OUTPOST-v4] epoch 313: test-all ROC 0.7008 PR 0.2891 | unseen ROC 0.5000 PR 0.0000 | valAUC 0.6793 | tau+ 0.500
[OUTPOST-v4] epoch 314: test-all ROC 0.7009 PR 0.2893 | unseen ROC 0.5000 PR 0.0000 | valAUC 0.6793 | tau+ 0.500
[OUTPOST-v4] epoch 315: test-all ROC 0.7012 PR 0.2895 | unseen ROC 0.5000 PR 0.0000 | valAUC 0.6795 | tau+ 0.500
[OUTPOST-v4] epoch 316: test-all ROC 0.7014 PR 0.2897 | unseen ROC 0.5000 PR 0.0000 | valAUC 0.6795 | tau+ 0.500
[OUTPOST-v4] epoch 317: test-all ROC 0.7016 PR 0.2900 | unseen ROC 0.5000 PR 0.0000 | valAUC 0.6794 | tau+ 0.500
[OUTPOST-v4] epoch 318: test-all ROC 0.7016 PR 0.2901 | unseen ROC 0.5000 PR 0.0000 | valAUC 0.6802 | tau+ 0.500
[OUTPOST-v4] epoch 319: test-all ROC 0.7016 PR 0.2903 | unseen ROC 0.5000 PR 0.0000 | valAUC 0.6809 | tau+ 0.500
[OUTPOST-v4] epoch 320: test-all ROC 0.7015 PR 0.2905 | unseen ROC 0.5000 PR 0.0000 | valAUC 0.6823 | tau+ 0.500
[OUTPOST-v4] epoch 321: test-all ROC 0.7014 PR 0.2906 | unseen ROC 0.5000 PR 0.0000 | valAUC 0.6824 | tau+ 0.500
[OUTPOST-v4] epoch 322: test-all ROC 0.7015 PR 0.2908 | unseen ROC 0.5000 PR 0.0000 | valAUC 0.6823 | tau+ 0.500
[OUTPOST-v4] epoch 323: test-all ROC 0.7017 PR 0.2910 | unseen ROC 0.5000 PR 0.0000 | valAUC 0.6824 | tau+ 0.500
[OUTPOST-v4] epoch 324: test-all ROC 0.7018 PR 0.2912 | unseen ROC 0.5000 PR 0.0000 | valAUC 0.6821 | tau+ 0.500
[OUTPOST-v4] epoch 325: test-all ROC 0.7018 PR 0.2913 | unseen ROC 0.5000 PR 0.0000 | valAUC 0.6817 | tau+ 0.500
[OUTPOST-v4] epoch 326: test-all ROC 0.7016 PR 0.2914 | unseen ROC 0.5000 PR 0.0000 | valAUC 0.6811 | tau+ 0.500
[OUTPOST-v4] epoch 327: test-all ROC 0.7017 PR 0.2915 | unseen ROC 0.5000 PR 0.0000 | valAUC 0.6805 | tau+ 0.500
[OUTPOST-v4] epoch 328: test-all ROC 0.7020 PR 0.2917 | unseen ROC 0.5000 PR 0.0000 | valAUC 0.6793 | tau+ 0.500
[OUTPOST-v4] epoch 329: test-all ROC 0.7023 PR 0.2921 | unseen ROC 0.5000 PR 0.0000 | valAUC 0.6787 | tau+ 0.500
[OUTPOST-v4] epoch 330: test-all ROC 0.7025 PR 0.2923 | unseen ROC 0.5000 PR 0.0000 | valAUC 0.6789 | tau+ 0.500
[OUTPOST-v4] epoch 331: test-all ROC 0.7026 PR 0.2925 | unseen ROC 0.5000 PR 0.0000 | valAUC 0.6796 | tau+ 0.500
[OUTPOST-v4] epoch 332: test-all ROC 0.7026 PR 0.2927 | unseen ROC 0.5000 PR 0.0000 | valAUC 0.6798 | tau+ 0.500
[OUTPOST-v4] epoch 333: test-all ROC 0.7025 PR 0.2928 | unseen ROC 0.5000 PR 0.0000 | valAUC 0.6797 | tau+ 0.500
[OUTPOST-v4] epoch 334: test-all ROC 0.7026 PR 0.2929 | unseen ROC 0.5000 PR 0.0000 | valAUC 0.6790 | tau+ 0.500
[OUTPOST-v4] epoch 335: test-all ROC 0.7026 PR 0.2931 | unseen ROC 0.5000 PR 0.0000 | valAUC 0.6785 | tau+ 0.500
[OUTPOST-v4] epoch 336: test-all ROC 0.7027 PR 0.2932 | unseen ROC 0.5000 PR 0.0000 | valAUC 0.6793 | tau+ 0.500
[OUTPOST-v4] epoch 337: test-all ROC 0.7026 PR 0.2934 | unseen ROC 0.5000 PR 0.0000 | valAUC 0.6804 | tau+ 0.500
[OUTPOST-v4] epoch 338: test-all ROC 0.7026 PR 0.2935 | unseen ROC 0.5000 PR 0.0000 | valAUC 0.6802 | tau+ 0.500
[OUTPOST-v4] epoch 339: test-all ROC 0.7026 PR 0.2936 | unseen ROC 0.5000 PR 0.0000 | valAUC 0.6800 | tau+ 0.500
[OUTPOST-v4] epoch 340: test-all ROC 0.7026 PR 0.2937 | unseen ROC 0.5000 PR 0.0000 | valAUC 0.6804 | tau+ 0.500
[OUTPOST-v4] epoch 341: test-all ROC 0.7024 PR 0.2937 | unseen ROC 0.5000 PR 0.0000 | valAUC 0.6803 | tau+ 0.500
[OUTPOST-v4] epoch 342: test-all ROC 0.7022 PR 0.2937 | unseen ROC 0.5000 PR 0.0000 | valAUC 0.6804 | tau+ 0.500
[OUTPOST-v4] epoch 343: test-all ROC 0.7022 PR 0.2937 | unseen ROC 0.5000 PR 0.0000 | valAUC 0.6803 | tau+ 0.500
[OUTPOST-v4] epoch 344: test-all ROC 0.7023 PR 0.2939 | unseen ROC 0.5000 PR 0.0000 | valAUC 0.6810 | tau+ 0.500
[OUTPOST-v4] epoch 345: test-all ROC 0.7025 PR 0.2942 | unseen ROC 0.5000 PR 0.0000 | valAUC 0.6813 | tau+ 0.500
[OUTPOST-v4] epoch 346: test-all ROC 0.7025 PR 0.2944 | unseen ROC 0.5000 PR 0.0000 | valAUC 0.6804 | tau+ 0.500
[OUTPOST-v4] epoch 347: test-all ROC 0.7026 PR 0.2947 | unseen ROC 0.5000 PR 0.0000 | valAUC 0.6809 | tau+ 0.500
[OUTPOST-v4] epoch 348: test-all ROC 0.7028 PR 0.2950 | unseen ROC 0.5000 PR 0.0000 | valAUC 0.6814 | tau+ 0.500
[OUTPOST-v4] epoch 349: test-all ROC 0.7027 PR 0.2951 | unseen ROC 0.5000 PR 0.0000 | valAUC 0.6812 | tau+ 0.500
[OUTPOST-v4] epoch 350: test-all ROC 0.7027 PR 0.2953 | unseen ROC 0.5000 PR 0.0000 | valAUC 0.6810 | tau+ 0.500
[OUTPOST-v4] epoch 351: test-all ROC 0.7026 PR 0.2954 | unseen ROC 0.5000 PR 0.0000 | valAUC 0.6822 | tau+ 0.500
[OUTPOST-v4] epoch 352: test-all ROC 0.7024 PR 0.2954 | unseen ROC 0.5000 PR 0.0000 | valAUC 0.6829 | tau+ 0.500
[OUTPOST-v4] epoch 353: test-all ROC 0.7022 PR 0.2954 | unseen ROC 0.5000 PR 0.0000 | valAUC 0.6832 | tau+ 0.500
[OUTPOST-v4] epoch 354: test-all ROC 0.7021 PR 0.2954 | unseen ROC 0.5000 PR 0.0000 | valAUC 0.6835 | tau+ 0.500
[OUTPOST-v4] epoch 355: test-all ROC 0.7018 PR 0.2953 | unseen ROC 0.5000 PR 0.0000 | valAUC 0.6830 | tau+ 0.500
[OUTPOST-v4] epoch 356: test-all ROC 0.7016 PR 0.2952 | unseen ROC 0.5000 PR 0.0000 | valAUC 0.6828 | tau+ 0.500
[OUTPOST-v4] epoch 357: test-all ROC 0.7014 PR 0.2954 | unseen ROC 0.5000 PR 0.0000 | valAUC 0.6834 | tau+ 0.500
[OUTPOST-v4] epoch 358: test-all ROC 0.7011 PR 0.2953 | unseen ROC 0.5000 PR 0.0000 | valAUC 0.6836 | tau+ 0.500
[OUTPOST-v4] epoch 359: test-all ROC 0.7007 PR 0.2953 | unseen ROC 0.5000 PR 0.0000 | valAUC 0.6839 | tau+ 0.500
[OUTPOST-v4] epoch 360: test-all ROC 0.7006 PR 0.2955 | unseen ROC 0.5000 PR 0.0000 | valAUC 0.6843 | tau+ 0.500
[OUTPOST-v4] epoch 361: test-all ROC 0.7004 PR 0.2955 | unseen ROC 0.5000 PR 0.0000 | valAUC 0.6840 | tau+ 0.500
[OUTPOST-v4] epoch 362: test-all ROC 0.7002 PR 0.2955 | unseen ROC 0.5000 PR 0.0000 | valAUC 0.6847 | tau+ 0.500
[OUTPOST-v4] epoch 363: test-all ROC 0.7001 PR 0.2955 | unseen ROC 0.5000 PR 0.0000 | valAUC 0.6846 | tau+ 0.500
[OUTPOST-v4] epoch 364: test-all ROC 0.7002 PR 0.2958 | unseen ROC 0.5000 PR 0.0000 | valAUC 0.6845 | tau+ 0.500
[OUTPOST-v4] epoch 365: test-all ROC 0.7004 PR 0.2961 | unseen ROC 0.5000 PR 0.0000 | valAUC 0.6839 | tau+ 0.500
[OUTPOST-v4] epoch 366: test-all ROC 0.7002 PR 0.2963 | unseen ROC 0.5000 PR 0.0000 | valAUC 0.6841 | tau+ 0.500
[OUTPOST-v4] epoch 367: test-all ROC 0.6999 PR 0.2963 | unseen ROC 0.5000 PR 0.0000 | valAUC 0.6838 | tau+ 0.500
[OUTPOST-v4] epoch 368: test-all ROC 0.6996 PR 0.2964 | unseen ROC 0.5000 PR 0.0000 | valAUC 0.6845 | tau+ 0.500
[OUTPOST-v4] epoch 369: test-all ROC 0.6992 PR 0.2962 | unseen ROC 0.5000 PR 0.0000 | valAUC 0.6842 | tau+ 0.500
[OUTPOST-v4] epoch 370: test-all ROC 0.6988 PR 0.2961 | unseen ROC 0.5000 PR 0.0000 | valAUC 0.6843 | tau+ 0.500
[OUTPOST-v4] epoch 371: test-all ROC 0.6984 PR 0.2960 | unseen ROC 0.5000 PR 0.0000 | valAUC 0.6844 | tau+ 0.500
[OUTPOST-v4] epoch 372: test-all ROC 0.6982 PR 0.2958 | unseen ROC 0.5000 PR 0.0000 | valAUC 0.6834 | tau+ 0.500
[OUTPOST-v4] epoch 373: test-all ROC 0.6984 PR 0.2958 | unseen ROC 0.5000 PR 0.0000 | valAUC 0.6827 | tau+ 0.500
[OUTPOST-v4] epoch 374: test-all ROC 0.6984 PR 0.2959 | unseen ROC 0.5000 PR 0.0000 | valAUC 0.6827 | tau+ 0.500
[OUTPOST-v4] epoch 375: test-all ROC 0.6984 PR 0.2963 | unseen ROC 0.5000 PR 0.0000 | valAUC 0.6833 | tau+ 0.500
[OUTPOST-v4] epoch 376: test-all ROC 0.6982 PR 0.2960 | unseen ROC 0.5000 PR 0.0000 | valAUC 0.6812 | tau+ 0.500
[OUTPOST-v4] epoch 377: test-all ROC 0.6978 PR 0.2958 | unseen ROC 0.5000 PR 0.0000 | valAUC 0.6801 | tau+ 0.500
[OUTPOST-v4] epoch 378: test-all ROC 0.6973 PR 0.2958 | unseen ROC 0.5000 PR 0.0000 | valAUC 0.6791 | tau+ 0.500
[OUTPOST-v4] epoch 379: test-all ROC 0.6971 PR 0.2957 | unseen ROC 0.5000 PR 0.0000 | valAUC 0.6788 | tau+ 0.500
[OUTPOST-v4] epoch 380: test-all ROC 0.6969 PR 0.2955 | unseen ROC 0.5000 PR 0.0000 | valAUC 0.6790 | tau+ 0.500
[OUTPOST-v4] epoch 381: test-all ROC 0.6969 PR 0.2956 | unseen ROC 0.5000 PR 0.0000 | valAUC 0.6791 | tau+ 0.500
[OUTPOST-v4] epoch 382: test-all ROC 0.6971 PR 0.2960 | unseen ROC 0.5000 PR 0.0000 | valAUC 0.6792 | tau+ 0.500
[OUTPOST-v4] epoch 383: test-all ROC 0.6973 PR 0.2964 | unseen ROC 0.5000 PR 0.0000 | valAUC 0.6797 | tau+ 0.500
[OUTPOST-v4] epoch 384: test-all ROC 0.6976 PR 0.2969 | unseen ROC 0.5000 PR 0.0000 | valAUC 0.6791 | tau+ 0.500
[OUTPOST-v4] epoch 385: test-all ROC 0.6984 PR 0.2977 | unseen ROC 0.5000 PR 0.0000 | valAUC 0.6791 | tau+ 0.500
[OUTPOST-v4] epoch 386: test-all ROC 0.6990 PR 0.2984 | unseen ROC 0.5000 PR 0.0000 | valAUC 0.6788 | tau+ 0.500
[OUTPOST-v4] epoch 387: test-all ROC 0.6993 PR 0.2987 | unseen ROC 0.5000 PR 0.0000 | valAUC 0.6776 | tau+ 0.500
[OUTPOST-v4] epoch 388: test-all ROC 0.6999 PR 0.2992 | unseen ROC 0.5000 PR 0.0000 | valAUC 0.6776 | tau+ 0.500
[OUTPOST-v4] epoch 389: test-all ROC 0.7000 PR 0.2994 | unseen ROC 0.5000 PR 0.0000 | valAUC 0.6775 | tau+ 0.500
[OUTPOST-v4] epoch 390: test-all ROC 0.7000 PR 0.2997 | unseen ROC 0.5000 PR 0.0000 | valAUC 0.6764 | tau+ 0.500
[OUTPOST-v4] epoch 391: test-all ROC 0.7000 PR 0.2998 | unseen ROC 0.5000 PR 0.0000 | valAUC 0.6764 | tau+ 0.500
[OUTPOST-v4] epoch 392: test-all ROC 0.7002 PR 0.2998 | unseen ROC 0.5000 PR 0.0000 | valAUC 0.6746 | tau+ 0.500
[OUTPOST-v4] epoch 393: test-all ROC 0.7003 PR 0.2996 | unseen ROC 0.5000 PR 0.0000 | valAUC 0.6740 | tau+ 0.500
[OUTPOST-v4] epoch 394: test-all ROC 0.6999 PR 0.2993 | unseen ROC 0.5000 PR 0.0000 | valAUC 0.6730 | tau+ 0.500
[OUTPOST-v4] epoch 395: test-all ROC 0.6993 PR 0.2988 | unseen ROC 0.5000 PR 0.0000 | valAUC 0.6736 | tau+ 0.500
[OUTPOST-v4] epoch 396: test-all ROC 0.6990 PR 0.2985 | unseen ROC 0.5000 PR 0.0000 | valAUC 0.6724 | tau+ 0.500
[OUTPOST-v4] epoch 397: test-all ROC 0.6990 PR 0.2989 | unseen ROC 0.5000 PR 0.0000 | valAUC 0.6710 | tau+ 0.500
[OUTPOST-v4] epoch 398: test-all ROC 0.6991 PR 0.2995 | unseen ROC 0.5000 PR 0.0000 | valAUC 0.6710 | tau+ 0.500
[OUTPOST-v4] epoch 399: test-all ROC 0.6993 PR 0.3002 | unseen ROC 0.5000 PR 0.0000 | valAUC 0.6724 | tau+ 0.500
  rotation 1: ROC 0.7028 PR 0.3002
[yelp] params 7361, peak GPU 1.19 GB, 45.5 min total

[yelp] AGGREGATE  best-over-epochs: ROC 0.7028 PR 0.3002
[yelp] AGGREGATE  val-selected:     ROC 0.7002 PR 0.2955
row appended to results/results.csv
