# gpu=7 cmd=/usr/bin/python3 -u main.py --dataset yelp --seed 6 --method outpost --tag C_simplacebo --set sim_shuffle=true
/nas/home/jahin/.local/lib/python3.10/site-packages/torch_geometric/__init__.py:4: UserWarning: An issue occurred while importing 'torch-scatter'. Disabling its usage. Stacktrace: /nas/home/jahin/.local/lib/python3.10/site-packages/torch_scatter/_version_cuda.so: undefined symbol: _ZN5torch3jit17parseSchemaOrNameERKSsb
  import torch_geometric.typing
/nas/home/jahin/.local/lib/python3.10/site-packages/torch_geometric/__init__.py:4: UserWarning: An issue occurred while importing 'torch-sparse'. Disabling its usage. Stacktrace: /nas/home/jahin/.local/lib/python3.10/site-packages/torch_sparse/_version_cuda.so: undefined symbol: _ZN5torch3jit17parseSchemaOrNameERKSsb
  import torch_geometric.typing
/nas/home/jahin/.local/lib/python3.10/site-packages/requests/__init__.py:113: RequestsDependencyWarning: urllib3 (1.26.5) or chardet (7.2.0)/charset_normalizer (3.4.4) doesn't match a supported version!
  warnings.warn(
Disabling PyTorch because PyTorch >= 2.1 is required but found 2.0.1
None of PyTorch, TensorFlow >= 2.0, or Flax have been found. Models won't be available and only tokenizers, configuration and file/data utilities can be used.
/nas/home/jahin/.local/lib/python3.10/site-packages/outdated/__init__.py:36: UserWarning: pkg_resources is deprecated as an API. See https://setuptools.pypa.io/en/latest/pkg_resources.html. The pkg_resources package is slated for removal as early as 2025-11-30. Refrain from using this package or pin to Setuptools<81.
  from pkg_resources import parse_version
[utils] PPR/dgl path unavailable (libcudart.so.12: cannot open shared object file: No such file or directory); OUTPOST path unaffected.
[yelp] anomaly classes (rotations): [1]
Normal classes: [0] in yelp
Building multi-layer GraphSage
/nas/home/jahin/.local/lib/python3.10/site-packages/torch_geometric/data/data.py:187: UserWarning: Unable to accurately infer 'num_nodes' from the attribute set '{'y', 'x', 'edge_index'}'. Please explicitly set 'num_nodes' as an attribute of 'data' to suppress this warning
  return sum([v.num_nodes for v in self.node_stores])
[OUTPOST-v4] epoch 0: test-all ROC 0.4031 PR 0.1223 | unseen ROC 0.5000 PR 0.0000 | valAUC 0.4867 | tau+ 0.500
[OUTPOST-v4] epoch 1: test-all ROC 0.4457 PR 0.1369 | unseen ROC 0.5000 PR 0.0000 | valAUC 0.4779 | tau+ 0.500
[OUTPOST-v4] epoch 2: test-all ROC 0.4733 PR 0.1438 | unseen ROC 0.5000 PR 0.0000 | valAUC 0.5037 | tau+ 0.500
[OUTPOST-v4] epoch 3: test-all ROC 0.4846 PR 0.1510 | unseen ROC 0.5000 PR 0.0000 | valAUC 0.4997 | tau+ 0.500
[OUTPOST-v4] epoch 4: test-all ROC 0.5107 PR 0.1638 | unseen ROC 0.5000 PR 0.0000 | valAUC 0.4980 | tau+ 0.500
[OUTPOST-v4] epoch 5: test-all ROC 0.5116 PR 0.1626 | unseen ROC 0.5000 PR 0.0000 | valAUC 0.5000 | tau+ 0.500
[OUTPOST-v4] epoch 6: test-all ROC 0.5035 PR 0.1590 | unseen ROC 0.5000 PR 0.0000 | valAUC 0.4949 | tau+ 0.500
[OUTPOST-v4] epoch 7: test-all ROC 0.5001 PR 0.1570 | unseen ROC 0.5000 PR 0.0000 | valAUC 0.4961 | tau+ 0.500
[OUTPOST-v4] epoch 8: test-all ROC 0.4863 PR 0.1511 | unseen ROC 0.5000 PR 0.0000 | valAUC 0.4969 | tau+ 0.500
[OUTPOST-v4] epoch 9: test-all ROC 0.4920 PR 0.1523 | unseen ROC 0.5000 PR 0.0000 | valAUC 0.4970 | tau+ 0.500
[OUTPOST-v4] epoch 10: test-all ROC 0.4969 PR 0.1536 | unseen ROC 0.5000 PR 0.0000 | valAUC 0.4994 | tau+ 0.500
[OUTPOST-v4] epoch 11: test-all ROC 0.5002 PR 0.1548 | unseen ROC 0.5000 PR 0.0000 | valAUC 0.5019 | tau+ 0.500
[OUTPOST-v4] epoch 12: test-all ROC 0.5030 PR 0.1555 | unseen ROC 0.5000 PR 0.0000 | valAUC 0.5020 | tau+ 0.500
[OUTPOST-v4] epoch 13: test-all ROC 0.5056 PR 0.1560 | unseen ROC 0.5000 PR 0.0000 | valAUC 0.5022 | tau+ 0.500
[OUTPOST-v4] epoch 14: test-all ROC 0.5079 PR 0.1569 | unseen ROC 0.5000 PR 0.0000 | valAUC 0.5027 | tau+ 0.500
[OUTPOST-v4] epoch 15: test-all ROC 0.5105 PR 0.1576 | unseen ROC 0.5000 PR 0.0000 | valAUC 0.5037 | tau+ 0.500
[OUTPOST-v4] epoch 16: test-all ROC 0.5129 PR 0.1579 | unseen ROC 0.5000 PR 0.0000 | valAUC 0.5018 | tau+ 0.500
[OUTPOST-v4] epoch 17: test-all ROC 0.5146 PR 0.1579 | unseen ROC 0.5000 PR 0.0000 | valAUC 0.5039 | tau+ 0.500
[OUTPOST-v4] epoch 18: test-all ROC 0.5169 PR 0.1581 | unseen ROC 0.5000 PR 0.0000 | valAUC 0.5031 | tau+ 0.500
[OUTPOST-v4] epoch 19: test-all ROC 0.5189 PR 0.1584 | unseen ROC 0.5000 PR 0.0000 | valAUC 0.5020 | tau+ 0.500
[OUTPOST-v4] epoch 20: test-all ROC 0.5206 PR 0.1586 | unseen ROC 0.5000 PR 0.0000 | valAUC 0.5022 | tau+ 0.500
[OUTPOST-v4] epoch 21: test-all ROC 0.5221 PR 0.1588 | unseen ROC 0.5000 PR 0.0000 | valAUC 0.5031 | tau+ 0.500
[OUTPOST-v4] epoch 22: test-all ROC 0.5233 PR 0.1590 | unseen ROC 0.5000 PR 0.0000 | valAUC 0.5027 | tau+ 0.500
[OUTPOST-v4] epoch 23: test-all ROC 0.5245 PR 0.1592 | unseen ROC 0.5000 PR 0.0000 | valAUC 0.5024 | tau+ 0.500
[OUTPOST-v4] epoch 24: test-all ROC 0.5256 PR 0.1593 | unseen ROC 0.5000 PR 0.0000 | valAUC 0.5024 | tau+ 0.500
[OUTPOST-v4] epoch 25: test-all ROC 0.5265 PR 0.1594 | unseen ROC 0.5000 PR 0.0000 | valAUC 0.5044 | tau+ 0.500
[OUTPOST-v4] epoch 26: test-all ROC 0.5274 PR 0.1595 | unseen ROC 0.5000 PR 0.0000 | valAUC 0.5041 | tau+ 0.500
[OUTPOST-v4] epoch 27: test-all ROC 0.5281 PR 0.1596 | unseen ROC 0.5000 PR 0.0000 | valAUC 0.5037 | tau+ 0.500
[OUTPOST-v4] epoch 28: test-all ROC 0.5288 PR 0.1597 | unseen ROC 0.5000 PR 0.0000 | valAUC 0.5041 | tau+ 0.500
[OUTPOST-v4] epoch 29: test-all ROC 0.5294 PR 0.1599 | unseen ROC 0.5000 PR 0.0000 | valAUC 0.5040 | tau+ 0.500
[OUTPOST-v4] epoch 30: test-all ROC 0.5298 PR 0.1599 | unseen ROC 0.5000 PR 0.0000 | valAUC 0.5044 | tau+ 0.500
[OUTPOST-v4] epoch 31: test-all ROC 0.5302 PR 0.1600 | unseen ROC 0.5000 PR 0.0000 | valAUC 0.5048 | tau+ 0.500
[OUTPOST-v4] epoch 32: test-all ROC 0.5305 PR 0.1601 | unseen ROC 0.5000 PR 0.0000 | valAUC 0.5049 | tau+ 0.500
[OUTPOST-v4] epoch 33: test-all ROC 0.5306 PR 0.1602 | unseen ROC 0.5000 PR 0.0000 | valAUC 0.5048 | tau+ 0.500
[OUTPOST-v4] epoch 34: test-all ROC 0.5309 PR 0.1603 | unseen ROC 0.5000 PR 0.0000 | valAUC 0.5048 | tau+ 0.500
[OUTPOST-v4] epoch 35: test-all ROC 0.5310 PR 0.1604 | unseen ROC 0.5000 PR 0.0000 | valAUC 0.5057 | tau+ 0.500
[OUTPOST-v4] epoch 36: test-all ROC 0.5310 PR 0.1604 | unseen ROC 0.5000 PR 0.0000 | valAUC 0.5060 | tau+ 0.500
[OUTPOST-v4] epoch 37: test-all ROC 0.5310 PR 0.1605 | unseen ROC 0.5000 PR 0.0000 | valAUC 0.5062 | tau+ 0.500
[OUTPOST-v4] epoch 38: test-all ROC 0.5310 PR 0.1605 | unseen ROC 0.5000 PR 0.0000 | valAUC 0.5071 | tau+ 0.500
[OUTPOST-v4] epoch 39: test-all ROC 0.5311 PR 0.1606 | unseen ROC 0.5000 PR 0.0000 | valAUC 0.5077 | tau+ 0.500
[OUTPOST-v4] epoch 40: test-all ROC 0.5311 PR 0.1608 | unseen ROC 0.5000 PR 0.0000 | valAUC 0.5082 | tau+ 0.500
[OUTPOST-v4] epoch 41: test-all ROC 0.5311 PR 0.1609 | unseen ROC 0.5000 PR 0.0000 | valAUC 0.5078 | tau+ 0.500
[OUTPOST-v4] epoch 42: test-all ROC 0.5312 PR 0.1611 | unseen ROC 0.5000 PR 0.0000 | valAUC 0.5073 | tau+ 0.500
[OUTPOST-v4] epoch 43: test-all ROC 0.5313 PR 0.1613 | unseen ROC 0.5000 PR 0.0000 | valAUC 0.5079 | tau+ 0.500
[OUTPOST-v4] epoch 44: test-all ROC 0.5315 PR 0.1615 | unseen ROC 0.5000 PR 0.0000 | valAUC 0.5085 | tau+ 0.500
[OUTPOST-v4] epoch 45: test-all ROC 0.5317 PR 0.1617 | unseen ROC 0.5000 PR 0.0000 | valAUC 0.5081 | tau+ 0.500
[OUTPOST-v4] epoch 46: test-all ROC 0.5320 PR 0.1619 | unseen ROC 0.5000 PR 0.0000 | valAUC 0.5088 | tau+ 0.500
[OUTPOST-v4] epoch 47: test-all ROC 0.5322 PR 0.1621 | unseen ROC 0.5000 PR 0.0000 | valAUC 0.5095 | tau+ 0.500
[OUTPOST-v4] epoch 48: test-all ROC 0.5324 PR 0.1623 | unseen ROC 0.5000 PR 0.0000 | valAUC 0.5105 | tau+ 0.500
[OUTPOST-v4] epoch 49: test-all ROC 0.5327 PR 0.1626 | unseen ROC 0.5000 PR 0.0000 | valAUC 0.5113 | tau+ 0.500
[OUTPOST-v4] epoch 50: test-all ROC 0.5329 PR 0.1627 | unseen ROC 0.5000 PR 0.0000 | valAUC 0.5108 | tau+ 0.500
[OUTPOST-v4] epoch 51: test-all ROC 0.5331 PR 0.1629 | unseen ROC 0.5000 PR 0.0000 | valAUC 0.5109 | tau+ 0.500
[OUTPOST-v4] epoch 52: test-all ROC 0.5333 PR 0.1630 | unseen ROC 0.5000 PR 0.0000 | valAUC 0.5107 | tau+ 0.500
[OUTPOST-v4] epoch 53: test-all ROC 0.5335 PR 0.1631 | unseen ROC 0.5000 PR 0.0000 | valAUC 0.5108 | tau+ 0.500
[OUTPOST-v4] epoch 54: test-all ROC 0.5336 PR 0.1632 | unseen ROC 0.5000 PR 0.0000 | valAUC 0.5109 | tau+ 0.500
[OUTPOST-v4] epoch 55: test-all ROC 0.5336 PR 0.1632 | unseen ROC 0.5000 PR 0.0000 | valAUC 0.5105 | tau+ 0.500
[OUTPOST-v4] epoch 56: test-all ROC 0.5336 PR 0.1632 | unseen ROC 0.5000 PR 0.0000 | valAUC 0.5114 | tau+ 0.500
[OUTPOST-v4] epoch 57: test-all ROC 0.5336 PR 0.1632 | unseen ROC 0.5000 PR 0.0000 | valAUC 0.5114 | tau+ 0.500
[OUTPOST-v4] epoch 58: test-all ROC 0.5336 PR 0.1631 | unseen ROC 0.5000 PR 0.0000 | valAUC 0.5110 | tau+ 0.500
[OUTPOST-v4] epoch 59: test-all ROC 0.5338 PR 0.1631 | unseen ROC 0.5000 PR 0.0000 | valAUC 0.5107 | tau+ 0.500
[OUTPOST-v4] epoch 60: test-all ROC 0.5340 PR 0.1632 | unseen ROC 0.5000 PR 0.0000 | valAUC 0.5099 | tau+ 0.500
[OUTPOST-v4] epoch 61: test-all ROC 0.5342 PR 0.1632 | unseen ROC 0.5000 PR 0.0000 | valAUC 0.5103 | tau+ 0.500
[OUTPOST-v4] epoch 62: test-all ROC 0.5346 PR 0.1633 | unseen ROC 0.5000 PR 0.0000 | valAUC 0.5107 | tau+ 0.500
[OUTPOST-v4] epoch 63: test-all ROC 0.5349 PR 0.1634 | unseen ROC 0.5000 PR 0.0000 | valAUC 0.5109 | tau+ 0.500
[OUTPOST-v4] epoch 64: test-all ROC 0.5354 PR 0.1635 | unseen ROC 0.5000 PR 0.0000 | valAUC 0.5119 | tau+ 0.500
[OUTPOST-v4] epoch 65: test-all ROC 0.5358 PR 0.1637 | unseen ROC 0.5000 PR 0.0000 | valAUC 0.5123 | tau+ 0.500
[OUTPOST-v4] epoch 66: test-all ROC 0.5362 PR 0.1638 | unseen ROC 0.5000 PR 0.0000 | valAUC 0.5122 | tau+ 0.500
[OUTPOST-v4] epoch 67: test-all ROC 0.5368 PR 0.1640 | unseen ROC 0.5000 PR 0.0000 | valAUC 0.5113 | tau+ 0.500
[OUTPOST-v4] epoch 68: test-all ROC 0.5374 PR 0.1643 | unseen ROC 0.5000 PR 0.0000 | valAUC 0.5111 | tau+ 0.500
[OUTPOST-v4] epoch 69: test-all ROC 0.5381 PR 0.1645 | unseen ROC 0.5000 PR 0.0000 | valAUC 0.5111 | tau+ 0.500
[OUTPOST-v4] epoch 70: test-all ROC 0.5389 PR 0.1648 | unseen ROC 0.5000 PR 0.0000 | valAUC 0.5115 | tau+ 0.500
[OUTPOST-v4] epoch 71: test-all ROC 0.5397 PR 0.1652 | unseen ROC 0.5000 PR 0.0000 | valAUC 0.5123 | tau+ 0.500
[OUTPOST-v4] epoch 72: test-all ROC 0.5406 PR 0.1656 | unseen ROC 0.5000 PR 0.0000 | valAUC 0.5132 | tau+ 0.500
[OUTPOST-v4] epoch 73: test-all ROC 0.5415 PR 0.1660 | unseen ROC 0.5000 PR 0.0000 | valAUC 0.5134 | tau+ 0.500
[OUTPOST-v4] epoch 74: test-all ROC 0.5425 PR 0.1664 | unseen ROC 0.5000 PR 0.0000 | valAUC 0.5137 | tau+ 0.500
[OUTPOST-v4] epoch 75: test-all ROC 0.5434 PR 0.1668 | unseen ROC 0.5000 PR 0.0000 | valAUC 0.5139 | tau+ 0.500
[OUTPOST-v4] epoch 76: test-all ROC 0.5443 PR 0.1672 | unseen ROC 0.5000 PR 0.0000 | valAUC 0.5145 | tau+ 0.500
[OUTPOST-v4] epoch 77: test-all ROC 0.5452 PR 0.1675 | unseen ROC 0.5000 PR 0.0000 | valAUC 0.5162 | tau+ 0.500
[OUTPOST-v4] epoch 78: test-all ROC 0.5460 PR 0.1679 | unseen ROC 0.5000 PR 0.0000 | valAUC 0.5162 | tau+ 0.500
[OUTPOST-v4] epoch 79: test-all ROC 0.5469 PR 0.1683 | unseen ROC 0.5000 PR 0.0000 | valAUC 0.5165 | tau+ 0.500
[OUTPOST-v4] epoch 80: test-all ROC 0.5477 PR 0.1687 | unseen ROC 0.5000 PR 0.0000 | valAUC 0.5170 | tau+ 0.500
[OUTPOST-v4] epoch 81: test-all ROC 0.5486 PR 0.1690 | unseen ROC 0.5000 PR 0.0000 | valAUC 0.5178 | tau+ 0.500
[OUTPOST-v4] epoch 82: test-all ROC 0.5494 PR 0.1694 | unseen ROC 0.5000 PR 0.0000 | valAUC 0.5194 | tau+ 0.500
[OUTPOST-v4] epoch 83: test-all ROC 0.5502 PR 0.1698 | unseen ROC 0.5000 PR 0.0000 | valAUC 0.5206 | tau+ 0.500
[OUTPOST-v4] epoch 84: test-all ROC 0.5510 PR 0.1702 | unseen ROC 0.5000 PR 0.0000 | valAUC 0.5206 | tau+ 0.500
[OUTPOST-v4] epoch 85: test-all ROC 0.5519 PR 0.1706 | unseen ROC 0.5000 PR 0.0000 | valAUC 0.5218 | tau+ 0.500
[OUTPOST-v4] epoch 86: test-all ROC 0.5527 PR 0.1709 | unseen ROC 0.5000 PR 0.0000 | valAUC 0.5224 | tau+ 0.500
[OUTPOST-v4] epoch 87: test-all ROC 0.5534 PR 0.1712 | unseen ROC 0.5000 PR 0.0000 | valAUC 0.5221 | tau+ 0.500
[OUTPOST-v4] epoch 88: test-all ROC 0.5540 PR 0.1715 | unseen ROC 0.5000 PR 0.0000 | valAUC 0.5224 | tau+ 0.500
[OUTPOST-v4] epoch 89: test-all ROC 0.5545 PR 0.1718 | unseen ROC 0.5000 PR 0.0000 | valAUC 0.5235 | tau+ 0.500
[OUTPOST-v4] epoch 90: test-all ROC 0.5548 PR 0.1720 | unseen ROC 0.5000 PR 0.0000 | valAUC 0.5233 | tau+ 0.500
[OUTPOST-v4] epoch 91: test-all ROC 0.5551 PR 0.1721 | unseen ROC 0.5000 PR 0.0000 | valAUC 0.5235 | tau+ 0.500
[OUTPOST-v4] epoch 92: test-all ROC 0.5554 PR 0.1722 | unseen ROC 0.5000 PR 0.0000 | valAUC 0.5237 | tau+ 0.500
[OUTPOST-v4] epoch 93: test-all ROC 0.5557 PR 0.1724 | unseen ROC 0.5000 PR 0.0000 | valAUC 0.5237 | tau+ 0.500
[OUTPOST-v4] epoch 94: test-all ROC 0.5561 PR 0.1726 | unseen ROC 0.5000 PR 0.0000 | valAUC 0.5240 | tau+ 0.500
[OUTPOST-v4] epoch 95: test-all ROC 0.5566 PR 0.1728 | unseen ROC 0.5000 PR 0.0000 | valAUC 0.5237 | tau+ 0.500
[OUTPOST-v4] epoch 96: test-all ROC 0.5570 PR 0.1730 | unseen ROC 0.5000 PR 0.0000 | valAUC 0.5235 | tau+ 0.500
[OUTPOST-v4] epoch 97: test-all ROC 0.5575 PR 0.1732 | unseen ROC 0.5000 PR 0.0000 | valAUC 0.5231 | tau+ 0.500
[OUTPOST-v4] epoch 98: test-all ROC 0.5580 PR 0.1735 | unseen ROC 0.5000 PR 0.0000 | valAUC 0.5240 | tau+ 0.500
[OUTPOST-v4] epoch 99: test-all ROC 0.5585 PR 0.1737 | unseen ROC 0.5000 PR 0.0000 | valAUC 0.5240 | tau+ 0.500
[OUTPOST-v4] epoch 100: test-all ROC 0.5589 PR 0.1739 | unseen ROC 0.5000 PR 0.0000 | valAUC 0.5238 | tau+ 0.500
[OUTPOST-v4] epoch 101: test-all ROC 0.5595 PR 0.1741 | unseen ROC 0.5000 PR 0.0000 | valAUC 0.5239 | tau+ 0.500
[OUTPOST-v4] epoch 102: test-all ROC 0.5602 PR 0.1745 | unseen ROC 0.5000 PR 0.0000 | valAUC 0.5240 | tau+ 0.500
[OUTPOST-v4] epoch 103: test-all ROC 0.5610 PR 0.1749 | unseen ROC 0.5000 PR 0.0000 | valAUC 0.5247 | tau+ 0.500
[OUTPOST-v4] epoch 104: test-all ROC 0.5620 PR 0.1753 | unseen ROC 0.5000 PR 0.0000 | valAUC 0.5255 | tau+ 0.500
[OUTPOST-v4] epoch 105: test-all ROC 0.5629 PR 0.1758 | unseen ROC 0.5000 PR 0.0000 | valAUC 0.5259 | tau+ 0.500
[OUTPOST-v4] epoch 106: test-all ROC 0.5639 PR 0.1763 | unseen ROC 0.5000 PR 0.0000 | valAUC 0.5271 | tau+ 0.500
[OUTPOST-v4] epoch 107: test-all ROC 0.5650 PR 0.1768 | unseen ROC 0.5000 PR 0.0000 | valAUC 0.5281 | tau+ 0.500
[OUTPOST-v4] epoch 108: test-all ROC 0.5662 PR 0.1774 | unseen ROC 0.5000 PR 0.0000 | valAUC 0.5295 | tau+ 0.500
[OUTPOST-v4] epoch 109: test-all ROC 0.5675 PR 0.1780 | unseen ROC 0.5000 PR 0.0000 | valAUC 0.5301 | tau+ 0.500
[OUTPOST-v4] epoch 110: test-all ROC 0.5687 PR 0.1786 | unseen ROC 0.5000 PR 0.0000 | valAUC 0.5311 | tau+ 0.500
[OUTPOST-v4] epoch 111: test-all ROC 0.5699 PR 0.1792 | unseen ROC 0.5000 PR 0.0000 | valAUC 0.5320 | tau+ 0.500
[OUTPOST-v4] epoch 112: test-all ROC 0.5710 PR 0.1798 | unseen ROC 0.5000 PR 0.0000 | valAUC 0.5322 | tau+ 0.500
[OUTPOST-v4] epoch 113: test-all ROC 0.5722 PR 0.1804 | unseen ROC 0.5000 PR 0.0000 | valAUC 0.5331 | tau+ 0.500
[OUTPOST-v4] epoch 114: test-all ROC 0.5733 PR 0.1810 | unseen ROC 0.5000 PR 0.0000 | valAUC 0.5333 | tau+ 0.500
[OUTPOST-v4] epoch 115: test-all ROC 0.5744 PR 0.1816 | unseen ROC 0.5000 PR 0.0000 | valAUC 0.5342 | tau+ 0.500
[OUTPOST-v4] epoch 116: test-all ROC 0.5753 PR 0.1821 | unseen ROC 0.5000 PR 0.0000 | valAUC 0.5346 | tau+ 0.500
[OUTPOST-v4] epoch 117: test-all ROC 0.5761 PR 0.1826 | unseen ROC 0.5000 PR 0.0000 | valAUC 0.5349 | tau+ 0.500
[OUTPOST-v4] epoch 118: test-all ROC 0.5770 PR 0.1831 | unseen ROC 0.5000 PR 0.0000 | valAUC 0.5352 | tau+ 0.500
[OUTPOST-v4] epoch 119: test-all ROC 0.5778 PR 0.1835 | unseen ROC 0.5000 PR 0.0000 | valAUC 0.5362 | tau+ 0.500
[OUTPOST-v4] epoch 120: test-all ROC 0.5786 PR 0.1840 | unseen ROC 0.5000 PR 0.0000 | valAUC 0.5361 | tau+ 0.500
[OUTPOST-v4] epoch 121: test-all ROC 0.5794 PR 0.1844 | unseen ROC 0.5000 PR 0.0000 | valAUC 0.5368 | tau+ 0.500
[OUTPOST-v4] epoch 122: test-all ROC 0.5802 PR 0.1849 | unseen ROC 0.5000 PR 0.0000 | valAUC 0.5371 | tau+ 0.500
[OUTPOST-v4] epoch 123: test-all ROC 0.5809 PR 0.1853 | unseen ROC 0.5000 PR 0.0000 | valAUC 0.5371 | tau+ 0.500
[OUTPOST-v4] epoch 124: test-all ROC 0.5817 PR 0.1857 | unseen ROC 0.5000 PR 0.0000 | valAUC 0.5371 | tau+ 0.500
[OUTPOST-v4] epoch 125: test-all ROC 0.5823 PR 0.1862 | unseen ROC 0.5000 PR 0.0000 | valAUC 0.5372 | tau+ 0.500
[OUTPOST-v4] epoch 126: test-all ROC 0.5833 PR 0.1867 | unseen ROC 0.5000 PR 0.0000 | valAUC 0.5379 | tau+ 0.500
[OUTPOST-v4] epoch 127: test-all ROC 0.5844 PR 0.1874 | unseen ROC 0.5000 PR 0.0000 | valAUC 0.5387 | tau+ 0.500
[OUTPOST-v4] epoch 128: test-all ROC 0.5856 PR 0.1880 | unseen ROC 0.5000 PR 0.0000 | valAUC 0.5388 | tau+ 0.500
[OUTPOST-v4] epoch 129: test-all ROC 0.5870 PR 0.1888 | unseen ROC 0.5000 PR 0.0000 | valAUC 0.5410 | tau+ 0.500
[OUTPOST-v4] epoch 130: test-all ROC 0.5884 PR 0.1896 | unseen ROC 0.5000 PR 0.0000 | valAUC 0.5423 | tau+ 0.500
[OUTPOST-v4] epoch 131: test-all ROC 0.5898 PR 0.1903 | unseen ROC 0.5000 PR 0.0000 | valAUC 0.5430 | tau+ 0.500
[OUTPOST-v4] epoch 132: test-all ROC 0.5911 PR 0.1910 | unseen ROC 0.5000 PR 0.0000 | valAUC 0.5439 | tau+ 0.500
[OUTPOST-v4] epoch 133: test-all ROC 0.5924 PR 0.1918 | unseen ROC 0.5000 PR 0.0000 | valAUC 0.5445 | tau+ 0.500
[OUTPOST-v4] epoch 134: test-all ROC 0.5936 PR 0.1924 | unseen ROC 0.5000 PR 0.0000 | valAUC 0.5445 | tau+ 0.500
[OUTPOST-v4] epoch 135: test-all ROC 0.5947 PR 0.1931 | unseen ROC 0.5000 PR 0.0000 | valAUC 0.5451 | tau+ 0.500
[OUTPOST-v4] epoch 136: test-all ROC 0.5958 PR 0.1937 | unseen ROC 0.5000 PR 0.0000 | valAUC 0.5452 | tau+ 0.500
[OUTPOST-v4] epoch 137: test-all ROC 0.5969 PR 0.1943 | unseen ROC 0.5000 PR 0.0000 | valAUC 0.5454 | tau+ 0.500
[OUTPOST-v4] epoch 138: test-all ROC 0.5979 PR 0.1950 | unseen ROC 0.5000 PR 0.0000 | valAUC 0.5463 | tau+ 0.500
[OUTPOST-v4] epoch 139: test-all ROC 0.5991 PR 0.1957 | unseen ROC 0.5000 PR 0.0000 | valAUC 0.5468 | tau+ 0.500
[OUTPOST-v4] epoch 140: test-all ROC 0.6003 PR 0.1964 | unseen ROC 0.5000 PR 0.0000 | valAUC 0.5472 | tau+ 0.500
[OUTPOST-v4] epoch 141: test-all ROC 0.6016 PR 0.1971 | unseen ROC 0.5000 PR 0.0000 | valAUC 0.5482 | tau+ 0.500
[OUTPOST-v4] epoch 142: test-all ROC 0.6027 PR 0.1979 | unseen ROC 0.5000 PR 0.0000 | valAUC 0.5489 | tau+ 0.500
[OUTPOST-v4] epoch 143: test-all ROC 0.6040 PR 0.1986 | unseen ROC 0.5000 PR 0.0000 | valAUC 0.5491 | tau+ 0.500
[OUTPOST-v4] epoch 144: test-all ROC 0.6054 PR 0.1995 | unseen ROC 0.5000 PR 0.0000 | valAUC 0.5503 | tau+ 0.500
[OUTPOST-v4] epoch 145: test-all ROC 0.6066 PR 0.2002 | unseen ROC 0.5000 PR 0.0000 | valAUC 0.5506 | tau+ 0.500
[OUTPOST-v4] epoch 146: test-all ROC 0.6078 PR 0.2010 | unseen ROC 0.5000 PR 0.0000 | valAUC 0.5516 | tau+ 0.500
[OUTPOST-v4] epoch 147: test-all ROC 0.6091 PR 0.2017 | unseen ROC 0.5000 PR 0.0000 | valAUC 0.5524 | tau+ 0.500
[OUTPOST-v4] epoch 148: test-all ROC 0.6103 PR 0.2025 | unseen ROC 0.5000 PR 0.0000 | valAUC 0.5530 | tau+ 0.500
[OUTPOST-v4] epoch 149: test-all ROC 0.6115 PR 0.2033 | unseen ROC 0.5000 PR 0.0000 | valAUC 0.5537 | tau+ 0.500
[OUTPOST-v4] epoch 150: test-all ROC 0.6125 PR 0.2039 | unseen ROC 0.5000 PR 0.0000 | valAUC 0.5549 | tau+ 0.500
[OUTPOST-v4] epoch 151: test-all ROC 0.6135 PR 0.2047 | unseen ROC 0.5000 PR 0.0000 | valAUC 0.5559 | tau+ 0.500
[OUTPOST-v4] epoch 152: test-all ROC 0.6146 PR 0.2054 | unseen ROC 0.5000 PR 0.0000 | valAUC 0.5569 | tau+ 0.500
[OUTPOST-v4] epoch 153: test-all ROC 0.6157 PR 0.2061 | unseen ROC 0.5000 PR 0.0000 | valAUC 0.5571 | tau+ 0.500
[OUTPOST-v4] epoch 154: test-all ROC 0.6167 PR 0.2068 | unseen ROC 0.5000 PR 0.0000 | valAUC 0.5577 | tau+ 0.500
[OUTPOST-v4] epoch 155: test-all ROC 0.6177 PR 0.2074 | unseen ROC 0.5000 PR 0.0000 | valAUC 0.5580 | tau+ 0.500
[OUTPOST-v4] epoch 156: test-all ROC 0.6184 PR 0.2080 | unseen ROC 0.5000 PR 0.0000 | valAUC 0.5575 | tau+ 0.500
[OUTPOST-v4] epoch 157: test-all ROC 0.6192 PR 0.2086 | unseen ROC 0.5000 PR 0.0000 | valAUC 0.5570 | tau+ 0.500
[OUTPOST-v4] epoch 158: test-all ROC 0.6198 PR 0.2091 | unseen ROC 0.5000 PR 0.0000 | valAUC 0.5577 | tau+ 0.500
[OUTPOST-v4] epoch 159: test-all ROC 0.6204 PR 0.2096 | unseen ROC 0.5000 PR 0.0000 | valAUC 0.5575 | tau+ 0.500
[OUTPOST-v4] epoch 160: test-all ROC 0.6210 PR 0.2101 | unseen ROC 0.5000 PR 0.0000 | valAUC 0.5571 | tau+ 0.500
[OUTPOST-v4] epoch 161: test-all ROC 0.6218 PR 0.2108 | unseen ROC 0.5000 PR 0.0000 | valAUC 0.5576 | tau+ 0.500
[OUTPOST-v4] epoch 162: test-all ROC 0.6229 PR 0.2115 | unseen ROC 0.5000 PR 0.0000 | valAUC 0.5578 | tau+ 0.500
[OUTPOST-v4] epoch 163: test-all ROC 0.6241 PR 0.2124 | unseen ROC 0.5000 PR 0.0000 | valAUC 0.5585 | tau+ 0.500
[OUTPOST-v4] epoch 164: test-all ROC 0.6253 PR 0.2132 | unseen ROC 0.5000 PR 0.0000 | valAUC 0.5602 | tau+ 0.500
[OUTPOST-v4] epoch 165: test-all ROC 0.6263 PR 0.2139 | unseen ROC 0.5000 PR 0.0000 | valAUC 0.5607 | tau+ 0.500
[OUTPOST-v4] epoch 166: test-all ROC 0.6270 PR 0.2145 | unseen ROC 0.5000 PR 0.0000 | valAUC 0.5605 | tau+ 0.500
[OUTPOST-v4] epoch 167: test-all ROC 0.6278 PR 0.2152 | unseen ROC 0.5000 PR 0.0000 | valAUC 0.5608 | tau+ 0.500
[OUTPOST-v4] epoch 168: test-all ROC 0.6284 PR 0.2158 | unseen ROC 0.5000 PR 0.0000 | valAUC 0.5603 | tau+ 0.500
[OUTPOST-v4] epoch 169: test-all ROC 0.6293 PR 0.2164 | unseen ROC 0.5000 PR 0.0000 | valAUC 0.5610 | tau+ 0.500
[OUTPOST-v4] epoch 170: test-all ROC 0.6302 PR 0.2171 | unseen ROC 0.5000 PR 0.0000 | valAUC 0.5617 | tau+ 0.500
[OUTPOST-v4] epoch 171: test-all ROC 0.6309 PR 0.2177 | unseen ROC 0.5000 PR 0.0000 | valAUC 0.5622 | tau+ 0.500
[OUTPOST-v4] epoch 172: test-all ROC 0.6316 PR 0.2183 | unseen ROC 0.5000 PR 0.0000 | valAUC 0.5634 | tau+ 0.500
[OUTPOST-v4] epoch 173: test-all ROC 0.6322 PR 0.2188 | unseen ROC 0.5000 PR 0.0000 | valAUC 0.5644 | tau+ 0.500
[OUTPOST-v4] epoch 174: test-all ROC 0.6326 PR 0.2192 | unseen ROC 0.5000 PR 0.0000 | valAUC 0.5642 | tau+ 0.500
[OUTPOST-v4] epoch 175: test-all ROC 0.6329 PR 0.2195 | unseen ROC 0.5000 PR 0.0000 | valAUC 0.5639 | tau+ 0.500
[OUTPOST-v4] epoch 176: test-all ROC 0.6335 PR 0.2201 | unseen ROC 0.5000 PR 0.0000 | valAUC 0.5643 | tau+ 0.500
[OUTPOST-v4] epoch 177: test-all ROC 0.6343 PR 0.2207 | unseen ROC 0.5000 PR 0.0000 | valAUC 0.5650 | tau+ 0.500
[OUTPOST-v4] epoch 178: test-all ROC 0.6352 PR 0.2213 | unseen ROC 0.5000 PR 0.0000 | valAUC 0.5648 | tau+ 0.500
[OUTPOST-v4] epoch 179: test-all ROC 0.6362 PR 0.2220 | unseen ROC 0.5000 PR 0.0000 | valAUC 0.5651 | tau+ 0.500
[OUTPOST-v4] epoch 180: test-all ROC 0.6372 PR 0.2226 | unseen ROC 0.5000 PR 0.0000 | valAUC 0.5656 | tau+ 0.500
[OUTPOST-v4] epoch 181: test-all ROC 0.6380 PR 0.2232 | unseen ROC 0.5000 PR 0.0000 | valAUC 0.5657 | tau+ 0.500
[OUTPOST-v4] epoch 182: test-all ROC 0.6387 PR 0.2237 | unseen ROC 0.5000 PR 0.0000 | valAUC 0.5660 | tau+ 0.500
[OUTPOST-v4] epoch 183: test-all ROC 0.6393 PR 0.2242 | unseen ROC 0.5000 PR 0.0000 | valAUC 0.5659 | tau+ 0.500
[OUTPOST-v4] epoch 184: test-all ROC 0.6401 PR 0.2247 | unseen ROC 0.5000 PR 0.0000 | valAUC 0.5674 | tau+ 0.500
[OUTPOST-v4] epoch 185: test-all ROC 0.6407 PR 0.2252 | unseen ROC 0.5000 PR 0.0000 | valAUC 0.5678 | tau+ 0.500
[OUTPOST-v4] epoch 186: test-all ROC 0.6415 PR 0.2258 | unseen ROC 0.5000 PR 0.0000 | valAUC 0.5686 | tau+ 0.500
[OUTPOST-v4] epoch 187: test-all ROC 0.6423 PR 0.2263 | unseen ROC 0.5000 PR 0.0000 | valAUC 0.5696 | tau+ 0.500
[OUTPOST-v4] epoch 188: test-all ROC 0.6429 PR 0.2268 | unseen ROC 0.5000 PR 0.0000 | valAUC 0.5701 | tau+ 0.500
[OUTPOST-v4] epoch 189: test-all ROC 0.6433 PR 0.2272 | unseen ROC 0.5000 PR 0.0000 | valAUC 0.5704 | tau+ 0.500
[OUTPOST-v4] epoch 190: test-all ROC 0.6435 PR 0.2274 | unseen ROC 0.5000 PR 0.0000 | valAUC 0.5704 | tau+ 0.500
[OUTPOST-v4] epoch 191: test-all ROC 0.6440 PR 0.2279 | unseen ROC 0.5000 PR 0.0000 | valAUC 0.5713 | tau+ 0.500
[OUTPOST-v4] epoch 192: test-all ROC 0.6449 PR 0.2285 | unseen ROC 0.5000 PR 0.0000 | valAUC 0.5719 | tau+ 0.500
[OUTPOST-v4] epoch 193: test-all ROC 0.6459 PR 0.2293 | unseen ROC 0.5000 PR 0.0000 | valAUC 0.5727 | tau+ 0.500
[OUTPOST-v4] epoch 194: test-all ROC 0.6468 PR 0.2299 | unseen ROC 0.5000 PR 0.0000 | valAUC 0.5730 | tau+ 0.500
[OUTPOST-v4] epoch 195: test-all ROC 0.6475 PR 0.2305 | unseen ROC 0.5000 PR 0.0000 | valAUC 0.5734 | tau+ 0.500
[OUTPOST-v4] epoch 196: test-all ROC 0.6480 PR 0.2309 | unseen ROC 0.5000 PR 0.0000 | valAUC 0.5733 | tau+ 0.500
[OUTPOST-v4] epoch 197: test-all ROC 0.6483 PR 0.2311 | unseen ROC 0.5000 PR 0.0000 | valAUC 0.5730 | tau+ 0.500
[OUTPOST-v4] epoch 198: test-all ROC 0.6484 PR 0.2313 | unseen ROC 0.5000 PR 0.0000 | valAUC 0.5731 | tau+ 0.500
[OUTPOST-v4] epoch 199: test-all ROC 0.6489 PR 0.2317 | unseen ROC 0.5000 PR 0.0000 | valAUC 0.5739 | tau+ 0.500
[OUTPOST-v4] epoch 200: test-all ROC 0.6494 PR 0.2321 | unseen ROC 0.5000 PR 0.0000 | valAUC 0.5746 | tau+ 0.500
[OUTPOST-v4] epoch 201: test-all ROC 0.6499 PR 0.2325 | unseen ROC 0.5000 PR 0.0000 | valAUC 0.5742 | tau+ 0.500
[OUTPOST-v4] epoch 202: test-all ROC 0.6505 PR 0.2329 | unseen ROC 0.5000 PR 0.0000 | valAUC 0.5738 | tau+ 0.500
[OUTPOST-v4] epoch 203: test-all ROC 0.6510 PR 0.2333 | unseen ROC 0.5000 PR 0.0000 | valAUC 0.5720 | tau+ 0.500
[OUTPOST-v4] epoch 204: test-all ROC 0.6512 PR 0.2336 | unseen ROC 0.5000 PR 0.0000 | valAUC 0.5715 | tau+ 0.500
[OUTPOST-v4] epoch 205: test-all ROC 0.6513 PR 0.2338 | unseen ROC 0.5000 PR 0.0000 | valAUC 0.5707 | tau+ 0.500
[OUTPOST-v4] epoch 206: test-all ROC 0.6515 PR 0.2340 | unseen ROC 0.5000 PR 0.0000 | valAUC 0.5714 | tau+ 0.500
[OUTPOST-v4] epoch 207: test-all ROC 0.6519 PR 0.2343 | unseen ROC 0.5000 PR 0.0000 | valAUC 0.5717 | tau+ 0.500
[OUTPOST-v4] epoch 208: test-all ROC 0.6522 PR 0.2345 | unseen ROC 0.5000 PR 0.0000 | valAUC 0.5729 | tau+ 0.500
[OUTPOST-v4] epoch 209: test-all ROC 0.6532 PR 0.2351 | unseen ROC 0.5000 PR 0.0000 | valAUC 0.5740 | tau+ 0.500
[OUTPOST-v4] epoch 210: test-all ROC 0.6543 PR 0.2359 | unseen ROC 0.5000 PR 0.0000 | valAUC 0.5752 | tau+ 0.500
[OUTPOST-v4] epoch 211: test-all ROC 0.6551 PR 0.2364 | unseen ROC 0.5000 PR 0.0000 | valAUC 0.5759 | tau+ 0.500
[OUTPOST-v4] epoch 212: test-all ROC 0.6558 PR 0.2369 | unseen ROC 0.5000 PR 0.0000 | valAUC 0.5775 | tau+ 0.500
[OUTPOST-v4] epoch 213: test-all ROC 0.6560 PR 0.2371 | unseen ROC 0.5000 PR 0.0000 | valAUC 0.5786 | tau+ 0.500
[OUTPOST-v4] epoch 214: test-all ROC 0.6560 PR 0.2371 | unseen ROC 0.5000 PR 0.0000 | valAUC 0.5787 | tau+ 0.500
[OUTPOST-v4] epoch 215: test-all ROC 0.6556 PR 0.2370 | unseen ROC 0.5000 PR 0.0000 | valAUC 0.5786 | tau+ 0.500
[OUTPOST-v4] epoch 216: test-all ROC 0.6555 PR 0.2372 | unseen ROC 0.5000 PR 0.0000 | valAUC 0.5784 | tau+ 0.500
[OUTPOST-v4] epoch 217: test-all ROC 0.6554 PR 0.2373 | unseen ROC 0.5000 PR 0.0000 | valAUC 0.5783 | tau+ 0.500
[OUTPOST-v4] epoch 218: test-all ROC 0.6558 PR 0.2375 | unseen ROC 0.5000 PR 0.0000 | valAUC 0.5786 | tau+ 0.500
[OUTPOST-v4] epoch 219: test-all ROC 0.6568 PR 0.2382 | unseen ROC 0.5000 PR 0.0000 | valAUC 0.5797 | tau+ 0.500
[OUTPOST-v4] epoch 220: test-all ROC 0.6578 PR 0.2388 | unseen ROC 0.5000 PR 0.0000 | valAUC 0.5798 | tau+ 0.500
[OUTPOST-v4] epoch 221: test-all ROC 0.6587 PR 0.2394 | unseen ROC 0.5000 PR 0.0000 | valAUC 0.5814 | tau+ 0.500
[OUTPOST-v4] epoch 222: test-all ROC 0.6594 PR 0.2399 | unseen ROC 0.5000 PR 0.0000 | valAUC 0.5822 | tau+ 0.500
[OUTPOST-v4] epoch 223: test-all ROC 0.6599 PR 0.2403 | unseen ROC 0.5000 PR 0.0000 | valAUC 0.5821 | tau+ 0.500
[OUTPOST-v4] epoch 224: test-all ROC 0.6603 PR 0.2406 | unseen ROC 0.5000 PR 0.0000 | valAUC 0.5822 | tau+ 0.500
[OUTPOST-v4] epoch 225: test-all ROC 0.6602 PR 0.2406 | unseen ROC 0.5000 PR 0.0000 | valAUC 0.5810 | tau+ 0.500
[OUTPOST-v4] epoch 226: test-all ROC 0.6598 PR 0.2404 | unseen ROC 0.5000 PR 0.0000 | valAUC 0.5806 | tau+ 0.500
[OUTPOST-v4] epoch 227: test-all ROC 0.6594 PR 0.2403 | unseen ROC 0.5000 PR 0.0000 | valAUC 0.5788 | tau+ 0.500
[OUTPOST-v4] epoch 228: test-all ROC 0.6595 PR 0.2405 | unseen ROC 0.5000 PR 0.0000 | valAUC 0.5783 | tau+ 0.500
[OUTPOST-v4] epoch 229: test-all ROC 0.6598 PR 0.2408 | unseen ROC 0.5000 PR 0.0000 | valAUC 0.5782 | tau+ 0.500
[OUTPOST-v4] epoch 230: test-all ROC 0.6603 PR 0.2412 | unseen ROC 0.5000 PR 0.0000 | valAUC 0.5787 | tau+ 0.500
[OUTPOST-v4] epoch 231: test-all ROC 0.6610 PR 0.2416 | unseen ROC 0.5000 PR 0.0000 | valAUC 0.5805 | tau+ 0.500
[OUTPOST-v4] epoch 232: test-all ROC 0.6616 PR 0.2421 | unseen ROC 0.5000 PR 0.0000 | valAUC 0.5822 | tau+ 0.500
[OUTPOST-v4] epoch 233: test-all ROC 0.6625 PR 0.2427 | unseen ROC 0.5000 PR 0.0000 | valAUC 0.5835 | tau+ 0.500
[OUTPOST-v4] epoch 234: test-all ROC 0.6632 PR 0.2431 | unseen ROC 0.5000 PR 0.0000 | valAUC 0.5848 | tau+ 0.500
[OUTPOST-v4] epoch 235: test-all ROC 0.6637 PR 0.2435 | unseen ROC 0.5000 PR 0.0000 | valAUC 0.5853 | tau+ 0.500
[OUTPOST-v4] epoch 236: test-all ROC 0.6638 PR 0.2436 | unseen ROC 0.5000 PR 0.0000 | valAUC 0.5862 | tau+ 0.500
[OUTPOST-v4] epoch 237: test-all ROC 0.6637 PR 0.2435 | unseen ROC 0.5000 PR 0.0000 | valAUC 0.5868 | tau+ 0.500
[OUTPOST-v4] epoch 238: test-all ROC 0.6635 PR 0.2435 | unseen ROC 0.5000 PR 0.0000 | valAUC 0.5867 | tau+ 0.500
[OUTPOST-v4] epoch 239: test-all ROC 0.6635 PR 0.2435 | unseen ROC 0.5000 PR 0.0000 | valAUC 0.5874 | tau+ 0.500
[OUTPOST-v4] epoch 240: test-all ROC 0.6637 PR 0.2438 | unseen ROC 0.5000 PR 0.0000 | valAUC 0.5881 | tau+ 0.500
[OUTPOST-v4] epoch 241: test-all ROC 0.6643 PR 0.2442 | unseen ROC 0.5000 PR 0.0000 | valAUC 0.5884 | tau+ 0.500
[OUTPOST-v4] epoch 242: test-all ROC 0.6649 PR 0.2446 | unseen ROC 0.5000 PR 0.0000 | valAUC 0.5893 | tau+ 0.500
[OUTPOST-v4] epoch 243: test-all ROC 0.6658 PR 0.2453 | unseen ROC 0.5000 PR 0.0000 | valAUC 0.5901 | tau+ 0.500
[OUTPOST-v4] epoch 244: test-all ROC 0.6664 PR 0.2458 | unseen ROC 0.5000 PR 0.0000 | valAUC 0.5903 | tau+ 0.500
[OUTPOST-v4] epoch 245: test-all ROC 0.6670 PR 0.2462 | unseen ROC 0.5000 PR 0.0000 | valAUC 0.5909 | tau+ 0.500
[OUTPOST-v4] epoch 246: test-all ROC 0.6672 PR 0.2464 | unseen ROC 0.5000 PR 0.0000 | valAUC 0.5907 | tau+ 0.500
[OUTPOST-v4] epoch 247: test-all ROC 0.6670 PR 0.2463 | unseen ROC 0.5000 PR 0.0000 | valAUC 0.5907 | tau+ 0.500
[OUTPOST-v4] epoch 248: test-all ROC 0.6669 PR 0.2463 | unseen ROC 0.5000 PR 0.0000 | valAUC 0.5906 | tau+ 0.500
[OUTPOST-v4] epoch 249: test-all ROC 0.6667 PR 0.2462 | unseen ROC 0.5000 PR 0.0000 | valAUC 0.5901 | tau+ 0.500
[OUTPOST-v4] epoch 250: test-all ROC 0.6667 PR 0.2463 | unseen ROC 0.5000 PR 0.0000 | valAUC 0.5895 | tau+ 0.500
[OUTPOST-v4] epoch 251: test-all ROC 0.6669 PR 0.2465 | unseen ROC 0.5000 PR 0.0000 | valAUC 0.5899 | tau+ 0.500
[OUTPOST-v4] epoch 252: test-all ROC 0.6675 PR 0.2470 | unseen ROC 0.5000 PR 0.0000 | valAUC 0.5902 | tau+ 0.500
[OUTPOST-v4] epoch 253: test-all ROC 0.6684 PR 0.2477 | unseen ROC 0.5000 PR 0.0000 | valAUC 0.5915 | tau+ 0.500
[OUTPOST-v4] epoch 254: test-all ROC 0.6692 PR 0.2484 | unseen ROC 0.5000 PR 0.0000 | valAUC 0.5913 | tau+ 0.500
[OUTPOST-v4] epoch 255: test-all ROC 0.6694 PR 0.2489 | unseen ROC 0.5000 PR 0.0000 | valAUC 0.5892 | tau+ 0.500
[OUTPOST-v4] epoch 256: test-all ROC 0.6691 PR 0.2490 | unseen ROC 0.5000 PR 0.0000 | valAUC 0.5886 | tau+ 0.500
[OUTPOST-v4] epoch 257: test-all ROC 0.6688 PR 0.2490 | unseen ROC 0.5000 PR 0.0000 | valAUC 0.5884 | tau+ 0.500
[OUTPOST-v4] epoch 258: test-all ROC 0.6686 PR 0.2489 | unseen ROC 0.5000 PR 0.0000 | valAUC 0.5884 | tau+ 0.500
[OUTPOST-v4] epoch 259: test-all ROC 0.6690 PR 0.2491 | unseen ROC 0.5000 PR 0.0000 | valAUC 0.5896 | tau+ 0.500
[OUTPOST-v4] epoch 260: test-all ROC 0.6693 PR 0.2493 | unseen ROC 0.5000 PR 0.0000 | valAUC 0.5904 | tau+ 0.500
[OUTPOST-v4] epoch 261: test-all ROC 0.6694 PR 0.2494 | unseen ROC 0.5000 PR 0.0000 | valAUC 0.5912 | tau+ 0.500
[OUTPOST-v4] epoch 262: test-all ROC 0.6698 PR 0.2496 | unseen ROC 0.5000 PR 0.0000 | valAUC 0.5917 | tau+ 0.500
[OUTPOST-v4] epoch 263: test-all ROC 0.6704 PR 0.2501 | unseen ROC 0.5000 PR 0.0000 | valAUC 0.5914 | tau+ 0.500
[OUTPOST-v4] epoch 264: test-all ROC 0.6710 PR 0.2506 | unseen ROC 0.5000 PR 0.0000 | valAUC 0.5923 | tau+ 0.500
[OUTPOST-v4] epoch 265: test-all ROC 0.6714 PR 0.2509 | unseen ROC 0.5000 PR 0.0000 | valAUC 0.5932 | tau+ 0.500
[OUTPOST-v4] epoch 266: test-all ROC 0.6721 PR 0.2514 | unseen ROC 0.5000 PR 0.0000 | valAUC 0.5945 | tau+ 0.500
[OUTPOST-v4] epoch 267: test-all ROC 0.6726 PR 0.2519 | unseen ROC 0.5000 PR 0.0000 | valAUC 0.5952 | tau+ 0.500
[OUTPOST-v4] epoch 268: test-all ROC 0.6730 PR 0.2523 | unseen ROC 0.5000 PR 0.0000 | valAUC 0.5953 | tau+ 0.500
[OUTPOST-v4] epoch 269: test-all ROC 0.6731 PR 0.2525 | unseen ROC 0.5000 PR 0.0000 | valAUC 0.5954 | tau+ 0.500
[OUTPOST-v4] epoch 270: test-all ROC 0.6732 PR 0.2527 | unseen ROC 0.5000 PR 0.0000 | valAUC 0.5949 | tau+ 0.500
[OUTPOST-v4] epoch 271: test-all ROC 0.6732 PR 0.2529 | unseen ROC 0.5000 PR 0.0000 | valAUC 0.5941 | tau+ 0.500
[OUTPOST-v4] epoch 272: test-all ROC 0.6735 PR 0.2532 | unseen ROC 0.5000 PR 0.0000 | valAUC 0.5949 | tau+ 0.500
[OUTPOST-v4] epoch 273: test-all ROC 0.6738 PR 0.2535 | unseen ROC 0.5000 PR 0.0000 | valAUC 0.5955 | tau+ 0.500
[OUTPOST-v4] epoch 274: test-all ROC 0.6735 PR 0.2534 | unseen ROC 0.5000 PR 0.0000 | valAUC 0.5957 | tau+ 0.500
[OUTPOST-v4] epoch 275: test-all ROC 0.6737 PR 0.2537 | unseen ROC 0.5000 PR 0.0000 | valAUC 0.5950 | tau+ 0.500
[OUTPOST-v4] epoch 276: test-all ROC 0.6739 PR 0.2541 | unseen ROC 0.5000 PR 0.0000 | valAUC 0.5931 | tau+ 0.500
[OUTPOST-v4] epoch 277: test-all ROC 0.6740 PR 0.2545 | unseen ROC 0.5000 PR 0.0000 | valAUC 0.5907 | tau+ 0.500
[OUTPOST-v4] epoch 278: test-all ROC 0.6743 PR 0.2549 | unseen ROC 0.5000 PR 0.0000 | valAUC 0.5912 | tau+ 0.500
[OUTPOST-v4] epoch 279: test-all ROC 0.6745 PR 0.2551 | unseen ROC 0.5000 PR 0.0000 | valAUC 0.5906 | tau+ 0.500
[OUTPOST-v4] epoch 280: test-all ROC 0.6747 PR 0.2553 | unseen ROC 0.5000 PR 0.0000 | valAUC 0.5914 | tau+ 0.500
[OUTPOST-v4] epoch 281: test-all ROC 0.6750 PR 0.2555 | unseen ROC 0.5000 PR 0.0000 | valAUC 0.5924 | tau+ 0.500
[OUTPOST-v4] epoch 282: test-all ROC 0.6755 PR 0.2558 | unseen ROC 0.5000 PR 0.0000 | valAUC 0.5940 | tau+ 0.500
[OUTPOST-v4] epoch 283: test-all ROC 0.6758 PR 0.2561 | unseen ROC 0.5000 PR 0.0000 | valAUC 0.5941 | tau+ 0.500
[OUTPOST-v4] epoch 284: test-all ROC 0.6762 PR 0.2564 | unseen ROC 0.5000 PR 0.0000 | valAUC 0.5940 | tau+ 0.500
[OUTPOST-v4] epoch 285: test-all ROC 0.6763 PR 0.2565 | unseen ROC 0.5000 PR 0.0000 | valAUC 0.5935 | tau+ 0.500
[OUTPOST-v4] epoch 286: test-all ROC 0.6766 PR 0.2568 | unseen ROC 0.5000 PR 0.0000 | valAUC 0.5935 | tau+ 0.500
[OUTPOST-v4] epoch 287: test-all ROC 0.6771 PR 0.2572 | unseen ROC 0.5000 PR 0.0000 | valAUC 0.5939 | tau+ 0.500
[OUTPOST-v4] epoch 288: test-all ROC 0.6781 PR 0.2580 | unseen ROC 0.5000 PR 0.0000 | valAUC 0.5942 | tau+ 0.500
[OUTPOST-v4] epoch 289: test-all ROC 0.6793 PR 0.2589 | unseen ROC 0.5000 PR 0.0000 | valAUC 0.5940 | tau+ 0.500
[OUTPOST-v4] epoch 290: test-all ROC 0.6801 PR 0.2596 | unseen ROC 0.5000 PR 0.0000 | valAUC 0.5950 | tau+ 0.500
[OUTPOST-v4] epoch 291: test-all ROC 0.6806 PR 0.2601 | unseen ROC 0.5000 PR 0.0000 | valAUC 0.5964 | tau+ 0.500
[OUTPOST-v4] epoch 292: test-all ROC 0.6805 PR 0.2602 | unseen ROC 0.5000 PR 0.0000 | valAUC 0.5967 | tau+ 0.500
[OUTPOST-v4] epoch 293: test-all ROC 0.6801 PR 0.2601 | unseen ROC 0.5000 PR 0.0000 | valAUC 0.5964 | tau+ 0.500
[OUTPOST-v4] epoch 294: test-all ROC 0.6799 PR 0.2601 | unseen ROC 0.5000 PR 0.0000 | valAUC 0.5976 | tau+ 0.500
[OUTPOST-v4] epoch 295: test-all ROC 0.6797 PR 0.2601 | unseen ROC 0.5000 PR 0.0000 | valAUC 0.5982 | tau+ 0.500
[OUTPOST-v4] epoch 296: test-all ROC 0.6800 PR 0.2604 | unseen ROC 0.5000 PR 0.0000 | valAUC 0.5991 | tau+ 0.500
[OUTPOST-v4] epoch 297: test-all ROC 0.6807 PR 0.2608 | unseen ROC 0.5000 PR 0.0000 | valAUC 0.5999 | tau+ 0.500
[OUTPOST-v4] epoch 298: test-all ROC 0.6815 PR 0.2614 | unseen ROC 0.5000 PR 0.0000 | valAUC 0.6014 | tau+ 0.500
[OUTPOST-v4] epoch 299: test-all ROC 0.6825 PR 0.2622 | unseen ROC 0.5000 PR 0.0000 | valAUC 0.6028 | tau+ 0.500
[OUTPOST-v4] epoch 300: test-all ROC 0.6835 PR 0.2628 | unseen ROC 0.5000 PR 0.0000 | valAUC 0.6052 | tau+ 0.500
[OUTPOST-v4] epoch 301: test-all ROC 0.6841 PR 0.2633 | unseen ROC 0.5000 PR 0.0000 | valAUC 0.6067 | tau+ 0.500
[OUTPOST-v4] epoch 302: test-all ROC 0.6844 PR 0.2635 | unseen ROC 0.5000 PR 0.0000 | valAUC 0.6074 | tau+ 0.500
[OUTPOST-v4] epoch 303: test-all ROC 0.6843 PR 0.2635 | unseen ROC 0.5000 PR 0.0000 | valAUC 0.6077 | tau+ 0.500
[OUTPOST-v4] epoch 304: test-all ROC 0.6839 PR 0.2635 | unseen ROC 0.5000 PR 0.0000 | valAUC 0.6073 | tau+ 0.500
[OUTPOST-v4] epoch 305: test-all ROC 0.6838 PR 0.2636 | unseen ROC 0.5000 PR 0.0000 | valAUC 0.6056 | tau+ 0.500
[OUTPOST-v4] epoch 306: test-all ROC 0.6834 PR 0.2636 | unseen ROC 0.5000 PR 0.0000 | valAUC 0.6032 | tau+ 0.500
[OUTPOST-v4] epoch 307: test-all ROC 0.6836 PR 0.2639 | unseen ROC 0.5000 PR 0.0000 | valAUC 0.6022 | tau+ 0.500
[OUTPOST-v4] epoch 308: test-all ROC 0.6840 PR 0.2643 | unseen ROC 0.5000 PR 0.0000 | valAUC 0.6009 | tau+ 0.500
[OUTPOST-v4] epoch 309: test-all ROC 0.6843 PR 0.2647 | unseen ROC 0.5000 PR 0.0000 | valAUC 0.6013 | tau+ 0.500
[OUTPOST-v4] epoch 310: test-all ROC 0.6848 PR 0.2652 | unseen ROC 0.5000 PR 0.0000 | valAUC 0.6004 | tau+ 0.500
[OUTPOST-v4] epoch 311: test-all ROC 0.6851 PR 0.2655 | unseen ROC 0.5000 PR 0.0000 | valAUC 0.6010 | tau+ 0.500
[OUTPOST-v4] epoch 312: test-all ROC 0.6849 PR 0.2656 | unseen ROC 0.5000 PR 0.0000 | valAUC 0.6027 | tau+ 0.500
[OUTPOST-v4] epoch 313: test-all ROC 0.6853 PR 0.2659 | unseen ROC 0.5000 PR 0.0000 | valAUC 0.6040 | tau+ 0.500
[OUTPOST-v4] epoch 314: test-all ROC 0.6849 PR 0.2658 | unseen ROC 0.5000 PR 0.0000 | valAUC 0.6051 | tau+ 0.500
[OUTPOST-v4] epoch 315: test-all ROC 0.6846 PR 0.2658 | unseen ROC 0.5000 PR 0.0000 | valAUC 0.6054 | tau+ 0.500
[OUTPOST-v4] epoch 316: test-all ROC 0.6842 PR 0.2658 | unseen ROC 0.5000 PR 0.0000 | valAUC 0.6041 | tau+ 0.500
[OUTPOST-v4] epoch 317: test-all ROC 0.6837 PR 0.2658 | unseen ROC 0.5000 PR 0.0000 | valAUC 0.6005 | tau+ 0.500
[OUTPOST-v4] epoch 318: test-all ROC 0.6840 PR 0.2662 | unseen ROC 0.5000 PR 0.0000 | valAUC 0.5993 | tau+ 0.500
[OUTPOST-v4] epoch 319: test-all ROC 0.6847 PR 0.2668 | unseen ROC 0.5000 PR 0.0000 | valAUC 0.5994 | tau+ 0.500
[OUTPOST-v4] epoch 320: test-all ROC 0.6861 PR 0.2678 | unseen ROC 0.5000 PR 0.0000 | valAUC 0.6006 | tau+ 0.500
[OUTPOST-v4] epoch 321: test-all ROC 0.6869 PR 0.2685 | unseen ROC 0.5000 PR 0.0000 | valAUC 0.6021 | tau+ 0.500
[OUTPOST-v4] epoch 322: test-all ROC 0.6876 PR 0.2691 | unseen ROC 0.5000 PR 0.0000 | valAUC 0.6059 | tau+ 0.500
[OUTPOST-v4] epoch 323: test-all ROC 0.6874 PR 0.2689 | unseen ROC 0.5000 PR 0.0000 | valAUC 0.6078 | tau+ 0.500
[OUTPOST-v4] epoch 324: test-all ROC 0.6866 PR 0.2684 | unseen ROC 0.5000 PR 0.0000 | valAUC 0.6082 | tau+ 0.500
[OUTPOST-v4] epoch 325: test-all ROC 0.6854 PR 0.2677 | unseen ROC 0.5000 PR 0.0000 | valAUC 0.6080 | tau+ 0.500
[OUTPOST-v4] epoch 326: test-all ROC 0.6845 PR 0.2672 | unseen ROC 0.5000 PR 0.0000 | valAUC 0.6074 | tau+ 0.500
[OUTPOST-v4] epoch 327: test-all ROC 0.6846 PR 0.2675 | unseen ROC 0.5000 PR 0.0000 | valAUC 0.6071 | tau+ 0.500
[OUTPOST-v4] epoch 328: test-all ROC 0.6849 PR 0.2679 | unseen ROC 0.5000 PR 0.0000 | valAUC 0.6060 | tau+ 0.500
[OUTPOST-v4] epoch 329: test-all ROC 0.6854 PR 0.2685 | unseen ROC 0.5000 PR 0.0000 | valAUC 0.6070 | tau+ 0.500
[OUTPOST-v4] epoch 330: test-all ROC 0.6868 PR 0.2695 | unseen ROC 0.5000 PR 0.0000 | valAUC 0.6082 | tau+ 0.500
[OUTPOST-v4] epoch 331: test-all ROC 0.6883 PR 0.2706 | unseen ROC 0.5000 PR 0.0000 | valAUC 0.6082 | tau+ 0.500
[OUTPOST-v4] epoch 332: test-all ROC 0.6892 PR 0.2714 | unseen ROC 0.5000 PR 0.0000 | valAUC 0.6088 | tau+ 0.500
[OUTPOST-v4] epoch 333: test-all ROC 0.6898 PR 0.2720 | unseen ROC 0.5000 PR 0.0000 | valAUC 0.6060 | tau+ 0.500
[OUTPOST-v4] epoch 334: test-all ROC 0.6905 PR 0.2725 | unseen ROC 0.5000 PR 0.0000 | valAUC 0.6082 | tau+ 0.500
[OUTPOST-v4] epoch 335: test-all ROC 0.6909 PR 0.2727 | unseen ROC 0.5000 PR 0.0000 | valAUC 0.6106 | tau+ 0.500
[OUTPOST-v4] epoch 336: test-all ROC 0.6907 PR 0.2725 | unseen ROC 0.5000 PR 0.0000 | valAUC 0.6113 | tau+ 0.500
[OUTPOST-v4] epoch 337: test-all ROC 0.6903 PR 0.2724 | unseen ROC 0.5000 PR 0.0000 | valAUC 0.6106 | tau+ 0.500
[OUTPOST-v4] epoch 338: test-all ROC 0.6899 PR 0.2723 | unseen ROC 0.5000 PR 0.0000 | valAUC 0.6099 | tau+ 0.500
[OUTPOST-v4] epoch 339: test-all ROC 0.6896 PR 0.2722 | unseen ROC 0.5000 PR 0.0000 | valAUC 0.6102 | tau+ 0.500
[OUTPOST-v4] epoch 340: test-all ROC 0.6896 PR 0.2722 | unseen ROC 0.5000 PR 0.0000 | valAUC 0.6124 | tau+ 0.500
[OUTPOST-v4] epoch 341: test-all ROC 0.6898 PR 0.2724 | unseen ROC 0.5000 PR 0.0000 | valAUC 0.6139 | tau+ 0.500
[OUTPOST-v4] epoch 342: test-all ROC 0.6908 PR 0.2732 | unseen ROC 0.5000 PR 0.0000 | valAUC 0.6134 | tau+ 0.500
[OUTPOST-v4] epoch 343: test-all ROC 0.6915 PR 0.2738 | unseen ROC 0.5000 PR 0.0000 | valAUC 0.6139 | tau+ 0.500
[OUTPOST-v4] epoch 344: test-all ROC 0.6922 PR 0.2744 | unseen ROC 0.5000 PR 0.0000 | valAUC 0.6134 | tau+ 0.500
[OUTPOST-v4] epoch 345: test-all ROC 0.6922 PR 0.2745 | unseen ROC 0.5000 PR 0.0000 | valAUC 0.6139 | tau+ 0.500
[OUTPOST-v4] epoch 346: test-all ROC 0.6922 PR 0.2745 | unseen ROC 0.5000 PR 0.0000 | valAUC 0.6156 | tau+ 0.500
[OUTPOST-v4] epoch 347: test-all ROC 0.6914 PR 0.2740 | unseen ROC 0.5000 PR 0.0000 | valAUC 0.6159 | tau+ 0.500
[OUTPOST-v4] epoch 348: test-all ROC 0.6908 PR 0.2737 | unseen ROC 0.5000 PR 0.0000 | valAUC 0.6168 | tau+ 0.500
[OUTPOST-v4] epoch 349: test-all ROC 0.6913 PR 0.2741 | unseen ROC 0.5000 PR 0.0000 | valAUC 0.6169 | tau+ 0.500
[OUTPOST-v4] epoch 350: test-all ROC 0.6917 PR 0.2746 | unseen ROC 0.5000 PR 0.0000 | valAUC 0.6156 | tau+ 0.500
[OUTPOST-v4] epoch 351: test-all ROC 0.6921 PR 0.2749 | unseen ROC 0.5000 PR 0.0000 | valAUC 0.6173 | tau+ 0.500
[OUTPOST-v4] epoch 352: test-all ROC 0.6926 PR 0.2753 | unseen ROC 0.5000 PR 0.0000 | valAUC 0.6202 | tau+ 0.500
[OUTPOST-v4] epoch 353: test-all ROC 0.6934 PR 0.2758 | unseen ROC 0.5000 PR 0.0000 | valAUC 0.6208 | tau+ 0.500
[OUTPOST-v4] epoch 354: test-all ROC 0.6942 PR 0.2764 | unseen ROC 0.5000 PR 0.0000 | valAUC 0.6208 | tau+ 0.500
[OUTPOST-v4] epoch 355: test-all ROC 0.6943 PR 0.2766 | unseen ROC 0.5000 PR 0.0000 | valAUC 0.6198 | tau+ 0.500
[OUTPOST-v4] epoch 356: test-all ROC 0.6940 PR 0.2765 | unseen ROC 0.5000 PR 0.0000 | valAUC 0.6205 | tau+ 0.500
[OUTPOST-v4] epoch 357: test-all ROC 0.6938 PR 0.2762 | unseen ROC 0.5000 PR 0.0000 | valAUC 0.6219 | tau+ 0.500
[OUTPOST-v4] epoch 358: test-all ROC 0.6928 PR 0.2754 | unseen ROC 0.5000 PR 0.0000 | valAUC 0.6230 | tau+ 0.500
[OUTPOST-v4] epoch 359: test-all ROC 0.6914 PR 0.2746 | unseen ROC 0.5000 PR 0.0000 | valAUC 0.6236 | tau+ 0.500
[OUTPOST-v4] epoch 360: test-all ROC 0.6902 PR 0.2741 | unseen ROC 0.5000 PR 0.0000 | valAUC 0.6222 | tau+ 0.500
[OUTPOST-v4] epoch 361: test-all ROC 0.6893 PR 0.2738 | unseen ROC 0.5000 PR 0.0000 | valAUC 0.6178 | tau+ 0.500
[OUTPOST-v4] epoch 362: test-all ROC 0.6897 PR 0.2742 | unseen ROC 0.5000 PR 0.0000 | valAUC 0.6158 | tau+ 0.500
[OUTPOST-v4] epoch 363: test-all ROC 0.6912 PR 0.2751 | unseen ROC 0.5000 PR 0.0000 | valAUC 0.6191 | tau+ 0.500
[OUTPOST-v4] epoch 364: test-all ROC 0.6931 PR 0.2765 | unseen ROC 0.5000 PR 0.0000 | valAUC 0.6213 | tau+ 0.500
[OUTPOST-v4] epoch 365: test-all ROC 0.6952 PR 0.2780 | unseen ROC 0.5000 PR 0.0000 | valAUC 0.6227 | tau+ 0.500
[OUTPOST-v4] epoch 366: test-all ROC 0.6959 PR 0.2788 | unseen ROC 0.5000 PR 0.0000 | valAUC 0.6233 | tau+ 0.500
[OUTPOST-v4] epoch 367: test-all ROC 0.6963 PR 0.2794 | unseen ROC 0.5000 PR 0.0000 | valAUC 0.6205 | tau+ 0.500
[OUTPOST-v4] epoch 368: test-all ROC 0.6963 PR 0.2796 | unseen ROC 0.5000 PR 0.0000 | valAUC 0.6184 | tau+ 0.500
[OUTPOST-v4] epoch 369: test-all ROC 0.6961 PR 0.2795 | unseen ROC 0.5000 PR 0.0000 | valAUC 0.6186 | tau+ 0.500
[OUTPOST-v4] epoch 370: test-all ROC 0.6953 PR 0.2787 | unseen ROC 0.5000 PR 0.0000 | valAUC 0.6224 | tau+ 0.500
[OUTPOST-v4] epoch 371: test-all ROC 0.6942 PR 0.2779 | unseen ROC 0.5000 PR 0.0000 | valAUC 0.6239 | tau+ 0.500
[OUTPOST-v4] epoch 372: test-all ROC 0.6934 PR 0.2774 | unseen ROC 0.5000 PR 0.0000 | valAUC 0.6219 | tau+ 0.500
[OUTPOST-v4] epoch 373: test-all ROC 0.6926 PR 0.2771 | unseen ROC 0.5000 PR 0.0000 | valAUC 0.6207 | tau+ 0.500
[OUTPOST-v4] epoch 374: test-all ROC 0.6927 PR 0.2773 | unseen ROC 0.5000 PR 0.0000 | valAUC 0.6179 | tau+ 0.500
[OUTPOST-v4] epoch 375: test-all ROC 0.6938 PR 0.2781 | unseen ROC 0.5000 PR 0.0000 | valAUC 0.6189 | tau+ 0.500
[OUTPOST-v4] epoch 376: test-all ROC 0.6941 PR 0.2782 | unseen ROC 0.5000 PR 0.0000 | valAUC 0.6206 | tau+ 0.500
[OUTPOST-v4] epoch 377: test-all ROC 0.6947 PR 0.2786 | unseen ROC 0.5000 PR 0.0000 | valAUC 0.6214 | tau+ 0.500
[OUTPOST-v4] epoch 378: test-all ROC 0.6951 PR 0.2790 | unseen ROC 0.5000 PR 0.0000 | valAUC 0.6202 | tau+ 0.500
[OUTPOST-v4] epoch 379: test-all ROC 0.6948 PR 0.2790 | unseen ROC 0.5000 PR 0.0000 | valAUC 0.6179 | tau+ 0.500
[OUTPOST-v4] epoch 380: test-all ROC 0.6955 PR 0.2796 | unseen ROC 0.5000 PR 0.0000 | valAUC 0.6173 | tau+ 0.500
[OUTPOST-v4] epoch 381: test-all ROC 0.6965 PR 0.2803 | unseen ROC 0.5000 PR 0.0000 | valAUC 0.6179 | tau+ 0.500
[OUTPOST-v4] epoch 382: test-all ROC 0.6969 PR 0.2806 | unseen ROC 0.5000 PR 0.0000 | valAUC 0.6190 | tau+ 0.500
[OUTPOST-v4] epoch 383: test-all ROC 0.6964 PR 0.2801 | unseen ROC 0.5000 PR 0.0000 | valAUC 0.6209 | tau+ 0.500
[OUTPOST-v4] epoch 384: test-all ROC 0.6959 PR 0.2798 | unseen ROC 0.5000 PR 0.0000 | valAUC 0.6210 | tau+ 0.500
[OUTPOST-v4] epoch 385: test-all ROC 0.6948 PR 0.2792 | unseen ROC 0.5000 PR 0.0000 | valAUC 0.6208 | tau+ 0.500
[OUTPOST-v4] epoch 386: test-all ROC 0.6945 PR 0.2792 | unseen ROC 0.5000 PR 0.0000 | valAUC 0.6200 | tau+ 0.500
[OUTPOST-v4] epoch 387: test-all ROC 0.6946 PR 0.2792 | unseen ROC 0.5000 PR 0.0000 | valAUC 0.6203 | tau+ 0.500
[OUTPOST-v4] epoch 388: test-all ROC 0.6943 PR 0.2789 | unseen ROC 0.5000 PR 0.0000 | valAUC 0.6218 | tau+ 0.500
[OUTPOST-v4] epoch 389: test-all ROC 0.6948 PR 0.2791 | unseen ROC 0.5000 PR 0.0000 | valAUC 0.6240 | tau+ 0.500
[OUTPOST-v4] epoch 390: test-all ROC 0.6955 PR 0.2795 | unseen ROC 0.5000 PR 0.0000 | valAUC 0.6256 | tau+ 0.500
[OUTPOST-v4] epoch 391: test-all ROC 0.6967 PR 0.2804 | unseen ROC 0.5000 PR 0.0000 | valAUC 0.6253 | tau+ 0.500
[OUTPOST-v4] epoch 392: test-all ROC 0.6976 PR 0.2812 | unseen ROC 0.5000 PR 0.0000 | valAUC 0.6249 | tau+ 0.500
[OUTPOST-v4] epoch 393: test-all ROC 0.6991 PR 0.2823 | unseen ROC 0.5000 PR 0.0000 | valAUC 0.6246 | tau+ 0.500
[OUTPOST-v4] epoch 394: test-all ROC 0.6998 PR 0.2829 | unseen ROC 0.5000 PR 0.0000 | valAUC 0.6255 | tau+ 0.500
[OUTPOST-v4] epoch 395: test-all ROC 0.7006 PR 0.2835 | unseen ROC 0.5000 PR 0.0000 | valAUC 0.6263 | tau+ 0.500
[OUTPOST-v4] epoch 396: test-all ROC 0.7004 PR 0.2835 | unseen ROC 0.5000 PR 0.0000 | valAUC 0.6253 | tau+ 0.500
[OUTPOST-v4] epoch 397: test-all ROC 0.6997 PR 0.2832 | unseen ROC 0.5000 PR 0.0000 | valAUC 0.6246 | tau+ 0.500
[OUTPOST-v4] epoch 398: test-all ROC 0.6981 PR 0.2822 | unseen ROC 0.5000 PR 0.0000 | valAUC 0.6240 | tau+ 0.500
[OUTPOST-v4] epoch 399: test-all ROC 0.6965 PR 0.2811 | unseen ROC 0.5000 PR 0.0000 | valAUC 0.6230 | tau+ 0.500
  rotation 1: ROC 0.7006 PR 0.2835
[yelp] params 7361, peak GPU 1.19 GB, 53.0 min total

[yelp] AGGREGATE  best-over-epochs: ROC 0.7006 PR 0.2835
[yelp] AGGREGATE  val-selected:     ROC 0.7006 PR 0.2835
row appended to results/results.csv
