# gpu=7 cmd=/usr/bin/python3 -u main.py --dataset yelp --seed 2 --method outpost --tag D_sim0.75 --set sim_topk_frac=0.75
/nas/home/jahin/.local/lib/python3.10/site-packages/torch_geometric/__init__.py:4: UserWarning: An issue occurred while importing 'torch-scatter'. Disabling its usage. Stacktrace: /nas/home/jahin/.local/lib/python3.10/site-packages/torch_scatter/_version_cuda.so: undefined symbol: _ZN5torch3jit17parseSchemaOrNameERKSsb
  import torch_geometric.typing
/nas/home/jahin/.local/lib/python3.10/site-packages/torch_geometric/__init__.py:4: UserWarning: An issue occurred while importing 'torch-sparse'. Disabling its usage. Stacktrace: /nas/home/jahin/.local/lib/python3.10/site-packages/torch_sparse/_version_cuda.so: undefined symbol: _ZN5torch3jit17parseSchemaOrNameERKSsb
  import torch_geometric.typing
/nas/home/jahin/.local/lib/python3.10/site-packages/requests/__init__.py:113: RequestsDependencyWarning: urllib3 (1.26.5) or chardet (7.2.0)/charset_normalizer (3.4.4) doesn't match a supported version!
  warnings.warn(
Disabling PyTorch because PyTorch >= 2.1 is required but found 2.0.1
None of PyTorch, TensorFlow >= 2.0, or Flax have been found. Models won't be available and only tokenizers, configuration and file/data utilities can be used.
/nas/home/jahin/.local/lib/python3.10/site-packages/outdated/__init__.py:36: UserWarning: pkg_resources is deprecated as an API. See https://setuptools.pypa.io/en/latest/pkg_resources.html. The pkg_resources package is slated for removal as early as 2025-11-30. Refrain from using this package or pin to Setuptools<81.
  from pkg_resources import parse_version
[utils] PPR/dgl path unavailable (libcudart.so.12: cannot open shared object file: No such file or directory); OUTPOST path unaffected.
[yelp] anomaly classes (rotations): [1]
Normal classes: [0] in yelp
Building multi-layer GraphSage
/nas/home/jahin/.local/lib/python3.10/site-packages/torch_geometric/data/data.py:187: UserWarning: Unable to accurately infer 'num_nodes' from the attribute set '{'x', 'y', 'edge_index'}'. Please explicitly set 'num_nodes' as an attribute of 'data' to suppress this warning
  return sum([v.num_nodes for v in self.node_stores])
[OUTPOST-v4] epoch 0: test-all ROC 0.5355 PR 0.1645 | unseen ROC 0.5000 PR 0.0000 | valAUC 0.4639 | tau+ 0.500
[OUTPOST-v4] epoch 1: test-all ROC 0.5525 PR 0.1724 | unseen ROC 0.5000 PR 0.0000 | valAUC 0.4686 | tau+ 0.500
[OUTPOST-v4] epoch 2: test-all ROC 0.5503 PR 0.1700 | unseen ROC 0.5000 PR 0.0000 | valAUC 0.4572 | tau+ 0.500
[OUTPOST-v4] epoch 3: test-all ROC 0.5428 PR 0.1661 | unseen ROC 0.5000 PR 0.0000 | valAUC 0.4522 | tau+ 0.500
[OUTPOST-v4] epoch 4: test-all ROC 0.5410 PR 0.1688 | unseen ROC 0.5000 PR 0.0000 | valAUC 0.4687 | tau+ 0.500
[OUTPOST-v4] epoch 5: test-all ROC 0.5352 PR 0.1660 | unseen ROC 0.5000 PR 0.0000 | valAUC 0.4513 | tau+ 0.500
[OUTPOST-v4] epoch 6: test-all ROC 0.5299 PR 0.1627 | unseen ROC 0.5000 PR 0.0000 | valAUC 0.4497 | tau+ 0.500
[OUTPOST-v4] epoch 7: test-all ROC 0.5258 PR 0.1608 | unseen ROC 0.5000 PR 0.0000 | valAUC 0.4595 | tau+ 0.500
[OUTPOST-v4] epoch 8: test-all ROC 0.5251 PR 0.1603 | unseen ROC 0.5000 PR 0.0000 | valAUC 0.4447 | tau+ 0.500
[OUTPOST-v4] epoch 9: test-all ROC 0.5223 PR 0.1573 | unseen ROC 0.5000 PR 0.0000 | valAUC 0.4410 | tau+ 0.500
[OUTPOST-v4] epoch 10: test-all ROC 0.5208 PR 0.1563 | unseen ROC 0.5000 PR 0.0000 | valAUC 0.4382 | tau+ 0.500
[OUTPOST-v4] epoch 11: test-all ROC 0.5206 PR 0.1558 | unseen ROC 0.5000 PR 0.0000 | valAUC 0.4426 | tau+ 0.500
[OUTPOST-v4] epoch 12: test-all ROC 0.5210 PR 0.1558 | unseen ROC 0.5000 PR 0.0000 | valAUC 0.4372 | tau+ 0.500
[OUTPOST-v4] epoch 13: test-all ROC 0.5212 PR 0.1557 | unseen ROC 0.5000 PR 0.0000 | valAUC 0.4349 | tau+ 0.500
[OUTPOST-v4] epoch 14: test-all ROC 0.5216 PR 0.1557 | unseen ROC 0.5000 PR 0.0000 | valAUC 0.4388 | tau+ 0.500
[OUTPOST-v4] epoch 15: test-all ROC 0.5221 PR 0.1557 | unseen ROC 0.5000 PR 0.0000 | valAUC 0.4471 | tau+ 0.500
[OUTPOST-v4] epoch 16: test-all ROC 0.5223 PR 0.1559 | unseen ROC 0.5000 PR 0.0000 | valAUC 0.4433 | tau+ 0.500
[OUTPOST-v4] epoch 17: test-all ROC 0.5228 PR 0.1561 | unseen ROC 0.5000 PR 0.0000 | valAUC 0.4389 | tau+ 0.500
[OUTPOST-v4] epoch 18: test-all ROC 0.5241 PR 0.1564 | unseen ROC 0.5000 PR 0.0000 | valAUC 0.4429 | tau+ 0.500
[OUTPOST-v4] epoch 19: test-all ROC 0.5264 PR 0.1568 | unseen ROC 0.5000 PR 0.0000 | valAUC 0.4548 | tau+ 0.500
[OUTPOST-v4] epoch 20: test-all ROC 0.5271 PR 0.1570 | unseen ROC 0.5000 PR 0.0000 | valAUC 0.4499 | tau+ 0.500
[OUTPOST-v4] epoch 21: test-all ROC 0.5283 PR 0.1576 | unseen ROC 0.5000 PR 0.0000 | valAUC 0.4543 | tau+ 0.500
[OUTPOST-v4] epoch 22: test-all ROC 0.5296 PR 0.1579 | unseen ROC 0.5000 PR 0.0000 | valAUC 0.4481 | tau+ 0.500
[OUTPOST-v4] epoch 23: test-all ROC 0.5301 PR 0.1579 | unseen ROC 0.5000 PR 0.0000 | valAUC 0.4570 | tau+ 0.500
[OUTPOST-v4] epoch 24: test-all ROC 0.5313 PR 0.1585 | unseen ROC 0.5000 PR 0.0000 | valAUC 0.4555 | tau+ 0.500
[OUTPOST-v4] epoch 25: test-all ROC 0.5322 PR 0.1586 | unseen ROC 0.5000 PR 0.0000 | valAUC 0.4690 | tau+ 0.500
[OUTPOST-v4] epoch 26: test-all ROC 0.5324 PR 0.1587 | unseen ROC 0.5000 PR 0.0000 | valAUC 0.4620 | tau+ 0.500
[OUTPOST-v4] epoch 27: test-all ROC 0.5330 PR 0.1588 | unseen ROC 0.5000 PR 0.0000 | valAUC 0.4492 | tau+ 0.500
[OUTPOST-v4] epoch 28: test-all ROC 0.5335 PR 0.1588 | unseen ROC 0.5000 PR 0.0000 | valAUC 0.4610 | tau+ 0.500
[OUTPOST-v4] epoch 29: test-all ROC 0.5352 PR 0.1595 | unseen ROC 0.5000 PR 0.0000 | valAUC 0.4614 | tau+ 0.500
[OUTPOST-v4] epoch 30: test-all ROC 0.5333 PR 0.1590 | unseen ROC 0.5000 PR 0.0000 | valAUC 0.4659 | tau+ 0.500
[OUTPOST-v4] epoch 31: test-all ROC 0.5342 PR 0.1594 | unseen ROC 0.5000 PR 0.0000 | valAUC 0.4492 | tau+ 0.500
[OUTPOST-v4] epoch 32: test-all ROC 0.5343 PR 0.1595 | unseen ROC 0.5000 PR 0.0000 | valAUC 0.4564 | tau+ 0.500
[OUTPOST-v4] epoch 33: test-all ROC 0.5333 PR 0.1590 | unseen ROC 0.5000 PR 0.0000 | valAUC 0.4574 | tau+ 0.500
[OUTPOST-v4] epoch 34: test-all ROC 0.5346 PR 0.1596 | unseen ROC 0.5000 PR 0.0000 | valAUC 0.4591 | tau+ 0.500
[OUTPOST-v4] epoch 35: test-all ROC 0.5338 PR 0.1593 | unseen ROC 0.5000 PR 0.0000 | valAUC 0.4610 | tau+ 0.500
[OUTPOST-v4] epoch 36: test-all ROC 0.5352 PR 0.1599 | unseen ROC 0.5000 PR 0.0000 | valAUC 0.4597 | tau+ 0.500
[OUTPOST-v4] epoch 37: test-all ROC 0.5341 PR 0.1597 | unseen ROC 0.5000 PR 0.0000 | valAUC 0.4667 | tau+ 0.500
[OUTPOST-v4] epoch 38: test-all ROC 0.5358 PR 0.1600 | unseen ROC 0.5000 PR 0.0000 | valAUC 0.4714 | tau+ 0.500
[OUTPOST-v4] epoch 39: test-all ROC 0.5372 PR 0.1606 | unseen ROC 0.5000 PR 0.0000 | valAUC 0.4758 | tau+ 0.500
[OUTPOST-v4] epoch 40: test-all ROC 0.5376 PR 0.1609 | unseen ROC 0.5000 PR 0.0000 | valAUC 0.4707 | tau+ 0.500
[OUTPOST-v4] epoch 41: test-all ROC 0.5386 PR 0.1611 | unseen ROC 0.5000 PR 0.0000 | valAUC 0.4668 | tau+ 0.500
[OUTPOST-v4] epoch 42: test-all ROC 0.5381 PR 0.1609 | unseen ROC 0.5000 PR 0.0000 | valAUC 0.4701 | tau+ 0.500
[OUTPOST-v4] epoch 43: test-all ROC 0.5389 PR 0.1610 | unseen ROC 0.5000 PR 0.0000 | valAUC 0.4626 | tau+ 0.500
[OUTPOST-v4] epoch 44: test-all ROC 0.5399 PR 0.1615 | unseen ROC 0.5000 PR 0.0000 | valAUC 0.4701 | tau+ 0.500
[OUTPOST-v4] epoch 45: test-all ROC 0.5397 PR 0.1614 | unseen ROC 0.5000 PR 0.0000 | valAUC 0.4826 | tau+ 0.500
[OUTPOST-v4] epoch 46: test-all ROC 0.5394 PR 0.1614 | unseen ROC 0.5000 PR 0.0000 | valAUC 0.4675 | tau+ 0.500
[OUTPOST-v4] epoch 47: test-all ROC 0.5404 PR 0.1618 | unseen ROC 0.5000 PR 0.0000 | valAUC 0.4724 | tau+ 0.500
[OUTPOST-v4] epoch 48: test-all ROC 0.5415 PR 0.1621 | unseen ROC 0.5000 PR 0.0000 | valAUC 0.4739 | tau+ 0.500
[OUTPOST-v4] epoch 49: test-all ROC 0.5406 PR 0.1618 | unseen ROC 0.5000 PR 0.0000 | valAUC 0.4693 | tau+ 0.500
[OUTPOST-v4] epoch 50: test-all ROC 0.5417 PR 0.1622 | unseen ROC 0.5000 PR 0.0000 | valAUC 0.4621 | tau+ 0.500
[OUTPOST-v4] epoch 51: test-all ROC 0.5399 PR 0.1617 | unseen ROC 0.5000 PR 0.0000 | valAUC 0.4696 | tau+ 0.500
[OUTPOST-v4] epoch 52: test-all ROC 0.5407 PR 0.1618 | unseen ROC 0.5000 PR 0.0000 | valAUC 0.4645 | tau+ 0.500
[OUTPOST-v4] epoch 53: test-all ROC 0.5385 PR 0.1611 | unseen ROC 0.5000 PR 0.0000 | valAUC 0.4685 | tau+ 0.500
[OUTPOST-v4] epoch 54: test-all ROC 0.5397 PR 0.1613 | unseen ROC 0.5000 PR 0.0000 | valAUC 0.4653 | tau+ 0.500
[OUTPOST-v4] epoch 55: test-all ROC 0.5387 PR 0.1608 | unseen ROC 0.5000 PR 0.0000 | valAUC 0.4762 | tau+ 0.500
[OUTPOST-v4] epoch 56: test-all ROC 0.5413 PR 0.1619 | unseen ROC 0.5000 PR 0.0000 | valAUC 0.4645 | tau+ 0.500
[OUTPOST-v4] epoch 57: test-all ROC 0.5395 PR 0.1612 | unseen ROC 0.5000 PR 0.0000 | valAUC 0.4605 | tau+ 0.500
[OUTPOST-v4] epoch 58: test-all ROC 0.5413 PR 0.1618 | unseen ROC 0.5000 PR 0.0000 | valAUC 0.4696 | tau+ 0.500
[OUTPOST-v4] epoch 59: test-all ROC 0.5408 PR 0.1614 | unseen ROC 0.5000 PR 0.0000 | valAUC 0.4734 | tau+ 0.500
[OUTPOST-v4] epoch 60: test-all ROC 0.5415 PR 0.1618 | unseen ROC 0.5000 PR 0.0000 | valAUC 0.4560 | tau+ 0.500
[OUTPOST-v4] epoch 61: test-all ROC 0.5426 PR 0.1620 | unseen ROC 0.5000 PR 0.0000 | valAUC 0.4586 | tau+ 0.500
[OUTPOST-v4] epoch 62: test-all ROC 0.5423 PR 0.1620 | unseen ROC 0.5000 PR 0.0000 | valAUC 0.4683 | tau+ 0.500
[OUTPOST-v4] epoch 63: test-all ROC 0.5435 PR 0.1621 | unseen ROC 0.5000 PR 0.0000 | valAUC 0.4702 | tau+ 0.500
[OUTPOST-v4] epoch 64: test-all ROC 0.5448 PR 0.1625 | unseen ROC 0.5000 PR 0.0000 | valAUC 0.4696 | tau+ 0.500
[OUTPOST-v4] epoch 65: test-all ROC 0.5449 PR 0.1628 | unseen ROC 0.5000 PR 0.0000 | valAUC 0.4744 | tau+ 0.500
[OUTPOST-v4] epoch 66: test-all ROC 0.5450 PR 0.1629 | unseen ROC 0.5000 PR 0.0000 | valAUC 0.4698 | tau+ 0.500
[OUTPOST-v4] epoch 67: test-all ROC 0.5460 PR 0.1632 | unseen ROC 0.5000 PR 0.0000 | valAUC 0.4782 | tau+ 0.500
[OUTPOST-v4] epoch 68: test-all ROC 0.5460 PR 0.1634 | unseen ROC 0.5000 PR 0.0000 | valAUC 0.4848 | tau+ 0.500
[OUTPOST-v4] epoch 69: test-all ROC 0.5458 PR 0.1631 | unseen ROC 0.5000 PR 0.0000 | valAUC 0.4821 | tau+ 0.500
[OUTPOST-v4] epoch 70: test-all ROC 0.5466 PR 0.1635 | unseen ROC 0.5000 PR 0.0000 | valAUC 0.4777 | tau+ 0.500
[OUTPOST-v4] epoch 71: test-all ROC 0.5471 PR 0.1635 | unseen ROC 0.5000 PR 0.0000 | valAUC 0.4875 | tau+ 0.500
[OUTPOST-v4] epoch 72: test-all ROC 0.5487 PR 0.1642 | unseen ROC 0.5000 PR 0.0000 | valAUC 0.4809 | tau+ 0.500
[OUTPOST-v4] epoch 73: test-all ROC 0.5482 PR 0.1638 | unseen ROC 0.5000 PR 0.0000 | valAUC 0.4832 | tau+ 0.500
[OUTPOST-v4] epoch 74: test-all ROC 0.5487 PR 0.1640 | unseen ROC 0.5000 PR 0.0000 | valAUC 0.4777 | tau+ 0.500
[OUTPOST-v4] epoch 75: test-all ROC 0.5500 PR 0.1644 | unseen ROC 0.5000 PR 0.0000 | valAUC 0.4832 | tau+ 0.500
[OUTPOST-v4] epoch 76: test-all ROC 0.5495 PR 0.1641 | unseen ROC 0.5000 PR 0.0000 | valAUC 0.4678 | tau+ 0.500
[OUTPOST-v4] epoch 77: test-all ROC 0.5512 PR 0.1651 | unseen ROC 0.5000 PR 0.0000 | valAUC 0.4871 | tau+ 0.500
[OUTPOST-v4] epoch 78: test-all ROC 0.5514 PR 0.1651 | unseen ROC 0.5000 PR 0.0000 | valAUC 0.4791 | tau+ 0.500
[OUTPOST-v4] epoch 79: test-all ROC 0.5510 PR 0.1651 | unseen ROC 0.5000 PR 0.0000 | valAUC 0.4762 | tau+ 0.500
[OUTPOST-v4] epoch 80: test-all ROC 0.5526 PR 0.1656 | unseen ROC 0.5000 PR 0.0000 | valAUC 0.4818 | tau+ 0.500
[OUTPOST-v4] epoch 81: test-all ROC 0.5531 PR 0.1656 | unseen ROC 0.5000 PR 0.0000 | valAUC 0.4846 | tau+ 0.500
[OUTPOST-v4] epoch 82: test-all ROC 0.5532 PR 0.1657 | unseen ROC 0.5000 PR 0.0000 | valAUC 0.4886 | tau+ 0.500
[OUTPOST-v4] epoch 83: test-all ROC 0.5540 PR 0.1661 | unseen ROC 0.5000 PR 0.0000 | valAUC 0.4917 | tau+ 0.500
[OUTPOST-v4] epoch 84: test-all ROC 0.5544 PR 0.1663 | unseen ROC 0.5000 PR 0.0000 | valAUC 0.4860 | tau+ 0.500
[OUTPOST-v4] epoch 85: test-all ROC 0.5560 PR 0.1669 | unseen ROC 0.5000 PR 0.0000 | valAUC 0.4940 | tau+ 0.500
[OUTPOST-v4] epoch 86: test-all ROC 0.5562 PR 0.1669 | unseen ROC 0.5000 PR 0.0000 | valAUC 0.5017 | tau+ 0.500
[OUTPOST-v4] epoch 87: test-all ROC 0.5577 PR 0.1675 | unseen ROC 0.5000 PR 0.0000 | valAUC 0.5024 | tau+ 0.500
[OUTPOST-v4] epoch 88: test-all ROC 0.5577 PR 0.1676 | unseen ROC 0.5000 PR 0.0000 | valAUC 0.5001 | tau+ 0.500
[OUTPOST-v4] epoch 89: test-all ROC 0.5573 PR 0.1674 | unseen ROC 0.5000 PR 0.0000 | valAUC 0.4952 | tau+ 0.500
[OUTPOST-v4] epoch 90: test-all ROC 0.5591 PR 0.1679 | unseen ROC 0.5000 PR 0.0000 | valAUC 0.4866 | tau+ 0.500
[OUTPOST-v4] epoch 91: test-all ROC 0.5607 PR 0.1686 | unseen ROC 0.5000 PR 0.0000 | valAUC 0.4951 | tau+ 0.500
[OUTPOST-v4] epoch 92: test-all ROC 0.5604 PR 0.1687 | unseen ROC 0.5000 PR 0.0000 | valAUC 0.4957 | tau+ 0.500
[OUTPOST-v4] epoch 93: test-all ROC 0.5613 PR 0.1691 | unseen ROC 0.5000 PR 0.0000 | valAUC 0.4986 | tau+ 0.500
[OUTPOST-v4] epoch 94: test-all ROC 0.5622 PR 0.1696 | unseen ROC 0.5000 PR 0.0000 | valAUC 0.4903 | tau+ 0.500
[OUTPOST-v4] epoch 95: test-all ROC 0.5621 PR 0.1694 | unseen ROC 0.5000 PR 0.0000 | valAUC 0.4980 | tau+ 0.500
[OUTPOST-v4] epoch 96: test-all ROC 0.5639 PR 0.1701 | unseen ROC 0.5000 PR 0.0000 | valAUC 0.5072 | tau+ 0.500
[OUTPOST-v4] epoch 97: test-all ROC 0.5642 PR 0.1702 | unseen ROC 0.5000 PR 0.0000 | valAUC 0.4973 | tau+ 0.500
[OUTPOST-v4] epoch 98: test-all ROC 0.5647 PR 0.1704 | unseen ROC 0.5000 PR 0.0000 | valAUC 0.5104 | tau+ 0.500
[OUTPOST-v4] epoch 99: test-all ROC 0.5663 PR 0.1713 | unseen ROC 0.5000 PR 0.0000 | valAUC 0.5014 | tau+ 0.500
[OUTPOST-v4] epoch 100: test-all ROC 0.5666 PR 0.1712 | unseen ROC 0.5000 PR 0.0000 | valAUC 0.5140 | tau+ 0.500
[OUTPOST-v4] epoch 101: test-all ROC 0.5684 PR 0.1721 | unseen ROC 0.5000 PR 0.0000 | valAUC 0.5071 | tau+ 0.500
[OUTPOST-v4] epoch 102: test-all ROC 0.5687 PR 0.1727 | unseen ROC 0.5000 PR 0.0000 | valAUC 0.5148 | tau+ 0.500
[OUTPOST-v4] epoch 103: test-all ROC 0.5696 PR 0.1728 | unseen ROC 0.5000 PR 0.0000 | valAUC 0.5166 | tau+ 0.500
[OUTPOST-v4] epoch 104: test-all ROC 0.5703 PR 0.1732 | unseen ROC 0.5000 PR 0.0000 | valAUC 0.5103 | tau+ 0.500
[OUTPOST-v4] epoch 105: test-all ROC 0.5707 PR 0.1733 | unseen ROC 0.5000 PR 0.0000 | valAUC 0.5156 | tau+ 0.500
[OUTPOST-v4] epoch 106: test-all ROC 0.5719 PR 0.1739 | unseen ROC 0.5000 PR 0.0000 | valAUC 0.5224 | tau+ 0.500
[OUTPOST-v4] epoch 107: test-all ROC 0.5723 PR 0.1740 | unseen ROC 0.5000 PR 0.0000 | valAUC 0.5105 | tau+ 0.500
[OUTPOST-v4] epoch 108: test-all ROC 0.5723 PR 0.1742 | unseen ROC 0.5000 PR 0.0000 | valAUC 0.5114 | tau+ 0.500
[OUTPOST-v4] epoch 109: test-all ROC 0.5737 PR 0.1749 | unseen ROC 0.5000 PR 0.0000 | valAUC 0.5100 | tau+ 0.500
[OUTPOST-v4] epoch 110: test-all ROC 0.5751 PR 0.1754 | unseen ROC 0.5000 PR 0.0000 | valAUC 0.5275 | tau+ 0.500
[OUTPOST-v4] epoch 111: test-all ROC 0.5766 PR 0.1762 | unseen ROC 0.5000 PR 0.0000 | valAUC 0.5123 | tau+ 0.500
[OUTPOST-v4] epoch 112: test-all ROC 0.5765 PR 0.1759 | unseen ROC 0.5000 PR 0.0000 | valAUC 0.5245 | tau+ 0.500
[OUTPOST-v4] epoch 113: test-all ROC 0.5774 PR 0.1766 | unseen ROC 0.5000 PR 0.0000 | valAUC 0.5253 | tau+ 0.500
[OUTPOST-v4] epoch 114: test-all ROC 0.5793 PR 0.1779 | unseen ROC 0.5000 PR 0.0000 | valAUC 0.5183 | tau+ 0.500
[OUTPOST-v4] epoch 115: test-all ROC 0.5802 PR 0.1784 | unseen ROC 0.5000 PR 0.0000 | valAUC 0.5247 | tau+ 0.500
[OUTPOST-v4] epoch 116: test-all ROC 0.5813 PR 0.1790 | unseen ROC 0.5000 PR 0.0000 | valAUC 0.5252 | tau+ 0.500
[OUTPOST-v4] epoch 117: test-all ROC 0.5824 PR 0.1796 | unseen ROC 0.5000 PR 0.0000 | valAUC 0.5316 | tau+ 0.500
[OUTPOST-v4] epoch 118: test-all ROC 0.5833 PR 0.1799 | unseen ROC 0.5000 PR 0.0000 | valAUC 0.5321 | tau+ 0.500
[OUTPOST-v4] epoch 119: test-all ROC 0.5844 PR 0.1808 | unseen ROC 0.5000 PR 0.0000 | valAUC 0.5382 | tau+ 0.500
[OUTPOST-v4] epoch 120: test-all ROC 0.5847 PR 0.1812 | unseen ROC 0.5000 PR 0.0000 | valAUC 0.5337 | tau+ 0.500
[OUTPOST-v4] epoch 121: test-all ROC 0.5866 PR 0.1824 | unseen ROC 0.5000 PR 0.0000 | valAUC 0.5352 | tau+ 0.500
[OUTPOST-v4] epoch 122: test-all ROC 0.5869 PR 0.1827 | unseen ROC 0.5000 PR 0.0000 | valAUC 0.5388 | tau+ 0.500
[OUTPOST-v4] epoch 123: test-all ROC 0.5883 PR 0.1833 | unseen ROC 0.5000 PR 0.0000 | valAUC 0.5372 | tau+ 0.500
[OUTPOST-v4] epoch 124: test-all ROC 0.5884 PR 0.1835 | unseen ROC 0.5000 PR 0.0000 | valAUC 0.5289 | tau+ 0.500
[OUTPOST-v4] epoch 125: test-all ROC 0.5904 PR 0.1846 | unseen ROC 0.5000 PR 0.0000 | valAUC 0.5373 | tau+ 0.500
[OUTPOST-v4] epoch 126: test-all ROC 0.5917 PR 0.1860 | unseen ROC 0.5000 PR 0.0000 | valAUC 0.5480 | tau+ 0.500
[OUTPOST-v4] epoch 127: test-all ROC 0.5919 PR 0.1861 | unseen ROC 0.5000 PR 0.0000 | valAUC 0.5508 | tau+ 0.500
[OUTPOST-v4] epoch 128: test-all ROC 0.5944 PR 0.1875 | unseen ROC 0.5000 PR 0.0000 | valAUC 0.5441 | tau+ 0.500
[OUTPOST-v4] epoch 129: test-all ROC 0.5949 PR 0.1886 | unseen ROC 0.5000 PR 0.0000 | valAUC 0.5445 | tau+ 0.500
[OUTPOST-v4] epoch 130: test-all ROC 0.5961 PR 0.1893 | unseen ROC 0.5000 PR 0.0000 | valAUC 0.5455 | tau+ 0.500
[OUTPOST-v4] epoch 131: test-all ROC 0.5967 PR 0.1903 | unseen ROC 0.5000 PR 0.0000 | valAUC 0.5415 | tau+ 0.500
[OUTPOST-v4] epoch 132: test-all ROC 0.5976 PR 0.1915 | unseen ROC 0.5000 PR 0.0000 | valAUC 0.5556 | tau+ 0.500
[OUTPOST-v4] epoch 133: test-all ROC 0.5988 PR 0.1920 | unseen ROC 0.5000 PR 0.0000 | valAUC 0.5481 | tau+ 0.500
[OUTPOST-v4] epoch 134: test-all ROC 0.5993 PR 0.1938 | unseen ROC 0.5000 PR 0.0000 | valAUC 0.5491 | tau+ 0.500
[OUTPOST-v4] epoch 135: test-all ROC 0.6011 PR 0.1949 | unseen ROC 0.5000 PR 0.0000 | valAUC 0.5571 | tau+ 0.500
[OUTPOST-v4] epoch 136: test-all ROC 0.6022 PR 0.1967 | unseen ROC 0.5000 PR 0.0000 | valAUC 0.5662 | tau+ 0.500
[OUTPOST-v4] epoch 137: test-all ROC 0.6028 PR 0.1968 | unseen ROC 0.5000 PR 0.0000 | valAUC 0.5553 | tau+ 0.500
[OUTPOST-v4] epoch 138: test-all ROC 0.6037 PR 0.1985 | unseen ROC 0.5000 PR 0.0000 | valAUC 0.5616 | tau+ 0.500
[OUTPOST-v4] epoch 139: test-all ROC 0.6047 PR 0.1997 | unseen ROC 0.5000 PR 0.0000 | valAUC 0.5654 | tau+ 0.500
[OUTPOST-v4] epoch 140: test-all ROC 0.6055 PR 0.2008 | unseen ROC 0.5000 PR 0.0000 | valAUC 0.5623 | tau+ 0.500
[OUTPOST-v4] epoch 141: test-all ROC 0.6069 PR 0.2021 | unseen ROC 0.5000 PR 0.0000 | valAUC 0.5661 | tau+ 0.500
[OUTPOST-v4] epoch 142: test-all ROC 0.6080 PR 0.2039 | unseen ROC 0.5000 PR 0.0000 | valAUC 0.5682 | tau+ 0.500
[OUTPOST-v4] epoch 143: test-all ROC 0.6093 PR 0.2059 | unseen ROC 0.5000 PR 0.0000 | valAUC 0.5750 | tau+ 0.500
[OUTPOST-v4] epoch 144: test-all ROC 0.6101 PR 0.2069 | unseen ROC 0.5000 PR 0.0000 | valAUC 0.5730 | tau+ 0.500
[OUTPOST-v4] epoch 145: test-all ROC 0.6107 PR 0.2083 | unseen ROC 0.5000 PR 0.0000 | valAUC 0.5764 | tau+ 0.500
[OUTPOST-v4] epoch 146: test-all ROC 0.6115 PR 0.2102 | unseen ROC 0.5000 PR 0.0000 | valAUC 0.5774 | tau+ 0.500
[OUTPOST-v4] epoch 147: test-all ROC 0.6127 PR 0.2113 | unseen ROC 0.5000 PR 0.0000 | valAUC 0.5793 | tau+ 0.500
[OUTPOST-v4] epoch 148: test-all ROC 0.6134 PR 0.2131 | unseen ROC 0.5000 PR 0.0000 | valAUC 0.5831 | tau+ 0.500
[OUTPOST-v4] epoch 149: test-all ROC 0.6145 PR 0.2144 | unseen ROC 0.5000 PR 0.0000 | valAUC 0.5806 | tau+ 0.500
[OUTPOST-v4] epoch 150: test-all ROC 0.6157 PR 0.2162 | unseen ROC 0.5000 PR 0.0000 | valAUC 0.5861 | tau+ 0.500
[OUTPOST-v4] epoch 151: test-all ROC 0.6165 PR 0.2178 | unseen ROC 0.5000 PR 0.0000 | valAUC 0.5812 | tau+ 0.500
[OUTPOST-v4] epoch 152: test-all ROC 0.6172 PR 0.2193 | unseen ROC 0.5000 PR 0.0000 | valAUC 0.5827 | tau+ 0.500
[OUTPOST-v4] epoch 153: test-all ROC 0.6179 PR 0.2205 | unseen ROC 0.5000 PR 0.0000 | valAUC 0.5878 | tau+ 0.500
[OUTPOST-v4] epoch 154: test-all ROC 0.6187 PR 0.2221 | unseen ROC 0.5000 PR 0.0000 | valAUC 0.5852 | tau+ 0.500
[OUTPOST-v4] epoch 155: test-all ROC 0.6201 PR 0.2232 | unseen ROC 0.5000 PR 0.0000 | valAUC 0.5933 | tau+ 0.500
[OUTPOST-v4] epoch 156: test-all ROC 0.6210 PR 0.2253 | unseen ROC 0.5000 PR 0.0000 | valAUC 0.5950 | tau+ 0.500
[OUTPOST-v4] epoch 157: test-all ROC 0.6216 PR 0.2265 | unseen ROC 0.5000 PR 0.0000 | valAUC 0.5971 | tau+ 0.500
[OUTPOST-v4] epoch 158: test-all ROC 0.6222 PR 0.2284 | unseen ROC 0.5000 PR 0.0000 | valAUC 0.5973 | tau+ 0.500
[OUTPOST-v4] epoch 159: test-all ROC 0.6235 PR 0.2295 | unseen ROC 0.5000 PR 0.0000 | valAUC 0.5942 | tau+ 0.500
[OUTPOST-v4] epoch 160: test-all ROC 0.6237 PR 0.2308 | unseen ROC 0.5000 PR 0.0000 | valAUC 0.6025 | tau+ 0.500
[OUTPOST-v4] epoch 161: test-all ROC 0.6255 PR 0.2321 | unseen ROC 0.5000 PR 0.0000 | valAUC 0.6021 | tau+ 0.500
[OUTPOST-v4] epoch 162: test-all ROC 0.6257 PR 0.2332 | unseen ROC 0.5000 PR 0.0000 | valAUC 0.6092 | tau+ 0.500
[OUTPOST-v4] epoch 163: test-all ROC 0.6268 PR 0.2347 | unseen ROC 0.5000 PR 0.0000 | valAUC 0.6077 | tau+ 0.500
[OUTPOST-v4] epoch 164: test-all ROC 0.6274 PR 0.2356 | unseen ROC 0.5000 PR 0.0000 | valAUC 0.6124 | tau+ 0.500
[OUTPOST-v4] epoch 165: test-all ROC 0.6283 PR 0.2370 | unseen ROC 0.5000 PR 0.0000 | valAUC 0.6193 | tau+ 0.500
[OUTPOST-v4] epoch 166: test-all ROC 0.6292 PR 0.2383 | unseen ROC 0.5000 PR 0.0000 | valAUC 0.6191 | tau+ 0.500
[OUTPOST-v4] epoch 167: test-all ROC 0.6294 PR 0.2390 | unseen ROC 0.5000 PR 0.0000 | valAUC 0.6202 | tau+ 0.500
[OUTPOST-v4] epoch 168: test-all ROC 0.6300 PR 0.2398 | unseen ROC 0.5000 PR 0.0000 | valAUC 0.6158 | tau+ 0.500
[OUTPOST-v4] epoch 169: test-all ROC 0.6307 PR 0.2412 | unseen ROC 0.5000 PR 0.0000 | valAUC 0.6259 | tau+ 0.500
[OUTPOST-v4] epoch 170: test-all ROC 0.6310 PR 0.2418 | unseen ROC 0.5000 PR 0.0000 | valAUC 0.6228 | tau+ 0.500
[OUTPOST-v4] epoch 171: test-all ROC 0.6314 PR 0.2425 | unseen ROC 0.5000 PR 0.0000 | valAUC 0.6197 | tau+ 0.500
[OUTPOST-v4] epoch 172: test-all ROC 0.6324 PR 0.2429 | unseen ROC 0.5000 PR 0.0000 | valAUC 0.6228 | tau+ 0.500
[OUTPOST-v4] epoch 173: test-all ROC 0.6331 PR 0.2435 | unseen ROC 0.5000 PR 0.0000 | valAUC 0.6216 | tau+ 0.500
[OUTPOST-v4] epoch 174: test-all ROC 0.6339 PR 0.2448 | unseen ROC 0.5000 PR 0.0000 | valAUC 0.6304 | tau+ 0.500
[OUTPOST-v4] epoch 175: test-all ROC 0.6350 PR 0.2459 | unseen ROC 0.5000 PR 0.0000 | valAUC 0.6470 | tau+ 0.500
[OUTPOST-v4] epoch 176: test-all ROC 0.6354 PR 0.2463 | unseen ROC 0.5000 PR 0.0000 | valAUC 0.6340 | tau+ 0.500
[OUTPOST-v4] epoch 177: test-all ROC 0.6365 PR 0.2474 | unseen ROC 0.5000 PR 0.0000 | valAUC 0.6404 | tau+ 0.500
[OUTPOST-v4] epoch 178: test-all ROC 0.6377 PR 0.2482 | unseen ROC 0.5000 PR 0.0000 | valAUC 0.6355 | tau+ 0.500
[OUTPOST-v4] epoch 179: test-all ROC 0.6380 PR 0.2491 | unseen ROC 0.5000 PR 0.0000 | valAUC 0.6411 | tau+ 0.500
[OUTPOST-v4] epoch 180: test-all ROC 0.6390 PR 0.2495 | unseen ROC 0.5000 PR 0.0000 | valAUC 0.6397 | tau+ 0.500
[OUTPOST-v4] epoch 181: test-all ROC 0.6397 PR 0.2501 | unseen ROC 0.5000 PR 0.0000 | valAUC 0.6379 | tau+ 0.500
[OUTPOST-v4] epoch 182: test-all ROC 0.6403 PR 0.2513 | unseen ROC 0.5000 PR 0.0000 | valAUC 0.6560 | tau+ 0.500
[OUTPOST-v4] epoch 183: test-all ROC 0.6403 PR 0.2510 | unseen ROC 0.5000 PR 0.0000 | valAUC 0.6497 | tau+ 0.500
[OUTPOST-v4] epoch 184: test-all ROC 0.6422 PR 0.2525 | unseen ROC 0.5000 PR 0.0000 | valAUC 0.6480 | tau+ 0.500
[OUTPOST-v4] epoch 185: test-all ROC 0.6424 PR 0.2524 | unseen ROC 0.5000 PR 0.0000 | valAUC 0.6583 | tau+ 0.500
[OUTPOST-v4] epoch 186: test-all ROC 0.6432 PR 0.2540 | unseen ROC 0.5000 PR 0.0000 | valAUC 0.6559 | tau+ 0.500
[OUTPOST-v4] epoch 187: test-all ROC 0.6439 PR 0.2545 | unseen ROC 0.5000 PR 0.0000 | valAUC 0.6594 | tau+ 0.500
[OUTPOST-v4] epoch 188: test-all ROC 0.6449 PR 0.2548 | unseen ROC 0.5000 PR 0.0000 | valAUC 0.6611 | tau+ 0.500
[OUTPOST-v4] epoch 189: test-all ROC 0.6459 PR 0.2559 | unseen ROC 0.5000 PR 0.0000 | valAUC 0.6582 | tau+ 0.500
[OUTPOST-v4] epoch 190: test-all ROC 0.6466 PR 0.2561 | unseen ROC 0.5000 PR 0.0000 | valAUC 0.6653 | tau+ 0.500
[OUTPOST-v4] epoch 191: test-all ROC 0.6470 PR 0.2575 | unseen ROC 0.5000 PR 0.0000 | valAUC 0.6696 | tau+ 0.500
[OUTPOST-v4] epoch 192: test-all ROC 0.6474 PR 0.2578 | unseen ROC 0.5000 PR 0.0000 | valAUC 0.6684 | tau+ 0.500
[OUTPOST-v4] epoch 193: test-all ROC 0.6480 PR 0.2584 | unseen ROC 0.5000 PR 0.0000 | valAUC 0.6608 | tau+ 0.500
[OUTPOST-v4] epoch 194: test-all ROC 0.6483 PR 0.2590 | unseen ROC 0.5000 PR 0.0000 | valAUC 0.6656 | tau+ 0.500
[OUTPOST-v4] epoch 195: test-all ROC 0.6485 PR 0.2595 | unseen ROC 0.5000 PR 0.0000 | valAUC 0.6732 | tau+ 0.500
[OUTPOST-v4] epoch 196: test-all ROC 0.6490 PR 0.2607 | unseen ROC 0.5000 PR 0.0000 | valAUC 0.6701 | tau+ 0.500
[OUTPOST-v4] epoch 197: test-all ROC 0.6499 PR 0.2606 | unseen ROC 0.5000 PR 0.0000 | valAUC 0.6699 | tau+ 0.500
[OUTPOST-v4] epoch 198: test-all ROC 0.6498 PR 0.2611 | unseen ROC 0.5000 PR 0.0000 | valAUC 0.6811 | tau+ 0.500
[OUTPOST-v4] epoch 199: test-all ROC 0.6511 PR 0.2614 | unseen ROC 0.5000 PR 0.0000 | valAUC 0.6832 | tau+ 0.500
[OUTPOST-v4] epoch 200: test-all ROC 0.6509 PR 0.2616 | unseen ROC 0.5000 PR 0.0000 | valAUC 0.6805 | tau+ 0.500
[OUTPOST-v4] epoch 201: test-all ROC 0.6515 PR 0.2620 | unseen ROC 0.5000 PR 0.0000 | valAUC 0.6742 | tau+ 0.500
[OUTPOST-v4] epoch 202: test-all ROC 0.6520 PR 0.2627 | unseen ROC 0.5000 PR 0.0000 | valAUC 0.6825 | tau+ 0.500
[OUTPOST-v4] epoch 203: test-all ROC 0.6524 PR 0.2628 | unseen ROC 0.5000 PR 0.0000 | valAUC 0.6838 | tau+ 0.500
[OUTPOST-v4] epoch 204: test-all ROC 0.6529 PR 0.2633 | unseen ROC 0.5000 PR 0.0000 | valAUC 0.6876 | tau+ 0.500
[OUTPOST-v4] epoch 205: test-all ROC 0.6540 PR 0.2641 | unseen ROC 0.5000 PR 0.0000 | valAUC 0.6918 | tau+ 0.500
[OUTPOST-v4] epoch 206: test-all ROC 0.6546 PR 0.2651 | unseen ROC 0.5000 PR 0.0000 | valAUC 0.6899 | tau+ 0.500
[OUTPOST-v4] epoch 207: test-all ROC 0.6554 PR 0.2658 | unseen ROC 0.5000 PR 0.0000 | valAUC 0.6923 | tau+ 0.500
[OUTPOST-v4] epoch 208: test-all ROC 0.6569 PR 0.2663 | unseen ROC 0.5000 PR 0.0000 | valAUC 0.6990 | tau+ 0.500
[OUTPOST-v4] epoch 209: test-all ROC 0.6579 PR 0.2664 | unseen ROC 0.5000 PR 0.0000 | valAUC 0.6933 | tau+ 0.500
[OUTPOST-v4] epoch 210: test-all ROC 0.6588 PR 0.2680 | unseen ROC 0.5000 PR 0.0000 | valAUC 0.6958 | tau+ 0.500
[OUTPOST-v4] epoch 211: test-all ROC 0.6596 PR 0.2684 | unseen ROC 0.5000 PR 0.0000 | valAUC 0.6959 | tau+ 0.500
[OUTPOST-v4] epoch 212: test-all ROC 0.6601 PR 0.2686 | unseen ROC 0.5000 PR 0.0000 | valAUC 0.7089 | tau+ 0.500
[OUTPOST-v4] epoch 213: test-all ROC 0.6601 PR 0.2685 | unseen ROC 0.5000 PR 0.0000 | valAUC 0.6986 | tau+ 0.500
[OUTPOST-v4] epoch 214: test-all ROC 0.6605 PR 0.2681 | unseen ROC 0.5000 PR 0.0000 | valAUC 0.7053 | tau+ 0.500
[OUTPOST-v4] epoch 215: test-all ROC 0.6609 PR 0.2691 | unseen ROC 0.5000 PR 0.0000 | valAUC 0.7065 | tau+ 0.500
[OUTPOST-v4] epoch 216: test-all ROC 0.6613 PR 0.2699 | unseen ROC 0.5000 PR 0.0000 | valAUC 0.7115 | tau+ 0.500
[OUTPOST-v4] epoch 217: test-all ROC 0.6613 PR 0.2701 | unseen ROC 0.5000 PR 0.0000 | valAUC 0.7128 | tau+ 0.500
[OUTPOST-v4] epoch 218: test-all ROC 0.6619 PR 0.2705 | unseen ROC 0.5000 PR 0.0000 | valAUC 0.7088 | tau+ 0.500
[OUTPOST-v4] epoch 219: test-all ROC 0.6625 PR 0.2714 | unseen ROC 0.5000 PR 0.0000 | valAUC 0.7083 | tau+ 0.500
[OUTPOST-v4] epoch 220: test-all ROC 0.6626 PR 0.2713 | unseen ROC 0.5000 PR 0.0000 | valAUC 0.7153 | tau+ 0.500
[OUTPOST-v4] epoch 221: test-all ROC 0.6634 PR 0.2718 | unseen ROC 0.5000 PR 0.0000 | valAUC 0.7149 | tau+ 0.500
[OUTPOST-v4] epoch 222: test-all ROC 0.6642 PR 0.2731 | unseen ROC 0.5000 PR 0.0000 | valAUC 0.7151 | tau+ 0.500
[OUTPOST-v4] epoch 223: test-all ROC 0.6650 PR 0.2741 | unseen ROC 0.5000 PR 0.0000 | valAUC 0.7180 | tau+ 0.500
[OUTPOST-v4] epoch 224: test-all ROC 0.6656 PR 0.2748 | unseen ROC 0.5000 PR 0.0000 | valAUC 0.7166 | tau+ 0.500
[OUTPOST-v4] epoch 225: test-all ROC 0.6670 PR 0.2753 | unseen ROC 0.5000 PR 0.0000 | valAUC 0.7243 | tau+ 0.500
[OUTPOST-v4] epoch 226: test-all ROC 0.6677 PR 0.2761 | unseen ROC 0.5000 PR 0.0000 | valAUC 0.7219 | tau+ 0.500
[OUTPOST-v4] epoch 227: test-all ROC 0.6686 PR 0.2775 | unseen ROC 0.5000 PR 0.0000 | valAUC 0.7226 | tau+ 0.500
[OUTPOST-v4] epoch 228: test-all ROC 0.6691 PR 0.2781 | unseen ROC 0.5000 PR 0.0000 | valAUC 0.7189 | tau+ 0.500
[OUTPOST-v4] epoch 229: test-all ROC 0.6691 PR 0.2780 | unseen ROC 0.5000 PR 0.0000 | valAUC 0.7228 | tau+ 0.500
[OUTPOST-v4] epoch 230: test-all ROC 0.6697 PR 0.2790 | unseen ROC 0.5000 PR 0.0000 | valAUC 0.7253 | tau+ 0.500
[OUTPOST-v4] epoch 231: test-all ROC 0.6704 PR 0.2790 | unseen ROC 0.5000 PR 0.0000 | valAUC 0.7207 | tau+ 0.500
[OUTPOST-v4] epoch 232: test-all ROC 0.6710 PR 0.2800 | unseen ROC 0.5000 PR 0.0000 | valAUC 0.7252 | tau+ 0.500
[OUTPOST-v4] epoch 233: test-all ROC 0.6713 PR 0.2806 | unseen ROC 0.5000 PR 0.0000 | valAUC 0.7257 | tau+ 0.500
[OUTPOST-v4] epoch 234: test-all ROC 0.6720 PR 0.2814 | unseen ROC 0.5000 PR 0.0000 | valAUC 0.7234 | tau+ 0.500
[OUTPOST-v4] epoch 235: test-all ROC 0.6731 PR 0.2820 | unseen ROC 0.5000 PR 0.0000 | valAUC 0.7299 | tau+ 0.500
[OUTPOST-v4] epoch 236: test-all ROC 0.6738 PR 0.2828 | unseen ROC 0.5000 PR 0.0000 | valAUC 0.7284 | tau+ 0.500
[OUTPOST-v4] epoch 237: test-all ROC 0.6741 PR 0.2837 | unseen ROC 0.5000 PR 0.0000 | valAUC 0.7284 | tau+ 0.500
[OUTPOST-v4] epoch 238: test-all ROC 0.6758 PR 0.2843 | unseen ROC 0.5000 PR 0.0000 | valAUC 0.7305 | tau+ 0.500
[OUTPOST-v4] epoch 239: test-all ROC 0.6764 PR 0.2841 | unseen ROC 0.5000 PR 0.0000 | valAUC 0.7311 | tau+ 0.500
[OUTPOST-v4] epoch 240: test-all ROC 0.6772 PR 0.2848 | unseen ROC 0.5000 PR 0.0000 | valAUC 0.7393 | tau+ 0.500
[OUTPOST-v4] epoch 241: test-all ROC 0.6778 PR 0.2860 | unseen ROC 0.5000 PR 0.0000 | valAUC 0.7346 | tau+ 0.500
[OUTPOST-v4] epoch 242: test-all ROC 0.6789 PR 0.2859 | unseen ROC 0.5000 PR 0.0000 | valAUC 0.7353 | tau+ 0.500
[OUTPOST-v4] epoch 243: test-all ROC 0.6791 PR 0.2865 | unseen ROC 0.5000 PR 0.0000 | valAUC 0.7364 | tau+ 0.500
[OUTPOST-v4] epoch 244: test-all ROC 0.6792 PR 0.2866 | unseen ROC 0.5000 PR 0.0000 | valAUC 0.7335 | tau+ 0.500
[OUTPOST-v4] epoch 245: test-all ROC 0.6788 PR 0.2868 | unseen ROC 0.5000 PR 0.0000 | valAUC 0.7398 | tau+ 0.500
[OUTPOST-v4] epoch 246: test-all ROC 0.6797 PR 0.2873 | unseen ROC 0.5000 PR 0.0000 | valAUC 0.7440 | tau+ 0.500
[OUTPOST-v4] epoch 247: test-all ROC 0.6811 PR 0.2884 | unseen ROC 0.5000 PR 0.0000 | valAUC 0.7456 | tau+ 0.500
[OUTPOST-v4] epoch 248: test-all ROC 0.6814 PR 0.2881 | unseen ROC 0.5000 PR 0.0000 | valAUC 0.7459 | tau+ 0.500
[OUTPOST-v4] epoch 249: test-all ROC 0.6829 PR 0.2888 | unseen ROC 0.5000 PR 0.0000 | valAUC 0.7468 | tau+ 0.500
[OUTPOST-v4] epoch 250: test-all ROC 0.6837 PR 0.2897 | unseen ROC 0.5000 PR 0.0000 | valAUC 0.7480 | tau+ 0.500
[OUTPOST-v4] epoch 251: test-all ROC 0.6849 PR 0.2917 | unseen ROC 0.5000 PR 0.0000 | valAUC 0.7416 | tau+ 0.500
[OUTPOST-v4] epoch 252: test-all ROC 0.6857 PR 0.2919 | unseen ROC 0.5000 PR 0.0000 | valAUC 0.7474 | tau+ 0.500
[OUTPOST-v4] epoch 253: test-all ROC 0.6866 PR 0.2924 | unseen ROC 0.5000 PR 0.0000 | valAUC 0.7524 | tau+ 0.500
[OUTPOST-v4] epoch 254: test-all ROC 0.6862 PR 0.2926 | unseen ROC 0.5000 PR 0.0000 | valAUC 0.7502 | tau+ 0.500
[OUTPOST-v4] epoch 255: test-all ROC 0.6867 PR 0.2933 | unseen ROC 0.5000 PR 0.0000 | valAUC 0.7495 | tau+ 0.500
[OUTPOST-v4] epoch 256: test-all ROC 0.6854 PR 0.2932 | unseen ROC 0.5000 PR 0.0000 | valAUC 0.7480 | tau+ 0.500
[OUTPOST-v4] epoch 257: test-all ROC 0.6858 PR 0.2937 | unseen ROC 0.5000 PR 0.0000 | valAUC 0.7536 | tau+ 0.500
[OUTPOST-v4] epoch 258: test-all ROC 0.6859 PR 0.2941 | unseen ROC 0.5000 PR 0.0000 | valAUC 0.7483 | tau+ 0.500
[OUTPOST-v4] epoch 259: test-all ROC 0.6857 PR 0.2942 | unseen ROC 0.5000 PR 0.0000 | valAUC 0.7511 | tau+ 0.500
[OUTPOST-v4] epoch 260: test-all ROC 0.6865 PR 0.2951 | unseen ROC 0.5000 PR 0.0000 | valAUC 0.7469 | tau+ 0.500
[OUTPOST-v4] epoch 261: test-all ROC 0.6884 PR 0.2965 | unseen ROC 0.5000 PR 0.0000 | valAUC 0.7543 | tau+ 0.500
[OUTPOST-v4] epoch 262: test-all ROC 0.6884 PR 0.2964 | unseen ROC 0.5000 PR 0.0000 | valAUC 0.7543 | tau+ 0.500
[OUTPOST-v4] epoch 263: test-all ROC 0.6886 PR 0.2963 | unseen ROC 0.5000 PR 0.0000 | valAUC 0.7622 | tau+ 0.500
[OUTPOST-v4] epoch 264: test-all ROC 0.6901 PR 0.2983 | unseen ROC 0.5000 PR 0.0000 | valAUC 0.7604 | tau+ 0.500
[OUTPOST-v4] epoch 265: test-all ROC 0.6896 PR 0.2972 | unseen ROC 0.5000 PR 0.0000 | valAUC 0.7564 | tau+ 0.500
[OUTPOST-v4] epoch 266: test-all ROC 0.6902 PR 0.2982 | unseen ROC 0.5000 PR 0.0000 | valAUC 0.7601 | tau+ 0.500
[OUTPOST-v4] epoch 267: test-all ROC 0.6903 PR 0.2979 | unseen ROC 0.5000 PR 0.0000 | valAUC 0.7579 | tau+ 0.500
[OUTPOST-v4] epoch 268: test-all ROC 0.6918 PR 0.2994 | unseen ROC 0.5000 PR 0.0000 | valAUC 0.7560 | tau+ 0.500
[OUTPOST-v4] epoch 269: test-all ROC 0.6916 PR 0.2991 | unseen ROC 0.5000 PR 0.0000 | valAUC 0.7554 | tau+ 0.500
[OUTPOST-v4] epoch 270: test-all ROC 0.6916 PR 0.2994 | unseen ROC 0.5000 PR 0.0000 | valAUC 0.7520 | tau+ 0.500
[OUTPOST-v4] epoch 271: test-all ROC 0.6921 PR 0.3003 | unseen ROC 0.5000 PR 0.0000 | valAUC 0.7576 | tau+ 0.500
[OUTPOST-v4] epoch 272: test-all ROC 0.6923 PR 0.3001 | unseen ROC 0.5000 PR 0.0000 | valAUC 0.7515 | tau+ 0.500
[OUTPOST-v4] epoch 273: test-all ROC 0.6930 PR 0.3018 | unseen ROC 0.5000 PR 0.0000 | valAUC 0.7608 | tau+ 0.500
[OUTPOST-v4] epoch 274: test-all ROC 0.6942 PR 0.3026 | unseen ROC 0.5000 PR 0.0000 | valAUC 0.7599 | tau+ 0.500
[OUTPOST-v4] epoch 275: test-all ROC 0.6946 PR 0.3027 | unseen ROC 0.5000 PR 0.0000 | valAUC 0.7602 | tau+ 0.500
[OUTPOST-v4] epoch 276: test-all ROC 0.6950 PR 0.3025 | unseen ROC 0.5000 PR 0.0000 | valAUC 0.7657 | tau+ 0.500
[OUTPOST-v4] epoch 277: test-all ROC 0.6955 PR 0.3038 | unseen ROC 0.5000 PR 0.0000 | valAUC 0.7625 | tau+ 0.500
[OUTPOST-v4] epoch 278: test-all ROC 0.6955 PR 0.3037 | unseen ROC 0.5000 PR 0.0000 | valAUC 0.7614 | tau+ 0.500
[OUTPOST-v4] epoch 279: test-all ROC 0.6954 PR 0.3033 | unseen ROC 0.5000 PR 0.0000 | valAUC 0.7650 | tau+ 0.500
[OUTPOST-v4] epoch 280: test-all ROC 0.6955 PR 0.3040 | unseen ROC 0.5000 PR 0.0000 | valAUC 0.7610 | tau+ 0.500
[OUTPOST-v4] epoch 281: test-all ROC 0.6959 PR 0.3047 | unseen ROC 0.5000 PR 0.0000 | valAUC 0.7628 | tau+ 0.500
[OUTPOST-v4] epoch 282: test-all ROC 0.6968 PR 0.3048 | unseen ROC 0.5000 PR 0.0000 | valAUC 0.7582 | tau+ 0.500
[OUTPOST-v4] epoch 283: test-all ROC 0.6973 PR 0.3054 | unseen ROC 0.5000 PR 0.0000 | valAUC 0.7719 | tau+ 0.500
[OUTPOST-v4] epoch 284: test-all ROC 0.6975 PR 0.3059 | unseen ROC 0.5000 PR 0.0000 | valAUC 0.7651 | tau+ 0.500
[OUTPOST-v4] epoch 285: test-all ROC 0.6976 PR 0.3062 | unseen ROC 0.5000 PR 0.0000 | valAUC 0.7616 | tau+ 0.500
[OUTPOST-v4] epoch 286: test-all ROC 0.6976 PR 0.3065 | unseen ROC 0.5000 PR 0.0000 | valAUC 0.7654 | tau+ 0.500
[OUTPOST-v4] epoch 287: test-all ROC 0.6988 PR 0.3078 | unseen ROC 0.5000 PR 0.0000 | valAUC 0.7645 | tau+ 0.500
[OUTPOST-v4] epoch 288: test-all ROC 0.6991 PR 0.3077 | unseen ROC 0.5000 PR 0.0000 | valAUC 0.7665 | tau+ 0.500
[OUTPOST-v4] epoch 289: test-all ROC 0.6978 PR 0.3067 | unseen ROC 0.5000 PR 0.0000 | valAUC 0.7692 | tau+ 0.500
[OUTPOST-v4] epoch 290: test-all ROC 0.6987 PR 0.3075 | unseen ROC 0.5000 PR 0.0000 | valAUC 0.7653 | tau+ 0.500
[OUTPOST-v4] epoch 291: test-all ROC 0.6990 PR 0.3086 | unseen ROC 0.5000 PR 0.0000 | valAUC 0.7647 | tau+ 0.500
[OUTPOST-v4] epoch 292: test-all ROC 0.6993 PR 0.3087 | unseen ROC 0.5000 PR 0.0000 | valAUC 0.7725 | tau+ 0.500
[OUTPOST-v4] epoch 293: test-all ROC 0.6984 PR 0.3098 | unseen ROC 0.5000 PR 0.0000 | valAUC 0.7645 | tau+ 0.500
[OUTPOST-v4] epoch 294: test-all ROC 0.6990 PR 0.3091 | unseen ROC 0.5000 PR 0.0000 | valAUC 0.7652 | tau+ 0.500
[OUTPOST-v4] epoch 295: test-all ROC 0.6986 PR 0.3090 | unseen ROC 0.5000 PR 0.0000 | valAUC 0.7659 | tau+ 0.500
[OUTPOST-v4] epoch 296: test-all ROC 0.6986 PR 0.3092 | unseen ROC 0.5000 PR 0.0000 | valAUC 0.7632 | tau+ 0.500
[OUTPOST-v4] epoch 297: test-all ROC 0.6992 PR 0.3097 | unseen ROC 0.5000 PR 0.0000 | valAUC 0.7666 | tau+ 0.500
[OUTPOST-v4] epoch 298: test-all ROC 0.6997 PR 0.3102 | unseen ROC 0.5000 PR 0.0000 | valAUC 0.7689 | tau+ 0.500
[OUTPOST-v4] epoch 299: test-all ROC 0.7006 PR 0.3106 | unseen ROC 0.5000 PR 0.0000 | valAUC 0.7704 | tau+ 0.500
[OUTPOST-v4] epoch 300: test-all ROC 0.7007 PR 0.3121 | unseen ROC 0.5000 PR 0.0000 | valAUC 0.7660 | tau+ 0.500
[OUTPOST-v4] epoch 301: test-all ROC 0.7001 PR 0.3110 | unseen ROC 0.5000 PR 0.0000 | valAUC 0.7760 | tau+ 0.500
[OUTPOST-v4] epoch 302: test-all ROC 0.7001 PR 0.3112 | unseen ROC 0.5000 PR 0.0000 | valAUC 0.7650 | tau+ 0.500
[OUTPOST-v4] epoch 303: test-all ROC 0.7001 PR 0.3122 | unseen ROC 0.5000 PR 0.0000 | valAUC 0.7676 | tau+ 0.500
[OUTPOST-v4] epoch 304: test-all ROC 0.7000 PR 0.3120 | unseen ROC 0.5000 PR 0.0000 | valAUC 0.7605 | tau+ 0.500
[OUTPOST-v4] epoch 305: test-all ROC 0.7005 PR 0.3122 | unseen ROC 0.5000 PR 0.0000 | valAUC 0.7717 | tau+ 0.500
[OUTPOST-v4] epoch 306: test-all ROC 0.7018 PR 0.3133 | unseen ROC 0.5000 PR 0.0000 | valAUC 0.7628 | tau+ 0.500
[OUTPOST-v4] epoch 307: test-all ROC 0.7014 PR 0.3133 | unseen ROC 0.5000 PR 0.0000 | valAUC 0.7703 | tau+ 0.500
[OUTPOST-v4] epoch 308: test-all ROC 0.7020 PR 0.3149 | unseen ROC 0.5000 PR 0.0000 | valAUC 0.7672 | tau+ 0.500
[OUTPOST-v4] epoch 309: test-all ROC 0.7016 PR 0.3140 | unseen ROC 0.5000 PR 0.0000 | valAUC 0.7764 | tau+ 0.500
[OUTPOST-v4] epoch 310: test-all ROC 0.7014 PR 0.3140 | unseen ROC 0.5000 PR 0.0000 | valAUC 0.7684 | tau+ 0.500
[OUTPOST-v4] epoch 311: test-all ROC 0.7016 PR 0.3142 | unseen ROC 0.5000 PR 0.0000 | valAUC 0.7736 | tau+ 0.500
[OUTPOST-v4] epoch 312: test-all ROC 0.7015 PR 0.3142 | unseen ROC 0.5000 PR 0.0000 | valAUC 0.7666 | tau+ 0.500
[OUTPOST-v4] epoch 313: test-all ROC 0.7025 PR 0.3160 | unseen ROC 0.5000 PR 0.0000 | valAUC 0.7737 | tau+ 0.500
[OUTPOST-v4] epoch 314: test-all ROC 0.7031 PR 0.3168 | unseen ROC 0.5000 PR 0.0000 | valAUC 0.7694 | tau+ 0.500
[OUTPOST-v4] epoch 315: test-all ROC 0.7036 PR 0.3171 | unseen ROC 0.5000 PR 0.0000 | valAUC 0.7753 | tau+ 0.500
[OUTPOST-v4] epoch 316: test-all ROC 0.7044 PR 0.3171 | unseen ROC 0.5000 PR 0.0000 | valAUC 0.7722 | tau+ 0.500
[OUTPOST-v4] epoch 317: test-all ROC 0.7040 PR 0.3167 | unseen ROC 0.5000 PR 0.0000 | valAUC 0.7700 | tau+ 0.500
[OUTPOST-v4] epoch 318: test-all ROC 0.7043 PR 0.3181 | unseen ROC 0.5000 PR 0.0000 | valAUC 0.7679 | tau+ 0.500
[OUTPOST-v4] epoch 319: test-all ROC 0.7053 PR 0.3177 | unseen ROC 0.5000 PR 0.0000 | valAUC 0.7731 | tau+ 0.500
[OUTPOST-v4] epoch 320: test-all ROC 0.7052 PR 0.3190 | unseen ROC 0.5000 PR 0.0000 | valAUC 0.7685 | tau+ 0.500
[OUTPOST-v4] epoch 321: test-all ROC 0.7055 PR 0.3189 | unseen ROC 0.5000 PR 0.0000 | valAUC 0.7793 | tau+ 0.500
[OUTPOST-v4] epoch 322: test-all ROC 0.7063 PR 0.3204 | unseen ROC 0.5000 PR 0.0000 | valAUC 0.7747 | tau+ 0.500
[OUTPOST-v4] epoch 323: test-all ROC 0.7077 PR 0.3217 | unseen ROC 0.5000 PR 0.0000 | valAUC 0.7744 | tau+ 0.500
[OUTPOST-v4] epoch 324: test-all ROC 0.7078 PR 0.3221 | unseen ROC 0.5000 PR 0.0000 | valAUC 0.7739 | tau+ 0.500
[OUTPOST-v4] epoch 325: test-all ROC 0.7077 PR 0.3227 | unseen ROC 0.5000 PR 0.0000 | valAUC 0.7714 | tau+ 0.500
[OUTPOST-v4] epoch 326: test-all ROC 0.7065 PR 0.3229 | unseen ROC 0.5000 PR 0.0000 | valAUC 0.7725 | tau+ 0.500
[OUTPOST-v4] epoch 327: test-all ROC 0.7067 PR 0.3229 | unseen ROC 0.5000 PR 0.0000 | valAUC 0.7763 | tau+ 0.500
[OUTPOST-v4] epoch 328: test-all ROC 0.7071 PR 0.3242 | unseen ROC 0.5000 PR 0.0000 | valAUC 0.7696 | tau+ 0.500
[OUTPOST-v4] epoch 329: test-all ROC 0.7078 PR 0.3237 | unseen ROC 0.5000 PR 0.0000 | valAUC 0.7793 | tau+ 0.500
[OUTPOST-v4] epoch 330: test-all ROC 0.7081 PR 0.3244 | unseen ROC 0.5000 PR 0.0000 | valAUC 0.7754 | tau+ 0.500
[OUTPOST-v4] epoch 331: test-all ROC 0.7083 PR 0.3255 | unseen ROC 0.5000 PR 0.0000 | valAUC 0.7725 | tau+ 0.500
[OUTPOST-v4] epoch 332: test-all ROC 0.7079 PR 0.3262 | unseen ROC 0.5000 PR 0.0000 | valAUC 0.7744 | tau+ 0.500
[OUTPOST-v4] epoch 333: test-all ROC 0.7073 PR 0.3253 | unseen ROC 0.5000 PR 0.0000 | valAUC 0.7780 | tau+ 0.500
[OUTPOST-v4] epoch 334: test-all ROC 0.7070 PR 0.3255 | unseen ROC 0.5000 PR 0.0000 | valAUC 0.7726 | tau+ 0.500
[OUTPOST-v4] epoch 335: test-all ROC 0.7078 PR 0.3257 | unseen ROC 0.5000 PR 0.0000 | valAUC 0.7714 | tau+ 0.500
[OUTPOST-v4] epoch 336: test-all ROC 0.7085 PR 0.3264 | unseen ROC 0.5000 PR 0.0000 | valAUC 0.7797 | tau+ 0.500
[OUTPOST-v4] epoch 337: test-all ROC 0.7091 PR 0.3279 | unseen ROC 0.5000 PR 0.0000 | valAUC 0.7730 | tau+ 0.500
[OUTPOST-v4] epoch 338: test-all ROC 0.7091 PR 0.3275 | unseen ROC 0.5000 PR 0.0000 | valAUC 0.7751 | tau+ 0.500
[OUTPOST-v4] epoch 339: test-all ROC 0.7090 PR 0.3275 | unseen ROC 0.5000 PR 0.0000 | valAUC 0.7758 | tau+ 0.500
[OUTPOST-v4] epoch 340: test-all ROC 0.7091 PR 0.3285 | unseen ROC 0.5000 PR 0.0000 | valAUC 0.7748 | tau+ 0.500
[OUTPOST-v4] epoch 341: test-all ROC 0.7102 PR 0.3293 | unseen ROC 0.5000 PR 0.0000 | valAUC 0.7739 | tau+ 0.500
[OUTPOST-v4] epoch 342: test-all ROC 0.7104 PR 0.3294 | unseen ROC 0.5000 PR 0.0000 | valAUC 0.7776 | tau+ 0.500
[OUTPOST-v4] epoch 343: test-all ROC 0.7115 PR 0.3299 | unseen ROC 0.5000 PR 0.0000 | valAUC 0.7770 | tau+ 0.500
[OUTPOST-v4] epoch 344: test-all ROC 0.7118 PR 0.3299 | unseen ROC 0.5000 PR 0.0000 | valAUC 0.7810 | tau+ 0.500
[OUTPOST-v4] epoch 345: test-all ROC 0.7125 PR 0.3311 | unseen ROC 0.5000 PR 0.0000 | valAUC 0.7838 | tau+ 0.500
[OUTPOST-v4] epoch 346: test-all ROC 0.7121 PR 0.3303 | unseen ROC 0.5000 PR 0.0000 | valAUC 0.7818 | tau+ 0.500
[OUTPOST-v4] epoch 347: test-all ROC 0.7121 PR 0.3314 | unseen ROC 0.5000 PR 0.0000 | valAUC 0.7865 | tau+ 0.500
[OUTPOST-v4] epoch 348: test-all ROC 0.7122 PR 0.3315 | unseen ROC 0.5000 PR 0.0000 | valAUC 0.7773 | tau+ 0.500
[OUTPOST-v4] epoch 349: test-all ROC 0.7122 PR 0.3313 | unseen ROC 0.5000 PR 0.0000 | valAUC 0.7805 | tau+ 0.500
[OUTPOST-v4] epoch 350: test-all ROC 0.7111 PR 0.3311 | unseen ROC 0.5000 PR 0.0000 | valAUC 0.7798 | tau+ 0.500
[OUTPOST-v4] epoch 351: test-all ROC 0.7119 PR 0.3330 | unseen ROC 0.5000 PR 0.0000 | valAUC 0.7804 | tau+ 0.500
[OUTPOST-v4] epoch 352: test-all ROC 0.7117 PR 0.3328 | unseen ROC 0.5000 PR 0.0000 | valAUC 0.7804 | tau+ 0.500
[OUTPOST-v4] epoch 353: test-all ROC 0.7113 PR 0.3327 | unseen ROC 0.5000 PR 0.0000 | valAUC 0.7770 | tau+ 0.500
[OUTPOST-v4] epoch 354: test-all ROC 0.7113 PR 0.3324 | unseen ROC 0.5000 PR 0.0000 | valAUC 0.7715 | tau+ 0.500
[OUTPOST-v4] epoch 355: test-all ROC 0.7115 PR 0.3343 | unseen ROC 0.5000 PR 0.0000 | valAUC 0.7785 | tau+ 0.500
[OUTPOST-v4] epoch 356: test-all ROC 0.7116 PR 0.3337 | unseen ROC 0.5000 PR 0.0000 | valAUC 0.7820 | tau+ 0.500
[OUTPOST-v4] epoch 357: test-all ROC 0.7124 PR 0.3356 | unseen ROC 0.5000 PR 0.0000 | valAUC 0.7762 | tau+ 0.500
[OUTPOST-v4] epoch 358: test-all ROC 0.7124 PR 0.3362 | unseen ROC 0.5000 PR 0.0000 | valAUC 0.7787 | tau+ 0.500
[OUTPOST-v4] epoch 359: test-all ROC 0.7131 PR 0.3371 | unseen ROC 0.5000 PR 0.0000 | valAUC 0.7758 | tau+ 0.500
[OUTPOST-v4] epoch 360: test-all ROC 0.7133 PR 0.3373 | unseen ROC 0.5000 PR 0.0000 | valAUC 0.7777 | tau+ 0.500
[OUTPOST-v4] epoch 361: test-all ROC 0.7144 PR 0.3378 | unseen ROC 0.5000 PR 0.0000 | valAUC 0.7777 | tau+ 0.500
[OUTPOST-v4] epoch 362: test-all ROC 0.7153 PR 0.3389 | unseen ROC 0.5000 PR 0.0000 | valAUC 0.7909 | tau+ 0.500
[OUTPOST-v4] epoch 363: test-all ROC 0.7162 PR 0.3400 | unseen ROC 0.5000 PR 0.0000 | valAUC 0.7762 | tau+ 0.500
[OUTPOST-v4] epoch 364: test-all ROC 0.7160 PR 0.3400 | unseen ROC 0.5000 PR 0.0000 | valAUC 0.7819 | tau+ 0.500
[OUTPOST-v4] epoch 365: test-all ROC 0.7166 PR 0.3402 | unseen ROC 0.5000 PR 0.0000 | valAUC 0.7793 | tau+ 0.500
[OUTPOST-v4] epoch 366: test-all ROC 0.7177 PR 0.3411 | unseen ROC 0.5000 PR 0.0000 | valAUC 0.7821 | tau+ 0.500
[OUTPOST-v4] epoch 367: test-all ROC 0.7184 PR 0.3429 | unseen ROC 0.5000 PR 0.0000 | valAUC 0.7876 | tau+ 0.500
[OUTPOST-v4] epoch 368: test-all ROC 0.7179 PR 0.3435 | unseen ROC 0.5000 PR 0.0000 | valAUC 0.7796 | tau+ 0.500
[OUTPOST-v4] epoch 369: test-all ROC 0.7172 PR 0.3433 | unseen ROC 0.5000 PR 0.0000 | valAUC 0.7804 | tau+ 0.500
[OUTPOST-v4] epoch 370: test-all ROC 0.7175 PR 0.3431 | unseen ROC 0.5000 PR 0.0000 | valAUC 0.7814 | tau+ 0.500
[OUTPOST-v4] epoch 371: test-all ROC 0.7173 PR 0.3432 | unseen ROC 0.5000 PR 0.0000 | valAUC 0.7740 | tau+ 0.500
[OUTPOST-v4] epoch 372: test-all ROC 0.7185 PR 0.3443 | unseen ROC 0.5000 PR 0.0000 | valAUC 0.7892 | tau+ 0.500
[OUTPOST-v4] epoch 373: test-all ROC 0.7181 PR 0.3444 | unseen ROC 0.5000 PR 0.0000 | valAUC 0.7822 | tau+ 0.500
[OUTPOST-v4] epoch 374: test-all ROC 0.7178 PR 0.3445 | unseen ROC 0.5000 PR 0.0000 | valAUC 0.7810 | tau+ 0.500
[OUTPOST-v4] epoch 375: test-all ROC 0.7177 PR 0.3448 | unseen ROC 0.5000 PR 0.0000 | valAUC 0.7836 | tau+ 0.500
[OUTPOST-v4] epoch 376: test-all ROC 0.7178 PR 0.3446 | unseen ROC 0.5000 PR 0.0000 | valAUC 0.7834 | tau+ 0.500
[OUTPOST-v4] epoch 377: test-all ROC 0.7183 PR 0.3465 | unseen ROC 0.5000 PR 0.0000 | valAUC 0.7839 | tau+ 0.500
[OUTPOST-v4] epoch 378: test-all ROC 0.7175 PR 0.3467 | unseen ROC 0.5000 PR 0.0000 | valAUC 0.7807 | tau+ 0.500
[OUTPOST-v4] epoch 379: test-all ROC 0.7174 PR 0.3453 | unseen ROC 0.5000 PR 0.0000 | valAUC 0.7810 | tau+ 0.500
[OUTPOST-v4] epoch 380: test-all ROC 0.7174 PR 0.3457 | unseen ROC 0.5000 PR 0.0000 | valAUC 0.7849 | tau+ 0.500
[OUTPOST-v4] epoch 381: test-all ROC 0.7168 PR 0.3457 | unseen ROC 0.5000 PR 0.0000 | valAUC 0.7846 | tau+ 0.500
[OUTPOST-v4] epoch 382: test-all ROC 0.7174 PR 0.3474 | unseen ROC 0.5000 PR 0.0000 | valAUC 0.7788 | tau+ 0.500
[OUTPOST-v4] epoch 383: test-all ROC 0.7175 PR 0.3468 | unseen ROC 0.5000 PR 0.0000 | valAUC 0.7860 | tau+ 0.500
[OUTPOST-v4] epoch 384: test-all ROC 0.7185 PR 0.3478 | unseen ROC 0.5000 PR 0.0000 | valAUC 0.7864 | tau+ 0.500
[OUTPOST-v4] epoch 385: test-all ROC 0.7183 PR 0.3478 | unseen ROC 0.5000 PR 0.0000 | valAUC 0.7846 | tau+ 0.500
[OUTPOST-v4] epoch 386: test-all ROC 0.7188 PR 0.3489 | unseen ROC 0.5000 PR 0.0000 | valAUC 0.7832 | tau+ 0.500
[OUTPOST-v4] epoch 387: test-all ROC 0.7202 PR 0.3511 | unseen ROC 0.5000 PR 0.0000 | valAUC 0.7875 | tau+ 0.500
[OUTPOST-v4] epoch 388: test-all ROC 0.7212 PR 0.3521 | unseen ROC 0.5000 PR 0.0000 | valAUC 0.7854 | tau+ 0.500
[OUTPOST-v4] epoch 389: test-all ROC 0.7219 PR 0.3536 | unseen ROC 0.5000 PR 0.0000 | valAUC 0.7826 | tau+ 0.500
[OUTPOST-v4] epoch 390: test-all ROC 0.7217 PR 0.3529 | unseen ROC 0.5000 PR 0.0000 | valAUC 0.7878 | tau+ 0.500
[OUTPOST-v4] epoch 391: test-all ROC 0.7225 PR 0.3544 | unseen ROC 0.5000 PR 0.0000 | valAUC 0.7888 | tau+ 0.500
[OUTPOST-v4] epoch 392: test-all ROC 0.7227 PR 0.3535 | unseen ROC 0.5000 PR 0.0000 | valAUC 0.7913 | tau+ 0.500
[OUTPOST-v4] epoch 393: test-all ROC 0.7230 PR 0.3543 | unseen ROC 0.5000 PR 0.0000 | valAUC 0.7839 | tau+ 0.500
[OUTPOST-v4] epoch 394: test-all ROC 0.7237 PR 0.3560 | unseen ROC 0.5000 PR 0.0000 | valAUC 0.7911 | tau+ 0.500
[OUTPOST-v4] epoch 395: test-all ROC 0.7241 PR 0.3569 | unseen ROC 0.5000 PR 0.0000 | valAUC 0.7916 | tau+ 0.500
[OUTPOST-v4] epoch 396: test-all ROC 0.7235 PR 0.3569 | unseen ROC 0.5000 PR 0.0000 | valAUC 0.7858 | tau+ 0.500
[OUTPOST-v4] epoch 397: test-all ROC 0.7237 PR 0.3569 | unseen ROC 0.5000 PR 0.0000 | valAUC 0.7845 | tau+ 0.500
[OUTPOST-v4] epoch 398: test-all ROC 0.7238 PR 0.3569 | unseen ROC 0.5000 PR 0.0000 | valAUC 0.7908 | tau+ 0.500
[OUTPOST-v4] epoch 399: test-all ROC 0.7236 PR 0.3573 | unseen ROC 0.5000 PR 0.0000 | valAUC 0.7869 | tau+ 0.500
  rotation 1: ROC 0.7241 PR 0.3573
[yelp] params 7361, peak GPU 1.09 GB, 49.6 min total

[yelp] AGGREGATE  best-over-epochs: ROC 0.7241 PR 0.3573
[yelp] AGGREGATE  val-selected:     ROC 0.7241 PR 0.3569
row appended to results/results.csv
