# gpu=7 cmd=/usr/bin/python3 -u main.py --dataset photo --seed 42 --method outpost --tag T_Kp12 --set K_p=12
/nas/home/jahin/.local/lib/python3.10/site-packages/torch_geometric/__init__.py:4: UserWarning: An issue occurred while importing 'torch-scatter'. Disabling its usage. Stacktrace: /nas/home/jahin/.local/lib/python3.10/site-packages/torch_scatter/_version_cuda.so: undefined symbol: _ZN5torch3jit17parseSchemaOrNameERKSsb
  import torch_geometric.typing
/nas/home/jahin/.local/lib/python3.10/site-packages/torch_geometric/__init__.py:4: UserWarning: An issue occurred while importing 'torch-sparse'. Disabling its usage. Stacktrace: /nas/home/jahin/.local/lib/python3.10/site-packages/torch_sparse/_version_cuda.so: undefined symbol: _ZN5torch3jit17parseSchemaOrNameERKSsb
  import torch_geometric.typing
/nas/home/jahin/.local/lib/python3.10/site-packages/requests/__init__.py:113: RequestsDependencyWarning: urllib3 (1.26.5) or chardet (7.2.0)/charset_normalizer (3.4.4) doesn't match a supported version!
  warnings.warn(
Disabling PyTorch because PyTorch >= 2.1 is required but found 2.0.1
None of PyTorch, TensorFlow >= 2.0, or Flax have been found. Models won't be available and only tokenizers, configuration and file/data utilities can be used.
/nas/home/jahin/.local/lib/python3.10/site-packages/outdated/__init__.py:36: UserWarning: pkg_resources is deprecated as an API. See https://setuptools.pypa.io/en/latest/pkg_resources.html. The pkg_resources package is slated for removal as early as 2025-11-30. Refrain from using this package or pin to Setuptools<81.
  from pkg_resources import parse_version
[utils] PPR/dgl path unavailable (libcudart.so.12: cannot open shared object file: No such file or directory); OUTPOST path unaffected.
[0.04823529 0.22039216 0.09189542 0.11960784 0.11529412 0.1075817
 0.25372549 0.04326797]
[photo] anomaly classes (rotations): [0, 7]
Normal classes: [1, 2, 3, 4, 5, 6] in photo
Building multi-layer GraphSage
[OUTPOST-v4] epoch 0: test-all ROC 0.6037 PR 0.1179 | unseen ROC 0.3975 PR 0.0361 | valAUC 0.8227 | tau+ 0.500
[OUTPOST-v4] epoch 1: test-all ROC 0.6048 PR 0.1196 | unseen ROC 0.3987 PR 0.0362 | valAUC 0.8391 | tau+ 0.500
[OUTPOST-v4] epoch 2: test-all ROC 0.6066 PR 0.1213 | unseen ROC 0.3964 PR 0.0361 | valAUC 0.8275 | tau+ 0.500
[OUTPOST-v4] epoch 3: test-all ROC 0.6044 PR 0.1189 | unseen ROC 0.3979 PR 0.0362 | valAUC 0.8285 | tau+ 0.500
[OUTPOST-v4] epoch 4: test-all ROC 0.6119 PR 0.1223 | unseen ROC 0.4097 PR 0.0368 | valAUC 0.8285 | tau+ 0.500
[OUTPOST-v4] epoch 5: test-all ROC 0.6106 PR 0.1257 | unseen ROC 0.3961 PR 0.0361 | valAUC 0.8367 | tau+ 0.500
[OUTPOST-v4] epoch 6: test-all ROC 0.6148 PR 0.1271 | unseen ROC 0.4026 PR 0.0364 | valAUC 0.8546 | tau+ 0.500
[OUTPOST-v4] epoch 7: test-all ROC 0.6176 PR 0.1301 | unseen ROC 0.3990 PR 0.0362 | valAUC 0.8469 | tau+ 0.500
[OUTPOST-v4] epoch 8: test-all ROC 0.6245 PR 0.1343 | unseen ROC 0.4084 PR 0.0368 | valAUC 0.8565 | tau+ 0.500
[OUTPOST-v4] epoch 9: test-all ROC 0.6265 PR 0.1389 | unseen ROC 0.4048 PR 0.0366 | valAUC 0.8855 | tau+ 0.500
[OUTPOST-v4] epoch 10: test-all ROC 0.6326 PR 0.1452 | unseen ROC 0.4066 PR 0.0366 | valAUC 0.8725 | tau+ 0.500
[OUTPOST-v4] epoch 11: test-all ROC 0.6324 PR 0.1499 | unseen ROC 0.3978 PR 0.0362 | valAUC 0.8952 | tau+ 0.500
[OUTPOST-v4] epoch 12: test-all ROC 0.6384 PR 0.1576 | unseen ROC 0.4035 PR 0.0365 | valAUC 0.8937 | tau+ 0.500
[OUTPOST-v4] epoch 13: test-all ROC 0.6356 PR 0.1603 | unseen ROC 0.3934 PR 0.0359 | valAUC 0.9135 | tau+ 0.500
[OUTPOST-v4] epoch 14: test-all ROC 0.6420 PR 0.1659 | unseen ROC 0.4009 PR 0.0363 | valAUC 0.9126 | tau+ 0.500
[OUTPOST-v4] epoch 15: test-all ROC 0.6467 PR 0.1713 | unseen ROC 0.4062 PR 0.0366 | valAUC 0.9126 | tau+ 0.500
[OUTPOST-v4] epoch 16: test-all ROC 0.6467 PR 0.1746 | unseen ROC 0.4048 PR 0.0365 | valAUC 0.9130 | tau+ 0.500
[OUTPOST-v4] epoch 17: test-all ROC 0.6499 PR 0.1763 | unseen ROC 0.4102 PR 0.0368 | valAUC 0.9169 | tau+ 0.500
[OUTPOST-v4] epoch 18: test-all ROC 0.6469 PR 0.1784 | unseen ROC 0.4024 PR 0.0364 | valAUC 0.9275 | tau+ 0.500
[OUTPOST-v4] epoch 19: test-all ROC 0.6542 PR 0.1849 | unseen ROC 0.4144 PR 0.0371 | valAUC 0.9174 | tau+ 0.500
[OUTPOST-v4] epoch 20: test-all ROC 0.6608 PR 0.1908 | unseen ROC 0.4205 PR 0.0375 | valAUC 0.9213 | tau+ 0.500
[OUTPOST-v4] epoch 21: test-all ROC 0.6587 PR 0.1945 | unseen ROC 0.4153 PR 0.0372 | valAUC 0.9251 | tau+ 0.500
[OUTPOST-v4] epoch 22: test-all ROC 0.6585 PR 0.1978 | unseen ROC 0.4146 PR 0.0371 | valAUC 0.9193 | tau+ 0.500
[OUTPOST-v4] epoch 23: test-all ROC 0.6581 PR 0.1986 | unseen ROC 0.4142 PR 0.0371 | valAUC 0.9348 | tau+ 0.500
[OUTPOST-v4] epoch 24: test-all ROC 0.6607 PR 0.2003 | unseen ROC 0.4179 PR 0.0374 | valAUC 0.9329 | tau+ 0.500
[OUTPOST-v4] epoch 25: test-all ROC 0.6640 PR 0.2032 | unseen ROC 0.4233 PR 0.0377 | valAUC 0.9391 | tau+ 0.500
[OUTPOST-v4] epoch 26: test-all ROC 0.6586 PR 0.2013 | unseen ROC 0.4162 PR 0.0372 | valAUC 0.9343 | tau+ 0.500
[OUTPOST-v4] epoch 27: test-all ROC 0.6557 PR 0.2010 | unseen ROC 0.4079 PR 0.0367 | valAUC 0.9348 | tau+ 0.500
[OUTPOST-v4] epoch 28: test-all ROC 0.6585 PR 0.2034 | unseen ROC 0.4158 PR 0.0372 | valAUC 0.9338 | tau+ 0.500
[OUTPOST-v4] epoch 29: test-all ROC 0.6544 PR 0.2027 | unseen ROC 0.4058 PR 0.0366 | valAUC 0.9382 | tau+ 0.500
[OUTPOST-v4] epoch 30: test-all ROC 0.6609 PR 0.2013 | unseen ROC 0.4181 PR 0.0374 | valAUC 0.9300 | tau+ 0.500
[OUTPOST-v4] epoch 31: test-all ROC 0.6607 PR 0.2025 | unseen ROC 0.4163 PR 0.0372 | valAUC 0.9343 | tau+ 0.500
[OUTPOST-v4] epoch 32: test-all ROC 0.6553 PR 0.2007 | unseen ROC 0.4110 PR 0.0369 | valAUC 0.9290 | tau+ 0.500
[OUTPOST-v4] epoch 33: test-all ROC 0.6593 PR 0.2027 | unseen ROC 0.4164 PR 0.0372 | valAUC 0.9295 | tau+ 0.500
[OUTPOST-v4] epoch 34: test-all ROC 0.6579 PR 0.2016 | unseen ROC 0.4133 PR 0.0370 | valAUC 0.9280 | tau+ 0.500
[OUTPOST-v4] epoch 35: test-all ROC 0.6608 PR 0.2059 | unseen ROC 0.4181 PR 0.0373 | valAUC 0.9324 | tau+ 0.500
[OUTPOST-v4] epoch 36: test-all ROC 0.6648 PR 0.2103 | unseen ROC 0.4220 PR 0.0376 | valAUC 0.9377 | tau+ 0.500
[OUTPOST-v4] epoch 37: test-all ROC 0.6625 PR 0.2136 | unseen ROC 0.4169 PR 0.0372 | valAUC 0.9285 | tau+ 0.500
[OUTPOST-v4] epoch 38: test-all ROC 0.6630 PR 0.2180 | unseen ROC 0.4161 PR 0.0372 | valAUC 0.9348 | tau+ 0.500
[OUTPOST-v4] epoch 39: test-all ROC 0.6623 PR 0.2220 | unseen ROC 0.4133 PR 0.0371 | valAUC 0.9309 | tau+ 0.500
[OUTPOST-v4] epoch 40: test-all ROC 0.6615 PR 0.2286 | unseen ROC 0.4124 PR 0.0370 | valAUC 0.9357 | tau+ 0.500
[OUTPOST-v4] epoch 41: test-all ROC 0.6611 PR 0.2354 | unseen ROC 0.4067 PR 0.0367 | valAUC 0.9386 | tau+ 0.502
[OUTPOST-v4] epoch 42: test-all ROC 0.6708 PR 0.2450 | unseen ROC 0.4246 PR 0.0377 | valAUC 0.9396 | tau+ 0.516
[OUTPOST-v4] epoch 43: test-all ROC 0.6699 PR 0.2560 | unseen ROC 0.4215 PR 0.0376 | valAUC 0.9473 | tau+ 0.547
[OUTPOST-v4] epoch 44: test-all ROC 0.6726 PR 0.2660 | unseen ROC 0.4250 PR 0.0378 | valAUC 0.9430 | tau+ 0.565
[OUTPOST-v4] epoch 45: test-all ROC 0.6784 PR 0.2751 | unseen ROC 0.4336 PR 0.0383 | valAUC 0.9464 | tau+ 0.595
[OUTPOST-v4] epoch 46: test-all ROC 0.6736 PR 0.2891 | unseen ROC 0.4258 PR 0.0379 | valAUC 0.9478 | tau+ 0.629
[OUTPOST-v4] epoch 47: test-all ROC 0.6746 PR 0.2978 | unseen ROC 0.4264 PR 0.0379 | valAUC 0.9444 | tau+ 0.700
[OUTPOST-v4] epoch 48: test-all ROC 0.6767 PR 0.3034 | unseen ROC 0.4268 PR 0.0379 | valAUC 0.9488 | tau+ 0.682
[OUTPOST-v4] epoch 49: test-all ROC 0.6757 PR 0.3119 | unseen ROC 0.4266 PR 0.0379 | valAUC 0.9507 | tau+ 0.718
[OUTPOST-v4] epoch 50: test-all ROC 0.6777 PR 0.3295 | unseen ROC 0.4285 PR 0.0380 | valAUC 0.9483 | tau+ 0.670
[OUTPOST-v4] epoch 51: test-all ROC 0.6797 PR 0.3480 | unseen ROC 0.4284 PR 0.0380 | valAUC 0.9512 | tau+ 0.726
[OUTPOST-v4] epoch 52: test-all ROC 0.6827 PR 0.3746 | unseen ROC 0.4338 PR 0.0384 | valAUC 0.9556 | tau+ 0.749
[OUTPOST-v4] epoch 53: test-all ROC 0.6831 PR 0.4005 | unseen ROC 0.4325 PR 0.0383 | valAUC 0.9488 | tau+ 0.875
[OUTPOST-v4] epoch 54: test-all ROC 0.6814 PR 0.4132 | unseen ROC 0.4267 PR 0.0379 | valAUC 0.9551 | tau+ 0.824
[OUTPOST-v4] epoch 55: test-all ROC 0.6840 PR 0.4180 | unseen ROC 0.4326 PR 0.0383 | valAUC 0.9638 | tau+ 0.809
[OUTPOST-v4] epoch 56: test-all ROC 0.6879 PR 0.4310 | unseen ROC 0.4388 PR 0.0387 | valAUC 0.9618 | tau+ 0.793
[OUTPOST-v4] epoch 57: test-all ROC 0.6961 PR 0.4456 | unseen ROC 0.4533 PR 0.0397 | valAUC 0.9614 | tau+ 0.809
[OUTPOST-v4] epoch 58: test-all ROC 0.6968 PR 0.4654 | unseen ROC 0.4498 PR 0.0395 | valAUC 0.9633 | tau+ 0.838
[OUTPOST-v4] epoch 59: test-all ROC 0.7044 PR 0.4773 | unseen ROC 0.4637 PR 0.0408 | valAUC 0.9652 | tau+ 0.894
[OUTPOST-v4] epoch 60: test-all ROC 0.7042 PR 0.4839 | unseen ROC 0.4598 PR 0.0403 | valAUC 0.9671 | tau+ 0.854
[OUTPOST-v4] epoch 61: test-all ROC 0.7059 PR 0.4874 | unseen ROC 0.4645 PR 0.0406 | valAUC 0.9671 | tau+ 0.743
[OUTPOST-v4] epoch 62: test-all ROC 0.7097 PR 0.4930 | unseen ROC 0.4699 PR 0.0417 | valAUC 0.9720 | tau+ 0.732
[OUTPOST-v4] epoch 63: test-all ROC 0.7199 PR 0.5020 | unseen ROC 0.4866 PR 0.0437 | valAUC 0.9720 | tau+ 0.824
[OUTPOST-v4] epoch 64: test-all ROC 0.7252 PR 0.5079 | unseen ROC 0.4966 PR 0.0441 | valAUC 0.9802 | tau+ 0.771
[OUTPOST-v4] epoch 65: test-all ROC 0.7317 PR 0.5133 | unseen ROC 0.5085 PR 0.0450 | valAUC 0.9749 | tau+ 0.758
[OUTPOST-v4] epoch 66: test-all ROC 0.7313 PR 0.5132 | unseen ROC 0.5086 PR 0.0472 | valAUC 0.9778 | tau+ 0.670
[OUTPOST-v4] epoch 67: test-all ROC 0.7400 PR 0.5164 | unseen ROC 0.5221 PR 0.0483 | valAUC 0.9841 | tau+ 0.627
[OUTPOST-v4] epoch 68: test-all ROC 0.7438 PR 0.5137 | unseen ROC 0.5298 PR 0.0468 | valAUC 0.9918 | tau+ 0.600
[OUTPOST-v4] epoch 69: test-all ROC 0.7511 PR 0.5123 | unseen ROC 0.5420 PR 0.0482 | valAUC 0.9865 | tau+ 0.598
[OUTPOST-v4] epoch 70: test-all ROC 0.7561 PR 0.5253 | unseen ROC 0.5501 PR 0.0496 | valAUC 0.9884 | tau+ 0.511
[OUTPOST-v4] epoch 71: test-all ROC 0.7663 PR 0.5235 | unseen ROC 0.5706 PR 0.0516 | valAUC 0.9860 | tau+ 0.500
[OUTPOST-v4] epoch 72: test-all ROC 0.7690 PR 0.5279 | unseen ROC 0.5749 PR 0.0528 | valAUC 0.9903 | tau+ 0.500
[OUTPOST-v4] epoch 73: test-all ROC 0.7636 PR 0.5303 | unseen ROC 0.5657 PR 0.0510 | valAUC 0.9913 | tau+ 0.500
[OUTPOST-v4] epoch 74: test-all ROC 0.7661 PR 0.5281 | unseen ROC 0.5696 PR 0.0516 | valAUC 0.9908 | tau+ 0.500
[OUTPOST-v4] epoch 75: test-all ROC 0.7703 PR 0.5317 | unseen ROC 0.5773 PR 0.0525 | valAUC 0.9908 | tau+ 0.500
[OUTPOST-v4] epoch 76: test-all ROC 0.7794 PR 0.5380 | unseen ROC 0.5937 PR 0.0556 | valAUC 0.9923 | tau+ 0.500
[OUTPOST-v4] epoch 77: test-all ROC 0.7766 PR 0.5351 | unseen ROC 0.5886 PR 0.0539 | valAUC 0.9937 | tau+ 0.500
[OUTPOST-v4] epoch 78: test-all ROC 0.7878 PR 0.5401 | unseen ROC 0.6091 PR 0.0568 | valAUC 0.9942 | tau+ 0.500
[OUTPOST-v4] epoch 79: test-all ROC 0.7879 PR 0.5404 | unseen ROC 0.6088 PR 0.0571 | valAUC 0.9899 | tau+ 0.500
[OUTPOST-v4] epoch 80: test-all ROC 0.7807 PR 0.5375 | unseen ROC 0.5982 PR 0.0556 | valAUC 0.9879 | tau+ 0.500
[OUTPOST-v4] epoch 81: test-all ROC 0.7816 PR 0.5358 | unseen ROC 0.5985 PR 0.0554 | valAUC 0.9889 | tau+ 0.500
[OUTPOST-v4] epoch 82: test-all ROC 0.7864 PR 0.5398 | unseen ROC 0.6074 PR 0.0594 | valAUC 0.9884 | tau+ 0.500
[OUTPOST-v4] epoch 83: test-all ROC 0.7915 PR 0.5424 | unseen ROC 0.6155 PR 0.0579 | valAUC 0.9942 | tau+ 0.500
[OUTPOST-v4] epoch 84: test-all ROC 0.8008 PR 0.5435 | unseen ROC 0.6328 PR 0.0608 | valAUC 0.9903 | tau+ 0.601
[OUTPOST-v4] epoch 85: test-all ROC 0.7998 PR 0.5431 | unseen ROC 0.6311 PR 0.0617 | valAUC 0.9957 | tau+ 0.567
[OUTPOST-v4] epoch 86: test-all ROC 0.7984 PR 0.5442 | unseen ROC 0.6294 PR 0.0613 | valAUC 0.9894 | tau+ 0.500
[OUTPOST-v4] epoch 87: test-all ROC 0.7880 PR 0.5367 | unseen ROC 0.6093 PR 0.0569 | valAUC 0.9874 | tau+ 0.500
[OUTPOST-v4] epoch 88: test-all ROC 0.7936 PR 0.5398 | unseen ROC 0.6209 PR 0.0600 | valAUC 0.9913 | tau+ 0.500
[OUTPOST-v4] epoch 89: test-all ROC 0.8002 PR 0.5454 | unseen ROC 0.6338 PR 0.0610 | valAUC 0.9908 | tau+ 0.500
[OUTPOST-v4] epoch 90: test-all ROC 0.8081 PR 0.5479 | unseen ROC 0.6479 PR 0.0635 | valAUC 0.9865 | tau+ 0.500
[OUTPOST-v4] epoch 91: test-all ROC 0.8100 PR 0.5495 | unseen ROC 0.6506 PR 0.0644 | valAUC 0.9952 | tau+ 0.500
[OUTPOST-v4] epoch 92: test-all ROC 0.8118 PR 0.5511 | unseen ROC 0.6555 PR 0.0651 | valAUC 0.9952 | tau+ 0.550
[OUTPOST-v4] epoch 93: test-all ROC 0.8180 PR 0.5514 | unseen ROC 0.6669 PR 0.0678 | valAUC 0.9966 | tau+ 0.500
[OUTPOST-v4] epoch 94: test-all ROC 0.8266 PR 0.5601 | unseen ROC 0.6805 PR 0.0702 | valAUC 0.9952 | tau+ 0.570
[OUTPOST-v4] epoch 95: test-all ROC 0.8211 PR 0.5543 | unseen ROC 0.6708 PR 0.0684 | valAUC 0.9942 | tau+ 0.629
[OUTPOST-v4] epoch 96: test-all ROC 0.8162 PR 0.5515 | unseen ROC 0.6633 PR 0.0672 | valAUC 0.9879 | tau+ 0.500
[OUTPOST-v4] epoch 97: test-all ROC 0.8052 PR 0.5475 | unseen ROC 0.6429 PR 0.0628 | valAUC 0.9899 | tau+ 0.500
[OUTPOST-v4] epoch 98: test-all ROC 0.8067 PR 0.5472 | unseen ROC 0.6454 PR 0.0629 | valAUC 0.9908 | tau+ 0.500
[OUTPOST-v4] epoch 99: test-all ROC 0.8117 PR 0.5506 | unseen ROC 0.6549 PR 0.0657 | valAUC 0.9932 | tau+ 0.500
[OUTPOST-v4] epoch 100: test-all ROC 0.8268 PR 0.5613 | unseen ROC 0.6808 PR 0.0712 | valAUC 0.9947 | tau+ 0.500
[OUTPOST-v4] epoch 101: test-all ROC 0.8306 PR 0.5658 | unseen ROC 0.6889 PR 0.0731 | valAUC 0.9913 | tau+ 0.640
[OUTPOST-v4] epoch 102: test-all ROC 0.8271 PR 0.5613 | unseen ROC 0.6824 PR 0.0707 | valAUC 0.9966 | tau+ 0.671
[OUTPOST-v4] epoch 103: test-all ROC 0.8297 PR 0.5613 | unseen ROC 0.6873 PR 0.0736 | valAUC 0.9937 | tau+ 0.538
[OUTPOST-v4] epoch 104: test-all ROC 0.8259 PR 0.5609 | unseen ROC 0.6802 PR 0.0711 | valAUC 0.9928 | tau+ 0.500
[OUTPOST-v4] epoch 105: test-all ROC 0.8203 PR 0.5600 | unseen ROC 0.6704 PR 0.0710 | valAUC 0.9855 | tau+ 0.500
[OUTPOST-v4] epoch 106: test-all ROC 0.8237 PR 0.5606 | unseen ROC 0.6766 PR 0.0699 | valAUC 0.9942 | tau+ 0.500
[OUTPOST-v4] epoch 107: test-all ROC 0.8323 PR 0.5641 | unseen ROC 0.6918 PR 0.0743 | valAUC 0.9874 | tau+ 0.500
[OUTPOST-v4] epoch 108: test-all ROC 0.8404 PR 0.5706 | unseen ROC 0.7071 PR 0.0785 | valAUC 0.9947 | tau+ 0.500
[OUTPOST-v4] epoch 109: test-all ROC 0.8397 PR 0.5702 | unseen ROC 0.7060 PR 0.0772 | valAUC 0.9889 | tau+ 0.500
[OUTPOST-v4] epoch 110: test-all ROC 0.8442 PR 0.5725 | unseen ROC 0.7139 PR 0.0788 | valAUC 0.9932 | tau+ 0.500
[OUTPOST-v4] epoch 111: test-all ROC 0.8420 PR 0.5732 | unseen ROC 0.7090 PR 0.0786 | valAUC 0.9932 | tau+ 0.500
[OUTPOST-v4] epoch 112: test-all ROC 0.8379 PR 0.5710 | unseen ROC 0.7035 PR 0.0793 | valAUC 0.9908 | tau+ 0.500
[OUTPOST-v4] epoch 113: test-all ROC 0.8396 PR 0.5699 | unseen ROC 0.7054 PR 0.0776 | valAUC 0.9932 | tau+ 0.500
[OUTPOST-v4] epoch 114: test-all ROC 0.8408 PR 0.5715 | unseen ROC 0.7081 PR 0.0781 | valAUC 0.9894 | tau+ 0.500
[OUTPOST-v4] epoch 115: test-all ROC 0.8414 PR 0.5714 | unseen ROC 0.7092 PR 0.0773 | valAUC 0.9942 | tau+ 0.500
[OUTPOST-v4] epoch 116: test-all ROC 0.8438 PR 0.5743 | unseen ROC 0.7129 PR 0.0800 | valAUC 0.9908 | tau+ 0.500
[OUTPOST-v4] epoch 117: test-all ROC 0.8466 PR 0.5783 | unseen ROC 0.7176 PR 0.0824 | valAUC 0.9908 | tau+ 0.500
[OUTPOST-v4] epoch 118: test-all ROC 0.8441 PR 0.5725 | unseen ROC 0.7142 PR 0.0819 | valAUC 0.9937 | tau+ 0.500
[OUTPOST-v4] epoch 119: test-all ROC 0.8411 PR 0.5726 | unseen ROC 0.7092 PR 0.0793 | valAUC 0.9942 | tau+ 0.500
[OUTPOST-v4] epoch 120: test-all ROC 0.8435 PR 0.5753 | unseen ROC 0.7124 PR 0.0821 | valAUC 0.9879 | tau+ 0.500
[OUTPOST-v4] epoch 121: test-all ROC 0.8416 PR 0.5705 | unseen ROC 0.7113 PR 0.0799 | valAUC 0.9831 | tau+ 0.500
[OUTPOST-v4] epoch 122: test-all ROC 0.8404 PR 0.5704 | unseen ROC 0.7074 PR 0.0791 | valAUC 0.9928 | tau+ 0.500
[OUTPOST-v4] epoch 123: test-all ROC 0.8341 PR 0.5680 | unseen ROC 0.6978 PR 0.0764 | valAUC 0.9845 | tau+ 0.500
[OUTPOST-v4] epoch 124: test-all ROC 0.8442 PR 0.5731 | unseen ROC 0.7153 PR 0.0800 | valAUC 0.9908 | tau+ 0.500
[OUTPOST-v4] epoch 125: test-all ROC 0.8374 PR 0.5694 | unseen ROC 0.7008 PR 0.0789 | valAUC 0.9913 | tau+ 0.500
[OUTPOST-v4] epoch 126: test-all ROC 0.8336 PR 0.5674 | unseen ROC 0.6957 PR 0.0755 | valAUC 0.9874 | tau+ 0.500
[OUTPOST-v4] epoch 127: test-all ROC 0.8449 PR 0.5787 | unseen ROC 0.7145 PR 0.0816 | valAUC 0.9937 | tau+ 0.543
[OUTPOST-v4] epoch 128: test-all ROC 0.8486 PR 0.5827 | unseen ROC 0.7242 PR 0.0867 | valAUC 0.9918 | tau+ 0.500
[OUTPOST-v4] epoch 129: test-all ROC 0.8505 PR 0.5785 | unseen ROC 0.7246 PR 0.0845 | valAUC 0.9947 | tau+ 0.500
[OUTPOST-v4] epoch 130: test-all ROC 0.8518 PR 0.5800 | unseen ROC 0.7287 PR 0.0861 | valAUC 0.9894 | tau+ 0.559
[OUTPOST-v4] epoch 131: test-all ROC 0.8498 PR 0.5769 | unseen ROC 0.7248 PR 0.0836 | valAUC 0.9884 | tau+ 0.500
[OUTPOST-v4] epoch 132: test-all ROC 0.8503 PR 0.5759 | unseen ROC 0.7251 PR 0.0832 | valAUC 0.9947 | tau+ 0.500
[OUTPOST-v4] epoch 133: test-all ROC 0.8568 PR 0.5850 | unseen ROC 0.7378 PR 0.0884 | valAUC 0.9937 | tau+ 0.500
[OUTPOST-v4] epoch 134: test-all ROC 0.8568 PR 0.5830 | unseen ROC 0.7377 PR 0.0895 | valAUC 0.9928 | tau+ 0.500
[OUTPOST-v4] epoch 135: test-all ROC 0.8559 PR 0.5847 | unseen ROC 0.7361 PR 0.0884 | valAUC 0.9908 | tau+ 0.500
[OUTPOST-v4] epoch 136: test-all ROC 0.8636 PR 0.5911 | unseen ROC 0.7491 PR 0.0939 | valAUC 0.9966 | tau+ 0.500
[OUTPOST-v4] epoch 137: test-all ROC 0.8545 PR 0.5852 | unseen ROC 0.7345 PR 0.0884 | valAUC 0.9903 | tau+ 0.500
[OUTPOST-v4] epoch 138: test-all ROC 0.8601 PR 0.5853 | unseen ROC 0.7427 PR 0.0895 | valAUC 0.9942 | tau+ 0.500
[OUTPOST-v4] epoch 139: test-all ROC 0.8561 PR 0.5842 | unseen ROC 0.7358 PR 0.0889 | valAUC 0.9918 | tau+ 0.500
[OUTPOST-v4] epoch 140: test-all ROC 0.8544 PR 0.5817 | unseen ROC 0.7327 PR 0.0888 | valAUC 0.9961 | tau+ 0.500
[OUTPOST-v4] epoch 141: test-all ROC 0.8515 PR 0.5762 | unseen ROC 0.7281 PR 0.0841 | valAUC 0.9821 | tau+ 0.500
[OUTPOST-v4] epoch 142: test-all ROC 0.8482 PR 0.5783 | unseen ROC 0.7227 PR 0.0848 | valAUC 0.9874 | tau+ 0.500
[OUTPOST-v4] epoch 143: test-all ROC 0.8520 PR 0.5766 | unseen ROC 0.7279 PR 0.0847 | valAUC 0.9913 | tau+ 0.500
[OUTPOST-v4] epoch 144: test-all ROC 0.8580 PR 0.5885 | unseen ROC 0.7385 PR 0.0893 | valAUC 0.9908 | tau+ 0.500
[OUTPOST-v4] epoch 145: test-all ROC 0.8641 PR 0.5940 | unseen ROC 0.7506 PR 0.0951 | valAUC 0.9952 | tau+ 0.685
[OUTPOST-v4] epoch 146: test-all ROC 0.8612 PR 0.5935 | unseen ROC 0.7457 PR 0.0934 | valAUC 0.9937 | tau+ 0.500
[OUTPOST-v4] epoch 147: test-all ROC 0.8497 PR 0.5820 | unseen ROC 0.7237 PR 0.0869 | valAUC 0.9870 | tau+ 0.500
[OUTPOST-v4] epoch 148: test-all ROC 0.8461 PR 0.5710 | unseen ROC 0.7186 PR 0.0813 | valAUC 0.9879 | tau+ 0.500
[OUTPOST-v4] epoch 149: test-all ROC 0.8343 PR 0.5638 | unseen ROC 0.6982 PR 0.0768 | valAUC 0.9754 | tau+ 0.500
[OUTPOST-v4] epoch 150: test-all ROC 0.8417 PR 0.5703 | unseen ROC 0.7111 PR 0.0828 | valAUC 0.9899 | tau+ 0.500
[OUTPOST-v4] epoch 151: test-all ROC 0.8420 PR 0.5691 | unseen ROC 0.7095 PR 0.0799 | valAUC 0.9831 | tau+ 0.500
[OUTPOST-v4] epoch 152: test-all ROC 0.8483 PR 0.5738 | unseen ROC 0.7245 PR 0.0825 | valAUC 0.9870 | tau+ 0.500
[OUTPOST-v4] epoch 153: test-all ROC 0.8629 PR 0.5918 | unseen ROC 0.7506 PR 0.0958 | valAUC 0.9957 | tau+ 0.618
[OUTPOST-v4] epoch 154: test-all ROC 0.8621 PR 0.5911 | unseen ROC 0.7471 PR 0.0950 | valAUC 0.9874 | tau+ 0.500
[OUTPOST-v4] epoch 155: test-all ROC 0.8562 PR 0.5847 | unseen ROC 0.7360 PR 0.0894 | valAUC 0.9903 | tau+ 0.806
[OUTPOST-v4] epoch 156: test-all ROC 0.8564 PR 0.5799 | unseen ROC 0.7394 PR 0.0888 | valAUC 0.9908 | tau+ 0.500
[OUTPOST-v4] epoch 157: test-all ROC 0.8507 PR 0.5760 | unseen ROC 0.7268 PR 0.0851 | valAUC 0.9874 | tau+ 0.500
[OUTPOST-v4] epoch 158: test-all ROC 0.8456 PR 0.5723 | unseen ROC 0.7158 PR 0.0810 | valAUC 0.9865 | tau+ 0.500
[OUTPOST-v4] epoch 159: test-all ROC 0.8390 PR 0.5676 | unseen ROC 0.7051 PR 0.0805 | valAUC 0.9889 | tau+ 0.500
[OUTPOST-v4] epoch 160: test-all ROC 0.8557 PR 0.5777 | unseen ROC 0.7364 PR 0.0905 | valAUC 0.9874 | tau+ 0.500
[OUTPOST-v4] epoch 161: test-all ROC 0.8611 PR 0.5903 | unseen ROC 0.7443 PR 0.0911 | valAUC 0.9937 | tau+ 0.500
[OUTPOST-v4] epoch 162: test-all ROC 0.8663 PR 0.5948 | unseen ROC 0.7547 PR 0.0981 | valAUC 0.9918 | tau+ 0.500
[OUTPOST-v4] epoch 163: test-all ROC 0.8640 PR 0.5947 | unseen ROC 0.7516 PR 0.0960 | valAUC 0.9884 | tau+ 0.596
[OUTPOST-v4] epoch 164: test-all ROC 0.8597 PR 0.5930 | unseen ROC 0.7423 PR 0.0927 | valAUC 0.9947 | tau+ 0.613
[OUTPOST-v4] epoch 165: test-all ROC 0.8548 PR 0.5827 | unseen ROC 0.7338 PR 0.0883 | valAUC 0.9918 | tau+ 0.500
[OUTPOST-v4] epoch 166: test-all ROC 0.8460 PR 0.5731 | unseen ROC 0.7181 PR 0.0825 | valAUC 0.9937 | tau+ 0.500
[OUTPOST-v4] epoch 167: test-all ROC 0.8458 PR 0.5733 | unseen ROC 0.7168 PR 0.0818 | valAUC 0.9932 | tau+ 0.500
[OUTPOST-v4] epoch 168: test-all ROC 0.8452 PR 0.5748 | unseen ROC 0.7163 PR 0.0824 | valAUC 0.9855 | tau+ 0.500
[OUTPOST-v4] epoch 169: test-all ROC 0.8564 PR 0.5849 | unseen ROC 0.7370 PR 0.0917 | valAUC 0.9841 | tau+ 0.500
[OUTPOST-v4] epoch 170: test-all ROC 0.8605 PR 0.5922 | unseen ROC 0.7455 PR 0.0937 | valAUC 0.9918 | tau+ 0.500
[OUTPOST-v4] epoch 171: test-all ROC 0.8674 PR 0.6001 | unseen ROC 0.7562 PR 0.0990 | valAUC 0.9913 | tau+ 0.500
[OUTPOST-v4] epoch 172: test-all ROC 0.8672 PR 0.5945 | unseen ROC 0.7560 PR 0.0960 | valAUC 0.9918 | tau+ 0.500
[OUTPOST-v4] epoch 173: test-all ROC 0.8586 PR 0.5893 | unseen ROC 0.7396 PR 0.0913 | valAUC 0.9918 | tau+ 0.500
[OUTPOST-v4] epoch 174: test-all ROC 0.8549 PR 0.5847 | unseen ROC 0.7347 PR 0.0904 | valAUC 0.9918 | tau+ 0.500
[OUTPOST-v4] epoch 175: test-all ROC 0.8679 PR 0.5989 | unseen ROC 0.7583 PR 0.0990 | valAUC 0.9918 | tau+ 0.500
[OUTPOST-v4] epoch 176: test-all ROC 0.8682 PR 0.6030 | unseen ROC 0.7575 PR 0.1001 | valAUC 0.9928 | tau+ 0.512
[OUTPOST-v4] epoch 177: test-all ROC 0.8748 PR 0.6011 | unseen ROC 0.7711 PR 0.1021 | valAUC 0.9918 | tau+ 0.500
[OUTPOST-v4] epoch 178: test-all ROC 0.8710 PR 0.5994 | unseen ROC 0.7631 PR 0.1005 | valAUC 0.9961 | tau+ 0.500
[OUTPOST-v4] epoch 179: test-all ROC 0.8734 PR 0.5991 | unseen ROC 0.7676 PR 0.1020 | valAUC 0.9923 | tau+ 0.500
[OUTPOST-v4] epoch 180: test-all ROC 0.8645 PR 0.5903 | unseen ROC 0.7509 PR 0.0935 | valAUC 0.9928 | tau+ 0.500
[OUTPOST-v4] epoch 181: test-all ROC 0.8718 PR 0.5999 | unseen ROC 0.7653 PR 0.1014 | valAUC 0.9928 | tau+ 0.500
[OUTPOST-v4] epoch 182: test-all ROC 0.8671 PR 0.5945 | unseen ROC 0.7560 PR 0.0990 | valAUC 0.9937 | tau+ 0.500
[OUTPOST-v4] epoch 183: test-all ROC 0.8687 PR 0.5967 | unseen ROC 0.7590 PR 0.1007 | valAUC 0.9923 | tau+ 0.500
[OUTPOST-v4] epoch 184: test-all ROC 0.8648 PR 0.5929 | unseen ROC 0.7519 PR 0.0946 | valAUC 0.9961 | tau+ 0.500
[OUTPOST-v4] epoch 185: test-all ROC 0.8651 PR 0.5954 | unseen ROC 0.7521 PR 0.1008 | valAUC 0.9918 | tau+ 0.500
[OUTPOST-v4] epoch 186: test-all ROC 0.8692 PR 0.5964 | unseen ROC 0.7600 PR 0.0999 | valAUC 0.9903 | tau+ 0.500
[OUTPOST-v4] epoch 187: test-all ROC 0.8691 PR 0.5975 | unseen ROC 0.7595 PR 0.0989 | valAUC 0.9947 | tau+ 0.500
[OUTPOST-v4] epoch 188: test-all ROC 0.8675 PR 0.5936 | unseen ROC 0.7568 PR 0.0970 | valAUC 0.9889 | tau+ 0.500
[OUTPOST-v4] epoch 189: test-all ROC 0.8625 PR 0.5918 | unseen ROC 0.7477 PR 0.0941 | valAUC 0.9850 | tau+ 0.500
[OUTPOST-v4] epoch 190: test-all ROC 0.8667 PR 0.5956 | unseen ROC 0.7551 PR 0.0981 | valAUC 0.9932 | tau+ 0.500
[OUTPOST-v4] epoch 191: test-all ROC 0.8718 PR 0.6005 | unseen ROC 0.7646 PR 0.1016 | valAUC 0.9908 | tau+ 0.500
[OUTPOST-v4] epoch 192: test-all ROC 0.8767 PR 0.6060 | unseen ROC 0.7726 PR 0.1051 | valAUC 0.9908 | tau+ 0.500
[OUTPOST-v4] epoch 193: test-all ROC 0.8788 PR 0.6105 | unseen ROC 0.7768 PR 0.1082 | valAUC 0.9947 | tau+ 0.500
[OUTPOST-v4] epoch 194: test-all ROC 0.8745 PR 0.5985 | unseen ROC 0.7699 PR 0.1022 | valAUC 0.9874 | tau+ 0.500
[OUTPOST-v4] epoch 195: test-all ROC 0.8658 PR 0.5890 | unseen ROC 0.7537 PR 0.0962 | valAUC 0.9918 | tau+ 0.500
[OUTPOST-v4] epoch 196: test-all ROC 0.8585 PR 0.5851 | unseen ROC 0.7412 PR 0.0926 | valAUC 0.9836 | tau+ 0.500
[OUTPOST-v4] epoch 197: test-all ROC 0.8621 PR 0.5885 | unseen ROC 0.7465 PR 0.0933 | valAUC 0.9942 | tau+ 0.500
[OUTPOST-v4] epoch 198: test-all ROC 0.8679 PR 0.5963 | unseen ROC 0.7574 PR 0.0994 | valAUC 0.9908 | tau+ 0.500
[OUTPOST-v4] epoch 199: test-all ROC 0.8686 PR 0.5985 | unseen ROC 0.7605 PR 0.1040 | valAUC 0.9884 | tau+ 0.500
  rotation 0: ROC 0.8788 PR 0.6105
Normal classes: [1, 2, 3, 4, 5, 6] in photo
Building multi-layer GraphSage
[OUTPOST-v4] epoch 0: test-all ROC 0.6487 PR 0.1403 | unseen ROC 0.8335 PR 0.1578 | valAUC 0.3734 | tau+ 0.548
[OUTPOST-v4] epoch 1: test-all ROC 0.6501 PR 0.1371 | unseen ROC 0.8265 PR 0.1510 | valAUC 0.3976 | tau+ 0.500
[OUTPOST-v4] epoch 2: test-all ROC 0.6511 PR 0.1390 | unseen ROC 0.8289 PR 0.1545 | valAUC 0.4159 | tau+ 0.500
[OUTPOST-v4] epoch 3: test-all ROC 0.6582 PR 0.1432 | unseen ROC 0.8346 PR 0.1607 | valAUC 0.4222 | tau+ 0.500
[OUTPOST-v4] epoch 4: test-all ROC 0.6615 PR 0.1448 | unseen ROC 0.8376 PR 0.1619 | valAUC 0.4314 | tau+ 0.500
[OUTPOST-v4] epoch 5: test-all ROC 0.6595 PR 0.1456 | unseen ROC 0.8366 PR 0.1640 | valAUC 0.3952 | tau+ 0.500
[OUTPOST-v4] epoch 6: test-all ROC 0.6634 PR 0.1473 | unseen ROC 0.8354 PR 0.1640 | valAUC 0.4343 | tau+ 0.500
[OUTPOST-v4] epoch 7: test-all ROC 0.6680 PR 0.1476 | unseen ROC 0.8364 PR 0.1633 | valAUC 0.4019 | tau+ 0.500
[OUTPOST-v4] epoch 8: test-all ROC 0.6649 PR 0.1453 | unseen ROC 0.8340 PR 0.1609 | valAUC 0.4386 | tau+ 0.500
[OUTPOST-v4] epoch 9: test-all ROC 0.6636 PR 0.1439 | unseen ROC 0.8273 PR 0.1571 | valAUC 0.4159 | tau+ 0.500
[OUTPOST-v4] epoch 10: test-all ROC 0.6636 PR 0.1396 | unseen ROC 0.8151 PR 0.1474 | valAUC 0.4638 | tau+ 0.500
[OUTPOST-v4] epoch 11: test-all ROC 0.6664 PR 0.1384 | unseen ROC 0.8052 PR 0.1417 | valAUC 0.4884 | tau+ 0.500
[OUTPOST-v4] epoch 12: test-all ROC 0.6552 PR 0.1294 | unseen ROC 0.7769 PR 0.1252 | valAUC 0.5097 | tau+ 0.500
[OUTPOST-v4] epoch 13: test-all ROC 0.6377 PR 0.1163 | unseen ROC 0.6984 PR 0.0892 | valAUC 0.5671 | tau+ 0.500
[OUTPOST-v4] epoch 14: test-all ROC 0.5906 PR 0.1019 | unseen ROC 0.5747 PR 0.0577 | valAUC 0.6155 | tau+ 0.500
[OUTPOST-v4] epoch 15: test-all ROC 0.5717 PR 0.0959 | unseen ROC 0.5509 PR 0.0540 | valAUC 0.5918 | tau+ 0.500
[OUTPOST-v4] epoch 16: test-all ROC 0.5721 PR 0.0971 | unseen ROC 0.5524 PR 0.0551 | valAUC 0.5870 | tau+ 0.500
[OUTPOST-v4] epoch 17: test-all ROC 0.5738 PR 0.0974 | unseen ROC 0.5503 PR 0.0549 | valAUC 0.5944 | tau+ 0.500
[OUTPOST-v4] epoch 18: test-all ROC 0.5971 PR 0.1052 | unseen ROC 0.5908 PR 0.0624 | valAUC 0.6169 | tau+ 0.500
[OUTPOST-v4] epoch 19: test-all ROC 0.6077 PR 0.1096 | unseen ROC 0.5959 PR 0.0640 | valAUC 0.6155 | tau+ 0.500
[OUTPOST-v4] epoch 20: test-all ROC 0.6217 PR 0.1183 | unseen ROC 0.5959 PR 0.0633 | valAUC 0.6565 | tau+ 0.500
[OUTPOST-v4] epoch 21: test-all ROC 0.6280 PR 0.1256 | unseen ROC 0.5808 PR 0.0598 | valAUC 0.6739 | tau+ 0.500
[OUTPOST-v4] epoch 22: test-all ROC 0.6219 PR 0.1337 | unseen ROC 0.5524 PR 0.0545 | valAUC 0.7493 | tau+ 0.500
[OUTPOST-v4] epoch 23: test-all ROC 0.6161 PR 0.1361 | unseen ROC 0.5368 PR 0.0522 | valAUC 0.7232 | tau+ 0.500
[OUTPOST-v4] epoch 24: test-all ROC 0.6163 PR 0.1387 | unseen ROC 0.5241 PR 0.0508 | valAUC 0.7126 | tau+ 0.500
[OUTPOST-v4] epoch 25: test-all ROC 0.6084 PR 0.1427 | unseen ROC 0.5109 PR 0.0493 | valAUC 0.7362 | tau+ 0.500
[OUTPOST-v4] epoch 26: test-all ROC 0.5983 PR 0.1326 | unseen ROC 0.4977 PR 0.0479 | valAUC 0.7565 | tau+ 0.500
[OUTPOST-v4] epoch 27: test-all ROC 0.5966 PR 0.1373 | unseen ROC 0.4918 PR 0.0475 | valAUC 0.7585 | tau+ 0.500
[OUTPOST-v4] epoch 28: test-all ROC 0.5948 PR 0.1318 | unseen ROC 0.4849 PR 0.0468 | valAUC 0.7628 | tau+ 0.500
[OUTPOST-v4] epoch 29: test-all ROC 0.5989 PR 0.1345 | unseen ROC 0.4886 PR 0.0472 | valAUC 0.7483 | tau+ 0.500
[OUTPOST-v4] epoch 30: test-all ROC 0.5974 PR 0.1343 | unseen ROC 0.4845 PR 0.0468 | valAUC 0.7575 | tau+ 0.500
[OUTPOST-v4] epoch 31: test-all ROC 0.6004 PR 0.1473 | unseen ROC 0.4888 PR 0.0471 | valAUC 0.7667 | tau+ 0.500
[OUTPOST-v4] epoch 32: test-all ROC 0.6023 PR 0.1448 | unseen ROC 0.4886 PR 0.0472 | valAUC 0.7700 | tau+ 0.500
[OUTPOST-v4] epoch 33: test-all ROC 0.6079 PR 0.1599 | unseen ROC 0.4939 PR 0.0477 | valAUC 0.7502 | tau+ 0.500
[OUTPOST-v4] epoch 34: test-all ROC 0.6137 PR 0.1693 | unseen ROC 0.5026 PR 0.0485 | valAUC 0.7758 | tau+ 0.500
[OUTPOST-v4] epoch 35: test-all ROC 0.6168 PR 0.1809 | unseen ROC 0.5084 PR 0.0491 | valAUC 0.7691 | tau+ 0.500
[OUTPOST-v4] epoch 36: test-all ROC 0.6297 PR 0.2011 | unseen ROC 0.5271 PR 0.0511 | valAUC 0.7739 | tau+ 0.500
[OUTPOST-v4] epoch 37: test-all ROC 0.6436 PR 0.2153 | unseen ROC 0.5496 PR 0.0540 | valAUC 0.7681 | tau+ 0.500
[OUTPOST-v4] epoch 38: test-all ROC 0.6462 PR 0.2184 | unseen ROC 0.5510 PR 0.0540 | valAUC 0.7585 | tau+ 0.500
[OUTPOST-v4] epoch 39: test-all ROC 0.6430 PR 0.2213 | unseen ROC 0.5425 PR 0.0531 | valAUC 0.7792 | tau+ 0.500
[OUTPOST-v4] epoch 40: test-all ROC 0.6435 PR 0.2391 | unseen ROC 0.5381 PR 0.0524 | valAUC 0.7899 | tau+ 0.500
[OUTPOST-v4] epoch 41: test-all ROC 0.6439 PR 0.2419 | unseen ROC 0.5370 PR 0.0522 | valAUC 0.7874 | tau+ 0.500
[OUTPOST-v4] epoch 42: test-all ROC 0.6488 PR 0.2405 | unseen ROC 0.5450 PR 0.0532 | valAUC 0.7966 | tau+ 0.500
[OUTPOST-v4] epoch 43: test-all ROC 0.6509 PR 0.2473 | unseen ROC 0.5455 PR 0.0533 | valAUC 0.8029 | tau+ 0.500
[OUTPOST-v4] epoch 44: test-all ROC 0.6506 PR 0.2547 | unseen ROC 0.5396 PR 0.0526 | valAUC 0.8087 | tau+ 0.500
[OUTPOST-v4] epoch 45: test-all ROC 0.6493 PR 0.2615 | unseen ROC 0.5271 PR 0.0511 | valAUC 0.8237 | tau+ 0.500
[OUTPOST-v4] epoch 46: test-all ROC 0.6460 PR 0.2568 | unseen ROC 0.5130 PR 0.0497 | valAUC 0.8280 | tau+ 0.500
[OUTPOST-v4] epoch 47: test-all ROC 0.6476 PR 0.2685 | unseen ROC 0.5126 PR 0.0497 | valAUC 0.8314 | tau+ 0.500
[OUTPOST-v4] epoch 48: test-all ROC 0.6583 PR 0.2779 | unseen ROC 0.5263 PR 0.0511 | valAUC 0.8362 | tau+ 0.500
[OUTPOST-v4] epoch 49: test-all ROC 0.6694 PR 0.2880 | unseen ROC 0.5427 PR 0.0530 | valAUC 0.8406 | tau+ 0.500
[OUTPOST-v4] epoch 50: test-all ROC 0.6796 PR 0.2934 | unseen ROC 0.5583 PR 0.0550 | valAUC 0.8362 | tau+ 0.500
[OUTPOST-v4] epoch 51: test-all ROC 0.6826 PR 0.2965 | unseen ROC 0.5625 PR 0.0554 | valAUC 0.8406 | tau+ 0.500
[OUTPOST-v4] epoch 52: test-all ROC 0.6803 PR 0.3028 | unseen ROC 0.5533 PR 0.0542 | valAUC 0.8459 | tau+ 0.500
[OUTPOST-v4] epoch 53: test-all ROC 0.6821 PR 0.3059 | unseen ROC 0.5510 PR 0.0539 | valAUC 0.8565 | tau+ 0.500
[OUTPOST-v4] epoch 54: test-all ROC 0.6867 PR 0.3144 | unseen ROC 0.5555 PR 0.0545 | valAUC 0.8609 | tau+ 0.500
[OUTPOST-v4] epoch 55: test-all ROC 0.6956 PR 0.3164 | unseen ROC 0.5698 PR 0.0563 | valAUC 0.8599 | tau+ 0.500
[OUTPOST-v4] epoch 56: test-all ROC 0.7036 PR 0.3239 | unseen ROC 0.5814 PR 0.0580 | valAUC 0.8604 | tau+ 0.500
[OUTPOST-v4] epoch 57: test-all ROC 0.7010 PR 0.3239 | unseen ROC 0.5716 PR 0.0565 | valAUC 0.8696 | tau+ 0.500
[OUTPOST-v4] epoch 58: test-all ROC 0.7013 PR 0.3346 | unseen ROC 0.5675 PR 0.0559 | valAUC 0.8787 | tau+ 0.500
[OUTPOST-v4] epoch 59: test-all ROC 0.7009 PR 0.3409 | unseen ROC 0.5625 PR 0.0553 | valAUC 0.8792 | tau+ 0.500
[OUTPOST-v4] epoch 60: test-all ROC 0.7011 PR 0.3402 | unseen ROC 0.5599 PR 0.0550 | valAUC 0.8836 | tau+ 0.500
[OUTPOST-v4] epoch 61: test-all ROC 0.7108 PR 0.3474 | unseen ROC 0.5735 PR 0.0568 | valAUC 0.8792 | tau+ 0.500
[OUTPOST-v4] epoch 62: test-all ROC 0.7210 PR 0.3545 | unseen ROC 0.5913 PR 0.0594 | valAUC 0.8836 | tau+ 0.500
[OUTPOST-v4] epoch 63: test-all ROC 0.7293 PR 0.3597 | unseen ROC 0.6046 PR 0.0615 | valAUC 0.8889 | tau+ 0.500
[OUTPOST-v4] epoch 64: test-all ROC 0.7297 PR 0.3680 | unseen ROC 0.5980 PR 0.0603 | valAUC 0.8942 | tau+ 0.500
[OUTPOST-v4] epoch 65: test-all ROC 0.7255 PR 0.3651 | unseen ROC 0.5859 PR 0.0588 | valAUC 0.9029 | tau+ 0.500
[OUTPOST-v4] epoch 66: test-all ROC 0.7264 PR 0.3741 | unseen ROC 0.5812 PR 0.0580 | valAUC 0.9126 | tau+ 0.500
[OUTPOST-v4] epoch 67: test-all ROC 0.7393 PR 0.3781 | unseen ROC 0.6027 PR 0.0609 | valAUC 0.9145 | tau+ 0.500
[OUTPOST-v4] epoch 68: test-all ROC 0.7449 PR 0.3806 | unseen ROC 0.6113 PR 0.0624 | valAUC 0.9188 | tau+ 0.500
[OUTPOST-v4] epoch 69: test-all ROC 0.7409 PR 0.3877 | unseen ROC 0.5977 PR 0.0602 | valAUC 0.9290 | tau+ 0.505
[OUTPOST-v4] epoch 70: test-all ROC 0.7404 PR 0.3846 | unseen ROC 0.5950 PR 0.0595 | valAUC 0.9348 | tau+ 0.527
[OUTPOST-v4] epoch 71: test-all ROC 0.7458 PR 0.3937 | unseen ROC 0.6007 PR 0.0606 | valAUC 0.9362 | tau+ 0.500
[OUTPOST-v4] epoch 72: test-all ROC 0.7526 PR 0.3907 | unseen ROC 0.6121 PR 0.0621 | valAUC 0.9522 | tau+ 0.500
[OUTPOST-v4] epoch 73: test-all ROC 0.7589 PR 0.3990 | unseen ROC 0.6206 PR 0.0639 | valAUC 0.9541 | tau+ 0.500
[OUTPOST-v4] epoch 74: test-all ROC 0.7687 PR 0.4003 | unseen ROC 0.6356 PR 0.0663 | valAUC 0.9551 | tau+ 0.500
[OUTPOST-v4] epoch 75: test-all ROC 0.7696 PR 0.4115 | unseen ROC 0.6353 PR 0.0667 | valAUC 0.9589 | tau+ 0.500
[OUTPOST-v4] epoch 76: test-all ROC 0.7680 PR 0.4126 | unseen ROC 0.6282 PR 0.0649 | valAUC 0.9618 | tau+ 0.538
[OUTPOST-v4] epoch 77: test-all ROC 0.7446 PR 0.4011 | unseen ROC 0.5866 PR 0.0587 | valAUC 0.9686 | tau+ 0.754
[OUTPOST-v4] epoch 78: test-all ROC 0.7677 PR 0.4093 | unseen ROC 0.6263 PR 0.0643 | valAUC 0.9700 | tau+ 0.545
[OUTPOST-v4] epoch 79: test-all ROC 0.7851 PR 0.4203 | unseen ROC 0.6561 PR 0.0708 | valAUC 0.9657 | tau+ 0.500
[OUTPOST-v4] epoch 80: test-all ROC 0.7740 PR 0.4158 | unseen ROC 0.6370 PR 0.0665 | valAUC 0.9720 | tau+ 0.500
[OUTPOST-v4] epoch 81: test-all ROC 0.7538 PR 0.4087 | unseen ROC 0.6009 PR 0.0603 | valAUC 0.9686 | tau+ 0.745
[OUTPOST-v4] epoch 82: test-all ROC 0.7607 PR 0.4115 | unseen ROC 0.6125 PR 0.0620 | valAUC 0.9676 | tau+ 0.592
[OUTPOST-v4] epoch 83: test-all ROC 0.7795 PR 0.4208 | unseen ROC 0.6448 PR 0.0681 | valAUC 0.9739 | tau+ 0.500
[OUTPOST-v4] epoch 84: test-all ROC 0.7898 PR 0.4265 | unseen ROC 0.6617 PR 0.0720 | valAUC 0.9734 | tau+ 0.500
[OUTPOST-v4] epoch 85: test-all ROC 0.7834 PR 0.4241 | unseen ROC 0.6502 PR 0.0691 | valAUC 0.9778 | tau+ 0.500
[OUTPOST-v4] epoch 86: test-all ROC 0.7644 PR 0.4179 | unseen ROC 0.6175 PR 0.0630 | valAUC 0.9758 | tau+ 0.659
[OUTPOST-v4] epoch 87: test-all ROC 0.7594 PR 0.4178 | unseen ROC 0.6093 PR 0.0614 | valAUC 0.9734 | tau+ 0.652
[OUTPOST-v4] epoch 88: test-all ROC 0.7711 PR 0.4238 | unseen ROC 0.6277 PR 0.0647 | valAUC 0.9744 | tau+ 0.607
[OUTPOST-v4] epoch 89: test-all ROC 0.7877 PR 0.4303 | unseen ROC 0.6567 PR 0.0705 | valAUC 0.9715 | tau+ 0.506
[OUTPOST-v4] epoch 90: test-all ROC 0.7915 PR 0.4296 | unseen ROC 0.6656 PR 0.0723 | valAUC 0.9739 | tau+ 0.500
[OUTPOST-v4] epoch 91: test-all ROC 0.7854 PR 0.4330 | unseen ROC 0.6521 PR 0.0692 | valAUC 0.9768 | tau+ 0.522
[OUTPOST-v4] epoch 92: test-all ROC 0.7627 PR 0.4182 | unseen ROC 0.6138 PR 0.0623 | valAUC 0.9787 | tau+ 0.653
[OUTPOST-v4] epoch 93: test-all ROC 0.7590 PR 0.4255 | unseen ROC 0.6065 PR 0.0612 | valAUC 0.9773 | tau+ 0.771
[OUTPOST-v4] epoch 94: test-all ROC 0.7813 PR 0.4307 | unseen ROC 0.6447 PR 0.0678 | valAUC 0.9787 | tau+ 0.500
[OUTPOST-v4] epoch 95: test-all ROC 0.7878 PR 0.4375 | unseen ROC 0.6552 PR 0.0701 | valAUC 0.9729 | tau+ 0.543
[OUTPOST-v4] epoch 96: test-all ROC 0.7936 PR 0.4389 | unseen ROC 0.6649 PR 0.0727 | valAUC 0.9783 | tau+ 0.500
[OUTPOST-v4] epoch 97: test-all ROC 0.7855 PR 0.4378 | unseen ROC 0.6515 PR 0.0696 | valAUC 0.9758 | tau+ 0.500
[OUTPOST-v4] epoch 98: test-all ROC 0.7663 PR 0.4287 | unseen ROC 0.6183 PR 0.0635 | valAUC 0.9792 | tau+ 0.500
[OUTPOST-v4] epoch 99: test-all ROC 0.7496 PR 0.4290 | unseen ROC 0.5894 PR 0.0590 | valAUC 0.9802 | tau+ 0.674
[OUTPOST-v4] epoch 100: test-all ROC 0.7610 PR 0.4303 | unseen ROC 0.6090 PR 0.0618 | valAUC 0.9729 | tau+ 0.785
[OUTPOST-v4] epoch 101: test-all ROC 0.7966 PR 0.4453 | unseen ROC 0.6689 PR 0.0738 | valAUC 0.9792 | tau+ 0.500
[OUTPOST-v4] epoch 102: test-all ROC 0.8059 PR 0.4481 | unseen ROC 0.6855 PR 0.0782 | valAUC 0.9768 | tau+ 0.500
[OUTPOST-v4] epoch 103: test-all ROC 0.7862 PR 0.4386 | unseen ROC 0.6512 PR 0.0698 | valAUC 0.9754 | tau+ 0.500
[OUTPOST-v4] epoch 104: test-all ROC 0.7641 PR 0.4341 | unseen ROC 0.6143 PR 0.0627 | valAUC 0.9850 | tau+ 0.500
[OUTPOST-v4] epoch 105: test-all ROC 0.7640 PR 0.4329 | unseen ROC 0.6136 PR 0.0626 | valAUC 0.9797 | tau+ 0.645
[OUTPOST-v4] epoch 106: test-all ROC 0.7906 PR 0.4411 | unseen ROC 0.6585 PR 0.0709 | valAUC 0.9831 | tau+ 0.500
[OUTPOST-v4] epoch 107: test-all ROC 0.7967 PR 0.4450 | unseen ROC 0.6678 PR 0.0735 | valAUC 0.9783 | tau+ 0.500
[OUTPOST-v4] epoch 108: test-all ROC 0.7973 PR 0.4514 | unseen ROC 0.6684 PR 0.0737 | valAUC 0.9807 | tau+ 0.500
[OUTPOST-v4] epoch 109: test-all ROC 0.7971 PR 0.4458 | unseen ROC 0.6685 PR 0.0733 | valAUC 0.9792 | tau+ 0.636
[OUTPOST-v4] epoch 110: test-all ROC 0.7900 PR 0.4461 | unseen ROC 0.6565 PR 0.0712 | valAUC 0.9768 | tau+ 0.500
[OUTPOST-v4] epoch 111: test-all ROC 0.7889 PR 0.4472 | unseen ROC 0.6551 PR 0.0710 | valAUC 0.9754 | tau+ 0.607
[OUTPOST-v4] epoch 112: test-all ROC 0.7899 PR 0.4458 | unseen ROC 0.6565 PR 0.0712 | valAUC 0.9768 | tau+ 0.568
[OUTPOST-v4] epoch 113: test-all ROC 0.7819 PR 0.4448 | unseen ROC 0.6436 PR 0.0683 | valAUC 0.9778 | tau+ 0.573
[OUTPOST-v4] epoch 114: test-all ROC 0.7858 PR 0.4452 | unseen ROC 0.6498 PR 0.0703 | valAUC 0.9763 | tau+ 0.511
[OUTPOST-v4] epoch 115: test-all ROC 0.7860 PR 0.4477 | unseen ROC 0.6513 PR 0.0704 | valAUC 0.9792 | tau+ 0.500
[OUTPOST-v4] epoch 116: test-all ROC 0.7918 PR 0.4483 | unseen ROC 0.6600 PR 0.0723 | valAUC 0.9783 | tau+ 0.500
[OUTPOST-v4] epoch 117: test-all ROC 0.7818 PR 0.4422 | unseen ROC 0.6436 PR 0.0684 | valAUC 0.9768 | tau+ 0.690
[OUTPOST-v4] epoch 118: test-all ROC 0.7929 PR 0.4502 | unseen ROC 0.6620 PR 0.0727 | valAUC 0.9792 | tau+ 0.597
[OUTPOST-v4] epoch 119: test-all ROC 0.8073 PR 0.4579 | unseen ROC 0.6872 PR 0.0790 | valAUC 0.9807 | tau+ 0.500
[OUTPOST-v4] epoch 120: test-all ROC 0.8160 PR 0.4605 | unseen ROC 0.7005 PR 0.0827 | valAUC 0.9812 | tau+ 0.500
[OUTPOST-v4] epoch 121: test-all ROC 0.8154 PR 0.4605 | unseen ROC 0.6994 PR 0.0819 | valAUC 0.9773 | tau+ 0.500
[OUTPOST-v4] epoch 122: test-all ROC 0.8090 PR 0.4606 | unseen ROC 0.6890 PR 0.0794 | valAUC 0.9778 | tau+ 0.500
[OUTPOST-v4] epoch 123: test-all ROC 0.8068 PR 0.4601 | unseen ROC 0.6844 PR 0.0779 | valAUC 0.9821 | tau+ 0.500
[OUTPOST-v4] epoch 124: test-all ROC 0.8109 PR 0.4561 | unseen ROC 0.6920 PR 0.0794 | valAUC 0.9763 | tau+ 0.500
[OUTPOST-v4] epoch 125: test-all ROC 0.8085 PR 0.4559 | unseen ROC 0.6881 PR 0.0787 | valAUC 0.9841 | tau+ 0.500
[OUTPOST-v4] epoch 126: test-all ROC 0.8036 PR 0.4597 | unseen ROC 0.6792 PR 0.0761 | valAUC 0.9758 | tau+ 0.629
[OUTPOST-v4] epoch 127: test-all ROC 0.7991 PR 0.4514 | unseen ROC 0.6726 PR 0.0749 | valAUC 0.9783 | tau+ 0.515
[OUTPOST-v4] epoch 128: test-all ROC 0.8057 PR 0.4574 | unseen ROC 0.6824 PR 0.0771 | valAUC 0.9783 | tau+ 0.500
[OUTPOST-v4] epoch 129: test-all ROC 0.8099 PR 0.4585 | unseen ROC 0.6902 PR 0.0792 | valAUC 0.9778 | tau+ 0.500
[OUTPOST-v4] epoch 130: test-all ROC 0.7978 PR 0.4565 | unseen ROC 0.6702 PR 0.0752 | valAUC 0.9841 | tau+ 0.500
[OUTPOST-v4] epoch 131: test-all ROC 0.7838 PR 0.4515 | unseen ROC 0.6461 PR 0.0691 | valAUC 0.9778 | tau+ 0.548
[OUTPOST-v4] epoch 132: test-all ROC 0.7690 PR 0.4357 | unseen ROC 0.6225 PR 0.0643 | valAUC 0.9778 | tau+ 0.643
[OUTPOST-v4] epoch 133: test-all ROC 0.7793 PR 0.4526 | unseen ROC 0.6385 PR 0.0678 | valAUC 0.9797 | tau+ 0.500
[OUTPOST-v4] epoch 134: test-all ROC 0.8014 PR 0.4560 | unseen ROC 0.6755 PR 0.0760 | valAUC 0.9836 | tau+ 0.500
[OUTPOST-v4] epoch 135: test-all ROC 0.8007 PR 0.4542 | unseen ROC 0.6750 PR 0.0760 | valAUC 0.9802 | tau+ 0.500
[OUTPOST-v4] epoch 136: test-all ROC 0.7953 PR 0.4514 | unseen ROC 0.6657 PR 0.0736 | valAUC 0.9845 | tau+ 0.500
[OUTPOST-v4] epoch 137: test-all ROC 0.7932 PR 0.4480 | unseen ROC 0.6627 PR 0.0728 | valAUC 0.9802 | tau+ 0.500
[OUTPOST-v4] epoch 138: test-all ROC 0.7858 PR 0.4454 | unseen ROC 0.6502 PR 0.0697 | valAUC 0.9807 | tau+ 0.695
[OUTPOST-v4] epoch 139: test-all ROC 0.7859 PR 0.4455 | unseen ROC 0.6507 PR 0.0695 | valAUC 0.9787 | tau+ 0.555
[OUTPOST-v4] epoch 140: test-all ROC 0.8087 PR 0.4589 | unseen ROC 0.6885 PR 0.0791 | valAUC 0.9787 | tau+ 0.500
[OUTPOST-v4] epoch 141: test-all ROC 0.8082 PR 0.4614 | unseen ROC 0.6871 PR 0.0789 | valAUC 0.9792 | tau+ 0.500
[OUTPOST-v4] epoch 142: test-all ROC 0.8093 PR 0.4548 | unseen ROC 0.6886 PR 0.0788 | valAUC 0.9816 | tau+ 0.500
[OUTPOST-v4] epoch 143: test-all ROC 0.7929 PR 0.4543 | unseen ROC 0.6611 PR 0.0718 | valAUC 0.9812 | tau+ 0.500
[OUTPOST-v4] epoch 144: test-all ROC 0.7712 PR 0.4393 | unseen ROC 0.6249 PR 0.0645 | valAUC 0.9807 | tau+ 0.738
[OUTPOST-v4] epoch 145: test-all ROC 0.7611 PR 0.4403 | unseen ROC 0.6086 PR 0.0632 | valAUC 0.9720 | tau+ 0.509
[OUTPOST-v4] epoch 146: test-all ROC 0.7752 PR 0.4454 | unseen ROC 0.6325 PR 0.0666 | valAUC 0.9812 | tau+ 0.500
[OUTPOST-v4] epoch 147: test-all ROC 0.7822 PR 0.4430 | unseen ROC 0.6441 PR 0.0688 | valAUC 0.9754 | tau+ 0.500
[OUTPOST-v4] epoch 148: test-all ROC 0.7921 PR 0.4522 | unseen ROC 0.6594 PR 0.0723 | valAUC 0.9783 | tau+ 0.500
[OUTPOST-v4] epoch 149: test-all ROC 0.7963 PR 0.4580 | unseen ROC 0.6676 PR 0.0751 | valAUC 0.9778 | tau+ 0.500
[OUTPOST-v4] epoch 150: test-all ROC 0.8036 PR 0.4570 | unseen ROC 0.6788 PR 0.0765 | valAUC 0.9802 | tau+ 0.500
[OUTPOST-v4] epoch 151: test-all ROC 0.7987 PR 0.4544 | unseen ROC 0.6712 PR 0.0750 | valAUC 0.9797 | tau+ 0.500
[OUTPOST-v4] epoch 152: test-all ROC 0.7830 PR 0.4470 | unseen ROC 0.6444 PR 0.0685 | valAUC 0.9773 | tau+ 0.660
[OUTPOST-v4] epoch 153: test-all ROC 0.7891 PR 0.4505 | unseen ROC 0.6553 PR 0.0712 | valAUC 0.9807 | tau+ 0.500
[OUTPOST-v4] epoch 154: test-all ROC 0.7997 PR 0.4511 | unseen ROC 0.6724 PR 0.0755 | valAUC 0.9807 | tau+ 0.500
[OUTPOST-v4] epoch 155: test-all ROC 0.7962 PR 0.4499 | unseen ROC 0.6670 PR 0.0747 | valAUC 0.9783 | tau+ 0.500
[OUTPOST-v4] epoch 156: test-all ROC 0.7920 PR 0.4559 | unseen ROC 0.6596 PR 0.0726 | valAUC 0.9778 | tau+ 0.510
[OUTPOST-v4] epoch 157: test-all ROC 0.7880 PR 0.4491 | unseen ROC 0.6543 PR 0.0713 | valAUC 0.9836 | tau+ 0.500
[OUTPOST-v4] epoch 158: test-all ROC 0.7865 PR 0.4484 | unseen ROC 0.6513 PR 0.0710 | valAUC 0.9754 | tau+ 0.500
[OUTPOST-v4] epoch 159: test-all ROC 0.7938 PR 0.4549 | unseen ROC 0.6632 PR 0.0732 | valAUC 0.9826 | tau+ 0.500
[OUTPOST-v4] epoch 160: test-all ROC 0.7913 PR 0.4516 | unseen ROC 0.6589 PR 0.0723 | valAUC 0.9749 | tau+ 0.522
[OUTPOST-v4] epoch 161: test-all ROC 0.7882 PR 0.4519 | unseen ROC 0.6531 PR 0.0701 | valAUC 0.9836 | tau+ 0.500
[OUTPOST-v4] epoch 162: test-all ROC 0.7832 PR 0.4524 | unseen ROC 0.6448 PR 0.0689 | valAUC 0.9831 | tau+ 0.500
[OUTPOST-v4] epoch 163: test-all ROC 0.7816 PR 0.4486 | unseen ROC 0.6421 PR 0.0686 | valAUC 0.9778 | tau+ 0.539
[OUTPOST-v4] epoch 164: test-all ROC 0.7778 PR 0.4472 | unseen ROC 0.6358 PR 0.0669 | valAUC 0.9812 | tau+ 0.654
[OUTPOST-v4] epoch 165: test-all ROC 0.7827 PR 0.4446 | unseen ROC 0.6440 PR 0.0682 | valAUC 0.9797 | tau+ 0.500
[OUTPOST-v4] epoch 166: test-all ROC 0.7878 PR 0.4525 | unseen ROC 0.6529 PR 0.0703 | valAUC 0.9783 | tau+ 0.560
[OUTPOST-v4] epoch 167: test-all ROC 0.7889 PR 0.4536 | unseen ROC 0.6545 PR 0.0707 | valAUC 0.9744 | tau+ 0.500
[OUTPOST-v4] epoch 168: test-all ROC 0.7966 PR 0.4554 | unseen ROC 0.6676 PR 0.0740 | valAUC 0.9768 | tau+ 0.500
[OUTPOST-v4] epoch 169: test-all ROC 0.7817 PR 0.4472 | unseen ROC 0.6419 PR 0.0680 | valAUC 0.9807 | tau+ 0.500
[OUTPOST-v4] epoch 170: test-all ROC 0.7558 PR 0.4390 | unseen ROC 0.5992 PR 0.0606 | valAUC 0.9773 | tau+ 0.917
[OUTPOST-v4] epoch 171: test-all ROC 0.7924 PR 0.4550 | unseen ROC 0.6602 PR 0.0719 | valAUC 0.9749 | tau+ 0.777
[OUTPOST-v4] epoch 172: test-all ROC 0.8241 PR 0.4674 | unseen ROC 0.7142 PR 0.0860 | valAUC 0.9773 | tau+ 0.500
[OUTPOST-v4] epoch 173: test-all ROC 0.8280 PR 0.4690 | unseen ROC 0.7207 PR 0.0878 | valAUC 0.9792 | tau+ 0.500
[OUTPOST-v4] epoch 174: test-all ROC 0.8172 PR 0.4674 | unseen ROC 0.7024 PR 0.0821 | valAUC 0.9816 | tau+ 0.500
[OUTPOST-v4] epoch 175: test-all ROC 0.7681 PR 0.4416 | unseen ROC 0.6195 PR 0.0639 | valAUC 0.9787 | tau+ 0.684
[OUTPOST-v4] epoch 176: test-all ROC 0.7528 PR 0.4357 | unseen ROC 0.5942 PR 0.0596 | valAUC 0.9758 | tau+ 0.915
[OUTPOST-v4] epoch 177: test-all ROC 0.7984 PR 0.4535 | unseen ROC 0.6710 PR 0.0747 | valAUC 0.9783 | tau+ 0.537
[OUTPOST-v4] epoch 178: test-all ROC 0.8189 PR 0.4656 | unseen ROC 0.7059 PR 0.0846 | valAUC 0.9797 | tau+ 0.500
[OUTPOST-v4] epoch 179: test-all ROC 0.8308 PR 0.4739 | unseen ROC 0.7258 PR 0.0908 | valAUC 0.9768 | tau+ 0.500
[OUTPOST-v4] epoch 180: test-all ROC 0.8272 PR 0.4717 | unseen ROC 0.7197 PR 0.0885 | valAUC 0.9778 | tau+ 0.500
[OUTPOST-v4] epoch 181: test-all ROC 0.7895 PR 0.4507 | unseen ROC 0.6554 PR 0.0712 | valAUC 0.9807 | tau+ 0.500
[OUTPOST-v4] epoch 182: test-all ROC 0.7436 PR 0.4337 | unseen ROC 0.5784 PR 0.0573 | valAUC 0.9787 | tau+ 0.792
[OUTPOST-v4] epoch 183: test-all ROC 0.7651 PR 0.4402 | unseen ROC 0.6149 PR 0.0632 | valAUC 0.9749 | tau+ 0.838
[OUTPOST-v4] epoch 184: test-all ROC 0.8034 PR 0.4558 | unseen ROC 0.6800 PR 0.0776 | valAUC 0.9797 | tau+ 0.500
[OUTPOST-v4] epoch 185: test-all ROC 0.8310 PR 0.4753 | unseen ROC 0.7268 PR 0.0909 | valAUC 0.9749 | tau+ 0.500
[OUTPOST-v4] epoch 186: test-all ROC 0.8374 PR 0.4777 | unseen ROC 0.7368 PR 0.0935 | valAUC 0.9758 | tau+ 0.500
[OUTPOST-v4] epoch 187: test-all ROC 0.8247 PR 0.4688 | unseen ROC 0.7153 PR 0.0861 | valAUC 0.9758 | tau+ 0.500
[OUTPOST-v4] epoch 188: test-all ROC 0.8087 PR 0.4535 | unseen ROC 0.6881 PR 0.0781 | valAUC 0.9758 | tau+ 0.824
[OUTPOST-v4] epoch 189: test-all ROC 0.7991 PR 0.4476 | unseen ROC 0.6725 PR 0.0746 | valAUC 0.9773 | tau+ 0.820
[OUTPOST-v4] epoch 190: test-all ROC 0.7979 PR 0.4503 | unseen ROC 0.6693 PR 0.0742 | valAUC 0.9816 | tau+ 0.500
[OUTPOST-v4] epoch 191: test-all ROC 0.8008 PR 0.4535 | unseen ROC 0.6745 PR 0.0749 | valAUC 0.9749 | tau+ 0.740
[OUTPOST-v4] epoch 192: test-all ROC 0.7978 PR 0.4501 | unseen ROC 0.6697 PR 0.0743 | valAUC 0.9763 | tau+ 0.595
[OUTPOST-v4] epoch 193: test-all ROC 0.7938 PR 0.4509 | unseen ROC 0.6629 PR 0.0733 | valAUC 0.9783 | tau+ 0.500
[OUTPOST-v4] epoch 194: test-all ROC 0.8040 PR 0.4571 | unseen ROC 0.6810 PR 0.0772 | valAUC 0.9787 | tau+ 0.500
[OUTPOST-v4] epoch 195: test-all ROC 0.8012 PR 0.4544 | unseen ROC 0.6767 PR 0.0768 | valAUC 0.9763 | tau+ 0.500
[OUTPOST-v4] epoch 196: test-all ROC 0.8057 PR 0.4541 | unseen ROC 0.6836 PR 0.0777 | valAUC 0.9729 | tau+ 0.500
[OUTPOST-v4] epoch 197: test-all ROC 0.7984 PR 0.4541 | unseen ROC 0.6709 PR 0.0749 | valAUC 0.9778 | tau+ 0.500
[OUTPOST-v4] epoch 198: test-all ROC 0.7886 PR 0.4451 | unseen ROC 0.6551 PR 0.0708 | valAUC 0.9802 | tau+ 0.500
[OUTPOST-v4] epoch 199: test-all ROC 0.7876 PR 0.4460 | unseen ROC 0.6522 PR 0.0699 | valAUC 0.9816 | tau+ 0.500
  rotation 7: ROC 0.8374 PR 0.4777
[photo] params 114113, peak GPU 2.93 GB, 16.1 min total

[photo] AGGREGATE  best-over-epochs: ROC 0.8581 PR 0.5441
[photo] AGGREGATE  val-selected:     ROC 0.7910 PR 0.4927
row appended to results/results.csv
