# gpu=7 cmd=/usr/bin/python3 -u main.py --dataset photo --seed 0 --method outpost --tag T_Kp12 --set K_p=12
/nas/home/jahin/.local/lib/python3.10/site-packages/torch_geometric/__init__.py:4: UserWarning: An issue occurred while importing 'torch-scatter'. Disabling its usage. Stacktrace: /nas/home/jahin/.local/lib/python3.10/site-packages/torch_scatter/_version_cuda.so: undefined symbol: _ZN5torch3jit17parseSchemaOrNameERKSsb
  import torch_geometric.typing
/nas/home/jahin/.local/lib/python3.10/site-packages/torch_geometric/__init__.py:4: UserWarning: An issue occurred while importing 'torch-sparse'. Disabling its usage. Stacktrace: /nas/home/jahin/.local/lib/python3.10/site-packages/torch_sparse/_version_cuda.so: undefined symbol: _ZN5torch3jit17parseSchemaOrNameERKSsb
  import torch_geometric.typing
/nas/home/jahin/.local/lib/python3.10/site-packages/requests/__init__.py:113: RequestsDependencyWarning: urllib3 (1.26.5) or chardet (7.2.0)/charset_normalizer (3.4.4) doesn't match a supported version!
  warnings.warn(
Disabling PyTorch because PyTorch >= 2.1 is required but found 2.0.1
None of PyTorch, TensorFlow >= 2.0, or Flax have been found. Models won't be available and only tokenizers, configuration and file/data utilities can be used.
/nas/home/jahin/.local/lib/python3.10/site-packages/outdated/__init__.py:36: UserWarning: pkg_resources is deprecated as an API. See https://setuptools.pypa.io/en/latest/pkg_resources.html. The pkg_resources package is slated for removal as early as 2025-11-30. Refrain from using this package or pin to Setuptools<81.
  from pkg_resources import parse_version
[utils] PPR/dgl path unavailable (libcudart.so.12: cannot open shared object file: No such file or directory); OUTPOST path unaffected.
[0.04823529 0.22039216 0.09189542 0.11960784 0.11529412 0.1075817
 0.25372549 0.04326797]
[photo] anomaly classes (rotations): [0, 7]
Normal classes: [1, 2, 3, 4, 5, 6] in photo
Building multi-layer GraphSage
[OUTPOST-v4] epoch 0: test-all ROC 0.6124 PR 0.1234 | unseen ROC 0.4260 PR 0.0378 | valAUC 0.7923 | tau+ 0.500
[OUTPOST-v4] epoch 1: test-all ROC 0.6100 PR 0.1199 | unseen ROC 0.4255 PR 0.0377 | valAUC 0.8106 | tau+ 0.500
[OUTPOST-v4] epoch 2: test-all ROC 0.6119 PR 0.1215 | unseen ROC 0.4256 PR 0.0378 | valAUC 0.7860 | tau+ 0.500
[OUTPOST-v4] epoch 3: test-all ROC 0.6102 PR 0.1197 | unseen ROC 0.4214 PR 0.0375 | valAUC 0.7874 | tau+ 0.500
[OUTPOST-v4] epoch 4: test-all ROC 0.6156 PR 0.1237 | unseen ROC 0.4281 PR 0.0379 | valAUC 0.8072 | tau+ 0.500
[OUTPOST-v4] epoch 5: test-all ROC 0.6179 PR 0.1258 | unseen ROC 0.4254 PR 0.0378 | valAUC 0.8034 | tau+ 0.500
[OUTPOST-v4] epoch 6: test-all ROC 0.6193 PR 0.1276 | unseen ROC 0.4229 PR 0.0376 | valAUC 0.7942 | tau+ 0.500
[OUTPOST-v4] epoch 7: test-all ROC 0.6195 PR 0.1313 | unseen ROC 0.4151 PR 0.0371 | valAUC 0.8097 | tau+ 0.500
[OUTPOST-v4] epoch 8: test-all ROC 0.6231 PR 0.1343 | unseen ROC 0.4204 PR 0.0374 | valAUC 0.8353 | tau+ 0.500
[OUTPOST-v4] epoch 9: test-all ROC 0.6338 PR 0.1431 | unseen ROC 0.4269 PR 0.0379 | valAUC 0.8473 | tau+ 0.500
[OUTPOST-v4] epoch 10: test-all ROC 0.6383 PR 0.1559 | unseen ROC 0.4194 PR 0.0374 | valAUC 0.8551 | tau+ 0.500
[OUTPOST-v4] epoch 11: test-all ROC 0.6450 PR 0.1749 | unseen ROC 0.4172 PR 0.0373 | valAUC 0.9039 | tau+ 0.500
[OUTPOST-v4] epoch 12: test-all ROC 0.6534 PR 0.2033 | unseen ROC 0.4180 PR 0.0373 | valAUC 0.9256 | tau+ 0.500
[OUTPOST-v4] epoch 13: test-all ROC 0.6572 PR 0.2144 | unseen ROC 0.4220 PR 0.0376 | valAUC 0.9174 | tau+ 0.500
[OUTPOST-v4] epoch 14: test-all ROC 0.6562 PR 0.2100 | unseen ROC 0.4206 PR 0.0375 | valAUC 0.9280 | tau+ 0.500
[OUTPOST-v4] epoch 15: test-all ROC 0.6566 PR 0.2179 | unseen ROC 0.4186 PR 0.0373 | valAUC 0.9188 | tau+ 0.500
[OUTPOST-v4] epoch 16: test-all ROC 0.6582 PR 0.2365 | unseen ROC 0.4200 PR 0.0374 | valAUC 0.9391 | tau+ 0.500
[OUTPOST-v4] epoch 17: test-all ROC 0.6637 PR 0.2850 | unseen ROC 0.4201 PR 0.0375 | valAUC 0.9338 | tau+ 0.500
[OUTPOST-v4] epoch 18: test-all ROC 0.6674 PR 0.3423 | unseen ROC 0.4202 PR 0.0375 | valAUC 0.9493 | tau+ 0.500
[OUTPOST-v4] epoch 19: test-all ROC 0.6671 PR 0.3788 | unseen ROC 0.4133 PR 0.0370 | valAUC 0.9604 | tau+ 0.500
[OUTPOST-v4] epoch 20: test-all ROC 0.6731 PR 0.3854 | unseen ROC 0.4235 PR 0.0377 | valAUC 0.9502 | tau+ 0.500
[OUTPOST-v4] epoch 21: test-all ROC 0.6639 PR 0.3693 | unseen ROC 0.4097 PR 0.0368 | valAUC 0.9502 | tau+ 0.500
[OUTPOST-v4] epoch 22: test-all ROC 0.6653 PR 0.3422 | unseen ROC 0.4121 PR 0.0370 | valAUC 0.9560 | tau+ 0.500
[OUTPOST-v4] epoch 23: test-all ROC 0.6708 PR 0.3428 | unseen ROC 0.4241 PR 0.0377 | valAUC 0.9517 | tau+ 0.500
[OUTPOST-v4] epoch 24: test-all ROC 0.6696 PR 0.3535 | unseen ROC 0.4201 PR 0.0375 | valAUC 0.9449 | tau+ 0.500
[OUTPOST-v4] epoch 25: test-all ROC 0.6702 PR 0.3528 | unseen ROC 0.4211 PR 0.0375 | valAUC 0.9517 | tau+ 0.500
[OUTPOST-v4] epoch 26: test-all ROC 0.6705 PR 0.3496 | unseen ROC 0.4204 PR 0.0375 | valAUC 0.9609 | tau+ 0.500
[OUTPOST-v4] epoch 27: test-all ROC 0.6721 PR 0.3453 | unseen ROC 0.4240 PR 0.0378 | valAUC 0.9478 | tau+ 0.500
[OUTPOST-v4] epoch 28: test-all ROC 0.6695 PR 0.3492 | unseen ROC 0.4173 PR 0.0373 | valAUC 0.9536 | tau+ 0.500
[OUTPOST-v4] epoch 29: test-all ROC 0.6721 PR 0.3448 | unseen ROC 0.4236 PR 0.0377 | valAUC 0.9527 | tau+ 0.500
[OUTPOST-v4] epoch 30: test-all ROC 0.6690 PR 0.3290 | unseen ROC 0.4192 PR 0.0374 | valAUC 0.9560 | tau+ 0.500
[OUTPOST-v4] epoch 31: test-all ROC 0.6744 PR 0.3213 | unseen ROC 0.4297 PR 0.0381 | valAUC 0.9575 | tau+ 0.500
[OUTPOST-v4] epoch 32: test-all ROC 0.6682 PR 0.3294 | unseen ROC 0.4178 PR 0.0373 | valAUC 0.9585 | tau+ 0.500
[OUTPOST-v4] epoch 33: test-all ROC 0.6685 PR 0.3542 | unseen ROC 0.4170 PR 0.0373 | valAUC 0.9604 | tau+ 0.500
[OUTPOST-v4] epoch 34: test-all ROC 0.6702 PR 0.3675 | unseen ROC 0.4180 PR 0.0373 | valAUC 0.9560 | tau+ 0.500
[OUTPOST-v4] epoch 35: test-all ROC 0.6716 PR 0.3848 | unseen ROC 0.4170 PR 0.0373 | valAUC 0.9560 | tau+ 0.500
[OUTPOST-v4] epoch 36: test-all ROC 0.6763 PR 0.4043 | unseen ROC 0.4242 PR 0.0377 | valAUC 0.9628 | tau+ 0.500
[OUTPOST-v4] epoch 37: test-all ROC 0.6775 PR 0.4208 | unseen ROC 0.4230 PR 0.0377 | valAUC 0.9589 | tau+ 0.500
[OUTPOST-v4] epoch 38: test-all ROC 0.6779 PR 0.4257 | unseen ROC 0.4233 PR 0.0377 | valAUC 0.9657 | tau+ 0.500
[OUTPOST-v4] epoch 39: test-all ROC 0.6789 PR 0.4356 | unseen ROC 0.4231 PR 0.0377 | valAUC 0.9725 | tau+ 0.500
[OUTPOST-v4] epoch 40: test-all ROC 0.6780 PR 0.4474 | unseen ROC 0.4210 PR 0.0375 | valAUC 0.9744 | tau+ 0.500
[OUTPOST-v4] epoch 41: test-all ROC 0.6797 PR 0.4484 | unseen ROC 0.4233 PR 0.0377 | valAUC 0.9696 | tau+ 0.500
[OUTPOST-v4] epoch 42: test-all ROC 0.6862 PR 0.4557 | unseen ROC 0.4339 PR 0.0384 | valAUC 0.9749 | tau+ 0.500
[OUTPOST-v4] epoch 43: test-all ROC 0.6843 PR 0.4613 | unseen ROC 0.4301 PR 0.0382 | valAUC 0.9710 | tau+ 0.500
[OUTPOST-v4] epoch 44: test-all ROC 0.6842 PR 0.4717 | unseen ROC 0.4273 PR 0.0380 | valAUC 0.9792 | tau+ 0.500
[OUTPOST-v4] epoch 45: test-all ROC 0.6852 PR 0.4755 | unseen ROC 0.4272 PR 0.0379 | valAUC 0.9681 | tau+ 0.500
[OUTPOST-v4] epoch 46: test-all ROC 0.6883 PR 0.4832 | unseen ROC 0.4327 PR 0.0386 | valAUC 0.9754 | tau+ 0.500
[OUTPOST-v4] epoch 47: test-all ROC 0.6846 PR 0.4935 | unseen ROC 0.4242 PR 0.0382 | valAUC 0.9845 | tau+ 0.500
[OUTPOST-v4] epoch 48: test-all ROC 0.6895 PR 0.4974 | unseen ROC 0.4319 PR 0.0391 | valAUC 0.9826 | tau+ 0.500
[OUTPOST-v4] epoch 49: test-all ROC 0.6858 PR 0.4927 | unseen ROC 0.4251 PR 0.0383 | valAUC 0.9792 | tau+ 0.500
[OUTPOST-v4] epoch 50: test-all ROC 0.6927 PR 0.5020 | unseen ROC 0.4378 PR 0.0397 | valAUC 0.9836 | tau+ 0.500
[OUTPOST-v4] epoch 51: test-all ROC 0.6989 PR 0.5039 | unseen ROC 0.4489 PR 0.0413 | valAUC 0.9908 | tau+ 0.532
[OUTPOST-v4] epoch 52: test-all ROC 0.6884 PR 0.5059 | unseen ROC 0.4283 PR 0.0394 | valAUC 0.9908 | tau+ 0.507
[OUTPOST-v4] epoch 53: test-all ROC 0.6972 PR 0.5081 | unseen ROC 0.4440 PR 0.0399 | valAUC 0.9821 | tau+ 0.500
[OUTPOST-v4] epoch 54: test-all ROC 0.6961 PR 0.5091 | unseen ROC 0.4408 PR 0.0402 | valAUC 0.9850 | tau+ 0.500
[OUTPOST-v4] epoch 55: test-all ROC 0.7007 PR 0.5091 | unseen ROC 0.4500 PR 0.0407 | valAUC 0.9894 | tau+ 0.500
[OUTPOST-v4] epoch 56: test-all ROC 0.7026 PR 0.5070 | unseen ROC 0.4535 PR 0.0403 | valAUC 0.9884 | tau+ 0.589
[OUTPOST-v4] epoch 57: test-all ROC 0.7012 PR 0.5100 | unseen ROC 0.4511 PR 0.0402 | valAUC 0.9889 | tau+ 0.500
[OUTPOST-v4] epoch 58: test-all ROC 0.7047 PR 0.5135 | unseen ROC 0.4568 PR 0.0408 | valAUC 0.9850 | tau+ 0.500
[OUTPOST-v4] epoch 59: test-all ROC 0.7069 PR 0.5150 | unseen ROC 0.4608 PR 0.0410 | valAUC 0.9816 | tau+ 0.500
[OUTPOST-v4] epoch 60: test-all ROC 0.7105 PR 0.5121 | unseen ROC 0.4683 PR 0.0414 | valAUC 0.9879 | tau+ 0.573
[OUTPOST-v4] epoch 61: test-all ROC 0.7073 PR 0.5109 | unseen ROC 0.4610 PR 0.0417 | valAUC 0.9899 | tau+ 0.539
[OUTPOST-v4] epoch 62: test-all ROC 0.7088 PR 0.5159 | unseen ROC 0.4637 PR 0.0420 | valAUC 0.9913 | tau+ 0.500
[OUTPOST-v4] epoch 63: test-all ROC 0.7128 PR 0.5162 | unseen ROC 0.4701 PR 0.0419 | valAUC 0.9908 | tau+ 0.500
[OUTPOST-v4] epoch 64: test-all ROC 0.7296 PR 0.5218 | unseen ROC 0.5023 PR 0.0452 | valAUC 0.9903 | tau+ 0.500
[OUTPOST-v4] epoch 65: test-all ROC 0.7232 PR 0.5185 | unseen ROC 0.4902 PR 0.0432 | valAUC 0.9874 | tau+ 0.590
[OUTPOST-v4] epoch 66: test-all ROC 0.7252 PR 0.5209 | unseen ROC 0.4935 PR 0.0441 | valAUC 0.9889 | tau+ 0.500
[OUTPOST-v4] epoch 67: test-all ROC 0.7229 PR 0.5184 | unseen ROC 0.4901 PR 0.0448 | valAUC 0.9874 | tau+ 0.500
[OUTPOST-v4] epoch 68: test-all ROC 0.7230 PR 0.5200 | unseen ROC 0.4896 PR 0.0440 | valAUC 0.9923 | tau+ 0.500
[OUTPOST-v4] epoch 69: test-all ROC 0.7338 PR 0.5194 | unseen ROC 0.5113 PR 0.0454 | valAUC 0.9879 | tau+ 0.500
[OUTPOST-v4] epoch 70: test-all ROC 0.7396 PR 0.5261 | unseen ROC 0.5213 PR 0.0468 | valAUC 0.9860 | tau+ 0.500
[OUTPOST-v4] epoch 71: test-all ROC 0.7458 PR 0.5256 | unseen ROC 0.5316 PR 0.0484 | valAUC 0.9899 | tau+ 0.500
[OUTPOST-v4] epoch 72: test-all ROC 0.7511 PR 0.5303 | unseen ROC 0.5397 PR 0.0512 | valAUC 0.9865 | tau+ 0.566
[OUTPOST-v4] epoch 73: test-all ROC 0.7513 PR 0.5304 | unseen ROC 0.5410 PR 0.0494 | valAUC 0.9918 | tau+ 0.500
[OUTPOST-v4] epoch 74: test-all ROC 0.7381 PR 0.5268 | unseen ROC 0.5169 PR 0.0490 | valAUC 0.9831 | tau+ 0.500
[OUTPOST-v4] epoch 75: test-all ROC 0.7385 PR 0.5254 | unseen ROC 0.5180 PR 0.0467 | valAUC 0.9850 | tau+ 0.500
[OUTPOST-v4] epoch 76: test-all ROC 0.7434 PR 0.5258 | unseen ROC 0.5292 PR 0.0481 | valAUC 0.9850 | tau+ 0.500
[OUTPOST-v4] epoch 77: test-all ROC 0.7386 PR 0.5227 | unseen ROC 0.5197 PR 0.0468 | valAUC 0.9899 | tau+ 0.500
[OUTPOST-v4] epoch 78: test-all ROC 0.7420 PR 0.5258 | unseen ROC 0.5254 PR 0.0465 | valAUC 0.9899 | tau+ 0.500
[OUTPOST-v4] epoch 79: test-all ROC 0.7556 PR 0.5333 | unseen ROC 0.5494 PR 0.0500 | valAUC 0.9908 | tau+ 0.500
[OUTPOST-v4] epoch 80: test-all ROC 0.7653 PR 0.5354 | unseen ROC 0.5670 PR 0.0519 | valAUC 0.9836 | tau+ 0.506
[OUTPOST-v4] epoch 81: test-all ROC 0.7714 PR 0.5364 | unseen ROC 0.5780 PR 0.0524 | valAUC 0.9903 | tau+ 0.614
[OUTPOST-v4] epoch 82: test-all ROC 0.7692 PR 0.5384 | unseen ROC 0.5731 PR 0.0533 | valAUC 0.9812 | tau+ 0.500
[OUTPOST-v4] epoch 83: test-all ROC 0.7565 PR 0.5315 | unseen ROC 0.5521 PR 0.0500 | valAUC 0.9903 | tau+ 0.500
[OUTPOST-v4] epoch 84: test-all ROC 0.7562 PR 0.5341 | unseen ROC 0.5516 PR 0.0506 | valAUC 0.9918 | tau+ 0.500
[OUTPOST-v4] epoch 85: test-all ROC 0.7565 PR 0.5320 | unseen ROC 0.5522 PR 0.0515 | valAUC 0.9913 | tau+ 0.500
[OUTPOST-v4] epoch 86: test-all ROC 0.7602 PR 0.5332 | unseen ROC 0.5584 PR 0.0516 | valAUC 0.9932 | tau+ 0.500
[OUTPOST-v4] epoch 87: test-all ROC 0.7707 PR 0.5365 | unseen ROC 0.5775 PR 0.0538 | valAUC 0.9812 | tau+ 0.500
[OUTPOST-v4] epoch 88: test-all ROC 0.7714 PR 0.5386 | unseen ROC 0.5793 PR 0.0530 | valAUC 0.9879 | tau+ 0.500
[OUTPOST-v4] epoch 89: test-all ROC 0.7789 PR 0.5420 | unseen ROC 0.5920 PR 0.0547 | valAUC 0.9845 | tau+ 0.500
[OUTPOST-v4] epoch 90: test-all ROC 0.7833 PR 0.5413 | unseen ROC 0.6005 PR 0.0558 | valAUC 0.9870 | tau+ 0.500
[OUTPOST-v4] epoch 91: test-all ROC 0.7898 PR 0.5450 | unseen ROC 0.6119 PR 0.0590 | valAUC 0.9889 | tau+ 0.500
[OUTPOST-v4] epoch 92: test-all ROC 0.7799 PR 0.5414 | unseen ROC 0.5943 PR 0.0554 | valAUC 0.9903 | tau+ 0.500
[OUTPOST-v4] epoch 93: test-all ROC 0.7746 PR 0.5396 | unseen ROC 0.5845 PR 0.0551 | valAUC 0.9855 | tau+ 0.500
[OUTPOST-v4] epoch 94: test-all ROC 0.7766 PR 0.5400 | unseen ROC 0.5885 PR 0.0546 | valAUC 0.9913 | tau+ 0.500
[OUTPOST-v4] epoch 95: test-all ROC 0.7738 PR 0.5399 | unseen ROC 0.5838 PR 0.0557 | valAUC 0.9884 | tau+ 0.500
[OUTPOST-v4] epoch 96: test-all ROC 0.7715 PR 0.5382 | unseen ROC 0.5775 PR 0.0562 | valAUC 0.9899 | tau+ 0.500
[OUTPOST-v4] epoch 97: test-all ROC 0.7760 PR 0.5387 | unseen ROC 0.5886 PR 0.0562 | valAUC 0.9903 | tau+ 0.500
[OUTPOST-v4] epoch 98: test-all ROC 0.7799 PR 0.5430 | unseen ROC 0.5942 PR 0.0564 | valAUC 0.9879 | tau+ 0.500
[OUTPOST-v4] epoch 99: test-all ROC 0.7793 PR 0.5391 | unseen ROC 0.5936 PR 0.0558 | valAUC 0.9879 | tau+ 0.500
[OUTPOST-v4] epoch 100: test-all ROC 0.7848 PR 0.5434 | unseen ROC 0.6028 PR 0.0569 | valAUC 0.9879 | tau+ 0.500
[OUTPOST-v4] epoch 101: test-all ROC 0.7855 PR 0.5438 | unseen ROC 0.6039 PR 0.0567 | valAUC 0.9836 | tau+ 0.635
[OUTPOST-v4] epoch 102: test-all ROC 0.7877 PR 0.5426 | unseen ROC 0.6090 PR 0.0569 | valAUC 0.9826 | tau+ 0.529
[OUTPOST-v4] epoch 103: test-all ROC 0.7829 PR 0.5443 | unseen ROC 0.5996 PR 0.0568 | valAUC 0.9894 | tau+ 0.580
[OUTPOST-v4] epoch 104: test-all ROC 0.7833 PR 0.5402 | unseen ROC 0.6015 PR 0.0556 | valAUC 0.9874 | tau+ 0.500
[OUTPOST-v4] epoch 105: test-all ROC 0.7703 PR 0.5406 | unseen ROC 0.5763 PR 0.0531 | valAUC 0.9884 | tau+ 0.500
[OUTPOST-v4] epoch 106: test-all ROC 0.7725 PR 0.5394 | unseen ROC 0.5803 PR 0.0545 | valAUC 0.9884 | tau+ 0.500
[OUTPOST-v4] epoch 107: test-all ROC 0.7774 PR 0.5406 | unseen ROC 0.5906 PR 0.0544 | valAUC 0.9879 | tau+ 0.500
[OUTPOST-v4] epoch 108: test-all ROC 0.7811 PR 0.5425 | unseen ROC 0.5970 PR 0.0582 | valAUC 0.9889 | tau+ 0.500
[OUTPOST-v4] epoch 109: test-all ROC 0.7877 PR 0.5440 | unseen ROC 0.6090 PR 0.0566 | valAUC 0.9860 | tau+ 0.500
[OUTPOST-v4] epoch 110: test-all ROC 0.7860 PR 0.5435 | unseen ROC 0.6066 PR 0.0564 | valAUC 0.9899 | tau+ 0.666
[OUTPOST-v4] epoch 111: test-all ROC 0.7911 PR 0.5419 | unseen ROC 0.6156 PR 0.0582 | valAUC 0.9913 | tau+ 0.601
[OUTPOST-v4] epoch 112: test-all ROC 0.7928 PR 0.5478 | unseen ROC 0.6178 PR 0.0606 | valAUC 0.9850 | tau+ 0.500
[OUTPOST-v4] epoch 113: test-all ROC 0.7886 PR 0.5474 | unseen ROC 0.6108 PR 0.0600 | valAUC 0.9899 | tau+ 0.500
[OUTPOST-v4] epoch 114: test-all ROC 0.7844 PR 0.5455 | unseen ROC 0.6051 PR 0.0616 | valAUC 0.9894 | tau+ 0.500
[OUTPOST-v4] epoch 115: test-all ROC 0.7857 PR 0.5443 | unseen ROC 0.6058 PR 0.0575 | valAUC 0.9836 | tau+ 0.500
[OUTPOST-v4] epoch 116: test-all ROC 0.7983 PR 0.5518 | unseen ROC 0.6299 PR 0.0608 | valAUC 0.9928 | tau+ 0.500
[OUTPOST-v4] epoch 117: test-all ROC 0.7941 PR 0.5498 | unseen ROC 0.6206 PR 0.0614 | valAUC 0.9884 | tau+ 0.500
[OUTPOST-v4] epoch 118: test-all ROC 0.7949 PR 0.5459 | unseen ROC 0.6216 PR 0.0605 | valAUC 0.9899 | tau+ 0.535
[OUTPOST-v4] epoch 119: test-all ROC 0.7940 PR 0.5481 | unseen ROC 0.6220 PR 0.0604 | valAUC 0.9783 | tau+ 0.500
[OUTPOST-v4] epoch 120: test-all ROC 0.7920 PR 0.5486 | unseen ROC 0.6181 PR 0.0594 | valAUC 0.9865 | tau+ 0.500
[OUTPOST-v4] epoch 121: test-all ROC 0.7888 PR 0.5480 | unseen ROC 0.6110 PR 0.0592 | valAUC 0.9894 | tau+ 0.500
[OUTPOST-v4] epoch 122: test-all ROC 0.7915 PR 0.5493 | unseen ROC 0.6174 PR 0.0606 | valAUC 0.9879 | tau+ 0.500
[OUTPOST-v4] epoch 123: test-all ROC 0.7964 PR 0.5485 | unseen ROC 0.6253 PR 0.0604 | valAUC 0.9884 | tau+ 0.500
[OUTPOST-v4] epoch 124: test-all ROC 0.7898 PR 0.5469 | unseen ROC 0.6132 PR 0.0606 | valAUC 0.9879 | tau+ 0.500
[OUTPOST-v4] epoch 125: test-all ROC 0.7928 PR 0.5477 | unseen ROC 0.6186 PR 0.0595 | valAUC 0.9884 | tau+ 0.500
[OUTPOST-v4] epoch 126: test-all ROC 0.7879 PR 0.5441 | unseen ROC 0.6100 PR 0.0581 | valAUC 0.9860 | tau+ 0.500
[OUTPOST-v4] epoch 127: test-all ROC 0.7897 PR 0.5485 | unseen ROC 0.6132 PR 0.0601 | valAUC 0.9850 | tau+ 0.500
[OUTPOST-v4] epoch 128: test-all ROC 0.7825 PR 0.5431 | unseen ROC 0.6006 PR 0.0591 | valAUC 0.9874 | tau+ 0.500
[OUTPOST-v4] epoch 129: test-all ROC 0.7848 PR 0.5447 | unseen ROC 0.6055 PR 0.0577 | valAUC 0.9874 | tau+ 0.500
[OUTPOST-v4] epoch 130: test-all ROC 0.7891 PR 0.5400 | unseen ROC 0.6111 PR 0.0581 | valAUC 0.9845 | tau+ 0.500
[OUTPOST-v4] epoch 131: test-all ROC 0.7883 PR 0.5458 | unseen ROC 0.6105 PR 0.0583 | valAUC 0.9841 | tau+ 0.500
[OUTPOST-v4] epoch 132: test-all ROC 0.7957 PR 0.5507 | unseen ROC 0.6225 PR 0.0608 | valAUC 0.9889 | tau+ 0.534
[OUTPOST-v4] epoch 133: test-all ROC 0.7910 PR 0.5476 | unseen ROC 0.6151 PR 0.0582 | valAUC 0.9845 | tau+ 0.716
[OUTPOST-v4] epoch 134: test-all ROC 0.7943 PR 0.5471 | unseen ROC 0.6209 PR 0.0603 | valAUC 0.9845 | tau+ 0.500
[OUTPOST-v4] epoch 135: test-all ROC 0.7934 PR 0.5492 | unseen ROC 0.6195 PR 0.0611 | valAUC 0.9923 | tau+ 0.611
[OUTPOST-v4] epoch 136: test-all ROC 0.7940 PR 0.5508 | unseen ROC 0.6209 PR 0.0616 | valAUC 0.9894 | tau+ 0.574
[OUTPOST-v4] epoch 137: test-all ROC 0.7939 PR 0.5500 | unseen ROC 0.6223 PR 0.0604 | valAUC 0.9787 | tau+ 0.500
[OUTPOST-v4] epoch 138: test-all ROC 0.7977 PR 0.5534 | unseen ROC 0.6273 PR 0.0629 | valAUC 0.9850 | tau+ 0.500
[OUTPOST-v4] epoch 139: test-all ROC 0.8063 PR 0.5535 | unseen ROC 0.6449 PR 0.0636 | valAUC 0.9884 | tau+ 0.678
[OUTPOST-v4] epoch 140: test-all ROC 0.8129 PR 0.5603 | unseen ROC 0.6549 PR 0.0656 | valAUC 0.9850 | tau+ 0.529
[OUTPOST-v4] epoch 141: test-all ROC 0.8029 PR 0.5537 | unseen ROC 0.6372 PR 0.0649 | valAUC 0.9831 | tau+ 0.558
[OUTPOST-v4] epoch 142: test-all ROC 0.7960 PR 0.5527 | unseen ROC 0.6253 PR 0.0637 | valAUC 0.9903 | tau+ 0.500
[OUTPOST-v4] epoch 143: test-all ROC 0.7941 PR 0.5508 | unseen ROC 0.6224 PR 0.0599 | valAUC 0.9879 | tau+ 0.500
[OUTPOST-v4] epoch 144: test-all ROC 0.8049 PR 0.5542 | unseen ROC 0.6422 PR 0.0656 | valAUC 0.9903 | tau+ 0.500
[OUTPOST-v4] epoch 145: test-all ROC 0.8083 PR 0.5560 | unseen ROC 0.6486 PR 0.0650 | valAUC 0.9884 | tau+ 0.500
[OUTPOST-v4] epoch 146: test-all ROC 0.8115 PR 0.5585 | unseen ROC 0.6518 PR 0.0654 | valAUC 0.9865 | tau+ 0.500
[OUTPOST-v4] epoch 147: test-all ROC 0.8186 PR 0.5616 | unseen ROC 0.6656 PR 0.0690 | valAUC 0.9889 | tau+ 0.500
[OUTPOST-v4] epoch 148: test-all ROC 0.8087 PR 0.5597 | unseen ROC 0.6490 PR 0.0679 | valAUC 0.9884 | tau+ 0.500
[OUTPOST-v4] epoch 149: test-all ROC 0.8052 PR 0.5577 | unseen ROC 0.6411 PR 0.0665 | valAUC 0.9894 | tau+ 0.500
[OUTPOST-v4] epoch 150: test-all ROC 0.8085 PR 0.5587 | unseen ROC 0.6478 PR 0.0680 | valAUC 0.9903 | tau+ 0.500
[OUTPOST-v4] epoch 151: test-all ROC 0.8099 PR 0.5589 | unseen ROC 0.6492 PR 0.0663 | valAUC 0.9889 | tau+ 0.684
[OUTPOST-v4] epoch 152: test-all ROC 0.8101 PR 0.5584 | unseen ROC 0.6499 PR 0.0669 | valAUC 0.9836 | tau+ 0.500
[OUTPOST-v4] epoch 153: test-all ROC 0.8127 PR 0.5594 | unseen ROC 0.6575 PR 0.0668 | valAUC 0.9850 | tau+ 0.688
[OUTPOST-v4] epoch 154: test-all ROC 0.8132 PR 0.5595 | unseen ROC 0.6561 PR 0.0658 | valAUC 0.9870 | tau+ 0.715
[OUTPOST-v4] epoch 155: test-all ROC 0.7999 PR 0.5548 | unseen ROC 0.6318 PR 0.0644 | valAUC 0.9821 | tau+ 0.500
[OUTPOST-v4] epoch 156: test-all ROC 0.7960 PR 0.5516 | unseen ROC 0.6264 PR 0.0625 | valAUC 0.9874 | tau+ 0.500
[OUTPOST-v4] epoch 157: test-all ROC 0.8061 PR 0.5575 | unseen ROC 0.6449 PR 0.0661 | valAUC 0.9899 | tau+ 0.500
[OUTPOST-v4] epoch 158: test-all ROC 0.8129 PR 0.5598 | unseen ROC 0.6561 PR 0.0682 | valAUC 0.9908 | tau+ 0.500
[OUTPOST-v4] epoch 159: test-all ROC 0.8175 PR 0.5606 | unseen ROC 0.6664 PR 0.0680 | valAUC 0.9870 | tau+ 0.657
[OUTPOST-v4] epoch 160: test-all ROC 0.8212 PR 0.5620 | unseen ROC 0.6704 PR 0.0686 | valAUC 0.9841 | tau+ 0.857
[OUTPOST-v4] epoch 161: test-all ROC 0.8169 PR 0.5636 | unseen ROC 0.6644 PR 0.0692 | valAUC 0.9845 | tau+ 0.732
[OUTPOST-v4] epoch 162: test-all ROC 0.8307 PR 0.5671 | unseen ROC 0.6904 PR 0.0736 | valAUC 0.9836 | tau+ 0.701
[OUTPOST-v4] epoch 163: test-all ROC 0.8092 PR 0.5613 | unseen ROC 0.6498 PR 0.0693 | valAUC 0.9860 | tau+ 0.500
[OUTPOST-v4] epoch 164: test-all ROC 0.8145 PR 0.5619 | unseen ROC 0.6585 PR 0.0700 | valAUC 0.9855 | tau+ 0.500
[OUTPOST-v4] epoch 165: test-all ROC 0.8156 PR 0.5624 | unseen ROC 0.6627 PR 0.0713 | valAUC 0.9841 | tau+ 0.500
[OUTPOST-v4] epoch 166: test-all ROC 0.8075 PR 0.5586 | unseen ROC 0.6456 PR 0.0682 | valAUC 0.9903 | tau+ 0.500
[OUTPOST-v4] epoch 167: test-all ROC 0.8117 PR 0.5617 | unseen ROC 0.6545 PR 0.0678 | valAUC 0.9860 | tau+ 0.500
[OUTPOST-v4] epoch 168: test-all ROC 0.8285 PR 0.5693 | unseen ROC 0.6860 PR 0.0758 | valAUC 0.9889 | tau+ 0.500
[OUTPOST-v4] epoch 169: test-all ROC 0.8286 PR 0.5684 | unseen ROC 0.6858 PR 0.0733 | valAUC 0.9884 | tau+ 0.652
[OUTPOST-v4] epoch 170: test-all ROC 0.8186 PR 0.5652 | unseen ROC 0.6676 PR 0.0709 | valAUC 0.9874 | tau+ 0.500
[OUTPOST-v4] epoch 171: test-all ROC 0.8194 PR 0.5671 | unseen ROC 0.6667 PR 0.0704 | valAUC 0.9879 | tau+ 0.500
[OUTPOST-v4] epoch 172: test-all ROC 0.8252 PR 0.5672 | unseen ROC 0.6774 PR 0.0738 | valAUC 0.9816 | tau+ 0.624
[OUTPOST-v4] epoch 173: test-all ROC 0.8206 PR 0.5643 | unseen ROC 0.6715 PR 0.0703 | valAUC 0.9903 | tau+ 0.618
[OUTPOST-v4] epoch 174: test-all ROC 0.8137 PR 0.5625 | unseen ROC 0.6607 PR 0.0689 | valAUC 0.9845 | tau+ 0.622
[OUTPOST-v4] epoch 175: test-all ROC 0.8134 PR 0.5599 | unseen ROC 0.6591 PR 0.0670 | valAUC 0.9918 | tau+ 0.652
[OUTPOST-v4] epoch 176: test-all ROC 0.8042 PR 0.5585 | unseen ROC 0.6404 PR 0.0675 | valAUC 0.9860 | tau+ 0.590
[OUTPOST-v4] epoch 177: test-all ROC 0.8204 PR 0.5674 | unseen ROC 0.6717 PR 0.0746 | valAUC 0.9812 | tau+ 0.782
[OUTPOST-v4] epoch 178: test-all ROC 0.8234 PR 0.5676 | unseen ROC 0.6767 PR 0.0718 | valAUC 0.9889 | tau+ 0.500
[OUTPOST-v4] epoch 179: test-all ROC 0.8229 PR 0.5709 | unseen ROC 0.6750 PR 0.0747 | valAUC 0.9826 | tau+ 0.733
[OUTPOST-v4] epoch 180: test-all ROC 0.8180 PR 0.5685 | unseen ROC 0.6662 PR 0.0726 | valAUC 0.9870 | tau+ 0.618
[OUTPOST-v4] epoch 181: test-all ROC 0.8335 PR 0.5755 | unseen ROC 0.6953 PR 0.0773 | valAUC 0.9845 | tau+ 0.500
[OUTPOST-v4] epoch 182: test-all ROC 0.8267 PR 0.5732 | unseen ROC 0.6806 PR 0.0744 | valAUC 0.9860 | tau+ 0.500
[OUTPOST-v4] epoch 183: test-all ROC 0.8201 PR 0.5669 | unseen ROC 0.6692 PR 0.0720 | valAUC 0.9899 | tau+ 0.500
[OUTPOST-v4] epoch 184: test-all ROC 0.8249 PR 0.5721 | unseen ROC 0.6785 PR 0.0755 | valAUC 0.9812 | tau+ 0.549
[OUTPOST-v4] epoch 185: test-all ROC 0.8293 PR 0.5732 | unseen ROC 0.6876 PR 0.0749 | valAUC 0.9826 | tau+ 0.500
[OUTPOST-v4] epoch 186: test-all ROC 0.8312 PR 0.5733 | unseen ROC 0.6906 PR 0.0756 | valAUC 0.9850 | tau+ 0.500
[OUTPOST-v4] epoch 187: test-all ROC 0.8273 PR 0.5724 | unseen ROC 0.6837 PR 0.0764 | valAUC 0.9850 | tau+ 0.500
[OUTPOST-v4] epoch 188: test-all ROC 0.8270 PR 0.5695 | unseen ROC 0.6841 PR 0.0731 | valAUC 0.9812 | tau+ 0.590
[OUTPOST-v4] epoch 189: test-all ROC 0.8274 PR 0.5712 | unseen ROC 0.6854 PR 0.0763 | valAUC 0.9797 | tau+ 0.500
[OUTPOST-v4] epoch 190: test-all ROC 0.8341 PR 0.5756 | unseen ROC 0.6958 PR 0.0765 | valAUC 0.9841 | tau+ 0.500
[OUTPOST-v4] epoch 191: test-all ROC 0.8350 PR 0.5738 | unseen ROC 0.6980 PR 0.0760 | valAUC 0.9807 | tau+ 0.500
[OUTPOST-v4] epoch 192: test-all ROC 0.8301 PR 0.5750 | unseen ROC 0.6899 PR 0.0769 | valAUC 0.9874 | tau+ 0.500
[OUTPOST-v4] epoch 193: test-all ROC 0.8331 PR 0.5747 | unseen ROC 0.6941 PR 0.0770 | valAUC 0.9773 | tau+ 0.570
[OUTPOST-v4] epoch 194: test-all ROC 0.8262 PR 0.5705 | unseen ROC 0.6837 PR 0.0757 | valAUC 0.9855 | tau+ 0.729
[OUTPOST-v4] epoch 195: test-all ROC 0.8352 PR 0.5756 | unseen ROC 0.6980 PR 0.0774 | valAUC 0.9855 | tau+ 0.690
[OUTPOST-v4] epoch 196: test-all ROC 0.8307 PR 0.5746 | unseen ROC 0.6908 PR 0.0762 | valAUC 0.9802 | tau+ 0.767
[OUTPOST-v4] epoch 197: test-all ROC 0.8317 PR 0.5762 | unseen ROC 0.6924 PR 0.0784 | valAUC 0.9812 | tau+ 0.500
[OUTPOST-v4] epoch 198: test-all ROC 0.8370 PR 0.5778 | unseen ROC 0.7025 PR 0.0803 | valAUC 0.9836 | tau+ 0.500
[OUTPOST-v4] epoch 199: test-all ROC 0.8371 PR 0.5780 | unseen ROC 0.7009 PR 0.0811 | valAUC 0.9836 | tau+ 0.527
  rotation 0: ROC 0.8371 PR 0.5780
Normal classes: [1, 2, 3, 4, 5, 6] in photo
Building multi-layer GraphSage
[OUTPOST-v4] epoch 0: test-all ROC 0.6549 PR 0.1370 | unseen ROC 0.8224 PR 0.1478 | valAUC 0.3130 | tau+ 0.500
[OUTPOST-v4] epoch 1: test-all ROC 0.6529 PR 0.1362 | unseen ROC 0.8103 PR 0.1449 | valAUC 0.3275 | tau+ 0.500
[OUTPOST-v4] epoch 2: test-all ROC 0.6642 PR 0.1439 | unseen ROC 0.8340 PR 0.1582 | valAUC 0.3546 | tau+ 0.500
[OUTPOST-v4] epoch 3: test-all ROC 0.6625 PR 0.1468 | unseen ROC 0.8362 PR 0.1649 | valAUC 0.3536 | tau+ 0.500
[OUTPOST-v4] epoch 4: test-all ROC 0.6637 PR 0.1453 | unseen ROC 0.8388 PR 0.1623 | valAUC 0.3758 | tau+ 0.500
[OUTPOST-v4] epoch 5: test-all ROC 0.6659 PR 0.1458 | unseen ROC 0.8383 PR 0.1621 | valAUC 0.3638 | tau+ 0.500
[OUTPOST-v4] epoch 6: test-all ROC 0.6625 PR 0.1454 | unseen ROC 0.8379 PR 0.1632 | valAUC 0.3754 | tau+ 0.500
[OUTPOST-v4] epoch 7: test-all ROC 0.6675 PR 0.1461 | unseen ROC 0.8319 PR 0.1605 | valAUC 0.3565 | tau+ 0.500
[OUTPOST-v4] epoch 8: test-all ROC 0.6679 PR 0.1464 | unseen ROC 0.8301 PR 0.1616 | valAUC 0.3667 | tau+ 0.500
[OUTPOST-v4] epoch 9: test-all ROC 0.6647 PR 0.1453 | unseen ROC 0.8218 PR 0.1579 | valAUC 0.3720 | tau+ 0.500
[OUTPOST-v4] epoch 10: test-all ROC 0.6628 PR 0.1432 | unseen ROC 0.7940 PR 0.1494 | valAUC 0.4440 | tau+ 0.500
[OUTPOST-v4] epoch 11: test-all ROC 0.6446 PR 0.1359 | unseen ROC 0.7256 PR 0.1242 | valAUC 0.5633 | tau+ 0.500
[OUTPOST-v4] epoch 12: test-all ROC 0.6076 PR 0.1086 | unseen ROC 0.6080 PR 0.0658 | valAUC 0.6831 | tau+ 0.500
[OUTPOST-v4] epoch 13: test-all ROC 0.5737 PR 0.0980 | unseen ROC 0.5207 PR 0.0505 | valAUC 0.7469 | tau+ 0.500
[OUTPOST-v4] epoch 14: test-all ROC 0.5529 PR 0.0932 | unseen ROC 0.4788 PR 0.0463 | valAUC 0.7754 | tau+ 0.500
[OUTPOST-v4] epoch 15: test-all ROC 0.5234 PR 0.0882 | unseen ROC 0.4253 PR 0.0420 | valAUC 0.8046 | tau+ 0.500
[OUTPOST-v4] epoch 16: test-all ROC 0.4913 PR 0.0821 | unseen ROC 0.3820 PR 0.0392 | valAUC 0.7246 | tau+ 0.500
[OUTPOST-v4] epoch 17: test-all ROC 0.4861 PR 0.0819 | unseen ROC 0.3737 PR 0.0387 | valAUC 0.7667 | tau+ 0.500
[OUTPOST-v4] epoch 18: test-all ROC 0.4765 PR 0.0803 | unseen ROC 0.3593 PR 0.0378 | valAUC 0.7947 | tau+ 0.500
[OUTPOST-v4] epoch 19: test-all ROC 0.4826 PR 0.0809 | unseen ROC 0.3691 PR 0.0384 | valAUC 0.7493 | tau+ 0.500
[OUTPOST-v4] epoch 20: test-all ROC 0.4895 PR 0.0825 | unseen ROC 0.3824 PR 0.0392 | valAUC 0.7739 | tau+ 0.500
[OUTPOST-v4] epoch 21: test-all ROC 0.4866 PR 0.0810 | unseen ROC 0.3777 PR 0.0389 | valAUC 0.7923 | tau+ 0.500
[OUTPOST-v4] epoch 22: test-all ROC 0.4923 PR 0.0834 | unseen ROC 0.3828 PR 0.0392 | valAUC 0.7855 | tau+ 0.500
[OUTPOST-v4] epoch 23: test-all ROC 0.4802 PR 0.0794 | unseen ROC 0.3762 PR 0.0388 | valAUC 0.7329 | tau+ 0.500
[OUTPOST-v4] epoch 24: test-all ROC 0.4919 PR 0.0832 | unseen ROC 0.3827 PR 0.0393 | valAUC 0.7700 | tau+ 0.500
[OUTPOST-v4] epoch 25: test-all ROC 0.4860 PR 0.0810 | unseen ROC 0.3805 PR 0.0391 | valAUC 0.7667 | tau+ 0.500
[OUTPOST-v4] epoch 26: test-all ROC 0.4819 PR 0.0794 | unseen ROC 0.3795 PR 0.0391 | valAUC 0.7961 | tau+ 0.500
[OUTPOST-v4] epoch 27: test-all ROC 0.4850 PR 0.0795 | unseen ROC 0.4003 PR 0.0403 | valAUC 0.7420 | tau+ 0.500
[OUTPOST-v4] epoch 28: test-all ROC 0.4948 PR 0.0794 | unseen ROC 0.4152 PR 0.0413 | valAUC 0.7111 | tau+ 0.500
[OUTPOST-v4] epoch 29: test-all ROC 0.5016 PR 0.0824 | unseen ROC 0.4164 PR 0.0415 | valAUC 0.7464 | tau+ 0.500
[OUTPOST-v4] epoch 30: test-all ROC 0.5029 PR 0.0829 | unseen ROC 0.4196 PR 0.0416 | valAUC 0.7560 | tau+ 0.500
[OUTPOST-v4] epoch 31: test-all ROC 0.4995 PR 0.0824 | unseen ROC 0.4183 PR 0.0416 | valAUC 0.7213 | tau+ 0.500
[OUTPOST-v4] epoch 32: test-all ROC 0.5073 PR 0.0848 | unseen ROC 0.4333 PR 0.0427 | valAUC 0.7565 | tau+ 0.500
[OUTPOST-v4] epoch 33: test-all ROC 0.5102 PR 0.0867 | unseen ROC 0.4362 PR 0.0428 | valAUC 0.7551 | tau+ 0.500
[OUTPOST-v4] epoch 34: test-all ROC 0.5032 PR 0.0855 | unseen ROC 0.4250 PR 0.0419 | valAUC 0.7420 | tau+ 0.500
[OUTPOST-v4] epoch 35: test-all ROC 0.4946 PR 0.0822 | unseen ROC 0.4054 PR 0.0407 | valAUC 0.7942 | tau+ 0.500
[OUTPOST-v4] epoch 36: test-all ROC 0.5006 PR 0.0837 | unseen ROC 0.4023 PR 0.0405 | valAUC 0.7729 | tau+ 0.500
[OUTPOST-v4] epoch 37: test-all ROC 0.4977 PR 0.0839 | unseen ROC 0.3963 PR 0.0401 | valAUC 0.7850 | tau+ 0.500
[OUTPOST-v4] epoch 38: test-all ROC 0.4947 PR 0.0839 | unseen ROC 0.3853 PR 0.0394 | valAUC 0.8034 | tau+ 0.500
[OUTPOST-v4] epoch 39: test-all ROC 0.4930 PR 0.0862 | unseen ROC 0.3756 PR 0.0389 | valAUC 0.7937 | tau+ 0.500
[OUTPOST-v4] epoch 40: test-all ROC 0.4791 PR 0.0833 | unseen ROC 0.3438 PR 0.0372 | valAUC 0.7966 | tau+ 0.500
[OUTPOST-v4] epoch 41: test-all ROC 0.4716 PR 0.0813 | unseen ROC 0.3286 PR 0.0364 | valAUC 0.8174 | tau+ 0.500
[OUTPOST-v4] epoch 42: test-all ROC 0.4670 PR 0.0862 | unseen ROC 0.3052 PR 0.0354 | valAUC 0.7739 | tau+ 0.500
[OUTPOST-v4] epoch 43: test-all ROC 0.4665 PR 0.0847 | unseen ROC 0.2979 PR 0.0350 | valAUC 0.8034 | tau+ 0.500
[OUTPOST-v4] epoch 44: test-all ROC 0.4704 PR 0.0878 | unseen ROC 0.2995 PR 0.0350 | valAUC 0.8256 | tau+ 0.500
[OUTPOST-v4] epoch 45: test-all ROC 0.4849 PR 0.0995 | unseen ROC 0.3063 PR 0.0353 | valAUC 0.8227 | tau+ 0.500
[OUTPOST-v4] epoch 46: test-all ROC 0.4918 PR 0.1185 | unseen ROC 0.3074 PR 0.0354 | valAUC 0.8343 | tau+ 0.500
[OUTPOST-v4] epoch 47: test-all ROC 0.5089 PR 0.1366 | unseen ROC 0.3243 PR 0.0362 | valAUC 0.8614 | tau+ 0.500
[OUTPOST-v4] epoch 48: test-all ROC 0.5227 PR 0.1290 | unseen ROC 0.3459 PR 0.0373 | valAUC 0.8333 | tau+ 0.500
[OUTPOST-v4] epoch 49: test-all ROC 0.5353 PR 0.1277 | unseen ROC 0.3607 PR 0.0380 | valAUC 0.8879 | tau+ 0.500
[OUTPOST-v4] epoch 50: test-all ROC 0.5386 PR 0.1199 | unseen ROC 0.3555 PR 0.0378 | valAUC 0.8696 | tau+ 0.500
[OUTPOST-v4] epoch 51: test-all ROC 0.5336 PR 0.1238 | unseen ROC 0.3400 PR 0.0369 | valAUC 0.8517 | tau+ 0.500
[OUTPOST-v4] epoch 52: test-all ROC 0.5378 PR 0.1221 | unseen ROC 0.3409 PR 0.0370 | valAUC 0.9010 | tau+ 0.500
[OUTPOST-v4] epoch 53: test-all ROC 0.5433 PR 0.1316 | unseen ROC 0.3422 PR 0.0371 | valAUC 0.9043 | tau+ 0.500
[OUTPOST-v4] epoch 54: test-all ROC 0.5463 PR 0.1469 | unseen ROC 0.3338 PR 0.0366 | valAUC 0.9179 | tau+ 0.500
[OUTPOST-v4] epoch 55: test-all ROC 0.5443 PR 0.1615 | unseen ROC 0.3232 PR 0.0361 | valAUC 0.9232 | tau+ 0.500
[OUTPOST-v4] epoch 56: test-all ROC 0.5625 PR 0.1774 | unseen ROC 0.3434 PR 0.0371 | valAUC 0.9271 | tau+ 0.500
[OUTPOST-v4] epoch 57: test-all ROC 0.5796 PR 0.1915 | unseen ROC 0.3623 PR 0.0382 | valAUC 0.9290 | tau+ 0.500
[OUTPOST-v4] epoch 58: test-all ROC 0.5816 PR 0.2104 | unseen ROC 0.3580 PR 0.0380 | valAUC 0.9469 | tau+ 0.500
[OUTPOST-v4] epoch 59: test-all ROC 0.5940 PR 0.2317 | unseen ROC 0.3673 PR 0.0384 | valAUC 0.9541 | tau+ 0.500
[OUTPOST-v4] epoch 60: test-all ROC 0.5972 PR 0.2416 | unseen ROC 0.3684 PR 0.0386 | valAUC 0.9420 | tau+ 0.500
[OUTPOST-v4] epoch 61: test-all ROC 0.6014 PR 0.2562 | unseen ROC 0.3681 PR 0.0385 | valAUC 0.9696 | tau+ 0.500
[OUTPOST-v4] epoch 62: test-all ROC 0.6050 PR 0.2878 | unseen ROC 0.3697 PR 0.0386 | valAUC 0.9628 | tau+ 0.500
[OUTPOST-v4] epoch 63: test-all ROC 0.6141 PR 0.3020 | unseen ROC 0.3810 PR 0.0392 | valAUC 0.9725 | tau+ 0.500
[OUTPOST-v4] epoch 64: test-all ROC 0.6011 PR 0.3180 | unseen ROC 0.3537 PR 0.0378 | valAUC 0.9816 | tau+ 0.500
[OUTPOST-v4] epoch 65: test-all ROC 0.5956 PR 0.3274 | unseen ROC 0.3423 PR 0.0372 | valAUC 0.9783 | tau+ 0.500
[OUTPOST-v4] epoch 66: test-all ROC 0.5991 PR 0.3464 | unseen ROC 0.3435 PR 0.0372 | valAUC 0.9855 | tau+ 0.500
[OUTPOST-v4] epoch 67: test-all ROC 0.6252 PR 0.3555 | unseen ROC 0.3868 PR 0.0396 | valAUC 0.9918 | tau+ 0.500
[OUTPOST-v4] epoch 68: test-all ROC 0.6204 PR 0.3634 | unseen ROC 0.3779 PR 0.0391 | valAUC 0.9807 | tau+ 0.500
[OUTPOST-v4] epoch 69: test-all ROC 0.6074 PR 0.3597 | unseen ROC 0.3568 PR 0.0380 | valAUC 0.9836 | tau+ 0.500
[OUTPOST-v4] epoch 70: test-all ROC 0.6145 PR 0.3643 | unseen ROC 0.3664 PR 0.0385 | valAUC 0.9855 | tau+ 0.500
[OUTPOST-v4] epoch 71: test-all ROC 0.6464 PR 0.3697 | unseen ROC 0.4206 PR 0.0419 | valAUC 0.9744 | tau+ 0.500
[OUTPOST-v4] epoch 72: test-all ROC 0.6608 PR 0.3753 | unseen ROC 0.4438 PR 0.0435 | valAUC 0.9792 | tau+ 0.500
[OUTPOST-v4] epoch 73: test-all ROC 0.6530 PR 0.3718 | unseen ROC 0.4310 PR 0.0427 | valAUC 0.9884 | tau+ 0.500
[OUTPOST-v4] epoch 74: test-all ROC 0.6636 PR 0.3795 | unseen ROC 0.4495 PR 0.0440 | valAUC 0.9836 | tau+ 0.500
[OUTPOST-v4] epoch 75: test-all ROC 0.6748 PR 0.3796 | unseen ROC 0.4670 PR 0.0452 | valAUC 0.9787 | tau+ 0.500
[OUTPOST-v4] epoch 76: test-all ROC 0.6857 PR 0.3829 | unseen ROC 0.4867 PR 0.0469 | valAUC 0.9802 | tau+ 0.500
[OUTPOST-v4] epoch 77: test-all ROC 0.6729 PR 0.3819 | unseen ROC 0.4634 PR 0.0450 | valAUC 0.9865 | tau+ 0.500
[OUTPOST-v4] epoch 78: test-all ROC 0.6647 PR 0.3832 | unseen ROC 0.4481 PR 0.0438 | valAUC 0.9841 | tau+ 0.500
[OUTPOST-v4] epoch 79: test-all ROC 0.6652 PR 0.3869 | unseen ROC 0.4493 PR 0.0439 | valAUC 0.9807 | tau+ 0.500
[OUTPOST-v4] epoch 80: test-all ROC 0.6846 PR 0.3892 | unseen ROC 0.4822 PR 0.0465 | valAUC 0.9816 | tau+ 0.500
[OUTPOST-v4] epoch 81: test-all ROC 0.6743 PR 0.3900 | unseen ROC 0.4639 PR 0.0450 | valAUC 0.9778 | tau+ 0.500
[OUTPOST-v4] epoch 82: test-all ROC 0.6520 PR 0.3838 | unseen ROC 0.4258 PR 0.0422 | valAUC 0.9870 | tau+ 0.500
[OUTPOST-v4] epoch 83: test-all ROC 0.6851 PR 0.3959 | unseen ROC 0.4826 PR 0.0464 | valAUC 0.9879 | tau+ 0.500
[OUTPOST-v4] epoch 84: test-all ROC 0.7045 PR 0.3976 | unseen ROC 0.5165 PR 0.0494 | valAUC 0.9797 | tau+ 0.500
[OUTPOST-v4] epoch 85: test-all ROC 0.7035 PR 0.3985 | unseen ROC 0.5124 PR 0.0490 | valAUC 0.9802 | tau+ 0.500
[OUTPOST-v4] epoch 86: test-all ROC 0.6754 PR 0.3956 | unseen ROC 0.4664 PR 0.0452 | valAUC 0.9821 | tau+ 0.500
[OUTPOST-v4] epoch 87: test-all ROC 0.6966 PR 0.3999 | unseen ROC 0.5012 PR 0.0480 | valAUC 0.9874 | tau+ 0.500
[OUTPOST-v4] epoch 88: test-all ROC 0.7158 PR 0.3950 | unseen ROC 0.5344 PR 0.0512 | valAUC 0.9816 | tau+ 0.500
[OUTPOST-v4] epoch 89: test-all ROC 0.7031 PR 0.4014 | unseen ROC 0.5125 PR 0.0491 | valAUC 0.9841 | tau+ 0.500
[OUTPOST-v4] epoch 90: test-all ROC 0.6984 PR 0.3955 | unseen ROC 0.5063 PR 0.0485 | valAUC 0.9812 | tau+ 0.500
[OUTPOST-v4] epoch 91: test-all ROC 0.7201 PR 0.3995 | unseen ROC 0.5426 PR 0.0520 | valAUC 0.9802 | tau+ 0.500
[OUTPOST-v4] epoch 92: test-all ROC 0.7434 PR 0.4073 | unseen ROC 0.5818 PR 0.0568 | valAUC 0.9778 | tau+ 0.500
[OUTPOST-v4] epoch 93: test-all ROC 0.7443 PR 0.4092 | unseen ROC 0.5847 PR 0.0571 | valAUC 0.9768 | tau+ 0.500
[OUTPOST-v4] epoch 94: test-all ROC 0.7366 PR 0.4060 | unseen ROC 0.5716 PR 0.0554 | valAUC 0.9734 | tau+ 0.500
[OUTPOST-v4] epoch 95: test-all ROC 0.7509 PR 0.4105 | unseen ROC 0.5950 PR 0.0585 | valAUC 0.9778 | tau+ 0.500
[OUTPOST-v4] epoch 96: test-all ROC 0.7589 PR 0.4145 | unseen ROC 0.6085 PR 0.0605 | valAUC 0.9691 | tau+ 0.500
[OUTPOST-v4] epoch 97: test-all ROC 0.7659 PR 0.4172 | unseen ROC 0.6201 PR 0.0623 | valAUC 0.9754 | tau+ 0.500
[OUTPOST-v4] epoch 98: test-all ROC 0.7479 PR 0.4166 | unseen ROC 0.5897 PR 0.0580 | valAUC 0.9729 | tau+ 0.500
[OUTPOST-v4] epoch 99: test-all ROC 0.7317 PR 0.4111 | unseen ROC 0.5615 PR 0.0545 | valAUC 0.9725 | tau+ 0.642
[OUTPOST-v4] epoch 100: test-all ROC 0.7467 PR 0.4154 | unseen ROC 0.5876 PR 0.0579 | valAUC 0.9783 | tau+ 0.500
[OUTPOST-v4] epoch 101: test-all ROC 0.7699 PR 0.4286 | unseen ROC 0.6255 PR 0.0640 | valAUC 0.9768 | tau+ 0.500
[OUTPOST-v4] epoch 102: test-all ROC 0.7609 PR 0.4185 | unseen ROC 0.6108 PR 0.0615 | valAUC 0.9710 | tau+ 0.500
[OUTPOST-v4] epoch 103: test-all ROC 0.7463 PR 0.4190 | unseen ROC 0.5859 PR 0.0578 | valAUC 0.9739 | tau+ 0.537
[OUTPOST-v4] epoch 104: test-all ROC 0.7287 PR 0.4160 | unseen ROC 0.5568 PR 0.0540 | valAUC 0.9812 | tau+ 0.500
[OUTPOST-v4] epoch 105: test-all ROC 0.7419 PR 0.4145 | unseen ROC 0.5783 PR 0.0567 | valAUC 0.9754 | tau+ 0.595
[OUTPOST-v4] epoch 106: test-all ROC 0.7638 PR 0.4289 | unseen ROC 0.6142 PR 0.0618 | valAUC 0.9807 | tau+ 0.500
[OUTPOST-v4] epoch 107: test-all ROC 0.7676 PR 0.4351 | unseen ROC 0.6217 PR 0.0631 | valAUC 0.9739 | tau+ 0.500
[OUTPOST-v4] epoch 108: test-all ROC 0.7715 PR 0.4320 | unseen ROC 0.6272 PR 0.0640 | valAUC 0.9705 | tau+ 0.500
[OUTPOST-v4] epoch 109: test-all ROC 0.7584 PR 0.4284 | unseen ROC 0.6053 PR 0.0606 | valAUC 0.9729 | tau+ 0.500
[OUTPOST-v4] epoch 110: test-all ROC 0.7589 PR 0.4326 | unseen ROC 0.6050 PR 0.0605 | valAUC 0.9826 | tau+ 0.500
[OUTPOST-v4] epoch 111: test-all ROC 0.7659 PR 0.4301 | unseen ROC 0.6185 PR 0.0630 | valAUC 0.9845 | tau+ 0.500
[OUTPOST-v4] epoch 112: test-all ROC 0.7974 PR 0.4477 | unseen ROC 0.6714 PR 0.0736 | valAUC 0.9657 | tau+ 0.500
[OUTPOST-v4] epoch 113: test-all ROC 0.8078 PR 0.4532 | unseen ROC 0.6910 PR 0.0779 | valAUC 0.9662 | tau+ 0.500
[OUTPOST-v4] epoch 114: test-all ROC 0.7973 PR 0.4448 | unseen ROC 0.6740 PR 0.0739 | valAUC 0.9720 | tau+ 0.500
[OUTPOST-v4] epoch 115: test-all ROC 0.7804 PR 0.4414 | unseen ROC 0.6447 PR 0.0679 | valAUC 0.9710 | tau+ 0.500
[OUTPOST-v4] epoch 116: test-all ROC 0.7834 PR 0.4413 | unseen ROC 0.6487 PR 0.0686 | valAUC 0.9763 | tau+ 0.584
[OUTPOST-v4] epoch 117: test-all ROC 0.7969 PR 0.4490 | unseen ROC 0.6721 PR 0.0744 | valAUC 0.9773 | tau+ 0.500
[OUTPOST-v4] epoch 118: test-all ROC 0.8093 PR 0.4497 | unseen ROC 0.6955 PR 0.0795 | valAUC 0.9686 | tau+ 0.500
[OUTPOST-v4] epoch 119: test-all ROC 0.7925 PR 0.4495 | unseen ROC 0.6631 PR 0.0722 | valAUC 0.9821 | tau+ 0.500
[OUTPOST-v4] epoch 120: test-all ROC 0.7631 PR 0.4371 | unseen ROC 0.6121 PR 0.0619 | valAUC 0.9812 | tau+ 0.500
[OUTPOST-v4] epoch 121: test-all ROC 0.7462 PR 0.4311 | unseen ROC 0.5841 PR 0.0576 | valAUC 0.9836 | tau+ 0.615
[OUTPOST-v4] epoch 122: test-all ROC 0.7425 PR 0.4307 | unseen ROC 0.5765 PR 0.0564 | valAUC 0.9816 | tau+ 0.707
[OUTPOST-v4] epoch 123: test-all ROC 0.7705 PR 0.4376 | unseen ROC 0.6261 PR 0.0639 | valAUC 0.9792 | tau+ 0.500
[OUTPOST-v4] epoch 124: test-all ROC 0.7922 PR 0.4497 | unseen ROC 0.6616 PR 0.0709 | valAUC 0.9812 | tau+ 0.500
[OUTPOST-v4] epoch 125: test-all ROC 0.8108 PR 0.4559 | unseen ROC 0.6949 PR 0.0787 | valAUC 0.9700 | tau+ 0.500
[OUTPOST-v4] epoch 126: test-all ROC 0.8037 PR 0.4518 | unseen ROC 0.6850 PR 0.0760 | valAUC 0.9763 | tau+ 0.500
[OUTPOST-v4] epoch 127: test-all ROC 0.7821 PR 0.4422 | unseen ROC 0.6449 PR 0.0668 | valAUC 0.9739 | tau+ 0.500
[OUTPOST-v4] epoch 128: test-all ROC 0.7682 PR 0.4402 | unseen ROC 0.6200 PR 0.0627 | valAUC 0.9778 | tau+ 0.500
[OUTPOST-v4] epoch 129: test-all ROC 0.7699 PR 0.4382 | unseen ROC 0.6266 PR 0.0639 | valAUC 0.9778 | tau+ 0.542
[OUTPOST-v4] epoch 130: test-all ROC 0.7845 PR 0.4421 | unseen ROC 0.6506 PR 0.0685 | valAUC 0.9623 | tau+ 0.500
[OUTPOST-v4] epoch 131: test-all ROC 0.7884 PR 0.4432 | unseen ROC 0.6579 PR 0.0699 | valAUC 0.9696 | tau+ 0.500
[OUTPOST-v4] epoch 132: test-all ROC 0.7838 PR 0.4473 | unseen ROC 0.6483 PR 0.0682 | valAUC 0.9739 | tau+ 0.500
[OUTPOST-v4] epoch 133: test-all ROC 0.7561 PR 0.4323 | unseen ROC 0.6038 PR 0.0604 | valAUC 0.9676 | tau+ 0.500
[OUTPOST-v4] epoch 134: test-all ROC 0.7502 PR 0.4306 | unseen ROC 0.5926 PR 0.0586 | valAUC 0.9802 | tau+ 0.500
[OUTPOST-v4] epoch 135: test-all ROC 0.7707 PR 0.4396 | unseen ROC 0.6250 PR 0.0638 | valAUC 0.9836 | tau+ 0.500
[OUTPOST-v4] epoch 136: test-all ROC 0.7742 PR 0.4358 | unseen ROC 0.6328 PR 0.0651 | valAUC 0.9729 | tau+ 0.500
[OUTPOST-v4] epoch 137: test-all ROC 0.7660 PR 0.4329 | unseen ROC 0.6205 PR 0.0630 | valAUC 0.9787 | tau+ 0.500
[OUTPOST-v4] epoch 138: test-all ROC 0.7413 PR 0.4295 | unseen ROC 0.5773 PR 0.0564 | valAUC 0.9850 | tau+ 0.500
[OUTPOST-v4] epoch 139: test-all ROC 0.7361 PR 0.4233 | unseen ROC 0.5683 PR 0.0552 | valAUC 0.9821 | tau+ 0.567
[OUTPOST-v4] epoch 140: test-all ROC 0.7725 PR 0.4375 | unseen ROC 0.6294 PR 0.0644 | valAUC 0.9667 | tau+ 0.500
[OUTPOST-v4] epoch 141: test-all ROC 0.7984 PR 0.4535 | unseen ROC 0.6735 PR 0.0737 | valAUC 0.9802 | tau+ 0.500
[OUTPOST-v4] epoch 142: test-all ROC 0.8109 PR 0.4552 | unseen ROC 0.6970 PR 0.0795 | valAUC 0.9609 | tau+ 0.500
[OUTPOST-v4] epoch 143: test-all ROC 0.7972 PR 0.4512 | unseen ROC 0.6720 PR 0.0728 | valAUC 0.9710 | tau+ 0.500
[OUTPOST-v4] epoch 144: test-all ROC 0.7819 PR 0.4457 | unseen ROC 0.6447 PR 0.0673 | valAUC 0.9821 | tau+ 0.500
[OUTPOST-v4] epoch 145: test-all ROC 0.7690 PR 0.4410 | unseen ROC 0.6231 PR 0.0637 | valAUC 0.9754 | tau+ 0.675
[OUTPOST-v4] epoch 146: test-all ROC 0.7686 PR 0.4437 | unseen ROC 0.6230 PR 0.0640 | valAUC 0.9768 | tau+ 0.511
[OUTPOST-v4] epoch 147: test-all ROC 0.7801 PR 0.4448 | unseen ROC 0.6449 PR 0.0682 | valAUC 0.9720 | tau+ 0.500
[OUTPOST-v4] epoch 148: test-all ROC 0.7848 PR 0.4473 | unseen ROC 0.6541 PR 0.0709 | valAUC 0.9623 | tau+ 0.500
[OUTPOST-v4] epoch 149: test-all ROC 0.7929 PR 0.4490 | unseen ROC 0.6675 PR 0.0728 | valAUC 0.9662 | tau+ 0.500
[OUTPOST-v4] epoch 150: test-all ROC 0.7918 PR 0.4422 | unseen ROC 0.6651 PR 0.0716 | valAUC 0.9614 | tau+ 0.500
[OUTPOST-v4] epoch 151: test-all ROC 0.7748 PR 0.4380 | unseen ROC 0.6350 PR 0.0658 | valAUC 0.9729 | tau+ 0.500
[OUTPOST-v4] epoch 152: test-all ROC 0.7629 PR 0.4392 | unseen ROC 0.6146 PR 0.0622 | valAUC 0.9787 | tau+ 0.618
[OUTPOST-v4] epoch 153: test-all ROC 0.7731 PR 0.4384 | unseen ROC 0.6335 PR 0.0652 | valAUC 0.9633 | tau+ 0.610
[OUTPOST-v4] epoch 154: test-all ROC 0.7792 PR 0.4396 | unseen ROC 0.6430 PR 0.0671 | valAUC 0.9696 | tau+ 0.500
[OUTPOST-v4] epoch 155: test-all ROC 0.7905 PR 0.4491 | unseen ROC 0.6599 PR 0.0701 | valAUC 0.9657 | tau+ 0.509
[OUTPOST-v4] epoch 156: test-all ROC 0.7969 PR 0.4397 | unseen ROC 0.6736 PR 0.0728 | valAUC 0.9686 | tau+ 0.500
[OUTPOST-v4] epoch 157: test-all ROC 0.7782 PR 0.4395 | unseen ROC 0.6389 PR 0.0656 | valAUC 0.9638 | tau+ 0.500
[OUTPOST-v4] epoch 158: test-all ROC 0.7568 PR 0.4327 | unseen ROC 0.6034 PR 0.0599 | valAUC 0.9633 | tau+ 0.647
[OUTPOST-v4] epoch 159: test-all ROC 0.7493 PR 0.4322 | unseen ROC 0.5918 PR 0.0582 | valAUC 0.9691 | tau+ 0.624
[OUTPOST-v4] epoch 160: test-all ROC 0.7546 PR 0.4323 | unseen ROC 0.5995 PR 0.0594 | valAUC 0.9797 | tau+ 0.500
[OUTPOST-v4] epoch 161: test-all ROC 0.7631 PR 0.4350 | unseen ROC 0.6159 PR 0.0622 | valAUC 0.9729 | tau+ 0.500
[OUTPOST-v4] epoch 162: test-all ROC 0.7651 PR 0.4322 | unseen ROC 0.6222 PR 0.0634 | valAUC 0.9787 | tau+ 0.500
[OUTPOST-v4] epoch 163: test-all ROC 0.7726 PR 0.4419 | unseen ROC 0.6313 PR 0.0651 | valAUC 0.9585 | tau+ 0.500
[OUTPOST-v4] epoch 164: test-all ROC 0.7714 PR 0.4384 | unseen ROC 0.6278 PR 0.0640 | valAUC 0.9773 | tau+ 0.548
[OUTPOST-v4] epoch 165: test-all ROC 0.7762 PR 0.4438 | unseen ROC 0.6366 PR 0.0662 | valAUC 0.9691 | tau+ 0.500
[OUTPOST-v4] epoch 166: test-all ROC 0.7781 PR 0.4403 | unseen ROC 0.6405 PR 0.0664 | valAUC 0.9763 | tau+ 0.500
[OUTPOST-v4] epoch 167: test-all ROC 0.7821 PR 0.4401 | unseen ROC 0.6470 PR 0.0675 | valAUC 0.9580 | tau+ 0.500
[OUTPOST-v4] epoch 168: test-all ROC 0.7925 PR 0.4428 | unseen ROC 0.6663 PR 0.0712 | valAUC 0.9652 | tau+ 0.603
[OUTPOST-v4] epoch 169: test-all ROC 0.8050 PR 0.4513 | unseen ROC 0.6895 PR 0.0772 | valAUC 0.9565 | tau+ 0.500
[OUTPOST-v4] epoch 170: test-all ROC 0.8186 PR 0.4530 | unseen ROC 0.7103 PR 0.0822 | valAUC 0.9498 | tau+ 0.500
[OUTPOST-v4] epoch 171: test-all ROC 0.8092 PR 0.4524 | unseen ROC 0.6936 PR 0.0773 | valAUC 0.9850 | tau+ 0.500
[OUTPOST-v4] epoch 172: test-all ROC 0.7682 PR 0.4354 | unseen ROC 0.6226 PR 0.0629 | valAUC 0.9667 | tau+ 0.741
[OUTPOST-v4] epoch 173: test-all ROC 0.7589 PR 0.4340 | unseen ROC 0.6073 PR 0.0608 | valAUC 0.9700 | tau+ 0.683
[OUTPOST-v4] epoch 174: test-all ROC 0.7906 PR 0.4423 | unseen ROC 0.6629 PR 0.0704 | valAUC 0.9633 | tau+ 0.500
[OUTPOST-v4] epoch 175: test-all ROC 0.8052 PR 0.4537 | unseen ROC 0.6865 PR 0.0763 | valAUC 0.9667 | tau+ 0.500
[OUTPOST-v4] epoch 176: test-all ROC 0.8016 PR 0.4463 | unseen ROC 0.6831 PR 0.0751 | valAUC 0.9623 | tau+ 0.500
[OUTPOST-v4] epoch 177: test-all ROC 0.7857 PR 0.4416 | unseen ROC 0.6525 PR 0.0682 | valAUC 0.9676 | tau+ 0.500
[OUTPOST-v4] epoch 178: test-all ROC 0.7602 PR 0.4324 | unseen ROC 0.6082 PR 0.0608 | valAUC 0.9705 | tau+ 0.612
[OUTPOST-v4] epoch 179: test-all ROC 0.7536 PR 0.4337 | unseen ROC 0.5957 PR 0.0588 | valAUC 0.9671 | tau+ 0.676
[OUTPOST-v4] epoch 180: test-all ROC 0.7689 PR 0.4345 | unseen ROC 0.6240 PR 0.0634 | valAUC 0.9836 | tau+ 0.500
[OUTPOST-v4] epoch 181: test-all ROC 0.7838 PR 0.4414 | unseen ROC 0.6500 PR 0.0681 | valAUC 0.9720 | tau+ 0.500
[OUTPOST-v4] epoch 182: test-all ROC 0.8025 PR 0.4477 | unseen ROC 0.6816 PR 0.0750 | valAUC 0.9676 | tau+ 0.500
[OUTPOST-v4] epoch 183: test-all ROC 0.8036 PR 0.4474 | unseen ROC 0.6849 PR 0.0752 | valAUC 0.9638 | tau+ 0.500
[OUTPOST-v4] epoch 184: test-all ROC 0.7901 PR 0.4464 | unseen ROC 0.6598 PR 0.0698 | valAUC 0.9729 | tau+ 0.500
[OUTPOST-v4] epoch 185: test-all ROC 0.7612 PR 0.4310 | unseen ROC 0.6123 PR 0.0614 | valAUC 0.9836 | tau+ 0.500
[OUTPOST-v4] epoch 186: test-all ROC 0.7557 PR 0.4306 | unseen ROC 0.6004 PR 0.0593 | valAUC 0.9802 | tau+ 0.759
[OUTPOST-v4] epoch 187: test-all ROC 0.7817 PR 0.4414 | unseen ROC 0.6448 PR 0.0667 | valAUC 0.9700 | tau+ 0.504
[OUTPOST-v4] epoch 188: test-all ROC 0.7992 PR 0.4453 | unseen ROC 0.6774 PR 0.0735 | valAUC 0.9783 | tau+ 0.500
[OUTPOST-v4] epoch 189: test-all ROC 0.8074 PR 0.4522 | unseen ROC 0.6898 PR 0.0762 | valAUC 0.9691 | tau+ 0.500
[OUTPOST-v4] epoch 190: test-all ROC 0.8021 PR 0.4479 | unseen ROC 0.6805 PR 0.0740 | valAUC 0.9623 | tau+ 0.500
[OUTPOST-v4] epoch 191: test-all ROC 0.7974 PR 0.4422 | unseen ROC 0.6741 PR 0.0728 | valAUC 0.9681 | tau+ 0.500
[OUTPOST-v4] epoch 192: test-all ROC 0.7811 PR 0.4370 | unseen ROC 0.6431 PR 0.0664 | valAUC 0.9551 | tau+ 0.525
[OUTPOST-v4] epoch 193: test-all ROC 0.7796 PR 0.4361 | unseen ROC 0.6420 PR 0.0662 | valAUC 0.9681 | tau+ 0.589
[OUTPOST-v4] epoch 194: test-all ROC 0.7998 PR 0.4430 | unseen ROC 0.6761 PR 0.0727 | valAUC 0.9831 | tau+ 0.500
[OUTPOST-v4] epoch 195: test-all ROC 0.8149 PR 0.4540 | unseen ROC 0.7029 PR 0.0803 | valAUC 0.9609 | tau+ 0.500
[OUTPOST-v4] epoch 196: test-all ROC 0.8210 PR 0.4575 | unseen ROC 0.7161 PR 0.0839 | valAUC 0.9763 | tau+ 0.500
[OUTPOST-v4] epoch 197: test-all ROC 0.8104 PR 0.4498 | unseen ROC 0.6943 PR 0.0776 | valAUC 0.9628 | tau+ 0.500
[OUTPOST-v4] epoch 198: test-all ROC 0.8027 PR 0.4478 | unseen ROC 0.6828 PR 0.0750 | valAUC 0.9686 | tau+ 0.500
[OUTPOST-v4] epoch 199: test-all ROC 0.7929 PR 0.4408 | unseen ROC 0.6666 PR 0.0712 | valAUC 0.9720 | tau+ 0.500
  rotation 7: ROC 0.8210 PR 0.4575
[photo] params 114113, peak GPU 2.93 GB, 16.4 min total

[photo] AGGREGATE  best-over-epochs: ROC 0.8291 PR 0.5177
[photo] AGGREGATE  val-selected:     ROC 0.6927 PR 0.4444
row appended to results/results.csv
