# gpu=7 cmd=/usr/bin/python3 -u main.py --dataset photo --seed 0 --method outpost --tag T_lambda_un1.5 --set lambda_un=1.5
/nas/home/jahin/.local/lib/python3.10/site-packages/torch_geometric/__init__.py:4: UserWarning: An issue occurred while importing 'torch-scatter'. Disabling its usage. Stacktrace: /nas/home/jahin/.local/lib/python3.10/site-packages/torch_scatter/_version_cuda.so: undefined symbol: _ZN5torch3jit17parseSchemaOrNameERKSsb
  import torch_geometric.typing
/nas/home/jahin/.local/lib/python3.10/site-packages/torch_geometric/__init__.py:4: UserWarning: An issue occurred while importing 'torch-sparse'. Disabling its usage. Stacktrace: /nas/home/jahin/.local/lib/python3.10/site-packages/torch_sparse/_version_cuda.so: undefined symbol: _ZN5torch3jit17parseSchemaOrNameERKSsb
  import torch_geometric.typing
/nas/home/jahin/.local/lib/python3.10/site-packages/requests/__init__.py:113: RequestsDependencyWarning: urllib3 (1.26.5) or chardet (7.2.0)/charset_normalizer (3.4.4) doesn't match a supported version!
  warnings.warn(
Disabling PyTorch because PyTorch >= 2.1 is required but found 2.0.1
None of PyTorch, TensorFlow >= 2.0, or Flax have been found. Models won't be available and only tokenizers, configuration and file/data utilities can be used.
/nas/home/jahin/.local/lib/python3.10/site-packages/outdated/__init__.py:36: UserWarning: pkg_resources is deprecated as an API. See https://setuptools.pypa.io/en/latest/pkg_resources.html. The pkg_resources package is slated for removal as early as 2025-11-30. Refrain from using this package or pin to Setuptools<81.
  from pkg_resources import parse_version
[utils] PPR/dgl path unavailable (libcudart.so.12: cannot open shared object file: No such file or directory); OUTPOST path unaffected.
[0.04823529 0.22039216 0.09189542 0.11960784 0.11529412 0.1075817
 0.25372549 0.04326797]
[photo] anomaly classes (rotations): [0, 7]
Normal classes: [1, 2, 3, 4, 5, 6] in photo
Building multi-layer GraphSage
[OUTPOST-v4] epoch 0: test-all ROC 0.6137 PR 0.1235 | unseen ROC 0.4250 PR 0.0377 | valAUC 0.8063 | tau+ 0.500
[OUTPOST-v4] epoch 1: test-all ROC 0.6120 PR 0.1219 | unseen ROC 0.4278 PR 0.0379 | valAUC 0.7874 | tau+ 0.500
[OUTPOST-v4] epoch 2: test-all ROC 0.6111 PR 0.1207 | unseen ROC 0.4253 PR 0.0377 | valAUC 0.7841 | tau+ 0.500
[OUTPOST-v4] epoch 3: test-all ROC 0.6120 PR 0.1229 | unseen ROC 0.4199 PR 0.0374 | valAUC 0.7802 | tau+ 0.500
[OUTPOST-v4] epoch 4: test-all ROC 0.6140 PR 0.1232 | unseen ROC 0.4217 PR 0.0376 | valAUC 0.8024 | tau+ 0.500
[OUTPOST-v4] epoch 5: test-all ROC 0.6188 PR 0.1249 | unseen ROC 0.4300 PR 0.0380 | valAUC 0.8029 | tau+ 0.500
[OUTPOST-v4] epoch 6: test-all ROC 0.6181 PR 0.1276 | unseen ROC 0.4214 PR 0.0375 | valAUC 0.8029 | tau+ 0.500
[OUTPOST-v4] epoch 7: test-all ROC 0.6169 PR 0.1293 | unseen ROC 0.4164 PR 0.0372 | valAUC 0.8338 | tau+ 0.500
[OUTPOST-v4] epoch 8: test-all ROC 0.6287 PR 0.1339 | unseen ROC 0.4295 PR 0.0380 | valAUC 0.8048 | tau+ 0.500
[OUTPOST-v4] epoch 9: test-all ROC 0.6296 PR 0.1391 | unseen ROC 0.4227 PR 0.0377 | valAUC 0.8478 | tau+ 0.500
[OUTPOST-v4] epoch 10: test-all ROC 0.6338 PR 0.1494 | unseen ROC 0.4156 PR 0.0372 | valAUC 0.8599 | tau+ 0.500
[OUTPOST-v4] epoch 11: test-all ROC 0.6445 PR 0.1669 | unseen ROC 0.4192 PR 0.0374 | valAUC 0.8831 | tau+ 0.500
[OUTPOST-v4] epoch 12: test-all ROC 0.6466 PR 0.1858 | unseen ROC 0.4101 PR 0.0368 | valAUC 0.9087 | tau+ 0.500
[OUTPOST-v4] epoch 13: test-all ROC 0.6539 PR 0.2019 | unseen ROC 0.4156 PR 0.0372 | valAUC 0.9266 | tau+ 0.500
[OUTPOST-v4] epoch 14: test-all ROC 0.6571 PR 0.2050 | unseen ROC 0.4182 PR 0.0373 | valAUC 0.9290 | tau+ 0.500
[OUTPOST-v4] epoch 15: test-all ROC 0.6564 PR 0.2058 | unseen ROC 0.4181 PR 0.0373 | valAUC 0.9251 | tau+ 0.500
[OUTPOST-v4] epoch 16: test-all ROC 0.6642 PR 0.2181 | unseen ROC 0.4278 PR 0.0380 | valAUC 0.9343 | tau+ 0.500
[OUTPOST-v4] epoch 17: test-all ROC 0.6643 PR 0.2441 | unseen ROC 0.4247 PR 0.0378 | valAUC 0.9449 | tau+ 0.500
[OUTPOST-v4] epoch 18: test-all ROC 0.6651 PR 0.2804 | unseen ROC 0.4193 PR 0.0374 | valAUC 0.9498 | tau+ 0.500
[OUTPOST-v4] epoch 19: test-all ROC 0.6702 PR 0.3311 | unseen ROC 0.4237 PR 0.0377 | valAUC 0.9449 | tau+ 0.500
[OUTPOST-v4] epoch 20: test-all ROC 0.6737 PR 0.3598 | unseen ROC 0.4261 PR 0.0379 | valAUC 0.9618 | tau+ 0.500
[OUTPOST-v4] epoch 21: test-all ROC 0.6768 PR 0.3710 | unseen ROC 0.4309 PR 0.0382 | valAUC 0.9643 | tau+ 0.500
[OUTPOST-v4] epoch 22: test-all ROC 0.6710 PR 0.3650 | unseen ROC 0.4212 PR 0.0375 | valAUC 0.9527 | tau+ 0.500
[OUTPOST-v4] epoch 23: test-all ROC 0.6724 PR 0.3607 | unseen ROC 0.4247 PR 0.0378 | valAUC 0.9531 | tau+ 0.500
[OUTPOST-v4] epoch 24: test-all ROC 0.6702 PR 0.3433 | unseen ROC 0.4200 PR 0.0374 | valAUC 0.9551 | tau+ 0.500
[OUTPOST-v4] epoch 25: test-all ROC 0.6674 PR 0.3413 | unseen ROC 0.4140 PR 0.0371 | valAUC 0.9570 | tau+ 0.500
[OUTPOST-v4] epoch 26: test-all ROC 0.6699 PR 0.3398 | unseen ROC 0.4187 PR 0.0374 | valAUC 0.9459 | tau+ 0.500
[OUTPOST-v4] epoch 27: test-all ROC 0.6741 PR 0.3400 | unseen ROC 0.4271 PR 0.0379 | valAUC 0.9570 | tau+ 0.500
[OUTPOST-v4] epoch 28: test-all ROC 0.6689 PR 0.3311 | unseen ROC 0.4184 PR 0.0373 | valAUC 0.9449 | tau+ 0.500
[OUTPOST-v4] epoch 29: test-all ROC 0.6714 PR 0.3350 | unseen ROC 0.4224 PR 0.0376 | valAUC 0.9488 | tau+ 0.500
[OUTPOST-v4] epoch 30: test-all ROC 0.6732 PR 0.3230 | unseen ROC 0.4273 PR 0.0379 | valAUC 0.9411 | tau+ 0.500
[OUTPOST-v4] epoch 31: test-all ROC 0.6654 PR 0.3194 | unseen ROC 0.4139 PR 0.0370 | valAUC 0.9382 | tau+ 0.500
[OUTPOST-v4] epoch 32: test-all ROC 0.6723 PR 0.3214 | unseen ROC 0.4266 PR 0.0379 | valAUC 0.9459 | tau+ 0.500
[OUTPOST-v4] epoch 33: test-all ROC 0.6688 PR 0.3150 | unseen ROC 0.4207 PR 0.0375 | valAUC 0.9478 | tau+ 0.500
[OUTPOST-v4] epoch 34: test-all ROC 0.6723 PR 0.3367 | unseen ROC 0.4251 PR 0.0378 | valAUC 0.9638 | tau+ 0.500
[OUTPOST-v4] epoch 35: test-all ROC 0.6727 PR 0.3529 | unseen ROC 0.4244 PR 0.0378 | valAUC 0.9498 | tau+ 0.500
[OUTPOST-v4] epoch 36: test-all ROC 0.6736 PR 0.3739 | unseen ROC 0.4227 PR 0.0376 | valAUC 0.9536 | tau+ 0.500
[OUTPOST-v4] epoch 37: test-all ROC 0.6751 PR 0.3968 | unseen ROC 0.4225 PR 0.0376 | valAUC 0.9700 | tau+ 0.500
[OUTPOST-v4] epoch 38: test-all ROC 0.6780 PR 0.4180 | unseen ROC 0.4251 PR 0.0378 | valAUC 0.9720 | tau+ 0.500
[OUTPOST-v4] epoch 39: test-all ROC 0.6799 PR 0.4361 | unseen ROC 0.4268 PR 0.0379 | valAUC 0.9604 | tau+ 0.500
[OUTPOST-v4] epoch 40: test-all ROC 0.6844 PR 0.4512 | unseen ROC 0.4315 PR 0.0383 | valAUC 0.9758 | tau+ 0.500
[OUTPOST-v4] epoch 41: test-all ROC 0.6822 PR 0.4522 | unseen ROC 0.4279 PR 0.0380 | valAUC 0.9715 | tau+ 0.500
[OUTPOST-v4] epoch 42: test-all ROC 0.6819 PR 0.4506 | unseen ROC 0.4270 PR 0.0380 | valAUC 0.9725 | tau+ 0.500
[OUTPOST-v4] epoch 43: test-all ROC 0.6818 PR 0.4530 | unseen ROC 0.4248 PR 0.0378 | valAUC 0.9705 | tau+ 0.500
[OUTPOST-v4] epoch 44: test-all ROC 0.6822 PR 0.4542 | unseen ROC 0.4277 PR 0.0380 | valAUC 0.9773 | tau+ 0.500
[OUTPOST-v4] epoch 45: test-all ROC 0.6839 PR 0.4590 | unseen ROC 0.4291 PR 0.0380 | valAUC 0.9754 | tau+ 0.500
[OUTPOST-v4] epoch 46: test-all ROC 0.6833 PR 0.4743 | unseen ROC 0.4248 PR 0.0378 | valAUC 0.9816 | tau+ 0.500
[OUTPOST-v4] epoch 47: test-all ROC 0.6885 PR 0.4863 | unseen ROC 0.4325 PR 0.0388 | valAUC 0.9816 | tau+ 0.500
[OUTPOST-v4] epoch 48: test-all ROC 0.6940 PR 0.4925 | unseen ROC 0.4422 PR 0.0395 | valAUC 0.9816 | tau+ 0.500
[OUTPOST-v4] epoch 49: test-all ROC 0.6919 PR 0.4956 | unseen ROC 0.4374 PR 0.0398 | valAUC 0.9870 | tau+ 0.515
[OUTPOST-v4] epoch 50: test-all ROC 0.6902 PR 0.4966 | unseen ROC 0.4345 PR 0.0389 | valAUC 0.9831 | tau+ 0.500
[OUTPOST-v4] epoch 51: test-all ROC 0.6936 PR 0.5019 | unseen ROC 0.4387 PR 0.0390 | valAUC 0.9913 | tau+ 0.537
[OUTPOST-v4] epoch 52: test-all ROC 0.6920 PR 0.5006 | unseen ROC 0.4352 PR 0.0389 | valAUC 0.9763 | tau+ 0.652
[OUTPOST-v4] epoch 53: test-all ROC 0.6914 PR 0.5050 | unseen ROC 0.4346 PR 0.0394 | valAUC 0.9908 | tau+ 0.500
[OUTPOST-v4] epoch 54: test-all ROC 0.6941 PR 0.5080 | unseen ROC 0.4386 PR 0.0398 | valAUC 0.9836 | tau+ 0.507
[OUTPOST-v4] epoch 55: test-all ROC 0.6967 PR 0.5101 | unseen ROC 0.4430 PR 0.0401 | valAUC 0.9855 | tau+ 0.545
[OUTPOST-v4] epoch 56: test-all ROC 0.7015 PR 0.5087 | unseen ROC 0.4514 PR 0.0407 | valAUC 0.9913 | tau+ 0.586
[OUTPOST-v4] epoch 57: test-all ROC 0.7010 PR 0.5017 | unseen ROC 0.4505 PR 0.0403 | valAUC 0.9870 | tau+ 0.506
[OUTPOST-v4] epoch 58: test-all ROC 0.6996 PR 0.5105 | unseen ROC 0.4486 PR 0.0408 | valAUC 0.9908 | tau+ 0.500
[OUTPOST-v4] epoch 59: test-all ROC 0.6993 PR 0.5103 | unseen ROC 0.4476 PR 0.0400 | valAUC 0.9937 | tau+ 0.504
[OUTPOST-v4] epoch 60: test-all ROC 0.7019 PR 0.5120 | unseen ROC 0.4512 PR 0.0406 | valAUC 0.9899 | tau+ 0.548
[OUTPOST-v4] epoch 61: test-all ROC 0.7067 PR 0.5134 | unseen ROC 0.4610 PR 0.0422 | valAUC 0.9908 | tau+ 0.589
[OUTPOST-v4] epoch 62: test-all ROC 0.7093 PR 0.5168 | unseen ROC 0.4659 PR 0.0429 | valAUC 0.9884 | tau+ 0.561
[OUTPOST-v4] epoch 63: test-all ROC 0.7106 PR 0.5152 | unseen ROC 0.4675 PR 0.0418 | valAUC 0.9899 | tau+ 0.500
[OUTPOST-v4] epoch 64: test-all ROC 0.7108 PR 0.5156 | unseen ROC 0.4673 PR 0.0417 | valAUC 0.9894 | tau+ 0.500
[OUTPOST-v4] epoch 65: test-all ROC 0.7176 PR 0.5183 | unseen ROC 0.4790 PR 0.0431 | valAUC 0.9855 | tau+ 0.500
[OUTPOST-v4] epoch 66: test-all ROC 0.7226 PR 0.5216 | unseen ROC 0.4897 PR 0.0447 | valAUC 0.9850 | tau+ 0.500
[OUTPOST-v4] epoch 67: test-all ROC 0.7177 PR 0.5170 | unseen ROC 0.4805 PR 0.0440 | valAUC 0.9908 | tau+ 0.500
[OUTPOST-v4] epoch 68: test-all ROC 0.7112 PR 0.5159 | unseen ROC 0.4680 PR 0.0428 | valAUC 0.9870 | tau+ 0.500
[OUTPOST-v4] epoch 69: test-all ROC 0.7232 PR 0.5194 | unseen ROC 0.4909 PR 0.0443 | valAUC 0.9884 | tau+ 0.500
[OUTPOST-v4] epoch 70: test-all ROC 0.7316 PR 0.5256 | unseen ROC 0.5061 PR 0.0479 | valAUC 0.9870 | tau+ 0.500
[OUTPOST-v4] epoch 71: test-all ROC 0.7365 PR 0.5239 | unseen ROC 0.5128 PR 0.0470 | valAUC 0.9841 | tau+ 0.500
[OUTPOST-v4] epoch 72: test-all ROC 0.7449 PR 0.5272 | unseen ROC 0.5298 PR 0.0498 | valAUC 0.9860 | tau+ 0.500
[OUTPOST-v4] epoch 73: test-all ROC 0.7442 PR 0.5295 | unseen ROC 0.5268 PR 0.0476 | valAUC 0.9821 | tau+ 0.500
[OUTPOST-v4] epoch 74: test-all ROC 0.7402 PR 0.5245 | unseen ROC 0.5225 PR 0.0472 | valAUC 0.9865 | tau+ 0.500
[OUTPOST-v4] epoch 75: test-all ROC 0.7315 PR 0.5238 | unseen ROC 0.5065 PR 0.0479 | valAUC 0.9894 | tau+ 0.500
[OUTPOST-v4] epoch 76: test-all ROC 0.7267 PR 0.5212 | unseen ROC 0.4974 PR 0.0451 | valAUC 0.9889 | tau+ 0.500
[OUTPOST-v4] epoch 77: test-all ROC 0.7303 PR 0.5211 | unseen ROC 0.5036 PR 0.0476 | valAUC 0.9879 | tau+ 0.500
[OUTPOST-v4] epoch 78: test-all ROC 0.7396 PR 0.5264 | unseen ROC 0.5214 PR 0.0475 | valAUC 0.9860 | tau+ 0.500
[OUTPOST-v4] epoch 79: test-all ROC 0.7498 PR 0.5322 | unseen ROC 0.5385 PR 0.0492 | valAUC 0.9874 | tau+ 0.500
[OUTPOST-v4] epoch 80: test-all ROC 0.7584 PR 0.5317 | unseen ROC 0.5547 PR 0.0502 | valAUC 0.9884 | tau+ 0.647
[OUTPOST-v4] epoch 81: test-all ROC 0.7682 PR 0.5354 | unseen ROC 0.5720 PR 0.0518 | valAUC 0.9884 | tau+ 0.699
[OUTPOST-v4] epoch 82: test-all ROC 0.7650 PR 0.5315 | unseen ROC 0.5662 PR 0.0511 | valAUC 0.9899 | tau+ 0.543
[OUTPOST-v4] epoch 83: test-all ROC 0.7594 PR 0.5349 | unseen ROC 0.5564 PR 0.0509 | valAUC 0.9894 | tau+ 0.500
[OUTPOST-v4] epoch 84: test-all ROC 0.7455 PR 0.5314 | unseen ROC 0.5300 PR 0.0478 | valAUC 0.9879 | tau+ 0.500
[OUTPOST-v4] epoch 85: test-all ROC 0.7501 PR 0.5318 | unseen ROC 0.5405 PR 0.0493 | valAUC 0.9928 | tau+ 0.500
[OUTPOST-v4] epoch 86: test-all ROC 0.7670 PR 0.5369 | unseen ROC 0.5704 PR 0.0534 | valAUC 0.9913 | tau+ 0.500
[OUTPOST-v4] epoch 87: test-all ROC 0.7651 PR 0.5378 | unseen ROC 0.5666 PR 0.0523 | valAUC 0.9903 | tau+ 0.500
[OUTPOST-v4] epoch 88: test-all ROC 0.7737 PR 0.5395 | unseen ROC 0.5841 PR 0.0540 | valAUC 0.9879 | tau+ 0.500
[OUTPOST-v4] epoch 89: test-all ROC 0.7824 PR 0.5427 | unseen ROC 0.5977 PR 0.0555 | valAUC 0.9860 | tau+ 0.530
[OUTPOST-v4] epoch 90: test-all ROC 0.7844 PR 0.5427 | unseen ROC 0.6022 PR 0.0556 | valAUC 0.9850 | tau+ 0.500
[OUTPOST-v4] epoch 91: test-all ROC 0.7761 PR 0.5391 | unseen ROC 0.5885 PR 0.0546 | valAUC 0.9870 | tau+ 0.500
[OUTPOST-v4] epoch 92: test-all ROC 0.7807 PR 0.5418 | unseen ROC 0.5960 PR 0.0577 | valAUC 0.9860 | tau+ 0.500
[OUTPOST-v4] epoch 93: test-all ROC 0.7742 PR 0.5397 | unseen ROC 0.5857 PR 0.0560 | valAUC 0.9889 | tau+ 0.500
[OUTPOST-v4] epoch 94: test-all ROC 0.7753 PR 0.5430 | unseen ROC 0.5852 PR 0.0566 | valAUC 0.9850 | tau+ 0.500
[OUTPOST-v4] epoch 95: test-all ROC 0.7785 PR 0.5417 | unseen ROC 0.5907 PR 0.0572 | valAUC 0.9884 | tau+ 0.500
[OUTPOST-v4] epoch 96: test-all ROC 0.7874 PR 0.5449 | unseen ROC 0.6077 PR 0.0584 | valAUC 0.9836 | tau+ 0.500
[OUTPOST-v4] epoch 97: test-all ROC 0.7849 PR 0.5415 | unseen ROC 0.6021 PR 0.0554 | valAUC 0.9870 | tau+ 0.500
[OUTPOST-v4] epoch 98: test-all ROC 0.7858 PR 0.5461 | unseen ROC 0.6052 PR 0.0573 | valAUC 0.9903 | tau+ 0.500
[OUTPOST-v4] epoch 99: test-all ROC 0.7852 PR 0.5438 | unseen ROC 0.6040 PR 0.0566 | valAUC 0.9870 | tau+ 0.500
[OUTPOST-v4] epoch 100: test-all ROC 0.7857 PR 0.5473 | unseen ROC 0.6061 PR 0.0590 | valAUC 0.9874 | tau+ 0.500
[OUTPOST-v4] epoch 101: test-all ROC 0.7916 PR 0.5467 | unseen ROC 0.6147 PR 0.0576 | valAUC 0.9894 | tau+ 0.500
[OUTPOST-v4] epoch 102: test-all ROC 0.8016 PR 0.5519 | unseen ROC 0.6334 PR 0.0623 | valAUC 0.9870 | tau+ 0.500
[OUTPOST-v4] epoch 103: test-all ROC 0.7848 PR 0.5447 | unseen ROC 0.6048 PR 0.0572 | valAUC 0.9841 | tau+ 0.500
[OUTPOST-v4] epoch 104: test-all ROC 0.7856 PR 0.5471 | unseen ROC 0.6061 PR 0.0577 | valAUC 0.9899 | tau+ 0.500
[OUTPOST-v4] epoch 105: test-all ROC 0.7821 PR 0.5420 | unseen ROC 0.5983 PR 0.0559 | valAUC 0.9894 | tau+ 0.500
[OUTPOST-v4] epoch 106: test-all ROC 0.7833 PR 0.5457 | unseen ROC 0.6011 PR 0.0574 | valAUC 0.9889 | tau+ 0.500
[OUTPOST-v4] epoch 107: test-all ROC 0.7877 PR 0.5481 | unseen ROC 0.6099 PR 0.0582 | valAUC 0.9860 | tau+ 0.500
[OUTPOST-v4] epoch 108: test-all ROC 0.7979 PR 0.5497 | unseen ROC 0.6265 PR 0.0607 | valAUC 0.9831 | tau+ 0.515
[OUTPOST-v4] epoch 109: test-all ROC 0.7976 PR 0.5482 | unseen ROC 0.6284 PR 0.0610 | valAUC 0.9894 | tau+ 0.618
[OUTPOST-v4] epoch 110: test-all ROC 0.7938 PR 0.5499 | unseen ROC 0.6194 PR 0.0596 | valAUC 0.9874 | tau+ 0.581
[OUTPOST-v4] epoch 111: test-all ROC 0.7850 PR 0.5461 | unseen ROC 0.6035 PR 0.0575 | valAUC 0.9894 | tau+ 0.500
[OUTPOST-v4] epoch 112: test-all ROC 0.7841 PR 0.5451 | unseen ROC 0.6020 PR 0.0593 | valAUC 0.9870 | tau+ 0.500
[OUTPOST-v4] epoch 113: test-all ROC 0.7798 PR 0.5424 | unseen ROC 0.5974 PR 0.0562 | valAUC 0.9913 | tau+ 0.500
[OUTPOST-v4] epoch 114: test-all ROC 0.7795 PR 0.5445 | unseen ROC 0.5950 PR 0.0605 | valAUC 0.9841 | tau+ 0.500
[OUTPOST-v4] epoch 115: test-all ROC 0.7857 PR 0.5463 | unseen ROC 0.6053 PR 0.0582 | valAUC 0.9884 | tau+ 0.500
[OUTPOST-v4] epoch 116: test-all ROC 0.8032 PR 0.5509 | unseen ROC 0.6371 PR 0.0612 | valAUC 0.9884 | tau+ 0.500
[OUTPOST-v4] epoch 117: test-all ROC 0.8141 PR 0.5574 | unseen ROC 0.6584 PR 0.0659 | valAUC 0.9874 | tau+ 0.829
[OUTPOST-v4] epoch 118: test-all ROC 0.8124 PR 0.5565 | unseen ROC 0.6548 PR 0.0668 | valAUC 0.9879 | tau+ 0.799
[OUTPOST-v4] epoch 119: test-all ROC 0.7979 PR 0.5514 | unseen ROC 0.6283 PR 0.0626 | valAUC 0.9908 | tau+ 0.500
[OUTPOST-v4] epoch 120: test-all ROC 0.7828 PR 0.5449 | unseen ROC 0.5996 PR 0.0594 | valAUC 0.9923 | tau+ 0.500
[OUTPOST-v4] epoch 121: test-all ROC 0.7765 PR 0.5406 | unseen ROC 0.5890 PR 0.0563 | valAUC 0.9923 | tau+ 0.500
[OUTPOST-v4] epoch 122: test-all ROC 0.7750 PR 0.5404 | unseen ROC 0.5869 PR 0.0571 | valAUC 0.9903 | tau+ 0.500
[OUTPOST-v4] epoch 123: test-all ROC 0.7756 PR 0.5415 | unseen ROC 0.5870 PR 0.0559 | valAUC 0.9879 | tau+ 0.500
[OUTPOST-v4] epoch 124: test-all ROC 0.7892 PR 0.5504 | unseen ROC 0.6125 PR 0.0613 | valAUC 0.9913 | tau+ 0.500
[OUTPOST-v4] epoch 125: test-all ROC 0.7940 PR 0.5502 | unseen ROC 0.6219 PR 0.0622 | valAUC 0.9894 | tau+ 0.500
[OUTPOST-v4] epoch 126: test-all ROC 0.7979 PR 0.5527 | unseen ROC 0.6281 PR 0.0609 | valAUC 0.9816 | tau+ 0.500
[OUTPOST-v4] epoch 127: test-all ROC 0.8018 PR 0.5521 | unseen ROC 0.6352 PR 0.0630 | valAUC 0.9894 | tau+ 0.672
[OUTPOST-v4] epoch 128: test-all ROC 0.7935 PR 0.5505 | unseen ROC 0.6191 PR 0.0597 | valAUC 0.9836 | tau+ 0.742
[OUTPOST-v4] epoch 129: test-all ROC 0.7930 PR 0.5498 | unseen ROC 0.6188 PR 0.0599 | valAUC 0.9908 | tau+ 0.500
[OUTPOST-v4] epoch 130: test-all ROC 0.7912 PR 0.5492 | unseen ROC 0.6154 PR 0.0597 | valAUC 0.9899 | tau+ 0.500
[OUTPOST-v4] epoch 131: test-all ROC 0.7877 PR 0.5467 | unseen ROC 0.6119 PR 0.0596 | valAUC 0.9918 | tau+ 0.500
[OUTPOST-v4] epoch 132: test-all ROC 0.7839 PR 0.5479 | unseen ROC 0.6024 PR 0.0616 | valAUC 0.9899 | tau+ 0.500
[OUTPOST-v4] epoch 133: test-all ROC 0.7966 PR 0.5511 | unseen ROC 0.6271 PR 0.0612 | valAUC 0.9884 | tau+ 0.631
[OUTPOST-v4] epoch 134: test-all ROC 0.7999 PR 0.5537 | unseen ROC 0.6326 PR 0.0620 | valAUC 0.9860 | tau+ 0.699
[OUTPOST-v4] epoch 135: test-all ROC 0.7920 PR 0.5512 | unseen ROC 0.6161 PR 0.0592 | valAUC 0.9884 | tau+ 0.500
[OUTPOST-v4] epoch 136: test-all ROC 0.7921 PR 0.5478 | unseen ROC 0.6166 PR 0.0593 | valAUC 0.9860 | tau+ 0.500
[OUTPOST-v4] epoch 137: test-all ROC 0.8011 PR 0.5521 | unseen ROC 0.6338 PR 0.0617 | valAUC 0.9879 | tau+ 0.708
[OUTPOST-v4] epoch 138: test-all ROC 0.8006 PR 0.5516 | unseen ROC 0.6333 PR 0.0617 | valAUC 0.9865 | tau+ 0.837
[OUTPOST-v4] epoch 139: test-all ROC 0.8083 PR 0.5532 | unseen ROC 0.6469 PR 0.0647 | valAUC 0.9855 | tau+ 0.830
[OUTPOST-v4] epoch 140: test-all ROC 0.8030 PR 0.5543 | unseen ROC 0.6372 PR 0.0630 | valAUC 0.9894 | tau+ 0.630
[OUTPOST-v4] epoch 141: test-all ROC 0.8037 PR 0.5563 | unseen ROC 0.6394 PR 0.0667 | valAUC 0.9903 | tau+ 0.500
[OUTPOST-v4] epoch 142: test-all ROC 0.7875 PR 0.5494 | unseen ROC 0.6091 PR 0.0632 | valAUC 0.9908 | tau+ 0.500
[OUTPOST-v4] epoch 143: test-all ROC 0.7952 PR 0.5506 | unseen ROC 0.6247 PR 0.0613 | valAUC 0.9879 | tau+ 0.500
[OUTPOST-v4] epoch 144: test-all ROC 0.7992 PR 0.5530 | unseen ROC 0.6303 PR 0.0629 | valAUC 0.9870 | tau+ 0.500
[OUTPOST-v4] epoch 145: test-all ROC 0.8067 PR 0.5586 | unseen ROC 0.6464 PR 0.0683 | valAUC 0.9841 | tau+ 0.500
[OUTPOST-v4] epoch 146: test-all ROC 0.8234 PR 0.5654 | unseen ROC 0.6743 PR 0.0715 | valAUC 0.9860 | tau+ 0.762
[OUTPOST-v4] epoch 147: test-all ROC 0.8250 PR 0.5687 | unseen ROC 0.6789 PR 0.0733 | valAUC 0.9860 | tau+ 0.590
[OUTPOST-v4] epoch 148: test-all ROC 0.8197 PR 0.5640 | unseen ROC 0.6692 PR 0.0694 | valAUC 0.9870 | tau+ 0.571
[OUTPOST-v4] epoch 149: test-all ROC 0.8061 PR 0.5564 | unseen ROC 0.6430 PR 0.0663 | valAUC 0.9899 | tau+ 0.583
[OUTPOST-v4] epoch 150: test-all ROC 0.8108 PR 0.5553 | unseen ROC 0.6538 PR 0.0659 | valAUC 0.9913 | tau+ 0.500
[OUTPOST-v4] epoch 151: test-all ROC 0.8024 PR 0.5546 | unseen ROC 0.6372 PR 0.0653 | valAUC 0.9899 | tau+ 0.500
[OUTPOST-v4] epoch 152: test-all ROC 0.8022 PR 0.5543 | unseen ROC 0.6361 PR 0.0650 | valAUC 0.9816 | tau+ 0.500
[OUTPOST-v4] epoch 153: test-all ROC 0.8081 PR 0.5591 | unseen ROC 0.6481 PR 0.0658 | valAUC 0.9889 | tau+ 0.500
[OUTPOST-v4] epoch 154: test-all ROC 0.8165 PR 0.5624 | unseen ROC 0.6633 PR 0.0702 | valAUC 0.9889 | tau+ 0.500
[OUTPOST-v4] epoch 155: test-all ROC 0.8088 PR 0.5583 | unseen ROC 0.6494 PR 0.0691 | valAUC 0.9884 | tau+ 0.557
[OUTPOST-v4] epoch 156: test-all ROC 0.8101 PR 0.5615 | unseen ROC 0.6497 PR 0.0688 | valAUC 0.9889 | tau+ 0.500
[OUTPOST-v4] epoch 157: test-all ROC 0.8049 PR 0.5565 | unseen ROC 0.6423 PR 0.0664 | valAUC 0.9884 | tau+ 0.500
[OUTPOST-v4] epoch 158: test-all ROC 0.8153 PR 0.5617 | unseen ROC 0.6610 PR 0.0682 | valAUC 0.9860 | tau+ 0.663
[OUTPOST-v4] epoch 159: test-all ROC 0.8209 PR 0.5667 | unseen ROC 0.6710 PR 0.0726 | valAUC 0.9899 | tau+ 0.525
[OUTPOST-v4] epoch 160: test-all ROC 0.8115 PR 0.5620 | unseen ROC 0.6530 PR 0.0680 | valAUC 0.9860 | tau+ 0.610
[OUTPOST-v4] epoch 161: test-all ROC 0.8162 PR 0.5636 | unseen ROC 0.6616 PR 0.0700 | valAUC 0.9879 | tau+ 0.655
[OUTPOST-v4] epoch 162: test-all ROC 0.8171 PR 0.5619 | unseen ROC 0.6642 PR 0.0684 | valAUC 0.9855 | tau+ 0.681
[OUTPOST-v4] epoch 163: test-all ROC 0.8144 PR 0.5603 | unseen ROC 0.6602 PR 0.0700 | valAUC 0.9841 | tau+ 0.709
[OUTPOST-v4] epoch 164: test-all ROC 0.8135 PR 0.5587 | unseen ROC 0.6554 PR 0.0682 | valAUC 0.9884 | tau+ 0.500
[OUTPOST-v4] epoch 165: test-all ROC 0.8013 PR 0.5574 | unseen ROC 0.6352 PR 0.0670 | valAUC 0.9899 | tau+ 0.500
[OUTPOST-v4] epoch 166: test-all ROC 0.8121 PR 0.5565 | unseen ROC 0.6550 PR 0.0665 | valAUC 0.9816 | tau+ 0.500
[OUTPOST-v4] epoch 167: test-all ROC 0.8127 PR 0.5610 | unseen ROC 0.6574 PR 0.0701 | valAUC 0.9894 | tau+ 0.500
[OUTPOST-v4] epoch 168: test-all ROC 0.8156 PR 0.5613 | unseen ROC 0.6635 PR 0.0684 | valAUC 0.9816 | tau+ 0.500
[OUTPOST-v4] epoch 169: test-all ROC 0.8147 PR 0.5627 | unseen ROC 0.6590 PR 0.0675 | valAUC 0.9918 | tau+ 0.500
[OUTPOST-v4] epoch 170: test-all ROC 0.8094 PR 0.5584 | unseen ROC 0.6491 PR 0.0654 | valAUC 0.9874 | tau+ 0.500
[OUTPOST-v4] epoch 171: test-all ROC 0.8103 PR 0.5621 | unseen ROC 0.6522 PR 0.0678 | valAUC 0.9874 | tau+ 0.500
[OUTPOST-v4] epoch 172: test-all ROC 0.8184 PR 0.5646 | unseen ROC 0.6651 PR 0.0712 | valAUC 0.9865 | tau+ 0.579
[OUTPOST-v4] epoch 173: test-all ROC 0.8331 PR 0.5701 | unseen ROC 0.6936 PR 0.0739 | valAUC 0.9845 | tau+ 0.665
[OUTPOST-v4] epoch 174: test-all ROC 0.8191 PR 0.5626 | unseen ROC 0.6669 PR 0.0700 | valAUC 0.9850 | tau+ 0.500
[OUTPOST-v4] epoch 175: test-all ROC 0.8065 PR 0.5581 | unseen ROC 0.6447 PR 0.0657 | valAUC 0.9874 | tau+ 0.500
[OUTPOST-v4] epoch 176: test-all ROC 0.8185 PR 0.5658 | unseen ROC 0.6657 PR 0.0715 | valAUC 0.9908 | tau+ 0.500
[OUTPOST-v4] epoch 177: test-all ROC 0.8142 PR 0.5620 | unseen ROC 0.6605 PR 0.0680 | valAUC 0.9894 | tau+ 0.605
[OUTPOST-v4] epoch 178: test-all ROC 0.8264 PR 0.5690 | unseen ROC 0.6807 PR 0.0727 | valAUC 0.9899 | tau+ 0.500
[OUTPOST-v4] epoch 179: test-all ROC 0.8256 PR 0.5693 | unseen ROC 0.6789 PR 0.0721 | valAUC 0.9870 | tau+ 0.500
[OUTPOST-v4] epoch 180: test-all ROC 0.8258 PR 0.5684 | unseen ROC 0.6822 PR 0.0725 | valAUC 0.9855 | tau+ 0.645
[OUTPOST-v4] epoch 181: test-all ROC 0.8377 PR 0.5742 | unseen ROC 0.7031 PR 0.0778 | valAUC 0.9874 | tau+ 0.687
[OUTPOST-v4] epoch 182: test-all ROC 0.8284 PR 0.5703 | unseen ROC 0.6860 PR 0.0740 | valAUC 0.9778 | tau+ 0.500
[OUTPOST-v4] epoch 183: test-all ROC 0.8219 PR 0.5691 | unseen ROC 0.6761 PR 0.0753 | valAUC 0.9870 | tau+ 0.500
[OUTPOST-v4] epoch 184: test-all ROC 0.8308 PR 0.5702 | unseen ROC 0.6919 PR 0.0777 | valAUC 0.9860 | tau+ 0.500
[OUTPOST-v4] epoch 185: test-all ROC 0.8373 PR 0.5747 | unseen ROC 0.7014 PR 0.0792 | valAUC 0.9889 | tau+ 0.500
[OUTPOST-v4] epoch 186: test-all ROC 0.8298 PR 0.5709 | unseen ROC 0.6903 PR 0.0768 | valAUC 0.9836 | tau+ 0.500
[OUTPOST-v4] epoch 187: test-all ROC 0.8347 PR 0.5748 | unseen ROC 0.6983 PR 0.0776 | valAUC 0.9841 | tau+ 0.500
[OUTPOST-v4] epoch 188: test-all ROC 0.8297 PR 0.5736 | unseen ROC 0.6877 PR 0.0772 | valAUC 0.9807 | tau+ 0.500
[OUTPOST-v4] epoch 189: test-all ROC 0.8387 PR 0.5774 | unseen ROC 0.7050 PR 0.0813 | valAUC 0.9783 | tau+ 0.500
[OUTPOST-v4] epoch 190: test-all ROC 0.8387 PR 0.5759 | unseen ROC 0.7042 PR 0.0810 | valAUC 0.9754 | tau+ 0.586
[OUTPOST-v4] epoch 191: test-all ROC 0.8439 PR 0.5793 | unseen ROC 0.7146 PR 0.0806 | valAUC 0.9884 | tau+ 0.500
[OUTPOST-v4] epoch 192: test-all ROC 0.8380 PR 0.5762 | unseen ROC 0.7058 PR 0.0807 | valAUC 0.9821 | tau+ 0.500
[OUTPOST-v4] epoch 193: test-all ROC 0.8366 PR 0.5776 | unseen ROC 0.6983 PR 0.0788 | valAUC 0.9850 | tau+ 0.669
[OUTPOST-v4] epoch 194: test-all ROC 0.8364 PR 0.5745 | unseen ROC 0.7026 PR 0.0786 | valAUC 0.9826 | tau+ 0.623
[OUTPOST-v4] epoch 195: test-all ROC 0.8445 PR 0.5815 | unseen ROC 0.7162 PR 0.0839 | valAUC 0.9845 | tau+ 0.500
[OUTPOST-v4] epoch 196: test-all ROC 0.8433 PR 0.5771 | unseen ROC 0.7146 PR 0.0805 | valAUC 0.9865 | tau+ 0.790
[OUTPOST-v4] epoch 197: test-all ROC 0.8423 PR 0.5763 | unseen ROC 0.7102 PR 0.0792 | valAUC 0.9797 | tau+ 0.743
[OUTPOST-v4] epoch 198: test-all ROC 0.8455 PR 0.5770 | unseen ROC 0.7182 PR 0.0823 | valAUC 0.9816 | tau+ 0.756
[OUTPOST-v4] epoch 199: test-all ROC 0.8357 PR 0.5722 | unseen ROC 0.6998 PR 0.0767 | valAUC 0.9855 | tau+ 0.585
  rotation 0: ROC 0.8455 PR 0.5815
Normal classes: [1, 2, 3, 4, 5, 6] in photo
Building multi-layer GraphSage
[OUTPOST-v4] epoch 0: test-all ROC 0.6503 PR 0.1345 | unseen ROC 0.8110 PR 0.1425 | valAUC 0.3469 | tau+ 0.500
[OUTPOST-v4] epoch 1: test-all ROC 0.6535 PR 0.1371 | unseen ROC 0.8114 PR 0.1452 | valAUC 0.3609 | tau+ 0.500
[OUTPOST-v4] epoch 2: test-all ROC 0.6600 PR 0.1434 | unseen ROC 0.8302 PR 0.1579 | valAUC 0.3498 | tau+ 0.500
[OUTPOST-v4] epoch 3: test-all ROC 0.6614 PR 0.1439 | unseen ROC 0.8339 PR 0.1596 | valAUC 0.3251 | tau+ 0.500
[OUTPOST-v4] epoch 4: test-all ROC 0.6631 PR 0.1453 | unseen ROC 0.8374 PR 0.1623 | valAUC 0.3570 | tau+ 0.500
[OUTPOST-v4] epoch 5: test-all ROC 0.6647 PR 0.1458 | unseen ROC 0.8372 PR 0.1629 | valAUC 0.3396 | tau+ 0.500
[OUTPOST-v4] epoch 6: test-all ROC 0.6662 PR 0.1470 | unseen ROC 0.8360 PR 0.1642 | valAUC 0.3744 | tau+ 0.500
[OUTPOST-v4] epoch 7: test-all ROC 0.6640 PR 0.1445 | unseen ROC 0.8329 PR 0.1603 | valAUC 0.3744 | tau+ 0.500
[OUTPOST-v4] epoch 8: test-all ROC 0.6674 PR 0.1477 | unseen ROC 0.8311 PR 0.1634 | valAUC 0.3729 | tau+ 0.500
[OUTPOST-v4] epoch 9: test-all ROC 0.6668 PR 0.1455 | unseen ROC 0.8263 PR 0.1588 | valAUC 0.3749 | tau+ 0.500
[OUTPOST-v4] epoch 10: test-all ROC 0.6676 PR 0.1446 | unseen ROC 0.8093 PR 0.1531 | valAUC 0.4092 | tau+ 0.500
[OUTPOST-v4] epoch 11: test-all ROC 0.6605 PR 0.1432 | unseen ROC 0.7652 PR 0.1412 | valAUC 0.5048 | tau+ 0.500
[OUTPOST-v4] epoch 12: test-all ROC 0.6255 PR 0.1202 | unseen ROC 0.6480 PR 0.0797 | valAUC 0.6261 | tau+ 0.500
[OUTPOST-v4] epoch 13: test-all ROC 0.5813 PR 0.1013 | unseen ROC 0.5348 PR 0.0523 | valAUC 0.7464 | tau+ 0.500
[OUTPOST-v4] epoch 14: test-all ROC 0.5653 PR 0.0977 | unseen ROC 0.4940 PR 0.0478 | valAUC 0.7459 | tau+ 0.500
[OUTPOST-v4] epoch 15: test-all ROC 0.5472 PR 0.0937 | unseen ROC 0.4619 PR 0.0449 | valAUC 0.7560 | tau+ 0.500
[OUTPOST-v4] epoch 16: test-all ROC 0.5273 PR 0.0892 | unseen ROC 0.4376 PR 0.0429 | valAUC 0.7797 | tau+ 0.500
[OUTPOST-v4] epoch 17: test-all ROC 0.5167 PR 0.0864 | unseen ROC 0.4226 PR 0.0419 | valAUC 0.7671 | tau+ 0.500
[OUTPOST-v4] epoch 18: test-all ROC 0.5085 PR 0.0860 | unseen ROC 0.4054 PR 0.0407 | valAUC 0.7700 | tau+ 0.500
[OUTPOST-v4] epoch 19: test-all ROC 0.5092 PR 0.0871 | unseen ROC 0.4085 PR 0.0409 | valAUC 0.7527 | tau+ 0.500
[OUTPOST-v4] epoch 20: test-all ROC 0.5048 PR 0.0854 | unseen ROC 0.4080 PR 0.0408 | valAUC 0.7657 | tau+ 0.500
[OUTPOST-v4] epoch 21: test-all ROC 0.5007 PR 0.0845 | unseen ROC 0.3963 PR 0.0401 | valAUC 0.7705 | tau+ 0.500
[OUTPOST-v4] epoch 22: test-all ROC 0.4889 PR 0.0817 | unseen ROC 0.3847 PR 0.0394 | valAUC 0.7440 | tau+ 0.500
[OUTPOST-v4] epoch 23: test-all ROC 0.4873 PR 0.0829 | unseen ROC 0.3755 PR 0.0388 | valAUC 0.7932 | tau+ 0.500
[OUTPOST-v4] epoch 24: test-all ROC 0.4935 PR 0.0859 | unseen ROC 0.3810 PR 0.0391 | valAUC 0.7623 | tau+ 0.500
[OUTPOST-v4] epoch 25: test-all ROC 0.4900 PR 0.0839 | unseen ROC 0.3780 PR 0.0390 | valAUC 0.7652 | tau+ 0.500
[OUTPOST-v4] epoch 26: test-all ROC 0.4946 PR 0.0836 | unseen ROC 0.3837 PR 0.0394 | valAUC 0.7667 | tau+ 0.500
[OUTPOST-v4] epoch 27: test-all ROC 0.5018 PR 0.0858 | unseen ROC 0.3896 PR 0.0397 | valAUC 0.7937 | tau+ 0.500
[OUTPOST-v4] epoch 28: test-all ROC 0.5079 PR 0.0870 | unseen ROC 0.3963 PR 0.0401 | valAUC 0.7773 | tau+ 0.500
[OUTPOST-v4] epoch 29: test-all ROC 0.5016 PR 0.0859 | unseen ROC 0.3910 PR 0.0398 | valAUC 0.8101 | tau+ 0.500
[OUTPOST-v4] epoch 30: test-all ROC 0.5063 PR 0.0909 | unseen ROC 0.3881 PR 0.0396 | valAUC 0.7903 | tau+ 0.500
[OUTPOST-v4] epoch 31: test-all ROC 0.5041 PR 0.0870 | unseen ROC 0.3830 PR 0.0392 | valAUC 0.8145 | tau+ 0.500
[OUTPOST-v4] epoch 32: test-all ROC 0.5076 PR 0.0883 | unseen ROC 0.3823 PR 0.0392 | valAUC 0.8203 | tau+ 0.500
[OUTPOST-v4] epoch 33: test-all ROC 0.5113 PR 0.0897 | unseen ROC 0.3877 PR 0.0396 | valAUC 0.7928 | tau+ 0.500
[OUTPOST-v4] epoch 34: test-all ROC 0.5073 PR 0.0903 | unseen ROC 0.3773 PR 0.0390 | valAUC 0.8053 | tau+ 0.500
[OUTPOST-v4] epoch 35: test-all ROC 0.5056 PR 0.0908 | unseen ROC 0.3714 PR 0.0386 | valAUC 0.8251 | tau+ 0.500
[OUTPOST-v4] epoch 36: test-all ROC 0.4988 PR 0.0881 | unseen ROC 0.3584 PR 0.0379 | valAUC 0.8232 | tau+ 0.500
[OUTPOST-v4] epoch 37: test-all ROC 0.4989 PR 0.0893 | unseen ROC 0.3497 PR 0.0374 | valAUC 0.8126 | tau+ 0.500
[OUTPOST-v4] epoch 38: test-all ROC 0.5088 PR 0.0947 | unseen ROC 0.3586 PR 0.0379 | valAUC 0.8372 | tau+ 0.500
[OUTPOST-v4] epoch 39: test-all ROC 0.5187 PR 0.0949 | unseen ROC 0.3671 PR 0.0384 | valAUC 0.8662 | tau+ 0.500
[OUTPOST-v4] epoch 40: test-all ROC 0.5284 PR 0.0993 | unseen ROC 0.3714 PR 0.0388 | valAUC 0.8633 | tau+ 0.500
[OUTPOST-v4] epoch 41: test-all ROC 0.5286 PR 0.1006 | unseen ROC 0.3631 PR 0.0382 | valAUC 0.8493 | tau+ 0.500
[OUTPOST-v4] epoch 42: test-all ROC 0.5288 PR 0.1097 | unseen ROC 0.3518 PR 0.0376 | valAUC 0.8676 | tau+ 0.500
[OUTPOST-v4] epoch 43: test-all ROC 0.5421 PR 0.1111 | unseen ROC 0.3665 PR 0.0385 | valAUC 0.8821 | tau+ 0.500
[OUTPOST-v4] epoch 44: test-all ROC 0.5695 PR 0.1285 | unseen ROC 0.3980 PR 0.0404 | valAUC 0.8923 | tau+ 0.500
[OUTPOST-v4] epoch 45: test-all ROC 0.5912 PR 0.1455 | unseen ROC 0.4284 PR 0.0426 | valAUC 0.8889 | tau+ 0.500
[OUTPOST-v4] epoch 46: test-all ROC 0.5998 PR 0.1537 | unseen ROC 0.4342 PR 0.0430 | valAUC 0.9024 | tau+ 0.500
[OUTPOST-v4] epoch 47: test-all ROC 0.6075 PR 0.1636 | unseen ROC 0.4370 PR 0.0431 | valAUC 0.9227 | tau+ 0.500
[OUTPOST-v4] epoch 48: test-all ROC 0.6185 PR 0.1860 | unseen ROC 0.4448 PR 0.0437 | valAUC 0.9261 | tau+ 0.500
[OUTPOST-v4] epoch 49: test-all ROC 0.6416 PR 0.2234 | unseen ROC 0.4747 PR 0.0462 | valAUC 0.9386 | tau+ 0.500
[OUTPOST-v4] epoch 50: test-all ROC 0.6606 PR 0.2535 | unseen ROC 0.4986 PR 0.0482 | valAUC 0.9314 | tau+ 0.500
[OUTPOST-v4] epoch 51: test-all ROC 0.6718 PR 0.2808 | unseen ROC 0.5112 PR 0.0495 | valAUC 0.9483 | tau+ 0.500
[OUTPOST-v4] epoch 52: test-all ROC 0.6674 PR 0.2821 | unseen ROC 0.4945 PR 0.0479 | valAUC 0.9498 | tau+ 0.500
[OUTPOST-v4] epoch 53: test-all ROC 0.6562 PR 0.2887 | unseen ROC 0.4661 PR 0.0455 | valAUC 0.9623 | tau+ 0.500
[OUTPOST-v4] epoch 54: test-all ROC 0.6753 PR 0.3164 | unseen ROC 0.4951 PR 0.0480 | valAUC 0.9560 | tau+ 0.500
[OUTPOST-v4] epoch 55: test-all ROC 0.6983 PR 0.3409 | unseen ROC 0.5337 PR 0.0517 | valAUC 0.9696 | tau+ 0.500
[OUTPOST-v4] epoch 56: test-all ROC 0.6996 PR 0.3482 | unseen ROC 0.5306 PR 0.0513 | valAUC 0.9580 | tau+ 0.500
[OUTPOST-v4] epoch 57: test-all ROC 0.6938 PR 0.3555 | unseen ROC 0.5135 PR 0.0496 | valAUC 0.9850 | tau+ 0.500
[OUTPOST-v4] epoch 58: test-all ROC 0.7032 PR 0.3630 | unseen ROC 0.5285 PR 0.0511 | valAUC 0.9749 | tau+ 0.500
[OUTPOST-v4] epoch 59: test-all ROC 0.7214 PR 0.3662 | unseen ROC 0.5612 PR 0.0548 | valAUC 0.9599 | tau+ 0.500
[OUTPOST-v4] epoch 60: test-all ROC 0.7287 PR 0.3709 | unseen ROC 0.5687 PR 0.0556 | valAUC 0.9647 | tau+ 0.500
[OUTPOST-v4] epoch 61: test-all ROC 0.7162 PR 0.3787 | unseen ROC 0.5441 PR 0.0526 | valAUC 0.9836 | tau+ 0.500
[OUTPOST-v4] epoch 62: test-all ROC 0.7134 PR 0.3856 | unseen ROC 0.5356 PR 0.0517 | valAUC 0.9836 | tau+ 0.500
[OUTPOST-v4] epoch 63: test-all ROC 0.7243 PR 0.3844 | unseen ROC 0.5556 PR 0.0539 | valAUC 0.9754 | tau+ 0.500
[OUTPOST-v4] epoch 64: test-all ROC 0.7406 PR 0.3944 | unseen ROC 0.5844 PR 0.0577 | valAUC 0.9787 | tau+ 0.500
[OUTPOST-v4] epoch 65: test-all ROC 0.7426 PR 0.3893 | unseen ROC 0.5870 PR 0.0581 | valAUC 0.9686 | tau+ 0.500
[OUTPOST-v4] epoch 66: test-all ROC 0.7333 PR 0.3922 | unseen ROC 0.5696 PR 0.0556 | valAUC 0.9787 | tau+ 0.500
[OUTPOST-v4] epoch 67: test-all ROC 0.7132 PR 0.3923 | unseen ROC 0.5330 PR 0.0513 | valAUC 0.9874 | tau+ 0.500
[OUTPOST-v4] epoch 68: test-all ROC 0.7235 PR 0.3928 | unseen ROC 0.5496 PR 0.0531 | valAUC 0.9831 | tau+ 0.500
[OUTPOST-v4] epoch 69: test-all ROC 0.7437 PR 0.3991 | unseen ROC 0.5859 PR 0.0577 | valAUC 0.9758 | tau+ 0.500
[OUTPOST-v4] epoch 70: test-all ROC 0.7537 PR 0.4024 | unseen ROC 0.6029 PR 0.0602 | valAUC 0.9662 | tau+ 0.500
[OUTPOST-v4] epoch 71: test-all ROC 0.7429 PR 0.3994 | unseen ROC 0.5843 PR 0.0574 | valAUC 0.9725 | tau+ 0.500
[OUTPOST-v4] epoch 72: test-all ROC 0.7227 PR 0.4021 | unseen ROC 0.5464 PR 0.0526 | valAUC 0.9787 | tau+ 0.500
[OUTPOST-v4] epoch 73: test-all ROC 0.7173 PR 0.4001 | unseen ROC 0.5369 PR 0.0516 | valAUC 0.9845 | tau+ 0.500
[OUTPOST-v4] epoch 74: test-all ROC 0.7150 PR 0.4045 | unseen ROC 0.5336 PR 0.0512 | valAUC 0.9744 | tau+ 0.500
[OUTPOST-v4] epoch 75: test-all ROC 0.7149 PR 0.4054 | unseen ROC 0.5322 PR 0.0510 | valAUC 0.9831 | tau+ 0.500
[OUTPOST-v4] epoch 76: test-all ROC 0.7133 PR 0.4028 | unseen ROC 0.5295 PR 0.0508 | valAUC 0.9812 | tau+ 0.500
[OUTPOST-v4] epoch 77: test-all ROC 0.7213 PR 0.4065 | unseen ROC 0.5432 PR 0.0522 | valAUC 0.9850 | tau+ 0.500
[OUTPOST-v4] epoch 78: test-all ROC 0.7260 PR 0.4063 | unseen ROC 0.5506 PR 0.0530 | valAUC 0.9783 | tau+ 0.500
[OUTPOST-v4] epoch 79: test-all ROC 0.7221 PR 0.4093 | unseen ROC 0.5438 PR 0.0522 | valAUC 0.9807 | tau+ 0.500
[OUTPOST-v4] epoch 80: test-all ROC 0.7237 PR 0.4077 | unseen ROC 0.5475 PR 0.0526 | valAUC 0.9715 | tau+ 0.502
[OUTPOST-v4] epoch 81: test-all ROC 0.7333 PR 0.4091 | unseen ROC 0.5640 PR 0.0545 | valAUC 0.9850 | tau+ 0.500
[OUTPOST-v4] epoch 82: test-all ROC 0.7407 PR 0.4130 | unseen ROC 0.5775 PR 0.0563 | valAUC 0.9836 | tau+ 0.500
[OUTPOST-v4] epoch 83: test-all ROC 0.7462 PR 0.4127 | unseen ROC 0.5857 PR 0.0574 | valAUC 0.9758 | tau+ 0.500
[OUTPOST-v4] epoch 84: test-all ROC 0.7656 PR 0.4183 | unseen ROC 0.6191 PR 0.0625 | valAUC 0.9720 | tau+ 0.500
[OUTPOST-v4] epoch 85: test-all ROC 0.7400 PR 0.4123 | unseen ROC 0.5755 PR 0.0560 | valAUC 0.9739 | tau+ 0.500
[OUTPOST-v4] epoch 86: test-all ROC 0.7304 PR 0.4111 | unseen ROC 0.5582 PR 0.0538 | valAUC 0.9807 | tau+ 0.507
[OUTPOST-v4] epoch 87: test-all ROC 0.7650 PR 0.4222 | unseen ROC 0.6178 PR 0.0621 | valAUC 0.9681 | tau+ 0.500
[OUTPOST-v4] epoch 88: test-all ROC 0.7701 PR 0.4249 | unseen ROC 0.6273 PR 0.0638 | valAUC 0.9686 | tau+ 0.500
[OUTPOST-v4] epoch 89: test-all ROC 0.7490 PR 0.4182 | unseen ROC 0.5898 PR 0.0579 | valAUC 0.9787 | tau+ 0.500
[OUTPOST-v4] epoch 90: test-all ROC 0.7304 PR 0.4162 | unseen ROC 0.5594 PR 0.0541 | valAUC 0.9773 | tau+ 0.580
[OUTPOST-v4] epoch 91: test-all ROC 0.7530 PR 0.4195 | unseen ROC 0.5966 PR 0.0589 | valAUC 0.9681 | tau+ 0.500
[OUTPOST-v4] epoch 92: test-all ROC 0.7592 PR 0.4239 | unseen ROC 0.6071 PR 0.0605 | valAUC 0.9614 | tau+ 0.500
[OUTPOST-v4] epoch 93: test-all ROC 0.7477 PR 0.4216 | unseen ROC 0.5871 PR 0.0577 | valAUC 0.9802 | tau+ 0.500
[OUTPOST-v4] epoch 94: test-all ROC 0.7119 PR 0.4115 | unseen ROC 0.5277 PR 0.0506 | valAUC 0.9787 | tau+ 0.822
[OUTPOST-v4] epoch 95: test-all ROC 0.7313 PR 0.4204 | unseen ROC 0.5594 PR 0.0542 | valAUC 0.9807 | tau+ 0.617
[OUTPOST-v4] epoch 96: test-all ROC 0.7553 PR 0.4265 | unseen ROC 0.6016 PR 0.0599 | valAUC 0.9773 | tau+ 0.500
[OUTPOST-v4] epoch 97: test-all ROC 0.7768 PR 0.4359 | unseen ROC 0.6370 PR 0.0661 | valAUC 0.9700 | tau+ 0.500
[OUTPOST-v4] epoch 98: test-all ROC 0.7666 PR 0.4331 | unseen ROC 0.6191 PR 0.0629 | valAUC 0.9734 | tau+ 0.500
[OUTPOST-v4] epoch 99: test-all ROC 0.7382 PR 0.4184 | unseen ROC 0.5722 PR 0.0558 | valAUC 0.9792 | tau+ 0.599
[OUTPOST-v4] epoch 100: test-all ROC 0.7387 PR 0.4213 | unseen ROC 0.5726 PR 0.0559 | valAUC 0.9744 | tau+ 0.630
[OUTPOST-v4] epoch 101: test-all ROC 0.7546 PR 0.4236 | unseen ROC 0.5993 PR 0.0596 | valAUC 0.9812 | tau+ 0.500
[OUTPOST-v4] epoch 102: test-all ROC 0.7610 PR 0.4319 | unseen ROC 0.6105 PR 0.0614 | valAUC 0.9778 | tau+ 0.500
[OUTPOST-v4] epoch 103: test-all ROC 0.7619 PR 0.4284 | unseen ROC 0.6123 PR 0.0617 | valAUC 0.9807 | tau+ 0.500
[OUTPOST-v4] epoch 104: test-all ROC 0.7440 PR 0.4240 | unseen ROC 0.5825 PR 0.0573 | valAUC 0.9725 | tau+ 0.500
[OUTPOST-v4] epoch 105: test-all ROC 0.7301 PR 0.4218 | unseen ROC 0.5579 PR 0.0540 | valAUC 0.9778 | tau+ 0.629
[OUTPOST-v4] epoch 106: test-all ROC 0.7302 PR 0.4194 | unseen ROC 0.5591 PR 0.0542 | valAUC 0.9700 | tau+ 0.611
[OUTPOST-v4] epoch 107: test-all ROC 0.7548 PR 0.4245 | unseen ROC 0.6005 PR 0.0600 | valAUC 0.9729 | tau+ 0.500
[OUTPOST-v4] epoch 108: test-all ROC 0.7623 PR 0.4283 | unseen ROC 0.6154 PR 0.0624 | valAUC 0.9739 | tau+ 0.500
[OUTPOST-v4] epoch 109: test-all ROC 0.7568 PR 0.4292 | unseen ROC 0.6047 PR 0.0606 | valAUC 0.9729 | tau+ 0.500
[OUTPOST-v4] epoch 110: test-all ROC 0.7489 PR 0.4226 | unseen ROC 0.5916 PR 0.0585 | valAUC 0.9739 | tau+ 0.500
[OUTPOST-v4] epoch 111: test-all ROC 0.7386 PR 0.4196 | unseen ROC 0.5735 PR 0.0560 | valAUC 0.9797 | tau+ 0.582
[OUTPOST-v4] epoch 112: test-all ROC 0.7497 PR 0.4229 | unseen ROC 0.5916 PR 0.0586 | valAUC 0.9783 | tau+ 0.627
[OUTPOST-v4] epoch 113: test-all ROC 0.7532 PR 0.4240 | unseen ROC 0.5984 PR 0.0595 | valAUC 0.9836 | tau+ 0.612
[OUTPOST-v4] epoch 114: test-all ROC 0.7671 PR 0.4304 | unseen ROC 0.6210 PR 0.0633 | valAUC 0.9720 | tau+ 0.500
[OUTPOST-v4] epoch 115: test-all ROC 0.7676 PR 0.4317 | unseen ROC 0.6225 PR 0.0634 | valAUC 0.9638 | tau+ 0.500
[OUTPOST-v4] epoch 116: test-all ROC 0.7512 PR 0.4247 | unseen ROC 0.5958 PR 0.0591 | valAUC 0.9754 | tau+ 0.500
[OUTPOST-v4] epoch 117: test-all ROC 0.7435 PR 0.4198 | unseen ROC 0.5808 PR 0.0568 | valAUC 0.9836 | tau+ 0.500
[OUTPOST-v4] epoch 118: test-all ROC 0.7484 PR 0.4235 | unseen ROC 0.5888 PR 0.0580 | valAUC 0.9797 | tau+ 0.500
[OUTPOST-v4] epoch 119: test-all ROC 0.7517 PR 0.4243 | unseen ROC 0.5953 PR 0.0591 | valAUC 0.9783 | tau+ 0.500
[OUTPOST-v4] epoch 120: test-all ROC 0.7511 PR 0.4245 | unseen ROC 0.5959 PR 0.0591 | valAUC 0.9797 | tau+ 0.500
[OUTPOST-v4] epoch 121: test-all ROC 0.7579 PR 0.4232 | unseen ROC 0.6083 PR 0.0609 | valAUC 0.9715 | tau+ 0.500
[OUTPOST-v4] epoch 122: test-all ROC 0.7601 PR 0.4243 | unseen ROC 0.6098 PR 0.0613 | valAUC 0.9696 | tau+ 0.500
[OUTPOST-v4] epoch 123: test-all ROC 0.7568 PR 0.4269 | unseen ROC 0.6044 PR 0.0605 | valAUC 0.9816 | tau+ 0.500
[OUTPOST-v4] epoch 124: test-all ROC 0.7550 PR 0.4262 | unseen ROC 0.6000 PR 0.0595 | valAUC 0.9734 | tau+ 0.561
[OUTPOST-v4] epoch 125: test-all ROC 0.7633 PR 0.4281 | unseen ROC 0.6153 PR 0.0620 | valAUC 0.9763 | tau+ 0.500
[OUTPOST-v4] epoch 126: test-all ROC 0.7748 PR 0.4331 | unseen ROC 0.6334 PR 0.0652 | valAUC 0.9763 | tau+ 0.500
[OUTPOST-v4] epoch 127: test-all ROC 0.7759 PR 0.4315 | unseen ROC 0.6366 PR 0.0660 | valAUC 0.9807 | tau+ 0.500
[OUTPOST-v4] epoch 128: test-all ROC 0.7686 PR 0.4302 | unseen ROC 0.6238 PR 0.0634 | valAUC 0.9700 | tau+ 0.500
[OUTPOST-v4] epoch 129: test-all ROC 0.7582 PR 0.4248 | unseen ROC 0.6068 PR 0.0606 | valAUC 0.9734 | tau+ 0.500
[OUTPOST-v4] epoch 130: test-all ROC 0.7576 PR 0.4234 | unseen ROC 0.6059 PR 0.0604 | valAUC 0.9633 | tau+ 0.742
[OUTPOST-v4] epoch 131: test-all ROC 0.7618 PR 0.4259 | unseen ROC 0.6142 PR 0.0616 | valAUC 0.9696 | tau+ 0.559
[OUTPOST-v4] epoch 132: test-all ROC 0.7663 PR 0.4313 | unseen ROC 0.6209 PR 0.0630 | valAUC 0.9783 | tau+ 0.500
[OUTPOST-v4] epoch 133: test-all ROC 0.7673 PR 0.4293 | unseen ROC 0.6220 PR 0.0633 | valAUC 0.9623 | tau+ 0.500
[OUTPOST-v4] epoch 134: test-all ROC 0.7506 PR 0.4245 | unseen ROC 0.5962 PR 0.0591 | valAUC 0.9768 | tau+ 0.500
[OUTPOST-v4] epoch 135: test-all ROC 0.7272 PR 0.4146 | unseen ROC 0.5540 PR 0.0535 | valAUC 0.9768 | tau+ 0.748
[OUTPOST-v4] epoch 136: test-all ROC 0.7362 PR 0.4176 | unseen ROC 0.5698 PR 0.0555 | valAUC 0.9792 | tau+ 0.500
[OUTPOST-v4] epoch 137: test-all ROC 0.7419 PR 0.4207 | unseen ROC 0.5807 PR 0.0570 | valAUC 0.9739 | tau+ 0.518
[OUTPOST-v4] epoch 138: test-all ROC 0.7441 PR 0.4213 | unseen ROC 0.5841 PR 0.0574 | valAUC 0.9667 | tau+ 0.500
[OUTPOST-v4] epoch 139: test-all ROC 0.7432 PR 0.4234 | unseen ROC 0.5828 PR 0.0573 | valAUC 0.9700 | tau+ 0.500
[OUTPOST-v4] epoch 140: test-all ROC 0.7522 PR 0.4257 | unseen ROC 0.5983 PR 0.0595 | valAUC 0.9763 | tau+ 0.500
[OUTPOST-v4] epoch 141: test-all ROC 0.7561 PR 0.4230 | unseen ROC 0.6044 PR 0.0606 | valAUC 0.9691 | tau+ 0.552
[OUTPOST-v4] epoch 142: test-all ROC 0.7627 PR 0.4284 | unseen ROC 0.6155 PR 0.0622 | valAUC 0.9739 | tau+ 0.512
[OUTPOST-v4] epoch 143: test-all ROC 0.7697 PR 0.4274 | unseen ROC 0.6267 PR 0.0642 | valAUC 0.9696 | tau+ 0.537
[OUTPOST-v4] epoch 144: test-all ROC 0.7690 PR 0.4270 | unseen ROC 0.6257 PR 0.0641 | valAUC 0.9657 | tau+ 0.517
[OUTPOST-v4] epoch 145: test-all ROC 0.7764 PR 0.4314 | unseen ROC 0.6396 PR 0.0668 | valAUC 0.9691 | tau+ 0.500
[OUTPOST-v4] epoch 146: test-all ROC 0.7766 PR 0.4351 | unseen ROC 0.6383 PR 0.0664 | valAUC 0.9715 | tau+ 0.500
[OUTPOST-v4] epoch 147: test-all ROC 0.7753 PR 0.4321 | unseen ROC 0.6371 PR 0.0660 | valAUC 0.9609 | tau+ 0.624
[OUTPOST-v4] epoch 148: test-all ROC 0.7736 PR 0.4311 | unseen ROC 0.6332 PR 0.0654 | valAUC 0.9667 | tau+ 0.568
[OUTPOST-v4] epoch 149: test-all ROC 0.7638 PR 0.4288 | unseen ROC 0.6179 PR 0.0628 | valAUC 0.9807 | tau+ 0.649
[OUTPOST-v4] epoch 150: test-all ROC 0.7587 PR 0.4229 | unseen ROC 0.6080 PR 0.0611 | valAUC 0.9662 | tau+ 0.653
[OUTPOST-v4] epoch 151: test-all ROC 0.7645 PR 0.4274 | unseen ROC 0.6181 PR 0.0625 | valAUC 0.9758 | tau+ 0.653
[OUTPOST-v4] epoch 152: test-all ROC 0.7677 PR 0.4321 | unseen ROC 0.6236 PR 0.0638 | valAUC 0.9715 | tau+ 0.500
[OUTPOST-v4] epoch 153: test-all ROC 0.7613 PR 0.4295 | unseen ROC 0.6130 PR 0.0619 | valAUC 0.9739 | tau+ 0.500
[OUTPOST-v4] epoch 154: test-all ROC 0.7564 PR 0.4254 | unseen ROC 0.6039 PR 0.0602 | valAUC 0.9787 | tau+ 0.693
[OUTPOST-v4] epoch 155: test-all ROC 0.7591 PR 0.4288 | unseen ROC 0.6091 PR 0.0612 | valAUC 0.9647 | tau+ 0.638
[OUTPOST-v4] epoch 156: test-all ROC 0.7713 PR 0.4295 | unseen ROC 0.6301 PR 0.0646 | valAUC 0.9705 | tau+ 0.500
[OUTPOST-v4] epoch 157: test-all ROC 0.7749 PR 0.4284 | unseen ROC 0.6356 PR 0.0656 | valAUC 0.9725 | tau+ 0.500
[OUTPOST-v4] epoch 158: test-all ROC 0.7641 PR 0.4286 | unseen ROC 0.6169 PR 0.0624 | valAUC 0.9744 | tau+ 0.672
[OUTPOST-v4] epoch 159: test-all ROC 0.7623 PR 0.4237 | unseen ROC 0.6139 PR 0.0620 | valAUC 0.9686 | tau+ 0.500
[OUTPOST-v4] epoch 160: test-all ROC 0.7550 PR 0.4235 | unseen ROC 0.6026 PR 0.0601 | valAUC 0.9744 | tau+ 0.703
[OUTPOST-v4] epoch 161: test-all ROC 0.7564 PR 0.4274 | unseen ROC 0.6049 PR 0.0604 | valAUC 0.9787 | tau+ 0.569
[OUTPOST-v4] epoch 162: test-all ROC 0.7528 PR 0.4243 | unseen ROC 0.5987 PR 0.0595 | valAUC 0.9758 | tau+ 0.605
[OUTPOST-v4] epoch 163: test-all ROC 0.7605 PR 0.4244 | unseen ROC 0.6117 PR 0.0616 | valAUC 0.9696 | tau+ 0.500
[OUTPOST-v4] epoch 164: test-all ROC 0.7607 PR 0.4250 | unseen ROC 0.6127 PR 0.0617 | valAUC 0.9710 | tau+ 0.552
[OUTPOST-v4] epoch 165: test-all ROC 0.7645 PR 0.4227 | unseen ROC 0.6182 PR 0.0626 | valAUC 0.9744 | tau+ 0.541
[OUTPOST-v4] epoch 166: test-all ROC 0.7625 PR 0.4298 | unseen ROC 0.6144 PR 0.0620 | valAUC 0.9715 | tau+ 0.544
[OUTPOST-v4] epoch 167: test-all ROC 0.7539 PR 0.4272 | unseen ROC 0.5991 PR 0.0595 | valAUC 0.9754 | tau+ 0.873
[OUTPOST-v4] epoch 168: test-all ROC 0.7733 PR 0.4296 | unseen ROC 0.6326 PR 0.0651 | valAUC 0.9705 | tau+ 0.500
[OUTPOST-v4] epoch 169: test-all ROC 0.7802 PR 0.4284 | unseen ROC 0.6456 PR 0.0679 | valAUC 0.9739 | tau+ 0.500
[OUTPOST-v4] epoch 170: test-all ROC 0.7855 PR 0.4347 | unseen ROC 0.6539 PR 0.0694 | valAUC 0.9720 | tau+ 0.500
[OUTPOST-v4] epoch 171: test-all ROC 0.7743 PR 0.4315 | unseen ROC 0.6328 PR 0.0650 | valAUC 0.9792 | tau+ 0.533
[OUTPOST-v4] epoch 172: test-all ROC 0.7510 PR 0.4229 | unseen ROC 0.5944 PR 0.0588 | valAUC 0.9845 | tau+ 0.852
[OUTPOST-v4] epoch 173: test-all ROC 0.7563 PR 0.4279 | unseen ROC 0.6044 PR 0.0603 | valAUC 0.9758 | tau+ 0.837
[OUTPOST-v4] epoch 174: test-all ROC 0.7888 PR 0.4381 | unseen ROC 0.6593 PR 0.0701 | valAUC 0.9768 | tau+ 0.500
[OUTPOST-v4] epoch 175: test-all ROC 0.7988 PR 0.4433 | unseen ROC 0.6784 PR 0.0751 | valAUC 0.9652 | tau+ 0.500
[OUTPOST-v4] epoch 176: test-all ROC 0.8031 PR 0.4414 | unseen ROC 0.6848 PR 0.0763 | valAUC 0.9739 | tau+ 0.500
[OUTPOST-v4] epoch 177: test-all ROC 0.7893 PR 0.4370 | unseen ROC 0.6608 PR 0.0710 | valAUC 0.9720 | tau+ 0.500
[OUTPOST-v4] epoch 178: test-all ROC 0.7640 PR 0.4289 | unseen ROC 0.6180 PR 0.0628 | valAUC 0.9807 | tau+ 0.836
[OUTPOST-v4] epoch 179: test-all ROC 0.7528 PR 0.4254 | unseen ROC 0.5979 PR 0.0596 | valAUC 0.9778 | tau+ 0.811
[OUTPOST-v4] epoch 180: test-all ROC 0.7638 PR 0.4279 | unseen ROC 0.6169 PR 0.0629 | valAUC 0.9686 | tau+ 0.574
[OUTPOST-v4] epoch 181: test-all ROC 0.7693 PR 0.4298 | unseen ROC 0.6265 PR 0.0646 | valAUC 0.9720 | tau+ 0.500
[OUTPOST-v4] epoch 182: test-all ROC 0.7739 PR 0.4352 | unseen ROC 0.6343 PR 0.0658 | valAUC 0.9696 | tau+ 0.500
[OUTPOST-v4] epoch 183: test-all ROC 0.7695 PR 0.4266 | unseen ROC 0.6262 PR 0.0645 | valAUC 0.9812 | tau+ 0.500
[OUTPOST-v4] epoch 184: test-all ROC 0.7654 PR 0.4278 | unseen ROC 0.6191 PR 0.0630 | valAUC 0.9739 | tau+ 0.500
[OUTPOST-v4] epoch 185: test-all ROC 0.7528 PR 0.4246 | unseen ROC 0.5974 PR 0.0594 | valAUC 0.9787 | tau+ 0.665
[OUTPOST-v4] epoch 186: test-all ROC 0.7557 PR 0.4266 | unseen ROC 0.6026 PR 0.0602 | valAUC 0.9744 | tau+ 0.783
[OUTPOST-v4] epoch 187: test-all ROC 0.7734 PR 0.4332 | unseen ROC 0.6325 PR 0.0652 | valAUC 0.9739 | tau+ 0.500
[OUTPOST-v4] epoch 188: test-all ROC 0.7822 PR 0.4309 | unseen ROC 0.6481 PR 0.0682 | valAUC 0.9768 | tau+ 0.500
[OUTPOST-v4] epoch 189: test-all ROC 0.7871 PR 0.4352 | unseen ROC 0.6548 PR 0.0695 | valAUC 0.9778 | tau+ 0.500
[OUTPOST-v4] epoch 190: test-all ROC 0.7790 PR 0.4339 | unseen ROC 0.6415 PR 0.0666 | valAUC 0.9754 | tau+ 0.567
[OUTPOST-v4] epoch 191: test-all ROC 0.7717 PR 0.4274 | unseen ROC 0.6291 PR 0.0645 | valAUC 0.9807 | tau+ 0.779
[OUTPOST-v4] epoch 192: test-all ROC 0.7776 PR 0.4319 | unseen ROC 0.6382 PR 0.0659 | valAUC 0.9845 | tau+ 0.775
[OUTPOST-v4] epoch 193: test-all ROC 0.7859 PR 0.4350 | unseen ROC 0.6540 PR 0.0692 | valAUC 0.9787 | tau+ 0.565
[OUTPOST-v4] epoch 194: test-all ROC 0.7861 PR 0.4288 | unseen ROC 0.6554 PR 0.0696 | valAUC 0.9744 | tau+ 0.500
[OUTPOST-v4] epoch 195: test-all ROC 0.7707 PR 0.4338 | unseen ROC 0.6280 PR 0.0646 | valAUC 0.9773 | tau+ 0.657
[OUTPOST-v4] epoch 196: test-all ROC 0.7652 PR 0.4273 | unseen ROC 0.6191 PR 0.0630 | valAUC 0.9754 | tau+ 0.613
[OUTPOST-v4] epoch 197: test-all ROC 0.7564 PR 0.4237 | unseen ROC 0.6041 PR 0.0606 | valAUC 0.9865 | tau+ 0.500
[OUTPOST-v4] epoch 198: test-all ROC 0.7488 PR 0.4229 | unseen ROC 0.5909 PR 0.0585 | valAUC 0.9749 | tau+ 0.728
[OUTPOST-v4] epoch 199: test-all ROC 0.7602 PR 0.4290 | unseen ROC 0.6099 PR 0.0617 | valAUC 0.9744 | tau+ 0.573
  rotation 7: ROC 0.8031 PR 0.4433
[photo] params 114113, peak GPU 2.93 GB, 16.0 min total

[photo] AGGREGATE  best-over-epochs: ROC 0.8243 PR 0.5124
[photo] AGGREGATE  val-selected:     ROC 0.7063 PR 0.4513
row appended to results/results.csv
