# gpu=3 cmd=/usr/bin/python3 -u main.py --dataset photo --seed 1 --method outpost --tag G_b5_sim0.0 --set sampling_sizes=[5, 10] sim_topk_frac=0.0
/nas/home/jahin/.local/lib/python3.10/site-packages/requests/__init__.py:113: RequestsDependencyWarning: urllib3 (1.26.5) or chardet (7.2.0)/charset_normalizer (3.4.4) doesn't match a supported version!
  warnings.warn(
[0.04823529 0.22039216 0.09189542 0.11960784 0.11529412 0.1075817
 0.25372549 0.04326797]
[photo] anomaly classes (rotations): [np.int64(0), np.int64(7)]
Normal classes: [np.int64(1), np.int64(2), np.int64(3), np.int64(4), np.int64(5), np.int64(6)] in photo
Building multi-layer GraphSage
[OUTPOST-v4] epoch 0: test-all ROC 0.5869 PR 0.1095 | unseen ROC 0.4040 PR 0.0364 | valAUC 0.8140 | tau+ 0.543
[OUTPOST-v4] epoch 1: test-all ROC 0.5937 PR 0.1096 | unseen ROC 0.4229 PR 0.0376 | valAUC 0.7640 | tau+ 0.500
[OUTPOST-v4] epoch 2: test-all ROC 0.5918 PR 0.1052 | unseen ROC 0.4269 PR 0.0379 | valAUC 0.7357 | tau+ 0.500
[OUTPOST-v4] epoch 3: test-all ROC 0.5916 PR 0.1111 | unseen ROC 0.3954 PR 0.0360 | valAUC 0.8415 | tau+ 0.500
[OUTPOST-v4] epoch 4: test-all ROC 0.6022 PR 0.1208 | unseen ROC 0.3887 PR 0.0357 | valAUC 0.8440 | tau+ 0.500
[OUTPOST-v4] epoch 5: test-all ROC 0.6021 PR 0.1194 | unseen ROC 0.3909 PR 0.0357 | valAUC 0.8251 | tau+ 0.500
[OUTPOST-v4] epoch 6: test-all ROC 0.6045 PR 0.1204 | unseen ROC 0.3956 PR 0.0359 | valAUC 0.8367 | tau+ 0.500
[OUTPOST-v4] epoch 7: test-all ROC 0.6069 PR 0.1236 | unseen ROC 0.3979 PR 0.0361 | valAUC 0.8362 | tau+ 0.500
[OUTPOST-v4] epoch 8: test-all ROC 0.6087 PR 0.1256 | unseen ROC 0.3978 PR 0.0361 | valAUC 0.8614 | tau+ 0.500
[OUTPOST-v4] epoch 9: test-all ROC 0.6159 PR 0.1301 | unseen ROC 0.4007 PR 0.0363 | valAUC 0.8425 | tau+ 0.500
[OUTPOST-v4] epoch 10: test-all ROC 0.6125 PR 0.1313 | unseen ROC 0.3906 PR 0.0357 | valAUC 0.8749 | tau+ 0.500
[OUTPOST-v4] epoch 11: test-all ROC 0.6206 PR 0.1327 | unseen ROC 0.4043 PR 0.0365 | valAUC 0.9034 | tau+ 0.500
[OUTPOST-v4] epoch 12: test-all ROC 0.6225 PR 0.1397 | unseen ROC 0.3949 PR 0.0360 | valAUC 0.8797 | tau+ 0.500
[OUTPOST-v4] epoch 13: test-all ROC 0.6165 PR 0.1401 | unseen ROC 0.3804 PR 0.0351 | valAUC 0.9024 | tau+ 0.500
[OUTPOST-v4] epoch 14: test-all ROC 0.6280 PR 0.1445 | unseen ROC 0.4005 PR 0.0363 | valAUC 0.8671 | tau+ 0.500
[OUTPOST-v4] epoch 15: test-all ROC 0.6298 PR 0.1514 | unseen ROC 0.3963 PR 0.0360 | valAUC 0.8966 | tau+ 0.500
[OUTPOST-v4] epoch 16: test-all ROC 0.6304 PR 0.1539 | unseen ROC 0.3921 PR 0.0358 | valAUC 0.8990 | tau+ 0.500
[OUTPOST-v4] epoch 17: test-all ROC 0.6323 PR 0.1540 | unseen ROC 0.3960 PR 0.0360 | valAUC 0.8986 | tau+ 0.500
[OUTPOST-v4] epoch 18: test-all ROC 0.6333 PR 0.1583 | unseen ROC 0.3942 PR 0.0359 | valAUC 0.8981 | tau+ 0.500
[OUTPOST-v4] epoch 19: test-all ROC 0.6430 PR 0.1641 | unseen ROC 0.4105 PR 0.0369 | valAUC 0.8957 | tau+ 0.500
[OUTPOST-v4] epoch 20: test-all ROC 0.6369 PR 0.1656 | unseen ROC 0.3956 PR 0.0360 | valAUC 0.9082 | tau+ 0.500
[OUTPOST-v4] epoch 21: test-all ROC 0.6406 PR 0.1735 | unseen ROC 0.3963 PR 0.0360 | valAUC 0.9130 | tau+ 0.500
[OUTPOST-v4] epoch 22: test-all ROC 0.6398 PR 0.1768 | unseen ROC 0.3915 PR 0.0357 | valAUC 0.9338 | tau+ 0.500
[OUTPOST-v4] epoch 23: test-all ROC 0.6448 PR 0.1829 | unseen ROC 0.4018 PR 0.0363 | valAUC 0.9140 | tau+ 0.500
[OUTPOST-v4] epoch 24: test-all ROC 0.6604 PR 0.2049 | unseen ROC 0.4185 PR 0.0373 | valAUC 0.9217 | tau+ 0.500
[OUTPOST-v4] epoch 25: test-all ROC 0.6534 PR 0.2260 | unseen ROC 0.4049 PR 0.0365 | valAUC 0.9280 | tau+ 0.500
[OUTPOST-v4] epoch 26: test-all ROC 0.6534 PR 0.2563 | unseen ROC 0.4021 PR 0.0363 | valAUC 0.9304 | tau+ 0.500
[OUTPOST-v4] epoch 27: test-all ROC 0.6650 PR 0.3126 | unseen ROC 0.4174 PR 0.0373 | valAUC 0.9440 | tau+ 0.500
[OUTPOST-v4] epoch 28: test-all ROC 0.6608 PR 0.3415 | unseen ROC 0.4069 PR 0.0366 | valAUC 0.9502 | tau+ 0.500
[OUTPOST-v4] epoch 29: test-all ROC 0.6625 PR 0.3693 | unseen ROC 0.4048 PR 0.0366 | valAUC 0.9473 | tau+ 0.500
[OUTPOST-v4] epoch 30: test-all ROC 0.6652 PR 0.3890 | unseen ROC 0.4112 PR 0.0370 | valAUC 0.9435 | tau+ 0.500
[OUTPOST-v4] epoch 31: test-all ROC 0.6665 PR 0.4035 | unseen ROC 0.4055 PR 0.0366 | valAUC 0.9420 | tau+ 0.500
[OUTPOST-v4] epoch 32: test-all ROC 0.6682 PR 0.4125 | unseen ROC 0.4078 PR 0.0367 | valAUC 0.9420 | tau+ 0.500
[OUTPOST-v4] epoch 33: test-all ROC 0.6701 PR 0.4405 | unseen ROC 0.4107 PR 0.0369 | valAUC 0.9604 | tau+ 0.500
[OUTPOST-v4] epoch 34: test-all ROC 0.6801 PR 0.4521 | unseen ROC 0.4239 PR 0.0385 | valAUC 0.9604 | tau+ 0.500
[OUTPOST-v4] epoch 35: test-all ROC 0.6792 PR 0.4638 | unseen ROC 0.4194 PR 0.0376 | valAUC 0.9560 | tau+ 0.524
[OUTPOST-v4] epoch 36: test-all ROC 0.6764 PR 0.4731 | unseen ROC 0.4122 PR 0.0373 | valAUC 0.9531 | tau+ 0.509
[OUTPOST-v4] epoch 37: test-all ROC 0.6879 PR 0.4704 | unseen ROC 0.4350 PR 0.0388 | valAUC 0.9507 | tau+ 0.514
[OUTPOST-v4] epoch 38: test-all ROC 0.6808 PR 0.4687 | unseen ROC 0.4210 PR 0.0380 | valAUC 0.9585 | tau+ 0.542
[OUTPOST-v4] epoch 39: test-all ROC 0.6895 PR 0.4800 | unseen ROC 0.4336 PR 0.0393 | valAUC 0.9589 | tau+ 0.611
[OUTPOST-v4] epoch 40: test-all ROC 0.6887 PR 0.4870 | unseen ROC 0.4323 PR 0.0387 | valAUC 0.9551 | tau+ 0.633
[OUTPOST-v4] epoch 41: test-all ROC 0.6942 PR 0.4889 | unseen ROC 0.4449 PR 0.0403 | valAUC 0.9546 | tau+ 0.679
[OUTPOST-v4] epoch 42: test-all ROC 0.6951 PR 0.4927 | unseen ROC 0.4426 PR 0.0394 | valAUC 0.9580 | tau+ 0.651
[OUTPOST-v4] epoch 43: test-all ROC 0.6916 PR 0.4971 | unseen ROC 0.4373 PR 0.0397 | valAUC 0.9667 | tau+ 0.688
[OUTPOST-v4] epoch 44: test-all ROC 0.6947 PR 0.4983 | unseen ROC 0.4401 PR 0.0397 | valAUC 0.9671 | tau+ 0.697
[OUTPOST-v4] epoch 45: test-all ROC 0.7012 PR 0.4946 | unseen ROC 0.4542 PR 0.0406 | valAUC 0.9638 | tau+ 0.602
[OUTPOST-v4] epoch 46: test-all ROC 0.7007 PR 0.4975 | unseen ROC 0.4534 PR 0.0401 | valAUC 0.9691 | tau+ 0.705
[OUTPOST-v4] epoch 47: test-all ROC 0.7112 PR 0.4997 | unseen ROC 0.4740 PR 0.0423 | valAUC 0.9686 | tau+ 0.773
[OUTPOST-v4] epoch 48: test-all ROC 0.7076 PR 0.5066 | unseen ROC 0.4616 PR 0.0416 | valAUC 0.9802 | tau+ 0.751
[OUTPOST-v4] epoch 49: test-all ROC 0.7126 PR 0.5064 | unseen ROC 0.4740 PR 0.0423 | valAUC 0.9705 | tau+ 0.764
[OUTPOST-v4] epoch 50: test-all ROC 0.7225 PR 0.5124 | unseen ROC 0.4893 PR 0.0442 | valAUC 0.9686 | tau+ 0.682
[OUTPOST-v4] epoch 51: test-all ROC 0.7101 PR 0.5049 | unseen ROC 0.4686 PR 0.0438 | valAUC 0.9662 | tau+ 0.551
[OUTPOST-v4] epoch 52: test-all ROC 0.7349 PR 0.5165 | unseen ROC 0.5129 PR 0.0455 | valAUC 0.9739 | tau+ 0.773
[OUTPOST-v4] epoch 53: test-all ROC 0.7278 PR 0.5092 | unseen ROC 0.5029 PR 0.0442 | valAUC 0.9696 | tau+ 0.654
[OUTPOST-v4] epoch 54: test-all ROC 0.7199 PR 0.5079 | unseen ROC 0.4856 PR 0.0428 | valAUC 0.9594 | tau+ 0.651
[OUTPOST-v4] epoch 55: test-all ROC 0.7205 PR 0.5043 | unseen ROC 0.4916 PR 0.0450 | valAUC 0.9681 | tau+ 0.500
[OUTPOST-v4] epoch 56: test-all ROC 0.7264 PR 0.5040 | unseen ROC 0.5017 PR 0.0442 | valAUC 0.9604 | tau+ 0.564
[OUTPOST-v4] epoch 57: test-all ROC 0.7211 PR 0.5018 | unseen ROC 0.4879 PR 0.0434 | valAUC 0.9725 | tau+ 0.500
[OUTPOST-v4] epoch 58: test-all ROC 0.7347 PR 0.5088 | unseen ROC 0.5142 PR 0.0464 | valAUC 0.9633 | tau+ 0.500
[OUTPOST-v4] epoch 59: test-all ROC 0.7516 PR 0.5198 | unseen ROC 0.5441 PR 0.0499 | valAUC 0.9744 | tau+ 0.500
[OUTPOST-v4] epoch 60: test-all ROC 0.7567 PR 0.5253 | unseen ROC 0.5517 PR 0.0526 | valAUC 0.9715 | tau+ 0.600
[OUTPOST-v4] epoch 61: test-all ROC 0.7467 PR 0.5153 | unseen ROC 0.5329 PR 0.0483 | valAUC 0.9720 | tau+ 0.633
[OUTPOST-v4] epoch 62: test-all ROC 0.7569 PR 0.5177 | unseen ROC 0.5541 PR 0.0522 | valAUC 0.9903 | tau+ 0.559
[OUTPOST-v4] epoch 63: test-all ROC 0.7507 PR 0.5143 | unseen ROC 0.5403 PR 0.0492 | valAUC 0.9816 | tau+ 0.500
[OUTPOST-v4] epoch 64: test-all ROC 0.7548 PR 0.5191 | unseen ROC 0.5498 PR 0.0525 | valAUC 0.9836 | tau+ 0.500
[OUTPOST-v4] epoch 65: test-all ROC 0.7597 PR 0.5224 | unseen ROC 0.5585 PR 0.0548 | valAUC 0.9667 | tau+ 0.500
[OUTPOST-v4] epoch 66: test-all ROC 0.7718 PR 0.5292 | unseen ROC 0.5802 PR 0.0539 | valAUC 0.9831 | tau+ 0.500
[OUTPOST-v4] epoch 67: test-all ROC 0.7802 PR 0.5375 | unseen ROC 0.5958 PR 0.0559 | valAUC 0.9657 | tau+ 0.528
[OUTPOST-v4] epoch 68: test-all ROC 0.7724 PR 0.5299 | unseen ROC 0.5804 PR 0.0540 | valAUC 0.9720 | tau+ 0.500
[OUTPOST-v4] epoch 69: test-all ROC 0.7758 PR 0.5291 | unseen ROC 0.5871 PR 0.0544 | valAUC 0.9932 | tau+ 0.500
[OUTPOST-v4] epoch 70: test-all ROC 0.7668 PR 0.5288 | unseen ROC 0.5700 PR 0.0531 | valAUC 0.9773 | tau+ 0.500
[OUTPOST-v4] epoch 71: test-all ROC 0.7689 PR 0.5241 | unseen ROC 0.5750 PR 0.0540 | valAUC 0.9816 | tau+ 0.500
[OUTPOST-v4] epoch 72: test-all ROC 0.7710 PR 0.5322 | unseen ROC 0.5791 PR 0.0541 | valAUC 0.9700 | tau+ 0.500
[OUTPOST-v4] epoch 73: test-all ROC 0.7831 PR 0.5362 | unseen ROC 0.6003 PR 0.0560 | valAUC 0.9841 | tau+ 0.500
[OUTPOST-v4] epoch 74: test-all ROC 0.7862 PR 0.5400 | unseen ROC 0.6071 PR 0.0586 | valAUC 0.9797 | tau+ 0.500
[OUTPOST-v4] epoch 75: test-all ROC 0.7830 PR 0.5353 | unseen ROC 0.5989 PR 0.0558 | valAUC 0.9647 | tau+ 0.500
[OUTPOST-v4] epoch 76: test-all ROC 0.7828 PR 0.5320 | unseen ROC 0.6001 PR 0.0584 | valAUC 0.9749 | tau+ 0.500
[OUTPOST-v4] epoch 77: test-all ROC 0.7802 PR 0.5337 | unseen ROC 0.5969 PR 0.0570 | valAUC 0.9681 | tau+ 0.500
[OUTPOST-v4] epoch 78: test-all ROC 0.7874 PR 0.5390 | unseen ROC 0.6075 PR 0.0578 | valAUC 0.9807 | tau+ 0.500
[OUTPOST-v4] epoch 79: test-all ROC 0.7819 PR 0.5321 | unseen ROC 0.5987 PR 0.0559 | valAUC 0.9729 | tau+ 0.500
[OUTPOST-v4] epoch 80: test-all ROC 0.7963 PR 0.5451 | unseen ROC 0.6242 PR 0.0611 | valAUC 0.9778 | tau+ 0.500
[OUTPOST-v4] epoch 81: test-all ROC 0.7990 PR 0.5450 | unseen ROC 0.6293 PR 0.0631 | valAUC 0.9715 | tau+ 0.500
[OUTPOST-v4] epoch 82: test-all ROC 0.7970 PR 0.5439 | unseen ROC 0.6259 PR 0.0604 | valAUC 0.9802 | tau+ 0.500
[OUTPOST-v4] epoch 83: test-all ROC 0.8010 PR 0.5437 | unseen ROC 0.6334 PR 0.0619 | valAUC 0.9768 | tau+ 0.500
[OUTPOST-v4] epoch 84: test-all ROC 0.8022 PR 0.5467 | unseen ROC 0.6372 PR 0.0636 | valAUC 0.9812 | tau+ 0.500
[OUTPOST-v4] epoch 85: test-all ROC 0.8048 PR 0.5460 | unseen ROC 0.6419 PR 0.0648 | valAUC 0.9850 | tau+ 0.500
[OUTPOST-v4] epoch 86: test-all ROC 0.8033 PR 0.5431 | unseen ROC 0.6404 PR 0.0632 | valAUC 0.9783 | tau+ 0.500
[OUTPOST-v4] epoch 87: test-all ROC 0.8075 PR 0.5492 | unseen ROC 0.6474 PR 0.0655 | valAUC 0.9845 | tau+ 0.500
[OUTPOST-v4] epoch 88: test-all ROC 0.8088 PR 0.5482 | unseen ROC 0.6490 PR 0.0659 | valAUC 0.9908 | tau+ 0.500
[OUTPOST-v4] epoch 89: test-all ROC 0.8037 PR 0.5506 | unseen ROC 0.6403 PR 0.0682 | valAUC 0.9850 | tau+ 0.500
[OUTPOST-v4] epoch 90: test-all ROC 0.8042 PR 0.5476 | unseen ROC 0.6408 PR 0.0655 | valAUC 0.9865 | tau+ 0.500
[OUTPOST-v4] epoch 91: test-all ROC 0.7995 PR 0.5428 | unseen ROC 0.6348 PR 0.0642 | valAUC 0.9638 | tau+ 0.500
[OUTPOST-v4] epoch 92: test-all ROC 0.8001 PR 0.5396 | unseen ROC 0.6326 PR 0.0638 | valAUC 0.9681 | tau+ 0.500
[OUTPOST-v4] epoch 93: test-all ROC 0.8033 PR 0.5431 | unseen ROC 0.6411 PR 0.0654 | valAUC 0.9720 | tau+ 0.500
[OUTPOST-v4] epoch 94: test-all ROC 0.8027 PR 0.5428 | unseen ROC 0.6385 PR 0.0626 | valAUC 0.9657 | tau+ 0.500
[OUTPOST-v4] epoch 95: test-all ROC 0.8080 PR 0.5423 | unseen ROC 0.6479 PR 0.0654 | valAUC 0.9903 | tau+ 0.500
[OUTPOST-v4] epoch 96: test-all ROC 0.8053 PR 0.5504 | unseen ROC 0.6447 PR 0.0657 | valAUC 0.9792 | tau+ 0.500
[OUTPOST-v4] epoch 97: test-all ROC 0.8080 PR 0.5500 | unseen ROC 0.6481 PR 0.0672 | valAUC 0.9865 | tau+ 0.500
[OUTPOST-v4] epoch 98: test-all ROC 0.8167 PR 0.5529 | unseen ROC 0.6657 PR 0.0698 | valAUC 0.9744 | tau+ 0.500
[OUTPOST-v4] epoch 99: test-all ROC 0.8090 PR 0.5505 | unseen ROC 0.6491 PR 0.0677 | valAUC 0.9841 | tau+ 0.500
[OUTPOST-v4] epoch 100: test-all ROC 0.8012 PR 0.5483 | unseen ROC 0.6349 PR 0.0638 | valAUC 0.9807 | tau+ 0.500
[OUTPOST-v4] epoch 101: test-all ROC 0.8135 PR 0.5591 | unseen ROC 0.6577 PR 0.0699 | valAUC 0.9855 | tau+ 0.500
[OUTPOST-v4] epoch 102: test-all ROC 0.8216 PR 0.5613 | unseen ROC 0.6721 PR 0.0714 | valAUC 0.9778 | tau+ 0.500
[OUTPOST-v4] epoch 103: test-all ROC 0.8278 PR 0.5674 | unseen ROC 0.6833 PR 0.0731 | valAUC 0.9879 | tau+ 0.526
[OUTPOST-v4] epoch 104: test-all ROC 0.8203 PR 0.5610 | unseen ROC 0.6704 PR 0.0720 | valAUC 0.9850 | tau+ 0.500
[OUTPOST-v4] epoch 105: test-all ROC 0.8182 PR 0.5615 | unseen ROC 0.6648 PR 0.0702 | valAUC 0.9797 | tau+ 0.500
[OUTPOST-v4] epoch 106: test-all ROC 0.8199 PR 0.5623 | unseen ROC 0.6680 PR 0.0735 | valAUC 0.9715 | tau+ 0.500
[OUTPOST-v4] epoch 107: test-all ROC 0.8327 PR 0.5675 | unseen ROC 0.6916 PR 0.0758 | valAUC 0.9884 | tau+ 0.500
[OUTPOST-v4] epoch 108: test-all ROC 0.8252 PR 0.5652 | unseen ROC 0.6790 PR 0.0735 | valAUC 0.9807 | tau+ 0.500
[OUTPOST-v4] epoch 109: test-all ROC 0.8307 PR 0.5700 | unseen ROC 0.6898 PR 0.0787 | valAUC 0.9787 | tau+ 0.500
[OUTPOST-v4] epoch 110: test-all ROC 0.8316 PR 0.5658 | unseen ROC 0.6913 PR 0.0756 | valAUC 0.9903 | tau+ 0.500
[OUTPOST-v4] epoch 111: test-all ROC 0.8321 PR 0.5702 | unseen ROC 0.6913 PR 0.0760 | valAUC 0.9816 | tau+ 0.500
[OUTPOST-v4] epoch 112: test-all ROC 0.8357 PR 0.5700 | unseen ROC 0.6972 PR 0.0775 | valAUC 0.9821 | tau+ 0.500
[OUTPOST-v4] epoch 113: test-all ROC 0.8292 PR 0.5659 | unseen ROC 0.6890 PR 0.0761 | valAUC 0.9739 | tau+ 0.598
[OUTPOST-v4] epoch 114: test-all ROC 0.8335 PR 0.5711 | unseen ROC 0.6936 PR 0.0800 | valAUC 0.9802 | tau+ 0.500
[OUTPOST-v4] epoch 115: test-all ROC 0.8332 PR 0.5693 | unseen ROC 0.6963 PR 0.0776 | valAUC 0.9705 | tau+ 0.500
[OUTPOST-v4] epoch 116: test-all ROC 0.8222 PR 0.5643 | unseen ROC 0.6764 PR 0.0746 | valAUC 0.9773 | tau+ 0.500
[OUTPOST-v4] epoch 117: test-all ROC 0.8312 PR 0.5685 | unseen ROC 0.6905 PR 0.0763 | valAUC 0.9865 | tau+ 0.500
[OUTPOST-v4] epoch 118: test-all ROC 0.8201 PR 0.5645 | unseen ROC 0.6690 PR 0.0747 | valAUC 0.9729 | tau+ 0.500
[OUTPOST-v4] epoch 119: test-all ROC 0.8291 PR 0.5744 | unseen ROC 0.6874 PR 0.0817 | valAUC 0.9903 | tau+ 0.500
[OUTPOST-v4] epoch 120: test-all ROC 0.8327 PR 0.5726 | unseen ROC 0.6930 PR 0.0784 | valAUC 0.9768 | tau+ 0.500
[OUTPOST-v4] epoch 121: test-all ROC 0.8273 PR 0.5713 | unseen ROC 0.6826 PR 0.0756 | valAUC 0.9792 | tau+ 0.500
[OUTPOST-v4] epoch 122: test-all ROC 0.8289 PR 0.5677 | unseen ROC 0.6874 PR 0.0795 | valAUC 0.9758 | tau+ 0.500
[OUTPOST-v4] epoch 123: test-all ROC 0.8262 PR 0.5696 | unseen ROC 0.6820 PR 0.0744 | valAUC 0.9725 | tau+ 0.500
[OUTPOST-v4] epoch 124: test-all ROC 0.8223 PR 0.5673 | unseen ROC 0.6729 PR 0.0751 | valAUC 0.9802 | tau+ 0.500
[OUTPOST-v4] epoch 125: test-all ROC 0.8281 PR 0.5718 | unseen ROC 0.6839 PR 0.0775 | valAUC 0.9802 | tau+ 0.500
[OUTPOST-v4] epoch 126: test-all ROC 0.8399 PR 0.5793 | unseen ROC 0.7078 PR 0.0834 | valAUC 0.9947 | tau+ 0.500
[OUTPOST-v4] epoch 127: test-all ROC 0.8391 PR 0.5856 | unseen ROC 0.7053 PR 0.0841 | valAUC 0.9783 | tau+ 0.500
[OUTPOST-v4] epoch 128: test-all ROC 0.8417 PR 0.5779 | unseen ROC 0.7103 PR 0.0839 | valAUC 0.9763 | tau+ 0.500
[OUTPOST-v4] epoch 129: test-all ROC 0.8248 PR 0.5667 | unseen ROC 0.6795 PR 0.0757 | valAUC 0.9831 | tau+ 0.500
[OUTPOST-v4] epoch 130: test-all ROC 0.8162 PR 0.5585 | unseen ROC 0.6642 PR 0.0747 | valAUC 0.9797 | tau+ 0.500
[OUTPOST-v4] epoch 131: test-all ROC 0.8166 PR 0.5622 | unseen ROC 0.6643 PR 0.0717 | valAUC 0.9691 | tau+ 0.500
[OUTPOST-v4] epoch 132: test-all ROC 0.8201 PR 0.5588 | unseen ROC 0.6726 PR 0.0730 | valAUC 0.9836 | tau+ 0.500
[OUTPOST-v4] epoch 133: test-all ROC 0.8289 PR 0.5699 | unseen ROC 0.6858 PR 0.0760 | valAUC 0.9937 | tau+ 0.500
[OUTPOST-v4] epoch 134: test-all ROC 0.8361 PR 0.5782 | unseen ROC 0.7012 PR 0.0795 | valAUC 0.9860 | tau+ 0.500
[OUTPOST-v4] epoch 135: test-all ROC 0.8358 PR 0.5794 | unseen ROC 0.7011 PR 0.0820 | valAUC 0.9773 | tau+ 0.500
[OUTPOST-v4] epoch 136: test-all ROC 0.8437 PR 0.5800 | unseen ROC 0.7129 PR 0.0844 | valAUC 0.9903 | tau+ 0.500
[OUTPOST-v4] epoch 137: test-all ROC 0.8292 PR 0.5705 | unseen ROC 0.6873 PR 0.0755 | valAUC 0.9821 | tau+ 0.500
[OUTPOST-v4] epoch 138: test-all ROC 0.8221 PR 0.5656 | unseen ROC 0.6760 PR 0.0749 | valAUC 0.9855 | tau+ 0.500
[OUTPOST-v4] epoch 139: test-all ROC 0.8237 PR 0.5635 | unseen ROC 0.6776 PR 0.0761 | valAUC 0.9826 | tau+ 0.500
[OUTPOST-v4] epoch 140: test-all ROC 0.8234 PR 0.5645 | unseen ROC 0.6758 PR 0.0744 | valAUC 0.9812 | tau+ 0.500
[OUTPOST-v4] epoch 141: test-all ROC 0.8259 PR 0.5699 | unseen ROC 0.6813 PR 0.0779 | valAUC 0.9913 | tau+ 0.500
[OUTPOST-v4] epoch 142: test-all ROC 0.8390 PR 0.5797 | unseen ROC 0.7053 PR 0.0832 | valAUC 0.9676 | tau+ 0.500
[OUTPOST-v4] epoch 143: test-all ROC 0.8560 PR 0.5951 | unseen ROC 0.7353 PR 0.0944 | valAUC 0.9942 | tau+ 0.500
[OUTPOST-v4] epoch 144: test-all ROC 0.8568 PR 0.5975 | unseen ROC 0.7376 PR 0.0947 | valAUC 0.9710 | tau+ 0.500
[OUTPOST-v4] epoch 145: test-all ROC 0.8611 PR 0.6030 | unseen ROC 0.7450 PR 0.0983 | valAUC 0.9836 | tau+ 0.500
[OUTPOST-v4] epoch 146: test-all ROC 0.8464 PR 0.5897 | unseen ROC 0.7190 PR 0.0889 | valAUC 0.9952 | tau+ 0.500
[OUTPOST-v4] epoch 147: test-all ROC 0.8308 PR 0.5734 | unseen ROC 0.6887 PR 0.0782 | valAUC 0.9812 | tau+ 0.500
[OUTPOST-v4] epoch 148: test-all ROC 0.8291 PR 0.5692 | unseen ROC 0.6869 PR 0.0775 | valAUC 0.9778 | tau+ 0.500
[OUTPOST-v4] epoch 149: test-all ROC 0.8188 PR 0.5626 | unseen ROC 0.6682 PR 0.0739 | valAUC 0.9705 | tau+ 0.500
[OUTPOST-v4] epoch 150: test-all ROC 0.8164 PR 0.5591 | unseen ROC 0.6625 PR 0.0716 | valAUC 0.9787 | tau+ 0.500
[OUTPOST-v4] epoch 151: test-all ROC 0.8351 PR 0.5708 | unseen ROC 0.6975 PR 0.0811 | valAUC 0.9739 | tau+ 0.500
[OUTPOST-v4] epoch 152: test-all ROC 0.8483 PR 0.5876 | unseen ROC 0.7209 PR 0.0883 | valAUC 0.9923 | tau+ 0.500
[OUTPOST-v4] epoch 153: test-all ROC 0.8607 PR 0.6031 | unseen ROC 0.7435 PR 0.0963 | valAUC 0.9816 | tau+ 0.500
[OUTPOST-v4] epoch 154: test-all ROC 0.8641 PR 0.6004 | unseen ROC 0.7505 PR 0.0989 | valAUC 0.9841 | tau+ 0.564
[OUTPOST-v4] epoch 155: test-all ROC 0.8580 PR 0.5989 | unseen ROC 0.7381 PR 0.0974 | valAUC 0.9942 | tau+ 0.500
[OUTPOST-v4] epoch 156: test-all ROC 0.8489 PR 0.5821 | unseen ROC 0.7234 PR 0.0867 | valAUC 0.9870 | tau+ 0.500
[OUTPOST-v4] epoch 157: test-all ROC 0.8417 PR 0.5792 | unseen ROC 0.7093 PR 0.0822 | valAUC 0.9667 | tau+ 0.500
[OUTPOST-v4] epoch 158: test-all ROC 0.8382 PR 0.5732 | unseen ROC 0.7023 PR 0.0820 | valAUC 0.9633 | tau+ 0.500
[OUTPOST-v4] epoch 159: test-all ROC 0.8403 PR 0.5786 | unseen ROC 0.7079 PR 0.0845 | valAUC 0.9773 | tau+ 0.500
[OUTPOST-v4] epoch 160: test-all ROC 0.8489 PR 0.5832 | unseen ROC 0.7233 PR 0.0877 | valAUC 0.9865 | tau+ 0.500
[OUTPOST-v4] epoch 161: test-all ROC 0.8547 PR 0.5952 | unseen ROC 0.7342 PR 0.0940 | valAUC 0.9773 | tau+ 0.500
[OUTPOST-v4] epoch 162: test-all ROC 0.8504 PR 0.5933 | unseen ROC 0.7250 PR 0.0927 | valAUC 0.9739 | tau+ 0.575
[OUTPOST-v4] epoch 163: test-all ROC 0.8618 PR 0.6029 | unseen ROC 0.7467 PR 0.0971 | valAUC 0.9783 | tau+ 0.500
[OUTPOST-v4] epoch 164: test-all ROC 0.8647 PR 0.6037 | unseen ROC 0.7529 PR 0.1011 | valAUC 0.9932 | tau+ 0.500
[OUTPOST-v4] epoch 165: test-all ROC 0.8559 PR 0.5936 | unseen ROC 0.7350 PR 0.0919 | valAUC 0.9812 | tau+ 0.500
[OUTPOST-v4] epoch 166: test-all ROC 0.8497 PR 0.5875 | unseen ROC 0.7242 PR 0.0892 | valAUC 0.9720 | tau+ 0.500
[OUTPOST-v4] epoch 167: test-all ROC 0.8511 PR 0.5912 | unseen ROC 0.7276 PR 0.0938 | valAUC 0.9797 | tau+ 0.500
[OUTPOST-v4] epoch 168: test-all ROC 0.8474 PR 0.5853 | unseen ROC 0.7220 PR 0.0890 | valAUC 0.9937 | tau+ 0.500
[OUTPOST-v4] epoch 169: test-all ROC 0.8510 PR 0.5898 | unseen ROC 0.7262 PR 0.0897 | valAUC 0.9947 | tau+ 0.500
[OUTPOST-v4] epoch 170: test-all ROC 0.8620 PR 0.5996 | unseen ROC 0.7455 PR 0.0985 | valAUC 0.9845 | tau+ 0.500
[OUTPOST-v4] epoch 171: test-all ROC 0.8652 PR 0.5996 | unseen ROC 0.7527 PR 0.0991 | valAUC 0.9773 | tau+ 0.500
[OUTPOST-v4] epoch 172: test-all ROC 0.8640 PR 0.6015 | unseen ROC 0.7534 PR 0.0991 | valAUC 0.9792 | tau+ 0.500
[OUTPOST-v4] epoch 173: test-all ROC 0.8655 PR 0.5981 | unseen ROC 0.7548 PR 0.0995 | valAUC 0.9884 | tau+ 0.500
[OUTPOST-v4] epoch 174: test-all ROC 0.8684 PR 0.6051 | unseen ROC 0.7589 PR 0.1056 | valAUC 0.9763 | tau+ 0.500
[OUTPOST-v4] epoch 175: test-all ROC 0.8704 PR 0.6033 | unseen ROC 0.7641 PR 0.1011 | valAUC 0.9865 | tau+ 0.500
[OUTPOST-v4] epoch 176: test-all ROC 0.8626 PR 0.5975 | unseen ROC 0.7496 PR 0.0989 | valAUC 0.9879 | tau+ 0.500
[OUTPOST-v4] epoch 177: test-all ROC 0.8581 PR 0.5930 | unseen ROC 0.7395 PR 0.0919 | valAUC 0.9894 | tau+ 0.500
[OUTPOST-v4] epoch 178: test-all ROC 0.8474 PR 0.5843 | unseen ROC 0.7210 PR 0.0870 | valAUC 0.9826 | tau+ 0.500
[OUTPOST-v4] epoch 179: test-all ROC 0.8507 PR 0.5873 | unseen ROC 0.7291 PR 0.0934 | valAUC 0.9705 | tau+ 0.500
[OUTPOST-v4] epoch 180: test-all ROC 0.8629 PR 0.5927 | unseen ROC 0.7525 PR 0.0963 | valAUC 0.9821 | tau+ 0.500
[OUTPOST-v4] epoch 181: test-all ROC 0.8651 PR 0.6035 | unseen ROC 0.7547 PR 0.1031 | valAUC 0.9763 | tau+ 0.500
[OUTPOST-v4] epoch 182: test-all ROC 0.8693 PR 0.6116 | unseen ROC 0.7593 PR 0.1073 | valAUC 0.9729 | tau+ 0.500
[OUTPOST-v4] epoch 183: test-all ROC 0.8689 PR 0.6102 | unseen ROC 0.7621 PR 0.1050 | valAUC 0.9957 | tau+ 0.500
[OUTPOST-v4] epoch 184: test-all ROC 0.8703 PR 0.6151 | unseen ROC 0.7632 PR 0.1120 | valAUC 0.9855 | tau+ 0.500
[OUTPOST-v4] epoch 185: test-all ROC 0.8600 PR 0.5966 | unseen ROC 0.7426 PR 0.0970 | valAUC 0.9773 | tau+ 0.500
[OUTPOST-v4] epoch 186: test-all ROC 0.8650 PR 0.6029 | unseen ROC 0.7529 PR 0.1009 | valAUC 0.9821 | tau+ 0.500
[OUTPOST-v4] epoch 187: test-all ROC 0.8570 PR 0.5977 | unseen ROC 0.7392 PR 0.0981 | valAUC 0.9894 | tau+ 0.500
[OUTPOST-v4] epoch 188: test-all ROC 0.8642 PR 0.6039 | unseen ROC 0.7523 PR 0.1025 | valAUC 0.9874 | tau+ 0.500
[OUTPOST-v4] epoch 189: test-all ROC 0.8670 PR 0.6124 | unseen ROC 0.7557 PR 0.1069 | valAUC 0.9739 | tau+ 0.500
[OUTPOST-v4] epoch 190: test-all ROC 0.8655 PR 0.6036 | unseen ROC 0.7543 PR 0.1027 | valAUC 0.9884 | tau+ 0.500
[OUTPOST-v4] epoch 191: test-all ROC 0.8683 PR 0.6142 | unseen ROC 0.7592 PR 0.1081 | valAUC 0.9821 | tau+ 0.500
[OUTPOST-v4] epoch 192: test-all ROC 0.8651 PR 0.6048 | unseen ROC 0.7531 PR 0.1022 | valAUC 0.9831 | tau+ 0.500
[OUTPOST-v4] epoch 193: test-all ROC 0.8589 PR 0.5989 | unseen ROC 0.7430 PR 0.0976 | valAUC 0.9971 | tau+ 0.500
[OUTPOST-v4] epoch 194: test-all ROC 0.8445 PR 0.5821 | unseen ROC 0.7163 PR 0.0869 | valAUC 0.9812 | tau+ 0.500
[OUTPOST-v4] epoch 195: test-all ROC 0.8443 PR 0.5793 | unseen ROC 0.7149 PR 0.0852 | valAUC 0.9952 | tau+ 0.500
[OUTPOST-v4] epoch 196: test-all ROC 0.8401 PR 0.5757 | unseen ROC 0.7079 PR 0.0837 | valAUC 0.9932 | tau+ 0.500
[OUTPOST-v4] epoch 197: test-all ROC 0.8544 PR 0.5923 | unseen ROC 0.7366 PR 0.0950 | valAUC 0.9928 | tau+ 0.500
[OUTPOST-v4] epoch 198: test-all ROC 0.8669 PR 0.6041 | unseen ROC 0.7559 PR 0.1015 | valAUC 0.9855 | tau+ 0.500
[OUTPOST-v4] epoch 199: test-all ROC 0.8668 PR 0.6066 | unseen ROC 0.7562 PR 0.1034 | valAUC 0.9947 | tau+ 0.500
  rotation 0: ROC 0.8704 PR 0.6151
Normal classes: [np.int64(1), np.int64(2), np.int64(3), np.int64(4), np.int64(5), np.int64(6)] in photo
Building multi-layer GraphSage
[OUTPOST-v4] epoch 0: test-all ROC 0.6621 PR 0.1338 | unseen ROC 0.8152 PR 0.1370 | valAUC 0.4217 | tau+ 0.500
[OUTPOST-v4] epoch 1: test-all ROC 0.6668 PR 0.1427 | unseen ROC 0.8293 PR 0.1531 | valAUC 0.4357 | tau+ 0.500
[OUTPOST-v4] epoch 2: test-all ROC 0.6631 PR 0.1444 | unseen ROC 0.8364 PR 0.1588 | valAUC 0.4227 | tau+ 0.500
[OUTPOST-v4] epoch 3: test-all ROC 0.6683 PR 0.1471 | unseen ROC 0.8442 PR 0.1647 | valAUC 0.4266 | tau+ 0.500
[OUTPOST-v4] epoch 4: test-all ROC 0.6607 PR 0.1460 | unseen ROC 0.8429 PR 0.1653 | valAUC 0.4903 | tau+ 0.500
[OUTPOST-v4] epoch 5: test-all ROC 0.6661 PR 0.1446 | unseen ROC 0.8330 PR 0.1584 | valAUC 0.4546 | tau+ 0.500
[OUTPOST-v4] epoch 6: test-all ROC 0.6688 PR 0.1471 | unseen ROC 0.8355 PR 0.1621 | valAUC 0.4512 | tau+ 0.500
[OUTPOST-v4] epoch 7: test-all ROC 0.6654 PR 0.1430 | unseen ROC 0.8280 PR 0.1549 | valAUC 0.4643 | tau+ 0.500
[OUTPOST-v4] epoch 8: test-all ROC 0.6781 PR 0.1453 | unseen ROC 0.8313 PR 0.1541 | valAUC 0.4227 | tau+ 0.500
[OUTPOST-v4] epoch 9: test-all ROC 0.6842 PR 0.1459 | unseen ROC 0.8229 PR 0.1481 | valAUC 0.4986 | tau+ 0.500
[OUTPOST-v4] epoch 10: test-all ROC 0.6813 PR 0.1415 | unseen ROC 0.7674 PR 0.1231 | valAUC 0.6150 | tau+ 0.500
[OUTPOST-v4] epoch 11: test-all ROC 0.4811 PR 0.0861 | unseen ROC 0.3476 PR 0.0378 | valAUC 0.5773 | tau+ 0.500
[OUTPOST-v4] epoch 12: test-all ROC 0.4158 PR 0.0717 | unseen ROC 0.2753 PR 0.0336 | valAUC 0.5348 | tau+ 0.500
[OUTPOST-v4] epoch 13: test-all ROC 0.4758 PR 0.0761 | unseen ROC 0.4097 PR 0.0408 | valAUC 0.5000 | tau+ 0.500
[OUTPOST-v4] epoch 14: test-all ROC 0.4976 PR 0.0782 | unseen ROC 0.4745 PR 0.0459 | valAUC 0.4425 | tau+ 0.500
[OUTPOST-v4] epoch 15: test-all ROC 0.5395 PR 0.0859 | unseen ROC 0.5701 PR 0.0572 | valAUC 0.4367 | tau+ 0.500
[OUTPOST-v4] epoch 16: test-all ROC 0.5648 PR 0.0926 | unseen ROC 0.6090 PR 0.0655 | valAUC 0.4643 | tau+ 0.500
[OUTPOST-v4] epoch 17: test-all ROC 0.6187 PR 0.1119 | unseen ROC 0.7187 PR 0.0979 | valAUC 0.4357 | tau+ 0.500
[OUTPOST-v4] epoch 18: test-all ROC 0.6250 PR 0.1148 | unseen ROC 0.7360 PR 0.1037 | valAUC 0.4483 | tau+ 0.500
[OUTPOST-v4] epoch 19: test-all ROC 0.6324 PR 0.1204 | unseen ROC 0.7477 PR 0.1128 | valAUC 0.4531 | tau+ 0.500
[OUTPOST-v4] epoch 20: test-all ROC 0.6381 PR 0.1253 | unseen ROC 0.7598 PR 0.1224 | valAUC 0.4145 | tau+ 0.500
[OUTPOST-v4] epoch 21: test-all ROC 0.6393 PR 0.1260 | unseen ROC 0.7619 PR 0.1227 | valAUC 0.4517 | tau+ 0.500
[OUTPOST-v4] epoch 22: test-all ROC 0.6334 PR 0.1245 | unseen ROC 0.7524 PR 0.1212 | valAUC 0.4614 | tau+ 0.500
[OUTPOST-v4] epoch 23: test-all ROC 0.6365 PR 0.1271 | unseen ROC 0.7544 PR 0.1239 | valAUC 0.3986 | tau+ 0.500
[OUTPOST-v4] epoch 24: test-all ROC 0.6359 PR 0.1278 | unseen ROC 0.7550 PR 0.1255 | valAUC 0.4251 | tau+ 0.500
[OUTPOST-v4] epoch 25: test-all ROC 0.6316 PR 0.1278 | unseen ROC 0.7578 PR 0.1287 | valAUC 0.4348 | tau+ 0.500
[OUTPOST-v4] epoch 26: test-all ROC 0.6331 PR 0.1278 | unseen ROC 0.7548 PR 0.1272 | valAUC 0.4184 | tau+ 0.500
[OUTPOST-v4] epoch 27: test-all ROC 0.6305 PR 0.1275 | unseen ROC 0.7570 PR 0.1277 | valAUC 0.4097 | tau+ 0.500
[OUTPOST-v4] epoch 28: test-all ROC 0.6274 PR 0.1259 | unseen ROC 0.7542 PR 0.1259 | valAUC 0.4048 | tau+ 0.500
[OUTPOST-v4] epoch 29: test-all ROC 0.6304 PR 0.1255 | unseen ROC 0.7533 PR 0.1240 | valAUC 0.3957 | tau+ 0.500
[OUTPOST-v4] epoch 30: test-all ROC 0.6304 PR 0.1268 | unseen ROC 0.7525 PR 0.1256 | valAUC 0.4140 | tau+ 0.500
[OUTPOST-v4] epoch 31: test-all ROC 0.6313 PR 0.1277 | unseen ROC 0.7525 PR 0.1264 | valAUC 0.4082 | tau+ 0.500
[OUTPOST-v4] epoch 32: test-all ROC 0.6259 PR 0.1247 | unseen ROC 0.7489 PR 0.1229 | valAUC 0.4130 | tau+ 0.500
[OUTPOST-v4] epoch 33: test-all ROC 0.6264 PR 0.1255 | unseen ROC 0.7468 PR 0.1237 | valAUC 0.4121 | tau+ 0.500
[OUTPOST-v4] epoch 34: test-all ROC 0.6228 PR 0.1229 | unseen ROC 0.7425 PR 0.1198 | valAUC 0.4106 | tau+ 0.500
[OUTPOST-v4] epoch 35: test-all ROC 0.6254 PR 0.1253 | unseen ROC 0.7396 PR 0.1221 | valAUC 0.4048 | tau+ 0.500
[OUTPOST-v4] epoch 36: test-all ROC 0.6198 PR 0.1229 | unseen ROC 0.7285 PR 0.1172 | valAUC 0.4396 | tau+ 0.500
[OUTPOST-v4] epoch 37: test-all ROC 0.6221 PR 0.1243 | unseen ROC 0.7210 PR 0.1169 | valAUC 0.4169 | tau+ 0.500
[OUTPOST-v4] epoch 38: test-all ROC 0.6169 PR 0.1222 | unseen ROC 0.7017 PR 0.1105 | valAUC 0.4652 | tau+ 0.500
[OUTPOST-v4] epoch 39: test-all ROC 0.6106 PR 0.1159 | unseen ROC 0.6675 PR 0.0896 | valAUC 0.4671 | tau+ 0.500
[OUTPOST-v4] epoch 40: test-all ROC 0.6032 PR 0.1107 | unseen ROC 0.6167 PR 0.0663 | valAUC 0.5242 | tau+ 0.500
[OUTPOST-v4] epoch 41: test-all ROC 0.5878 PR 0.1064 | unseen ROC 0.5659 PR 0.0561 | valAUC 0.5319 | tau+ 0.500
[OUTPOST-v4] epoch 42: test-all ROC 0.5844 PR 0.1135 | unseen ROC 0.5378 PR 0.0521 | valAUC 0.5546 | tau+ 0.500
[OUTPOST-v4] epoch 43: test-all ROC 0.5761 PR 0.1036 | unseen ROC 0.5129 PR 0.0493 | valAUC 0.5792 | tau+ 0.500
[OUTPOST-v4] epoch 44: test-all ROC 0.5799 PR 0.1098 | unseen ROC 0.5085 PR 0.0490 | valAUC 0.6130 | tau+ 0.500
[OUTPOST-v4] epoch 45: test-all ROC 0.5869 PR 0.1253 | unseen ROC 0.5040 PR 0.0485 | valAUC 0.6174 | tau+ 0.500
[OUTPOST-v4] epoch 46: test-all ROC 0.6016 PR 0.1364 | unseen ROC 0.5129 PR 0.0495 | valAUC 0.6580 | tau+ 0.500
[OUTPOST-v4] epoch 47: test-all ROC 0.6072 PR 0.1446 | unseen ROC 0.5127 PR 0.0494 | valAUC 0.6522 | tau+ 0.500
[OUTPOST-v4] epoch 48: test-all ROC 0.6075 PR 0.1495 | unseen ROC 0.5076 PR 0.0491 | valAUC 0.6816 | tau+ 0.500
[OUTPOST-v4] epoch 49: test-all ROC 0.6086 PR 0.1519 | unseen ROC 0.4968 PR 0.0480 | valAUC 0.7227 | tau+ 0.500
[OUTPOST-v4] epoch 50: test-all ROC 0.6215 PR 0.1695 | unseen ROC 0.5093 PR 0.0491 | valAUC 0.6961 | tau+ 0.500
[OUTPOST-v4] epoch 51: test-all ROC 0.6362 PR 0.1903 | unseen ROC 0.5248 PR 0.0509 | valAUC 0.7251 | tau+ 0.500
[OUTPOST-v4] epoch 52: test-all ROC 0.6371 PR 0.2091 | unseen ROC 0.5180 PR 0.0501 | valAUC 0.7246 | tau+ 0.500
[OUTPOST-v4] epoch 53: test-all ROC 0.6308 PR 0.1901 | unseen ROC 0.5003 PR 0.0485 | valAUC 0.7565 | tau+ 0.500
[OUTPOST-v4] epoch 54: test-all ROC 0.6267 PR 0.1712 | unseen ROC 0.4922 PR 0.0478 | valAUC 0.7715 | tau+ 0.500
[OUTPOST-v4] epoch 55: test-all ROC 0.6394 PR 0.2127 | unseen ROC 0.5048 PR 0.0490 | valAUC 0.7725 | tau+ 0.500
[OUTPOST-v4] epoch 56: test-all ROC 0.6575 PR 0.2431 | unseen ROC 0.5361 PR 0.0523 | valAUC 0.7831 | tau+ 0.500
[OUTPOST-v4] epoch 57: test-all ROC 0.6690 PR 0.2593 | unseen ROC 0.5522 PR 0.0541 | valAUC 0.7894 | tau+ 0.500
[OUTPOST-v4] epoch 58: test-all ROC 0.6678 PR 0.2671 | unseen ROC 0.5457 PR 0.0533 | valAUC 0.7870 | tau+ 0.500
[OUTPOST-v4] epoch 59: test-all ROC 0.6670 PR 0.2722 | unseen ROC 0.5384 PR 0.0525 | valAUC 0.8043 | tau+ 0.500
[OUTPOST-v4] epoch 60: test-all ROC 0.6727 PR 0.2868 | unseen ROC 0.5400 PR 0.0527 | valAUC 0.8208 | tau+ 0.500
[OUTPOST-v4] epoch 61: test-all ROC 0.6781 PR 0.3020 | unseen ROC 0.5423 PR 0.0532 | valAUC 0.8261 | tau+ 0.500
[OUTPOST-v4] epoch 62: test-all ROC 0.6863 PR 0.3106 | unseen ROC 0.5492 PR 0.0540 | valAUC 0.8401 | tau+ 0.500
[OUTPOST-v4] epoch 63: test-all ROC 0.6878 PR 0.3200 | unseen ROC 0.5478 PR 0.0536 | valAUC 0.8440 | tau+ 0.500
[OUTPOST-v4] epoch 64: test-all ROC 0.6962 PR 0.3239 | unseen ROC 0.5595 PR 0.0550 | valAUC 0.8498 | tau+ 0.500
[OUTPOST-v4] epoch 65: test-all ROC 0.7041 PR 0.3311 | unseen ROC 0.5695 PR 0.0563 | valAUC 0.8565 | tau+ 0.500
[OUTPOST-v4] epoch 66: test-all ROC 0.7048 PR 0.3377 | unseen ROC 0.5682 PR 0.0563 | valAUC 0.8628 | tau+ 0.500
[OUTPOST-v4] epoch 67: test-all ROC 0.7040 PR 0.3388 | unseen ROC 0.5642 PR 0.0558 | valAUC 0.8686 | tau+ 0.500
[OUTPOST-v4] epoch 68: test-all ROC 0.7088 PR 0.3467 | unseen ROC 0.5679 PR 0.0562 | valAUC 0.8874 | tau+ 0.500
[OUTPOST-v4] epoch 69: test-all ROC 0.7115 PR 0.3504 | unseen ROC 0.5716 PR 0.0565 | valAUC 0.8807 | tau+ 0.500
[OUTPOST-v4] epoch 70: test-all ROC 0.7196 PR 0.3563 | unseen ROC 0.5793 PR 0.0575 | valAUC 0.8903 | tau+ 0.500
[OUTPOST-v4] epoch 71: test-all ROC 0.7219 PR 0.3598 | unseen ROC 0.5797 PR 0.0574 | valAUC 0.8894 | tau+ 0.500
[OUTPOST-v4] epoch 72: test-all ROC 0.7199 PR 0.3661 | unseen ROC 0.5717 PR 0.0569 | valAUC 0.9048 | tau+ 0.500
[OUTPOST-v4] epoch 73: test-all ROC 0.7208 PR 0.3658 | unseen ROC 0.5717 PR 0.0563 | valAUC 0.9034 | tau+ 0.500
[OUTPOST-v4] epoch 74: test-all ROC 0.7202 PR 0.3743 | unseen ROC 0.5662 PR 0.0555 | valAUC 0.9116 | tau+ 0.500
[OUTPOST-v4] epoch 75: test-all ROC 0.7206 PR 0.3747 | unseen ROC 0.5636 PR 0.0553 | valAUC 0.9169 | tau+ 0.500
[OUTPOST-v4] epoch 76: test-all ROC 0.7205 PR 0.3830 | unseen ROC 0.5612 PR 0.0560 | valAUC 0.9266 | tau+ 0.500
[OUTPOST-v4] epoch 77: test-all ROC 0.7264 PR 0.3803 | unseen ROC 0.5704 PR 0.0559 | valAUC 0.9237 | tau+ 0.500
[OUTPOST-v4] epoch 78: test-all ROC 0.7249 PR 0.3819 | unseen ROC 0.5661 PR 0.0561 | valAUC 0.9232 | tau+ 0.500
[OUTPOST-v4] epoch 79: test-all ROC 0.7100 PR 0.3861 | unseen ROC 0.5350 PR 0.0522 | valAUC 0.9401 | tau+ 0.548
[OUTPOST-v4] epoch 80: test-all ROC 0.7099 PR 0.3932 | unseen ROC 0.5320 PR 0.0518 | valAUC 0.9411 | tau+ 0.543
[OUTPOST-v4] epoch 81: test-all ROC 0.7251 PR 0.3951 | unseen ROC 0.5588 PR 0.0548 | valAUC 0.9357 | tau+ 0.500
[OUTPOST-v4] epoch 82: test-all ROC 0.7356 PR 0.4001 | unseen ROC 0.5781 PR 0.0573 | valAUC 0.9449 | tau+ 0.500
[OUTPOST-v4] epoch 83: test-all ROC 0.7270 PR 0.4014 | unseen ROC 0.5610 PR 0.0549 | valAUC 0.9406 | tau+ 0.500
[OUTPOST-v4] epoch 84: test-all ROC 0.7177 PR 0.4040 | unseen ROC 0.5401 PR 0.0527 | valAUC 0.9575 | tau+ 0.515
[OUTPOST-v4] epoch 85: test-all ROC 0.7128 PR 0.4023 | unseen ROC 0.5315 PR 0.0513 | valAUC 0.9541 | tau+ 0.544
[OUTPOST-v4] epoch 86: test-all ROC 0.7150 PR 0.4026 | unseen ROC 0.5361 PR 0.0525 | valAUC 0.9585 | tau+ 0.561
[OUTPOST-v4] epoch 87: test-all ROC 0.7283 PR 0.4096 | unseen ROC 0.5576 PR 0.0547 | valAUC 0.9618 | tau+ 0.500
[OUTPOST-v4] epoch 88: test-all ROC 0.7395 PR 0.4054 | unseen ROC 0.5774 PR 0.0573 | valAUC 0.9556 | tau+ 0.500
[OUTPOST-v4] epoch 89: test-all ROC 0.7327 PR 0.4174 | unseen ROC 0.5640 PR 0.0558 | valAUC 0.9575 | tau+ 0.500
[OUTPOST-v4] epoch 90: test-all ROC 0.7378 PR 0.4137 | unseen ROC 0.5721 PR 0.0566 | valAUC 0.9531 | tau+ 0.500
[OUTPOST-v4] epoch 91: test-all ROC 0.7357 PR 0.4073 | unseen ROC 0.5692 PR 0.0555 | valAUC 0.9643 | tau+ 0.564
[OUTPOST-v4] epoch 92: test-all ROC 0.7320 PR 0.4183 | unseen ROC 0.5607 PR 0.0550 | valAUC 0.9614 | tau+ 0.500
[OUTPOST-v4] epoch 93: test-all ROC 0.7294 PR 0.4159 | unseen ROC 0.5567 PR 0.0541 | valAUC 0.9662 | tau+ 0.534
[OUTPOST-v4] epoch 94: test-all ROC 0.7360 PR 0.4225 | unseen ROC 0.5670 PR 0.0561 | valAUC 0.9705 | tau+ 0.518
[OUTPOST-v4] epoch 95: test-all ROC 0.7317 PR 0.4214 | unseen ROC 0.5588 PR 0.0542 | valAUC 0.9739 | tau+ 0.523
[OUTPOST-v4] epoch 96: test-all ROC 0.7351 PR 0.4182 | unseen ROC 0.5649 PR 0.0550 | valAUC 0.9565 | tau+ 0.572
[OUTPOST-v4] epoch 97: test-all ROC 0.7360 PR 0.4227 | unseen ROC 0.5664 PR 0.0552 | valAUC 0.9686 | tau+ 0.533
[OUTPOST-v4] epoch 98: test-all ROC 0.7495 PR 0.4265 | unseen ROC 0.5899 PR 0.0587 | valAUC 0.9681 | tau+ 0.500
[OUTPOST-v4] epoch 99: test-all ROC 0.7525 PR 0.4262 | unseen ROC 0.5952 PR 0.0600 | valAUC 0.9729 | tau+ 0.500
[OUTPOST-v4] epoch 100: test-all ROC 0.7414 PR 0.4280 | unseen ROC 0.5759 PR 0.0568 | valAUC 0.9652 | tau+ 0.500
[OUTPOST-v4] epoch 101: test-all ROC 0.7159 PR 0.4197 | unseen ROC 0.5319 PR 0.0511 | valAUC 0.9758 | tau+ 0.652
[OUTPOST-v4] epoch 102: test-all ROC 0.7293 PR 0.4237 | unseen ROC 0.5549 PR 0.0538 | valAUC 0.9797 | tau+ 0.664
[OUTPOST-v4] epoch 103: test-all ROC 0.7681 PR 0.4348 | unseen ROC 0.6225 PR 0.0644 | valAUC 0.9681 | tau+ 0.500
[OUTPOST-v4] epoch 104: test-all ROC 0.7551 PR 0.4385 | unseen ROC 0.5992 PR 0.0604 | valAUC 0.9754 | tau+ 0.500
[OUTPOST-v4] epoch 105: test-all ROC 0.7247 PR 0.4267 | unseen ROC 0.5472 PR 0.0532 | valAUC 0.9739 | tau+ 0.569
[OUTPOST-v4] epoch 106: test-all ROC 0.7009 PR 0.4220 | unseen ROC 0.5080 PR 0.0493 | valAUC 0.9807 | tau+ 0.708
[OUTPOST-v4] epoch 107: test-all ROC 0.7136 PR 0.4194 | unseen ROC 0.5299 PR 0.0513 | valAUC 0.9768 | tau+ 0.641
[OUTPOST-v4] epoch 108: test-all ROC 0.7430 PR 0.4313 | unseen ROC 0.5795 PR 0.0579 | valAUC 0.9715 | tau+ 0.500
[OUTPOST-v4] epoch 109: test-all ROC 0.7633 PR 0.4350 | unseen ROC 0.6143 PR 0.0632 | valAUC 0.9749 | tau+ 0.500
[OUTPOST-v4] epoch 110: test-all ROC 0.7622 PR 0.4342 | unseen ROC 0.6123 PR 0.0632 | valAUC 0.9754 | tau+ 0.500
[OUTPOST-v4] epoch 111: test-all ROC 0.7468 PR 0.4331 | unseen ROC 0.5840 PR 0.0583 | valAUC 0.9778 | tau+ 0.500
[OUTPOST-v4] epoch 112: test-all ROC 0.7320 PR 0.4265 | unseen ROC 0.5590 PR 0.0547 | valAUC 0.9850 | tau+ 0.718
[OUTPOST-v4] epoch 113: test-all ROC 0.7344 PR 0.4273 | unseen ROC 0.5644 PR 0.0555 | valAUC 0.9758 | tau+ 0.615
[OUTPOST-v4] epoch 114: test-all ROC 0.7477 PR 0.4342 | unseen ROC 0.5856 PR 0.0584 | valAUC 0.9720 | tau+ 0.500
[OUTPOST-v4] epoch 115: test-all ROC 0.7553 PR 0.4374 | unseen ROC 0.5984 PR 0.0604 | valAUC 0.9787 | tau+ 0.500
[OUTPOST-v4] epoch 116: test-all ROC 0.7575 PR 0.4364 | unseen ROC 0.6021 PR 0.0611 | valAUC 0.9787 | tau+ 0.500
[OUTPOST-v4] epoch 117: test-all ROC 0.7342 PR 0.4298 | unseen ROC 0.5635 PR 0.0556 | valAUC 0.9807 | tau+ 0.500
[OUTPOST-v4] epoch 118: test-all ROC 0.7309 PR 0.4338 | unseen ROC 0.5565 PR 0.0544 | valAUC 0.9773 | tau+ 0.733
[OUTPOST-v4] epoch 119: test-all ROC 0.7204 PR 0.4226 | unseen ROC 0.5404 PR 0.0523 | valAUC 0.9783 | tau+ 0.621
[OUTPOST-v4] epoch 120: test-all ROC 0.7291 PR 0.4287 | unseen ROC 0.5544 PR 0.0541 | valAUC 0.9850 | tau+ 0.562
[OUTPOST-v4] epoch 121: test-all ROC 0.7446 PR 0.4346 | unseen ROC 0.5800 PR 0.0577 | valAUC 0.9792 | tau+ 0.500
[OUTPOST-v4] epoch 122: test-all ROC 0.7534 PR 0.4362 | unseen ROC 0.5946 PR 0.0596 | valAUC 0.9773 | tau+ 0.500
[OUTPOST-v4] epoch 123: test-all ROC 0.7489 PR 0.4333 | unseen ROC 0.5878 PR 0.0589 | valAUC 0.9778 | tau+ 0.500
[OUTPOST-v4] epoch 124: test-all ROC 0.7417 PR 0.4318 | unseen ROC 0.5752 PR 0.0568 | valAUC 0.9778 | tau+ 0.590
[OUTPOST-v4] epoch 125: test-all ROC 0.7243 PR 0.4293 | unseen ROC 0.5456 PR 0.0532 | valAUC 0.9812 | tau+ 0.543
[OUTPOST-v4] epoch 126: test-all ROC 0.7310 PR 0.4323 | unseen ROC 0.5575 PR 0.0546 | valAUC 0.9807 | tau+ 0.630
[OUTPOST-v4] epoch 127: test-all ROC 0.7273 PR 0.4201 | unseen ROC 0.5531 PR 0.0540 | valAUC 0.9870 | tau+ 0.500
[OUTPOST-v4] epoch 128: test-all ROC 0.7253 PR 0.4233 | unseen ROC 0.5497 PR 0.0537 | valAUC 0.9845 | tau+ 0.500
[OUTPOST-v4] epoch 129: test-all ROC 0.7207 PR 0.4300 | unseen ROC 0.5411 PR 0.0530 | valAUC 0.9879 | tau+ 0.500
[OUTPOST-v4] epoch 130: test-all ROC 0.7214 PR 0.4268 | unseen ROC 0.5427 PR 0.0528 | valAUC 0.9831 | tau+ 0.500
[OUTPOST-v4] epoch 131: test-all ROC 0.7105 PR 0.4275 | unseen ROC 0.5233 PR 0.0507 | valAUC 0.9860 | tau+ 0.500
[OUTPOST-v4] epoch 132: test-all ROC 0.7114 PR 0.4289 | unseen ROC 0.5247 PR 0.0511 | valAUC 0.9850 | tau+ 0.500
[OUTPOST-v4] epoch 133: test-all ROC 0.7093 PR 0.4284 | unseen ROC 0.5223 PR 0.0509 | valAUC 0.9812 | tau+ 0.500
[OUTPOST-v4] epoch 134: test-all ROC 0.7146 PR 0.4273 | unseen ROC 0.5317 PR 0.0516 | valAUC 0.9734 | tau+ 0.534
[OUTPOST-v4] epoch 135: test-all ROC 0.7184 PR 0.4231 | unseen ROC 0.5383 PR 0.0526 | valAUC 0.9841 | tau+ 0.500
[OUTPOST-v4] epoch 136: test-all ROC 0.7197 PR 0.4272 | unseen ROC 0.5403 PR 0.0526 | valAUC 0.9802 | tau+ 0.500
[OUTPOST-v4] epoch 137: test-all ROC 0.7170 PR 0.4292 | unseen ROC 0.5354 PR 0.0521 | valAUC 0.9831 | tau+ 0.500
[OUTPOST-v4] epoch 138: test-all ROC 0.7132 PR 0.4263 | unseen ROC 0.5284 PR 0.0513 | valAUC 0.9865 | tau+ 0.500
[OUTPOST-v4] epoch 139: test-all ROC 0.7169 PR 0.4258 | unseen ROC 0.5337 PR 0.0516 | valAUC 0.9845 | tau+ 0.500
[OUTPOST-v4] epoch 140: test-all ROC 0.7235 PR 0.4246 | unseen ROC 0.5457 PR 0.0531 | valAUC 0.9860 | tau+ 0.500
[OUTPOST-v4] epoch 141: test-all ROC 0.7186 PR 0.4232 | unseen ROC 0.5369 PR 0.0520 | valAUC 0.9816 | tau+ 0.581
[OUTPOST-v4] epoch 142: test-all ROC 0.7131 PR 0.4234 | unseen ROC 0.5281 PR 0.0512 | valAUC 0.9865 | tau+ 0.500
[OUTPOST-v4] epoch 143: test-all ROC 0.7181 PR 0.4263 | unseen ROC 0.5372 PR 0.0522 | valAUC 0.9807 | tau+ 0.500
[OUTPOST-v4] epoch 144: test-all ROC 0.7081 PR 0.4233 | unseen ROC 0.5205 PR 0.0503 | valAUC 0.9821 | tau+ 0.500
[OUTPOST-v4] epoch 145: test-all ROC 0.7002 PR 0.4278 | unseen ROC 0.5062 PR 0.0492 | valAUC 0.9807 | tau+ 0.500
[OUTPOST-v4] epoch 146: test-all ROC 0.6918 PR 0.4240 | unseen ROC 0.4929 PR 0.0477 | valAUC 0.9826 | tau+ 0.500
[OUTPOST-v4] epoch 147: test-all ROC 0.6954 PR 0.4246 | unseen ROC 0.4978 PR 0.0480 | valAUC 0.9836 | tau+ 0.500
[OUTPOST-v4] epoch 148: test-all ROC 0.6891 PR 0.4230 | unseen ROC 0.4883 PR 0.0472 | valAUC 0.9870 | tau+ 0.500
[OUTPOST-v4] epoch 149: test-all ROC 0.6990 PR 0.4255 | unseen ROC 0.5039 PR 0.0494 | valAUC 0.9855 | tau+ 0.500
[OUTPOST-v4] epoch 150: test-all ROC 0.7137 PR 0.4273 | unseen ROC 0.5291 PR 0.0513 | valAUC 0.9816 | tau+ 0.500
[OUTPOST-v4] epoch 151: test-all ROC 0.7163 PR 0.4270 | unseen ROC 0.5330 PR 0.0518 | valAUC 0.9816 | tau+ 0.500
[OUTPOST-v4] epoch 152: test-all ROC 0.7062 PR 0.4216 | unseen ROC 0.5169 PR 0.0500 | valAUC 0.9826 | tau+ 0.500
[OUTPOST-v4] epoch 153: test-all ROC 0.7096 PR 0.4247 | unseen ROC 0.5223 PR 0.0506 | valAUC 0.9845 | tau+ 0.500
[OUTPOST-v4] epoch 154: test-all ROC 0.7103 PR 0.4307 | unseen ROC 0.5231 PR 0.0506 | valAUC 0.9807 | tau+ 0.702
[OUTPOST-v4] epoch 155: test-all ROC 0.7143 PR 0.4242 | unseen ROC 0.5304 PR 0.0516 | valAUC 0.9850 | tau+ 0.500
[OUTPOST-v4] epoch 156: test-all ROC 0.7170 PR 0.4299 | unseen ROC 0.5333 PR 0.0516 | valAUC 0.9792 | tau+ 0.536
[OUTPOST-v4] epoch 157: test-all ROC 0.7176 PR 0.4335 | unseen ROC 0.5347 PR 0.0520 | valAUC 0.9831 | tau+ 0.500
[OUTPOST-v4] epoch 158: test-all ROC 0.7230 PR 0.4279 | unseen ROC 0.5452 PR 0.0533 | valAUC 0.9826 | tau+ 0.500
[OUTPOST-v4] epoch 159: test-all ROC 0.7308 PR 0.4365 | unseen ROC 0.5575 PR 0.0550 | valAUC 0.9836 | tau+ 0.500
[OUTPOST-v4] epoch 160: test-all ROC 0.7190 PR 0.4312 | unseen ROC 0.5371 PR 0.0523 | valAUC 0.9783 | tau+ 0.500
[OUTPOST-v4] epoch 161: test-all ROC 0.7116 PR 0.4243 | unseen ROC 0.5245 PR 0.0510 | valAUC 0.9821 | tau+ 0.627
[OUTPOST-v4] epoch 162: test-all ROC 0.7033 PR 0.4290 | unseen ROC 0.5110 PR 0.0496 | valAUC 0.9783 | tau+ 0.500
[OUTPOST-v4] epoch 163: test-all ROC 0.7045 PR 0.4242 | unseen ROC 0.5141 PR 0.0500 | valAUC 0.9821 | tau+ 0.515
[OUTPOST-v4] epoch 164: test-all ROC 0.7032 PR 0.4212 | unseen ROC 0.5124 PR 0.0496 | valAUC 0.9816 | tau+ 0.654
[OUTPOST-v4] epoch 165: test-all ROC 0.7103 PR 0.4300 | unseen ROC 0.5243 PR 0.0509 | valAUC 0.9836 | tau+ 0.500
[OUTPOST-v4] epoch 166: test-all ROC 0.7280 PR 0.4356 | unseen ROC 0.5544 PR 0.0548 | valAUC 0.9855 | tau+ 0.500
[OUTPOST-v4] epoch 167: test-all ROC 0.7254 PR 0.4315 | unseen ROC 0.5495 PR 0.0540 | valAUC 0.9826 | tau+ 0.500
[OUTPOST-v4] epoch 168: test-all ROC 0.7142 PR 0.4263 | unseen ROC 0.5300 PR 0.0515 | valAUC 0.9836 | tau+ 0.500
[OUTPOST-v4] epoch 169: test-all ROC 0.6972 PR 0.4229 | unseen ROC 0.5012 PR 0.0485 | valAUC 0.9884 | tau+ 0.500
[OUTPOST-v4] epoch 170: test-all ROC 0.7014 PR 0.4225 | unseen ROC 0.5086 PR 0.0494 | valAUC 0.9870 | tau+ 0.523
[OUTPOST-v4] epoch 171: test-all ROC 0.7059 PR 0.4273 | unseen ROC 0.5149 PR 0.0500 | valAUC 0.9865 | tau+ 0.500
[OUTPOST-v4] epoch 172: test-all ROC 0.7126 PR 0.4281 | unseen ROC 0.5270 PR 0.0513 | valAUC 0.9783 | tau+ 0.621
[OUTPOST-v4] epoch 173: test-all ROC 0.7262 PR 0.4321 | unseen ROC 0.5495 PR 0.0543 | valAUC 0.9831 | tau+ 0.500
[OUTPOST-v4] epoch 174: test-all ROC 0.7319 PR 0.4333 | unseen ROC 0.5601 PR 0.0551 | valAUC 0.9783 | tau+ 0.500
[OUTPOST-v4] epoch 175: test-all ROC 0.7197 PR 0.4317 | unseen ROC 0.5389 PR 0.0526 | valAUC 0.9874 | tau+ 0.500
[OUTPOST-v4] epoch 176: test-all ROC 0.7189 PR 0.4286 | unseen ROC 0.5376 PR 0.0522 | valAUC 0.9855 | tau+ 0.500
[OUTPOST-v4] epoch 177: test-all ROC 0.7123 PR 0.4320 | unseen ROC 0.5263 PR 0.0514 | valAUC 0.9845 | tau+ 0.522
[OUTPOST-v4] epoch 178: test-all ROC 0.7083 PR 0.4229 | unseen ROC 0.5194 PR 0.0503 | valAUC 0.9821 | tau+ 0.500
[OUTPOST-v4] epoch 179: test-all ROC 0.7082 PR 0.4267 | unseen ROC 0.5192 PR 0.0502 | valAUC 0.9865 | tau+ 0.500
[OUTPOST-v4] epoch 180: test-all ROC 0.7212 PR 0.4308 | unseen ROC 0.5410 PR 0.0529 | valAUC 0.9870 | tau+ 0.500
[OUTPOST-v4] epoch 181: test-all ROC 0.7199 PR 0.4297 | unseen ROC 0.5385 PR 0.0523 | valAUC 0.9826 | tau+ 0.500
[OUTPOST-v4] epoch 182: test-all ROC 0.7112 PR 0.4219 | unseen ROC 0.5254 PR 0.0510 | valAUC 0.9797 | tau+ 0.504
[OUTPOST-v4] epoch 183: test-all ROC 0.7065 PR 0.4235 | unseen ROC 0.5177 PR 0.0503 | valAUC 0.9816 | tau+ 0.500
[OUTPOST-v4] epoch 184: test-all ROC 0.7155 PR 0.4266 | unseen ROC 0.5320 PR 0.0517 | valAUC 0.9802 | tau+ 0.500
[OUTPOST-v4] epoch 185: test-all ROC 0.7262 PR 0.4367 | unseen ROC 0.5507 PR 0.0542 | valAUC 0.9826 | tau+ 0.511
[OUTPOST-v4] epoch 186: test-all ROC 0.7243 PR 0.4327 | unseen ROC 0.5474 PR 0.0540 | valAUC 0.9812 | tau+ 0.500
[OUTPOST-v4] epoch 187: test-all ROC 0.7290 PR 0.4346 | unseen ROC 0.5538 PR 0.0547 | valAUC 0.9855 | tau+ 0.500
[OUTPOST-v4] epoch 188: test-all ROC 0.7255 PR 0.4363 | unseen ROC 0.5478 PR 0.0537 | valAUC 0.9845 | tau+ 0.500
[OUTPOST-v4] epoch 189: test-all ROC 0.7346 PR 0.4350 | unseen ROC 0.5644 PR 0.0556 | valAUC 0.9802 | tau+ 0.500
[OUTPOST-v4] epoch 190: test-all ROC 0.7371 PR 0.4320 | unseen ROC 0.5692 PR 0.0565 | valAUC 0.9826 | tau+ 0.500
[OUTPOST-v4] epoch 191: test-all ROC 0.7309 PR 0.4255 | unseen ROC 0.5582 PR 0.0549 | valAUC 0.9826 | tau+ 0.500
[OUTPOST-v4] epoch 192: test-all ROC 0.7423 PR 0.4383 | unseen ROC 0.5773 PR 0.0576 | valAUC 0.9749 | tau+ 0.500
[OUTPOST-v4] epoch 193: test-all ROC 0.7390 PR 0.4325 | unseen ROC 0.5715 PR 0.0567 | valAUC 0.9841 | tau+ 0.500
[OUTPOST-v4] epoch 194: test-all ROC 0.7525 PR 0.4312 | unseen ROC 0.5953 PR 0.0604 | valAUC 0.9845 | tau+ 0.500
[OUTPOST-v4] epoch 195: test-all ROC 0.7532 PR 0.4388 | unseen ROC 0.5958 PR 0.0604 | valAUC 0.9797 | tau+ 0.500
[OUTPOST-v4] epoch 196: test-all ROC 0.7564 PR 0.4443 | unseen ROC 0.6003 PR 0.0607 | valAUC 0.9831 | tau+ 0.500
[OUTPOST-v4] epoch 197: test-all ROC 0.7469 PR 0.4343 | unseen ROC 0.5853 PR 0.0586 | valAUC 0.9807 | tau+ 0.613
[OUTPOST-v4] epoch 198: test-all ROC 0.7462 PR 0.4385 | unseen ROC 0.5828 PR 0.0581 | valAUC 0.9816 | tau+ 0.500
[OUTPOST-v4] epoch 199: test-all ROC 0.7341 PR 0.4317 | unseen ROC 0.5628 PR 0.0553 | valAUC 0.9903 | tau+ 0.500
  rotation 7: ROC 0.7681 PR 0.4443
[photo] params 114113, peak GPU 2.31 GB, 9.6 min total

[photo] AGGREGATE  best-over-epochs: ROC 0.8193 PR 0.5297
[photo] AGGREGATE  val-selected:     ROC 0.7965 PR 0.5153
row appended to results/results.csv
