# gpu=3 cmd=/usr/bin/python3 -u main.py --dataset cs --seed 2 --method outpost --tag C_nogate --rotations 6 --set use_atlas_gate=false
/nas/home/jahin/.local/lib/python3.10/site-packages/requests/__init__.py:113: RequestsDependencyWarning: urllib3 (1.26.5) or chardet (7.2.0)/charset_normalizer (3.4.4) doesn't match a supported version!
  warnings.warn(
[0.03861888 0.02520046 0.11182021 0.02340043 0.07603775 0.11962036
 0.02023673 0.05040092 0.0422735  0.00643648 0.07876507 0.11089293
 0.02290951 0.2256041  0.04778269]
[cs] anomaly classes (rotations): [np.int64(0), np.int64(1), np.int64(3), np.int64(6), np.int64(8), np.int64(9), np.int64(12), np.int64(14)]
[cs] running subset: [np.int64(6)]
Normal classes: [np.int64(2), np.int64(4), np.int64(5), np.int64(7), np.int64(10), np.int64(11), np.int64(13)] in cs
Building multi-layer GraphSage
[OUTPOST-v4] epoch 0: test-all ROC 0.7709 PR 0.5003 | unseen ROC 0.7655 PR 0.4720 | valAUC 0.8461 | tau+ 0.500
[OUTPOST-v4] epoch 1: test-all ROC 0.7638 PR 0.4967 | unseen ROC 0.7571 PR 0.4661 | valAUC 0.8669 | tau+ 0.500
[OUTPOST-v4] epoch 2: test-all ROC 0.7603 PR 0.4969 | unseen ROC 0.7525 PR 0.4637 | valAUC 0.8766 | tau+ 0.500
[OUTPOST-v4] epoch 3: test-all ROC 0.7583 PR 0.4959 | unseen ROC 0.7503 PR 0.4604 | valAUC 0.8924 | tau+ 0.500
[OUTPOST-v4] epoch 4: test-all ROC 0.7579 PR 0.4961 | unseen ROC 0.7489 PR 0.4571 | valAUC 0.8872 | tau+ 0.500
[OUTPOST-v4] epoch 5: test-all ROC 0.7692 PR 0.5119 | unseen ROC 0.7599 PR 0.4680 | valAUC 0.9151 | tau+ 0.500
[OUTPOST-v4] epoch 6: test-all ROC 0.7809 PR 0.5314 | unseen ROC 0.7712 PR 0.4810 | valAUC 0.9397 | tau+ 0.500
[OUTPOST-v4] epoch 7: test-all ROC 0.7925 PR 0.5486 | unseen ROC 0.7824 PR 0.4920 | valAUC 0.9414 | tau+ 0.500
[OUTPOST-v4] epoch 8: test-all ROC 0.8028 PR 0.5660 | unseen ROC 0.7929 PR 0.5058 | valAUC 0.9738 | tau+ 0.500
[OUTPOST-v4] epoch 9: test-all ROC 0.8133 PR 0.5817 | unseen ROC 0.8031 PR 0.5195 | valAUC 0.9641 | tau+ 0.500
[OUTPOST-v4] epoch 10: test-all ROC 0.8206 PR 0.5881 | unseen ROC 0.8109 PR 0.5238 | valAUC 0.9851 | tau+ 0.500
[OUTPOST-v4] epoch 11: test-all ROC 0.8278 PR 0.5924 | unseen ROC 0.8180 PR 0.5255 | valAUC 0.9612 | tau+ 0.500
[OUTPOST-v4] epoch 12: test-all ROC 0.8332 PR 0.5976 | unseen ROC 0.8235 PR 0.5286 | valAUC 0.9825 | tau+ 0.500
[OUTPOST-v4] epoch 13: test-all ROC 0.8369 PR 0.5970 | unseen ROC 0.8278 PR 0.5278 | valAUC 0.9785 | tau+ 0.500
[OUTPOST-v4] epoch 14: test-all ROC 0.8403 PR 0.5995 | unseen ROC 0.8310 PR 0.5300 | valAUC 0.9686 | tau+ 0.500
[OUTPOST-v4] epoch 15: test-all ROC 0.8412 PR 0.5985 | unseen ROC 0.8319 PR 0.5288 | valAUC 0.9778 | tau+ 0.500
[OUTPOST-v4] epoch 16: test-all ROC 0.8423 PR 0.6032 | unseen ROC 0.8326 PR 0.5335 | valAUC 0.9887 | tau+ 0.500
[OUTPOST-v4] epoch 17: test-all ROC 0.8430 PR 0.6081 | unseen ROC 0.8339 PR 0.5408 | valAUC 0.9695 | tau+ 0.500
[OUTPOST-v4] epoch 18: test-all ROC 0.8467 PR 0.6124 | unseen ROC 0.8379 PR 0.5456 | valAUC 0.9650 | tau+ 0.500
[OUTPOST-v4] epoch 19: test-all ROC 0.8474 PR 0.6153 | unseen ROC 0.8383 PR 0.5482 | valAUC 0.9716 | tau+ 0.500
[OUTPOST-v4] epoch 20: test-all ROC 0.8494 PR 0.6195 | unseen ROC 0.8405 PR 0.5538 | valAUC 0.9747 | tau+ 0.500
[OUTPOST-v4] epoch 21: test-all ROC 0.8518 PR 0.6256 | unseen ROC 0.8433 PR 0.5610 | valAUC 0.9726 | tau+ 0.500
[OUTPOST-v4] epoch 22: test-all ROC 0.8532 PR 0.6317 | unseen ROC 0.8447 PR 0.5677 | valAUC 0.9728 | tau+ 0.500
[OUTPOST-v4] epoch 23: test-all ROC 0.8530 PR 0.6349 | unseen ROC 0.8443 PR 0.5706 | valAUC 0.9764 | tau+ 0.500
[OUTPOST-v4] epoch 24: test-all ROC 0.8552 PR 0.6395 | unseen ROC 0.8467 PR 0.5768 | valAUC 0.9861 | tau+ 0.500
[OUTPOST-v4] epoch 25: test-all ROC 0.8604 PR 0.6503 | unseen ROC 0.8521 PR 0.5890 | valAUC 0.9761 | tau+ 0.500
[OUTPOST-v4] epoch 26: test-all ROC 0.8593 PR 0.6490 | unseen ROC 0.8516 PR 0.5888 | valAUC 0.9778 | tau+ 0.500
[OUTPOST-v4] epoch 27: test-all ROC 0.8613 PR 0.6524 | unseen ROC 0.8532 PR 0.5925 | valAUC 0.9667 | tau+ 0.500
[OUTPOST-v4] epoch 28: test-all ROC 0.8639 PR 0.6566 | unseen ROC 0.8558 PR 0.5980 | valAUC 0.9801 | tau+ 0.500
[OUTPOST-v4] epoch 29: test-all ROC 0.8651 PR 0.6608 | unseen ROC 0.8575 PR 0.6032 | valAUC 0.9709 | tau+ 0.500
[OUTPOST-v4] epoch 30: test-all ROC 0.8692 PR 0.6678 | unseen ROC 0.8616 PR 0.6108 | valAUC 0.9785 | tau+ 0.500
[OUTPOST-v4] epoch 31: test-all ROC 0.8705 PR 0.6741 | unseen ROC 0.8629 PR 0.6182 | valAUC 0.9832 | tau+ 0.500
[OUTPOST-v4] epoch 32: test-all ROC 0.8741 PR 0.6761 | unseen ROC 0.8664 PR 0.6206 | valAUC 0.9868 | tau+ 0.500
[OUTPOST-v4] epoch 33: test-all ROC 0.8782 PR 0.6825 | unseen ROC 0.8708 PR 0.6279 | valAUC 0.9927 | tau+ 0.500
[OUTPOST-v4] epoch 34: test-all ROC 0.8809 PR 0.6922 | unseen ROC 0.8733 PR 0.6393 | valAUC 0.9955 | tau+ 0.500
[OUTPOST-v4] epoch 35: test-all ROC 0.8849 PR 0.6974 | unseen ROC 0.8778 PR 0.6460 | valAUC 0.9839 | tau+ 0.500
[OUTPOST-v4] epoch 36: test-all ROC 0.8919 PR 0.7125 | unseen ROC 0.8852 PR 0.6638 | valAUC 0.9868 | tau+ 0.500
[OUTPOST-v4] epoch 37: test-all ROC 0.8999 PR 0.7332 | unseen ROC 0.8937 PR 0.6895 | valAUC 0.9915 | tau+ 0.500
[OUTPOST-v4] epoch 38: test-all ROC 0.9098 PR 0.7594 | unseen ROC 0.9041 PR 0.7185 | valAUC 0.9901 | tau+ 0.500
[OUTPOST-v4] epoch 39: test-all ROC 0.9201 PR 0.7777 | unseen ROC 0.9153 PR 0.7416 | valAUC 0.9910 | tau+ 0.500
[OUTPOST-v4] epoch 40: test-all ROC 0.9296 PR 0.7886 | unseen ROC 0.9251 PR 0.7533 | valAUC 0.9941 | tau+ 0.500
[OUTPOST-v4] epoch 41: test-all ROC 0.9363 PR 0.7930 | unseen ROC 0.9325 PR 0.7595 | valAUC 0.9870 | tau+ 0.500
[OUTPOST-v4] epoch 42: test-all ROC 0.9450 PR 0.8125 | unseen ROC 0.9417 PR 0.7835 | valAUC 0.9891 | tau+ 0.578
[OUTPOST-v4] epoch 43: test-all ROC 0.9556 PR 0.8575 | unseen ROC 0.9534 PR 0.8357 | valAUC 0.9962 | tau+ 0.500
[OUTPOST-v4] epoch 44: test-all ROC 0.9623 PR 0.8791 | unseen ROC 0.9605 PR 0.8618 | valAUC 0.9946 | tau+ 0.500
[OUTPOST-v4] epoch 45: test-all ROC 0.9649 PR 0.8936 | unseen ROC 0.9634 PR 0.8791 | valAUC 0.9955 | tau+ 0.500
[OUTPOST-v4] epoch 46: test-all ROC 0.9678 PR 0.9040 | unseen ROC 0.9665 PR 0.8916 | valAUC 0.9972 | tau+ 0.500
[OUTPOST-v4] epoch 47: test-all ROC 0.9697 PR 0.9113 | unseen ROC 0.9688 PR 0.9006 | valAUC 0.9960 | tau+ 0.500
[OUTPOST-v4] epoch 48: test-all ROC 0.9728 PR 0.9183 | unseen ROC 0.9725 PR 0.9090 | valAUC 0.9972 | tau+ 0.500
[OUTPOST-v4] epoch 49: test-all ROC 0.9739 PR 0.9222 | unseen ROC 0.9733 PR 0.9137 | valAUC 0.9967 | tau+ 0.500
[OUTPOST-v4] epoch 50: test-all ROC 0.9759 PR 0.9254 | unseen ROC 0.9757 PR 0.9180 | valAUC 0.9972 | tau+ 0.500
[OUTPOST-v4] epoch 51: test-all ROC 0.9761 PR 0.9273 | unseen ROC 0.9758 PR 0.9203 | valAUC 0.9957 | tau+ 0.500
[OUTPOST-v4] epoch 52: test-all ROC 0.9763 PR 0.9317 | unseen ROC 0.9762 PR 0.9259 | valAUC 0.9941 | tau+ 0.500
[OUTPOST-v4] epoch 53: test-all ROC 0.9767 PR 0.9334 | unseen ROC 0.9769 PR 0.9281 | valAUC 0.9981 | tau+ 0.500
[OUTPOST-v4] epoch 54: test-all ROC 0.9771 PR 0.9353 | unseen ROC 0.9773 PR 0.9302 | valAUC 0.9960 | tau+ 0.500
[OUTPOST-v4] epoch 55: test-all ROC 0.9766 PR 0.9345 | unseen ROC 0.9767 PR 0.9294 | valAUC 0.9972 | tau+ 0.500
[OUTPOST-v4] epoch 56: test-all ROC 0.9767 PR 0.9343 | unseen ROC 0.9766 PR 0.9290 | valAUC 0.9974 | tau+ 0.500
[OUTPOST-v4] epoch 57: test-all ROC 0.9769 PR 0.9355 | unseen ROC 0.9770 PR 0.9308 | valAUC 0.9981 | tau+ 0.500
[OUTPOST-v4] epoch 58: test-all ROC 0.9777 PR 0.9383 | unseen ROC 0.9777 PR 0.9339 | valAUC 0.9889 | tau+ 0.500
[OUTPOST-v4] epoch 59: test-all ROC 0.9768 PR 0.9354 | unseen ROC 0.9770 PR 0.9314 | valAUC 0.9965 | tau+ 0.500
[OUTPOST-v4] epoch 60: test-all ROC 0.9770 PR 0.9355 | unseen ROC 0.9770 PR 0.9311 | valAUC 0.9939 | tau+ 0.500
[OUTPOST-v4] epoch 61: test-all ROC 0.9775 PR 0.9372 | unseen ROC 0.9777 PR 0.9332 | valAUC 0.9901 | tau+ 0.500
[OUTPOST-v4] epoch 62: test-all ROC 0.9783 PR 0.9358 | unseen ROC 0.9786 PR 0.9320 | valAUC 0.9960 | tau+ 0.500
[OUTPOST-v4] epoch 63: test-all ROC 0.9777 PR 0.9352 | unseen ROC 0.9779 PR 0.9312 | valAUC 0.9872 | tau+ 0.500
[OUTPOST-v4] epoch 64: test-all ROC 0.9778 PR 0.9356 | unseen ROC 0.9779 PR 0.9318 | valAUC 0.9920 | tau+ 0.500
[OUTPOST-v4] epoch 65: test-all ROC 0.9781 PR 0.9355 | unseen ROC 0.9782 PR 0.9316 | valAUC 0.9965 | tau+ 0.500
[OUTPOST-v4] epoch 66: test-all ROC 0.9797 PR 0.9393 | unseen ROC 0.9801 PR 0.9360 | valAUC 0.9950 | tau+ 0.503
[OUTPOST-v4] epoch 67: test-all ROC 0.9800 PR 0.9418 | unseen ROC 0.9803 PR 0.9384 | valAUC 0.9924 | tau+ 0.500
[OUTPOST-v4] epoch 68: test-all ROC 0.9794 PR 0.9418 | unseen ROC 0.9799 PR 0.9388 | valAUC 0.9868 | tau+ 0.500
[OUTPOST-v4] epoch 69: test-all ROC 0.9795 PR 0.9431 | unseen ROC 0.9799 PR 0.9402 | valAUC 0.9879 | tau+ 0.500
[OUTPOST-v4] epoch 70: test-all ROC 0.9800 PR 0.9445 | unseen ROC 0.9805 PR 0.9420 | valAUC 0.9879 | tau+ 0.522
[OUTPOST-v4] epoch 71: test-all ROC 0.9805 PR 0.9441 | unseen ROC 0.9810 PR 0.9414 | valAUC 0.9917 | tau+ 0.500
[OUTPOST-v4] epoch 72: test-all ROC 0.9804 PR 0.9432 | unseen ROC 0.9810 PR 0.9406 | valAUC 0.9922 | tau+ 0.500
[OUTPOST-v4] epoch 73: test-all ROC 0.9805 PR 0.9408 | unseen ROC 0.9811 PR 0.9379 | valAUC 0.9917 | tau+ 0.534
[OUTPOST-v4] epoch 74: test-all ROC 0.9814 PR 0.9441 | unseen ROC 0.9817 PR 0.9412 | valAUC 0.9929 | tau+ 0.500
[OUTPOST-v4] epoch 75: test-all ROC 0.9812 PR 0.9455 | unseen ROC 0.9817 PR 0.9431 | valAUC 0.9924 | tau+ 0.500
[OUTPOST-v4] epoch 76: test-all ROC 0.9808 PR 0.9447 | unseen ROC 0.9815 PR 0.9424 | valAUC 0.9920 | tau+ 0.500
[OUTPOST-v4] epoch 77: test-all ROC 0.9813 PR 0.9454 | unseen ROC 0.9816 PR 0.9424 | valAUC 0.9894 | tau+ 0.500
[OUTPOST-v4] epoch 78: test-all ROC 0.9810 PR 0.9437 | unseen ROC 0.9816 PR 0.9410 | valAUC 0.9875 | tau+ 0.500
[OUTPOST-v4] epoch 79: test-all ROC 0.9804 PR 0.9415 | unseen ROC 0.9810 PR 0.9386 | valAUC 0.9863 | tau+ 0.500
[OUTPOST-v4] epoch 80: test-all ROC 0.9798 PR 0.9391 | unseen ROC 0.9801 PR 0.9359 | valAUC 0.9818 | tau+ 0.500
[OUTPOST-v4] epoch 81: test-all ROC 0.9792 PR 0.9375 | unseen ROC 0.9795 PR 0.9341 | valAUC 0.9901 | tau+ 0.685
[OUTPOST-v4] epoch 82: test-all ROC 0.9800 PR 0.9380 | unseen ROC 0.9802 PR 0.9344 | valAUC 0.9896 | tau+ 0.516
[OUTPOST-v4] epoch 83: test-all ROC 0.9794 PR 0.9404 | unseen ROC 0.9799 PR 0.9372 | valAUC 0.9884 | tau+ 0.500
[OUTPOST-v4] epoch 84: test-all ROC 0.9800 PR 0.9424 | unseen ROC 0.9804 PR 0.9393 | valAUC 0.9849 | tau+ 0.500
[OUTPOST-v4] epoch 85: test-all ROC 0.9802 PR 0.9427 | unseen ROC 0.9806 PR 0.9394 | valAUC 0.9908 | tau+ 0.500
[OUTPOST-v4] epoch 86: test-all ROC 0.9803 PR 0.9430 | unseen ROC 0.9805 PR 0.9396 | valAUC 0.9849 | tau+ 0.605
[OUTPOST-v4] epoch 87: test-all ROC 0.9797 PR 0.9412 | unseen ROC 0.9801 PR 0.9377 | valAUC 0.9809 | tau+ 0.500
[OUTPOST-v4] epoch 88: test-all ROC 0.9791 PR 0.9362 | unseen ROC 0.9796 PR 0.9326 | valAUC 0.9927 | tau+ 0.500
[OUTPOST-v4] epoch 89: test-all ROC 0.9788 PR 0.9366 | unseen ROC 0.9791 PR 0.9326 | valAUC 0.9842 | tau+ 0.500
[OUTPOST-v4] epoch 90: test-all ROC 0.9778 PR 0.9326 | unseen ROC 0.9781 PR 0.9284 | valAUC 0.9856 | tau+ 0.726
[OUTPOST-v4] epoch 91: test-all ROC 0.9790 PR 0.9338 | unseen ROC 0.9790 PR 0.9295 | valAUC 0.9835 | tau+ 0.535
[OUTPOST-v4] epoch 92: test-all ROC 0.9788 PR 0.9357 | unseen ROC 0.9790 PR 0.9313 | valAUC 0.9865 | tau+ 0.500
[OUTPOST-v4] epoch 93: test-all ROC 0.9791 PR 0.9361 | unseen ROC 0.9795 PR 0.9322 | valAUC 0.9851 | tau+ 0.641
[OUTPOST-v4] epoch 94: test-all ROC 0.9779 PR 0.9341 | unseen ROC 0.9784 PR 0.9302 | valAUC 0.9820 | tau+ 0.524
[OUTPOST-v4] epoch 95: test-all ROC 0.9782 PR 0.9339 | unseen ROC 0.9784 PR 0.9294 | valAUC 0.9870 | tau+ 0.657
[OUTPOST-v4] epoch 96: test-all ROC 0.9778 PR 0.9338 | unseen ROC 0.9779 PR 0.9291 | valAUC 0.9889 | tau+ 0.500
[OUTPOST-v4] epoch 97: test-all ROC 0.9776 PR 0.9342 | unseen ROC 0.9779 PR 0.9298 | valAUC 0.9870 | tau+ 0.500
[OUTPOST-v4] epoch 98: test-all ROC 0.9777 PR 0.9335 | unseen ROC 0.9781 PR 0.9291 | valAUC 0.9849 | tau+ 0.500
[OUTPOST-v4] epoch 99: test-all ROC 0.9769 PR 0.9302 | unseen ROC 0.9774 PR 0.9255 | valAUC 0.9853 | tau+ 0.723
[OUTPOST-v4] epoch 100: test-all ROC 0.9764 PR 0.9271 | unseen ROC 0.9767 PR 0.9218 | valAUC 0.9837 | tau+ 0.500
[OUTPOST-v4] epoch 101: test-all ROC 0.9772 PR 0.9284 | unseen ROC 0.9773 PR 0.9229 | valAUC 0.9849 | tau+ 0.500
[OUTPOST-v4] epoch 102: test-all ROC 0.9773 PR 0.9300 | unseen ROC 0.9776 PR 0.9250 | valAUC 0.9835 | tau+ 0.737
[OUTPOST-v4] epoch 103: test-all ROC 0.9770 PR 0.9305 | unseen ROC 0.9771 PR 0.9253 | valAUC 0.9766 | tau+ 0.683
[OUTPOST-v4] epoch 104: test-all ROC 0.9776 PR 0.9335 | unseen ROC 0.9780 PR 0.9290 | valAUC 0.9818 | tau+ 0.500
[OUTPOST-v4] epoch 105: test-all ROC 0.9774 PR 0.9298 | unseen ROC 0.9778 PR 0.9250 | valAUC 0.9794 | tau+ 0.500
[OUTPOST-v4] epoch 106: test-all ROC 0.9779 PR 0.9283 | unseen ROC 0.9783 PR 0.9232 | valAUC 0.9811 | tau+ 0.600
[OUTPOST-v4] epoch 107: test-all ROC 0.9767 PR 0.9241 | unseen ROC 0.9770 PR 0.9187 | valAUC 0.9820 | tau+ 0.631
[OUTPOST-v4] epoch 108: test-all ROC 0.9767 PR 0.9239 | unseen ROC 0.9770 PR 0.9185 | valAUC 0.9801 | tau+ 0.722
[OUTPOST-v4] epoch 109: test-all ROC 0.9768 PR 0.9277 | unseen ROC 0.9773 PR 0.9228 | valAUC 0.9785 | tau+ 0.593
[OUTPOST-v4] epoch 110: test-all ROC 0.9768 PR 0.9273 | unseen ROC 0.9771 PR 0.9221 | valAUC 0.9825 | tau+ 0.671
[OUTPOST-v4] epoch 111: test-all ROC 0.9775 PR 0.9307 | unseen ROC 0.9777 PR 0.9259 | valAUC 0.9790 | tau+ 0.500
[OUTPOST-v4] epoch 112: test-all ROC 0.9773 PR 0.9301 | unseen ROC 0.9775 PR 0.9253 | valAUC 0.9830 | tau+ 0.640
[OUTPOST-v4] epoch 113: test-all ROC 0.9771 PR 0.9250 | unseen ROC 0.9773 PR 0.9193 | valAUC 0.9740 | tau+ 0.831
[OUTPOST-v4] epoch 114: test-all ROC 0.9755 PR 0.9204 | unseen ROC 0.9759 PR 0.9147 | valAUC 0.9695 | tau+ 0.751
[OUTPOST-v4] epoch 115: test-all ROC 0.9763 PR 0.9251 | unseen ROC 0.9765 PR 0.9198 | valAUC 0.9813 | tau+ 0.731
[OUTPOST-v4] epoch 116: test-all ROC 0.9771 PR 0.9284 | unseen ROC 0.9774 PR 0.9231 | valAUC 0.9766 | tau+ 0.500
[OUTPOST-v4] epoch 117: test-all ROC 0.9769 PR 0.9290 | unseen ROC 0.9772 PR 0.9238 | valAUC 0.9816 | tau+ 0.540
[OUTPOST-v4] epoch 118: test-all ROC 0.9765 PR 0.9270 | unseen ROC 0.9768 PR 0.9215 | valAUC 0.9783 | tau+ 0.620
[OUTPOST-v4] epoch 119: test-all ROC 0.9763 PR 0.9276 | unseen ROC 0.9767 PR 0.9226 | valAUC 0.9749 | tau+ 0.602
[OUTPOST-v4] epoch 120: test-all ROC 0.9773 PR 0.9259 | unseen ROC 0.9777 PR 0.9205 | valAUC 0.9809 | tau+ 0.500
[OUTPOST-v4] epoch 121: test-all ROC 0.9759 PR 0.9226 | unseen ROC 0.9761 PR 0.9165 | valAUC 0.9783 | tau+ 0.535
[OUTPOST-v4] epoch 122: test-all ROC 0.9767 PR 0.9252 | unseen ROC 0.9770 PR 0.9197 | valAUC 0.9749 | tau+ 0.719
[OUTPOST-v4] epoch 123: test-all ROC 0.9769 PR 0.9250 | unseen ROC 0.9772 PR 0.9195 | valAUC 0.9811 | tau+ 0.617
[OUTPOST-v4] epoch 124: test-all ROC 0.9769 PR 0.9259 | unseen ROC 0.9773 PR 0.9205 | valAUC 0.9846 | tau+ 0.500
[OUTPOST-v4] epoch 125: test-all ROC 0.9766 PR 0.9268 | unseen ROC 0.9771 PR 0.9214 | valAUC 0.9773 | tau+ 0.500
[OUTPOST-v4] epoch 126: test-all ROC 0.9770 PR 0.9251 | unseen ROC 0.9773 PR 0.9195 | valAUC 0.9785 | tau+ 0.550
[OUTPOST-v4] epoch 127: test-all ROC 0.9766 PR 0.9212 | unseen ROC 0.9768 PR 0.9153 | valAUC 0.9747 | tau+ 0.793
[OUTPOST-v4] epoch 128: test-all ROC 0.9767 PR 0.9272 | unseen ROC 0.9771 PR 0.9220 | valAUC 0.9806 | tau+ 0.767
[OUTPOST-v4] epoch 129: test-all ROC 0.9760 PR 0.9272 | unseen ROC 0.9764 PR 0.9224 | valAUC 0.9832 | tau+ 0.500
[OUTPOST-v4] epoch 130: test-all ROC 0.9767 PR 0.9305 | unseen ROC 0.9771 PR 0.9255 | valAUC 0.9851 | tau+ 0.500
[OUTPOST-v4] epoch 131: test-all ROC 0.9763 PR 0.9302 | unseen ROC 0.9766 PR 0.9254 | valAUC 0.9835 | tau+ 0.500
[OUTPOST-v4] epoch 132: test-all ROC 0.9769 PR 0.9289 | unseen ROC 0.9772 PR 0.9238 | valAUC 0.9794 | tau+ 0.615
[OUTPOST-v4] epoch 133: test-all ROC 0.9752 PR 0.9204 | unseen ROC 0.9754 PR 0.9146 | valAUC 0.9780 | tau+ 0.618
[OUTPOST-v4] epoch 134: test-all ROC 0.9751 PR 0.9166 | unseen ROC 0.9754 PR 0.9105 | valAUC 0.9712 | tau+ 0.905
[OUTPOST-v4] epoch 135: test-all ROC 0.9759 PR 0.9227 | unseen ROC 0.9763 PR 0.9171 | valAUC 0.9813 | tau+ 0.667
[OUTPOST-v4] epoch 136: test-all ROC 0.9762 PR 0.9266 | unseen ROC 0.9766 PR 0.9217 | valAUC 0.9771 | tau+ 0.500
[OUTPOST-v4] epoch 137: test-all ROC 0.9774 PR 0.9307 | unseen ROC 0.9775 PR 0.9259 | valAUC 0.9858 | tau+ 0.500
[OUTPOST-v4] epoch 138: test-all ROC 0.9781 PR 0.9325 | unseen ROC 0.9784 PR 0.9281 | valAUC 0.9806 | tau+ 0.661
[OUTPOST-v4] epoch 139: test-all ROC 0.9770 PR 0.9297 | unseen ROC 0.9776 PR 0.9256 | valAUC 0.9764 | tau+ 0.705
[OUTPOST-v4] epoch 140: test-all ROC 0.9763 PR 0.9246 | unseen ROC 0.9766 PR 0.9197 | valAUC 0.9806 | tau+ 0.577
[OUTPOST-v4] epoch 141: test-all ROC 0.9761 PR 0.9231 | unseen ROC 0.9767 PR 0.9185 | valAUC 0.9790 | tau+ 0.737
[OUTPOST-v4] epoch 142: test-all ROC 0.9764 PR 0.9240 | unseen ROC 0.9767 PR 0.9187 | valAUC 0.9652 | tau+ 0.789
[OUTPOST-v4] epoch 143: test-all ROC 0.9759 PR 0.9243 | unseen ROC 0.9765 PR 0.9196 | valAUC 0.9683 | tau+ 0.822
[OUTPOST-v4] epoch 144: test-all ROC 0.9762 PR 0.9256 | unseen ROC 0.9766 PR 0.9209 | valAUC 0.9605 | tau+ 0.864
[OUTPOST-v4] epoch 145: test-all ROC 0.9768 PR 0.9285 | unseen ROC 0.9773 PR 0.9241 | valAUC 0.9773 | tau+ 0.593
[OUTPOST-v4] epoch 146: test-all ROC 0.9783 PR 0.9348 | unseen ROC 0.9788 PR 0.9311 | valAUC 0.9712 | tau+ 0.500
[OUTPOST-v4] epoch 147: test-all ROC 0.9768 PR 0.9314 | unseen ROC 0.9774 PR 0.9276 | valAUC 0.9719 | tau+ 0.500
[OUTPOST-v4] epoch 148: test-all ROC 0.9761 PR 0.9290 | unseen ROC 0.9765 PR 0.9249 | valAUC 0.9747 | tau+ 0.646
[OUTPOST-v4] epoch 149: test-all ROC 0.9759 PR 0.9239 | unseen ROC 0.9763 PR 0.9189 | valAUC 0.9778 | tau+ 0.757
[OUTPOST-v4] epoch 150: test-all ROC 0.9747 PR 0.9193 | unseen ROC 0.9751 PR 0.9141 | valAUC 0.9759 | tau+ 0.735
[OUTPOST-v4] epoch 151: test-all ROC 0.9759 PR 0.9272 | unseen ROC 0.9763 PR 0.9223 | valAUC 0.9728 | tau+ 0.629
[OUTPOST-v4] epoch 152: test-all ROC 0.9765 PR 0.9260 | unseen ROC 0.9769 PR 0.9212 | valAUC 0.9754 | tau+ 0.657
[OUTPOST-v4] epoch 153: test-all ROC 0.9764 PR 0.9255 | unseen ROC 0.9769 PR 0.9206 | valAUC 0.9693 | tau+ 0.724
[OUTPOST-v4] epoch 154: test-all ROC 0.9755 PR 0.9251 | unseen ROC 0.9760 PR 0.9200 | valAUC 0.9766 | tau+ 0.559
[OUTPOST-v4] epoch 155: test-all ROC 0.9756 PR 0.9232 | unseen ROC 0.9761 PR 0.9184 | valAUC 0.9761 | tau+ 0.794
[OUTPOST-v4] epoch 156: test-all ROC 0.9760 PR 0.9202 | unseen ROC 0.9764 PR 0.9148 | valAUC 0.9726 | tau+ 0.516
[OUTPOST-v4] epoch 157: test-all ROC 0.9762 PR 0.9216 | unseen ROC 0.9767 PR 0.9162 | valAUC 0.9745 | tau+ 0.596
[OUTPOST-v4] epoch 158: test-all ROC 0.9757 PR 0.9220 | unseen ROC 0.9762 PR 0.9168 | valAUC 0.9667 | tau+ 0.571
[OUTPOST-v4] epoch 159: test-all ROC 0.9749 PR 0.9148 | unseen ROC 0.9754 PR 0.9088 | valAUC 0.9719 | tau+ 0.521
[OUTPOST-v4] epoch 160: test-all ROC 0.9754 PR 0.9177 | unseen ROC 0.9756 PR 0.9117 | valAUC 0.9790 | tau+ 0.684
[OUTPOST-v4] epoch 161: test-all ROC 0.9751 PR 0.9226 | unseen ROC 0.9758 PR 0.9176 | valAUC 0.9719 | tau+ 0.607
[OUTPOST-v4] epoch 162: test-all ROC 0.9751 PR 0.9201 | unseen ROC 0.9754 PR 0.9146 | valAUC 0.9740 | tau+ 0.500
[OUTPOST-v4] epoch 163: test-all ROC 0.9736 PR 0.9090 | unseen ROC 0.9741 PR 0.9025 | valAUC 0.9652 | tau+ 0.762
[OUTPOST-v4] epoch 164: test-all ROC 0.9736 PR 0.9118 | unseen ROC 0.9739 PR 0.9055 | valAUC 0.9634 | tau+ 0.829
[OUTPOST-v4] epoch 165: test-all ROC 0.9738 PR 0.9132 | unseen ROC 0.9745 PR 0.9076 | valAUC 0.9738 | tau+ 0.660
[OUTPOST-v4] epoch 166: test-all ROC 0.9751 PR 0.9204 | unseen ROC 0.9757 PR 0.9154 | valAUC 0.9759 | tau+ 0.500
[OUTPOST-v4] epoch 167: test-all ROC 0.9751 PR 0.9218 | unseen ROC 0.9757 PR 0.9166 | valAUC 0.9745 | tau+ 0.591
[OUTPOST-v4] epoch 168: test-all ROC 0.9754 PR 0.9201 | unseen ROC 0.9759 PR 0.9147 | valAUC 0.9721 | tau+ 0.530
[OUTPOST-v4] epoch 169: test-all ROC 0.9744 PR 0.9169 | unseen ROC 0.9747 PR 0.9106 | valAUC 0.9761 | tau+ 0.814
[OUTPOST-v4] epoch 170: test-all ROC 0.9741 PR 0.9154 | unseen ROC 0.9745 PR 0.9092 | valAUC 0.9783 | tau+ 0.785
[OUTPOST-v4] epoch 171: test-all ROC 0.9738 PR 0.9131 | unseen ROC 0.9742 PR 0.9068 | valAUC 0.9749 | tau+ 0.906
[OUTPOST-v4] epoch 172: test-all ROC 0.9747 PR 0.9154 | unseen ROC 0.9753 PR 0.9097 | valAUC 0.9721 | tau+ 0.524
[OUTPOST-v4] epoch 173: test-all ROC 0.9757 PR 0.9220 | unseen ROC 0.9763 PR 0.9167 | valAUC 0.9761 | tau+ 0.646
[OUTPOST-v4] epoch 174: test-all ROC 0.9756 PR 0.9214 | unseen ROC 0.9761 PR 0.9157 | valAUC 0.9752 | tau+ 0.500
[OUTPOST-v4] epoch 175: test-all ROC 0.9738 PR 0.9131 | unseen ROC 0.9744 PR 0.9072 | valAUC 0.9759 | tau+ 0.892
[OUTPOST-v4] epoch 176: test-all ROC 0.9723 PR 0.9053 | unseen ROC 0.9727 PR 0.8988 | valAUC 0.9723 | tau+ 0.899
[OUTPOST-v4] epoch 177: test-all ROC 0.9734 PR 0.9120 | unseen ROC 0.9741 PR 0.9063 | valAUC 0.9761 | tau+ 0.861
[OUTPOST-v4] epoch 178: test-all ROC 0.9754 PR 0.9208 | unseen ROC 0.9760 PR 0.9157 | valAUC 0.9778 | tau+ 0.850
[OUTPOST-v4] epoch 179: test-all ROC 0.9761 PR 0.9246 | unseen ROC 0.9769 PR 0.9200 | valAUC 0.9669 | tau+ 0.716
[OUTPOST-v4] epoch 180: test-all ROC 0.9756 PR 0.9232 | unseen ROC 0.9761 PR 0.9183 | valAUC 0.9615 | tau+ 0.543
[OUTPOST-v4] epoch 181: test-all ROC 0.9761 PR 0.9242 | unseen ROC 0.9764 PR 0.9191 | valAUC 0.9634 | tau+ 0.644
[OUTPOST-v4] epoch 182: test-all ROC 0.9750 PR 0.9222 | unseen ROC 0.9757 PR 0.9175 | valAUC 0.9695 | tau+ 0.811
[OUTPOST-v4] epoch 183: test-all ROC 0.9758 PR 0.9221 | unseen ROC 0.9765 PR 0.9175 | valAUC 0.9636 | tau+ 0.733
[OUTPOST-v4] epoch 184: test-all ROC 0.9766 PR 0.9252 | unseen ROC 0.9773 PR 0.9208 | valAUC 0.9768 | tau+ 0.697
[OUTPOST-v4] epoch 185: test-all ROC 0.9760 PR 0.9265 | unseen ROC 0.9766 PR 0.9220 | valAUC 0.9716 | tau+ 0.554
[OUTPOST-v4] epoch 186: test-all ROC 0.9762 PR 0.9266 | unseen ROC 0.9769 PR 0.9220 | valAUC 0.9636 | tau+ 0.719
[OUTPOST-v4] epoch 187: test-all ROC 0.9751 PR 0.9212 | unseen ROC 0.9758 PR 0.9166 | valAUC 0.9735 | tau+ 0.753
[OUTPOST-v4] epoch 188: test-all ROC 0.9756 PR 0.9233 | unseen ROC 0.9762 PR 0.9189 | valAUC 0.9655 | tau+ 0.864
[OUTPOST-v4] epoch 189: test-all ROC 0.9753 PR 0.9219 | unseen ROC 0.9761 PR 0.9177 | valAUC 0.9688 | tau+ 0.808
[OUTPOST-v4] epoch 190: test-all ROC 0.9760 PR 0.9267 | unseen ROC 0.9768 PR 0.9227 | valAUC 0.9754 | tau+ 0.779
[OUTPOST-v4] epoch 191: test-all ROC 0.9763 PR 0.9297 | unseen ROC 0.9769 PR 0.9260 | valAUC 0.9702 | tau+ 0.727
[OUTPOST-v4] epoch 192: test-all ROC 0.9762 PR 0.9288 | unseen ROC 0.9769 PR 0.9249 | valAUC 0.9785 | tau+ 0.761
[OUTPOST-v4] epoch 193: test-all ROC 0.9760 PR 0.9261 | unseen ROC 0.9769 PR 0.9226 | valAUC 0.9747 | tau+ 0.760
[OUTPOST-v4] epoch 194: test-all ROC 0.9762 PR 0.9241 | unseen ROC 0.9767 PR 0.9200 | valAUC 0.9693 | tau+ 0.726
[OUTPOST-v4] epoch 195: test-all ROC 0.9764 PR 0.9239 | unseen ROC 0.9771 PR 0.9200 | valAUC 0.9582 | tau+ 0.891
[OUTPOST-v4] epoch 196: test-all ROC 0.9765 PR 0.9262 | unseen ROC 0.9771 PR 0.9222 | valAUC 0.9775 | tau+ 0.757
[OUTPOST-v4] epoch 197: test-all ROC 0.9777 PR 0.9332 | unseen ROC 0.9784 PR 0.9300 | valAUC 0.9582 | tau+ 0.500
[OUTPOST-v4] epoch 198: test-all ROC 0.9779 PR 0.9323 | unseen ROC 0.9787 PR 0.9292 | valAUC 0.9608 | tau+ 0.685
[OUTPOST-v4] epoch 199: test-all ROC 0.9768 PR 0.9293 | unseen ROC 0.9778 PR 0.9261 | valAUC 0.9757 | tau+ 0.823
  rotation 6: ROC 0.9814 PR 0.9455
[cs] params 889793, peak GPU 18.41 GB, 38.3 min total
[cs] ran 1/8 rotations; no results.csv row written. Merge the shards with:
    python analysis/scripts/merge_rotations.py
