# gpu=4 cmd=/usr/bin/python3 -u main.py --dataset tfinance --seed 42 --method outpost --tag A_sim0.0 --set sim_topk_frac=0.0 --save-scores
/nas/home/jahin/.local/lib/python3.10/site-packages/requests/__init__.py:113: RequestsDependencyWarning: urllib3 (1.26.5) or chardet (7.2.0)/charset_normalizer (3.4.4) doesn't match a supported version!
  warnings.warn(
[tfinance] anomaly classes (rotations): [np.int64(1)]
Normal classes: [np.int64(0)] in tfinance
Building multi-layer GraphSage
[OUTPOST-v4] epoch 0: test-all ROC 0.5239 PR 0.0438 | unseen ROC 0.5000 PR 0.0000 | valAUC 0.5067 | tau+ 0.995
[OUTPOST-v4] epoch 1: test-all ROC 0.8380 PR 0.2608 | unseen ROC 0.5000 PR 0.0000 | valAUC 0.8108 | tau+ 0.500
[OUTPOST-v4] epoch 2: test-all ROC 0.8510 PR 0.5116 | unseen ROC 0.5000 PR 0.0000 | valAUC 0.7938 | tau+ 0.500
[OUTPOST-v4] epoch 3: test-all ROC 0.8379 PR 0.5280 | unseen ROC 0.5000 PR 0.0000 | valAUC 0.7892 | tau+ 0.500
[OUTPOST-v4] epoch 4: test-all ROC 0.8235 PR 0.5230 | unseen ROC 0.5000 PR 0.0000 | valAUC 0.8249 | tau+ 0.500
[OUTPOST-v4] epoch 5: test-all ROC 0.8010 PR 0.4990 | unseen ROC 0.5000 PR 0.0000 | valAUC 0.8036 | tau+ 0.500
[OUTPOST-v4] epoch 6: test-all ROC 0.7887 PR 0.4833 | unseen ROC 0.5000 PR 0.0000 | valAUC 0.8060 | tau+ 0.500
[OUTPOST-v4] epoch 7: test-all ROC 0.7710 PR 0.4714 | unseen ROC 0.5000 PR 0.0000 | valAUC 0.8117 | tau+ 0.500
[OUTPOST-v4] epoch 8: test-all ROC 0.7634 PR 0.4655 | unseen ROC 0.5000 PR 0.0000 | valAUC 0.7462 | tau+ 0.500
[OUTPOST-v4] epoch 9: test-all ROC 0.7571 PR 0.4682 | unseen ROC 0.5000 PR 0.0000 | valAUC 0.7987 | tau+ 0.500
[OUTPOST-v4] epoch 10: test-all ROC 0.7513 PR 0.4451 | unseen ROC 0.5000 PR 0.0000 | valAUC 0.7473 | tau+ 0.500
[OUTPOST-v4] epoch 11: test-all ROC 0.7471 PR 0.4410 | unseen ROC 0.5000 PR 0.0000 | valAUC 0.7470 | tau+ 0.500
[OUTPOST-v4] epoch 12: test-all ROC 0.7490 PR 0.4452 | unseen ROC 0.5000 PR 0.0000 | valAUC 0.7659 | tau+ 0.500
[OUTPOST-v4] epoch 13: test-all ROC 0.7448 PR 0.4398 | unseen ROC 0.5000 PR 0.0000 | valAUC 0.7640 | tau+ 0.500
[OUTPOST-v4] epoch 14: test-all ROC 0.7432 PR 0.4344 | unseen ROC 0.5000 PR 0.0000 | valAUC 0.7309 | tau+ 0.500
[OUTPOST-v4] epoch 15: test-all ROC 0.7535 PR 0.4540 | unseen ROC 0.5000 PR 0.0000 | valAUC 0.7454 | tau+ 0.500
[OUTPOST-v4] epoch 16: test-all ROC 0.7582 PR 0.4606 | unseen ROC 0.5000 PR 0.0000 | valAUC 0.7326 | tau+ 0.500
[OUTPOST-v4] epoch 17: test-all ROC 0.7641 PR 0.4634 | unseen ROC 0.5000 PR 0.0000 | valAUC 0.7594 | tau+ 0.500
[OUTPOST-v4] epoch 18: test-all ROC 0.7613 PR 0.4641 | unseen ROC 0.5000 PR 0.0000 | valAUC 0.7962 | tau+ 0.500
[OUTPOST-v4] epoch 19: test-all ROC 0.7728 PR 0.4865 | unseen ROC 0.5000 PR 0.0000 | valAUC 0.7628 | tau+ 0.500
[OUTPOST-v4] epoch 20: test-all ROC 0.7736 PR 0.4798 | unseen ROC 0.5000 PR 0.0000 | valAUC 0.8121 | tau+ 0.500
[OUTPOST-v4] epoch 21: test-all ROC 0.7789 PR 0.4789 | unseen ROC 0.5000 PR 0.0000 | valAUC 0.7763 | tau+ 0.500
[OUTPOST-v4] epoch 22: test-all ROC 0.7807 PR 0.4797 | unseen ROC 0.5000 PR 0.0000 | valAUC 0.7554 | tau+ 0.500
[OUTPOST-v4] epoch 23: test-all ROC 0.7931 PR 0.4925 | unseen ROC 0.5000 PR 0.0000 | valAUC 0.7568 | tau+ 0.500
[OUTPOST-v4] epoch 24: test-all ROC 0.7948 PR 0.4852 | unseen ROC 0.5000 PR 0.0000 | valAUC 0.7845 | tau+ 0.500
[OUTPOST-v4] epoch 25: test-all ROC 0.7974 PR 0.5009 | unseen ROC 0.5000 PR 0.0000 | valAUC 0.8360 | tau+ 0.500
[OUTPOST-v4] epoch 26: test-all ROC 0.8105 PR 0.5002 | unseen ROC 0.5000 PR 0.0000 | valAUC 0.7960 | tau+ 0.500
[OUTPOST-v4] epoch 27: test-all ROC 0.8179 PR 0.5053 | unseen ROC 0.5000 PR 0.0000 | valAUC 0.8351 | tau+ 0.500
[OUTPOST-v4] epoch 28: test-all ROC 0.8237 PR 0.5150 | unseen ROC 0.5000 PR 0.0000 | valAUC 0.8375 | tau+ 0.500
[OUTPOST-v4] epoch 29: test-all ROC 0.8294 PR 0.5251 | unseen ROC 0.5000 PR 0.0000 | valAUC 0.7787 | tau+ 0.500
[OUTPOST-v4] epoch 30: test-all ROC 0.8374 PR 0.5166 | unseen ROC 0.5000 PR 0.0000 | valAUC 0.8737 | tau+ 0.500
[OUTPOST-v4] epoch 31: test-all ROC 0.8430 PR 0.5316 | unseen ROC 0.5000 PR 0.0000 | valAUC 0.8331 | tau+ 0.500
[OUTPOST-v4] epoch 32: test-all ROC 0.8491 PR 0.5273 | unseen ROC 0.5000 PR 0.0000 | valAUC 0.7892 | tau+ 0.500
[OUTPOST-v4] epoch 33: test-all ROC 0.8568 PR 0.5407 | unseen ROC 0.5000 PR 0.0000 | valAUC 0.8410 | tau+ 0.500
[OUTPOST-v4] epoch 34: test-all ROC 0.8541 PR 0.5209 | unseen ROC 0.5000 PR 0.0000 | valAUC 0.7777 | tau+ 0.500
[OUTPOST-v4] epoch 35: test-all ROC 0.8504 PR 0.5181 | unseen ROC 0.5000 PR 0.0000 | valAUC 0.8569 | tau+ 0.500
[OUTPOST-v4] epoch 36: test-all ROC 0.8521 PR 0.5232 | unseen ROC 0.5000 PR 0.0000 | valAUC 0.7950 | tau+ 0.500
[OUTPOST-v4] epoch 37: test-all ROC 0.8561 PR 0.5186 | unseen ROC 0.5000 PR 0.0000 | valAUC 0.8682 | tau+ 0.500
[OUTPOST-v4] epoch 38: test-all ROC 0.8479 PR 0.5060 | unseen ROC 0.5000 PR 0.0000 | valAUC 0.8378 | tau+ 0.500
[OUTPOST-v4] epoch 39: test-all ROC 0.8460 PR 0.4911 | unseen ROC 0.5000 PR 0.0000 | valAUC 0.7940 | tau+ 0.500
[OUTPOST-v4] epoch 40: test-all ROC 0.8483 PR 0.5045 | unseen ROC 0.5000 PR 0.0000 | valAUC 0.8444 | tau+ 0.500
[OUTPOST-v4] epoch 41: test-all ROC 0.8521 PR 0.5105 | unseen ROC 0.5000 PR 0.0000 | valAUC 0.8480 | tau+ 0.500
[OUTPOST-v4] epoch 42: test-all ROC 0.8615 PR 0.5212 | unseen ROC 0.5000 PR 0.0000 | valAUC 0.8415 | tau+ 0.500
[OUTPOST-v4] epoch 43: test-all ROC 0.8602 PR 0.5147 | unseen ROC 0.5000 PR 0.0000 | valAUC 0.8431 | tau+ 0.500
[OUTPOST-v4] epoch 44: test-all ROC 0.8620 PR 0.5095 | unseen ROC 0.5000 PR 0.0000 | valAUC 0.8584 | tau+ 0.500
[OUTPOST-v4] epoch 45: test-all ROC 0.8615 PR 0.4971 | unseen ROC 0.5000 PR 0.0000 | valAUC 0.8497 | tau+ 0.500
[OUTPOST-v4] epoch 46: test-all ROC 0.8589 PR 0.4982 | unseen ROC 0.5000 PR 0.0000 | valAUC 0.7841 | tau+ 0.500
[OUTPOST-v4] epoch 47: test-all ROC 0.8596 PR 0.5037 | unseen ROC 0.5000 PR 0.0000 | valAUC 0.8411 | tau+ 0.500
[OUTPOST-v4] epoch 48: test-all ROC 0.8604 PR 0.4813 | unseen ROC 0.5000 PR 0.0000 | valAUC 0.8213 | tau+ 0.500
[OUTPOST-v4] epoch 49: test-all ROC 0.8505 PR 0.4402 | unseen ROC 0.5000 PR 0.0000 | valAUC 0.8192 | tau+ 0.500
[OUTPOST-v4] epoch 50: test-all ROC 0.8473 PR 0.3945 | unseen ROC 0.5000 PR 0.0000 | valAUC 0.8160 | tau+ 0.500
[OUTPOST-v4] epoch 51: test-all ROC 0.8417 PR 0.2855 | unseen ROC 0.5000 PR 0.0000 | valAUC 0.7835 | tau+ 0.500
[OUTPOST-v4] epoch 52: test-all ROC 0.8338 PR 0.2382 | unseen ROC 0.5000 PR 0.0000 | valAUC 0.8192 | tau+ 0.500
[OUTPOST-v4] epoch 53: test-all ROC 0.8359 PR 0.2942 | unseen ROC 0.5000 PR 0.0000 | valAUC 0.7753 | tau+ 0.500
[OUTPOST-v4] epoch 54: test-all ROC 0.8530 PR 0.3898 | unseen ROC 0.5000 PR 0.0000 | valAUC 0.7981 | tau+ 0.500
[OUTPOST-v4] epoch 55: test-all ROC 0.8599 PR 0.4559 | unseen ROC 0.5000 PR 0.0000 | valAUC 0.8376 | tau+ 0.500
[OUTPOST-v4] epoch 56: test-all ROC 0.8643 PR 0.4970 | unseen ROC 0.5000 PR 0.0000 | valAUC 0.8663 | tau+ 0.500
[OUTPOST-v4] epoch 57: test-all ROC 0.8654 PR 0.5048 | unseen ROC 0.5000 PR 0.0000 | valAUC 0.8048 | tau+ 0.500
[OUTPOST-v4] epoch 58: test-all ROC 0.8702 PR 0.5147 | unseen ROC 0.5000 PR 0.0000 | valAUC 0.8385 | tau+ 0.500
[OUTPOST-v4] epoch 59: test-all ROC 0.8636 PR 0.5022 | unseen ROC 0.5000 PR 0.0000 | valAUC 0.8156 | tau+ 0.500
[OUTPOST-v4] epoch 60: test-all ROC 0.8662 PR 0.5333 | unseen ROC 0.5000 PR 0.0000 | valAUC 0.8525 | tau+ 0.500
[OUTPOST-v4] epoch 61: test-all ROC 0.8584 PR 0.4896 | unseen ROC 0.5000 PR 0.0000 | valAUC 0.8448 | tau+ 0.500
[OUTPOST-v4] epoch 62: test-all ROC 0.8582 PR 0.4802 | unseen ROC 0.5000 PR 0.0000 | valAUC 0.8267 | tau+ 0.500
[OUTPOST-v4] epoch 63: test-all ROC 0.8558 PR 0.4639 | unseen ROC 0.5000 PR 0.0000 | valAUC 0.8070 | tau+ 0.500
[OUTPOST-v4] epoch 64: test-all ROC 0.8514 PR 0.4286 | unseen ROC 0.5000 PR 0.0000 | valAUC 0.8283 | tau+ 0.500
[OUTPOST-v4] epoch 65: test-all ROC 0.8535 PR 0.4299 | unseen ROC 0.5000 PR 0.0000 | valAUC 0.8033 | tau+ 0.500
[OUTPOST-v4] epoch 66: test-all ROC 0.8538 PR 0.4705 | unseen ROC 0.5000 PR 0.0000 | valAUC 0.7975 | tau+ 0.500
[OUTPOST-v4] epoch 67: test-all ROC 0.8589 PR 0.4861 | unseen ROC 0.5000 PR 0.0000 | valAUC 0.8347 | tau+ 0.500
[OUTPOST-v4] epoch 68: test-all ROC 0.8499 PR 0.4898 | unseen ROC 0.5000 PR 0.0000 | valAUC 0.8233 | tau+ 0.500
[OUTPOST-v4] epoch 69: test-all ROC 0.8582 PR 0.4849 | unseen ROC 0.5000 PR 0.0000 | valAUC 0.8377 | tau+ 0.500
[OUTPOST-v4] epoch 70: test-all ROC 0.8548 PR 0.4902 | unseen ROC 0.5000 PR 0.0000 | valAUC 0.8405 | tau+ 0.500
[OUTPOST-v4] epoch 71: test-all ROC 0.8530 PR 0.4782 | unseen ROC 0.5000 PR 0.0000 | valAUC 0.8289 | tau+ 0.500
[OUTPOST-v4] epoch 72: test-all ROC 0.8575 PR 0.4824 | unseen ROC 0.5000 PR 0.0000 | valAUC 0.7808 | tau+ 0.500
[OUTPOST-v4] epoch 73: test-all ROC 0.8573 PR 0.4822 | unseen ROC 0.5000 PR 0.0000 | valAUC 0.8308 | tau+ 0.500
[OUTPOST-v4] epoch 74: test-all ROC 0.8554 PR 0.4977 | unseen ROC 0.5000 PR 0.0000 | valAUC 0.7849 | tau+ 0.500
[OUTPOST-v4] epoch 75: test-all ROC 0.8540 PR 0.4857 | unseen ROC 0.5000 PR 0.0000 | valAUC 0.8334 | tau+ 0.500
[OUTPOST-v4] epoch 76: test-all ROC 0.8526 PR 0.4883 | unseen ROC 0.5000 PR 0.0000 | valAUC 0.8180 | tau+ 0.500
[OUTPOST-v4] epoch 77: test-all ROC 0.8563 PR 0.4991 | unseen ROC 0.5000 PR 0.0000 | valAUC 0.8022 | tau+ 0.500
[OUTPOST-v4] epoch 78: test-all ROC 0.8535 PR 0.4818 | unseen ROC 0.5000 PR 0.0000 | valAUC 0.8375 | tau+ 0.500
[OUTPOST-v4] epoch 79: test-all ROC 0.8574 PR 0.4925 | unseen ROC 0.5000 PR 0.0000 | valAUC 0.7934 | tau+ 0.500
[OUTPOST-v4] epoch 80: test-all ROC 0.8546 PR 0.4743 | unseen ROC 0.5000 PR 0.0000 | valAUC 0.8140 | tau+ 0.500
[OUTPOST-v4] epoch 81: test-all ROC 0.8457 PR 0.4357 | unseen ROC 0.5000 PR 0.0000 | valAUC 0.7775 | tau+ 0.500
[OUTPOST-v4] epoch 82: test-all ROC 0.8498 PR 0.4430 | unseen ROC 0.5000 PR 0.0000 | valAUC 0.7629 | tau+ 0.500
[OUTPOST-v4] epoch 83: test-all ROC 0.8533 PR 0.4783 | unseen ROC 0.5000 PR 0.0000 | valAUC 0.7908 | tau+ 0.500
[OUTPOST-v4] epoch 84: test-all ROC 0.8578 PR 0.4849 | unseen ROC 0.5000 PR 0.0000 | valAUC 0.8111 | tau+ 0.500
[OUTPOST-v4] epoch 85: test-all ROC 0.8543 PR 0.4825 | unseen ROC 0.5000 PR 0.0000 | valAUC 0.8265 | tau+ 0.500
[OUTPOST-v4] epoch 86: test-all ROC 0.8506 PR 0.4754 | unseen ROC 0.5000 PR 0.0000 | valAUC 0.8421 | tau+ 0.500
[OUTPOST-v4] epoch 87: test-all ROC 0.8546 PR 0.4877 | unseen ROC 0.5000 PR 0.0000 | valAUC 0.8257 | tau+ 0.500
[OUTPOST-v4] epoch 88: test-all ROC 0.8566 PR 0.4629 | unseen ROC 0.5000 PR 0.0000 | valAUC 0.8238 | tau+ 0.500
[OUTPOST-v4] epoch 89: test-all ROC 0.8591 PR 0.4859 | unseen ROC 0.5000 PR 0.0000 | valAUC 0.8039 | tau+ 0.500
[OUTPOST-v4] epoch 90: test-all ROC 0.8624 PR 0.5152 | unseen ROC 0.5000 PR 0.0000 | valAUC 0.8131 | tau+ 0.500
[OUTPOST-v4] epoch 91: test-all ROC 0.8632 PR 0.5163 | unseen ROC 0.5000 PR 0.0000 | valAUC 0.8692 | tau+ 0.500
[OUTPOST-v4] epoch 92: test-all ROC 0.8610 PR 0.5072 | unseen ROC 0.5000 PR 0.0000 | valAUC 0.8108 | tau+ 0.500
[OUTPOST-v4] epoch 93: test-all ROC 0.8694 PR 0.5030 | unseen ROC 0.5000 PR 0.0000 | valAUC 0.8215 | tau+ 0.500
[OUTPOST-v4] epoch 94: test-all ROC 0.8675 PR 0.4961 | unseen ROC 0.5000 PR 0.0000 | valAUC 0.8518 | tau+ 0.500
[OUTPOST-v4] epoch 95: test-all ROC 0.8637 PR 0.4862 | unseen ROC 0.5000 PR 0.0000 | valAUC 0.7758 | tau+ 0.500
[OUTPOST-v4] epoch 96: test-all ROC 0.8628 PR 0.4924 | unseen ROC 0.5000 PR 0.0000 | valAUC 0.8346 | tau+ 0.500
[OUTPOST-v4] epoch 97: test-all ROC 0.8629 PR 0.4926 | unseen ROC 0.5000 PR 0.0000 | valAUC 0.8490 | tau+ 0.500
[OUTPOST-v4] epoch 98: test-all ROC 0.8618 PR 0.5035 | unseen ROC 0.5000 PR 0.0000 | valAUC 0.8153 | tau+ 0.500
[OUTPOST-v4] epoch 99: test-all ROC 0.8619 PR 0.5004 | unseen ROC 0.5000 PR 0.0000 | valAUC 0.8260 | tau+ 0.500
[OUTPOST-v4] epoch 100: test-all ROC 0.8677 PR 0.5132 | unseen ROC 0.5000 PR 0.0000 | valAUC 0.8303 | tau+ 0.500
[OUTPOST-v4] epoch 101: test-all ROC 0.8653 PR 0.5146 | unseen ROC 0.5000 PR 0.0000 | valAUC 0.8357 | tau+ 0.500
[OUTPOST-v4] epoch 102: test-all ROC 0.8649 PR 0.4956 | unseen ROC 0.5000 PR 0.0000 | valAUC 0.8089 | tau+ 0.500
[OUTPOST-v4] epoch 103: test-all ROC 0.8706 PR 0.5303 | unseen ROC 0.5000 PR 0.0000 | valAUC 0.8037 | tau+ 0.500
[OUTPOST-v4] epoch 104: test-all ROC 0.8731 PR 0.5212 | unseen ROC 0.5000 PR 0.0000 | valAUC 0.8355 | tau+ 0.500
[OUTPOST-v4] epoch 105: test-all ROC 0.8618 PR 0.5202 | unseen ROC 0.5000 PR 0.0000 | valAUC 0.8630 | tau+ 0.500
[OUTPOST-v4] epoch 106: test-all ROC 0.8697 PR 0.5423 | unseen ROC 0.5000 PR 0.0000 | valAUC 0.8186 | tau+ 0.500
[OUTPOST-v4] epoch 107: test-all ROC 0.8671 PR 0.5114 | unseen ROC 0.5000 PR 0.0000 | valAUC 0.8298 | tau+ 0.500
[OUTPOST-v4] epoch 108: test-all ROC 0.8740 PR 0.5223 | unseen ROC 0.5000 PR 0.0000 | valAUC 0.8236 | tau+ 0.500
[OUTPOST-v4] epoch 109: test-all ROC 0.8716 PR 0.5341 | unseen ROC 0.5000 PR 0.0000 | valAUC 0.8332 | tau+ 0.500
[OUTPOST-v4] epoch 110: test-all ROC 0.8717 PR 0.5465 | unseen ROC 0.5000 PR 0.0000 | valAUC 0.8351 | tau+ 0.500
[OUTPOST-v4] epoch 111: test-all ROC 0.8807 PR 0.5562 | unseen ROC 0.5000 PR 0.0000 | valAUC 0.8004 | tau+ 0.500
[OUTPOST-v4] epoch 112: test-all ROC 0.8742 PR 0.5361 | unseen ROC 0.5000 PR 0.0000 | valAUC 0.8410 | tau+ 0.500
[OUTPOST-v4] epoch 113: test-all ROC 0.8767 PR 0.5428 | unseen ROC 0.5000 PR 0.0000 | valAUC 0.8296 | tau+ 0.500
[OUTPOST-v4] epoch 114: test-all ROC 0.8718 PR 0.5404 | unseen ROC 0.5000 PR 0.0000 | valAUC 0.8609 | tau+ 0.500
[OUTPOST-v4] epoch 115: test-all ROC 0.8709 PR 0.5517 | unseen ROC 0.5000 PR 0.0000 | valAUC 0.8701 | tau+ 0.500
[OUTPOST-v4] epoch 116: test-all ROC 0.8804 PR 0.5617 | unseen ROC 0.5000 PR 0.0000 | valAUC 0.8468 | tau+ 0.500
[OUTPOST-v4] epoch 117: test-all ROC 0.8819 PR 0.5620 | unseen ROC 0.5000 PR 0.0000 | valAUC 0.8484 | tau+ 0.500
[OUTPOST-v4] epoch 118: test-all ROC 0.8796 PR 0.5544 | unseen ROC 0.5000 PR 0.0000 | valAUC 0.8223 | tau+ 0.500
[OUTPOST-v4] epoch 119: test-all ROC 0.8784 PR 0.5543 | unseen ROC 0.5000 PR 0.0000 | valAUC 0.8595 | tau+ 0.500
[OUTPOST-v4] epoch 120: test-all ROC 0.8805 PR 0.5638 | unseen ROC 0.5000 PR 0.0000 | valAUC 0.8214 | tau+ 0.500
[OUTPOST-v4] epoch 121: test-all ROC 0.8791 PR 0.5607 | unseen ROC 0.5000 PR 0.0000 | valAUC 0.8682 | tau+ 0.500
[OUTPOST-v4] epoch 122: test-all ROC 0.8829 PR 0.5716 | unseen ROC 0.5000 PR 0.0000 | valAUC 0.8539 | tau+ 0.500
[OUTPOST-v4] epoch 123: test-all ROC 0.8815 PR 0.5505 | unseen ROC 0.5000 PR 0.0000 | valAUC 0.8408 | tau+ 0.500
[OUTPOST-v4] epoch 124: test-all ROC 0.8793 PR 0.5669 | unseen ROC 0.5000 PR 0.0000 | valAUC 0.8331 | tau+ 0.500
[OUTPOST-v4] epoch 125: test-all ROC 0.8804 PR 0.5705 | unseen ROC 0.5000 PR 0.0000 | valAUC 0.8123 | tau+ 0.500
[OUTPOST-v4] epoch 126: test-all ROC 0.8803 PR 0.5874 | unseen ROC 0.5000 PR 0.0000 | valAUC 0.8198 | tau+ 0.500
[OUTPOST-v4] epoch 127: test-all ROC 0.8784 PR 0.5777 | unseen ROC 0.5000 PR 0.0000 | valAUC 0.8283 | tau+ 0.500
[OUTPOST-v4] epoch 128: test-all ROC 0.8810 PR 0.5606 | unseen ROC 0.5000 PR 0.0000 | valAUC 0.8052 | tau+ 0.500
[OUTPOST-v4] epoch 129: test-all ROC 0.8853 PR 0.5515 | unseen ROC 0.5000 PR 0.0000 | valAUC 0.8154 | tau+ 0.500
[OUTPOST-v4] epoch 130: test-all ROC 0.8822 PR 0.5671 | unseen ROC 0.5000 PR 0.0000 | valAUC 0.8319 | tau+ 0.500
[OUTPOST-v4] epoch 131: test-all ROC 0.8830 PR 0.5762 | unseen ROC 0.5000 PR 0.0000 | valAUC 0.8405 | tau+ 0.500
[OUTPOST-v4] epoch 132: test-all ROC 0.8852 PR 0.5855 | unseen ROC 0.5000 PR 0.0000 | valAUC 0.8556 | tau+ 0.500
[OUTPOST-v4] epoch 133: test-all ROC 0.8834 PR 0.5657 | unseen ROC 0.5000 PR 0.0000 | valAUC 0.8484 | tau+ 0.500
[OUTPOST-v4] epoch 134: test-all ROC 0.8889 PR 0.5881 | unseen ROC 0.5000 PR 0.0000 | valAUC 0.8728 | tau+ 0.500
[OUTPOST-v4] epoch 135: test-all ROC 0.8841 PR 0.5893 | unseen ROC 0.5000 PR 0.0000 | valAUC 0.8455 | tau+ 0.500
[OUTPOST-v4] epoch 136: test-all ROC 0.8920 PR 0.5878 | unseen ROC 0.5000 PR 0.0000 | valAUC 0.8436 | tau+ 0.500
[OUTPOST-v4] epoch 137: test-all ROC 0.8860 PR 0.5559 | unseen ROC 0.5000 PR 0.0000 | valAUC 0.8491 | tau+ 0.500
[OUTPOST-v4] epoch 138: test-all ROC 0.8838 PR 0.5759 | unseen ROC 0.5000 PR 0.0000 | valAUC 0.8376 | tau+ 0.500
[OUTPOST-v4] epoch 139: test-all ROC 0.8866 PR 0.5866 | unseen ROC 0.5000 PR 0.0000 | valAUC 0.8536 | tau+ 0.500
[OUTPOST-v4] epoch 140: test-all ROC 0.8865 PR 0.6003 | unseen ROC 0.5000 PR 0.0000 | valAUC 0.8624 | tau+ 0.500
[OUTPOST-v4] epoch 141: test-all ROC 0.8936 PR 0.6017 | unseen ROC 0.5000 PR 0.0000 | valAUC 0.8668 | tau+ 0.500
[OUTPOST-v4] epoch 142: test-all ROC 0.8943 PR 0.5904 | unseen ROC 0.5000 PR 0.0000 | valAUC 0.8554 | tau+ 0.500
[OUTPOST-v4] epoch 143: test-all ROC 0.8907 PR 0.6100 | unseen ROC 0.5000 PR 0.0000 | valAUC 0.8417 | tau+ 0.500
[OUTPOST-v4] epoch 144: test-all ROC 0.8866 PR 0.6090 | unseen ROC 0.5000 PR 0.0000 | valAUC 0.8316 | tau+ 0.500
[OUTPOST-v4] epoch 145: test-all ROC 0.8926 PR 0.6055 | unseen ROC 0.5000 PR 0.0000 | valAUC 0.8572 | tau+ 0.500
[OUTPOST-v4] epoch 146: test-all ROC 0.8907 PR 0.6048 | unseen ROC 0.5000 PR 0.0000 | valAUC 0.8813 | tau+ 0.500
[OUTPOST-v4] epoch 147: test-all ROC 0.8903 PR 0.5835 | unseen ROC 0.5000 PR 0.0000 | valAUC 0.8662 | tau+ 0.500
[OUTPOST-v4] epoch 148: test-all ROC 0.8894 PR 0.6097 | unseen ROC 0.5000 PR 0.0000 | valAUC 0.8637 | tau+ 0.500
[OUTPOST-v4] epoch 149: test-all ROC 0.8853 PR 0.6010 | unseen ROC 0.5000 PR 0.0000 | valAUC 0.8538 | tau+ 0.500
[OUTPOST-v4] epoch 150: test-all ROC 0.8838 PR 0.6024 | unseen ROC 0.5000 PR 0.0000 | valAUC 0.8350 | tau+ 0.500
[OUTPOST-v4] epoch 151: test-all ROC 0.8891 PR 0.6083 | unseen ROC 0.5000 PR 0.0000 | valAUC 0.8661 | tau+ 0.500
[OUTPOST-v4] epoch 152: test-all ROC 0.8890 PR 0.5628 | unseen ROC 0.5000 PR 0.0000 | valAUC 0.8472 | tau+ 0.500
[OUTPOST-v4] epoch 153: test-all ROC 0.8885 PR 0.6106 | unseen ROC 0.5000 PR 0.0000 | valAUC 0.8572 | tau+ 0.500
[OUTPOST-v4] epoch 154: test-all ROC 0.8904 PR 0.6079 | unseen ROC 0.5000 PR 0.0000 | valAUC 0.8645 | tau+ 0.500
[OUTPOST-v4] epoch 155: test-all ROC 0.8896 PR 0.6108 | unseen ROC 0.5000 PR 0.0000 | valAUC 0.8447 | tau+ 0.500
[OUTPOST-v4] epoch 156: test-all ROC 0.8916 PR 0.5787 | unseen ROC 0.5000 PR 0.0000 | valAUC 0.8638 | tau+ 0.500
[OUTPOST-v4] epoch 157: test-all ROC 0.8835 PR 0.6124 | unseen ROC 0.5000 PR 0.0000 | valAUC 0.8505 | tau+ 0.500
[OUTPOST-v4] epoch 158: test-all ROC 0.8810 PR 0.5984 | unseen ROC 0.5000 PR 0.0000 | valAUC 0.8524 | tau+ 0.500
[OUTPOST-v4] epoch 159: test-all ROC 0.8843 PR 0.5991 | unseen ROC 0.5000 PR 0.0000 | valAUC 0.8445 | tau+ 0.500
[OUTPOST-v4] epoch 160: test-all ROC 0.8886 PR 0.6132 | unseen ROC 0.5000 PR 0.0000 | valAUC 0.8310 | tau+ 0.500
[OUTPOST-v4] epoch 161: test-all ROC 0.8962 PR 0.5717 | unseen ROC 0.5000 PR 0.0000 | valAUC 0.8516 | tau+ 0.500
[OUTPOST-v4] epoch 162: test-all ROC 0.8952 PR 0.5866 | unseen ROC 0.5000 PR 0.0000 | valAUC 0.8661 | tau+ 0.500
[OUTPOST-v4] epoch 163: test-all ROC 0.8901 PR 0.6208 | unseen ROC 0.5000 PR 0.0000 | valAUC 0.8450 | tau+ 0.500
[OUTPOST-v4] epoch 164: test-all ROC 0.8911 PR 0.6171 | unseen ROC 0.5000 PR 0.0000 | valAUC 0.8380 | tau+ 0.500
[OUTPOST-v4] epoch 165: test-all ROC 0.8906 PR 0.6199 | unseen ROC 0.5000 PR 0.0000 | valAUC 0.8608 | tau+ 0.500
[OUTPOST-v4] epoch 166: test-all ROC 0.8947 PR 0.6299 | unseen ROC 0.5000 PR 0.0000 | valAUC 0.8714 | tau+ 0.500
[OUTPOST-v4] epoch 167: test-all ROC 0.8991 PR 0.5709 | unseen ROC 0.5000 PR 0.0000 | valAUC 0.8630 | tau+ 0.500
[OUTPOST-v4] epoch 168: test-all ROC 0.8846 PR 0.6164 | unseen ROC 0.5000 PR 0.0000 | valAUC 0.8715 | tau+ 0.500
[OUTPOST-v4] epoch 169: test-all ROC 0.8820 PR 0.6085 | unseen ROC 0.5000 PR 0.0000 | valAUC 0.8359 | tau+ 0.500
[OUTPOST-v4] epoch 170: test-all ROC 0.8806 PR 0.5947 | unseen ROC 0.5000 PR 0.0000 | valAUC 0.8632 | tau+ 0.500
[OUTPOST-v4] epoch 171: test-all ROC 0.8874 PR 0.6086 | unseen ROC 0.5000 PR 0.0000 | valAUC 0.8668 | tau+ 0.500
[OUTPOST-v4] epoch 172: test-all ROC 0.9002 PR 0.6057 | unseen ROC 0.5000 PR 0.0000 | valAUC 0.8824 | tau+ 0.500
[OUTPOST-v4] epoch 173: test-all ROC 0.8909 PR 0.6236 | unseen ROC 0.5000 PR 0.0000 | valAUC 0.8300 | tau+ 0.500
[OUTPOST-v4] epoch 174: test-all ROC 0.8892 PR 0.6209 | unseen ROC 0.5000 PR 0.0000 | valAUC 0.8426 | tau+ 0.500
[OUTPOST-v4] epoch 175: test-all ROC 0.8939 PR 0.6290 | unseen ROC 0.5000 PR 0.0000 | valAUC 0.8572 | tau+ 0.500
[OUTPOST-v4] epoch 176: test-all ROC 0.8974 PR 0.6307 | unseen ROC 0.5000 PR 0.0000 | valAUC 0.8417 | tau+ 0.500
[OUTPOST-v4] epoch 177: test-all ROC 0.8985 PR 0.6447 | unseen ROC 0.5000 PR 0.0000 | valAUC 0.8728 | tau+ 0.500
[OUTPOST-v4] epoch 178: test-all ROC 0.8978 PR 0.6369 | unseen ROC 0.5000 PR 0.0000 | valAUC 0.8628 | tau+ 0.500
[OUTPOST-v4] epoch 179: test-all ROC 0.8952 PR 0.6451 | unseen ROC 0.5000 PR 0.0000 | valAUC 0.8620 | tau+ 0.500
[OUTPOST-v4] epoch 180: test-all ROC 0.8938 PR 0.6346 | unseen ROC 0.5000 PR 0.0000 | valAUC 0.8293 | tau+ 0.500
[OUTPOST-v4] epoch 181: test-all ROC 0.8944 PR 0.6458 | unseen ROC 0.5000 PR 0.0000 | valAUC 0.8759 | tau+ 0.500
[OUTPOST-v4] epoch 182: test-all ROC 0.8987 PR 0.6452 | unseen ROC 0.5000 PR 0.0000 | valAUC 0.8516 | tau+ 0.500
[OUTPOST-v4] epoch 183: test-all ROC 0.9012 PR 0.6425 | unseen ROC 0.5000 PR 0.0000 | valAUC 0.8475 | tau+ 0.500
[OUTPOST-v4] epoch 184: test-all ROC 0.8938 PR 0.6486 | unseen ROC 0.5000 PR 0.0000 | valAUC 0.8796 | tau+ 0.500
[OUTPOST-v4] epoch 185: test-all ROC 0.8933 PR 0.6445 | unseen ROC 0.5000 PR 0.0000 | valAUC 0.8526 | tau+ 0.500
[OUTPOST-v4] epoch 186: test-all ROC 0.8930 PR 0.6368 | unseen ROC 0.5000 PR 0.0000 | valAUC 0.8440 | tau+ 0.500
[OUTPOST-v4] epoch 187: test-all ROC 0.8902 PR 0.6343 | unseen ROC 0.5000 PR 0.0000 | valAUC 0.8761 | tau+ 0.500
[OUTPOST-v4] epoch 188: test-all ROC 0.8957 PR 0.6390 | unseen ROC 0.5000 PR 0.0000 | valAUC 0.8701 | tau+ 0.500
[OUTPOST-v4] epoch 189: test-all ROC 0.9041 PR 0.6574 | unseen ROC 0.5000 PR 0.0000 | valAUC 0.8165 | tau+ 0.500
[OUTPOST-v4] epoch 190: test-all ROC 0.8974 PR 0.6536 | unseen ROC 0.5000 PR 0.0000 | valAUC 0.8455 | tau+ 0.500
[OUTPOST-v4] epoch 191: test-all ROC 0.8909 PR 0.6447 | unseen ROC 0.5000 PR 0.0000 | valAUC 0.8652 | tau+ 0.500
[OUTPOST-v4] epoch 192: test-all ROC 0.8922 PR 0.6495 | unseen ROC 0.5000 PR 0.0000 | valAUC 0.8668 | tau+ 0.500
[OUTPOST-v4] epoch 193: test-all ROC 0.9024 PR 0.6627 | unseen ROC 0.5000 PR 0.0000 | valAUC 0.8389 | tau+ 0.500
[OUTPOST-v4] epoch 194: test-all ROC 0.9039 PR 0.6663 | unseen ROC 0.5000 PR 0.0000 | valAUC 0.8562 | tau+ 0.500
[OUTPOST-v4] epoch 195: test-all ROC 0.8981 PR 0.6546 | unseen ROC 0.5000 PR 0.0000 | valAUC 0.8764 | tau+ 0.500
[OUTPOST-v4] epoch 196: test-all ROC 0.8969 PR 0.6546 | unseen ROC 0.5000 PR 0.0000 | valAUC 0.8540 | tau+ 0.500
[OUTPOST-v4] epoch 197: test-all ROC 0.8981 PR 0.6527 | unseen ROC 0.5000 PR 0.0000 | valAUC 0.8492 | tau+ 0.500
[OUTPOST-v4] epoch 198: test-all ROC 0.9006 PR 0.6693 | unseen ROC 0.5000 PR 0.0000 | valAUC 0.8709 | tau+ 0.500
[OUTPOST-v4] epoch 199: test-all ROC 0.9040 PR 0.6641 | unseen ROC 0.5000 PR 0.0000 | valAUC 0.8744 | tau+ 0.500
[OUTPOST-v4] epoch 200: test-all ROC 0.9030 PR 0.6618 | unseen ROC 0.5000 PR 0.0000 | valAUC 0.8685 | tau+ 0.500
[OUTPOST-v4] epoch 201: test-all ROC 0.8998 PR 0.6575 | unseen ROC 0.5000 PR 0.0000 | valAUC 0.8516 | tau+ 0.500
[OUTPOST-v4] epoch 202: test-all ROC 0.9008 PR 0.6521 | unseen ROC 0.5000 PR 0.0000 | valAUC 0.8654 | tau+ 0.500
[OUTPOST-v4] epoch 203: test-all ROC 0.9021 PR 0.6563 | unseen ROC 0.5000 PR 0.0000 | valAUC 0.8497 | tau+ 0.500
[OUTPOST-v4] epoch 204: test-all ROC 0.8978 PR 0.6447 | unseen ROC 0.5000 PR 0.0000 | valAUC 0.8735 | tau+ 0.500
[OUTPOST-v4] epoch 205: test-all ROC 0.8909 PR 0.6439 | unseen ROC 0.5000 PR 0.0000 | valAUC 0.8629 | tau+ 0.500
[OUTPOST-v4] epoch 206: test-all ROC 0.8996 PR 0.6461 | unseen ROC 0.5000 PR 0.0000 | valAUC 0.8654 | tau+ 0.500
[OUTPOST-v4] epoch 207: test-all ROC 0.9023 PR 0.6079 | unseen ROC 0.5000 PR 0.0000 | valAUC 0.8700 | tau+ 0.500
[OUTPOST-v4] epoch 208: test-all ROC 0.8870 PR 0.6145 | unseen ROC 0.5000 PR 0.0000 | valAUC 0.8557 | tau+ 0.500
[OUTPOST-v4] epoch 209: test-all ROC 0.8784 PR 0.5917 | unseen ROC 0.5000 PR 0.0000 | valAUC 0.8243 | tau+ 0.500
[OUTPOST-v4] epoch 210: test-all ROC 0.8767 PR 0.5839 | unseen ROC 0.5000 PR 0.0000 | valAUC 0.7994 | tau+ 0.500
[OUTPOST-v4] epoch 211: test-all ROC 0.8788 PR 0.5987 | unseen ROC 0.5000 PR 0.0000 | valAUC 0.8614 | tau+ 0.500
[OUTPOST-v4] epoch 212: test-all ROC 0.8822 PR 0.6105 | unseen ROC 0.5000 PR 0.0000 | valAUC 0.8107 | tau+ 0.500
[OUTPOST-v4] epoch 213: test-all ROC 0.8888 PR 0.6356 | unseen ROC 0.5000 PR 0.0000 | valAUC 0.8457 | tau+ 0.500
[OUTPOST-v4] epoch 214: test-all ROC 0.9057 PR 0.5304 | unseen ROC 0.5000 PR 0.0000 | valAUC 0.8656 | tau+ 0.500
[OUTPOST-v4] epoch 215: test-all ROC 0.9087 PR 0.6781 | unseen ROC 0.5000 PR 0.0000 | valAUC 0.8481 | tau+ 0.500
[OUTPOST-v4] epoch 216: test-all ROC 0.8923 PR 0.6450 | unseen ROC 0.5000 PR 0.0000 | valAUC 0.8445 | tau+ 0.500
[OUTPOST-v4] epoch 217: test-all ROC 0.8867 PR 0.6173 | unseen ROC 0.5000 PR 0.0000 | valAUC 0.8628 | tau+ 0.500
[OUTPOST-v4] epoch 218: test-all ROC 0.8880 PR 0.6256 | unseen ROC 0.5000 PR 0.0000 | valAUC 0.8456 | tau+ 0.500
[OUTPOST-v4] epoch 219: test-all ROC 0.8928 PR 0.6476 | unseen ROC 0.5000 PR 0.0000 | valAUC 0.8444 | tau+ 0.500
[OUTPOST-v4] epoch 220: test-all ROC 0.9126 PR 0.6844 | unseen ROC 0.5000 PR 0.0000 | valAUC 0.8945 | tau+ 0.500
[OUTPOST-v4] epoch 221: test-all ROC 0.9169 PR 0.6355 | unseen ROC 0.5000 PR 0.0000 | valAUC 0.8549 | tau+ 0.500
[OUTPOST-v4] epoch 222: test-all ROC 0.8822 PR 0.6208 | unseen ROC 0.5000 PR 0.0000 | valAUC 0.8287 | tau+ 0.500
[OUTPOST-v4] epoch 223: test-all ROC 0.8723 PR 0.5828 | unseen ROC 0.5000 PR 0.0000 | valAUC 0.8327 | tau+ 0.500
[OUTPOST-v4] epoch 224: test-all ROC 0.8720 PR 0.5765 | unseen ROC 0.5000 PR 0.0000 | valAUC 0.8665 | tau+ 0.500
[OUTPOST-v4] epoch 225: test-all ROC 0.8697 PR 0.5792 | unseen ROC 0.5000 PR 0.0000 | valAUC 0.8509 | tau+ 0.500
[OUTPOST-v4] epoch 226: test-all ROC 0.8752 PR 0.5859 | unseen ROC 0.5000 PR 0.0000 | valAUC 0.8253 | tau+ 0.500
[OUTPOST-v4] epoch 227: test-all ROC 0.8732 PR 0.5966 | unseen ROC 0.5000 PR 0.0000 | valAUC 0.8259 | tau+ 0.500
[OUTPOST-v4] epoch 228: test-all ROC 0.8805 PR 0.6039 | unseen ROC 0.5000 PR 0.0000 | valAUC 0.8537 | tau+ 0.500
[OUTPOST-v4] epoch 229: test-all ROC 0.8848 PR 0.6220 | unseen ROC 0.5000 PR 0.0000 | valAUC 0.8612 | tau+ 0.500
[OUTPOST-v4] epoch 230: test-all ROC 0.8965 PR 0.4686 | unseen ROC 0.5000 PR 0.0000 | valAUC 0.8492 | tau+ 0.500
[OUTPOST-v4] epoch 231: test-all ROC 0.8851 PR 0.6141 | unseen ROC 0.5000 PR 0.0000 | valAUC 0.8222 | tau+ 0.500
[OUTPOST-v4] epoch 232: test-all ROC 0.8734 PR 0.5846 | unseen ROC 0.5000 PR 0.0000 | valAUC 0.8153 | tau+ 0.500
[OUTPOST-v4] epoch 233: test-all ROC 0.8718 PR 0.5739 | unseen ROC 0.5000 PR 0.0000 | valAUC 0.8439 | tau+ 0.500
[OUTPOST-v4] epoch 234: test-all ROC 0.8743 PR 0.5775 | unseen ROC 0.5000 PR 0.0000 | valAUC 0.8182 | tau+ 0.500
[OUTPOST-v4] epoch 235: test-all ROC 0.8782 PR 0.5764 | unseen ROC 0.5000 PR 0.0000 | valAUC 0.8160 | tau+ 0.500
[OUTPOST-v4] epoch 236: test-all ROC 0.8740 PR 0.5712 | unseen ROC 0.5000 PR 0.0000 | valAUC 0.7983 | tau+ 0.500
[OUTPOST-v4] epoch 237: test-all ROC 0.8734 PR 0.5889 | unseen ROC 0.5000 PR 0.0000 | valAUC 0.8486 | tau+ 0.500
[OUTPOST-v4] epoch 238: test-all ROC 0.8734 PR 0.5861 | unseen ROC 0.5000 PR 0.0000 | valAUC 0.8387 | tau+ 0.500
[OUTPOST-v4] epoch 239: test-all ROC 0.8803 PR 0.6027 | unseen ROC 0.5000 PR 0.0000 | valAUC 0.8512 | tau+ 0.500
[OUTPOST-v4] epoch 240: test-all ROC 0.8863 PR 0.6275 | unseen ROC 0.5000 PR 0.0000 | valAUC 0.8409 | tau+ 0.500
[OUTPOST-v4] epoch 241: test-all ROC 0.9095 PR 0.6391 | unseen ROC 0.5000 PR 0.0000 | valAUC 0.8596 | tau+ 0.500
[OUTPOST-v4] epoch 242: test-all ROC 0.8393 PR 0.1453 | unseen ROC 0.5000 PR 0.0000 | valAUC 0.8279 | tau+ 0.734
[OUTPOST-v4] epoch 243: test-all ROC 0.8812 PR 0.6049 | unseen ROC 0.5000 PR 0.0000 | valAUC 0.8135 | tau+ 0.500
[OUTPOST-v4] epoch 244: test-all ROC 0.8741 PR 0.5755 | unseen ROC 0.5000 PR 0.0000 | valAUC 0.8545 | tau+ 0.500
[OUTPOST-v4] epoch 245: test-all ROC 0.8721 PR 0.5671 | unseen ROC 0.5000 PR 0.0000 | valAUC 0.8530 | tau+ 0.500
[OUTPOST-v4] epoch 246: test-all ROC 0.8705 PR 0.5640 | unseen ROC 0.5000 PR 0.0000 | valAUC 0.8426 | tau+ 0.500
[OUTPOST-v4] epoch 247: test-all ROC 0.8688 PR 0.5638 | unseen ROC 0.5000 PR 0.0000 | valAUC 0.8121 | tau+ 0.500
[OUTPOST-v4] epoch 248: test-all ROC 0.8728 PR 0.5703 | unseen ROC 0.5000 PR 0.0000 | valAUC 0.8456 | tau+ 0.500
[OUTPOST-v4] epoch 249: test-all ROC 0.8664 PR 0.5523 | unseen ROC 0.5000 PR 0.0000 | valAUC 0.8340 | tau+ 0.500
[OUTPOST-v4] epoch 250: test-all ROC 0.8681 PR 0.5657 | unseen ROC 0.5000 PR 0.0000 | valAUC 0.8516 | tau+ 0.500
[OUTPOST-v4] epoch 251: test-all ROC 0.8682 PR 0.5671 | unseen ROC 0.5000 PR 0.0000 | valAUC 0.8494 | tau+ 0.500
[OUTPOST-v4] epoch 252: test-all ROC 0.8695 PR 0.5655 | unseen ROC 0.5000 PR 0.0000 | valAUC 0.8628 | tau+ 0.500
[OUTPOST-v4] epoch 253: test-all ROC 0.8761 PR 0.5721 | unseen ROC 0.5000 PR 0.0000 | valAUC 0.8668 | tau+ 0.500
[OUTPOST-v4] epoch 254: test-all ROC 0.8693 PR 0.5669 | unseen ROC 0.5000 PR 0.0000 | valAUC 0.8230 | tau+ 0.500
[OUTPOST-v4] epoch 255: test-all ROC 0.8762 PR 0.5951 | unseen ROC 0.5000 PR 0.0000 | valAUC 0.8184 | tau+ 0.500
[OUTPOST-v4] epoch 256: test-all ROC 0.8804 PR 0.6096 | unseen ROC 0.5000 PR 0.0000 | valAUC 0.8242 | tau+ 0.500
[OUTPOST-v4] epoch 257: test-all ROC 0.8900 PR 0.6514 | unseen ROC 0.5000 PR 0.0000 | valAUC 0.8541 | tau+ 0.500
[OUTPOST-v4] epoch 258: test-all ROC 0.9106 PR 0.6620 | unseen ROC 0.5000 PR 0.0000 | valAUC 0.8788 | tau+ 0.500
[OUTPOST-v4] epoch 259: test-all ROC 0.9124 PR 0.6484 | unseen ROC 0.5000 PR 0.0000 | valAUC 0.8805 | tau+ 0.500
[OUTPOST-v4] epoch 260: test-all ROC 0.8985 PR 0.6709 | unseen ROC 0.5000 PR 0.0000 | valAUC 0.8651 | tau+ 0.500
[OUTPOST-v4] epoch 261: test-all ROC 0.8990 PR 0.6537 | unseen ROC 0.5000 PR 0.0000 | valAUC 0.8420 | tau+ 0.500
[OUTPOST-v4] epoch 262: test-all ROC 0.8876 PR 0.6352 | unseen ROC 0.5000 PR 0.0000 | valAUC 0.8473 | tau+ 0.500
[OUTPOST-v4] epoch 263: test-all ROC 0.8896 PR 0.6423 | unseen ROC 0.5000 PR 0.0000 | valAUC 0.8616 | tau+ 0.500
[OUTPOST-v4] epoch 264: test-all ROC 0.8936 PR 0.6466 | unseen ROC 0.5000 PR 0.0000 | valAUC 0.8652 | tau+ 0.500
[OUTPOST-v4] epoch 265: test-all ROC 0.8989 PR 0.6712 | unseen ROC 0.5000 PR 0.0000 | valAUC 0.8366 | tau+ 0.500
[OUTPOST-v4] epoch 266: test-all ROC 0.9055 PR 0.6919 | unseen ROC 0.5000 PR 0.0000 | valAUC 0.8210 | tau+ 0.500
[OUTPOST-v4] epoch 267: test-all ROC 0.9115 PR 0.6564 | unseen ROC 0.5000 PR 0.0000 | valAUC 0.8732 | tau+ 0.500
[OUTPOST-v4] epoch 268: test-all ROC 0.9137 PR 0.6900 | unseen ROC 0.5000 PR 0.0000 | valAUC 0.8815 | tau+ 0.500
[OUTPOST-v4] epoch 269: test-all ROC 0.9053 PR 0.6793 | unseen ROC 0.5000 PR 0.0000 | valAUC 0.8636 | tau+ 0.500
[OUTPOST-v4] epoch 270: test-all ROC 0.9018 PR 0.6717 | unseen ROC 0.5000 PR 0.0000 | valAUC 0.8551 | tau+ 0.500
[OUTPOST-v4] epoch 271: test-all ROC 0.8964 PR 0.6600 | unseen ROC 0.5000 PR 0.0000 | valAUC 0.8315 | tau+ 0.500
[OUTPOST-v4] epoch 272: test-all ROC 0.9020 PR 0.6718 | unseen ROC 0.5000 PR 0.0000 | valAUC 0.8108 | tau+ 0.500
[OUTPOST-v4] epoch 273: test-all ROC 0.9023 PR 0.6775 | unseen ROC 0.5000 PR 0.0000 | valAUC 0.8743 | tau+ 0.500
[OUTPOST-v4] epoch 274: test-all ROC 0.9078 PR 0.6950 | unseen ROC 0.5000 PR 0.0000 | valAUC 0.8431 | tau+ 0.500
[OUTPOST-v4] epoch 275: test-all ROC 0.9159 PR 0.6867 | unseen ROC 0.5000 PR 0.0000 | valAUC 0.8678 | tau+ 0.500
[OUTPOST-v4] epoch 276: test-all ROC 0.9159 PR 0.7054 | unseen ROC 0.5000 PR 0.0000 | valAUC 0.8613 | tau+ 0.500
[OUTPOST-v4] epoch 277: test-all ROC 0.9064 PR 0.6910 | unseen ROC 0.5000 PR 0.0000 | valAUC 0.8721 | tau+ 0.500
[OUTPOST-v4] epoch 278: test-all ROC 0.9038 PR 0.6853 | unseen ROC 0.5000 PR 0.0000 | valAUC 0.8316 | tau+ 0.500
[OUTPOST-v4] epoch 279: test-all ROC 0.9010 PR 0.6757 | unseen ROC 0.5000 PR 0.0000 | valAUC 0.8509 | tau+ 0.500
[OUTPOST-v4] epoch 280: test-all ROC 0.9040 PR 0.6758 | unseen ROC 0.5000 PR 0.0000 | valAUC 0.8812 | tau+ 0.500
[OUTPOST-v4] epoch 281: test-all ROC 0.9060 PR 0.6849 | unseen ROC 0.5000 PR 0.0000 | valAUC 0.8451 | tau+ 0.500
[OUTPOST-v4] epoch 282: test-all ROC 0.9102 PR 0.6946 | unseen ROC 0.5000 PR 0.0000 | valAUC 0.8848 | tau+ 0.500
[OUTPOST-v4] epoch 283: test-all ROC 0.9160 PR 0.6797 | unseen ROC 0.5000 PR 0.0000 | valAUC 0.8735 | tau+ 0.500
[OUTPOST-v4] epoch 284: test-all ROC 0.9086 PR 0.6864 | unseen ROC 0.5000 PR 0.0000 | valAUC 0.8786 | tau+ 0.500
[OUTPOST-v4] epoch 285: test-all ROC 0.9058 PR 0.6898 | unseen ROC 0.5000 PR 0.0000 | valAUC 0.8524 | tau+ 0.500
[OUTPOST-v4] epoch 286: test-all ROC 0.8981 PR 0.6775 | unseen ROC 0.5000 PR 0.0000 | valAUC 0.8292 | tau+ 0.500
[OUTPOST-v4] epoch 287: test-all ROC 0.9060 PR 0.6824 | unseen ROC 0.5000 PR 0.0000 | valAUC 0.8765 | tau+ 0.500
[OUTPOST-v4] epoch 288: test-all ROC 0.9019 PR 0.6778 | unseen ROC 0.5000 PR 0.0000 | valAUC 0.8317 | tau+ 0.500
[OUTPOST-v4] epoch 289: test-all ROC 0.9024 PR 0.6731 | unseen ROC 0.5000 PR 0.0000 | valAUC 0.8595 | tau+ 0.500
[OUTPOST-v4] epoch 290: test-all ROC 0.9073 PR 0.6880 | unseen ROC 0.5000 PR 0.0000 | valAUC 0.8589 | tau+ 0.500
[OUTPOST-v4] epoch 291: test-all ROC 0.9069 PR 0.6943 | unseen ROC 0.5000 PR 0.0000 | valAUC 0.8256 | tau+ 0.500
[OUTPOST-v4] epoch 292: test-all ROC 0.9063 PR 0.6834 | unseen ROC 0.5000 PR 0.0000 | valAUC 0.8433 | tau+ 0.500
[OUTPOST-v4] epoch 293: test-all ROC 0.9024 PR 0.6805 | unseen ROC 0.5000 PR 0.0000 | valAUC 0.8601 | tau+ 0.500
[OUTPOST-v4] epoch 294: test-all ROC 0.9019 PR 0.6844 | unseen ROC 0.5000 PR 0.0000 | valAUC 0.8659 | tau+ 0.500
[OUTPOST-v4] epoch 295: test-all ROC 0.9035 PR 0.6823 | unseen ROC 0.5000 PR 0.0000 | valAUC 0.8337 | tau+ 0.500
[OUTPOST-v4] epoch 296: test-all ROC 0.9090 PR 0.6955 | unseen ROC 0.5000 PR 0.0000 | valAUC 0.8495 | tau+ 0.500
[OUTPOST-v4] epoch 297: test-all ROC 0.9082 PR 0.6716 | unseen ROC 0.5000 PR 0.0000 | valAUC 0.8626 | tau+ 0.500
[OUTPOST-v4] epoch 298: test-all ROC 0.9048 PR 0.6850 | unseen ROC 0.5000 PR 0.0000 | valAUC 0.8735 | tau+ 0.500
[OUTPOST-v4] epoch 299: test-all ROC 0.9066 PR 0.6854 | unseen ROC 0.5000 PR 0.0000 | valAUC 0.8639 | tau+ 0.500
[OUTPOST-v4] epoch 300: test-all ROC 0.9014 PR 0.6789 | unseen ROC 0.5000 PR 0.0000 | valAUC 0.8595 | tau+ 0.500
[OUTPOST-v4] epoch 301: test-all ROC 0.9096 PR 0.6823 | unseen ROC 0.5000 PR 0.0000 | valAUC 0.8393 | tau+ 0.500
[OUTPOST-v4] epoch 302: test-all ROC 0.9066 PR 0.6812 | unseen ROC 0.5000 PR 0.0000 | valAUC 0.8583 | tau+ 0.500
[OUTPOST-v4] epoch 303: test-all ROC 0.9073 PR 0.6776 | unseen ROC 0.5000 PR 0.0000 | valAUC 0.8478 | tau+ 0.500
[OUTPOST-v4] epoch 304: test-all ROC 0.9050 PR 0.6719 | unseen ROC 0.5000 PR 0.0000 | valAUC 0.8592 | tau+ 0.500
[OUTPOST-v4] epoch 305: test-all ROC 0.9067 PR 0.6807 | unseen ROC 0.5000 PR 0.0000 | valAUC 0.8656 | tau+ 0.500
[OUTPOST-v4] epoch 306: test-all ROC 0.9039 PR 0.6853 | unseen ROC 0.5000 PR 0.0000 | valAUC 0.8642 | tau+ 0.500
[OUTPOST-v4] epoch 307: test-all ROC 0.9060 PR 0.6872 | unseen ROC 0.5000 PR 0.0000 | valAUC 0.8598 | tau+ 0.500
[OUTPOST-v4] epoch 308: test-all ROC 0.9060 PR 0.6708 | unseen ROC 0.5000 PR 0.0000 | valAUC 0.8531 | tau+ 0.500
[OUTPOST-v4] epoch 309: test-all ROC 0.9081 PR 0.6785 | unseen ROC 0.5000 PR 0.0000 | valAUC 0.8654 | tau+ 0.500
[OUTPOST-v4] epoch 310: test-all ROC 0.9107 PR 0.6879 | unseen ROC 0.5000 PR 0.0000 | valAUC 0.8620 | tau+ 0.500
[OUTPOST-v4] epoch 311: test-all ROC 0.9083 PR 0.6953 | unseen ROC 0.5000 PR 0.0000 | valAUC 0.8702 | tau+ 0.500
[OUTPOST-v4] epoch 312: test-all ROC 0.9032 PR 0.6793 | unseen ROC 0.5000 PR 0.0000 | valAUC 0.8621 | tau+ 0.500
[OUTPOST-v4] epoch 313: test-all ROC 0.9063 PR 0.6832 | unseen ROC 0.5000 PR 0.0000 | valAUC 0.8694 | tau+ 0.500
[OUTPOST-v4] epoch 314: test-all ROC 0.9096 PR 0.6891 | unseen ROC 0.5000 PR 0.0000 | valAUC 0.8821 | tau+ 0.500
[OUTPOST-v4] epoch 315: test-all ROC 0.9106 PR 0.6946 | unseen ROC 0.5000 PR 0.0000 | valAUC 0.8497 | tau+ 0.500
[OUTPOST-v4] epoch 316: test-all ROC 0.9149 PR 0.6932 | unseen ROC 0.5000 PR 0.0000 | valAUC 0.8792 | tau+ 0.500
[OUTPOST-v4] epoch 317: test-all ROC 0.9116 PR 0.6928 | unseen ROC 0.5000 PR 0.0000 | valAUC 0.8788 | tau+ 0.500
[OUTPOST-v4] epoch 318: test-all ROC 0.9074 PR 0.6855 | unseen ROC 0.5000 PR 0.0000 | valAUC 0.8663 | tau+ 0.500
[OUTPOST-v4] epoch 319: test-all ROC 0.9073 PR 0.6832 | unseen ROC 0.5000 PR 0.0000 | valAUC 0.8596 | tau+ 0.500
[OUTPOST-v4] epoch 320: test-all ROC 0.9072 PR 0.6805 | unseen ROC 0.5000 PR 0.0000 | valAUC 0.8771 | tau+ 0.500
[OUTPOST-v4] epoch 321: test-all ROC 0.9098 PR 0.6974 | unseen ROC 0.5000 PR 0.0000 | valAUC 0.8649 | tau+ 0.500
[OUTPOST-v4] epoch 322: test-all ROC 0.9082 PR 0.6896 | unseen ROC 0.5000 PR 0.0000 | valAUC 0.8682 | tau+ 0.500
[OUTPOST-v4] epoch 323: test-all ROC 0.9131 PR 0.7032 | unseen ROC 0.5000 PR 0.0000 | valAUC 0.8596 | tau+ 0.500
[OUTPOST-v4] epoch 324: test-all ROC 0.9110 PR 0.6973 | unseen ROC 0.5000 PR 0.0000 | valAUC 0.8701 | tau+ 0.500
[OUTPOST-v4] epoch 325: test-all ROC 0.9075 PR 0.6868 | unseen ROC 0.5000 PR 0.0000 | valAUC 0.8793 | tau+ 0.500
[OUTPOST-v4] epoch 326: test-all ROC 0.9066 PR 0.6890 | unseen ROC 0.5000 PR 0.0000 | valAUC 0.8636 | tau+ 0.500
[OUTPOST-v4] epoch 327: test-all ROC 0.9102 PR 0.6958 | unseen ROC 0.5000 PR 0.0000 | valAUC 0.9015 | tau+ 0.500
[OUTPOST-v4] epoch 328: test-all ROC 0.9108 PR 0.6867 | unseen ROC 0.5000 PR 0.0000 | valAUC 0.8864 | tau+ 0.500
[OUTPOST-v4] epoch 329: test-all ROC 0.9083 PR 0.6940 | unseen ROC 0.5000 PR 0.0000 | valAUC 0.8908 | tau+ 0.500
[OUTPOST-v4] epoch 330: test-all ROC 0.9050 PR 0.6882 | unseen ROC 0.5000 PR 0.0000 | valAUC 0.8680 | tau+ 0.500
[OUTPOST-v4] epoch 331: test-all ROC 0.9083 PR 0.6865 | unseen ROC 0.5000 PR 0.0000 | valAUC 0.8739 | tau+ 0.500
[OUTPOST-v4] epoch 332: test-all ROC 0.9082 PR 0.6853 | unseen ROC 0.5000 PR 0.0000 | valAUC 0.8774 | tau+ 0.500
[OUTPOST-v4] epoch 333: test-all ROC 0.9099 PR 0.6852 | unseen ROC 0.5000 PR 0.0000 | valAUC 0.8844 | tau+ 0.500
[OUTPOST-v4] epoch 334: test-all ROC 0.9059 PR 0.6947 | unseen ROC 0.5000 PR 0.0000 | valAUC 0.8822 | tau+ 0.500
[OUTPOST-v4] epoch 335: test-all ROC 0.9051 PR 0.6910 | unseen ROC 0.5000 PR 0.0000 | valAUC 0.8826 | tau+ 0.500
[OUTPOST-v4] epoch 336: test-all ROC 0.9042 PR 0.6926 | unseen ROC 0.5000 PR 0.0000 | valAUC 0.8742 | tau+ 0.500
[OUTPOST-v4] epoch 337: test-all ROC 0.9093 PR 0.6957 | unseen ROC 0.5000 PR 0.0000 | valAUC 0.8756 | tau+ 0.500
[OUTPOST-v4] epoch 338: test-all ROC 0.9082 PR 0.7011 | unseen ROC 0.5000 PR 0.0000 | valAUC 0.9043 | tau+ 0.500
[OUTPOST-v4] epoch 339: test-all ROC 0.9129 PR 0.7019 | unseen ROC 0.5000 PR 0.0000 | valAUC 0.8820 | tau+ 0.500
[OUTPOST-v4] epoch 340: test-all ROC 0.9084 PR 0.6996 | unseen ROC 0.5000 PR 0.0000 | valAUC 0.8949 | tau+ 0.500
[OUTPOST-v4] epoch 341: test-all ROC 0.9106 PR 0.7072 | unseen ROC 0.5000 PR 0.0000 | valAUC 0.8410 | tau+ 0.500
[OUTPOST-v4] epoch 342: test-all ROC 0.9082 PR 0.6968 | unseen ROC 0.5000 PR 0.0000 | valAUC 0.8700 | tau+ 0.500
[OUTPOST-v4] epoch 343: test-all ROC 0.9107 PR 0.6984 | unseen ROC 0.5000 PR 0.0000 | valAUC 0.8940 | tau+ 0.500
[OUTPOST-v4] epoch 344: test-all ROC 0.9086 PR 0.7020 | unseen ROC 0.5000 PR 0.0000 | valAUC 0.9068 | tau+ 0.500
[OUTPOST-v4] epoch 345: test-all ROC 0.9068 PR 0.7014 | unseen ROC 0.5000 PR 0.0000 | valAUC 0.8730 | tau+ 0.500
[OUTPOST-v4] epoch 346: test-all ROC 0.9090 PR 0.6965 | unseen ROC 0.5000 PR 0.0000 | valAUC 0.9031 | tau+ 0.500
[OUTPOST-v4] epoch 347: test-all ROC 0.9122 PR 0.7056 | unseen ROC 0.5000 PR 0.0000 | valAUC 0.8727 | tau+ 0.500
[OUTPOST-v4] epoch 348: test-all ROC 0.9118 PR 0.7064 | unseen ROC 0.5000 PR 0.0000 | valAUC 0.8933 | tau+ 0.500
[OUTPOST-v4] epoch 349: test-all ROC 0.9099 PR 0.7114 | unseen ROC 0.5000 PR 0.0000 | valAUC 0.8929 | tau+ 0.500
[OUTPOST-v4] epoch 350: test-all ROC 0.9082 PR 0.6906 | unseen ROC 0.5000 PR 0.0000 | valAUC 0.8722 | tau+ 0.500
[OUTPOST-v4] epoch 351: test-all ROC 0.9083 PR 0.6973 | unseen ROC 0.5000 PR 0.0000 | valAUC 0.8716 | tau+ 0.500
[OUTPOST-v4] epoch 352: test-all ROC 0.9097 PR 0.7042 | unseen ROC 0.5000 PR 0.0000 | valAUC 0.8846 | tau+ 0.500
[OUTPOST-v4] epoch 353: test-all ROC 0.9137 PR 0.6972 | unseen ROC 0.5000 PR 0.0000 | valAUC 0.9227 | tau+ 0.500
[OUTPOST-v4] epoch 354: test-all ROC 0.9128 PR 0.7106 | unseen ROC 0.5000 PR 0.0000 | valAUC 0.9020 | tau+ 0.500
[OUTPOST-v4] epoch 355: test-all ROC 0.9094 PR 0.7026 | unseen ROC 0.5000 PR 0.0000 | valAUC 0.8842 | tau+ 0.500
[OUTPOST-v4] epoch 356: test-all ROC 0.9084 PR 0.6975 | unseen ROC 0.5000 PR 0.0000 | valAUC 0.8658 | tau+ 0.500
[OUTPOST-v4] epoch 357: test-all ROC 0.9097 PR 0.7028 | unseen ROC 0.5000 PR 0.0000 | valAUC 0.8935 | tau+ 0.500
[OUTPOST-v4] epoch 358: test-all ROC 0.9111 PR 0.7091 | unseen ROC 0.5000 PR 0.0000 | valAUC 0.8910 | tau+ 0.500
[OUTPOST-v4] epoch 359: test-all ROC 0.9090 PR 0.6977 | unseen ROC 0.5000 PR 0.0000 | valAUC 0.8812 | tau+ 0.500
[OUTPOST-v4] epoch 360: test-all ROC 0.9056 PR 0.6902 | unseen ROC 0.5000 PR 0.0000 | valAUC 0.8813 | tau+ 0.500
[OUTPOST-v4] epoch 361: test-all ROC 0.9111 PR 0.7022 | unseen ROC 0.5000 PR 0.0000 | valAUC 0.8664 | tau+ 0.500
[OUTPOST-v4] epoch 362: test-all ROC 0.9146 PR 0.7094 | unseen ROC 0.5000 PR 0.0000 | valAUC 0.8991 | tau+ 0.500
[OUTPOST-v4] epoch 363: test-all ROC 0.9143 PR 0.7171 | unseen ROC 0.5000 PR 0.0000 | valAUC 0.9098 | tau+ 0.500
[OUTPOST-v4] epoch 364: test-all ROC 0.9083 PR 0.6923 | unseen ROC 0.5000 PR 0.0000 | valAUC 0.8678 | tau+ 0.500
[OUTPOST-v4] epoch 365: test-all ROC 0.9010 PR 0.6874 | unseen ROC 0.5000 PR 0.0000 | valAUC 0.8642 | tau+ 0.500
[OUTPOST-v4] epoch 366: test-all ROC 0.9067 PR 0.6888 | unseen ROC 0.5000 PR 0.0000 | valAUC 0.8652 | tau+ 0.500
[OUTPOST-v4] epoch 367: test-all ROC 0.9076 PR 0.7081 | unseen ROC 0.5000 PR 0.0000 | valAUC 0.8632 | tau+ 0.500
[OUTPOST-v4] epoch 368: test-all ROC 0.9171 PR 0.7146 | unseen ROC 0.5000 PR 0.0000 | valAUC 0.8940 | tau+ 0.500
[OUTPOST-v4] epoch 369: test-all ROC 0.9124 PR 0.7117 | unseen ROC 0.5000 PR 0.0000 | valAUC 0.8900 | tau+ 0.500
[OUTPOST-v4] epoch 370: test-all ROC 0.9077 PR 0.6893 | unseen ROC 0.5000 PR 0.0000 | valAUC 0.8454 | tau+ 0.500
[OUTPOST-v4] epoch 371: test-all ROC 0.9058 PR 0.6865 | unseen ROC 0.5000 PR 0.0000 | valAUC 0.8636 | tau+ 0.500
[OUTPOST-v4] epoch 372: test-all ROC 0.9064 PR 0.6871 | unseen ROC 0.5000 PR 0.0000 | valAUC 0.8515 | tau+ 0.500
[OUTPOST-v4] epoch 373: test-all ROC 0.9105 PR 0.7131 | unseen ROC 0.5000 PR 0.0000 | valAUC 0.8905 | tau+ 0.500
[OUTPOST-v4] epoch 374: test-all ROC 0.9146 PR 0.6175 | unseen ROC 0.5000 PR 0.0000 | valAUC 0.9204 | tau+ 0.500
[OUTPOST-v4] epoch 375: test-all ROC 0.8983 PR 0.6661 | unseen ROC 0.5000 PR 0.0000 | valAUC 0.8604 | tau+ 0.500
[OUTPOST-v4] epoch 376: test-all ROC 0.8949 PR 0.6610 | unseen ROC 0.5000 PR 0.0000 | valAUC 0.8578 | tau+ 0.500
[OUTPOST-v4] epoch 377: test-all ROC 0.8918 PR 0.6435 | unseen ROC 0.5000 PR 0.0000 | valAUC 0.8451 | tau+ 0.500
[OUTPOST-v4] epoch 378: test-all ROC 0.8878 PR 0.6333 | unseen ROC 0.5000 PR 0.0000 | valAUC 0.8513 | tau+ 0.500
[OUTPOST-v4] epoch 379: test-all ROC 0.8921 PR 0.6525 | unseen ROC 0.5000 PR 0.0000 | valAUC 0.8473 | tau+ 0.500
[OUTPOST-v4] epoch 380: test-all ROC 0.8992 PR 0.6670 | unseen ROC 0.5000 PR 0.0000 | valAUC 0.8624 | tau+ 0.500
[OUTPOST-v4] epoch 381: test-all ROC 0.9093 PR 0.7039 | unseen ROC 0.5000 PR 0.0000 | valAUC 0.8676 | tau+ 0.500
[OUTPOST-v4] epoch 382: test-all ROC 0.8934 PR 0.2502 | unseen ROC 0.5000 PR 0.0000 | valAUC 0.9088 | tau+ 0.500
[OUTPOST-v4] epoch 383: test-all ROC 0.8795 PR 0.6135 | unseen ROC 0.5000 PR 0.0000 | valAUC 0.8415 | tau+ 0.500
[OUTPOST-v4] epoch 384: test-all ROC 0.8750 PR 0.5863 | unseen ROC 0.5000 PR 0.0000 | valAUC 0.8144 | tau+ 0.500
[OUTPOST-v4] epoch 385: test-all ROC 0.8683 PR 0.5656 | unseen ROC 0.5000 PR 0.0000 | valAUC 0.8381 | tau+ 0.500
[OUTPOST-v4] epoch 386: test-all ROC 0.8692 PR 0.5668 | unseen ROC 0.5000 PR 0.0000 | valAUC 0.8401 | tau+ 0.500
[OUTPOST-v4] epoch 387: test-all ROC 0.8703 PR 0.5687 | unseen ROC 0.5000 PR 0.0000 | valAUC 0.8428 | tau+ 0.500
[OUTPOST-v4] epoch 388: test-all ROC 0.8713 PR 0.5656 | unseen ROC 0.5000 PR 0.0000 | valAUC 0.8138 | tau+ 0.500
[OUTPOST-v4] epoch 389: test-all ROC 0.8673 PR 0.5740 | unseen ROC 0.5000 PR 0.0000 | valAUC 0.8435 | tau+ 0.500
[OUTPOST-v4] epoch 390: test-all ROC 0.8653 PR 0.5565 | unseen ROC 0.5000 PR 0.0000 | valAUC 0.8198 | tau+ 0.500
[OUTPOST-v4] epoch 391: test-all ROC 0.8644 PR 0.5626 | unseen ROC 0.5000 PR 0.0000 | valAUC 0.8389 | tau+ 0.500
[OUTPOST-v4] epoch 392: test-all ROC 0.8661 PR 0.5762 | unseen ROC 0.5000 PR 0.0000 | valAUC 0.8409 | tau+ 0.500
[OUTPOST-v4] epoch 393: test-all ROC 0.8703 PR 0.5601 | unseen ROC 0.5000 PR 0.0000 | valAUC 0.7720 | tau+ 0.500
[OUTPOST-v4] epoch 394: test-all ROC 0.8654 PR 0.5594 | unseen ROC 0.5000 PR 0.0000 | valAUC 0.8428 | tau+ 0.500
[OUTPOST-v4] epoch 395: test-all ROC 0.8724 PR 0.5715 | unseen ROC 0.5000 PR 0.0000 | valAUC 0.8425 | tau+ 0.500
[OUTPOST-v4] epoch 396: test-all ROC 0.8729 PR 0.5724 | unseen ROC 0.5000 PR 0.0000 | valAUC 0.8485 | tau+ 0.500
[OUTPOST-v4] epoch 397: test-all ROC 0.8700 PR 0.5704 | unseen ROC 0.5000 PR 0.0000 | valAUC 0.8140 | tau+ 0.500
[OUTPOST-v4] epoch 398: test-all ROC 0.8808 PR 0.5797 | unseen ROC 0.5000 PR 0.0000 | valAUC 0.8059 | tau+ 0.500
[OUTPOST-v4] epoch 399: test-all ROC 0.8741 PR 0.5813 | unseen ROC 0.5000 PR 0.0000 | valAUC 0.8314 | tau+ 0.500
  rotation 1: ROC 0.9171 PR 0.7171
[tfinance] params 5953, peak GPU 0.45 GB, 24.5 min total

[tfinance] AGGREGATE  best-over-epochs: ROC 0.9171 PR 0.7171
[tfinance] AGGREGATE  val-selected:     ROC 0.9137 PR 0.6972
row appended to results/results.csv
