# gpu=4 cmd=/usr/bin/python3 -u main.py --dataset tfinance --seed 0 --method outpost --tag C_nopl_sim1.0 --set sim_topk_frac=1.0 use_pl=false --save-scores
/nas/home/jahin/.local/lib/python3.10/site-packages/requests/__init__.py:113: RequestsDependencyWarning: urllib3 (1.26.5) or chardet (7.2.0)/charset_normalizer (3.4.4) doesn't match a supported version!
  warnings.warn(
[tfinance] anomaly classes (rotations): [np.int64(1)]
Normal classes: [np.int64(0)] in tfinance
Building multi-layer GraphSage
[OUTPOST-v4] epoch 0: test-all ROC 0.1319 PR 0.0253 | unseen ROC 0.5000 PR 0.0000 | valAUC 0.1707 | tau+ 0.995
[OUTPOST-v4] epoch 1: test-all ROC 0.8790 PR 0.3732 | unseen ROC 0.5000 PR 0.0000 | valAUC 0.8108 | tau+ 0.500
[OUTPOST-v4] epoch 2: test-all ROC 0.8926 PR 0.7196 | unseen ROC 0.5000 PR 0.0000 | valAUC 0.8468 | tau+ 0.500
[OUTPOST-v4] epoch 3: test-all ROC 0.8908 PR 0.7105 | unseen ROC 0.5000 PR 0.0000 | valAUC 0.8476 | tau+ 0.500
[OUTPOST-v4] epoch 4: test-all ROC 0.8886 PR 0.7043 | unseen ROC 0.5000 PR 0.0000 | valAUC 0.8476 | tau+ 0.500
[OUTPOST-v4] epoch 5: test-all ROC 0.8864 PR 0.7006 | unseen ROC 0.5000 PR 0.0000 | valAUC 0.8474 | tau+ 0.500
[OUTPOST-v4] epoch 6: test-all ROC 0.8861 PR 0.7024 | unseen ROC 0.5000 PR 0.0000 | valAUC 0.8476 | tau+ 0.500
[OUTPOST-v4] epoch 7: test-all ROC 0.8849 PR 0.7023 | unseen ROC 0.5000 PR 0.0000 | valAUC 0.8402 | tau+ 0.500
[OUTPOST-v4] epoch 8: test-all ROC 0.8841 PR 0.7011 | unseen ROC 0.5000 PR 0.0000 | valAUC 0.8408 | tau+ 0.500
[OUTPOST-v4] epoch 9: test-all ROC 0.8836 PR 0.6998 | unseen ROC 0.5000 PR 0.0000 | valAUC 0.8332 | tau+ 0.500
[OUTPOST-v4] epoch 10: test-all ROC 0.8821 PR 0.6986 | unseen ROC 0.5000 PR 0.0000 | valAUC 0.8331 | tau+ 0.500
[OUTPOST-v4] epoch 11: test-all ROC 0.8815 PR 0.6978 | unseen ROC 0.5000 PR 0.0000 | valAUC 0.8332 | tau+ 0.500
[OUTPOST-v4] epoch 12: test-all ROC 0.8807 PR 0.6971 | unseen ROC 0.5000 PR 0.0000 | valAUC 0.8336 | tau+ 0.500
[OUTPOST-v4] epoch 13: test-all ROC 0.8803 PR 0.6970 | unseen ROC 0.5000 PR 0.0000 | valAUC 0.8338 | tau+ 0.500
[OUTPOST-v4] epoch 14: test-all ROC 0.8798 PR 0.6973 | unseen ROC 0.5000 PR 0.0000 | valAUC 0.8250 | tau+ 0.500
[OUTPOST-v4] epoch 15: test-all ROC 0.8794 PR 0.6980 | unseen ROC 0.5000 PR 0.0000 | valAUC 0.8247 | tau+ 0.500
[OUTPOST-v4] epoch 16: test-all ROC 0.8789 PR 0.6986 | unseen ROC 0.5000 PR 0.0000 | valAUC 0.8248 | tau+ 0.500
[OUTPOST-v4] epoch 17: test-all ROC 0.8789 PR 0.6992 | unseen ROC 0.5000 PR 0.0000 | valAUC 0.8253 | tau+ 0.500
[OUTPOST-v4] epoch 18: test-all ROC 0.8788 PR 0.6996 | unseen ROC 0.5000 PR 0.0000 | valAUC 0.8257 | tau+ 0.500
[OUTPOST-v4] epoch 19: test-all ROC 0.8785 PR 0.6998 | unseen ROC 0.5000 PR 0.0000 | valAUC 0.8248 | tau+ 0.500
[OUTPOST-v4] epoch 20: test-all ROC 0.8783 PR 0.7001 | unseen ROC 0.5000 PR 0.0000 | valAUC 0.8249 | tau+ 0.500
[OUTPOST-v4] epoch 21: test-all ROC 0.8782 PR 0.7004 | unseen ROC 0.5000 PR 0.0000 | valAUC 0.8246 | tau+ 0.500
[OUTPOST-v4] epoch 22: test-all ROC 0.8781 PR 0.7009 | unseen ROC 0.5000 PR 0.0000 | valAUC 0.8236 | tau+ 0.500
[OUTPOST-v4] epoch 23: test-all ROC 0.8783 PR 0.7014 | unseen ROC 0.5000 PR 0.0000 | valAUC 0.8228 | tau+ 0.500
[OUTPOST-v4] epoch 24: test-all ROC 0.8784 PR 0.7020 | unseen ROC 0.5000 PR 0.0000 | valAUC 0.8228 | tau+ 0.500
[OUTPOST-v4] epoch 25: test-all ROC 0.8785 PR 0.7027 | unseen ROC 0.5000 PR 0.0000 | valAUC 0.8224 | tau+ 0.500
[OUTPOST-v4] epoch 26: test-all ROC 0.8787 PR 0.7036 | unseen ROC 0.5000 PR 0.0000 | valAUC 0.8217 | tau+ 0.500
[OUTPOST-v4] epoch 27: test-all ROC 0.8791 PR 0.7044 | unseen ROC 0.5000 PR 0.0000 | valAUC 0.8208 | tau+ 0.500
[OUTPOST-v4] epoch 28: test-all ROC 0.8798 PR 0.7054 | unseen ROC 0.5000 PR 0.0000 | valAUC 0.8284 | tau+ 0.500
[OUTPOST-v4] epoch 29: test-all ROC 0.8802 PR 0.7065 | unseen ROC 0.5000 PR 0.0000 | valAUC 0.8282 | tau+ 0.500
[OUTPOST-v4] epoch 30: test-all ROC 0.8802 PR 0.7075 | unseen ROC 0.5000 PR 0.0000 | valAUC 0.8276 | tau+ 0.500
[OUTPOST-v4] epoch 31: test-all ROC 0.8802 PR 0.7086 | unseen ROC 0.5000 PR 0.0000 | valAUC 0.8272 | tau+ 0.500
[OUTPOST-v4] epoch 32: test-all ROC 0.8807 PR 0.7099 | unseen ROC 0.5000 PR 0.0000 | valAUC 0.8262 | tau+ 0.500
[OUTPOST-v4] epoch 33: test-all ROC 0.8813 PR 0.7112 | unseen ROC 0.5000 PR 0.0000 | valAUC 0.8261 | tau+ 0.500
[OUTPOST-v4] epoch 34: test-all ROC 0.8819 PR 0.7127 | unseen ROC 0.5000 PR 0.0000 | valAUC 0.8248 | tau+ 0.500
[OUTPOST-v4] epoch 35: test-all ROC 0.8827 PR 0.7145 | unseen ROC 0.5000 PR 0.0000 | valAUC 0.8313 | tau+ 0.500
[OUTPOST-v4] epoch 36: test-all ROC 0.8831 PR 0.7165 | unseen ROC 0.5000 PR 0.0000 | valAUC 0.8300 | tau+ 0.500
[OUTPOST-v4] epoch 37: test-all ROC 0.8834 PR 0.7187 | unseen ROC 0.5000 PR 0.0000 | valAUC 0.8357 | tau+ 0.500
[OUTPOST-v4] epoch 38: test-all ROC 0.8837 PR 0.7212 | unseen ROC 0.5000 PR 0.0000 | valAUC 0.8344 | tau+ 0.500
[OUTPOST-v4] epoch 39: test-all ROC 0.8836 PR 0.7238 | unseen ROC 0.5000 PR 0.0000 | valAUC 0.8323 | tau+ 0.500
[OUTPOST-v4] epoch 40: test-all ROC 0.8836 PR 0.7264 | unseen ROC 0.5000 PR 0.0000 | valAUC 0.8314 | tau+ 0.500
[OUTPOST-v4] epoch 41: test-all ROC 0.8839 PR 0.7288 | unseen ROC 0.5000 PR 0.0000 | valAUC 0.8301 | tau+ 0.500
[OUTPOST-v4] epoch 42: test-all ROC 0.8842 PR 0.7296 | unseen ROC 0.5000 PR 0.0000 | valAUC 0.8285 | tau+ 0.500
[OUTPOST-v4] epoch 43: test-all ROC 0.8829 PR 0.7246 | unseen ROC 0.5000 PR 0.0000 | valAUC 0.8259 | tau+ 0.500
[OUTPOST-v4] epoch 44: test-all ROC 0.8816 PR 0.6957 | unseen ROC 0.5000 PR 0.0000 | valAUC 0.8229 | tau+ 0.500
[OUTPOST-v4] epoch 45: test-all ROC 0.8757 PR 0.4859 | unseen ROC 0.5000 PR 0.0000 | valAUC 0.8184 | tau+ 0.500
[OUTPOST-v4] epoch 46: test-all ROC 0.8647 PR 0.3081 | unseen ROC 0.5000 PR 0.0000 | valAUC 0.8060 | tau+ 0.500
[OUTPOST-v4] epoch 47: test-all ROC 0.8582 PR 0.2620 | unseen ROC 0.5000 PR 0.0000 | valAUC 0.7965 | tau+ 0.746
[OUTPOST-v4] epoch 48: test-all ROC 0.8573 PR 0.2552 | unseen ROC 0.5000 PR 0.0000 | valAUC 0.7959 | tau+ 0.790
[OUTPOST-v4] epoch 49: test-all ROC 0.8599 PR 0.2702 | unseen ROC 0.5000 PR 0.0000 | valAUC 0.7981 | tau+ 0.632
[OUTPOST-v4] epoch 50: test-all ROC 0.8657 PR 0.3135 | unseen ROC 0.5000 PR 0.0000 | valAUC 0.8057 | tau+ 0.500
[OUTPOST-v4] epoch 51: test-all ROC 0.8732 PR 0.4110 | unseen ROC 0.5000 PR 0.0000 | valAUC 0.8130 | tau+ 0.500
[OUTPOST-v4] epoch 52: test-all ROC 0.8797 PR 0.5757 | unseen ROC 0.5000 PR 0.0000 | valAUC 0.8201 | tau+ 0.500
[OUTPOST-v4] epoch 53: test-all ROC 0.8828 PR 0.6737 | unseen ROC 0.5000 PR 0.0000 | valAUC 0.8219 | tau+ 0.500
[OUTPOST-v4] epoch 54: test-all ROC 0.8843 PR 0.7095 | unseen ROC 0.5000 PR 0.0000 | valAUC 0.8233 | tau+ 0.500
[OUTPOST-v4] epoch 55: test-all ROC 0.8850 PR 0.7173 | unseen ROC 0.5000 PR 0.0000 | valAUC 0.8241 | tau+ 0.500
[OUTPOST-v4] epoch 56: test-all ROC 0.8854 PR 0.7191 | unseen ROC 0.5000 PR 0.0000 | valAUC 0.8245 | tau+ 0.500
[OUTPOST-v4] epoch 57: test-all ROC 0.8855 PR 0.7193 | unseen ROC 0.5000 PR 0.0000 | valAUC 0.8252 | tau+ 0.500
[OUTPOST-v4] epoch 58: test-all ROC 0.8860 PR 0.7181 | unseen ROC 0.5000 PR 0.0000 | valAUC 0.8256 | tau+ 0.500
[OUTPOST-v4] epoch 59: test-all ROC 0.8862 PR 0.7146 | unseen ROC 0.5000 PR 0.0000 | valAUC 0.8253 | tau+ 0.500
[OUTPOST-v4] epoch 60: test-all ROC 0.8859 PR 0.7050 | unseen ROC 0.5000 PR 0.0000 | valAUC 0.8297 | tau+ 0.500
[OUTPOST-v4] epoch 61: test-all ROC 0.8854 PR 0.6696 | unseen ROC 0.5000 PR 0.0000 | valAUC 0.8290 | tau+ 0.500
[OUTPOST-v4] epoch 62: test-all ROC 0.8840 PR 0.6142 | unseen ROC 0.5000 PR 0.0000 | valAUC 0.8279 | tau+ 0.500
[OUTPOST-v4] epoch 63: test-all ROC 0.8820 PR 0.5432 | unseen ROC 0.5000 PR 0.0000 | valAUC 0.8259 | tau+ 0.500
[OUTPOST-v4] epoch 64: test-all ROC 0.8798 PR 0.4836 | unseen ROC 0.5000 PR 0.0000 | valAUC 0.8224 | tau+ 0.500
[OUTPOST-v4] epoch 65: test-all ROC 0.8792 PR 0.4667 | unseen ROC 0.5000 PR 0.0000 | valAUC 0.8220 | tau+ 0.500
[OUTPOST-v4] epoch 66: test-all ROC 0.8794 PR 0.4655 | unseen ROC 0.5000 PR 0.0000 | valAUC 0.8228 | tau+ 0.500
[OUTPOST-v4] epoch 67: test-all ROC 0.8806 PR 0.4875 | unseen ROC 0.5000 PR 0.0000 | valAUC 0.8250 | tau+ 0.500
[OUTPOST-v4] epoch 68: test-all ROC 0.8827 PR 0.5349 | unseen ROC 0.5000 PR 0.0000 | valAUC 0.8284 | tau+ 0.500
[OUTPOST-v4] epoch 69: test-all ROC 0.8850 PR 0.6014 | unseen ROC 0.5000 PR 0.0000 | valAUC 0.8307 | tau+ 0.500
[OUTPOST-v4] epoch 70: test-all ROC 0.8870 PR 0.6682 | unseen ROC 0.5000 PR 0.0000 | valAUC 0.8334 | tau+ 0.500
[OUTPOST-v4] epoch 71: test-all ROC 0.8879 PR 0.6979 | unseen ROC 0.5000 PR 0.0000 | valAUC 0.8348 | tau+ 0.500
[OUTPOST-v4] epoch 72: test-all ROC 0.8887 PR 0.7085 | unseen ROC 0.5000 PR 0.0000 | valAUC 0.8360 | tau+ 0.500
[OUTPOST-v4] epoch 73: test-all ROC 0.8890 PR 0.7097 | unseen ROC 0.5000 PR 0.0000 | valAUC 0.8368 | tau+ 0.500
[OUTPOST-v4] epoch 74: test-all ROC 0.8890 PR 0.7040 | unseen ROC 0.5000 PR 0.0000 | valAUC 0.8373 | tau+ 0.500
[OUTPOST-v4] epoch 75: test-all ROC 0.8886 PR 0.6844 | unseen ROC 0.5000 PR 0.0000 | valAUC 0.8377 | tau+ 0.500
[OUTPOST-v4] epoch 76: test-all ROC 0.8880 PR 0.6466 | unseen ROC 0.5000 PR 0.0000 | valAUC 0.8369 | tau+ 0.500
[OUTPOST-v4] epoch 77: test-all ROC 0.8867 PR 0.5908 | unseen ROC 0.5000 PR 0.0000 | valAUC 0.8384 | tau+ 0.500
[OUTPOST-v4] epoch 78: test-all ROC 0.8869 PR 0.5879 | unseen ROC 0.5000 PR 0.0000 | valAUC 0.8395 | tau+ 0.500
[OUTPOST-v4] epoch 79: test-all ROC 0.8902 PR 0.6915 | unseen ROC 0.5000 PR 0.0000 | valAUC 0.8396 | tau+ 0.500
[OUTPOST-v4] epoch 80: test-all ROC 0.8912 PR 0.7203 | unseen ROC 0.5000 PR 0.0000 | valAUC 0.8412 | tau+ 0.500
[OUTPOST-v4] epoch 81: test-all ROC 0.8918 PR 0.7273 | unseen ROC 0.5000 PR 0.0000 | valAUC 0.8421 | tau+ 0.500
[OUTPOST-v4] epoch 82: test-all ROC 0.8920 PR 0.7293 | unseen ROC 0.5000 PR 0.0000 | valAUC 0.8430 | tau+ 0.500
[OUTPOST-v4] epoch 83: test-all ROC 0.8923 PR 0.7296 | unseen ROC 0.5000 PR 0.0000 | valAUC 0.8437 | tau+ 0.500
[OUTPOST-v4] epoch 84: test-all ROC 0.8924 PR 0.7290 | unseen ROC 0.5000 PR 0.0000 | valAUC 0.8438 | tau+ 0.500
[OUTPOST-v4] epoch 85: test-all ROC 0.8925 PR 0.7274 | unseen ROC 0.5000 PR 0.0000 | valAUC 0.8444 | tau+ 0.500
[OUTPOST-v4] epoch 86: test-all ROC 0.8924 PR 0.7238 | unseen ROC 0.5000 PR 0.0000 | valAUC 0.8444 | tau+ 0.500
[OUTPOST-v4] epoch 87: test-all ROC 0.8922 PR 0.7160 | unseen ROC 0.5000 PR 0.0000 | valAUC 0.8442 | tau+ 0.500
[OUTPOST-v4] epoch 88: test-all ROC 0.8921 PR 0.6993 | unseen ROC 0.5000 PR 0.0000 | valAUC 0.8472 | tau+ 0.500
[OUTPOST-v4] epoch 89: test-all ROC 0.8911 PR 0.6578 | unseen ROC 0.5000 PR 0.0000 | valAUC 0.8472 | tau+ 0.500
[OUTPOST-v4] epoch 90: test-all ROC 0.8890 PR 0.5823 | unseen ROC 0.5000 PR 0.0000 | valAUC 0.8459 | tau+ 0.500
[OUTPOST-v4] epoch 91: test-all ROC 0.8863 PR 0.4968 | unseen ROC 0.5000 PR 0.0000 | valAUC 0.8448 | tau+ 0.500
[OUTPOST-v4] epoch 92: test-all ROC 0.8844 PR 0.4496 | unseen ROC 0.5000 PR 0.0000 | valAUC 0.8438 | tau+ 0.500
[OUTPOST-v4] epoch 93: test-all ROC 0.8845 PR 0.4492 | unseen ROC 0.5000 PR 0.0000 | valAUC 0.8445 | tau+ 0.500
[OUTPOST-v4] epoch 94: test-all ROC 0.8865 PR 0.4891 | unseen ROC 0.5000 PR 0.0000 | valAUC 0.8465 | tau+ 0.500
[OUTPOST-v4] epoch 95: test-all ROC 0.8893 PR 0.5621 | unseen ROC 0.5000 PR 0.0000 | valAUC 0.8494 | tau+ 0.500
[OUTPOST-v4] epoch 96: test-all ROC 0.8916 PR 0.6326 | unseen ROC 0.5000 PR 0.0000 | valAUC 0.8512 | tau+ 0.500
[OUTPOST-v4] epoch 97: test-all ROC 0.8929 PR 0.6723 | unseen ROC 0.5000 PR 0.0000 | valAUC 0.8517 | tau+ 0.500
[OUTPOST-v4] epoch 98: test-all ROC 0.8936 PR 0.6916 | unseen ROC 0.5000 PR 0.0000 | valAUC 0.8524 | tau+ 0.500
[OUTPOST-v4] epoch 99: test-all ROC 0.8941 PR 0.7006 | unseen ROC 0.5000 PR 0.0000 | valAUC 0.8532 | tau+ 0.500
[OUTPOST-v4] epoch 100: test-all ROC 0.8943 PR 0.7024 | unseen ROC 0.5000 PR 0.0000 | valAUC 0.8535 | tau+ 0.500
[OUTPOST-v4] epoch 101: test-all ROC 0.8945 PR 0.7019 | unseen ROC 0.5000 PR 0.0000 | valAUC 0.8537 | tau+ 0.500
[OUTPOST-v4] epoch 102: test-all ROC 0.8945 PR 0.6956 | unseen ROC 0.5000 PR 0.0000 | valAUC 0.8545 | tau+ 0.500
[OUTPOST-v4] epoch 103: test-all ROC 0.8943 PR 0.6823 | unseen ROC 0.5000 PR 0.0000 | valAUC 0.8556 | tau+ 0.500
[OUTPOST-v4] epoch 104: test-all ROC 0.8940 PR 0.6590 | unseen ROC 0.5000 PR 0.0000 | valAUC 0.8571 | tau+ 0.500
[OUTPOST-v4] epoch 105: test-all ROC 0.8932 PR 0.6267 | unseen ROC 0.5000 PR 0.0000 | valAUC 0.8593 | tau+ 0.500
[OUTPOST-v4] epoch 106: test-all ROC 0.8924 PR 0.5883 | unseen ROC 0.5000 PR 0.0000 | valAUC 0.8596 | tau+ 0.500
[OUTPOST-v4] epoch 107: test-all ROC 0.8920 PR 0.5645 | unseen ROC 0.5000 PR 0.0000 | valAUC 0.8600 | tau+ 0.500
[OUTPOST-v4] epoch 108: test-all ROC 0.8923 PR 0.5627 | unseen ROC 0.5000 PR 0.0000 | valAUC 0.8608 | tau+ 0.500
[OUTPOST-v4] epoch 109: test-all ROC 0.8936 PR 0.5917 | unseen ROC 0.5000 PR 0.0000 | valAUC 0.8619 | tau+ 0.500
[OUTPOST-v4] epoch 110: test-all ROC 0.8954 PR 0.6458 | unseen ROC 0.5000 PR 0.0000 | valAUC 0.8636 | tau+ 0.500
[OUTPOST-v4] epoch 111: test-all ROC 0.8968 PR 0.6864 | unseen ROC 0.5000 PR 0.0000 | valAUC 0.8658 | tau+ 0.500
[OUTPOST-v4] epoch 112: test-all ROC 0.8977 PR 0.7078 | unseen ROC 0.5000 PR 0.0000 | valAUC 0.8673 | tau+ 0.500
[OUTPOST-v4] epoch 113: test-all ROC 0.8984 PR 0.7190 | unseen ROC 0.5000 PR 0.0000 | valAUC 0.8676 | tau+ 0.500
[OUTPOST-v4] epoch 114: test-all ROC 0.8986 PR 0.7209 | unseen ROC 0.5000 PR 0.0000 | valAUC 0.8687 | tau+ 0.500
[OUTPOST-v4] epoch 115: test-all ROC 0.8987 PR 0.7190 | unseen ROC 0.5000 PR 0.0000 | valAUC 0.8696 | tau+ 0.500
[OUTPOST-v4] epoch 116: test-all ROC 0.8988 PR 0.7121 | unseen ROC 0.5000 PR 0.0000 | valAUC 0.8710 | tau+ 0.500
[OUTPOST-v4] epoch 117: test-all ROC 0.8988 PR 0.7009 | unseen ROC 0.5000 PR 0.0000 | valAUC 0.8716 | tau+ 0.500
[OUTPOST-v4] epoch 118: test-all ROC 0.8987 PR 0.6918 | unseen ROC 0.5000 PR 0.0000 | valAUC 0.8720 | tau+ 0.500
[OUTPOST-v4] epoch 119: test-all ROC 0.8988 PR 0.6926 | unseen ROC 0.5000 PR 0.0000 | valAUC 0.8721 | tau+ 0.500
[OUTPOST-v4] epoch 120: test-all ROC 0.8990 PR 0.6940 | unseen ROC 0.5000 PR 0.0000 | valAUC 0.8724 | tau+ 0.500
[OUTPOST-v4] epoch 121: test-all ROC 0.8992 PR 0.7105 | unseen ROC 0.5000 PR 0.0000 | valAUC 0.8721 | tau+ 0.500
[OUTPOST-v4] epoch 122: test-all ROC 0.8992 PR 0.7206 | unseen ROC 0.5000 PR 0.0000 | valAUC 0.8716 | tau+ 0.500
[OUTPOST-v4] epoch 123: test-all ROC 0.8992 PR 0.7261 | unseen ROC 0.5000 PR 0.0000 | valAUC 0.8709 | tau+ 0.500
[OUTPOST-v4] epoch 124: test-all ROC 0.8991 PR 0.7268 | unseen ROC 0.5000 PR 0.0000 | valAUC 0.8699 | tau+ 0.500
[OUTPOST-v4] epoch 125: test-all ROC 0.8989 PR 0.7237 | unseen ROC 0.5000 PR 0.0000 | valAUC 0.8693 | tau+ 0.500
[OUTPOST-v4] epoch 126: test-all ROC 0.8987 PR 0.7154 | unseen ROC 0.5000 PR 0.0000 | valAUC 0.8700 | tau+ 0.500
[OUTPOST-v4] epoch 127: test-all ROC 0.8984 PR 0.7012 | unseen ROC 0.5000 PR 0.0000 | valAUC 0.8712 | tau+ 0.500
[OUTPOST-v4] epoch 128: test-all ROC 0.8979 PR 0.6800 | unseen ROC 0.5000 PR 0.0000 | valAUC 0.8709 | tau+ 0.500
[OUTPOST-v4] epoch 129: test-all ROC 0.8974 PR 0.6548 | unseen ROC 0.5000 PR 0.0000 | valAUC 0.8716 | tau+ 0.500
[OUTPOST-v4] epoch 130: test-all ROC 0.8971 PR 0.6436 | unseen ROC 0.5000 PR 0.0000 | valAUC 0.8722 | tau+ 0.500
[OUTPOST-v4] epoch 131: test-all ROC 0.8974 PR 0.6606 | unseen ROC 0.5000 PR 0.0000 | valAUC 0.8716 | tau+ 0.500
[OUTPOST-v4] epoch 132: test-all ROC 0.8979 PR 0.6817 | unseen ROC 0.5000 PR 0.0000 | valAUC 0.8702 | tau+ 0.500
[OUTPOST-v4] epoch 133: test-all ROC 0.8983 PR 0.6933 | unseen ROC 0.5000 PR 0.0000 | valAUC 0.8709 | tau+ 0.500
[OUTPOST-v4] epoch 134: test-all ROC 0.8985 PR 0.7018 | unseen ROC 0.5000 PR 0.0000 | valAUC 0.8712 | tau+ 0.500
[OUTPOST-v4] epoch 135: test-all ROC 0.8988 PR 0.7074 | unseen ROC 0.5000 PR 0.0000 | valAUC 0.8715 | tau+ 0.500
[OUTPOST-v4] epoch 136: test-all ROC 0.8990 PR 0.7144 | unseen ROC 0.5000 PR 0.0000 | valAUC 0.8712 | tau+ 0.500
[OUTPOST-v4] epoch 137: test-all ROC 0.8991 PR 0.7174 | unseen ROC 0.5000 PR 0.0000 | valAUC 0.8716 | tau+ 0.500
[OUTPOST-v4] epoch 138: test-all ROC 0.8993 PR 0.7178 | unseen ROC 0.5000 PR 0.0000 | valAUC 0.8728 | tau+ 0.500
[OUTPOST-v4] epoch 139: test-all ROC 0.8995 PR 0.7149 | unseen ROC 0.5000 PR 0.0000 | valAUC 0.8740 | tau+ 0.500
[OUTPOST-v4] epoch 140: test-all ROC 0.8996 PR 0.7073 | unseen ROC 0.5000 PR 0.0000 | valAUC 0.8756 | tau+ 0.500
[OUTPOST-v4] epoch 141: test-all ROC 0.8998 PR 0.6973 | unseen ROC 0.5000 PR 0.0000 | valAUC 0.8788 | tau+ 0.500
[OUTPOST-v4] epoch 142: test-all ROC 0.9002 PR 0.7038 | unseen ROC 0.5000 PR 0.0000 | valAUC 0.8790 | tau+ 0.500
[OUTPOST-v4] epoch 143: test-all ROC 0.9007 PR 0.7166 | unseen ROC 0.5000 PR 0.0000 | valAUC 0.8791 | tau+ 0.500
[OUTPOST-v4] epoch 144: test-all ROC 0.9010 PR 0.7271 | unseen ROC 0.5000 PR 0.0000 | valAUC 0.8786 | tau+ 0.500
[OUTPOST-v4] epoch 145: test-all ROC 0.9013 PR 0.7324 | unseen ROC 0.5000 PR 0.0000 | valAUC 0.8784 | tau+ 0.500
[OUTPOST-v4] epoch 146: test-all ROC 0.9016 PR 0.7364 | unseen ROC 0.5000 PR 0.0000 | valAUC 0.8780 | tau+ 0.500
[OUTPOST-v4] epoch 147: test-all ROC 0.9016 PR 0.7399 | unseen ROC 0.5000 PR 0.0000 | valAUC 0.8779 | tau+ 0.500
[OUTPOST-v4] epoch 148: test-all ROC 0.9016 PR 0.7405 | unseen ROC 0.5000 PR 0.0000 | valAUC 0.8782 | tau+ 0.500
[OUTPOST-v4] epoch 149: test-all ROC 0.9018 PR 0.7385 | unseen ROC 0.5000 PR 0.0000 | valAUC 0.8797 | tau+ 0.500
[OUTPOST-v4] epoch 150: test-all ROC 0.9019 PR 0.7315 | unseen ROC 0.5000 PR 0.0000 | valAUC 0.8814 | tau+ 0.500
[OUTPOST-v4] epoch 151: test-all ROC 0.9019 PR 0.7202 | unseen ROC 0.5000 PR 0.0000 | valAUC 0.8833 | tau+ 0.500
[OUTPOST-v4] epoch 152: test-all ROC 0.9018 PR 0.7136 | unseen ROC 0.5000 PR 0.0000 | valAUC 0.8840 | tau+ 0.500
[OUTPOST-v4] epoch 153: test-all ROC 0.9018 PR 0.7126 | unseen ROC 0.5000 PR 0.0000 | valAUC 0.8844 | tau+ 0.500
[OUTPOST-v4] epoch 154: test-all ROC 0.9019 PR 0.7291 | unseen ROC 0.5000 PR 0.0000 | valAUC 0.8819 | tau+ 0.500
[OUTPOST-v4] epoch 155: test-all ROC 0.9019 PR 0.7395 | unseen ROC 0.5000 PR 0.0000 | valAUC 0.8793 | tau+ 0.500
[OUTPOST-v4] epoch 156: test-all ROC 0.9017 PR 0.7446 | unseen ROC 0.5000 PR 0.0000 | valAUC 0.8778 | tau+ 0.500
[OUTPOST-v4] epoch 157: test-all ROC 0.9017 PR 0.7454 | unseen ROC 0.5000 PR 0.0000 | valAUC 0.8773 | tau+ 0.500
[OUTPOST-v4] epoch 158: test-all ROC 0.9017 PR 0.7435 | unseen ROC 0.5000 PR 0.0000 | valAUC 0.8776 | tau+ 0.500
[OUTPOST-v4] epoch 159: test-all ROC 0.9017 PR 0.7389 | unseen ROC 0.5000 PR 0.0000 | valAUC 0.8780 | tau+ 0.500
[OUTPOST-v4] epoch 160: test-all ROC 0.9017 PR 0.7299 | unseen ROC 0.5000 PR 0.0000 | valAUC 0.8804 | tau+ 0.500
[OUTPOST-v4] epoch 161: test-all ROC 0.9016 PR 0.7194 | unseen ROC 0.5000 PR 0.0000 | valAUC 0.8822 | tau+ 0.500
[OUTPOST-v4] epoch 162: test-all ROC 0.9016 PR 0.7067 | unseen ROC 0.5000 PR 0.0000 | valAUC 0.8839 | tau+ 0.500
[OUTPOST-v4] epoch 163: test-all ROC 0.9017 PR 0.7037 | unseen ROC 0.5000 PR 0.0000 | valAUC 0.8845 | tau+ 0.500
[OUTPOST-v4] epoch 164: test-all ROC 0.9021 PR 0.7117 | unseen ROC 0.5000 PR 0.0000 | valAUC 0.8851 | tau+ 0.500
[OUTPOST-v4] epoch 165: test-all ROC 0.9026 PR 0.7247 | unseen ROC 0.5000 PR 0.0000 | valAUC 0.8844 | tau+ 0.500
[OUTPOST-v4] epoch 166: test-all ROC 0.9030 PR 0.7357 | unseen ROC 0.5000 PR 0.0000 | valAUC 0.8844 | tau+ 0.500
[OUTPOST-v4] epoch 167: test-all ROC 0.9033 PR 0.7422 | unseen ROC 0.5000 PR 0.0000 | valAUC 0.8841 | tau+ 0.500
[OUTPOST-v4] epoch 168: test-all ROC 0.9036 PR 0.7443 | unseen ROC 0.5000 PR 0.0000 | valAUC 0.8841 | tau+ 0.500
[OUTPOST-v4] epoch 169: test-all ROC 0.9038 PR 0.7447 | unseen ROC 0.5000 PR 0.0000 | valAUC 0.8849 | tau+ 0.500
[OUTPOST-v4] epoch 170: test-all ROC 0.9040 PR 0.7431 | unseen ROC 0.5000 PR 0.0000 | valAUC 0.8855 | tau+ 0.500
[OUTPOST-v4] epoch 171: test-all ROC 0.9043 PR 0.7394 | unseen ROC 0.5000 PR 0.0000 | valAUC 0.8876 | tau+ 0.500
[OUTPOST-v4] epoch 172: test-all ROC 0.9047 PR 0.7344 | unseen ROC 0.5000 PR 0.0000 | valAUC 0.8895 | tau+ 0.500
[OUTPOST-v4] epoch 173: test-all ROC 0.9047 PR 0.7380 | unseen ROC 0.5000 PR 0.0000 | valAUC 0.8889 | tau+ 0.500
[OUTPOST-v4] epoch 174: test-all ROC 0.9047 PR 0.7433 | unseen ROC 0.5000 PR 0.0000 | valAUC 0.8881 | tau+ 0.500
[OUTPOST-v4] epoch 175: test-all ROC 0.9048 PR 0.7460 | unseen ROC 0.5000 PR 0.0000 | valAUC 0.8871 | tau+ 0.500
[OUTPOST-v4] epoch 176: test-all ROC 0.9049 PR 0.7463 | unseen ROC 0.5000 PR 0.0000 | valAUC 0.8876 | tau+ 0.500
[OUTPOST-v4] epoch 177: test-all ROC 0.9051 PR 0.7446 | unseen ROC 0.5000 PR 0.0000 | valAUC 0.8884 | tau+ 0.500
[OUTPOST-v4] epoch 178: test-all ROC 0.9053 PR 0.7417 | unseen ROC 0.5000 PR 0.0000 | valAUC 0.8899 | tau+ 0.500
[OUTPOST-v4] epoch 179: test-all ROC 0.9055 PR 0.7388 | unseen ROC 0.5000 PR 0.0000 | valAUC 0.8895 | tau+ 0.500
[OUTPOST-v4] epoch 180: test-all ROC 0.9057 PR 0.7354 | unseen ROC 0.5000 PR 0.0000 | valAUC 0.8911 | tau+ 0.500
[OUTPOST-v4] epoch 181: test-all ROC 0.9059 PR 0.7364 | unseen ROC 0.5000 PR 0.0000 | valAUC 0.8909 | tau+ 0.500
[OUTPOST-v4] epoch 182: test-all ROC 0.9060 PR 0.7402 | unseen ROC 0.5000 PR 0.0000 | valAUC 0.8906 | tau+ 0.500
[OUTPOST-v4] epoch 183: test-all ROC 0.9062 PR 0.7423 | unseen ROC 0.5000 PR 0.0000 | valAUC 0.8908 | tau+ 0.500
[OUTPOST-v4] epoch 184: test-all ROC 0.9066 PR 0.7428 | unseen ROC 0.5000 PR 0.0000 | valAUC 0.8908 | tau+ 0.500
[OUTPOST-v4] epoch 185: test-all ROC 0.9070 PR 0.7419 | unseen ROC 0.5000 PR 0.0000 | valAUC 0.8921 | tau+ 0.500
[OUTPOST-v4] epoch 186: test-all ROC 0.9066 PR 0.7485 | unseen ROC 0.5000 PR 0.0000 | valAUC 0.8908 | tau+ 0.500
[OUTPOST-v4] epoch 187: test-all ROC 0.9064 PR 0.7508 | unseen ROC 0.5000 PR 0.0000 | valAUC 0.8894 | tau+ 0.500
[OUTPOST-v4] epoch 188: test-all ROC 0.9064 PR 0.7506 | unseen ROC 0.5000 PR 0.0000 | valAUC 0.8894 | tau+ 0.500
[OUTPOST-v4] epoch 189: test-all ROC 0.9067 PR 0.7475 | unseen ROC 0.5000 PR 0.0000 | valAUC 0.8911 | tau+ 0.500
[OUTPOST-v4] epoch 190: test-all ROC 0.9057 PR 0.7525 | unseen ROC 0.5000 PR 0.0000 | valAUC 0.8879 | tau+ 0.500
[OUTPOST-v4] epoch 191: test-all ROC 0.9051 PR 0.7533 | unseen ROC 0.5000 PR 0.0000 | valAUC 0.8846 | tau+ 0.500
[OUTPOST-v4] epoch 192: test-all ROC 0.9047 PR 0.7518 | unseen ROC 0.5000 PR 0.0000 | valAUC 0.8843 | tau+ 0.500
[OUTPOST-v4] epoch 193: test-all ROC 0.9046 PR 0.7453 | unseen ROC 0.5000 PR 0.0000 | valAUC 0.8861 | tau+ 0.500
[OUTPOST-v4] epoch 194: test-all ROC 0.9045 PR 0.7347 | unseen ROC 0.5000 PR 0.0000 | valAUC 0.8874 | tau+ 0.500
[OUTPOST-v4] epoch 195: test-all ROC 0.9043 PR 0.7197 | unseen ROC 0.5000 PR 0.0000 | valAUC 0.8892 | tau+ 0.500
[OUTPOST-v4] epoch 196: test-all ROC 0.9041 PR 0.7040 | unseen ROC 0.5000 PR 0.0000 | valAUC 0.8896 | tau+ 0.500
[OUTPOST-v4] epoch 197: test-all ROC 0.9041 PR 0.7005 | unseen ROC 0.5000 PR 0.0000 | valAUC 0.8906 | tau+ 0.500
[OUTPOST-v4] epoch 198: test-all ROC 0.9043 PR 0.7188 | unseen ROC 0.5000 PR 0.0000 | valAUC 0.8886 | tau+ 0.500
[OUTPOST-v4] epoch 199: test-all ROC 0.9045 PR 0.7325 | unseen ROC 0.5000 PR 0.0000 | valAUC 0.8876 | tau+ 0.500
[OUTPOST-v4] epoch 200: test-all ROC 0.9044 PR 0.7460 | unseen ROC 0.5000 PR 0.0000 | valAUC 0.8858 | tau+ 0.500
[OUTPOST-v4] epoch 201: test-all ROC 0.9043 PR 0.7519 | unseen ROC 0.5000 PR 0.0000 | valAUC 0.8847 | tau+ 0.500
[OUTPOST-v4] epoch 202: test-all ROC 0.9045 PR 0.7532 | unseen ROC 0.5000 PR 0.0000 | valAUC 0.8850 | tau+ 0.500
[OUTPOST-v4] epoch 203: test-all ROC 0.9049 PR 0.7524 | unseen ROC 0.5000 PR 0.0000 | valAUC 0.8864 | tau+ 0.500
[OUTPOST-v4] epoch 204: test-all ROC 0.9054 PR 0.7466 | unseen ROC 0.5000 PR 0.0000 | valAUC 0.8890 | tau+ 0.500
[OUTPOST-v4] epoch 205: test-all ROC 0.9061 PR 0.7362 | unseen ROC 0.5000 PR 0.0000 | valAUC 0.8917 | tau+ 0.500
[OUTPOST-v4] epoch 206: test-all ROC 0.9065 PR 0.7246 | unseen ROC 0.5000 PR 0.0000 | valAUC 0.8948 | tau+ 0.500
[OUTPOST-v4] epoch 207: test-all ROC 0.9066 PR 0.7230 | unseen ROC 0.5000 PR 0.0000 | valAUC 0.8958 | tau+ 0.500
[OUTPOST-v4] epoch 208: test-all ROC 0.9067 PR 0.7334 | unseen ROC 0.5000 PR 0.0000 | valAUC 0.8944 | tau+ 0.500
[OUTPOST-v4] epoch 209: test-all ROC 0.9066 PR 0.7405 | unseen ROC 0.5000 PR 0.0000 | valAUC 0.8928 | tau+ 0.500
[OUTPOST-v4] epoch 210: test-all ROC 0.9066 PR 0.7435 | unseen ROC 0.5000 PR 0.0000 | valAUC 0.8923 | tau+ 0.500
[OUTPOST-v4] epoch 211: test-all ROC 0.9068 PR 0.7445 | unseen ROC 0.5000 PR 0.0000 | valAUC 0.8922 | tau+ 0.500
[OUTPOST-v4] epoch 212: test-all ROC 0.9073 PR 0.7426 | unseen ROC 0.5000 PR 0.0000 | valAUC 0.8937 | tau+ 0.500
[OUTPOST-v4] epoch 213: test-all ROC 0.9077 PR 0.7404 | unseen ROC 0.5000 PR 0.0000 | valAUC 0.8948 | tau+ 0.500
[OUTPOST-v4] epoch 214: test-all ROC 0.9082 PR 0.7347 | unseen ROC 0.5000 PR 0.0000 | valAUC 0.8959 | tau+ 0.500
[OUTPOST-v4] epoch 215: test-all ROC 0.9085 PR 0.7286 | unseen ROC 0.5000 PR 0.0000 | valAUC 0.8980 | tau+ 0.500
[OUTPOST-v4] epoch 216: test-all ROC 0.9085 PR 0.7272 | unseen ROC 0.5000 PR 0.0000 | valAUC 0.8985 | tau+ 0.500
[OUTPOST-v4] epoch 217: test-all ROC 0.9084 PR 0.7284 | unseen ROC 0.5000 PR 0.0000 | valAUC 0.8977 | tau+ 0.500
[OUTPOST-v4] epoch 218: test-all ROC 0.9079 PR 0.7357 | unseen ROC 0.5000 PR 0.0000 | valAUC 0.8949 | tau+ 0.500
[OUTPOST-v4] epoch 219: test-all ROC 0.9076 PR 0.7382 | unseen ROC 0.5000 PR 0.0000 | valAUC 0.8935 | tau+ 0.500
[OUTPOST-v4] epoch 220: test-all ROC 0.9075 PR 0.7364 | unseen ROC 0.5000 PR 0.0000 | valAUC 0.8937 | tau+ 0.500
[OUTPOST-v4] epoch 221: test-all ROC 0.9077 PR 0.7320 | unseen ROC 0.5000 PR 0.0000 | valAUC 0.8951 | tau+ 0.500
[OUTPOST-v4] epoch 222: test-all ROC 0.9080 PR 0.7252 | unseen ROC 0.5000 PR 0.0000 | valAUC 0.8965 | tau+ 0.500
[OUTPOST-v4] epoch 223: test-all ROC 0.9081 PR 0.7216 | unseen ROC 0.5000 PR 0.0000 | valAUC 0.8980 | tau+ 0.500
[OUTPOST-v4] epoch 224: test-all ROC 0.9080 PR 0.7201 | unseen ROC 0.5000 PR 0.0000 | valAUC 0.8980 | tau+ 0.500
[OUTPOST-v4] epoch 225: test-all ROC 0.9080 PR 0.7204 | unseen ROC 0.5000 PR 0.0000 | valAUC 0.8977 | tau+ 0.500
[OUTPOST-v4] epoch 226: test-all ROC 0.9080 PR 0.7228 | unseen ROC 0.5000 PR 0.0000 | valAUC 0.8971 | tau+ 0.500
[OUTPOST-v4] epoch 227: test-all ROC 0.9080 PR 0.7256 | unseen ROC 0.5000 PR 0.0000 | valAUC 0.8966 | tau+ 0.500
[OUTPOST-v4] epoch 228: test-all ROC 0.9081 PR 0.7275 | unseen ROC 0.5000 PR 0.0000 | valAUC 0.8966 | tau+ 0.500
[OUTPOST-v4] epoch 229: test-all ROC 0.9082 PR 0.7293 | unseen ROC 0.5000 PR 0.0000 | valAUC 0.8961 | tau+ 0.500
[OUTPOST-v4] epoch 230: test-all ROC 0.9085 PR 0.7282 | unseen ROC 0.5000 PR 0.0000 | valAUC 0.8977 | tau+ 0.500
[OUTPOST-v4] epoch 231: test-all ROC 0.9088 PR 0.7261 | unseen ROC 0.5000 PR 0.0000 | valAUC 0.8994 | tau+ 0.500
[OUTPOST-v4] epoch 232: test-all ROC 0.9090 PR 0.7263 | unseen ROC 0.5000 PR 0.0000 | valAUC 0.8997 | tau+ 0.500
[OUTPOST-v4] epoch 233: test-all ROC 0.9094 PR 0.7252 | unseen ROC 0.5000 PR 0.0000 | valAUC 0.9006 | tau+ 0.500
[OUTPOST-v4] epoch 234: test-all ROC 0.9095 PR 0.7278 | unseen ROC 0.5000 PR 0.0000 | valAUC 0.9006 | tau+ 0.500
[OUTPOST-v4] epoch 235: test-all ROC 0.9095 PR 0.7318 | unseen ROC 0.5000 PR 0.0000 | valAUC 0.8994 | tau+ 0.500
[OUTPOST-v4] epoch 236: test-all ROC 0.9096 PR 0.7345 | unseen ROC 0.5000 PR 0.0000 | valAUC 0.8992 | tau+ 0.500
[OUTPOST-v4] epoch 237: test-all ROC 0.9095 PR 0.7381 | unseen ROC 0.5000 PR 0.0000 | valAUC 0.8982 | tau+ 0.500
[OUTPOST-v4] epoch 238: test-all ROC 0.9095 PR 0.7383 | unseen ROC 0.5000 PR 0.0000 | valAUC 0.8986 | tau+ 0.500
[OUTPOST-v4] epoch 239: test-all ROC 0.9098 PR 0.7354 | unseen ROC 0.5000 PR 0.0000 | valAUC 0.9011 | tau+ 0.500
[OUTPOST-v4] epoch 240: test-all ROC 0.9103 PR 0.7292 | unseen ROC 0.5000 PR 0.0000 | valAUC 0.9036 | tau+ 0.500
[OUTPOST-v4] epoch 241: test-all ROC 0.9106 PR 0.7247 | unseen ROC 0.5000 PR 0.0000 | valAUC 0.9049 | tau+ 0.500
[OUTPOST-v4] epoch 242: test-all ROC 0.9104 PR 0.7276 | unseen ROC 0.5000 PR 0.0000 | valAUC 0.9033 | tau+ 0.500
[OUTPOST-v4] epoch 243: test-all ROC 0.9103 PR 0.7301 | unseen ROC 0.5000 PR 0.0000 | valAUC 0.9022 | tau+ 0.500
[OUTPOST-v4] epoch 244: test-all ROC 0.9102 PR 0.7324 | unseen ROC 0.5000 PR 0.0000 | valAUC 0.9009 | tau+ 0.500
[OUTPOST-v4] epoch 245: test-all ROC 0.9096 PR 0.7377 | unseen ROC 0.5000 PR 0.0000 | valAUC 0.8973 | tau+ 0.500
[OUTPOST-v4] epoch 246: test-all ROC 0.9095 PR 0.7396 | unseen ROC 0.5000 PR 0.0000 | valAUC 0.8963 | tau+ 0.500
[OUTPOST-v4] epoch 247: test-all ROC 0.9098 PR 0.7386 | unseen ROC 0.5000 PR 0.0000 | valAUC 0.8969 | tau+ 0.500
[OUTPOST-v4] epoch 248: test-all ROC 0.9102 PR 0.7356 | unseen ROC 0.5000 PR 0.0000 | valAUC 0.8989 | tau+ 0.500
[OUTPOST-v4] epoch 249: test-all ROC 0.9110 PR 0.7292 | unseen ROC 0.5000 PR 0.0000 | valAUC 0.9028 | tau+ 0.500
[OUTPOST-v4] epoch 250: test-all ROC 0.9110 PR 0.7255 | unseen ROC 0.5000 PR 0.0000 | valAUC 0.9044 | tau+ 0.500
[OUTPOST-v4] epoch 251: test-all ROC 0.9108 PR 0.7238 | unseen ROC 0.5000 PR 0.0000 | valAUC 0.9050 | tau+ 0.500
[OUTPOST-v4] epoch 252: test-all ROC 0.9104 PR 0.7251 | unseen ROC 0.5000 PR 0.0000 | valAUC 0.9040 | tau+ 0.500
[OUTPOST-v4] epoch 253: test-all ROC 0.9100 PR 0.7272 | unseen ROC 0.5000 PR 0.0000 | valAUC 0.9019 | tau+ 0.500
[OUTPOST-v4] epoch 254: test-all ROC 0.9093 PR 0.7315 | unseen ROC 0.5000 PR 0.0000 | valAUC 0.8996 | tau+ 0.500
[OUTPOST-v4] epoch 255: test-all ROC 0.9090 PR 0.7328 | unseen ROC 0.5000 PR 0.0000 | valAUC 0.8988 | tau+ 0.500
[OUTPOST-v4] epoch 256: test-all ROC 0.9093 PR 0.7307 | unseen ROC 0.5000 PR 0.0000 | valAUC 0.9002 | tau+ 0.500
[OUTPOST-v4] epoch 257: test-all ROC 0.9091 PR 0.7325 | unseen ROC 0.5000 PR 0.0000 | valAUC 0.8993 | tau+ 0.500
[OUTPOST-v4] epoch 258: test-all ROC 0.9094 PR 0.7307 | unseen ROC 0.5000 PR 0.0000 | valAUC 0.9000 | tau+ 0.500
[OUTPOST-v4] epoch 259: test-all ROC 0.9098 PR 0.7261 | unseen ROC 0.5000 PR 0.0000 | valAUC 0.9018 | tau+ 0.500
[OUTPOST-v4] epoch 260: test-all ROC 0.9103 PR 0.7204 | unseen ROC 0.5000 PR 0.0000 | valAUC 0.9046 | tau+ 0.500
[OUTPOST-v4] epoch 261: test-all ROC 0.9105 PR 0.7164 | unseen ROC 0.5000 PR 0.0000 | valAUC 0.9060 | tau+ 0.500
[OUTPOST-v4] epoch 262: test-all ROC 0.9108 PR 0.7176 | unseen ROC 0.5000 PR 0.0000 | valAUC 0.9062 | tau+ 0.500
[OUTPOST-v4] epoch 263: test-all ROC 0.9105 PR 0.7256 | unseen ROC 0.5000 PR 0.0000 | valAUC 0.9038 | tau+ 0.500
[OUTPOST-v4] epoch 264: test-all ROC 0.9103 PR 0.7351 | unseen ROC 0.5000 PR 0.0000 | valAUC 0.9005 | tau+ 0.500
[OUTPOST-v4] epoch 265: test-all ROC 0.9103 PR 0.7394 | unseen ROC 0.5000 PR 0.0000 | valAUC 0.8999 | tau+ 0.500
[OUTPOST-v4] epoch 266: test-all ROC 0.9109 PR 0.7383 | unseen ROC 0.5000 PR 0.0000 | valAUC 0.9025 | tau+ 0.500
[OUTPOST-v4] epoch 267: test-all ROC 0.9120 PR 0.7355 | unseen ROC 0.5000 PR 0.0000 | valAUC 0.9072 | tau+ 0.500
[OUTPOST-v4] epoch 268: test-all ROC 0.9127 PR 0.7311 | unseen ROC 0.5000 PR 0.0000 | valAUC 0.9108 | tau+ 0.500
[OUTPOST-v4] epoch 269: test-all ROC 0.9131 PR 0.7304 | unseen ROC 0.5000 PR 0.0000 | valAUC 0.9128 | tau+ 0.500
[OUTPOST-v4] epoch 270: test-all ROC 0.9135 PR 0.7311 | unseen ROC 0.5000 PR 0.0000 | valAUC 0.9151 | tau+ 0.500
[OUTPOST-v4] epoch 271: test-all ROC 0.9130 PR 0.7361 | unseen ROC 0.5000 PR 0.0000 | valAUC 0.9118 | tau+ 0.500
[OUTPOST-v4] epoch 272: test-all ROC 0.9124 PR 0.7398 | unseen ROC 0.5000 PR 0.0000 | valAUC 0.9091 | tau+ 0.500
[OUTPOST-v4] epoch 273: test-all ROC 0.9123 PR 0.7395 | unseen ROC 0.5000 PR 0.0000 | valAUC 0.9085 | tau+ 0.500
[OUTPOST-v4] epoch 274: test-all ROC 0.9124 PR 0.7361 | unseen ROC 0.5000 PR 0.0000 | valAUC 0.9102 | tau+ 0.500
[OUTPOST-v4] epoch 275: test-all ROC 0.9126 PR 0.7292 | unseen ROC 0.5000 PR 0.0000 | valAUC 0.9144 | tau+ 0.500
[OUTPOST-v4] epoch 276: test-all ROC 0.9127 PR 0.7225 | unseen ROC 0.5000 PR 0.0000 | valAUC 0.9171 | tau+ 0.500
[OUTPOST-v4] epoch 277: test-all ROC 0.9122 PR 0.7268 | unseen ROC 0.5000 PR 0.0000 | valAUC 0.9141 | tau+ 0.500
[OUTPOST-v4] epoch 278: test-all ROC 0.9115 PR 0.7329 | unseen ROC 0.5000 PR 0.0000 | valAUC 0.9091 | tau+ 0.500
[OUTPOST-v4] epoch 279: test-all ROC 0.9111 PR 0.7365 | unseen ROC 0.5000 PR 0.0000 | valAUC 0.9068 | tau+ 0.500
[OUTPOST-v4] epoch 280: test-all ROC 0.9112 PR 0.7352 | unseen ROC 0.5000 PR 0.0000 | valAUC 0.9069 | tau+ 0.500
[OUTPOST-v4] epoch 281: test-all ROC 0.9117 PR 0.7318 | unseen ROC 0.5000 PR 0.0000 | valAUC 0.9093 | tau+ 0.500
[OUTPOST-v4] epoch 282: test-all ROC 0.9121 PR 0.7284 | unseen ROC 0.5000 PR 0.0000 | valAUC 0.9113 | tau+ 0.500
[OUTPOST-v4] epoch 283: test-all ROC 0.9125 PR 0.7276 | unseen ROC 0.5000 PR 0.0000 | valAUC 0.9123 | tau+ 0.500
[OUTPOST-v4] epoch 284: test-all ROC 0.9129 PR 0.7261 | unseen ROC 0.5000 PR 0.0000 | valAUC 0.9131 | tau+ 0.500
[OUTPOST-v4] epoch 285: test-all ROC 0.9134 PR 0.7229 | unseen ROC 0.5000 PR 0.0000 | valAUC 0.9141 | tau+ 0.500
[OUTPOST-v4] epoch 286: test-all ROC 0.9139 PR 0.7209 | unseen ROC 0.5000 PR 0.0000 | valAUC 0.9146 | tau+ 0.500
[OUTPOST-v4] epoch 287: test-all ROC 0.9145 PR 0.7201 | unseen ROC 0.5000 PR 0.0000 | valAUC 0.9147 | tau+ 0.500
[OUTPOST-v4] epoch 288: test-all ROC 0.9151 PR 0.7193 | unseen ROC 0.5000 PR 0.0000 | valAUC 0.9152 | tau+ 0.500
[OUTPOST-v4] epoch 289: test-all ROC 0.9147 PR 0.7244 | unseen ROC 0.5000 PR 0.0000 | valAUC 0.9112 | tau+ 0.500
[OUTPOST-v4] epoch 290: test-all ROC 0.9145 PR 0.7272 | unseen ROC 0.5000 PR 0.0000 | valAUC 0.9087 | tau+ 0.500
[OUTPOST-v4] epoch 291: test-all ROC 0.9147 PR 0.7262 | unseen ROC 0.5000 PR 0.0000 | valAUC 0.9087 | tau+ 0.500
[OUTPOST-v4] epoch 292: test-all ROC 0.9153 PR 0.7205 | unseen ROC 0.5000 PR 0.0000 | valAUC 0.9120 | tau+ 0.500
[OUTPOST-v4] epoch 293: test-all ROC 0.9161 PR 0.7112 | unseen ROC 0.5000 PR 0.0000 | valAUC 0.9164 | tau+ 0.500
[OUTPOST-v4] epoch 294: test-all ROC 0.9156 PR 0.7130 | unseen ROC 0.5000 PR 0.0000 | valAUC 0.9151 | tau+ 0.500
[OUTPOST-v4] epoch 295: test-all ROC 0.9150 PR 0.7191 | unseen ROC 0.5000 PR 0.0000 | valAUC 0.9124 | tau+ 0.500
[OUTPOST-v4] epoch 296: test-all ROC 0.9140 PR 0.7277 | unseen ROC 0.5000 PR 0.0000 | valAUC 0.9085 | tau+ 0.500
[OUTPOST-v4] epoch 297: test-all ROC 0.9127 PR 0.7372 | unseen ROC 0.5000 PR 0.0000 | valAUC 0.9042 | tau+ 0.500
[OUTPOST-v4] epoch 298: test-all ROC 0.9121 PR 0.7384 | unseen ROC 0.5000 PR 0.0000 | valAUC 0.9030 | tau+ 0.500
[OUTPOST-v4] epoch 299: test-all ROC 0.9122 PR 0.7353 | unseen ROC 0.5000 PR 0.0000 | valAUC 0.9047 | tau+ 0.500
[OUTPOST-v4] epoch 300: test-all ROC 0.9128 PR 0.7264 | unseen ROC 0.5000 PR 0.0000 | valAUC 0.9092 | tau+ 0.500
[OUTPOST-v4] epoch 301: test-all ROC 0.9130 PR 0.7180 | unseen ROC 0.5000 PR 0.0000 | valAUC 0.9137 | tau+ 0.500
[OUTPOST-v4] epoch 302: test-all ROC 0.9128 PR 0.7153 | unseen ROC 0.5000 PR 0.0000 | valAUC 0.9140 | tau+ 0.500
[OUTPOST-v4] epoch 303: test-all ROC 0.9125 PR 0.7214 | unseen ROC 0.5000 PR 0.0000 | valAUC 0.9109 | tau+ 0.500
[OUTPOST-v4] epoch 304: test-all ROC 0.9120 PR 0.7288 | unseen ROC 0.5000 PR 0.0000 | valAUC 0.9075 | tau+ 0.500
[OUTPOST-v4] epoch 305: test-all ROC 0.9116 PR 0.7352 | unseen ROC 0.5000 PR 0.0000 | valAUC 0.9045 | tau+ 0.500
[OUTPOST-v4] epoch 306: test-all ROC 0.9116 PR 0.7371 | unseen ROC 0.5000 PR 0.0000 | valAUC 0.9038 | tau+ 0.500
[OUTPOST-v4] epoch 307: test-all ROC 0.9120 PR 0.7347 | unseen ROC 0.5000 PR 0.0000 | valAUC 0.9060 | tau+ 0.500
[OUTPOST-v4] epoch 308: test-all ROC 0.9128 PR 0.7287 | unseen ROC 0.5000 PR 0.0000 | valAUC 0.9096 | tau+ 0.500
[OUTPOST-v4] epoch 309: test-all ROC 0.9135 PR 0.7205 | unseen ROC 0.5000 PR 0.0000 | valAUC 0.9129 | tau+ 0.500
[OUTPOST-v4] epoch 310: test-all ROC 0.9131 PR 0.7286 | unseen ROC 0.5000 PR 0.0000 | valAUC 0.9096 | tau+ 0.500
[OUTPOST-v4] epoch 311: test-all ROC 0.9126 PR 0.7368 | unseen ROC 0.5000 PR 0.0000 | valAUC 0.9062 | tau+ 0.500
[OUTPOST-v4] epoch 312: test-all ROC 0.9124 PR 0.7411 | unseen ROC 0.5000 PR 0.0000 | valAUC 0.9044 | tau+ 0.500
[OUTPOST-v4] epoch 313: test-all ROC 0.9129 PR 0.7398 | unseen ROC 0.5000 PR 0.0000 | valAUC 0.9055 | tau+ 0.500
[OUTPOST-v4] epoch 314: test-all ROC 0.9138 PR 0.7352 | unseen ROC 0.5000 PR 0.0000 | valAUC 0.9088 | tau+ 0.500
[OUTPOST-v4] epoch 315: test-all ROC 0.9150 PR 0.7276 | unseen ROC 0.5000 PR 0.0000 | valAUC 0.9135 | tau+ 0.500
[OUTPOST-v4] epoch 316: test-all ROC 0.9151 PR 0.7329 | unseen ROC 0.5000 PR 0.0000 | valAUC 0.9124 | tau+ 0.500
[OUTPOST-v4] epoch 317: test-all ROC 0.9152 PR 0.7358 | unseen ROC 0.5000 PR 0.0000 | valAUC 0.9119 | tau+ 0.500
[OUTPOST-v4] epoch 318: test-all ROC 0.9152 PR 0.7386 | unseen ROC 0.5000 PR 0.0000 | valAUC 0.9090 | tau+ 0.500
[OUTPOST-v4] epoch 319: test-all ROC 0.9154 PR 0.7400 | unseen ROC 0.5000 PR 0.0000 | valAUC 0.9091 | tau+ 0.500
[OUTPOST-v4] epoch 320: test-all ROC 0.9158 PR 0.7414 | unseen ROC 0.5000 PR 0.0000 | valAUC 0.9084 | tau+ 0.500
[OUTPOST-v4] epoch 321: test-all ROC 0.9165 PR 0.7403 | unseen ROC 0.5000 PR 0.0000 | valAUC 0.9093 | tau+ 0.500
[OUTPOST-v4] epoch 322: test-all ROC 0.9172 PR 0.7373 | unseen ROC 0.5000 PR 0.0000 | valAUC 0.9107 | tau+ 0.500
[OUTPOST-v4] epoch 323: test-all ROC 0.9177 PR 0.7350 | unseen ROC 0.5000 PR 0.0000 | valAUC 0.9123 | tau+ 0.500
[OUTPOST-v4] epoch 324: test-all ROC 0.9173 PR 0.7385 | unseen ROC 0.5000 PR 0.0000 | valAUC 0.9080 | tau+ 0.500
[OUTPOST-v4] epoch 325: test-all ROC 0.9170 PR 0.7387 | unseen ROC 0.5000 PR 0.0000 | valAUC 0.9061 | tau+ 0.500
[OUTPOST-v4] epoch 326: test-all ROC 0.9172 PR 0.7348 | unseen ROC 0.5000 PR 0.0000 | valAUC 0.9065 | tau+ 0.500
[OUTPOST-v4] epoch 327: test-all ROC 0.9174 PR 0.7305 | unseen ROC 0.5000 PR 0.0000 | valAUC 0.9079 | tau+ 0.500
[OUTPOST-v4] epoch 328: test-all ROC 0.9177 PR 0.7247 | unseen ROC 0.5000 PR 0.0000 | valAUC 0.9105 | tau+ 0.500
[OUTPOST-v4] epoch 329: test-all ROC 0.9174 PR 0.7232 | unseen ROC 0.5000 PR 0.0000 | valAUC 0.9098 | tau+ 0.500
[OUTPOST-v4] epoch 330: test-all ROC 0.9168 PR 0.7272 | unseen ROC 0.5000 PR 0.0000 | valAUC 0.9065 | tau+ 0.500
[OUTPOST-v4] epoch 331: test-all ROC 0.9164 PR 0.7310 | unseen ROC 0.5000 PR 0.0000 | valAUC 0.9050 | tau+ 0.500
[OUTPOST-v4] epoch 332: test-all ROC 0.9158 PR 0.7361 | unseen ROC 0.5000 PR 0.0000 | valAUC 0.9026 | tau+ 0.500
[OUTPOST-v4] epoch 333: test-all ROC 0.9163 PR 0.7363 | unseen ROC 0.5000 PR 0.0000 | valAUC 0.9040 | tau+ 0.500
[OUTPOST-v4] epoch 334: test-all ROC 0.9171 PR 0.7347 | unseen ROC 0.5000 PR 0.0000 | valAUC 0.9082 | tau+ 0.500
[OUTPOST-v4] epoch 335: test-all ROC 0.9169 PR 0.7377 | unseen ROC 0.5000 PR 0.0000 | valAUC 0.9071 | tau+ 0.500
[OUTPOST-v4] epoch 336: test-all ROC 0.9161 PR 0.7425 | unseen ROC 0.5000 PR 0.0000 | valAUC 0.9038 | tau+ 0.500
[OUTPOST-v4] epoch 337: test-all ROC 0.9158 PR 0.7439 | unseen ROC 0.5000 PR 0.0000 | valAUC 0.9031 | tau+ 0.500
[OUTPOST-v4] epoch 338: test-all ROC 0.9161 PR 0.7420 | unseen ROC 0.5000 PR 0.0000 | valAUC 0.9061 | tau+ 0.500
[OUTPOST-v4] epoch 339: test-all ROC 0.9167 PR 0.7390 | unseen ROC 0.5000 PR 0.0000 | valAUC 0.9095 | tau+ 0.500
[OUTPOST-v4] epoch 340: test-all ROC 0.9170 PR 0.7360 | unseen ROC 0.5000 PR 0.0000 | valAUC 0.9129 | tau+ 0.500
[OUTPOST-v4] epoch 341: test-all ROC 0.9143 PR 0.7466 | unseen ROC 0.5000 PR 0.0000 | valAUC 0.8996 | tau+ 0.500
[OUTPOST-v4] epoch 342: test-all ROC 0.9125 PR 0.7508 | unseen ROC 0.5000 PR 0.0000 | valAUC 0.8963 | tau+ 0.500
[OUTPOST-v4] epoch 343: test-all ROC 0.9119 PR 0.7512 | unseen ROC 0.5000 PR 0.0000 | valAUC 0.8953 | tau+ 0.500
[OUTPOST-v4] epoch 344: test-all ROC 0.9122 PR 0.7478 | unseen ROC 0.5000 PR 0.0000 | valAUC 0.8960 | tau+ 0.500
[OUTPOST-v4] epoch 345: test-all ROC 0.9131 PR 0.7393 | unseen ROC 0.5000 PR 0.0000 | valAUC 0.8994 | tau+ 0.500
[OUTPOST-v4] epoch 346: test-all ROC 0.9145 PR 0.7248 | unseen ROC 0.5000 PR 0.0000 | valAUC 0.9069 | tau+ 0.500
[OUTPOST-v4] epoch 347: test-all ROC 0.9151 PR 0.7168 | unseen ROC 0.5000 PR 0.0000 | valAUC 0.9119 | tau+ 0.500
[OUTPOST-v4] epoch 348: test-all ROC 0.9147 PR 0.7292 | unseen ROC 0.5000 PR 0.0000 | valAUC 0.9085 | tau+ 0.500
[OUTPOST-v4] epoch 349: test-all ROC 0.9136 PR 0.7425 | unseen ROC 0.5000 PR 0.0000 | valAUC 0.9011 | tau+ 0.500
[OUTPOST-v4] epoch 350: test-all ROC 0.9129 PR 0.7490 | unseen ROC 0.5000 PR 0.0000 | valAUC 0.8988 | tau+ 0.500
[OUTPOST-v4] epoch 351: test-all ROC 0.9131 PR 0.7517 | unseen ROC 0.5000 PR 0.0000 | valAUC 0.8988 | tau+ 0.500
[OUTPOST-v4] epoch 352: test-all ROC 0.9139 PR 0.7513 | unseen ROC 0.5000 PR 0.0000 | valAUC 0.9005 | tau+ 0.500
[OUTPOST-v4] epoch 353: test-all ROC 0.9152 PR 0.7489 | unseen ROC 0.5000 PR 0.0000 | valAUC 0.9060 | tau+ 0.500
[OUTPOST-v4] epoch 354: test-all ROC 0.9167 PR 0.7434 | unseen ROC 0.5000 PR 0.0000 | valAUC 0.9155 | tau+ 0.500
[OUTPOST-v4] epoch 355: test-all ROC 0.9175 PR 0.7414 | unseen ROC 0.5000 PR 0.0000 | valAUC 0.9203 | tau+ 0.500
[OUTPOST-v4] epoch 356: test-all ROC 0.9179 PR 0.7446 | unseen ROC 0.5000 PR 0.0000 | valAUC 0.9198 | tau+ 0.500
[OUTPOST-v4] epoch 357: test-all ROC 0.9171 PR 0.7533 | unseen ROC 0.5000 PR 0.0000 | valAUC 0.9101 | tau+ 0.500
[OUTPOST-v4] epoch 358: test-all ROC 0.9162 PR 0.7580 | unseen ROC 0.5000 PR 0.0000 | valAUC 0.9048 | tau+ 0.500
[OUTPOST-v4] epoch 359: test-all ROC 0.9162 PR 0.7587 | unseen ROC 0.5000 PR 0.0000 | valAUC 0.9043 | tau+ 0.500
[OUTPOST-v4] epoch 360: test-all ROC 0.9171 PR 0.7565 | unseen ROC 0.5000 PR 0.0000 | valAUC 0.9067 | tau+ 0.500
[OUTPOST-v4] epoch 361: test-all ROC 0.9167 PR 0.7564 | unseen ROC 0.5000 PR 0.0000 | valAUC 0.9056 | tau+ 0.500
[OUTPOST-v4] epoch 362: test-all ROC 0.9171 PR 0.7529 | unseen ROC 0.5000 PR 0.0000 | valAUC 0.9099 | tau+ 0.500
[OUTPOST-v4] epoch 363: test-all ROC 0.9179 PR 0.7466 | unseen ROC 0.5000 PR 0.0000 | valAUC 0.9154 | tau+ 0.500
[OUTPOST-v4] epoch 364: test-all ROC 0.9184 PR 0.7405 | unseen ROC 0.5000 PR 0.0000 | valAUC 0.9192 | tau+ 0.500
[OUTPOST-v4] epoch 365: test-all ROC 0.9185 PR 0.7369 | unseen ROC 0.5000 PR 0.0000 | valAUC 0.9203 | tau+ 0.500
[OUTPOST-v4] epoch 366: test-all ROC 0.9179 PR 0.7404 | unseen ROC 0.5000 PR 0.0000 | valAUC 0.9158 | tau+ 0.500
[OUTPOST-v4] epoch 367: test-all ROC 0.9175 PR 0.7435 | unseen ROC 0.5000 PR 0.0000 | valAUC 0.9133 | tau+ 0.500
[OUTPOST-v4] epoch 368: test-all ROC 0.9173 PR 0.7461 | unseen ROC 0.5000 PR 0.0000 | valAUC 0.9113 | tau+ 0.500
[OUTPOST-v4] epoch 369: test-all ROC 0.9177 PR 0.7464 | unseen ROC 0.5000 PR 0.0000 | valAUC 0.9113 | tau+ 0.500
[OUTPOST-v4] epoch 370: test-all ROC 0.9183 PR 0.7458 | unseen ROC 0.5000 PR 0.0000 | valAUC 0.9116 | tau+ 0.500
[OUTPOST-v4] epoch 371: test-all ROC 0.9191 PR 0.7442 | unseen ROC 0.5000 PR 0.0000 | valAUC 0.9135 | tau+ 0.500
[OUTPOST-v4] epoch 372: test-all ROC 0.9199 PR 0.7414 | unseen ROC 0.5000 PR 0.0000 | valAUC 0.9168 | tau+ 0.500
[OUTPOST-v4] epoch 373: test-all ROC 0.9192 PR 0.7458 | unseen ROC 0.5000 PR 0.0000 | valAUC 0.9115 | tau+ 0.500
[OUTPOST-v4] epoch 374: test-all ROC 0.9170 PR 0.7528 | unseen ROC 0.5000 PR 0.0000 | valAUC 0.9038 | tau+ 0.500
[OUTPOST-v4] epoch 375: test-all ROC 0.9161 PR 0.7542 | unseen ROC 0.5000 PR 0.0000 | valAUC 0.9018 | tau+ 0.500
[OUTPOST-v4] epoch 376: test-all ROC 0.9165 PR 0.7528 | unseen ROC 0.5000 PR 0.0000 | valAUC 0.9038 | tau+ 0.500
[OUTPOST-v4] epoch 377: test-all ROC 0.9179 PR 0.7473 | unseen ROC 0.5000 PR 0.0000 | valAUC 0.9106 | tau+ 0.500
[OUTPOST-v4] epoch 378: test-all ROC 0.9189 PR 0.7397 | unseen ROC 0.5000 PR 0.0000 | valAUC 0.9197 | tau+ 0.500
[OUTPOST-v4] epoch 379: test-all ROC 0.9187 PR 0.7371 | unseen ROC 0.5000 PR 0.0000 | valAUC 0.9219 | tau+ 0.500
[OUTPOST-v4] epoch 380: test-all ROC 0.9180 PR 0.7397 | unseen ROC 0.5000 PR 0.0000 | valAUC 0.9197 | tau+ 0.500
[OUTPOST-v4] epoch 381: test-all ROC 0.9170 PR 0.7447 | unseen ROC 0.5000 PR 0.0000 | valAUC 0.9149 | tau+ 0.500
[OUTPOST-v4] epoch 382: test-all ROC 0.9158 PR 0.7490 | unseen ROC 0.5000 PR 0.0000 | valAUC 0.9102 | tau+ 0.500
[OUTPOST-v4] epoch 383: test-all ROC 0.9155 PR 0.7499 | unseen ROC 0.5000 PR 0.0000 | valAUC 0.9095 | tau+ 0.500
[OUTPOST-v4] epoch 384: test-all ROC 0.9157 PR 0.7488 | unseen ROC 0.5000 PR 0.0000 | valAUC 0.9114 | tau+ 0.500
[OUTPOST-v4] epoch 385: test-all ROC 0.9164 PR 0.7450 | unseen ROC 0.5000 PR 0.0000 | valAUC 0.9167 | tau+ 0.500
[OUTPOST-v4] epoch 386: test-all ROC 0.9158 PR 0.7464 | unseen ROC 0.5000 PR 0.0000 | valAUC 0.9156 | tau+ 0.500
[OUTPOST-v4] epoch 387: test-all ROC 0.9152 PR 0.7486 | unseen ROC 0.5000 PR 0.0000 | valAUC 0.9130 | tau+ 0.500
[OUTPOST-v4] epoch 388: test-all ROC 0.9149 PR 0.7492 | unseen ROC 0.5000 PR 0.0000 | valAUC 0.9124 | tau+ 0.500
[OUTPOST-v4] epoch 389: test-all ROC 0.9151 PR 0.7480 | unseen ROC 0.5000 PR 0.0000 | valAUC 0.9136 | tau+ 0.500
[OUTPOST-v4] epoch 390: test-all ROC 0.9151 PR 0.7477 | unseen ROC 0.5000 PR 0.0000 | valAUC 0.9141 | tau+ 0.500
[OUTPOST-v4] epoch 391: test-all ROC 0.9155 PR 0.7461 | unseen ROC 0.5000 PR 0.0000 | valAUC 0.9155 | tau+ 0.500
[OUTPOST-v4] epoch 392: test-all ROC 0.9157 PR 0.7464 | unseen ROC 0.5000 PR 0.0000 | valAUC 0.9156 | tau+ 0.500
[OUTPOST-v4] epoch 393: test-all ROC 0.9160 PR 0.7463 | unseen ROC 0.5000 PR 0.0000 | valAUC 0.9166 | tau+ 0.500
[OUTPOST-v4] epoch 394: test-all ROC 0.9164 PR 0.7462 | unseen ROC 0.5000 PR 0.0000 | valAUC 0.9172 | tau+ 0.500
[OUTPOST-v4] epoch 395: test-all ROC 0.9168 PR 0.7469 | unseen ROC 0.5000 PR 0.0000 | valAUC 0.9172 | tau+ 0.500
[OUTPOST-v4] epoch 396: test-all ROC 0.9171 PR 0.7477 | unseen ROC 0.5000 PR 0.0000 | valAUC 0.9164 | tau+ 0.500
[OUTPOST-v4] epoch 397: test-all ROC 0.9173 PR 0.7488 | unseen ROC 0.5000 PR 0.0000 | valAUC 0.9162 | tau+ 0.500
[OUTPOST-v4] epoch 398: test-all ROC 0.9173 PR 0.7501 | unseen ROC 0.5000 PR 0.0000 | valAUC 0.9144 | tau+ 0.500
[OUTPOST-v4] epoch 399: test-all ROC 0.9172 PR 0.7513 | unseen ROC 0.5000 PR 0.0000 | valAUC 0.9121 | tau+ 0.500
  rotation 1: ROC 0.9199 PR 0.7587
[tfinance] params 5953, peak GPU 0.20 GB, 7.3 min total

[tfinance] AGGREGATE  best-over-epochs: ROC 0.9199 PR 0.7587
[tfinance] AGGREGATE  val-selected:     ROC 0.9187 PR 0.7371
row appended to results/results.csv
