# gpu=4 cmd=/usr/bin/python3 -u main.py --dataset tfinance --seed 0 --method outpost --tag C_nopl_sim0.0 --set sim_topk_frac=0.0 use_pl=false --save-scores
/nas/home/jahin/.local/lib/python3.10/site-packages/requests/__init__.py:113: RequestsDependencyWarning: urllib3 (1.26.5) or chardet (7.2.0)/charset_normalizer (3.4.4) doesn't match a supported version!
  warnings.warn(
[tfinance] anomaly classes (rotations): [np.int64(1)]
Normal classes: [np.int64(0)] in tfinance
Building multi-layer GraphSage
[OUTPOST-v4] epoch 0: test-all ROC 0.2912 PR 0.0313 | unseen ROC 0.5000 PR 0.0000 | valAUC 0.2315 | tau+ 0.995
[OUTPOST-v4] epoch 1: test-all ROC 0.8055 PR 0.1615 | unseen ROC 0.5000 PR 0.0000 | valAUC 0.7816 | tau+ 0.500
[OUTPOST-v4] epoch 2: test-all ROC 0.8526 PR 0.5192 | unseen ROC 0.5000 PR 0.0000 | valAUC 0.8493 | tau+ 0.500
[OUTPOST-v4] epoch 3: test-all ROC 0.8410 PR 0.5126 | unseen ROC 0.5000 PR 0.0000 | valAUC 0.8073 | tau+ 0.500
[OUTPOST-v4] epoch 4: test-all ROC 0.8266 PR 0.5144 | unseen ROC 0.5000 PR 0.0000 | valAUC 0.8272 | tau+ 0.500
[OUTPOST-v4] epoch 5: test-all ROC 0.8138 PR 0.4950 | unseen ROC 0.5000 PR 0.0000 | valAUC 0.8024 | tau+ 0.500
[OUTPOST-v4] epoch 6: test-all ROC 0.8109 PR 0.4989 | unseen ROC 0.5000 PR 0.0000 | valAUC 0.8287 | tau+ 0.500
[OUTPOST-v4] epoch 7: test-all ROC 0.7944 PR 0.4817 | unseen ROC 0.5000 PR 0.0000 | valAUC 0.8030 | tau+ 0.500
[OUTPOST-v4] epoch 8: test-all ROC 0.7850 PR 0.4703 | unseen ROC 0.5000 PR 0.0000 | valAUC 0.8030 | tau+ 0.500
[OUTPOST-v4] epoch 9: test-all ROC 0.7872 PR 0.4761 | unseen ROC 0.5000 PR 0.0000 | valAUC 0.7924 | tau+ 0.500
[OUTPOST-v4] epoch 10: test-all ROC 0.7749 PR 0.4603 | unseen ROC 0.5000 PR 0.0000 | valAUC 0.7940 | tau+ 0.500
[OUTPOST-v4] epoch 11: test-all ROC 0.7713 PR 0.4533 | unseen ROC 0.5000 PR 0.0000 | valAUC 0.8228 | tau+ 0.500
[OUTPOST-v4] epoch 12: test-all ROC 0.7747 PR 0.4709 | unseen ROC 0.5000 PR 0.0000 | valAUC 0.7224 | tau+ 0.500
[OUTPOST-v4] epoch 13: test-all ROC 0.7803 PR 0.4698 | unseen ROC 0.5000 PR 0.0000 | valAUC 0.7722 | tau+ 0.500
[OUTPOST-v4] epoch 14: test-all ROC 0.7697 PR 0.4589 | unseen ROC 0.5000 PR 0.0000 | valAUC 0.7917 | tau+ 0.500
[OUTPOST-v4] epoch 15: test-all ROC 0.7715 PR 0.4619 | unseen ROC 0.5000 PR 0.0000 | valAUC 0.7744 | tau+ 0.500
[OUTPOST-v4] epoch 16: test-all ROC 0.7652 PR 0.4499 | unseen ROC 0.5000 PR 0.0000 | valAUC 0.7562 | tau+ 0.500
[OUTPOST-v4] epoch 17: test-all ROC 0.7728 PR 0.4696 | unseen ROC 0.5000 PR 0.0000 | valAUC 0.8114 | tau+ 0.500
[OUTPOST-v4] epoch 18: test-all ROC 0.7769 PR 0.4723 | unseen ROC 0.5000 PR 0.0000 | valAUC 0.7588 | tau+ 0.500
[OUTPOST-v4] epoch 19: test-all ROC 0.7842 PR 0.4703 | unseen ROC 0.5000 PR 0.0000 | valAUC 0.8085 | tau+ 0.500
[OUTPOST-v4] epoch 20: test-all ROC 0.7868 PR 0.4819 | unseen ROC 0.5000 PR 0.0000 | valAUC 0.7863 | tau+ 0.500
[OUTPOST-v4] epoch 21: test-all ROC 0.7882 PR 0.4813 | unseen ROC 0.5000 PR 0.0000 | valAUC 0.7891 | tau+ 0.500
[OUTPOST-v4] epoch 22: test-all ROC 0.7939 PR 0.4897 | unseen ROC 0.5000 PR 0.0000 | valAUC 0.8199 | tau+ 0.500
[OUTPOST-v4] epoch 23: test-all ROC 0.7974 PR 0.4953 | unseen ROC 0.5000 PR 0.0000 | valAUC 0.8172 | tau+ 0.500
[OUTPOST-v4] epoch 24: test-all ROC 0.7989 PR 0.4815 | unseen ROC 0.5000 PR 0.0000 | valAUC 0.8086 | tau+ 0.500
[OUTPOST-v4] epoch 25: test-all ROC 0.8007 PR 0.5010 | unseen ROC 0.5000 PR 0.0000 | valAUC 0.8020 | tau+ 0.500
[OUTPOST-v4] epoch 26: test-all ROC 0.8121 PR 0.5014 | unseen ROC 0.5000 PR 0.0000 | valAUC 0.8172 | tau+ 0.500
[OUTPOST-v4] epoch 27: test-all ROC 0.8153 PR 0.5024 | unseen ROC 0.5000 PR 0.0000 | valAUC 0.8266 | tau+ 0.500
[OUTPOST-v4] epoch 28: test-all ROC 0.8131 PR 0.5038 | unseen ROC 0.5000 PR 0.0000 | valAUC 0.8242 | tau+ 0.500
[OUTPOST-v4] epoch 29: test-all ROC 0.8211 PR 0.5118 | unseen ROC 0.5000 PR 0.0000 | valAUC 0.8527 | tau+ 0.500
[OUTPOST-v4] epoch 30: test-all ROC 0.8232 PR 0.5039 | unseen ROC 0.5000 PR 0.0000 | valAUC 0.8331 | tau+ 0.500
[OUTPOST-v4] epoch 31: test-all ROC 0.8260 PR 0.5023 | unseen ROC 0.5000 PR 0.0000 | valAUC 0.8287 | tau+ 0.500
[OUTPOST-v4] epoch 32: test-all ROC 0.8367 PR 0.5153 | unseen ROC 0.5000 PR 0.0000 | valAUC 0.8184 | tau+ 0.500
[OUTPOST-v4] epoch 33: test-all ROC 0.8388 PR 0.5211 | unseen ROC 0.5000 PR 0.0000 | valAUC 0.8202 | tau+ 0.500
[OUTPOST-v4] epoch 34: test-all ROC 0.8380 PR 0.5071 | unseen ROC 0.5000 PR 0.0000 | valAUC 0.8452 | tau+ 0.500
[OUTPOST-v4] epoch 35: test-all ROC 0.8495 PR 0.5230 | unseen ROC 0.5000 PR 0.0000 | valAUC 0.8297 | tau+ 0.500
[OUTPOST-v4] epoch 36: test-all ROC 0.8543 PR 0.5241 | unseen ROC 0.5000 PR 0.0000 | valAUC 0.8148 | tau+ 0.500
[OUTPOST-v4] epoch 37: test-all ROC 0.8491 PR 0.5229 | unseen ROC 0.5000 PR 0.0000 | valAUC 0.8315 | tau+ 0.500
[OUTPOST-v4] epoch 38: test-all ROC 0.8549 PR 0.5168 | unseen ROC 0.5000 PR 0.0000 | valAUC 0.8241 | tau+ 0.500
[OUTPOST-v4] epoch 39: test-all ROC 0.8506 PR 0.5260 | unseen ROC 0.5000 PR 0.0000 | valAUC 0.8328 | tau+ 0.500
[OUTPOST-v4] epoch 40: test-all ROC 0.8526 PR 0.5187 | unseen ROC 0.5000 PR 0.0000 | valAUC 0.8561 | tau+ 0.500
[OUTPOST-v4] epoch 41: test-all ROC 0.8465 PR 0.5125 | unseen ROC 0.5000 PR 0.0000 | valAUC 0.8070 | tau+ 0.500
[OUTPOST-v4] epoch 42: test-all ROC 0.8423 PR 0.4990 | unseen ROC 0.5000 PR 0.0000 | valAUC 0.7847 | tau+ 0.500
[OUTPOST-v4] epoch 43: test-all ROC 0.8311 PR 0.4415 | unseen ROC 0.5000 PR 0.0000 | valAUC 0.8189 | tau+ 0.500
[OUTPOST-v4] epoch 44: test-all ROC 0.8129 PR 0.2512 | unseen ROC 0.5000 PR 0.0000 | valAUC 0.7870 | tau+ 0.500
[OUTPOST-v4] epoch 45: test-all ROC 0.8133 PR 0.2301 | unseen ROC 0.5000 PR 0.0000 | valAUC 0.7661 | tau+ 0.500
[OUTPOST-v4] epoch 46: test-all ROC 0.8261 PR 0.3513 | unseen ROC 0.5000 PR 0.0000 | valAUC 0.8373 | tau+ 0.500
[OUTPOST-v4] epoch 47: test-all ROC 0.8468 PR 0.4877 | unseen ROC 0.5000 PR 0.0000 | valAUC 0.8108 | tau+ 0.500
[OUTPOST-v4] epoch 48: test-all ROC 0.8493 PR 0.5149 | unseen ROC 0.5000 PR 0.0000 | valAUC 0.8347 | tau+ 0.500
[OUTPOST-v4] epoch 49: test-all ROC 0.8557 PR 0.5389 | unseen ROC 0.5000 PR 0.0000 | valAUC 0.8053 | tau+ 0.500
[OUTPOST-v4] epoch 50: test-all ROC 0.8526 PR 0.5304 | unseen ROC 0.5000 PR 0.0000 | valAUC 0.8462 | tau+ 0.500
[OUTPOST-v4] epoch 51: test-all ROC 0.8489 PR 0.5188 | unseen ROC 0.5000 PR 0.0000 | valAUC 0.8368 | tau+ 0.500
[OUTPOST-v4] epoch 52: test-all ROC 0.8530 PR 0.5453 | unseen ROC 0.5000 PR 0.0000 | valAUC 0.8384 | tau+ 0.500
[OUTPOST-v4] epoch 53: test-all ROC 0.8509 PR 0.5398 | unseen ROC 0.5000 PR 0.0000 | valAUC 0.8581 | tau+ 0.500
[OUTPOST-v4] epoch 54: test-all ROC 0.8529 PR 0.5417 | unseen ROC 0.5000 PR 0.0000 | valAUC 0.8133 | tau+ 0.500
[OUTPOST-v4] epoch 55: test-all ROC 0.8550 PR 0.5271 | unseen ROC 0.5000 PR 0.0000 | valAUC 0.8592 | tau+ 0.500
[OUTPOST-v4] epoch 56: test-all ROC 0.8542 PR 0.5215 | unseen ROC 0.5000 PR 0.0000 | valAUC 0.8679 | tau+ 0.500
[OUTPOST-v4] epoch 57: test-all ROC 0.8451 PR 0.5156 | unseen ROC 0.5000 PR 0.0000 | valAUC 0.8188 | tau+ 0.500
[OUTPOST-v4] epoch 58: test-all ROC 0.8478 PR 0.5104 | unseen ROC 0.5000 PR 0.0000 | valAUC 0.8847 | tau+ 0.500
[OUTPOST-v4] epoch 59: test-all ROC 0.8402 PR 0.4480 | unseen ROC 0.5000 PR 0.0000 | valAUC 0.7959 | tau+ 0.500
[OUTPOST-v4] epoch 60: test-all ROC 0.8238 PR 0.3314 | unseen ROC 0.5000 PR 0.0000 | valAUC 0.8817 | tau+ 0.500
[OUTPOST-v4] epoch 61: test-all ROC 0.8273 PR 0.3131 | unseen ROC 0.5000 PR 0.0000 | valAUC 0.8262 | tau+ 0.500
[OUTPOST-v4] epoch 62: test-all ROC 0.8251 PR 0.3041 | unseen ROC 0.5000 PR 0.0000 | valAUC 0.8543 | tau+ 0.500
[OUTPOST-v4] epoch 63: test-all ROC 0.8384 PR 0.3771 | unseen ROC 0.5000 PR 0.0000 | valAUC 0.7708 | tau+ 0.500
[OUTPOST-v4] epoch 64: test-all ROC 0.8440 PR 0.4618 | unseen ROC 0.5000 PR 0.0000 | valAUC 0.7761 | tau+ 0.500
[OUTPOST-v4] epoch 65: test-all ROC 0.8486 PR 0.5039 | unseen ROC 0.5000 PR 0.0000 | valAUC 0.7775 | tau+ 0.500
[OUTPOST-v4] epoch 66: test-all ROC 0.8486 PR 0.5040 | unseen ROC 0.5000 PR 0.0000 | valAUC 0.7894 | tau+ 0.500
[OUTPOST-v4] epoch 67: test-all ROC 0.8538 PR 0.5158 | unseen ROC 0.5000 PR 0.0000 | valAUC 0.8496 | tau+ 0.500
[OUTPOST-v4] epoch 68: test-all ROC 0.8540 PR 0.5191 | unseen ROC 0.5000 PR 0.0000 | valAUC 0.8593 | tau+ 0.500
[OUTPOST-v4] epoch 69: test-all ROC 0.8391 PR 0.4578 | unseen ROC 0.5000 PR 0.0000 | valAUC 0.8261 | tau+ 0.500
[OUTPOST-v4] epoch 70: test-all ROC 0.8350 PR 0.3553 | unseen ROC 0.5000 PR 0.0000 | valAUC 0.8754 | tau+ 0.500
[OUTPOST-v4] epoch 71: test-all ROC 0.8240 PR 0.2731 | unseen ROC 0.5000 PR 0.0000 | valAUC 0.8564 | tau+ 0.500
[OUTPOST-v4] epoch 72: test-all ROC 0.8345 PR 0.2965 | unseen ROC 0.5000 PR 0.0000 | valAUC 0.7747 | tau+ 0.500
[OUTPOST-v4] epoch 73: test-all ROC 0.8404 PR 0.4124 | unseen ROC 0.5000 PR 0.0000 | valAUC 0.8628 | tau+ 0.500
[OUTPOST-v4] epoch 74: test-all ROC 0.8503 PR 0.4839 | unseen ROC 0.5000 PR 0.0000 | valAUC 0.8000 | tau+ 0.500
[OUTPOST-v4] epoch 75: test-all ROC 0.8534 PR 0.4854 | unseen ROC 0.5000 PR 0.0000 | valAUC 0.8052 | tau+ 0.500
[OUTPOST-v4] epoch 76: test-all ROC 0.8534 PR 0.4947 | unseen ROC 0.5000 PR 0.0000 | valAUC 0.8122 | tau+ 0.500
[OUTPOST-v4] epoch 77: test-all ROC 0.8500 PR 0.4674 | unseen ROC 0.5000 PR 0.0000 | valAUC 0.8225 | tau+ 0.500
[OUTPOST-v4] epoch 78: test-all ROC 0.8450 PR 0.4295 | unseen ROC 0.5000 PR 0.0000 | valAUC 0.8291 | tau+ 0.500
[OUTPOST-v4] epoch 79: test-all ROC 0.8446 PR 0.4040 | unseen ROC 0.5000 PR 0.0000 | valAUC 0.8192 | tau+ 0.500
[OUTPOST-v4] epoch 80: test-all ROC 0.8431 PR 0.4130 | unseen ROC 0.5000 PR 0.0000 | valAUC 0.8290 | tau+ 0.500
[OUTPOST-v4] epoch 81: test-all ROC 0.8411 PR 0.4143 | unseen ROC 0.5000 PR 0.0000 | valAUC 0.8774 | tau+ 0.500
[OUTPOST-v4] epoch 82: test-all ROC 0.8519 PR 0.4427 | unseen ROC 0.5000 PR 0.0000 | valAUC 0.8382 | tau+ 0.500
[OUTPOST-v4] epoch 83: test-all ROC 0.8541 PR 0.4493 | unseen ROC 0.5000 PR 0.0000 | valAUC 0.8345 | tau+ 0.500
[OUTPOST-v4] epoch 84: test-all ROC 0.8449 PR 0.4595 | unseen ROC 0.5000 PR 0.0000 | valAUC 0.8213 | tau+ 0.500
[OUTPOST-v4] epoch 85: test-all ROC 0.8395 PR 0.4754 | unseen ROC 0.5000 PR 0.0000 | valAUC 0.8945 | tau+ 0.500
[OUTPOST-v4] epoch 86: test-all ROC 0.8509 PR 0.4744 | unseen ROC 0.5000 PR 0.0000 | valAUC 0.8524 | tau+ 0.500
[OUTPOST-v4] epoch 87: test-all ROC 0.8454 PR 0.4657 | unseen ROC 0.5000 PR 0.0000 | valAUC 0.8266 | tau+ 0.500
[OUTPOST-v4] epoch 88: test-all ROC 0.8541 PR 0.4560 | unseen ROC 0.5000 PR 0.0000 | valAUC 0.8293 | tau+ 0.500
[OUTPOST-v4] epoch 89: test-all ROC 0.8464 PR 0.4058 | unseen ROC 0.5000 PR 0.0000 | valAUC 0.8525 | tau+ 0.500
[OUTPOST-v4] epoch 90: test-all ROC 0.8454 PR 0.4003 | unseen ROC 0.5000 PR 0.0000 | valAUC 0.8793 | tau+ 0.500
[OUTPOST-v4] epoch 91: test-all ROC 0.8516 PR 0.4284 | unseen ROC 0.5000 PR 0.0000 | valAUC 0.8562 | tau+ 0.500
[OUTPOST-v4] epoch 92: test-all ROC 0.8594 PR 0.4615 | unseen ROC 0.5000 PR 0.0000 | valAUC 0.8110 | tau+ 0.500
[OUTPOST-v4] epoch 93: test-all ROC 0.8560 PR 0.4611 | unseen ROC 0.5000 PR 0.0000 | valAUC 0.8822 | tau+ 0.500
[OUTPOST-v4] epoch 94: test-all ROC 0.8546 PR 0.4670 | unseen ROC 0.5000 PR 0.0000 | valAUC 0.8624 | tau+ 0.500
[OUTPOST-v4] epoch 95: test-all ROC 0.8628 PR 0.4813 | unseen ROC 0.5000 PR 0.0000 | valAUC 0.7995 | tau+ 0.500
[OUTPOST-v4] epoch 96: test-all ROC 0.8599 PR 0.4634 | unseen ROC 0.5000 PR 0.0000 | valAUC 0.8396 | tau+ 0.500
[OUTPOST-v4] epoch 97: test-all ROC 0.8528 PR 0.4465 | unseen ROC 0.5000 PR 0.0000 | valAUC 0.8411 | tau+ 0.500
[OUTPOST-v4] epoch 98: test-all ROC 0.8515 PR 0.4554 | unseen ROC 0.5000 PR 0.0000 | valAUC 0.8766 | tau+ 0.500
[OUTPOST-v4] epoch 99: test-all ROC 0.8588 PR 0.4779 | unseen ROC 0.5000 PR 0.0000 | valAUC 0.8627 | tau+ 0.500
[OUTPOST-v4] epoch 100: test-all ROC 0.8611 PR 0.4696 | unseen ROC 0.5000 PR 0.0000 | valAUC 0.8724 | tau+ 0.500
[OUTPOST-v4] epoch 101: test-all ROC 0.8618 PR 0.4905 | unseen ROC 0.5000 PR 0.0000 | valAUC 0.8604 | tau+ 0.500
[OUTPOST-v4] epoch 102: test-all ROC 0.8590 PR 0.4609 | unseen ROC 0.5000 PR 0.0000 | valAUC 0.8660 | tau+ 0.500
[OUTPOST-v4] epoch 103: test-all ROC 0.8576 PR 0.4444 | unseen ROC 0.5000 PR 0.0000 | valAUC 0.8548 | tau+ 0.500
[OUTPOST-v4] epoch 104: test-all ROC 0.8610 PR 0.4660 | unseen ROC 0.5000 PR 0.0000 | valAUC 0.8656 | tau+ 0.500
[OUTPOST-v4] epoch 105: test-all ROC 0.8548 PR 0.4419 | unseen ROC 0.5000 PR 0.0000 | valAUC 0.8674 | tau+ 0.500
[OUTPOST-v4] epoch 106: test-all ROC 0.8528 PR 0.4432 | unseen ROC 0.5000 PR 0.0000 | valAUC 0.8446 | tau+ 0.500
[OUTPOST-v4] epoch 107: test-all ROC 0.8560 PR 0.4740 | unseen ROC 0.5000 PR 0.0000 | valAUC 0.8255 | tau+ 0.500
[OUTPOST-v4] epoch 108: test-all ROC 0.8605 PR 0.4909 | unseen ROC 0.5000 PR 0.0000 | valAUC 0.8636 | tau+ 0.500
[OUTPOST-v4] epoch 109: test-all ROC 0.8643 PR 0.4897 | unseen ROC 0.5000 PR 0.0000 | valAUC 0.8669 | tau+ 0.500
[OUTPOST-v4] epoch 110: test-all ROC 0.8638 PR 0.4640 | unseen ROC 0.5000 PR 0.0000 | valAUC 0.8701 | tau+ 0.500
[OUTPOST-v4] epoch 111: test-all ROC 0.8598 PR 0.4365 | unseen ROC 0.5000 PR 0.0000 | valAUC 0.9077 | tau+ 0.500
[OUTPOST-v4] epoch 112: test-all ROC 0.8655 PR 0.4946 | unseen ROC 0.5000 PR 0.0000 | valAUC 0.8552 | tau+ 0.500
[OUTPOST-v4] epoch 113: test-all ROC 0.8678 PR 0.5198 | unseen ROC 0.5000 PR 0.0000 | valAUC 0.8376 | tau+ 0.500
[OUTPOST-v4] epoch 114: test-all ROC 0.8672 PR 0.5102 | unseen ROC 0.5000 PR 0.0000 | valAUC 0.8884 | tau+ 0.500
[OUTPOST-v4] epoch 115: test-all ROC 0.8692 PR 0.4804 | unseen ROC 0.5000 PR 0.0000 | valAUC 0.8388 | tau+ 0.500
[OUTPOST-v4] epoch 116: test-all ROC 0.8626 PR 0.4600 | unseen ROC 0.5000 PR 0.0000 | valAUC 0.8881 | tau+ 0.500
[OUTPOST-v4] epoch 117: test-all ROC 0.8674 PR 0.5139 | unseen ROC 0.5000 PR 0.0000 | valAUC 0.8876 | tau+ 0.500
[OUTPOST-v4] epoch 118: test-all ROC 0.8721 PR 0.5282 | unseen ROC 0.5000 PR 0.0000 | valAUC 0.8669 | tau+ 0.500
[OUTPOST-v4] epoch 119: test-all ROC 0.8699 PR 0.5235 | unseen ROC 0.5000 PR 0.0000 | valAUC 0.8764 | tau+ 0.500
[OUTPOST-v4] epoch 120: test-all ROC 0.8722 PR 0.5056 | unseen ROC 0.5000 PR 0.0000 | valAUC 0.8694 | tau+ 0.500
[OUTPOST-v4] epoch 121: test-all ROC 0.8711 PR 0.4770 | unseen ROC 0.5000 PR 0.0000 | valAUC 0.8539 | tau+ 0.500
[OUTPOST-v4] epoch 122: test-all ROC 0.8682 PR 0.5019 | unseen ROC 0.5000 PR 0.0000 | valAUC 0.8718 | tau+ 0.500
[OUTPOST-v4] epoch 123: test-all ROC 0.8723 PR 0.5200 | unseen ROC 0.5000 PR 0.0000 | valAUC 0.8467 | tau+ 0.500
[OUTPOST-v4] epoch 124: test-all ROC 0.8762 PR 0.5355 | unseen ROC 0.5000 PR 0.0000 | valAUC 0.8747 | tau+ 0.500
[OUTPOST-v4] epoch 125: test-all ROC 0.8711 PR 0.5208 | unseen ROC 0.5000 PR 0.0000 | valAUC 0.8868 | tau+ 0.500
[OUTPOST-v4] epoch 126: test-all ROC 0.8736 PR 0.5031 | unseen ROC 0.5000 PR 0.0000 | valAUC 0.8696 | tau+ 0.500
[OUTPOST-v4] epoch 127: test-all ROC 0.8695 PR 0.4667 | unseen ROC 0.5000 PR 0.0000 | valAUC 0.8621 | tau+ 0.500
[OUTPOST-v4] epoch 128: test-all ROC 0.8640 PR 0.4884 | unseen ROC 0.5000 PR 0.0000 | valAUC 0.8417 | tau+ 0.500
[OUTPOST-v4] epoch 129: test-all ROC 0.8672 PR 0.4983 | unseen ROC 0.5000 PR 0.0000 | valAUC 0.8268 | tau+ 0.500
[OUTPOST-v4] epoch 130: test-all ROC 0.8689 PR 0.5207 | unseen ROC 0.5000 PR 0.0000 | valAUC 0.9016 | tau+ 0.500
[OUTPOST-v4] epoch 131: test-all ROC 0.8715 PR 0.5134 | unseen ROC 0.5000 PR 0.0000 | valAUC 0.8740 | tau+ 0.500
[OUTPOST-v4] epoch 132: test-all ROC 0.8770 PR 0.4987 | unseen ROC 0.5000 PR 0.0000 | valAUC 0.8889 | tau+ 0.500
[OUTPOST-v4] epoch 133: test-all ROC 0.8718 PR 0.4816 | unseen ROC 0.5000 PR 0.0000 | valAUC 0.8446 | tau+ 0.500
[OUTPOST-v4] epoch 134: test-all ROC 0.8687 PR 0.4908 | unseen ROC 0.5000 PR 0.0000 | valAUC 0.8550 | tau+ 0.500
[OUTPOST-v4] epoch 135: test-all ROC 0.8675 PR 0.5046 | unseen ROC 0.5000 PR 0.0000 | valAUC 0.8597 | tau+ 0.500
[OUTPOST-v4] epoch 136: test-all ROC 0.8732 PR 0.5186 | unseen ROC 0.5000 PR 0.0000 | valAUC 0.8878 | tau+ 0.500
[OUTPOST-v4] epoch 137: test-all ROC 0.8734 PR 0.5171 | unseen ROC 0.5000 PR 0.0000 | valAUC 0.8344 | tau+ 0.500
[OUTPOST-v4] epoch 138: test-all ROC 0.8677 PR 0.4952 | unseen ROC 0.5000 PR 0.0000 | valAUC 0.8501 | tau+ 0.500
[OUTPOST-v4] epoch 139: test-all ROC 0.8715 PR 0.5061 | unseen ROC 0.5000 PR 0.0000 | valAUC 0.8635 | tau+ 0.500
[OUTPOST-v4] epoch 140: test-all ROC 0.8755 PR 0.5132 | unseen ROC 0.5000 PR 0.0000 | valAUC 0.8516 | tau+ 0.500
[OUTPOST-v4] epoch 141: test-all ROC 0.8714 PR 0.5387 | unseen ROC 0.5000 PR 0.0000 | valAUC 0.8803 | tau+ 0.500
[OUTPOST-v4] epoch 142: test-all ROC 0.8697 PR 0.5281 | unseen ROC 0.5000 PR 0.0000 | valAUC 0.8659 | tau+ 0.500
[OUTPOST-v4] epoch 143: test-all ROC 0.8691 PR 0.5081 | unseen ROC 0.5000 PR 0.0000 | valAUC 0.8588 | tau+ 0.500
[OUTPOST-v4] epoch 144: test-all ROC 0.8655 PR 0.4757 | unseen ROC 0.5000 PR 0.0000 | valAUC 0.8486 | tau+ 0.500
[OUTPOST-v4] epoch 145: test-all ROC 0.8620 PR 0.4862 | unseen ROC 0.5000 PR 0.0000 | valAUC 0.8609 | tau+ 0.500
[OUTPOST-v4] epoch 146: test-all ROC 0.8750 PR 0.5332 | unseen ROC 0.5000 PR 0.0000 | valAUC 0.9042 | tau+ 0.500
[OUTPOST-v4] epoch 147: test-all ROC 0.8755 PR 0.5392 | unseen ROC 0.5000 PR 0.0000 | valAUC 0.8836 | tau+ 0.500
[OUTPOST-v4] epoch 148: test-all ROC 0.8728 PR 0.5336 | unseen ROC 0.5000 PR 0.0000 | valAUC 0.8602 | tau+ 0.500
[OUTPOST-v4] epoch 149: test-all ROC 0.8768 PR 0.5413 | unseen ROC 0.5000 PR 0.0000 | valAUC 0.8410 | tau+ 0.500
[OUTPOST-v4] epoch 150: test-all ROC 0.8755 PR 0.5123 | unseen ROC 0.5000 PR 0.0000 | valAUC 0.8562 | tau+ 0.500
[OUTPOST-v4] epoch 151: test-all ROC 0.8781 PR 0.4907 | unseen ROC 0.5000 PR 0.0000 | valAUC 0.8714 | tau+ 0.500
[OUTPOST-v4] epoch 152: test-all ROC 0.8717 PR 0.5309 | unseen ROC 0.5000 PR 0.0000 | valAUC 0.8621 | tau+ 0.500
[OUTPOST-v4] epoch 153: test-all ROC 0.8757 PR 0.5520 | unseen ROC 0.5000 PR 0.0000 | valAUC 0.8825 | tau+ 0.500
[OUTPOST-v4] epoch 154: test-all ROC 0.8783 PR 0.5516 | unseen ROC 0.5000 PR 0.0000 | valAUC 0.8156 | tau+ 0.500
[OUTPOST-v4] epoch 155: test-all ROC 0.8720 PR 0.5170 | unseen ROC 0.5000 PR 0.0000 | valAUC 0.8684 | tau+ 0.500
[OUTPOST-v4] epoch 156: test-all ROC 0.8716 PR 0.4994 | unseen ROC 0.5000 PR 0.0000 | valAUC 0.8820 | tau+ 0.500
[OUTPOST-v4] epoch 157: test-all ROC 0.8746 PR 0.5198 | unseen ROC 0.5000 PR 0.0000 | valAUC 0.8148 | tau+ 0.500
[OUTPOST-v4] epoch 158: test-all ROC 0.8718 PR 0.5348 | unseen ROC 0.5000 PR 0.0000 | valAUC 0.8675 | tau+ 0.500
[OUTPOST-v4] epoch 159: test-all ROC 0.8713 PR 0.5470 | unseen ROC 0.5000 PR 0.0000 | valAUC 0.8657 | tau+ 0.500
[OUTPOST-v4] epoch 160: test-all ROC 0.8702 PR 0.5479 | unseen ROC 0.5000 PR 0.0000 | valAUC 0.8615 | tau+ 0.500
[OUTPOST-v4] epoch 161: test-all ROC 0.8729 PR 0.5125 | unseen ROC 0.5000 PR 0.0000 | valAUC 0.8704 | tau+ 0.500
[OUTPOST-v4] epoch 162: test-all ROC 0.8736 PR 0.5332 | unseen ROC 0.5000 PR 0.0000 | valAUC 0.8534 | tau+ 0.500
[OUTPOST-v4] epoch 163: test-all ROC 0.8747 PR 0.5409 | unseen ROC 0.5000 PR 0.0000 | valAUC 0.8344 | tau+ 0.500
[OUTPOST-v4] epoch 164: test-all ROC 0.8729 PR 0.5498 | unseen ROC 0.5000 PR 0.0000 | valAUC 0.8664 | tau+ 0.500
[OUTPOST-v4] epoch 165: test-all ROC 0.8767 PR 0.5594 | unseen ROC 0.5000 PR 0.0000 | valAUC 0.8540 | tau+ 0.500
[OUTPOST-v4] epoch 166: test-all ROC 0.8749 PR 0.5315 | unseen ROC 0.5000 PR 0.0000 | valAUC 0.8748 | tau+ 0.500
[OUTPOST-v4] epoch 167: test-all ROC 0.8683 PR 0.5111 | unseen ROC 0.5000 PR 0.0000 | valAUC 0.8853 | tau+ 0.500
[OUTPOST-v4] epoch 168: test-all ROC 0.8693 PR 0.5055 | unseen ROC 0.5000 PR 0.0000 | valAUC 0.8729 | tau+ 0.500
[OUTPOST-v4] epoch 169: test-all ROC 0.8737 PR 0.5430 | unseen ROC 0.5000 PR 0.0000 | valAUC 0.8875 | tau+ 0.500
[OUTPOST-v4] epoch 170: test-all ROC 0.8743 PR 0.5459 | unseen ROC 0.5000 PR 0.0000 | valAUC 0.8429 | tau+ 0.500
[OUTPOST-v4] epoch 171: test-all ROC 0.8693 PR 0.5428 | unseen ROC 0.5000 PR 0.0000 | valAUC 0.8858 | tau+ 0.500
[OUTPOST-v4] epoch 172: test-all ROC 0.8719 PR 0.5387 | unseen ROC 0.5000 PR 0.0000 | valAUC 0.8682 | tau+ 0.500
[OUTPOST-v4] epoch 173: test-all ROC 0.8784 PR 0.5283 | unseen ROC 0.5000 PR 0.0000 | valAUC 0.8620 | tau+ 0.500
[OUTPOST-v4] epoch 174: test-all ROC 0.8721 PR 0.5104 | unseen ROC 0.5000 PR 0.0000 | valAUC 0.8727 | tau+ 0.500
[OUTPOST-v4] epoch 175: test-all ROC 0.8769 PR 0.5480 | unseen ROC 0.5000 PR 0.0000 | valAUC 0.8424 | tau+ 0.500
[OUTPOST-v4] epoch 176: test-all ROC 0.8782 PR 0.5423 | unseen ROC 0.5000 PR 0.0000 | valAUC 0.8932 | tau+ 0.500
[OUTPOST-v4] epoch 177: test-all ROC 0.8759 PR 0.5540 | unseen ROC 0.5000 PR 0.0000 | valAUC 0.8709 | tau+ 0.500
[OUTPOST-v4] epoch 178: test-all ROC 0.8806 PR 0.5358 | unseen ROC 0.5000 PR 0.0000 | valAUC 0.8587 | tau+ 0.500
[OUTPOST-v4] epoch 179: test-all ROC 0.8735 PR 0.5020 | unseen ROC 0.5000 PR 0.0000 | valAUC 0.8524 | tau+ 0.500
[OUTPOST-v4] epoch 180: test-all ROC 0.8729 PR 0.5097 | unseen ROC 0.5000 PR 0.0000 | valAUC 0.8748 | tau+ 0.500
[OUTPOST-v4] epoch 181: test-all ROC 0.8749 PR 0.5289 | unseen ROC 0.5000 PR 0.0000 | valAUC 0.8553 | tau+ 0.500
[OUTPOST-v4] epoch 182: test-all ROC 0.8776 PR 0.5410 | unseen ROC 0.5000 PR 0.0000 | valAUC 0.8976 | tau+ 0.500
[OUTPOST-v4] epoch 183: test-all ROC 0.8748 PR 0.5458 | unseen ROC 0.5000 PR 0.0000 | valAUC 0.8808 | tau+ 0.500
[OUTPOST-v4] epoch 184: test-all ROC 0.8723 PR 0.5385 | unseen ROC 0.5000 PR 0.0000 | valAUC 0.8569 | tau+ 0.500
[OUTPOST-v4] epoch 185: test-all ROC 0.8751 PR 0.4962 | unseen ROC 0.5000 PR 0.0000 | valAUC 0.8193 | tau+ 0.500
[OUTPOST-v4] epoch 186: test-all ROC 0.8774 PR 0.5374 | unseen ROC 0.5000 PR 0.0000 | valAUC 0.8942 | tau+ 0.500
[OUTPOST-v4] epoch 187: test-all ROC 0.8799 PR 0.5478 | unseen ROC 0.5000 PR 0.0000 | valAUC 0.8628 | tau+ 0.500
[OUTPOST-v4] epoch 188: test-all ROC 0.8768 PR 0.5537 | unseen ROC 0.5000 PR 0.0000 | valAUC 0.8825 | tau+ 0.500
[OUTPOST-v4] epoch 189: test-all ROC 0.8791 PR 0.5402 | unseen ROC 0.5000 PR 0.0000 | valAUC 0.9004 | tau+ 0.500
[OUTPOST-v4] epoch 190: test-all ROC 0.8727 PR 0.5203 | unseen ROC 0.5000 PR 0.0000 | valAUC 0.8773 | tau+ 0.500
[OUTPOST-v4] epoch 191: test-all ROC 0.8758 PR 0.5277 | unseen ROC 0.5000 PR 0.0000 | valAUC 0.8589 | tau+ 0.500
[OUTPOST-v4] epoch 192: test-all ROC 0.8788 PR 0.5509 | unseen ROC 0.5000 PR 0.0000 | valAUC 0.8504 | tau+ 0.500
[OUTPOST-v4] epoch 193: test-all ROC 0.8785 PR 0.5418 | unseen ROC 0.5000 PR 0.0000 | valAUC 0.8682 | tau+ 0.500
[OUTPOST-v4] epoch 194: test-all ROC 0.8783 PR 0.5480 | unseen ROC 0.5000 PR 0.0000 | valAUC 0.8433 | tau+ 0.500
[OUTPOST-v4] epoch 195: test-all ROC 0.8802 PR 0.5361 | unseen ROC 0.5000 PR 0.0000 | valAUC 0.8427 | tau+ 0.500
[OUTPOST-v4] epoch 196: test-all ROC 0.8786 PR 0.5307 | unseen ROC 0.5000 PR 0.0000 | valAUC 0.8345 | tau+ 0.500
[OUTPOST-v4] epoch 197: test-all ROC 0.8758 PR 0.5293 | unseen ROC 0.5000 PR 0.0000 | valAUC 0.8988 | tau+ 0.500
[OUTPOST-v4] epoch 198: test-all ROC 0.8782 PR 0.5538 | unseen ROC 0.5000 PR 0.0000 | valAUC 0.8424 | tau+ 0.500
[OUTPOST-v4] epoch 199: test-all ROC 0.8724 PR 0.5352 | unseen ROC 0.5000 PR 0.0000 | valAUC 0.8442 | tau+ 0.500
[OUTPOST-v4] epoch 200: test-all ROC 0.8745 PR 0.5361 | unseen ROC 0.5000 PR 0.0000 | valAUC 0.8851 | tau+ 0.500
[OUTPOST-v4] epoch 201: test-all ROC 0.8780 PR 0.5483 | unseen ROC 0.5000 PR 0.0000 | valAUC 0.8527 | tau+ 0.500
[OUTPOST-v4] epoch 202: test-all ROC 0.8791 PR 0.5486 | unseen ROC 0.5000 PR 0.0000 | valAUC 0.9164 | tau+ 0.500
[OUTPOST-v4] epoch 203: test-all ROC 0.8807 PR 0.5513 | unseen ROC 0.5000 PR 0.0000 | valAUC 0.8728 | tau+ 0.500
[OUTPOST-v4] epoch 204: test-all ROC 0.8801 PR 0.5603 | unseen ROC 0.5000 PR 0.0000 | valAUC 0.8917 | tau+ 0.500
[OUTPOST-v4] epoch 205: test-all ROC 0.8777 PR 0.5408 | unseen ROC 0.5000 PR 0.0000 | valAUC 0.8620 | tau+ 0.500
[OUTPOST-v4] epoch 206: test-all ROC 0.8833 PR 0.5558 | unseen ROC 0.5000 PR 0.0000 | valAUC 0.8642 | tau+ 0.500
[OUTPOST-v4] epoch 207: test-all ROC 0.8805 PR 0.5725 | unseen ROC 0.5000 PR 0.0000 | valAUC 0.8711 | tau+ 0.500
[OUTPOST-v4] epoch 208: test-all ROC 0.8832 PR 0.5733 | unseen ROC 0.5000 PR 0.0000 | valAUC 0.8651 | tau+ 0.500
[OUTPOST-v4] epoch 209: test-all ROC 0.8797 PR 0.5697 | unseen ROC 0.5000 PR 0.0000 | valAUC 0.8903 | tau+ 0.500
[OUTPOST-v4] epoch 210: test-all ROC 0.8822 PR 0.5719 | unseen ROC 0.5000 PR 0.0000 | valAUC 0.8766 | tau+ 0.500
[OUTPOST-v4] epoch 211: test-all ROC 0.8819 PR 0.5634 | unseen ROC 0.5000 PR 0.0000 | valAUC 0.8338 | tau+ 0.500
[OUTPOST-v4] epoch 212: test-all ROC 0.8770 PR 0.5447 | unseen ROC 0.5000 PR 0.0000 | valAUC 0.8696 | tau+ 0.500
[OUTPOST-v4] epoch 213: test-all ROC 0.8797 PR 0.5498 | unseen ROC 0.5000 PR 0.0000 | valAUC 0.8575 | tau+ 0.500
[OUTPOST-v4] epoch 214: test-all ROC 0.8841 PR 0.5795 | unseen ROC 0.5000 PR 0.0000 | valAUC 0.8593 | tau+ 0.500
[OUTPOST-v4] epoch 215: test-all ROC 0.8795 PR 0.5746 | unseen ROC 0.5000 PR 0.0000 | valAUC 0.8733 | tau+ 0.500
[OUTPOST-v4] epoch 216: test-all ROC 0.8812 PR 0.5706 | unseen ROC 0.5000 PR 0.0000 | valAUC 0.8964 | tau+ 0.500
[OUTPOST-v4] epoch 217: test-all ROC 0.8784 PR 0.5832 | unseen ROC 0.5000 PR 0.0000 | valAUC 0.8482 | tau+ 0.500
[OUTPOST-v4] epoch 218: test-all ROC 0.8835 PR 0.5729 | unseen ROC 0.5000 PR 0.0000 | valAUC 0.8565 | tau+ 0.500
[OUTPOST-v4] epoch 219: test-all ROC 0.8851 PR 0.5746 | unseen ROC 0.5000 PR 0.0000 | valAUC 0.9140 | tau+ 0.500
[OUTPOST-v4] epoch 220: test-all ROC 0.8824 PR 0.5764 | unseen ROC 0.5000 PR 0.0000 | valAUC 0.8332 | tau+ 0.500
[OUTPOST-v4] epoch 221: test-all ROC 0.8815 PR 0.5783 | unseen ROC 0.5000 PR 0.0000 | valAUC 0.8651 | tau+ 0.500
[OUTPOST-v4] epoch 222: test-all ROC 0.8799 PR 0.5733 | unseen ROC 0.5000 PR 0.0000 | valAUC 0.8312 | tau+ 0.500
[OUTPOST-v4] epoch 223: test-all ROC 0.8812 PR 0.5834 | unseen ROC 0.5000 PR 0.0000 | valAUC 0.8466 | tau+ 0.500
[OUTPOST-v4] epoch 224: test-all ROC 0.8818 PR 0.5699 | unseen ROC 0.5000 PR 0.0000 | valAUC 0.8920 | tau+ 0.500
[OUTPOST-v4] epoch 225: test-all ROC 0.8807 PR 0.5748 | unseen ROC 0.5000 PR 0.0000 | valAUC 0.8820 | tau+ 0.500
[OUTPOST-v4] epoch 226: test-all ROC 0.8782 PR 0.5733 | unseen ROC 0.5000 PR 0.0000 | valAUC 0.8610 | tau+ 0.500
[OUTPOST-v4] epoch 227: test-all ROC 0.8851 PR 0.5695 | unseen ROC 0.5000 PR 0.0000 | valAUC 0.8818 | tau+ 0.500
[OUTPOST-v4] epoch 228: test-all ROC 0.8839 PR 0.5653 | unseen ROC 0.5000 PR 0.0000 | valAUC 0.8413 | tau+ 0.500
[OUTPOST-v4] epoch 229: test-all ROC 0.8795 PR 0.5756 | unseen ROC 0.5000 PR 0.0000 | valAUC 0.8889 | tau+ 0.500
[OUTPOST-v4] epoch 230: test-all ROC 0.8785 PR 0.5675 | unseen ROC 0.5000 PR 0.0000 | valAUC 0.8404 | tau+ 0.500
[OUTPOST-v4] epoch 231: test-all ROC 0.8829 PR 0.5747 | unseen ROC 0.5000 PR 0.0000 | valAUC 0.8635 | tau+ 0.500
[OUTPOST-v4] epoch 232: test-all ROC 0.8820 PR 0.5673 | unseen ROC 0.5000 PR 0.0000 | valAUC 0.8884 | tau+ 0.500
[OUTPOST-v4] epoch 233: test-all ROC 0.8825 PR 0.5897 | unseen ROC 0.5000 PR 0.0000 | valAUC 0.8892 | tau+ 0.500
[OUTPOST-v4] epoch 234: test-all ROC 0.8819 PR 0.5937 | unseen ROC 0.5000 PR 0.0000 | valAUC 0.8569 | tau+ 0.500
[OUTPOST-v4] epoch 235: test-all ROC 0.8856 PR 0.5865 | unseen ROC 0.5000 PR 0.0000 | valAUC 0.8797 | tau+ 0.500
[OUTPOST-v4] epoch 236: test-all ROC 0.8869 PR 0.6004 | unseen ROC 0.5000 PR 0.0000 | valAUC 0.8504 | tau+ 0.500
[OUTPOST-v4] epoch 237: test-all ROC 0.8887 PR 0.5923 | unseen ROC 0.5000 PR 0.0000 | valAUC 0.8921 | tau+ 0.500
[OUTPOST-v4] epoch 238: test-all ROC 0.8859 PR 0.5762 | unseen ROC 0.5000 PR 0.0000 | valAUC 0.8993 | tau+ 0.500
[OUTPOST-v4] epoch 239: test-all ROC 0.8839 PR 0.5787 | unseen ROC 0.5000 PR 0.0000 | valAUC 0.8585 | tau+ 0.500
[OUTPOST-v4] epoch 240: test-all ROC 0.8836 PR 0.6026 | unseen ROC 0.5000 PR 0.0000 | valAUC 0.8822 | tau+ 0.500
[OUTPOST-v4] epoch 241: test-all ROC 0.8786 PR 0.5791 | unseen ROC 0.5000 PR 0.0000 | valAUC 0.8782 | tau+ 0.500
[OUTPOST-v4] epoch 242: test-all ROC 0.8887 PR 0.5977 | unseen ROC 0.5000 PR 0.0000 | valAUC 0.8305 | tau+ 0.500
[OUTPOST-v4] epoch 243: test-all ROC 0.8878 PR 0.5885 | unseen ROC 0.5000 PR 0.0000 | valAUC 0.8878 | tau+ 0.500
[OUTPOST-v4] epoch 244: test-all ROC 0.8851 PR 0.5866 | unseen ROC 0.5000 PR 0.0000 | valAUC 0.8528 | tau+ 0.500
[OUTPOST-v4] epoch 245: test-all ROC 0.8898 PR 0.6049 | unseen ROC 0.5000 PR 0.0000 | valAUC 0.8558 | tau+ 0.500
[OUTPOST-v4] epoch 246: test-all ROC 0.8880 PR 0.6129 | unseen ROC 0.5000 PR 0.0000 | valAUC 0.8836 | tau+ 0.500
[OUTPOST-v4] epoch 247: test-all ROC 0.8896 PR 0.6085 | unseen ROC 0.5000 PR 0.0000 | valAUC 0.8789 | tau+ 0.500
[OUTPOST-v4] epoch 248: test-all ROC 0.8880 PR 0.6005 | unseen ROC 0.5000 PR 0.0000 | valAUC 0.8691 | tau+ 0.500
[OUTPOST-v4] epoch 249: test-all ROC 0.8884 PR 0.6143 | unseen ROC 0.5000 PR 0.0000 | valAUC 0.8679 | tau+ 0.500
[OUTPOST-v4] epoch 250: test-all ROC 0.8828 PR 0.5960 | unseen ROC 0.5000 PR 0.0000 | valAUC 0.8776 | tau+ 0.500
[OUTPOST-v4] epoch 251: test-all ROC 0.8860 PR 0.6017 | unseen ROC 0.5000 PR 0.0000 | valAUC 0.8798 | tau+ 0.500
[OUTPOST-v4] epoch 252: test-all ROC 0.8887 PR 0.6271 | unseen ROC 0.5000 PR 0.0000 | valAUC 0.8775 | tau+ 0.500
[OUTPOST-v4] epoch 253: test-all ROC 0.8890 PR 0.6258 | unseen ROC 0.5000 PR 0.0000 | valAUC 0.8286 | tau+ 0.500
[OUTPOST-v4] epoch 254: test-all ROC 0.8825 PR 0.5985 | unseen ROC 0.5000 PR 0.0000 | valAUC 0.8748 | tau+ 0.500
[OUTPOST-v4] epoch 255: test-all ROC 0.8910 PR 0.6155 | unseen ROC 0.5000 PR 0.0000 | valAUC 0.8380 | tau+ 0.500
[OUTPOST-v4] epoch 256: test-all ROC 0.8855 PR 0.6174 | unseen ROC 0.5000 PR 0.0000 | valAUC 0.8208 | tau+ 0.500
[OUTPOST-v4] epoch 257: test-all ROC 0.8860 PR 0.6111 | unseen ROC 0.5000 PR 0.0000 | valAUC 0.8913 | tau+ 0.500
[OUTPOST-v4] epoch 258: test-all ROC 0.8854 PR 0.6042 | unseen ROC 0.5000 PR 0.0000 | valAUC 0.8723 | tau+ 0.500
[OUTPOST-v4] epoch 259: test-all ROC 0.8898 PR 0.6123 | unseen ROC 0.5000 PR 0.0000 | valAUC 0.8543 | tau+ 0.500
[OUTPOST-v4] epoch 260: test-all ROC 0.8867 PR 0.6049 | unseen ROC 0.5000 PR 0.0000 | valAUC 0.8761 | tau+ 0.500
[OUTPOST-v4] epoch 261: test-all ROC 0.8874 PR 0.6113 | unseen ROC 0.5000 PR 0.0000 | valAUC 0.8732 | tau+ 0.500
[OUTPOST-v4] epoch 262: test-all ROC 0.8884 PR 0.6255 | unseen ROC 0.5000 PR 0.0000 | valAUC 0.8623 | tau+ 0.500
[OUTPOST-v4] epoch 263: test-all ROC 0.8885 PR 0.6072 | unseen ROC 0.5000 PR 0.0000 | valAUC 0.8644 | tau+ 0.500
[OUTPOST-v4] epoch 264: test-all ROC 0.8873 PR 0.5925 | unseen ROC 0.5000 PR 0.0000 | valAUC 0.8570 | tau+ 0.500
[OUTPOST-v4] epoch 265: test-all ROC 0.8857 PR 0.5956 | unseen ROC 0.5000 PR 0.0000 | valAUC 0.9161 | tau+ 0.500
[OUTPOST-v4] epoch 266: test-all ROC 0.8827 PR 0.5895 | unseen ROC 0.5000 PR 0.0000 | valAUC 0.8212 | tau+ 0.500
[OUTPOST-v4] epoch 267: test-all ROC 0.8876 PR 0.5992 | unseen ROC 0.5000 PR 0.0000 | valAUC 0.8814 | tau+ 0.500
[OUTPOST-v4] epoch 268: test-all ROC 0.8919 PR 0.6158 | unseen ROC 0.5000 PR 0.0000 | valAUC 0.9061 | tau+ 0.500
[OUTPOST-v4] epoch 269: test-all ROC 0.8816 PR 0.5863 | unseen ROC 0.5000 PR 0.0000 | valAUC 0.9029 | tau+ 0.500
[OUTPOST-v4] epoch 270: test-all ROC 0.8849 PR 0.5932 | unseen ROC 0.5000 PR 0.0000 | valAUC 0.8821 | tau+ 0.500
[OUTPOST-v4] epoch 271: test-all ROC 0.8817 PR 0.5837 | unseen ROC 0.5000 PR 0.0000 | valAUC 0.8857 | tau+ 0.500
[OUTPOST-v4] epoch 272: test-all ROC 0.8856 PR 0.5997 | unseen ROC 0.5000 PR 0.0000 | valAUC 0.8686 | tau+ 0.500
[OUTPOST-v4] epoch 273: test-all ROC 0.8889 PR 0.6110 | unseen ROC 0.5000 PR 0.0000 | valAUC 0.8743 | tau+ 0.500
[OUTPOST-v4] epoch 274: test-all ROC 0.8883 PR 0.6045 | unseen ROC 0.5000 PR 0.0000 | valAUC 0.8411 | tau+ 0.500
[OUTPOST-v4] epoch 275: test-all ROC 0.8872 PR 0.6093 | unseen ROC 0.5000 PR 0.0000 | valAUC 0.8628 | tau+ 0.500
[OUTPOST-v4] epoch 276: test-all ROC 0.8877 PR 0.6106 | unseen ROC 0.5000 PR 0.0000 | valAUC 0.8907 | tau+ 0.500
[OUTPOST-v4] epoch 277: test-all ROC 0.8914 PR 0.6139 | unseen ROC 0.5000 PR 0.0000 | valAUC 0.8827 | tau+ 0.500
[OUTPOST-v4] epoch 278: test-all ROC 0.8886 PR 0.6091 | unseen ROC 0.5000 PR 0.0000 | valAUC 0.8875 | tau+ 0.500
[OUTPOST-v4] epoch 279: test-all ROC 0.8926 PR 0.6050 | unseen ROC 0.5000 PR 0.0000 | valAUC 0.8461 | tau+ 0.500
[OUTPOST-v4] epoch 280: test-all ROC 0.8907 PR 0.5990 | unseen ROC 0.5000 PR 0.0000 | valAUC 0.8544 | tau+ 0.500
[OUTPOST-v4] epoch 281: test-all ROC 0.8902 PR 0.6266 | unseen ROC 0.5000 PR 0.0000 | valAUC 0.8860 | tau+ 0.500
[OUTPOST-v4] epoch 282: test-all ROC 0.8907 PR 0.6098 | unseen ROC 0.5000 PR 0.0000 | valAUC 0.8447 | tau+ 0.500
[OUTPOST-v4] epoch 283: test-all ROC 0.8936 PR 0.6245 | unseen ROC 0.5000 PR 0.0000 | valAUC 0.8588 | tau+ 0.500
[OUTPOST-v4] epoch 284: test-all ROC 0.8927 PR 0.6282 | unseen ROC 0.5000 PR 0.0000 | valAUC 0.8850 | tau+ 0.500
[OUTPOST-v4] epoch 285: test-all ROC 0.8953 PR 0.6303 | unseen ROC 0.5000 PR 0.0000 | valAUC 0.8926 | tau+ 0.500
[OUTPOST-v4] epoch 286: test-all ROC 0.8894 PR 0.6185 | unseen ROC 0.5000 PR 0.0000 | valAUC 0.8762 | tau+ 0.500
[OUTPOST-v4] epoch 287: test-all ROC 0.8903 PR 0.6147 | unseen ROC 0.5000 PR 0.0000 | valAUC 0.8816 | tau+ 0.500
[OUTPOST-v4] epoch 288: test-all ROC 0.8925 PR 0.6253 | unseen ROC 0.5000 PR 0.0000 | valAUC 0.8684 | tau+ 0.500
[OUTPOST-v4] epoch 289: test-all ROC 0.8899 PR 0.5965 | unseen ROC 0.5000 PR 0.0000 | valAUC 0.8676 | tau+ 0.500
[OUTPOST-v4] epoch 290: test-all ROC 0.8904 PR 0.6208 | unseen ROC 0.5000 PR 0.0000 | valAUC 0.8614 | tau+ 0.500
[OUTPOST-v4] epoch 291: test-all ROC 0.8853 PR 0.6090 | unseen ROC 0.5000 PR 0.0000 | valAUC 0.8580 | tau+ 0.500
[OUTPOST-v4] epoch 292: test-all ROC 0.8870 PR 0.6194 | unseen ROC 0.5000 PR 0.0000 | valAUC 0.8682 | tau+ 0.500
[OUTPOST-v4] epoch 293: test-all ROC 0.8877 PR 0.6236 | unseen ROC 0.5000 PR 0.0000 | valAUC 0.8844 | tau+ 0.500
[OUTPOST-v4] epoch 294: test-all ROC 0.8917 PR 0.6103 | unseen ROC 0.5000 PR 0.0000 | valAUC 0.8781 | tau+ 0.500
[OUTPOST-v4] epoch 295: test-all ROC 0.8904 PR 0.6164 | unseen ROC 0.5000 PR 0.0000 | valAUC 0.8921 | tau+ 0.500
[OUTPOST-v4] epoch 296: test-all ROC 0.8844 PR 0.6162 | unseen ROC 0.5000 PR 0.0000 | valAUC 0.8718 | tau+ 0.500
[OUTPOST-v4] epoch 297: test-all ROC 0.8836 PR 0.6195 | unseen ROC 0.5000 PR 0.0000 | valAUC 0.8461 | tau+ 0.500
[OUTPOST-v4] epoch 298: test-all ROC 0.8906 PR 0.6223 | unseen ROC 0.5000 PR 0.0000 | valAUC 0.8612 | tau+ 0.500
[OUTPOST-v4] epoch 299: test-all ROC 0.8923 PR 0.6185 | unseen ROC 0.5000 PR 0.0000 | valAUC 0.8782 | tau+ 0.500
[OUTPOST-v4] epoch 300: test-all ROC 0.8933 PR 0.6297 | unseen ROC 0.5000 PR 0.0000 | valAUC 0.8822 | tau+ 0.500
[OUTPOST-v4] epoch 301: test-all ROC 0.8898 PR 0.6235 | unseen ROC 0.5000 PR 0.0000 | valAUC 0.8826 | tau+ 0.500
[OUTPOST-v4] epoch 302: test-all ROC 0.8877 PR 0.6038 | unseen ROC 0.5000 PR 0.0000 | valAUC 0.8604 | tau+ 0.500
[OUTPOST-v4] epoch 303: test-all ROC 0.8933 PR 0.6358 | unseen ROC 0.5000 PR 0.0000 | valAUC 0.9148 | tau+ 0.500
[OUTPOST-v4] epoch 304: test-all ROC 0.8943 PR 0.6253 | unseen ROC 0.5000 PR 0.0000 | valAUC 0.8815 | tau+ 0.500
[OUTPOST-v4] epoch 305: test-all ROC 0.8899 PR 0.6354 | unseen ROC 0.5000 PR 0.0000 | valAUC 0.8697 | tau+ 0.500
[OUTPOST-v4] epoch 306: test-all ROC 0.8909 PR 0.6151 | unseen ROC 0.5000 PR 0.0000 | valAUC 0.8654 | tau+ 0.500
[OUTPOST-v4] epoch 307: test-all ROC 0.8920 PR 0.6373 | unseen ROC 0.5000 PR 0.0000 | valAUC 0.8754 | tau+ 0.500
[OUTPOST-v4] epoch 308: test-all ROC 0.8919 PR 0.6302 | unseen ROC 0.5000 PR 0.0000 | valAUC 0.8856 | tau+ 0.500
[OUTPOST-v4] epoch 309: test-all ROC 0.8950 PR 0.6409 | unseen ROC 0.5000 PR 0.0000 | valAUC 0.8586 | tau+ 0.500
[OUTPOST-v4] epoch 310: test-all ROC 0.8925 PR 0.6306 | unseen ROC 0.5000 PR 0.0000 | valAUC 0.8804 | tau+ 0.500
[OUTPOST-v4] epoch 311: test-all ROC 0.8954 PR 0.6390 | unseen ROC 0.5000 PR 0.0000 | valAUC 0.8738 | tau+ 0.500
[OUTPOST-v4] epoch 312: test-all ROC 0.8961 PR 0.6342 | unseen ROC 0.5000 PR 0.0000 | valAUC 0.8826 | tau+ 0.500
[OUTPOST-v4] epoch 313: test-all ROC 0.8946 PR 0.6316 | unseen ROC 0.5000 PR 0.0000 | valAUC 0.8782 | tau+ 0.500
[OUTPOST-v4] epoch 314: test-all ROC 0.8987 PR 0.6519 | unseen ROC 0.5000 PR 0.0000 | valAUC 0.8897 | tau+ 0.500
[OUTPOST-v4] epoch 315: test-all ROC 0.8987 PR 0.6351 | unseen ROC 0.5000 PR 0.0000 | valAUC 0.8612 | tau+ 0.500
[OUTPOST-v4] epoch 316: test-all ROC 0.8937 PR 0.6370 | unseen ROC 0.5000 PR 0.0000 | valAUC 0.8649 | tau+ 0.500
[OUTPOST-v4] epoch 317: test-all ROC 0.8947 PR 0.6398 | unseen ROC 0.5000 PR 0.0000 | valAUC 0.8933 | tau+ 0.500
[OUTPOST-v4] epoch 318: test-all ROC 0.8912 PR 0.6427 | unseen ROC 0.5000 PR 0.0000 | valAUC 0.8935 | tau+ 0.500
[OUTPOST-v4] epoch 319: test-all ROC 0.8984 PR 0.6392 | unseen ROC 0.5000 PR 0.0000 | valAUC 0.8880 | tau+ 0.500
[OUTPOST-v4] epoch 320: test-all ROC 0.8991 PR 0.6484 | unseen ROC 0.5000 PR 0.0000 | valAUC 0.8532 | tau+ 0.500
[OUTPOST-v4] epoch 321: test-all ROC 0.8930 PR 0.6422 | unseen ROC 0.5000 PR 0.0000 | valAUC 0.8772 | tau+ 0.500
[OUTPOST-v4] epoch 322: test-all ROC 0.8964 PR 0.6358 | unseen ROC 0.5000 PR 0.0000 | valAUC 0.8718 | tau+ 0.500
[OUTPOST-v4] epoch 323: test-all ROC 0.8937 PR 0.6277 | unseen ROC 0.5000 PR 0.0000 | valAUC 0.8725 | tau+ 0.500
[OUTPOST-v4] epoch 324: test-all ROC 0.8929 PR 0.6399 | unseen ROC 0.5000 PR 0.0000 | valAUC 0.8592 | tau+ 0.500
[OUTPOST-v4] epoch 325: test-all ROC 0.8979 PR 0.6406 | unseen ROC 0.5000 PR 0.0000 | valAUC 0.8750 | tau+ 0.500
[OUTPOST-v4] epoch 326: test-all ROC 0.8925 PR 0.6394 | unseen ROC 0.5000 PR 0.0000 | valAUC 0.8648 | tau+ 0.500
[OUTPOST-v4] epoch 327: test-all ROC 0.8963 PR 0.6412 | unseen ROC 0.5000 PR 0.0000 | valAUC 0.8357 | tau+ 0.500
[OUTPOST-v4] epoch 328: test-all ROC 0.8956 PR 0.6437 | unseen ROC 0.5000 PR 0.0000 | valAUC 0.8840 | tau+ 0.500
[OUTPOST-v4] epoch 329: test-all ROC 0.8927 PR 0.6436 | unseen ROC 0.5000 PR 0.0000 | valAUC 0.8909 | tau+ 0.500
[OUTPOST-v4] epoch 330: test-all ROC 0.8953 PR 0.6470 | unseen ROC 0.5000 PR 0.0000 | valAUC 0.8877 | tau+ 0.500
[OUTPOST-v4] epoch 331: test-all ROC 0.8936 PR 0.6347 | unseen ROC 0.5000 PR 0.0000 | valAUC 0.8607 | tau+ 0.500
[OUTPOST-v4] epoch 332: test-all ROC 0.8947 PR 0.6493 | unseen ROC 0.5000 PR 0.0000 | valAUC 0.8816 | tau+ 0.500
[OUTPOST-v4] epoch 333: test-all ROC 0.8919 PR 0.6412 | unseen ROC 0.5000 PR 0.0000 | valAUC 0.8917 | tau+ 0.500
[OUTPOST-v4] epoch 334: test-all ROC 0.8962 PR 0.6549 | unseen ROC 0.5000 PR 0.0000 | valAUC 0.8726 | tau+ 0.500
[OUTPOST-v4] epoch 335: test-all ROC 0.8958 PR 0.6559 | unseen ROC 0.5000 PR 0.0000 | valAUC 0.8946 | tau+ 0.500
[OUTPOST-v4] epoch 336: test-all ROC 0.8982 PR 0.6466 | unseen ROC 0.5000 PR 0.0000 | valAUC 0.8842 | tau+ 0.500
[OUTPOST-v4] epoch 337: test-all ROC 0.9021 PR 0.6619 | unseen ROC 0.5000 PR 0.0000 | valAUC 0.8909 | tau+ 0.500
[OUTPOST-v4] epoch 338: test-all ROC 0.8968 PR 0.6541 | unseen ROC 0.5000 PR 0.0000 | valAUC 0.9077 | tau+ 0.500
[OUTPOST-v4] epoch 339: test-all ROC 0.8971 PR 0.6467 | unseen ROC 0.5000 PR 0.0000 | valAUC 0.8822 | tau+ 0.500
[OUTPOST-v4] epoch 340: test-all ROC 0.8974 PR 0.6525 | unseen ROC 0.5000 PR 0.0000 | valAUC 0.8776 | tau+ 0.500
[OUTPOST-v4] epoch 341: test-all ROC 0.9014 PR 0.6572 | unseen ROC 0.5000 PR 0.0000 | valAUC 0.8648 | tau+ 0.500
[OUTPOST-v4] epoch 342: test-all ROC 0.9040 PR 0.6671 | unseen ROC 0.5000 PR 0.0000 | valAUC 0.8740 | tau+ 0.500
[OUTPOST-v4] epoch 343: test-all ROC 0.9014 PR 0.6580 | unseen ROC 0.5000 PR 0.0000 | valAUC 0.8707 | tau+ 0.500
[OUTPOST-v4] epoch 344: test-all ROC 0.8971 PR 0.6528 | unseen ROC 0.5000 PR 0.0000 | valAUC 0.8828 | tau+ 0.500
[OUTPOST-v4] epoch 345: test-all ROC 0.8984 PR 0.6627 | unseen ROC 0.5000 PR 0.0000 | valAUC 0.8622 | tau+ 0.500
[OUTPOST-v4] epoch 346: test-all ROC 0.9009 PR 0.6549 | unseen ROC 0.5000 PR 0.0000 | valAUC 0.8847 | tau+ 0.500
[OUTPOST-v4] epoch 347: test-all ROC 0.9014 PR 0.6553 | unseen ROC 0.5000 PR 0.0000 | valAUC 0.8414 | tau+ 0.500
[OUTPOST-v4] epoch 348: test-all ROC 0.8999 PR 0.6577 | unseen ROC 0.5000 PR 0.0000 | valAUC 0.8668 | tau+ 0.500
[OUTPOST-v4] epoch 349: test-all ROC 0.8967 PR 0.6533 | unseen ROC 0.5000 PR 0.0000 | valAUC 0.8855 | tau+ 0.500
[OUTPOST-v4] epoch 350: test-all ROC 0.8994 PR 0.6655 | unseen ROC 0.5000 PR 0.0000 | valAUC 0.8488 | tau+ 0.500
[OUTPOST-v4] epoch 351: test-all ROC 0.9023 PR 0.6605 | unseen ROC 0.5000 PR 0.0000 | valAUC 0.8803 | tau+ 0.500
[OUTPOST-v4] epoch 352: test-all ROC 0.9043 PR 0.6701 | unseen ROC 0.5000 PR 0.0000 | valAUC 0.8956 | tau+ 0.500
[OUTPOST-v4] epoch 353: test-all ROC 0.8982 PR 0.6585 | unseen ROC 0.5000 PR 0.0000 | valAUC 0.9018 | tau+ 0.500
[OUTPOST-v4] epoch 354: test-all ROC 0.8981 PR 0.6597 | unseen ROC 0.5000 PR 0.0000 | valAUC 0.8842 | tau+ 0.500
[OUTPOST-v4] epoch 355: test-all ROC 0.8987 PR 0.6580 | unseen ROC 0.5000 PR 0.0000 | valAUC 0.8860 | tau+ 0.500
[OUTPOST-v4] epoch 356: test-all ROC 0.8991 PR 0.6618 | unseen ROC 0.5000 PR 0.0000 | valAUC 0.8984 | tau+ 0.500
[OUTPOST-v4] epoch 357: test-all ROC 0.9044 PR 0.6573 | unseen ROC 0.5000 PR 0.0000 | valAUC 0.8506 | tau+ 0.500
[OUTPOST-v4] epoch 358: test-all ROC 0.8962 PR 0.6675 | unseen ROC 0.5000 PR 0.0000 | valAUC 0.8991 | tau+ 0.500
[OUTPOST-v4] epoch 359: test-all ROC 0.8987 PR 0.6590 | unseen ROC 0.5000 PR 0.0000 | valAUC 0.8731 | tau+ 0.500
[OUTPOST-v4] epoch 360: test-all ROC 0.8979 PR 0.6682 | unseen ROC 0.5000 PR 0.0000 | valAUC 0.8767 | tau+ 0.500
[OUTPOST-v4] epoch 361: test-all ROC 0.8981 PR 0.6595 | unseen ROC 0.5000 PR 0.0000 | valAUC 0.8750 | tau+ 0.500
[OUTPOST-v4] epoch 362: test-all ROC 0.8994 PR 0.6619 | unseen ROC 0.5000 PR 0.0000 | valAUC 0.8888 | tau+ 0.500
[OUTPOST-v4] epoch 363: test-all ROC 0.9004 PR 0.6647 | unseen ROC 0.5000 PR 0.0000 | valAUC 0.8851 | tau+ 0.500
[OUTPOST-v4] epoch 364: test-all ROC 0.8966 PR 0.6591 | unseen ROC 0.5000 PR 0.0000 | valAUC 0.8753 | tau+ 0.500
[OUTPOST-v4] epoch 365: test-all ROC 0.8990 PR 0.6505 | unseen ROC 0.5000 PR 0.0000 | valAUC 0.8600 | tau+ 0.500
[OUTPOST-v4] epoch 366: test-all ROC 0.8972 PR 0.6577 | unseen ROC 0.5000 PR 0.0000 | valAUC 0.8796 | tau+ 0.500
[OUTPOST-v4] epoch 367: test-all ROC 0.9009 PR 0.6688 | unseen ROC 0.5000 PR 0.0000 | valAUC 0.8780 | tau+ 0.500
[OUTPOST-v4] epoch 368: test-all ROC 0.9007 PR 0.6672 | unseen ROC 0.5000 PR 0.0000 | valAUC 0.8880 | tau+ 0.500
[OUTPOST-v4] epoch 369: test-all ROC 0.8963 PR 0.6505 | unseen ROC 0.5000 PR 0.0000 | valAUC 0.8760 | tau+ 0.500
[OUTPOST-v4] epoch 370: test-all ROC 0.8985 PR 0.6622 | unseen ROC 0.5000 PR 0.0000 | valAUC 0.8443 | tau+ 0.500
[OUTPOST-v4] epoch 371: test-all ROC 0.9019 PR 0.6624 | unseen ROC 0.5000 PR 0.0000 | valAUC 0.9097 | tau+ 0.500
[OUTPOST-v4] epoch 372: test-all ROC 0.9013 PR 0.6778 | unseen ROC 0.5000 PR 0.0000 | valAUC 0.8898 | tau+ 0.500
[OUTPOST-v4] epoch 373: test-all ROC 0.8990 PR 0.6659 | unseen ROC 0.5000 PR 0.0000 | valAUC 0.8829 | tau+ 0.500
[OUTPOST-v4] epoch 374: test-all ROC 0.8999 PR 0.6599 | unseen ROC 0.5000 PR 0.0000 | valAUC 0.8980 | tau+ 0.500
[OUTPOST-v4] epoch 375: test-all ROC 0.9017 PR 0.6671 | unseen ROC 0.5000 PR 0.0000 | valAUC 0.8880 | tau+ 0.500
[OUTPOST-v4] epoch 376: test-all ROC 0.9018 PR 0.6560 | unseen ROC 0.5000 PR 0.0000 | valAUC 0.8540 | tau+ 0.500
[OUTPOST-v4] epoch 377: test-all ROC 0.9018 PR 0.6625 | unseen ROC 0.5000 PR 0.0000 | valAUC 0.9020 | tau+ 0.500
[OUTPOST-v4] epoch 378: test-all ROC 0.8985 PR 0.6651 | unseen ROC 0.5000 PR 0.0000 | valAUC 0.8642 | tau+ 0.500
[OUTPOST-v4] epoch 379: test-all ROC 0.8978 PR 0.6691 | unseen ROC 0.5000 PR 0.0000 | valAUC 0.8757 | tau+ 0.500
[OUTPOST-v4] epoch 380: test-all ROC 0.9027 PR 0.6702 | unseen ROC 0.5000 PR 0.0000 | valAUC 0.8722 | tau+ 0.500
[OUTPOST-v4] epoch 381: test-all ROC 0.9049 PR 0.6734 | unseen ROC 0.5000 PR 0.0000 | valAUC 0.8995 | tau+ 0.500
[OUTPOST-v4] epoch 382: test-all ROC 0.9001 PR 0.6608 | unseen ROC 0.5000 PR 0.0000 | valAUC 0.8824 | tau+ 0.500
[OUTPOST-v4] epoch 383: test-all ROC 0.8949 PR 0.6616 | unseen ROC 0.5000 PR 0.0000 | valAUC 0.8784 | tau+ 0.500
[OUTPOST-v4] epoch 384: test-all ROC 0.9028 PR 0.6653 | unseen ROC 0.5000 PR 0.0000 | valAUC 0.8924 | tau+ 0.500
[OUTPOST-v4] epoch 385: test-all ROC 0.9014 PR 0.6635 | unseen ROC 0.5000 PR 0.0000 | valAUC 0.8739 | tau+ 0.500
[OUTPOST-v4] epoch 386: test-all ROC 0.9018 PR 0.6485 | unseen ROC 0.5000 PR 0.0000 | valAUC 0.9030 | tau+ 0.500
[OUTPOST-v4] epoch 387: test-all ROC 0.9023 PR 0.6614 | unseen ROC 0.5000 PR 0.0000 | valAUC 0.9058 | tau+ 0.500
[OUTPOST-v4] epoch 388: test-all ROC 0.8981 PR 0.6606 | unseen ROC 0.5000 PR 0.0000 | valAUC 0.8786 | tau+ 0.500
[OUTPOST-v4] epoch 389: test-all ROC 0.8959 PR 0.6496 | unseen ROC 0.5000 PR 0.0000 | valAUC 0.8522 | tau+ 0.500
[OUTPOST-v4] epoch 390: test-all ROC 0.9058 PR 0.6681 | unseen ROC 0.5000 PR 0.0000 | valAUC 0.8955 | tau+ 0.500
[OUTPOST-v4] epoch 391: test-all ROC 0.9033 PR 0.6579 | unseen ROC 0.5000 PR 0.0000 | valAUC 0.9002 | tau+ 0.500
[OUTPOST-v4] epoch 392: test-all ROC 0.9052 PR 0.6708 | unseen ROC 0.5000 PR 0.0000 | valAUC 0.8860 | tau+ 0.500
[OUTPOST-v4] epoch 393: test-all ROC 0.9000 PR 0.6650 | unseen ROC 0.5000 PR 0.0000 | valAUC 0.8820 | tau+ 0.500
[OUTPOST-v4] epoch 394: test-all ROC 0.9067 PR 0.6672 | unseen ROC 0.5000 PR 0.0000 | valAUC 0.8899 | tau+ 0.500
[OUTPOST-v4] epoch 395: test-all ROC 0.9067 PR 0.6617 | unseen ROC 0.5000 PR 0.0000 | valAUC 0.9057 | tau+ 0.500
[OUTPOST-v4] epoch 396: test-all ROC 0.9024 PR 0.6691 | unseen ROC 0.5000 PR 0.0000 | valAUC 0.9200 | tau+ 0.500
[OUTPOST-v4] epoch 397: test-all ROC 0.9050 PR 0.6685 | unseen ROC 0.5000 PR 0.0000 | valAUC 0.8922 | tau+ 0.500
[OUTPOST-v4] epoch 398: test-all ROC 0.9060 PR 0.6734 | unseen ROC 0.5000 PR 0.0000 | valAUC 0.8974 | tau+ 0.500
[OUTPOST-v4] epoch 399: test-all ROC 0.9090 PR 0.6825 | unseen ROC 0.5000 PR 0.0000 | valAUC 0.8937 | tau+ 0.500
  rotation 1: ROC 0.9090 PR 0.6825
[tfinance] params 5953, peak GPU 0.19 GB, 6.3 min total

[tfinance] AGGREGATE  best-over-epochs: ROC 0.9090 PR 0.6825
[tfinance] AGGREGATE  val-selected:     ROC 0.9024 PR 0.6691
row appended to results/results.csv
