# gpu=6 cmd=/usr/bin/python3 -u main.py --dataset yelp --seed 1 --method outpost --tag F_b100_sim0.0 --set sampling_sizes=[100, 10] sim_topk_frac=0.0
/nas/home/jahin/.local/lib/python3.10/site-packages/torch_geometric/__init__.py:4: UserWarning: An issue occurred while importing 'torch-scatter'. Disabling its usage. Stacktrace: /nas/home/jahin/.local/lib/python3.10/site-packages/torch_scatter/_version_cuda.so: undefined symbol: _ZN5torch3jit17parseSchemaOrNameERKSsb
  import torch_geometric.typing
/nas/home/jahin/.local/lib/python3.10/site-packages/torch_geometric/__init__.py:4: UserWarning: An issue occurred while importing 'torch-sparse'. Disabling its usage. Stacktrace: /nas/home/jahin/.local/lib/python3.10/site-packages/torch_sparse/_version_cuda.so: undefined symbol: _ZN5torch3jit17parseSchemaOrNameERKSsb
  import torch_geometric.typing
/nas/home/jahin/.local/lib/python3.10/site-packages/requests/__init__.py:113: RequestsDependencyWarning: urllib3 (1.26.5) or chardet (7.2.0)/charset_normalizer (3.4.4) doesn't match a supported version!
  warnings.warn(
[yelp] anomaly classes (rotations): [np.int64(1)]
Normal classes: [np.int64(0)] in yelp
Building multi-layer GraphSage
[OUTPOST-v4] epoch 0: test-all ROC 0.5221 PR 0.1638 | unseen ROC 0.5000 PR 0.0000 | valAUC 0.4405 | tau+ 0.552
[OUTPOST-v4] epoch 1: test-all ROC 0.5215 PR 0.1639 | unseen ROC 0.5000 PR 0.0000 | valAUC 0.4386 | tau+ 0.522
[OUTPOST-v4] epoch 2: test-all ROC 0.5253 PR 0.1653 | unseen ROC 0.5000 PR 0.0000 | valAUC 0.4412 | tau+ 0.500
[OUTPOST-v4] epoch 3: test-all ROC 0.4986 PR 0.1596 | unseen ROC 0.5000 PR 0.0000 | valAUC 0.4172 | tau+ 0.500
[OUTPOST-v4] epoch 4: test-all ROC 0.5008 PR 0.1631 | unseen ROC 0.5000 PR 0.0000 | valAUC 0.4150 | tau+ 0.500
[OUTPOST-v4] epoch 5: test-all ROC 0.5054 PR 0.1614 | unseen ROC 0.5000 PR 0.0000 | valAUC 0.4244 | tau+ 0.500
[OUTPOST-v4] epoch 6: test-all ROC 0.5077 PR 0.1614 | unseen ROC 0.5000 PR 0.0000 | valAUC 0.4565 | tau+ 0.500
[OUTPOST-v4] epoch 7: test-all ROC 0.5412 PR 0.1740 | unseen ROC 0.5000 PR 0.0000 | valAUC 0.5384 | tau+ 0.500
[OUTPOST-v4] epoch 8: test-all ROC 0.5376 PR 0.1739 | unseen ROC 0.5000 PR 0.0000 | valAUC 0.5361 | tau+ 0.500
[OUTPOST-v4] epoch 9: test-all ROC 0.5371 PR 0.1729 | unseen ROC 0.5000 PR 0.0000 | valAUC 0.5293 | tau+ 0.500
[OUTPOST-v4] epoch 10: test-all ROC 0.5367 PR 0.1722 | unseen ROC 0.5000 PR 0.0000 | valAUC 0.5332 | tau+ 0.500
[OUTPOST-v4] epoch 11: test-all ROC 0.5377 PR 0.1717 | unseen ROC 0.5000 PR 0.0000 | valAUC 0.5482 | tau+ 0.500
[OUTPOST-v4] epoch 12: test-all ROC 0.5406 PR 0.1723 | unseen ROC 0.5000 PR 0.0000 | valAUC 0.5161 | tau+ 0.500
[OUTPOST-v4] epoch 13: test-all ROC 0.5424 PR 0.1727 | unseen ROC 0.5000 PR 0.0000 | valAUC 0.5259 | tau+ 0.500
[OUTPOST-v4] epoch 14: test-all ROC 0.5464 PR 0.1735 | unseen ROC 0.5000 PR 0.0000 | valAUC 0.5168 | tau+ 0.500
[OUTPOST-v4] epoch 15: test-all ROC 0.5486 PR 0.1732 | unseen ROC 0.5000 PR 0.0000 | valAUC 0.4898 | tau+ 0.500
[OUTPOST-v4] epoch 16: test-all ROC 0.5494 PR 0.1736 | unseen ROC 0.5000 PR 0.0000 | valAUC 0.4946 | tau+ 0.500
[OUTPOST-v4] epoch 17: test-all ROC 0.5515 PR 0.1735 | unseen ROC 0.5000 PR 0.0000 | valAUC 0.5151 | tau+ 0.500
[OUTPOST-v4] epoch 18: test-all ROC 0.5527 PR 0.1732 | unseen ROC 0.5000 PR 0.0000 | valAUC 0.5190 | tau+ 0.500
[OUTPOST-v4] epoch 19: test-all ROC 0.5520 PR 0.1718 | unseen ROC 0.5000 PR 0.0000 | valAUC 0.4947 | tau+ 0.500
[OUTPOST-v4] epoch 20: test-all ROC 0.5533 PR 0.1718 | unseen ROC 0.5000 PR 0.0000 | valAUC 0.5151 | tau+ 0.500
[OUTPOST-v4] epoch 21: test-all ROC 0.5554 PR 0.1726 | unseen ROC 0.5000 PR 0.0000 | valAUC 0.5067 | tau+ 0.500
[OUTPOST-v4] epoch 22: test-all ROC 0.5569 PR 0.1727 | unseen ROC 0.5000 PR 0.0000 | valAUC 0.5227 | tau+ 0.500
[OUTPOST-v4] epoch 23: test-all ROC 0.5577 PR 0.1729 | unseen ROC 0.5000 PR 0.0000 | valAUC 0.5318 | tau+ 0.500
[OUTPOST-v4] epoch 24: test-all ROC 0.5599 PR 0.1735 | unseen ROC 0.5000 PR 0.0000 | valAUC 0.5170 | tau+ 0.500
[OUTPOST-v4] epoch 25: test-all ROC 0.5579 PR 0.1729 | unseen ROC 0.5000 PR 0.0000 | valAUC 0.5095 | tau+ 0.500
[OUTPOST-v4] epoch 26: test-all ROC 0.5601 PR 0.1730 | unseen ROC 0.5000 PR 0.0000 | valAUC 0.5240 | tau+ 0.500
[OUTPOST-v4] epoch 27: test-all ROC 0.5616 PR 0.1735 | unseen ROC 0.5000 PR 0.0000 | valAUC 0.5131 | tau+ 0.500
[OUTPOST-v4] epoch 28: test-all ROC 0.5613 PR 0.1733 | unseen ROC 0.5000 PR 0.0000 | valAUC 0.5350 | tau+ 0.500
[OUTPOST-v4] epoch 29: test-all ROC 0.5621 PR 0.1734 | unseen ROC 0.5000 PR 0.0000 | valAUC 0.5395 | tau+ 0.500
[OUTPOST-v4] epoch 30: test-all ROC 0.5640 PR 0.1733 | unseen ROC 0.5000 PR 0.0000 | valAUC 0.5271 | tau+ 0.500
[OUTPOST-v4] epoch 31: test-all ROC 0.5637 PR 0.1738 | unseen ROC 0.5000 PR 0.0000 | valAUC 0.5077 | tau+ 0.500
[OUTPOST-v4] epoch 32: test-all ROC 0.5626 PR 0.1729 | unseen ROC 0.5000 PR 0.0000 | valAUC 0.4811 | tau+ 0.500
[OUTPOST-v4] epoch 33: test-all ROC 0.5648 PR 0.1738 | unseen ROC 0.5000 PR 0.0000 | valAUC 0.5179 | tau+ 0.500
[OUTPOST-v4] epoch 34: test-all ROC 0.5649 PR 0.1737 | unseen ROC 0.5000 PR 0.0000 | valAUC 0.5486 | tau+ 0.500
[OUTPOST-v4] epoch 35: test-all ROC 0.5636 PR 0.1737 | unseen ROC 0.5000 PR 0.0000 | valAUC 0.5327 | tau+ 0.500
[OUTPOST-v4] epoch 36: test-all ROC 0.5620 PR 0.1733 | unseen ROC 0.5000 PR 0.0000 | valAUC 0.5351 | tau+ 0.500
[OUTPOST-v4] epoch 37: test-all ROC 0.5660 PR 0.1739 | unseen ROC 0.5000 PR 0.0000 | valAUC 0.5404 | tau+ 0.500
[OUTPOST-v4] epoch 38: test-all ROC 0.5668 PR 0.1747 | unseen ROC 0.5000 PR 0.0000 | valAUC 0.5268 | tau+ 0.500
[OUTPOST-v4] epoch 39: test-all ROC 0.5651 PR 0.1738 | unseen ROC 0.5000 PR 0.0000 | valAUC 0.5021 | tau+ 0.500
[OUTPOST-v4] epoch 40: test-all ROC 0.5651 PR 0.1743 | unseen ROC 0.5000 PR 0.0000 | valAUC 0.5365 | tau+ 0.500
[OUTPOST-v4] epoch 41: test-all ROC 0.5647 PR 0.1737 | unseen ROC 0.5000 PR 0.0000 | valAUC 0.5207 | tau+ 0.500
[OUTPOST-v4] epoch 42: test-all ROC 0.5676 PR 0.1750 | unseen ROC 0.5000 PR 0.0000 | valAUC 0.5312 | tau+ 0.500
[OUTPOST-v4] epoch 43: test-all ROC 0.5688 PR 0.1751 | unseen ROC 0.5000 PR 0.0000 | valAUC 0.5224 | tau+ 0.500
[OUTPOST-v4] epoch 44: test-all ROC 0.5689 PR 0.1751 | unseen ROC 0.5000 PR 0.0000 | valAUC 0.5275 | tau+ 0.500
[OUTPOST-v4] epoch 45: test-all ROC 0.5680 PR 0.1752 | unseen ROC 0.5000 PR 0.0000 | valAUC 0.5293 | tau+ 0.500
[OUTPOST-v4] epoch 46: test-all ROC 0.5696 PR 0.1759 | unseen ROC 0.5000 PR 0.0000 | valAUC 0.5334 | tau+ 0.500
[OUTPOST-v4] epoch 47: test-all ROC 0.5711 PR 0.1768 | unseen ROC 0.5000 PR 0.0000 | valAUC 0.5295 | tau+ 0.500
[OUTPOST-v4] epoch 48: test-all ROC 0.5704 PR 0.1765 | unseen ROC 0.5000 PR 0.0000 | valAUC 0.5180 | tau+ 0.500
[OUTPOST-v4] epoch 49: test-all ROC 0.5709 PR 0.1767 | unseen ROC 0.5000 PR 0.0000 | valAUC 0.5422 | tau+ 0.500
[OUTPOST-v4] epoch 50: test-all ROC 0.5734 PR 0.1778 | unseen ROC 0.5000 PR 0.0000 | valAUC 0.5466 | tau+ 0.500
[OUTPOST-v4] epoch 51: test-all ROC 0.5710 PR 0.1775 | unseen ROC 0.5000 PR 0.0000 | valAUC 0.5379 | tau+ 0.500
[OUTPOST-v4] epoch 52: test-all ROC 0.5716 PR 0.1774 | unseen ROC 0.5000 PR 0.0000 | valAUC 0.5232 | tau+ 0.500
[OUTPOST-v4] epoch 53: test-all ROC 0.5720 PR 0.1782 | unseen ROC 0.5000 PR 0.0000 | valAUC 0.5604 | tau+ 0.500
[OUTPOST-v4] epoch 54: test-all ROC 0.5732 PR 0.1784 | unseen ROC 0.5000 PR 0.0000 | valAUC 0.5615 | tau+ 0.500
[OUTPOST-v4] epoch 55: test-all ROC 0.5742 PR 0.1789 | unseen ROC 0.5000 PR 0.0000 | valAUC 0.5536 | tau+ 0.500
[OUTPOST-v4] epoch 56: test-all ROC 0.5730 PR 0.1786 | unseen ROC 0.5000 PR 0.0000 | valAUC 0.5696 | tau+ 0.500
[OUTPOST-v4] epoch 57: test-all ROC 0.5753 PR 0.1800 | unseen ROC 0.5000 PR 0.0000 | valAUC 0.5304 | tau+ 0.500
[OUTPOST-v4] epoch 58: test-all ROC 0.5746 PR 0.1796 | unseen ROC 0.5000 PR 0.0000 | valAUC 0.5381 | tau+ 0.500
[OUTPOST-v4] epoch 59: test-all ROC 0.5743 PR 0.1791 | unseen ROC 0.5000 PR 0.0000 | valAUC 0.5505 | tau+ 0.500
[OUTPOST-v4] epoch 60: test-all ROC 0.5753 PR 0.1798 | unseen ROC 0.5000 PR 0.0000 | valAUC 0.5441 | tau+ 0.500
[OUTPOST-v4] epoch 61: test-all ROC 0.5732 PR 0.1789 | unseen ROC 0.5000 PR 0.0000 | valAUC 0.5591 | tau+ 0.500
[OUTPOST-v4] epoch 62: test-all ROC 0.5748 PR 0.1794 | unseen ROC 0.5000 PR 0.0000 | valAUC 0.5287 | tau+ 0.500
[OUTPOST-v4] epoch 63: test-all ROC 0.5759 PR 0.1802 | unseen ROC 0.5000 PR 0.0000 | valAUC 0.5469 | tau+ 0.500
[OUTPOST-v4] epoch 64: test-all ROC 0.5760 PR 0.1800 | unseen ROC 0.5000 PR 0.0000 | valAUC 0.5335 | tau+ 0.500
[OUTPOST-v4] epoch 65: test-all ROC 0.5792 PR 0.1815 | unseen ROC 0.5000 PR 0.0000 | valAUC 0.5449 | tau+ 0.500
[OUTPOST-v4] epoch 66: test-all ROC 0.5768 PR 0.1804 | unseen ROC 0.5000 PR 0.0000 | valAUC 0.5561 | tau+ 0.500
[OUTPOST-v4] epoch 67: test-all ROC 0.5764 PR 0.1801 | unseen ROC 0.5000 PR 0.0000 | valAUC 0.5433 | tau+ 0.500
[OUTPOST-v4] epoch 68: test-all ROC 0.5773 PR 0.1809 | unseen ROC 0.5000 PR 0.0000 | valAUC 0.5435 | tau+ 0.500
[OUTPOST-v4] epoch 69: test-all ROC 0.5776 PR 0.1814 | unseen ROC 0.5000 PR 0.0000 | valAUC 0.5399 | tau+ 0.500
[OUTPOST-v4] epoch 70: test-all ROC 0.5770 PR 0.1811 | unseen ROC 0.5000 PR 0.0000 | valAUC 0.5189 | tau+ 0.500
[OUTPOST-v4] epoch 71: test-all ROC 0.5791 PR 0.1820 | unseen ROC 0.5000 PR 0.0000 | valAUC 0.5281 | tau+ 0.500
[OUTPOST-v4] epoch 72: test-all ROC 0.5797 PR 0.1821 | unseen ROC 0.5000 PR 0.0000 | valAUC 0.5543 | tau+ 0.500
[OUTPOST-v4] epoch 73: test-all ROC 0.5811 PR 0.1834 | unseen ROC 0.5000 PR 0.0000 | valAUC 0.5264 | tau+ 0.500
[OUTPOST-v4] epoch 74: test-all ROC 0.5802 PR 0.1824 | unseen ROC 0.5000 PR 0.0000 | valAUC 0.5452 | tau+ 0.500
[OUTPOST-v4] epoch 75: test-all ROC 0.5807 PR 0.1829 | unseen ROC 0.5000 PR 0.0000 | valAUC 0.5193 | tau+ 0.500
[OUTPOST-v4] epoch 76: test-all ROC 0.5814 PR 0.1833 | unseen ROC 0.5000 PR 0.0000 | valAUC 0.5462 | tau+ 0.500
[OUTPOST-v4] epoch 77: test-all ROC 0.5825 PR 0.1837 | unseen ROC 0.5000 PR 0.0000 | valAUC 0.5379 | tau+ 0.500
[OUTPOST-v4] epoch 78: test-all ROC 0.5800 PR 0.1823 | unseen ROC 0.5000 PR 0.0000 | valAUC 0.5349 | tau+ 0.500
[OUTPOST-v4] epoch 79: test-all ROC 0.5854 PR 0.1849 | unseen ROC 0.5000 PR 0.0000 | valAUC 0.5376 | tau+ 0.500
[OUTPOST-v4] epoch 80: test-all ROC 0.5841 PR 0.1850 | unseen ROC 0.5000 PR 0.0000 | valAUC 0.5450 | tau+ 0.500
[OUTPOST-v4] epoch 81: test-all ROC 0.5851 PR 0.1849 | unseen ROC 0.5000 PR 0.0000 | valAUC 0.5598 | tau+ 0.500
[OUTPOST-v4] epoch 82: test-all ROC 0.5883 PR 0.1875 | unseen ROC 0.5000 PR 0.0000 | valAUC 0.5393 | tau+ 0.500
[OUTPOST-v4] epoch 83: test-all ROC 0.5875 PR 0.1867 | unseen ROC 0.5000 PR 0.0000 | valAUC 0.5507 | tau+ 0.500
[OUTPOST-v4] epoch 84: test-all ROC 0.5896 PR 0.1878 | unseen ROC 0.5000 PR 0.0000 | valAUC 0.5596 | tau+ 0.500
[OUTPOST-v4] epoch 85: test-all ROC 0.5898 PR 0.1879 | unseen ROC 0.5000 PR 0.0000 | valAUC 0.5553 | tau+ 0.500
[OUTPOST-v4] epoch 86: test-all ROC 0.5904 PR 0.1883 | unseen ROC 0.5000 PR 0.0000 | valAUC 0.5708 | tau+ 0.500
[OUTPOST-v4] epoch 87: test-all ROC 0.5926 PR 0.1896 | unseen ROC 0.5000 PR 0.0000 | valAUC 0.5497 | tau+ 0.500
[OUTPOST-v4] epoch 88: test-all ROC 0.5925 PR 0.1895 | unseen ROC 0.5000 PR 0.0000 | valAUC 0.5622 | tau+ 0.500
[OUTPOST-v4] epoch 89: test-all ROC 0.5939 PR 0.1902 | unseen ROC 0.5000 PR 0.0000 | valAUC 0.5568 | tau+ 0.500
[OUTPOST-v4] epoch 90: test-all ROC 0.5962 PR 0.1918 | unseen ROC 0.5000 PR 0.0000 | valAUC 0.5536 | tau+ 0.500
[OUTPOST-v4] epoch 91: test-all ROC 0.5963 PR 0.1912 | unseen ROC 0.5000 PR 0.0000 | valAUC 0.5719 | tau+ 0.500
[OUTPOST-v4] epoch 92: test-all ROC 0.5981 PR 0.1923 | unseen ROC 0.5000 PR 0.0000 | valAUC 0.5662 | tau+ 0.500
[OUTPOST-v4] epoch 93: test-all ROC 0.5997 PR 0.1933 | unseen ROC 0.5000 PR 0.0000 | valAUC 0.5598 | tau+ 0.500
[OUTPOST-v4] epoch 94: test-all ROC 0.5999 PR 0.1936 | unseen ROC 0.5000 PR 0.0000 | valAUC 0.5628 | tau+ 0.500
[OUTPOST-v4] epoch 95: test-all ROC 0.6010 PR 0.1947 | unseen ROC 0.5000 PR 0.0000 | valAUC 0.5662 | tau+ 0.500
[OUTPOST-v4] epoch 96: test-all ROC 0.6014 PR 0.1940 | unseen ROC 0.5000 PR 0.0000 | valAUC 0.5728 | tau+ 0.500
[OUTPOST-v4] epoch 97: test-all ROC 0.6038 PR 0.1964 | unseen ROC 0.5000 PR 0.0000 | valAUC 0.5711 | tau+ 0.500
[OUTPOST-v4] epoch 98: test-all ROC 0.6047 PR 0.1960 | unseen ROC 0.5000 PR 0.0000 | valAUC 0.5689 | tau+ 0.500
[OUTPOST-v4] epoch 99: test-all ROC 0.6059 PR 0.1967 | unseen ROC 0.5000 PR 0.0000 | valAUC 0.5895 | tau+ 0.500
[OUTPOST-v4] epoch 100: test-all ROC 0.6064 PR 0.1963 | unseen ROC 0.5000 PR 0.0000 | valAUC 0.5588 | tau+ 0.500
[OUTPOST-v4] epoch 101: test-all ROC 0.6062 PR 0.1968 | unseen ROC 0.5000 PR 0.0000 | valAUC 0.5724 | tau+ 0.500
[OUTPOST-v4] epoch 102: test-all ROC 0.6086 PR 0.1978 | unseen ROC 0.5000 PR 0.0000 | valAUC 0.5490 | tau+ 0.500
[OUTPOST-v4] epoch 103: test-all ROC 0.6094 PR 0.1981 | unseen ROC 0.5000 PR 0.0000 | valAUC 0.5796 | tau+ 0.500
[OUTPOST-v4] epoch 104: test-all ROC 0.6111 PR 0.1988 | unseen ROC 0.5000 PR 0.0000 | valAUC 0.5879 | tau+ 0.500
[OUTPOST-v4] epoch 105: test-all ROC 0.6106 PR 0.1992 | unseen ROC 0.5000 PR 0.0000 | valAUC 0.5652 | tau+ 0.500
[OUTPOST-v4] epoch 106: test-all ROC 0.6143 PR 0.2012 | unseen ROC 0.5000 PR 0.0000 | valAUC 0.5787 | tau+ 0.500
[OUTPOST-v4] epoch 107: test-all ROC 0.6135 PR 0.2000 | unseen ROC 0.5000 PR 0.0000 | valAUC 0.5941 | tau+ 0.500
[OUTPOST-v4] epoch 108: test-all ROC 0.6167 PR 0.2023 | unseen ROC 0.5000 PR 0.0000 | valAUC 0.5564 | tau+ 0.500
[OUTPOST-v4] epoch 109: test-all ROC 0.6154 PR 0.2010 | unseen ROC 0.5000 PR 0.0000 | valAUC 0.5821 | tau+ 0.500
[OUTPOST-v4] epoch 110: test-all ROC 0.6175 PR 0.2034 | unseen ROC 0.5000 PR 0.0000 | valAUC 0.6032 | tau+ 0.500
[OUTPOST-v4] epoch 111: test-all ROC 0.6188 PR 0.2036 | unseen ROC 0.5000 PR 0.0000 | valAUC 0.5631 | tau+ 0.500
[OUTPOST-v4] epoch 112: test-all ROC 0.6201 PR 0.2036 | unseen ROC 0.5000 PR 0.0000 | valAUC 0.5767 | tau+ 0.500
[OUTPOST-v4] epoch 113: test-all ROC 0.6206 PR 0.2050 | unseen ROC 0.5000 PR 0.0000 | valAUC 0.6085 | tau+ 0.500
[OUTPOST-v4] epoch 114: test-all ROC 0.6238 PR 0.2064 | unseen ROC 0.5000 PR 0.0000 | valAUC 0.5859 | tau+ 0.500
[OUTPOST-v4] epoch 115: test-all ROC 0.6241 PR 0.2071 | unseen ROC 0.5000 PR 0.0000 | valAUC 0.5842 | tau+ 0.500
[OUTPOST-v4] epoch 116: test-all ROC 0.6262 PR 0.2085 | unseen ROC 0.5000 PR 0.0000 | valAUC 0.5970 | tau+ 0.500
[OUTPOST-v4] epoch 117: test-all ROC 0.6300 PR 0.2099 | unseen ROC 0.5000 PR 0.0000 | valAUC 0.6004 | tau+ 0.500
[OUTPOST-v4] epoch 118: test-all ROC 0.6298 PR 0.2105 | unseen ROC 0.5000 PR 0.0000 | valAUC 0.6106 | tau+ 0.500
[OUTPOST-v4] epoch 119: test-all ROC 0.6313 PR 0.2118 | unseen ROC 0.5000 PR 0.0000 | valAUC 0.5810 | tau+ 0.500
[OUTPOST-v4] epoch 120: test-all ROC 0.6320 PR 0.2113 | unseen ROC 0.5000 PR 0.0000 | valAUC 0.5825 | tau+ 0.500
[OUTPOST-v4] epoch 121: test-all ROC 0.6356 PR 0.2140 | unseen ROC 0.5000 PR 0.0000 | valAUC 0.5989 | tau+ 0.500
[OUTPOST-v4] epoch 122: test-all ROC 0.6363 PR 0.2150 | unseen ROC 0.5000 PR 0.0000 | valAUC 0.6020 | tau+ 0.500
[OUTPOST-v4] epoch 123: test-all ROC 0.6368 PR 0.2153 | unseen ROC 0.5000 PR 0.0000 | valAUC 0.6112 | tau+ 0.500
[OUTPOST-v4] epoch 124: test-all ROC 0.6389 PR 0.2168 | unseen ROC 0.5000 PR 0.0000 | valAUC 0.6163 | tau+ 0.500
[OUTPOST-v4] epoch 125: test-all ROC 0.6407 PR 0.2170 | unseen ROC 0.5000 PR 0.0000 | valAUC 0.5975 | tau+ 0.500
[OUTPOST-v4] epoch 126: test-all ROC 0.6416 PR 0.2186 | unseen ROC 0.5000 PR 0.0000 | valAUC 0.6147 | tau+ 0.500
[OUTPOST-v4] epoch 127: test-all ROC 0.6415 PR 0.2187 | unseen ROC 0.5000 PR 0.0000 | valAUC 0.6100 | tau+ 0.500
[OUTPOST-v4] epoch 128: test-all ROC 0.6443 PR 0.2209 | unseen ROC 0.5000 PR 0.0000 | valAUC 0.6005 | tau+ 0.500
[OUTPOST-v4] epoch 129: test-all ROC 0.6468 PR 0.2224 | unseen ROC 0.5000 PR 0.0000 | valAUC 0.6106 | tau+ 0.500
[OUTPOST-v4] epoch 130: test-all ROC 0.6461 PR 0.2226 | unseen ROC 0.5000 PR 0.0000 | valAUC 0.6090 | tau+ 0.500
[OUTPOST-v4] epoch 131: test-all ROC 0.6481 PR 0.2238 | unseen ROC 0.5000 PR 0.0000 | valAUC 0.6098 | tau+ 0.500
[OUTPOST-v4] epoch 132: test-all ROC 0.6508 PR 0.2258 | unseen ROC 0.5000 PR 0.0000 | valAUC 0.6122 | tau+ 0.500
[OUTPOST-v4] epoch 133: test-all ROC 0.6500 PR 0.2261 | unseen ROC 0.5000 PR 0.0000 | valAUC 0.6259 | tau+ 0.500
[OUTPOST-v4] epoch 134: test-all ROC 0.6508 PR 0.2266 | unseen ROC 0.5000 PR 0.0000 | valAUC 0.6372 | tau+ 0.500
[OUTPOST-v4] epoch 135: test-all ROC 0.6508 PR 0.2269 | unseen ROC 0.5000 PR 0.0000 | valAUC 0.6156 | tau+ 0.500
[OUTPOST-v4] epoch 136: test-all ROC 0.6538 PR 0.2290 | unseen ROC 0.5000 PR 0.0000 | valAUC 0.6002 | tau+ 0.500
[OUTPOST-v4] epoch 137: test-all ROC 0.6562 PR 0.2307 | unseen ROC 0.5000 PR 0.0000 | valAUC 0.6187 | tau+ 0.500
[OUTPOST-v4] epoch 138: test-all ROC 0.6580 PR 0.2319 | unseen ROC 0.5000 PR 0.0000 | valAUC 0.6165 | tau+ 0.500
[OUTPOST-v4] epoch 139: test-all ROC 0.6575 PR 0.2322 | unseen ROC 0.5000 PR 0.0000 | valAUC 0.6365 | tau+ 0.500
[OUTPOST-v4] epoch 140: test-all ROC 0.6613 PR 0.2347 | unseen ROC 0.5000 PR 0.0000 | valAUC 0.6356 | tau+ 0.500
[OUTPOST-v4] epoch 141: test-all ROC 0.6609 PR 0.2343 | unseen ROC 0.5000 PR 0.0000 | valAUC 0.6193 | tau+ 0.500
[OUTPOST-v4] epoch 142: test-all ROC 0.6629 PR 0.2359 | unseen ROC 0.5000 PR 0.0000 | valAUC 0.6207 | tau+ 0.500
[OUTPOST-v4] epoch 143: test-all ROC 0.6643 PR 0.2373 | unseen ROC 0.5000 PR 0.0000 | valAUC 0.6397 | tau+ 0.500
[OUTPOST-v4] epoch 144: test-all ROC 0.6647 PR 0.2392 | unseen ROC 0.5000 PR 0.0000 | valAUC 0.6228 | tau+ 0.500
[OUTPOST-v4] epoch 145: test-all ROC 0.6661 PR 0.2405 | unseen ROC 0.5000 PR 0.0000 | valAUC 0.6330 | tau+ 0.500
[OUTPOST-v4] epoch 146: test-all ROC 0.6674 PR 0.2406 | unseen ROC 0.5000 PR 0.0000 | valAUC 0.6449 | tau+ 0.500
[OUTPOST-v4] epoch 147: test-all ROC 0.6678 PR 0.2414 | unseen ROC 0.5000 PR 0.0000 | valAUC 0.6469 | tau+ 0.500
[OUTPOST-v4] epoch 148: test-all ROC 0.6697 PR 0.2441 | unseen ROC 0.5000 PR 0.0000 | valAUC 0.6469 | tau+ 0.500
[OUTPOST-v4] epoch 149: test-all ROC 0.6713 PR 0.2440 | unseen ROC 0.5000 PR 0.0000 | valAUC 0.6253 | tau+ 0.500
[OUTPOST-v4] epoch 150: test-all ROC 0.6738 PR 0.2461 | unseen ROC 0.5000 PR 0.0000 | valAUC 0.6422 | tau+ 0.500
[OUTPOST-v4] epoch 151: test-all ROC 0.6724 PR 0.2469 | unseen ROC 0.5000 PR 0.0000 | valAUC 0.6380 | tau+ 0.500
[OUTPOST-v4] epoch 152: test-all ROC 0.6733 PR 0.2470 | unseen ROC 0.5000 PR 0.0000 | valAUC 0.6659 | tau+ 0.500
[OUTPOST-v4] epoch 153: test-all ROC 0.6766 PR 0.2495 | unseen ROC 0.5000 PR 0.0000 | valAUC 0.6504 | tau+ 0.500
[OUTPOST-v4] epoch 154: test-all ROC 0.6778 PR 0.2514 | unseen ROC 0.5000 PR 0.0000 | valAUC 0.6322 | tau+ 0.500
[OUTPOST-v4] epoch 155: test-all ROC 0.6788 PR 0.2526 | unseen ROC 0.5000 PR 0.0000 | valAUC 0.6544 | tau+ 0.500
[OUTPOST-v4] epoch 156: test-all ROC 0.6794 PR 0.2548 | unseen ROC 0.5000 PR 0.0000 | valAUC 0.6497 | tau+ 0.500
[OUTPOST-v4] epoch 157: test-all ROC 0.6813 PR 0.2549 | unseen ROC 0.5000 PR 0.0000 | valAUC 0.6285 | tau+ 0.500
[OUTPOST-v4] epoch 158: test-all ROC 0.6820 PR 0.2554 | unseen ROC 0.5000 PR 0.0000 | valAUC 0.6559 | tau+ 0.500
[OUTPOST-v4] epoch 159: test-all ROC 0.6821 PR 0.2571 | unseen ROC 0.5000 PR 0.0000 | valAUC 0.6459 | tau+ 0.500
[OUTPOST-v4] epoch 160: test-all ROC 0.6832 PR 0.2582 | unseen ROC 0.5000 PR 0.0000 | valAUC 0.6680 | tau+ 0.500
[OUTPOST-v4] epoch 161: test-all ROC 0.6855 PR 0.2601 | unseen ROC 0.5000 PR 0.0000 | valAUC 0.6450 | tau+ 0.500
[OUTPOST-v4] epoch 162: test-all ROC 0.6850 PR 0.2598 | unseen ROC 0.5000 PR 0.0000 | valAUC 0.6497 | tau+ 0.500
[OUTPOST-v4] epoch 163: test-all ROC 0.6864 PR 0.2613 | unseen ROC 0.5000 PR 0.0000 | valAUC 0.6432 | tau+ 0.500
[OUTPOST-v4] epoch 164: test-all ROC 0.6879 PR 0.2629 | unseen ROC 0.5000 PR 0.0000 | valAUC 0.6474 | tau+ 0.500
[OUTPOST-v4] epoch 165: test-all ROC 0.6880 PR 0.2638 | unseen ROC 0.5000 PR 0.0000 | valAUC 0.6645 | tau+ 0.500
[OUTPOST-v4] epoch 166: test-all ROC 0.6893 PR 0.2661 | unseen ROC 0.5000 PR 0.0000 | valAUC 0.6675 | tau+ 0.500
[OUTPOST-v4] epoch 167: test-all ROC 0.6888 PR 0.2663 | unseen ROC 0.5000 PR 0.0000 | valAUC 0.6715 | tau+ 0.500
[OUTPOST-v4] epoch 168: test-all ROC 0.6903 PR 0.2670 | unseen ROC 0.5000 PR 0.0000 | valAUC 0.6472 | tau+ 0.500
[OUTPOST-v4] epoch 169: test-all ROC 0.6905 PR 0.2675 | unseen ROC 0.5000 PR 0.0000 | valAUC 0.6579 | tau+ 0.500
[OUTPOST-v4] epoch 170: test-all ROC 0.6904 PR 0.2673 | unseen ROC 0.5000 PR 0.0000 | valAUC 0.6480 | tau+ 0.500
[OUTPOST-v4] epoch 171: test-all ROC 0.6904 PR 0.2681 | unseen ROC 0.5000 PR 0.0000 | valAUC 0.6864 | tau+ 0.500
[OUTPOST-v4] epoch 172: test-all ROC 0.6905 PR 0.2683 | unseen ROC 0.5000 PR 0.0000 | valAUC 0.6677 | tau+ 0.500
[OUTPOST-v4] epoch 173: test-all ROC 0.6911 PR 0.2686 | unseen ROC 0.5000 PR 0.0000 | valAUC 0.6788 | tau+ 0.500
[OUTPOST-v4] epoch 174: test-all ROC 0.6920 PR 0.2701 | unseen ROC 0.5000 PR 0.0000 | valAUC 0.6685 | tau+ 0.500
[OUTPOST-v4] epoch 175: test-all ROC 0.6929 PR 0.2710 | unseen ROC 0.5000 PR 0.0000 | valAUC 0.6575 | tau+ 0.500
[OUTPOST-v4] epoch 176: test-all ROC 0.6937 PR 0.2724 | unseen ROC 0.5000 PR 0.0000 | valAUC 0.6499 | tau+ 0.500
[OUTPOST-v4] epoch 177: test-all ROC 0.6945 PR 0.2742 | unseen ROC 0.5000 PR 0.0000 | valAUC 0.6578 | tau+ 0.500
[OUTPOST-v4] epoch 178: test-all ROC 0.6954 PR 0.2748 | unseen ROC 0.5000 PR 0.0000 | valAUC 0.6678 | tau+ 0.500
[OUTPOST-v4] epoch 179: test-all ROC 0.6959 PR 0.2756 | unseen ROC 0.5000 PR 0.0000 | valAUC 0.6554 | tau+ 0.500
[OUTPOST-v4] epoch 180: test-all ROC 0.6960 PR 0.2765 | unseen ROC 0.5000 PR 0.0000 | valAUC 0.6606 | tau+ 0.500
[OUTPOST-v4] epoch 181: test-all ROC 0.6960 PR 0.2754 | unseen ROC 0.5000 PR 0.0000 | valAUC 0.6721 | tau+ 0.500
[OUTPOST-v4] epoch 182: test-all ROC 0.6976 PR 0.2780 | unseen ROC 0.5000 PR 0.0000 | valAUC 0.6588 | tau+ 0.500
[OUTPOST-v4] epoch 183: test-all ROC 0.6971 PR 0.2784 | unseen ROC 0.5000 PR 0.0000 | valAUC 0.6760 | tau+ 0.500
[OUTPOST-v4] epoch 184: test-all ROC 0.6977 PR 0.2780 | unseen ROC 0.5000 PR 0.0000 | valAUC 0.6479 | tau+ 0.500
[OUTPOST-v4] epoch 185: test-all ROC 0.6992 PR 0.2809 | unseen ROC 0.5000 PR 0.0000 | valAUC 0.6896 | tau+ 0.500
[OUTPOST-v4] epoch 186: test-all ROC 0.6980 PR 0.2795 | unseen ROC 0.5000 PR 0.0000 | valAUC 0.6712 | tau+ 0.500
[OUTPOST-v4] epoch 187: test-all ROC 0.6977 PR 0.2791 | unseen ROC 0.5000 PR 0.0000 | valAUC 0.6605 | tau+ 0.500
[OUTPOST-v4] epoch 188: test-all ROC 0.6981 PR 0.2811 | unseen ROC 0.5000 PR 0.0000 | valAUC 0.6778 | tau+ 0.500
[OUTPOST-v4] epoch 189: test-all ROC 0.6995 PR 0.2814 | unseen ROC 0.5000 PR 0.0000 | valAUC 0.6742 | tau+ 0.500
[OUTPOST-v4] epoch 190: test-all ROC 0.6989 PR 0.2813 | unseen ROC 0.5000 PR 0.0000 | valAUC 0.6765 | tau+ 0.500
[OUTPOST-v4] epoch 191: test-all ROC 0.7004 PR 0.2832 | unseen ROC 0.5000 PR 0.0000 | valAUC 0.6751 | tau+ 0.500
[OUTPOST-v4] epoch 192: test-all ROC 0.7006 PR 0.2835 | unseen ROC 0.5000 PR 0.0000 | valAUC 0.6629 | tau+ 0.500
[OUTPOST-v4] epoch 193: test-all ROC 0.7007 PR 0.2847 | unseen ROC 0.5000 PR 0.0000 | valAUC 0.6757 | tau+ 0.500
[OUTPOST-v4] epoch 194: test-all ROC 0.7013 PR 0.2849 | unseen ROC 0.5000 PR 0.0000 | valAUC 0.6588 | tau+ 0.500
[OUTPOST-v4] epoch 195: test-all ROC 0.7024 PR 0.2857 | unseen ROC 0.5000 PR 0.0000 | valAUC 0.6688 | tau+ 0.500
[OUTPOST-v4] epoch 196: test-all ROC 0.7023 PR 0.2862 | unseen ROC 0.5000 PR 0.0000 | valAUC 0.6739 | tau+ 0.500
[OUTPOST-v4] epoch 197: test-all ROC 0.7025 PR 0.2869 | unseen ROC 0.5000 PR 0.0000 | valAUC 0.6741 | tau+ 0.500
[OUTPOST-v4] epoch 198: test-all ROC 0.7023 PR 0.2857 | unseen ROC 0.5000 PR 0.0000 | valAUC 0.6673 | tau+ 0.500
[OUTPOST-v4] epoch 199: test-all ROC 0.7029 PR 0.2874 | unseen ROC 0.5000 PR 0.0000 | valAUC 0.6799 | tau+ 0.500
[OUTPOST-v4] epoch 200: test-all ROC 0.7036 PR 0.2882 | unseen ROC 0.5000 PR 0.0000 | valAUC 0.6781 | tau+ 0.500
[OUTPOST-v4] epoch 201: test-all ROC 0.7029 PR 0.2876 | unseen ROC 0.5000 PR 0.0000 | valAUC 0.6750 | tau+ 0.500
[OUTPOST-v4] epoch 202: test-all ROC 0.7043 PR 0.2891 | unseen ROC 0.5000 PR 0.0000 | valAUC 0.6767 | tau+ 0.500
[OUTPOST-v4] epoch 203: test-all ROC 0.7036 PR 0.2884 | unseen ROC 0.5000 PR 0.0000 | valAUC 0.6855 | tau+ 0.500
[OUTPOST-v4] epoch 204: test-all ROC 0.7043 PR 0.2896 | unseen ROC 0.5000 PR 0.0000 | valAUC 0.6766 | tau+ 0.500
[OUTPOST-v4] epoch 205: test-all ROC 0.7038 PR 0.2886 | unseen ROC 0.5000 PR 0.0000 | valAUC 0.6730 | tau+ 0.500
[OUTPOST-v4] epoch 206: test-all ROC 0.7044 PR 0.2907 | unseen ROC 0.5000 PR 0.0000 | valAUC 0.6711 | tau+ 0.500
[OUTPOST-v4] epoch 207: test-all ROC 0.7052 PR 0.2899 | unseen ROC 0.5000 PR 0.0000 | valAUC 0.6719 | tau+ 0.500
[OUTPOST-v4] epoch 208: test-all ROC 0.7042 PR 0.2899 | unseen ROC 0.5000 PR 0.0000 | valAUC 0.6844 | tau+ 0.500
[OUTPOST-v4] epoch 209: test-all ROC 0.7047 PR 0.2905 | unseen ROC 0.5000 PR 0.0000 | valAUC 0.6840 | tau+ 0.500
[OUTPOST-v4] epoch 210: test-all ROC 0.7053 PR 0.2900 | unseen ROC 0.5000 PR 0.0000 | valAUC 0.6780 | tau+ 0.500
[OUTPOST-v4] epoch 211: test-all ROC 0.7056 PR 0.2910 | unseen ROC 0.5000 PR 0.0000 | valAUC 0.6805 | tau+ 0.500
[OUTPOST-v4] epoch 212: test-all ROC 0.7052 PR 0.2916 | unseen ROC 0.5000 PR 0.0000 | valAUC 0.6805 | tau+ 0.500
[OUTPOST-v4] epoch 213: test-all ROC 0.7053 PR 0.2914 | unseen ROC 0.5000 PR 0.0000 | valAUC 0.6779 | tau+ 0.500
[OUTPOST-v4] epoch 214: test-all ROC 0.7056 PR 0.2913 | unseen ROC 0.5000 PR 0.0000 | valAUC 0.6827 | tau+ 0.500
[OUTPOST-v4] epoch 215: test-all ROC 0.7056 PR 0.2921 | unseen ROC 0.5000 PR 0.0000 | valAUC 0.6807 | tau+ 0.500
[OUTPOST-v4] epoch 216: test-all ROC 0.7061 PR 0.2924 | unseen ROC 0.5000 PR 0.0000 | valAUC 0.6848 | tau+ 0.500
[OUTPOST-v4] epoch 217: test-all ROC 0.7063 PR 0.2932 | unseen ROC 0.5000 PR 0.0000 | valAUC 0.6771 | tau+ 0.500
[OUTPOST-v4] epoch 218: test-all ROC 0.7059 PR 0.2926 | unseen ROC 0.5000 PR 0.0000 | valAUC 0.6785 | tau+ 0.500
[OUTPOST-v4] epoch 219: test-all ROC 0.7065 PR 0.2935 | unseen ROC 0.5000 PR 0.0000 | valAUC 0.6939 | tau+ 0.500
[OUTPOST-v4] epoch 220: test-all ROC 0.7068 PR 0.2935 | unseen ROC 0.5000 PR 0.0000 | valAUC 0.6755 | tau+ 0.500
[OUTPOST-v4] epoch 221: test-all ROC 0.7066 PR 0.2941 | unseen ROC 0.5000 PR 0.0000 | valAUC 0.6849 | tau+ 0.500
[OUTPOST-v4] epoch 222: test-all ROC 0.7065 PR 0.2945 | unseen ROC 0.5000 PR 0.0000 | valAUC 0.6815 | tau+ 0.500
[OUTPOST-v4] epoch 223: test-all ROC 0.7062 PR 0.2936 | unseen ROC 0.5000 PR 0.0000 | valAUC 0.6834 | tau+ 0.500
[OUTPOST-v4] epoch 224: test-all ROC 0.7068 PR 0.2945 | unseen ROC 0.5000 PR 0.0000 | valAUC 0.6736 | tau+ 0.500
[OUTPOST-v4] epoch 225: test-all ROC 0.7070 PR 0.2943 | unseen ROC 0.5000 PR 0.0000 | valAUC 0.6854 | tau+ 0.500
[OUTPOST-v4] epoch 226: test-all ROC 0.7062 PR 0.2943 | unseen ROC 0.5000 PR 0.0000 | valAUC 0.6852 | tau+ 0.500
[OUTPOST-v4] epoch 227: test-all ROC 0.7065 PR 0.2944 | unseen ROC 0.5000 PR 0.0000 | valAUC 0.6889 | tau+ 0.500
[OUTPOST-v4] epoch 228: test-all ROC 0.7076 PR 0.2950 | unseen ROC 0.5000 PR 0.0000 | valAUC 0.6787 | tau+ 0.500
[OUTPOST-v4] epoch 229: test-all ROC 0.7068 PR 0.2949 | unseen ROC 0.5000 PR 0.0000 | valAUC 0.6819 | tau+ 0.500
[OUTPOST-v4] epoch 230: test-all ROC 0.7070 PR 0.2948 | unseen ROC 0.5000 PR 0.0000 | valAUC 0.6839 | tau+ 0.500
[OUTPOST-v4] epoch 231: test-all ROC 0.7070 PR 0.2947 | unseen ROC 0.5000 PR 0.0000 | valAUC 0.6827 | tau+ 0.500
[OUTPOST-v4] epoch 232: test-all ROC 0.7073 PR 0.2955 | unseen ROC 0.5000 PR 0.0000 | valAUC 0.6817 | tau+ 0.500
[OUTPOST-v4] epoch 233: test-all ROC 0.7072 PR 0.2953 | unseen ROC 0.5000 PR 0.0000 | valAUC 0.6831 | tau+ 0.500
[OUTPOST-v4] epoch 234: test-all ROC 0.7077 PR 0.2963 | unseen ROC 0.5000 PR 0.0000 | valAUC 0.6798 | tau+ 0.500
[OUTPOST-v4] epoch 235: test-all ROC 0.7081 PR 0.2964 | unseen ROC 0.5000 PR 0.0000 | valAUC 0.6865 | tau+ 0.500
[OUTPOST-v4] epoch 236: test-all ROC 0.7073 PR 0.2955 | unseen ROC 0.5000 PR 0.0000 | valAUC 0.6878 | tau+ 0.500
[OUTPOST-v4] epoch 237: test-all ROC 0.7074 PR 0.2964 | unseen ROC 0.5000 PR 0.0000 | valAUC 0.6838 | tau+ 0.500
[OUTPOST-v4] epoch 238: test-all ROC 0.7079 PR 0.2968 | unseen ROC 0.5000 PR 0.0000 | valAUC 0.6871 | tau+ 0.500
[OUTPOST-v4] epoch 239: test-all ROC 0.7077 PR 0.2968 | unseen ROC 0.5000 PR 0.0000 | valAUC 0.6829 | tau+ 0.500
[OUTPOST-v4] epoch 240: test-all ROC 0.7090 PR 0.2980 | unseen ROC 0.5000 PR 0.0000 | valAUC 0.6915 | tau+ 0.500
[OUTPOST-v4] epoch 241: test-all ROC 0.7085 PR 0.2974 | unseen ROC 0.5000 PR 0.0000 | valAUC 0.6852 | tau+ 0.500
[OUTPOST-v4] epoch 242: test-all ROC 0.7089 PR 0.2974 | unseen ROC 0.5000 PR 0.0000 | valAUC 0.6852 | tau+ 0.500
[OUTPOST-v4] epoch 243: test-all ROC 0.7086 PR 0.2983 | unseen ROC 0.5000 PR 0.0000 | valAUC 0.6861 | tau+ 0.500
[OUTPOST-v4] epoch 244: test-all ROC 0.7081 PR 0.2977 | unseen ROC 0.5000 PR 0.0000 | valAUC 0.6919 | tau+ 0.500
[OUTPOST-v4] epoch 245: test-all ROC 0.7080 PR 0.2986 | unseen ROC 0.5000 PR 0.0000 | valAUC 0.6807 | tau+ 0.500
[OUTPOST-v4] epoch 246: test-all ROC 0.7079 PR 0.2975 | unseen ROC 0.5000 PR 0.0000 | valAUC 0.6773 | tau+ 0.500
[OUTPOST-v4] epoch 247: test-all ROC 0.7080 PR 0.2981 | unseen ROC 0.5000 PR 0.0000 | valAUC 0.6846 | tau+ 0.500
[OUTPOST-v4] epoch 248: test-all ROC 0.7089 PR 0.2994 | unseen ROC 0.5000 PR 0.0000 | valAUC 0.6876 | tau+ 0.500
[OUTPOST-v4] epoch 249: test-all ROC 0.7083 PR 0.2992 | unseen ROC 0.5000 PR 0.0000 | valAUC 0.6819 | tau+ 0.500
[OUTPOST-v4] epoch 250: test-all ROC 0.7081 PR 0.2986 | unseen ROC 0.5000 PR 0.0000 | valAUC 0.6776 | tau+ 0.500
[OUTPOST-v4] epoch 251: test-all ROC 0.7084 PR 0.2988 | unseen ROC 0.5000 PR 0.0000 | valAUC 0.6878 | tau+ 0.500
[OUTPOST-v4] epoch 252: test-all ROC 0.7088 PR 0.2993 | unseen ROC 0.5000 PR 0.0000 | valAUC 0.6761 | tau+ 0.500
[OUTPOST-v4] epoch 253: test-all ROC 0.7089 PR 0.2996 | unseen ROC 0.5000 PR 0.0000 | valAUC 0.6886 | tau+ 0.500
[OUTPOST-v4] epoch 254: test-all ROC 0.7087 PR 0.3000 | unseen ROC 0.5000 PR 0.0000 | valAUC 0.6844 | tau+ 0.500
[OUTPOST-v4] epoch 255: test-all ROC 0.7093 PR 0.2999 | unseen ROC 0.5000 PR 0.0000 | valAUC 0.6924 | tau+ 0.500
[OUTPOST-v4] epoch 256: test-all ROC 0.7089 PR 0.3002 | unseen ROC 0.5000 PR 0.0000 | valAUC 0.6847 | tau+ 0.500
[OUTPOST-v4] epoch 257: test-all ROC 0.7091 PR 0.3001 | unseen ROC 0.5000 PR 0.0000 | valAUC 0.6879 | tau+ 0.500
[OUTPOST-v4] epoch 258: test-all ROC 0.7098 PR 0.3012 | unseen ROC 0.5000 PR 0.0000 | valAUC 0.6873 | tau+ 0.500
[OUTPOST-v4] epoch 259: test-all ROC 0.7091 PR 0.3006 | unseen ROC 0.5000 PR 0.0000 | valAUC 0.6841 | tau+ 0.500
[OUTPOST-v4] epoch 260: test-all ROC 0.7096 PR 0.3009 | unseen ROC 0.5000 PR 0.0000 | valAUC 0.6867 | tau+ 0.500
[OUTPOST-v4] epoch 261: test-all ROC 0.7090 PR 0.3006 | unseen ROC 0.5000 PR 0.0000 | valAUC 0.6868 | tau+ 0.500
[OUTPOST-v4] epoch 262: test-all ROC 0.7087 PR 0.3007 | unseen ROC 0.5000 PR 0.0000 | valAUC 0.6830 | tau+ 0.500
[OUTPOST-v4] epoch 263: test-all ROC 0.7092 PR 0.3009 | unseen ROC 0.5000 PR 0.0000 | valAUC 0.6909 | tau+ 0.500
[OUTPOST-v4] epoch 264: test-all ROC 0.7096 PR 0.3016 | unseen ROC 0.5000 PR 0.0000 | valAUC 0.6781 | tau+ 0.500
[OUTPOST-v4] epoch 265: test-all ROC 0.7088 PR 0.3003 | unseen ROC 0.5000 PR 0.0000 | valAUC 0.6861 | tau+ 0.500
[OUTPOST-v4] epoch 266: test-all ROC 0.7090 PR 0.3012 | unseen ROC 0.5000 PR 0.0000 | valAUC 0.6873 | tau+ 0.500
[OUTPOST-v4] epoch 267: test-all ROC 0.7090 PR 0.3007 | unseen ROC 0.5000 PR 0.0000 | valAUC 0.6911 | tau+ 0.500
[OUTPOST-v4] epoch 268: test-all ROC 0.7099 PR 0.3014 | unseen ROC 0.5000 PR 0.0000 | valAUC 0.6856 | tau+ 0.500
[OUTPOST-v4] epoch 269: test-all ROC 0.7096 PR 0.3018 | unseen ROC 0.5000 PR 0.0000 | valAUC 0.6810 | tau+ 0.500
[OUTPOST-v4] epoch 270: test-all ROC 0.7098 PR 0.3026 | unseen ROC 0.5000 PR 0.0000 | valAUC 0.6847 | tau+ 0.500
[OUTPOST-v4] epoch 271: test-all ROC 0.7097 PR 0.3017 | unseen ROC 0.5000 PR 0.0000 | valAUC 0.6778 | tau+ 0.500
[OUTPOST-v4] epoch 272: test-all ROC 0.7099 PR 0.3024 | unseen ROC 0.5000 PR 0.0000 | valAUC 0.6911 | tau+ 0.500
[OUTPOST-v4] epoch 273: test-all ROC 0.7104 PR 0.3025 | unseen ROC 0.5000 PR 0.0000 | valAUC 0.6881 | tau+ 0.500
[OUTPOST-v4] epoch 274: test-all ROC 0.7101 PR 0.3028 | unseen ROC 0.5000 PR 0.0000 | valAUC 0.6817 | tau+ 0.500
[OUTPOST-v4] epoch 275: test-all ROC 0.7105 PR 0.3030 | unseen ROC 0.5000 PR 0.0000 | valAUC 0.6892 | tau+ 0.500
[OUTPOST-v4] epoch 276: test-all ROC 0.7109 PR 0.3038 | unseen ROC 0.5000 PR 0.0000 | valAUC 0.6881 | tau+ 0.500
[OUTPOST-v4] epoch 277: test-all ROC 0.7111 PR 0.3032 | unseen ROC 0.5000 PR 0.0000 | valAUC 0.6879 | tau+ 0.500
[OUTPOST-v4] epoch 278: test-all ROC 0.7103 PR 0.3038 | unseen ROC 0.5000 PR 0.0000 | valAUC 0.6836 | tau+ 0.500
[OUTPOST-v4] epoch 279: test-all ROC 0.7108 PR 0.3028 | unseen ROC 0.5000 PR 0.0000 | valAUC 0.6880 | tau+ 0.500
[OUTPOST-v4] epoch 280: test-all ROC 0.7110 PR 0.3037 | unseen ROC 0.5000 PR 0.0000 | valAUC 0.6825 | tau+ 0.500
[OUTPOST-v4] epoch 281: test-all ROC 0.7110 PR 0.3040 | unseen ROC 0.5000 PR 0.0000 | valAUC 0.6872 | tau+ 0.500
[OUTPOST-v4] epoch 282: test-all ROC 0.7104 PR 0.3038 | unseen ROC 0.5000 PR 0.0000 | valAUC 0.6844 | tau+ 0.500
[OUTPOST-v4] epoch 283: test-all ROC 0.7110 PR 0.3038 | unseen ROC 0.5000 PR 0.0000 | valAUC 0.6841 | tau+ 0.500
[OUTPOST-v4] epoch 284: test-all ROC 0.7114 PR 0.3055 | unseen ROC 0.5000 PR 0.0000 | valAUC 0.6883 | tau+ 0.500
[OUTPOST-v4] epoch 285: test-all ROC 0.7111 PR 0.3051 | unseen ROC 0.5000 PR 0.0000 | valAUC 0.6876 | tau+ 0.500
[OUTPOST-v4] epoch 286: test-all ROC 0.7117 PR 0.3055 | unseen ROC 0.5000 PR 0.0000 | valAUC 0.6909 | tau+ 0.500
[OUTPOST-v4] epoch 287: test-all ROC 0.7116 PR 0.3058 | unseen ROC 0.5000 PR 0.0000 | valAUC 0.6810 | tau+ 0.500
[OUTPOST-v4] epoch 288: test-all ROC 0.7121 PR 0.3061 | unseen ROC 0.5000 PR 0.0000 | valAUC 0.6809 | tau+ 0.500
[OUTPOST-v4] epoch 289: test-all ROC 0.7120 PR 0.3063 | unseen ROC 0.5000 PR 0.0000 | valAUC 0.6899 | tau+ 0.500
[OUTPOST-v4] epoch 290: test-all ROC 0.7127 PR 0.3076 | unseen ROC 0.5000 PR 0.0000 | valAUC 0.6975 | tau+ 0.500
[OUTPOST-v4] epoch 291: test-all ROC 0.7119 PR 0.3066 | unseen ROC 0.5000 PR 0.0000 | valAUC 0.6838 | tau+ 0.500
[OUTPOST-v4] epoch 292: test-all ROC 0.7125 PR 0.3079 | unseen ROC 0.5000 PR 0.0000 | valAUC 0.6912 | tau+ 0.500
[OUTPOST-v4] epoch 293: test-all ROC 0.7118 PR 0.3068 | unseen ROC 0.5000 PR 0.0000 | valAUC 0.6818 | tau+ 0.500
[OUTPOST-v4] epoch 294: test-all ROC 0.7125 PR 0.3077 | unseen ROC 0.5000 PR 0.0000 | valAUC 0.6945 | tau+ 0.500
[OUTPOST-v4] epoch 295: test-all ROC 0.7123 PR 0.3080 | unseen ROC 0.5000 PR 0.0000 | valAUC 0.6916 | tau+ 0.500
[OUTPOST-v4] epoch 296: test-all ROC 0.7129 PR 0.3082 | unseen ROC 0.5000 PR 0.0000 | valAUC 0.6989 | tau+ 0.500
[OUTPOST-v4] epoch 297: test-all ROC 0.7131 PR 0.3084 | unseen ROC 0.5000 PR 0.0000 | valAUC 0.6862 | tau+ 0.500
[OUTPOST-v4] epoch 298: test-all ROC 0.7126 PR 0.3086 | unseen ROC 0.5000 PR 0.0000 | valAUC 0.6919 | tau+ 0.500
[OUTPOST-v4] epoch 299: test-all ROC 0.7128 PR 0.3084 | unseen ROC 0.5000 PR 0.0000 | valAUC 0.6889 | tau+ 0.500
[OUTPOST-v4] epoch 300: test-all ROC 0.7132 PR 0.3097 | unseen ROC 0.5000 PR 0.0000 | valAUC 0.6872 | tau+ 0.500
[OUTPOST-v4] epoch 301: test-all ROC 0.7138 PR 0.3101 | unseen ROC 0.5000 PR 0.0000 | valAUC 0.6878 | tau+ 0.500
[OUTPOST-v4] epoch 302: test-all ROC 0.7131 PR 0.3101 | unseen ROC 0.5000 PR 0.0000 | valAUC 0.6886 | tau+ 0.500
[OUTPOST-v4] epoch 303: test-all ROC 0.7141 PR 0.3116 | unseen ROC 0.5000 PR 0.0000 | valAUC 0.6957 | tau+ 0.500
[OUTPOST-v4] epoch 304: test-all ROC 0.7136 PR 0.3114 | unseen ROC 0.5000 PR 0.0000 | valAUC 0.6860 | tau+ 0.500
[OUTPOST-v4] epoch 305: test-all ROC 0.7138 PR 0.3115 | unseen ROC 0.5000 PR 0.0000 | valAUC 0.6909 | tau+ 0.500
[OUTPOST-v4] epoch 306: test-all ROC 0.7131 PR 0.3103 | unseen ROC 0.5000 PR 0.0000 | valAUC 0.6926 | tau+ 0.500
[OUTPOST-v4] epoch 307: test-all ROC 0.7132 PR 0.3113 | unseen ROC 0.5000 PR 0.0000 | valAUC 0.6895 | tau+ 0.500
[OUTPOST-v4] epoch 308: test-all ROC 0.7140 PR 0.3122 | unseen ROC 0.5000 PR 0.0000 | valAUC 0.6878 | tau+ 0.500
[OUTPOST-v4] epoch 309: test-all ROC 0.7141 PR 0.3127 | unseen ROC 0.5000 PR 0.0000 | valAUC 0.6914 | tau+ 0.500
[OUTPOST-v4] epoch 310: test-all ROC 0.7152 PR 0.3135 | unseen ROC 0.5000 PR 0.0000 | valAUC 0.6955 | tau+ 0.500
[OUTPOST-v4] epoch 311: test-all ROC 0.7147 PR 0.3134 | unseen ROC 0.5000 PR 0.0000 | valAUC 0.6890 | tau+ 0.500
[OUTPOST-v4] epoch 312: test-all ROC 0.7146 PR 0.3139 | unseen ROC 0.5000 PR 0.0000 | valAUC 0.6849 | tau+ 0.500
[OUTPOST-v4] epoch 313: test-all ROC 0.7153 PR 0.3152 | unseen ROC 0.5000 PR 0.0000 | valAUC 0.6936 | tau+ 0.500
[OUTPOST-v4] epoch 314: test-all ROC 0.7152 PR 0.3138 | unseen ROC 0.5000 PR 0.0000 | valAUC 0.6894 | tau+ 0.500
[OUTPOST-v4] epoch 315: test-all ROC 0.7159 PR 0.3153 | unseen ROC 0.5000 PR 0.0000 | valAUC 0.6917 | tau+ 0.500
[OUTPOST-v4] epoch 316: test-all ROC 0.7152 PR 0.3142 | unseen ROC 0.5000 PR 0.0000 | valAUC 0.6898 | tau+ 0.500
[OUTPOST-v4] epoch 317: test-all ROC 0.7161 PR 0.3156 | unseen ROC 0.5000 PR 0.0000 | valAUC 0.6964 | tau+ 0.500
[OUTPOST-v4] epoch 318: test-all ROC 0.7163 PR 0.3165 | unseen ROC 0.5000 PR 0.0000 | valAUC 0.6939 | tau+ 0.500
[OUTPOST-v4] epoch 319: test-all ROC 0.7166 PR 0.3160 | unseen ROC 0.5000 PR 0.0000 | valAUC 0.6922 | tau+ 0.500
[OUTPOST-v4] epoch 320: test-all ROC 0.7164 PR 0.3166 | unseen ROC 0.5000 PR 0.0000 | valAUC 0.7005 | tau+ 0.500
[OUTPOST-v4] epoch 321: test-all ROC 0.7173 PR 0.3179 | unseen ROC 0.5000 PR 0.0000 | valAUC 0.7016 | tau+ 0.500
[OUTPOST-v4] epoch 322: test-all ROC 0.7171 PR 0.3172 | unseen ROC 0.5000 PR 0.0000 | valAUC 0.6932 | tau+ 0.500
[OUTPOST-v4] epoch 323: test-all ROC 0.7183 PR 0.3186 | unseen ROC 0.5000 PR 0.0000 | valAUC 0.6896 | tau+ 0.500
[OUTPOST-v4] epoch 324: test-all ROC 0.7176 PR 0.3184 | unseen ROC 0.5000 PR 0.0000 | valAUC 0.6958 | tau+ 0.500
[OUTPOST-v4] epoch 325: test-all ROC 0.7181 PR 0.3192 | unseen ROC 0.5000 PR 0.0000 | valAUC 0.6964 | tau+ 0.500
[OUTPOST-v4] epoch 326: test-all ROC 0.7182 PR 0.3199 | unseen ROC 0.5000 PR 0.0000 | valAUC 0.7037 | tau+ 0.500
[OUTPOST-v4] epoch 327: test-all ROC 0.7188 PR 0.3202 | unseen ROC 0.5000 PR 0.0000 | valAUC 0.7009 | tau+ 0.500
[OUTPOST-v4] epoch 328: test-all ROC 0.7185 PR 0.3208 | unseen ROC 0.5000 PR 0.0000 | valAUC 0.6978 | tau+ 0.500
[OUTPOST-v4] epoch 329: test-all ROC 0.7192 PR 0.3210 | unseen ROC 0.5000 PR 0.0000 | valAUC 0.6934 | tau+ 0.500
[OUTPOST-v4] epoch 330: test-all ROC 0.7190 PR 0.3216 | unseen ROC 0.5000 PR 0.0000 | valAUC 0.6952 | tau+ 0.500
[OUTPOST-v4] epoch 331: test-all ROC 0.7190 PR 0.3210 | unseen ROC 0.5000 PR 0.0000 | valAUC 0.6990 | tau+ 0.500
[OUTPOST-v4] epoch 332: test-all ROC 0.7197 PR 0.3228 | unseen ROC 0.5000 PR 0.0000 | valAUC 0.6935 | tau+ 0.500
[OUTPOST-v4] epoch 333: test-all ROC 0.7204 PR 0.3222 | unseen ROC 0.5000 PR 0.0000 | valAUC 0.6924 | tau+ 0.500
[OUTPOST-v4] epoch 334: test-all ROC 0.7202 PR 0.3234 | unseen ROC 0.5000 PR 0.0000 | valAUC 0.6881 | tau+ 0.500
[OUTPOST-v4] epoch 335: test-all ROC 0.7207 PR 0.3239 | unseen ROC 0.5000 PR 0.0000 | valAUC 0.7052 | tau+ 0.500
[OUTPOST-v4] epoch 336: test-all ROC 0.7209 PR 0.3235 | unseen ROC 0.5000 PR 0.0000 | valAUC 0.7003 | tau+ 0.500
[OUTPOST-v4] epoch 337: test-all ROC 0.7211 PR 0.3236 | unseen ROC 0.5000 PR 0.0000 | valAUC 0.7030 | tau+ 0.500
[OUTPOST-v4] epoch 338: test-all ROC 0.7218 PR 0.3251 | unseen ROC 0.5000 PR 0.0000 | valAUC 0.6927 | tau+ 0.500
[OUTPOST-v4] epoch 339: test-all ROC 0.7216 PR 0.3247 | unseen ROC 0.5000 PR 0.0000 | valAUC 0.6997 | tau+ 0.500
[OUTPOST-v4] epoch 340: test-all ROC 0.7220 PR 0.3254 | unseen ROC 0.5000 PR 0.0000 | valAUC 0.6958 | tau+ 0.500
[OUTPOST-v4] epoch 341: test-all ROC 0.7224 PR 0.3254 | unseen ROC 0.5000 PR 0.0000 | valAUC 0.6957 | tau+ 0.500
[OUTPOST-v4] epoch 342: test-all ROC 0.7228 PR 0.3268 | unseen ROC 0.5000 PR 0.0000 | valAUC 0.6990 | tau+ 0.500
[OUTPOST-v4] epoch 343: test-all ROC 0.7227 PR 0.3273 | unseen ROC 0.5000 PR 0.0000 | valAUC 0.6994 | tau+ 0.500
[OUTPOST-v4] epoch 344: test-all ROC 0.7232 PR 0.3289 | unseen ROC 0.5000 PR 0.0000 | valAUC 0.7027 | tau+ 0.500
[OUTPOST-v4] epoch 345: test-all ROC 0.7226 PR 0.3271 | unseen ROC 0.5000 PR 0.0000 | valAUC 0.7032 | tau+ 0.500
[OUTPOST-v4] epoch 346: test-all ROC 0.7229 PR 0.3279 | unseen ROC 0.5000 PR 0.0000 | valAUC 0.7089 | tau+ 0.500
[OUTPOST-v4] epoch 347: test-all ROC 0.7235 PR 0.3275 | unseen ROC 0.5000 PR 0.0000 | valAUC 0.7070 | tau+ 0.500
[OUTPOST-v4] epoch 348: test-all ROC 0.7241 PR 0.3295 | unseen ROC 0.5000 PR 0.0000 | valAUC 0.7035 | tau+ 0.500
[OUTPOST-v4] epoch 349: test-all ROC 0.7242 PR 0.3305 | unseen ROC 0.5000 PR 0.0000 | valAUC 0.7032 | tau+ 0.500
[OUTPOST-v4] epoch 350: test-all ROC 0.7239 PR 0.3301 | unseen ROC 0.5000 PR 0.0000 | valAUC 0.7049 | tau+ 0.500
[OUTPOST-v4] epoch 351: test-all ROC 0.7250 PR 0.3300 | unseen ROC 0.5000 PR 0.0000 | valAUC 0.7126 | tau+ 0.500
[OUTPOST-v4] epoch 352: test-all ROC 0.7243 PR 0.3294 | unseen ROC 0.5000 PR 0.0000 | valAUC 0.6967 | tau+ 0.500
[OUTPOST-v4] epoch 353: test-all ROC 0.7248 PR 0.3309 | unseen ROC 0.5000 PR 0.0000 | valAUC 0.6962 | tau+ 0.500
[OUTPOST-v4] epoch 354: test-all ROC 0.7253 PR 0.3321 | unseen ROC 0.5000 PR 0.0000 | valAUC 0.7043 | tau+ 0.500
[OUTPOST-v4] epoch 355: test-all ROC 0.7248 PR 0.3313 | unseen ROC 0.5000 PR 0.0000 | valAUC 0.6929 | tau+ 0.500
[OUTPOST-v4] epoch 356: test-all ROC 0.7252 PR 0.3315 | unseen ROC 0.5000 PR 0.0000 | valAUC 0.7098 | tau+ 0.500
[OUTPOST-v4] epoch 357: test-all ROC 0.7254 PR 0.3326 | unseen ROC 0.5000 PR 0.0000 | valAUC 0.7050 | tau+ 0.500
[OUTPOST-v4] epoch 358: test-all ROC 0.7248 PR 0.3325 | unseen ROC 0.5000 PR 0.0000 | valAUC 0.7037 | tau+ 0.500
[OUTPOST-v4] epoch 359: test-all ROC 0.7256 PR 0.3334 | unseen ROC 0.5000 PR 0.0000 | valAUC 0.6903 | tau+ 0.500
[OUTPOST-v4] epoch 360: test-all ROC 0.7254 PR 0.3327 | unseen ROC 0.5000 PR 0.0000 | valAUC 0.6965 | tau+ 0.500
[OUTPOST-v4] epoch 361: test-all ROC 0.7254 PR 0.3326 | unseen ROC 0.5000 PR 0.0000 | valAUC 0.6995 | tau+ 0.500
[OUTPOST-v4] epoch 362: test-all ROC 0.7263 PR 0.3349 | unseen ROC 0.5000 PR 0.0000 | valAUC 0.7095 | tau+ 0.500
[OUTPOST-v4] epoch 363: test-all ROC 0.7268 PR 0.3356 | unseen ROC 0.5000 PR 0.0000 | valAUC 0.7105 | tau+ 0.500
[OUTPOST-v4] epoch 364: test-all ROC 0.7261 PR 0.3345 | unseen ROC 0.5000 PR 0.0000 | valAUC 0.7119 | tau+ 0.500
[OUTPOST-v4] epoch 365: test-all ROC 0.7253 PR 0.3331 | unseen ROC 0.5000 PR 0.0000 | valAUC 0.7088 | tau+ 0.500
[OUTPOST-v4] epoch 366: test-all ROC 0.7262 PR 0.3354 | unseen ROC 0.5000 PR 0.0000 | valAUC 0.7029 | tau+ 0.500
[OUTPOST-v4] epoch 367: test-all ROC 0.7272 PR 0.3351 | unseen ROC 0.5000 PR 0.0000 | valAUC 0.7106 | tau+ 0.500
[OUTPOST-v4] epoch 368: test-all ROC 0.7258 PR 0.3357 | unseen ROC 0.5000 PR 0.0000 | valAUC 0.7049 | tau+ 0.500
[OUTPOST-v4] epoch 369: test-all ROC 0.7258 PR 0.3350 | unseen ROC 0.5000 PR 0.0000 | valAUC 0.7111 | tau+ 0.500
[OUTPOST-v4] epoch 370: test-all ROC 0.7257 PR 0.3345 | unseen ROC 0.5000 PR 0.0000 | valAUC 0.7045 | tau+ 0.500
[OUTPOST-v4] epoch 371: test-all ROC 0.7255 PR 0.3354 | unseen ROC 0.5000 PR 0.0000 | valAUC 0.7051 | tau+ 0.500
[OUTPOST-v4] epoch 372: test-all ROC 0.7263 PR 0.3359 | unseen ROC 0.5000 PR 0.0000 | valAUC 0.7049 | tau+ 0.500
[OUTPOST-v4] epoch 373: test-all ROC 0.7268 PR 0.3366 | unseen ROC 0.5000 PR 0.0000 | valAUC 0.7014 | tau+ 0.500
[OUTPOST-v4] epoch 374: test-all ROC 0.7252 PR 0.3353 | unseen ROC 0.5000 PR 0.0000 | valAUC 0.7121 | tau+ 0.500
[OUTPOST-v4] epoch 375: test-all ROC 0.7259 PR 0.3351 | unseen ROC 0.5000 PR 0.0000 | valAUC 0.7134 | tau+ 0.500
[OUTPOST-v4] epoch 376: test-all ROC 0.7256 PR 0.3358 | unseen ROC 0.5000 PR 0.0000 | valAUC 0.7120 | tau+ 0.500
[OUTPOST-v4] epoch 377: test-all ROC 0.7267 PR 0.3374 | unseen ROC 0.5000 PR 0.0000 | valAUC 0.7052 | tau+ 0.500
[OUTPOST-v4] epoch 378: test-all ROC 0.7259 PR 0.3379 | unseen ROC 0.5000 PR 0.0000 | valAUC 0.7088 | tau+ 0.500
[OUTPOST-v4] epoch 379: test-all ROC 0.7259 PR 0.3362 | unseen ROC 0.5000 PR 0.0000 | valAUC 0.7064 | tau+ 0.500
[OUTPOST-v4] epoch 380: test-all ROC 0.7260 PR 0.3353 | unseen ROC 0.5000 PR 0.0000 | valAUC 0.7051 | tau+ 0.500
[OUTPOST-v4] epoch 381: test-all ROC 0.7262 PR 0.3371 | unseen ROC 0.5000 PR 0.0000 | valAUC 0.7091 | tau+ 0.500
[OUTPOST-v4] epoch 382: test-all ROC 0.7265 PR 0.3378 | unseen ROC 0.5000 PR 0.0000 | valAUC 0.6915 | tau+ 0.500
[OUTPOST-v4] epoch 383: test-all ROC 0.7256 PR 0.3371 | unseen ROC 0.5000 PR 0.0000 | valAUC 0.6961 | tau+ 0.500
[OUTPOST-v4] epoch 384: test-all ROC 0.7260 PR 0.3367 | unseen ROC 0.5000 PR 0.0000 | valAUC 0.6956 | tau+ 0.500
[OUTPOST-v4] epoch 385: test-all ROC 0.7263 PR 0.3380 | unseen ROC 0.5000 PR 0.0000 | valAUC 0.7056 | tau+ 0.500
[OUTPOST-v4] epoch 386: test-all ROC 0.7261 PR 0.3372 | unseen ROC 0.5000 PR 0.0000 | valAUC 0.7122 | tau+ 0.500
[OUTPOST-v4] epoch 387: test-all ROC 0.7259 PR 0.3376 | unseen ROC 0.5000 PR 0.0000 | valAUC 0.7007 | tau+ 0.500
[OUTPOST-v4] epoch 388: test-all ROC 0.7262 PR 0.3366 | unseen ROC 0.5000 PR 0.0000 | valAUC 0.7151 | tau+ 0.500
[OUTPOST-v4] epoch 389: test-all ROC 0.7269 PR 0.3378 | unseen ROC 0.5000 PR 0.0000 | valAUC 0.6974 | tau+ 0.500
[OUTPOST-v4] epoch 390: test-all ROC 0.7261 PR 0.3371 | unseen ROC 0.5000 PR 0.0000 | valAUC 0.7218 | tau+ 0.500
[OUTPOST-v4] epoch 391: test-all ROC 0.7250 PR 0.3363 | unseen ROC 0.5000 PR 0.0000 | valAUC 0.7114 | tau+ 0.500
[OUTPOST-v4] epoch 392: test-all ROC 0.7260 PR 0.3363 | unseen ROC 0.5000 PR 0.0000 | valAUC 0.7089 | tau+ 0.500
[OUTPOST-v4] epoch 393: test-all ROC 0.7268 PR 0.3392 | unseen ROC 0.5000 PR 0.0000 | valAUC 0.7018 | tau+ 0.500
[OUTPOST-v4] epoch 394: test-all ROC 0.7273 PR 0.3379 | unseen ROC 0.5000 PR 0.0000 | valAUC 0.6902 | tau+ 0.500
[OUTPOST-v4] epoch 395: test-all ROC 0.7275 PR 0.3385 | unseen ROC 0.5000 PR 0.0000 | valAUC 0.7181 | tau+ 0.500
[OUTPOST-v4] epoch 396: test-all ROC 0.7271 PR 0.3380 | unseen ROC 0.5000 PR 0.0000 | valAUC 0.7147 | tau+ 0.500
[OUTPOST-v4] epoch 397: test-all ROC 0.7275 PR 0.3387 | unseen ROC 0.5000 PR 0.0000 | valAUC 0.7037 | tau+ 0.500
[OUTPOST-v4] epoch 398: test-all ROC 0.7277 PR 0.3389 | unseen ROC 0.5000 PR 0.0000 | valAUC 0.6943 | tau+ 0.500
[OUTPOST-v4] epoch 399: test-all ROC 0.7276 PR 0.3389 | unseen ROC 0.5000 PR 0.0000 | valAUC 0.6980 | tau+ 0.500
  rotation 1: ROC 0.7277 PR 0.3392
[yelp] params 7361, peak GPU 1.95 GB, 38.5 min total

[yelp] AGGREGATE  best-over-epochs: ROC 0.7277 PR 0.3392
[yelp] AGGREGATE  val-selected:     ROC 0.7261 PR 0.3371
row appended to results/results.csv
