# gpu=6 cmd=/usr/bin/python3 -u main.py --dataset yelp --seed 3 --method outpost --tag D_hidden16 --set hidden_dim=16
/nas/home/jahin/.local/lib/python3.10/site-packages/requests/__init__.py:113: RequestsDependencyWarning: urllib3 (1.26.5) or chardet (7.2.0)/charset_normalizer (3.4.4) doesn't match a supported version!
  warnings.warn(
[yelp] anomaly classes (rotations): [np.int64(1)]
Normal classes: [np.int64(0)] in yelp
Building multi-layer GraphSage
[OUTPOST-v4] epoch 0: test-all ROC 0.4150 PR 0.1281 | unseen ROC 0.5000 PR 0.0000 | valAUC 0.5364 | tau+ 0.500
[OUTPOST-v4] epoch 1: test-all ROC 0.4133 PR 0.1278 | unseen ROC 0.5000 PR 0.0000 | valAUC 0.5523 | tau+ 0.500
[OUTPOST-v4] epoch 2: test-all ROC 0.4125 PR 0.1278 | unseen ROC 0.5000 PR 0.0000 | valAUC 0.5641 | tau+ 0.500
[OUTPOST-v4] epoch 3: test-all ROC 0.4127 PR 0.1280 | unseen ROC 0.5000 PR 0.0000 | valAUC 0.5640 | tau+ 0.500
[OUTPOST-v4] epoch 4: test-all ROC 0.4135 PR 0.1281 | unseen ROC 0.5000 PR 0.0000 | valAUC 0.5651 | tau+ 0.500
[OUTPOST-v4] epoch 5: test-all ROC 0.4110 PR 0.1273 | unseen ROC 0.5000 PR 0.0000 | valAUC 0.5699 | tau+ 0.500
[OUTPOST-v4] epoch 6: test-all ROC 0.4127 PR 0.1280 | unseen ROC 0.5000 PR 0.0000 | valAUC 0.5647 | tau+ 0.500
[OUTPOST-v4] epoch 7: test-all ROC 0.4162 PR 0.1288 | unseen ROC 0.5000 PR 0.0000 | valAUC 0.5624 | tau+ 0.500
[OUTPOST-v4] epoch 8: test-all ROC 0.4216 PR 0.1299 | unseen ROC 0.5000 PR 0.0000 | valAUC 0.5582 | tau+ 0.500
[OUTPOST-v4] epoch 9: test-all ROC 0.4243 PR 0.1305 | unseen ROC 0.5000 PR 0.0000 | valAUC 0.5516 | tau+ 0.500
[OUTPOST-v4] epoch 10: test-all ROC 0.4265 PR 0.1307 | unseen ROC 0.5000 PR 0.0000 | valAUC 0.5468 | tau+ 0.500
[OUTPOST-v4] epoch 11: test-all ROC 0.4259 PR 0.1304 | unseen ROC 0.5000 PR 0.0000 | valAUC 0.5437 | tau+ 0.500
[OUTPOST-v4] epoch 12: test-all ROC 0.4280 PR 0.1309 | unseen ROC 0.5000 PR 0.0000 | valAUC 0.5380 | tau+ 0.500
[OUTPOST-v4] epoch 13: test-all ROC 0.4284 PR 0.1308 | unseen ROC 0.5000 PR 0.0000 | valAUC 0.5293 | tau+ 0.500
[OUTPOST-v4] epoch 14: test-all ROC 0.4259 PR 0.1306 | unseen ROC 0.5000 PR 0.0000 | valAUC 0.5214 | tau+ 0.500
[OUTPOST-v4] epoch 15: test-all ROC 0.4232 PR 0.1300 | unseen ROC 0.5000 PR 0.0000 | valAUC 0.5224 | tau+ 0.500
[OUTPOST-v4] epoch 16: test-all ROC 0.4258 PR 0.1308 | unseen ROC 0.5000 PR 0.0000 | valAUC 0.5233 | tau+ 0.500
[OUTPOST-v4] epoch 17: test-all ROC 0.4304 PR 0.1324 | unseen ROC 0.5000 PR 0.0000 | valAUC 0.5274 | tau+ 0.500
[OUTPOST-v4] epoch 18: test-all ROC 0.4291 PR 0.1328 | unseen ROC 0.5000 PR 0.0000 | valAUC 0.5160 | tau+ 0.500
[OUTPOST-v4] epoch 19: test-all ROC 0.4288 PR 0.1325 | unseen ROC 0.5000 PR 0.0000 | valAUC 0.5227 | tau+ 0.500
[OUTPOST-v4] epoch 20: test-all ROC 0.4307 PR 0.1327 | unseen ROC 0.5000 PR 0.0000 | valAUC 0.5253 | tau+ 0.500
[OUTPOST-v4] epoch 21: test-all ROC 0.4330 PR 0.1332 | unseen ROC 0.5000 PR 0.0000 | valAUC 0.5284 | tau+ 0.500
[OUTPOST-v4] epoch 22: test-all ROC 0.4359 PR 0.1337 | unseen ROC 0.5000 PR 0.0000 | valAUC 0.5345 | tau+ 0.500
[OUTPOST-v4] epoch 23: test-all ROC 0.4400 PR 0.1346 | unseen ROC 0.5000 PR 0.0000 | valAUC 0.5388 | tau+ 0.500
[OUTPOST-v4] epoch 24: test-all ROC 0.4420 PR 0.1351 | unseen ROC 0.5000 PR 0.0000 | valAUC 0.5409 | tau+ 0.500
[OUTPOST-v4] epoch 25: test-all ROC 0.4449 PR 0.1357 | unseen ROC 0.5000 PR 0.0000 | valAUC 0.5419 | tau+ 0.500
[OUTPOST-v4] epoch 26: test-all ROC 0.4481 PR 0.1365 | unseen ROC 0.5000 PR 0.0000 | valAUC 0.5452 | tau+ 0.500
[OUTPOST-v4] epoch 27: test-all ROC 0.4512 PR 0.1372 | unseen ROC 0.5000 PR 0.0000 | valAUC 0.5486 | tau+ 0.500
[OUTPOST-v4] epoch 28: test-all ROC 0.4543 PR 0.1380 | unseen ROC 0.5000 PR 0.0000 | valAUC 0.5497 | tau+ 0.500
[OUTPOST-v4] epoch 29: test-all ROC 0.4576 PR 0.1388 | unseen ROC 0.5000 PR 0.0000 | valAUC 0.5500 | tau+ 0.500
[OUTPOST-v4] epoch 30: test-all ROC 0.4610 PR 0.1397 | unseen ROC 0.5000 PR 0.0000 | valAUC 0.5497 | tau+ 0.500
[OUTPOST-v4] epoch 31: test-all ROC 0.4647 PR 0.1408 | unseen ROC 0.5000 PR 0.0000 | valAUC 0.5497 | tau+ 0.500
[OUTPOST-v4] epoch 32: test-all ROC 0.4685 PR 0.1419 | unseen ROC 0.5000 PR 0.0000 | valAUC 0.5488 | tau+ 0.500
[OUTPOST-v4] epoch 33: test-all ROC 0.4722 PR 0.1430 | unseen ROC 0.5000 PR 0.0000 | valAUC 0.5491 | tau+ 0.500
[OUTPOST-v4] epoch 34: test-all ROC 0.4758 PR 0.1441 | unseen ROC 0.5000 PR 0.0000 | valAUC 0.5509 | tau+ 0.500
[OUTPOST-v4] epoch 35: test-all ROC 0.4793 PR 0.1451 | unseen ROC 0.5000 PR 0.0000 | valAUC 0.5520 | tau+ 0.500
[OUTPOST-v4] epoch 36: test-all ROC 0.4826 PR 0.1461 | unseen ROC 0.5000 PR 0.0000 | valAUC 0.5537 | tau+ 0.500
[OUTPOST-v4] epoch 37: test-all ROC 0.4857 PR 0.1470 | unseen ROC 0.5000 PR 0.0000 | valAUC 0.5557 | tau+ 0.500
[OUTPOST-v4] epoch 38: test-all ROC 0.4887 PR 0.1478 | unseen ROC 0.5000 PR 0.0000 | valAUC 0.5582 | tau+ 0.500
[OUTPOST-v4] epoch 39: test-all ROC 0.4915 PR 0.1485 | unseen ROC 0.5000 PR 0.0000 | valAUC 0.5596 | tau+ 0.500
[OUTPOST-v4] epoch 40: test-all ROC 0.4942 PR 0.1492 | unseen ROC 0.5000 PR 0.0000 | valAUC 0.5613 | tau+ 0.500
[OUTPOST-v4] epoch 41: test-all ROC 0.4967 PR 0.1498 | unseen ROC 0.5000 PR 0.0000 | valAUC 0.5637 | tau+ 0.500
[OUTPOST-v4] epoch 42: test-all ROC 0.4991 PR 0.1504 | unseen ROC 0.5000 PR 0.0000 | valAUC 0.5641 | tau+ 0.500
[OUTPOST-v4] epoch 43: test-all ROC 0.5013 PR 0.1510 | unseen ROC 0.5000 PR 0.0000 | valAUC 0.5648 | tau+ 0.500
[OUTPOST-v4] epoch 44: test-all ROC 0.5035 PR 0.1516 | unseen ROC 0.5000 PR 0.0000 | valAUC 0.5648 | tau+ 0.500
[OUTPOST-v4] epoch 45: test-all ROC 0.5055 PR 0.1521 | unseen ROC 0.5000 PR 0.0000 | valAUC 0.5652 | tau+ 0.500
[OUTPOST-v4] epoch 46: test-all ROC 0.5074 PR 0.1526 | unseen ROC 0.5000 PR 0.0000 | valAUC 0.5652 | tau+ 0.500
[OUTPOST-v4] epoch 47: test-all ROC 0.5092 PR 0.1531 | unseen ROC 0.5000 PR 0.0000 | valAUC 0.5658 | tau+ 0.500
[OUTPOST-v4] epoch 48: test-all ROC 0.5107 PR 0.1535 | unseen ROC 0.5000 PR 0.0000 | valAUC 0.5668 | tau+ 0.500
[OUTPOST-v4] epoch 49: test-all ROC 0.5122 PR 0.1539 | unseen ROC 0.5000 PR 0.0000 | valAUC 0.5667 | tau+ 0.500
[OUTPOST-v4] epoch 50: test-all ROC 0.5134 PR 0.1542 | unseen ROC 0.5000 PR 0.0000 | valAUC 0.5673 | tau+ 0.500
[OUTPOST-v4] epoch 51: test-all ROC 0.5145 PR 0.1545 | unseen ROC 0.5000 PR 0.0000 | valAUC 0.5681 | tau+ 0.500
[OUTPOST-v4] epoch 52: test-all ROC 0.5154 PR 0.1547 | unseen ROC 0.5000 PR 0.0000 | valAUC 0.5679 | tau+ 0.500
[OUTPOST-v4] epoch 53: test-all ROC 0.5161 PR 0.1550 | unseen ROC 0.5000 PR 0.0000 | valAUC 0.5685 | tau+ 0.500
[OUTPOST-v4] epoch 54: test-all ROC 0.5168 PR 0.1551 | unseen ROC 0.5000 PR 0.0000 | valAUC 0.5691 | tau+ 0.500
[OUTPOST-v4] epoch 55: test-all ROC 0.5172 PR 0.1553 | unseen ROC 0.5000 PR 0.0000 | valAUC 0.5697 | tau+ 0.500
[OUTPOST-v4] epoch 56: test-all ROC 0.5176 PR 0.1554 | unseen ROC 0.5000 PR 0.0000 | valAUC 0.5702 | tau+ 0.500
[OUTPOST-v4] epoch 57: test-all ROC 0.5179 PR 0.1555 | unseen ROC 0.5000 PR 0.0000 | valAUC 0.5701 | tau+ 0.500
[OUTPOST-v4] epoch 58: test-all ROC 0.5180 PR 0.1556 | unseen ROC 0.5000 PR 0.0000 | valAUC 0.5706 | tau+ 0.500
[OUTPOST-v4] epoch 59: test-all ROC 0.5181 PR 0.1556 | unseen ROC 0.5000 PR 0.0000 | valAUC 0.5702 | tau+ 0.500
[OUTPOST-v4] epoch 60: test-all ROC 0.5181 PR 0.1556 | unseen ROC 0.5000 PR 0.0000 | valAUC 0.5702 | tau+ 0.500
[OUTPOST-v4] epoch 61: test-all ROC 0.5180 PR 0.1556 | unseen ROC 0.5000 PR 0.0000 | valAUC 0.5702 | tau+ 0.500
[OUTPOST-v4] epoch 62: test-all ROC 0.5179 PR 0.1556 | unseen ROC 0.5000 PR 0.0000 | valAUC 0.5702 | tau+ 0.500
[OUTPOST-v4] epoch 63: test-all ROC 0.5176 PR 0.1556 | unseen ROC 0.5000 PR 0.0000 | valAUC 0.5702 | tau+ 0.500
[OUTPOST-v4] epoch 64: test-all ROC 0.5173 PR 0.1555 | unseen ROC 0.5000 PR 0.0000 | valAUC 0.5703 | tau+ 0.500
[OUTPOST-v4] epoch 65: test-all ROC 0.5168 PR 0.1554 | unseen ROC 0.5000 PR 0.0000 | valAUC 0.5707 | tau+ 0.500
[OUTPOST-v4] epoch 66: test-all ROC 0.5163 PR 0.1553 | unseen ROC 0.5000 PR 0.0000 | valAUC 0.5701 | tau+ 0.500
[OUTPOST-v4] epoch 67: test-all ROC 0.5157 PR 0.1552 | unseen ROC 0.5000 PR 0.0000 | valAUC 0.5702 | tau+ 0.500
[OUTPOST-v4] epoch 68: test-all ROC 0.5150 PR 0.1551 | unseen ROC 0.5000 PR 0.0000 | valAUC 0.5702 | tau+ 0.500
[OUTPOST-v4] epoch 69: test-all ROC 0.5144 PR 0.1549 | unseen ROC 0.5000 PR 0.0000 | valAUC 0.5704 | tau+ 0.500
[OUTPOST-v4] epoch 70: test-all ROC 0.5140 PR 0.1548 | unseen ROC 0.5000 PR 0.0000 | valAUC 0.5708 | tau+ 0.500
[OUTPOST-v4] epoch 71: test-all ROC 0.5137 PR 0.1547 | unseen ROC 0.5000 PR 0.0000 | valAUC 0.5707 | tau+ 0.500
[OUTPOST-v4] epoch 72: test-all ROC 0.5135 PR 0.1547 | unseen ROC 0.5000 PR 0.0000 | valAUC 0.5711 | tau+ 0.500
[OUTPOST-v4] epoch 73: test-all ROC 0.5134 PR 0.1547 | unseen ROC 0.5000 PR 0.0000 | valAUC 0.5717 | tau+ 0.500
[OUTPOST-v4] epoch 74: test-all ROC 0.5134 PR 0.1547 | unseen ROC 0.5000 PR 0.0000 | valAUC 0.5726 | tau+ 0.500
[OUTPOST-v4] epoch 75: test-all ROC 0.5135 PR 0.1548 | unseen ROC 0.5000 PR 0.0000 | valAUC 0.5726 | tau+ 0.500
[OUTPOST-v4] epoch 76: test-all ROC 0.5138 PR 0.1548 | unseen ROC 0.5000 PR 0.0000 | valAUC 0.5731 | tau+ 0.500
[OUTPOST-v4] epoch 77: test-all ROC 0.5141 PR 0.1549 | unseen ROC 0.5000 PR 0.0000 | valAUC 0.5737 | tau+ 0.500
[OUTPOST-v4] epoch 78: test-all ROC 0.5145 PR 0.1551 | unseen ROC 0.5000 PR 0.0000 | valAUC 0.5738 | tau+ 0.500
[OUTPOST-v4] epoch 79: test-all ROC 0.5149 PR 0.1552 | unseen ROC 0.5000 PR 0.0000 | valAUC 0.5739 | tau+ 0.500
[OUTPOST-v4] epoch 80: test-all ROC 0.5154 PR 0.1553 | unseen ROC 0.5000 PR 0.0000 | valAUC 0.5741 | tau+ 0.500
[OUTPOST-v4] epoch 81: test-all ROC 0.5160 PR 0.1555 | unseen ROC 0.5000 PR 0.0000 | valAUC 0.5745 | tau+ 0.500
[OUTPOST-v4] epoch 82: test-all ROC 0.5166 PR 0.1557 | unseen ROC 0.5000 PR 0.0000 | valAUC 0.5745 | tau+ 0.500
[OUTPOST-v4] epoch 83: test-all ROC 0.5173 PR 0.1559 | unseen ROC 0.5000 PR 0.0000 | valAUC 0.5745 | tau+ 0.500
[OUTPOST-v4] epoch 84: test-all ROC 0.5180 PR 0.1561 | unseen ROC 0.5000 PR 0.0000 | valAUC 0.5744 | tau+ 0.500
[OUTPOST-v4] epoch 85: test-all ROC 0.5186 PR 0.1563 | unseen ROC 0.5000 PR 0.0000 | valAUC 0.5745 | tau+ 0.500
[OUTPOST-v4] epoch 86: test-all ROC 0.5192 PR 0.1564 | unseen ROC 0.5000 PR 0.0000 | valAUC 0.5747 | tau+ 0.500
[OUTPOST-v4] epoch 87: test-all ROC 0.5197 PR 0.1566 | unseen ROC 0.5000 PR 0.0000 | valAUC 0.5750 | tau+ 0.500
[OUTPOST-v4] epoch 88: test-all ROC 0.5202 PR 0.1567 | unseen ROC 0.5000 PR 0.0000 | valAUC 0.5764 | tau+ 0.500
[OUTPOST-v4] epoch 89: test-all ROC 0.5207 PR 0.1569 | unseen ROC 0.5000 PR 0.0000 | valAUC 0.5759 | tau+ 0.500
[OUTPOST-v4] epoch 90: test-all ROC 0.5212 PR 0.1570 | unseen ROC 0.5000 PR 0.0000 | valAUC 0.5757 | tau+ 0.500
[OUTPOST-v4] epoch 91: test-all ROC 0.5217 PR 0.1572 | unseen ROC 0.5000 PR 0.0000 | valAUC 0.5759 | tau+ 0.500
[OUTPOST-v4] epoch 92: test-all ROC 0.5221 PR 0.1573 | unseen ROC 0.5000 PR 0.0000 | valAUC 0.5760 | tau+ 0.500
[OUTPOST-v4] epoch 93: test-all ROC 0.5226 PR 0.1575 | unseen ROC 0.5000 PR 0.0000 | valAUC 0.5766 | tau+ 0.500
[OUTPOST-v4] epoch 94: test-all ROC 0.5230 PR 0.1576 | unseen ROC 0.5000 PR 0.0000 | valAUC 0.5771 | tau+ 0.500
[OUTPOST-v4] epoch 95: test-all ROC 0.5234 PR 0.1578 | unseen ROC 0.5000 PR 0.0000 | valAUC 0.5779 | tau+ 0.500
[OUTPOST-v4] epoch 96: test-all ROC 0.5238 PR 0.1579 | unseen ROC 0.5000 PR 0.0000 | valAUC 0.5780 | tau+ 0.500
[OUTPOST-v4] epoch 97: test-all ROC 0.5242 PR 0.1580 | unseen ROC 0.5000 PR 0.0000 | valAUC 0.5785 | tau+ 0.500
[OUTPOST-v4] epoch 98: test-all ROC 0.5246 PR 0.1581 | unseen ROC 0.5000 PR 0.0000 | valAUC 0.5791 | tau+ 0.500
[OUTPOST-v4] epoch 99: test-all ROC 0.5250 PR 0.1583 | unseen ROC 0.5000 PR 0.0000 | valAUC 0.5793 | tau+ 0.500
[OUTPOST-v4] epoch 100: test-all ROC 0.5253 PR 0.1584 | unseen ROC 0.5000 PR 0.0000 | valAUC 0.5796 | tau+ 0.500
[OUTPOST-v4] epoch 101: test-all ROC 0.5257 PR 0.1585 | unseen ROC 0.5000 PR 0.0000 | valAUC 0.5798 | tau+ 0.500
[OUTPOST-v4] epoch 102: test-all ROC 0.5260 PR 0.1586 | unseen ROC 0.5000 PR 0.0000 | valAUC 0.5801 | tau+ 0.500
[OUTPOST-v4] epoch 103: test-all ROC 0.5264 PR 0.1588 | unseen ROC 0.5000 PR 0.0000 | valAUC 0.5803 | tau+ 0.500
[OUTPOST-v4] epoch 104: test-all ROC 0.5267 PR 0.1589 | unseen ROC 0.5000 PR 0.0000 | valAUC 0.5804 | tau+ 0.500
[OUTPOST-v4] epoch 105: test-all ROC 0.5271 PR 0.1590 | unseen ROC 0.5000 PR 0.0000 | valAUC 0.5808 | tau+ 0.500
[OUTPOST-v4] epoch 106: test-all ROC 0.5275 PR 0.1592 | unseen ROC 0.5000 PR 0.0000 | valAUC 0.5813 | tau+ 0.500
[OUTPOST-v4] epoch 107: test-all ROC 0.5279 PR 0.1593 | unseen ROC 0.5000 PR 0.0000 | valAUC 0.5820 | tau+ 0.500
[OUTPOST-v4] epoch 108: test-all ROC 0.5282 PR 0.1595 | unseen ROC 0.5000 PR 0.0000 | valAUC 0.5825 | tau+ 0.500
[OUTPOST-v4] epoch 109: test-all ROC 0.5286 PR 0.1596 | unseen ROC 0.5000 PR 0.0000 | valAUC 0.5831 | tau+ 0.500
[OUTPOST-v4] epoch 110: test-all ROC 0.5290 PR 0.1598 | unseen ROC 0.5000 PR 0.0000 | valAUC 0.5834 | tau+ 0.500
[OUTPOST-v4] epoch 111: test-all ROC 0.5294 PR 0.1599 | unseen ROC 0.5000 PR 0.0000 | valAUC 0.5836 | tau+ 0.500
[OUTPOST-v4] epoch 112: test-all ROC 0.5298 PR 0.1601 | unseen ROC 0.5000 PR 0.0000 | valAUC 0.5838 | tau+ 0.500
[OUTPOST-v4] epoch 113: test-all ROC 0.5302 PR 0.1602 | unseen ROC 0.5000 PR 0.0000 | valAUC 0.5841 | tau+ 0.500
[OUTPOST-v4] epoch 114: test-all ROC 0.5307 PR 0.1604 | unseen ROC 0.5000 PR 0.0000 | valAUC 0.5846 | tau+ 0.500
[OUTPOST-v4] epoch 115: test-all ROC 0.5311 PR 0.1605 | unseen ROC 0.5000 PR 0.0000 | valAUC 0.5848 | tau+ 0.500
[OUTPOST-v4] epoch 116: test-all ROC 0.5315 PR 0.1607 | unseen ROC 0.5000 PR 0.0000 | valAUC 0.5860 | tau+ 0.500
[OUTPOST-v4] epoch 117: test-all ROC 0.5320 PR 0.1608 | unseen ROC 0.5000 PR 0.0000 | valAUC 0.5870 | tau+ 0.500
[OUTPOST-v4] epoch 118: test-all ROC 0.5324 PR 0.1610 | unseen ROC 0.5000 PR 0.0000 | valAUC 0.5872 | tau+ 0.500
[OUTPOST-v4] epoch 119: test-all ROC 0.5329 PR 0.1611 | unseen ROC 0.5000 PR 0.0000 | valAUC 0.5876 | tau+ 0.500
[OUTPOST-v4] epoch 120: test-all ROC 0.5333 PR 0.1613 | unseen ROC 0.5000 PR 0.0000 | valAUC 0.5878 | tau+ 0.500
[OUTPOST-v4] epoch 121: test-all ROC 0.5338 PR 0.1615 | unseen ROC 0.5000 PR 0.0000 | valAUC 0.5881 | tau+ 0.500
[OUTPOST-v4] epoch 122: test-all ROC 0.5342 PR 0.1616 | unseen ROC 0.5000 PR 0.0000 | valAUC 0.5884 | tau+ 0.500
[OUTPOST-v4] epoch 123: test-all ROC 0.5347 PR 0.1618 | unseen ROC 0.5000 PR 0.0000 | valAUC 0.5895 | tau+ 0.500
[OUTPOST-v4] epoch 124: test-all ROC 0.5352 PR 0.1619 | unseen ROC 0.5000 PR 0.0000 | valAUC 0.5901 | tau+ 0.500
[OUTPOST-v4] epoch 125: test-all ROC 0.5356 PR 0.1621 | unseen ROC 0.5000 PR 0.0000 | valAUC 0.5900 | tau+ 0.500
[OUTPOST-v4] epoch 126: test-all ROC 0.5361 PR 0.1623 | unseen ROC 0.5000 PR 0.0000 | valAUC 0.5903 | tau+ 0.500
[OUTPOST-v4] epoch 127: test-all ROC 0.5366 PR 0.1625 | unseen ROC 0.5000 PR 0.0000 | valAUC 0.5906 | tau+ 0.500
[OUTPOST-v4] epoch 128: test-all ROC 0.5370 PR 0.1626 | unseen ROC 0.5000 PR 0.0000 | valAUC 0.5907 | tau+ 0.500
[OUTPOST-v4] epoch 129: test-all ROC 0.5375 PR 0.1628 | unseen ROC 0.5000 PR 0.0000 | valAUC 0.5908 | tau+ 0.500
[OUTPOST-v4] epoch 130: test-all ROC 0.5379 PR 0.1630 | unseen ROC 0.5000 PR 0.0000 | valAUC 0.5910 | tau+ 0.500
[OUTPOST-v4] epoch 131: test-all ROC 0.5384 PR 0.1631 | unseen ROC 0.5000 PR 0.0000 | valAUC 0.5910 | tau+ 0.500
[OUTPOST-v4] epoch 132: test-all ROC 0.5389 PR 0.1633 | unseen ROC 0.5000 PR 0.0000 | valAUC 0.5915 | tau+ 0.500
[OUTPOST-v4] epoch 133: test-all ROC 0.5394 PR 0.1635 | unseen ROC 0.5000 PR 0.0000 | valAUC 0.5919 | tau+ 0.500
[OUTPOST-v4] epoch 134: test-all ROC 0.5399 PR 0.1637 | unseen ROC 0.5000 PR 0.0000 | valAUC 0.5923 | tau+ 0.500
[OUTPOST-v4] epoch 135: test-all ROC 0.5403 PR 0.1639 | unseen ROC 0.5000 PR 0.0000 | valAUC 0.5924 | tau+ 0.500
[OUTPOST-v4] epoch 136: test-all ROC 0.5408 PR 0.1641 | unseen ROC 0.5000 PR 0.0000 | valAUC 0.5929 | tau+ 0.500
[OUTPOST-v4] epoch 137: test-all ROC 0.5413 PR 0.1642 | unseen ROC 0.5000 PR 0.0000 | valAUC 0.5933 | tau+ 0.500
[OUTPOST-v4] epoch 138: test-all ROC 0.5418 PR 0.1644 | unseen ROC 0.5000 PR 0.0000 | valAUC 0.5939 | tau+ 0.500
[OUTPOST-v4] epoch 139: test-all ROC 0.5423 PR 0.1646 | unseen ROC 0.5000 PR 0.0000 | valAUC 0.5946 | tau+ 0.500
[OUTPOST-v4] epoch 140: test-all ROC 0.5428 PR 0.1648 | unseen ROC 0.5000 PR 0.0000 | valAUC 0.5952 | tau+ 0.500
[OUTPOST-v4] epoch 141: test-all ROC 0.5433 PR 0.1650 | unseen ROC 0.5000 PR 0.0000 | valAUC 0.5957 | tau+ 0.500
[OUTPOST-v4] epoch 142: test-all ROC 0.5438 PR 0.1652 | unseen ROC 0.5000 PR 0.0000 | valAUC 0.5957 | tau+ 0.500
[OUTPOST-v4] epoch 143: test-all ROC 0.5443 PR 0.1654 | unseen ROC 0.5000 PR 0.0000 | valAUC 0.5967 | tau+ 0.500
[OUTPOST-v4] epoch 144: test-all ROC 0.5448 PR 0.1656 | unseen ROC 0.5000 PR 0.0000 | valAUC 0.5970 | tau+ 0.500
[OUTPOST-v4] epoch 145: test-all ROC 0.5453 PR 0.1658 | unseen ROC 0.5000 PR 0.0000 | valAUC 0.5976 | tau+ 0.500
[OUTPOST-v4] epoch 146: test-all ROC 0.5458 PR 0.1660 | unseen ROC 0.5000 PR 0.0000 | valAUC 0.5980 | tau+ 0.500
[OUTPOST-v4] epoch 147: test-all ROC 0.5463 PR 0.1662 | unseen ROC 0.5000 PR 0.0000 | valAUC 0.5978 | tau+ 0.500
[OUTPOST-v4] epoch 148: test-all ROC 0.5468 PR 0.1664 | unseen ROC 0.5000 PR 0.0000 | valAUC 0.5975 | tau+ 0.500
[OUTPOST-v4] epoch 149: test-all ROC 0.5473 PR 0.1666 | unseen ROC 0.5000 PR 0.0000 | valAUC 0.5977 | tau+ 0.500
[OUTPOST-v4] epoch 150: test-all ROC 0.5477 PR 0.1668 | unseen ROC 0.5000 PR 0.0000 | valAUC 0.5983 | tau+ 0.500
[OUTPOST-v4] epoch 151: test-all ROC 0.5482 PR 0.1669 | unseen ROC 0.5000 PR 0.0000 | valAUC 0.5987 | tau+ 0.500
[OUTPOST-v4] epoch 152: test-all ROC 0.5487 PR 0.1671 | unseen ROC 0.5000 PR 0.0000 | valAUC 0.5988 | tau+ 0.500
[OUTPOST-v4] epoch 153: test-all ROC 0.5492 PR 0.1673 | unseen ROC 0.5000 PR 0.0000 | valAUC 0.5994 | tau+ 0.500
[OUTPOST-v4] epoch 154: test-all ROC 0.5497 PR 0.1675 | unseen ROC 0.5000 PR 0.0000 | valAUC 0.5998 | tau+ 0.500
[OUTPOST-v4] epoch 155: test-all ROC 0.5502 PR 0.1677 | unseen ROC 0.5000 PR 0.0000 | valAUC 0.6003 | tau+ 0.500
[OUTPOST-v4] epoch 156: test-all ROC 0.5507 PR 0.1679 | unseen ROC 0.5000 PR 0.0000 | valAUC 0.6009 | tau+ 0.500
[OUTPOST-v4] epoch 157: test-all ROC 0.5512 PR 0.1681 | unseen ROC 0.5000 PR 0.0000 | valAUC 0.6009 | tau+ 0.500
[OUTPOST-v4] epoch 158: test-all ROC 0.5517 PR 0.1683 | unseen ROC 0.5000 PR 0.0000 | valAUC 0.6011 | tau+ 0.500
[OUTPOST-v4] epoch 159: test-all ROC 0.5521 PR 0.1685 | unseen ROC 0.5000 PR 0.0000 | valAUC 0.6010 | tau+ 0.500
[OUTPOST-v4] epoch 160: test-all ROC 0.5526 PR 0.1687 | unseen ROC 0.5000 PR 0.0000 | valAUC 0.6012 | tau+ 0.500
[OUTPOST-v4] epoch 161: test-all ROC 0.5531 PR 0.1689 | unseen ROC 0.5000 PR 0.0000 | valAUC 0.6024 | tau+ 0.500
[OUTPOST-v4] epoch 162: test-all ROC 0.5536 PR 0.1691 | unseen ROC 0.5000 PR 0.0000 | valAUC 0.6028 | tau+ 0.500
[OUTPOST-v4] epoch 163: test-all ROC 0.5541 PR 0.1693 | unseen ROC 0.5000 PR 0.0000 | valAUC 0.6024 | tau+ 0.500
[OUTPOST-v4] epoch 164: test-all ROC 0.5546 PR 0.1695 | unseen ROC 0.5000 PR 0.0000 | valAUC 0.6023 | tau+ 0.500
[OUTPOST-v4] epoch 165: test-all ROC 0.5551 PR 0.1698 | unseen ROC 0.5000 PR 0.0000 | valAUC 0.6023 | tau+ 0.500
[OUTPOST-v4] epoch 166: test-all ROC 0.5556 PR 0.1700 | unseen ROC 0.5000 PR 0.0000 | valAUC 0.6026 | tau+ 0.500
[OUTPOST-v4] epoch 167: test-all ROC 0.5561 PR 0.1702 | unseen ROC 0.5000 PR 0.0000 | valAUC 0.6033 | tau+ 0.500
[OUTPOST-v4] epoch 168: test-all ROC 0.5566 PR 0.1704 | unseen ROC 0.5000 PR 0.0000 | valAUC 0.6037 | tau+ 0.500
[OUTPOST-v4] epoch 169: test-all ROC 0.5572 PR 0.1706 | unseen ROC 0.5000 PR 0.0000 | valAUC 0.6043 | tau+ 0.500
[OUTPOST-v4] epoch 170: test-all ROC 0.5577 PR 0.1708 | unseen ROC 0.5000 PR 0.0000 | valAUC 0.6047 | tau+ 0.500
[OUTPOST-v4] epoch 171: test-all ROC 0.5583 PR 0.1711 | unseen ROC 0.5000 PR 0.0000 | valAUC 0.6048 | tau+ 0.500
[OUTPOST-v4] epoch 172: test-all ROC 0.5589 PR 0.1713 | unseen ROC 0.5000 PR 0.0000 | valAUC 0.6054 | tau+ 0.500
[OUTPOST-v4] epoch 173: test-all ROC 0.5595 PR 0.1716 | unseen ROC 0.5000 PR 0.0000 | valAUC 0.6063 | tau+ 0.500
[OUTPOST-v4] epoch 174: test-all ROC 0.5601 PR 0.1719 | unseen ROC 0.5000 PR 0.0000 | valAUC 0.6065 | tau+ 0.500
[OUTPOST-v4] epoch 175: test-all ROC 0.5608 PR 0.1721 | unseen ROC 0.5000 PR 0.0000 | valAUC 0.6072 | tau+ 0.500
[OUTPOST-v4] epoch 176: test-all ROC 0.5614 PR 0.1724 | unseen ROC 0.5000 PR 0.0000 | valAUC 0.6077 | tau+ 0.500
[OUTPOST-v4] epoch 177: test-all ROC 0.5621 PR 0.1727 | unseen ROC 0.5000 PR 0.0000 | valAUC 0.6081 | tau+ 0.500
[OUTPOST-v4] epoch 178: test-all ROC 0.5628 PR 0.1730 | unseen ROC 0.5000 PR 0.0000 | valAUC 0.6085 | tau+ 0.500
[OUTPOST-v4] epoch 179: test-all ROC 0.5634 PR 0.1733 | unseen ROC 0.5000 PR 0.0000 | valAUC 0.6094 | tau+ 0.500
[OUTPOST-v4] epoch 180: test-all ROC 0.5642 PR 0.1736 | unseen ROC 0.5000 PR 0.0000 | valAUC 0.6106 | tau+ 0.500
[OUTPOST-v4] epoch 181: test-all ROC 0.5649 PR 0.1740 | unseen ROC 0.5000 PR 0.0000 | valAUC 0.6111 | tau+ 0.500
[OUTPOST-v4] epoch 182: test-all ROC 0.5657 PR 0.1743 | unseen ROC 0.5000 PR 0.0000 | valAUC 0.6125 | tau+ 0.500
[OUTPOST-v4] epoch 183: test-all ROC 0.5664 PR 0.1746 | unseen ROC 0.5000 PR 0.0000 | valAUC 0.6134 | tau+ 0.500
[OUTPOST-v4] epoch 184: test-all ROC 0.5672 PR 0.1750 | unseen ROC 0.5000 PR 0.0000 | valAUC 0.6141 | tau+ 0.500
[OUTPOST-v4] epoch 185: test-all ROC 0.5681 PR 0.1754 | unseen ROC 0.5000 PR 0.0000 | valAUC 0.6152 | tau+ 0.500
[OUTPOST-v4] epoch 186: test-all ROC 0.5692 PR 0.1758 | unseen ROC 0.5000 PR 0.0000 | valAUC 0.6161 | tau+ 0.500
[OUTPOST-v4] epoch 187: test-all ROC 0.5702 PR 0.1763 | unseen ROC 0.5000 PR 0.0000 | valAUC 0.6168 | tau+ 0.500
[OUTPOST-v4] epoch 188: test-all ROC 0.5713 PR 0.1768 | unseen ROC 0.5000 PR 0.0000 | valAUC 0.6171 | tau+ 0.500
[OUTPOST-v4] epoch 189: test-all ROC 0.5724 PR 0.1773 | unseen ROC 0.5000 PR 0.0000 | valAUC 0.6182 | tau+ 0.500
[OUTPOST-v4] epoch 190: test-all ROC 0.5736 PR 0.1778 | unseen ROC 0.5000 PR 0.0000 | valAUC 0.6189 | tau+ 0.500
[OUTPOST-v4] epoch 191: test-all ROC 0.5749 PR 0.1784 | unseen ROC 0.5000 PR 0.0000 | valAUC 0.6193 | tau+ 0.500
[OUTPOST-v4] epoch 192: test-all ROC 0.5762 PR 0.1790 | unseen ROC 0.5000 PR 0.0000 | valAUC 0.6205 | tau+ 0.500
[OUTPOST-v4] epoch 193: test-all ROC 0.5775 PR 0.1796 | unseen ROC 0.5000 PR 0.0000 | valAUC 0.6218 | tau+ 0.500
[OUTPOST-v4] epoch 194: test-all ROC 0.5789 PR 0.1802 | unseen ROC 0.5000 PR 0.0000 | valAUC 0.6232 | tau+ 0.500
[OUTPOST-v4] epoch 195: test-all ROC 0.5803 PR 0.1809 | unseen ROC 0.5000 PR 0.0000 | valAUC 0.6241 | tau+ 0.500
[OUTPOST-v4] epoch 196: test-all ROC 0.5817 PR 0.1816 | unseen ROC 0.5000 PR 0.0000 | valAUC 0.6255 | tau+ 0.500
[OUTPOST-v4] epoch 197: test-all ROC 0.5831 PR 0.1823 | unseen ROC 0.5000 PR 0.0000 | valAUC 0.6271 | tau+ 0.500
[OUTPOST-v4] epoch 198: test-all ROC 0.5845 PR 0.1830 | unseen ROC 0.5000 PR 0.0000 | valAUC 0.6286 | tau+ 0.500
[OUTPOST-v4] epoch 199: test-all ROC 0.5860 PR 0.1837 | unseen ROC 0.5000 PR 0.0000 | valAUC 0.6296 | tau+ 0.500
[OUTPOST-v4] epoch 200: test-all ROC 0.5875 PR 0.1845 | unseen ROC 0.5000 PR 0.0000 | valAUC 0.6312 | tau+ 0.500
[OUTPOST-v4] epoch 201: test-all ROC 0.5888 PR 0.1852 | unseen ROC 0.5000 PR 0.0000 | valAUC 0.6331 | tau+ 0.500
[OUTPOST-v4] epoch 202: test-all ROC 0.5896 PR 0.1857 | unseen ROC 0.5000 PR 0.0000 | valAUC 0.6333 | tau+ 0.500
[OUTPOST-v4] epoch 203: test-all ROC 0.5910 PR 0.1865 | unseen ROC 0.5000 PR 0.0000 | valAUC 0.6349 | tau+ 0.500
[OUTPOST-v4] epoch 204: test-all ROC 0.5931 PR 0.1875 | unseen ROC 0.5000 PR 0.0000 | valAUC 0.6359 | tau+ 0.500
[OUTPOST-v4] epoch 205: test-all ROC 0.5948 PR 0.1884 | unseen ROC 0.5000 PR 0.0000 | valAUC 0.6382 | tau+ 0.500
[OUTPOST-v4] epoch 206: test-all ROC 0.5964 PR 0.1893 | unseen ROC 0.5000 PR 0.0000 | valAUC 0.6395 | tau+ 0.500
[OUTPOST-v4] epoch 207: test-all ROC 0.5978 PR 0.1901 | unseen ROC 0.5000 PR 0.0000 | valAUC 0.6404 | tau+ 0.500
[OUTPOST-v4] epoch 208: test-all ROC 0.5992 PR 0.1909 | unseen ROC 0.5000 PR 0.0000 | valAUC 0.6412 | tau+ 0.500
[OUTPOST-v4] epoch 209: test-all ROC 0.6001 PR 0.1916 | unseen ROC 0.5000 PR 0.0000 | valAUC 0.6419 | tau+ 0.500
[OUTPOST-v4] epoch 210: test-all ROC 0.6019 PR 0.1926 | unseen ROC 0.5000 PR 0.0000 | valAUC 0.6437 | tau+ 0.500
[OUTPOST-v4] epoch 211: test-all ROC 0.6043 PR 0.1939 | unseen ROC 0.5000 PR 0.0000 | valAUC 0.6459 | tau+ 0.500
[OUTPOST-v4] epoch 212: test-all ROC 0.6064 PR 0.1951 | unseen ROC 0.5000 PR 0.0000 | valAUC 0.6468 | tau+ 0.500
[OUTPOST-v4] epoch 213: test-all ROC 0.6083 PR 0.1962 | unseen ROC 0.5000 PR 0.0000 | valAUC 0.6486 | tau+ 0.500
[OUTPOST-v4] epoch 214: test-all ROC 0.6098 PR 0.1972 | unseen ROC 0.5000 PR 0.0000 | valAUC 0.6497 | tau+ 0.500
[OUTPOST-v4] epoch 215: test-all ROC 0.6114 PR 0.1983 | unseen ROC 0.5000 PR 0.0000 | valAUC 0.6514 | tau+ 0.500
[OUTPOST-v4] epoch 216: test-all ROC 0.6132 PR 0.1995 | unseen ROC 0.5000 PR 0.0000 | valAUC 0.6528 | tau+ 0.500
[OUTPOST-v4] epoch 217: test-all ROC 0.6149 PR 0.2007 | unseen ROC 0.5000 PR 0.0000 | valAUC 0.6539 | tau+ 0.500
[OUTPOST-v4] epoch 218: test-all ROC 0.6169 PR 0.2020 | unseen ROC 0.5000 PR 0.0000 | valAUC 0.6556 | tau+ 0.500
[OUTPOST-v4] epoch 219: test-all ROC 0.6185 PR 0.2032 | unseen ROC 0.5000 PR 0.0000 | valAUC 0.6560 | tau+ 0.500
[OUTPOST-v4] epoch 220: test-all ROC 0.6200 PR 0.2045 | unseen ROC 0.5000 PR 0.0000 | valAUC 0.6577 | tau+ 0.500
[OUTPOST-v4] epoch 221: test-all ROC 0.6215 PR 0.2057 | unseen ROC 0.5000 PR 0.0000 | valAUC 0.6584 | tau+ 0.500
[OUTPOST-v4] epoch 222: test-all ROC 0.6231 PR 0.2070 | unseen ROC 0.5000 PR 0.0000 | valAUC 0.6591 | tau+ 0.500
[OUTPOST-v4] epoch 223: test-all ROC 0.6245 PR 0.2083 | unseen ROC 0.5000 PR 0.0000 | valAUC 0.6607 | tau+ 0.500
[OUTPOST-v4] epoch 224: test-all ROC 0.6260 PR 0.2096 | unseen ROC 0.5000 PR 0.0000 | valAUC 0.6622 | tau+ 0.500
[OUTPOST-v4] epoch 225: test-all ROC 0.6275 PR 0.2109 | unseen ROC 0.5000 PR 0.0000 | valAUC 0.6634 | tau+ 0.500
[OUTPOST-v4] epoch 226: test-all ROC 0.6287 PR 0.2121 | unseen ROC 0.5000 PR 0.0000 | valAUC 0.6646 | tau+ 0.500
[OUTPOST-v4] epoch 227: test-all ROC 0.6302 PR 0.2135 | unseen ROC 0.5000 PR 0.0000 | valAUC 0.6657 | tau+ 0.500
[OUTPOST-v4] epoch 228: test-all ROC 0.6317 PR 0.2149 | unseen ROC 0.5000 PR 0.0000 | valAUC 0.6670 | tau+ 0.500
[OUTPOST-v4] epoch 229: test-all ROC 0.6330 PR 0.2162 | unseen ROC 0.5000 PR 0.0000 | valAUC 0.6683 | tau+ 0.500
[OUTPOST-v4] epoch 230: test-all ROC 0.6340 PR 0.2173 | unseen ROC 0.5000 PR 0.0000 | valAUC 0.6686 | tau+ 0.500
[OUTPOST-v4] epoch 231: test-all ROC 0.6349 PR 0.2186 | unseen ROC 0.5000 PR 0.0000 | valAUC 0.6689 | tau+ 0.500
[OUTPOST-v4] epoch 232: test-all ROC 0.6357 PR 0.2197 | unseen ROC 0.5000 PR 0.0000 | valAUC 0.6705 | tau+ 0.500
[OUTPOST-v4] epoch 233: test-all ROC 0.6370 PR 0.2211 | unseen ROC 0.5000 PR 0.0000 | valAUC 0.6709 | tau+ 0.500
[OUTPOST-v4] epoch 234: test-all ROC 0.6388 PR 0.2228 | unseen ROC 0.5000 PR 0.0000 | valAUC 0.6715 | tau+ 0.500
[OUTPOST-v4] epoch 235: test-all ROC 0.6406 PR 0.2244 | unseen ROC 0.5000 PR 0.0000 | valAUC 0.6728 | tau+ 0.500
[OUTPOST-v4] epoch 236: test-all ROC 0.6427 PR 0.2262 | unseen ROC 0.5000 PR 0.0000 | valAUC 0.6739 | tau+ 0.500
[OUTPOST-v4] epoch 237: test-all ROC 0.6448 PR 0.2281 | unseen ROC 0.5000 PR 0.0000 | valAUC 0.6767 | tau+ 0.500
[OUTPOST-v4] epoch 238: test-all ROC 0.6465 PR 0.2297 | unseen ROC 0.5000 PR 0.0000 | valAUC 0.6771 | tau+ 0.500
[OUTPOST-v4] epoch 239: test-all ROC 0.6477 PR 0.2310 | unseen ROC 0.5000 PR 0.0000 | valAUC 0.6787 | tau+ 0.500
[OUTPOST-v4] epoch 240: test-all ROC 0.6487 PR 0.2322 | unseen ROC 0.5000 PR 0.0000 | valAUC 0.6793 | tau+ 0.500
[OUTPOST-v4] epoch 241: test-all ROC 0.6497 PR 0.2334 | unseen ROC 0.5000 PR 0.0000 | valAUC 0.6794 | tau+ 0.500
[OUTPOST-v4] epoch 242: test-all ROC 0.6506 PR 0.2345 | unseen ROC 0.5000 PR 0.0000 | valAUC 0.6804 | tau+ 0.500
[OUTPOST-v4] epoch 243: test-all ROC 0.6516 PR 0.2357 | unseen ROC 0.5000 PR 0.0000 | valAUC 0.6805 | tau+ 0.500
[OUTPOST-v4] epoch 244: test-all ROC 0.6527 PR 0.2370 | unseen ROC 0.5000 PR 0.0000 | valAUC 0.6813 | tau+ 0.500
[OUTPOST-v4] epoch 245: test-all ROC 0.6538 PR 0.2382 | unseen ROC 0.5000 PR 0.0000 | valAUC 0.6821 | tau+ 0.500
[OUTPOST-v4] epoch 246: test-all ROC 0.6551 PR 0.2397 | unseen ROC 0.5000 PR 0.0000 | valAUC 0.6828 | tau+ 0.500
[OUTPOST-v4] epoch 247: test-all ROC 0.6566 PR 0.2412 | unseen ROC 0.5000 PR 0.0000 | valAUC 0.6834 | tau+ 0.500
[OUTPOST-v4] epoch 248: test-all ROC 0.6579 PR 0.2426 | unseen ROC 0.5000 PR 0.0000 | valAUC 0.6846 | tau+ 0.500
[OUTPOST-v4] epoch 249: test-all ROC 0.6591 PR 0.2439 | unseen ROC 0.5000 PR 0.0000 | valAUC 0.6856 | tau+ 0.500
[OUTPOST-v4] epoch 250: test-all ROC 0.6602 PR 0.2452 | unseen ROC 0.5000 PR 0.0000 | valAUC 0.6856 | tau+ 0.500
[OUTPOST-v4] epoch 251: test-all ROC 0.6611 PR 0.2463 | unseen ROC 0.5000 PR 0.0000 | valAUC 0.6863 | tau+ 0.500
[OUTPOST-v4] epoch 252: test-all ROC 0.6620 PR 0.2473 | unseen ROC 0.5000 PR 0.0000 | valAUC 0.6868 | tau+ 0.500
[OUTPOST-v4] epoch 253: test-all ROC 0.6630 PR 0.2484 | unseen ROC 0.5000 PR 0.0000 | valAUC 0.6879 | tau+ 0.500
[OUTPOST-v4] epoch 254: test-all ROC 0.6639 PR 0.2495 | unseen ROC 0.5000 PR 0.0000 | valAUC 0.6890 | tau+ 0.500
[OUTPOST-v4] epoch 255: test-all ROC 0.6651 PR 0.2508 | unseen ROC 0.5000 PR 0.0000 | valAUC 0.6895 | tau+ 0.500
[OUTPOST-v4] epoch 256: test-all ROC 0.6665 PR 0.2521 | unseen ROC 0.5000 PR 0.0000 | valAUC 0.6910 | tau+ 0.500
[OUTPOST-v4] epoch 257: test-all ROC 0.6678 PR 0.2535 | unseen ROC 0.5000 PR 0.0000 | valAUC 0.6924 | tau+ 0.500
[OUTPOST-v4] epoch 258: test-all ROC 0.6689 PR 0.2546 | unseen ROC 0.5000 PR 0.0000 | valAUC 0.6929 | tau+ 0.500
[OUTPOST-v4] epoch 259: test-all ROC 0.6699 PR 0.2556 | unseen ROC 0.5000 PR 0.0000 | valAUC 0.6922 | tau+ 0.500
[OUTPOST-v4] epoch 260: test-all ROC 0.6707 PR 0.2565 | unseen ROC 0.5000 PR 0.0000 | valAUC 0.6923 | tau+ 0.500
[OUTPOST-v4] epoch 261: test-all ROC 0.6714 PR 0.2574 | unseen ROC 0.5000 PR 0.0000 | valAUC 0.6927 | tau+ 0.500
[OUTPOST-v4] epoch 262: test-all ROC 0.6720 PR 0.2582 | unseen ROC 0.5000 PR 0.0000 | valAUC 0.6923 | tau+ 0.500
[OUTPOST-v4] epoch 263: test-all ROC 0.6727 PR 0.2591 | unseen ROC 0.5000 PR 0.0000 | valAUC 0.6924 | tau+ 0.500
[OUTPOST-v4] epoch 264: test-all ROC 0.6735 PR 0.2600 | unseen ROC 0.5000 PR 0.0000 | valAUC 0.6932 | tau+ 0.500
[OUTPOST-v4] epoch 265: test-all ROC 0.6744 PR 0.2611 | unseen ROC 0.5000 PR 0.0000 | valAUC 0.6936 | tau+ 0.500
[OUTPOST-v4] epoch 266: test-all ROC 0.6756 PR 0.2622 | unseen ROC 0.5000 PR 0.0000 | valAUC 0.6935 | tau+ 0.500
[OUTPOST-v4] epoch 267: test-all ROC 0.6768 PR 0.2634 | unseen ROC 0.5000 PR 0.0000 | valAUC 0.6934 | tau+ 0.500
[OUTPOST-v4] epoch 268: test-all ROC 0.6779 PR 0.2646 | unseen ROC 0.5000 PR 0.0000 | valAUC 0.6940 | tau+ 0.500
[OUTPOST-v4] epoch 269: test-all ROC 0.6791 PR 0.2658 | unseen ROC 0.5000 PR 0.0000 | valAUC 0.6946 | tau+ 0.500
[OUTPOST-v4] epoch 270: test-all ROC 0.6800 PR 0.2669 | unseen ROC 0.5000 PR 0.0000 | valAUC 0.6957 | tau+ 0.500
[OUTPOST-v4] epoch 271: test-all ROC 0.6808 PR 0.2677 | unseen ROC 0.5000 PR 0.0000 | valAUC 0.6959 | tau+ 0.500
[OUTPOST-v4] epoch 272: test-all ROC 0.6814 PR 0.2683 | unseen ROC 0.5000 PR 0.0000 | valAUC 0.6962 | tau+ 0.500
[OUTPOST-v4] epoch 273: test-all ROC 0.6820 PR 0.2688 | unseen ROC 0.5000 PR 0.0000 | valAUC 0.6957 | tau+ 0.500
[OUTPOST-v4] epoch 274: test-all ROC 0.6825 PR 0.2694 | unseen ROC 0.5000 PR 0.0000 | valAUC 0.6968 | tau+ 0.500
[OUTPOST-v4] epoch 275: test-all ROC 0.6832 PR 0.2702 | unseen ROC 0.5000 PR 0.0000 | valAUC 0.6967 | tau+ 0.500
[OUTPOST-v4] epoch 276: test-all ROC 0.6841 PR 0.2711 | unseen ROC 0.5000 PR 0.0000 | valAUC 0.6975 | tau+ 0.500
[OUTPOST-v4] epoch 277: test-all ROC 0.6850 PR 0.2720 | unseen ROC 0.5000 PR 0.0000 | valAUC 0.6976 | tau+ 0.500
[OUTPOST-v4] epoch 278: test-all ROC 0.6858 PR 0.2729 | unseen ROC 0.5000 PR 0.0000 | valAUC 0.6990 | tau+ 0.500
[OUTPOST-v4] epoch 279: test-all ROC 0.6866 PR 0.2737 | unseen ROC 0.5000 PR 0.0000 | valAUC 0.6995 | tau+ 0.500
[OUTPOST-v4] epoch 280: test-all ROC 0.6873 PR 0.2746 | unseen ROC 0.5000 PR 0.0000 | valAUC 0.7002 | tau+ 0.500
[OUTPOST-v4] epoch 281: test-all ROC 0.6880 PR 0.2753 | unseen ROC 0.5000 PR 0.0000 | valAUC 0.7009 | tau+ 0.500
[OUTPOST-v4] epoch 282: test-all ROC 0.6886 PR 0.2759 | unseen ROC 0.5000 PR 0.0000 | valAUC 0.7010 | tau+ 0.500
[OUTPOST-v4] epoch 283: test-all ROC 0.6891 PR 0.2764 | unseen ROC 0.5000 PR 0.0000 | valAUC 0.7016 | tau+ 0.500
[OUTPOST-v4] epoch 284: test-all ROC 0.6897 PR 0.2770 | unseen ROC 0.5000 PR 0.0000 | valAUC 0.7016 | tau+ 0.500
[OUTPOST-v4] epoch 285: test-all ROC 0.6903 PR 0.2777 | unseen ROC 0.5000 PR 0.0000 | valAUC 0.7021 | tau+ 0.500
[OUTPOST-v4] epoch 286: test-all ROC 0.6910 PR 0.2784 | unseen ROC 0.5000 PR 0.0000 | valAUC 0.7029 | tau+ 0.500
[OUTPOST-v4] epoch 287: test-all ROC 0.6917 PR 0.2791 | unseen ROC 0.5000 PR 0.0000 | valAUC 0.7036 | tau+ 0.500
[OUTPOST-v4] epoch 288: test-all ROC 0.6924 PR 0.2798 | unseen ROC 0.5000 PR 0.0000 | valAUC 0.7036 | tau+ 0.500
[OUTPOST-v4] epoch 289: test-all ROC 0.6931 PR 0.2804 | unseen ROC 0.5000 PR 0.0000 | valAUC 0.7044 | tau+ 0.500
[OUTPOST-v4] epoch 290: test-all ROC 0.6938 PR 0.2810 | unseen ROC 0.5000 PR 0.0000 | valAUC 0.7050 | tau+ 0.500
[OUTPOST-v4] epoch 291: test-all ROC 0.6945 PR 0.2816 | unseen ROC 0.5000 PR 0.0000 | valAUC 0.7050 | tau+ 0.500
[OUTPOST-v4] epoch 292: test-all ROC 0.6950 PR 0.2820 | unseen ROC 0.5000 PR 0.0000 | valAUC 0.7044 | tau+ 0.500
[OUTPOST-v4] epoch 293: test-all ROC 0.6955 PR 0.2825 | unseen ROC 0.5000 PR 0.0000 | valAUC 0.7048 | tau+ 0.500
[OUTPOST-v4] epoch 294: test-all ROC 0.6963 PR 0.2832 | unseen ROC 0.5000 PR 0.0000 | valAUC 0.7052 | tau+ 0.500
[OUTPOST-v4] epoch 295: test-all ROC 0.6971 PR 0.2840 | unseen ROC 0.5000 PR 0.0000 | valAUC 0.7057 | tau+ 0.500
[OUTPOST-v4] epoch 296: test-all ROC 0.6978 PR 0.2846 | unseen ROC 0.5000 PR 0.0000 | valAUC 0.7057 | tau+ 0.500
[OUTPOST-v4] epoch 297: test-all ROC 0.6983 PR 0.2852 | unseen ROC 0.5000 PR 0.0000 | valAUC 0.7060 | tau+ 0.500
[OUTPOST-v4] epoch 298: test-all ROC 0.6988 PR 0.2856 | unseen ROC 0.5000 PR 0.0000 | valAUC 0.7060 | tau+ 0.500
[OUTPOST-v4] epoch 299: test-all ROC 0.6992 PR 0.2860 | unseen ROC 0.5000 PR 0.0000 | valAUC 0.7062 | tau+ 0.500
[OUTPOST-v4] epoch 300: test-all ROC 0.6997 PR 0.2865 | unseen ROC 0.5000 PR 0.0000 | valAUC 0.7071 | tau+ 0.500
[OUTPOST-v4] epoch 301: test-all ROC 0.7002 PR 0.2869 | unseen ROC 0.5000 PR 0.0000 | valAUC 0.7069 | tau+ 0.500
[OUTPOST-v4] epoch 302: test-all ROC 0.7007 PR 0.2873 | unseen ROC 0.5000 PR 0.0000 | valAUC 0.7075 | tau+ 0.500
[OUTPOST-v4] epoch 303: test-all ROC 0.7011 PR 0.2878 | unseen ROC 0.5000 PR 0.0000 | valAUC 0.7075 | tau+ 0.500
[OUTPOST-v4] epoch 304: test-all ROC 0.7016 PR 0.2883 | unseen ROC 0.5000 PR 0.0000 | valAUC 0.7079 | tau+ 0.500
[OUTPOST-v4] epoch 305: test-all ROC 0.7022 PR 0.2888 | unseen ROC 0.5000 PR 0.0000 | valAUC 0.7079 | tau+ 0.500
[OUTPOST-v4] epoch 306: test-all ROC 0.7026 PR 0.2892 | unseen ROC 0.5000 PR 0.0000 | valAUC 0.7084 | tau+ 0.500
[OUTPOST-v4] epoch 307: test-all ROC 0.7030 PR 0.2898 | unseen ROC 0.5000 PR 0.0000 | valAUC 0.7086 | tau+ 0.500
[OUTPOST-v4] epoch 308: test-all ROC 0.7035 PR 0.2902 | unseen ROC 0.5000 PR 0.0000 | valAUC 0.7088 | tau+ 0.500
[OUTPOST-v4] epoch 309: test-all ROC 0.7039 PR 0.2906 | unseen ROC 0.5000 PR 0.0000 | valAUC 0.7085 | tau+ 0.500
[OUTPOST-v4] epoch 310: test-all ROC 0.7042 PR 0.2910 | unseen ROC 0.5000 PR 0.0000 | valAUC 0.7081 | tau+ 0.500
[OUTPOST-v4] epoch 311: test-all ROC 0.7046 PR 0.2913 | unseen ROC 0.5000 PR 0.0000 | valAUC 0.7079 | tau+ 0.500
[OUTPOST-v4] epoch 312: test-all ROC 0.7050 PR 0.2917 | unseen ROC 0.5000 PR 0.0000 | valAUC 0.7076 | tau+ 0.500
[OUTPOST-v4] epoch 313: test-all ROC 0.7054 PR 0.2922 | unseen ROC 0.5000 PR 0.0000 | valAUC 0.7080 | tau+ 0.500
[OUTPOST-v4] epoch 314: test-all ROC 0.7059 PR 0.2927 | unseen ROC 0.5000 PR 0.0000 | valAUC 0.7081 | tau+ 0.500
[OUTPOST-v4] epoch 315: test-all ROC 0.7063 PR 0.2932 | unseen ROC 0.5000 PR 0.0000 | valAUC 0.7080 | tau+ 0.500
[OUTPOST-v4] epoch 316: test-all ROC 0.7067 PR 0.2936 | unseen ROC 0.5000 PR 0.0000 | valAUC 0.7085 | tau+ 0.500
[OUTPOST-v4] epoch 317: test-all ROC 0.7070 PR 0.2940 | unseen ROC 0.5000 PR 0.0000 | valAUC 0.7085 | tau+ 0.500
[OUTPOST-v4] epoch 318: test-all ROC 0.7074 PR 0.2943 | unseen ROC 0.5000 PR 0.0000 | valAUC 0.7088 | tau+ 0.500
[OUTPOST-v4] epoch 319: test-all ROC 0.7077 PR 0.2946 | unseen ROC 0.5000 PR 0.0000 | valAUC 0.7088 | tau+ 0.500
[OUTPOST-v4] epoch 320: test-all ROC 0.7080 PR 0.2950 | unseen ROC 0.5000 PR 0.0000 | valAUC 0.7096 | tau+ 0.500
[OUTPOST-v4] epoch 321: test-all ROC 0.7083 PR 0.2954 | unseen ROC 0.5000 PR 0.0000 | valAUC 0.7099 | tau+ 0.500
[OUTPOST-v4] epoch 322: test-all ROC 0.7087 PR 0.2959 | unseen ROC 0.5000 PR 0.0000 | valAUC 0.7108 | tau+ 0.500
[OUTPOST-v4] epoch 323: test-all ROC 0.7092 PR 0.2965 | unseen ROC 0.5000 PR 0.0000 | valAUC 0.7105 | tau+ 0.500
[OUTPOST-v4] epoch 324: test-all ROC 0.7095 PR 0.2969 | unseen ROC 0.5000 PR 0.0000 | valAUC 0.7101 | tau+ 0.500
[OUTPOST-v4] epoch 325: test-all ROC 0.7097 PR 0.2972 | unseen ROC 0.5000 PR 0.0000 | valAUC 0.7100 | tau+ 0.500
[OUTPOST-v4] epoch 326: test-all ROC 0.7099 PR 0.2975 | unseen ROC 0.5000 PR 0.0000 | valAUC 0.7104 | tau+ 0.500
[OUTPOST-v4] epoch 327: test-all ROC 0.7102 PR 0.2978 | unseen ROC 0.5000 PR 0.0000 | valAUC 0.7106 | tau+ 0.500
[OUTPOST-v4] epoch 328: test-all ROC 0.7105 PR 0.2983 | unseen ROC 0.5000 PR 0.0000 | valAUC 0.7104 | tau+ 0.500
[OUTPOST-v4] epoch 329: test-all ROC 0.7109 PR 0.2989 | unseen ROC 0.5000 PR 0.0000 | valAUC 0.7110 | tau+ 0.500
[OUTPOST-v4] epoch 330: test-all ROC 0.7112 PR 0.2994 | unseen ROC 0.5000 PR 0.0000 | valAUC 0.7110 | tau+ 0.500
[OUTPOST-v4] epoch 331: test-all ROC 0.7115 PR 0.2997 | unseen ROC 0.5000 PR 0.0000 | valAUC 0.7112 | tau+ 0.500
[OUTPOST-v4] epoch 332: test-all ROC 0.7116 PR 0.2999 | unseen ROC 0.5000 PR 0.0000 | valAUC 0.7117 | tau+ 0.500
[OUTPOST-v4] epoch 333: test-all ROC 0.7116 PR 0.3000 | unseen ROC 0.5000 PR 0.0000 | valAUC 0.7125 | tau+ 0.500
[OUTPOST-v4] epoch 334: test-all ROC 0.7118 PR 0.3003 | unseen ROC 0.5000 PR 0.0000 | valAUC 0.7127 | tau+ 0.500
[OUTPOST-v4] epoch 335: test-all ROC 0.7121 PR 0.3007 | unseen ROC 0.5000 PR 0.0000 | valAUC 0.7135 | tau+ 0.500
[OUTPOST-v4] epoch 336: test-all ROC 0.7124 PR 0.3011 | unseen ROC 0.5000 PR 0.0000 | valAUC 0.7139 | tau+ 0.500
[OUTPOST-v4] epoch 337: test-all ROC 0.7126 PR 0.3014 | unseen ROC 0.5000 PR 0.0000 | valAUC 0.7151 | tau+ 0.500
[OUTPOST-v4] epoch 338: test-all ROC 0.7128 PR 0.3016 | unseen ROC 0.5000 PR 0.0000 | valAUC 0.7154 | tau+ 0.500
[OUTPOST-v4] epoch 339: test-all ROC 0.7129 PR 0.3018 | unseen ROC 0.5000 PR 0.0000 | valAUC 0.7157 | tau+ 0.500
[OUTPOST-v4] epoch 340: test-all ROC 0.7129 PR 0.3021 | unseen ROC 0.5000 PR 0.0000 | valAUC 0.7159 | tau+ 0.500
[OUTPOST-v4] epoch 341: test-all ROC 0.7131 PR 0.3024 | unseen ROC 0.5000 PR 0.0000 | valAUC 0.7171 | tau+ 0.500
[OUTPOST-v4] epoch 342: test-all ROC 0.7134 PR 0.3028 | unseen ROC 0.5000 PR 0.0000 | valAUC 0.7175 | tau+ 0.500
[OUTPOST-v4] epoch 343: test-all ROC 0.7137 PR 0.3034 | unseen ROC 0.5000 PR 0.0000 | valAUC 0.7180 | tau+ 0.500
[OUTPOST-v4] epoch 344: test-all ROC 0.7140 PR 0.3038 | unseen ROC 0.5000 PR 0.0000 | valAUC 0.7185 | tau+ 0.500
[OUTPOST-v4] epoch 345: test-all ROC 0.7142 PR 0.3041 | unseen ROC 0.5000 PR 0.0000 | valAUC 0.7186 | tau+ 0.500
[OUTPOST-v4] epoch 346: test-all ROC 0.7145 PR 0.3044 | unseen ROC 0.5000 PR 0.0000 | valAUC 0.7189 | tau+ 0.500
[OUTPOST-v4] epoch 347: test-all ROC 0.7147 PR 0.3047 | unseen ROC 0.5000 PR 0.0000 | valAUC 0.7192 | tau+ 0.500
[OUTPOST-v4] epoch 348: test-all ROC 0.7150 PR 0.3051 | unseen ROC 0.5000 PR 0.0000 | valAUC 0.7192 | tau+ 0.500
[OUTPOST-v4] epoch 349: test-all ROC 0.7153 PR 0.3056 | unseen ROC 0.5000 PR 0.0000 | valAUC 0.7202 | tau+ 0.500
[OUTPOST-v4] epoch 350: test-all ROC 0.7157 PR 0.3062 | unseen ROC 0.5000 PR 0.0000 | valAUC 0.7205 | tau+ 0.500
[OUTPOST-v4] epoch 351: test-all ROC 0.7160 PR 0.3068 | unseen ROC 0.5000 PR 0.0000 | valAUC 0.7213 | tau+ 0.500
[OUTPOST-v4] epoch 352: test-all ROC 0.7163 PR 0.3072 | unseen ROC 0.5000 PR 0.0000 | valAUC 0.7217 | tau+ 0.500
[OUTPOST-v4] epoch 353: test-all ROC 0.7165 PR 0.3076 | unseen ROC 0.5000 PR 0.0000 | valAUC 0.7224 | tau+ 0.500
[OUTPOST-v4] epoch 354: test-all ROC 0.7167 PR 0.3079 | unseen ROC 0.5000 PR 0.0000 | valAUC 0.7230 | tau+ 0.500
[OUTPOST-v4] epoch 355: test-all ROC 0.7170 PR 0.3082 | unseen ROC 0.5000 PR 0.0000 | valAUC 0.7236 | tau+ 0.500
[OUTPOST-v4] epoch 356: test-all ROC 0.7174 PR 0.3086 | unseen ROC 0.5000 PR 0.0000 | valAUC 0.7240 | tau+ 0.500
[OUTPOST-v4] epoch 357: test-all ROC 0.7177 PR 0.3090 | unseen ROC 0.5000 PR 0.0000 | valAUC 0.7247 | tau+ 0.500
[OUTPOST-v4] epoch 358: test-all ROC 0.7180 PR 0.3093 | unseen ROC 0.5000 PR 0.0000 | valAUC 0.7250 | tau+ 0.500
[OUTPOST-v4] epoch 359: test-all ROC 0.7182 PR 0.3096 | unseen ROC 0.5000 PR 0.0000 | valAUC 0.7253 | tau+ 0.500
[OUTPOST-v4] epoch 360: test-all ROC 0.7183 PR 0.3097 | unseen ROC 0.5000 PR 0.0000 | valAUC 0.7247 | tau+ 0.500
[OUTPOST-v4] epoch 361: test-all ROC 0.7185 PR 0.3100 | unseen ROC 0.5000 PR 0.0000 | valAUC 0.7248 | tau+ 0.500
[OUTPOST-v4] epoch 362: test-all ROC 0.7188 PR 0.3105 | unseen ROC 0.5000 PR 0.0000 | valAUC 0.7247 | tau+ 0.500
[OUTPOST-v4] epoch 363: test-all ROC 0.7191 PR 0.3111 | unseen ROC 0.5000 PR 0.0000 | valAUC 0.7254 | tau+ 0.500
[OUTPOST-v4] epoch 364: test-all ROC 0.7193 PR 0.3115 | unseen ROC 0.5000 PR 0.0000 | valAUC 0.7259 | tau+ 0.500
[OUTPOST-v4] epoch 365: test-all ROC 0.7194 PR 0.3117 | unseen ROC 0.5000 PR 0.0000 | valAUC 0.7262 | tau+ 0.500
[OUTPOST-v4] epoch 366: test-all ROC 0.7196 PR 0.3120 | unseen ROC 0.5000 PR 0.0000 | valAUC 0.7265 | tau+ 0.500
[OUTPOST-v4] epoch 367: test-all ROC 0.7198 PR 0.3122 | unseen ROC 0.5000 PR 0.0000 | valAUC 0.7276 | tau+ 0.500
[OUTPOST-v4] epoch 368: test-all ROC 0.7201 PR 0.3126 | unseen ROC 0.5000 PR 0.0000 | valAUC 0.7276 | tau+ 0.500
[OUTPOST-v4] epoch 369: test-all ROC 0.7203 PR 0.3128 | unseen ROC 0.5000 PR 0.0000 | valAUC 0.7273 | tau+ 0.500
[OUTPOST-v4] epoch 370: test-all ROC 0.7204 PR 0.3129 | unseen ROC 0.5000 PR 0.0000 | valAUC 0.7276 | tau+ 0.500
[OUTPOST-v4] epoch 371: test-all ROC 0.7204 PR 0.3130 | unseen ROC 0.5000 PR 0.0000 | valAUC 0.7281 | tau+ 0.500
[OUTPOST-v4] epoch 372: test-all ROC 0.7205 PR 0.3131 | unseen ROC 0.5000 PR 0.0000 | valAUC 0.7285 | tau+ 0.500
[OUTPOST-v4] epoch 373: test-all ROC 0.7207 PR 0.3134 | unseen ROC 0.5000 PR 0.0000 | valAUC 0.7282 | tau+ 0.500
[OUTPOST-v4] epoch 374: test-all ROC 0.7208 PR 0.3136 | unseen ROC 0.5000 PR 0.0000 | valAUC 0.7283 | tau+ 0.500
[OUTPOST-v4] epoch 375: test-all ROC 0.7208 PR 0.3138 | unseen ROC 0.5000 PR 0.0000 | valAUC 0.7292 | tau+ 0.500
[OUTPOST-v4] epoch 376: test-all ROC 0.7207 PR 0.3140 | unseen ROC 0.5000 PR 0.0000 | valAUC 0.7294 | tau+ 0.500
[OUTPOST-v4] epoch 377: test-all ROC 0.7207 PR 0.3144 | unseen ROC 0.5000 PR 0.0000 | valAUC 0.7299 | tau+ 0.500
[OUTPOST-v4] epoch 378: test-all ROC 0.7211 PR 0.3150 | unseen ROC 0.5000 PR 0.0000 | valAUC 0.7306 | tau+ 0.500
[OUTPOST-v4] epoch 379: test-all ROC 0.7214 PR 0.3156 | unseen ROC 0.5000 PR 0.0000 | valAUC 0.7320 | tau+ 0.500
[OUTPOST-v4] epoch 380: test-all ROC 0.7214 PR 0.3162 | unseen ROC 0.5000 PR 0.0000 | valAUC 0.7336 | tau+ 0.500
[OUTPOST-v4] epoch 381: test-all ROC 0.7212 PR 0.3165 | unseen ROC 0.5000 PR 0.0000 | valAUC 0.7344 | tau+ 0.500
[OUTPOST-v4] epoch 382: test-all ROC 0.7214 PR 0.3171 | unseen ROC 0.5000 PR 0.0000 | valAUC 0.7350 | tau+ 0.500
[OUTPOST-v4] epoch 383: test-all ROC 0.7215 PR 0.3175 | unseen ROC 0.5000 PR 0.0000 | valAUC 0.7367 | tau+ 0.500
[OUTPOST-v4] epoch 384: test-all ROC 0.7217 PR 0.3180 | unseen ROC 0.5000 PR 0.0000 | valAUC 0.7367 | tau+ 0.500
[OUTPOST-v4] epoch 385: test-all ROC 0.7218 PR 0.3184 | unseen ROC 0.5000 PR 0.0000 | valAUC 0.7376 | tau+ 0.500
[OUTPOST-v4] epoch 386: test-all ROC 0.7218 PR 0.3187 | unseen ROC 0.5000 PR 0.0000 | valAUC 0.7380 | tau+ 0.500
[OUTPOST-v4] epoch 387: test-all ROC 0.7219 PR 0.3192 | unseen ROC 0.5000 PR 0.0000 | valAUC 0.7388 | tau+ 0.500
[OUTPOST-v4] epoch 388: test-all ROC 0.7222 PR 0.3199 | unseen ROC 0.5000 PR 0.0000 | valAUC 0.7397 | tau+ 0.500
[OUTPOST-v4] epoch 389: test-all ROC 0.7224 PR 0.3205 | unseen ROC 0.5000 PR 0.0000 | valAUC 0.7401 | tau+ 0.500
[OUTPOST-v4] epoch 390: test-all ROC 0.7226 PR 0.3210 | unseen ROC 0.5000 PR 0.0000 | valAUC 0.7405 | tau+ 0.500
[OUTPOST-v4] epoch 391: test-all ROC 0.7226 PR 0.3214 | unseen ROC 0.5000 PR 0.0000 | valAUC 0.7412 | tau+ 0.500
[OUTPOST-v4] epoch 392: test-all ROC 0.7224 PR 0.3215 | unseen ROC 0.5000 PR 0.0000 | valAUC 0.7420 | tau+ 0.500
[OUTPOST-v4] epoch 393: test-all ROC 0.7218 PR 0.3213 | unseen ROC 0.5000 PR 0.0000 | valAUC 0.7403 | tau+ 0.500
[OUTPOST-v4] epoch 394: test-all ROC 0.7210 PR 0.3208 | unseen ROC 0.5000 PR 0.0000 | valAUC 0.7418 | tau+ 0.500
[OUTPOST-v4] epoch 395: test-all ROC 0.7201 PR 0.3204 | unseen ROC 0.5000 PR 0.0000 | valAUC 0.7421 | tau+ 0.500
[OUTPOST-v4] epoch 396: test-all ROC 0.7186 PR 0.3199 | unseen ROC 0.5000 PR 0.0000 | valAUC 0.7429 | tau+ 0.500
[OUTPOST-v4] epoch 397: test-all ROC 0.7176 PR 0.3199 | unseen ROC 0.5000 PR 0.0000 | valAUC 0.7438 | tau+ 0.500
[OUTPOST-v4] epoch 398: test-all ROC 0.7176 PR 0.3207 | unseen ROC 0.5000 PR 0.0000 | valAUC 0.7437 | tau+ 0.500
[OUTPOST-v4] epoch 399: test-all ROC 0.7180 PR 0.3219 | unseen ROC 0.5000 PR 0.0000 | valAUC 0.7464 | tau+ 0.500
  rotation 1: ROC 0.7226 PR 0.3219
[yelp] params 2689, peak GPU 0.93 GB, 30.3 min total

[yelp] AGGREGATE  best-over-epochs: ROC 0.7226 PR 0.3219
[yelp] AGGREGATE  val-selected:     ROC 0.7180 PR 0.3219
row appended to results/results.csv
