# gpu=6 cmd=/usr/bin/python3 -u main.py --dataset yelp --seed 2 --method outpost --tag D_hidden16 --set hidden_dim=16
/nas/home/jahin/.local/lib/python3.10/site-packages/requests/__init__.py:113: RequestsDependencyWarning: urllib3 (1.26.5) or chardet (7.2.0)/charset_normalizer (3.4.4) doesn't match a supported version!
  warnings.warn(
[yelp] anomaly classes (rotations): [np.int64(1)]
Normal classes: [np.int64(0)] in yelp
Building multi-layer GraphSage
[OUTPOST-v4] epoch 0: test-all ROC 0.5184 PR 0.1509 | unseen ROC 0.5000 PR 0.0000 | valAUC 0.4787 | tau+ 0.500
[OUTPOST-v4] epoch 1: test-all ROC 0.5405 PR 0.1628 | unseen ROC 0.5000 PR 0.0000 | valAUC 0.5309 | tau+ 0.500
[OUTPOST-v4] epoch 2: test-all ROC 0.5456 PR 0.1659 | unseen ROC 0.5000 PR 0.0000 | valAUC 0.5424 | tau+ 0.500
[OUTPOST-v4] epoch 3: test-all ROC 0.5574 PR 0.1714 | unseen ROC 0.5000 PR 0.0000 | valAUC 0.5530 | tau+ 0.500
[OUTPOST-v4] epoch 4: test-all ROC 0.5454 PR 0.1672 | unseen ROC 0.5000 PR 0.0000 | valAUC 0.5630 | tau+ 0.500
[OUTPOST-v4] epoch 5: test-all ROC 0.5392 PR 0.1647 | unseen ROC 0.5000 PR 0.0000 | valAUC 0.5793 | tau+ 0.500
[OUTPOST-v4] epoch 6: test-all ROC 0.5363 PR 0.1632 | unseen ROC 0.5000 PR 0.0000 | valAUC 0.5783 | tau+ 0.500
[OUTPOST-v4] epoch 7: test-all ROC 0.5280 PR 0.1603 | unseen ROC 0.5000 PR 0.0000 | valAUC 0.5654 | tau+ 0.500
[OUTPOST-v4] epoch 8: test-all ROC 0.5216 PR 0.1574 | unseen ROC 0.5000 PR 0.0000 | valAUC 0.5464 | tau+ 0.500
[OUTPOST-v4] epoch 9: test-all ROC 0.5326 PR 0.1599 | unseen ROC 0.5000 PR 0.0000 | valAUC 0.5346 | tau+ 0.500
[OUTPOST-v4] epoch 10: test-all ROC 0.5565 PR 0.1734 | unseen ROC 0.5000 PR 0.0000 | valAUC 0.5609 | tau+ 0.500
[OUTPOST-v4] epoch 11: test-all ROC 0.5647 PR 0.1811 | unseen ROC 0.5000 PR 0.0000 | valAUC 0.5345 | tau+ 0.500
[OUTPOST-v4] epoch 12: test-all ROC 0.5713 PR 0.1856 | unseen ROC 0.5000 PR 0.0000 | valAUC 0.5519 | tau+ 0.500
[OUTPOST-v4] epoch 13: test-all ROC 0.5724 PR 0.1893 | unseen ROC 0.5000 PR 0.0000 | valAUC 0.5504 | tau+ 0.500
[OUTPOST-v4] epoch 14: test-all ROC 0.5815 PR 0.1994 | unseen ROC 0.5000 PR 0.0000 | valAUC 0.5287 | tau+ 0.500
[OUTPOST-v4] epoch 15: test-all ROC 0.5845 PR 0.2103 | unseen ROC 0.5000 PR 0.0000 | valAUC 0.5260 | tau+ 0.500
[OUTPOST-v4] epoch 16: test-all ROC 0.5740 PR 0.2026 | unseen ROC 0.5000 PR 0.0000 | valAUC 0.5398 | tau+ 0.500
[OUTPOST-v4] epoch 17: test-all ROC 0.5690 PR 0.1913 | unseen ROC 0.5000 PR 0.0000 | valAUC 0.5578 | tau+ 0.500
[OUTPOST-v4] epoch 18: test-all ROC 0.5785 PR 0.1926 | unseen ROC 0.5000 PR 0.0000 | valAUC 0.5677 | tau+ 0.500
[OUTPOST-v4] epoch 19: test-all ROC 0.5888 PR 0.2000 | unseen ROC 0.5000 PR 0.0000 | valAUC 0.5584 | tau+ 0.500
[OUTPOST-v4] epoch 20: test-all ROC 0.5893 PR 0.2014 | unseen ROC 0.5000 PR 0.0000 | valAUC 0.5621 | tau+ 0.500
[OUTPOST-v4] epoch 21: test-all ROC 0.5888 PR 0.2008 | unseen ROC 0.5000 PR 0.0000 | valAUC 0.5668 | tau+ 0.500
[OUTPOST-v4] epoch 22: test-all ROC 0.5885 PR 0.2003 | unseen ROC 0.5000 PR 0.0000 | valAUC 0.5674 | tau+ 0.500
[OUTPOST-v4] epoch 23: test-all ROC 0.5882 PR 0.1997 | unseen ROC 0.5000 PR 0.0000 | valAUC 0.5684 | tau+ 0.500
[OUTPOST-v4] epoch 24: test-all ROC 0.5878 PR 0.1992 | unseen ROC 0.5000 PR 0.0000 | valAUC 0.5721 | tau+ 0.500
[OUTPOST-v4] epoch 25: test-all ROC 0.5861 PR 0.1982 | unseen ROC 0.5000 PR 0.0000 | valAUC 0.5693 | tau+ 0.500
[OUTPOST-v4] epoch 26: test-all ROC 0.5853 PR 0.1972 | unseen ROC 0.5000 PR 0.0000 | valAUC 0.5735 | tau+ 0.500
[OUTPOST-v4] epoch 27: test-all ROC 0.5829 PR 0.1961 | unseen ROC 0.5000 PR 0.0000 | valAUC 0.5702 | tau+ 0.500
[OUTPOST-v4] epoch 28: test-all ROC 0.5740 PR 0.1922 | unseen ROC 0.5000 PR 0.0000 | valAUC 0.5620 | tau+ 0.500
[OUTPOST-v4] epoch 29: test-all ROC 0.5735 PR 0.1910 | unseen ROC 0.5000 PR 0.0000 | valAUC 0.5672 | tau+ 0.500
[OUTPOST-v4] epoch 30: test-all ROC 0.5745 PR 0.1906 | unseen ROC 0.5000 PR 0.0000 | valAUC 0.5692 | tau+ 0.500
[OUTPOST-v4] epoch 31: test-all ROC 0.5750 PR 0.1905 | unseen ROC 0.5000 PR 0.0000 | valAUC 0.5699 | tau+ 0.500
[OUTPOST-v4] epoch 32: test-all ROC 0.5754 PR 0.1903 | unseen ROC 0.5000 PR 0.0000 | valAUC 0.5708 | tau+ 0.500
[OUTPOST-v4] epoch 33: test-all ROC 0.5755 PR 0.1900 | unseen ROC 0.5000 PR 0.0000 | valAUC 0.5702 | tau+ 0.500
[OUTPOST-v4] epoch 34: test-all ROC 0.5755 PR 0.1896 | unseen ROC 0.5000 PR 0.0000 | valAUC 0.5685 | tau+ 0.500
[OUTPOST-v4] epoch 35: test-all ROC 0.5753 PR 0.1891 | unseen ROC 0.5000 PR 0.0000 | valAUC 0.5687 | tau+ 0.500
[OUTPOST-v4] epoch 36: test-all ROC 0.5746 PR 0.1879 | unseen ROC 0.5000 PR 0.0000 | valAUC 0.5694 | tau+ 0.500
[OUTPOST-v4] epoch 37: test-all ROC 0.5718 PR 0.1853 | unseen ROC 0.5000 PR 0.0000 | valAUC 0.5645 | tau+ 0.500
[OUTPOST-v4] epoch 38: test-all ROC 0.5684 PR 0.1826 | unseen ROC 0.5000 PR 0.0000 | valAUC 0.5577 | tau+ 0.500
[OUTPOST-v4] epoch 39: test-all ROC 0.5690 PR 0.1821 | unseen ROC 0.5000 PR 0.0000 | valAUC 0.5607 | tau+ 0.500
[OUTPOST-v4] epoch 40: test-all ROC 0.5694 PR 0.1819 | unseen ROC 0.5000 PR 0.0000 | valAUC 0.5629 | tau+ 0.500
[OUTPOST-v4] epoch 41: test-all ROC 0.5702 PR 0.1819 | unseen ROC 0.5000 PR 0.0000 | valAUC 0.5635 | tau+ 0.500
[OUTPOST-v4] epoch 42: test-all ROC 0.5712 PR 0.1821 | unseen ROC 0.5000 PR 0.0000 | valAUC 0.5631 | tau+ 0.500
[OUTPOST-v4] epoch 43: test-all ROC 0.5722 PR 0.1823 | unseen ROC 0.5000 PR 0.0000 | valAUC 0.5626 | tau+ 0.500
[OUTPOST-v4] epoch 44: test-all ROC 0.5726 PR 0.1824 | unseen ROC 0.5000 PR 0.0000 | valAUC 0.5622 | tau+ 0.500
[OUTPOST-v4] epoch 45: test-all ROC 0.5719 PR 0.1820 | unseen ROC 0.5000 PR 0.0000 | valAUC 0.5591 | tau+ 0.500
[OUTPOST-v4] epoch 46: test-all ROC 0.5698 PR 0.1814 | unseen ROC 0.5000 PR 0.0000 | valAUC 0.5565 | tau+ 0.500
[OUTPOST-v4] epoch 47: test-all ROC 0.5685 PR 0.1812 | unseen ROC 0.5000 PR 0.0000 | valAUC 0.5569 | tau+ 0.500
[OUTPOST-v4] epoch 48: test-all ROC 0.5677 PR 0.1804 | unseen ROC 0.5000 PR 0.0000 | valAUC 0.5560 | tau+ 0.500
[OUTPOST-v4] epoch 49: test-all ROC 0.5669 PR 0.1797 | unseen ROC 0.5000 PR 0.0000 | valAUC 0.5540 | tau+ 0.500
[OUTPOST-v4] epoch 50: test-all ROC 0.5661 PR 0.1790 | unseen ROC 0.5000 PR 0.0000 | valAUC 0.5514 | tau+ 0.500
[OUTPOST-v4] epoch 51: test-all ROC 0.5651 PR 0.1782 | unseen ROC 0.5000 PR 0.0000 | valAUC 0.5490 | tau+ 0.500
[OUTPOST-v4] epoch 52: test-all ROC 0.5646 PR 0.1776 | unseen ROC 0.5000 PR 0.0000 | valAUC 0.5471 | tau+ 0.500
[OUTPOST-v4] epoch 53: test-all ROC 0.5642 PR 0.1771 | unseen ROC 0.5000 PR 0.0000 | valAUC 0.5449 | tau+ 0.500
[OUTPOST-v4] epoch 54: test-all ROC 0.5637 PR 0.1766 | unseen ROC 0.5000 PR 0.0000 | valAUC 0.5435 | tau+ 0.500
[OUTPOST-v4] epoch 55: test-all ROC 0.5633 PR 0.1761 | unseen ROC 0.5000 PR 0.0000 | valAUC 0.5428 | tau+ 0.500
[OUTPOST-v4] epoch 56: test-all ROC 0.5629 PR 0.1756 | unseen ROC 0.5000 PR 0.0000 | valAUC 0.5406 | tau+ 0.500
[OUTPOST-v4] epoch 57: test-all ROC 0.5624 PR 0.1751 | unseen ROC 0.5000 PR 0.0000 | valAUC 0.5394 | tau+ 0.500
[OUTPOST-v4] epoch 58: test-all ROC 0.5621 PR 0.1747 | unseen ROC 0.5000 PR 0.0000 | valAUC 0.5380 | tau+ 0.500
[OUTPOST-v4] epoch 59: test-all ROC 0.5617 PR 0.1743 | unseen ROC 0.5000 PR 0.0000 | valAUC 0.5359 | tau+ 0.500
[OUTPOST-v4] epoch 60: test-all ROC 0.5614 PR 0.1740 | unseen ROC 0.5000 PR 0.0000 | valAUC 0.5352 | tau+ 0.500
[OUTPOST-v4] epoch 61: test-all ROC 0.5612 PR 0.1737 | unseen ROC 0.5000 PR 0.0000 | valAUC 0.5336 | tau+ 0.500
[OUTPOST-v4] epoch 62: test-all ROC 0.5611 PR 0.1735 | unseen ROC 0.5000 PR 0.0000 | valAUC 0.5335 | tau+ 0.500
[OUTPOST-v4] epoch 63: test-all ROC 0.5612 PR 0.1734 | unseen ROC 0.5000 PR 0.0000 | valAUC 0.5332 | tau+ 0.500
[OUTPOST-v4] epoch 64: test-all ROC 0.5613 PR 0.1733 | unseen ROC 0.5000 PR 0.0000 | valAUC 0.5329 | tau+ 0.500
[OUTPOST-v4] epoch 65: test-all ROC 0.5617 PR 0.1734 | unseen ROC 0.5000 PR 0.0000 | valAUC 0.5329 | tau+ 0.500
[OUTPOST-v4] epoch 66: test-all ROC 0.5621 PR 0.1735 | unseen ROC 0.5000 PR 0.0000 | valAUC 0.5332 | tau+ 0.500
[OUTPOST-v4] epoch 67: test-all ROC 0.5626 PR 0.1736 | unseen ROC 0.5000 PR 0.0000 | valAUC 0.5334 | tau+ 0.500
[OUTPOST-v4] epoch 68: test-all ROC 0.5631 PR 0.1738 | unseen ROC 0.5000 PR 0.0000 | valAUC 0.5340 | tau+ 0.500
[OUTPOST-v4] epoch 69: test-all ROC 0.5638 PR 0.1741 | unseen ROC 0.5000 PR 0.0000 | valAUC 0.5344 | tau+ 0.500
[OUTPOST-v4] epoch 70: test-all ROC 0.5644 PR 0.1744 | unseen ROC 0.5000 PR 0.0000 | valAUC 0.5356 | tau+ 0.500
[OUTPOST-v4] epoch 71: test-all ROC 0.5652 PR 0.1747 | unseen ROC 0.5000 PR 0.0000 | valAUC 0.5371 | tau+ 0.500
[OUTPOST-v4] epoch 72: test-all ROC 0.5660 PR 0.1751 | unseen ROC 0.5000 PR 0.0000 | valAUC 0.5386 | tau+ 0.500
[OUTPOST-v4] epoch 73: test-all ROC 0.5669 PR 0.1756 | unseen ROC 0.5000 PR 0.0000 | valAUC 0.5394 | tau+ 0.500
[OUTPOST-v4] epoch 74: test-all ROC 0.5680 PR 0.1761 | unseen ROC 0.5000 PR 0.0000 | valAUC 0.5415 | tau+ 0.500
[OUTPOST-v4] epoch 75: test-all ROC 0.5692 PR 0.1767 | unseen ROC 0.5000 PR 0.0000 | valAUC 0.5428 | tau+ 0.500
[OUTPOST-v4] epoch 76: test-all ROC 0.5705 PR 0.1774 | unseen ROC 0.5000 PR 0.0000 | valAUC 0.5447 | tau+ 0.500
[OUTPOST-v4] epoch 77: test-all ROC 0.5717 PR 0.1780 | unseen ROC 0.5000 PR 0.0000 | valAUC 0.5469 | tau+ 0.500
[OUTPOST-v4] epoch 78: test-all ROC 0.5728 PR 0.1786 | unseen ROC 0.5000 PR 0.0000 | valAUC 0.5481 | tau+ 0.500
[OUTPOST-v4] epoch 79: test-all ROC 0.5738 PR 0.1792 | unseen ROC 0.5000 PR 0.0000 | valAUC 0.5490 | tau+ 0.500
[OUTPOST-v4] epoch 80: test-all ROC 0.5749 PR 0.1798 | unseen ROC 0.5000 PR 0.0000 | valAUC 0.5509 | tau+ 0.500
[OUTPOST-v4] epoch 81: test-all ROC 0.5759 PR 0.1803 | unseen ROC 0.5000 PR 0.0000 | valAUC 0.5523 | tau+ 0.500
[OUTPOST-v4] epoch 82: test-all ROC 0.5770 PR 0.1809 | unseen ROC 0.5000 PR 0.0000 | valAUC 0.5532 | tau+ 0.500
[OUTPOST-v4] epoch 83: test-all ROC 0.5781 PR 0.1815 | unseen ROC 0.5000 PR 0.0000 | valAUC 0.5548 | tau+ 0.500
[OUTPOST-v4] epoch 84: test-all ROC 0.5791 PR 0.1820 | unseen ROC 0.5000 PR 0.0000 | valAUC 0.5556 | tau+ 0.500
[OUTPOST-v4] epoch 85: test-all ROC 0.5800 PR 0.1825 | unseen ROC 0.5000 PR 0.0000 | valAUC 0.5570 | tau+ 0.500
[OUTPOST-v4] epoch 86: test-all ROC 0.5808 PR 0.1829 | unseen ROC 0.5000 PR 0.0000 | valAUC 0.5584 | tau+ 0.500
[OUTPOST-v4] epoch 87: test-all ROC 0.5813 PR 0.1831 | unseen ROC 0.5000 PR 0.0000 | valAUC 0.5593 | tau+ 0.500
[OUTPOST-v4] epoch 88: test-all ROC 0.5818 PR 0.1833 | unseen ROC 0.5000 PR 0.0000 | valAUC 0.5599 | tau+ 0.500
[OUTPOST-v4] epoch 89: test-all ROC 0.5820 PR 0.1834 | unseen ROC 0.5000 PR 0.0000 | valAUC 0.5601 | tau+ 0.500
[OUTPOST-v4] epoch 90: test-all ROC 0.5821 PR 0.1833 | unseen ROC 0.5000 PR 0.0000 | valAUC 0.5602 | tau+ 0.500
[OUTPOST-v4] epoch 91: test-all ROC 0.5821 PR 0.1833 | unseen ROC 0.5000 PR 0.0000 | valAUC 0.5602 | tau+ 0.500
[OUTPOST-v4] epoch 92: test-all ROC 0.5820 PR 0.1831 | unseen ROC 0.5000 PR 0.0000 | valAUC 0.5598 | tau+ 0.500
[OUTPOST-v4] epoch 93: test-all ROC 0.5818 PR 0.1830 | unseen ROC 0.5000 PR 0.0000 | valAUC 0.5590 | tau+ 0.500
[OUTPOST-v4] epoch 94: test-all ROC 0.5816 PR 0.1828 | unseen ROC 0.5000 PR 0.0000 | valAUC 0.5588 | tau+ 0.500
[OUTPOST-v4] epoch 95: test-all ROC 0.5814 PR 0.1826 | unseen ROC 0.5000 PR 0.0000 | valAUC 0.5584 | tau+ 0.500
[OUTPOST-v4] epoch 96: test-all ROC 0.5812 PR 0.1824 | unseen ROC 0.5000 PR 0.0000 | valAUC 0.5585 | tau+ 0.500
[OUTPOST-v4] epoch 97: test-all ROC 0.5808 PR 0.1821 | unseen ROC 0.5000 PR 0.0000 | valAUC 0.5582 | tau+ 0.500
[OUTPOST-v4] epoch 98: test-all ROC 0.5804 PR 0.1818 | unseen ROC 0.5000 PR 0.0000 | valAUC 0.5579 | tau+ 0.500
[OUTPOST-v4] epoch 99: test-all ROC 0.5800 PR 0.1815 | unseen ROC 0.5000 PR 0.0000 | valAUC 0.5576 | tau+ 0.500
[OUTPOST-v4] epoch 100: test-all ROC 0.5797 PR 0.1813 | unseen ROC 0.5000 PR 0.0000 | valAUC 0.5570 | tau+ 0.500
[OUTPOST-v4] epoch 101: test-all ROC 0.5794 PR 0.1811 | unseen ROC 0.5000 PR 0.0000 | valAUC 0.5565 | tau+ 0.500
[OUTPOST-v4] epoch 102: test-all ROC 0.5792 PR 0.1810 | unseen ROC 0.5000 PR 0.0000 | valAUC 0.5569 | tau+ 0.500
[OUTPOST-v4] epoch 103: test-all ROC 0.5792 PR 0.1810 | unseen ROC 0.5000 PR 0.0000 | valAUC 0.5569 | tau+ 0.500
[OUTPOST-v4] epoch 104: test-all ROC 0.5793 PR 0.1810 | unseen ROC 0.5000 PR 0.0000 | valAUC 0.5566 | tau+ 0.500
[OUTPOST-v4] epoch 105: test-all ROC 0.5795 PR 0.1811 | unseen ROC 0.5000 PR 0.0000 | valAUC 0.5571 | tau+ 0.500
[OUTPOST-v4] epoch 106: test-all ROC 0.5798 PR 0.1811 | unseen ROC 0.5000 PR 0.0000 | valAUC 0.5574 | tau+ 0.500
[OUTPOST-v4] epoch 107: test-all ROC 0.5801 PR 0.1813 | unseen ROC 0.5000 PR 0.0000 | valAUC 0.5577 | tau+ 0.500
[OUTPOST-v4] epoch 108: test-all ROC 0.5805 PR 0.1814 | unseen ROC 0.5000 PR 0.0000 | valAUC 0.5582 | tau+ 0.500
[OUTPOST-v4] epoch 109: test-all ROC 0.5809 PR 0.1815 | unseen ROC 0.5000 PR 0.0000 | valAUC 0.5582 | tau+ 0.500
[OUTPOST-v4] epoch 110: test-all ROC 0.5813 PR 0.1817 | unseen ROC 0.5000 PR 0.0000 | valAUC 0.5588 | tau+ 0.500
[OUTPOST-v4] epoch 111: test-all ROC 0.5818 PR 0.1819 | unseen ROC 0.5000 PR 0.0000 | valAUC 0.5592 | tau+ 0.500
[OUTPOST-v4] epoch 112: test-all ROC 0.5822 PR 0.1820 | unseen ROC 0.5000 PR 0.0000 | valAUC 0.5595 | tau+ 0.500
[OUTPOST-v4] epoch 113: test-all ROC 0.5827 PR 0.1822 | unseen ROC 0.5000 PR 0.0000 | valAUC 0.5599 | tau+ 0.500
[OUTPOST-v4] epoch 114: test-all ROC 0.5832 PR 0.1825 | unseen ROC 0.5000 PR 0.0000 | valAUC 0.5607 | tau+ 0.500
[OUTPOST-v4] epoch 115: test-all ROC 0.5836 PR 0.1827 | unseen ROC 0.5000 PR 0.0000 | valAUC 0.5612 | tau+ 0.500
[OUTPOST-v4] epoch 116: test-all ROC 0.5841 PR 0.1829 | unseen ROC 0.5000 PR 0.0000 | valAUC 0.5616 | tau+ 0.500
[OUTPOST-v4] epoch 117: test-all ROC 0.5846 PR 0.1831 | unseen ROC 0.5000 PR 0.0000 | valAUC 0.5627 | tau+ 0.500
[OUTPOST-v4] epoch 118: test-all ROC 0.5851 PR 0.1833 | unseen ROC 0.5000 PR 0.0000 | valAUC 0.5632 | tau+ 0.500
[OUTPOST-v4] epoch 119: test-all ROC 0.5856 PR 0.1836 | unseen ROC 0.5000 PR 0.0000 | valAUC 0.5632 | tau+ 0.500
[OUTPOST-v4] epoch 120: test-all ROC 0.5861 PR 0.1838 | unseen ROC 0.5000 PR 0.0000 | valAUC 0.5640 | tau+ 0.500
[OUTPOST-v4] epoch 121: test-all ROC 0.5866 PR 0.1840 | unseen ROC 0.5000 PR 0.0000 | valAUC 0.5649 | tau+ 0.500
[OUTPOST-v4] epoch 122: test-all ROC 0.5871 PR 0.1842 | unseen ROC 0.5000 PR 0.0000 | valAUC 0.5655 | tau+ 0.500
[OUTPOST-v4] epoch 123: test-all ROC 0.5876 PR 0.1844 | unseen ROC 0.5000 PR 0.0000 | valAUC 0.5657 | tau+ 0.500
[OUTPOST-v4] epoch 124: test-all ROC 0.5881 PR 0.1846 | unseen ROC 0.5000 PR 0.0000 | valAUC 0.5663 | tau+ 0.500
[OUTPOST-v4] epoch 125: test-all ROC 0.5886 PR 0.1848 | unseen ROC 0.5000 PR 0.0000 | valAUC 0.5662 | tau+ 0.500
[OUTPOST-v4] epoch 126: test-all ROC 0.5891 PR 0.1850 | unseen ROC 0.5000 PR 0.0000 | valAUC 0.5670 | tau+ 0.500
[OUTPOST-v4] epoch 127: test-all ROC 0.5897 PR 0.1853 | unseen ROC 0.5000 PR 0.0000 | valAUC 0.5676 | tau+ 0.500
[OUTPOST-v4] epoch 128: test-all ROC 0.5902 PR 0.1855 | unseen ROC 0.5000 PR 0.0000 | valAUC 0.5682 | tau+ 0.500
[OUTPOST-v4] epoch 129: test-all ROC 0.5908 PR 0.1857 | unseen ROC 0.5000 PR 0.0000 | valAUC 0.5690 | tau+ 0.500
[OUTPOST-v4] epoch 130: test-all ROC 0.5913 PR 0.1860 | unseen ROC 0.5000 PR 0.0000 | valAUC 0.5695 | tau+ 0.500
[OUTPOST-v4] epoch 131: test-all ROC 0.5919 PR 0.1862 | unseen ROC 0.5000 PR 0.0000 | valAUC 0.5699 | tau+ 0.500
[OUTPOST-v4] epoch 132: test-all ROC 0.5925 PR 0.1865 | unseen ROC 0.5000 PR 0.0000 | valAUC 0.5707 | tau+ 0.500
[OUTPOST-v4] epoch 133: test-all ROC 0.5930 PR 0.1867 | unseen ROC 0.5000 PR 0.0000 | valAUC 0.5713 | tau+ 0.500
[OUTPOST-v4] epoch 134: test-all ROC 0.5936 PR 0.1870 | unseen ROC 0.5000 PR 0.0000 | valAUC 0.5710 | tau+ 0.500
[OUTPOST-v4] epoch 135: test-all ROC 0.5942 PR 0.1872 | unseen ROC 0.5000 PR 0.0000 | valAUC 0.5714 | tau+ 0.500
[OUTPOST-v4] epoch 136: test-all ROC 0.5948 PR 0.1875 | unseen ROC 0.5000 PR 0.0000 | valAUC 0.5724 | tau+ 0.500
[OUTPOST-v4] epoch 137: test-all ROC 0.5954 PR 0.1877 | unseen ROC 0.5000 PR 0.0000 | valAUC 0.5726 | tau+ 0.500
[OUTPOST-v4] epoch 138: test-all ROC 0.5960 PR 0.1880 | unseen ROC 0.5000 PR 0.0000 | valAUC 0.5737 | tau+ 0.500
[OUTPOST-v4] epoch 139: test-all ROC 0.5967 PR 0.1884 | unseen ROC 0.5000 PR 0.0000 | valAUC 0.5744 | tau+ 0.500
[OUTPOST-v4] epoch 140: test-all ROC 0.5974 PR 0.1887 | unseen ROC 0.5000 PR 0.0000 | valAUC 0.5749 | tau+ 0.500
[OUTPOST-v4] epoch 141: test-all ROC 0.5982 PR 0.1890 | unseen ROC 0.5000 PR 0.0000 | valAUC 0.5757 | tau+ 0.500
[OUTPOST-v4] epoch 142: test-all ROC 0.5989 PR 0.1893 | unseen ROC 0.5000 PR 0.0000 | valAUC 0.5764 | tau+ 0.500
[OUTPOST-v4] epoch 143: test-all ROC 0.5996 PR 0.1897 | unseen ROC 0.5000 PR 0.0000 | valAUC 0.5780 | tau+ 0.500
[OUTPOST-v4] epoch 144: test-all ROC 0.6003 PR 0.1900 | unseen ROC 0.5000 PR 0.0000 | valAUC 0.5786 | tau+ 0.500
[OUTPOST-v4] epoch 145: test-all ROC 0.6011 PR 0.1903 | unseen ROC 0.5000 PR 0.0000 | valAUC 0.5798 | tau+ 0.500
[OUTPOST-v4] epoch 146: test-all ROC 0.6019 PR 0.1907 | unseen ROC 0.5000 PR 0.0000 | valAUC 0.5808 | tau+ 0.500
[OUTPOST-v4] epoch 147: test-all ROC 0.6026 PR 0.1910 | unseen ROC 0.5000 PR 0.0000 | valAUC 0.5815 | tau+ 0.500
[OUTPOST-v4] epoch 148: test-all ROC 0.6033 PR 0.1914 | unseen ROC 0.5000 PR 0.0000 | valAUC 0.5824 | tau+ 0.500
[OUTPOST-v4] epoch 149: test-all ROC 0.6041 PR 0.1918 | unseen ROC 0.5000 PR 0.0000 | valAUC 0.5832 | tau+ 0.500
[OUTPOST-v4] epoch 150: test-all ROC 0.6049 PR 0.1921 | unseen ROC 0.5000 PR 0.0000 | valAUC 0.5844 | tau+ 0.500
[OUTPOST-v4] epoch 151: test-all ROC 0.6056 PR 0.1925 | unseen ROC 0.5000 PR 0.0000 | valAUC 0.5848 | tau+ 0.500
[OUTPOST-v4] epoch 152: test-all ROC 0.6064 PR 0.1929 | unseen ROC 0.5000 PR 0.0000 | valAUC 0.5861 | tau+ 0.500
[OUTPOST-v4] epoch 153: test-all ROC 0.6072 PR 0.1933 | unseen ROC 0.5000 PR 0.0000 | valAUC 0.5866 | tau+ 0.500
[OUTPOST-v4] epoch 154: test-all ROC 0.6080 PR 0.1936 | unseen ROC 0.5000 PR 0.0000 | valAUC 0.5876 | tau+ 0.500
[OUTPOST-v4] epoch 155: test-all ROC 0.6088 PR 0.1940 | unseen ROC 0.5000 PR 0.0000 | valAUC 0.5881 | tau+ 0.500
[OUTPOST-v4] epoch 156: test-all ROC 0.6096 PR 0.1944 | unseen ROC 0.5000 PR 0.0000 | valAUC 0.5898 | tau+ 0.500
[OUTPOST-v4] epoch 157: test-all ROC 0.6103 PR 0.1948 | unseen ROC 0.5000 PR 0.0000 | valAUC 0.5903 | tau+ 0.500
[OUTPOST-v4] epoch 158: test-all ROC 0.6111 PR 0.1952 | unseen ROC 0.5000 PR 0.0000 | valAUC 0.5912 | tau+ 0.500
[OUTPOST-v4] epoch 159: test-all ROC 0.6119 PR 0.1956 | unseen ROC 0.5000 PR 0.0000 | valAUC 0.5918 | tau+ 0.500
[OUTPOST-v4] epoch 160: test-all ROC 0.6127 PR 0.1961 | unseen ROC 0.5000 PR 0.0000 | valAUC 0.5931 | tau+ 0.500
[OUTPOST-v4] epoch 161: test-all ROC 0.6136 PR 0.1965 | unseen ROC 0.5000 PR 0.0000 | valAUC 0.5939 | tau+ 0.500
[OUTPOST-v4] epoch 162: test-all ROC 0.6144 PR 0.1969 | unseen ROC 0.5000 PR 0.0000 | valAUC 0.5949 | tau+ 0.500
[OUTPOST-v4] epoch 163: test-all ROC 0.6153 PR 0.1974 | unseen ROC 0.5000 PR 0.0000 | valAUC 0.5955 | tau+ 0.500
[OUTPOST-v4] epoch 164: test-all ROC 0.6162 PR 0.1979 | unseen ROC 0.5000 PR 0.0000 | valAUC 0.5967 | tau+ 0.500
[OUTPOST-v4] epoch 165: test-all ROC 0.6171 PR 0.1984 | unseen ROC 0.5000 PR 0.0000 | valAUC 0.5989 | tau+ 0.500
[OUTPOST-v4] epoch 166: test-all ROC 0.6180 PR 0.1989 | unseen ROC 0.5000 PR 0.0000 | valAUC 0.5997 | tau+ 0.500
[OUTPOST-v4] epoch 167: test-all ROC 0.6190 PR 0.1994 | unseen ROC 0.5000 PR 0.0000 | valAUC 0.6013 | tau+ 0.500
[OUTPOST-v4] epoch 168: test-all ROC 0.6199 PR 0.2000 | unseen ROC 0.5000 PR 0.0000 | valAUC 0.6028 | tau+ 0.500
[OUTPOST-v4] epoch 169: test-all ROC 0.6209 PR 0.2005 | unseen ROC 0.5000 PR 0.0000 | valAUC 0.6040 | tau+ 0.500
[OUTPOST-v4] epoch 170: test-all ROC 0.6219 PR 0.2011 | unseen ROC 0.5000 PR 0.0000 | valAUC 0.6063 | tau+ 0.500
[OUTPOST-v4] epoch 171: test-all ROC 0.6229 PR 0.2017 | unseen ROC 0.5000 PR 0.0000 | valAUC 0.6077 | tau+ 0.500
[OUTPOST-v4] epoch 172: test-all ROC 0.6240 PR 0.2024 | unseen ROC 0.5000 PR 0.0000 | valAUC 0.6091 | tau+ 0.500
[OUTPOST-v4] epoch 173: test-all ROC 0.6251 PR 0.2031 | unseen ROC 0.5000 PR 0.0000 | valAUC 0.6111 | tau+ 0.500
[OUTPOST-v4] epoch 174: test-all ROC 0.6262 PR 0.2037 | unseen ROC 0.5000 PR 0.0000 | valAUC 0.6128 | tau+ 0.500
[OUTPOST-v4] epoch 175: test-all ROC 0.6273 PR 0.2045 | unseen ROC 0.5000 PR 0.0000 | valAUC 0.6138 | tau+ 0.500
[OUTPOST-v4] epoch 176: test-all ROC 0.6283 PR 0.2052 | unseen ROC 0.5000 PR 0.0000 | valAUC 0.6156 | tau+ 0.500
[OUTPOST-v4] epoch 177: test-all ROC 0.6294 PR 0.2059 | unseen ROC 0.5000 PR 0.0000 | valAUC 0.6178 | tau+ 0.500
[OUTPOST-v4] epoch 178: test-all ROC 0.6305 PR 0.2067 | unseen ROC 0.5000 PR 0.0000 | valAUC 0.6181 | tau+ 0.500
[OUTPOST-v4] epoch 179: test-all ROC 0.6316 PR 0.2074 | unseen ROC 0.5000 PR 0.0000 | valAUC 0.6199 | tau+ 0.500
[OUTPOST-v4] epoch 180: test-all ROC 0.6327 PR 0.2082 | unseen ROC 0.5000 PR 0.0000 | valAUC 0.6213 | tau+ 0.500
[OUTPOST-v4] epoch 181: test-all ROC 0.6338 PR 0.2090 | unseen ROC 0.5000 PR 0.0000 | valAUC 0.6226 | tau+ 0.500
[OUTPOST-v4] epoch 182: test-all ROC 0.6349 PR 0.2099 | unseen ROC 0.5000 PR 0.0000 | valAUC 0.6246 | tau+ 0.500
[OUTPOST-v4] epoch 183: test-all ROC 0.6361 PR 0.2108 | unseen ROC 0.5000 PR 0.0000 | valAUC 0.6266 | tau+ 0.500
[OUTPOST-v4] epoch 184: test-all ROC 0.6372 PR 0.2117 | unseen ROC 0.5000 PR 0.0000 | valAUC 0.6275 | tau+ 0.500
[OUTPOST-v4] epoch 185: test-all ROC 0.6383 PR 0.2127 | unseen ROC 0.5000 PR 0.0000 | valAUC 0.6294 | tau+ 0.500
[OUTPOST-v4] epoch 186: test-all ROC 0.6394 PR 0.2136 | unseen ROC 0.5000 PR 0.0000 | valAUC 0.6311 | tau+ 0.500
[OUTPOST-v4] epoch 187: test-all ROC 0.6405 PR 0.2146 | unseen ROC 0.5000 PR 0.0000 | valAUC 0.6331 | tau+ 0.500
[OUTPOST-v4] epoch 188: test-all ROC 0.6415 PR 0.2156 | unseen ROC 0.5000 PR 0.0000 | valAUC 0.6352 | tau+ 0.500
[OUTPOST-v4] epoch 189: test-all ROC 0.6425 PR 0.2166 | unseen ROC 0.5000 PR 0.0000 | valAUC 0.6365 | tau+ 0.500
[OUTPOST-v4] epoch 190: test-all ROC 0.6435 PR 0.2177 | unseen ROC 0.5000 PR 0.0000 | valAUC 0.6367 | tau+ 0.500
[OUTPOST-v4] epoch 191: test-all ROC 0.6445 PR 0.2188 | unseen ROC 0.5000 PR 0.0000 | valAUC 0.6393 | tau+ 0.500
[OUTPOST-v4] epoch 192: test-all ROC 0.6455 PR 0.2199 | unseen ROC 0.5000 PR 0.0000 | valAUC 0.6411 | tau+ 0.500
[OUTPOST-v4] epoch 193: test-all ROC 0.6464 PR 0.2210 | unseen ROC 0.5000 PR 0.0000 | valAUC 0.6440 | tau+ 0.500
[OUTPOST-v4] epoch 194: test-all ROC 0.6474 PR 0.2222 | unseen ROC 0.5000 PR 0.0000 | valAUC 0.6460 | tau+ 0.500
[OUTPOST-v4] epoch 195: test-all ROC 0.6483 PR 0.2235 | unseen ROC 0.5000 PR 0.0000 | valAUC 0.6474 | tau+ 0.500
[OUTPOST-v4] epoch 196: test-all ROC 0.6491 PR 0.2246 | unseen ROC 0.5000 PR 0.0000 | valAUC 0.6506 | tau+ 0.500
[OUTPOST-v4] epoch 197: test-all ROC 0.6499 PR 0.2257 | unseen ROC 0.5000 PR 0.0000 | valAUC 0.6522 | tau+ 0.500
[OUTPOST-v4] epoch 198: test-all ROC 0.6507 PR 0.2269 | unseen ROC 0.5000 PR 0.0000 | valAUC 0.6532 | tau+ 0.500
[OUTPOST-v4] epoch 199: test-all ROC 0.6514 PR 0.2281 | unseen ROC 0.5000 PR 0.0000 | valAUC 0.6545 | tau+ 0.500
[OUTPOST-v4] epoch 200: test-all ROC 0.6521 PR 0.2292 | unseen ROC 0.5000 PR 0.0000 | valAUC 0.6562 | tau+ 0.500
[OUTPOST-v4] epoch 201: test-all ROC 0.6528 PR 0.2304 | unseen ROC 0.5000 PR 0.0000 | valAUC 0.6582 | tau+ 0.500
[OUTPOST-v4] epoch 202: test-all ROC 0.6535 PR 0.2316 | unseen ROC 0.5000 PR 0.0000 | valAUC 0.6599 | tau+ 0.500
[OUTPOST-v4] epoch 203: test-all ROC 0.6542 PR 0.2329 | unseen ROC 0.5000 PR 0.0000 | valAUC 0.6621 | tau+ 0.500
[OUTPOST-v4] epoch 204: test-all ROC 0.6548 PR 0.2342 | unseen ROC 0.5000 PR 0.0000 | valAUC 0.6634 | tau+ 0.500
[OUTPOST-v4] epoch 205: test-all ROC 0.6554 PR 0.2355 | unseen ROC 0.5000 PR 0.0000 | valAUC 0.6646 | tau+ 0.500
[OUTPOST-v4] epoch 206: test-all ROC 0.6559 PR 0.2367 | unseen ROC 0.5000 PR 0.0000 | valAUC 0.6673 | tau+ 0.500
[OUTPOST-v4] epoch 207: test-all ROC 0.6564 PR 0.2380 | unseen ROC 0.5000 PR 0.0000 | valAUC 0.6688 | tau+ 0.500
[OUTPOST-v4] epoch 208: test-all ROC 0.6567 PR 0.2391 | unseen ROC 0.5000 PR 0.0000 | valAUC 0.6705 | tau+ 0.500
[OUTPOST-v4] epoch 209: test-all ROC 0.6570 PR 0.2403 | unseen ROC 0.5000 PR 0.0000 | valAUC 0.6715 | tau+ 0.500
[OUTPOST-v4] epoch 210: test-all ROC 0.6573 PR 0.2415 | unseen ROC 0.5000 PR 0.0000 | valAUC 0.6736 | tau+ 0.500
[OUTPOST-v4] epoch 211: test-all ROC 0.6575 PR 0.2426 | unseen ROC 0.5000 PR 0.0000 | valAUC 0.6747 | tau+ 0.500
[OUTPOST-v4] epoch 212: test-all ROC 0.6577 PR 0.2438 | unseen ROC 0.5000 PR 0.0000 | valAUC 0.6761 | tau+ 0.500
[OUTPOST-v4] epoch 213: test-all ROC 0.6579 PR 0.2450 | unseen ROC 0.5000 PR 0.0000 | valAUC 0.6780 | tau+ 0.500
[OUTPOST-v4] epoch 214: test-all ROC 0.6580 PR 0.2461 | unseen ROC 0.5000 PR 0.0000 | valAUC 0.6793 | tau+ 0.500
[OUTPOST-v4] epoch 215: test-all ROC 0.6580 PR 0.2471 | unseen ROC 0.5000 PR 0.0000 | valAUC 0.6800 | tau+ 0.500
[OUTPOST-v4] epoch 216: test-all ROC 0.6580 PR 0.2481 | unseen ROC 0.5000 PR 0.0000 | valAUC 0.6807 | tau+ 0.500
[OUTPOST-v4] epoch 217: test-all ROC 0.6580 PR 0.2492 | unseen ROC 0.5000 PR 0.0000 | valAUC 0.6814 | tau+ 0.500
[OUTPOST-v4] epoch 218: test-all ROC 0.6580 PR 0.2502 | unseen ROC 0.5000 PR 0.0000 | valAUC 0.6828 | tau+ 0.500
[OUTPOST-v4] epoch 219: test-all ROC 0.6580 PR 0.2511 | unseen ROC 0.5000 PR 0.0000 | valAUC 0.6842 | tau+ 0.500
[OUTPOST-v4] epoch 220: test-all ROC 0.6580 PR 0.2519 | unseen ROC 0.5000 PR 0.0000 | valAUC 0.6861 | tau+ 0.500
[OUTPOST-v4] epoch 221: test-all ROC 0.6579 PR 0.2527 | unseen ROC 0.5000 PR 0.0000 | valAUC 0.6864 | tau+ 0.500
[OUTPOST-v4] epoch 222: test-all ROC 0.6578 PR 0.2535 | unseen ROC 0.5000 PR 0.0000 | valAUC 0.6877 | tau+ 0.500
[OUTPOST-v4] epoch 223: test-all ROC 0.6578 PR 0.2542 | unseen ROC 0.5000 PR 0.0000 | valAUC 0.6889 | tau+ 0.500
[OUTPOST-v4] epoch 224: test-all ROC 0.6577 PR 0.2549 | unseen ROC 0.5000 PR 0.0000 | valAUC 0.6902 | tau+ 0.500
[OUTPOST-v4] epoch 225: test-all ROC 0.6578 PR 0.2556 | unseen ROC 0.5000 PR 0.0000 | valAUC 0.6909 | tau+ 0.500
[OUTPOST-v4] epoch 226: test-all ROC 0.6578 PR 0.2563 | unseen ROC 0.5000 PR 0.0000 | valAUC 0.6926 | tau+ 0.500
[OUTPOST-v4] epoch 227: test-all ROC 0.6579 PR 0.2570 | unseen ROC 0.5000 PR 0.0000 | valAUC 0.6937 | tau+ 0.500
[OUTPOST-v4] epoch 228: test-all ROC 0.6579 PR 0.2577 | unseen ROC 0.5000 PR 0.0000 | valAUC 0.6952 | tau+ 0.500
[OUTPOST-v4] epoch 229: test-all ROC 0.6580 PR 0.2584 | unseen ROC 0.5000 PR 0.0000 | valAUC 0.6964 | tau+ 0.500
[OUTPOST-v4] epoch 230: test-all ROC 0.6581 PR 0.2591 | unseen ROC 0.5000 PR 0.0000 | valAUC 0.6985 | tau+ 0.500
[OUTPOST-v4] epoch 231: test-all ROC 0.6583 PR 0.2598 | unseen ROC 0.5000 PR 0.0000 | valAUC 0.6988 | tau+ 0.500
[OUTPOST-v4] epoch 232: test-all ROC 0.6584 PR 0.2603 | unseen ROC 0.5000 PR 0.0000 | valAUC 0.6995 | tau+ 0.500
[OUTPOST-v4] epoch 233: test-all ROC 0.6585 PR 0.2609 | unseen ROC 0.5000 PR 0.0000 | valAUC 0.7008 | tau+ 0.500
[OUTPOST-v4] epoch 234: test-all ROC 0.6586 PR 0.2615 | unseen ROC 0.5000 PR 0.0000 | valAUC 0.7014 | tau+ 0.500
[OUTPOST-v4] epoch 235: test-all ROC 0.6586 PR 0.2620 | unseen ROC 0.5000 PR 0.0000 | valAUC 0.7025 | tau+ 0.500
[OUTPOST-v4] epoch 236: test-all ROC 0.6586 PR 0.2625 | unseen ROC 0.5000 PR 0.0000 | valAUC 0.7028 | tau+ 0.500
[OUTPOST-v4] epoch 237: test-all ROC 0.6588 PR 0.2630 | unseen ROC 0.5000 PR 0.0000 | valAUC 0.7043 | tau+ 0.500
[OUTPOST-v4] epoch 238: test-all ROC 0.6590 PR 0.2635 | unseen ROC 0.5000 PR 0.0000 | valAUC 0.7050 | tau+ 0.500
[OUTPOST-v4] epoch 239: test-all ROC 0.6591 PR 0.2640 | unseen ROC 0.5000 PR 0.0000 | valAUC 0.7065 | tau+ 0.500
[OUTPOST-v4] epoch 240: test-all ROC 0.6593 PR 0.2645 | unseen ROC 0.5000 PR 0.0000 | valAUC 0.7075 | tau+ 0.500
[OUTPOST-v4] epoch 241: test-all ROC 0.6595 PR 0.2650 | unseen ROC 0.5000 PR 0.0000 | valAUC 0.7087 | tau+ 0.500
[OUTPOST-v4] epoch 242: test-all ROC 0.6598 PR 0.2655 | unseen ROC 0.5000 PR 0.0000 | valAUC 0.7097 | tau+ 0.500
[OUTPOST-v4] epoch 243: test-all ROC 0.6602 PR 0.2660 | unseen ROC 0.5000 PR 0.0000 | valAUC 0.7107 | tau+ 0.500
[OUTPOST-v4] epoch 244: test-all ROC 0.6606 PR 0.2666 | unseen ROC 0.5000 PR 0.0000 | valAUC 0.7115 | tau+ 0.500
[OUTPOST-v4] epoch 245: test-all ROC 0.6609 PR 0.2671 | unseen ROC 0.5000 PR 0.0000 | valAUC 0.7127 | tau+ 0.500
[OUTPOST-v4] epoch 246: test-all ROC 0.6614 PR 0.2676 | unseen ROC 0.5000 PR 0.0000 | valAUC 0.7135 | tau+ 0.500
[OUTPOST-v4] epoch 247: test-all ROC 0.6618 PR 0.2681 | unseen ROC 0.5000 PR 0.0000 | valAUC 0.7145 | tau+ 0.500
[OUTPOST-v4] epoch 248: test-all ROC 0.6623 PR 0.2687 | unseen ROC 0.5000 PR 0.0000 | valAUC 0.7152 | tau+ 0.500
[OUTPOST-v4] epoch 249: test-all ROC 0.6628 PR 0.2693 | unseen ROC 0.5000 PR 0.0000 | valAUC 0.7168 | tau+ 0.500
[OUTPOST-v4] epoch 250: test-all ROC 0.6633 PR 0.2698 | unseen ROC 0.5000 PR 0.0000 | valAUC 0.7183 | tau+ 0.500
[OUTPOST-v4] epoch 251: test-all ROC 0.6637 PR 0.2703 | unseen ROC 0.5000 PR 0.0000 | valAUC 0.7192 | tau+ 0.500
[OUTPOST-v4] epoch 252: test-all ROC 0.6641 PR 0.2708 | unseen ROC 0.5000 PR 0.0000 | valAUC 0.7207 | tau+ 0.500
[OUTPOST-v4] epoch 253: test-all ROC 0.6646 PR 0.2713 | unseen ROC 0.5000 PR 0.0000 | valAUC 0.7214 | tau+ 0.500
[OUTPOST-v4] epoch 254: test-all ROC 0.6651 PR 0.2718 | unseen ROC 0.5000 PR 0.0000 | valAUC 0.7226 | tau+ 0.500
[OUTPOST-v4] epoch 255: test-all ROC 0.6656 PR 0.2723 | unseen ROC 0.5000 PR 0.0000 | valAUC 0.7239 | tau+ 0.500
[OUTPOST-v4] epoch 256: test-all ROC 0.6661 PR 0.2727 | unseen ROC 0.5000 PR 0.0000 | valAUC 0.7247 | tau+ 0.500
[OUTPOST-v4] epoch 257: test-all ROC 0.6667 PR 0.2732 | unseen ROC 0.5000 PR 0.0000 | valAUC 0.7254 | tau+ 0.500
[OUTPOST-v4] epoch 258: test-all ROC 0.6673 PR 0.2737 | unseen ROC 0.5000 PR 0.0000 | valAUC 0.7265 | tau+ 0.500
[OUTPOST-v4] epoch 259: test-all ROC 0.6678 PR 0.2742 | unseen ROC 0.5000 PR 0.0000 | valAUC 0.7273 | tau+ 0.500
[OUTPOST-v4] epoch 260: test-all ROC 0.6683 PR 0.2747 | unseen ROC 0.5000 PR 0.0000 | valAUC 0.7290 | tau+ 0.500
[OUTPOST-v4] epoch 261: test-all ROC 0.6688 PR 0.2752 | unseen ROC 0.5000 PR 0.0000 | valAUC 0.7298 | tau+ 0.500
[OUTPOST-v4] epoch 262: test-all ROC 0.6693 PR 0.2757 | unseen ROC 0.5000 PR 0.0000 | valAUC 0.7311 | tau+ 0.500
[OUTPOST-v4] epoch 263: test-all ROC 0.6698 PR 0.2762 | unseen ROC 0.5000 PR 0.0000 | valAUC 0.7319 | tau+ 0.500
[OUTPOST-v4] epoch 264: test-all ROC 0.6703 PR 0.2767 | unseen ROC 0.5000 PR 0.0000 | valAUC 0.7331 | tau+ 0.500
[OUTPOST-v4] epoch 265: test-all ROC 0.6707 PR 0.2771 | unseen ROC 0.5000 PR 0.0000 | valAUC 0.7337 | tau+ 0.500
[OUTPOST-v4] epoch 266: test-all ROC 0.6710 PR 0.2776 | unseen ROC 0.5000 PR 0.0000 | valAUC 0.7354 | tau+ 0.500
[OUTPOST-v4] epoch 267: test-all ROC 0.6714 PR 0.2779 | unseen ROC 0.5000 PR 0.0000 | valAUC 0.7362 | tau+ 0.500
[OUTPOST-v4] epoch 268: test-all ROC 0.6718 PR 0.2783 | unseen ROC 0.5000 PR 0.0000 | valAUC 0.7370 | tau+ 0.500
[OUTPOST-v4] epoch 269: test-all ROC 0.6722 PR 0.2787 | unseen ROC 0.5000 PR 0.0000 | valAUC 0.7378 | tau+ 0.500
[OUTPOST-v4] epoch 270: test-all ROC 0.6725 PR 0.2791 | unseen ROC 0.5000 PR 0.0000 | valAUC 0.7383 | tau+ 0.500
[OUTPOST-v4] epoch 271: test-all ROC 0.6728 PR 0.2794 | unseen ROC 0.5000 PR 0.0000 | valAUC 0.7386 | tau+ 0.500
[OUTPOST-v4] epoch 272: test-all ROC 0.6731 PR 0.2797 | unseen ROC 0.5000 PR 0.0000 | valAUC 0.7395 | tau+ 0.500
[OUTPOST-v4] epoch 273: test-all ROC 0.6732 PR 0.2799 | unseen ROC 0.5000 PR 0.0000 | valAUC 0.7401 | tau+ 0.500
[OUTPOST-v4] epoch 274: test-all ROC 0.6735 PR 0.2802 | unseen ROC 0.5000 PR 0.0000 | valAUC 0.7411 | tau+ 0.500
[OUTPOST-v4] epoch 275: test-all ROC 0.6738 PR 0.2806 | unseen ROC 0.5000 PR 0.0000 | valAUC 0.7424 | tau+ 0.500
[OUTPOST-v4] epoch 276: test-all ROC 0.6742 PR 0.2809 | unseen ROC 0.5000 PR 0.0000 | valAUC 0.7431 | tau+ 0.500
[OUTPOST-v4] epoch 277: test-all ROC 0.6747 PR 0.2813 | unseen ROC 0.5000 PR 0.0000 | valAUC 0.7439 | tau+ 0.500
[OUTPOST-v4] epoch 278: test-all ROC 0.6751 PR 0.2816 | unseen ROC 0.5000 PR 0.0000 | valAUC 0.7436 | tau+ 0.500
[OUTPOST-v4] epoch 279: test-all ROC 0.6754 PR 0.2819 | unseen ROC 0.5000 PR 0.0000 | valAUC 0.7446 | tau+ 0.500
[OUTPOST-v4] epoch 280: test-all ROC 0.6757 PR 0.2823 | unseen ROC 0.5000 PR 0.0000 | valAUC 0.7449 | tau+ 0.500
[OUTPOST-v4] epoch 281: test-all ROC 0.6760 PR 0.2826 | unseen ROC 0.5000 PR 0.0000 | valAUC 0.7456 | tau+ 0.500
[OUTPOST-v4] epoch 282: test-all ROC 0.6763 PR 0.2829 | unseen ROC 0.5000 PR 0.0000 | valAUC 0.7456 | tau+ 0.500
[OUTPOST-v4] epoch 283: test-all ROC 0.6766 PR 0.2832 | unseen ROC 0.5000 PR 0.0000 | valAUC 0.7468 | tau+ 0.500
[OUTPOST-v4] epoch 284: test-all ROC 0.6771 PR 0.2836 | unseen ROC 0.5000 PR 0.0000 | valAUC 0.7472 | tau+ 0.500
[OUTPOST-v4] epoch 285: test-all ROC 0.6777 PR 0.2840 | unseen ROC 0.5000 PR 0.0000 | valAUC 0.7478 | tau+ 0.500
[OUTPOST-v4] epoch 286: test-all ROC 0.6784 PR 0.2846 | unseen ROC 0.5000 PR 0.0000 | valAUC 0.7488 | tau+ 0.500
[OUTPOST-v4] epoch 287: test-all ROC 0.6793 PR 0.2852 | unseen ROC 0.5000 PR 0.0000 | valAUC 0.7499 | tau+ 0.500
[OUTPOST-v4] epoch 288: test-all ROC 0.6801 PR 0.2857 | unseen ROC 0.5000 PR 0.0000 | valAUC 0.7510 | tau+ 0.500
[OUTPOST-v4] epoch 289: test-all ROC 0.6807 PR 0.2863 | unseen ROC 0.5000 PR 0.0000 | valAUC 0.7523 | tau+ 0.500
[OUTPOST-v4] epoch 290: test-all ROC 0.6813 PR 0.2867 | unseen ROC 0.5000 PR 0.0000 | valAUC 0.7532 | tau+ 0.500
[OUTPOST-v4] epoch 291: test-all ROC 0.6819 PR 0.2872 | unseen ROC 0.5000 PR 0.0000 | valAUC 0.7541 | tau+ 0.500
[OUTPOST-v4] epoch 292: test-all ROC 0.6822 PR 0.2876 | unseen ROC 0.5000 PR 0.0000 | valAUC 0.7544 | tau+ 0.500
[OUTPOST-v4] epoch 293: test-all ROC 0.6826 PR 0.2881 | unseen ROC 0.5000 PR 0.0000 | valAUC 0.7549 | tau+ 0.500
[OUTPOST-v4] epoch 294: test-all ROC 0.6830 PR 0.2885 | unseen ROC 0.5000 PR 0.0000 | valAUC 0.7559 | tau+ 0.500
[OUTPOST-v4] epoch 295: test-all ROC 0.6837 PR 0.2890 | unseen ROC 0.5000 PR 0.0000 | valAUC 0.7566 | tau+ 0.500
[OUTPOST-v4] epoch 296: test-all ROC 0.6842 PR 0.2895 | unseen ROC 0.5000 PR 0.0000 | valAUC 0.7577 | tau+ 0.500
[OUTPOST-v4] epoch 297: test-all ROC 0.6848 PR 0.2901 | unseen ROC 0.5000 PR 0.0000 | valAUC 0.7588 | tau+ 0.500
[OUTPOST-v4] epoch 298: test-all ROC 0.6854 PR 0.2906 | unseen ROC 0.5000 PR 0.0000 | valAUC 0.7595 | tau+ 0.500
[OUTPOST-v4] epoch 299: test-all ROC 0.6859 PR 0.2911 | unseen ROC 0.5000 PR 0.0000 | valAUC 0.7604 | tau+ 0.500
[OUTPOST-v4] epoch 300: test-all ROC 0.6865 PR 0.2916 | unseen ROC 0.5000 PR 0.0000 | valAUC 0.7614 | tau+ 0.500
[OUTPOST-v4] epoch 301: test-all ROC 0.6868 PR 0.2921 | unseen ROC 0.5000 PR 0.0000 | valAUC 0.7616 | tau+ 0.500
[OUTPOST-v4] epoch 302: test-all ROC 0.6871 PR 0.2925 | unseen ROC 0.5000 PR 0.0000 | valAUC 0.7626 | tau+ 0.500
[OUTPOST-v4] epoch 303: test-all ROC 0.6873 PR 0.2930 | unseen ROC 0.5000 PR 0.0000 | valAUC 0.7624 | tau+ 0.500
[OUTPOST-v4] epoch 304: test-all ROC 0.6875 PR 0.2935 | unseen ROC 0.5000 PR 0.0000 | valAUC 0.7630 | tau+ 0.500
[OUTPOST-v4] epoch 305: test-all ROC 0.6879 PR 0.2939 | unseen ROC 0.5000 PR 0.0000 | valAUC 0.7633 | tau+ 0.500
[OUTPOST-v4] epoch 306: test-all ROC 0.6883 PR 0.2943 | unseen ROC 0.5000 PR 0.0000 | valAUC 0.7637 | tau+ 0.500
[OUTPOST-v4] epoch 307: test-all ROC 0.6888 PR 0.2949 | unseen ROC 0.5000 PR 0.0000 | valAUC 0.7649 | tau+ 0.500
[OUTPOST-v4] epoch 308: test-all ROC 0.6894 PR 0.2954 | unseen ROC 0.5000 PR 0.0000 | valAUC 0.7661 | tau+ 0.500
[OUTPOST-v4] epoch 309: test-all ROC 0.6900 PR 0.2960 | unseen ROC 0.5000 PR 0.0000 | valAUC 0.7669 | tau+ 0.500
[OUTPOST-v4] epoch 310: test-all ROC 0.6903 PR 0.2964 | unseen ROC 0.5000 PR 0.0000 | valAUC 0.7672 | tau+ 0.500
[OUTPOST-v4] epoch 311: test-all ROC 0.6906 PR 0.2969 | unseen ROC 0.5000 PR 0.0000 | valAUC 0.7675 | tau+ 0.500
[OUTPOST-v4] epoch 312: test-all ROC 0.6906 PR 0.2974 | unseen ROC 0.5000 PR 0.0000 | valAUC 0.7677 | tau+ 0.500
[OUTPOST-v4] epoch 313: test-all ROC 0.6907 PR 0.2978 | unseen ROC 0.5000 PR 0.0000 | valAUC 0.7674 | tau+ 0.500
[OUTPOST-v4] epoch 314: test-all ROC 0.6909 PR 0.2982 | unseen ROC 0.5000 PR 0.0000 | valAUC 0.7672 | tau+ 0.500
[OUTPOST-v4] epoch 315: test-all ROC 0.6912 PR 0.2986 | unseen ROC 0.5000 PR 0.0000 | valAUC 0.7674 | tau+ 0.500
[OUTPOST-v4] epoch 316: test-all ROC 0.6916 PR 0.2990 | unseen ROC 0.5000 PR 0.0000 | valAUC 0.7683 | tau+ 0.500
[OUTPOST-v4] epoch 317: test-all ROC 0.6920 PR 0.2995 | unseen ROC 0.5000 PR 0.0000 | valAUC 0.7685 | tau+ 0.500
[OUTPOST-v4] epoch 318: test-all ROC 0.6923 PR 0.2999 | unseen ROC 0.5000 PR 0.0000 | valAUC 0.7692 | tau+ 0.500
[OUTPOST-v4] epoch 319: test-all ROC 0.6926 PR 0.3004 | unseen ROC 0.5000 PR 0.0000 | valAUC 0.7694 | tau+ 0.500
[OUTPOST-v4] epoch 320: test-all ROC 0.6928 PR 0.3008 | unseen ROC 0.5000 PR 0.0000 | valAUC 0.7696 | tau+ 0.500
[OUTPOST-v4] epoch 321: test-all ROC 0.6931 PR 0.3011 | unseen ROC 0.5000 PR 0.0000 | valAUC 0.7700 | tau+ 0.500
[OUTPOST-v4] epoch 322: test-all ROC 0.6935 PR 0.3015 | unseen ROC 0.5000 PR 0.0000 | valAUC 0.7702 | tau+ 0.500
[OUTPOST-v4] epoch 323: test-all ROC 0.6938 PR 0.3018 | unseen ROC 0.5000 PR 0.0000 | valAUC 0.7706 | tau+ 0.500
[OUTPOST-v4] epoch 324: test-all ROC 0.6945 PR 0.3023 | unseen ROC 0.5000 PR 0.0000 | valAUC 0.7715 | tau+ 0.500
[OUTPOST-v4] epoch 325: test-all ROC 0.6953 PR 0.3030 | unseen ROC 0.5000 PR 0.0000 | valAUC 0.7723 | tau+ 0.500
[OUTPOST-v4] epoch 326: test-all ROC 0.6960 PR 0.3036 | unseen ROC 0.5000 PR 0.0000 | valAUC 0.7729 | tau+ 0.500
[OUTPOST-v4] epoch 327: test-all ROC 0.6966 PR 0.3043 | unseen ROC 0.5000 PR 0.0000 | valAUC 0.7732 | tau+ 0.500
[OUTPOST-v4] epoch 328: test-all ROC 0.6969 PR 0.3048 | unseen ROC 0.5000 PR 0.0000 | valAUC 0.7736 | tau+ 0.500
[OUTPOST-v4] epoch 329: test-all ROC 0.6970 PR 0.3052 | unseen ROC 0.5000 PR 0.0000 | valAUC 0.7739 | tau+ 0.500
[OUTPOST-v4] epoch 330: test-all ROC 0.6974 PR 0.3057 | unseen ROC 0.5000 PR 0.0000 | valAUC 0.7749 | tau+ 0.500
[OUTPOST-v4] epoch 331: test-all ROC 0.6979 PR 0.3063 | unseen ROC 0.5000 PR 0.0000 | valAUC 0.7758 | tau+ 0.500
[OUTPOST-v4] epoch 332: test-all ROC 0.6986 PR 0.3070 | unseen ROC 0.5000 PR 0.0000 | valAUC 0.7764 | tau+ 0.500
[OUTPOST-v4] epoch 333: test-all ROC 0.6991 PR 0.3076 | unseen ROC 0.5000 PR 0.0000 | valAUC 0.7765 | tau+ 0.500
[OUTPOST-v4] epoch 334: test-all ROC 0.6992 PR 0.3081 | unseen ROC 0.5000 PR 0.0000 | valAUC 0.7766 | tau+ 0.500
[OUTPOST-v4] epoch 335: test-all ROC 0.6992 PR 0.3085 | unseen ROC 0.5000 PR 0.0000 | valAUC 0.7768 | tau+ 0.500
[OUTPOST-v4] epoch 336: test-all ROC 0.6992 PR 0.3089 | unseen ROC 0.5000 PR 0.0000 | valAUC 0.7765 | tau+ 0.500
[OUTPOST-v4] epoch 337: test-all ROC 0.6993 PR 0.3094 | unseen ROC 0.5000 PR 0.0000 | valAUC 0.7765 | tau+ 0.500
[OUTPOST-v4] epoch 338: test-all ROC 0.6994 PR 0.3097 | unseen ROC 0.5000 PR 0.0000 | valAUC 0.7765 | tau+ 0.500
[OUTPOST-v4] epoch 339: test-all ROC 0.6997 PR 0.3102 | unseen ROC 0.5000 PR 0.0000 | valAUC 0.7768 | tau+ 0.500
[OUTPOST-v4] epoch 340: test-all ROC 0.6999 PR 0.3105 | unseen ROC 0.5000 PR 0.0000 | valAUC 0.7770 | tau+ 0.500
[OUTPOST-v4] epoch 341: test-all ROC 0.7001 PR 0.3108 | unseen ROC 0.5000 PR 0.0000 | valAUC 0.7769 | tau+ 0.500
[OUTPOST-v4] epoch 342: test-all ROC 0.7006 PR 0.3114 | unseen ROC 0.5000 PR 0.0000 | valAUC 0.7771 | tau+ 0.500
[OUTPOST-v4] epoch 343: test-all ROC 0.7010 PR 0.3119 | unseen ROC 0.5000 PR 0.0000 | valAUC 0.7776 | tau+ 0.500
[OUTPOST-v4] epoch 344: test-all ROC 0.7014 PR 0.3124 | unseen ROC 0.5000 PR 0.0000 | valAUC 0.7778 | tau+ 0.500
[OUTPOST-v4] epoch 345: test-all ROC 0.7017 PR 0.3126 | unseen ROC 0.5000 PR 0.0000 | valAUC 0.7781 | tau+ 0.500
[OUTPOST-v4] epoch 346: test-all ROC 0.7020 PR 0.3129 | unseen ROC 0.5000 PR 0.0000 | valAUC 0.7782 | tau+ 0.500
[OUTPOST-v4] epoch 347: test-all ROC 0.7024 PR 0.3132 | unseen ROC 0.5000 PR 0.0000 | valAUC 0.7784 | tau+ 0.500
[OUTPOST-v4] epoch 348: test-all ROC 0.7030 PR 0.3136 | unseen ROC 0.5000 PR 0.0000 | valAUC 0.7789 | tau+ 0.500
[OUTPOST-v4] epoch 349: test-all ROC 0.7035 PR 0.3140 | unseen ROC 0.5000 PR 0.0000 | valAUC 0.7793 | tau+ 0.500
[OUTPOST-v4] epoch 350: test-all ROC 0.7040 PR 0.3146 | unseen ROC 0.5000 PR 0.0000 | valAUC 0.7802 | tau+ 0.500
[OUTPOST-v4] epoch 351: test-all ROC 0.7043 PR 0.3151 | unseen ROC 0.5000 PR 0.0000 | valAUC 0.7805 | tau+ 0.500
[OUTPOST-v4] epoch 352: test-all ROC 0.7045 PR 0.3154 | unseen ROC 0.5000 PR 0.0000 | valAUC 0.7808 | tau+ 0.500
[OUTPOST-v4] epoch 353: test-all ROC 0.7044 PR 0.3157 | unseen ROC 0.5000 PR 0.0000 | valAUC 0.7806 | tau+ 0.500
[OUTPOST-v4] epoch 354: test-all ROC 0.7046 PR 0.3163 | unseen ROC 0.5000 PR 0.0000 | valAUC 0.7808 | tau+ 0.500
[OUTPOST-v4] epoch 355: test-all ROC 0.7050 PR 0.3169 | unseen ROC 0.5000 PR 0.0000 | valAUC 0.7813 | tau+ 0.500
[OUTPOST-v4] epoch 356: test-all ROC 0.7056 PR 0.3177 | unseen ROC 0.5000 PR 0.0000 | valAUC 0.7816 | tau+ 0.500
[OUTPOST-v4] epoch 357: test-all ROC 0.7060 PR 0.3184 | unseen ROC 0.5000 PR 0.0000 | valAUC 0.7820 | tau+ 0.500
[OUTPOST-v4] epoch 358: test-all ROC 0.7062 PR 0.3190 | unseen ROC 0.5000 PR 0.0000 | valAUC 0.7824 | tau+ 0.500
[OUTPOST-v4] epoch 359: test-all ROC 0.7061 PR 0.3193 | unseen ROC 0.5000 PR 0.0000 | valAUC 0.7824 | tau+ 0.500
[OUTPOST-v4] epoch 360: test-all ROC 0.7064 PR 0.3197 | unseen ROC 0.5000 PR 0.0000 | valAUC 0.7828 | tau+ 0.500
[OUTPOST-v4] epoch 361: test-all ROC 0.7071 PR 0.3205 | unseen ROC 0.5000 PR 0.0000 | valAUC 0.7838 | tau+ 0.500
[OUTPOST-v4] epoch 362: test-all ROC 0.7079 PR 0.3213 | unseen ROC 0.5000 PR 0.0000 | valAUC 0.7844 | tau+ 0.500
[OUTPOST-v4] epoch 363: test-all ROC 0.7084 PR 0.3220 | unseen ROC 0.5000 PR 0.0000 | valAUC 0.7850 | tau+ 0.500
[OUTPOST-v4] epoch 364: test-all ROC 0.7085 PR 0.3224 | unseen ROC 0.5000 PR 0.0000 | valAUC 0.7847 | tau+ 0.500
[OUTPOST-v4] epoch 365: test-all ROC 0.7087 PR 0.3228 | unseen ROC 0.5000 PR 0.0000 | valAUC 0.7841 | tau+ 0.500
[OUTPOST-v4] epoch 366: test-all ROC 0.7091 PR 0.3235 | unseen ROC 0.5000 PR 0.0000 | valAUC 0.7842 | tau+ 0.500
[OUTPOST-v4] epoch 367: test-all ROC 0.7095 PR 0.3242 | unseen ROC 0.5000 PR 0.0000 | valAUC 0.7842 | tau+ 0.500
[OUTPOST-v4] epoch 368: test-all ROC 0.7101 PR 0.3250 | unseen ROC 0.5000 PR 0.0000 | valAUC 0.7838 | tau+ 0.500
[OUTPOST-v4] epoch 369: test-all ROC 0.7104 PR 0.3257 | unseen ROC 0.5000 PR 0.0000 | valAUC 0.7844 | tau+ 0.500
[OUTPOST-v4] epoch 370: test-all ROC 0.7104 PR 0.3262 | unseen ROC 0.5000 PR 0.0000 | valAUC 0.7849 | tau+ 0.500
[OUTPOST-v4] epoch 371: test-all ROC 0.7104 PR 0.3266 | unseen ROC 0.5000 PR 0.0000 | valAUC 0.7852 | tau+ 0.500
[OUTPOST-v4] epoch 372: test-all ROC 0.7105 PR 0.3271 | unseen ROC 0.5000 PR 0.0000 | valAUC 0.7855 | tau+ 0.500
[OUTPOST-v4] epoch 373: test-all ROC 0.7108 PR 0.3278 | unseen ROC 0.5000 PR 0.0000 | valAUC 0.7866 | tau+ 0.500
[OUTPOST-v4] epoch 374: test-all ROC 0.7115 PR 0.3287 | unseen ROC 0.5000 PR 0.0000 | valAUC 0.7877 | tau+ 0.500
[OUTPOST-v4] epoch 375: test-all ROC 0.7119 PR 0.3296 | unseen ROC 0.5000 PR 0.0000 | valAUC 0.7882 | tau+ 0.500
[OUTPOST-v4] epoch 376: test-all ROC 0.7121 PR 0.3303 | unseen ROC 0.5000 PR 0.0000 | valAUC 0.7884 | tau+ 0.500
[OUTPOST-v4] epoch 377: test-all ROC 0.7121 PR 0.3308 | unseen ROC 0.5000 PR 0.0000 | valAUC 0.7884 | tau+ 0.500
[OUTPOST-v4] epoch 378: test-all ROC 0.7125 PR 0.3316 | unseen ROC 0.5000 PR 0.0000 | valAUC 0.7886 | tau+ 0.500
[OUTPOST-v4] epoch 379: test-all ROC 0.7129 PR 0.3325 | unseen ROC 0.5000 PR 0.0000 | valAUC 0.7894 | tau+ 0.500
[OUTPOST-v4] epoch 380: test-all ROC 0.7135 PR 0.3336 | unseen ROC 0.5000 PR 0.0000 | valAUC 0.7895 | tau+ 0.500
[OUTPOST-v4] epoch 381: test-all ROC 0.7139 PR 0.3344 | unseen ROC 0.5000 PR 0.0000 | valAUC 0.7900 | tau+ 0.500
[OUTPOST-v4] epoch 382: test-all ROC 0.7140 PR 0.3350 | unseen ROC 0.5000 PR 0.0000 | valAUC 0.7900 | tau+ 0.500
[OUTPOST-v4] epoch 383: test-all ROC 0.7143 PR 0.3356 | unseen ROC 0.5000 PR 0.0000 | valAUC 0.7902 | tau+ 0.500
[OUTPOST-v4] epoch 384: test-all ROC 0.7148 PR 0.3365 | unseen ROC 0.5000 PR 0.0000 | valAUC 0.7907 | tau+ 0.500
[OUTPOST-v4] epoch 385: test-all ROC 0.7155 PR 0.3375 | unseen ROC 0.5000 PR 0.0000 | valAUC 0.7910 | tau+ 0.500
[OUTPOST-v4] epoch 386: test-all ROC 0.7160 PR 0.3383 | unseen ROC 0.5000 PR 0.0000 | valAUC 0.7911 | tau+ 0.500
[OUTPOST-v4] epoch 387: test-all ROC 0.7165 PR 0.3393 | unseen ROC 0.5000 PR 0.0000 | valAUC 0.7911 | tau+ 0.500
[OUTPOST-v4] epoch 388: test-all ROC 0.7168 PR 0.3402 | unseen ROC 0.5000 PR 0.0000 | valAUC 0.7911 | tau+ 0.500
[OUTPOST-v4] epoch 389: test-all ROC 0.7173 PR 0.3411 | unseen ROC 0.5000 PR 0.0000 | valAUC 0.7914 | tau+ 0.500
[OUTPOST-v4] epoch 390: test-all ROC 0.7176 PR 0.3420 | unseen ROC 0.5000 PR 0.0000 | valAUC 0.7914 | tau+ 0.500
[OUTPOST-v4] epoch 391: test-all ROC 0.7178 PR 0.3427 | unseen ROC 0.5000 PR 0.0000 | valAUC 0.7917 | tau+ 0.500
[OUTPOST-v4] epoch 392: test-all ROC 0.7181 PR 0.3435 | unseen ROC 0.5000 PR 0.0000 | valAUC 0.7923 | tau+ 0.500
[OUTPOST-v4] epoch 393: test-all ROC 0.7187 PR 0.3444 | unseen ROC 0.5000 PR 0.0000 | valAUC 0.7937 | tau+ 0.500
[OUTPOST-v4] epoch 394: test-all ROC 0.7191 PR 0.3453 | unseen ROC 0.5000 PR 0.0000 | valAUC 0.7941 | tau+ 0.500
[OUTPOST-v4] epoch 395: test-all ROC 0.7194 PR 0.3461 | unseen ROC 0.5000 PR 0.0000 | valAUC 0.7938 | tau+ 0.500
[OUTPOST-v4] epoch 396: test-all ROC 0.7197 PR 0.3469 | unseen ROC 0.5000 PR 0.0000 | valAUC 0.7932 | tau+ 0.500
[OUTPOST-v4] epoch 397: test-all ROC 0.7201 PR 0.3479 | unseen ROC 0.5000 PR 0.0000 | valAUC 0.7936 | tau+ 0.500
[OUTPOST-v4] epoch 398: test-all ROC 0.7208 PR 0.3495 | unseen ROC 0.5000 PR 0.0000 | valAUC 0.7947 | tau+ 0.500
[OUTPOST-v4] epoch 399: test-all ROC 0.7214 PR 0.3508 | unseen ROC 0.5000 PR 0.0000 | valAUC 0.7955 | tau+ 0.500
  rotation 1: ROC 0.7214 PR 0.3508
[yelp] params 2689, peak GPU 0.93 GB, 29.7 min total

[yelp] AGGREGATE  best-over-epochs: ROC 0.7214 PR 0.3508
[yelp] AGGREGATE  val-selected:     ROC 0.7214 PR 0.3508
row appended to results/results.csv
