# gpu=7 cmd=/usr/bin/python3 -u main.py --dataset computers --seed 2 --method demo --tag B_demo --rotations 3 --set energy_loss=false
/nas/home/jahin/.local/lib/python3.10/site-packages/requests/__init__.py:113: RequestsDependencyWarning: urllib3 (1.26.5) or chardet (7.2.0)/charset_normalizer (3.4.4) doesn't match a supported version!
  warnings.warn(
[0.03170448 0.15575916 0.10282141 0.03941245 0.37507272 0.02239674
 0.03541303 0.05948226 0.1567772  0.02116056]
[computers] anomaly classes (rotations): [np.int64(0), np.int64(3), np.int64(5), np.int64(6), np.int64(9)]
[computers] running subset: [np.int64(3)]
Normal classes: [np.int64(1), np.int64(2), np.int64(4), np.int64(7), np.int64(8)] in computers
using binary cross entropy loss...
Building multi-layer GraphSage
building the dataloader ...
pseudo_counter: Counter({-1: 13752})
AUROC test all: 0.42247543049162134, AUPR test all: 0.1294286198716407, AUROC test unknown: 0.40439606317631416, AUPR test unknown: 0.09777106044298463
Epoch: 0, Best AUROC test all: 0.42247543049162134, AUPR test all: 0.1294286198716407, AUROC test unknown: 0.40439606317631416, AUPR test unknown: 0.09777106044298463
pseudo_counter: Counter({-1: 13752})
AUROC test all: 0.4392198472380427, AUPR test all: 0.1340696935037683, AUROC test unknown: 0.4214357964033874, AUPR test unknown: 0.10176960245621386
Epoch: 1, Best AUROC test all: 0.4392198472380427, AUPR test all: 0.1340696935037683, AUROC test unknown: 0.4214357964033874, AUPR test unknown: 0.10176960245621386
pseudo_counter: Counter({-1: 13752})
AUROC test all: 0.44917769531571095, AUPR test all: 0.13646315636797646, AUROC test unknown: 0.432378656300243, AUPR test unknown: 0.10386540800766743
Epoch: 2, Best AUROC test all: 0.44917769531571095, AUPR test all: 0.13646315636797646, AUROC test unknown: 0.432378656300243, AUPR test unknown: 0.10386540800766743
pseudo_counter: Counter({-1: 13752})
AUROC test all: 0.45315605477236165, AUPR test all: 0.13826541699149097, AUROC test unknown: 0.4364188719554052, AUPR test unknown: 0.1054550871953501
Epoch: 3, Best AUROC test all: 0.45315605477236165, AUPR test all: 0.13826541699149097, AUROC test unknown: 0.4364188719554052, AUPR test unknown: 0.1054550871953501
pseudo_counter: Counter({-1: 13752})
AUROC test all: 0.45560864785044103, AUPR test all: 0.13843945457182205, AUROC test unknown: 0.43674607157156753, AUPR test unknown: 0.10492748091212666
Epoch: 4, Best AUROC test all: 0.45560864785044103, AUPR test all: 0.13843945457182205, AUROC test unknown: 0.43674607157156753, AUPR test unknown: 0.1054550871953501
pseudo_counter: Counter({-1: 13752})
AUROC test all: 0.4594206555611987, AUPR test all: 0.1402394246300417, AUROC test unknown: 0.4411588714387742, AUPR test unknown: 0.10620505219243986
Epoch: 5, Best AUROC test all: 0.4594206555611987, AUPR test all: 0.1402394246300417, AUROC test unknown: 0.4411588714387742, AUPR test unknown: 0.10620505219243986
pseudo_counter: Counter({-1: 13752})
max_probs: 0.17479105293750763， num of >0.5: 0
AUROC test all: 0.46088754631151874, AUPR test all: 0.14074858964707881, AUROC test unknown: 0.44031285832304456, AUPR test unknown: 0.10631506537844519
Epoch: 6, Best AUROC test all: 0.46088754631151874, AUPR test all: 0.14074858964707881, AUROC test unknown: 0.4411588714387742, AUPR test unknown: 0.10631506537844519
pseudo_counter: Counter({-1: 10111, 0: 3641})
max_probs: 0.15986227989196777， num of >0.5: 0
AUROC test all: 0.46460657318981413, AUPR test all: 0.141544678286081, AUROC test unknown: 0.4428498213557066, AUPR test unknown: 0.10672496133716422
Epoch: 7, Best AUROC test all: 0.46460657318981413, AUPR test all: 0.141544678286081, AUROC test unknown: 0.4428498213557066, AUPR test unknown: 0.10672496133716422
pseudo_counter: Counter({-1: 9450, 0: 4302})
max_probs: 0.15421734750270844， num of >0.5: 0
AUROC test all: 0.4697654497721855, AUPR test all: 0.14334828817737771, AUROC test unknown: 0.4474600352457131, AUPR test unknown: 0.108050457040009
Epoch: 8, Best AUROC test all: 0.4697654497721855, AUPR test all: 0.14334828817737771, AUROC test unknown: 0.4474600352457131, AUPR test unknown: 0.108050457040009
pseudo_counter: Counter({-1: 8927, 0: 4825})
max_probs: 0.15942908823490143， num of >0.5: 0
AUROC test all: 0.47090851309933424, AUPR test all: 0.1443313967394912, AUROC test unknown: 0.45009183354724086, AUPR test unknown: 0.10939372625880728
Epoch: 9, Best AUROC test all: 0.47090851309933424, AUPR test all: 0.1443313967394912, AUROC test unknown: 0.45009183354724086, AUPR test unknown: 0.10939372625880728
pseudo_counter: Counter({-1: 7931, 0: 5821})
max_probs: 0.16999001801013947， num of >0.5: 0
AUROC test all: 0.4798901771140364, AUPR test all: 0.1471096633857564, AUROC test unknown: 0.4565086114729388, AUPR test unknown: 0.11070421653493384
Epoch: 10, Best AUROC test all: 0.4798901771140364, AUPR test all: 0.1471096633857564, AUROC test unknown: 0.4565086114729388, AUPR test unknown: 0.11070421653493384
pseudo_counter: Counter({0: 8368, -1: 5384})
max_probs: 0.18313398957252502， num of >0.5: 0
AUROC test all: 0.4820850889753632, AUPR test all: 0.14826583620404868, AUROC test unknown: 0.45768744495847097, AUPR test unknown: 0.11119913843403557
Epoch: 11, Best AUROC test all: 0.4820850889753632, AUPR test all: 0.14826583620404868, AUROC test unknown: 0.45768744495847097, AUPR test unknown: 0.11119913843403557
pseudo_counter: Counter({0: 11595, -1: 2157})
max_probs: 0.19659484922885895， num of >0.5: 0
AUROC test all: 0.48439566495561137, AUPR test all: 0.1497946678735106, AUROC test unknown: 0.45782458536776716, AUPR test unknown: 0.11144295242133857
Epoch: 12, Best AUROC test all: 0.48439566495561137, AUPR test all: 0.1497946678735106, AUROC test unknown: 0.45782458536776716, AUPR test unknown: 0.11144295242133857
pseudo_counter: Counter({0: 12920, -1: 832})
max_probs: 0.2113521248102188， num of >0.5: 0
AUROC test all: 0.49569168932090135, AUPR test all: 0.15380021041341868, AUROC test unknown: 0.467479515342744, AUPR test unknown: 0.11387828057233532
Epoch: 13, Best AUROC test all: 0.49569168932090135, AUPR test all: 0.15380021041341868, AUROC test unknown: 0.467479515342744, AUPR test unknown: 0.11387828057233532
pseudo_counter: Counter({0: 12972, -1: 780})
max_probs: 0.21475821733474731， num of >0.5: 0
AUROC test all: 0.49448601186631747, AUPR test all: 0.1538618474762587, AUROC test unknown: 0.4674714728814183, AUPR test unknown: 0.11446076174960144
Epoch: 14, Best AUROC test all: 0.49569168932090135, AUPR test all: 0.1538618474762587, AUROC test unknown: 0.467479515342744, AUPR test unknown: 0.11446076174960144
pseudo_counter: Counter({0: 12972, -1: 780})
max_probs: 0.21050627529621124， num of >0.5: 0
AUROC test all: 0.4989489771466233, AUPR test all: 0.1559096050530406, AUROC test unknown: 0.46958592266704036, AUPR test unknown: 0.11580848381474478
Epoch: 15, Best AUROC test all: 0.4989489771466233, AUPR test all: 0.1559096050530406, AUROC test unknown: 0.46958592266704036, AUPR test unknown: 0.11580848381474478
pseudo_counter: Counter({0: 12972, -1: 780})
max_probs: 0.1975352168083191， num of >0.5: 0
AUROC test all: 0.5056566474276923, AUPR test all: 0.1574423380292066, AUROC test unknown: 0.4771049961563612, AUPR test unknown: 0.11735588457014573
Epoch: 16, Best AUROC test all: 0.5056566474276923, AUPR test all: 0.1574423380292066, AUROC test unknown: 0.4771049961563612, AUPR test unknown: 0.11735588457014573
pseudo_counter: Counter({0: 12972, -1: 780})
max_probs: 0.18584123253822327， num of >0.5: 0
AUROC test all: 0.5070128740150546, AUPR test all: 0.15813208683445204, AUROC test unknown: 0.4765936271656046, AUPR test unknown: 0.1173264102159586
Epoch: 17, Best AUROC test all: 0.5070128740150546, AUPR test all: 0.15813208683445204, AUROC test unknown: 0.4771049961563612, AUPR test unknown: 0.11735588457014573
pseudo_counter: Counter({0: 12972, -1: 780})
max_probs: 0.17313194274902344， num of >0.5: 0
AUROC test all: 0.5120851917267517, AUPR test all: 0.1605804989631086, AUROC test unknown: 0.4812642641572433, AUPR test unknown: 0.11906876725740817
Epoch: 18, Best AUROC test all: 0.5120851917267517, AUPR test all: 0.1605804989631086, AUROC test unknown: 0.4812642641572433, AUPR test unknown: 0.11906876725740817
pseudo_counter: Counter({0: 12972, -1: 780})
max_probs: 0.15968935191631317， num of >0.5: 0
AUROC test all: 0.5239178627417594, AUPR test all: 0.16519974230053938, AUROC test unknown: 0.49101026230024203, AUPR test unknown: 0.12227962118485622
Epoch: 19, Best AUROC test all: 0.5239178627417594, AUPR test all: 0.16519974230053938, AUROC test unknown: 0.49101026230024203, AUPR test unknown: 0.12227962118485622
pseudo_counter: Counter({0: 12972, -1: 780})
max_probs: 0.14903214573860168， num of >0.5: 0
AUROC test all: 0.5328046652066184, AUPR test all: 0.16880087954770193, AUROC test unknown: 0.49886577377208063, AUPR test unknown: 0.12432960990129892
Epoch: 20, Best AUROC test all: 0.5328046652066184, AUPR test all: 0.16880087954770193, AUROC test unknown: 0.49886577377208063, AUPR test unknown: 0.12432960990129892
pseudo_counter: Counter({0: 12972, -1: 780})
max_probs: 0.14091123640537262， num of >0.5: 0
AUROC test all: 0.5419451810332679, AUPR test all: 0.1738662933304386, AUROC test unknown: 0.5055089066223002, AUPR test unknown: 0.12770648155804878
Epoch: 21, Best AUROC test all: 0.5419451810332679, AUPR test all: 0.1738662933304386, AUROC test unknown: 0.5055089066223002, AUPR test unknown: 0.12770648155804878
pseudo_counter: Counter({0: 12972, -1: 780})
max_probs: 0.13471382856369019， num of >0.5: 0
AUROC test all: 0.5535252854653757, AUPR test all: 0.17888038748944557, AUROC test unknown: 0.5143780671974253, AUPR test unknown: 0.13035566552648362
Epoch: 22, Best AUROC test all: 0.5535252854653757, AUPR test all: 0.17888038748944557, AUROC test unknown: 0.5143780671974253, AUPR test unknown: 0.13035566552648362
pseudo_counter: Counter({0: 12972, -1: 780})
max_probs: 0.13117803633213043， num of >0.5: 0
AUROC test all: 0.5629200192365278, AUPR test all: 0.18535774134147948, AUROC test unknown: 0.5191343907844516, AUPR test unknown: 0.13343556835328912
Epoch: 23, Best AUROC test all: 0.5629200192365278, AUPR test all: 0.18535774134147948, AUROC test unknown: 0.5191343907844516, AUPR test unknown: 0.13343556835328912
pseudo_counter: Counter({0: 12972, -1: 780})
max_probs: 0.1287122219800949， num of >0.5: 0
AUROC test all: 0.5808937141471048, AUPR test all: 0.19640838235870994, AUROC test unknown: 0.5345534036174692, AUPR test unknown: 0.1404100859704978
Epoch: 24, Best AUROC test all: 0.5808937141471048, AUPR test all: 0.19640838235870994, AUROC test unknown: 0.5345534036174692, AUPR test unknown: 0.1404100859704978
pseudo_counter: Counter({0: 12972, -1: 780})
max_probs: 0.12753160297870636， num of >0.5: 0
AUROC test all: 0.6010655777710582, AUPR test all: 0.20892449029306842, AUROC test unknown: 0.5511031745538197, AUPR test unknown: 0.14744306121474546
Epoch: 25, Best AUROC test all: 0.6010655777710582, AUPR test all: 0.20892449029306842, AUROC test unknown: 0.5511031745538197, AUPR test unknown: 0.14744306121474546
pseudo_counter: Counter({0: 12972, -1: 780})
max_probs: 0.12809249758720398， num of >0.5: 0
AUROC test all: 0.6143828228668812, AUPR test all: 0.22183319400057291, AUROC test unknown: 0.5629861054970013, AUPR test unknown: 0.1559621163827724
Epoch: 26, Best AUROC test all: 0.6143828228668812, AUPR test all: 0.22183319400057291, AUROC test unknown: 0.5629861054970013, AUPR test unknown: 0.1559621163827724
pseudo_counter: Counter({0: 12972, -1: 780})
max_probs: 0.127640500664711， num of >0.5: 0
AUROC test all: 0.6327680279146165, AUPR test all: 0.23760683932905916, AUROC test unknown: 0.5787337530322172, AUPR test unknown: 0.16644566221839116
Epoch: 27, Best AUROC test all: 0.6327680279146165, AUPR test all: 0.23760683932905916, AUROC test unknown: 0.5787337530322172, AUPR test unknown: 0.16644566221839116
pseudo_counter: Counter({0: 12972, -1: 780})
max_probs: 0.12782222032546997， num of >0.5: 0
AUROC test all: 0.6497882679198421, AUPR test all: 0.25687386966701486, AUROC test unknown: 0.5927337348544607, AUPR test unknown: 0.17650666062283793
Epoch: 28, Best AUROC test all: 0.6497882679198421, AUPR test all: 0.25687386966701486, AUROC test unknown: 0.5927337348544607, AUPR test unknown: 0.17650666062283793
pseudo_counter: Counter({0: 12972, -1: 780})
max_probs: 0.12720687687397003， num of >0.5: 0
AUROC test all: 0.662951477675059, AUPR test all: 0.26987199417029484, AUROC test unknown: 0.6056774933543557, AUPR test unknown: 0.18486666833083087
Epoch: 29, Best AUROC test all: 0.662951477675059, AUPR test all: 0.26987199417029484, AUROC test unknown: 0.6056774933543557, AUPR test unknown: 0.18486666833083087
pseudo_counter: Counter({0: 12972, -1: 780})
max_probs: 0.12667877972126007， num of >0.5: 0
AUROC test all: 0.6701709095039163, AUPR test all: 0.283007958770676, AUROC test unknown: 0.6111120445814261, AUPR test unknown: 0.19264010266651319
Epoch: 30, Best AUROC test all: 0.6701709095039163, AUPR test all: 0.283007958770676, AUROC test unknown: 0.6111120445814261, AUPR test unknown: 0.19264010266651319
pseudo_counter: Counter({0: 12972, -1: 780})
max_probs: 0.12441226094961166， num of >0.5: 0
AUROC test all: 0.6807638437312846, AUPR test all: 0.2997385456100635, AUROC test unknown: 0.6204893153061014, AUPR test unknown: 0.202236326899139
Epoch: 31, Best AUROC test all: 0.6807638437312846, AUPR test all: 0.2997385456100635, AUROC test unknown: 0.6204893153061014, AUPR test unknown: 0.202236326899139
pseudo_counter: Counter({0: 12972, -1: 780})
max_probs: 0.1229909136891365， num of >0.5: 0
AUROC test all: 0.678924892037648, AUPR test all: 0.3011478645967969, AUROC test unknown: 0.6173963461274443, AUPR test unknown: 0.20270553827998605
Epoch: 32, Best AUROC test all: 0.6807638437312846, AUPR test all: 0.3011478645967969, AUROC test unknown: 0.6204893153061014, AUPR test unknown: 0.20270553827998605
pseudo_counter: Counter({0: 12972, -1: 780})
max_probs: 0.11993059515953064， num of >0.5: 0
AUROC test all: 0.6790046161061334, AUPR test all: 0.30109096271053115, AUROC test unknown: 0.6176529574492207, AUPR test unknown: 0.20338529206187247
Epoch: 33, Best AUROC test all: 0.6807638437312846, AUPR test all: 0.3011478645967969, AUROC test unknown: 0.6204893153061014, AUPR test unknown: 0.20338529206187247
pseudo_counter: Counter({0: 12972, -1: 780})
max_probs: 0.11729242652654648， num of >0.5: 0
AUROC test all: 0.6754272622920019, AUPR test all: 0.2980278261934646, AUROC test unknown: 0.6125539771735214, AUPR test unknown: 0.19997240617627718
Epoch: 34, Best AUROC test all: 0.6807638437312846, AUPR test all: 0.3011478645967969, AUROC test unknown: 0.6204893153061014, AUPR test unknown: 0.20338529206187247
pseudo_counter: Counter({0: 12972, -1: 780})
max_probs: 0.11452708393335342， num of >0.5: 0
AUROC test all: 0.674790685329744, AUPR test all: 0.2977037435927745, AUROC test unknown: 0.6124816249192166, AUPR test unknown: 0.20009349070177043
Epoch: 35, Best AUROC test all: 0.6807638437312846, AUPR test all: 0.3011478645967969, AUROC test unknown: 0.6204893153061014, AUPR test unknown: 0.20338529206187247
pseudo_counter: Counter({0: 12972, -1: 780})
max_probs: 0.1122174933552742， num of >0.5: 0
AUROC test all: 0.6803197192024731, AUPR test all: 0.30416154253908917, AUROC test unknown: 0.6195097793937909, AUPR test unknown: 0.20577193294143084
Epoch: 36, Best AUROC test all: 0.6807638437312846, AUPR test all: 0.30416154253908917, AUROC test unknown: 0.6204893153061014, AUPR test unknown: 0.20577193294143084
pseudo_counter: Counter({0: 12972, -1: 780})
max_probs: 0.1112649217247963， num of >0.5: 0
AUROC test all: 0.6846619516011602, AUPR test all: 0.31602973690565833, AUROC test unknown: 0.6229306657316285, AUPR test unknown: 0.21341174686709408
Epoch: 37, Best AUROC test all: 0.6846619516011602, AUPR test all: 0.31602973690565833, AUROC test unknown: 0.6229306657316285, AUPR test unknown: 0.21341174686709408
pseudo_counter: Counter({0: 12972, -1: 780})
max_probs: 0.11030315607786179， num of >0.5: 0
AUROC test all: 0.6947937201654003, AUPR test all: 0.3343478798382824, AUROC test unknown: 0.6322043411830944, AUPR test unknown: 0.22541773340790144
Epoch: 38, Best AUROC test all: 0.6947937201654003, AUPR test all: 0.3343478798382824, AUROC test unknown: 0.6322043411830944, AUPR test unknown: 0.22541773340790144
pseudo_counter: Counter({0: 12972, -1: 780})
max_probs: 0.11159544438123703， num of >0.5: 0
AUROC test all: 0.6996075309795436, AUPR test all: 0.3479979412045879, AUROC test unknown: 0.6355771521387326, AUPR test unknown: 0.2332367460620548
Epoch: 39, Best AUROC test all: 0.6996075309795436, AUPR test all: 0.3479979412045879, AUROC test unknown: 0.6355771521387326, AUPR test unknown: 0.2332367460620548
pseudo_counter: Counter({0: 12972, -1: 780})
max_probs: 0.11293212324380875， num of >0.5: 0
AUROC test all: 0.7097561113223223, AUPR test all: 0.3662382679632218, AUROC test unknown: 0.646043174802568, AUPR test unknown: 0.24537510290091386
Epoch: 40, Best AUROC test all: 0.7097561113223223, AUPR test all: 0.3662382679632218, AUROC test unknown: 0.646043174802568, AUPR test unknown: 0.24537510290091386
pseudo_counter: Counter({0: 12972, -1: 780})
max_probs: 0.11591993272304535， num of >0.5: 0
AUROC test all: 0.720028979561281, AUPR test all: 0.38403225852466855, AUROC test unknown: 0.6566539019750133, AUPR test unknown: 0.25775942186052747
Epoch: 41, Best AUROC test all: 0.720028979561281, AUPR test all: 0.38403225852466855, AUROC test unknown: 0.6566539019750133, AUPR test unknown: 0.25775942186052747
pseudo_counter: Counter({0: 12972, -1: 780})
max_probs: 0.11919841170310974， num of >0.5: 0
AUROC test all: 0.7201760424862313, AUPR test all: 0.3872510410886167, AUROC test unknown: 0.6574631111134498, AUPR test unknown: 0.256395465714758
Epoch: 42, Best AUROC test all: 0.7201760424862313, AUPR test all: 0.3872510410886167, AUROC test unknown: 0.6574631111134498, AUPR test unknown: 0.25775942186052747
pseudo_counter: Counter({0: 12972, -1: 780})
max_probs: 0.1222601905465126， num of >0.5: 0
AUROC test all: 0.7208696831660932, AUPR test all: 0.3872780164354053, AUROC test unknown: 0.6577097067306014, AUPR test unknown: 0.2565982525813463
Epoch: 43, Best AUROC test all: 0.7208696831660932, AUPR test all: 0.3872780164354053, AUROC test unknown: 0.6577097067306014, AUPR test unknown: 0.25775942186052747
pseudo_counter: Counter({0: 12972, -1: 780})
max_probs: 0.12643355131149292， num of >0.5: 0
AUROC test all: 0.7162517651220687, AUPR test all: 0.38237274559387735, AUROC test unknown: 0.6529906953805058, AUPR test unknown: 0.2546662694240522
Epoch: 44, Best AUROC test all: 0.7208696831660932, AUPR test all: 0.3872780164354053, AUROC test unknown: 0.6577097067306014, AUPR test unknown: 0.25775942186052747
pseudo_counter: Counter({0: 12972, -1: 780})
max_probs: 0.1318833827972412， num of >0.5: 0
AUROC test all: 0.714799232043461, AUPR test all: 0.383673428503692, AUROC test unknown: 0.6510537776965626, AUPR test unknown: 0.25266640740452057
Epoch: 45, Best AUROC test all: 0.7208696831660932, AUPR test all: 0.3872780164354053, AUROC test unknown: 0.6577097067306014, AUPR test unknown: 0.25775942186052747
pseudo_counter: Counter({0: 12972, -1: 780})
max_probs: 0.1341692954301834， num of >0.5: 0
AUROC test all: 0.7132337641796916, AUPR test all: 0.386626614984101, AUROC test unknown: 0.6486193635202085, AUPR test unknown: 0.25317023632922
Epoch: 46, Best AUROC test all: 0.7208696831660932, AUPR test all: 0.3872780164354053, AUROC test unknown: 0.6577097067306014, AUPR test unknown: 0.25775942186052747
pseudo_counter: Counter({0: 12972, -1: 780})
max_probs: 0.1385718137025833， num of >0.5: 0
AUROC test all: 0.7156847058961683, AUPR test all: 0.3952809820589267, AUROC test unknown: 0.6515849090179372, AUPR test unknown: 0.2584457369117038
Epoch: 47, Best AUROC test all: 0.7208696831660932, AUPR test all: 0.3952809820589267, AUROC test unknown: 0.6577097067306014, AUPR test unknown: 0.2584457369117038
pseudo_counter: Counter({0: 12972, -1: 780})
max_probs: 0.1458127796649933， num of >0.5: 0
AUROC test all: 0.7227344603203494, AUPR test all: 0.4163624575959385, AUROC test unknown: 0.6578175474666665, AUPR test unknown: 0.26698733284307125
Epoch: 48, Best AUROC test all: 0.7227344603203494, AUPR test all: 0.4163624575959385, AUROC test unknown: 0.6578175474666665, AUPR test unknown: 0.26698733284307125
pseudo_counter: Counter({0: 12972, -1: 780})
max_probs: 0.16051243245601654， num of >0.5: 0
AUROC test all: 0.7297621048475169, AUPR test all: 0.4387795969261405, AUROC test unknown: 0.666947086464412, AUPR test unknown: 0.2829037593934463
Epoch: 49, Best AUROC test all: 0.7297621048475169, AUPR test all: 0.4387795969261405, AUROC test unknown: 0.666947086464412, AUPR test unknown: 0.2829037593934463
pseudo_counter: Counter({0: 12972, -1: 780})
max_probs: 0.16515105962753296， num of >0.5: 0
AUROC test all: 0.7340259893123877, AUPR test all: 0.45601572112484506, AUROC test unknown: 0.6701201513824422, AUPR test unknown: 0.29764121738935134
Epoch: 50, Best AUROC test all: 0.7340259893123877, AUPR test all: 0.45601572112484506, AUROC test unknown: 0.6701201513824422, AUPR test unknown: 0.29764121738935134
pseudo_counter: Counter({0: 12972, -1: 780})
max_probs: 0.18017753958702087， num of >0.5: 0
AUROC test all: 0.7353209091002502, AUPR test all: 0.46522460032351776, AUROC test unknown: 0.671845752647614, AUPR test unknown: 0.3064518733933646
Epoch: 51, Best AUROC test all: 0.7353209091002502, AUPR test all: 0.46522460032351776, AUROC test unknown: 0.671845752647614, AUPR test unknown: 0.3064518733933646
pseudo_counter: Counter({0: 12972, -1: 780})
max_probs: 0.18691712617874146， num of >0.5: 0
AUROC test all: 0.7334046874449546, AUPR test all: 0.46006335545485555, AUROC test unknown: 0.6688144323732448, AUPR test unknown: 0.297429461596873
Epoch: 52, Best AUROC test all: 0.7353209091002502, AUPR test all: 0.46522460032351776, AUROC test unknown: 0.671845752647614, AUPR test unknown: 0.3064518733933646
pseudo_counter: Counter({0: 12972, -1: 780})
max_probs: 0.1978566199541092， num of >0.5: 0
AUROC test all: 0.737535018040208, AUPR test all: 0.45442230311306514, AUROC test unknown: 0.6742966404157539, AUPR test unknown: 0.2912697253691401
Epoch: 53, Best AUROC test all: 0.737535018040208, AUPR test all: 0.46522460032351776, AUROC test unknown: 0.6742966404157539, AUPR test unknown: 0.3064518733933646
pseudo_counter: Counter({0: 12972, -1: 780})
max_probs: 0.2069830596446991， num of >0.5: 0
AUROC test all: 0.7367838778667639, AUPR test all: 0.4613282970730409, AUROC test unknown: 0.672300854306717, AUPR test unknown: 0.2987449606055101
Epoch: 54, Best AUROC test all: 0.737535018040208, AUPR test all: 0.46522460032351776, AUROC test unknown: 0.6742966404157539, AUPR test unknown: 0.3064518733933646
pseudo_counter: Counter({0: 12972, -1: 780})
max_probs: 0.21818074584007263， num of >0.5: 0
AUROC test all: 0.7407300357721621, AUPR test all: 0.47922088627454096, AUROC test unknown: 0.6771645402677967, AUPR test unknown: 0.31306039682852554
Epoch: 55, Best AUROC test all: 0.7407300357721621, AUPR test all: 0.47922088627454096, AUROC test unknown: 0.6771645402677967, AUPR test unknown: 0.31306039682852554
pseudo_counter: Counter({0: 12972, -1: 780})
max_probs: 0.23424474895000458， num of >0.5: 0
AUROC test all: 0.7465056729775591, AUPR test all: 0.5027108704108748, AUROC test unknown: 0.6829838141429643, AUPR test unknown: 0.3428090429613811
Epoch: 56, Best AUROC test all: 0.7465056729775591, AUPR test all: 0.5027108704108748, AUROC test unknown: 0.6829838141429643, AUPR test unknown: 0.3428090429613811
pseudo_counter: Counter({0: 12972, -1: 780})
max_probs: 0.2570458948612213， num of >0.5: 0
AUROC test all: 0.7492683321321207, AUPR test all: 0.5177913908843894, AUROC test unknown: 0.68591156904175, AUPR test unknown: 0.35825284510720207
Epoch: 57, Best AUROC test all: 0.7492683321321207, AUPR test all: 0.5177913908843894, AUROC test unknown: 0.68591156904175, AUPR test unknown: 0.35825284510720207
pseudo_counter: Counter({0: 12972, -1: 780})
max_probs: 0.27248188853263855， num of >0.5: 0
AUROC test all: 0.7545783083011379, AUPR test all: 0.5322513131568875, AUROC test unknown: 0.6920560094945292, AUPR test unknown: 0.37746371975624116
Epoch: 58, Best AUROC test all: 0.7545783083011379, AUPR test all: 0.5322513131568875, AUROC test unknown: 0.6920560094945292, AUPR test unknown: 0.37746371975624116
pseudo_counter: Counter({0: 12972, -1: 780})
max_probs: 0.29457777738571167， num of >0.5: 0
AUROC test all: 0.7568212701979872, AUPR test all: 0.5405650153864076, AUROC test unknown: 0.6945708183865136, AUPR test unknown: 0.38620172195724983
Epoch: 59, Best AUROC test all: 0.7568212701979872, AUPR test all: 0.5405650153864076, AUROC test unknown: 0.6945708183865136, AUPR test unknown: 0.38620172195724983
pseudo_counter: Counter({0: 12972, -1: 780})
max_probs: 0.31342095136642456， num of >0.5: 0
AUROC test all: 0.7589849896734854, AUPR test all: 0.5453267566912956, AUROC test unknown: 0.696152851252854, AUPR test unknown: 0.3927701642718349
Epoch: 60, Best AUROC test all: 0.7589849896734854, AUPR test all: 0.5453267566912956, AUROC test unknown: 0.696152851252854, AUPR test unknown: 0.3927701642718349
pseudo_counter: Counter({0: 12972, -1: 780})
max_probs: 0.3371627628803253， num of >0.5: 0
AUROC test all: 0.7604457107533732, AUPR test all: 0.5498388582371017, AUROC test unknown: 0.6990238604579743, AUPR test unknown: 0.3977918739271442
Epoch: 61, Best AUROC test all: 0.7604457107533732, AUPR test all: 0.5498388582371017, AUROC test unknown: 0.6990238604579743, AUPR test unknown: 0.3977918739271442
pseudo_counter: Counter({0: 12972, -1: 780})
max_probs: 0.3522734045982361， num of >0.5: 0
AUROC test all: 0.7668205399291895, AUPR test all: 0.5632887219166687, AUROC test unknown: 0.7057992305068675, AUPR test unknown: 0.41115787417041866
Epoch: 62, Best AUROC test all: 0.7668205399291895, AUPR test all: 0.5632887219166687, AUROC test unknown: 0.7057992305068675, AUPR test unknown: 0.41115787417041866
pseudo_counter: Counter({0: 12972, -1: 780})
max_probs: 0.36995846033096313， num of >0.5: 0
AUROC test all: 0.7686761657878975, AUPR test all: 0.5718252148102287, AUROC test unknown: 0.7074514331008335, AUPR test unknown: 0.41914329237077874
Epoch: 63, Best AUROC test all: 0.7686761657878975, AUPR test all: 0.5718252148102287, AUROC test unknown: 0.7074514331008335, AUPR test unknown: 0.41914329237077874
pseudo_counter: Counter({0: 12972, -1: 780})
max_probs: 0.40512385964393616， num of >0.5: 0
AUROC test all: 0.7725650994266473, AUPR test all: 0.5827056073650833, AUROC test unknown: 0.7115299775122019, AUPR test unknown: 0.43124019221379284
Epoch: 64, Best AUROC test all: 0.7725650994266473, AUPR test all: 0.5827056073650833, AUROC test unknown: 0.7115299775122019, AUPR test unknown: 0.43124019221379284
pseudo_counter: Counter({0: 12972, -1: 780})
max_probs: 0.4517938494682312， num of >0.5: 0
AUROC test all: 0.773600984798666, AUPR test all: 0.5849088374829136, AUROC test unknown: 0.7127702207210159, AUPR test unknown: 0.43155684995063603
Epoch: 65, Best AUROC test all: 0.773600984798666, AUPR test all: 0.5849088374829136, AUROC test unknown: 0.7127702207210159, AUPR test unknown: 0.43155684995063603
pseudo_counter: Counter({0: 12972, -1: 780})
max_probs: 0.5310307145118713， num of >0.5: 1
AUROC test all: 0.7750619581699097, AUPR test all: 0.5879754664054188, AUROC test unknown: 0.7144807535828119, AUPR test unknown: 0.43358958177035145
Epoch: 66, Best AUROC test all: 0.7750619581699097, AUPR test all: 0.5879754664054188, AUROC test unknown: 0.7144807535828119, AUPR test unknown: 0.43358958177035145
pseudo_counter: Counter({0: 12971, -1: 780, 1: 1})
max_probs: 0.5326333045959473， num of >0.5: 21
AUROC test all: 0.7795767349204997, AUPR test all: 0.5971347801080862, AUROC test unknown: 0.7199594935007346, AUPR test unknown: 0.44425597560954055
Epoch: 67, Best AUROC test all: 0.7795767349204997, AUPR test all: 0.5971347801080862, AUROC test unknown: 0.7199594935007346, AUPR test unknown: 0.44425597560954055
pseudo_counter: Counter({0: 12969, -1: 780, 1: 3})
max_probs: 0.5908147692680359， num of >0.5: 113
AUROC test all: 0.7806434457091019, AUPR test all: 0.6012082791527822, AUROC test unknown: 0.720656975211759, AUPR test unknown: 0.4465818421939847
Epoch: 68, Best AUROC test all: 0.7806434457091019, AUPR test all: 0.6012082791527822, AUROC test unknown: 0.720656975211759, AUPR test unknown: 0.4465818421939847
pseudo_counter: Counter({0: 12963, -1: 780, 1: 9})
max_probs: 0.7160655856132507， num of >0.5: 194
AUROC test all: 0.7842845604295595, AUPR test all: 0.6029908945264274, AUROC test unknown: 0.7249535630076915, AUPR test unknown: 0.4481992281250826
Epoch: 69, Best AUROC test all: 0.7842845604295595, AUPR test all: 0.6029908945264274, AUROC test unknown: 0.7249535630076915, AUPR test unknown: 0.4481992281250826
pseudo_counter: Counter({0: 12954, -1: 780, 1: 18})
max_probs: 0.7054729461669922， num of >0.5: 291
AUROC test all: 0.7846143740385406, AUPR test all: 0.6111451205662383, AUROC test unknown: 0.7247846414222276, AUPR test unknown: 0.45761803570371146
Epoch: 70, Best AUROC test all: 0.7846143740385406, AUPR test all: 0.6111451205662383, AUROC test unknown: 0.7249535630076915, AUPR test unknown: 0.45761803570371146
pseudo_counter: Counter({0: 12942, -1: 780, 1: 30})
max_probs: 0.7857266664505005， num of >0.5: 391
AUROC test all: 0.7865408708326972, AUPR test all: 0.6102385692435427, AUROC test unknown: 0.7272724826557893, AUPR test unknown: 0.45616557487048703
Epoch: 71, Best AUROC test all: 0.7865408708326972, AUPR test all: 0.6111451205662383, AUROC test unknown: 0.7272724826557893, AUPR test unknown: 0.45761803570371146
pseudo_counter: Counter({0: 12929, -1: 780, 1: 43})
max_probs: 0.8048674464225769， num of >0.5: 412
AUROC test all: 0.7875325593462662, AUPR test all: 0.6133963000732816, AUROC test unknown: 0.7282699272459217, AUPR test unknown: 0.45937807314895573
Epoch: 72, Best AUROC test all: 0.7875325593462662, AUPR test all: 0.6133963000732816, AUROC test unknown: 0.7282699272459217, AUPR test unknown: 0.45937807314895573
pseudo_counter: Counter({0: 12917, -1: 780, 1: 55})
max_probs: 0.8898308277130127， num of >0.5: 460
AUROC test all: 0.7845264390331974, AUPR test all: 0.6114903291677742, AUROC test unknown: 0.7246628982901906, AUPR test unknown: 0.45552993808601455
Epoch: 73, Best AUROC test all: 0.7875325593462662, AUPR test all: 0.6133963000732816, AUROC test unknown: 0.7282699272459217, AUPR test unknown: 0.45937807314895573
pseudo_counter: Counter({0: 12901, -1: 780, 1: 71})
max_probs: 0.915008544921875， num of >0.5: 471
AUROC test all: 0.7837864684861491, AUPR test all: 0.6102209994515106, AUROC test unknown: 0.7233648928684356, AUPR test unknown: 0.4540152236268888
Epoch: 74, Best AUROC test all: 0.7875325593462662, AUPR test all: 0.6133963000732816, AUROC test unknown: 0.7282699272459217, AUPR test unknown: 0.45937807314895573
pseudo_counter: Counter({0: 12886, -1: 780, 1: 86})
max_probs: 0.9523034691810608， num of >0.5: 463
AUROC test all: 0.7862950931808307, AUPR test all: 0.6154307374007546, AUROC test unknown: 0.7263420087473278, AUPR test unknown: 0.4588591469741917
Epoch: 75, Best AUROC test all: 0.7875325593462662, AUPR test all: 0.6154307374007546, AUROC test unknown: 0.7282699272459217, AUPR test unknown: 0.45937807314895573
pseudo_counter: Counter({0: 12873, -1: 780, 1: 99})
max_probs: 0.9644920825958252， num of >0.5: 520
AUROC test all: 0.7959698703571051, AUPR test all: 0.6289285940182013, AUROC test unknown: 0.7383791516441063, AUPR test unknown: 0.4758013371416804
Epoch: 76, Best AUROC test all: 0.7959698703571051, AUPR test all: 0.6289285940182013, AUROC test unknown: 0.7383791516441063, AUPR test unknown: 0.4758013371416804
pseudo_counter: Counter({0: 12862, -1: 780, 1: 110})
max_probs: 0.9850910902023315， num of >0.5: 693
AUROC test all: 0.7895197436793218, AUPR test all: 0.6240277858129624, AUROC test unknown: 0.7294969856017818, AUPR test unknown: 0.46803038173401457
Epoch: 77, Best AUROC test all: 0.7959698703571051, AUPR test all: 0.6289285940182013, AUROC test unknown: 0.7383791516441063, AUPR test unknown: 0.4758013371416804
pseudo_counter: Counter({0: 12841, -1: 780, 1: 131})
max_probs: 0.9844549894332886， num of >0.5: 634
AUROC test all: 0.7772745074905762, AUPR test all: 0.6105258933355471, AUROC test unknown: 0.7142385828142707, AUPR test unknown: 0.45002686311204537
Epoch: 78, Best AUROC test all: 0.7959698703571051, AUPR test all: 0.6289285940182013, AUROC test unknown: 0.7383791516441063, AUPR test unknown: 0.4758013371416804
pseudo_counter: Counter({0: 12823, -1: 780, 1: 149})
max_probs: 0.985651969909668， num of >0.5: 499
AUROC test all: 0.7702616793466774, AUPR test all: 0.6030401392512256, AUROC test unknown: 0.7054241049966348, AUPR test unknown: 0.44025585160494407
Epoch: 79, Best AUROC test all: 0.7959698703571051, AUPR test all: 0.6289285940182013, AUROC test unknown: 0.7383791516441063, AUPR test unknown: 0.4758013371416804
pseudo_counter: Counter({0: 12815, -1: 780, 1: 157})
max_probs: 0.9890772104263306， num of >0.5: 476
AUROC test all: 0.776479950268328, AUPR test all: 0.6150099458328847, AUROC test unknown: 0.7127633442670944, AUPR test unknown: 0.45431183769873984
Epoch: 80, Best AUROC test all: 0.7959698703571051, AUPR test all: 0.6289285940182013, AUROC test unknown: 0.7383791516441063, AUPR test unknown: 0.4758013371416804
pseudo_counter: Counter({0: 12809, -1: 780, 1: 163})
max_probs: 0.994926929473877， num of >0.5: 535
AUROC test all: 0.7811705740940262, AUPR test all: 0.6197746861067064, AUROC test unknown: 0.7185549628384471, AUPR test unknown: 0.45959174304843536
Epoch: 81, Best AUROC test all: 0.7959698703571051, AUPR test all: 0.6289285940182013, AUROC test unknown: 0.7383791516441063, AUPR test unknown: 0.4758013371416804
pseudo_counter: Counter({0: 12800, -1: 780, 1: 172})
max_probs: 0.9972493052482605， num of >0.5: 643
AUROC test all: 0.7745427654949095, AUPR test all: 0.613851421685978, AUROC test unknown: 0.7095894123179175, AUPR test unknown: 0.45044795500395823
Epoch: 82, Best AUROC test all: 0.7959698703571051, AUPR test all: 0.6289285940182013, AUROC test unknown: 0.7383791516441063, AUPR test unknown: 0.4758013371416804
pseudo_counter: Counter({0: 12793, -1: 780, 1: 179})
max_probs: 0.9957629442214966， num of >0.5: 605
AUROC test all: 0.775109182524631, AUPR test all: 0.619269600948227, AUROC test unknown: 0.7100004448766712, AUPR test unknown: 0.4574319462522367
Epoch: 83, Best AUROC test all: 0.7959698703571051, AUPR test all: 0.6289285940182013, AUROC test unknown: 0.7383791516441063, AUPR test unknown: 0.4758013371416804
pseudo_counter: Counter({0: 12782, -1: 780, 1: 190})
max_probs: 0.9983915686607361， num of >0.5: 667
AUROC test all: 0.7690541211747126, AUPR test all: 0.6152561763665803, AUROC test unknown: 0.7024556295315831, AUPR test unknown: 0.4524897917268607
Epoch: 84, Best AUROC test all: 0.7959698703571051, AUPR test all: 0.6289285940182013, AUROC test unknown: 0.7383791516441063, AUPR test unknown: 0.4758013371416804
pseudo_counter: Counter({0: 12771, -1: 780, 1: 201})
max_probs: 0.9961463212966919， num of >0.5: 585
AUROC test all: 0.7722139327947203, AUPR test all: 0.618353055090559, AUROC test unknown: 0.7063583161083145, AUPR test unknown: 0.45663746870507405
Epoch: 85, Best AUROC test all: 0.7959698703571051, AUPR test all: 0.6289285940182013, AUROC test unknown: 0.7383791516441063, AUPR test unknown: 0.4758013371416804
pseudo_counter: Counter({0: 12766, -1: 780, 1: 206})
max_probs: 0.9975544810295105， num of >0.5: 615
AUROC test all: 0.7727888130526557, AUPR test all: 0.6180327530760338, AUROC test unknown: 0.7070437789737891, AUPR test unknown: 0.4545902212227052
Epoch: 86, Best AUROC test all: 0.7959698703571051, AUPR test all: 0.6289285940182013, AUROC test unknown: 0.7383791516441063, AUPR test unknown: 0.4758013371416804
pseudo_counter: Counter({0: 12760, -1: 780, 1: 212})
max_probs: 0.9959920048713684， num of >0.5: 614
AUROC test all: 0.7639235012242094, AUPR test all: 0.6122894976576897, AUROC test unknown: 0.6953006194309692, AUPR test unknown: 0.44561163117061797
Epoch: 87, Best AUROC test all: 0.7959698703571051, AUPR test all: 0.6289285940182013, AUROC test unknown: 0.7383791516441063, AUPR test unknown: 0.4758013371416804
pseudo_counter: Counter({0: 12751, -1: 780, 1: 221})
max_probs: 0.9977327585220337， num of >0.5: 571
AUROC test all: 0.7656458713758119, AUPR test all: 0.6130413844374344, AUROC test unknown: 0.6973395777115832, AUPR test unknown: 0.44485635108359645
Epoch: 88, Best AUROC test all: 0.7959698703571051, AUPR test all: 0.6289285940182013, AUROC test unknown: 0.7383791516441063, AUPR test unknown: 0.4758013371416804
pseudo_counter: Counter({0: 12744, -1: 780, 1: 228})
max_probs: 0.998767614364624， num of >0.5: 614
AUROC test all: 0.767530373126989, AUPR test all: 0.6172946906434571, AUROC test unknown: 0.699638376257554, AUPR test unknown: 0.4506006757539302
Epoch: 89, Best AUROC test all: 0.7959698703571051, AUPR test all: 0.6289285940182013, AUROC test unknown: 0.7383791516441063, AUPR test unknown: 0.4758013371416804
pseudo_counter: Counter({0: 12742, -1: 780, 1: 230})
max_probs: 0.9991544485092163， num of >0.5: 701
AUROC test all: 0.7646883339376094, AUPR test all: 0.6148593689141527, AUROC test unknown: 0.6958142307436568, AUPR test unknown: 0.44453196399104017
Epoch: 90, Best AUROC test all: 0.7959698703571051, AUPR test all: 0.6289285940182013, AUROC test unknown: 0.7383791516441063, AUPR test unknown: 0.4758013371416804
pseudo_counter: Counter({0: 12729, -1: 780, 1: 243})
max_probs: 0.9967027306556702， num of >0.5: 651
AUROC test all: 0.7464718888714375, AUPR test all: 0.5924506282458136, AUROC test unknown: 0.6732041512733757, AUPR test unknown: 0.416340113818814
Epoch: 91, Best AUROC test all: 0.7959698703571051, AUPR test all: 0.6289285940182013, AUROC test unknown: 0.7383791516441063, AUPR test unknown: 0.4758013371416804
pseudo_counter: Counter({0: 12723, -1: 780, 1: 249})
max_probs: 0.988437831401825， num of >0.5: 432
AUROC test all: 0.7437265460781263, AUPR test all: 0.591066596955026, AUROC test unknown: 0.6696953659158457, AUPR test unknown: 0.41513229848263
Epoch: 92, Best AUROC test all: 0.7959698703571051, AUPR test all: 0.6289285940182013, AUROC test unknown: 0.7383791516441063, AUPR test unknown: 0.4758013371416804
pseudo_counter: Counter({0: 12720, -1: 780, 1: 252})
max_probs: 0.9961419701576233， num of >0.5: 471
AUROC test all: 0.7540256526181054, AUPR test all: 0.6027606666486476, AUROC test unknown: 0.6822201689861643, AUPR test unknown: 0.4270809657696817
Epoch: 93, Best AUROC test all: 0.7959698703571051, AUPR test all: 0.6289285940182013, AUROC test unknown: 0.7383791516441063, AUPR test unknown: 0.4758013371416804
pseudo_counter: Counter({0: 12713, -1: 780, 1: 259})
max_probs: 0.9966365098953247， num of >0.5: 610
AUROC test all: 0.7625941551340465, AUPR test all: 0.611516218225679, AUROC test unknown: 0.6930262472452329, AUPR test unknown: 0.4380785681661158
Epoch: 94, Best AUROC test all: 0.7959698703571051, AUPR test all: 0.6289285940182013, AUROC test unknown: 0.7383791516441063, AUPR test unknown: 0.4758013371416804
pseudo_counter: Counter({0: 12708, -1: 780, 1: 264})
max_probs: 0.9983001351356506， num of >0.5: 771
AUROC test all: 0.7551441748769919, AUPR test all: 0.6061706306788561, AUROC test unknown: 0.6835966556755022, AUPR test unknown: 0.43153494250694413
Epoch: 95, Best AUROC test all: 0.7959698703571051, AUPR test all: 0.6289285940182013, AUROC test unknown: 0.7383791516441063, AUPR test unknown: 0.4758013371416804
pseudo_counter: Counter({0: 12699, -1: 780, 1: 273})
max_probs: 0.998491644859314， num of >0.5: 678
AUROC test all: 0.7419972264464461, AUPR test all: 0.58940745931455, AUROC test unknown: 0.6669699880457334, AUPR test unknown: 0.4090236924157322
Epoch: 96, Best AUROC test all: 0.7959698703571051, AUPR test all: 0.6289285940182013, AUROC test unknown: 0.7383791516441063, AUPR test unknown: 0.4758013371416804
pseudo_counter: Counter({0: 12694, -1: 780, 1: 278})
max_probs: 0.9992799162864685， num of >0.5: 505
AUROC test all: 0.7392178931268127, AUPR test all: 0.5805904047988386, AUROC test unknown: 0.6637837980700007, AUPR test unknown: 0.39693568578775174
Epoch: 97, Best AUROC test all: 0.7959698703571051, AUPR test all: 0.6289285940182013, AUROC test unknown: 0.7383791516441063, AUPR test unknown: 0.4758013371416804
pseudo_counter: Counter({0: 12691, -1: 780, 1: 281})
max_probs: 0.99442458152771， num of >0.5: 457
AUROC test all: 0.7433755170596663, AUPR test all: 0.5897950984889674, AUROC test unknown: 0.6685631727264769, AUPR test unknown: 0.40755589401334
Epoch: 98, Best AUROC test all: 0.7959698703571051, AUPR test all: 0.6289285940182013, AUROC test unknown: 0.7383791516441063, AUPR test unknown: 0.4758013371416804
pseudo_counter: Counter({0: 12687, -1: 780, 1: 285})
max_probs: 0.9956197142601013， num of >0.5: 533
AUROC test all: 0.7479688252286952, AUPR test all: 0.5956793977143098, AUROC test unknown: 0.6741932544259249, AUPR test unknown: 0.4148811806412021
Epoch: 99, Best AUROC test all: 0.7959698703571051, AUPR test all: 0.6289285940182013, AUROC test unknown: 0.7383791516441063, AUPR test unknown: 0.4758013371416804
pseudo_counter: Counter({0: 12682, -1: 780, 1: 290})
max_probs: 0.9921427965164185， num of >0.5: 647
AUROC test all: 0.7522843606148055, AUPR test all: 0.6027907810675085, AUROC test unknown: 0.6794314679447224, AUPR test unknown: 0.4245965036400726
Epoch: 100, Best AUROC test all: 0.7959698703571051, AUPR test all: 0.6289285940182013, AUROC test unknown: 0.7383791516441063, AUPR test unknown: 0.4758013371416804
pseudo_counter: Counter({0: 12676, -1: 780, 1: 296})
max_probs: 0.9972146153450012， num of >0.5: 716
AUROC test all: 0.7467874136154398, AUPR test all: 0.5950875143380512, AUROC test unknown: 0.6725820115792308, AUPR test unknown: 0.41405555210083395
Epoch: 101, Best AUROC test all: 0.7959698703571051, AUPR test all: 0.6289285940182013, AUROC test unknown: 0.7383791516441063, AUPR test unknown: 0.4758013371416804
pseudo_counter: Counter({0: 12675, -1: 780, 1: 297})
max_probs: 0.9958751797676086， num of >0.5: 625
AUROC test all: 0.7414702127394106, AUPR test all: 0.5879442886013426, AUROC test unknown: 0.6658723266141011, AUPR test unknown: 0.40404741236850333
Epoch: 102, Best AUROC test all: 0.7959698703571051, AUPR test all: 0.6289285940182013, AUROC test unknown: 0.7383791516441063, AUPR test unknown: 0.4758013371416804
pseudo_counter: Counter({0: 12672, -1: 780, 1: 300})
max_probs: 0.9890276193618774， num of >0.5: 533
AUROC test all: 0.7365757145625139, AUPR test all: 0.5802559381611367, AUROC test unknown: 0.6599286786158308, AUPR test unknown: 0.3933327641962218
Epoch: 103, Best AUROC test all: 0.7959698703571051, AUPR test all: 0.6289285940182013, AUROC test unknown: 0.7383791516441063, AUPR test unknown: 0.4758013371416804
pseudo_counter: Counter({0: 12668, -1: 780, 1: 304})
max_probs: 0.9915322661399841， num of >0.5: 457
AUROC test all: 0.736855413933969, AUPR test all: 0.5788312662756594, AUROC test unknown: 0.6601335072498155, AUPR test unknown: 0.390557562339083
Epoch: 104, Best AUROC test all: 0.7959698703571051, AUPR test all: 0.6289285940182013, AUROC test unknown: 0.7383791516441063, AUPR test unknown: 0.4758013371416804
pseudo_counter: Counter({0: 12665, -1: 780, 1: 307})
max_probs: 0.9885757565498352， num of >0.5: 488
AUROC test all: 0.7440521624763672, AUPR test all: 0.5907718611389335, AUROC test unknown: 0.6692381415253147, AUPR test unknown: 0.40689093841195556
Epoch: 105, Best AUROC test all: 0.7959698703571051, AUPR test all: 0.6289285940182013, AUROC test unknown: 0.7383791516441063, AUPR test unknown: 0.4758013371416804
pseudo_counter: Counter({0: 12663, -1: 780, 1: 309})
max_probs: 0.9968100190162659， num of >0.5: 569
AUROC test all: 0.7485167103115422, AUPR test all: 0.5957972103579264, AUROC test unknown: 0.6748080094065105, AUPR test unknown: 0.4113493711589453
Epoch: 106, Best AUROC test all: 0.7959698703571051, AUPR test all: 0.6289285940182013, AUROC test unknown: 0.7383791516441063, AUPR test unknown: 0.4758013371416804
pseudo_counter: Counter({0: 12661, -1: 780, 1: 311})
max_probs: 0.9963117241859436， num of >0.5: 692
AUROC test all: 0.7489965684705896, AUPR test all: 0.5966163274090597, AUROC test unknown: 0.675091438898581, AUPR test unknown: 0.41240329179316837
Epoch: 107, Best AUROC test all: 0.7959698703571051, AUPR test all: 0.6289285940182013, AUROC test unknown: 0.7383791516441063, AUPR test unknown: 0.4758013371416804
pseudo_counter: Counter({0: 12654, -1: 780, 1: 318})
max_probs: 0.9977155923843384， num of >0.5: 694
AUROC test all: 0.742904810196167, AUPR test all: 0.5914738098529534, AUROC test unknown: 0.6674184823295464, AUPR test unknown: 0.40384863102595214
Epoch: 108, Best AUROC test all: 0.7959698703571051, AUPR test all: 0.6289285940182013, AUROC test unknown: 0.7383791516441063, AUPR test unknown: 0.4758013371416804
pseudo_counter: Counter({0: 12650, -1: 780, 1: 322})
max_probs: 0.997681736946106， num of >0.5: 633
AUROC test all: 0.7400599040595606, AUPR test all: 0.5847502868112998, AUROC test unknown: 0.6641206247216531, AUPR test unknown: 0.39624867532323943
Epoch: 109, Best AUROC test all: 0.7959698703571051, AUPR test all: 0.6289285940182013, AUROC test unknown: 0.7383791516441063, AUPR test unknown: 0.4758013371416804
pseudo_counter: Counter({0: 12645, -1: 780, 1: 327})
max_probs: 0.9994781613349915， num of >0.5: 530
AUROC test all: 0.736026361602687, AUPR test all: 0.5792901133059117, AUROC test unknown: 0.658946720995835, AUPR test unknown: 0.38916800237812654
Epoch: 110, Best AUROC test all: 0.7959698703571051, AUPR test all: 0.6289285940182013, AUROC test unknown: 0.7383791516441063, AUPR test unknown: 0.4758013371416804
pseudo_counter: Counter({0: 12644, -1: 780, 1: 328})
max_probs: 0.9985232949256897， num of >0.5: 525
AUROC test all: 0.7432143716899374, AUPR test all: 0.5874541714782194, AUROC test unknown: 0.667874929381808, AUPR test unknown: 0.39907842966991247
Epoch: 111, Best AUROC test all: 0.7959698703571051, AUPR test all: 0.6289285940182013, AUROC test unknown: 0.7383791516441063, AUPR test unknown: 0.4758013371416804
pseudo_counter: Counter({0: 12642, -1: 780, 1: 330})
max_probs: 0.9974161386489868， num of >0.5: 540
AUROC test all: 0.7503754554088331, AUPR test all: 0.597841903110412, AUROC test unknown: 0.6772089681396549, AUPR test unknown: 0.4132168597006206
Epoch: 112, Best AUROC test all: 0.7959698703571051, AUPR test all: 0.6289285940182013, AUROC test unknown: 0.7383791516441063, AUPR test unknown: 0.4758013371416804
pseudo_counter: Counter({0: 12639, -1: 780, 1: 333})
max_probs: 0.9990096092224121， num of >0.5: 649
AUROC test all: 0.7544995475269209, AUPR test all: 0.6011038464796309, AUROC test unknown: 0.6821896136126521, AUPR test unknown: 0.41713190123674126
Epoch: 113, Best AUROC test all: 0.7959698703571051, AUPR test all: 0.6289285940182013, AUROC test unknown: 0.7383791516441063, AUPR test unknown: 0.4758013371416804
pseudo_counter: Counter({0: 12637, -1: 780, 1: 335})
max_probs: 0.9994912147521973， num of >0.5: 710
AUROC test all: 0.751449895487159, AUPR test all: 0.5957075005454242, AUROC test unknown: 0.6784253231454982, AUPR test unknown: 0.4093708445287111
Epoch: 114, Best AUROC test all: 0.7959698703571051, AUPR test all: 0.6289285940182013, AUROC test unknown: 0.7383791516441063, AUPR test unknown: 0.4758013371416804
pseudo_counter: Counter({0: 12632, -1: 780, 1: 340})
max_probs: 0.998900294303894， num of >0.5: 664
AUROC test all: 0.7418101638737861, AUPR test all: 0.5826302236910221, AUROC test unknown: 0.6659715867315772, AUPR test unknown: 0.3903022967922424
Epoch: 115, Best AUROC test all: 0.7959698703571051, AUPR test all: 0.6289285940182013, AUROC test unknown: 0.7383791516441063, AUPR test unknown: 0.4758013371416804
pseudo_counter: Counter({0: 12630, -1: 780, 1: 342})
max_probs: 0.9973994493484497， num of >0.5: 517
AUROC test all: 0.7410411568852238, AUPR test all: 0.5819339431948469, AUROC test unknown: 0.6652653749138351, AUPR test unknown: 0.3917770191720891
Epoch: 116, Best AUROC test all: 0.7959698703571051, AUPR test all: 0.6289285940182013, AUROC test unknown: 0.7383791516441063, AUPR test unknown: 0.4758013371416804
pseudo_counter: Counter({0: 12630, -1: 780, 1: 342})
max_probs: 0.9985761642456055， num of >0.5: 514
AUROC test all: 0.7430409557860775, AUPR test all: 0.5820122260032203, AUROC test unknown: 0.6678148052564332, AUPR test unknown: 0.390961034249507
Epoch: 117, Best AUROC test all: 0.7959698703571051, AUPR test all: 0.6289285940182013, AUROC test unknown: 0.7383791516441063, AUPR test unknown: 0.4758013371416804
pseudo_counter: Counter({0: 12629, -1: 780, 1: 343})
max_probs: 0.9972088932991028， num of >0.5: 493
AUROC test all: 0.7485728795416113, AUPR test all: 0.5884772662108018, AUROC test unknown: 0.6746660853770952, AUPR test unknown: 0.3989048617282691
Epoch: 118, Best AUROC test all: 0.7959698703571051, AUPR test all: 0.6289285940182013, AUROC test unknown: 0.7383791516441063, AUPR test unknown: 0.4758013371416804
pseudo_counter: Counter({0: 12627, -1: 780, 1: 345})
max_probs: 0.9991610050201416， num of >0.5: 570
AUROC test all: 0.7527877277411135, AUPR test all: 0.5953555032593214, AUROC test unknown: 0.6798668072732075, AUPR test unknown: 0.40851699026503996
Epoch: 119, Best AUROC test all: 0.7959698703571051, AUPR test all: 0.6289285940182013, AUROC test unknown: 0.7383791516441063, AUPR test unknown: 0.4758013371416804
pseudo_counter: Counter({0: 12627, -1: 780, 1: 345})
max_probs: 0.9984655380249023， num of >0.5: 672
AUROC test all: 0.7469834210634475, AUPR test all: 0.5888524088515966, AUROC test unknown: 0.6725907416859486, AUPR test unknown: 0.4011349725228458
Epoch: 120, Best AUROC test all: 0.7959698703571051, AUPR test all: 0.6289285940182013, AUROC test unknown: 0.7383791516441063, AUPR test unknown: 0.4758013371416804
pseudo_counter: Counter({0: 12623, -1: 780, 1: 349})
max_probs: 0.9988247752189636， num of >0.5: 619
AUROC test all: 0.7418607597584461, AUPR test all: 0.5792123216159393, AUROC test unknown: 0.6661478631329746, AUPR test unknown: 0.38660860437220945
Epoch: 121, Best AUROC test all: 0.7959698703571051, AUPR test all: 0.6289285940182013, AUROC test unknown: 0.7383791516441063, AUPR test unknown: 0.4758013371416804
pseudo_counter: Counter({0: 12623, -1: 780, 1: 349})
max_probs: 0.9970881342887878， num of >0.5: 501
AUROC test all: 0.7361540668999611, AUPR test all: 0.5702768818764509, AUROC test unknown: 0.6591434473732425, AUPR test unknown: 0.3765220945193222
Epoch: 122, Best AUROC test all: 0.7959698703571051, AUPR test all: 0.6289285940182013, AUROC test unknown: 0.7383791516441063, AUPR test unknown: 0.4758013371416804
pseudo_counter: Counter({0: 12623, -1: 780, 1: 349})
max_probs: 0.997718334197998， num of >0.5: 406
AUROC test all: 0.7362407175129466, AUPR test all: 0.5685811829687778, AUROC test unknown: 0.6593274373620822, AUPR test unknown: 0.3739141362192351
Epoch: 123, Best AUROC test all: 0.7959698703571051, AUPR test all: 0.6289285940182013, AUROC test unknown: 0.7383791516441063, AUPR test unknown: 0.4758013371416804
pseudo_counter: Counter({0: 12623, -1: 780, 1: 349})
max_probs: 0.9989609718322754， num of >0.5: 404
AUROC test all: 0.7466025757938279, AUPR test all: 0.5825527081597264, AUROC test unknown: 0.6726599247919245, AUPR test unknown: 0.39102189012094596
Epoch: 124, Best AUROC test all: 0.7959698703571051, AUPR test all: 0.6289285940182013, AUROC test unknown: 0.7383791516441063, AUPR test unknown: 0.4758013371416804
pseudo_counter: Counter({0: 12623, -1: 780, 1: 349})
max_probs: 0.9984443783760071， num of >0.5: 500
AUROC test all: 0.7573203483712437, AUPR test all: 0.5963365482822948, AUROC test unknown: 0.6859988103136763, AUPR test unknown: 0.4089167893042157
Epoch: 125, Best AUROC test all: 0.7959698703571051, AUPR test all: 0.6289285940182013, AUROC test unknown: 0.7383791516441063, AUPR test unknown: 0.4758013371416804
pseudo_counter: Counter({0: 12622, -1: 780, 1: 350})
max_probs: 0.9996281862258911， num of >0.5: 687
AUROC test all: 0.7612882721399885, AUPR test all: 0.6037282825712369, AUROC test unknown: 0.691426036622439, AUPR test unknown: 0.42042639002661014
Epoch: 126, Best AUROC test all: 0.7959698703571051, AUPR test all: 0.6289285940182013, AUROC test unknown: 0.7383791516441063, AUPR test unknown: 0.4758013371416804
pseudo_counter: Counter({0: 12619, -1: 780, 1: 353})
max_probs: 0.9995833039283752， num of >0.5: 762
AUROC test all: 0.758272197786148, AUPR test all: 0.5983029643911937, AUROC test unknown: 0.6873700051232572, AUPR test unknown: 0.41146713143535285
Epoch: 127, Best AUROC test all: 0.7959698703571051, AUPR test all: 0.6289285940182013, AUROC test unknown: 0.7383791516441063, AUPR test unknown: 0.4758013371416804
pseudo_counter: Counter({0: 12616, -1: 780, 1: 356})
max_probs: 0.9994627833366394， num of >0.5: 694
AUROC test all: 0.7514127169155207, AUPR test all: 0.5889531654504996, AUROC test unknown: 0.678342656210311, AUPR test unknown: 0.40047651914087834
Epoch: 128, Best AUROC test all: 0.7959698703571051, AUPR test all: 0.6289285940182013, AUROC test unknown: 0.7383791516441063, AUPR test unknown: 0.4758013371416804
pseudo_counter: Counter({0: 12614, -1: 780, 1: 358})
max_probs: 0.998176097869873， num of >0.5: 595
AUROC test all: 0.7464087242901346, AUPR test all: 0.5819538890711848, AUROC test unknown: 0.6720383830502945, AUPR test unknown: 0.39136446786359924
Epoch: 129, Best AUROC test all: 0.7959698703571051, AUPR test all: 0.6289285940182013, AUROC test unknown: 0.7383791516441063, AUPR test unknown: 0.4758013371416804
pseudo_counter: Counter({0: 12612, -1: 780, 1: 360})
max_probs: 0.9991652965545654， num of >0.5: 523
AUROC test all: 0.7468564267690854, AUPR test all: 0.5819131954071917, AUROC test unknown: 0.6728410745063185, AUPR test unknown: 0.3896923238030948
Epoch: 130, Best AUROC test all: 0.7959698703571051, AUPR test all: 0.6289285940182013, AUROC test unknown: 0.7383791516441063, AUPR test unknown: 0.4758013371416804
pseudo_counter: Counter({0: 12610, -1: 780, 1: 362})
max_probs: 0.9995214939117432， num of >0.5: 514
AUROC test all: 0.7522825028330026, AUPR test all: 0.5859334597426642, AUROC test unknown: 0.6797395031827816, AUPR test unknown: 0.3952941600581137
Epoch: 131, Best AUROC test all: 0.7959698703571051, AUPR test all: 0.6289285940182013, AUROC test unknown: 0.7383791516441063, AUPR test unknown: 0.4758013371416804
pseudo_counter: Counter({0: 12610, -1: 780, 1: 362})
max_probs: 0.999797523021698， num of >0.5: 557
AUROC test all: 0.7544822082300926, AUPR test all: 0.5885860315493404, AUROC test unknown: 0.6824147427345182, AUPR test unknown: 0.39707653158399636
Epoch: 132, Best AUROC test all: 0.7959698703571051, AUPR test all: 0.6289285940182013, AUROC test unknown: 0.7383791516441063, AUPR test unknown: 0.4758013371416804
pseudo_counter: Counter({0: 12609, -1: 780, 1: 363})
max_probs: 0.99907386302948， num of >0.5: 612
AUROC test all: 0.7577482574465398, AUPR test all: 0.5932585766076877, AUROC test unknown: 0.6866965910009581, AUPR test unknown: 0.40485024505599276
Epoch: 133, Best AUROC test all: 0.7959698703571051, AUPR test all: 0.6289285940182013, AUROC test unknown: 0.7383791516441063, AUPR test unknown: 0.4758013371416804
pseudo_counter: Counter({0: 12608, -1: 780, 1: 364})
max_probs: 0.9992308616638184， num of >0.5: 644
AUROC test all: 0.7516701229053395, AUPR test all: 0.5860085284727374, AUROC test unknown: 0.6786889604093249, AUPR test unknown: 0.39461383630038904
Epoch: 134, Best AUROC test all: 0.7959698703571051, AUPR test all: 0.6289285940182013, AUROC test unknown: 0.7383791516441063, AUPR test unknown: 0.4758013371416804
pseudo_counter: Counter({0: 12608, -1: 780, 1: 364})
max_probs: 0.9980419874191284， num of >0.5: 616
AUROC test all: 0.7482847169419425, AUPR test all: 0.5790346004346645, AUROC test unknown: 0.6747777829068815, AUPR test unknown: 0.3841143228847875
Epoch: 135, Best AUROC test all: 0.7959698703571051, AUPR test all: 0.6289285940182013, AUROC test unknown: 0.7383791516441063, AUPR test unknown: 0.4758013371416804
pseudo_counter: Counter({0: 12608, -1: 780, 1: 364})
max_probs: 0.9997738003730774， num of >0.5: 557
AUROC test all: 0.7437861327092898, AUPR test all: 0.5732613153633227, AUROC test unknown: 0.668922631880819, AUPR test unknown: 0.37847595063605455
Epoch: 136, Best AUROC test all: 0.7959698703571051, AUPR test all: 0.6289285940182013, AUROC test unknown: 0.7383791516441063, AUPR test unknown: 0.4758013371416804
pseudo_counter: Counter({0: 12607, -1: 780, 1: 365})
max_probs: 0.9987494945526123， num of >0.5: 478
AUROC test all: 0.7437029683041324, AUPR test all: 0.5745363909943094, AUROC test unknown: 0.6688625974483214, AUPR test unknown: 0.3803638723513798
Epoch: 137, Best AUROC test all: 0.7959698703571051, AUPR test all: 0.6289285940182013, AUROC test unknown: 0.7383791516441063, AUPR test unknown: 0.4758013371416804
pseudo_counter: Counter({0: 12607, -1: 780, 1: 365})
max_probs: 0.9991127848625183， num of >0.5: 473
AUROC test all: 0.7467969089446551, AUPR test all: 0.5752933793168039, AUROC test unknown: 0.6726980143671246, AUPR test unknown: 0.3783667432339648
Epoch: 138, Best AUROC test all: 0.7959698703571051, AUPR test all: 0.6289285940182013, AUROC test unknown: 0.7383791516441063, AUPR test unknown: 0.4758013371416804
pseudo_counter: Counter({0: 12607, -1: 780, 1: 365})
max_probs: 0.9991890788078308， num of >0.5: 530
AUROC test all: 0.7474722929045762, AUPR test all: 0.5801550630664256, AUROC test unknown: 0.6734518830003057, AUPR test unknown: 0.3867332232101938
Epoch: 139, Best AUROC test all: 0.7959698703571051, AUPR test all: 0.6289285940182013, AUROC test unknown: 0.7383791516441063, AUPR test unknown: 0.4758013371416804
pseudo_counter: Counter({0: 12607, -1: 780, 1: 365})
max_probs: 0.9994319081306458， num of >0.5: 593
AUROC test all: 0.7492973456380567, AUPR test all: 0.5787977857248783, AUROC test unknown: 0.6759789200212202, AUPR test unknown: 0.38447532470314993
Epoch: 140, Best AUROC test all: 0.7959698703571051, AUPR test all: 0.6289285940182013, AUROC test unknown: 0.7383791516441063, AUPR test unknown: 0.4758013371416804
pseudo_counter: Counter({0: 12605, -1: 780, 1: 367})
max_probs: 0.9998288154602051， num of >0.5: 575
AUROC test all: 0.7515222342995879, AUPR test all: 0.5805769833641597, AUROC test unknown: 0.6789492491390681, AUPR test unknown: 0.38451019467964886
Epoch: 141, Best AUROC test all: 0.7959698703571051, AUPR test all: 0.6289285940182013, AUROC test unknown: 0.7383791516441063, AUPR test unknown: 0.4758013371416804
pseudo_counter: Counter({0: 12604, -1: 780, 1: 368})
max_probs: 0.9998482465744019， num of >0.5: 572
AUROC test all: 0.7506144900008219, AUPR test all: 0.5823341880019715, AUROC test unknown: 0.6778322738412039, AUPR test unknown: 0.39077919081734624
Epoch: 142, Best AUROC test all: 0.7959698703571051, AUPR test all: 0.6289285940182013, AUROC test unknown: 0.7383791516441063, AUPR test unknown: 0.4758013371416804
pseudo_counter: Counter({0: 12604, -1: 780, 1: 368})
max_probs: 0.9992191791534424， num of >0.5: 549
AUROC test all: 0.7584919435571943, AUPR test all: 0.5885790470647267, AUROC test unknown: 0.6881156818069837, AUPR test unknown: 0.39691215566369986
Epoch: 143, Best AUROC test all: 0.7959698703571051, AUPR test all: 0.6289285940182013, AUROC test unknown: 0.7383791516441063, AUPR test unknown: 0.4758013371416804
pseudo_counter: Counter({0: 12604, -1: 780, 1: 368})
max_probs: 0.9994200468063354， num of >0.5: 561
AUROC test all: 0.754783329431227, AUPR test all: 0.5832363647805294, AUROC test unknown: 0.6830668996449119, AUPR test unknown: 0.3907671568990756
Epoch: 144, Best AUROC test all: 0.7959698703571051, AUPR test all: 0.6289285940182013, AUROC test unknown: 0.7383791516441063, AUPR test unknown: 0.4758013371416804
pseudo_counter: Counter({0: 12604, -1: 780, 1: 368})
max_probs: 0.9993957281112671， num of >0.5: 556
AUROC test all: 0.7538482459237057, AUPR test all: 0.5812154594314546, AUROC test unknown: 0.682231739367328, AUPR test unknown: 0.38853008311618187
Epoch: 145, Best AUROC test all: 0.7959698703571051, AUPR test all: 0.6289285940182013, AUROC test unknown: 0.7383791516441063, AUPR test unknown: 0.4758013371416804
pseudo_counter: Counter({0: 12604, -1: 780, 1: 368})
max_probs: 0.9994431138038635， num of >0.5: 510
AUROC test all: 0.7541501698700634, AUPR test all: 0.5814155938581584, AUROC test unknown: 0.6824373752372078, AUPR test unknown: 0.38739633853589894
Epoch: 146, Best AUROC test all: 0.7959698703571051, AUPR test all: 0.6289285940182013, AUROC test unknown: 0.7383791516441063, AUPR test unknown: 0.4758013371416804
pseudo_counter: Counter({0: 12604, -1: 780, 1: 368})
max_probs: 0.9998440742492676， num of >0.5: 529
AUROC test all: 0.7556117625019082, AUPR test all: 0.5830485490253591, AUROC test unknown: 0.6842474372951116, AUPR test unknown: 0.3891854117066505
Epoch: 147, Best AUROC test all: 0.7959698703571051, AUPR test all: 0.6289285940182013, AUROC test unknown: 0.7383791516441063, AUPR test unknown: 0.4758013371416804
pseudo_counter: Counter({0: 12604, -1: 780, 1: 368})
max_probs: 0.999617338180542， num of >0.5: 521
AUROC test all: 0.7565120756734619, AUPR test all: 0.5846184447014899, AUROC test unknown: 0.685726891407518, AUPR test unknown: 0.3929900106429459
Epoch: 148, Best AUROC test all: 0.7959698703571051, AUPR test all: 0.6289285940182013, AUROC test unknown: 0.7383791516441063, AUPR test unknown: 0.4758013371416804
pseudo_counter: Counter({0: 12604, -1: 780, 1: 368})
max_probs: 0.9996080994606018， num of >0.5: 565
AUROC test all: 0.7579924984146929, AUPR test all: 0.5859408801203907, AUROC test unknown: 0.6876554377562526, AUPR test unknown: 0.3952047046557337
Epoch: 149, Best AUROC test all: 0.7959698703571051, AUPR test all: 0.6289285940182013, AUROC test unknown: 0.7383791516441063, AUPR test unknown: 0.4758013371416804
pseudo_counter: Counter({0: 12604, -1: 780, 1: 368})
max_probs: 0.9999687671661377， num of >0.5: 565
AUROC test all: 0.75932578942424, AUPR test all: 0.590790903939438, AUROC test unknown: 0.6890868164864598, AUPR test unknown: 0.40030933061425755
Epoch: 150, Best AUROC test all: 0.7959698703571051, AUPR test all: 0.6289285940182013, AUROC test unknown: 0.7383791516441063, AUPR test unknown: 0.4758013371416804
pseudo_counter: Counter({0: 12603, -1: 780, 1: 369})
max_probs: 0.9997894167900085， num of >0.5: 610
AUROC test all: 0.7598873899826204, AUPR test all: 0.5910247090829096, AUROC test unknown: 0.6896983425234648, AUPR test unknown: 0.4001195490276335
Epoch: 151, Best AUROC test all: 0.7959698703571051, AUPR test all: 0.6289285940182013, AUROC test unknown: 0.7383791516441063, AUPR test unknown: 0.4758013371416804
pseudo_counter: Counter({0: 12602, -1: 780, 1: 370})
max_probs: 0.9998844861984253， num of >0.5: 603
AUROC test all: 0.7599503481437226, AUPR test all: 0.5888304562695374, AUROC test unknown: 0.6900519417431608, AUPR test unknown: 0.39779005299751874
Epoch: 152, Best AUROC test all: 0.7959698703571051, AUPR test all: 0.6289285940182013, AUROC test unknown: 0.7383791516441063, AUPR test unknown: 0.4758013371416804
pseudo_counter: Counter({0: 12602, -1: 780, 1: 370})
max_probs: 0.9998817443847656， num of >0.5: 578
AUROC test all: 0.7581905930002819, AUPR test all: 0.5890424525850531, AUROC test unknown: 0.6876119367107925, AUPR test unknown: 0.3989533645294482
Epoch: 153, Best AUROC test all: 0.7959698703571051, AUPR test all: 0.6289285940182013, AUROC test unknown: 0.7383791516441063, AUPR test unknown: 0.4758013371416804
pseudo_counter: Counter({0: 12601, -1: 780, 1: 371})
max_probs: 0.9998199343681335， num of >0.5: 573
AUROC test all: 0.7608049048375354, AUPR test all: 0.5904830046313649, AUROC test unknown: 0.6910158112995805, AUPR test unknown: 0.4009298240606691
Epoch: 154, Best AUROC test all: 0.7959698703571051, AUPR test all: 0.6289285940182013, AUROC test unknown: 0.7383791516441063, AUPR test unknown: 0.4758013371416804
pseudo_counter: Counter({0: 12601, -1: 780, 1: 371})
max_probs: 0.9997166991233826， num of >0.5: 595
AUROC test all: 0.7674429656399356, AUPR test all: 0.5978515953721931, AUROC test unknown: 0.6992425017950535, AUPR test unknown: 0.4092529835291083
Epoch: 155, Best AUROC test all: 0.7959698703571051, AUPR test all: 0.6289285940182013, AUROC test unknown: 0.7383791516441063, AUPR test unknown: 0.4758013371416804
pseudo_counter: Counter({0: 12599, -1: 780, 1: 373})
max_probs: 0.9997946619987488， num of >0.5: 638
AUROC test all: 0.7650879405098817, AUPR test all: 0.595731064941872, AUROC test unknown: 0.6965808955606569, AUPR test unknown: 0.407833851354562
Epoch: 156, Best AUROC test all: 0.7959698703571051, AUPR test all: 0.6289285940182013, AUROC test unknown: 0.7383791516441063, AUPR test unknown: 0.4758013371416804
pseudo_counter: Counter({0: 12598, -1: 780, 1: 374})
max_probs: 0.9999017715454102， num of >0.5: 640
AUROC test all: 0.762845896036145, AUPR test all: 0.5912593714478453, AUROC test unknown: 0.693779009666261, AUPR test unknown: 0.4018180040752778
Epoch: 157, Best AUROC test all: 0.7959698703571051, AUPR test all: 0.6289285940182013, AUROC test unknown: 0.7383791516441063, AUPR test unknown: 0.4758013371416804
pseudo_counter: Counter({0: 12597, -1: 780, 1: 375})
max_probs: 0.9998480081558228， num of >0.5: 582
AUROC test all: 0.7609329312328993, AUPR test all: 0.5872353181052388, AUROC test unknown: 0.6913923419982233, AUPR test unknown: 0.39599916028662435
Epoch: 158, Best AUROC test all: 0.7959698703571051, AUPR test all: 0.6289285940182013, AUROC test unknown: 0.7383791516441063, AUPR test unknown: 0.4758013371416804
pseudo_counter: Counter({0: 12597, -1: 780, 1: 375})
max_probs: 0.9997623562812805， num of >0.5: 538
AUROC test all: 0.7554468556974178, AUPR test all: 0.5802638708333921, AUROC test unknown: 0.6845007897756816, AUPR test unknown: 0.3866483892919248
Epoch: 159, Best AUROC test all: 0.7959698703571051, AUPR test all: 0.6289285940182013, AUROC test unknown: 0.7383791516441063, AUPR test unknown: 0.4758013371416804
pseudo_counter: Counter({0: 12597, -1: 780, 1: 375})
max_probs: 0.9994199275970459， num of >0.5: 472
AUROC test all: 0.7547779854415961, AUPR test all: 0.5776148441956405, AUROC test unknown: 0.6835601207768407, AUPR test unknown: 0.38236361991198103
Epoch: 160, Best AUROC test all: 0.7959698703571051, AUPR test all: 0.6289285940182013, AUROC test unknown: 0.7383791516441063, AUPR test unknown: 0.4758013371416804
pseudo_counter: Counter({0: 12596, -1: 780, 1: 376})
max_probs: 0.9994756579399109， num of >0.5: 428
AUROC test all: 0.7581004332438908, AUPR test all: 0.5814353870380646, AUROC test unknown: 0.6876651843822458, AUPR test unknown: 0.38678484869822904
Epoch: 161, Best AUROC test all: 0.7959698703571051, AUPR test all: 0.6289285940182013, AUROC test unknown: 0.7383791516441063, AUPR test unknown: 0.4758013371416804
pseudo_counter: Counter({0: 12596, -1: 780, 1: 376})
max_probs: 0.9998582601547241， num of >0.5: 479
AUROC test all: 0.7609594447608534, AUPR test all: 0.5876737871105877, AUROC test unknown: 0.6914728862019827, AUPR test unknown: 0.3938468032313682
Epoch: 162, Best AUROC test all: 0.7959698703571051, AUPR test all: 0.6289285940182013, AUROC test unknown: 0.7383791516441063, AUPR test unknown: 0.4758013371416804
pseudo_counter: Counter({0: 12596, -1: 780, 1: 376})
max_probs: 0.9998561143875122， num of >0.5: 552
AUROC test all: 0.7711181396934486, AUPR test all: 0.5986579934292267, AUROC test unknown: 0.7047483588595276, AUPR test unknown: 0.4109091455002918
Epoch: 163, Best AUROC test all: 0.7959698703571051, AUPR test all: 0.6289285940182013, AUROC test unknown: 0.7383791516441063, AUPR test unknown: 0.4758013371416804
pseudo_counter: Counter({0: 12596, -1: 780, 1: 376})
max_probs: 0.999718964099884， num of >0.5: 629
AUROC test all: 0.7746697827248494, AUPR test all: 0.6019508294638415, AUROC test unknown: 0.7090766680363766, AUPR test unknown: 0.41289130356608433
Epoch: 164, Best AUROC test all: 0.7959698703571051, AUPR test all: 0.6289285940182013, AUROC test unknown: 0.7383791516441063, AUPR test unknown: 0.4758013371416804
pseudo_counter: Counter({0: 12596, -1: 780, 1: 376})
max_probs: 0.9998689889907837， num of >0.5: 701
AUROC test all: 0.769583588988574, AUPR test all: 0.5996282146850873, AUROC test unknown: 0.7023004309563365, AUPR test unknown: 0.4123323085982552
Epoch: 165, Best AUROC test all: 0.7959698703571051, AUPR test all: 0.6289285940182013, AUROC test unknown: 0.7383791516441063, AUPR test unknown: 0.4758013371416804
pseudo_counter: Counter({0: 12596, -1: 780, 1: 376})
max_probs: 0.9999886751174927， num of >0.5: 630
AUROC test all: 0.7646953292888429, AUPR test all: 0.5900337836754022, AUROC test unknown: 0.6959926896717337, AUPR test unknown: 0.3997146071241849
Epoch: 166, Best AUROC test all: 0.7959698703571051, AUPR test all: 0.6289285940182013, AUROC test unknown: 0.7383791516441063, AUPR test unknown: 0.4758013371416804
pseudo_counter: Counter({0: 12595, -1: 780, 1: 377})
max_probs: 0.9999078512191772， num of >0.5: 564
AUROC test all: 0.7600331226440575, AUPR test all: 0.586362970047851, AUROC test unknown: 0.6902515083950143, AUPR test unknown: 0.3939311604842938
Epoch: 167, Best AUROC test all: 0.7959698703571051, AUPR test all: 0.6289285940182013, AUROC test unknown: 0.7383791516441063, AUPR test unknown: 0.4758013371416804
pseudo_counter: Counter({0: 12594, -1: 780, 1: 378})
max_probs: 0.9999184608459473， num of >0.5: 520
AUROC test all: 0.7590241636403937, AUPR test all: 0.5869243073140556, AUROC test unknown: 0.6890891186036421, AUPR test unknown: 0.39429964305281273
Epoch: 168, Best AUROC test all: 0.7959698703571051, AUPR test all: 0.6289285940182013, AUROC test unknown: 0.7383791516441063, AUPR test unknown: 0.4758013371416804
pseudo_counter: Counter({0: 12594, -1: 780, 1: 378})
max_probs: 0.999896764755249， num of >0.5: 510
AUROC test all: 0.7626380538299846, AUPR test all: 0.5865942424873657, AUROC test unknown: 0.6935153126071829, AUPR test unknown: 0.39328345735448145
Epoch: 169, Best AUROC test all: 0.7959698703571051, AUPR test all: 0.6289285940182013, AUROC test unknown: 0.7383791516441063, AUPR test unknown: 0.4758013371416804
pseudo_counter: Counter({0: 12594, -1: 780, 1: 378})
max_probs: 0.999813973903656， num of >0.5: 548
AUROC test all: 0.7664543275582161, AUPR test all: 0.596058987665354, AUROC test unknown: 0.6980431585382596, AUPR test unknown: 0.40645485953795063
Epoch: 170, Best AUROC test all: 0.7959698703571051, AUPR test all: 0.6289285940182013, AUROC test unknown: 0.7383791516441063, AUPR test unknown: 0.4758013371416804
pseudo_counter: Counter({0: 12594, -1: 780, 1: 378})
max_probs: 0.9998019337654114， num of >0.5: 595
AUROC test all: 0.7720648974100778, AUPR test all: 0.6007224109603175, AUROC test unknown: 0.7055095225133906, AUPR test unknown: 0.4114850014988428
Epoch: 171, Best AUROC test all: 0.7959698703571051, AUPR test all: 0.6289285940182013, AUROC test unknown: 0.7383791516441063, AUPR test unknown: 0.4758013371416804
pseudo_counter: Counter({0: 12593, -1: 780, 1: 379})
max_probs: 0.99992835521698， num of >0.5: 665
AUROC test all: 0.7784003691343635, AUPR test all: 0.6076072380625732, AUROC test unknown: 0.7138164283387396, AUPR test unknown: 0.4214308694770157
Epoch: 172, Best AUROC test all: 0.7959698703571051, AUPR test all: 0.6289285940182013, AUROC test unknown: 0.7383791516441063, AUPR test unknown: 0.4758013371416804
pseudo_counter: Counter({0: 12593, -1: 780, 1: 379})
max_probs: 0.9999829530715942， num of >0.5: 772
AUROC test all: 0.7781388806116937, AUPR test all: 0.6077311906137137, AUROC test unknown: 0.7133372590909113, AUPR test unknown: 0.4214662152597572
Epoch: 173, Best AUROC test all: 0.7959698703571051, AUPR test all: 0.6289285940182013, AUROC test unknown: 0.7383791516441063, AUPR test unknown: 0.4758013371416804
pseudo_counter: Counter({0: 12592, -1: 780, 1: 380})
max_probs: 0.9999679327011108， num of >0.5: 719
AUROC test all: 0.7731577547573892, AUPR test all: 0.6012740827948301, AUROC test unknown: 0.706986255941854, AUPR test unknown: 0.4137031581415637
Epoch: 174, Best AUROC test all: 0.7959698703571051, AUPR test all: 0.6289285940182013, AUROC test unknown: 0.7383791516441063, AUPR test unknown: 0.4758013371416804
pseudo_counter: Counter({0: 12592, -1: 780, 1: 380})
max_probs: 0.9999951124191284， num of >0.5: 657
AUROC test all: 0.767780806701152, AUPR test all: 0.5922350006790771, AUROC test unknown: 0.7001816460149812, AUPR test unknown: 0.40173173636120196
Epoch: 175, Best AUROC test all: 0.7959698703571051, AUPR test all: 0.6289285940182013, AUROC test unknown: 0.7383791516441063, AUPR test unknown: 0.4758013371416804
pseudo_counter: Counter({0: 12592, -1: 780, 1: 380})
max_probs: 0.9996190071105957， num of >0.5: 530
AUROC test all: 0.7660932298210952, AUPR test all: 0.5866378779435475, AUROC test unknown: 0.6983747830030324, AUPR test unknown: 0.3955129830148383
Epoch: 176, Best AUROC test all: 0.7959698703571051, AUPR test all: 0.6289285940182013, AUROC test unknown: 0.7383791516441063, AUPR test unknown: 0.4758013371416804
pseudo_counter: Counter({0: 12592, -1: 780, 1: 380})
max_probs: 0.9998555183410645， num of >0.5: 492
AUROC test all: 0.766914392313609, AUPR test all: 0.5897822671454473, AUROC test unknown: 0.6994455066738676, AUPR test unknown: 0.39972395240939346
Epoch: 177, Best AUROC test all: 0.7959698703571051, AUPR test all: 0.6289285940182013, AUROC test unknown: 0.7383791516441063, AUPR test unknown: 0.4758013371416804
pseudo_counter: Counter({0: 12592, -1: 780, 1: 380})
max_probs: 0.9998643398284912， num of >0.5: 516
AUROC test all: 0.7674417959254671, AUPR test all: 0.5923737631359595, AUROC test unknown: 0.7000315300361116, AUPR test unknown: 0.40136588141384355
Epoch: 178, Best AUROC test all: 0.7959698703571051, AUPR test all: 0.6289285940182013, AUROC test unknown: 0.7383791516441063, AUPR test unknown: 0.4758013371416804
pseudo_counter: Counter({0: 12593, -1: 780, 1: 379})
max_probs: 0.9998348951339722， num of >0.5: 556
AUROC test all: 0.7759454824985028, AUPR test all: 0.6014240750276707, AUROC test unknown: 0.7107023514363059, AUPR test unknown: 0.41497443292349306
Epoch: 179, Best AUROC test all: 0.7959698703571051, AUPR test all: 0.6289285940182013, AUROC test unknown: 0.7383791516441063, AUPR test unknown: 0.4758013371416804
pseudo_counter: Counter({0: 12593, -1: 780, 1: 379})
max_probs: 0.999996542930603， num of >0.5: 618
AUROC test all: 0.7797588434083517, AUPR test all: 0.6069442364699269, AUROC test unknown: 0.7156431134765581, AUPR test unknown: 0.42278965852522665
Epoch: 180, Best AUROC test all: 0.7959698703571051, AUPR test all: 0.6289285940182013, AUROC test unknown: 0.7383791516441063, AUPR test unknown: 0.4758013371416804
pseudo_counter: Counter({0: 12593, -1: 780, 1: 379})
max_probs: 0.9999384880065918， num of >0.5: 713
AUROC test all: 0.78197116337324, AUPR test all: 0.6083040707736967, AUROC test unknown: 0.7184896066285668, AUPR test unknown: 0.4236233079732672
Epoch: 181, Best AUROC test all: 0.7959698703571051, AUPR test all: 0.6289285940182013, AUROC test unknown: 0.7383791516441063, AUPR test unknown: 0.4758013371416804
pseudo_counter: Counter({0: 12593, -1: 780, 1: 379})
max_probs: 0.9999027252197266， num of >0.5: 726
AUROC test all: 0.784250638709971, AUPR test all: 0.6113008763661186, AUROC test unknown: 0.7216973826900879, AUPR test unknown: 0.42892409890123
Epoch: 182, Best AUROC test all: 0.7959698703571051, AUPR test all: 0.6289285940182013, AUROC test unknown: 0.7383791516441063, AUPR test unknown: 0.4758013371416804
pseudo_counter: Counter({0: 12593, -1: 780, 1: 379})
max_probs: 0.9999624490737915， num of >0.5: 683
AUROC test all: 0.7844502699792736, AUPR test all: 0.6075386456319489, AUROC test unknown: 0.7220383950093449, AUPR test unknown: 0.4227365948400959
Epoch: 183, Best AUROC test all: 0.7959698703571051, AUPR test all: 0.6289285940182013, AUROC test unknown: 0.7383791516441063, AUPR test unknown: 0.4758013371416804
pseudo_counter: Counter({0: 12592, -1: 780, 1: 380})
max_probs: 0.999893069267273， num of >0.5: 691
AUROC test all: 0.7788822456242588, AUPR test all: 0.6008928424456026, AUROC test unknown: 0.7149585774374818, AUPR test unknown: 0.41443650468001647
Epoch: 184, Best AUROC test all: 0.7959698703571051, AUPR test all: 0.6289285940182013, AUROC test unknown: 0.7383791516441063, AUPR test unknown: 0.4758013371416804
pseudo_counter: Counter({0: 12592, -1: 780, 1: 380})
max_probs: 0.9999845027923584， num of >0.5: 617
AUROC test all: 0.7741364617339149, AUPR test all: 0.5968139316515539, AUROC test unknown: 0.7087599026915995, AUPR test unknown: 0.4088392810133851
Epoch: 185, Best AUROC test all: 0.7959698703571051, AUPR test all: 0.6289285940182013, AUROC test unknown: 0.7383791516441063, AUPR test unknown: 0.4758013371416804
pseudo_counter: Counter({0: 12592, -1: 780, 1: 380})
max_probs: 0.9999221563339233， num of >0.5: 551
AUROC test all: 0.7732784417678523, AUPR test all: 0.5939000797391799, AUROC test unknown: 0.7079288682863685, AUPR test unknown: 0.40525643667771094
Epoch: 186, Best AUROC test all: 0.7959698703571051, AUPR test all: 0.6289285940182013, AUROC test unknown: 0.7383791516441063, AUPR test unknown: 0.4758013371416804
pseudo_counter: Counter({0: 12592, -1: 780, 1: 380})
max_probs: 0.9999270439147949， num of >0.5: 533
AUROC test all: 0.7738315561624411, AUPR test all: 0.5947968858307768, AUROC test unknown: 0.7086233303371927, AUPR test unknown: 0.40763392902564755
Epoch: 187, Best AUROC test all: 0.7959698703571051, AUPR test all: 0.6289285940182013, AUROC test unknown: 0.7383791516441063, AUPR test unknown: 0.4758013371416804
pseudo_counter: Counter({0: 12592, -1: 780, 1: 380})
max_probs: 0.9998886585235596， num of >0.5: 565
AUROC test all: 0.7789175205429384, AUPR test all: 0.5996558458279877, AUROC test unknown: 0.7156499301352282, AUPR test unknown: 0.4144713050143891
Epoch: 188, Best AUROC test all: 0.7959698703571051, AUPR test all: 0.6289285940182013, AUROC test unknown: 0.7383791516441063, AUPR test unknown: 0.4758013371416804
pseudo_counter: Counter({0: 12592, -1: 780, 1: 380})
max_probs: 0.9999881982803345， num of >0.5: 606
AUROC test all: 0.7871174483233909, AUPR test all: 0.6109791955134056, AUROC test unknown: 0.7254741105695521, AUPR test unknown: 0.4289811708701282
Epoch: 189, Best AUROC test all: 0.7959698703571051, AUPR test all: 0.6289285940182013, AUROC test unknown: 0.7383791516441063, AUPR test unknown: 0.4758013371416804
pseudo_counter: Counter({0: 12592, -1: 780, 1: 380})
max_probs: 0.9999741315841675， num of >0.5: 699
AUROC test all: 0.7938167241829797, AUPR test all: 0.6190190916968774, AUROC test unknown: 0.7342348025584713, AUPR test unknown: 0.43814550057090856
Epoch: 190, Best AUROC test all: 0.7959698703571051, AUPR test all: 0.6289285940182013, AUROC test unknown: 0.7383791516441063, AUPR test unknown: 0.4758013371416804
pseudo_counter: Counter({0: 12592, -1: 780, 1: 380})
max_probs: 0.9999817609786987， num of >0.5: 789
AUROC test all: 0.7961802813479808, AUPR test all: 0.6184345541446082, AUROC test unknown: 0.7375188175656444, AUPR test unknown: 0.4378996303266341
Epoch: 191, Best AUROC test all: 0.7961802813479808, AUPR test all: 0.6289285940182013, AUROC test unknown: 0.7383791516441063, AUPR test unknown: 0.4758013371416804
pseudo_counter: Counter({0: 12591, -1: 780, 1: 381})
max_probs: 0.9999963045120239， num of >0.5: 835
AUROC test all: 0.7863945189106591, AUPR test all: 0.6070196501448339, AUROC test unknown: 0.724543576865839, AUPR test unknown: 0.42289393563304534
Epoch: 192, Best AUROC test all: 0.7961802813479808, AUPR test all: 0.6289285940182013, AUROC test unknown: 0.7383791516441063, AUPR test unknown: 0.4758013371416804
pseudo_counter: Counter({0: 12590, -1: 780, 1: 382})
max_probs: 0.9999607801437378， num of >0.5: 660
AUROC test all: 0.773219313848245, AUPR test all: 0.5910472615475859, AUROC test unknown: 0.7079333230326046, AUPR test unknown: 0.40274939715743585
Epoch: 193, Best AUROC test all: 0.7961802813479808, AUPR test all: 0.6289285940182013, AUROC test unknown: 0.7383791516441063, AUPR test unknown: 0.4758013371416804
pseudo_counter: Counter({0: 12590, -1: 780, 1: 382})
max_probs: 0.9997653365135193， num of >0.5: 514
AUROC test all: 0.7636056829224256, AUPR test all: 0.5779996992880557, AUROC test unknown: 0.6960238131001351, AUPR test unknown: 0.38720799960263885
Epoch: 194, Best AUROC test all: 0.7961802813479808, AUPR test all: 0.6289285940182013, AUROC test unknown: 0.7383791516441063, AUPR test unknown: 0.4758013371416804
pseudo_counter: Counter({0: 12589, -1: 780, 1: 383})
max_probs: 0.9996951818466187， num of >0.5: 403
AUROC test all: 0.7652935350294163, AUPR test all: 0.5784524121062266, AUROC test unknown: 0.6980028266411286, AUPR test unknown: 0.38673821363401845
Epoch: 195, Best AUROC test all: 0.7961802813479808, AUPR test all: 0.6289285940182013, AUROC test unknown: 0.7383791516441063, AUPR test unknown: 0.4758013371416804
pseudo_counter: Counter({0: 12589, -1: 780, 1: 383})
max_probs: 0.999646782875061， num of >0.5: 408
AUROC test all: 0.7751709251001092, AUPR test all: 0.591580443710432, AUROC test unknown: 0.7104423915804459, AUPR test unknown: 0.40088153168513213
Epoch: 196, Best AUROC test all: 0.7961802813479808, AUPR test all: 0.6289285940182013, AUROC test unknown: 0.7383791516441063, AUPR test unknown: 0.4758013371416804
pseudo_counter: Counter({0: 12589, -1: 780, 1: 383})
max_probs: 0.9997852444648743， num of >0.5: 536
AUROC test all: 0.7845229069542139, AUPR test all: 0.6032206037326361, AUROC test unknown: 0.7222728820880693, AUPR test unknown: 0.4163926494080146
Epoch: 197, Best AUROC test all: 0.7961802813479808, AUPR test all: 0.6289285940182013, AUROC test unknown: 0.7383791516441063, AUPR test unknown: 0.4758013371416804
pseudo_counter: Counter({0: 12588, -1: 780, 1: 384})
max_probs: 0.9999202489852905， num of >0.5: 676
AUROC test all: 0.7943104354310274, AUPR test all: 0.6148123797108284, AUROC test unknown: 0.7346765698764917, AUPR test unknown: 0.43151827975136764
Epoch: 198, Best AUROC test all: 0.7961802813479808, AUPR test all: 0.6289285940182013, AUROC test unknown: 0.7383791516441063, AUPR test unknown: 0.4758013371416804
pseudo_counter: Counter({0: 12587, -1: 780, 1: 385})
max_probs: 0.9999619722366333， num of >0.5: 803
AUROC test all: 0.7916189683100039, AUPR test all: 0.6096195114614695, AUROC test unknown: 0.7314099552875026, AUPR test unknown: 0.42333909109645756
Epoch: 199, Best AUROC test all: 0.7961802813479808, AUPR test all: 0.6289285940182013, AUROC test unknown: 0.7383791516441063, AUPR test unknown: 0.4758013371416804
  rotation 3: ROC 0.7962 PR 0.6289
[computers] params 763329, peak GPU 5.69 GB, 20.9 min total
[computers] ran 1/5 rotations; no results.csv row written. Merge the shards with:
    python analysis/scripts/merge_rotations.py
