# gpu=7 cmd=/usr/bin/python3 -u main.py --dataset computers --seed 42 --method outpost --tag A_main
/nas/home/jahin/.local/lib/python3.10/site-packages/torch_geometric/__init__.py:4: UserWarning: An issue occurred while importing 'torch-scatter'. Disabling its usage. Stacktrace: /nas/home/jahin/.local/lib/python3.10/site-packages/torch_scatter/_version_cuda.so: undefined symbol: _ZN5torch3jit17parseSchemaOrNameERKSsb
  import torch_geometric.typing
/nas/home/jahin/.local/lib/python3.10/site-packages/torch_geometric/__init__.py:4: UserWarning: An issue occurred while importing 'torch-sparse'. Disabling its usage. Stacktrace: /nas/home/jahin/.local/lib/python3.10/site-packages/torch_sparse/_version_cuda.so: undefined symbol: _ZN5torch3jit17parseSchemaOrNameERKSsb
  import torch_geometric.typing
/nas/home/jahin/.local/lib/python3.10/site-packages/requests/__init__.py:113: RequestsDependencyWarning: urllib3 (1.26.5) or chardet (7.2.0)/charset_normalizer (3.4.4) doesn't match a supported version!
  warnings.warn(
Disabling PyTorch because PyTorch >= 2.1 is required but found 2.0.1
None of PyTorch, TensorFlow >= 2.0, or Flax have been found. Models won't be available and only tokenizers, configuration and file/data utilities can be used.
/nas/home/jahin/.local/lib/python3.10/site-packages/outdated/__init__.py:36: UserWarning: pkg_resources is deprecated as an API. See https://setuptools.pypa.io/en/latest/pkg_resources.html. The pkg_resources package is slated for removal as early as 2025-11-30. Refrain from using this package or pin to Setuptools<81.
  from pkg_resources import parse_version
[utils] PPR/dgl path unavailable (libcudart.so.12: cannot open shared object file: No such file or directory); OUTPOST path unaffected.
[0.03170448 0.15575916 0.10282141 0.03941245 0.37507272 0.02239674
 0.03541303 0.05948226 0.1567772  0.02116056]
[computers] anomaly classes (rotations): [0, 3, 5, 6, 9]
Normal classes: [1, 2, 4, 7, 8] in computers
Building multi-layer GraphSage
[OUTPOST-v4] epoch 0: test-all ROC 0.4411 PR 0.1345 | unseen ROC 0.4035 PR 0.1059 | valAUC 0.6665 | tau+ 0.500
[OUTPOST-v4] epoch 1: test-all ROC 0.4437 PR 0.1357 | unseen ROC 0.4036 PR 0.1060 | valAUC 0.6833 | tau+ 0.500
[OUTPOST-v4] epoch 2: test-all ROC 0.4464 PR 0.1365 | unseen ROC 0.4068 PR 0.1067 | valAUC 0.6557 | tau+ 0.500
[OUTPOST-v4] epoch 3: test-all ROC 0.4446 PR 0.1362 | unseen ROC 0.4036 PR 0.1064 | valAUC 0.6730 | tau+ 0.500
[OUTPOST-v4] epoch 4: test-all ROC 0.4464 PR 0.1370 | unseen ROC 0.4060 PR 0.1070 | valAUC 0.6744 | tau+ 0.500
[OUTPOST-v4] epoch 5: test-all ROC 0.4473 PR 0.1369 | unseen ROC 0.4058 PR 0.1067 | valAUC 0.6552 | tau+ 0.500
[OUTPOST-v4] epoch 6: test-all ROC 0.4482 PR 0.1372 | unseen ROC 0.4074 PR 0.1069 | valAUC 0.6793 | tau+ 0.500
[OUTPOST-v4] epoch 7: test-all ROC 0.4534 PR 0.1393 | unseen ROC 0.4104 PR 0.1077 | valAUC 0.6695 | tau+ 0.500
[OUTPOST-v4] epoch 8: test-all ROC 0.4537 PR 0.1398 | unseen ROC 0.4112 PR 0.1086 | valAUC 0.6701 | tau+ 0.500
[OUTPOST-v4] epoch 9: test-all ROC 0.4589 PR 0.1416 | unseen ROC 0.4150 PR 0.1094 | valAUC 0.6747 | tau+ 0.500
[OUTPOST-v4] epoch 10: test-all ROC 0.4628 PR 0.1436 | unseen ROC 0.4186 PR 0.1107 | valAUC 0.7080 | tau+ 0.500
[OUTPOST-v4] epoch 11: test-all ROC 0.4703 PR 0.1466 | unseen ROC 0.4244 PR 0.1109 | valAUC 0.7152 | tau+ 0.500
[OUTPOST-v4] epoch 12: test-all ROC 0.4821 PR 0.1538 | unseen ROC 0.4374 PR 0.1149 | valAUC 0.7003 | tau+ 0.500
[OUTPOST-v4] epoch 13: test-all ROC 0.4788 PR 0.1512 | unseen ROC 0.4387 PR 0.1150 | valAUC 0.6963 | tau+ 0.500
[OUTPOST-v4] epoch 14: test-all ROC 0.4623 PR 0.1439 | unseen ROC 0.4291 PR 0.1126 | valAUC 0.6276 | tau+ 0.500
[OUTPOST-v4] epoch 15: test-all ROC 0.5352 PR 0.1636 | unseen ROC 0.5528 PR 0.1468 | valAUC 0.3876 | tau+ 0.500
[OUTPOST-v4] epoch 16: test-all ROC 0.5905 PR 0.2071 | unseen ROC 0.6335 PR 0.2013 | valAUC 0.3658 | tau+ 0.500
[OUTPOST-v4] epoch 17: test-all ROC 0.5907 PR 0.2069 | unseen ROC 0.6347 PR 0.2004 | valAUC 0.3379 | tau+ 0.500
[OUTPOST-v4] epoch 18: test-all ROC 0.5965 PR 0.2154 | unseen ROC 0.6415 PR 0.2108 | valAUC 0.4075 | tau+ 0.500
[OUTPOST-v4] epoch 19: test-all ROC 0.6124 PR 0.2289 | unseen ROC 0.6553 PR 0.2262 | valAUC 0.3937 | tau+ 0.500
[OUTPOST-v4] epoch 20: test-all ROC 0.6137 PR 0.2171 | unseen ROC 0.6397 PR 0.2082 | valAUC 0.5111 | tau+ 0.500
[OUTPOST-v4] epoch 21: test-all ROC 0.6078 PR 0.2038 | unseen ROC 0.6146 PR 0.1878 | valAUC 0.5966 | tau+ 0.500
[OUTPOST-v4] epoch 22: test-all ROC 0.5792 PR 0.1862 | unseen ROC 0.5759 PR 0.1662 | valAUC 0.6658 | tau+ 0.500
[OUTPOST-v4] epoch 23: test-all ROC 0.5488 PR 0.1692 | unseen ROC 0.5297 PR 0.1409 | valAUC 0.7039 | tau+ 0.500
[OUTPOST-v4] epoch 24: test-all ROC 0.5377 PR 0.1675 | unseen ROC 0.5134 PR 0.1371 | valAUC 0.7184 | tau+ 0.500
[OUTPOST-v4] epoch 25: test-all ROC 0.5341 PR 0.1637 | unseen ROC 0.5086 PR 0.1323 | valAUC 0.7621 | tau+ 0.500
[OUTPOST-v4] epoch 26: test-all ROC 0.5343 PR 0.1671 | unseen ROC 0.5028 PR 0.1316 | valAUC 0.7506 | tau+ 0.500
[OUTPOST-v4] epoch 27: test-all ROC 0.5423 PR 0.1740 | unseen ROC 0.5030 PR 0.1336 | valAUC 0.7243 | tau+ 0.500
[OUTPOST-v4] epoch 28: test-all ROC 0.5420 PR 0.1739 | unseen ROC 0.5007 PR 0.1332 | valAUC 0.7713 | tau+ 0.500
[OUTPOST-v4] epoch 29: test-all ROC 0.5604 PR 0.1809 | unseen ROC 0.5280 PR 0.1445 | valAUC 0.7601 | tau+ 0.500
[OUTPOST-v4] epoch 30: test-all ROC 0.5777 PR 0.1942 | unseen ROC 0.5323 PR 0.1448 | valAUC 0.8060 | tau+ 0.500
[OUTPOST-v4] epoch 31: test-all ROC 0.5904 PR 0.2112 | unseen ROC 0.5382 PR 0.1429 | valAUC 0.8445 | tau+ 0.500
[OUTPOST-v4] epoch 32: test-all ROC 0.5903 PR 0.2249 | unseen ROC 0.5301 PR 0.1361 | valAUC 0.8710 | tau+ 0.500
[OUTPOST-v4] epoch 33: test-all ROC 0.5975 PR 0.2449 | unseen ROC 0.5353 PR 0.1386 | valAUC 0.8721 | tau+ 0.500
[OUTPOST-v4] epoch 34: test-all ROC 0.5967 PR 0.2657 | unseen ROC 0.5316 PR 0.1370 | valAUC 0.8796 | tau+ 0.500
[OUTPOST-v4] epoch 35: test-all ROC 0.6136 PR 0.2850 | unseen ROC 0.5479 PR 0.1443 | valAUC 0.9149 | tau+ 0.500
[OUTPOST-v4] epoch 36: test-all ROC 0.6175 PR 0.2901 | unseen ROC 0.5514 PR 0.1450 | valAUC 0.9135 | tau+ 0.500
[OUTPOST-v4] epoch 37: test-all ROC 0.6192 PR 0.2896 | unseen ROC 0.5538 PR 0.1448 | valAUC 0.9043 | tau+ 0.500
[OUTPOST-v4] epoch 38: test-all ROC 0.6328 PR 0.2987 | unseen ROC 0.5684 PR 0.1504 | valAUC 0.9055 | tau+ 0.500
[OUTPOST-v4] epoch 39: test-all ROC 0.6411 PR 0.3029 | unseen ROC 0.5774 PR 0.1536 | valAUC 0.9063 | tau+ 0.500
[OUTPOST-v4] epoch 40: test-all ROC 0.6346 PR 0.3057 | unseen ROC 0.5695 PR 0.1493 | valAUC 0.9089 | tau+ 0.500
[OUTPOST-v4] epoch 41: test-all ROC 0.6187 PR 0.3028 | unseen ROC 0.5507 PR 0.1433 | valAUC 0.9218 | tau+ 0.500
[OUTPOST-v4] epoch 42: test-all ROC 0.6175 PR 0.3004 | unseen ROC 0.5497 PR 0.1430 | valAUC 0.8977 | tau+ 0.500
[OUTPOST-v4] epoch 43: test-all ROC 0.6219 PR 0.3081 | unseen ROC 0.5541 PR 0.1470 | valAUC 0.9221 | tau+ 0.500
[OUTPOST-v4] epoch 44: test-all ROC 0.6227 PR 0.3079 | unseen ROC 0.5542 PR 0.1466 | valAUC 0.9161 | tau+ 0.500
[OUTPOST-v4] epoch 45: test-all ROC 0.6059 PR 0.2993 | unseen ROC 0.5357 PR 0.1409 | valAUC 0.8865 | tau+ 0.500
[OUTPOST-v4] epoch 46: test-all ROC 0.5944 PR 0.2945 | unseen ROC 0.5231 PR 0.1367 | valAUC 0.9106 | tau+ 0.500
[OUTPOST-v4] epoch 47: test-all ROC 0.5859 PR 0.2906 | unseen ROC 0.5139 PR 0.1341 | valAUC 0.8931 | tau+ 0.500
[OUTPOST-v4] epoch 48: test-all ROC 0.5891 PR 0.2943 | unseen ROC 0.5175 PR 0.1361 | valAUC 0.9055 | tau+ 0.500
[OUTPOST-v4] epoch 49: test-all ROC 0.5983 PR 0.3056 | unseen ROC 0.5272 PR 0.1400 | valAUC 0.9276 | tau+ 0.500
[OUTPOST-v4] epoch 50: test-all ROC 0.6071 PR 0.3117 | unseen ROC 0.5360 PR 0.1431 | valAUC 0.8957 | tau+ 0.500
[OUTPOST-v4] epoch 51: test-all ROC 0.6005 PR 0.3111 | unseen ROC 0.5303 PR 0.1418 | valAUC 0.9230 | tau+ 0.500
[OUTPOST-v4] epoch 52: test-all ROC 0.5940 PR 0.3034 | unseen ROC 0.5218 PR 0.1378 | valAUC 0.9029 | tau+ 0.500
[OUTPOST-v4] epoch 53: test-all ROC 0.6006 PR 0.3103 | unseen ROC 0.5300 PR 0.1428 | valAUC 0.9014 | tau+ 0.500
[OUTPOST-v4] epoch 54: test-all ROC 0.6031 PR 0.3120 | unseen ROC 0.5329 PR 0.1427 | valAUC 0.9055 | tau+ 0.500
[OUTPOST-v4] epoch 55: test-all ROC 0.6073 PR 0.3191 | unseen ROC 0.5371 PR 0.1444 | valAUC 0.9247 | tau+ 0.500
[OUTPOST-v4] epoch 56: test-all ROC 0.6106 PR 0.3231 | unseen ROC 0.5405 PR 0.1464 | valAUC 0.9000 | tau+ 0.500
[OUTPOST-v4] epoch 57: test-all ROC 0.6042 PR 0.3182 | unseen ROC 0.5330 PR 0.1437 | valAUC 0.8974 | tau+ 0.500
[OUTPOST-v4] epoch 58: test-all ROC 0.6014 PR 0.3208 | unseen ROC 0.5302 PR 0.1448 | valAUC 0.8782 | tau+ 0.500
[OUTPOST-v4] epoch 59: test-all ROC 0.5970 PR 0.3142 | unseen ROC 0.5255 PR 0.1409 | valAUC 0.8882 | tau+ 0.500
[OUTPOST-v4] epoch 60: test-all ROC 0.5981 PR 0.3141 | unseen ROC 0.5264 PR 0.1414 | valAUC 0.8989 | tau+ 0.500
[OUTPOST-v4] epoch 61: test-all ROC 0.6045 PR 0.3195 | unseen ROC 0.5339 PR 0.1446 | valAUC 0.8937 | tau+ 0.500
[OUTPOST-v4] epoch 62: test-all ROC 0.6094 PR 0.3210 | unseen ROC 0.5394 PR 0.1474 | valAUC 0.9000 | tau+ 0.500
[OUTPOST-v4] epoch 63: test-all ROC 0.6133 PR 0.3247 | unseen ROC 0.5450 PR 0.1479 | valAUC 0.8911 | tau+ 0.500
[OUTPOST-v4] epoch 64: test-all ROC 0.6109 PR 0.3247 | unseen ROC 0.5413 PR 0.1485 | valAUC 0.9175 | tau+ 0.500
