# gpu=4 cmd=/usr/bin/python3 -u main.py --dataset cs --seed 42 --method demo --tag B_demo --rotations 12 --set energy_loss=false
/nas/home/jahin/.local/lib/python3.10/site-packages/requests/__init__.py:113: RequestsDependencyWarning: urllib3 (1.26.5) or chardet (7.2.0)/charset_normalizer (3.4.4) doesn't match a supported version!
  warnings.warn(
[0.03861888 0.02520046 0.11182021 0.02340043 0.07603775 0.11962036
 0.02023673 0.05040092 0.0422735  0.00643648 0.07876507 0.11089293
 0.02290951 0.2256041  0.04778269]
[cs] anomaly classes (rotations): [np.int64(0), np.int64(1), np.int64(3), np.int64(6), np.int64(8), np.int64(9), np.int64(12), np.int64(14)]
[cs] running subset: [np.int64(12)]
Normal classes: [np.int64(2), np.int64(4), np.int64(5), np.int64(7), np.int64(10), np.int64(11), np.int64(13)] in cs
using binary cross entropy loss...
Building multi-layer GraphSage
building the dataloader ...
pseudo_counter: Counter({-1: 18333})
AUROC test all: 0.7687140053364439, AUPR test all: 0.5419000027899885, AUROC test unknown: 0.7491555517196911, AUPR test unknown: 0.4622460615069639
Epoch: 0, Best AUROC test all: 0.7687140053364439, AUPR test all: 0.5419000027899885, AUROC test unknown: 0.7491555517196911, AUPR test unknown: 0.4622460615069639
pseudo_counter: Counter({-1: 18333})
AUROC test all: 0.7593886685429926, AUPR test all: 0.5405606252626138, AUROC test unknown: 0.7390882072089385, AUPR test unknown: 0.46171211055679723
Epoch: 1, Best AUROC test all: 0.7687140053364439, AUPR test all: 0.5419000027899885, AUROC test unknown: 0.7491555517196911, AUPR test unknown: 0.4622460615069639
pseudo_counter: Counter({-1: 18333})
AUROC test all: 0.7516472188351356, AUPR test all: 0.5277432293198752, AUROC test unknown: 0.730697034001426, AUPR test unknown: 0.4456830182160067
Epoch: 2, Best AUROC test all: 0.7687140053364439, AUPR test all: 0.5419000027899885, AUROC test unknown: 0.7491555517196911, AUPR test unknown: 0.4622460615069639
pseudo_counter: Counter({-1: 18333})
AUROC test all: 0.7498344285722828, AUPR test all: 0.5268749806822538, AUROC test unknown: 0.7285263439422306, AUPR test unknown: 0.44536706333534526
Epoch: 3, Best AUROC test all: 0.7687140053364439, AUPR test all: 0.5419000027899885, AUROC test unknown: 0.7491555517196911, AUPR test unknown: 0.4622460615069639
pseudo_counter: Counter({-1: 18333})
AUROC test all: 0.7547131488928558, AUPR test all: 0.5338331042688955, AUROC test unknown: 0.7336958191809169, AUPR test unknown: 0.4522569342224022
Epoch: 4, Best AUROC test all: 0.7687140053364439, AUPR test all: 0.5419000027899885, AUROC test unknown: 0.7491555517196911, AUPR test unknown: 0.4622460615069639
pseudo_counter: Counter({-1: 18333})
AUROC test all: 0.7517032234384048, AUPR test all: 0.5314971049502578, AUROC test unknown: 0.7305716179592723, AUPR test unknown: 0.4496671635041465
Epoch: 5, Best AUROC test all: 0.7687140053364439, AUPR test all: 0.5419000027899885, AUROC test unknown: 0.7491555517196911, AUPR test unknown: 0.4622460615069639
pseudo_counter: Counter({-1: 18333})
max_probs: 0.29650598764419556， num of >0.5: 0
AUROC test all: 0.7526981790684635, AUPR test all: 0.5374414763113992, AUROC test unknown: 0.7313866265372799, AUPR test unknown: 0.45676159620575585
Epoch: 6, Best AUROC test all: 0.7687140053364439, AUPR test all: 0.5419000027899885, AUROC test unknown: 0.7491555517196911, AUPR test unknown: 0.4622460615069639
pseudo_counter: Counter({0: 17404, -1: 929})
max_probs: 0.255229651927948， num of >0.5: 0
AUROC test all: 0.7534803760808461, AUPR test all: 0.5431101315408421, AUROC test unknown: 0.7324412673673921, AUPR test unknown: 0.46418224167616395
Epoch: 7, Best AUROC test all: 0.7687140053364439, AUPR test all: 0.5431101315408421, AUROC test unknown: 0.7491555517196911, AUPR test unknown: 0.46418224167616395
pseudo_counter: Counter({0: 17404, -1: 929})
max_probs: 0.21424588561058044， num of >0.5: 0
AUROC test all: 0.756847183694271, AUPR test all: 0.5538254107349363, AUROC test unknown: 0.7359150217749425, AUPR test unknown: 0.47663420398868583
Epoch: 8, Best AUROC test all: 0.7687140053364439, AUPR test all: 0.5538254107349363, AUROC test unknown: 0.7491555517196911, AUPR test unknown: 0.47663420398868583
pseudo_counter: Counter({0: 17404, -1: 929})
max_probs: 0.18184056878089905， num of >0.5: 0
AUROC test all: 0.7553261913972036, AUPR test all: 0.5579666967735335, AUROC test unknown: 0.7340769647250446, AUPR test unknown: 0.4828341877313712
Epoch: 9, Best AUROC test all: 0.7687140053364439, AUPR test all: 0.5579666967735335, AUROC test unknown: 0.7491555517196911, AUPR test unknown: 0.4828341877313712
pseudo_counter: Counter({0: 17404, -1: 929})
max_probs: 0.15183700621128082， num of >0.5: 0
AUROC test all: 0.7596025126638201, AUPR test all: 0.5695982255423746, AUROC test unknown: 0.7387847579917978, AUPR test unknown: 0.49814113117330444
Epoch: 10, Best AUROC test all: 0.7687140053364439, AUPR test all: 0.5695982255423746, AUROC test unknown: 0.7491555517196911, AUPR test unknown: 0.49814113117330444
pseudo_counter: Counter({0: 17404, -1: 929})
max_probs: 0.13895189762115479， num of >0.5: 0
AUROC test all: 0.7590912958745821, AUPR test all: 0.5759142699672046, AUROC test unknown: 0.7382503573960791, AUPR test unknown: 0.5076228418070596
Epoch: 11, Best AUROC test all: 0.7687140053364439, AUPR test all: 0.5759142699672046, AUROC test unknown: 0.7491555517196911, AUPR test unknown: 0.5076228418070596
pseudo_counter: Counter({0: 17404, -1: 929})
max_probs: 0.11726157367229462， num of >0.5: 0
AUROC test all: 0.7642568098074289, AUPR test all: 0.584277422534983, AUROC test unknown: 0.7435900580414244, AUPR test unknown: 0.5171884612336745
Epoch: 12, Best AUROC test all: 0.7687140053364439, AUPR test all: 0.584277422534983, AUROC test unknown: 0.7491555517196911, AUPR test unknown: 0.5171884612336745
pseudo_counter: Counter({0: 17404, -1: 929})
max_probs: 0.1056121438741684， num of >0.5: 0
AUROC test all: 0.7654789667665851, AUPR test all: 0.5903937994884922, AUROC test unknown: 0.7447760058648584, AUPR test unknown: 0.5252206552068055
Epoch: 13, Best AUROC test all: 0.7687140053364439, AUPR test all: 0.5903937994884922, AUROC test unknown: 0.7491555517196911, AUPR test unknown: 0.5252206552068055
pseudo_counter: Counter({0: 17404, -1: 929})
max_probs: 0.0997750386595726， num of >0.5: 0
AUROC test all: 0.767078602847054, AUPR test all: 0.5949625441813744, AUROC test unknown: 0.7464486245331522, AUPR test unknown: 0.5305219539521542
Epoch: 14, Best AUROC test all: 0.7687140053364439, AUPR test all: 0.5949625441813744, AUROC test unknown: 0.7491555517196911, AUPR test unknown: 0.5305219539521542
pseudo_counter: Counter({0: 17404, -1: 929})
max_probs: 0.09372464567422867， num of >0.5: 0
AUROC test all: 0.772161958910026, AUPR test all: 0.6022643265774545, AUROC test unknown: 0.7521132507763862, AUPR test unknown: 0.5394721422896502
Epoch: 15, Best AUROC test all: 0.772161958910026, AUPR test all: 0.6022643265774545, AUROC test unknown: 0.7521132507763862, AUPR test unknown: 0.5394721422896502
pseudo_counter: Counter({0: 17404, -1: 929})
max_probs: 0.09794019162654877， num of >0.5: 0
AUROC test all: 0.7719313722829648, AUPR test all: 0.6045896800172392, AUROC test unknown: 0.7518247045617739, AUPR test unknown: 0.5424731969877521
Epoch: 16, Best AUROC test all: 0.772161958910026, AUPR test all: 0.6045896800172392, AUROC test unknown: 0.7521132507763862, AUPR test unknown: 0.5424731969877521
pseudo_counter: Counter({0: 17404, -1: 929})
max_probs: 0.09982237964868546， num of >0.5: 0
AUROC test all: 0.7722421757530793, AUPR test all: 0.6047845555276844, AUROC test unknown: 0.751926325978342, AUPR test unknown: 0.5423939949038987
Epoch: 17, Best AUROC test all: 0.7722421757530793, AUPR test all: 0.6047845555276844, AUROC test unknown: 0.7521132507763862, AUPR test unknown: 0.5424731969877521
pseudo_counter: Counter({0: 17404, -1: 929})
max_probs: 0.1084277331829071， num of >0.5: 0
AUROC test all: 0.7749241964631916, AUPR test all: 0.607525464081323, AUROC test unknown: 0.7550950354937334, AUPR test unknown: 0.5457167044727329
Epoch: 18, Best AUROC test all: 0.7749241964631916, AUPR test all: 0.607525464081323, AUROC test unknown: 0.7550950354937334, AUPR test unknown: 0.5457167044727329
pseudo_counter: Counter({0: 17404, -1: 929})
max_probs: 0.11770495772361755， num of >0.5: 0
AUROC test all: 0.7766737791654229, AUPR test all: 0.6127264680886801, AUROC test unknown: 0.7567462379954307, AUPR test unknown: 0.5514583961483336
Epoch: 19, Best AUROC test all: 0.7766737791654229, AUPR test all: 0.6127264680886801, AUROC test unknown: 0.7567462379954307, AUPR test unknown: 0.5514583961483336
pseudo_counter: Counter({0: 17404, -1: 929})
max_probs: 0.13322854042053223， num of >0.5: 0
AUROC test all: 0.776978704359997, AUPR test all: 0.6118662996914068, AUROC test unknown: 0.7571927961796128, AUPR test unknown: 0.5505253416469846
Epoch: 20, Best AUROC test all: 0.776978704359997, AUPR test all: 0.6127264680886801, AUROC test unknown: 0.7571927961796128, AUPR test unknown: 0.5514583961483336
pseudo_counter: Counter({0: 17404, -1: 929})
max_probs: 0.147286519408226， num of >0.5: 0
AUROC test all: 0.7793996523630162, AUPR test all: 0.6169967286130762, AUROC test unknown: 0.7597863401186319, AUPR test unknown: 0.5568192776123035
Epoch: 21, Best AUROC test all: 0.7793996523630162, AUPR test all: 0.6169967286130762, AUROC test unknown: 0.7597863401186319, AUPR test unknown: 0.5568192776123035
pseudo_counter: Counter({0: 17404, -1: 929})
max_probs: 0.16530679166316986， num of >0.5: 0
AUROC test all: 0.780083896514753, AUPR test all: 0.6178611536722991, AUROC test unknown: 0.7603293413023418, AUPR test unknown: 0.5570813308260882
Epoch: 22, Best AUROC test all: 0.780083896514753, AUPR test all: 0.6178611536722991, AUROC test unknown: 0.7603293413023418, AUPR test unknown: 0.5570813308260882
pseudo_counter: Counter({0: 17404, -1: 929})
max_probs: 0.18671751022338867， num of >0.5: 0
AUROC test all: 0.7830601713715102, AUPR test all: 0.6198398663797895, AUROC test unknown: 0.7639478806374873, AUPR test unknown: 0.5594669220429228
Epoch: 23, Best AUROC test all: 0.7830601713715102, AUPR test all: 0.6198398663797895, AUROC test unknown: 0.7639478806374873, AUPR test unknown: 0.5594669220429228
pseudo_counter: Counter({0: 17404, -1: 929})
max_probs: 0.2133006602525711， num of >0.5: 0
AUROC test all: 0.7835922978951818, AUPR test all: 0.623335637008867, AUROC test unknown: 0.7643267179724691, AUPR test unknown: 0.5636533982711113
Epoch: 24, Best AUROC test all: 0.7835922978951818, AUPR test all: 0.623335637008867, AUROC test unknown: 0.7643267179724691, AUPR test unknown: 0.5636533982711113
pseudo_counter: Counter({0: 17404, -1: 929})
max_probs: 0.2347755879163742， num of >0.5: 0
AUROC test all: 0.7857124143383928, AUPR test all: 0.6255944561594838, AUROC test unknown: 0.7665369988363615, AUPR test unknown: 0.566383010082348
Epoch: 25, Best AUROC test all: 0.7857124143383928, AUPR test all: 0.6255944561594838, AUROC test unknown: 0.7665369988363615, AUPR test unknown: 0.566383010082348
pseudo_counter: Counter({0: 17404, -1: 929})
max_probs: 0.269509494304657， num of >0.5: 0
AUROC test all: 0.788029457611792, AUPR test all: 0.6262216241289047, AUROC test unknown: 0.7690766410739797, AUPR test unknown: 0.5666272244920696
Epoch: 26, Best AUROC test all: 0.788029457611792, AUPR test all: 0.6262216241289047, AUROC test unknown: 0.7690766410739797, AUPR test unknown: 0.5666272244920696
pseudo_counter: Counter({0: 17404, -1: 929})
max_probs: 0.2984496057033539， num of >0.5: 0
AUROC test all: 0.7903124639219689, AUPR test all: 0.6302400089068119, AUROC test unknown: 0.7715231922331773, AUPR test unknown: 0.5709826504840856
Epoch: 27, Best AUROC test all: 0.7903124639219689, AUPR test all: 0.6302400089068119, AUROC test unknown: 0.7715231922331773, AUPR test unknown: 0.5709826504840856
pseudo_counter: Counter({0: 17404, -1: 929})
max_probs: 0.33003973960876465， num of >0.5: 0
AUROC test all: 0.7916086466765437, AUPR test all: 0.6342380228221098, AUROC test unknown: 0.7730150078755094, AUPR test unknown: 0.5759204287420061
Epoch: 28, Best AUROC test all: 0.7916086466765437, AUPR test all: 0.6342380228221098, AUROC test unknown: 0.7730150078755094, AUPR test unknown: 0.5759204287420061
pseudo_counter: Counter({0: 17404, -1: 929})
max_probs: 0.36648696660995483， num of >0.5: 0
AUROC test all: 0.7933890926251559, AUPR test all: 0.6360525838873181, AUROC test unknown: 0.7748212818890384, AUPR test unknown: 0.5778953732193927
Epoch: 29, Best AUROC test all: 0.7933890926251559, AUPR test all: 0.6360525838873181, AUROC test unknown: 0.7748212818890384, AUPR test unknown: 0.5778953732193927
pseudo_counter: Counter({0: 17404, -1: 929})
max_probs: 0.39732620120048523， num of >0.5: 0
AUROC test all: 0.7948346884490967, AUPR test all: 0.6394559365694947, AUROC test unknown: 0.7764679984364393, AUPR test unknown: 0.5817629614807954
Epoch: 30, Best AUROC test all: 0.7948346884490967, AUPR test all: 0.6394559365694947, AUROC test unknown: 0.7764679984364393, AUPR test unknown: 0.5817629614807954
pseudo_counter: Counter({0: 17404, -1: 929})
max_probs: 0.4399920105934143， num of >0.5: 0
AUROC test all: 0.7962901641915509, AUPR test all: 0.6421874048748721, AUROC test unknown: 0.7780273843925922, AUPR test unknown: 0.5850828339141897
Epoch: 31, Best AUROC test all: 0.7962901641915509, AUPR test all: 0.6421874048748721, AUROC test unknown: 0.7780273843925922, AUPR test unknown: 0.5850828339141897
pseudo_counter: Counter({0: 17404, -1: 929})
max_probs: 0.47085243463516235， num of >0.5: 0
AUROC test all: 0.7968585170831058, AUPR test all: 0.6442213946305964, AUROC test unknown: 0.7786602250905345, AUPR test unknown: 0.5873863343451251
Epoch: 32, Best AUROC test all: 0.7968585170831058, AUPR test all: 0.6442213946305964, AUROC test unknown: 0.7786602250905345, AUPR test unknown: 0.5873863343451251
pseudo_counter: Counter({0: 17404, -1: 929})
max_probs: 0.5055980682373047， num of >0.5: 5
AUROC test all: 0.7958654472847932, AUPR test all: 0.6440366726772428, AUROC test unknown: 0.7776151282034557, AUPR test unknown: 0.5873847987134637
Epoch: 33, Best AUROC test all: 0.7968585170831058, AUPR test all: 0.6442213946305964, AUROC test unknown: 0.7786602250905345, AUPR test unknown: 0.5873863343451251
pseudo_counter: Counter({0: 17403, -1: 929, 1: 1})
max_probs: 0.5476245880126953， num of >0.5: 200
AUROC test all: 0.7981147753997389, AUPR test all: 0.6474250923416256, AUROC test unknown: 0.7801023138793118, AUPR test unknown: 0.591444536296265
Epoch: 34, Best AUROC test all: 0.7981147753997389, AUPR test all: 0.6474250923416256, AUROC test unknown: 0.7801023138793118, AUPR test unknown: 0.591444536296265
pseudo_counter: Counter({0: 17394, -1: 929, 1: 10})
max_probs: 0.5825412273406982， num of >0.5: 487
AUROC test all: 0.7985515524304923, AUPR test all: 0.6496802858478133, AUROC test unknown: 0.7803956772260545, AUPR test unknown: 0.593585161162369
Epoch: 35, Best AUROC test all: 0.7985515524304923, AUPR test all: 0.6496802858478133, AUROC test unknown: 0.7803956772260545, AUPR test unknown: 0.593585161162369
pseudo_counter: Counter({0: 17371, -1: 929, 1: 33})
max_probs: 0.6604498028755188， num of >0.5: 640
AUROC test all: 0.8007274158999533, AUPR test all: 0.6520519851418303, AUROC test unknown: 0.7829707153491392, AUPR test unknown: 0.5968910495286184
Epoch: 36, Best AUROC test all: 0.8007274158999533, AUPR test all: 0.6520519851418303, AUROC test unknown: 0.7829707153491392, AUPR test unknown: 0.5968910495286184
pseudo_counter: Counter({0: 17348, -1: 929, 1: 56})
max_probs: 0.7344356179237366， num of >0.5: 695
AUROC test all: 0.7999926774533176, AUPR test all: 0.6550563399902631, AUROC test unknown: 0.7819717425022092, AUPR test unknown: 0.6001275511228499
Epoch: 37, Best AUROC test all: 0.8007274158999533, AUPR test all: 0.6550563399902631, AUROC test unknown: 0.7829707153491392, AUPR test unknown: 0.6001275511228499
pseudo_counter: Counter({0: 17332, -1: 929, 1: 72})
max_probs: 0.7065483927726746， num of >0.5: 754
AUROC test all: 0.8004826993335655, AUPR test all: 0.6535253243101342, AUROC test unknown: 0.7825321756828159, AUPR test unknown: 0.5983184995564919
Epoch: 38, Best AUROC test all: 0.8007274158999533, AUPR test all: 0.6550563399902631, AUROC test unknown: 0.7829707153491392, AUPR test unknown: 0.6001275511228499
pseudo_counter: Counter({0: 17318, -1: 929, 1: 86})
max_probs: 0.8058372139930725， num of >0.5: 783
AUROC test all: 0.7994808995141454, AUPR test all: 0.6540379269238157, AUROC test unknown: 0.7814446980686813, AUPR test unknown: 0.599155666102784
Epoch: 39, Best AUROC test all: 0.8007274158999533, AUPR test all: 0.6550563399902631, AUROC test unknown: 0.7829707153491392, AUPR test unknown: 0.6001275511228499
pseudo_counter: Counter({0: 17310, -1: 929, 1: 94})
max_probs: 0.9010106921195984， num of >0.5: 781
AUROC test all: 0.7982544189407421, AUPR test all: 0.6524437254818649, AUROC test unknown: 0.7800390689487161, AUPR test unknown: 0.5973449865461357
Epoch: 40, Best AUROC test all: 0.8007274158999533, AUPR test all: 0.6550563399902631, AUROC test unknown: 0.7829707153491392, AUPR test unknown: 0.6001275511228499
pseudo_counter: Counter({0: 17301, -1: 929, 1: 103})
max_probs: 0.8388462066650391， num of >0.5: 801
AUROC test all: 0.794902366810833, AUPR test all: 0.6531851273369963, AUROC test unknown: 0.7763504303053812, AUPR test unknown: 0.5983958948142409
Epoch: 41, Best AUROC test all: 0.8007274158999533, AUPR test all: 0.6550563399902631, AUROC test unknown: 0.7829707153491392, AUPR test unknown: 0.6001275511228499
pseudo_counter: Counter({0: 17290, -1: 929, 1: 114})
max_probs: 0.9026889204978943， num of >0.5: 818
AUROC test all: 0.7950524606194636, AUPR test all: 0.6537799947016694, AUROC test unknown: 0.77660240645857, AUPR test unknown: 0.5993291838147541
Epoch: 42, Best AUROC test all: 0.8007274158999533, AUPR test all: 0.6550563399902631, AUROC test unknown: 0.7829707153491392, AUPR test unknown: 0.6001275511228499
pseudo_counter: Counter({0: 17284, -1: 929, 1: 120})
max_probs: 0.9423040151596069， num of >0.5: 808
AUROC test all: 0.7990281619073946, AUPR test all: 0.6567156896008017, AUROC test unknown: 0.7808899350540196, AUPR test unknown: 0.6024199339740726
Epoch: 43, Best AUROC test all: 0.8007274158999533, AUPR test all: 0.6567156896008017, AUROC test unknown: 0.7829707153491392, AUPR test unknown: 0.6024199339740726
pseudo_counter: Counter({0: 17276, -1: 929, 1: 128})
max_probs: 0.9480800032615662， num of >0.5: 831
AUROC test all: 0.7951856463366338, AUPR test all: 0.6527553884941917, AUROC test unknown: 0.7768997640107042, AUPR test unknown: 0.5983940490863879
Epoch: 44, Best AUROC test all: 0.8007274158999533, AUPR test all: 0.6567156896008017, AUROC test unknown: 0.7829707153491392, AUPR test unknown: 0.6024199339740726
pseudo_counter: Counter({0: 17271, -1: 929, 1: 133})
max_probs: 0.9726990461349487， num of >0.5: 827
AUROC test all: 0.7955554993383489, AUPR test all: 0.6537454361559385, AUROC test unknown: 0.7772366722247674, AUPR test unknown: 0.5992017808813699
Epoch: 45, Best AUROC test all: 0.8007274158999533, AUPR test all: 0.6567156896008017, AUROC test unknown: 0.7829707153491392, AUPR test unknown: 0.6024199339740726
pseudo_counter: Counter({0: 17266, -1: 929, 1: 138})
max_probs: 0.9484846591949463， num of >0.5: 829
AUROC test all: 0.7955385268526342, AUPR test all: 0.6567002651203411, AUROC test unknown: 0.7772337719097973, AUPR test unknown: 0.6028354638838067
Epoch: 46, Best AUROC test all: 0.8007274158999533, AUPR test all: 0.6567156896008017, AUROC test unknown: 0.7829707153491392, AUPR test unknown: 0.6028354638838067
pseudo_counter: Counter({0: 17262, -1: 929, 1: 142})
max_probs: 0.9905083179473877， num of >0.5: 846
AUROC test all: 0.7949599720712919, AUPR test all: 0.6551365619410326, AUROC test unknown: 0.7764593777770641, AUPR test unknown: 0.6007197279186693
Epoch: 47, Best AUROC test all: 0.8007274158999533, AUPR test all: 0.6567156896008017, AUROC test unknown: 0.7829707153491392, AUPR test unknown: 0.6028354638838067
pseudo_counter: Counter({0: 17259, -1: 929, 1: 145})
max_probs: 0.99348384141922， num of >0.5: 863
AUROC test all: 0.7944801336824728, AUPR test all: 0.655634920228905, AUROC test unknown: 0.7759230402928013, AUPR test unknown: 0.6012681461326228
Epoch: 48, Best AUROC test all: 0.8007274158999533, AUPR test all: 0.6567156896008017, AUROC test unknown: 0.7829707153491392, AUPR test unknown: 0.6028354638838067
pseudo_counter: Counter({0: 17255, -1: 929, 1: 149})
max_probs: 0.9975166320800781， num of >0.5: 861
AUROC test all: 0.7950330503512478, AUPR test all: 0.6555240712354731, AUROC test unknown: 0.77648482829182, AUPR test unknown: 0.601352423734099
Epoch: 49, Best AUROC test all: 0.8007274158999533, AUPR test all: 0.6567156896008017, AUROC test unknown: 0.7829707153491392, AUPR test unknown: 0.6028354638838067
pseudo_counter: Counter({0: 17250, -1: 929, 1: 154})
max_probs: 0.999303936958313， num of >0.5: 886
AUROC test all: 0.7975053573720152, AUPR test all: 0.6586325059839186, AUROC test unknown: 0.7793480212375312, AUPR test unknown: 0.6049448710306273
Epoch: 50, Best AUROC test all: 0.8007274158999533, AUPR test all: 0.6586325059839186, AUROC test unknown: 0.7829707153491392, AUPR test unknown: 0.6049448710306273
pseudo_counter: Counter({0: 17245, -1: 929, 1: 159})
max_probs: 0.999538779258728， num of >0.5: 909
AUROC test all: 0.7975668170885792, AUPR test all: 0.6605872855769146, AUROC test unknown: 0.7793621615274725, AUPR test unknown: 0.6071967760336741
Epoch: 51, Best AUROC test all: 0.8007274158999533, AUPR test all: 0.6605872855769146, AUROC test unknown: 0.7829707153491392, AUPR test unknown: 0.6071967760336741
pseudo_counter: Counter({0: 17240, -1: 929, 1: 164})
max_probs: 0.9990956783294678， num of >0.5: 950
AUROC test all: 0.8009694555051798, AUPR test all: 0.6635763851974104, AUROC test unknown: 0.7829633792583323, AUPR test unknown: 0.6102587277056615
Epoch: 52, Best AUROC test all: 0.8009694555051798, AUPR test all: 0.6635763851974104, AUROC test unknown: 0.7829707153491392, AUPR test unknown: 0.6102587277056615
pseudo_counter: Counter({0: 17237, -1: 929, 1: 167})
max_probs: 0.9998924732208252， num of >0.5: 967
AUROC test all: 0.8052360348409715, AUPR test all: 0.6702175220941837, AUROC test unknown: 0.7875858992506851, AUPR test unknown: 0.6177937461940938
Epoch: 53, Best AUROC test all: 0.8052360348409715, AUPR test all: 0.6702175220941837, AUROC test unknown: 0.7875858992506851, AUPR test unknown: 0.6177937461940938
pseudo_counter: Counter({0: 17234, -1: 929, 1: 170})
max_probs: 0.9999703168869019， num of >0.5: 1037
AUROC test all: 0.8122977571941032, AUPR test all: 0.6794745122136415, AUROC test unknown: 0.7953599978322905, AUPR test unknown: 0.6285919352715972
Epoch: 54, Best AUROC test all: 0.8122977571941032, AUPR test all: 0.6794745122136415, AUROC test unknown: 0.7953599978322905, AUPR test unknown: 0.6285919352715972
pseudo_counter: Counter({0: 17231, -1: 929, 1: 173})
max_probs: 0.9999951124191284， num of >0.5: 1091
AUROC test all: 0.8189911352109165, AUPR test all: 0.690506889367952, AUROC test unknown: 0.8025996054969499, AUPR test unknown: 0.6412356732580591
Epoch: 55, Best AUROC test all: 0.8189911352109165, AUPR test all: 0.690506889367952, AUROC test unknown: 0.8025996054969499, AUPR test unknown: 0.6412356732580591
pseudo_counter: Counter({0: 17225, -1: 929, 1: 179})
max_probs: 1.0， num of >0.5: 1170
AUROC test all: 0.8260225278700635, AUPR test all: 0.7012748255414722, AUROC test unknown: 0.8102485690357758, AUPR test unknown: 0.6535685936143284
Epoch: 56, Best AUROC test all: 0.8260225278700635, AUPR test all: 0.7012748255414722, AUROC test unknown: 0.8102485690357758, AUPR test unknown: 0.6535685936143284
pseudo_counter: Counter({0: 17221, -1: 929, 1: 183})
max_probs: 0.9999998807907104， num of >0.5: 1202
AUROC test all: 0.8385786440133811, AUPR test all: 0.71653215444745, AUROC test unknown: 0.8239768436444214, AUPR test unknown: 0.6707107226712243
Epoch: 57, Best AUROC test all: 0.8385786440133811, AUPR test all: 0.71653215444745, AUROC test unknown: 0.8239768436444214, AUPR test unknown: 0.6707107226712243
pseudo_counter: Counter({0: 17217, -1: 929, 1: 187})
max_probs: 0.9999998807907104， num of >0.5: 1303
AUROC test all: 0.8529015913200225, AUPR test all: 0.7382617638986672, AUROC test unknown: 0.8395823145015248, AUPR test unknown: 0.6957044307968776
Epoch: 58, Best AUROC test all: 0.8529015913200225, AUPR test all: 0.7382617638986672, AUROC test unknown: 0.8395823145015248, AUPR test unknown: 0.6957044307968776
pseudo_counter: Counter({0: 17208, -1: 929, 1: 196})
max_probs: 0.9999998807907104， num of >0.5: 1479
AUROC test all: 0.8670701212037861, AUPR test all: 0.7593308628162476, AUROC test unknown: 0.8550860234423728, AUPR test unknown: 0.7197991235178579
Epoch: 59, Best AUROC test all: 0.8670701212037861, AUPR test all: 0.7593308628162476, AUROC test unknown: 0.8550860234423728, AUPR test unknown: 0.7197991235178579
pseudo_counter: Counter({0: 17197, -1: 929, 1: 207})
max_probs: 1.0， num of >0.5: 1681
AUROC test all: 0.8782223138051624, AUPR test all: 0.7776749349096527, AUROC test unknown: 0.8671658152218366, AUPR test unknown: 0.7409529978968115
Epoch: 60, Best AUROC test all: 0.8782223138051624, AUPR test all: 0.7776749349096527, AUROC test unknown: 0.8671658152218366, AUPR test unknown: 0.7409529978968115
pseudo_counter: Counter({0: 17188, -1: 929, 1: 216})
max_probs: 1.0， num of >0.5: 1759
AUROC test all: 0.879435078402305, AUPR test all: 0.7773822647963642, AUROC test unknown: 0.8684999199653568, AUPR test unknown: 0.7406246359146765
Epoch: 61, Best AUROC test all: 0.879435078402305, AUPR test all: 0.7776749349096527, AUROC test unknown: 0.8684999199653568, AUPR test unknown: 0.7409529978968115
pseudo_counter: Counter({0: 17175, -1: 929, 1: 229})
max_probs: 1.0， num of >0.5: 1705
AUROC test all: 0.8781666679698839, AUPR test all: 0.7758297216236103, AUROC test unknown: 0.8671031423256812, AUPR test unknown: 0.738969823203851
Epoch: 62, Best AUROC test all: 0.879435078402305, AUPR test all: 0.7776749349096527, AUROC test unknown: 0.8684999199653568, AUPR test unknown: 0.7409529978968115
pseudo_counter: Counter({0: 17167, -1: 929, 1: 237})
max_probs: 1.0， num of >0.5: 1546
AUROC test all: 0.8722681450360998, AUPR test all: 0.765746685536989, AUROC test unknown: 0.8607859251427703, AUPR test unknown: 0.7274524808815905
Epoch: 63, Best AUROC test all: 0.879435078402305, AUPR test all: 0.7776749349096527, AUROC test unknown: 0.8684999199653568, AUPR test unknown: 0.7409529978968115
pseudo_counter: Counter({0: 17159, -1: 929, 1: 245})
max_probs: 1.0， num of >0.5: 1478
AUROC test all: 0.8664889446563577, AUPR test all: 0.7582474166793995, AUROC test unknown: 0.8544237580956673, AUPR test unknown: 0.7191118779252664
Epoch: 64, Best AUROC test all: 0.879435078402305, AUPR test all: 0.7776749349096527, AUROC test unknown: 0.8684999199653568, AUPR test unknown: 0.7409529978968115
pseudo_counter: Counter({0: 17154, -1: 929, 1: 250})
max_probs: 1.0， num of >0.5: 1347
AUROC test all: 0.8619998003778103, AUPR test all: 0.7510306215124687, AUROC test unknown: 0.8495209412274756, AUPR test unknown: 0.7107397814769998
Epoch: 65, Best AUROC test all: 0.879435078402305, AUPR test all: 0.7776749349096527, AUROC test unknown: 0.8684999199653568, AUPR test unknown: 0.7409529978968115
pseudo_counter: Counter({0: 17152, -1: 929, 1: 252})
max_probs: 0.9999997615814209， num of >0.5: 1301
AUROC test all: 0.8621500965683844, AUPR test all: 0.7522985181152301, AUROC test unknown: 0.8496397236772582, AUPR test unknown: 0.7122373958270025
Epoch: 66, Best AUROC test all: 0.879435078402305, AUPR test all: 0.7776749349096527, AUROC test unknown: 0.8684999199653568, AUPR test unknown: 0.7409529978968115
pseudo_counter: Counter({0: 17150, -1: 929, 1: 254})
max_probs: 1.0， num of >0.5: 1261
AUROC test all: 0.8678263305347897, AUPR test all: 0.7607523779980365, AUROC test unknown: 0.8558276811480028, AUPR test unknown: 0.7217441406771263
Epoch: 67, Best AUROC test all: 0.879435078402305, AUPR test all: 0.7776749349096527, AUROC test unknown: 0.8684999199653568, AUPR test unknown: 0.7409529978968115
pseudo_counter: Counter({0: 17145, -1: 929, 1: 259})
max_probs: 1.0， num of >0.5: 1280
AUROC test all: 0.8745251176690017, AUPR test all: 0.7681506706539647, AUROC test unknown: 0.8631503241277605, AUPR test unknown: 0.7300346540075058
Epoch: 68, Best AUROC test all: 0.879435078402305, AUPR test all: 0.7776749349096527, AUROC test unknown: 0.8684999199653568, AUPR test unknown: 0.7409529978968115
pseudo_counter: Counter({0: 17142, -1: 929, 1: 262})
max_probs: 1.0， num of >0.5: 1291
AUROC test all: 0.8841671178097491, AUPR test all: 0.7834754759140602, AUROC test unknown: 0.8736711715215163, AUPR test unknown: 0.7479202964942429
Epoch: 69, Best AUROC test all: 0.8841671178097491, AUPR test all: 0.7834754759140602, AUROC test unknown: 0.8736711715215163, AUPR test unknown: 0.7479202964942429
pseudo_counter: Counter({0: 17139, -1: 929, 1: 265})
max_probs: 1.0， num of >0.5: 1350
AUROC test all: 0.8976952100333607, AUPR test all: 0.8034047342097104, AUROC test unknown: 0.8884286966596702, AUPR test unknown: 0.7706359919902107
Epoch: 70, Best AUROC test all: 0.8976952100333607, AUPR test all: 0.8034047342097104, AUROC test unknown: 0.8884286966596702, AUPR test unknown: 0.7706359919902107
pseudo_counter: Counter({0: 17137, -1: 929, 1: 267})
max_probs: 1.0， num of >0.5: 1451
AUROC test all: 0.9118261612698915, AUPR test all: 0.8250525160352926, AUROC test unknown: 0.90385164838749, AUPR test unknown: 0.7952488152743608
Epoch: 71, Best AUROC test all: 0.9118261612698915, AUPR test all: 0.8250525160352926, AUROC test unknown: 0.90385164838749, AUPR test unknown: 0.7952488152743608
pseudo_counter: Counter({0: 17131, -1: 929, 1: 273})
max_probs: 1.0， num of >0.5: 1564
AUROC test all: 0.921156594408647, AUPR test all: 0.8412426413487009, AUROC test unknown: 0.9140624029360419, AUPR test unknown: 0.8139144617588809
Epoch: 72, Best AUROC test all: 0.921156594408647, AUPR test all: 0.8412426413487009, AUROC test unknown: 0.9140624029360419, AUPR test unknown: 0.8139144617588809
pseudo_counter: Counter({0: 17125, -1: 929, 1: 279})
max_probs: 1.0， num of >0.5: 1687
AUROC test all: 0.9299947610674175, AUPR test all: 0.8541911756749664, AUROC test unknown: 0.9237480499396101, AUPR test unknown: 0.82880169339787
Epoch: 73, Best AUROC test all: 0.9299947610674175, AUPR test all: 0.8541911756749664, AUROC test unknown: 0.9237480499396101, AUPR test unknown: 0.82880169339787
pseudo_counter: Counter({0: 17120, -1: 929, 1: 284})
max_probs: 1.0， num of >0.5: 1820
AUROC test all: 0.9369376024271114, AUPR test all: 0.864997402814394, AUROC test unknown: 0.9312399348282165, AUPR test unknown: 0.841077575462182
Epoch: 74, Best AUROC test all: 0.9369376024271114, AUPR test all: 0.864997402814394, AUROC test unknown: 0.9312399348282165, AUPR test unknown: 0.841077575462182
pseudo_counter: Counter({0: 17111, -1: 929, 1: 293})
max_probs: 1.0， num of >0.5: 1956
AUROC test all: 0.936644737356533, AUPR test all: 0.8664332511686058, AUROC test unknown: 0.9309242922453707, AUPR test unknown: 0.8429265631742764
Epoch: 75, Best AUROC test all: 0.9369376024271114, AUPR test all: 0.8664332511686058, AUROC test unknown: 0.9312399348282165, AUPR test unknown: 0.8429265631742764
pseudo_counter: Counter({0: 17101, -1: 929, 1: 303})
max_probs: 1.0， num of >0.5: 1913
AUROC test all: 0.936732074364325, AUPR test all: 0.8660719217952854, AUROC test unknown: 0.9309931772348357, AUPR test unknown: 0.8423627599536181
Epoch: 76, Best AUROC test all: 0.9369376024271114, AUPR test all: 0.8664332511686058, AUROC test unknown: 0.9312399348282165, AUPR test unknown: 0.8429265631742764
pseudo_counter: Counter({0: 17096, -1: 929, 1: 308})
max_probs: 1.0， num of >0.5: 1854
AUROC test all: 0.9355116100541508, AUPR test all: 0.8623726829182509, AUROC test unknown: 0.92967002143122, AUPR test unknown: 0.8379473887903878
Epoch: 77, Best AUROC test all: 0.9369376024271114, AUPR test all: 0.8664332511686058, AUROC test unknown: 0.9312399348282165, AUPR test unknown: 0.8429265631742764
pseudo_counter: Counter({0: 17089, -1: 929, 1: 315})
max_probs: 1.0， num of >0.5: 1841
AUROC test all: 0.9299403479221583, AUPR test all: 0.8533792662297147, AUROC test unknown: 0.923624159322631, AUPR test unknown: 0.827860525471482
Epoch: 78, Best AUROC test all: 0.9369376024271114, AUPR test all: 0.8664332511686058, AUROC test unknown: 0.9312399348282165, AUPR test unknown: 0.8429265631742764
pseudo_counter: Counter({0: 17080, -1: 929, 1: 324})
max_probs: 1.0， num of >0.5: 1742
AUROC test all: 0.9294897629233521, AUPR test all: 0.8539094255275904, AUROC test unknown: 0.9231725431497119, AUPR test unknown: 0.8286326318436826
Epoch: 79, Best AUROC test all: 0.9369376024271114, AUPR test all: 0.8664332511686058, AUROC test unknown: 0.9312399348282165, AUPR test unknown: 0.8429265631742764
pseudo_counter: Counter({0: 17077, -1: 929, 1: 327})
max_probs: 0.9999998807907104， num of >0.5: 1716
AUROC test all: 0.9285237203136736, AUPR test all: 0.8541929920365576, AUROC test unknown: 0.9220902941310771, AUPR test unknown: 0.8291522615463405
Epoch: 80, Best AUROC test all: 0.9369376024271114, AUPR test all: 0.8664332511686058, AUROC test unknown: 0.9312399348282165, AUPR test unknown: 0.8429265631742764
pseudo_counter: Counter({0: 17071, -1: 929, 1: 333})
max_probs: 1.0， num of >0.5: 1734
AUROC test all: 0.9292003383458127, AUPR test all: 0.8520898494845865, AUROC test unknown: 0.9228672574009464, AUPR test unknown: 0.8264549247566021
Epoch: 81, Best AUROC test all: 0.9369376024271114, AUPR test all: 0.8664332511686058, AUROC test unknown: 0.9312399348282165, AUPR test unknown: 0.8429265631742764
pseudo_counter: Counter({0: 17068, -1: 929, 1: 336})
max_probs: 1.0， num of >0.5: 1736
AUROC test all: 0.9265079501606865, AUPR test all: 0.8503106477447799, AUROC test unknown: 0.9199860804952815, AUPR test unknown: 0.8246163048972438
Epoch: 82, Best AUROC test all: 0.9369376024271114, AUPR test all: 0.8664332511686058, AUROC test unknown: 0.9312399348282165, AUPR test unknown: 0.8429265631742764
pseudo_counter: Counter({0: 17067, -1: 929, 1: 337})
max_probs: 1.0， num of >0.5: 1670
AUROC test all: 0.9225456612761009, AUPR test all: 0.8435851636442113, AUROC test unknown: 0.9155384424706469, AUPR test unknown: 0.8166697929528799
Epoch: 83, Best AUROC test all: 0.9369376024271114, AUPR test all: 0.8664332511686058, AUROC test unknown: 0.9312399348282165, AUPR test unknown: 0.8429265631742764
pseudo_counter: Counter({0: 17059, -1: 929, 1: 345})
max_probs: 1.0， num of >0.5: 1665
AUROC test all: 0.9195504361100901, AUPR test all: 0.8378676333122206, AUROC test unknown: 0.9122526264660263, AUPR test unknown: 0.810011614169829
Epoch: 84, Best AUROC test all: 0.9369376024271114, AUPR test all: 0.8664332511686058, AUROC test unknown: 0.9312399348282165, AUPR test unknown: 0.8429265631742764
pseudo_counter: Counter({0: 17055, -1: 929, 1: 349})
max_probs: 0.9999998807907104， num of >0.5: 1579
AUROC test all: 0.9132661547936693, AUPR test all: 0.8284761679216829, AUROC test unknown: 0.9054782032297868, AUPR test unknown: 0.799412869521854
Epoch: 85, Best AUROC test all: 0.9369376024271114, AUPR test all: 0.8664332511686058, AUROC test unknown: 0.9312399348282165, AUPR test unknown: 0.8429265631742764
pseudo_counter: Counter({0: 17051, -1: 929, 1: 353})
max_probs: 0.9999998807907104， num of >0.5: 1550
AUROC test all: 0.9086815690304111, AUPR test all: 0.8206654927504681, AUROC test unknown: 0.9004450729017751, AUPR test unknown: 0.79029839843751
Epoch: 86, Best AUROC test all: 0.9369376024271114, AUPR test all: 0.8664332511686058, AUROC test unknown: 0.9312399348282165, AUPR test unknown: 0.8429265631742764
pseudo_counter: Counter({0: 17048, -1: 929, 1: 356})
max_probs: 1.0， num of >0.5: 1514
AUROC test all: 0.9081150099788096, AUPR test all: 0.8191501318797556, AUROC test unknown: 0.8998151325188032, AUPR test unknown: 0.7887017851066772
Epoch: 87, Best AUROC test all: 0.9369376024271114, AUPR test all: 0.8664332511686058, AUROC test unknown: 0.9312399348282165, AUPR test unknown: 0.8429265631742764
pseudo_counter: Counter({0: 17048, -1: 929, 1: 356})
max_probs: 1.0， num of >0.5: 1478
AUROC test all: 0.9086498686587183, AUPR test all: 0.8207335375759554, AUROC test unknown: 0.9003920443055728, AUPR test unknown: 0.7905068435844199
Epoch: 88, Best AUROC test all: 0.9369376024271114, AUPR test all: 0.8664332511686058, AUROC test unknown: 0.9312399348282165, AUPR test unknown: 0.8429265631742764
pseudo_counter: Counter({0: 17047, -1: 929, 1: 357})
max_probs: 1.0， num of >0.5: 1497
AUROC test all: 0.9099385448830255, AUPR test all: 0.8246634041620532, AUROC test unknown: 0.9018107499321337, AUPR test unknown: 0.7951296664908577
Epoch: 89, Best AUROC test all: 0.9369376024271114, AUPR test all: 0.8664332511686058, AUROC test unknown: 0.9312399348282165, AUPR test unknown: 0.8429265631742764
pseudo_counter: Counter({0: 17046, -1: 929, 1: 358})
max_probs: 0.9999990463256836， num of >0.5: 1548
AUROC test all: 0.9175141977832738, AUPR test all: 0.8334275245275835, AUROC test unknown: 0.9100492702295715, AUPR test unknown: 0.8048690407372361
Epoch: 90, Best AUROC test all: 0.9369376024271114, AUPR test all: 0.8664332511686058, AUROC test unknown: 0.9312399348282165, AUPR test unknown: 0.8429265631742764
pseudo_counter: Counter({0: 17045, -1: 929, 1: 359})
max_probs: 0.9999991655349731， num of >0.5: 1581
AUROC test all: 0.9195659183287668, AUPR test all: 0.8374286007890951, AUROC test unknown: 0.9123137337942393, AUPR test unknown: 0.8097078666405767
Epoch: 91, Best AUROC test all: 0.9369376024271114, AUPR test all: 0.8664332511686058, AUROC test unknown: 0.9312399348282165, AUPR test unknown: 0.8429265631742764
pseudo_counter: Counter({0: 17045, -1: 929, 1: 359})
max_probs: 0.9999994039535522， num of >0.5: 1633
AUROC test all: 0.9219949708087045, AUPR test all: 0.8430326468786489, AUROC test unknown: 0.914962544288763, AUPR test unknown: 0.816130999027959
Epoch: 92, Best AUROC test all: 0.9369376024271114, AUPR test all: 0.8664332511686058, AUROC test unknown: 0.9312399348282165, AUPR test unknown: 0.8429265631742764
pseudo_counter: Counter({0: 17044, -1: 929, 1: 360})
max_probs: 1.0， num of >0.5: 1683
AUROC test all: 0.9265507723400919, AUPR test all: 0.8481291396654644, AUROC test unknown: 0.91992539466613, AUPR test unknown: 0.821754258675725
Epoch: 93, Best AUROC test all: 0.9369376024271114, AUPR test all: 0.8664332511686058, AUROC test unknown: 0.9312399348282165, AUPR test unknown: 0.8429265631742764
pseudo_counter: Counter({0: 17042, -1: 929, 1: 362})
max_probs: 1.0， num of >0.5: 1770
AUROC test all: 0.9261906980659187, AUPR test all: 0.8465410701165177, AUROC test unknown: 0.9195471494369727, AUPR test unknown: 0.8197551988942172
Epoch: 94, Best AUROC test all: 0.9369376024271114, AUPR test all: 0.8664332511686058, AUROC test unknown: 0.9312399348282165, AUPR test unknown: 0.8429265631742764
pseudo_counter: Counter({0: 17040, -1: 929, 1: 364})
max_probs: 0.9999998807907104， num of >0.5: 1778
AUROC test all: 0.9242214941582912, AUPR test all: 0.8447443145911423, AUROC test unknown: 0.9174051815281046, AUPR test unknown: 0.8180857235926119
Epoch: 95, Best AUROC test all: 0.9369376024271114, AUPR test all: 0.8664332511686058, AUROC test unknown: 0.9312399348282165, AUPR test unknown: 0.8429265631742764
pseudo_counter: Counter({0: 17039, -1: 929, 1: 365})
max_probs: 1.0， num of >0.5: 1755
AUROC test all: 0.9232480830060341, AUPR test all: 0.8436639449748313, AUROC test unknown: 0.9164261295296723, AUPR test unknown: 0.8168855581965108
Epoch: 96, Best AUROC test all: 0.9369376024271114, AUPR test all: 0.8664332511686058, AUROC test unknown: 0.9312399348282165, AUPR test unknown: 0.8429265631742764
pseudo_counter: Counter({0: 17036, -1: 929, 1: 368})
max_probs: 1.0， num of >0.5: 1689
AUROC test all: 0.9192790327247005, AUPR test all: 0.8365330274225534, AUROC test unknown: 0.912005638051731, AUPR test unknown: 0.8084671659952507
Epoch: 97, Best AUROC test all: 0.9369376024271114, AUPR test all: 0.8664332511686058, AUROC test unknown: 0.9312399348282165, AUPR test unknown: 0.8429265631742764
pseudo_counter: Counter({0: 17034, -1: 929, 1: 370})
max_probs: 0.9999991655349731， num of >0.5: 1663
AUROC test all: 0.9138596306437539, AUPR test all: 0.828319025376163, AUROC test unknown: 0.90606818148746, AUPR test unknown: 0.7990236185557733
Epoch: 98, Best AUROC test all: 0.9369376024271114, AUPR test all: 0.8664332511686058, AUROC test unknown: 0.9312399348282165, AUPR test unknown: 0.8429265631742764
pseudo_counter: Counter({0: 17033, -1: 929, 1: 371})
max_probs: 0.9999997615814209， num of >0.5: 1571
AUROC test all: 0.9123056408907197, AUPR test all: 0.8284150500843105, AUROC test unknown: 0.9043612206813533, AUPR test unknown: 0.7994807117925573
Epoch: 99, Best AUROC test all: 0.9369376024271114, AUPR test all: 0.8664332511686058, AUROC test unknown: 0.9312399348282165, AUPR test unknown: 0.8429265631742764
pseudo_counter: Counter({0: 17031, -1: 929, 1: 373})
max_probs: 1.0， num of >0.5: 1581
AUROC test all: 0.9082044260011122, AUPR test all: 0.8205261699571682, AUROC test unknown: 0.8998960603385943, AUPR test unknown: 0.7903600415541688
Epoch: 100, Best AUROC test all: 0.9369376024271114, AUPR test all: 0.8664332511686058, AUROC test unknown: 0.9312399348282165, AUPR test unknown: 0.8429265631742764
pseudo_counter: Counter({0: 17028, -1: 929, 1: 376})
max_probs: 1.0， num of >0.5: 1513
AUROC test all: 0.9089316579174805, AUPR test all: 0.8204653298535718, AUROC test unknown: 0.9008474037915848, AUPR test unknown: 0.7903172794446292
Epoch: 101, Best AUROC test all: 0.9369376024271114, AUPR test all: 0.8664332511686058, AUROC test unknown: 0.9312399348282165, AUPR test unknown: 0.8429265631742764
pseudo_counter: Counter({0: 17028, -1: 929, 1: 376})
max_probs: 0.9999998807907104， num of >0.5: 1508
AUROC test all: 0.9116128690998189, AUPR test all: 0.8232284786518992, AUROC test unknown: 0.9037236933152758, AUPR test unknown: 0.793318981961251
Epoch: 102, Best AUROC test all: 0.9369376024271114, AUPR test all: 0.8664332511686058, AUROC test unknown: 0.9312399348282165, AUPR test unknown: 0.8429265631742764
pseudo_counter: Counter({0: 17024, -1: 929, 1: 380})
max_probs: 1.0， num of >0.5: 1552
AUROC test all: 0.9142742100549788, AUPR test all: 0.829417353964587, AUROC test unknown: 0.906511508178838, AUPR test unknown: 0.8005387229325756
Epoch: 103, Best AUROC test all: 0.9369376024271114, AUPR test all: 0.8664332511686058, AUROC test unknown: 0.9312399348282165, AUPR test unknown: 0.8429265631742764
pseudo_counter: Counter({0: 17023, -1: 929, 1: 381})
max_probs: 0.9999996423721313， num of >0.5: 1601
AUROC test all: 0.9186061863560534, AUPR test all: 0.8361169593163321, AUROC test unknown: 0.9112610699954387, AUPR test unknown: 0.8081145773835674
Epoch: 104, Best AUROC test all: 0.9369376024271114, AUPR test all: 0.8664332511686058, AUROC test unknown: 0.9312399348282165, AUPR test unknown: 0.8429265631742764
pseudo_counter: Counter({0: 17021, -1: 929, 1: 383})
max_probs: 0.9999995231628418， num of >0.5: 1638
AUROC test all: 0.9239120153699887, AUPR test all: 0.8434677443111132, AUROC test unknown: 0.9170242868762755, AUPR test unknown: 0.8164268150907886
Epoch: 105, Best AUROC test all: 0.9369376024271114, AUPR test all: 0.8664332511686058, AUROC test unknown: 0.9312399348282165, AUPR test unknown: 0.8429265631742764
pseudo_counter: Counter({0: 17021, -1: 929, 1: 383})
max_probs: 1.0， num of >0.5: 1732
AUROC test all: 0.9259657229381993, AUPR test all: 0.8459827781992725, AUROC test unknown: 0.9192731349042871, AUPR test unknown: 0.8190733943740316
Epoch: 106, Best AUROC test all: 0.9369376024271114, AUPR test all: 0.8664332511686058, AUROC test unknown: 0.9312399348282165, AUPR test unknown: 0.8429265631742764
pseudo_counter: Counter({0: 17017, -1: 929, 1: 387})
max_probs: 0.9999998807907104， num of >0.5: 1730
AUROC test all: 0.926207320982822, AUPR test all: 0.8462988584610969, AUROC test unknown: 0.9195458949754803, AUPR test unknown: 0.8195109085204961
Epoch: 107, Best AUROC test all: 0.9369376024271114, AUPR test all: 0.8664332511686058, AUROC test unknown: 0.9312399348282165, AUPR test unknown: 0.8429265631742764
pseudo_counter: Counter({0: 17016, -1: 929, 1: 388})
max_probs: 0.9999998807907104， num of >0.5: 1748
AUROC test all: 0.9270323861705059, AUPR test all: 0.8473308362434413, AUROC test unknown: 0.9204346257464674, AUPR test unknown: 0.8206282744481557
Epoch: 108, Best AUROC test all: 0.9369376024271114, AUPR test all: 0.8664332511686058, AUROC test unknown: 0.9312399348282165, AUPR test unknown: 0.8429265631742764
pseudo_counter: Counter({0: 17015, -1: 929, 1: 389})
max_probs: 1.0， num of >0.5: 1750
AUROC test all: 0.9267235421255715, AUPR test all: 0.8472608082735724, AUROC test unknown: 0.9200961118216938, AUPR test unknown: 0.820428757908777
Epoch: 109, Best AUROC test all: 0.9369376024271114, AUPR test all: 0.8664332511686058, AUROC test unknown: 0.9312399348282165, AUPR test unknown: 0.8429265631742764
pseudo_counter: Counter({0: 17012, -1: 929, 1: 392})
max_probs: 1.0， num of >0.5: 1759
AUROC test all: 0.9244345195521655, AUPR test all: 0.843973760273139, AUROC test unknown: 0.917698775695762, AUPR test unknown: 0.8170183642072708
Epoch: 110, Best AUROC test all: 0.9369376024271114, AUPR test all: 0.8664332511686058, AUROC test unknown: 0.9312399348282165, AUPR test unknown: 0.8429265631742764
pseudo_counter: Counter({0: 17012, -1: 929, 1: 392})
max_probs: 1.0， num of >0.5: 1729
AUROC test all: 0.9255288355172953, AUPR test all: 0.8447896543152077, AUROC test unknown: 0.9188525591265334, AUPR test unknown: 0.8178955197002504
Epoch: 111, Best AUROC test all: 0.9369376024271114, AUPR test all: 0.8664332511686058, AUROC test unknown: 0.9312399348282165, AUPR test unknown: 0.8429265631742764
pseudo_counter: Counter({0: 17008, -1: 929, 1: 396})
max_probs: 0.9999986886978149， num of >0.5: 1711
AUROC test all: 0.9257049997999178, AUPR test all: 0.8465535531700695, AUROC test unknown: 0.9190338237943246, AUPR test unknown: 0.8198853005116312
Epoch: 112, Best AUROC test all: 0.9369376024271114, AUPR test all: 0.8664332511686058, AUROC test unknown: 0.9312399348282165, AUPR test unknown: 0.8429265631742764
pseudo_counter: Counter({0: 17007, -1: 929, 1: 397})
max_probs: 0.9999990463256836， num of >0.5: 1706
AUROC test all: 0.9277962492186448, AUPR test all: 0.8493058031783416, AUROC test unknown: 0.9212570707722015, AUPR test unknown: 0.822932010893047
Epoch: 113, Best AUROC test all: 0.9369376024271114, AUPR test all: 0.8664332511686058, AUROC test unknown: 0.9312399348282165, AUPR test unknown: 0.8429265631742764
pseudo_counter: Counter({0: 17006, -1: 929, 1: 398})
max_probs: 1.0， num of >0.5: 1695
AUROC test all: 0.9284964539463788, AUPR test all: 0.8515901358497233, AUROC test unknown: 0.9220689582500162, AUPR test unknown: 0.8257048678460517
Epoch: 114, Best AUROC test all: 0.9369376024271114, AUPR test all: 0.8664332511686058, AUROC test unknown: 0.9312399348282165, AUPR test unknown: 0.8429265631742764
pseudo_counter: Counter({0: 17005, -1: 929, 1: 399})
max_probs: 0.9999988079071045， num of >0.5: 1714
AUROC test all: 0.9314856904466983, AUPR test all: 0.8542150378392706, AUROC test unknown: 0.9253007521249323, AUPR test unknown: 0.8286570787314047
Epoch: 115, Best AUROC test all: 0.9369376024271114, AUPR test all: 0.8664332511686058, AUROC test unknown: 0.9312399348282165, AUPR test unknown: 0.8429265631742764
pseudo_counter: Counter({0: 17004, -1: 929, 1: 400})
max_probs: 1.0， num of >0.5: 1743
AUROC test all: 0.9310273045438885, AUPR test all: 0.855729237492984, AUROC test unknown: 0.9247865333057017, AUPR test unknown: 0.8303206633970016
Epoch: 116, Best AUROC test all: 0.9369376024271114, AUPR test all: 0.8664332511686058, AUROC test unknown: 0.9312399348282165, AUPR test unknown: 0.8429265631742764
pseudo_counter: Counter({0: 17004, -1: 929, 1: 400})
max_probs: 0.9999980926513672， num of >0.5: 1775
AUROC test all: 0.9330777740010036, AUPR test all: 0.8578741518520439, AUROC test unknown: 0.9270161930907271, AUPR test unknown: 0.8328225955512094
Epoch: 117, Best AUROC test all: 0.9369376024271114, AUPR test all: 0.8664332511686058, AUROC test unknown: 0.9312399348282165, AUPR test unknown: 0.8429265631742764
pseudo_counter: Counter({0: 17004, -1: 929, 1: 400})
max_probs: 1.0， num of >0.5: 1789
AUROC test all: 0.9338323734756385, AUPR test all: 0.8580463540295602, AUROC test unknown: 0.9278449706380744, AUPR test unknown: 0.8329509689367686
Epoch: 118, Best AUROC test all: 0.9369376024271114, AUPR test all: 0.8664332511686058, AUROC test unknown: 0.9312399348282165, AUPR test unknown: 0.8429265631742764
pseudo_counter: Counter({0: 17002, -1: 929, 1: 402})
max_probs: 0.9999995231628418， num of >0.5: 1801
AUROC test all: 0.9314709165648241, AUPR test all: 0.8532955130642672, AUROC test unknown: 0.925284715089215, AUPR test unknown: 0.8272206103167963
Epoch: 119, Best AUROC test all: 0.9369376024271114, AUPR test all: 0.8664332511686058, AUROC test unknown: 0.9312399348282165, AUPR test unknown: 0.8429265631742764
pseudo_counter: Counter({0: 17000, -1: 929, 1: 404})
max_probs: 0.999998927116394， num of >0.5: 1767
AUROC test all: 0.9305107430315067, AUPR test all: 0.853693315048375, AUROC test unknown: 0.9242508782484908, AUPR test unknown: 0.8278252805957874
Epoch: 120, Best AUROC test all: 0.9369376024271114, AUPR test all: 0.8664332511686058, AUROC test unknown: 0.9312399348282165, AUPR test unknown: 0.8429265631742764
pseudo_counter: Counter({0: 16999, -1: 929, 1: 405})
max_probs: 1.0， num of >0.5: 1753
AUROC test all: 0.9291185024472116, AUPR test all: 0.8510178645892514, AUROC test unknown: 0.9226904485803761, AUPR test unknown: 0.8248666667302686
Epoch: 121, Best AUROC test all: 0.9369376024271114, AUPR test all: 0.8664332511686058, AUROC test unknown: 0.9312399348282165, AUPR test unknown: 0.8429265631742764
pseudo_counter: Counter({0: 16999, -1: 929, 1: 405})
max_probs: 1.0， num of >0.5: 1730
AUROC test all: 0.9279462326371241, AUPR test all: 0.8491971093240339, AUROC test unknown: 0.9214206726221806, AUPR test unknown: 0.8228305038019899
Epoch: 122, Best AUROC test all: 0.9369376024271114, AUPR test all: 0.8664332511686058, AUROC test unknown: 0.9312399348282165, AUPR test unknown: 0.8429265631742764
pseudo_counter: Counter({0: 16997, -1: 929, 1: 407})
max_probs: 1.0， num of >0.5: 1705
AUROC test all: 0.9249535648429448, AUPR test all: 0.8469429591605655, AUROC test unknown: 0.9182267735200239, AUPR test unknown: 0.8205370172734503
Epoch: 123, Best AUROC test all: 0.9369376024271114, AUPR test all: 0.8664332511686058, AUROC test unknown: 0.9312399348282165, AUPR test unknown: 0.8429265631742764
pseudo_counter: Counter({0: 16997, -1: 929, 1: 407})
max_probs: 0.9999998807907104， num of >0.5: 1694
AUROC test all: 0.9239274239952311, AUPR test all: 0.846168026710592, AUROC test unknown: 0.9170408156608981, AUPR test unknown: 0.819677313134338
Epoch: 124, Best AUROC test all: 0.9369376024271114, AUPR test all: 0.8664332511686058, AUROC test unknown: 0.9312399348282165, AUPR test unknown: 0.8429265631742764
pseudo_counter: Counter({0: 16997, -1: 929, 1: 407})
max_probs: 0.9999998807907104， num of >0.5: 1673
AUROC test all: 0.9231938078484637, AUPR test all: 0.8440898788444249, AUROC test unknown: 0.9164055162184307, AUPR test unknown: 0.8171849775523765
Epoch: 125, Best AUROC test all: 0.9369376024271114, AUPR test all: 0.8664332511686058, AUROC test unknown: 0.9312399348282165, AUPR test unknown: 0.8429265631742764
pseudo_counter: Counter({0: 16996, -1: 929, 1: 408})
max_probs: 0.9999998807907104， num of >0.5: 1675
AUROC test all: 0.9251320473187381, AUPR test all: 0.8479710245891772, AUROC test unknown: 0.9185242013220016, AUPR test unknown: 0.8217492554818873
Epoch: 126, Best AUROC test all: 0.9369376024271114, AUPR test all: 0.8664332511686058, AUROC test unknown: 0.9312399348282165, AUPR test unknown: 0.8429265631742764
pseudo_counter: Counter({0: 16995, -1: 929, 1: 409})
max_probs: 0.9999997615814209， num of >0.5: 1732
AUROC test all: 0.9265303317638001, AUPR test all: 0.84926545757066, AUROC test unknown: 0.9199032559297141, AUPR test unknown: 0.8230350475071437
Epoch: 127, Best AUROC test all: 0.9369376024271114, AUPR test all: 0.8664332511686058, AUROC test unknown: 0.9312399348282165, AUPR test unknown: 0.8429265631742764
pseudo_counter: Counter({0: 16992, -1: 929, 1: 412})
max_probs: 0.9999997615814209， num of >0.5: 1766
AUROC test all: 0.9276766598884046, AUPR test all: 0.8484575133662807, AUROC test unknown: 0.9211384087507222, AUPR test unknown: 0.8217104399020548
Epoch: 128, Best AUROC test all: 0.9369376024271114, AUPR test all: 0.8664332511686058, AUROC test unknown: 0.9312399348282165, AUPR test unknown: 0.8429265631742764
pseudo_counter: Counter({0: 16992, -1: 929, 1: 412})
max_probs: 0.9999990463256836， num of >0.5: 1794
AUROC test all: 0.9283341988227811, AUPR test all: 0.8509868766342445, AUROC test unknown: 0.9218444798927387, AUPR test unknown: 0.8248591195970597
Epoch: 129, Best AUROC test all: 0.9369376024271114, AUPR test all: 0.8664332511686058, AUROC test unknown: 0.9312399348282165, AUPR test unknown: 0.8429265631742764
pseudo_counter: Counter({0: 16991, -1: 929, 1: 413})
max_probs: 1.0， num of >0.5: 1802
AUROC test all: 0.9311787782294064, AUPR test all: 0.8541534788624203, AUROC test unknown: 0.9249617966297136, AUPR test unknown: 0.8285579863323844
Epoch: 130, Best AUROC test all: 0.9369376024271114, AUPR test all: 0.8664332511686058, AUROC test unknown: 0.9312399348282165, AUPR test unknown: 0.8429265631742764
pseudo_counter: Counter({0: 16991, -1: 929, 1: 413})
max_probs: 0.9999998807907104， num of >0.5: 1784
AUROC test all: 0.9282657937258838, AUPR test all: 0.8507322915372011, AUROC test unknown: 0.9217753139038993, AUPR test unknown: 0.8245805372574767
Epoch: 131, Best AUROC test all: 0.9369376024271114, AUPR test all: 0.8664332511686058, AUROC test unknown: 0.9312399348282165, AUPR test unknown: 0.8429265631742764
pseudo_counter: Counter({0: 16989, -1: 929, 1: 415})
max_probs: 0.9999985694885254， num of >0.5: 1762
AUROC test all: 0.9295192922887419, AUPR test all: 0.8535032674688106, AUROC test unknown: 0.9231482969179889, AUPR test unknown: 0.8278797312953992
Epoch: 132, Best AUROC test all: 0.9369376024271114, AUPR test all: 0.8664332511686058, AUROC test unknown: 0.9312399348282165, AUPR test unknown: 0.8429265631742764
pseudo_counter: Counter({0: 16989, -1: 929, 1: 415})
max_probs: 0.9999998807907104， num of >0.5: 1751
AUROC test all: 0.9310798318574018, AUPR test all: 0.855511226392062, AUROC test unknown: 0.9248481323828196, AUPR test unknown: 0.8300868719998968
Epoch: 133, Best AUROC test all: 0.9369376024271114, AUPR test all: 0.8664332511686058, AUROC test unknown: 0.9312399348282165, AUPR test unknown: 0.8429265631742764
pseudo_counter: Counter({0: 16986, -1: 929, 1: 418})
max_probs: 1.0， num of >0.5: 1752
AUROC test all: 0.9291069390788953, AUPR test all: 0.8510469494237929, AUROC test unknown: 0.9227223119022805, AUPR test unknown: 0.8249018324205502
Epoch: 134, Best AUROC test all: 0.9369376024271114, AUPR test all: 0.8664332511686058, AUROC test unknown: 0.9312399348282165, AUPR test unknown: 0.8429265631742764
pseudo_counter: Counter({0: 16983, -1: 929, 1: 421})
max_probs: 0.9999997615814209， num of >0.5: 1705
AUROC test all: 0.9301611834192153, AUPR test all: 0.8531926760418627, AUROC test unknown: 0.9238458879003175, AUPR test unknown: 0.8274001299314782
Epoch: 135, Best AUROC test all: 0.9369376024271114, AUPR test all: 0.8664332511686058, AUROC test unknown: 0.9312399348282165, AUPR test unknown: 0.8429265631742764
pseudo_counter: Counter({0: 16980, -1: 929, 1: 424})
max_probs: 1.0， num of >0.5: 1697
AUROC test all: 0.9291195327552875, AUPR test all: 0.850615534263568, AUROC test unknown: 0.9227024111251667, AUPR test unknown: 0.8242285587677156
Epoch: 136, Best AUROC test all: 0.9369376024271114, AUPR test all: 0.8664332511686058, AUROC test unknown: 0.9312399348282165, AUPR test unknown: 0.8429265631742764
pseudo_counter: Counter({0: 16979, -1: 929, 1: 425})
max_probs: 1.0， num of >0.5: 1701
AUROC test all: 0.9266511261865216, AUPR test all: 0.8485663962160103, AUROC test unknown: 0.920043825866695, AUPR test unknown: 0.8222290722508132
Epoch: 137, Best AUROC test all: 0.9369376024271114, AUPR test all: 0.8664332511686058, AUROC test unknown: 0.9312399348282165, AUPR test unknown: 0.8429265631742764
pseudo_counter: Counter({0: 16976, -1: 929, 1: 428})
max_probs: 1.0， num of >0.5: 1669
AUROC test all: 0.9302469749648935, AUPR test all: 0.8531804860031678, AUROC test unknown: 0.9239322349937553, AUPR test unknown: 0.8274674293249485
Epoch: 138, Best AUROC test all: 0.9369376024271114, AUPR test all: 0.8664332511686058, AUROC test unknown: 0.9312399348282165, AUPR test unknown: 0.8429265631742764
pseudo_counter: Counter({0: 16975, -1: 929, 1: 429})
max_probs: 0.9999991655349731， num of >0.5: 1659
AUROC test all: 0.9318874646004084, AUPR test all: 0.8549845106095797, AUROC test unknown: 0.9257325176991973, AUPR test unknown: 0.8292994209686156
Epoch: 139, Best AUROC test all: 0.9369376024271114, AUPR test all: 0.8664332511686058, AUROC test unknown: 0.9312399348282165, AUPR test unknown: 0.8429265631742764
pseudo_counter: Counter({0: 16974, -1: 929, 1: 430})
max_probs: 1.0， num of >0.5: 1694
AUROC test all: 0.9329728573616661, AUPR test all: 0.8561285187802907, AUROC test unknown: 0.9269159264925708, AUPR test unknown: 0.8305507411070108
Epoch: 140, Best AUROC test all: 0.9369376024271114, AUPR test all: 0.8664332511686058, AUROC test unknown: 0.9312399348282165, AUPR test unknown: 0.8429265631742764
pseudo_counter: Counter({0: 16972, -1: 929, 1: 432})
max_probs: 1.0， num of >0.5: 1715
AUROC test all: 0.9375843967201246, AUPR test all: 0.8640185250920156, AUROC test unknown: 0.9319299890058994, AUPR test unknown: 0.8396389051171527
Epoch: 141, Best AUROC test all: 0.9375843967201246, AUPR test all: 0.8664332511686058, AUROC test unknown: 0.9319299890058994, AUPR test unknown: 0.8429265631742764
pseudo_counter: Counter({0: 16972, -1: 929, 1: 432})
max_probs: 1.0， num of >0.5: 1724
AUROC test all: 0.934663546918344, AUPR test all: 0.8609725839388678, AUROC test unknown: 0.9287540136495447, AUPR test unknown: 0.836185525707807
Epoch: 142, Best AUROC test all: 0.9375843967201246, AUPR test all: 0.8664332511686058, AUROC test unknown: 0.9319299890058994, AUPR test unknown: 0.8429265631742764
pseudo_counter: Counter({0: 16970, -1: 929, 1: 434})
max_probs: 0.9999995231628418， num of >0.5: 1737
AUROC test all: 0.9360423750992936, AUPR test all: 0.862315596540501, AUROC test unknown: 0.9304570705714874, AUPR test unknown: 0.8378902466886875
Epoch: 143, Best AUROC test all: 0.9375843967201246, AUPR test all: 0.8664332511686058, AUROC test unknown: 0.9319299890058994, AUPR test unknown: 0.8429265631742764
pseudo_counter: Counter({0: 16967, -1: 929, 1: 437})
max_probs: 1.0， num of >0.5: 1749
AUROC test all: 0.9368458866099966, AUPR test all: 0.8610761975443318, AUROC test unknown: 0.9311514601680877, AUPR test unknown: 0.8360184040253346
Epoch: 144, Best AUROC test all: 0.9375843967201246, AUPR test all: 0.8664332511686058, AUROC test unknown: 0.9319299890058994, AUPR test unknown: 0.8429265631742764
pseudo_counter: Counter({0: 16965, -1: 929, 1: 439})
max_probs: 1.0， num of >0.5: 1730
AUROC test all: 0.9345229650610571, AUPR test all: 0.8593566238692678, AUROC test unknown: 0.9286622874252278, AUPR test unknown: 0.834405456810519
Epoch: 145, Best AUROC test all: 0.9375843967201246, AUPR test all: 0.8664332511686058, AUROC test unknown: 0.9319299890058994, AUPR test unknown: 0.8429265631742764
pseudo_counter: Counter({0: 16965, -1: 929, 1: 439})
max_probs: 1.0， num of >0.5: 1719
AUROC test all: 0.9312555269818826, AUPR test all: 0.8545797633639931, AUROC test unknown: 0.925038740279805, AUPR test unknown: 0.828883440256262
Epoch: 146, Best AUROC test all: 0.9375843967201246, AUPR test all: 0.8664332511686058, AUROC test unknown: 0.9319299890058994, AUPR test unknown: 0.8429265631742764
pseudo_counter: Counter({0: 16964, -1: 929, 1: 440})
max_probs: 0.9999964237213135， num of >0.5: 1667
AUROC test all: 0.9283348979604039, AUPR test all: 0.8485685295823504, AUROC test unknown: 0.9219454590250225, AUPR test unknown: 0.8220688851877154
Epoch: 147, Best AUROC test all: 0.9375843967201246, AUPR test all: 0.8664332511686058, AUROC test unknown: 0.9319299890058994, AUPR test unknown: 0.8429265631742764
pseudo_counter: Counter({0: 16962, -1: 929, 1: 442})
max_probs: 1.0， num of >0.5: 1625
AUROC test all: 0.9287611143333792, AUPR test all: 0.8481940995312527, AUROC test unknown: 0.9223402029317267, AUPR test unknown: 0.821451758409142
Epoch: 148, Best AUROC test all: 0.9375843967201246, AUPR test all: 0.8664332511686058, AUROC test unknown: 0.9319299890058994, AUPR test unknown: 0.8429265631742764
pseudo_counter: Counter({0: 16962, -1: 929, 1: 442})
max_probs: 0.9999990463256836， num of >0.5: 1599
AUROC test all: 0.927885398464749, AUPR test all: 0.8477229621430666, AUROC test unknown: 0.9213687379163997, AUPR test unknown: 0.8209403204198948
Epoch: 149, Best AUROC test all: 0.9375843967201246, AUPR test all: 0.8664332511686058, AUROC test unknown: 0.9319299890058994, AUPR test unknown: 0.8429265631742764
pseudo_counter: Counter({0: 16962, -1: 929, 1: 442})
max_probs: 1.0， num of >0.5: 1639
AUROC test all: 0.9267644508756928, AUPR test all: 0.8473713149670266, AUROC test unknown: 0.9201376896933946, AUPR test unknown: 0.8205893848087271
Epoch: 150, Best AUROC test all: 0.9375843967201246, AUPR test all: 0.8664332511686058, AUROC test unknown: 0.9319299890058994, AUPR test unknown: 0.8429265631742764
pseudo_counter: Counter({0: 16961, -1: 929, 1: 443})
max_probs: 1.0， num of >0.5: 1664
AUROC test all: 0.9254955804843092, AUPR test all: 0.8446060072739272, AUROC test unknown: 0.9187499441764636, AUPR test unknown: 0.8170901428627775
Epoch: 151, Best AUROC test all: 0.9375843967201246, AUPR test all: 0.8664332511686058, AUROC test unknown: 0.9319299890058994, AUPR test unknown: 0.8429265631742764
pseudo_counter: Counter({0: 16960, -1: 929, 1: 444})
max_probs: 1.0， num of >0.5: 1724
AUROC test all: 0.9261728700565335, AUPR test all: 0.8447165847781892, AUROC test unknown: 0.9195065751344657, AUPR test unknown: 0.8173376250134217
Epoch: 152, Best AUROC test all: 0.9375843967201246, AUPR test all: 0.8664332511686058, AUROC test unknown: 0.9319299890058994, AUPR test unknown: 0.8429265631742764
pseudo_counter: Counter({0: 16959, -1: 929, 1: 445})
max_probs: 0.9999998807907104， num of >0.5: 1720
AUROC test all: 0.9249812819700228, AUPR test all: 0.8416842032463931, AUROC test unknown: 0.9181871124654835, AUPR test unknown: 0.8136512642053155
Epoch: 153, Best AUROC test all: 0.9375843967201246, AUPR test all: 0.8664332511686058, AUROC test unknown: 0.9319299890058994, AUPR test unknown: 0.8429265631742764
pseudo_counter: Counter({0: 16956, -1: 929, 1: 448})
max_probs: 0.9999997615814209， num of >0.5: 1714
AUROC test all: 0.9244111904335894, AUPR test all: 0.8415418075273361, AUROC test unknown: 0.9175701381964958, AUPR test unknown: 0.8135587976076859
Epoch: 154, Best AUROC test all: 0.9375843967201246, AUPR test all: 0.8664332511686058, AUROC test unknown: 0.9319299890058994, AUPR test unknown: 0.8429265631742764
pseudo_counter: Counter({0: 16955, -1: 929, 1: 449})
max_probs: 0.9999986886978149， num of >0.5: 1774
AUROC test all: 0.9233323934838534, AUPR test all: 0.8404661803579453, AUROC test unknown: 0.9164024954751574, AUPR test unknown: 0.8123101646718438
Epoch: 155, Best AUROC test all: 0.9375843967201246, AUPR test all: 0.8664332511686058, AUROC test unknown: 0.9319299890058994, AUPR test unknown: 0.8429265631742764
pseudo_counter: Counter({0: 16955, -1: 929, 1: 449})
max_probs: 0.9999998807907104， num of >0.5: 1752
AUROC test all: 0.9229292762499729, AUPR test all: 0.8383035355714861, AUROC test unknown: 0.915980083165779, AUPR test unknown: 0.8098809165727716
Epoch: 156, Best AUROC test all: 0.9375843967201246, AUPR test all: 0.8664332511686058, AUROC test unknown: 0.9319299890058994, AUPR test unknown: 0.8429265631742764
pseudo_counter: Counter({0: 16954, -1: 929, 1: 450})
max_probs: 0.9999997615814209， num of >0.5: 1765
AUROC test all: 0.9203358804327477, AUPR test all: 0.8344071953745291, AUROC test unknown: 0.9131368311399494, AUPR test unknown: 0.8054140609521834
Epoch: 157, Best AUROC test all: 0.9375843967201246, AUPR test all: 0.8664332511686058, AUROC test unknown: 0.9319299890058994, AUPR test unknown: 0.8429265631742764
pseudo_counter: Counter({0: 16953, -1: 929, 1: 451})
max_probs: 1.0， num of >0.5: 1722
AUROC test all: 0.9228949449130148, AUPR test all: 0.8395397805897962, AUROC test unknown: 0.9159507388025512, AUPR test unknown: 0.8114862664517767
Epoch: 158, Best AUROC test all: 0.9375843967201246, AUPR test all: 0.8664332511686058, AUROC test unknown: 0.9319299890058994, AUPR test unknown: 0.8429265631742764
pseudo_counter: Counter({0: 16951, -1: 929, 1: 453})
max_probs: 1.0， num of >0.5: 1754
AUROC test all: 0.922166480306627, AUPR test all: 0.8397711303185063, AUROC test unknown: 0.9151384097542911, AUPR test unknown: 0.8117647045927046
Epoch: 159, Best AUROC test all: 0.9375843967201246, AUPR test all: 0.8664332511686058, AUROC test unknown: 0.9319299890058994, AUPR test unknown: 0.8429265631742764
pseudo_counter: Counter({0: 16950, -1: 929, 1: 454})
max_probs: 0.9999998807907104， num of >0.5: 1729
AUROC test all: 0.925219706297804, AUPR test all: 0.843800566503641, AUROC test unknown: 0.9184681720539098, AUPR test unknown: 0.8163051915868128
Epoch: 160, Best AUROC test all: 0.9375843967201246, AUPR test all: 0.8664332511686058, AUROC test unknown: 0.9319299890058994, AUPR test unknown: 0.8429265631742764
pseudo_counter: Counter({0: 16949, -1: 929, 1: 455})
max_probs: 0.9999998807907104， num of >0.5: 1771
AUROC test all: 0.9286489579399725, AUPR test all: 0.8465913635624496, AUROC test unknown: 0.9222361528777097, AUPR test unknown: 0.8192925848852908
Epoch: 161, Best AUROC test all: 0.9375843967201246, AUPR test all: 0.8664332511686058, AUROC test unknown: 0.9319299890058994, AUPR test unknown: 0.8429265631742764
pseudo_counter: Counter({0: 16948, -1: 929, 1: 456})
max_probs: 1.0， num of >0.5: 1817
AUROC test all: 0.9352391211656097, AUPR test all: 0.8579455543753337, AUROC test unknown: 0.929378053045657, AUPR test unknown: 0.8322888535271761
Epoch: 162, Best AUROC test all: 0.9375843967201246, AUPR test all: 0.8664332511686058, AUROC test unknown: 0.9319299890058994, AUPR test unknown: 0.8429265631742764
pseudo_counter: Counter({0: 16946, -1: 929, 1: 458})
max_probs: 1.0， num of >0.5: 1882
AUROC test all: 0.9396494744738875, AUPR test all: 0.8631902772153229, AUROC test unknown: 0.9342165310928318, AUPR test unknown: 0.8380999976015185
Epoch: 163, Best AUROC test all: 0.9396494744738875, AUPR test all: 0.8664332511686058, AUROC test unknown: 0.9342165310928318, AUPR test unknown: 0.8429265631742764
pseudo_counter: Counter({0: 16945, -1: 929, 1: 459})
max_probs: 0.9999997615814209， num of >0.5: 1980
AUROC test all: 0.9401836616137108, AUPR test all: 0.8660157804756958, AUROC test unknown: 0.9348250252021315, AUPR test unknown: 0.8417322784309149
Epoch: 164, Best AUROC test all: 0.9401836616137108, AUPR test all: 0.8664332511686058, AUROC test unknown: 0.9348250252021315, AUPR test unknown: 0.8429265631742764
pseudo_counter: Counter({0: 16945, -1: 929, 1: 459})
max_probs: 0.9999996423721313， num of >0.5: 1993
AUROC test all: 0.9462319379864927, AUPR test all: 0.8732656350248206, AUROC test unknown: 0.9413846344524303, AUPR test unknown: 0.8498094268234062
Epoch: 165, Best AUROC test all: 0.9462319379864927, AUPR test all: 0.8732656350248206, AUROC test unknown: 0.9413846344524303, AUPR test unknown: 0.8498094268234062
pseudo_counter: Counter({0: 16942, -1: 929, 1: 462})
max_probs: 1.0， num of >0.5: 2067
AUROC test all: 0.9448442693942848, AUPR test all: 0.8724623399982454, AUROC test unknown: 0.9398631633404201, AUPR test unknown: 0.8489559711649737
Epoch: 166, Best AUROC test all: 0.9462319379864927, AUPR test all: 0.8732656350248206, AUROC test unknown: 0.9413846344524303, AUPR test unknown: 0.8498094268234062
pseudo_counter: Counter({0: 16938, -1: 929, 1: 466})
max_probs: 1.0， num of >0.5: 1987
AUROC test all: 0.9453097202667577, AUPR test all: 0.8744405196111399, AUROC test unknown: 0.9403757061990972, AUPR test unknown: 0.8514627534401453
Epoch: 167, Best AUROC test all: 0.9462319379864927, AUPR test all: 0.8744405196111399, AUROC test unknown: 0.9413846344524303, AUPR test unknown: 0.8514627534401453
pseudo_counter: Counter({0: 16938, -1: 929, 1: 466})
max_probs: 1.0， num of >0.5: 1930
AUROC test all: 0.9427319262575391, AUPR test all: 0.8709533074727802, AUROC test unknown: 0.9375717740142817, AUPR test unknown: 0.8474546296996966
Epoch: 168, Best AUROC test all: 0.9462319379864927, AUPR test all: 0.8744405196111399, AUROC test unknown: 0.9413846344524303, AUPR test unknown: 0.8514627534401453
pseudo_counter: Counter({0: 16938, -1: 929, 1: 466})
max_probs: 0.9999997615814209， num of >0.5: 1876
AUROC test all: 0.9420012262505938, AUPR test all: 0.8682514079209975, AUROC test unknown: 0.9367684269103065, AUPR test unknown: 0.8442944158176379
Epoch: 169, Best AUROC test all: 0.9462319379864927, AUPR test all: 0.8744405196111399, AUROC test unknown: 0.9413846344524303, AUPR test unknown: 0.8514627534401453
pseudo_counter: Counter({0: 16936, -1: 929, 1: 468})
max_probs: 1.0， num of >0.5: 1791
AUROC test all: 0.9407832089221, AUPR test all: 0.8675267106240937, AUROC test unknown: 0.935426705076605, AUPR test unknown: 0.8435235622751653
Epoch: 170, Best AUROC test all: 0.9462319379864927, AUPR test all: 0.8744405196111399, AUROC test unknown: 0.9413846344524303, AUPR test unknown: 0.8514627534401453
pseudo_counter: Counter({0: 16934, -1: 929, 1: 470})
max_probs: 1.0， num of >0.5: 1783
AUROC test all: 0.9416995851630118, AUPR test all: 0.8688107194168646, AUROC test unknown: 0.9365011362912198, AUPR test unknown: 0.8451806393472493
Epoch: 171, Best AUROC test all: 0.9462319379864927, AUPR test all: 0.8744405196111399, AUROC test unknown: 0.9413846344524303, AUPR test unknown: 0.8514627534401453
pseudo_counter: Counter({0: 16933, -1: 929, 1: 471})
max_probs: 1.0， num of >0.5: 1805
AUROC test all: 0.9455193511634894, AUPR test all: 0.8745839044673651, AUROC test unknown: 0.9406087349659062, AUPR test unknown: 0.851403514336322
Epoch: 172, Best AUROC test all: 0.9462319379864927, AUPR test all: 0.8745839044673651, AUROC test unknown: 0.9413846344524303, AUPR test unknown: 0.8514627534401453
pseudo_counter: Counter({0: 16929, -1: 929, 1: 475})
max_probs: 1.0， num of >0.5: 1839
AUROC test all: 0.949934727223637, AUPR test all: 0.8824692116832342, AUROC test unknown: 0.945436133609181, AUPR test unknown: 0.8607547697306555
Epoch: 173, Best AUROC test all: 0.949934727223637, AUPR test all: 0.8824692116832342, AUROC test unknown: 0.945436133609181, AUPR test unknown: 0.8607547697306555
pseudo_counter: Counter({0: 16927, -1: 929, 1: 477})
max_probs: 1.0， num of >0.5: 1915
AUROC test all: 0.9547010795696806, AUPR test all: 0.8909069146874671, AUROC test unknown: 0.9506209734922252, AUPR test unknown: 0.870292566598077
Epoch: 174, Best AUROC test all: 0.9547010795696806, AUPR test all: 0.8909069146874671, AUROC test unknown: 0.9506209734922252, AUPR test unknown: 0.870292566598077
pseudo_counter: Counter({0: 16926, -1: 929, 1: 478})
max_probs: 1.0， num of >0.5: 2042
AUROC test all: 0.9589428855157542, AUPR test all: 0.8960383144681769, AUROC test unknown: 0.9552471966549031, AUPR test unknown: 0.8759341903283291
Epoch: 175, Best AUROC test all: 0.9589428855157542, AUPR test all: 0.8960383144681769, AUROC test unknown: 0.9552471966549031, AUPR test unknown: 0.8759341903283291
pseudo_counter: Counter({0: 16925, -1: 929, 1: 479})
max_probs: 1.0， num of >0.5: 2223
AUROC test all: 0.960051451009541, AUPR test all: 0.8954400761679223, AUROC test unknown: 0.9565184578955054, AUPR test unknown: 0.8751834901320873
Epoch: 176, Best AUROC test all: 0.960051451009541, AUPR test all: 0.8960383144681769, AUROC test unknown: 0.9565184578955054, AUPR test unknown: 0.8759341903283291
pseudo_counter: Counter({0: 16923, -1: 929, 1: 481})
max_probs: 0.9999997615814209， num of >0.5: 2398
AUROC test all: 0.9621492226463555, AUPR test all: 0.9013082081109298, AUROC test unknown: 0.9587527039917467, AUPR test unknown: 0.8821399864189512
Epoch: 177, Best AUROC test all: 0.9621492226463555, AUPR test all: 0.9013082081109298, AUROC test unknown: 0.9587527039917467, AUPR test unknown: 0.8821399864189512
pseudo_counter: Counter({0: 16921, -1: 929, 1: 483})
max_probs: 1.0， num of >0.5: 2507
AUROC test all: 0.9628429511518983, AUPR test all: 0.9051007919056815, AUROC test unknown: 0.9594952448382673, AUPR test unknown: 0.8866393408445961
Epoch: 178, Best AUROC test all: 0.9628429511518983, AUPR test all: 0.9051007919056815, AUROC test unknown: 0.9594952448382673, AUPR test unknown: 0.8866393408445961
pseudo_counter: Counter({0: 16919, -1: 929, 1: 485})
max_probs: 1.0， num of >0.5: 2251
AUROC test all: 0.9611329065220802, AUPR test all: 0.903486420629432, AUROC test unknown: 0.957643549283025, AUPR test unknown: 0.8850622258525978
Epoch: 179, Best AUROC test all: 0.9628429511518983, AUPR test all: 0.9051007919056815, AUROC test unknown: 0.9594952448382673, AUPR test unknown: 0.8866393408445961
pseudo_counter: Counter({0: 16916, -1: 929, 1: 488})
max_probs: 0.9999997615814209， num of >0.5: 2048
AUROC test all: 0.9602497853141542, AUPR test all: 0.9046800384012939, AUROC test unknown: 0.9568163272679282, AUPR test unknown: 0.8867570122365493
Epoch: 180, Best AUROC test all: 0.9628429511518983, AUPR test all: 0.9051007919056815, AUROC test unknown: 0.9594952448382673, AUPR test unknown: 0.8867570122365493
pseudo_counter: Counter({0: 16910, -1: 929, 1: 494})
max_probs: 0.9999994039535522， num of >0.5: 1947
AUROC test all: 0.9575368093658684, AUPR test all: 0.9000113968988448, AUROC test unknown: 0.95385980238719, AUPR test unknown: 0.8814456424115134
Epoch: 181, Best AUROC test all: 0.9628429511518983, AUPR test all: 0.9051007919056815, AUROC test unknown: 0.9594952448382673, AUPR test unknown: 0.8867570122365493
pseudo_counter: Counter({0: 16909, -1: 929, 1: 495})
max_probs: 1.0， num of >0.5: 1881
AUROC test all: 0.9587619652574598, AUPR test all: 0.9019425120541397, AUROC test unknown: 0.9550585156107696, AUPR test unknown: 0.8835284601104221
Epoch: 182, Best AUROC test all: 0.9628429511518983, AUPR test all: 0.9051007919056815, AUROC test unknown: 0.9594952448382673, AUPR test unknown: 0.8867570122365493
pseudo_counter: Counter({0: 16908, -1: 929, 1: 496})
max_probs: 1.0， num of >0.5: 1869
AUROC test all: 0.9586019547335985, AUPR test all: 0.9036533695213496, AUROC test unknown: 0.954962253253697, AUPR test unknown: 0.8857292079850213
Epoch: 183, Best AUROC test all: 0.9628429511518983, AUPR test all: 0.9051007919056815, AUROC test unknown: 0.9594952448382673, AUPR test unknown: 0.8867570122365493
pseudo_counter: Counter({0: 16908, -1: 929, 1: 496})
max_probs: 0.9999990463256836， num of >0.5: 1862
AUROC test all: 0.9611368989658743, AUPR test all: 0.9076485857601038, AUROC test unknown: 0.9577489842625297, AUPR test unknown: 0.890424773714965
Epoch: 184, Best AUROC test all: 0.9628429511518983, AUPR test all: 0.9076485857601038, AUROC test unknown: 0.9594952448382673, AUPR test unknown: 0.890424773714965
pseudo_counter: Counter({0: 16907, -1: 929, 1: 497})
max_probs: 1.0， num of >0.5: 1944
AUROC test all: 0.9618208487438752, AUPR test all: 0.9090492496220957, AUROC test unknown: 0.9583750809754893, AUPR test unknown: 0.891788586006661
Epoch: 185, Best AUROC test all: 0.9628429511518983, AUPR test all: 0.9090492496220957, AUROC test unknown: 0.9594952448382673, AUPR test unknown: 0.891788586006661
pseudo_counter: Counter({0: 16907, -1: 929, 1: 497})
max_probs: 1.0， num of >0.5: 2071
AUROC test all: 0.963611018224954, AUPR test all: 0.9113137456124429, AUROC test unknown: 0.9603428894864587, AUPR test unknown: 0.8945011783048802
Epoch: 186, Best AUROC test all: 0.963611018224954, AUPR test all: 0.9113137456124429, AUROC test unknown: 0.9603428894864587, AUPR test unknown: 0.8945011783048802
pseudo_counter: Counter({0: 16905, -1: 929, 1: 499})
max_probs: 1.0， num of >0.5: 2143
AUROC test all: 0.9643595646396429, AUPR test all: 0.9107431944200897, AUROC test unknown: 0.9611585002059826, AUPR test unknown: 0.893670107579876
Epoch: 187, Best AUROC test all: 0.9643595646396429, AUPR test all: 0.9113137456124429, AUROC test unknown: 0.9611585002059826, AUPR test unknown: 0.8945011783048802
pseudo_counter: Counter({0: 16903, -1: 929, 1: 501})
max_probs: 1.0， num of >0.5: 2196
AUROC test all: 0.9647779065151806, AUPR test all: 0.9110546642477814, AUROC test unknown: 0.9616334292912744, AUPR test unknown: 0.8939424937845544
Epoch: 188, Best AUROC test all: 0.9647779065151806, AUPR test all: 0.9113137456124429, AUROC test unknown: 0.9616334292912744, AUPR test unknown: 0.8945011783048802
pseudo_counter: Counter({0: 16903, -1: 929, 1: 501})
max_probs: 0.9999995231628418， num of >0.5: 2219
AUROC test all: 0.96490865444985, AUPR test all: 0.9120002931958293, AUROC test unknown: 0.9619084875359215, AUPR test unknown: 0.8952974375262845
Epoch: 189, Best AUROC test all: 0.96490865444985, AUPR test all: 0.9120002931958293, AUROC test unknown: 0.9619084875359215, AUPR test unknown: 0.8952974375262845
pseudo_counter: Counter({0: 16897, -1: 929, 1: 507})
max_probs: 1.0， num of >0.5: 2298
AUROC test all: 0.9648736055769103, AUPR test all: 0.9107817421197709, AUROC test unknown: 0.9617357632419702, AUPR test unknown: 0.8935394116399562
Epoch: 190, Best AUROC test all: 0.96490865444985, AUPR test all: 0.9120002931958293, AUROC test unknown: 0.9619084875359215, AUPR test unknown: 0.8952974375262845
pseudo_counter: Counter({0: 16896, -1: 929, 1: 508})
max_probs: 0.9999997615814209， num of >0.5: 2346
AUROC test all: 0.9648061479954758, AUPR test all: 0.9081521328840798, AUROC test unknown: 0.9616447696231647, AUPR test unknown: 0.89021491480833
Epoch: 191, Best AUROC test all: 0.96490865444985, AUPR test all: 0.9120002931958293, AUROC test unknown: 0.9619084875359215, AUPR test unknown: 0.8952974375262845
pseudo_counter: Counter({0: 16889, -1: 929, 1: 515})
max_probs: 0.999998927116394， num of >0.5: 2389
AUROC test all: 0.9655010907926794, AUPR test all: 0.9124387802076372, AUROC test unknown: 0.9623934723845355, AUPR test unknown: 0.8955452058333566
Epoch: 192, Best AUROC test all: 0.9655010907926794, AUPR test all: 0.9124387802076372, AUROC test unknown: 0.9623934723845355, AUPR test unknown: 0.8955452058333566
pseudo_counter: Counter({0: 16885, -1: 929, 1: 519})
max_probs: 0.9999983310699463， num of >0.5: 2379
AUROC test all: 0.9647588090190593, AUPR test all: 0.9098990749472939, AUROC test unknown: 0.9615891919612101, AUPR test unknown: 0.8924971232571757
Epoch: 193, Best AUROC test all: 0.9655010907926794, AUPR test all: 0.9124387802076372, AUROC test unknown: 0.9623934723845355, AUPR test unknown: 0.8955452058333566
pseudo_counter: Counter({0: 16883, -1: 929, 1: 521})
max_probs: 0.9999998807907104， num of >0.5: 2239
AUROC test all: 0.9630815042681893, AUPR test all: 0.9085081231643296, AUROC test unknown: 0.9597696005844787, AUPR test unknown: 0.891143036921372
Epoch: 194, Best AUROC test all: 0.9655010907926794, AUPR test all: 0.9124387802076372, AUROC test unknown: 0.9623934723845355, AUPR test unknown: 0.8955452058333566
pseudo_counter: Counter({0: 16883, -1: 929, 1: 521})
max_probs: 1.0， num of >0.5: 2197
AUROC test all: 0.9628752586694215, AUPR test all: 0.9070489223780983, AUROC test unknown: 0.9595542948496327, AUPR test unknown: 0.889207637713781
Epoch: 195, Best AUROC test all: 0.9655010907926794, AUPR test all: 0.9124387802076372, AUROC test unknown: 0.9623934723845355, AUPR test unknown: 0.8955452058333566
pseudo_counter: Counter({0: 16881, -1: 929, 1: 523})
max_probs: 0.9999986886978149， num of >0.5: 2081
AUROC test all: 0.9596971630191153, AUPR test all: 0.9032401948412878, AUROC test unknown: 0.9560894722079074, AUPR test unknown: 0.885118513158389
Epoch: 196, Best AUROC test all: 0.9655010907926794, AUPR test all: 0.9124387802076372, AUROC test unknown: 0.9623934723845355, AUPR test unknown: 0.8955452058333566
pseudo_counter: Counter({0: 16879, -1: 929, 1: 525})
max_probs: 1.0， num of >0.5: 2009
AUROC test all: 0.9573263873397215, AUPR test all: 0.8983262665933788, AUROC test unknown: 0.9534898064968058, AUPR test unknown: 0.8792122943468226
Epoch: 197, Best AUROC test all: 0.9655010907926794, AUPR test all: 0.9124387802076372, AUROC test unknown: 0.9623934723845355, AUPR test unknown: 0.8955452058333566
pseudo_counter: Counter({0: 16877, -1: 929, 1: 527})
max_probs: 0.9999998807907104， num of >0.5: 1939
AUROC test all: 0.9545453650625292, AUPR test all: 0.8929750784320831, AUROC test unknown: 0.9505168130455967, AUPR test unknown: 0.8731830743837974
Epoch: 198, Best AUROC test all: 0.9655010907926794, AUPR test all: 0.9124387802076372, AUROC test unknown: 0.9623934723845355, AUPR test unknown: 0.8955452058333566
pseudo_counter: Counter({0: 16874, -1: 929, 1: 530})
max_probs: 0.9999998807907104， num of >0.5: 1876
AUROC test all: 0.9547585100457339, AUPR test all: 0.8920608490393698, AUROC test unknown: 0.9506760594052749, AUPR test unknown: 0.87194605746318
Epoch: 199, Best AUROC test all: 0.9655010907926794, AUPR test all: 0.9124387802076372, AUROC test unknown: 0.9623934723845355, AUPR test unknown: 0.8955452058333566
  rotation 12: ROC 0.9655 PR 0.9124
[cs] params 47648399, peak GPU 27.48 GB, 38.9 min total
[cs] ran 1/8 rotations; no results.csv row written. Merge the shards with:
    python analysis/scripts/merge_rotations.py
