# gpu=4 cmd=/usr/bin/python3 -u main.py --dataset cs --seed 0 --method demo --tag B_demo --rotations 0 --set energy_loss=false
/nas/home/jahin/.local/lib/python3.10/site-packages/requests/__init__.py:113: RequestsDependencyWarning: urllib3 (1.26.5) or chardet (7.2.0)/charset_normalizer (3.4.4) doesn't match a supported version!
  warnings.warn(
[0.03861888 0.02520046 0.11182021 0.02340043 0.07603775 0.11962036
 0.02023673 0.05040092 0.0422735  0.00643648 0.07876507 0.11089293
 0.02290951 0.2256041  0.04778269]
[cs] anomaly classes (rotations): [np.int64(0), np.int64(1), np.int64(3), np.int64(6), np.int64(8), np.int64(9), np.int64(12), np.int64(14)]
[cs] running subset: [np.int64(0)]
Normal classes: [np.int64(2), np.int64(4), np.int64(5), np.int64(7), np.int64(10), np.int64(11), np.int64(13)] in cs
using binary cross entropy loss...
Building multi-layer GraphSage
building the dataloader ...
pseudo_counter: Counter({-1: 18333})
AUROC test all: 0.7607024217299333, AUPR test all: 0.5610774226936404, AUROC test unknown: 0.7291989650877495, AUPR test unknown: 0.43977545996172607
Epoch: 0, Best AUROC test all: 0.7607024217299333, AUPR test all: 0.5610774226936404, AUROC test unknown: 0.7291989650877495, AUPR test unknown: 0.43977545996172607
pseudo_counter: Counter({-1: 18333})
AUROC test all: 0.7599147512058975, AUPR test all: 0.5649405659154887, AUROC test unknown: 0.727648075468785, AUPR test unknown: 0.44261069992655977
Epoch: 1, Best AUROC test all: 0.7607024217299333, AUPR test all: 0.5649405659154887, AUROC test unknown: 0.7291989650877495, AUPR test unknown: 0.44261069992655977
pseudo_counter: Counter({-1: 18333})
AUROC test all: 0.7611028160067559, AUPR test all: 0.5712198418054365, AUROC test unknown: 0.7283298910558595, AUPR test unknown: 0.4498518652602331
Epoch: 2, Best AUROC test all: 0.7611028160067559, AUPR test all: 0.5712198418054365, AUROC test unknown: 0.7291989650877495, AUPR test unknown: 0.4498518652602331
pseudo_counter: Counter({-1: 18333})
AUROC test all: 0.7621288924602148, AUPR test all: 0.5744033035190068, AUROC test unknown: 0.7296183557203693, AUPR test unknown: 0.4543586342717682
Epoch: 3, Best AUROC test all: 0.7621288924602148, AUPR test all: 0.5744033035190068, AUROC test unknown: 0.7296183557203693, AUPR test unknown: 0.4543586342717682
pseudo_counter: Counter({-1: 18333})
AUROC test all: 0.763558233334422, AUPR test all: 0.5781144882051165, AUROC test unknown: 0.7314094671963369, AUPR test unknown: 0.460514861668996
Epoch: 4, Best AUROC test all: 0.763558233334422, AUPR test all: 0.5781144882051165, AUROC test unknown: 0.7314094671963369, AUPR test unknown: 0.460514861668996
pseudo_counter: Counter({-1: 18333})
AUROC test all: 0.7642001060665367, AUPR test all: 0.5816342924117253, AUROC test unknown: 0.7319697094079918, AUPR test unknown: 0.46524904894255514
Epoch: 5, Best AUROC test all: 0.7642001060665367, AUPR test all: 0.5816342924117253, AUROC test unknown: 0.7319697094079918, AUPR test unknown: 0.46524904894255514
pseudo_counter: Counter({-1: 18333})
max_probs: 0.19003255665302277， num of >0.5: 0
AUROC test all: 0.7646829433877911, AUPR test all: 0.5853278914676394, AUROC test unknown: 0.7323003093972271, AUPR test unknown: 0.4695103476956065
Epoch: 6, Best AUROC test all: 0.7646829433877911, AUPR test all: 0.5853278914676394, AUROC test unknown: 0.7323003093972271, AUPR test unknown: 0.4695103476956065
pseudo_counter: Counter({0: 14113, -1: 4220})
max_probs: 0.15519782900810242， num of >0.5: 0
AUROC test all: 0.7688335486707876, AUPR test all: 0.5908348749040633, AUROC test unknown: 0.736614375581377, AUPR test unknown: 0.47732428767095936
Epoch: 7, Best AUROC test all: 0.7688335486707876, AUPR test all: 0.5908348749040633, AUROC test unknown: 0.736614375581377, AUPR test unknown: 0.47732428767095936
pseudo_counter: Counter({0: 14437, -1: 3896})
max_probs: 0.12447783350944519， num of >0.5: 0
AUROC test all: 0.7715574440448423, AUPR test all: 0.5950684496388884, AUROC test unknown: 0.7391769957643406, AUPR test unknown: 0.48315393889435754
Epoch: 8, Best AUROC test all: 0.7715574440448423, AUPR test all: 0.5950684496388884, AUROC test unknown: 0.7391769957643406, AUPR test unknown: 0.48315393889435754
pseudo_counter: Counter({0: 14620, -1: 3713})
max_probs: 0.10529888421297073， num of >0.5: 0
AUROC test all: 0.7725781481776195, AUPR test all: 0.6015208488437311, AUROC test unknown: 0.7400639018627441, AUPR test unknown: 0.49115721056079037
Epoch: 9, Best AUROC test all: 0.7725781481776195, AUPR test all: 0.6015208488437311, AUROC test unknown: 0.7400639018627441, AUPR test unknown: 0.49115721056079037
pseudo_counter: Counter({0: 14761, -1: 3572})
max_probs: 0.09049277752637863， num of >0.5: 0
AUROC test all: 0.7779326224514249, AUPR test all: 0.6068216469635168, AUROC test unknown: 0.745867913316585, AUPR test unknown: 0.49664315412602333
Epoch: 10, Best AUROC test all: 0.7779326224514249, AUPR test all: 0.6068216469635168, AUROC test unknown: 0.745867913316585, AUPR test unknown: 0.49664315412602333
pseudo_counter: Counter({0: 14872, -1: 3461})
max_probs: 0.08403150737285614， num of >0.5: 0
AUROC test all: 0.780023365915293, AUPR test all: 0.6122134170794853, AUROC test unknown: 0.7482916717181795, AUPR test unknown: 0.5053840976775573
Epoch: 11, Best AUROC test all: 0.780023365915293, AUPR test all: 0.6122134170794853, AUROC test unknown: 0.7482916717181795, AUPR test unknown: 0.5053840976775573
pseudo_counter: Counter({0: 14948, -1: 3385})
max_probs: 0.0805673599243164， num of >0.5: 0
AUROC test all: 0.7846138023565536, AUPR test all: 0.6210633558992017, AUROC test unknown: 0.7530789183111947, AUPR test unknown: 0.5155653213443213
Epoch: 12, Best AUROC test all: 0.7846138023565536, AUPR test all: 0.6210633558992017, AUROC test unknown: 0.7530789183111947, AUPR test unknown: 0.5155653213443213
pseudo_counter: Counter({0: 15007, -1: 3326})
max_probs: 0.0807299092411995， num of >0.5: 0
AUROC test all: 0.7894146424256026, AUPR test all: 0.6293285188823814, AUROC test unknown: 0.7585087934377995, AUPR test unknown: 0.5267811845127446
Epoch: 13, Best AUROC test all: 0.7894146424256026, AUPR test all: 0.6293285188823814, AUROC test unknown: 0.7585087934377995, AUPR test unknown: 0.5267811845127446
pseudo_counter: Counter({0: 15074, -1: 3259})
max_probs: 0.08831542730331421， num of >0.5: 0
AUROC test all: 0.7937688071470264, AUPR test all: 0.6359256604028487, AUROC test unknown: 0.7631963326832966, AUPR test unknown: 0.5339908872212424
Epoch: 14, Best AUROC test all: 0.7937688071470264, AUPR test all: 0.6359256604028487, AUROC test unknown: 0.7631963326832966, AUPR test unknown: 0.5339908872212424
pseudo_counter: Counter({0: 15131, -1: 3202})
max_probs: 0.09574976563453674， num of >0.5: 0
AUROC test all: 0.7975741028385447, AUPR test all: 0.6412443192582271, AUROC test unknown: 0.7678779677750638, AUPR test unknown: 0.5409199350501076
Epoch: 15, Best AUROC test all: 0.7975741028385447, AUPR test all: 0.6412443192582271, AUROC test unknown: 0.7678779677750638, AUPR test unknown: 0.5409199350501076
pseudo_counter: Counter({0: 15175, -1: 3158})
max_probs: 0.10829509049654007， num of >0.5: 0
AUROC test all: 0.8032628476887292, AUPR test all: 0.6499134427386436, AUROC test unknown: 0.7738083150708688, AUPR test unknown: 0.5500222156899401
Epoch: 16, Best AUROC test all: 0.8032628476887292, AUPR test all: 0.6499134427386436, AUROC test unknown: 0.7738083150708688, AUPR test unknown: 0.5500222156899401
pseudo_counter: Counter({0: 15216, -1: 3117})
max_probs: 0.12693670392036438， num of >0.5: 0
AUROC test all: 0.8074672681703339, AUPR test all: 0.658367101680606, AUROC test unknown: 0.7785496984586681, AUPR test unknown: 0.5608151144566447
Epoch: 17, Best AUROC test all: 0.8074672681703339, AUPR test all: 0.658367101680606, AUROC test unknown: 0.7785496984586681, AUPR test unknown: 0.5608151144566447
pseudo_counter: Counter({0: 15258, -1: 3075})
max_probs: 0.1466480791568756， num of >0.5: 0
AUROC test all: 0.8125706508465315, AUPR test all: 0.6662438443395216, AUROC test unknown: 0.7842378775926493, AUPR test unknown: 0.5707131227374336
Epoch: 18, Best AUROC test all: 0.8125706508465315, AUPR test all: 0.6662438443395216, AUROC test unknown: 0.7842378775926493, AUPR test unknown: 0.5707131227374336
pseudo_counter: Counter({0: 15289, -1: 3044})
max_probs: 0.17548386752605438， num of >0.5: 0
AUROC test all: 0.8162257607376269, AUPR test all: 0.6723059687931869, AUROC test unknown: 0.7876327551140789, AUPR test unknown: 0.5769734267196502
Epoch: 19, Best AUROC test all: 0.8162257607376269, AUPR test all: 0.6723059687931869, AUROC test unknown: 0.7876327551140789, AUPR test unknown: 0.5769734267196502
pseudo_counter: Counter({0: 15312, -1: 3021})
max_probs: 0.217025488615036， num of >0.5: 0
AUROC test all: 0.8206333450929508, AUPR test all: 0.6789496973535122, AUROC test unknown: 0.7926283650550212, AUPR test unknown: 0.5845475135457784
Epoch: 20, Best AUROC test all: 0.8206333450929508, AUPR test all: 0.6789496973535122, AUROC test unknown: 0.7926283650550212, AUPR test unknown: 0.5845475135457784
pseudo_counter: Counter({0: 15345, -1: 2988})
max_probs: 0.2437935620546341， num of >0.5: 0
AUROC test all: 0.826657124051392, AUPR test all: 0.6868801269889795, AUROC test unknown: 0.7995479136210348, AUPR test unknown: 0.5925684664344881
Epoch: 21, Best AUROC test all: 0.826657124051392, AUPR test all: 0.6868801269889795, AUROC test unknown: 0.7995479136210348, AUPR test unknown: 0.5925684664344881
pseudo_counter: Counter({0: 15380, -1: 2953})
max_probs: 0.2887767255306244， num of >0.5: 0
AUROC test all: 0.8315934036365276, AUPR test all: 0.6986293942610815, AUROC test unknown: 0.8048874649814639, AUPR test unknown: 0.6079948225793272
Epoch: 22, Best AUROC test all: 0.8315934036365276, AUPR test all: 0.6986293942610815, AUROC test unknown: 0.8048874649814639, AUPR test unknown: 0.6079948225793272
pseudo_counter: Counter({0: 15400, -1: 2933})
max_probs: 0.35033664107322693， num of >0.5: 0
AUROC test all: 0.8350473642741595, AUPR test all: 0.7050171656850659, AUROC test unknown: 0.808879281802648, AUPR test unknown: 0.6163815179898305
Epoch: 23, Best AUROC test all: 0.8350473642741595, AUPR test all: 0.7050171656850659, AUROC test unknown: 0.808879281802648, AUPR test unknown: 0.6163815179898305
pseudo_counter: Counter({0: 15414, -1: 2919})
max_probs: 0.37546035647392273， num of >0.5: 0
AUROC test all: 0.8404584043011682, AUPR test all: 0.7120122615855112, AUROC test unknown: 0.8151360646477651, AUPR test unknown: 0.6256445047086892
Epoch: 24, Best AUROC test all: 0.8404584043011682, AUPR test all: 0.7120122615855112, AUROC test unknown: 0.8151360646477651, AUPR test unknown: 0.6256445047086892
pseudo_counter: Counter({0: 15436, -1: 2897})
max_probs: 0.4143524169921875， num of >0.5: 0
AUROC test all: 0.8408632601799269, AUPR test all: 0.7145845040570624, AUROC test unknown: 0.8152516686301874, AUPR test unknown: 0.6274140838171639
Epoch: 25, Best AUROC test all: 0.8408632601799269, AUPR test all: 0.7145845040570624, AUROC test unknown: 0.8152516686301874, AUPR test unknown: 0.6274140838171639
pseudo_counter: Counter({0: 15466, -1: 2867})
max_probs: 0.4490791857242584， num of >0.5: 0
AUROC test all: 0.8441952488998933, AUPR test all: 0.7200450014034567, AUROC test unknown: 0.8193956560433581, AUPR test unknown: 0.634425897977968
Epoch: 26, Best AUROC test all: 0.8441952488998933, AUPR test all: 0.7200450014034567, AUROC test unknown: 0.8193956560433581, AUPR test unknown: 0.634425897977968
pseudo_counter: Counter({0: 15479, -1: 2854})
max_probs: 0.4852774441242218， num of >0.5: 0
AUROC test all: 0.8449468402429136, AUPR test all: 0.7219305509784146, AUROC test unknown: 0.8200412855832636, AUPR test unknown: 0.6353175413243861
Epoch: 27, Best AUROC test all: 0.8449468402429136, AUPR test all: 0.7219305509784146, AUROC test unknown: 0.8200412855832636, AUPR test unknown: 0.6353175413243861
pseudo_counter: Counter({0: 15508, -1: 2825})
max_probs: 0.5181441903114319， num of >0.5: 4
AUROC test all: 0.8472880957560966, AUPR test all: 0.7261010524147278, AUROC test unknown: 0.8224770915029659, AUPR test unknown: 0.641671608558082
Epoch: 28, Best AUROC test all: 0.8472880957560966, AUPR test all: 0.7261010524147278, AUROC test unknown: 0.8224770915029659, AUPR test unknown: 0.641671608558082
pseudo_counter: Counter({0: 15520, -1: 2812, 1: 1})
max_probs: 0.5563303232192993， num of >0.5: 82
AUROC test all: 0.8485820155125761, AUPR test all: 0.7291341873761454, AUROC test unknown: 0.8239313400199958, AUPR test unknown: 0.6458066809980694
Epoch: 29, Best AUROC test all: 0.8485820155125761, AUPR test all: 0.7291341873761454, AUROC test unknown: 0.8239313400199958, AUPR test unknown: 0.6458066809980694
pseudo_counter: Counter({0: 15541, -1: 2786, 1: 6})
max_probs: 0.60331130027771， num of >0.5: 201
AUROC test all: 0.8493089622543877, AUPR test all: 0.7304027405498017, AUROC test unknown: 0.8247776129278134, AUPR test unknown: 0.6464968138517879
Epoch: 30, Best AUROC test all: 0.8493089622543877, AUPR test all: 0.7304027405498017, AUROC test unknown: 0.8247776129278134, AUPR test unknown: 0.6464968138517879
pseudo_counter: Counter({0: 15546, -1: 2772, 1: 15})
max_probs: 0.6429885029792786， num of >0.5: 335
AUROC test all: 0.8466610153042147, AUPR test all: 0.7289870493172574, AUROC test unknown: 0.8221596915922349, AUPR test unknown: 0.6463305995140151
Epoch: 31, Best AUROC test all: 0.8493089622543877, AUPR test all: 0.7304027405498017, AUROC test unknown: 0.8247776129278134, AUPR test unknown: 0.6464968138517879
pseudo_counter: Counter({0: 15545, -1: 2761, 1: 27})
max_probs: 0.6953578591346741， num of >0.5: 442
AUROC test all: 0.8502716931595363, AUPR test all: 0.7317423687730495, AUROC test unknown: 0.825532518241171, AUPR test unknown: 0.6476803798590955
Epoch: 32, Best AUROC test all: 0.8502716931595363, AUPR test all: 0.7317423687730495, AUROC test unknown: 0.825532518241171, AUPR test unknown: 0.6476803798590955
pseudo_counter: Counter({0: 15546, -1: 2747, 1: 40})
max_probs: 0.7536767721176147， num of >0.5: 505
AUROC test all: 0.8510455281179812, AUPR test all: 0.7343680291438723, AUROC test unknown: 0.8266496102225583, AUPR test unknown: 0.651217783997827
Epoch: 33, Best AUROC test all: 0.8510455281179812, AUPR test all: 0.7343680291438723, AUROC test unknown: 0.8266496102225583, AUPR test unknown: 0.651217783997827
pseudo_counter: Counter({0: 15541, -1: 2738, 1: 54})
max_probs: 0.8250786662101746， num of >0.5: 542
AUROC test all: 0.8513044850138471, AUPR test all: 0.735901667849121, AUROC test unknown: 0.8268914956808885, AUPR test unknown: 0.6544254728312454
Epoch: 34, Best AUROC test all: 0.8513044850138471, AUPR test all: 0.735901667849121, AUROC test unknown: 0.8268914956808885, AUPR test unknown: 0.6544254728312454
pseudo_counter: Counter({0: 15541, -1: 2725, 1: 67})
max_probs: 0.8310871720314026， num of >0.5: 570
AUROC test all: 0.8531234387267969, AUPR test all: 0.7400716510548697, AUROC test unknown: 0.8286358414751033, AUPR test unknown: 0.6586451395636266
Epoch: 35, Best AUROC test all: 0.8531234387267969, AUPR test all: 0.7400716510548697, AUROC test unknown: 0.8286358414751033, AUPR test unknown: 0.6586451395636266
pseudo_counter: Counter({0: 15541, -1: 2715, 1: 77})
max_probs: 0.9148680567741394， num of >0.5: 592
AUROC test all: 0.8523858025386977, AUPR test all: 0.7384554650894903, AUROC test unknown: 0.8280808401512899, AUPR test unknown: 0.6567873514241807
Epoch: 36, Best AUROC test all: 0.8531234387267969, AUPR test all: 0.7400716510548697, AUROC test unknown: 0.8286358414751033, AUPR test unknown: 0.6586451395636266
pseudo_counter: Counter({0: 15534, -1: 2711, 1: 88})
max_probs: 0.8760117292404175， num of >0.5: 630
AUROC test all: 0.8543575086230806, AUPR test all: 0.7416585203100534, AUROC test unknown: 0.8301622881150906, AUPR test unknown: 0.6606834671232764
Epoch: 37, Best AUROC test all: 0.8543575086230806, AUPR test all: 0.7416585203100534, AUROC test unknown: 0.8301622881150906, AUPR test unknown: 0.6606834671232764
pseudo_counter: Counter({0: 15532, -1: 2705, 1: 96})
max_probs: 0.9779901504516602， num of >0.5: 643
AUROC test all: 0.8571316315158362, AUPR test all: 0.744791862126253, AUROC test unknown: 0.8335930907266187, AUPR test unknown: 0.6633680584928424
Epoch: 38, Best AUROC test all: 0.8571316315158362, AUPR test all: 0.744791862126253, AUROC test unknown: 0.8335930907266187, AUPR test unknown: 0.6633680584928424
pseudo_counter: Counter({0: 15534, -1: 2696, 1: 103})
max_probs: 0.9514947533607483， num of >0.5: 680
AUROC test all: 0.8591173479502159, AUPR test all: 0.7491367341641196, AUROC test unknown: 0.8355589673276311, AUPR test unknown: 0.6693016045433912
Epoch: 39, Best AUROC test all: 0.8591173479502159, AUPR test all: 0.7491367341641196, AUROC test unknown: 0.8355589673276311, AUPR test unknown: 0.6693016045433912
pseudo_counter: Counter({0: 15534, -1: 2685, 1: 114})
max_probs: 0.9733328819274902， num of >0.5: 702
AUROC test all: 0.8603105274947369, AUPR test all: 0.7516372721521084, AUROC test unknown: 0.8365563778723625, AUPR test unknown: 0.6721134197816278
Epoch: 40, Best AUROC test all: 0.8603105274947369, AUPR test all: 0.7516372721521084, AUROC test unknown: 0.8365563778723625, AUPR test unknown: 0.6721134197816278
pseudo_counter: Counter({0: 15542, -1: 2675, 1: 116})
max_probs: 0.994416356086731， num of >0.5: 743
AUROC test all: 0.8620998598505042, AUPR test all: 0.7552416061771001, AUROC test unknown: 0.8388587586163404, AUPR test unknown: 0.6773059261593706
Epoch: 41, Best AUROC test all: 0.8620998598505042, AUPR test all: 0.7552416061771001, AUROC test unknown: 0.8388587586163404, AUPR test unknown: 0.6773059261593706
pseudo_counter: Counter({0: 15546, -1: 2667, 1: 120})
max_probs: 0.9967984557151794， num of >0.5: 743
AUROC test all: 0.8642137116526463, AUPR test all: 0.7569926291081359, AUROC test unknown: 0.8421206676369196, AUPR test unknown: 0.6796703733159817
Epoch: 42, Best AUROC test all: 0.8642137116526463, AUPR test all: 0.7569926291081359, AUROC test unknown: 0.8421206676369196, AUPR test unknown: 0.6796703733159817
pseudo_counter: Counter({0: 15552, -1: 2658, 1: 123})
max_probs: 0.9966326355934143， num of >0.5: 778
AUROC test all: 0.8655185876316116, AUPR test all: 0.7630438328722051, AUROC test unknown: 0.842927253323533, AUPR test unknown: 0.687466623961828
Epoch: 43, Best AUROC test all: 0.8655185876316116, AUPR test all: 0.7630438328722051, AUROC test unknown: 0.842927253323533, AUPR test unknown: 0.687466623961828
pseudo_counter: Counter({0: 15555, -1: 2651, 1: 127})
max_probs: 0.999089241027832， num of >0.5: 816
AUROC test all: 0.8700723653435641, AUPR test all: 0.7666586955106602, AUROC test unknown: 0.8482710017435194, AUPR test unknown: 0.6916328685832636
Epoch: 44, Best AUROC test all: 0.8700723653435641, AUPR test all: 0.7666586955106602, AUROC test unknown: 0.8482710017435194, AUPR test unknown: 0.6916328685832636
pseudo_counter: Counter({0: 15563, -1: 2639, 1: 131})
max_probs: 0.9997217059135437， num of >0.5: 818
AUROC test all: 0.8676272786941949, AUPR test all: 0.7645369050280222, AUROC test unknown: 0.8454795657021947, AUPR test unknown: 0.687556720124921
Epoch: 45, Best AUROC test all: 0.8700723653435641, AUPR test all: 0.7666586955106602, AUROC test unknown: 0.8482710017435194, AUPR test unknown: 0.6916328685832636
pseudo_counter: Counter({0: 15565, -1: 2631, 1: 137})
max_probs: 0.9998509883880615， num of >0.5: 847
AUROC test all: 0.8694100612343366, AUPR test all: 0.7675183009507084, AUROC test unknown: 0.8469513853286672, AUPR test unknown: 0.6911707461232441
Epoch: 46, Best AUROC test all: 0.8700723653435641, AUPR test all: 0.7675183009507084, AUROC test unknown: 0.8482710017435194, AUPR test unknown: 0.6916328685832636
pseudo_counter: Counter({0: 15566, -1: 2624, 1: 143})
max_probs: 0.9998847246170044， num of >0.5: 868
AUROC test all: 0.8716284893061842, AUPR test all: 0.7685743234658867, AUROC test unknown: 0.8497128221800463, AUPR test unknown: 0.6920081154693942
Epoch: 47, Best AUROC test all: 0.8716284893061842, AUPR test all: 0.7685743234658867, AUROC test unknown: 0.8497128221800463, AUPR test unknown: 0.6920081154693942
pseudo_counter: Counter({0: 15567, -1: 2618, 1: 148})
max_probs: 0.9999697208404541， num of >0.5: 867
AUROC test all: 0.8779865848369007, AUPR test all: 0.7787502134233442, AUROC test unknown: 0.8573542214970998, AUPR test unknown: 0.7055192646949298
Epoch: 48, Best AUROC test all: 0.8779865848369007, AUPR test all: 0.7787502134233442, AUROC test unknown: 0.8573542214970998, AUPR test unknown: 0.7055192646949298
pseudo_counter: Counter({0: 15573, -1: 2608, 1: 152})
max_probs: 0.9999970197677612， num of >0.5: 925
AUROC test all: 0.8829710221254059, AUPR test all: 0.7855004033890933, AUROC test unknown: 0.8629755086352326, AUPR test unknown: 0.7117953108506083
Epoch: 49, Best AUROC test all: 0.8829710221254059, AUPR test all: 0.7855004033890933, AUROC test unknown: 0.8629755086352326, AUPR test unknown: 0.7117953108506083
pseudo_counter: Counter({0: 15577, -1: 2602, 1: 154})
max_probs: 0.999994158744812， num of >0.5: 983
AUROC test all: 0.8878151719303604, AUPR test all: 0.7946563709721459, AUROC test unknown: 0.8684458756006771, AUPR test unknown: 0.7254994459795434
Epoch: 50, Best AUROC test all: 0.8878151719303604, AUPR test all: 0.7946563709721459, AUROC test unknown: 0.8684458756006771, AUPR test unknown: 0.7254994459795434
pseudo_counter: Counter({0: 15579, -1: 2593, 1: 161})
max_probs: 0.9999998807907104， num of >0.5: 1061
AUROC test all: 0.896478636976009, AUPR test all: 0.8078711387722785, AUROC test unknown: 0.8787937259396222, AUPR test unknown: 0.7416595620204729
Epoch: 51, Best AUROC test all: 0.896478636976009, AUPR test all: 0.8078711387722785, AUROC test unknown: 0.8787937259396222, AUPR test unknown: 0.7416595620204729
pseudo_counter: Counter({0: 15578, -1: 2588, 1: 167})
max_probs: 0.9999996423721313， num of >0.5: 1218
AUROC test all: 0.9055853644737817, AUPR test all: 0.8209156997501004, AUROC test unknown: 0.8892361405971458, AUPR test unknown: 0.7577958714473023
Epoch: 52, Best AUROC test all: 0.9055853644737817, AUPR test all: 0.8209156997501004, AUROC test unknown: 0.8892361405971458, AUPR test unknown: 0.7577958714473023
pseudo_counter: Counter({0: 15587, -1: 2575, 1: 171})
max_probs: 0.9999998807907104， num of >0.5: 1381
AUROC test all: 0.9132909649801045, AUPR test all: 0.8314168166375506, AUROC test unknown: 0.898218098133994, AUPR test unknown: 0.7703752037274143
Epoch: 53, Best AUROC test all: 0.9132909649801045, AUPR test all: 0.8314168166375506, AUROC test unknown: 0.898218098133994, AUPR test unknown: 0.7703752037274143
pseudo_counter: Counter({0: 15585, -1: 2564, 1: 184})
max_probs: 1.0， num of >0.5: 1536
AUROC test all: 0.9203868070890715, AUPR test all: 0.8420901541671273, AUROC test unknown: 0.9065829356909354, AUPR test unknown: 0.7842015353331394
Epoch: 54, Best AUROC test all: 0.9203868070890715, AUPR test all: 0.8420901541671273, AUROC test unknown: 0.9065829356909354, AUPR test unknown: 0.7842015353331394
pseudo_counter: Counter({0: 15588, -1: 2549, 1: 196})
max_probs: 1.0， num of >0.5: 1673
AUROC test all: 0.9245132277298219, AUPR test all: 0.8479002473035299, AUROC test unknown: 0.9117024784941473, AUPR test unknown: 0.7915221511263942
Epoch: 55, Best AUROC test all: 0.9245132277298219, AUPR test all: 0.8479002473035299, AUROC test unknown: 0.9117024784941473, AUPR test unknown: 0.7915221511263942
pseudo_counter: Counter({0: 15597, -1: 2533, 1: 203})
max_probs: 1.0， num of >0.5: 1676
AUROC test all: 0.9234417625259475, AUPR test all: 0.8452737285616089, AUROC test unknown: 0.9102250265442271, AUPR test unknown: 0.7883019529800895
Epoch: 56, Best AUROC test all: 0.9245132277298219, AUPR test all: 0.8479002473035299, AUROC test unknown: 0.9117024784941473, AUPR test unknown: 0.7915221511263942
pseudo_counter: Counter({0: 15612, -1: 2510, 1: 211})
max_probs: 0.9999997615814209， num of >0.5: 1455
AUROC test all: 0.9261212442625868, AUPR test all: 0.8515047371111748, AUROC test unknown: 0.9136261779085704, AUPR test unknown: 0.7979103023406836
Epoch: 57, Best AUROC test all: 0.9261212442625868, AUPR test all: 0.8515047371111748, AUROC test unknown: 0.9136261779085704, AUPR test unknown: 0.7979103023406836
pseudo_counter: Counter({0: 15630, -1: 2487, 1: 216})
max_probs: 1.0， num of >0.5: 1502
AUROC test all: 0.9265822611306619, AUPR test all: 0.8512685801846551, AUROC test unknown: 0.914108818011257, AUPR test unknown: 0.7964153503935074
Epoch: 58, Best AUROC test all: 0.9265822611306619, AUPR test all: 0.8515047371111748, AUROC test unknown: 0.914108818011257, AUPR test unknown: 0.7979103023406836
pseudo_counter: Counter({0: 15632, -1: 2478, 1: 223})
max_probs: 1.0， num of >0.5: 1425
AUROC test all: 0.9297341391201076, AUPR test all: 0.855343718308131, AUROC test unknown: 0.9178667303111967, AUPR test unknown: 0.8021968943326321
Epoch: 59, Best AUROC test all: 0.9297341391201076, AUPR test all: 0.855343718308131, AUROC test unknown: 0.9178667303111967, AUPR test unknown: 0.8021968943326321
pseudo_counter: Counter({0: 15652, -1: 2457, 1: 224})
max_probs: 1.0， num of >0.5: 1424
AUROC test all: 0.9299448831175282, AUPR test all: 0.858891331863951, AUROC test unknown: 0.9184303432183509, AUPR test unknown: 0.8083072651545339
Epoch: 60, Best AUROC test all: 0.9299448831175282, AUPR test all: 0.858891331863951, AUROC test unknown: 0.9184303432183509, AUPR test unknown: 0.8083072651545339
pseudo_counter: Counter({0: 15670, -1: 2436, 1: 227})
max_probs: 1.0， num of >0.5: 1426
AUROC test all: 0.9353153271665101, AUPR test all: 0.8658628033283853, AUROC test unknown: 0.9244268322584258, AUPR test unknown: 0.8163325844161747
Epoch: 61, Best AUROC test all: 0.9353153271665101, AUPR test all: 0.8658628033283853, AUROC test unknown: 0.9244268322584258, AUPR test unknown: 0.8163325844161747
pseudo_counter: Counter({0: 15685, -1: 2417, 1: 231})
max_probs: 1.0， num of >0.5: 1546
AUROC test all: 0.945175587034125, AUPR test all: 0.8814514479626155, AUROC test unknown: 0.9358900022453182, AUPR test unknown: 0.8355917094114842
Epoch: 62, Best AUROC test all: 0.945175587034125, AUPR test all: 0.8814514479626155, AUROC test unknown: 0.9358900022453182, AUPR test unknown: 0.8355917094114842
pseudo_counter: Counter({0: 15701, -1: 2396, 1: 236})
max_probs: 1.0， num of >0.5: 1854
AUROC test all: 0.9513227085879398, AUPR test all: 0.8914149483078324, AUROC test unknown: 0.9431347141949229, AUPR test unknown: 0.8485261214064795
Epoch: 63, Best AUROC test all: 0.9513227085879398, AUPR test all: 0.8914149483078324, AUROC test unknown: 0.9431347141949229, AUPR test unknown: 0.8485261214064795
pseudo_counter: Counter({0: 15720, -1: 2374, 1: 239})
max_probs: 0.9999997615814209， num of >0.5: 2093
AUROC test all: 0.9481791834532523, AUPR test all: 0.8877025677759369, AUROC test unknown: 0.9393641019841978, AUPR test unknown: 0.8438714833049639
Epoch: 64, Best AUROC test all: 0.9513227085879398, AUPR test all: 0.8914149483078324, AUROC test unknown: 0.9431347141949229, AUPR test unknown: 0.8485261214064795
pseudo_counter: Counter({0: 15739, -1: 2346, 1: 248})
max_probs: 1.0， num of >0.5: 1870
AUROC test all: 0.9443178095650305, AUPR test all: 0.8834226271846957, AUROC test unknown: 0.9350676830219699, AUPR test unknown: 0.8400500873831294
Epoch: 65, Best AUROC test all: 0.9513227085879398, AUPR test all: 0.8914149483078324, AUROC test unknown: 0.9431347141949229, AUPR test unknown: 0.8485261214064795
pseudo_counter: Counter({0: 15754, -1: 2325, 1: 254})
max_probs: 1.0， num of >0.5: 1634
AUROC test all: 0.9429647666835165, AUPR test all: 0.8807654143028418, AUROC test unknown: 0.9336976910192167, AUPR test unknown: 0.8377739507469641
Epoch: 66, Best AUROC test all: 0.9513227085879398, AUPR test all: 0.8914149483078324, AUROC test unknown: 0.9431347141949229, AUPR test unknown: 0.8485261214064795
pseudo_counter: Counter({0: 15762, -1: 2315, 1: 256})
max_probs: 1.0， num of >0.5: 1537
AUROC test all: 0.9435625385503106, AUPR test all: 0.881894456839708, AUROC test unknown: 0.9341888013534972, AUPR test unknown: 0.838291948746627
Epoch: 67, Best AUROC test all: 0.9513227085879398, AUPR test all: 0.8914149483078324, AUROC test unknown: 0.9431347141949229, AUPR test unknown: 0.8485261214064795
pseudo_counter: Counter({0: 15764, -1: 2308, 1: 261})
max_probs: 1.0， num of >0.5: 1544
AUROC test all: 0.9454854061920597, AUPR test all: 0.8836943956968775, AUROC test unknown: 0.9364840275244469, AUPR test unknown: 0.8416034636200104
Epoch: 68, Best AUROC test all: 0.9513227085879398, AUPR test all: 0.8914149483078324, AUROC test unknown: 0.9431347141949229, AUPR test unknown: 0.8485261214064795
pseudo_counter: Counter({0: 15771, -1: 2297, 1: 265})
max_probs: 0.9999998807907104， num of >0.5: 1537
AUROC test all: 0.9458468051480449, AUPR test all: 0.8854973775947127, AUROC test unknown: 0.9370600032728366, AUPR test unknown: 0.8436901831703952
Epoch: 69, Best AUROC test all: 0.9513227085879398, AUPR test all: 0.8914149483078324, AUROC test unknown: 0.9431347141949229, AUPR test unknown: 0.8485261214064795
pseudo_counter: Counter({0: 15769, -1: 2295, 1: 269})
max_probs: 1.0， num of >0.5: 1555
AUROC test all: 0.9492061614262777, AUPR test all: 0.8911678649485436, AUROC test unknown: 0.9408061725045844, AUPR test unknown: 0.8514177349641809
Epoch: 70, Best AUROC test all: 0.9513227085879398, AUPR test all: 0.8914149483078324, AUROC test unknown: 0.9431347141949229, AUPR test unknown: 0.8514177349641809
pseudo_counter: Counter({0: 15773, -1: 2287, 1: 273})
max_probs: 1.0， num of >0.5: 1628
AUROC test all: 0.9503701335766823, AUPR test all: 0.8935911467370634, AUROC test unknown: 0.9421464045280401, AUPR test unknown: 0.8538191227438017
Epoch: 71, Best AUROC test all: 0.9513227085879398, AUPR test all: 0.8935911467370634, AUROC test unknown: 0.9431347141949229, AUPR test unknown: 0.8538191227438017
pseudo_counter: Counter({0: 15773, -1: 2284, 1: 276})
max_probs: 0.9999998807907104， num of >0.5: 1707
AUROC test all: 0.9553727944392801, AUPR test all: 0.9009835803586141, AUROC test unknown: 0.9479507204317968, AUPR test unknown: 0.8632280741189513
Epoch: 72, Best AUROC test all: 0.9553727944392801, AUPR test all: 0.9009835803586141, AUROC test unknown: 0.9479507204317968, AUPR test unknown: 0.8632280741189513
pseudo_counter: Counter({0: 15773, -1: 2282, 1: 278})
max_probs: 1.0， num of >0.5: 1841
AUROC test all: 0.9569356614002898, AUPR test all: 0.9049862499108561, AUROC test unknown: 0.950066886559243, AUPR test unknown: 0.8681173989085283
Epoch: 73, Best AUROC test all: 0.9569356614002898, AUPR test all: 0.9049862499108561, AUROC test unknown: 0.950066886559243, AUPR test unknown: 0.8681173989085283
pseudo_counter: Counter({0: 15777, -1: 2276, 1: 280})
max_probs: 0.9999998807907104， num of >0.5: 2004
AUROC test all: 0.9598975487407014, AUPR test all: 0.9099793268489642, AUROC test unknown: 0.9531107442006369, AUPR test unknown: 0.8751897432954031
Epoch: 74, Best AUROC test all: 0.9598975487407014, AUPR test all: 0.9099793268489642, AUROC test unknown: 0.9531107442006369, AUPR test unknown: 0.8751897432954031
pseudo_counter: Counter({0: 15775, -1: 2271, 1: 287})
max_probs: 1.0， num of >0.5: 2086
AUROC test all: 0.9568755447638962, AUPR test all: 0.9066537258330325, AUROC test unknown: 0.9499816949487954, AUPR test unknown: 0.8717398517017192
Epoch: 75, Best AUROC test all: 0.9598975487407014, AUPR test all: 0.9099793268489642, AUROC test unknown: 0.9531107442006369, AUPR test unknown: 0.8751897432954031
pseudo_counter: Counter({0: 15773, -1: 2265, 1: 295})
max_probs: 1.0， num of >0.5: 2059
AUROC test all: 0.9577060834632334, AUPR test all: 0.906876565295655, AUROC test unknown: 0.9509544994163803, AUPR test unknown: 0.8716205203060241
Epoch: 76, Best AUROC test all: 0.9598975487407014, AUPR test all: 0.9099793268489642, AUROC test unknown: 0.9531107442006369, AUPR test unknown: 0.8751897432954031
pseudo_counter: Counter({0: 15780, -1: 2255, 1: 298})
max_probs: 0.9999971389770508， num of >0.5: 2078
AUROC test all: 0.9561027493127063, AUPR test all: 0.9053577904464125, AUROC test unknown: 0.9492604422243762, AUPR test unknown: 0.8704413989453459
Epoch: 77, Best AUROC test all: 0.9598975487407014, AUPR test all: 0.9099793268489642, AUROC test unknown: 0.9531107442006369, AUPR test unknown: 0.8751897432954031
pseudo_counter: Counter({0: 15784, -1: 2247, 1: 302})
max_probs: 0.9999996423721313， num of >0.5: 1981
AUROC test all: 0.9557966282248297, AUPR test all: 0.904040376356321, AUROC test unknown: 0.9486935456074128, AUPR test unknown: 0.8674473293220791
Epoch: 78, Best AUROC test all: 0.9598975487407014, AUPR test all: 0.9099793268489642, AUROC test unknown: 0.9531107442006369, AUPR test unknown: 0.8751897432954031
pseudo_counter: Counter({0: 15779, -1: 2246, 1: 308})
max_probs: 0.9999997615814209， num of >0.5: 1980
AUROC test all: 0.9569923743403614, AUPR test all: 0.9055437999076102, AUROC test unknown: 0.9501265913624297, AUPR test unknown: 0.8701905572987156
Epoch: 79, Best AUROC test all: 0.9598975487407014, AUPR test all: 0.9099793268489642, AUROC test unknown: 0.9531107442006369, AUPR test unknown: 0.8751897432954031
pseudo_counter: Counter({0: 15784, -1: 2238, 1: 311})
max_probs: 0.9999998807907104， num of >0.5: 2018
AUROC test all: 0.9597727066791102, AUPR test all: 0.9103289245334847, AUROC test unknown: 0.9535072575967052, AUPR test unknown: 0.8764415645089205
Epoch: 80, Best AUROC test all: 0.9598975487407014, AUPR test all: 0.9103289245334847, AUROC test unknown: 0.9535072575967052, AUPR test unknown: 0.8764415645089205
pseudo_counter: Counter({0: 15783, -1: 2234, 1: 316})
max_probs: 0.9999992847442627， num of >0.5: 2152
AUROC test all: 0.9609285835517756, AUPR test all: 0.9129236928742849, AUROC test unknown: 0.9544547601016211, AUPR test unknown: 0.879455323687124
Epoch: 81, Best AUROC test all: 0.9609285835517756, AUPR test all: 0.9129236928742849, AUROC test unknown: 0.9544547601016211, AUPR test unknown: 0.879455323687124
pseudo_counter: Counter({0: 15783, -1: 2227, 1: 323})
max_probs: 1.0， num of >0.5: 2251
AUROC test all: 0.9629607558413639, AUPR test all: 0.9161550896057805, AUROC test unknown: 0.9569501729656087, AUPR test unknown: 0.8839520491164805
Epoch: 82, Best AUROC test all: 0.9629607558413639, AUPR test all: 0.9161550896057805, AUROC test unknown: 0.9569501729656087, AUPR test unknown: 0.8839520491164805
pseudo_counter: Counter({0: 15785, -1: 2221, 1: 327})
max_probs: 0.9999995231628418， num of >0.5: 2406
AUROC test all: 0.9640472709024901, AUPR test all: 0.917802826382105, AUROC test unknown: 0.9580748979413205, AUPR test unknown: 0.8854642651625964
Epoch: 83, Best AUROC test all: 0.9640472709024901, AUPR test all: 0.917802826382105, AUROC test unknown: 0.9580748979413205, AUPR test unknown: 0.8854642651625964
pseudo_counter: Counter({0: 15786, -1: 2215, 1: 332})
max_probs: 1.0， num of >0.5: 2630
AUROC test all: 0.9640841780096381, AUPR test all: 0.9186171075393824, AUROC test unknown: 0.9581641017667337, AUPR test unknown: 0.8866941352250577
Epoch: 84, Best AUROC test all: 0.9640841780096381, AUPR test all: 0.9186171075393824, AUROC test unknown: 0.9581641017667337, AUPR test unknown: 0.8866941352250577
pseudo_counter: Counter({0: 15780, -1: 2213, 1: 340})
max_probs: 0.9999997615814209， num of >0.5: 2589
AUROC test all: 0.9642245942816983, AUPR test all: 0.9184511243832478, AUROC test unknown: 0.9582764002929244, AUPR test unknown: 0.8864985284079371
Epoch: 85, Best AUROC test all: 0.9642245942816983, AUPR test all: 0.9186171075393824, AUROC test unknown: 0.9582764002929244, AUPR test unknown: 0.8866941352250577
pseudo_counter: Counter({0: 15778, -1: 2212, 1: 343})
max_probs: 0.9999997615814209， num of >0.5: 2447
AUROC test all: 0.9622382523031295, AUPR test all: 0.916791321322344, AUROC test unknown: 0.9560510018848712, AUPR test unknown: 0.8858275700504623
Epoch: 86, Best AUROC test all: 0.9642245942816983, AUPR test all: 0.9186171075393824, AUROC test unknown: 0.9582764002929244, AUPR test unknown: 0.8866941352250577
pseudo_counter: Counter({0: 15780, -1: 2205, 1: 348})
max_probs: 0.9999998807907104， num of >0.5: 2228
AUROC test all: 0.9591935631502957, AUPR test all: 0.9143380644840541, AUROC test unknown: 0.9526545368745932, AUPR test unknown: 0.8834627136728613
Epoch: 87, Best AUROC test all: 0.9642245942816983, AUPR test all: 0.9186171075393824, AUROC test unknown: 0.9582764002929244, AUPR test unknown: 0.8866941352250577
pseudo_counter: Counter({0: 15784, -1: 2200, 1: 349})
max_probs: 0.9999995231628418， num of >0.5: 2106
AUROC test all: 0.9586445193359849, AUPR test all: 0.9137395014172092, AUROC test unknown: 0.9518059697191937, AUPR test unknown: 0.8823045564730766
Epoch: 88, Best AUROC test all: 0.9642245942816983, AUPR test all: 0.9186171075393824, AUROC test unknown: 0.9582764002929244, AUPR test unknown: 0.8866941352250577
pseudo_counter: Counter({0: 15782, -1: 2197, 1: 354})
max_probs: 0.9999974966049194， num of >0.5: 1989
AUROC test all: 0.9569692016078326, AUPR test all: 0.9095205826705619, AUROC test unknown: 0.9497820084234767, AUPR test unknown: 0.876210220950056
Epoch: 89, Best AUROC test all: 0.9642245942816983, AUPR test all: 0.9186171075393824, AUROC test unknown: 0.9582764002929244, AUPR test unknown: 0.8866941352250577
pseudo_counter: Counter({0: 15786, -1: 2193, 1: 354})
max_probs: 1.0， num of >0.5: 1924
AUROC test all: 0.9559306694656703, AUPR test all: 0.9094882776849061, AUROC test unknown: 0.9493134165097754, AUPR test unknown: 0.8783224965250034
Epoch: 90, Best AUROC test all: 0.9642245942816983, AUPR test all: 0.9186171075393824, AUROC test unknown: 0.9582764002929244, AUPR test unknown: 0.8866941352250577
pseudo_counter: Counter({0: 15790, -1: 2189, 1: 354})
max_probs: 0.9999997615814209， num of >0.5: 1857
AUROC test all: 0.9557240099038363, AUPR test all: 0.9078577522834652, AUROC test unknown: 0.94858409586258, AUPR test unknown: 0.8752858572720066
Epoch: 91, Best AUROC test all: 0.9642245942816983, AUPR test all: 0.9186171075393824, AUROC test unknown: 0.9582764002929244, AUPR test unknown: 0.8866941352250577
pseudo_counter: Counter({0: 15789, -1: 2188, 1: 356})
max_probs: 0.9999997615814209， num of >0.5: 1797
AUROC test all: 0.9545122204196941, AUPR test all: 0.9079139067273156, AUROC test unknown: 0.9470862131486482, AUPR test unknown: 0.8753554596549912
Epoch: 92, Best AUROC test all: 0.9642245942816983, AUPR test all: 0.9186171075393824, AUROC test unknown: 0.9582764002929244, AUPR test unknown: 0.8866941352250577
pseudo_counter: Counter({0: 15789, -1: 2187, 1: 357})
max_probs: 0.9999982118606567， num of >0.5: 1819
AUROC test all: 0.9571577663840831, AUPR test all: 0.9125671030506788, AUROC test unknown: 0.9502774354226391, AUPR test unknown: 0.8822139752427158
Epoch: 93, Best AUROC test all: 0.9642245942816983, AUPR test all: 0.9186171075393824, AUROC test unknown: 0.9582764002929244, AUPR test unknown: 0.8866941352250577
pseudo_counter: Counter({0: 15788, -1: 2183, 1: 362})
max_probs: 1.0， num of >0.5: 1934
AUROC test all: 0.9606303277621568, AUPR test all: 0.9178615712881032, AUROC test unknown: 0.9545512598518091, AUPR test unknown: 0.8887873071009926
Epoch: 94, Best AUROC test all: 0.9642245942816983, AUPR test all: 0.9186171075393824, AUROC test unknown: 0.9582764002929244, AUPR test unknown: 0.8887873071009926
pseudo_counter: Counter({0: 15783, -1: 2181, 1: 369})
max_probs: 0.9999997615814209， num of >0.5: 2057
AUROC test all: 0.9632645311385318, AUPR test all: 0.9231017260328491, AUROC test unknown: 0.9573089671917158, AUPR test unknown: 0.8956000187269065
Epoch: 95, Best AUROC test all: 0.9642245942816983, AUPR test all: 0.9231017260328491, AUROC test unknown: 0.9582764002929244, AUPR test unknown: 0.8956000187269065
pseudo_counter: Counter({0: 15786, -1: 2176, 1: 371})
max_probs: 0.9999994039535522， num of >0.5: 2330
AUROC test all: 0.9653539039246919, AUPR test all: 0.9271088564542804, AUROC test unknown: 0.9598566040895236, AUPR test unknown: 0.9007213285454134
Epoch: 96, Best AUROC test all: 0.9653539039246919, AUPR test all: 0.9271088564542804, AUROC test unknown: 0.9598566040895236, AUPR test unknown: 0.9007213285454134
pseudo_counter: Counter({0: 15785, -1: 2172, 1: 376})
max_probs: 0.9999980926513672， num of >0.5: 2560
AUROC test all: 0.9682808067864185, AUPR test all: 0.9273884289996414, AUROC test unknown: 0.9630892315521019, AUPR test unknown: 0.8992085740448672
Epoch: 97, Best AUROC test all: 0.9682808067864185, AUPR test all: 0.9273884289996414, AUROC test unknown: 0.9630892315521019, AUPR test unknown: 0.9007213285454134
pseudo_counter: Counter({0: 15783, -1: 2171, 1: 379})
max_probs: 0.9999998807907104， num of >0.5: 2833
AUROC test all: 0.9677110372212592, AUPR test all: 0.9295543143880773, AUROC test unknown: 0.9625028718869317, AUPR test unknown: 0.9037900123231537
Epoch: 98, Best AUROC test all: 0.9682808067864185, AUPR test all: 0.9295543143880773, AUROC test unknown: 0.9630892315521019, AUPR test unknown: 0.9037900123231537
pseudo_counter: Counter({0: 15783, -1: 2166, 1: 384})
max_probs: 0.9999991655349731， num of >0.5: 2961
AUROC test all: 0.9690621666734893, AUPR test all: 0.9283416959807855, AUROC test unknown: 0.9641980164000646, AUPR test unknown: 0.900796857367049
Epoch: 99, Best AUROC test all: 0.9690621666734893, AUPR test all: 0.9295543143880773, AUROC test unknown: 0.9641980164000646, AUPR test unknown: 0.9037900123231537
pseudo_counter: Counter({0: 15779, -1: 2160, 1: 394})
max_probs: 0.9999998807907104， num of >0.5: 2860
AUROC test all: 0.9659545183378739, AUPR test all: 0.9262268133073577, AUROC test unknown: 0.9602124299289491, AUPR test unknown: 0.898839273424515
Epoch: 100, Best AUROC test all: 0.9690621666734893, AUPR test all: 0.9295543143880773, AUROC test unknown: 0.9641980164000646, AUPR test unknown: 0.9037900123231537
pseudo_counter: Counter({0: 15776, -1: 2156, 1: 401})
max_probs: 0.9999945163726807， num of >0.5: 2714
AUROC test all: 0.9673792780208148, AUPR test all: 0.9289782625004901, AUROC test unknown: 0.962261682314124, AUPR test unknown: 0.9029452538934657
Epoch: 101, Best AUROC test all: 0.9690621666734893, AUPR test all: 0.9295543143880773, AUROC test unknown: 0.9641980164000646, AUPR test unknown: 0.9037900123231537
pseudo_counter: Counter({0: 15770, -1: 2152, 1: 411})
max_probs: 0.9999995231628418， num of >0.5: 2763
AUROC test all: 0.9651632969306478, AUPR test all: 0.9241833848735785, AUROC test unknown: 0.9596322027549455, AUPR test unknown: 0.8965191067185727
Epoch: 102, Best AUROC test all: 0.9690621666734893, AUPR test all: 0.9295543143880773, AUROC test unknown: 0.9641980164000646, AUPR test unknown: 0.9037900123231537
pseudo_counter: Counter({0: 15764, -1: 2150, 1: 419})
max_probs: 0.9999996423721313， num of >0.5: 2575
AUROC test all: 0.9636189203199291, AUPR test all: 0.9228632024209853, AUROC test unknown: 0.9577249653824136, AUPR test unknown: 0.8952095205892093
Epoch: 103, Best AUROC test all: 0.9690621666734893, AUPR test all: 0.9295543143880773, AUROC test unknown: 0.9641980164000646, AUPR test unknown: 0.9037900123231537
pseudo_counter: Counter({0: 15763, -1: 2149, 1: 421})
max_probs: 0.9999996423721313， num of >0.5: 2362
AUROC test all: 0.963208397746753, AUPR test all: 0.9216018063424449, AUROC test unknown: 0.9575057723160428, AUPR test unknown: 0.8939064823151277
Epoch: 104, Best AUROC test all: 0.9690621666734893, AUPR test all: 0.9295543143880773, AUROC test unknown: 0.9641980164000646, AUPR test unknown: 0.9037900123231537
pseudo_counter: Counter({0: 15764, -1: 2145, 1: 424})
max_probs: 0.9999969005584717， num of >0.5: 2258
AUROC test all: 0.9634995149732739, AUPR test all: 0.9200274240553307, AUROC test unknown: 0.9576872679588752, AUPR test unknown: 0.8910401215929846
Epoch: 105, Best AUROC test all: 0.9690621666734893, AUPR test all: 0.9295543143880773, AUROC test unknown: 0.9641980164000646, AUPR test unknown: 0.9037900123231537
pseudo_counter: Counter({0: 15764, -1: 2142, 1: 427})
max_probs: 1.0， num of >0.5: 2217
AUROC test all: 0.9635671473391145, AUPR test all: 0.9233385241460241, AUROC test unknown: 0.9579501604614157, AUPR test unknown: 0.8970077650795264
Epoch: 106, Best AUROC test all: 0.9690621666734893, AUPR test all: 0.9295543143880773, AUROC test unknown: 0.9641980164000646, AUPR test unknown: 0.9037900123231537
pseudo_counter: Counter({0: 15765, -1: 2140, 1: 428})
max_probs: 0.9999943971633911， num of >0.5: 2261
AUROC test all: 0.9651843170552324, AUPR test all: 0.9247929854834378, AUROC test unknown: 0.9595940486565332, AUPR test unknown: 0.8977054902996657
Epoch: 107, Best AUROC test all: 0.9690621666734893, AUPR test all: 0.9295543143880773, AUROC test unknown: 0.9641980164000646, AUPR test unknown: 0.9037900123231537
pseudo_counter: Counter({0: 15762, -1: 2140, 1: 431})
max_probs: 0.9999947547912598， num of >0.5: 2285
AUROC test all: 0.9660912181415174, AUPR test all: 0.9256432920304787, AUROC test unknown: 0.9606814893907358, AUPR test unknown: 0.8986073294560721
Epoch: 108, Best AUROC test all: 0.9690621666734893, AUPR test all: 0.9295543143880773, AUROC test unknown: 0.9641980164000646, AUPR test unknown: 0.9037900123231537
pseudo_counter: Counter({0: 15755, -1: 2140, 1: 438})
max_probs: 0.9999998807907104， num of >0.5: 2515
AUROC test all: 0.967801465153279, AUPR test all: 0.9298704364561484, AUROC test unknown: 0.9628794111938623, AUPR test unknown: 0.9046636357629295
Epoch: 109, Best AUROC test all: 0.9690621666734893, AUPR test all: 0.9298704364561484, AUROC test unknown: 0.9641980164000646, AUPR test unknown: 0.9046636357629295
pseudo_counter: Counter({0: 15754, -1: 2139, 1: 440})
max_probs: 0.9999994039535522， num of >0.5: 2757
AUROC test all: 0.9695059902755474, AUPR test all: 0.9300452749447342, AUROC test unknown: 0.9647859961737171, AUPR test unknown: 0.9039345465844861
Epoch: 110, Best AUROC test all: 0.9695059902755474, AUPR test all: 0.9300452749447342, AUROC test unknown: 0.9647859961737171, AUPR test unknown: 0.9046636357629295
pseudo_counter: Counter({0: 15750, -1: 2138, 1: 445})
max_probs: 0.9999996423721313， num of >0.5: 2939
AUROC test all: 0.9684353437986264, AUPR test all: 0.9297917209528472, AUROC test unknown: 0.9635396543297399, AUPR test unknown: 0.9037459004360371
Epoch: 111, Best AUROC test all: 0.9695059902755474, AUPR test all: 0.9300452749447342, AUROC test unknown: 0.9647859961737171, AUPR test unknown: 0.9046636357629295
pseudo_counter: Counter({0: 15745, -1: 2136, 1: 452})
max_probs: 1.0， num of >0.5: 2960
AUROC test all: 0.9689025057184397, AUPR test all: 0.9296442811826293, AUROC test unknown: 0.9637167898148455, AUPR test unknown: 0.9033764444840664
Epoch: 112, Best AUROC test all: 0.9695059902755474, AUPR test all: 0.9300452749447342, AUROC test unknown: 0.9647859961737171, AUPR test unknown: 0.9046636357629295
pseudo_counter: Counter({0: 15743, -1: 2134, 1: 456})
max_probs: 0.9999992847442627， num of >0.5: 2946
AUROC test all: 0.9671325100374544, AUPR test all: 0.9264524302108892, AUROC test unknown: 0.9619167731788323, AUPR test unknown: 0.8994851402634031
Epoch: 113, Best AUROC test all: 0.9695059902755474, AUPR test all: 0.9300452749447342, AUROC test unknown: 0.9647859961737171, AUPR test unknown: 0.9046636357629295
pseudo_counter: Counter({0: 15743, -1: 2132, 1: 458})
max_probs: 0.9999997615814209， num of >0.5: 2905
AUROC test all: 0.9671870611704024, AUPR test all: 0.9257347647753867, AUROC test unknown: 0.9618365071330984, AUPR test unknown: 0.8980687148662168
Epoch: 114, Best AUROC test all: 0.9695059902755474, AUPR test all: 0.9300452749447342, AUROC test unknown: 0.9647859961737171, AUPR test unknown: 0.9046636357629295
pseudo_counter: Counter({0: 15741, -1: 2130, 1: 462})
max_probs: 1.0， num of >0.5: 2787
AUROC test all: 0.9660222978905821, AUPR test all: 0.9255941728244798, AUROC test unknown: 0.9607739551795357, AUPR test unknown: 0.8990089551424326
Epoch: 115, Best AUROC test all: 0.9695059902755474, AUPR test all: 0.9300452749447342, AUROC test unknown: 0.9647859961737171, AUPR test unknown: 0.9046636357629295
pseudo_counter: Counter({0: 15738, -1: 2128, 1: 467})
max_probs: 1.0， num of >0.5: 2574
AUROC test all: 0.9649610437756743, AUPR test all: 0.9241908335268884, AUROC test unknown: 0.9592197166114942, AUPR test unknown: 0.896772850248253
Epoch: 116, Best AUROC test all: 0.9695059902755474, AUPR test all: 0.9300452749447342, AUROC test unknown: 0.9647859961737171, AUPR test unknown: 0.9046636357629295
pseudo_counter: Counter({0: 15737, -1: 2126, 1: 470})
max_probs: 0.9999896287918091， num of >0.5: 2386
AUROC test all: 0.9633294313481351, AUPR test all: 0.9209212622158016, AUROC test unknown: 0.9572481315745552, AUPR test unknown: 0.8922303118959032
Epoch: 117, Best AUROC test all: 0.9695059902755474, AUPR test all: 0.9300452749447342, AUROC test unknown: 0.9647859961737171, AUPR test unknown: 0.9046636357629295
pseudo_counter: Counter({0: 15738, -1: 2123, 1: 472})
max_probs: 0.9999994039535522， num of >0.5: 2313
AUROC test all: 0.9626994439556101, AUPR test all: 0.9209899484221514, AUROC test unknown: 0.9568890655181655, AUPR test unknown: 0.8928012592356829
Epoch: 118, Best AUROC test all: 0.9695059902755474, AUPR test all: 0.9300452749447342, AUROC test unknown: 0.9647859961737171, AUPR test unknown: 0.9046636357629295
pseudo_counter: Counter({0: 15739, -1: 2120, 1: 474})
max_probs: 0.9999998807907104， num of >0.5: 2267
AUROC test all: 0.9616137016255409, AUPR test all: 0.9193010735141982, AUROC test unknown: 0.9554379919788322, AUPR test unknown: 0.8904725691708543
Epoch: 119, Best AUROC test all: 0.9695059902755474, AUPR test all: 0.9300452749447342, AUROC test unknown: 0.9647859961737171, AUPR test unknown: 0.9046636357629295
pseudo_counter: Counter({0: 15741, -1: 2117, 1: 475})
max_probs: 0.9999997615814209， num of >0.5: 2250
AUROC test all: 0.9635675153062843, AUPR test all: 0.9210078452341836, AUROC test unknown: 0.9576731327841999, AUPR test unknown: 0.8921521453116295
Epoch: 120, Best AUROC test all: 0.9695059902755474, AUPR test all: 0.9300452749447342, AUROC test unknown: 0.9647859961737171, AUPR test unknown: 0.9046636357629295
pseudo_counter: Counter({0: 15740, -1: 2117, 1: 476})
max_probs: 1.0， num of >0.5: 2273
AUROC test all: 0.9650210224243793, AUPR test all: 0.9231072251220434, AUROC test unknown: 0.9591074833245712, AUPR test unknown: 0.8949866967443008
Epoch: 121, Best AUROC test all: 0.9695059902755474, AUPR test all: 0.9300452749447342, AUROC test unknown: 0.9647859961737171, AUPR test unknown: 0.9046636357629295
pseudo_counter: Counter({0: 15737, -1: 2117, 1: 479})
max_probs: 0.9999998807907104， num of >0.5: 2369
AUROC test all: 0.9639699610000796, AUPR test all: 0.9229705907104944, AUROC test unknown: 0.9580877718234864, AUPR test unknown: 0.8955165620981612
Epoch: 122, Best AUROC test all: 0.9695059902755474, AUPR test all: 0.9300452749447342, AUROC test unknown: 0.9647859961737171, AUPR test unknown: 0.9046636357629295
pseudo_counter: Counter({0: 15733, -1: 2117, 1: 483})
max_probs: 0.9999997615814209， num of >0.5: 2440
AUROC test all: 0.9647814941950879, AUPR test all: 0.9232128229811296, AUROC test unknown: 0.9589512352783515, AUPR test unknown: 0.8949936108399126
Epoch: 123, Best AUROC test all: 0.9695059902755474, AUPR test all: 0.9300452749447342, AUROC test unknown: 0.9647859961737171, AUPR test unknown: 0.9046636357629295
pseudo_counter: Counter({0: 15737, -1: 2113, 1: 483})
max_probs: 0.9999998807907104， num of >0.5: 2398
AUROC test all: 0.9644199756497724, AUPR test all: 0.9230981858209162, AUROC test unknown: 0.9587608562218961, AUPR test unknown: 0.8953706184629112
Epoch: 124, Best AUROC test all: 0.9695059902755474, AUPR test all: 0.9300452749447342, AUROC test unknown: 0.9647859961737171, AUPR test unknown: 0.9046636357629295
pseudo_counter: Counter({0: 15737, -1: 2112, 1: 484})
max_probs: 1.0， num of >0.5: 2441
AUROC test all: 0.9646956934502303, AUPR test all: 0.9236996681727057, AUROC test unknown: 0.9590087002000128, AUPR test unknown: 0.8962227698703298
Epoch: 125, Best AUROC test all: 0.9695059902755474, AUPR test all: 0.9300452749447342, AUROC test unknown: 0.9647859961737171, AUPR test unknown: 0.9046636357629295
pseudo_counter: Counter({0: 15736, -1: 2112, 1: 485})
max_probs: 0.9999997615814209， num of >0.5: 2401
AUROC test all: 0.9640699560785188, AUPR test all: 0.9215320151370434, AUROC test unknown: 0.9584163820150562, AUPR test unknown: 0.8928774918090935
Epoch: 126, Best AUROC test all: 0.9695059902755474, AUPR test all: 0.9300452749447342, AUROC test unknown: 0.9647859961737171, AUPR test unknown: 0.9046636357629295
pseudo_counter: Counter({0: 15735, -1: 2112, 1: 486})
max_probs: 0.9999995231628418， num of >0.5: 2502
AUROC test all: 0.9656919001686669, AUPR test all: 0.9235196719624392, AUROC test unknown: 0.9600996421082504, AUPR test unknown: 0.895468870935307
Epoch: 127, Best AUROC test all: 0.9695059902755474, AUPR test all: 0.9300452749447342, AUROC test unknown: 0.9647859961737171, AUPR test unknown: 0.9046636357629295
pseudo_counter: Counter({0: 15730, -1: 2111, 1: 492})
max_probs: 0.9999998807907104， num of >0.5: 2696
AUROC test all: 0.9671690123807154, AUPR test all: 0.9272667769013769, AUROC test unknown: 0.9617456288331466, AUPR test unknown: 0.9006949535119567
Epoch: 128, Best AUROC test all: 0.9695059902755474, AUPR test all: 0.9300452749447342, AUROC test unknown: 0.9647859961737171, AUPR test unknown: 0.9046636357629295
pseudo_counter: Counter({0: 15729, -1: 2110, 1: 494})
max_probs: 0.9999997615814209， num of >0.5: 2894
AUROC test all: 0.9680674778196289, AUPR test all: 0.9279708696365203, AUROC test unknown: 0.9625762986827646, AUPR test unknown: 0.9007845857798586
Epoch: 129, Best AUROC test all: 0.9695059902755474, AUPR test all: 0.9300452749447342, AUROC test unknown: 0.9647859961737171, AUPR test unknown: 0.9046636357629295
pseudo_counter: Counter({0: 15728, -1: 2110, 1: 495})
max_probs: 0.9999998807907104， num of >0.5: 3050
AUROC test all: 0.9685536544429506, AUPR test all: 0.9277819935737168, AUROC test unknown: 0.9632627680042709, AUPR test unknown: 0.9010391516909911
Epoch: 130, Best AUROC test all: 0.9695059902755474, AUPR test all: 0.9300452749447342, AUROC test unknown: 0.9647859961737171, AUPR test unknown: 0.9046636357629295
pseudo_counter: Counter({0: 15725, -1: 2110, 1: 498})
max_probs: 0.9999988079071045， num of >0.5: 2962
AUROC test all: 0.9682105710528508, AUPR test all: 0.9295568188860339, AUROC test unknown: 0.9630460540300743, AUPR test unknown: 0.9037856358894754
Epoch: 131, Best AUROC test all: 0.9695059902755474, AUPR test all: 0.9300452749447342, AUROC test unknown: 0.9647859961737171, AUPR test unknown: 0.9046636357629295
pseudo_counter: Counter({0: 15720, -1: 2109, 1: 504})
max_probs: 1.0， num of >0.5: 2982
AUROC test all: 0.9688532533127393, AUPR test all: 0.9275857914855867, AUROC test unknown: 0.9637712646034025, AUPR test unknown: 0.9000287158095264
Epoch: 132, Best AUROC test all: 0.9695059902755474, AUPR test all: 0.9300452749447342, AUROC test unknown: 0.9647859961737171, AUPR test unknown: 0.9046636357629295
pseudo_counter: Counter({0: 15716, -1: 2108, 1: 509})
max_probs: 0.9999996423721313， num of >0.5: 2930
AUROC test all: 0.9677423788249612, AUPR test all: 0.9294309427713515, AUROC test unknown: 0.9624748516214405, AUPR test unknown: 0.9039041642494284
Epoch: 133, Best AUROC test all: 0.9695059902755474, AUPR test all: 0.9300452749447342, AUROC test unknown: 0.9647859961737171, AUPR test unknown: 0.9046636357629295
pseudo_counter: Counter({0: 15716, -1: 2106, 1: 511})
max_probs: 0.9999963045120239， num of >0.5: 2820
AUROC test all: 0.9672063978451844, AUPR test all: 0.9276033264716732, AUROC test unknown: 0.9620087170534902, AUPR test unknown: 0.9007990060205189
Epoch: 134, Best AUROC test all: 0.9695059902755474, AUPR test all: 0.9300452749447342, AUROC test unknown: 0.9647859961737171, AUPR test unknown: 0.9046636357629295
pseudo_counter: Counter({0: 15718, -1: 2102, 1: 513})
max_probs: 0.9999998807907104， num of >0.5: 2629
AUROC test all: 0.9679227931283971, AUPR test all: 0.9305505130365357, AUROC test unknown: 0.9626777892369345, AUPR test unknown: 0.9060213231131793
Epoch: 135, Best AUROC test all: 0.9695059902755474, AUPR test all: 0.9305505130365357, AUROC test unknown: 0.9647859961737171, AUPR test unknown: 0.9060213231131793
pseudo_counter: Counter({0: 15717, -1: 2102, 1: 514})
max_probs: 0.9999983310699463， num of >0.5: 2595
AUROC test all: 0.9671462904079697, AUPR test all: 0.9284531364049833, AUROC test unknown: 0.9616915889730414, AUPR test unknown: 0.9026775811492197
Epoch: 136, Best AUROC test all: 0.9695059902755474, AUPR test all: 0.9305505130365357, AUROC test unknown: 0.9647859961737171, AUPR test unknown: 0.9060213231131793
pseudo_counter: Counter({0: 15714, -1: 2102, 1: 517})
max_probs: 0.9999998807907104， num of >0.5: 2547
AUROC test all: 0.9663272690810526, AUPR test all: 0.9272317877209254, AUROC test unknown: 0.9609045207006915, AUPR test unknown: 0.9011345636553023
Epoch: 137, Best AUROC test all: 0.9695059902755474, AUPR test all: 0.9305505130365357, AUROC test unknown: 0.9647859961737171, AUPR test unknown: 0.9060213231131793
pseudo_counter: Counter({0: 15714, -1: 2101, 1: 518})
max_probs: 0.9999997615814209， num of >0.5: 2585
AUROC test all: 0.9672894664338048, AUPR test all: 0.9288299260021435, AUROC test unknown: 0.9620284845516133, AUPR test unknown: 0.9032551801532658
Epoch: 138, Best AUROC test all: 0.9695059902755474, AUPR test all: 0.9305505130365357, AUROC test unknown: 0.9647859961737171, AUPR test unknown: 0.9060213231131793
pseudo_counter: Counter({0: 15714, -1: 2100, 1: 519})
max_probs: 1.0， num of >0.5: 2678
AUROC test all: 0.9678847821197394, AUPR test all: 0.9274763969350743, AUROC test unknown: 0.9626306212463637, AUPR test unknown: 0.9006424502747369
Epoch: 139, Best AUROC test all: 0.9695059902755474, AUPR test all: 0.9305505130365357, AUROC test unknown: 0.9647859961737171, AUPR test unknown: 0.9060213231131793
pseudo_counter: Counter({0: 15715, -1: 2099, 1: 519})
max_probs: 0.9999998807907104， num of >0.5: 2764
AUROC test all: 0.9684495473313872, AUPR test all: 0.9290981644080261, AUROC test unknown: 0.9632362482419377, AUPR test unknown: 0.9027748604736242
Epoch: 140, Best AUROC test all: 0.9695059902755474, AUPR test all: 0.9305505130365357, AUROC test unknown: 0.9647859961737171, AUPR test unknown: 0.9060213231131793
pseudo_counter: Counter({0: 15715, -1: 2097, 1: 521})
max_probs: 0.9999997615814209， num of >0.5: 2743
AUROC test all: 0.9679440800291799, AUPR test all: 0.9291895646035949, AUROC test unknown: 0.9626967738638444, AUPR test unknown: 0.9030235286543954
Epoch: 141, Best AUROC test all: 0.9695059902755474, AUPR test all: 0.9305505130365357, AUROC test unknown: 0.9647859961737171, AUPR test unknown: 0.9060213231131793
pseudo_counter: Counter({0: 15716, -1: 2094, 1: 523})
max_probs: 0.9999996423721313， num of >0.5: 2767
AUROC test all: 0.9689096074848202, AUPR test all: 0.9307721961994205, AUROC test unknown: 0.9637595867744781, AUPR test unknown: 0.9051215491108491
Epoch: 142, Best AUROC test all: 0.9695059902755474, AUPR test all: 0.9307721961994205, AUROC test unknown: 0.9647859961737171, AUPR test unknown: 0.9060213231131793
pseudo_counter: Counter({0: 15715, -1: 2093, 1: 525})
max_probs: 0.9999996423721313， num of >0.5: 2835
AUROC test all: 0.9667461169114492, AUPR test all: 0.9283989142753901, AUROC test unknown: 0.9612760474572178, AUPR test unknown: 0.9030714706697264
Epoch: 143, Best AUROC test all: 0.9695059902755474, AUPR test all: 0.9307721961994205, AUROC test unknown: 0.9647859961737171, AUPR test unknown: 0.9060213231131793
pseudo_counter: Counter({0: 15714, -1: 2093, 1: 526})
max_probs: 0.9999998807907104， num of >0.5: 2710
AUROC test all: 0.9688433917925842, AUPR test all: 0.9296743383587295, AUROC test unknown: 0.9635866592221415, AUPR test unknown: 0.9033171315087342
Epoch: 144, Best AUROC test all: 0.9695059902755474, AUPR test all: 0.9307721961994205, AUROC test unknown: 0.9647859961737171, AUPR test unknown: 0.9060213231131793
pseudo_counter: Counter({0: 15713, -1: 2092, 1: 528})
max_probs: 0.9999998807907104， num of >0.5: 2713
AUROC test all: 0.9666726430667856, AUPR test all: 0.9270463174799343, AUROC test unknown: 0.9614771909928492, AUPR test unknown: 0.9008911947878819
Epoch: 145, Best AUROC test all: 0.9695059902755474, AUPR test all: 0.9307721961994205, AUROC test unknown: 0.9647859961737171, AUPR test unknown: 0.9060213231131793
pseudo_counter: Counter({0: 15710, -1: 2091, 1: 532})
max_probs: 0.9999971389770508， num of >0.5: 2579
AUROC test all: 0.9678982129214432, AUPR test all: 0.9294354278833568, AUROC test unknown: 0.9627539017159559, AUPR test unknown: 0.9043659780177928
Epoch: 146, Best AUROC test all: 0.9695059902755474, AUPR test all: 0.9307721961994205, AUROC test unknown: 0.9647859961737171, AUPR test unknown: 0.9060213231131793
pseudo_counter: Counter({0: 15708, -1: 2091, 1: 534})
max_probs: 0.999998927116394， num of >0.5: 2648
AUROC test all: 0.9665360168565761, AUPR test all: 0.9276372367831623, AUROC test unknown: 0.9611917257036733, AUPR test unknown: 0.9016988231650603
Epoch: 147, Best AUROC test all: 0.9695059902755474, AUPR test all: 0.9307721961994205, AUROC test unknown: 0.9647859961737171, AUPR test unknown: 0.9060213231131793
pseudo_counter: Counter({0: 15708, -1: 2089, 1: 536})
max_probs: 1.0， num of >0.5: 2684
AUROC test all: 0.9674983981929133, AUPR test all: 0.9299742427208333, AUROC test unknown: 0.9621370426931205, AUPR test unknown: 0.9048034733149478
Epoch: 148, Best AUROC test all: 0.9695059902755474, AUPR test all: 0.9307721961994205, AUROC test unknown: 0.9647859961737171, AUPR test unknown: 0.9060213231131793
pseudo_counter: Counter({0: 15703, -1: 2089, 1: 541})
max_probs: 1.0， num of >0.5: 2727
AUROC test all: 0.9686930312077555, AUPR test all: 0.9309515748775148, AUROC test unknown: 0.9637848669907246, AUPR test unknown: 0.9064205934157488
Epoch: 149, Best AUROC test all: 0.9695059902755474, AUPR test all: 0.9309515748775148, AUROC test unknown: 0.9647859961737171, AUPR test unknown: 0.9064205934157488
pseudo_counter: Counter({0: 15704, -1: 2088, 1: 541})
max_probs: 1.0， num of >0.5: 2870
AUROC test all: 0.967007842760269, AUPR test all: 0.9281595954137618, AUROC test unknown: 0.9616251971449122, AUPR test unknown: 0.9019822220221476
Epoch: 150, Best AUROC test all: 0.9695059902755474, AUPR test all: 0.9309515748775148, AUROC test unknown: 0.9647859961737171, AUPR test unknown: 0.9064205934157488
pseudo_counter: Counter({0: 15704, -1: 2085, 1: 544})
max_probs: 0.9999998807907104， num of >0.5: 2956
AUROC test all: 0.9674862552763043, AUPR test all: 0.9279653421752462, AUROC test unknown: 0.9621337372368886, AUPR test unknown: 0.9018523013155917
Epoch: 151, Best AUROC test all: 0.9695059902755474, AUPR test all: 0.9309515748775148, AUROC test unknown: 0.9647859961737171, AUPR test unknown: 0.9064205934157488
pseudo_counter: Counter({0: 15701, -1: 2085, 1: 547})
max_probs: 0.9999998807907104， num of >0.5: 2980
AUROC test all: 0.9670177594754997, AUPR test all: 0.9258367838142156, AUROC test unknown: 0.9616139107515944, AUPR test unknown: 0.8986136194591392
Epoch: 152, Best AUROC test all: 0.9695059902755474, AUPR test all: 0.9309515748775148, AUROC test unknown: 0.9647859961737171, AUPR test unknown: 0.9064205934157488
pseudo_counter: Counter({0: 15701, -1: 2084, 1: 548})
max_probs: 0.9999980926513672， num of >0.5: 2983
AUROC test all: 0.9674397626243787, AUPR test all: 0.9283002718496387, AUROC test unknown: 0.9622848096345351, AUPR test unknown: 0.9027318698110026
Epoch: 153, Best AUROC test all: 0.9695059902755474, AUPR test all: 0.9309515748775148, AUROC test unknown: 0.9647859961737171, AUPR test unknown: 0.9064205934157488
pseudo_counter: Counter({0: 15700, -1: 2082, 1: 551})
max_probs: 0.9999996423721313， num of >0.5: 2959
AUROC test all: 0.9678870635161931, AUPR test all: 0.9287787155196096, AUROC test unknown: 0.9625780601429935, AUPR test unknown: 0.902706474635451
Epoch: 154, Best AUROC test all: 0.9695059902755474, AUPR test all: 0.9309515748775148, AUROC test unknown: 0.9647859961737171, AUPR test unknown: 0.9064205934157488
pseudo_counter: Counter({0: 15699, -1: 2080, 1: 554})
max_probs: 0.9999979734420776， num of >0.5: 2821
AUROC test all: 0.968354013854884, AUPR test all: 0.9300024152068371, AUROC test unknown: 0.9632465669194508, AUPR test unknown: 0.9050073046087472
Epoch: 155, Best AUROC test all: 0.9695059902755474, AUPR test all: 0.9309515748775148, AUROC test unknown: 0.9647859961737171, AUPR test unknown: 0.9064205934157488
pseudo_counter: Counter({0: 15695, -1: 2080, 1: 558})
max_probs: 0.9999990463256836， num of >0.5: 2832
AUROC test all: 0.9684097884786719, AUPR test all: 0.9274113228801228, AUROC test unknown: 0.9631191220099349, AUPR test unknown: 0.9005158682577816
Epoch: 156, Best AUROC test all: 0.9695059902755474, AUPR test all: 0.9309515748775148, AUROC test unknown: 0.9647859961737171, AUPR test unknown: 0.9064205934157488
pseudo_counter: Counter({0: 15691, -1: 2079, 1: 563})
max_probs: 0.9999927282333374， num of >0.5: 2823
AUROC test all: 0.9683588342248105, AUPR test all: 0.9288649015618367, AUROC test unknown: 0.9630121622304869, AUPR test unknown: 0.9027089874229977
Epoch: 157, Best AUROC test all: 0.9695059902755474, AUPR test all: 0.9309515748775148, AUROC test unknown: 0.9647859961737171, AUPR test unknown: 0.9064205934157488
pseudo_counter: Counter({0: 15691, -1: 2079, 1: 563})
max_probs: 0.9999985694885254， num of >0.5: 2867
AUROC test all: 0.9684514055655954, AUPR test all: 0.9280975906698941, AUROC test unknown: 0.9634884197581474, AUPR test unknown: 0.9016413134293333
Epoch: 158, Best AUROC test all: 0.9695059902755474, AUPR test all: 0.9309515748775148, AUROC test unknown: 0.9647859961737171, AUPR test unknown: 0.9064205934157488
pseudo_counter: Counter({0: 15691, -1: 2077, 1: 565})
max_probs: 0.9999978542327881， num of >0.5: 2889
AUROC test all: 0.9676942119224122, AUPR test all: 0.9274299800364028, AUROC test unknown: 0.9624447328261703, AUPR test unknown: 0.9009005022069396
Epoch: 159, Best AUROC test all: 0.9695059902755474, AUPR test all: 0.9309515748775148, AUROC test unknown: 0.9647859961737171, AUPR test unknown: 0.9064205934157488
pseudo_counter: Counter({0: 15689, -1: 2075, 1: 569})
max_probs: 0.9999992847442627， num of >0.5: 2847
AUROC test all: 0.9672890984666349, AUPR test all: 0.9269339960650873, AUROC test unknown: 0.9620840031684539, AUPR test unknown: 0.9007126049815894
Epoch: 160, Best AUROC test all: 0.9695059902755474, AUPR test all: 0.9309515748775148, AUROC test unknown: 0.9647859961737171, AUPR test unknown: 0.9064205934157488
pseudo_counter: Counter({0: 15687, -1: 2075, 1: 571})
max_probs: 0.9999984502792358， num of >0.5: 2749
AUROC test all: 0.9674768905118285, AUPR test all: 0.9272556769722768, AUROC test unknown: 0.9621786218530888, AUPR test unknown: 0.90086149911348
Epoch: 161, Best AUROC test all: 0.9695059902755474, AUPR test all: 0.9309515748775148, AUROC test unknown: 0.9647859961737171, AUPR test unknown: 0.9064205934157488
pseudo_counter: Counter({0: 15685, -1: 2075, 1: 573})
max_probs: 0.9999947547912598， num of >0.5: 2548
AUROC test all: 0.9675633076016957, AUPR test all: 0.9271722932589344, AUROC test unknown: 0.9619804684505621, AUPR test unknown: 0.9001991965092501
Epoch: 162, Best AUROC test all: 0.9695059902755474, AUPR test all: 0.9309515748775148, AUROC test unknown: 0.9647859961737171, AUPR test unknown: 0.9064205934157488
pseudo_counter: Counter({0: 15685, -1: 2074, 1: 574})
max_probs: 0.9999998807907104， num of >0.5: 2390
AUROC test all: 0.9660647521028173, AUPR test all: 0.924881240497846, AUROC test unknown: 0.9604796717160047, AUPR test unknown: 0.8973876871944346
Epoch: 163, Best AUROC test all: 0.9695059902755474, AUPR test all: 0.9309515748775148, AUROC test unknown: 0.9647859961737171, AUPR test unknown: 0.9064205934157488
pseudo_counter: Counter({0: 15687, -1: 2072, 1: 574})
max_probs: 0.9999998807907104， num of >0.5: 2312
AUROC test all: 0.96673924512455, AUPR test all: 0.9254206182582255, AUROC test unknown: 0.9611881157975255, AUPR test unknown: 0.8976865150860085
Epoch: 164, Best AUROC test all: 0.9695059902755474, AUPR test all: 0.9309515748775148, AUROC test unknown: 0.9647859961737171, AUPR test unknown: 0.9064205934157488
pseudo_counter: Counter({0: 15689, -1: 2070, 1: 574})
max_probs: 0.9999998807907104， num of >0.5: 2347
AUROC test all: 0.96537671788923, AUPR test all: 0.9239454306820994, AUROC test unknown: 0.959741630753356, AUPR test unknown: 0.8966859751292677
Epoch: 165, Best AUROC test all: 0.9695059902755474, AUPR test all: 0.9309515748775148, AUROC test unknown: 0.9647859961737171, AUPR test unknown: 0.9064205934157488
pseudo_counter: Counter({0: 15689, -1: 2068, 1: 576})
max_probs: 1.0， num of >0.5: 2522
AUROC test all: 0.9667465124761568, AUPR test all: 0.9249727389372547, AUROC test unknown: 0.9613727646716317, AUPR test unknown: 0.8978084556692351
Epoch: 166, Best AUROC test all: 0.9695059902755474, AUPR test all: 0.9309515748775148, AUROC test unknown: 0.9647859961737171, AUPR test unknown: 0.9064205934157488
pseudo_counter: Counter({0: 15688, -1: 2068, 1: 577})
max_probs: 0.9999998807907104， num of >0.5: 2725
AUROC test all: 0.966079130419984, AUPR test all: 0.9231470496506355, AUROC test unknown: 0.9605708762122951, AUPR test unknown: 0.8950148283439392
Epoch: 167, Best AUROC test all: 0.9695059902755474, AUPR test all: 0.9309515748775148, AUROC test unknown: 0.9647859961737171, AUPR test unknown: 0.9064205934157488
pseudo_counter: Counter({0: 15690, -1: 2066, 1: 577})
max_probs: 0.9999992847442627， num of >0.5: 2949
AUROC test all: 0.9664261510588027, AUPR test all: 0.9241419654057945, AUROC test unknown: 0.9611446120791592, AUPR test unknown: 0.8964610862660914
Epoch: 168, Best AUROC test all: 0.9695059902755474, AUPR test all: 0.9309515748775148, AUROC test unknown: 0.9647859961737171, AUPR test unknown: 0.9064205934157488
pseudo_counter: Counter({0: 15691, -1: 2064, 1: 578})
max_probs: 1.0， num of >0.5: 3136
AUROC test all: 0.9662070726049823, AUPR test all: 0.9229861450624703, AUROC test unknown: 0.9607683011096656, AUPR test unknown: 0.8945399059949045
Epoch: 169, Best AUROC test all: 0.9695059902755474, AUPR test all: 0.9309515748775148, AUROC test unknown: 0.9647859961737171, AUPR test unknown: 0.9064205934157488
pseudo_counter: Counter({0: 15689, -1: 2063, 1: 581})
max_probs: 0.9999997615814209， num of >0.5: 3092
AUROC test all: 0.9668697446813797, AUPR test all: 0.9243158361048867, AUROC test unknown: 0.9614498774860918, AUPR test unknown: 0.896328744256192
Epoch: 170, Best AUROC test all: 0.9695059902755474, AUPR test all: 0.9309515748775148, AUROC test unknown: 0.9647859961737171, AUPR test unknown: 0.9064205934157488
pseudo_counter: Counter({0: 15688, -1: 2061, 1: 584})
max_probs: 0.9999998807907104， num of >0.5: 2981
AUROC test all: 0.9666791560856942, AUPR test all: 0.9245849607747734, AUROC test unknown: 0.9613384923096494, AUPR test unknown: 0.896946978017006
Epoch: 171, Best AUROC test all: 0.9695059902755474, AUPR test all: 0.9309515748775148, AUROC test unknown: 0.9647859961737171, AUPR test unknown: 0.9064205934157488
pseudo_counter: Counter({0: 15686, -1: 2060, 1: 587})
max_probs: 0.9999998807907104， num of >0.5: 2993
AUROC test all: 0.9666879780985941, AUPR test all: 0.9243674690566203, AUROC test unknown: 0.9613699267634852, AUPR test unknown: 0.8968169363953251
Epoch: 172, Best AUROC test all: 0.9695059902755474, AUPR test all: 0.9309515748775148, AUROC test unknown: 0.9647859961737171, AUPR test unknown: 0.9064205934157488
pseudo_counter: Counter({0: 15687, -1: 2057, 1: 589})
max_probs: 1.0， num of >0.5: 2808
AUROC test all: 0.9657606088384795, AUPR test all: 0.9234590612695506, AUROC test unknown: 0.9601957830424659, AUPR test unknown: 0.8956474853457221
Epoch: 173, Best AUROC test all: 0.9695059902755474, AUPR test all: 0.9309515748775148, AUROC test unknown: 0.9647859961737171, AUPR test unknown: 0.9064205934157488
pseudo_counter: Counter({0: 15684, -1: 2057, 1: 592})
max_probs: 0.999998927116394， num of >0.5: 2659
AUROC test all: 0.9669651033734771, AUPR test all: 0.9267931524651116, AUROC test unknown: 0.9616793892299755, AUPR test unknown: 0.9006916145167021
Epoch: 174, Best AUROC test all: 0.9695059902755474, AUPR test all: 0.9309515748775148, AUROC test unknown: 0.9647859961737171, AUPR test unknown: 0.9064205934157488
pseudo_counter: Counter({0: 15684, -1: 2055, 1: 594})
max_probs: 1.0， num of >0.5: 2600
AUROC test all: 0.9666605553452522, AUPR test all: 0.9265243986445177, AUROC test unknown: 0.961040914263098, AUPR test unknown: 0.8999036030134777
Epoch: 175, Best AUROC test all: 0.9695059902755474, AUPR test all: 0.9309515748775148, AUROC test unknown: 0.9647859961737171, AUPR test unknown: 0.9064205934157488
pseudo_counter: Counter({0: 15684, -1: 2053, 1: 596})
max_probs: 0.9999957084655762， num of >0.5: 2526
AUROC test all: 0.9670631298275567, AUPR test all: 0.9273896950183649, AUROC test unknown: 0.96176615745606, AUPR test unknown: 0.9018169001830801
Epoch: 176, Best AUROC test all: 0.9695059902755474, AUPR test all: 0.9309515748775148, AUROC test unknown: 0.9647859961737171, AUPR test unknown: 0.9064205934157488
pseudo_counter: Counter({0: 15681, -1: 2053, 1: 599})
max_probs: 0.9999997615814209， num of >0.5: 2396
AUROC test all: 0.9656574124456615, AUPR test all: 0.926432047045687, AUROC test unknown: 0.9598198852550012, AUPR test unknown: 0.9001353968706828
Epoch: 177, Best AUROC test all: 0.9695059902755474, AUPR test all: 0.9309515748775148, AUROC test unknown: 0.9647859961737171, AUPR test unknown: 0.9064205934157488
pseudo_counter: Counter({0: 15680, -1: 2052, 1: 601})
max_probs: 0.9999982118606567， num of >0.5: 2468
AUROC test all: 0.966940817540259, AUPR test all: 0.9279943401897593, AUROC test unknown: 0.961658882353485, AUPR test unknown: 0.9026530759507392
Epoch: 178, Best AUROC test all: 0.9695059902755474, AUPR test all: 0.9309515748775148, AUROC test unknown: 0.9647859961737171, AUPR test unknown: 0.9064205934157488
pseudo_counter: Counter({0: 15678, -1: 2052, 1: 603})
max_probs: 1.0， num of >0.5: 2567
AUROC test all: 0.9660508521429719, AUPR test all: 0.9260201230943692, AUROC test unknown: 0.9604754637832359, AUPR test unknown: 0.8994149517558557
Epoch: 179, Best AUROC test all: 0.9695059902755474, AUPR test all: 0.9309515748775148, AUROC test unknown: 0.9647859961737171, AUPR test unknown: 0.9064205934157488
pseudo_counter: Counter({0: 15680, -1: 2049, 1: 604})
max_probs: 0.9999988079071045， num of >0.5: 2737
AUROC test all: 0.9670892830941624, AUPR test all: 0.9274126662224826, AUROC test unknown: 0.9618663323516636, AUPR test unknown: 0.901470858698107
Epoch: 180, Best AUROC test all: 0.9695059902755474, AUPR test all: 0.9309515748775148, AUROC test unknown: 0.9647859961737171, AUPR test unknown: 0.9064205934157488
pseudo_counter: Counter({0: 15681, -1: 2047, 1: 605})
max_probs: 1.0， num of >0.5: 2882
AUROC test all: 0.9682141771311162, AUPR test all: 0.9291907408924355, AUROC test unknown: 0.9630553180060923, AUPR test unknown: 0.9039232005379397
Epoch: 181, Best AUROC test all: 0.9695059902755474, AUPR test all: 0.9309515748775148, AUROC test unknown: 0.9647859961737171, AUPR test unknown: 0.9064205934157488
pseudo_counter: Counter({0: 15681, -1: 2046, 1: 606})
max_probs: 0.9999995231628418， num of >0.5: 3006
AUROC test all: 0.9678816176020775, AUPR test all: 0.9285218074934143, AUROC test unknown: 0.9624115260388943, AUPR test unknown: 0.9025069150257535
Epoch: 182, Best AUROC test all: 0.9695059902755474, AUPR test all: 0.9309515748775148, AUROC test unknown: 0.9647859961737171, AUPR test unknown: 0.9064205934157488
pseudo_counter: Counter({0: 15681, -1: 2044, 1: 608})
max_probs: 1.0， num of >0.5: 3124
AUROC test all: 0.9674759889922621, AUPR test all: 0.9276311589375938, AUROC test unknown: 0.96218107919884, AUPR test unknown: 0.9017876024562147
Epoch: 183, Best AUROC test all: 0.9695059902755474, AUPR test all: 0.9309515748775148, AUROC test unknown: 0.9647859961737171, AUPR test unknown: 0.9064205934157488
pseudo_counter: Counter({0: 15681, -1: 2043, 1: 609})
max_probs: 0.9999998807907104， num of >0.5: 3005
AUROC test all: 0.9674577010239147, AUPR test all: 0.9294658649073961, AUROC test unknown: 0.9620588860503767, AUPR test unknown: 0.9043449745914789
Epoch: 184, Best AUROC test all: 0.9695059902755474, AUPR test all: 0.9309515748775148, AUROC test unknown: 0.9647859961737171, AUPR test unknown: 0.9064205934157488
pseudo_counter: Counter({0: 15676, -1: 2043, 1: 614})
max_probs: 0.9999998807907104， num of >0.5: 2977
AUROC test all: 0.9667679005679114, AUPR test all: 0.9279263847206267, AUROC test unknown: 0.9614510300464886, AUPR test unknown: 0.9026884157119347
Epoch: 185, Best AUROC test all: 0.9695059902755474, AUPR test all: 0.9309515748775148, AUROC test unknown: 0.9647859961737171, AUPR test unknown: 0.9064205934157488
pseudo_counter: Counter({0: 15677, -1: 2041, 1: 615})
max_probs: 0.9999997615814209， num of >0.5: 2808
AUROC test all: 0.9664562415741267, AUPR test all: 0.9272867019638928, AUROC test unknown: 0.9609766970772264, AUPR test unknown: 0.9017946379115434
Epoch: 186, Best AUROC test all: 0.9695059902755474, AUPR test all: 0.9309515748775148, AUROC test unknown: 0.9647859961737171, AUPR test unknown: 0.9064205934157488
pseudo_counter: Counter({0: 15675, -1: 2041, 1: 617})
max_probs: 0.9999998807907104， num of >0.5: 2782
AUROC test all: 0.9659190187051511, AUPR test all: 0.9272713344862176, AUROC test unknown: 0.96017590681223, AUPR test unknown: 0.9015378694021687
Epoch: 187, Best AUROC test all: 0.9695059902755474, AUPR test all: 0.9309515748775148, AUROC test unknown: 0.9647859961737171, AUPR test unknown: 0.9064205934157488
pseudo_counter: Counter({0: 15674, -1: 2039, 1: 620})
max_probs: 0.9999996423721313， num of >0.5: 2718
AUROC test all: 0.9657738648557777, AUPR test all: 0.9259482328410347, AUROC test unknown: 0.9603290886128661, AUPR test unknown: 0.900057822818024
Epoch: 188, Best AUROC test all: 0.9695059902755474, AUPR test all: 0.9309515748775148, AUROC test unknown: 0.9647859961737171, AUPR test unknown: 0.9064205934157488
pseudo_counter: Counter({0: 15675, -1: 2038, 1: 620})
max_probs: 1.0， num of >0.5: 2615
AUROC test all: 0.9671072490912361, AUPR test all: 0.9297360810620239, AUROC test unknown: 0.9617456070867241, AUPR test unknown: 0.9049321931634121
Epoch: 189, Best AUROC test all: 0.9695059902755474, AUPR test all: 0.9309515748775148, AUROC test unknown: 0.9647859961737171, AUPR test unknown: 0.9064205934157488
pseudo_counter: Counter({0: 15674, -1: 2038, 1: 621})
max_probs: 1.0， num of >0.5: 2693
AUROC test all: 0.9659506730809475, AUPR test all: 0.9254881344990833, AUROC test unknown: 0.9601383507404386, AUPR test unknown: 0.8984523386519447
Epoch: 190, Best AUROC test all: 0.9695059902755474, AUPR test all: 0.9309515748775148, AUROC test unknown: 0.9647859961737171, AUPR test unknown: 0.9064205934157488
pseudo_counter: Counter({0: 15673, -1: 2038, 1: 622})
max_probs: 0.9999992847442627， num of >0.5: 2878
AUROC test all: 0.9665145459722083, AUPR test all: 0.926420515672629, AUROC test unknown: 0.9608451964598999, AUPR test unknown: 0.8998813459696149
Epoch: 191, Best AUROC test all: 0.9695059902755474, AUPR test all: 0.9309515748775148, AUROC test unknown: 0.9647859961737171, AUPR test unknown: 0.9064205934157488
pseudo_counter: Counter({0: 15671, -1: 2037, 1: 625})
max_probs: 1.0， num of >0.5: 3040
AUROC test all: 0.9659622272500848, AUPR test all: 0.9255357102251032, AUROC test unknown: 0.9603209554508225, AUPR test unknown: 0.8990162117783593
Epoch: 192, Best AUROC test all: 0.9695059902755474, AUPR test all: 0.9309515748775148, AUROC test unknown: 0.9647859961737171, AUPR test unknown: 0.9064205934157488
pseudo_counter: Counter({0: 15670, -1: 2037, 1: 626})
max_probs: 0.9999995231628418， num of >0.5: 3023
AUROC test all: 0.9665220892991926, AUPR test all: 0.9266263059156966, AUROC test unknown: 0.9608620934302428, AUPR test unknown: 0.8999415458190181
Epoch: 193, Best AUROC test all: 0.9695059902755474, AUPR test all: 0.9309515748775148, AUROC test unknown: 0.9647859961737171, AUPR test unknown: 0.9064205934157488
pseudo_counter: Counter({0: 15666, -1: 2036, 1: 631})
max_probs: 0.9999998807907104， num of >0.5: 2948
AUROC test all: 0.9679291773587959, AUPR test all: 0.9271726958701351, AUROC test unknown: 0.9625753853330166, AUPR test unknown: 0.9009517375762466
Epoch: 194, Best AUROC test all: 0.9695059902755474, AUPR test all: 0.9309515748775148, AUROC test unknown: 0.9647859961737171, AUPR test unknown: 0.9064205934157488
pseudo_counter: Counter({0: 15664, -1: 2035, 1: 634})
max_probs: 0.9999998807907104， num of >0.5: 2817
AUROC test all: 0.9680333856613313, AUPR test all: 0.9281545869640921, AUROC test unknown: 0.9628305578555417, AUPR test unknown: 0.9026761353346285
Epoch: 195, Best AUROC test all: 0.9695059902755474, AUPR test all: 0.9309515748775148, AUROC test unknown: 0.9647859961737171, AUPR test unknown: 0.9064205934157488
pseudo_counter: Counter({0: 15664, -1: 2035, 1: 634})
max_probs: 0.9999996423721313， num of >0.5: 2699
AUROC test all: 0.9677776300798444, AUPR test all: 0.9300613045913411, AUROC test unknown: 0.9624658703489158, AUPR test unknown: 0.9054508758393301
Epoch: 196, Best AUROC test all: 0.9695059902755474, AUPR test all: 0.9309515748775148, AUROC test unknown: 0.9647859961737171, AUPR test unknown: 0.9064205934157488
pseudo_counter: Counter({0: 15664, -1: 2034, 1: 635})
max_probs: 0.9999995231628418， num of >0.5: 2671
AUROC test all: 0.9671280944314149, AUPR test all: 0.9273100010611135, AUROC test unknown: 0.9617421059126893, AUPR test unknown: 0.9013567509940443
Epoch: 197, Best AUROC test all: 0.9695059902755474, AUPR test all: 0.9309515748775148, AUROC test unknown: 0.9647859961737171, AUPR test unknown: 0.9064205934157488
pseudo_counter: Counter({0: 15662, -1: 2034, 1: 637})
max_probs: 0.9999997615814209， num of >0.5: 2835
AUROC test all: 0.9671135505290218, AUPR test all: 0.9273727902437108, AUROC test unknown: 0.9615027756590117, AUPR test unknown: 0.9011066977798055
Epoch: 198, Best AUROC test all: 0.9695059902755474, AUPR test all: 0.9309515748775148, AUROC test unknown: 0.9647859961737171, AUPR test unknown: 0.9064205934157488
pseudo_counter: Counter({0: 15662, -1: 2032, 1: 639})
max_probs: 1.0， num of >0.5: 3162
AUROC test all: 0.9651638488814026, AUPR test all: 0.9232736356272899, AUROC test unknown: 0.9593810315741745, AUPR test unknown: 0.8962426493922899
Epoch: 199, Best AUROC test all: 0.9695059902755474, AUPR test all: 0.9309515748775148, AUROC test unknown: 0.9647859961737171, AUPR test unknown: 0.9064205934157488
  rotation 0: ROC 0.9695 PR 0.9310
[cs] params 47648399, peak GPU 28.04 GB, 38.8 min total
[cs] ran 1/8 rotations; no results.csv row written. Merge the shards with:
    python analysis/scripts/merge_rotations.py
