# gpu=3 cmd=/usr/bin/python3 -u main.py --dataset photo --seed 6 --method outpost --tag E400_outpost --set num_epochs=400
/nas/home/jahin/.local/lib/python3.10/site-packages/requests/__init__.py:113: RequestsDependencyWarning: urllib3 (1.26.5) or chardet (7.2.0)/charset_normalizer (3.4.4) doesn't match a supported version!
  warnings.warn(
[0.04823529 0.22039216 0.09189542 0.11960784 0.11529412 0.1075817
 0.25372549 0.04326797]
[photo] anomaly classes (rotations): [np.int64(0), np.int64(7)]
Normal classes: [np.int64(1), np.int64(2), np.int64(3), np.int64(4), np.int64(5), np.int64(6)] in photo
Building multi-layer GraphSage
[OUTPOST-v4] epoch 0: test-all ROC 0.6069 PR 0.1189 | unseen ROC 0.4133 PR 0.0370 | valAUC 0.8159 | tau+ 0.500
[OUTPOST-v4] epoch 1: test-all ROC 0.6124 PR 0.1215 | unseen ROC 0.4190 PR 0.0374 | valAUC 0.8237 | tau+ 0.500
[OUTPOST-v4] epoch 2: test-all ROC 0.6094 PR 0.1197 | unseen ROC 0.4129 PR 0.0370 | valAUC 0.8130 | tau+ 0.500
[OUTPOST-v4] epoch 3: test-all ROC 0.6075 PR 0.1201 | unseen ROC 0.4084 PR 0.0367 | valAUC 0.8242 | tau+ 0.500
[OUTPOST-v4] epoch 4: test-all ROC 0.6117 PR 0.1222 | unseen ROC 0.4148 PR 0.0371 | valAUC 0.8193 | tau+ 0.500
[OUTPOST-v4] epoch 5: test-all ROC 0.6182 PR 0.1259 | unseen ROC 0.4173 PR 0.0373 | valAUC 0.8246 | tau+ 0.500
[OUTPOST-v4] epoch 6: test-all ROC 0.6150 PR 0.1277 | unseen ROC 0.4086 PR 0.0367 | valAUC 0.8444 | tau+ 0.500
[OUTPOST-v4] epoch 7: test-all ROC 0.6235 PR 0.1319 | unseen ROC 0.4167 PR 0.0372 | valAUC 0.8473 | tau+ 0.500
[OUTPOST-v4] epoch 8: test-all ROC 0.6303 PR 0.1372 | unseen ROC 0.4202 PR 0.0374 | valAUC 0.8353 | tau+ 0.500
[OUTPOST-v4] epoch 9: test-all ROC 0.6257 PR 0.1351 | unseen ROC 0.4151 PR 0.0371 | valAUC 0.8348 | tau+ 0.500
[OUTPOST-v4] epoch 10: test-all ROC 0.6309 PR 0.1418 | unseen ROC 0.4121 PR 0.0370 | valAUC 0.8691 | tau+ 0.500
[OUTPOST-v4] epoch 11: test-all ROC 0.6378 PR 0.1500 | unseen ROC 0.4134 PR 0.0370 | valAUC 0.8768 | tau+ 0.500
[OUTPOST-v4] epoch 12: test-all ROC 0.6382 PR 0.1559 | unseen ROC 0.4071 PR 0.0366 | valAUC 0.8705 | tau+ 0.500
[OUTPOST-v4] epoch 13: test-all ROC 0.6382 PR 0.1596 | unseen ROC 0.4016 PR 0.0363 | valAUC 0.8681 | tau+ 0.500
[OUTPOST-v4] epoch 14: test-all ROC 0.6460 PR 0.1690 | unseen ROC 0.4075 PR 0.0367 | valAUC 0.9058 | tau+ 0.500
[OUTPOST-v4] epoch 15: test-all ROC 0.6472 PR 0.1728 | unseen ROC 0.4083 PR 0.0368 | valAUC 0.8903 | tau+ 0.500
[OUTPOST-v4] epoch 16: test-all ROC 0.6491 PR 0.1785 | unseen ROC 0.4103 PR 0.0368 | valAUC 0.9082 | tau+ 0.500
[OUTPOST-v4] epoch 17: test-all ROC 0.6471 PR 0.1826 | unseen ROC 0.4018 PR 0.0364 | valAUC 0.9145 | tau+ 0.500
[OUTPOST-v4] epoch 18: test-all ROC 0.6576 PR 0.1905 | unseen ROC 0.4182 PR 0.0373 | valAUC 0.9164 | tau+ 0.500
[OUTPOST-v4] epoch 19: test-all ROC 0.6478 PR 0.1907 | unseen ROC 0.3986 PR 0.0362 | valAUC 0.9280 | tau+ 0.500
[OUTPOST-v4] epoch 20: test-all ROC 0.6511 PR 0.1933 | unseen ROC 0.4040 PR 0.0365 | valAUC 0.9324 | tau+ 0.500
[OUTPOST-v4] epoch 21: test-all ROC 0.6507 PR 0.1930 | unseen ROC 0.4056 PR 0.0366 | valAUC 0.9222 | tau+ 0.500
[OUTPOST-v4] epoch 22: test-all ROC 0.6544 PR 0.1955 | unseen ROC 0.4100 PR 0.0369 | valAUC 0.9333 | tau+ 0.500
[OUTPOST-v4] epoch 23: test-all ROC 0.6535 PR 0.2023 | unseen ROC 0.4028 PR 0.0364 | valAUC 0.9169 | tau+ 0.500
[OUTPOST-v4] epoch 24: test-all ROC 0.6498 PR 0.1940 | unseen ROC 0.4012 PR 0.0363 | valAUC 0.9251 | tau+ 0.500
[OUTPOST-v4] epoch 25: test-all ROC 0.6472 PR 0.1903 | unseen ROC 0.3987 PR 0.0362 | valAUC 0.9329 | tau+ 0.500
[OUTPOST-v4] epoch 26: test-all ROC 0.6478 PR 0.1902 | unseen ROC 0.4005 PR 0.0363 | valAUC 0.9203 | tau+ 0.500
[OUTPOST-v4] epoch 27: test-all ROC 0.6521 PR 0.1917 | unseen ROC 0.4058 PR 0.0366 | valAUC 0.9058 | tau+ 0.500
[OUTPOST-v4] epoch 28: test-all ROC 0.6493 PR 0.1900 | unseen ROC 0.4034 PR 0.0364 | valAUC 0.9145 | tau+ 0.500
[OUTPOST-v4] epoch 29: test-all ROC 0.6464 PR 0.1898 | unseen ROC 0.3967 PR 0.0361 | valAUC 0.9275 | tau+ 0.500
[OUTPOST-v4] epoch 30: test-all ROC 0.6535 PR 0.1900 | unseen ROC 0.4103 PR 0.0368 | valAUC 0.9121 | tau+ 0.500
[OUTPOST-v4] epoch 31: test-all ROC 0.6518 PR 0.1919 | unseen ROC 0.4036 PR 0.0364 | valAUC 0.9155 | tau+ 0.500
[OUTPOST-v4] epoch 32: test-all ROC 0.6541 PR 0.1936 | unseen ROC 0.4126 PR 0.0370 | valAUC 0.9203 | tau+ 0.500
[OUTPOST-v4] epoch 33: test-all ROC 0.6561 PR 0.1988 | unseen ROC 0.4112 PR 0.0369 | valAUC 0.9357 | tau+ 0.500
[OUTPOST-v4] epoch 34: test-all ROC 0.6537 PR 0.2006 | unseen ROC 0.4071 PR 0.0367 | valAUC 0.9357 | tau+ 0.500
[OUTPOST-v4] epoch 35: test-all ROC 0.6550 PR 0.2094 | unseen ROC 0.4041 PR 0.0365 | valAUC 0.9290 | tau+ 0.500
[OUTPOST-v4] epoch 36: test-all ROC 0.6579 PR 0.2128 | unseen ROC 0.4101 PR 0.0369 | valAUC 0.9449 | tau+ 0.500
[OUTPOST-v4] epoch 37: test-all ROC 0.6550 PR 0.2226 | unseen ROC 0.4012 PR 0.0364 | valAUC 0.9396 | tau+ 0.500
[OUTPOST-v4] epoch 38: test-all ROC 0.6561 PR 0.2335 | unseen ROC 0.4000 PR 0.0363 | valAUC 0.9502 | tau+ 0.500
[OUTPOST-v4] epoch 39: test-all ROC 0.6567 PR 0.2576 | unseen ROC 0.3987 PR 0.0362 | valAUC 0.9464 | tau+ 0.500
[OUTPOST-v4] epoch 40: test-all ROC 0.6620 PR 0.2742 | unseen ROC 0.4073 PR 0.0367 | valAUC 0.9522 | tau+ 0.500
[OUTPOST-v4] epoch 41: test-all ROC 0.6669 PR 0.3189 | unseen ROC 0.4115 PR 0.0370 | valAUC 0.9594 | tau+ 0.500
[OUTPOST-v4] epoch 42: test-all ROC 0.6663 PR 0.3520 | unseen ROC 0.4087 PR 0.0368 | valAUC 0.9560 | tau+ 0.500
[OUTPOST-v4] epoch 43: test-all ROC 0.6684 PR 0.3920 | unseen ROC 0.4083 PR 0.0368 | valAUC 0.9700 | tau+ 0.500
[OUTPOST-v4] epoch 44: test-all ROC 0.6670 PR 0.4170 | unseen ROC 0.4027 PR 0.0364 | valAUC 0.9720 | tau+ 0.500
[OUTPOST-v4] epoch 45: test-all ROC 0.6709 PR 0.4284 | unseen ROC 0.4083 PR 0.0368 | valAUC 0.9710 | tau+ 0.506
[OUTPOST-v4] epoch 46: test-all ROC 0.6728 PR 0.4385 | unseen ROC 0.4111 PR 0.0370 | valAUC 0.9768 | tau+ 0.515
[OUTPOST-v4] epoch 47: test-all ROC 0.6720 PR 0.4459 | unseen ROC 0.4065 PR 0.0367 | valAUC 0.9773 | tau+ 0.525
[OUTPOST-v4] epoch 48: test-all ROC 0.6717 PR 0.4552 | unseen ROC 0.4044 PR 0.0366 | valAUC 0.9807 | tau+ 0.548
[OUTPOST-v4] epoch 49: test-all ROC 0.6782 PR 0.4683 | unseen ROC 0.4159 PR 0.0375 | valAUC 0.9812 | tau+ 0.570
[OUTPOST-v4] epoch 50: test-all ROC 0.6767 PR 0.4736 | unseen ROC 0.4136 PR 0.0372 | valAUC 0.9889 | tau+ 0.573
[OUTPOST-v4] epoch 51: test-all ROC 0.6870 PR 0.4767 | unseen ROC 0.4309 PR 0.0387 | valAUC 0.9841 | tau+ 0.587
[OUTPOST-v4] epoch 52: test-all ROC 0.6851 PR 0.4866 | unseen ROC 0.4241 PR 0.0379 | valAUC 0.9879 | tau+ 0.627
[OUTPOST-v4] epoch 53: test-all ROC 0.6882 PR 0.4911 | unseen ROC 0.4302 PR 0.0386 | valAUC 0.9884 | tau+ 0.658
[OUTPOST-v4] epoch 54: test-all ROC 0.6822 PR 0.4906 | unseen ROC 0.4198 PR 0.0385 | valAUC 0.9879 | tau+ 0.670
[OUTPOST-v4] epoch 55: test-all ROC 0.6843 PR 0.4947 | unseen ROC 0.4227 PR 0.0392 | valAUC 0.9889 | tau+ 0.668
[OUTPOST-v4] epoch 56: test-all ROC 0.6884 PR 0.4890 | unseen ROC 0.4299 PR 0.0389 | valAUC 0.9870 | tau+ 0.604
[OUTPOST-v4] epoch 57: test-all ROC 0.6838 PR 0.4916 | unseen ROC 0.4243 PR 0.0384 | valAUC 0.9870 | tau+ 0.667
[OUTPOST-v4] epoch 58: test-all ROC 0.6875 PR 0.4972 | unseen ROC 0.4303 PR 0.0391 | valAUC 0.9879 | tau+ 0.688
[OUTPOST-v4] epoch 59: test-all ROC 0.6976 PR 0.5013 | unseen ROC 0.4457 PR 0.0399 | valAUC 0.9928 | tau+ 0.786
[OUTPOST-v4] epoch 60: test-all ROC 0.6988 PR 0.5071 | unseen ROC 0.4457 PR 0.0411 | valAUC 0.9942 | tau+ 0.800
[OUTPOST-v4] epoch 61: test-all ROC 0.6936 PR 0.5028 | unseen ROC 0.4386 PR 0.0400 | valAUC 0.9937 | tau+ 0.769
[OUTPOST-v4] epoch 62: test-all ROC 0.6985 PR 0.5056 | unseen ROC 0.4471 PR 0.0403 | valAUC 0.9942 | tau+ 0.658
[OUTPOST-v4] epoch 63: test-all ROC 0.6932 PR 0.5022 | unseen ROC 0.4379 PR 0.0401 | valAUC 0.9918 | tau+ 0.674
[OUTPOST-v4] epoch 64: test-all ROC 0.7042 PR 0.5075 | unseen ROC 0.4576 PR 0.0433 | valAUC 0.9952 | tau+ 0.610
[OUTPOST-v4] epoch 65: test-all ROC 0.7043 PR 0.5043 | unseen ROC 0.4557 PR 0.0406 | valAUC 0.9947 | tau+ 0.530
[OUTPOST-v4] epoch 66: test-all ROC 0.7097 PR 0.5101 | unseen ROC 0.4669 PR 0.0440 | valAUC 0.9961 | tau+ 0.504
[OUTPOST-v4] epoch 67: test-all ROC 0.7116 PR 0.5134 | unseen ROC 0.4686 PR 0.0419 | valAUC 0.9937 | tau+ 0.603
[OUTPOST-v4] epoch 68: test-all ROC 0.7141 PR 0.5137 | unseen ROC 0.4743 PR 0.0445 | valAUC 0.9957 | tau+ 0.647
[OUTPOST-v4] epoch 69: test-all ROC 0.7198 PR 0.5148 | unseen ROC 0.4831 PR 0.0455 | valAUC 0.9971 | tau+ 0.710
[OUTPOST-v4] epoch 70: test-all ROC 0.7245 PR 0.5174 | unseen ROC 0.4907 PR 0.0449 | valAUC 0.9986 | tau+ 0.568
[OUTPOST-v4] epoch 71: test-all ROC 0.7273 PR 0.5169 | unseen ROC 0.4971 PR 0.0447 | valAUC 0.9966 | tau+ 0.534
[OUTPOST-v4] epoch 72: test-all ROC 0.7284 PR 0.5144 | unseen ROC 0.5002 PR 0.0450 | valAUC 0.9966 | tau+ 0.500
[OUTPOST-v4] epoch 73: test-all ROC 0.7295 PR 0.5153 | unseen ROC 0.5029 PR 0.0454 | valAUC 0.9976 | tau+ 0.500
[OUTPOST-v4] epoch 74: test-all ROC 0.7344 PR 0.5190 | unseen ROC 0.5105 PR 0.0452 | valAUC 0.9961 | tau+ 0.500
[OUTPOST-v4] epoch 75: test-all ROC 0.7330 PR 0.5185 | unseen ROC 0.5078 PR 0.0458 | valAUC 0.9957 | tau+ 0.500
[OUTPOST-v4] epoch 76: test-all ROC 0.7427 PR 0.5211 | unseen ROC 0.5272 PR 0.0495 | valAUC 0.9971 | tau+ 0.500
[OUTPOST-v4] epoch 77: test-all ROC 0.7414 PR 0.5200 | unseen ROC 0.5254 PR 0.0472 | valAUC 0.9986 | tau+ 0.500
[OUTPOST-v4] epoch 78: test-all ROC 0.7466 PR 0.5243 | unseen ROC 0.5305 PR 0.0487 | valAUC 0.9976 | tau+ 0.500
[OUTPOST-v4] epoch 79: test-all ROC 0.7566 PR 0.5249 | unseen ROC 0.5500 PR 0.0504 | valAUC 0.9976 | tau+ 0.500
[OUTPOST-v4] epoch 80: test-all ROC 0.7523 PR 0.5236 | unseen ROC 0.5421 PR 0.0484 | valAUC 0.9976 | tau+ 0.500
[OUTPOST-v4] epoch 81: test-all ROC 0.7549 PR 0.5288 | unseen ROC 0.5461 PR 0.0495 | valAUC 0.9976 | tau+ 0.500
[OUTPOST-v4] epoch 82: test-all ROC 0.7475 PR 0.5245 | unseen ROC 0.5345 PR 0.0508 | valAUC 0.9952 | tau+ 0.500
[OUTPOST-v4] epoch 83: test-all ROC 0.7577 PR 0.5295 | unseen ROC 0.5527 PR 0.0507 | valAUC 0.9966 | tau+ 0.500
[OUTPOST-v4] epoch 84: test-all ROC 0.7574 PR 0.5290 | unseen ROC 0.5527 PR 0.0504 | valAUC 0.9957 | tau+ 0.500
[OUTPOST-v4] epoch 85: test-all ROC 0.7551 PR 0.5291 | unseen ROC 0.5497 PR 0.0502 | valAUC 0.9976 | tau+ 0.500
[OUTPOST-v4] epoch 86: test-all ROC 0.7636 PR 0.5338 | unseen ROC 0.5646 PR 0.0535 | valAUC 0.9990 | tau+ 0.500
[OUTPOST-v4] epoch 87: test-all ROC 0.7677 PR 0.5327 | unseen ROC 0.5706 PR 0.0528 | valAUC 0.9976 | tau+ 0.500
[OUTPOST-v4] epoch 88: test-all ROC 0.7578 PR 0.5291 | unseen ROC 0.5529 PR 0.0501 | valAUC 0.9981 | tau+ 0.500
[OUTPOST-v4] epoch 89: test-all ROC 0.7634 PR 0.5313 | unseen ROC 0.5633 PR 0.0533 | valAUC 0.9981 | tau+ 0.500
[OUTPOST-v4] epoch 90: test-all ROC 0.7634 PR 0.5307 | unseen ROC 0.5636 PR 0.0529 | valAUC 0.9990 | tau+ 0.500
[OUTPOST-v4] epoch 91: test-all ROC 0.7644 PR 0.5272 | unseen ROC 0.5669 PR 0.0520 | valAUC 0.9976 | tau+ 0.500
[OUTPOST-v4] epoch 92: test-all ROC 0.7745 PR 0.5345 | unseen ROC 0.5841 PR 0.0547 | valAUC 0.9976 | tau+ 0.500
[OUTPOST-v4] epoch 93: test-all ROC 0.7730 PR 0.5355 | unseen ROC 0.5812 PR 0.0559 | valAUC 0.9952 | tau+ 0.757
[OUTPOST-v4] epoch 94: test-all ROC 0.7718 PR 0.5363 | unseen ROC 0.5808 PR 0.0560 | valAUC 0.9981 | tau+ 0.500
[OUTPOST-v4] epoch 95: test-all ROC 0.7787 PR 0.5382 | unseen ROC 0.5921 PR 0.0564 | valAUC 0.9981 | tau+ 0.500
[OUTPOST-v4] epoch 96: test-all ROC 0.7707 PR 0.5367 | unseen ROC 0.5766 PR 0.0547 | valAUC 0.9971 | tau+ 0.500
[OUTPOST-v4] epoch 97: test-all ROC 0.7816 PR 0.5393 | unseen ROC 0.5968 PR 0.0556 | valAUC 0.9986 | tau+ 0.500
[OUTPOST-v4] epoch 98: test-all ROC 0.7838 PR 0.5423 | unseen ROC 0.6011 PR 0.0585 | valAUC 0.9971 | tau+ 0.765
[OUTPOST-v4] epoch 99: test-all ROC 0.7872 PR 0.5400 | unseen ROC 0.6071 PR 0.0565 | valAUC 0.9990 | tau+ 0.629
[OUTPOST-v4] epoch 100: test-all ROC 0.7894 PR 0.5419 | unseen ROC 0.6117 PR 0.0584 | valAUC 0.9981 | tau+ 0.500
[OUTPOST-v4] epoch 101: test-all ROC 0.7863 PR 0.5430 | unseen ROC 0.6049 PR 0.0569 | valAUC 0.9986 | tau+ 0.500
[OUTPOST-v4] epoch 102: test-all ROC 0.7794 PR 0.5367 | unseen ROC 0.5947 PR 0.0559 | valAUC 0.9976 | tau+ 0.657
[OUTPOST-v4] epoch 103: test-all ROC 0.7827 PR 0.5387 | unseen ROC 0.5993 PR 0.0587 | valAUC 0.9971 | tau+ 0.500
[OUTPOST-v4] epoch 104: test-all ROC 0.7868 PR 0.5417 | unseen ROC 0.6071 PR 0.0595 | valAUC 0.9981 | tau+ 0.500
[OUTPOST-v4] epoch 105: test-all ROC 0.7890 PR 0.5440 | unseen ROC 0.6109 PR 0.0607 | valAUC 0.9976 | tau+ 0.500
[OUTPOST-v4] epoch 106: test-all ROC 0.8036 PR 0.5498 | unseen ROC 0.6399 PR 0.0641 | valAUC 0.9971 | tau+ 0.809
[OUTPOST-v4] epoch 107: test-all ROC 0.7985 PR 0.5457 | unseen ROC 0.6277 PR 0.0607 | valAUC 0.9986 | tau+ 0.526
[OUTPOST-v4] epoch 108: test-all ROC 0.7991 PR 0.5496 | unseen ROC 0.6310 PR 0.0622 | valAUC 0.9990 | tau+ 0.500
[OUTPOST-v4] epoch 109: test-all ROC 0.7929 PR 0.5450 | unseen ROC 0.6180 PR 0.0599 | valAUC 0.9981 | tau+ 0.500
[OUTPOST-v4] epoch 110: test-all ROC 0.7899 PR 0.5450 | unseen ROC 0.6114 PR 0.0589 | valAUC 0.9981 | tau+ 0.500
[OUTPOST-v4] epoch 111: test-all ROC 0.7920 PR 0.5452 | unseen ROC 0.6184 PR 0.0618 | valAUC 0.9971 | tau+ 0.500
[OUTPOST-v4] epoch 112: test-all ROC 0.7887 PR 0.5453 | unseen ROC 0.6104 PR 0.0607 | valAUC 0.9971 | tau+ 0.500
[OUTPOST-v4] epoch 113: test-all ROC 0.7957 PR 0.5440 | unseen ROC 0.6252 PR 0.0632 | valAUC 0.9966 | tau+ 0.500
[OUTPOST-v4] epoch 114: test-all ROC 0.7953 PR 0.5500 | unseen ROC 0.6235 PR 0.0614 | valAUC 0.9976 | tau+ 0.500
[OUTPOST-v4] epoch 115: test-all ROC 0.8058 PR 0.5522 | unseen ROC 0.6422 PR 0.0652 | valAUC 0.9986 | tau+ 0.500
[OUTPOST-v4] epoch 116: test-all ROC 0.8134 PR 0.5548 | unseen ROC 0.6576 PR 0.0663 | valAUC 0.9976 | tau+ 0.500
[OUTPOST-v4] epoch 117: test-all ROC 0.8106 PR 0.5555 | unseen ROC 0.6514 PR 0.0652 | valAUC 0.9995 | tau+ 0.500
[OUTPOST-v4] epoch 118: test-all ROC 0.8125 PR 0.5546 | unseen ROC 0.6550 PR 0.0658 | valAUC 0.9971 | tau+ 0.500
[OUTPOST-v4] epoch 119: test-all ROC 0.8061 PR 0.5541 | unseen ROC 0.6441 PR 0.0657 | valAUC 0.9952 | tau+ 0.500
[OUTPOST-v4] epoch 120: test-all ROC 0.8134 PR 0.5546 | unseen ROC 0.6561 PR 0.0680 | valAUC 0.9961 | tau+ 0.500
[OUTPOST-v4] epoch 121: test-all ROC 0.8050 PR 0.5550 | unseen ROC 0.6411 PR 0.0672 | valAUC 0.9961 | tau+ 0.500
[OUTPOST-v4] epoch 122: test-all ROC 0.8103 PR 0.5526 | unseen ROC 0.6508 PR 0.0664 | valAUC 0.9966 | tau+ 0.500
[OUTPOST-v4] epoch 123: test-all ROC 0.8065 PR 0.5522 | unseen ROC 0.6433 PR 0.0668 | valAUC 0.9961 | tau+ 0.500
[OUTPOST-v4] epoch 124: test-all ROC 0.8092 PR 0.5524 | unseen ROC 0.6515 PR 0.0677 | valAUC 0.9976 | tau+ 0.500
[OUTPOST-v4] epoch 125: test-all ROC 0.8172 PR 0.5624 | unseen ROC 0.6643 PR 0.0696 | valAUC 0.9961 | tau+ 0.500
[OUTPOST-v4] epoch 126: test-all ROC 0.8148 PR 0.5580 | unseen ROC 0.6601 PR 0.0688 | valAUC 0.9976 | tau+ 0.500
[OUTPOST-v4] epoch 127: test-all ROC 0.8197 PR 0.5633 | unseen ROC 0.6695 PR 0.0711 | valAUC 0.9961 | tau+ 0.500
[OUTPOST-v4] epoch 128: test-all ROC 0.8228 PR 0.5612 | unseen ROC 0.6742 PR 0.0727 | valAUC 0.9981 | tau+ 0.500
[OUTPOST-v4] epoch 129: test-all ROC 0.8139 PR 0.5584 | unseen ROC 0.6601 PR 0.0681 | valAUC 0.9986 | tau+ 0.500
[OUTPOST-v4] epoch 130: test-all ROC 0.8184 PR 0.5601 | unseen ROC 0.6673 PR 0.0715 | valAUC 0.9971 | tau+ 0.500
[OUTPOST-v4] epoch 131: test-all ROC 0.8143 PR 0.5572 | unseen ROC 0.6595 PR 0.0694 | valAUC 0.9961 | tau+ 0.500
[OUTPOST-v4] epoch 132: test-all ROC 0.8172 PR 0.5590 | unseen ROC 0.6655 PR 0.0710 | valAUC 0.9981 | tau+ 0.500
[OUTPOST-v4] epoch 133: test-all ROC 0.8176 PR 0.5621 | unseen ROC 0.6651 PR 0.0714 | valAUC 0.9971 | tau+ 0.500
[OUTPOST-v4] epoch 134: test-all ROC 0.8202 PR 0.5644 | unseen ROC 0.6716 PR 0.0728 | valAUC 0.9971 | tau+ 0.500
[OUTPOST-v4] epoch 135: test-all ROC 0.8328 PR 0.5707 | unseen ROC 0.6958 PR 0.0790 | valAUC 0.9976 | tau+ 0.500
[OUTPOST-v4] epoch 136: test-all ROC 0.8398 PR 0.5767 | unseen ROC 0.7077 PR 0.0810 | valAUC 0.9990 | tau+ 0.824
[OUTPOST-v4] epoch 137: test-all ROC 0.8357 PR 0.5732 | unseen ROC 0.6983 PR 0.0798 | valAUC 0.9961 | tau+ 0.837
[OUTPOST-v4] epoch 138: test-all ROC 0.8293 PR 0.5714 | unseen ROC 0.6870 PR 0.0760 | valAUC 0.9981 | tau+ 0.500
[OUTPOST-v4] epoch 139: test-all ROC 0.8351 PR 0.5736 | unseen ROC 0.6966 PR 0.0783 | valAUC 0.9986 | tau+ 0.500
[OUTPOST-v4] epoch 140: test-all ROC 0.8359 PR 0.5738 | unseen ROC 0.6986 PR 0.0797 | valAUC 0.9966 | tau+ 0.500
[OUTPOST-v4] epoch 141: test-all ROC 0.8308 PR 0.5674 | unseen ROC 0.6910 PR 0.0764 | valAUC 0.9971 | tau+ 0.500
[OUTPOST-v4] epoch 142: test-all ROC 0.8326 PR 0.5737 | unseen ROC 0.6950 PR 0.0801 | valAUC 0.9966 | tau+ 0.500
[OUTPOST-v4] epoch 143: test-all ROC 0.8358 PR 0.5756 | unseen ROC 0.6993 PR 0.0813 | valAUC 0.9971 | tau+ 0.500
[OUTPOST-v4] epoch 144: test-all ROC 0.8475 PR 0.5852 | unseen ROC 0.7196 PR 0.0869 | valAUC 0.9971 | tau+ 0.500
[OUTPOST-v4] epoch 145: test-all ROC 0.8474 PR 0.5865 | unseen ROC 0.7197 PR 0.0885 | valAUC 0.9976 | tau+ 0.747
[OUTPOST-v4] epoch 146: test-all ROC 0.8385 PR 0.5783 | unseen ROC 0.7059 PR 0.0831 | valAUC 0.9961 | tau+ 0.522
[OUTPOST-v4] epoch 147: test-all ROC 0.8398 PR 0.5756 | unseen ROC 0.7067 PR 0.0823 | valAUC 0.9961 | tau+ 0.500
[OUTPOST-v4] epoch 148: test-all ROC 0.8366 PR 0.5762 | unseen ROC 0.7025 PR 0.0809 | valAUC 0.9961 | tau+ 0.560
[OUTPOST-v4] epoch 149: test-all ROC 0.8387 PR 0.5753 | unseen ROC 0.7061 PR 0.0840 | valAUC 0.9961 | tau+ 0.500
[OUTPOST-v4] epoch 150: test-all ROC 0.8447 PR 0.5812 | unseen ROC 0.7173 PR 0.0870 | valAUC 0.9971 | tau+ 0.500
[OUTPOST-v4] epoch 151: test-all ROC 0.8468 PR 0.5832 | unseen ROC 0.7213 PR 0.0882 | valAUC 0.9971 | tau+ 0.500
[OUTPOST-v4] epoch 152: test-all ROC 0.8511 PR 0.5873 | unseen ROC 0.7282 PR 0.0909 | valAUC 0.9971 | tau+ 0.500
[OUTPOST-v4] epoch 153: test-all ROC 0.8488 PR 0.5901 | unseen ROC 0.7260 PR 0.0931 | valAUC 0.9971 | tau+ 0.500
[OUTPOST-v4] epoch 154: test-all ROC 0.8485 PR 0.5889 | unseen ROC 0.7230 PR 0.0915 | valAUC 0.9971 | tau+ 0.500
[OUTPOST-v4] epoch 155: test-all ROC 0.8437 PR 0.5775 | unseen ROC 0.7152 PR 0.0852 | valAUC 0.9971 | tau+ 0.500
[OUTPOST-v4] epoch 156: test-all ROC 0.8417 PR 0.5821 | unseen ROC 0.7115 PR 0.0859 | valAUC 0.9957 | tau+ 0.500
[OUTPOST-v4] epoch 157: test-all ROC 0.8429 PR 0.5821 | unseen ROC 0.7132 PR 0.0868 | valAUC 0.9961 | tau+ 0.500
[OUTPOST-v4] epoch 158: test-all ROC 0.8486 PR 0.5835 | unseen ROC 0.7231 PR 0.0905 | valAUC 0.9966 | tau+ 0.500
[OUTPOST-v4] epoch 159: test-all ROC 0.8550 PR 0.5985 | unseen ROC 0.7347 PR 0.0973 | valAUC 0.9976 | tau+ 0.500
[OUTPOST-v4] epoch 160: test-all ROC 0.8644 PR 0.6003 | unseen ROC 0.7527 PR 0.0999 | valAUC 0.9971 | tau+ 0.752
[OUTPOST-v4] epoch 161: test-all ROC 0.8541 PR 0.5926 | unseen ROC 0.7312 PR 0.0919 | valAUC 0.9966 | tau+ 0.715
[OUTPOST-v4] epoch 162: test-all ROC 0.8394 PR 0.5798 | unseen ROC 0.7064 PR 0.0861 | valAUC 0.9971 | tau+ 0.500
[OUTPOST-v4] epoch 163: test-all ROC 0.8444 PR 0.5791 | unseen ROC 0.7164 PR 0.0869 | valAUC 0.9966 | tau+ 0.500
[OUTPOST-v4] epoch 164: test-all ROC 0.8532 PR 0.5938 | unseen ROC 0.7301 PR 0.0949 | valAUC 0.9971 | tau+ 0.500
[OUTPOST-v4] epoch 165: test-all ROC 0.8625 PR 0.6037 | unseen ROC 0.7502 PR 0.1022 | valAUC 0.9981 | tau+ 0.500
[OUTPOST-v4] epoch 166: test-all ROC 0.8647 PR 0.6039 | unseen ROC 0.7529 PR 0.1004 | valAUC 0.9976 | tau+ 0.500
[OUTPOST-v4] epoch 167: test-all ROC 0.8597 PR 0.6004 | unseen ROC 0.7444 PR 0.1004 | valAUC 0.9981 | tau+ 0.500
[OUTPOST-v4] epoch 168: test-all ROC 0.8615 PR 0.6013 | unseen ROC 0.7492 PR 0.1016 | valAUC 0.9971 | tau+ 0.500
[OUTPOST-v4] epoch 169: test-all ROC 0.8566 PR 0.5917 | unseen ROC 0.7372 PR 0.0936 | valAUC 0.9971 | tau+ 0.500
[OUTPOST-v4] epoch 170: test-all ROC 0.8536 PR 0.5943 | unseen ROC 0.7328 PR 0.0952 | valAUC 0.9981 | tau+ 0.500
[OUTPOST-v4] epoch 171: test-all ROC 0.8470 PR 0.5868 | unseen ROC 0.7197 PR 0.0907 | valAUC 0.9961 | tau+ 0.500
[OUTPOST-v4] epoch 172: test-all ROC 0.8462 PR 0.5880 | unseen ROC 0.7194 PR 0.0918 | valAUC 0.9971 | tau+ 0.500
[OUTPOST-v4] epoch 173: test-all ROC 0.8518 PR 0.5893 | unseen ROC 0.7292 PR 0.0919 | valAUC 0.9966 | tau+ 0.500
[OUTPOST-v4] epoch 174: test-all ROC 0.8660 PR 0.6029 | unseen ROC 0.7549 PR 0.1027 | valAUC 0.9971 | tau+ 0.500
[OUTPOST-v4] epoch 175: test-all ROC 0.8704 PR 0.6115 | unseen ROC 0.7629 PR 0.1078 | valAUC 0.9976 | tau+ 0.527
[OUTPOST-v4] epoch 176: test-all ROC 0.8738 PR 0.6116 | unseen ROC 0.7700 PR 0.1105 | valAUC 0.9966 | tau+ 0.500
[OUTPOST-v4] epoch 177: test-all ROC 0.8688 PR 0.6068 | unseen ROC 0.7639 PR 0.1074 | valAUC 0.9976 | tau+ 0.500
[OUTPOST-v4] epoch 178: test-all ROC 0.8647 PR 0.6037 | unseen ROC 0.7553 PR 0.1038 | valAUC 0.9966 | tau+ 0.500
[OUTPOST-v4] epoch 179: test-all ROC 0.8717 PR 0.6100 | unseen ROC 0.7661 PR 0.1091 | valAUC 0.9971 | tau+ 0.500
[OUTPOST-v4] epoch 180: test-all ROC 0.8737 PR 0.6152 | unseen ROC 0.7709 PR 0.1143 | valAUC 0.9957 | tau+ 0.956
[OUTPOST-v4] epoch 181: test-all ROC 0.8697 PR 0.6099 | unseen ROC 0.7637 PR 0.1097 | valAUC 0.9971 | tau+ 0.500
[OUTPOST-v4] epoch 182: test-all ROC 0.8685 PR 0.6096 | unseen ROC 0.7641 PR 0.1113 | valAUC 0.9966 | tau+ 0.500
[OUTPOST-v4] epoch 183: test-all ROC 0.8686 PR 0.6077 | unseen ROC 0.7609 PR 0.1080 | valAUC 0.9971 | tau+ 0.593
[OUTPOST-v4] epoch 184: test-all ROC 0.8688 PR 0.6044 | unseen ROC 0.7611 PR 0.1055 | valAUC 0.9976 | tau+ 0.500
[OUTPOST-v4] epoch 185: test-all ROC 0.8627 PR 0.6015 | unseen ROC 0.7502 PR 0.1032 | valAUC 0.9966 | tau+ 0.500
[OUTPOST-v4] epoch 186: test-all ROC 0.8649 PR 0.5991 | unseen ROC 0.7529 PR 0.1014 | valAUC 0.9961 | tau+ 0.500
[OUTPOST-v4] epoch 187: test-all ROC 0.8583 PR 0.5947 | unseen ROC 0.7426 PR 0.0989 | valAUC 0.9971 | tau+ 0.500
[OUTPOST-v4] epoch 188: test-all ROC 0.8513 PR 0.5876 | unseen ROC 0.7301 PR 0.0929 | valAUC 0.9961 | tau+ 0.500
[OUTPOST-v4] epoch 189: test-all ROC 0.8630 PR 0.6025 | unseen ROC 0.7508 PR 0.1020 | valAUC 0.9961 | tau+ 0.500
[OUTPOST-v4] epoch 190: test-all ROC 0.8628 PR 0.5996 | unseen ROC 0.7489 PR 0.1008 | valAUC 0.9971 | tau+ 0.500
[OUTPOST-v4] epoch 191: test-all ROC 0.8627 PR 0.6047 | unseen ROC 0.7499 PR 0.1061 | valAUC 0.9952 | tau+ 0.500
[OUTPOST-v4] epoch 192: test-all ROC 0.8689 PR 0.6096 | unseen ROC 0.7615 PR 0.1085 | valAUC 0.9971 | tau+ 0.500
[OUTPOST-v4] epoch 193: test-all ROC 0.8765 PR 0.6162 | unseen ROC 0.7763 PR 0.1152 | valAUC 0.9971 | tau+ 0.500
[OUTPOST-v4] epoch 194: test-all ROC 0.8718 PR 0.6104 | unseen ROC 0.7674 PR 0.1105 | valAUC 0.9976 | tau+ 0.500
[OUTPOST-v4] epoch 195: test-all ROC 0.8760 PR 0.6189 | unseen ROC 0.7765 PR 0.1170 | valAUC 0.9981 | tau+ 0.500
[OUTPOST-v4] epoch 196: test-all ROC 0.8751 PR 0.6138 | unseen ROC 0.7719 PR 0.1123 | valAUC 0.9971 | tau+ 0.500
[OUTPOST-v4] epoch 197: test-all ROC 0.8771 PR 0.6172 | unseen ROC 0.7762 PR 0.1153 | valAUC 0.9971 | tau+ 0.500
[OUTPOST-v4] epoch 198: test-all ROC 0.8802 PR 0.6191 | unseen ROC 0.7827 PR 0.1175 | valAUC 0.9981 | tau+ 0.500
[OUTPOST-v4] epoch 199: test-all ROC 0.8846 PR 0.6209 | unseen ROC 0.7900 PR 0.1198 | valAUC 0.9981 | tau+ 0.500
[OUTPOST-v4] epoch 200: test-all ROC 0.8794 PR 0.6257 | unseen ROC 0.7797 PR 0.1234 | valAUC 0.9971 | tau+ 0.500
[OUTPOST-v4] epoch 201: test-all ROC 0.8901 PR 0.6304 | unseen ROC 0.8001 PR 0.1297 | valAUC 0.9976 | tau+ 0.503
[OUTPOST-v4] epoch 202: test-all ROC 0.8845 PR 0.6296 | unseen ROC 0.7916 PR 0.1293 | valAUC 0.9976 | tau+ 0.500
[OUTPOST-v4] epoch 203: test-all ROC 0.8817 PR 0.6195 | unseen ROC 0.7840 PR 0.1171 | valAUC 0.9976 | tau+ 0.500
[OUTPOST-v4] epoch 204: test-all ROC 0.8659 PR 0.6046 | unseen ROC 0.7593 PR 0.1057 | valAUC 0.9971 | tau+ 0.500
[OUTPOST-v4] epoch 205: test-all ROC 0.8642 PR 0.6016 | unseen ROC 0.7564 PR 0.1039 | valAUC 0.9971 | tau+ 0.500
[OUTPOST-v4] epoch 206: test-all ROC 0.8645 PR 0.6072 | unseen ROC 0.7544 PR 0.1078 | valAUC 0.9971 | tau+ 0.500
[OUTPOST-v4] epoch 207: test-all ROC 0.8698 PR 0.6074 | unseen ROC 0.7632 PR 0.1067 | valAUC 0.9971 | tau+ 0.500
[OUTPOST-v4] epoch 208: test-all ROC 0.8752 PR 0.6148 | unseen ROC 0.7718 PR 0.1121 | valAUC 0.9961 | tau+ 0.500
[OUTPOST-v4] epoch 209: test-all ROC 0.8805 PR 0.6208 | unseen ROC 0.7825 PR 0.1161 | valAUC 0.9976 | tau+ 0.500
[OUTPOST-v4] epoch 210: test-all ROC 0.8876 PR 0.6283 | unseen ROC 0.7955 PR 0.1243 | valAUC 0.9971 | tau+ 0.653
[OUTPOST-v4] epoch 211: test-all ROC 0.8736 PR 0.6120 | unseen ROC 0.7697 PR 0.1102 | valAUC 0.9971 | tau+ 0.500
[OUTPOST-v4] epoch 212: test-all ROC 0.8658 PR 0.6029 | unseen ROC 0.7568 PR 0.1043 | valAUC 0.9947 | tau+ 0.500
[OUTPOST-v4] epoch 213: test-all ROC 0.8665 PR 0.6014 | unseen ROC 0.7576 PR 0.1041 | valAUC 0.9961 | tau+ 0.500
[OUTPOST-v4] epoch 214: test-all ROC 0.8640 PR 0.6013 | unseen ROC 0.7532 PR 0.1012 | valAUC 0.9961 | tau+ 0.500
[OUTPOST-v4] epoch 215: test-all ROC 0.8683 PR 0.6072 | unseen ROC 0.7620 PR 0.1067 | valAUC 0.9971 | tau+ 0.500
[OUTPOST-v4] epoch 216: test-all ROC 0.8705 PR 0.6097 | unseen ROC 0.7645 PR 0.1082 | valAUC 0.9971 | tau+ 0.500
[OUTPOST-v4] epoch 217: test-all ROC 0.8734 PR 0.6114 | unseen ROC 0.7734 PR 0.1127 | valAUC 0.9942 | tau+ 0.977
[OUTPOST-v4] epoch 218: test-all ROC 0.8746 PR 0.6112 | unseen ROC 0.7744 PR 0.1118 | valAUC 0.9961 | tau+ 0.500
[OUTPOST-v4] epoch 219: test-all ROC 0.8591 PR 0.6025 | unseen ROC 0.7443 PR 0.1012 | valAUC 0.9971 | tau+ 0.500
[OUTPOST-v4] epoch 220: test-all ROC 0.8694 PR 0.6083 | unseen ROC 0.7619 PR 0.1082 | valAUC 0.9966 | tau+ 0.867
[OUTPOST-v4] epoch 221: test-all ROC 0.8750 PR 0.6175 | unseen ROC 0.7714 PR 0.1141 | valAUC 0.9961 | tau+ 0.500
[OUTPOST-v4] epoch 222: test-all ROC 0.8846 PR 0.6278 | unseen ROC 0.7908 PR 0.1247 | valAUC 0.9981 | tau+ 0.644
[OUTPOST-v4] epoch 223: test-all ROC 0.8939 PR 0.6382 | unseen ROC 0.8062 PR 0.1352 | valAUC 0.9990 | tau+ 0.760
[OUTPOST-v4] epoch 224: test-all ROC 0.8705 PR 0.6107 | unseen ROC 0.7658 PR 0.1113 | valAUC 0.9971 | tau+ 0.500
[OUTPOST-v4] epoch 225: test-all ROC 0.8516 PR 0.5850 | unseen ROC 0.7299 PR 0.0915 | valAUC 0.9947 | tau+ 0.500
[OUTPOST-v4] epoch 226: test-all ROC 0.8412 PR 0.5759 | unseen ROC 0.7107 PR 0.0858 | valAUC 0.9961 | tau+ 0.500
[OUTPOST-v4] epoch 227: test-all ROC 0.8323 PR 0.5693 | unseen ROC 0.6947 PR 0.0799 | valAUC 0.9932 | tau+ 0.500
[OUTPOST-v4] epoch 228: test-all ROC 0.8470 PR 0.5804 | unseen ROC 0.7200 PR 0.0889 | valAUC 0.9961 | tau+ 0.500
[OUTPOST-v4] epoch 229: test-all ROC 0.8412 PR 0.5781 | unseen ROC 0.7108 PR 0.0855 | valAUC 0.9971 | tau+ 0.500
[OUTPOST-v4] epoch 230: test-all ROC 0.8584 PR 0.5943 | unseen ROC 0.7411 PR 0.0970 | valAUC 0.9957 | tau+ 0.500
[OUTPOST-v4] epoch 231: test-all ROC 0.8576 PR 0.5960 | unseen ROC 0.7418 PR 0.1000 | valAUC 0.9966 | tau+ 0.500
[OUTPOST-v4] epoch 232: test-all ROC 0.8737 PR 0.6116 | unseen ROC 0.7695 PR 0.1100 | valAUC 0.9952 | tau+ 0.500
[OUTPOST-v4] epoch 233: test-all ROC 0.8854 PR 0.6268 | unseen ROC 0.7904 PR 0.1226 | valAUC 0.9966 | tau+ 0.653
[OUTPOST-v4] epoch 234: test-all ROC 0.8823 PR 0.6228 | unseen ROC 0.7857 PR 0.1207 | valAUC 0.9971 | tau+ 0.500
[OUTPOST-v4] epoch 235: test-all ROC 0.8780 PR 0.6106 | unseen ROC 0.7765 PR 0.1103 | valAUC 0.9971 | tau+ 0.500
[OUTPOST-v4] epoch 236: test-all ROC 0.8707 PR 0.6097 | unseen ROC 0.7644 PR 0.1104 | valAUC 0.9971 | tau+ 0.500
[OUTPOST-v4] epoch 237: test-all ROC 0.8744 PR 0.6120 | unseen ROC 0.7702 PR 0.1092 | valAUC 0.9976 | tau+ 0.500
[OUTPOST-v4] epoch 238: test-all ROC 0.8818 PR 0.6206 | unseen ROC 0.7852 PR 0.1205 | valAUC 0.9966 | tau+ 0.500
[OUTPOST-v4] epoch 239: test-all ROC 0.8914 PR 0.6356 | unseen ROC 0.8042 PR 0.1340 | valAUC 0.9976 | tau+ 0.749
[OUTPOST-v4] epoch 240: test-all ROC 0.8869 PR 0.6302 | unseen ROC 0.7949 PR 0.1260 | valAUC 0.9986 | tau+ 0.500
[OUTPOST-v4] epoch 241: test-all ROC 0.8920 PR 0.6354 | unseen ROC 0.8025 PR 0.1315 | valAUC 0.9986 | tau+ 0.651
[OUTPOST-v4] epoch 242: test-all ROC 0.8855 PR 0.6266 | unseen ROC 0.7913 PR 0.1243 | valAUC 0.9971 | tau+ 0.500
[OUTPOST-v4] epoch 243: test-all ROC 0.8856 PR 0.6267 | unseen ROC 0.7915 PR 0.1253 | valAUC 0.9971 | tau+ 0.500
[OUTPOST-v4] epoch 244: test-all ROC 0.8880 PR 0.6287 | unseen ROC 0.7943 PR 0.1243 | valAUC 0.9971 | tau+ 0.500
[OUTPOST-v4] epoch 245: test-all ROC 0.8834 PR 0.6253 | unseen ROC 0.7866 PR 0.1214 | valAUC 0.9981 | tau+ 0.539
[OUTPOST-v4] epoch 246: test-all ROC 0.8919 PR 0.6374 | unseen ROC 0.8031 PR 0.1332 | valAUC 0.9971 | tau+ 0.500
[OUTPOST-v4] epoch 247: test-all ROC 0.8914 PR 0.6362 | unseen ROC 0.8052 PR 0.1340 | valAUC 0.9990 | tau+ 0.511
[OUTPOST-v4] epoch 248: test-all ROC 0.8968 PR 0.6427 | unseen ROC 0.8116 PR 0.1389 | valAUC 0.9981 | tau+ 0.500
[OUTPOST-v4] epoch 249: test-all ROC 0.8834 PR 0.6220 | unseen ROC 0.7876 PR 0.1218 | valAUC 0.9966 | tau+ 0.500
[OUTPOST-v4] epoch 250: test-all ROC 0.8777 PR 0.6177 | unseen ROC 0.7787 PR 0.1166 | valAUC 0.9981 | tau+ 0.500
[OUTPOST-v4] epoch 251: test-all ROC 0.8821 PR 0.6199 | unseen ROC 0.7850 PR 0.1166 | valAUC 0.9966 | tau+ 0.500
[OUTPOST-v4] epoch 252: test-all ROC 0.8747 PR 0.6123 | unseen ROC 0.7738 PR 0.1104 | valAUC 0.9961 | tau+ 0.500
[OUTPOST-v4] epoch 253: test-all ROC 0.8876 PR 0.6275 | unseen ROC 0.7950 PR 0.1257 | valAUC 0.9957 | tau+ 0.500
[OUTPOST-v4] epoch 254: test-all ROC 0.8953 PR 0.6385 | unseen ROC 0.8109 PR 0.1339 | valAUC 0.9971 | tau+ 0.500
[OUTPOST-v4] epoch 255: test-all ROC 0.9016 PR 0.6422 | unseen ROC 0.8231 PR 0.1424 | valAUC 0.9990 | tau+ 0.694
[OUTPOST-v4] epoch 256: test-all ROC 0.9041 PR 0.6446 | unseen ROC 0.8255 PR 0.1453 | valAUC 0.9971 | tau+ 0.737
[OUTPOST-v4] epoch 257: test-all ROC 0.8954 PR 0.6392 | unseen ROC 0.8098 PR 0.1364 | valAUC 0.9971 | tau+ 0.500
[OUTPOST-v4] epoch 258: test-all ROC 0.8787 PR 0.6133 | unseen ROC 0.7790 PR 0.1152 | valAUC 0.9961 | tau+ 0.500
[OUTPOST-v4] epoch 259: test-all ROC 0.8639 PR 0.5991 | unseen ROC 0.7517 PR 0.1049 | valAUC 0.9971 | tau+ 0.500
[OUTPOST-v4] epoch 260: test-all ROC 0.8595 PR 0.5955 | unseen ROC 0.7445 PR 0.1008 | valAUC 0.9952 | tau+ 0.500
[OUTPOST-v4] epoch 261: test-all ROC 0.8618 PR 0.5921 | unseen ROC 0.7493 PR 0.0988 | valAUC 0.9952 | tau+ 0.500
[OUTPOST-v4] epoch 262: test-all ROC 0.8656 PR 0.6026 | unseen ROC 0.7554 PR 0.1048 | valAUC 0.9952 | tau+ 0.500
[OUTPOST-v4] epoch 263: test-all ROC 0.8740 PR 0.6117 | unseen ROC 0.7710 PR 0.1113 | valAUC 0.9961 | tau+ 0.500
[OUTPOST-v4] epoch 264: test-all ROC 0.8779 PR 0.6201 | unseen ROC 0.7777 PR 0.1166 | valAUC 0.9961 | tau+ 0.500
[OUTPOST-v4] epoch 265: test-all ROC 0.8862 PR 0.6296 | unseen ROC 0.7918 PR 0.1258 | valAUC 0.9952 | tau+ 0.710
[OUTPOST-v4] epoch 266: test-all ROC 0.8788 PR 0.6187 | unseen ROC 0.7779 PR 0.1148 | valAUC 0.9961 | tau+ 0.500
[OUTPOST-v4] epoch 267: test-all ROC 0.8753 PR 0.6156 | unseen ROC 0.7714 PR 0.1148 | valAUC 0.9957 | tau+ 0.500
[OUTPOST-v4] epoch 268: test-all ROC 0.8779 PR 0.6147 | unseen ROC 0.7773 PR 0.1150 | valAUC 0.9971 | tau+ 0.500
[OUTPOST-v4] epoch 269: test-all ROC 0.8699 PR 0.6071 | unseen ROC 0.7657 PR 0.1083 | valAUC 0.9961 | tau+ 0.500
[OUTPOST-v4] epoch 270: test-all ROC 0.8726 PR 0.6074 | unseen ROC 0.7689 PR 0.1091 | valAUC 0.9971 | tau+ 0.500
[OUTPOST-v4] epoch 271: test-all ROC 0.8643 PR 0.6011 | unseen ROC 0.7535 PR 0.1027 | valAUC 0.9971 | tau+ 0.500
[OUTPOST-v4] epoch 272: test-all ROC 0.8585 PR 0.5936 | unseen ROC 0.7414 PR 0.0961 | valAUC 0.9961 | tau+ 0.500
[OUTPOST-v4] epoch 273: test-all ROC 0.8619 PR 0.5965 | unseen ROC 0.7484 PR 0.0981 | valAUC 0.9966 | tau+ 0.500
[OUTPOST-v4] epoch 274: test-all ROC 0.8592 PR 0.5961 | unseen ROC 0.7417 PR 0.0981 | valAUC 0.9961 | tau+ 0.500
[OUTPOST-v4] epoch 275: test-all ROC 0.8588 PR 0.5955 | unseen ROC 0.7414 PR 0.0968 | valAUC 0.9981 | tau+ 0.500
[OUTPOST-v4] epoch 276: test-all ROC 0.8685 PR 0.6101 | unseen ROC 0.7603 PR 0.1080 | valAUC 0.9966 | tau+ 0.500
[OUTPOST-v4] epoch 277: test-all ROC 0.8817 PR 0.6197 | unseen ROC 0.7853 PR 0.1150 | valAUC 0.9981 | tau+ 0.577
[OUTPOST-v4] epoch 278: test-all ROC 0.8924 PR 0.6396 | unseen ROC 0.8030 PR 0.1327 | valAUC 0.9995 | tau+ 0.827
[OUTPOST-v4] epoch 279: test-all ROC 0.8888 PR 0.6304 | unseen ROC 0.7978 PR 0.1280 | valAUC 0.9986 | tau+ 0.500
[OUTPOST-v4] epoch 280: test-all ROC 0.8758 PR 0.6157 | unseen ROC 0.7737 PR 0.1119 | valAUC 0.9971 | tau+ 0.500
[OUTPOST-v4] epoch 281: test-all ROC 0.8662 PR 0.6040 | unseen ROC 0.7546 PR 0.1038 | valAUC 0.9961 | tau+ 0.500
[OUTPOST-v4] epoch 282: test-all ROC 0.8564 PR 0.5901 | unseen ROC 0.7387 PR 0.0968 | valAUC 0.9971 | tau+ 0.500
[OUTPOST-v4] epoch 283: test-all ROC 0.8601 PR 0.5946 | unseen ROC 0.7452 PR 0.1001 | valAUC 0.9961 | tau+ 0.500
[OUTPOST-v4] epoch 284: test-all ROC 0.8519 PR 0.5853 | unseen ROC 0.7327 PR 0.0919 | valAUC 0.9952 | tau+ 0.500
[OUTPOST-v4] epoch 285: test-all ROC 0.8539 PR 0.5906 | unseen ROC 0.7361 PR 0.0959 | valAUC 0.9952 | tau+ 0.500
[OUTPOST-v4] epoch 286: test-all ROC 0.8616 PR 0.5956 | unseen ROC 0.7477 PR 0.0993 | valAUC 0.9957 | tau+ 0.500
[OUTPOST-v4] epoch 287: test-all ROC 0.8648 PR 0.6021 | unseen ROC 0.7520 PR 0.1021 | valAUC 0.9961 | tau+ 0.500
[OUTPOST-v4] epoch 288: test-all ROC 0.8769 PR 0.6112 | unseen ROC 0.7768 PR 0.1129 | valAUC 0.9952 | tau+ 0.500
[OUTPOST-v4] epoch 289: test-all ROC 0.8852 PR 0.6267 | unseen ROC 0.7906 PR 0.1250 | valAUC 0.9952 | tau+ 0.841
[OUTPOST-v4] epoch 290: test-all ROC 0.8823 PR 0.6222 | unseen ROC 0.7866 PR 0.1211 | valAUC 0.9961 | tau+ 0.500
[OUTPOST-v4] epoch 291: test-all ROC 0.8831 PR 0.6269 | unseen ROC 0.7890 PR 0.1257 | valAUC 0.9961 | tau+ 0.584
[OUTPOST-v4] epoch 292: test-all ROC 0.8768 PR 0.6192 | unseen ROC 0.7752 PR 0.1163 | valAUC 0.9971 | tau+ 0.500
[OUTPOST-v4] epoch 293: test-all ROC 0.8712 PR 0.6101 | unseen ROC 0.7706 PR 0.1132 | valAUC 0.9942 | tau+ 0.984
[OUTPOST-v4] epoch 294: test-all ROC 0.8612 PR 0.5966 | unseen ROC 0.7479 PR 0.1011 | valAUC 0.9942 | tau+ 0.500
[OUTPOST-v4] epoch 295: test-all ROC 0.8495 PR 0.5869 | unseen ROC 0.7270 PR 0.0904 | valAUC 0.9957 | tau+ 0.500
[OUTPOST-v4] epoch 296: test-all ROC 0.8571 PR 0.5923 | unseen ROC 0.7413 PR 0.0980 | valAUC 0.9957 | tau+ 0.500
[OUTPOST-v4] epoch 297: test-all ROC 0.8745 PR 0.6117 | unseen ROC 0.7709 PR 0.1121 | valAUC 0.9971 | tau+ 0.500
[OUTPOST-v4] epoch 298: test-all ROC 0.8861 PR 0.6238 | unseen ROC 0.7913 PR 0.1212 | valAUC 0.9961 | tau+ 0.855
[OUTPOST-v4] epoch 299: test-all ROC 0.8960 PR 0.6342 | unseen ROC 0.8115 PR 0.1328 | valAUC 0.9990 | tau+ 0.905
[OUTPOST-v4] epoch 300: test-all ROC 0.8867 PR 0.6274 | unseen ROC 0.7930 PR 0.1262 | valAUC 0.9971 | tau+ 0.500
[OUTPOST-v4] epoch 301: test-all ROC 0.8797 PR 0.6170 | unseen ROC 0.7827 PR 0.1175 | valAUC 0.9981 | tau+ 0.550
[OUTPOST-v4] epoch 302: test-all ROC 0.8773 PR 0.6188 | unseen ROC 0.7771 PR 0.1176 | valAUC 0.9976 | tau+ 0.574
[OUTPOST-v4] epoch 303: test-all ROC 0.8819 PR 0.6193 | unseen ROC 0.7860 PR 0.1184 | valAUC 0.9971 | tau+ 0.500
[OUTPOST-v4] epoch 304: test-all ROC 0.8770 PR 0.6163 | unseen ROC 0.7760 PR 0.1144 | valAUC 0.9966 | tau+ 0.500
[OUTPOST-v4] epoch 305: test-all ROC 0.8743 PR 0.6111 | unseen ROC 0.7705 PR 0.1095 | valAUC 0.9961 | tau+ 0.500
[OUTPOST-v4] epoch 306: test-all ROC 0.8822 PR 0.6235 | unseen ROC 0.7853 PR 0.1222 | valAUC 0.9971 | tau+ 0.917
[OUTPOST-v4] epoch 307: test-all ROC 0.8861 PR 0.6216 | unseen ROC 0.7917 PR 0.1215 | valAUC 0.9966 | tau+ 0.500
[OUTPOST-v4] epoch 308: test-all ROC 0.8851 PR 0.6251 | unseen ROC 0.7903 PR 0.1232 | valAUC 0.9981 | tau+ 0.563
[OUTPOST-v4] epoch 309: test-all ROC 0.8906 PR 0.6312 | unseen ROC 0.8020 PR 0.1290 | valAUC 0.9971 | tau+ 0.500
[OUTPOST-v4] epoch 310: test-all ROC 0.8860 PR 0.6242 | unseen ROC 0.7929 PR 0.1236 | valAUC 0.9976 | tau+ 0.500
[OUTPOST-v4] epoch 311: test-all ROC 0.8766 PR 0.6173 | unseen ROC 0.7754 PR 0.1165 | valAUC 0.9966 | tau+ 0.500
[OUTPOST-v4] epoch 312: test-all ROC 0.8730 PR 0.6108 | unseen ROC 0.7672 PR 0.1112 | valAUC 0.9966 | tau+ 0.500
[OUTPOST-v4] epoch 313: test-all ROC 0.8785 PR 0.6173 | unseen ROC 0.7783 PR 0.1166 | valAUC 0.9966 | tau+ 0.500
[OUTPOST-v4] epoch 314: test-all ROC 0.8787 PR 0.6171 | unseen ROC 0.7797 PR 0.1176 | valAUC 0.9961 | tau+ 0.500
[OUTPOST-v4] epoch 315: test-all ROC 0.8834 PR 0.6213 | unseen ROC 0.7884 PR 0.1204 | valAUC 0.9971 | tau+ 0.500
[OUTPOST-v4] epoch 316: test-all ROC 0.8898 PR 0.6318 | unseen ROC 0.7984 PR 0.1270 | valAUC 0.9971 | tau+ 0.906
[OUTPOST-v4] epoch 317: test-all ROC 0.8916 PR 0.6320 | unseen ROC 0.8043 PR 0.1293 | valAUC 0.9976 | tau+ 0.850
[OUTPOST-v4] epoch 318: test-all ROC 0.8931 PR 0.6348 | unseen ROC 0.8050 PR 0.1321 | valAUC 0.9971 | tau+ 0.698
[OUTPOST-v4] epoch 319: test-all ROC 0.8815 PR 0.6198 | unseen ROC 0.7848 PR 0.1181 | valAUC 0.9947 | tau+ 0.500
[OUTPOST-v4] epoch 320: test-all ROC 0.8729 PR 0.6056 | unseen ROC 0.7692 PR 0.1070 | valAUC 0.9952 | tau+ 0.500
[OUTPOST-v4] epoch 321: test-all ROC 0.8673 PR 0.6030 | unseen ROC 0.7567 PR 0.1052 | valAUC 0.9961 | tau+ 0.500
[OUTPOST-v4] epoch 322: test-all ROC 0.8626 PR 0.5921 | unseen ROC 0.7511 PR 0.0989 | valAUC 0.9952 | tau+ 0.500
[OUTPOST-v4] epoch 323: test-all ROC 0.8783 PR 0.6138 | unseen ROC 0.7785 PR 0.1148 | valAUC 0.9961 | tau+ 0.500
[OUTPOST-v4] epoch 324: test-all ROC 0.8792 PR 0.6170 | unseen ROC 0.7811 PR 0.1167 | valAUC 0.9966 | tau+ 0.500
[OUTPOST-v4] epoch 325: test-all ROC 0.8926 PR 0.6325 | unseen ROC 0.8033 PR 0.1277 | valAUC 0.9966 | tau+ 0.500
[OUTPOST-v4] epoch 326: test-all ROC 0.8958 PR 0.6430 | unseen ROC 0.8117 PR 0.1391 | valAUC 0.9981 | tau+ 0.593
[OUTPOST-v4] epoch 327: test-all ROC 0.8920 PR 0.6322 | unseen ROC 0.8051 PR 0.1320 | valAUC 0.9971 | tau+ 0.536
[OUTPOST-v4] epoch 328: test-all ROC 0.8868 PR 0.6270 | unseen ROC 0.7934 PR 0.1254 | valAUC 0.9961 | tau+ 0.500
[OUTPOST-v4] epoch 329: test-all ROC 0.8853 PR 0.6233 | unseen ROC 0.7912 PR 0.1203 | valAUC 0.9952 | tau+ 0.500
[OUTPOST-v4] epoch 330: test-all ROC 0.8754 PR 0.6081 | unseen ROC 0.7753 PR 0.1130 | valAUC 0.9966 | tau+ 0.500
[OUTPOST-v4] epoch 331: test-all ROC 0.8734 PR 0.6063 | unseen ROC 0.7675 PR 0.1071 | valAUC 0.9942 | tau+ 0.500
[OUTPOST-v4] epoch 332: test-all ROC 0.8686 PR 0.5998 | unseen ROC 0.7633 PR 0.1056 | valAUC 0.9957 | tau+ 0.500
[OUTPOST-v4] epoch 333: test-all ROC 0.8741 PR 0.6103 | unseen ROC 0.7710 PR 0.1096 | valAUC 0.9957 | tau+ 0.500
[OUTPOST-v4] epoch 334: test-all ROC 0.8882 PR 0.6284 | unseen ROC 0.7953 PR 0.1268 | valAUC 0.9971 | tau+ 0.741
[OUTPOST-v4] epoch 335: test-all ROC 0.8977 PR 0.6409 | unseen ROC 0.8137 PR 0.1383 | valAUC 0.9976 | tau+ 0.681
[OUTPOST-v4] epoch 336: test-all ROC 0.9020 PR 0.6438 | unseen ROC 0.8206 PR 0.1402 | valAUC 0.9986 | tau+ 0.949
[OUTPOST-v4] epoch 337: test-all ROC 0.9001 PR 0.6410 | unseen ROC 0.8174 PR 0.1374 | valAUC 0.9966 | tau+ 0.818
[OUTPOST-v4] epoch 338: test-all ROC 0.8987 PR 0.6372 | unseen ROC 0.8163 PR 0.1352 | valAUC 0.9971 | tau+ 0.500
[OUTPOST-v4] epoch 339: test-all ROC 0.8996 PR 0.6427 | unseen ROC 0.8186 PR 0.1410 | valAUC 0.9976 | tau+ 0.607
[OUTPOST-v4] epoch 340: test-all ROC 0.8909 PR 0.6326 | unseen ROC 0.8033 PR 0.1327 | valAUC 0.9971 | tau+ 0.500
[OUTPOST-v4] epoch 341: test-all ROC 0.8892 PR 0.6306 | unseen ROC 0.8023 PR 0.1296 | valAUC 0.9957 | tau+ 0.500
[OUTPOST-v4] epoch 342: test-all ROC 0.8932 PR 0.6402 | unseen ROC 0.8072 PR 0.1383 | valAUC 0.9976 | tau+ 0.500
[OUTPOST-v4] epoch 343: test-all ROC 0.8959 PR 0.6362 | unseen ROC 0.8103 PR 0.1341 | valAUC 0.9981 | tau+ 0.500
[OUTPOST-v4] epoch 344: test-all ROC 0.9029 PR 0.6448 | unseen ROC 0.8221 PR 0.1409 | valAUC 0.9976 | tau+ 0.588
[OUTPOST-v4] epoch 345: test-all ROC 0.9022 PR 0.6431 | unseen ROC 0.8232 PR 0.1413 | valAUC 0.9976 | tau+ 0.500
[OUTPOST-v4] epoch 346: test-all ROC 0.8915 PR 0.6306 | unseen ROC 0.8016 PR 0.1295 | valAUC 0.9981 | tau+ 0.500
[OUTPOST-v4] epoch 347: test-all ROC 0.8915 PR 0.6320 | unseen ROC 0.8014 PR 0.1300 | valAUC 0.9971 | tau+ 0.500
[OUTPOST-v4] epoch 348: test-all ROC 0.8845 PR 0.6218 | unseen ROC 0.7920 PR 0.1244 | valAUC 0.9961 | tau+ 0.500
[OUTPOST-v4] epoch 349: test-all ROC 0.8931 PR 0.6291 | unseen ROC 0.8046 PR 0.1270 | valAUC 0.9981 | tau+ 0.500
[OUTPOST-v4] epoch 350: test-all ROC 0.8954 PR 0.6386 | unseen ROC 0.8096 PR 0.1359 | valAUC 0.9976 | tau+ 0.500
[OUTPOST-v4] epoch 351: test-all ROC 0.9048 PR 0.6523 | unseen ROC 0.8286 PR 0.1505 | valAUC 0.9981 | tau+ 0.500
[OUTPOST-v4] epoch 352: test-all ROC 0.9114 PR 0.6537 | unseen ROC 0.8377 PR 0.1528 | valAUC 0.9976 | tau+ 0.778
[OUTPOST-v4] epoch 353: test-all ROC 0.9029 PR 0.6444 | unseen ROC 0.8226 PR 0.1408 | valAUC 0.9986 | tau+ 0.782
[OUTPOST-v4] epoch 354: test-all ROC 0.8978 PR 0.6381 | unseen ROC 0.8142 PR 0.1381 | valAUC 0.9961 | tau+ 0.500
[OUTPOST-v4] epoch 355: test-all ROC 0.8933 PR 0.6304 | unseen ROC 0.8066 PR 0.1301 | valAUC 0.9976 | tau+ 0.500
[OUTPOST-v4] epoch 356: test-all ROC 0.8994 PR 0.6384 | unseen ROC 0.8148 PR 0.1342 | valAUC 0.9971 | tau+ 0.500
[OUTPOST-v4] epoch 357: test-all ROC 0.8967 PR 0.6404 | unseen ROC 0.8116 PR 0.1386 | valAUC 0.9986 | tau+ 0.500
[OUTPOST-v4] epoch 358: test-all ROC 0.9097 PR 0.6510 | unseen ROC 0.8358 PR 0.1527 | valAUC 0.9971 | tau+ 0.960
[OUTPOST-v4] epoch 359: test-all ROC 0.8999 PR 0.6428 | unseen ROC 0.8201 PR 0.1397 | valAUC 0.9971 | tau+ 0.500
[OUTPOST-v4] epoch 360: test-all ROC 0.8961 PR 0.6370 | unseen ROC 0.8101 PR 0.1335 | valAUC 0.9961 | tau+ 0.500
[OUTPOST-v4] epoch 361: test-all ROC 0.8922 PR 0.6331 | unseen ROC 0.8043 PR 0.1294 | valAUC 0.9961 | tau+ 0.500
[OUTPOST-v4] epoch 362: test-all ROC 0.8864 PR 0.6260 | unseen ROC 0.7938 PR 0.1259 | valAUC 0.9971 | tau+ 0.500
[OUTPOST-v4] epoch 363: test-all ROC 0.8975 PR 0.6358 | unseen ROC 0.8142 PR 0.1361 | valAUC 0.9957 | tau+ 0.500
[OUTPOST-v4] epoch 364: test-all ROC 0.8928 PR 0.6298 | unseen ROC 0.8047 PR 0.1303 | valAUC 0.9952 | tau+ 0.500
[OUTPOST-v4] epoch 365: test-all ROC 0.8914 PR 0.6305 | unseen ROC 0.8022 PR 0.1282 | valAUC 0.9952 | tau+ 0.500
[OUTPOST-v4] epoch 366: test-all ROC 0.8946 PR 0.6344 | unseen ROC 0.8083 PR 0.1335 | valAUC 0.9957 | tau+ 0.500
[OUTPOST-v4] epoch 367: test-all ROC 0.9021 PR 0.6391 | unseen ROC 0.8222 PR 0.1379 | valAUC 0.9966 | tau+ 0.572
[OUTPOST-v4] epoch 368: test-all ROC 0.9064 PR 0.6449 | unseen ROC 0.8296 PR 0.1433 | valAUC 0.9966 | tau+ 0.500
[OUTPOST-v4] epoch 369: test-all ROC 0.8938 PR 0.6388 | unseen ROC 0.8102 PR 0.1368 | valAUC 0.9952 | tau+ 0.500
[OUTPOST-v4] epoch 370: test-all ROC 0.8906 PR 0.6268 | unseen ROC 0.7999 PR 0.1271 | valAUC 0.9961 | tau+ 0.500
[OUTPOST-v4] epoch 371: test-all ROC 0.8893 PR 0.6267 | unseen ROC 0.8001 PR 0.1266 | valAUC 0.9966 | tau+ 0.500
[OUTPOST-v4] epoch 372: test-all ROC 0.8892 PR 0.6279 | unseen ROC 0.7996 PR 0.1291 | valAUC 0.9952 | tau+ 0.500
[OUTPOST-v4] epoch 373: test-all ROC 0.8907 PR 0.6257 | unseen ROC 0.7998 PR 0.1249 | valAUC 0.9952 | tau+ 0.500
[OUTPOST-v4] epoch 374: test-all ROC 0.8891 PR 0.6307 | unseen ROC 0.7982 PR 0.1317 | valAUC 0.9971 | tau+ 0.500
[OUTPOST-v4] epoch 375: test-all ROC 0.8997 PR 0.6400 | unseen ROC 0.8180 PR 0.1403 | valAUC 0.9961 | tau+ 0.500
[OUTPOST-v4] epoch 376: test-all ROC 0.9112 PR 0.6572 | unseen ROC 0.8393 PR 0.1576 | valAUC 0.9971 | tau+ 0.500
[OUTPOST-v4] epoch 377: test-all ROC 0.9119 PR 0.6544 | unseen ROC 0.8389 PR 0.1534 | valAUC 0.9976 | tau+ 0.884
[OUTPOST-v4] epoch 378: test-all ROC 0.8950 PR 0.6316 | unseen ROC 0.8104 PR 0.1297 | valAUC 0.9961 | tau+ 0.500
[OUTPOST-v4] epoch 379: test-all ROC 0.8865 PR 0.6230 | unseen ROC 0.7923 PR 0.1242 | valAUC 0.9957 | tau+ 0.500
[OUTPOST-v4] epoch 380: test-all ROC 0.8845 PR 0.6186 | unseen ROC 0.7912 PR 0.1183 | valAUC 0.9952 | tau+ 0.500
[OUTPOST-v4] epoch 381: test-all ROC 0.8800 PR 0.6127 | unseen ROC 0.7808 PR 0.1142 | valAUC 0.9971 | tau+ 0.500
[OUTPOST-v4] epoch 382: test-all ROC 0.8814 PR 0.6134 | unseen ROC 0.7859 PR 0.1148 | valAUC 0.9952 | tau+ 0.500
[OUTPOST-v4] epoch 383: test-all ROC 0.8896 PR 0.6267 | unseen ROC 0.8019 PR 0.1272 | valAUC 0.9971 | tau+ 0.500
[OUTPOST-v4] epoch 384: test-all ROC 0.9044 PR 0.6436 | unseen ROC 0.8270 PR 0.1413 | valAUC 0.9981 | tau+ 0.500
[OUTPOST-v4] epoch 385: test-all ROC 0.9063 PR 0.6516 | unseen ROC 0.8285 PR 0.1499 | valAUC 0.9966 | tau+ 0.623
[OUTPOST-v4] epoch 386: test-all ROC 0.9035 PR 0.6431 | unseen ROC 0.8240 PR 0.1396 | valAUC 0.9981 | tau+ 0.500
[OUTPOST-v4] epoch 387: test-all ROC 0.8983 PR 0.6344 | unseen ROC 0.8159 PR 0.1353 | valAUC 0.9971 | tau+ 0.500
[OUTPOST-v4] epoch 388: test-all ROC 0.8919 PR 0.6294 | unseen ROC 0.8045 PR 0.1280 | valAUC 0.9961 | tau+ 0.500
[OUTPOST-v4] epoch 389: test-all ROC 0.8907 PR 0.6294 | unseen ROC 0.8029 PR 0.1306 | valAUC 0.9952 | tau+ 0.500
[OUTPOST-v4] epoch 390: test-all ROC 0.8923 PR 0.6322 | unseen ROC 0.8060 PR 0.1315 | valAUC 0.9957 | tau+ 0.500
[OUTPOST-v4] epoch 391: test-all ROC 0.8886 PR 0.6227 | unseen ROC 0.7976 PR 0.1238 | valAUC 0.9952 | tau+ 0.500
[OUTPOST-v4] epoch 392: test-all ROC 0.8913 PR 0.6240 | unseen ROC 0.8010 PR 0.1272 | valAUC 0.9952 | tau+ 0.500
[OUTPOST-v4] epoch 393: test-all ROC 0.8977 PR 0.6355 | unseen ROC 0.8135 PR 0.1367 | valAUC 0.9961 | tau+ 0.500
[OUTPOST-v4] epoch 394: test-all ROC 0.8978 PR 0.6394 | unseen ROC 0.8142 PR 0.1342 | valAUC 0.9966 | tau+ 0.500
[OUTPOST-v4] epoch 395: test-all ROC 0.8978 PR 0.6345 | unseen ROC 0.8150 PR 0.1337 | valAUC 0.9966 | tau+ 0.500
[OUTPOST-v4] epoch 396: test-all ROC 0.8928 PR 0.6338 | unseen ROC 0.8056 PR 0.1321 | valAUC 0.9966 | tau+ 0.500
[OUTPOST-v4] epoch 397: test-all ROC 0.8913 PR 0.6312 | unseen ROC 0.8012 PR 0.1297 | valAUC 0.9971 | tau+ 0.629
[OUTPOST-v4] epoch 398: test-all ROC 0.8943 PR 0.6357 | unseen ROC 0.8085 PR 0.1345 | valAUC 0.9976 | tau+ 0.500
[OUTPOST-v4] epoch 399: test-all ROC 0.8904 PR 0.6252 | unseen ROC 0.8016 PR 0.1262 | valAUC 0.9976 | tau+ 0.500
  rotation 0: ROC 0.9119 PR 0.6572
Normal classes: [np.int64(1), np.int64(2), np.int64(3), np.int64(4), np.int64(5), np.int64(6)] in photo
Building multi-layer GraphSage
[OUTPOST-v4] epoch 0: test-all ROC 0.6804 PR 0.1573 | unseen ROC 0.8470 PR 0.1756 | valAUC 0.3739 | tau+ 0.500
[OUTPOST-v4] epoch 1: test-all ROC 0.6747 PR 0.1485 | unseen ROC 0.8396 PR 0.1635 | valAUC 0.3826 | tau+ 0.500
[OUTPOST-v4] epoch 2: test-all ROC 0.6718 PR 0.1494 | unseen ROC 0.8405 PR 0.1659 | valAUC 0.3918 | tau+ 0.500
[OUTPOST-v4] epoch 3: test-all ROC 0.6733 PR 0.1504 | unseen ROC 0.8401 PR 0.1674 | valAUC 0.3918 | tau+ 0.500
[OUTPOST-v4] epoch 4: test-all ROC 0.6755 PR 0.1518 | unseen ROC 0.8405 PR 0.1689 | valAUC 0.4164 | tau+ 0.500
[OUTPOST-v4] epoch 5: test-all ROC 0.6726 PR 0.1504 | unseen ROC 0.8384 PR 0.1669 | valAUC 0.3942 | tau+ 0.500
[OUTPOST-v4] epoch 6: test-all ROC 0.6782 PR 0.1514 | unseen ROC 0.8412 PR 0.1678 | valAUC 0.3807 | tau+ 0.500
[OUTPOST-v4] epoch 7: test-all ROC 0.6815 PR 0.1526 | unseen ROC 0.8384 PR 0.1665 | valAUC 0.4048 | tau+ 0.500
[OUTPOST-v4] epoch 8: test-all ROC 0.6815 PR 0.1510 | unseen ROC 0.8348 PR 0.1638 | valAUC 0.4348 | tau+ 0.500
[OUTPOST-v4] epoch 9: test-all ROC 0.6882 PR 0.1493 | unseen ROC 0.8242 PR 0.1548 | valAUC 0.4285 | tau+ 0.500
[OUTPOST-v4] epoch 10: test-all ROC 0.6974 PR 0.1546 | unseen ROC 0.8207 PR 0.1571 | valAUC 0.5343 | tau+ 0.500
[OUTPOST-v4] epoch 11: test-all ROC 0.6803 PR 0.1444 | unseen ROC 0.7424 PR 0.1221 | valAUC 0.6300 | tau+ 0.500
[OUTPOST-v4] epoch 12: test-all ROC 0.5911 PR 0.1113 | unseen ROC 0.5449 PR 0.0549 | valAUC 0.7377 | tau+ 0.500
[OUTPOST-v4] epoch 13: test-all ROC 0.5598 PR 0.1051 | unseen ROC 0.4671 PR 0.0454 | valAUC 0.7034 | tau+ 0.500
[OUTPOST-v4] epoch 14: test-all ROC 0.5518 PR 0.1012 | unseen ROC 0.4529 PR 0.0442 | valAUC 0.6928 | tau+ 0.500
[OUTPOST-v4] epoch 15: test-all ROC 0.5531 PR 0.0992 | unseen ROC 0.4646 PR 0.0450 | valAUC 0.6913 | tau+ 0.500
[OUTPOST-v4] epoch 16: test-all ROC 0.5512 PR 0.0999 | unseen ROC 0.4635 PR 0.0449 | valAUC 0.6749 | tau+ 0.500
[OUTPOST-v4] epoch 17: test-all ROC 0.5503 PR 0.0979 | unseen ROC 0.4647 PR 0.0450 | valAUC 0.6894 | tau+ 0.500
[OUTPOST-v4] epoch 18: test-all ROC 0.5426 PR 0.0963 | unseen ROC 0.4534 PR 0.0440 | valAUC 0.6845 | tau+ 0.500
[OUTPOST-v4] epoch 19: test-all ROC 0.5476 PR 0.0969 | unseen ROC 0.4525 PR 0.0440 | valAUC 0.6638 | tau+ 0.500
[OUTPOST-v4] epoch 20: test-all ROC 0.5448 PR 0.0938 | unseen ROC 0.4524 PR 0.0440 | valAUC 0.6874 | tau+ 0.500
[OUTPOST-v4] epoch 21: test-all ROC 0.5550 PR 0.0989 | unseen ROC 0.4490 PR 0.0437 | valAUC 0.7159 | tau+ 0.500
[OUTPOST-v4] epoch 22: test-all ROC 0.5537 PR 0.0966 | unseen ROC 0.4379 PR 0.0429 | valAUC 0.7425 | tau+ 0.500
[OUTPOST-v4] epoch 23: test-all ROC 0.5467 PR 0.0947 | unseen ROC 0.4260 PR 0.0420 | valAUC 0.7435 | tau+ 0.500
[OUTPOST-v4] epoch 24: test-all ROC 0.5490 PR 0.0956 | unseen ROC 0.4258 PR 0.0420 | valAUC 0.7483 | tau+ 0.500
[OUTPOST-v4] epoch 25: test-all ROC 0.5593 PR 0.0986 | unseen ROC 0.4338 PR 0.0425 | valAUC 0.7606 | tau+ 0.500
[OUTPOST-v4] epoch 26: test-all ROC 0.5762 PR 0.1109 | unseen ROC 0.4518 PR 0.0439 | valAUC 0.7589 | tau+ 0.500
[OUTPOST-v4] epoch 27: test-all ROC 0.6097 PR 0.1400 | unseen ROC 0.4973 PR 0.0482 | valAUC 0.7635 | tau+ 0.500
[OUTPOST-v4] epoch 28: test-all ROC 0.6154 PR 0.1588 | unseen ROC 0.5022 PR 0.0491 | valAUC 0.7686 | tau+ 0.500
[OUTPOST-v4] epoch 29: test-all ROC 0.6327 PR 0.1601 | unseen ROC 0.5194 PR 0.0510 | valAUC 0.7768 | tau+ 0.500
[OUTPOST-v4] epoch 30: test-all ROC 0.6354 PR 0.1757 | unseen ROC 0.5155 PR 0.0508 | valAUC 0.7768 | tau+ 0.500
[OUTPOST-v4] epoch 31: test-all ROC 0.6416 PR 0.1812 | unseen ROC 0.5209 PR 0.0515 | valAUC 0.8010 | tau+ 0.500
[OUTPOST-v4] epoch 32: test-all ROC 0.6419 PR 0.1793 | unseen ROC 0.5126 PR 0.0504 | valAUC 0.8213 | tau+ 0.500
[OUTPOST-v4] epoch 33: test-all ROC 0.6531 PR 0.1905 | unseen ROC 0.5174 PR 0.0512 | valAUC 0.8435 | tau+ 0.500
[OUTPOST-v4] epoch 34: test-all ROC 0.6551 PR 0.1798 | unseen ROC 0.5207 PR 0.0516 | valAUC 0.8348 | tau+ 0.500
[OUTPOST-v4] epoch 35: test-all ROC 0.6659 PR 0.1960 | unseen ROC 0.5380 PR 0.0539 | valAUC 0.8382 | tau+ 0.500
[OUTPOST-v4] epoch 36: test-all ROC 0.6791 PR 0.1987 | unseen ROC 0.5587 PR 0.0569 | valAUC 0.8696 | tau+ 0.500
[OUTPOST-v4] epoch 37: test-all ROC 0.6883 PR 0.2055 | unseen ROC 0.5783 PR 0.0614 | valAUC 0.8304 | tau+ 0.500
[OUTPOST-v4] epoch 38: test-all ROC 0.6920 PR 0.2112 | unseen ROC 0.5825 PR 0.0614 | valAUC 0.8285 | tau+ 0.500
[OUTPOST-v4] epoch 39: test-all ROC 0.6838 PR 0.2136 | unseen ROC 0.5617 PR 0.0578 | valAUC 0.8483 | tau+ 0.500
[OUTPOST-v4] epoch 40: test-all ROC 0.6780 PR 0.2281 | unseen ROC 0.5324 PR 0.0537 | valAUC 0.8870 | tau+ 0.500
[OUTPOST-v4] epoch 41: test-all ROC 0.6772 PR 0.2316 | unseen ROC 0.5265 PR 0.0524 | valAUC 0.9072 | tau+ 0.500
[OUTPOST-v4] epoch 42: test-all ROC 0.6853 PR 0.2398 | unseen ROC 0.5435 PR 0.0550 | valAUC 0.8879 | tau+ 0.500
[OUTPOST-v4] epoch 43: test-all ROC 0.6937 PR 0.2370 | unseen ROC 0.5650 PR 0.0578 | valAUC 0.8937 | tau+ 0.500
[OUTPOST-v4] epoch 44: test-all ROC 0.7002 PR 0.2417 | unseen ROC 0.5827 PR 0.0618 | valAUC 0.8488 | tau+ 0.500
[OUTPOST-v4] epoch 45: test-all ROC 0.7001 PR 0.2572 | unseen ROC 0.5782 PR 0.0605 | valAUC 0.8783 | tau+ 0.500
[OUTPOST-v4] epoch 46: test-all ROC 0.7017 PR 0.2567 | unseen ROC 0.5786 PR 0.0594 | valAUC 0.8807 | tau+ 0.500
[OUTPOST-v4] epoch 47: test-all ROC 0.6973 PR 0.2654 | unseen ROC 0.5604 PR 0.0566 | valAUC 0.8986 | tau+ 0.500
[OUTPOST-v4] epoch 48: test-all ROC 0.6949 PR 0.2626 | unseen ROC 0.5514 PR 0.0556 | valAUC 0.9126 | tau+ 0.500
[OUTPOST-v4] epoch 49: test-all ROC 0.6859 PR 0.2655 | unseen ROC 0.5272 PR 0.0519 | valAUC 0.9324 | tau+ 0.500
[OUTPOST-v4] epoch 50: test-all ROC 0.6949 PR 0.2850 | unseen ROC 0.5394 PR 0.0536 | valAUC 0.9256 | tau+ 0.500
[OUTPOST-v4] epoch 51: test-all ROC 0.7031 PR 0.2852 | unseen ROC 0.5557 PR 0.0558 | valAUC 0.9314 | tau+ 0.500
[OUTPOST-v4] epoch 52: test-all ROC 0.7048 PR 0.2828 | unseen ROC 0.5574 PR 0.0562 | valAUC 0.9386 | tau+ 0.500
[OUTPOST-v4] epoch 53: test-all ROC 0.7090 PR 0.2987 | unseen ROC 0.5609 PR 0.0567 | valAUC 0.9300 | tau+ 0.500
[OUTPOST-v4] epoch 54: test-all ROC 0.7178 PR 0.2994 | unseen ROC 0.5721 PR 0.0585 | valAUC 0.9290 | tau+ 0.500
[OUTPOST-v4] epoch 55: test-all ROC 0.7254 PR 0.2862 | unseen ROC 0.5911 PR 0.0616 | valAUC 0.9232 | tau+ 0.500
[OUTPOST-v4] epoch 56: test-all ROC 0.7259 PR 0.2846 | unseen ROC 0.5887 PR 0.0619 | valAUC 0.9256 | tau+ 0.500
[OUTPOST-v4] epoch 57: test-all ROC 0.7344 PR 0.2763 | unseen ROC 0.5997 PR 0.0640 | valAUC 0.9502 | tau+ 0.500
[OUTPOST-v4] epoch 58: test-all ROC 0.7304 PR 0.2906 | unseen ROC 0.5857 PR 0.0617 | valAUC 0.9386 | tau+ 0.500
[OUTPOST-v4] epoch 59: test-all ROC 0.7380 PR 0.2634 | unseen ROC 0.6050 PR 0.0649 | valAUC 0.9348 | tau+ 0.500
[OUTPOST-v4] epoch 60: test-all ROC 0.7462 PR 0.2575 | unseen ROC 0.6185 PR 0.0673 | valAUC 0.9285 | tau+ 0.500
[OUTPOST-v4] epoch 61: test-all ROC 0.7438 PR 0.2773 | unseen ROC 0.6097 PR 0.0660 | valAUC 0.9348 | tau+ 0.500
[OUTPOST-v4] epoch 62: test-all ROC 0.7341 PR 0.2749 | unseen ROC 0.5892 PR 0.0614 | valAUC 0.9406 | tau+ 0.500
[OUTPOST-v4] epoch 63: test-all ROC 0.7441 PR 0.2650 | unseen ROC 0.6106 PR 0.0651 | valAUC 0.9343 | tau+ 0.500
[OUTPOST-v4] epoch 64: test-all ROC 0.7423 PR 0.2609 | unseen ROC 0.6092 PR 0.0657 | valAUC 0.9406 | tau+ 0.500
[OUTPOST-v4] epoch 65: test-all ROC 0.7445 PR 0.2706 | unseen ROC 0.6112 PR 0.0662 | valAUC 0.9444 | tau+ 0.500
[OUTPOST-v4] epoch 66: test-all ROC 0.7432 PR 0.2658 | unseen ROC 0.6080 PR 0.0646 | valAUC 0.9357 | tau+ 0.500
[OUTPOST-v4] epoch 67: test-all ROC 0.7391 PR 0.2607 | unseen ROC 0.6029 PR 0.0636 | valAUC 0.9415 | tau+ 0.500
[OUTPOST-v4] epoch 68: test-all ROC 0.7436 PR 0.2707 | unseen ROC 0.6059 PR 0.0646 | valAUC 0.9531 | tau+ 0.500
[OUTPOST-v4] epoch 69: test-all ROC 0.7367 PR 0.2714 | unseen ROC 0.5947 PR 0.0623 | valAUC 0.9435 | tau+ 0.500
[OUTPOST-v4] epoch 70: test-all ROC 0.7330 PR 0.2833 | unseen ROC 0.5922 PR 0.0615 | valAUC 0.9454 | tau+ 0.500
[OUTPOST-v4] epoch 71: test-all ROC 0.7268 PR 0.2913 | unseen ROC 0.5823 PR 0.0596 | valAUC 0.9415 | tau+ 0.500
[OUTPOST-v4] epoch 72: test-all ROC 0.7293 PR 0.2885 | unseen ROC 0.5879 PR 0.0604 | valAUC 0.9440 | tau+ 0.500
[OUTPOST-v4] epoch 73: test-all ROC 0.7329 PR 0.2795 | unseen ROC 0.5963 PR 0.0622 | valAUC 0.9353 | tau+ 0.500
[OUTPOST-v4] epoch 74: test-all ROC 0.7287 PR 0.2963 | unseen ROC 0.5873 PR 0.0601 | valAUC 0.9396 | tau+ 0.500
[OUTPOST-v4] epoch 75: test-all ROC 0.7202 PR 0.3008 | unseen ROC 0.5729 PR 0.0576 | valAUC 0.9348 | tau+ 0.500
[OUTPOST-v4] epoch 76: test-all ROC 0.7116 PR 0.3201 | unseen ROC 0.5556 PR 0.0549 | valAUC 0.9522 | tau+ 0.500
[OUTPOST-v4] epoch 77: test-all ROC 0.7132 PR 0.3114 | unseen ROC 0.5613 PR 0.0556 | valAUC 0.9406 | tau+ 0.500
[OUTPOST-v4] epoch 78: test-all ROC 0.7085 PR 0.3102 | unseen ROC 0.5553 PR 0.0547 | valAUC 0.9440 | tau+ 0.500
[OUTPOST-v4] epoch 79: test-all ROC 0.7099 PR 0.3007 | unseen ROC 0.5582 PR 0.0551 | valAUC 0.9440 | tau+ 0.500
[OUTPOST-v4] epoch 80: test-all ROC 0.7153 PR 0.3005 | unseen ROC 0.5668 PR 0.0563 | valAUC 0.9338 | tau+ 0.500
[OUTPOST-v4] epoch 81: test-all ROC 0.7264 PR 0.2732 | unseen ROC 0.5878 PR 0.0598 | valAUC 0.9372 | tau+ 0.500
[OUTPOST-v4] epoch 82: test-all ROC 0.7299 PR 0.2688 | unseen ROC 0.5925 PR 0.0605 | valAUC 0.9377 | tau+ 0.500
[OUTPOST-v4] epoch 83: test-all ROC 0.7304 PR 0.2822 | unseen ROC 0.5895 PR 0.0600 | valAUC 0.9382 | tau+ 0.500
[OUTPOST-v4] epoch 84: test-all ROC 0.7175 PR 0.2999 | unseen ROC 0.5624 PR 0.0557 | valAUC 0.9449 | tau+ 0.500
[OUTPOST-v4] epoch 85: test-all ROC 0.7021 PR 0.3199 | unseen ROC 0.5287 PR 0.0513 | valAUC 0.9686 | tau+ 0.500
[OUTPOST-v4] epoch 86: test-all ROC 0.7061 PR 0.3262 | unseen ROC 0.5343 PR 0.0520 | valAUC 0.9667 | tau+ 0.500
[OUTPOST-v4] epoch 87: test-all ROC 0.7212 PR 0.3202 | unseen ROC 0.5618 PR 0.0555 | valAUC 0.9585 | tau+ 0.500
[OUTPOST-v4] epoch 88: test-all ROC 0.7112 PR 0.3311 | unseen ROC 0.5425 PR 0.0530 | valAUC 0.9763 | tau+ 0.500
[OUTPOST-v4] epoch 89: test-all ROC 0.6991 PR 0.3448 | unseen ROC 0.5164 PR 0.0500 | valAUC 0.9705 | tau+ 0.500
[OUTPOST-v4] epoch 90: test-all ROC 0.6837 PR 0.3463 | unseen ROC 0.4885 PR 0.0473 | valAUC 0.9744 | tau+ 0.524
[OUTPOST-v4] epoch 91: test-all ROC 0.6898 PR 0.3516 | unseen ROC 0.4964 PR 0.0480 | valAUC 0.9821 | tau+ 0.500
[OUTPOST-v4] epoch 92: test-all ROC 0.6919 PR 0.3587 | unseen ROC 0.4996 PR 0.0482 | valAUC 0.9797 | tau+ 0.500
[OUTPOST-v4] epoch 93: test-all ROC 0.6996 PR 0.3592 | unseen ROC 0.5134 PR 0.0496 | valAUC 0.9855 | tau+ 0.500
[OUTPOST-v4] epoch 94: test-all ROC 0.6826 PR 0.3617 | unseen ROC 0.4823 PR 0.0465 | valAUC 0.9845 | tau+ 0.500
[OUTPOST-v4] epoch 95: test-all ROC 0.6634 PR 0.3640 | unseen ROC 0.4474 PR 0.0437 | valAUC 0.9908 | tau+ 0.543
[OUTPOST-v4] epoch 96: test-all ROC 0.6770 PR 0.3669 | unseen ROC 0.4719 PR 0.0457 | valAUC 0.9903 | tau+ 0.517
[OUTPOST-v4] epoch 97: test-all ROC 0.6916 PR 0.3728 | unseen ROC 0.4972 PR 0.0480 | valAUC 0.9860 | tau+ 0.500
[OUTPOST-v4] epoch 98: test-all ROC 0.6924 PR 0.3682 | unseen ROC 0.4989 PR 0.0482 | valAUC 0.9845 | tau+ 0.500
[OUTPOST-v4] epoch 99: test-all ROC 0.6861 PR 0.3710 | unseen ROC 0.4878 PR 0.0471 | valAUC 0.9899 | tau+ 0.500
[OUTPOST-v4] epoch 100: test-all ROC 0.6679 PR 0.3786 | unseen ROC 0.4558 PR 0.0444 | valAUC 0.9899 | tau+ 0.545
[OUTPOST-v4] epoch 101: test-all ROC 0.6806 PR 0.3678 | unseen ROC 0.4786 PR 0.0464 | valAUC 0.9870 | tau+ 0.500
[OUTPOST-v4] epoch 102: test-all ROC 0.7034 PR 0.3765 | unseen ROC 0.5162 PR 0.0501 | valAUC 0.9884 | tau+ 0.500
[OUTPOST-v4] epoch 103: test-all ROC 0.7050 PR 0.3759 | unseen ROC 0.5192 PR 0.0502 | valAUC 0.9870 | tau+ 0.500
[OUTPOST-v4] epoch 104: test-all ROC 0.6934 PR 0.3769 | unseen ROC 0.4995 PR 0.0482 | valAUC 0.9865 | tau+ 0.508
[OUTPOST-v4] epoch 105: test-all ROC 0.6815 PR 0.3758 | unseen ROC 0.4786 PR 0.0462 | valAUC 0.9947 | tau+ 0.500
[OUTPOST-v4] epoch 106: test-all ROC 0.6930 PR 0.3785 | unseen ROC 0.4982 PR 0.0480 | valAUC 0.9894 | tau+ 0.500
[OUTPOST-v4] epoch 107: test-all ROC 0.7212 PR 0.3723 | unseen ROC 0.5473 PR 0.0535 | valAUC 0.9874 | tau+ 0.500
[OUTPOST-v4] epoch 108: test-all ROC 0.7142 PR 0.3826 | unseen ROC 0.5337 PR 0.0519 | valAUC 0.9879 | tau+ 0.500
[OUTPOST-v4] epoch 109: test-all ROC 0.6819 PR 0.3670 | unseen ROC 0.4790 PR 0.0463 | valAUC 0.9908 | tau+ 0.500
[OUTPOST-v4] epoch 110: test-all ROC 0.6729 PR 0.3752 | unseen ROC 0.4637 PR 0.0451 | valAUC 0.9884 | tau+ 0.523
[OUTPOST-v4] epoch 111: test-all ROC 0.6869 PR 0.3739 | unseen ROC 0.4876 PR 0.0471 | valAUC 0.9908 | tau+ 0.500
[OUTPOST-v4] epoch 112: test-all ROC 0.7094 PR 0.3788 | unseen ROC 0.5264 PR 0.0511 | valAUC 0.9913 | tau+ 0.500
[OUTPOST-v4] epoch 113: test-all ROC 0.7181 PR 0.3775 | unseen ROC 0.5402 PR 0.0527 | valAUC 0.9937 | tau+ 0.500
[OUTPOST-v4] epoch 114: test-all ROC 0.6974 PR 0.3743 | unseen ROC 0.5066 PR 0.0490 | valAUC 0.9879 | tau+ 0.500
[OUTPOST-v4] epoch 115: test-all ROC 0.6752 PR 0.3809 | unseen ROC 0.4677 PR 0.0453 | valAUC 0.9908 | tau+ 0.500
[OUTPOST-v4] epoch 116: test-all ROC 0.6758 PR 0.3777 | unseen ROC 0.4686 PR 0.0453 | valAUC 0.9908 | tau+ 0.500
[OUTPOST-v4] epoch 117: test-all ROC 0.6994 PR 0.3841 | unseen ROC 0.5092 PR 0.0492 | valAUC 0.9899 | tau+ 0.500
[OUTPOST-v4] epoch 118: test-all ROC 0.7091 PR 0.3846 | unseen ROC 0.5255 PR 0.0509 | valAUC 0.9860 | tau+ 0.500
[OUTPOST-v4] epoch 119: test-all ROC 0.6965 PR 0.3829 | unseen ROC 0.5039 PR 0.0486 | valAUC 0.9860 | tau+ 0.500
[OUTPOST-v4] epoch 120: test-all ROC 0.6859 PR 0.3860 | unseen ROC 0.4866 PR 0.0469 | valAUC 0.9889 | tau+ 0.500
[OUTPOST-v4] epoch 121: test-all ROC 0.6798 PR 0.3811 | unseen ROC 0.4757 PR 0.0460 | valAUC 0.9908 | tau+ 0.518
[OUTPOST-v4] epoch 122: test-all ROC 0.6876 PR 0.3755 | unseen ROC 0.4895 PR 0.0472 | valAUC 0.9889 | tau+ 0.500
[OUTPOST-v4] epoch 123: test-all ROC 0.7019 PR 0.3785 | unseen ROC 0.5131 PR 0.0496 | valAUC 0.9913 | tau+ 0.500
[OUTPOST-v4] epoch 124: test-all ROC 0.6902 PR 0.3786 | unseen ROC 0.4932 PR 0.0476 | valAUC 0.9870 | tau+ 0.500
[OUTPOST-v4] epoch 125: test-all ROC 0.6711 PR 0.3812 | unseen ROC 0.4611 PR 0.0447 | valAUC 0.9855 | tau+ 0.586
[OUTPOST-v4] epoch 126: test-all ROC 0.6698 PR 0.3807 | unseen ROC 0.4589 PR 0.0445 | valAUC 0.9932 | tau+ 0.588
[OUTPOST-v4] epoch 127: test-all ROC 0.6858 PR 0.3834 | unseen ROC 0.4856 PR 0.0468 | valAUC 0.9899 | tau+ 0.500
[OUTPOST-v4] epoch 128: test-all ROC 0.7064 PR 0.3897 | unseen ROC 0.5211 PR 0.0505 | valAUC 0.9874 | tau+ 0.500
[OUTPOST-v4] epoch 129: test-all ROC 0.7081 PR 0.3799 | unseen ROC 0.5254 PR 0.0509 | valAUC 0.9792 | tau+ 0.500
[OUTPOST-v4] epoch 130: test-all ROC 0.7005 PR 0.3822 | unseen ROC 0.5111 PR 0.0494 | valAUC 0.9899 | tau+ 0.500
[OUTPOST-v4] epoch 131: test-all ROC 0.6986 PR 0.3875 | unseen ROC 0.5072 PR 0.0489 | valAUC 0.9894 | tau+ 0.525
[OUTPOST-v4] epoch 132: test-all ROC 0.6991 PR 0.3908 | unseen ROC 0.5067 PR 0.0489 | valAUC 0.9879 | tau+ 0.500
[OUTPOST-v4] epoch 133: test-all ROC 0.7103 PR 0.3848 | unseen ROC 0.5268 PR 0.0510 | valAUC 0.9918 | tau+ 0.500
[OUTPOST-v4] epoch 134: test-all ROC 0.7100 PR 0.3874 | unseen ROC 0.5273 PR 0.0512 | valAUC 0.9903 | tau+ 0.500
[OUTPOST-v4] epoch 135: test-all ROC 0.7125 PR 0.3842 | unseen ROC 0.5317 PR 0.0517 | valAUC 0.9889 | tau+ 0.500
[OUTPOST-v4] epoch 136: test-all ROC 0.7117 PR 0.3873 | unseen ROC 0.5301 PR 0.0516 | valAUC 0.9932 | tau+ 0.500
[OUTPOST-v4] epoch 137: test-all ROC 0.7097 PR 0.3836 | unseen ROC 0.5265 PR 0.0510 | valAUC 0.9874 | tau+ 0.500
[OUTPOST-v4] epoch 138: test-all ROC 0.7064 PR 0.3872 | unseen ROC 0.5203 PR 0.0505 | valAUC 0.9855 | tau+ 0.500
[OUTPOST-v4] epoch 139: test-all ROC 0.7036 PR 0.3868 | unseen ROC 0.5166 PR 0.0499 | valAUC 0.9899 | tau+ 0.500
[OUTPOST-v4] epoch 140: test-all ROC 0.6915 PR 0.3853 | unseen ROC 0.4959 PR 0.0479 | valAUC 0.9932 | tau+ 0.500
[OUTPOST-v4] epoch 141: test-all ROC 0.6909 PR 0.3800 | unseen ROC 0.4961 PR 0.0479 | valAUC 0.9894 | tau+ 0.500
[OUTPOST-v4] epoch 142: test-all ROC 0.6883 PR 0.3788 | unseen ROC 0.4909 PR 0.0474 | valAUC 0.9903 | tau+ 0.500
[OUTPOST-v4] epoch 143: test-all ROC 0.6849 PR 0.3872 | unseen ROC 0.4850 PR 0.0468 | valAUC 0.9889 | tau+ 0.500
[OUTPOST-v4] epoch 144: test-all ROC 0.6838 PR 0.3854 | unseen ROC 0.4835 PR 0.0467 | valAUC 0.9860 | tau+ 0.500
[OUTPOST-v4] epoch 145: test-all ROC 0.6937 PR 0.3821 | unseen ROC 0.5002 PR 0.0483 | valAUC 0.9870 | tau+ 0.500
[OUTPOST-v4] epoch 146: test-all ROC 0.7052 PR 0.3854 | unseen ROC 0.5203 PR 0.0504 | valAUC 0.9879 | tau+ 0.500
[OUTPOST-v4] epoch 147: test-all ROC 0.7084 PR 0.3859 | unseen ROC 0.5256 PR 0.0509 | valAUC 0.9855 | tau+ 0.500
[OUTPOST-v4] epoch 148: test-all ROC 0.7110 PR 0.3942 | unseen ROC 0.5282 PR 0.0513 | valAUC 0.9879 | tau+ 0.500
[OUTPOST-v4] epoch 149: test-all ROC 0.7072 PR 0.3913 | unseen ROC 0.5215 PR 0.0505 | valAUC 0.9894 | tau+ 0.500
[OUTPOST-v4] epoch 150: test-all ROC 0.7047 PR 0.3905 | unseen ROC 0.5173 PR 0.0501 | valAUC 0.9899 | tau+ 0.500
[OUTPOST-v4] epoch 151: test-all ROC 0.7063 PR 0.3879 | unseen ROC 0.5201 PR 0.0503 | valAUC 0.9889 | tau+ 0.500
[OUTPOST-v4] epoch 152: test-all ROC 0.7127 PR 0.3921 | unseen ROC 0.5314 PR 0.0517 | valAUC 0.9821 | tau+ 0.500
[OUTPOST-v4] epoch 153: test-all ROC 0.7181 PR 0.3935 | unseen ROC 0.5411 PR 0.0528 | valAUC 0.9821 | tau+ 0.500
[OUTPOST-v4] epoch 154: test-all ROC 0.7083 PR 0.3902 | unseen ROC 0.5249 PR 0.0511 | valAUC 0.9865 | tau+ 0.500
[OUTPOST-v4] epoch 155: test-all ROC 0.7004 PR 0.3919 | unseen ROC 0.5104 PR 0.0493 | valAUC 0.9879 | tau+ 0.500
[OUTPOST-v4] epoch 156: test-all ROC 0.6920 PR 0.3874 | unseen ROC 0.4964 PR 0.0479 | valAUC 0.9879 | tau+ 0.500
[OUTPOST-v4] epoch 157: test-all ROC 0.7017 PR 0.3930 | unseen ROC 0.5121 PR 0.0495 | valAUC 0.9894 | tau+ 0.500
[OUTPOST-v4] epoch 158: test-all ROC 0.7049 PR 0.3909 | unseen ROC 0.5189 PR 0.0502 | valAUC 0.9860 | tau+ 0.500
[OUTPOST-v4] epoch 159: test-all ROC 0.7104 PR 0.3962 | unseen ROC 0.5263 PR 0.0511 | valAUC 0.9894 | tau+ 0.500
[OUTPOST-v4] epoch 160: test-all ROC 0.7007 PR 0.3884 | unseen ROC 0.5111 PR 0.0494 | valAUC 0.9860 | tau+ 0.500
[OUTPOST-v4] epoch 161: test-all ROC 0.7029 PR 0.3974 | unseen ROC 0.5131 PR 0.0498 | valAUC 0.9879 | tau+ 0.500
[OUTPOST-v4] epoch 162: test-all ROC 0.7027 PR 0.3965 | unseen ROC 0.5143 PR 0.0499 | valAUC 0.9874 | tau+ 0.500
[OUTPOST-v4] epoch 163: test-all ROC 0.7069 PR 0.3986 | unseen ROC 0.5219 PR 0.0507 | valAUC 0.9884 | tau+ 0.500
[OUTPOST-v4] epoch 164: test-all ROC 0.6991 PR 0.3912 | unseen ROC 0.5083 PR 0.0492 | valAUC 0.9841 | tau+ 0.500
[OUTPOST-v4] epoch 165: test-all ROC 0.6914 PR 0.3923 | unseen ROC 0.4954 PR 0.0478 | valAUC 0.9879 | tau+ 0.500
[OUTPOST-v4] epoch 166: test-all ROC 0.6982 PR 0.3951 | unseen ROC 0.5071 PR 0.0491 | valAUC 0.9865 | tau+ 0.500
[OUTPOST-v4] epoch 167: test-all ROC 0.7083 PR 0.3916 | unseen ROC 0.5261 PR 0.0512 | valAUC 0.9855 | tau+ 0.500
[OUTPOST-v4] epoch 168: test-all ROC 0.7131 PR 0.3869 | unseen ROC 0.5344 PR 0.0521 | valAUC 0.9778 | tau+ 0.500
[OUTPOST-v4] epoch 169: test-all ROC 0.7040 PR 0.3898 | unseen ROC 0.5179 PR 0.0502 | valAUC 0.9821 | tau+ 0.500
[OUTPOST-v4] epoch 170: test-all ROC 0.6971 PR 0.3920 | unseen ROC 0.5054 PR 0.0488 | valAUC 0.9845 | tau+ 0.759
[OUTPOST-v4] epoch 171: test-all ROC 0.7102 PR 0.3931 | unseen ROC 0.5294 PR 0.0517 | valAUC 0.9802 | tau+ 0.500
[OUTPOST-v4] epoch 172: test-all ROC 0.7310 PR 0.3932 | unseen ROC 0.5639 PR 0.0562 | valAUC 0.9894 | tau+ 0.500
[OUTPOST-v4] epoch 173: test-all ROC 0.7300 PR 0.3953 | unseen ROC 0.5612 PR 0.0560 | valAUC 0.9879 | tau+ 0.500
[OUTPOST-v4] epoch 174: test-all ROC 0.7230 PR 0.3931 | unseen ROC 0.5505 PR 0.0541 | valAUC 0.9870 | tau+ 0.500
[OUTPOST-v4] epoch 175: test-all ROC 0.7153 PR 0.3923 | unseen ROC 0.5360 PR 0.0523 | valAUC 0.9845 | tau+ 0.500
[OUTPOST-v4] epoch 176: test-all ROC 0.7053 PR 0.3931 | unseen ROC 0.5186 PR 0.0502 | valAUC 0.9942 | tau+ 0.500
[OUTPOST-v4] epoch 177: test-all ROC 0.6998 PR 0.3895 | unseen ROC 0.5099 PR 0.0493 | valAUC 0.9845 | tau+ 0.500
[OUTPOST-v4] epoch 178: test-all ROC 0.6996 PR 0.3841 | unseen ROC 0.5114 PR 0.0496 | valAUC 0.9831 | tau+ 0.500
[OUTPOST-v4] epoch 179: test-all ROC 0.7032 PR 0.3877 | unseen ROC 0.5170 PR 0.0503 | valAUC 0.9821 | tau+ 0.500
[OUTPOST-v4] epoch 180: test-all ROC 0.7048 PR 0.3770 | unseen ROC 0.5216 PR 0.0506 | valAUC 0.9821 | tau+ 0.500
[OUTPOST-v4] epoch 181: test-all ROC 0.7102 PR 0.3801 | unseen ROC 0.5298 PR 0.0516 | valAUC 0.9807 | tau+ 0.500
[OUTPOST-v4] epoch 182: test-all ROC 0.7004 PR 0.3786 | unseen ROC 0.5160 PR 0.0501 | valAUC 0.9836 | tau+ 0.500
[OUTPOST-v4] epoch 183: test-all ROC 0.6985 PR 0.3766 | unseen ROC 0.5100 PR 0.0494 | valAUC 0.9845 | tau+ 0.500
[OUTPOST-v4] epoch 184: test-all ROC 0.7014 PR 0.3842 | unseen ROC 0.5146 PR 0.0498 | valAUC 0.9874 | tau+ 0.500
[OUTPOST-v4] epoch 185: test-all ROC 0.7110 PR 0.3833 | unseen ROC 0.5309 PR 0.0518 | valAUC 0.9850 | tau+ 0.500
[OUTPOST-v4] epoch 186: test-all ROC 0.7232 PR 0.3845 | unseen ROC 0.5523 PR 0.0545 | valAUC 0.9831 | tau+ 0.500
[OUTPOST-v4] epoch 187: test-all ROC 0.7312 PR 0.3903 | unseen ROC 0.5651 PR 0.0566 | valAUC 0.9831 | tau+ 0.500
[OUTPOST-v4] epoch 188: test-all ROC 0.7252 PR 0.3913 | unseen ROC 0.5541 PR 0.0546 | valAUC 0.9812 | tau+ 0.500
[OUTPOST-v4] epoch 189: test-all ROC 0.7182 PR 0.3899 | unseen ROC 0.5417 PR 0.0529 | valAUC 0.9841 | tau+ 0.500
[OUTPOST-v4] epoch 190: test-all ROC 0.7118 PR 0.3911 | unseen ROC 0.5304 PR 0.0516 | valAUC 0.9845 | tau+ 0.500
[OUTPOST-v4] epoch 191: test-all ROC 0.7073 PR 0.3900 | unseen ROC 0.5225 PR 0.0507 | valAUC 0.9850 | tau+ 0.626
[OUTPOST-v4] epoch 192: test-all ROC 0.7119 PR 0.3894 | unseen ROC 0.5299 PR 0.0515 | valAUC 0.9918 | tau+ 0.500
[OUTPOST-v4] epoch 193: test-all ROC 0.7163 PR 0.3923 | unseen ROC 0.5393 PR 0.0526 | valAUC 0.9865 | tau+ 0.500
[OUTPOST-v4] epoch 194: test-all ROC 0.7178 PR 0.3865 | unseen ROC 0.5419 PR 0.0530 | valAUC 0.9826 | tau+ 0.500
[OUTPOST-v4] epoch 195: test-all ROC 0.7154 PR 0.3862 | unseen ROC 0.5378 PR 0.0525 | valAUC 0.9855 | tau+ 0.500
[OUTPOST-v4] epoch 196: test-all ROC 0.7039 PR 0.3871 | unseen ROC 0.5184 PR 0.0503 | valAUC 0.9908 | tau+ 0.500
[OUTPOST-v4] epoch 197: test-all ROC 0.6963 PR 0.3818 | unseen ROC 0.5065 PR 0.0490 | valAUC 0.9845 | tau+ 0.500
[OUTPOST-v4] epoch 198: test-all ROC 0.6865 PR 0.3872 | unseen ROC 0.4882 PR 0.0471 | valAUC 0.9845 | tau+ 0.500
[OUTPOST-v4] epoch 199: test-all ROC 0.6834 PR 0.3844 | unseen ROC 0.4837 PR 0.0468 | valAUC 0.9845 | tau+ 0.500
[OUTPOST-v4] epoch 200: test-all ROC 0.6953 PR 0.3785 | unseen ROC 0.5062 PR 0.0490 | valAUC 0.9874 | tau+ 0.500
[OUTPOST-v4] epoch 201: test-all ROC 0.7052 PR 0.3811 | unseen ROC 0.5231 PR 0.0510 | valAUC 0.9816 | tau+ 0.500
[OUTPOST-v4] epoch 202: test-all ROC 0.6998 PR 0.3791 | unseen ROC 0.5127 PR 0.0498 | valAUC 0.9855 | tau+ 0.500
[OUTPOST-v4] epoch 203: test-all ROC 0.7003 PR 0.3852 | unseen ROC 0.5126 PR 0.0497 | valAUC 0.9879 | tau+ 0.500
[OUTPOST-v4] epoch 204: test-all ROC 0.6960 PR 0.3856 | unseen ROC 0.5053 PR 0.0490 | valAUC 0.9855 | tau+ 0.500
[OUTPOST-v4] epoch 205: test-all ROC 0.6927 PR 0.3871 | unseen ROC 0.4993 PR 0.0485 | valAUC 0.9884 | tau+ 0.500
[OUTPOST-v4] epoch 206: test-all ROC 0.7047 PR 0.3910 | unseen ROC 0.5198 PR 0.0507 | valAUC 0.9870 | tau+ 0.500
[OUTPOST-v4] epoch 207: test-all ROC 0.7034 PR 0.3828 | unseen ROC 0.5174 PR 0.0504 | valAUC 0.9870 | tau+ 0.500
[OUTPOST-v4] epoch 208: test-all ROC 0.7033 PR 0.3846 | unseen ROC 0.5188 PR 0.0505 | valAUC 0.9865 | tau+ 0.500
[OUTPOST-v4] epoch 209: test-all ROC 0.6993 PR 0.3883 | unseen ROC 0.5108 PR 0.0495 | valAUC 0.9816 | tau+ 0.542
[OUTPOST-v4] epoch 210: test-all ROC 0.6919 PR 0.3811 | unseen ROC 0.4995 PR 0.0483 | valAUC 0.9812 | tau+ 0.568
[OUTPOST-v4] epoch 211: test-all ROC 0.6980 PR 0.3826 | unseen ROC 0.5085 PR 0.0493 | valAUC 0.9831 | tau+ 0.500
[OUTPOST-v4] epoch 212: test-all ROC 0.7155 PR 0.3828 | unseen ROC 0.5383 PR 0.0525 | valAUC 0.9865 | tau+ 0.500
[OUTPOST-v4] epoch 213: test-all ROC 0.7195 PR 0.3791 | unseen ROC 0.5466 PR 0.0539 | valAUC 0.9850 | tau+ 0.500
[OUTPOST-v4] epoch 214: test-all ROC 0.7135 PR 0.3822 | unseen ROC 0.5356 PR 0.0525 | valAUC 0.9836 | tau+ 0.500
[OUTPOST-v4] epoch 215: test-all ROC 0.7044 PR 0.3841 | unseen ROC 0.5190 PR 0.0503 | valAUC 0.9913 | tau+ 0.500
[OUTPOST-v4] epoch 216: test-all ROC 0.6931 PR 0.3771 | unseen ROC 0.4996 PR 0.0483 | valAUC 0.9860 | tau+ 0.500
[OUTPOST-v4] epoch 217: test-all ROC 0.7028 PR 0.3836 | unseen ROC 0.5168 PR 0.0503 | valAUC 0.9841 | tau+ 0.545
[OUTPOST-v4] epoch 218: test-all ROC 0.7092 PR 0.3872 | unseen ROC 0.5267 PR 0.0515 | valAUC 0.9860 | tau+ 0.500
[OUTPOST-v4] epoch 219: test-all ROC 0.7167 PR 0.3832 | unseen ROC 0.5402 PR 0.0532 | valAUC 0.9865 | tau+ 0.500
[OUTPOST-v4] epoch 220: test-all ROC 0.7221 PR 0.3910 | unseen ROC 0.5486 PR 0.0544 | valAUC 0.9841 | tau+ 0.500
[OUTPOST-v4] epoch 221: test-all ROC 0.7128 PR 0.3832 | unseen ROC 0.5338 PR 0.0523 | valAUC 0.9903 | tau+ 0.500
[OUTPOST-v4] epoch 222: test-all ROC 0.6996 PR 0.3830 | unseen ROC 0.5101 PR 0.0495 | valAUC 0.9913 | tau+ 0.500
[OUTPOST-v4] epoch 223: test-all ROC 0.6944 PR 0.3763 | unseen ROC 0.5026 PR 0.0487 | valAUC 0.9908 | tau+ 0.500
[OUTPOST-v4] epoch 224: test-all ROC 0.6995 PR 0.3819 | unseen ROC 0.5127 PR 0.0499 | valAUC 0.9870 | tau+ 0.500
[OUTPOST-v4] epoch 225: test-all ROC 0.7128 PR 0.3798 | unseen ROC 0.5346 PR 0.0525 | valAUC 0.9865 | tau+ 0.500
[OUTPOST-v4] epoch 226: test-all ROC 0.7117 PR 0.3812 | unseen ROC 0.5333 PR 0.0522 | valAUC 0.9831 | tau+ 0.500
[OUTPOST-v4] epoch 227: test-all ROC 0.7051 PR 0.3804 | unseen ROC 0.5220 PR 0.0509 | valAUC 0.9845 | tau+ 0.500
[OUTPOST-v4] epoch 228: test-all ROC 0.6995 PR 0.3846 | unseen ROC 0.5105 PR 0.0496 | valAUC 0.9855 | tau+ 0.500
[OUTPOST-v4] epoch 229: test-all ROC 0.6963 PR 0.3822 | unseen ROC 0.5067 PR 0.0491 | valAUC 0.9831 | tau+ 0.500
[OUTPOST-v4] epoch 230: test-all ROC 0.7034 PR 0.3808 | unseen ROC 0.5186 PR 0.0506 | valAUC 0.9720 | tau+ 0.500
[OUTPOST-v4] epoch 231: test-all ROC 0.7200 PR 0.3774 | unseen ROC 0.5471 PR 0.0539 | valAUC 0.9802 | tau+ 0.500
[OUTPOST-v4] epoch 232: test-all ROC 0.7369 PR 0.3761 | unseen ROC 0.5771 PR 0.0580 | valAUC 0.9783 | tau+ 0.500
[OUTPOST-v4] epoch 233: test-all ROC 0.7395 PR 0.3728 | unseen ROC 0.5819 PR 0.0585 | valAUC 0.9841 | tau+ 0.500
[OUTPOST-v4] epoch 234: test-all ROC 0.7299 PR 0.3762 | unseen ROC 0.5661 PR 0.0562 | valAUC 0.9758 | tau+ 0.500
[OUTPOST-v4] epoch 235: test-all ROC 0.7241 PR 0.3794 | unseen ROC 0.5543 PR 0.0547 | valAUC 0.9874 | tau+ 0.500
[OUTPOST-v4] epoch 236: test-all ROC 0.7126 PR 0.3740 | unseen ROC 0.5346 PR 0.0522 | valAUC 0.9903 | tau+ 0.500
[OUTPOST-v4] epoch 237: test-all ROC 0.6990 PR 0.3711 | unseen ROC 0.5119 PR 0.0497 | valAUC 0.9850 | tau+ 0.500
[OUTPOST-v4] epoch 238: test-all ROC 0.6991 PR 0.3764 | unseen ROC 0.5117 PR 0.0497 | valAUC 0.9831 | tau+ 0.500
[OUTPOST-v4] epoch 239: test-all ROC 0.6945 PR 0.3759 | unseen ROC 0.5047 PR 0.0489 | valAUC 0.9874 | tau+ 0.500
[OUTPOST-v4] epoch 240: test-all ROC 0.7011 PR 0.3745 | unseen ROC 0.5152 PR 0.0500 | valAUC 0.9889 | tau+ 0.500
[OUTPOST-v4] epoch 241: test-all ROC 0.6995 PR 0.3735 | unseen ROC 0.5126 PR 0.0500 | valAUC 0.9841 | tau+ 0.500
[OUTPOST-v4] epoch 242: test-all ROC 0.6988 PR 0.3673 | unseen ROC 0.5134 PR 0.0500 | valAUC 0.9855 | tau+ 0.500
[OUTPOST-v4] epoch 243: test-all ROC 0.6900 PR 0.3707 | unseen ROC 0.4969 PR 0.0483 | valAUC 0.9850 | tau+ 0.500
[OUTPOST-v4] epoch 244: test-all ROC 0.6900 PR 0.3691 | unseen ROC 0.4966 PR 0.0482 | valAUC 0.9807 | tau+ 0.613
[OUTPOST-v4] epoch 245: test-all ROC 0.6892 PR 0.3764 | unseen ROC 0.4944 PR 0.0481 | valAUC 0.9850 | tau+ 0.701
[OUTPOST-v4] epoch 246: test-all ROC 0.7122 PR 0.3703 | unseen ROC 0.5354 PR 0.0526 | valAUC 0.9778 | tau+ 0.507
[OUTPOST-v4] epoch 247: test-all ROC 0.7237 PR 0.3703 | unseen ROC 0.5555 PR 0.0554 | valAUC 0.9787 | tau+ 0.500
[OUTPOST-v4] epoch 248: test-all ROC 0.7265 PR 0.3785 | unseen ROC 0.5588 PR 0.0561 | valAUC 0.9744 | tau+ 0.500
[OUTPOST-v4] epoch 249: test-all ROC 0.7219 PR 0.3742 | unseen ROC 0.5512 PR 0.0550 | valAUC 0.9836 | tau+ 0.500
[OUTPOST-v4] epoch 250: test-all ROC 0.7104 PR 0.3763 | unseen ROC 0.5339 PR 0.0525 | valAUC 0.9821 | tau+ 0.508
[OUTPOST-v4] epoch 251: test-all ROC 0.7125 PR 0.3765 | unseen ROC 0.5358 PR 0.0528 | valAUC 0.9831 | tau+ 0.537
[OUTPOST-v4] epoch 252: test-all ROC 0.7124 PR 0.3708 | unseen ROC 0.5355 PR 0.0526 | valAUC 0.9879 | tau+ 0.500
[OUTPOST-v4] epoch 253: test-all ROC 0.7116 PR 0.3777 | unseen ROC 0.5335 PR 0.0524 | valAUC 0.9860 | tau+ 0.500
[OUTPOST-v4] epoch 254: test-all ROC 0.7154 PR 0.3778 | unseen ROC 0.5396 PR 0.0531 | valAUC 0.9874 | tau+ 0.500
[OUTPOST-v4] epoch 255: test-all ROC 0.7118 PR 0.3744 | unseen ROC 0.5332 PR 0.0527 | valAUC 0.9816 | tau+ 0.500
[OUTPOST-v4] epoch 256: test-all ROC 0.7088 PR 0.3674 | unseen ROC 0.5291 PR 0.0517 | valAUC 0.9836 | tau+ 0.533
[OUTPOST-v4] epoch 257: test-all ROC 0.7058 PR 0.3733 | unseen ROC 0.5233 PR 0.0510 | valAUC 0.9865 | tau+ 0.533
[OUTPOST-v4] epoch 258: test-all ROC 0.7072 PR 0.3746 | unseen ROC 0.5254 PR 0.0514 | valAUC 0.9821 | tau+ 0.577
[OUTPOST-v4] epoch 259: test-all ROC 0.7068 PR 0.3706 | unseen ROC 0.5259 PR 0.0514 | valAUC 0.9841 | tau+ 0.560
[OUTPOST-v4] epoch 260: test-all ROC 0.7137 PR 0.3736 | unseen ROC 0.5365 PR 0.0529 | valAUC 0.9676 | tau+ 0.502
[OUTPOST-v4] epoch 261: test-all ROC 0.7113 PR 0.3719 | unseen ROC 0.5316 PR 0.0520 | valAUC 0.9821 | tau+ 0.562
[OUTPOST-v4] epoch 262: test-all ROC 0.7071 PR 0.3705 | unseen ROC 0.5249 PR 0.0511 | valAUC 0.9860 | tau+ 0.606
[OUTPOST-v4] epoch 263: test-all ROC 0.7092 PR 0.3750 | unseen ROC 0.5276 PR 0.0515 | valAUC 0.9894 | tau+ 0.606
[OUTPOST-v4] epoch 264: test-all ROC 0.7067 PR 0.3728 | unseen ROC 0.5240 PR 0.0510 | valAUC 0.9836 | tau+ 0.560
[OUTPOST-v4] epoch 265: test-all ROC 0.7050 PR 0.3709 | unseen ROC 0.5225 PR 0.0508 | valAUC 0.9816 | tau+ 0.674
[OUTPOST-v4] epoch 266: test-all ROC 0.7227 PR 0.3758 | unseen ROC 0.5540 PR 0.0549 | valAUC 0.9865 | tau+ 0.500
[OUTPOST-v4] epoch 267: test-all ROC 0.7318 PR 0.3711 | unseen ROC 0.5686 PR 0.0573 | valAUC 0.9874 | tau+ 0.500
[OUTPOST-v4] epoch 268: test-all ROC 0.7245 PR 0.3666 | unseen ROC 0.5569 PR 0.0556 | valAUC 0.9855 | tau+ 0.500
[OUTPOST-v4] epoch 269: test-all ROC 0.7179 PR 0.3668 | unseen ROC 0.5455 PR 0.0541 | valAUC 0.9865 | tau+ 0.575
[OUTPOST-v4] epoch 270: test-all ROC 0.6979 PR 0.3656 | unseen ROC 0.5101 PR 0.0498 | valAUC 0.9681 | tau+ 0.753
[OUTPOST-v4] epoch 271: test-all ROC 0.7022 PR 0.3629 | unseen ROC 0.5194 PR 0.0509 | valAUC 0.9758 | tau+ 0.500
[OUTPOST-v4] epoch 272: test-all ROC 0.7187 PR 0.3670 | unseen ROC 0.5476 PR 0.0542 | valAUC 0.9797 | tau+ 0.631
[OUTPOST-v4] epoch 273: test-all ROC 0.7321 PR 0.3684 | unseen ROC 0.5706 PR 0.0576 | valAUC 0.9845 | tau+ 0.518
[OUTPOST-v4] epoch 274: test-all ROC 0.7302 PR 0.3752 | unseen ROC 0.5645 PR 0.0565 | valAUC 0.9807 | tau+ 0.551
[OUTPOST-v4] epoch 275: test-all ROC 0.7204 PR 0.3750 | unseen ROC 0.5473 PR 0.0537 | valAUC 0.9855 | tau+ 0.642
[OUTPOST-v4] epoch 276: test-all ROC 0.7062 PR 0.3763 | unseen ROC 0.5237 PR 0.0507 | valAUC 0.9889 | tau+ 0.764
[OUTPOST-v4] epoch 277: test-all ROC 0.7219 PR 0.3739 | unseen ROC 0.5498 PR 0.0541 | valAUC 0.9845 | tau+ 0.700
[OUTPOST-v4] epoch 278: test-all ROC 0.7281 PR 0.3694 | unseen ROC 0.5628 PR 0.0559 | valAUC 0.9826 | tau+ 0.664
[OUTPOST-v4] epoch 279: test-all ROC 0.7294 PR 0.3685 | unseen ROC 0.5650 PR 0.0564 | valAUC 0.9816 | tau+ 0.685
[OUTPOST-v4] epoch 280: test-all ROC 0.7347 PR 0.3671 | unseen ROC 0.5739 PR 0.0581 | valAUC 0.9768 | tau+ 0.767
[OUTPOST-v4] epoch 281: test-all ROC 0.7261 PR 0.3630 | unseen ROC 0.5598 PR 0.0561 | valAUC 0.9768 | tau+ 0.847
[OUTPOST-v4] epoch 282: test-all ROC 0.7201 PR 0.3687 | unseen ROC 0.5482 PR 0.0543 | valAUC 0.9792 | tau+ 0.887
[OUTPOST-v4] epoch 283: test-all ROC 0.7186 PR 0.3674 | unseen ROC 0.5479 PR 0.0545 | valAUC 0.9725 | tau+ 0.694
[OUTPOST-v4] epoch 284: test-all ROC 0.7379 PR 0.3702 | unseen ROC 0.5797 PR 0.0590 | valAUC 0.9749 | tau+ 0.500
[OUTPOST-v4] epoch 285: test-all ROC 0.7228 PR 0.3652 | unseen ROC 0.5558 PR 0.0555 | valAUC 0.9758 | tau+ 0.866
[OUTPOST-v4] epoch 286: test-all ROC 0.7132 PR 0.3624 | unseen ROC 0.5388 PR 0.0531 | valAUC 0.9816 | tau+ 0.881
[OUTPOST-v4] epoch 287: test-all ROC 0.7206 PR 0.3677 | unseen ROC 0.5512 PR 0.0548 | valAUC 0.9792 | tau+ 0.840
[OUTPOST-v4] epoch 288: test-all ROC 0.7297 PR 0.3720 | unseen ROC 0.5652 PR 0.0563 | valAUC 0.9797 | tau+ 0.790
[OUTPOST-v4] epoch 289: test-all ROC 0.7212 PR 0.3710 | unseen ROC 0.5508 PR 0.0544 | valAUC 0.9841 | tau+ 0.782
[OUTPOST-v4] epoch 290: test-all ROC 0.7226 PR 0.3716 | unseen ROC 0.5524 PR 0.0545 | valAUC 0.9729 | tau+ 0.740
[OUTPOST-v4] epoch 291: test-all ROC 0.7186 PR 0.3731 | unseen ROC 0.5482 PR 0.0539 | valAUC 0.9816 | tau+ 0.684
[OUTPOST-v4] epoch 292: test-all ROC 0.7247 PR 0.3763 | unseen ROC 0.5552 PR 0.0549 | valAUC 0.9812 | tau+ 0.672
[OUTPOST-v4] epoch 293: test-all ROC 0.7158 PR 0.3806 | unseen ROC 0.5400 PR 0.0527 | valAUC 0.9899 | tau+ 0.592
[OUTPOST-v4] epoch 294: test-all ROC 0.7201 PR 0.3770 | unseen ROC 0.5467 PR 0.0536 | valAUC 0.9836 | tau+ 0.536
[OUTPOST-v4] epoch 295: test-all ROC 0.7060 PR 0.3771 | unseen ROC 0.5232 PR 0.0509 | valAUC 0.9831 | tau+ 0.605
[OUTPOST-v4] epoch 296: test-all ROC 0.6979 PR 0.3754 | unseen ROC 0.5095 PR 0.0494 | valAUC 0.9802 | tau+ 0.677
[OUTPOST-v4] epoch 297: test-all ROC 0.6946 PR 0.3771 | unseen ROC 0.5027 PR 0.0487 | valAUC 0.9821 | tau+ 0.666
[OUTPOST-v4] epoch 298: test-all ROC 0.6956 PR 0.3769 | unseen ROC 0.5049 PR 0.0491 | valAUC 0.9797 | tau+ 0.656
[OUTPOST-v4] epoch 299: test-all ROC 0.7056 PR 0.3724 | unseen ROC 0.5232 PR 0.0512 | valAUC 0.9802 | tau+ 0.590
[OUTPOST-v4] epoch 300: test-all ROC 0.7172 PR 0.3800 | unseen ROC 0.5432 PR 0.0539 | valAUC 0.9792 | tau+ 0.503
[OUTPOST-v4] epoch 301: test-all ROC 0.7142 PR 0.3694 | unseen ROC 0.5382 PR 0.0530 | valAUC 0.9826 | tau+ 0.565
[OUTPOST-v4] epoch 302: test-all ROC 0.7169 PR 0.3778 | unseen ROC 0.5423 PR 0.0535 | valAUC 0.9816 | tau+ 0.629
[OUTPOST-v4] epoch 303: test-all ROC 0.7161 PR 0.3758 | unseen ROC 0.5404 PR 0.0535 | valAUC 0.9821 | tau+ 0.665
[OUTPOST-v4] epoch 304: test-all ROC 0.7228 PR 0.3762 | unseen ROC 0.5521 PR 0.0551 | valAUC 0.9812 | tau+ 0.671
[OUTPOST-v4] epoch 305: test-all ROC 0.7264 PR 0.3730 | unseen ROC 0.5574 PR 0.0552 | valAUC 0.9845 | tau+ 0.696
[OUTPOST-v4] epoch 306: test-all ROC 0.7330 PR 0.3723 | unseen ROC 0.5705 PR 0.0571 | valAUC 0.9836 | tau+ 0.744
[OUTPOST-v4] epoch 307: test-all ROC 0.7374 PR 0.3753 | unseen ROC 0.5781 PR 0.0583 | valAUC 0.9821 | tau+ 0.763
[OUTPOST-v4] epoch 308: test-all ROC 0.7276 PR 0.3654 | unseen ROC 0.5609 PR 0.0557 | valAUC 0.9812 | tau+ 0.827
[OUTPOST-v4] epoch 309: test-all ROC 0.7351 PR 0.3718 | unseen ROC 0.5739 PR 0.0581 | valAUC 0.9879 | tau+ 0.805
[OUTPOST-v4] epoch 310: test-all ROC 0.7423 PR 0.3708 | unseen ROC 0.5873 PR 0.0597 | valAUC 0.9773 | tau+ 0.767
[OUTPOST-v4] epoch 311: test-all ROC 0.7442 PR 0.3780 | unseen ROC 0.5903 PR 0.0603 | valAUC 0.9797 | tau+ 0.733
[OUTPOST-v4] epoch 312: test-all ROC 0.7371 PR 0.3696 | unseen ROC 0.5785 PR 0.0581 | valAUC 0.9836 | tau+ 0.692
[OUTPOST-v4] epoch 313: test-all ROC 0.7307 PR 0.3759 | unseen ROC 0.5661 PR 0.0565 | valAUC 0.9855 | tau+ 0.725
[OUTPOST-v4] epoch 314: test-all ROC 0.7260 PR 0.3752 | unseen ROC 0.5585 PR 0.0554 | valAUC 0.9778 | tau+ 0.744
[OUTPOST-v4] epoch 315: test-all ROC 0.7244 PR 0.3770 | unseen ROC 0.5550 PR 0.0551 | valAUC 0.9874 | tau+ 0.710
[OUTPOST-v4] epoch 316: test-all ROC 0.7204 PR 0.3779 | unseen ROC 0.5468 PR 0.0540 | valAUC 0.9855 | tau+ 0.734
[OUTPOST-v4] epoch 317: test-all ROC 0.7219 PR 0.3774 | unseen ROC 0.5499 PR 0.0543 | valAUC 0.9758 | tau+ 0.742
[OUTPOST-v4] epoch 318: test-all ROC 0.7242 PR 0.3759 | unseen ROC 0.5549 PR 0.0550 | valAUC 0.9894 | tau+ 0.701
[OUTPOST-v4] epoch 319: test-all ROC 0.7356 PR 0.3783 | unseen ROC 0.5742 PR 0.0576 | valAUC 0.9802 | tau+ 0.589
[OUTPOST-v4] epoch 320: test-all ROC 0.7335 PR 0.3750 | unseen ROC 0.5706 PR 0.0574 | valAUC 0.9816 | tau+ 0.532
[OUTPOST-v4] epoch 321: test-all ROC 0.7215 PR 0.3667 | unseen ROC 0.5515 PR 0.0549 | valAUC 0.9754 | tau+ 0.625
[OUTPOST-v4] epoch 322: test-all ROC 0.7066 PR 0.3704 | unseen ROC 0.5258 PR 0.0514 | valAUC 0.9797 | tau+ 0.783
[OUTPOST-v4] epoch 323: test-all ROC 0.7037 PR 0.3681 | unseen ROC 0.5223 PR 0.0510 | valAUC 0.9826 | tau+ 0.560
[OUTPOST-v4] epoch 324: test-all ROC 0.7021 PR 0.3691 | unseen ROC 0.5183 PR 0.0507 | valAUC 0.9821 | tau+ 0.760
[OUTPOST-v4] epoch 325: test-all ROC 0.7194 PR 0.3673 | unseen ROC 0.5494 PR 0.0543 | valAUC 0.9744 | tau+ 0.658
[OUTPOST-v4] epoch 326: test-all ROC 0.7138 PR 0.3601 | unseen ROC 0.5394 PR 0.0533 | valAUC 0.9734 | tau+ 0.693
[OUTPOST-v4] epoch 327: test-all ROC 0.7157 PR 0.3630 | unseen ROC 0.5433 PR 0.0539 | valAUC 0.9671 | tau+ 0.679
[OUTPOST-v4] epoch 328: test-all ROC 0.7139 PR 0.3653 | unseen ROC 0.5402 PR 0.0532 | valAUC 0.9725 | tau+ 0.681
[OUTPOST-v4] epoch 329: test-all ROC 0.7238 PR 0.3654 | unseen ROC 0.5556 PR 0.0551 | valAUC 0.9734 | tau+ 0.684
[OUTPOST-v4] epoch 330: test-all ROC 0.7308 PR 0.3726 | unseen ROC 0.5673 PR 0.0568 | valAUC 0.9874 | tau+ 0.636
[OUTPOST-v4] epoch 331: test-all ROC 0.7388 PR 0.3785 | unseen ROC 0.5797 PR 0.0588 | valAUC 0.9768 | tau+ 0.578
[OUTPOST-v4] epoch 332: test-all ROC 0.7240 PR 0.3762 | unseen ROC 0.5557 PR 0.0555 | valAUC 0.9816 | tau+ 0.717
[OUTPOST-v4] epoch 333: test-all ROC 0.7222 PR 0.3767 | unseen ROC 0.5519 PR 0.0545 | valAUC 0.9836 | tau+ 0.805
[OUTPOST-v4] epoch 334: test-all ROC 0.7373 PR 0.3696 | unseen ROC 0.5793 PR 0.0588 | valAUC 0.9676 | tau+ 0.691
[OUTPOST-v4] epoch 335: test-all ROC 0.7509 PR 0.3681 | unseen ROC 0.6031 PR 0.0638 | valAUC 0.9686 | tau+ 0.576
[OUTPOST-v4] epoch 336: test-all ROC 0.7548 PR 0.3676 | unseen ROC 0.6103 PR 0.0651 | valAUC 0.9797 | tau+ 0.508
[OUTPOST-v4] epoch 337: test-all ROC 0.7457 PR 0.3671 | unseen ROC 0.5939 PR 0.0612 | valAUC 0.9841 | tau+ 0.612
[OUTPOST-v4] epoch 338: test-all ROC 0.7236 PR 0.3655 | unseen ROC 0.5548 PR 0.0550 | valAUC 0.9841 | tau+ 0.800
[OUTPOST-v4] epoch 339: test-all ROC 0.7132 PR 0.3727 | unseen ROC 0.5363 PR 0.0527 | valAUC 0.9841 | tau+ 0.878
[OUTPOST-v4] epoch 340: test-all ROC 0.7211 PR 0.3680 | unseen ROC 0.5496 PR 0.0543 | valAUC 0.9826 | tau+ 0.839
[OUTPOST-v4] epoch 341: test-all ROC 0.7397 PR 0.3624 | unseen ROC 0.5838 PR 0.0594 | valAUC 0.9850 | tau+ 0.598
[OUTPOST-v4] epoch 342: test-all ROC 0.7548 PR 0.3613 | unseen ROC 0.6095 PR 0.0634 | valAUC 0.9826 | tau+ 0.500
[OUTPOST-v4] epoch 343: test-all ROC 0.7561 PR 0.3641 | unseen ROC 0.6119 PR 0.0642 | valAUC 0.9807 | tau+ 0.519
[OUTPOST-v4] epoch 344: test-all ROC 0.7417 PR 0.3749 | unseen ROC 0.5853 PR 0.0594 | valAUC 0.9754 | tau+ 0.727
[OUTPOST-v4] epoch 345: test-all ROC 0.7208 PR 0.3722 | unseen ROC 0.5492 PR 0.0543 | valAUC 0.9855 | tau+ 0.895
[OUTPOST-v4] epoch 346: test-all ROC 0.7160 PR 0.3716 | unseen ROC 0.5409 PR 0.0532 | valAUC 0.9816 | tau+ 0.918
[OUTPOST-v4] epoch 347: test-all ROC 0.7337 PR 0.3769 | unseen ROC 0.5722 PR 0.0575 | valAUC 0.9787 | tau+ 0.752
[OUTPOST-v4] epoch 348: test-all ROC 0.7549 PR 0.3782 | unseen ROC 0.6082 PR 0.0631 | valAUC 0.9797 | tau+ 0.708
[OUTPOST-v4] epoch 349: test-all ROC 0.7595 PR 0.3842 | unseen ROC 0.6187 PR 0.0651 | valAUC 0.9802 | tau+ 0.664
[OUTPOST-v4] epoch 350: test-all ROC 0.7349 PR 0.3793 | unseen ROC 0.5746 PR 0.0581 | valAUC 0.9749 | tau+ 0.810
[OUTPOST-v4] epoch 351: test-all ROC 0.7183 PR 0.3760 | unseen ROC 0.5446 PR 0.0534 | valAUC 0.9850 | tau+ 0.916
[OUTPOST-v4] epoch 352: test-all ROC 0.7169 PR 0.3733 | unseen ROC 0.5433 PR 0.0533 | valAUC 0.9860 | tau+ 0.897
[OUTPOST-v4] epoch 353: test-all ROC 0.7334 PR 0.3762 | unseen ROC 0.5715 PR 0.0575 | valAUC 0.9821 | tau+ 0.500
[OUTPOST-v4] epoch 354: test-all ROC 0.7351 PR 0.3693 | unseen ROC 0.5747 PR 0.0581 | valAUC 0.9734 | tau+ 0.576
[OUTPOST-v4] epoch 355: test-all ROC 0.7397 PR 0.3756 | unseen ROC 0.5826 PR 0.0590 | valAUC 0.9816 | tau+ 0.790
[OUTPOST-v4] epoch 356: test-all ROC 0.7300 PR 0.3640 | unseen ROC 0.5662 PR 0.0566 | valAUC 0.9744 | tau+ 0.912
[OUTPOST-v4] epoch 357: test-all ROC 0.7319 PR 0.3691 | unseen ROC 0.5702 PR 0.0568 | valAUC 0.9763 | tau+ 0.919
[OUTPOST-v4] epoch 358: test-all ROC 0.7352 PR 0.3656 | unseen ROC 0.5755 PR 0.0581 | valAUC 0.9797 | tau+ 0.500
[OUTPOST-v4] epoch 359: test-all ROC 0.7327 PR 0.3626 | unseen ROC 0.5736 PR 0.0583 | valAUC 0.9754 | tau+ 0.817
[OUTPOST-v4] epoch 360: test-all ROC 0.7461 PR 0.3653 | unseen ROC 0.5943 PR 0.0609 | valAUC 0.9739 | tau+ 0.817
[OUTPOST-v4] epoch 361: test-all ROC 0.7489 PR 0.3637 | unseen ROC 0.5996 PR 0.0620 | valAUC 0.9812 | tau+ 0.772
[OUTPOST-v4] epoch 362: test-all ROC 0.7480 PR 0.3742 | unseen ROC 0.5977 PR 0.0616 | valAUC 0.9845 | tau+ 0.707
[OUTPOST-v4] epoch 363: test-all ROC 0.7507 PR 0.3724 | unseen ROC 0.6012 PR 0.0620 | valAUC 0.9797 | tau+ 0.725
[OUTPOST-v4] epoch 364: test-all ROC 0.7357 PR 0.3793 | unseen ROC 0.5737 PR 0.0578 | valAUC 0.9749 | tau+ 0.788
[OUTPOST-v4] epoch 365: test-all ROC 0.7258 PR 0.3798 | unseen ROC 0.5565 PR 0.0550 | valAUC 0.9874 | tau+ 0.852
[OUTPOST-v4] epoch 366: test-all ROC 0.7217 PR 0.3790 | unseen ROC 0.5491 PR 0.0541 | valAUC 0.9855 | tau+ 0.844
[OUTPOST-v4] epoch 367: test-all ROC 0.7295 PR 0.3776 | unseen ROC 0.5625 PR 0.0559 | valAUC 0.9831 | tau+ 0.783
[OUTPOST-v4] epoch 368: test-all ROC 0.7298 PR 0.3770 | unseen ROC 0.5667 PR 0.0568 | valAUC 0.9826 | tau+ 0.567
[OUTPOST-v4] epoch 369: test-all ROC 0.7323 PR 0.3755 | unseen ROC 0.5685 PR 0.0571 | valAUC 0.9787 | tau+ 0.632
[OUTPOST-v4] epoch 370: test-all ROC 0.7318 PR 0.3788 | unseen ROC 0.5689 PR 0.0571 | valAUC 0.9787 | tau+ 0.612
[OUTPOST-v4] epoch 371: test-all ROC 0.7258 PR 0.3727 | unseen ROC 0.5585 PR 0.0555 | valAUC 0.9831 | tau+ 0.713
[OUTPOST-v4] epoch 372: test-all ROC 0.7219 PR 0.3836 | unseen ROC 0.5511 PR 0.0546 | valAUC 0.9889 | tau+ 0.769
[OUTPOST-v4] epoch 373: test-all ROC 0.7268 PR 0.3741 | unseen ROC 0.5597 PR 0.0557 | valAUC 0.9845 | tau+ 0.795
[OUTPOST-v4] epoch 374: test-all ROC 0.7290 PR 0.3796 | unseen ROC 0.5624 PR 0.0560 | valAUC 0.9845 | tau+ 0.801
[OUTPOST-v4] epoch 375: test-all ROC 0.7403 PR 0.3820 | unseen ROC 0.5812 PR 0.0585 | valAUC 0.9836 | tau+ 0.776
[OUTPOST-v4] epoch 376: test-all ROC 0.7327 PR 0.3828 | unseen ROC 0.5677 PR 0.0564 | valAUC 0.9807 | tau+ 0.847
[OUTPOST-v4] epoch 377: test-all ROC 0.7252 PR 0.3795 | unseen ROC 0.5557 PR 0.0550 | valAUC 0.9884 | tau+ 0.906
[OUTPOST-v4] epoch 378: test-all ROC 0.7412 PR 0.3821 | unseen ROC 0.5832 PR 0.0587 | valAUC 0.9836 | tau+ 0.561
[OUTPOST-v4] epoch 379: test-all ROC 0.7430 PR 0.3791 | unseen ROC 0.5881 PR 0.0597 | valAUC 0.9783 | tau+ 0.754
[OUTPOST-v4] epoch 380: test-all ROC 0.7382 PR 0.3693 | unseen ROC 0.5806 PR 0.0587 | valAUC 0.9802 | tau+ 0.716
[OUTPOST-v4] epoch 381: test-all ROC 0.7421 PR 0.3834 | unseen ROC 0.5849 PR 0.0596 | valAUC 0.9768 | tau+ 0.712
[OUTPOST-v4] epoch 382: test-all ROC 0.7358 PR 0.3765 | unseen ROC 0.5750 PR 0.0579 | valAUC 0.9812 | tau+ 0.727
[OUTPOST-v4] epoch 383: test-all ROC 0.7295 PR 0.3726 | unseen ROC 0.5641 PR 0.0560 | valAUC 0.9826 | tau+ 0.790
[OUTPOST-v4] epoch 384: test-all ROC 0.7339 PR 0.3777 | unseen ROC 0.5713 PR 0.0570 | valAUC 0.9816 | tau+ 0.723
[OUTPOST-v4] epoch 385: test-all ROC 0.7491 PR 0.3668 | unseen ROC 0.5984 PR 0.0611 | valAUC 0.9763 | tau+ 0.553
[OUTPOST-v4] epoch 386: test-all ROC 0.7557 PR 0.3728 | unseen ROC 0.6113 PR 0.0636 | valAUC 0.9700 | tau+ 0.500
[OUTPOST-v4] epoch 387: test-all ROC 0.7503 PR 0.3754 | unseen ROC 0.5991 PR 0.0615 | valAUC 0.9749 | tau+ 0.500
[OUTPOST-v4] epoch 388: test-all ROC 0.7428 PR 0.3750 | unseen ROC 0.5859 PR 0.0592 | valAUC 0.9763 | tau+ 0.587
[OUTPOST-v4] epoch 389: test-all ROC 0.7249 PR 0.3744 | unseen ROC 0.5553 PR 0.0550 | valAUC 0.9870 | tau+ 0.815
[OUTPOST-v4] epoch 390: test-all ROC 0.7272 PR 0.3727 | unseen ROC 0.5597 PR 0.0554 | valAUC 0.9812 | tau+ 0.809
[OUTPOST-v4] epoch 391: test-all ROC 0.7308 PR 0.3738 | unseen ROC 0.5666 PR 0.0566 | valAUC 0.9879 | tau+ 0.648
[OUTPOST-v4] epoch 392: test-all ROC 0.7420 PR 0.3713 | unseen ROC 0.5849 PR 0.0590 | valAUC 0.9826 | tau+ 0.656
[OUTPOST-v4] epoch 393: test-all ROC 0.7360 PR 0.3634 | unseen ROC 0.5772 PR 0.0584 | valAUC 0.9836 | tau+ 0.623
[OUTPOST-v4] epoch 394: test-all ROC 0.7364 PR 0.3686 | unseen ROC 0.5766 PR 0.0583 | valAUC 0.9826 | tau+ 0.669
[OUTPOST-v4] epoch 395: test-all ROC 0.7257 PR 0.3635 | unseen ROC 0.5584 PR 0.0551 | valAUC 0.9826 | tau+ 0.787
[OUTPOST-v4] epoch 396: test-all ROC 0.7152 PR 0.3717 | unseen ROC 0.5393 PR 0.0528 | valAUC 0.9865 | tau+ 0.810
[OUTPOST-v4] epoch 397: test-all ROC 0.7274 PR 0.3740 | unseen ROC 0.5609 PR 0.0557 | valAUC 0.9874 | tau+ 0.712
[OUTPOST-v4] epoch 398: test-all ROC 0.7437 PR 0.3708 | unseen ROC 0.5885 PR 0.0596 | valAUC 0.9744 | tau+ 0.611
[OUTPOST-v4] epoch 399: test-all ROC 0.7548 PR 0.3807 | unseen ROC 0.6064 PR 0.0627 | valAUC 0.9744 | tau+ 0.500
  rotation 7: ROC 0.7595 PR 0.3986
[photo] params 114113, peak GPU 2.93 GB, 25.8 min total

[photo] AGGREGATE  best-over-epochs: ROC 0.8357 PR 0.5279
[photo] AGGREGATE  val-selected:     ROC 0.7460 PR 0.4657
row appended to results/results.csv
