# gpu=3 cmd=/usr/bin/python3 -u main.py --dataset computers --seed 3 --method outpost --tag E400_outpost --rotations 9 --set num_epochs=400
/nas/home/jahin/.local/lib/python3.10/site-packages/requests/__init__.py:113: RequestsDependencyWarning: urllib3 (1.26.5) or chardet (7.2.0)/charset_normalizer (3.4.4) doesn't match a supported version!
  warnings.warn(
[0.03170448 0.15575916 0.10282141 0.03941245 0.37507272 0.02239674
 0.03541303 0.05948226 0.1567772  0.02116056]
[computers] anomaly classes (rotations): [np.int64(0), np.int64(3), np.int64(5), np.int64(6), np.int64(9)]
[computers] running subset: [np.int64(9)]
Normal classes: [np.int64(1), np.int64(2), np.int64(4), np.int64(7), np.int64(8)] in computers
Building multi-layer GraphSage
[OUTPOST-v4] epoch 0: test-all ROC 0.4472 PR 0.1351 | unseen ROC 0.4555 PR 0.1244 | valAUC 0.3994 | tau+ 0.500
[OUTPOST-v4] epoch 1: test-all ROC 0.4559 PR 0.1373 | unseen ROC 0.4620 PR 0.1259 | valAUC 0.4644 | tau+ 0.500
[OUTPOST-v4] epoch 2: test-all ROC 0.4614 PR 0.1401 | unseen ROC 0.4671 PR 0.1285 | valAUC 0.4974 | tau+ 0.500
[OUTPOST-v4] epoch 3: test-all ROC 0.4587 PR 0.1393 | unseen ROC 0.4639 PR 0.1276 | valAUC 0.5124 | tau+ 0.500
[OUTPOST-v4] epoch 4: test-all ROC 0.4581 PR 0.1388 | unseen ROC 0.4632 PR 0.1272 | valAUC 0.4701 | tau+ 0.500
[OUTPOST-v4] epoch 5: test-all ROC 0.4633 PR 0.1403 | unseen ROC 0.4677 PR 0.1284 | valAUC 0.4853 | tau+ 0.500
[OUTPOST-v4] epoch 6: test-all ROC 0.4683 PR 0.1421 | unseen ROC 0.4717 PR 0.1299 | valAUC 0.5086 | tau+ 0.500
[OUTPOST-v4] epoch 7: test-all ROC 0.4725 PR 0.1434 | unseen ROC 0.4755 PR 0.1309 | valAUC 0.4934 | tau+ 0.500
[OUTPOST-v4] epoch 8: test-all ROC 0.4798 PR 0.1450 | unseen ROC 0.4825 PR 0.1326 | valAUC 0.5391 | tau+ 0.500
[OUTPOST-v4] epoch 9: test-all ROC 0.4913 PR 0.1482 | unseen ROC 0.4926 PR 0.1350 | valAUC 0.5402 | tau+ 0.500
[OUTPOST-v4] epoch 10: test-all ROC 0.5033 PR 0.1510 | unseen ROC 0.5033 PR 0.1372 | valAUC 0.5713 | tau+ 0.500
[OUTPOST-v4] epoch 11: test-all ROC 0.5308 PR 0.1604 | unseen ROC 0.5264 PR 0.1439 | valAUC 0.6494 | tau+ 0.500
[OUTPOST-v4] epoch 12: test-all ROC 0.5314 PR 0.1584 | unseen ROC 0.5257 PR 0.1419 | valAUC 0.6589 | tau+ 0.500
[OUTPOST-v4] epoch 13: test-all ROC 0.5542 PR 0.1665 | unseen ROC 0.5415 PR 0.1464 | valAUC 0.6940 | tau+ 0.500
[OUTPOST-v4] epoch 14: test-all ROC 0.5789 PR 0.1775 | unseen ROC 0.5610 PR 0.1531 | valAUC 0.7897 | tau+ 0.500
[OUTPOST-v4] epoch 15: test-all ROC 0.6130 PR 0.1925 | unseen ROC 0.5919 PR 0.1634 | valAUC 0.8747 | tau+ 0.500
[OUTPOST-v4] epoch 16: test-all ROC 0.6598 PR 0.2150 | unseen ROC 0.6378 PR 0.1800 | valAUC 0.9167 | tau+ 0.500
[OUTPOST-v4] epoch 17: test-all ROC 0.6932 PR 0.2382 | unseen ROC 0.6710 PR 0.1983 | valAUC 0.9319 | tau+ 0.500
[OUTPOST-v4] epoch 18: test-all ROC 0.7078 PR 0.2482 | unseen ROC 0.6853 PR 0.2067 | valAUC 0.9368 | tau+ 0.500
[OUTPOST-v4] epoch 19: test-all ROC 0.7476 PR 0.2888 | unseen ROC 0.7245 PR 0.2344 | valAUC 0.9744 | tau+ 0.500
[OUTPOST-v4] epoch 20: test-all ROC 0.7503 PR 0.2914 | unseen ROC 0.7272 PR 0.2358 | valAUC 0.9764 | tau+ 0.500
[OUTPOST-v4] epoch 21: test-all ROC 0.7555 PR 0.2971 | unseen ROC 0.7326 PR 0.2395 | valAUC 0.9868 | tau+ 0.500
[OUTPOST-v4] epoch 22: test-all ROC 0.7562 PR 0.3036 | unseen ROC 0.7332 PR 0.2418 | valAUC 0.9876 | tau+ 0.500
[OUTPOST-v4] epoch 23: test-all ROC 0.7514 PR 0.3070 | unseen ROC 0.7275 PR 0.2371 | valAUC 0.9922 | tau+ 0.500
[OUTPOST-v4] epoch 24: test-all ROC 0.7452 PR 0.3247 | unseen ROC 0.7200 PR 0.2354 | valAUC 0.9948 | tau+ 0.500
[OUTPOST-v4] epoch 25: test-all ROC 0.7495 PR 0.3516 | unseen ROC 0.7244 PR 0.2454 | valAUC 0.9940 | tau+ 0.500
[OUTPOST-v4] epoch 26: test-all ROC 0.7483 PR 0.3617 | unseen ROC 0.7227 PR 0.2512 | valAUC 0.9945 | tau+ 0.500
[OUTPOST-v4] epoch 27: test-all ROC 0.7532 PR 0.3801 | unseen ROC 0.7278 PR 0.2626 | valAUC 0.9934 | tau+ 0.500
[OUTPOST-v4] epoch 28: test-all ROC 0.7510 PR 0.3820 | unseen ROC 0.7251 PR 0.2627 | valAUC 0.9983 | tau+ 0.500
[OUTPOST-v4] epoch 29: test-all ROC 0.7391 PR 0.3600 | unseen ROC 0.7121 PR 0.2438 | valAUC 0.9977 | tau+ 0.500
[OUTPOST-v4] epoch 30: test-all ROC 0.7465 PR 0.3735 | unseen ROC 0.7197 PR 0.2528 | valAUC 0.9931 | tau+ 0.500
[OUTPOST-v4] epoch 31: test-all ROC 0.7635 PR 0.4100 | unseen ROC 0.7373 PR 0.2842 | valAUC 1.0000 | tau+ 0.500
[OUTPOST-v4] epoch 32: test-all ROC 0.7583 PR 0.3917 | unseen ROC 0.7315 PR 0.2664 | valAUC 1.0000 | tau+ 0.500
[OUTPOST-v4] epoch 33: test-all ROC 0.7525 PR 0.3744 | unseen ROC 0.7256 PR 0.2513 | valAUC 0.9966 | tau+ 0.500
[OUTPOST-v4] epoch 34: test-all ROC 0.7579 PR 0.3854 | unseen ROC 0.7312 PR 0.2610 | valAUC 0.9994 | tau+ 0.500
[OUTPOST-v4] epoch 35: test-all ROC 0.7686 PR 0.3997 | unseen ROC 0.7431 PR 0.2735 | valAUC 1.0000 | tau+ 0.500
[OUTPOST-v4] epoch 36: test-all ROC 0.7760 PR 0.4111 | unseen ROC 0.7509 PR 0.2827 | valAUC 1.0000 | tau+ 0.500
[OUTPOST-v4] epoch 37: test-all ROC 0.7741 PR 0.4135 | unseen ROC 0.7488 PR 0.2833 | valAUC 0.9983 | tau+ 0.500
[OUTPOST-v4] epoch 38: test-all ROC 0.7757 PR 0.4112 | unseen ROC 0.7505 PR 0.2807 | valAUC 0.9991 | tau+ 0.500
[OUTPOST-v4] epoch 39: test-all ROC 0.7899 PR 0.4451 | unseen ROC 0.7660 PR 0.3150 | valAUC 1.0000 | tau+ 0.500
[OUTPOST-v4] epoch 40: test-all ROC 0.7952 PR 0.4519 | unseen ROC 0.7715 PR 0.3201 | valAUC 1.0000 | tau+ 0.500
[OUTPOST-v4] epoch 41: test-all ROC 0.7868 PR 0.4320 | unseen ROC 0.7623 PR 0.2998 | valAUC 0.9997 | tau+ 0.500
[OUTPOST-v4] epoch 42: test-all ROC 0.7785 PR 0.4178 | unseen ROC 0.7533 PR 0.2863 | valAUC 0.9986 | tau+ 0.500
[OUTPOST-v4] epoch 43: test-all ROC 0.7761 PR 0.4132 | unseen ROC 0.7507 PR 0.2828 | valAUC 0.9977 | tau+ 0.500
[OUTPOST-v4] epoch 44: test-all ROC 0.7805 PR 0.4193 | unseen ROC 0.7556 PR 0.2879 | valAUC 0.9983 | tau+ 0.500
[OUTPOST-v4] epoch 45: test-all ROC 0.7869 PR 0.4319 | unseen ROC 0.7625 PR 0.2995 | valAUC 0.9989 | tau+ 0.500
[OUTPOST-v4] epoch 46: test-all ROC 0.7846 PR 0.4287 | unseen ROC 0.7599 PR 0.2976 | valAUC 0.9994 | tau+ 0.500
[OUTPOST-v4] epoch 47: test-all ROC 0.7765 PR 0.4142 | unseen ROC 0.7511 PR 0.2845 | valAUC 0.9974 | tau+ 0.500
[OUTPOST-v4] epoch 48: test-all ROC 0.7683 PR 0.3986 | unseen ROC 0.7423 PR 0.2730 | valAUC 0.9974 | tau+ 0.500
[OUTPOST-v4] epoch 49: test-all ROC 0.7650 PR 0.3982 | unseen ROC 0.7385 PR 0.2721 | valAUC 0.9940 | tau+ 0.500
[OUTPOST-v4] epoch 50: test-all ROC 0.7671 PR 0.4021 | unseen ROC 0.7408 PR 0.2746 | valAUC 0.9977 | tau+ 0.500
[OUTPOST-v4] epoch 51: test-all ROC 0.7767 PR 0.4157 | unseen ROC 0.7514 PR 0.2864 | valAUC 0.9983 | tau+ 0.500
[OUTPOST-v4] epoch 52: test-all ROC 0.7837 PR 0.4275 | unseen ROC 0.7590 PR 0.2961 | valAUC 0.9986 | tau+ 0.500
[OUTPOST-v4] epoch 53: test-all ROC 0.7846 PR 0.4322 | unseen ROC 0.7600 PR 0.3004 | valAUC 0.9989 | tau+ 0.500
[OUTPOST-v4] epoch 54: test-all ROC 0.7821 PR 0.4324 | unseen ROC 0.7574 PR 0.2996 | valAUC 0.9986 | tau+ 0.500
[OUTPOST-v4] epoch 55: test-all ROC 0.7833 PR 0.4342 | unseen ROC 0.7584 PR 0.2997 | valAUC 0.9989 | tau+ 0.500
[OUTPOST-v4] epoch 56: test-all ROC 0.7854 PR 0.4368 | unseen ROC 0.7607 PR 0.3046 | valAUC 0.9991 | tau+ 0.500
[OUTPOST-v4] epoch 57: test-all ROC 0.7920 PR 0.4491 | unseen ROC 0.7678 PR 0.3142 | valAUC 0.9991 | tau+ 0.500
[OUTPOST-v4] epoch 58: test-all ROC 0.7916 PR 0.4498 | unseen ROC 0.7675 PR 0.3168 | valAUC 0.9994 | tau+ 0.500
[OUTPOST-v4] epoch 59: test-all ROC 0.7949 PR 0.4545 | unseen ROC 0.7712 PR 0.3196 | valAUC 0.9997 | tau+ 0.500
[OUTPOST-v4] epoch 60: test-all ROC 0.7964 PR 0.4620 | unseen ROC 0.7728 PR 0.3295 | valAUC 0.9994 | tau+ 0.500
[OUTPOST-v4] epoch 61: test-all ROC 0.8069 PR 0.4833 | unseen ROC 0.7844 PR 0.3524 | valAUC 1.0000 | tau+ 0.500
[OUTPOST-v4] epoch 62: test-all ROC 0.8102 PR 0.4944 | unseen ROC 0.7881 PR 0.3695 | valAUC 1.0000 | tau+ 0.500
[OUTPOST-v4] epoch 63: test-all ROC 0.8092 PR 0.4966 | unseen ROC 0.7869 PR 0.3695 | valAUC 1.0000 | tau+ 0.500
[OUTPOST-v4] epoch 64: test-all ROC 0.8043 PR 0.4843 | unseen ROC 0.7814 PR 0.3554 | valAUC 1.0000 | tau+ 0.500
[OUTPOST-v4] epoch 65: test-all ROC 0.8066 PR 0.4928 | unseen ROC 0.7841 PR 0.3660 | valAUC 1.0000 | tau+ 0.500
[OUTPOST-v4] epoch 66: test-all ROC 0.8169 PR 0.5187 | unseen ROC 0.7955 PR 0.3994 | valAUC 1.0000 | tau+ 0.500
[OUTPOST-v4] epoch 67: test-all ROC 0.8281 PR 0.5424 | unseen ROC 0.8080 PR 0.4270 | valAUC 1.0000 | tau+ 0.500
[OUTPOST-v4] epoch 68: test-all ROC 0.8325 PR 0.5535 | unseen ROC 0.8130 PR 0.4394 | valAUC 1.0000 | tau+ 0.500
[OUTPOST-v4] epoch 69: test-all ROC 0.8262 PR 0.5411 | unseen ROC 0.8058 PR 0.4260 | valAUC 1.0000 | tau+ 0.500
[OUTPOST-v4] epoch 70: test-all ROC 0.8182 PR 0.5298 | unseen ROC 0.7968 PR 0.4126 | valAUC 1.0000 | tau+ 0.500
[OUTPOST-v4] epoch 71: test-all ROC 0.8205 PR 0.5368 | unseen ROC 0.7995 PR 0.4214 | valAUC 1.0000 | tau+ 0.500
[OUTPOST-v4] epoch 72: test-all ROC 0.8326 PR 0.5553 | unseen ROC 0.8130 PR 0.4429 | valAUC 1.0000 | tau+ 0.500
[OUTPOST-v4] epoch 73: test-all ROC 0.8429 PR 0.5769 | unseen ROC 0.8246 PR 0.4675 | valAUC 1.0000 | tau+ 0.500
[OUTPOST-v4] epoch 74: test-all ROC 0.8441 PR 0.5826 | unseen ROC 0.8260 PR 0.4747 | valAUC 1.0000 | tau+ 0.517
[OUTPOST-v4] epoch 75: test-all ROC 0.8397 PR 0.5737 | unseen ROC 0.8209 PR 0.4661 | valAUC 1.0000 | tau+ 0.500
[OUTPOST-v4] epoch 76: test-all ROC 0.8318 PR 0.5535 | unseen ROC 0.8122 PR 0.4419 | valAUC 1.0000 | tau+ 0.500
[OUTPOST-v4] epoch 77: test-all ROC 0.8245 PR 0.5412 | unseen ROC 0.8039 PR 0.4277 | valAUC 1.0000 | tau+ 0.500
[OUTPOST-v4] epoch 78: test-all ROC 0.8232 PR 0.5395 | unseen ROC 0.8025 PR 0.4257 | valAUC 1.0000 | tau+ 0.500
[OUTPOST-v4] epoch 79: test-all ROC 0.8298 PR 0.5533 | unseen ROC 0.8099 PR 0.4430 | valAUC 1.0000 | tau+ 0.500
[OUTPOST-v4] epoch 80: test-all ROC 0.8379 PR 0.5704 | unseen ROC 0.8189 PR 0.4634 | valAUC 1.0000 | tau+ 0.500
[OUTPOST-v4] epoch 81: test-all ROC 0.8492 PR 0.5941 | unseen ROC 0.8316 PR 0.4895 | valAUC 1.0000 | tau+ 0.500
[OUTPOST-v4] epoch 82: test-all ROC 0.8540 PR 0.6043 | unseen ROC 0.8370 PR 0.5018 | valAUC 0.9997 | tau+ 0.764
[OUTPOST-v4] epoch 83: test-all ROC 0.8464 PR 0.5897 | unseen ROC 0.8284 PR 0.4856 | valAUC 1.0000 | tau+ 0.500
[OUTPOST-v4] epoch 84: test-all ROC 0.8365 PR 0.5684 | unseen ROC 0.8174 PR 0.4625 | valAUC 0.9997 | tau+ 0.500
[OUTPOST-v4] epoch 85: test-all ROC 0.8280 PR 0.5470 | unseen ROC 0.8080 PR 0.4358 | valAUC 0.9997 | tau+ 0.500
[OUTPOST-v4] epoch 86: test-all ROC 0.8187 PR 0.5341 | unseen ROC 0.7976 PR 0.4198 | valAUC 0.9997 | tau+ 0.500
[OUTPOST-v4] epoch 87: test-all ROC 0.8208 PR 0.5389 | unseen ROC 0.7999 PR 0.4269 | valAUC 0.9997 | tau+ 0.500
[OUTPOST-v4] epoch 88: test-all ROC 0.8238 PR 0.5475 | unseen ROC 0.8032 PR 0.4371 | valAUC 0.9994 | tau+ 0.500
[OUTPOST-v4] epoch 89: test-all ROC 0.8351 PR 0.5648 | unseen ROC 0.8158 PR 0.4571 | valAUC 1.0000 | tau+ 0.500
[OUTPOST-v4] epoch 90: test-all ROC 0.8445 PR 0.5809 | unseen ROC 0.8263 PR 0.4758 | valAUC 1.0000 | tau+ 0.500
[OUTPOST-v4] epoch 91: test-all ROC 0.8516 PR 0.5939 | unseen ROC 0.8342 PR 0.4906 | valAUC 1.0000 | tau+ 0.500
[OUTPOST-v4] epoch 92: test-all ROC 0.8522 PR 0.5984 | unseen ROC 0.8349 PR 0.4965 | valAUC 1.0000 | tau+ 0.500
[OUTPOST-v4] epoch 93: test-all ROC 0.8512 PR 0.5931 | unseen ROC 0.8338 PR 0.4904 | valAUC 1.0000 | tau+ 0.500
[OUTPOST-v4] epoch 94: test-all ROC 0.8508 PR 0.5948 | unseen ROC 0.8334 PR 0.4920 | valAUC 1.0000 | tau+ 0.500
[OUTPOST-v4] epoch 95: test-all ROC 0.8497 PR 0.5941 | unseen ROC 0.8321 PR 0.4925 | valAUC 1.0000 | tau+ 0.500
[OUTPOST-v4] epoch 96: test-all ROC 0.8541 PR 0.6012 | unseen ROC 0.8370 PR 0.5001 | valAUC 1.0000 | tau+ 0.500
[OUTPOST-v4] epoch 97: test-all ROC 0.8557 PR 0.6037 | unseen ROC 0.8388 PR 0.5039 | valAUC 0.9997 | tau+ 0.500
[OUTPOST-v4] epoch 98: test-all ROC 0.8507 PR 0.5978 | unseen ROC 0.8333 PR 0.4974 | valAUC 1.0000 | tau+ 0.500
[OUTPOST-v4] epoch 99: test-all ROC 0.8510 PR 0.5985 | unseen ROC 0.8335 PR 0.4974 | valAUC 1.0000 | tau+ 0.500
[OUTPOST-v4] epoch 100: test-all ROC 0.8490 PR 0.5975 | unseen ROC 0.8313 PR 0.4973 | valAUC 1.0000 | tau+ 0.500
[OUTPOST-v4] epoch 101: test-all ROC 0.8447 PR 0.5939 | unseen ROC 0.8265 PR 0.4945 | valAUC 1.0000 | tau+ 0.500
[OUTPOST-v4] epoch 102: test-all ROC 0.8447 PR 0.5941 | unseen ROC 0.8265 PR 0.4932 | valAUC 1.0000 | tau+ 0.500
[OUTPOST-v4] epoch 103: test-all ROC 0.8446 PR 0.5955 | unseen ROC 0.8264 PR 0.4954 | valAUC 1.0000 | tau+ 0.500
[OUTPOST-v4] epoch 104: test-all ROC 0.8482 PR 0.5997 | unseen ROC 0.8304 PR 0.5000 | valAUC 1.0000 | tau+ 0.500
[OUTPOST-v4] epoch 105: test-all ROC 0.8527 PR 0.6063 | unseen ROC 0.8354 PR 0.5091 | valAUC 1.0000 | tau+ 0.500
[OUTPOST-v4] epoch 106: test-all ROC 0.8548 PR 0.6098 | unseen ROC 0.8377 PR 0.5125 | valAUC 1.0000 | tau+ 0.500
[OUTPOST-v4] epoch 107: test-all ROC 0.8553 PR 0.6130 | unseen ROC 0.8384 PR 0.5160 | valAUC 1.0000 | tau+ 0.500
[OUTPOST-v4] epoch 108: test-all ROC 0.8600 PR 0.6186 | unseen ROC 0.8436 PR 0.5247 | valAUC 1.0000 | tau+ 0.500
[OUTPOST-v4] epoch 109: test-all ROC 0.8658 PR 0.6252 | unseen ROC 0.8502 PR 0.5301 | valAUC 1.0000 | tau+ 0.500
[OUTPOST-v4] epoch 110: test-all ROC 0.8718 PR 0.6327 | unseen ROC 0.8569 PR 0.5376 | valAUC 1.0000 | tau+ 0.500
[OUTPOST-v4] epoch 111: test-all ROC 0.8748 PR 0.6377 | unseen ROC 0.8604 PR 0.5450 | valAUC 1.0000 | tau+ 0.550
[OUTPOST-v4] epoch 112: test-all ROC 0.8703 PR 0.6334 | unseen ROC 0.8552 PR 0.5389 | valAUC 1.0000 | tau+ 0.500
[OUTPOST-v4] epoch 113: test-all ROC 0.8528 PR 0.6198 | unseen ROC 0.8355 PR 0.5268 | valAUC 1.0000 | tau+ 0.500
[OUTPOST-v4] epoch 114: test-all ROC 0.8392 PR 0.6076 | unseen ROC 0.8204 PR 0.5107 | valAUC 1.0000 | tau+ 0.500
[OUTPOST-v4] epoch 115: test-all ROC 0.8293 PR 0.6008 | unseen ROC 0.8093 PR 0.5056 | valAUC 1.0000 | tau+ 0.500
[OUTPOST-v4] epoch 116: test-all ROC 0.8261 PR 0.5983 | unseen ROC 0.8058 PR 0.5039 | valAUC 0.9997 | tau+ 0.500
[OUTPOST-v4] epoch 117: test-all ROC 0.8337 PR 0.6054 | unseen ROC 0.8143 PR 0.5111 | valAUC 1.0000 | tau+ 0.500
[OUTPOST-v4] epoch 118: test-all ROC 0.8501 PR 0.6201 | unseen ROC 0.8326 PR 0.5259 | valAUC 1.0000 | tau+ 0.500
[OUTPOST-v4] epoch 119: test-all ROC 0.8716 PR 0.6405 | unseen ROC 0.8566 PR 0.5494 | valAUC 1.0000 | tau+ 0.500
[OUTPOST-v4] epoch 120: test-all ROC 0.8791 PR 0.6511 | unseen ROC 0.8650 PR 0.5612 | valAUC 1.0000 | tau+ 0.500
[OUTPOST-v4] epoch 121: test-all ROC 0.8740 PR 0.6437 | unseen ROC 0.8593 PR 0.5530 | valAUC 1.0000 | tau+ 0.500
[OUTPOST-v4] epoch 122: test-all ROC 0.8632 PR 0.6363 | unseen ROC 0.8472 PR 0.5450 | valAUC 1.0000 | tau+ 0.500
[OUTPOST-v4] epoch 123: test-all ROC 0.8483 PR 0.6227 | unseen ROC 0.8305 PR 0.5314 | valAUC 1.0000 | tau+ 0.500
[OUTPOST-v4] epoch 124: test-all ROC 0.8349 PR 0.6134 | unseen ROC 0.8156 PR 0.5212 | valAUC 0.9997 | tau+ 0.500
[OUTPOST-v4] epoch 125: test-all ROC 0.8280 PR 0.6046 | unseen ROC 0.8078 PR 0.5088 | valAUC 0.9997 | tau+ 0.500
[OUTPOST-v4] epoch 126: test-all ROC 0.8277 PR 0.6084 | unseen ROC 0.8076 PR 0.5157 | valAUC 1.0000 | tau+ 0.500
[OUTPOST-v4] epoch 127: test-all ROC 0.8319 PR 0.6127 | unseen ROC 0.8122 PR 0.5195 | valAUC 1.0000 | tau+ 0.500
[OUTPOST-v4] epoch 128: test-all ROC 0.8438 PR 0.6215 | unseen ROC 0.8255 PR 0.5314 | valAUC 1.0000 | tau+ 0.500
[OUTPOST-v4] epoch 129: test-all ROC 0.8615 PR 0.6344 | unseen ROC 0.8453 PR 0.5440 | valAUC 1.0000 | tau+ 0.500
[OUTPOST-v4] epoch 130: test-all ROC 0.8731 PR 0.6448 | unseen ROC 0.8583 PR 0.5553 | valAUC 1.0000 | tau+ 0.500
[OUTPOST-v4] epoch 131: test-all ROC 0.8724 PR 0.6441 | unseen ROC 0.8575 PR 0.5544 | valAUC 1.0000 | tau+ 0.500
[OUTPOST-v4] epoch 132: test-all ROC 0.8678 PR 0.6431 | unseen ROC 0.8524 PR 0.5537 | valAUC 1.0000 | tau+ 0.500
[OUTPOST-v4] epoch 133: test-all ROC 0.8615 PR 0.6348 | unseen ROC 0.8453 PR 0.5430 | valAUC 1.0000 | tau+ 0.500
[OUTPOST-v4] epoch 134: test-all ROC 0.8539 PR 0.6299 | unseen ROC 0.8368 PR 0.5382 | valAUC 1.0000 | tau+ 0.500
[OUTPOST-v4] epoch 135: test-all ROC 0.8496 PR 0.6251 | unseen ROC 0.8320 PR 0.5350 | valAUC 1.0000 | tau+ 0.500
[OUTPOST-v4] epoch 136: test-all ROC 0.8484 PR 0.6284 | unseen ROC 0.8306 PR 0.5401 | valAUC 1.0000 | tau+ 0.500
[OUTPOST-v4] epoch 137: test-all ROC 0.8479 PR 0.6288 | unseen ROC 0.8301 PR 0.5404 | valAUC 1.0000 | tau+ 0.500
[OUTPOST-v4] epoch 138: test-all ROC 0.8584 PR 0.6404 | unseen ROC 0.8418 PR 0.5535 | valAUC 1.0000 | tau+ 0.500
[OUTPOST-v4] epoch 139: test-all ROC 0.8552 PR 0.6381 | unseen ROC 0.8382 PR 0.5490 | valAUC 1.0000 | tau+ 0.500
[OUTPOST-v4] epoch 140: test-all ROC 0.8581 PR 0.6407 | unseen ROC 0.8415 PR 0.5529 | valAUC 1.0000 | tau+ 0.500
[OUTPOST-v4] epoch 141: test-all ROC 0.8595 PR 0.6431 | unseen ROC 0.8430 PR 0.5545 | valAUC 1.0000 | tau+ 0.500
[OUTPOST-v4] epoch 142: test-all ROC 0.8456 PR 0.6324 | unseen ROC 0.8276 PR 0.5448 | valAUC 1.0000 | tau+ 0.500
[OUTPOST-v4] epoch 143: test-all ROC 0.8443 PR 0.6325 | unseen ROC 0.8261 PR 0.5445 | valAUC 1.0000 | tau+ 0.500
[OUTPOST-v4] epoch 144: test-all ROC 0.8441 PR 0.6319 | unseen ROC 0.8258 PR 0.5444 | valAUC 1.0000 | tau+ 0.500
[OUTPOST-v4] epoch 145: test-all ROC 0.8459 PR 0.6387 | unseen ROC 0.8278 PR 0.5521 | valAUC 1.0000 | tau+ 0.500
[OUTPOST-v4] epoch 146: test-all ROC 0.8535 PR 0.6416 | unseen ROC 0.8363 PR 0.5537 | valAUC 1.0000 | tau+ 0.500
[OUTPOST-v4] epoch 147: test-all ROC 0.8566 PR 0.6434 | unseen ROC 0.8398 PR 0.5566 | valAUC 1.0000 | tau+ 0.500
[OUTPOST-v4] epoch 148: test-all ROC 0.8628 PR 0.6482 | unseen ROC 0.8469 PR 0.5621 | valAUC 1.0000 | tau+ 0.500
[OUTPOST-v4] epoch 149: test-all ROC 0.8706 PR 0.6553 | unseen ROC 0.8555 PR 0.5710 | valAUC 1.0000 | tau+ 0.500
[OUTPOST-v4] epoch 150: test-all ROC 0.8727 PR 0.6586 | unseen ROC 0.8578 PR 0.5738 | valAUC 1.0000 | tau+ 0.500
[OUTPOST-v4] epoch 151: test-all ROC 0.8729 PR 0.6573 | unseen ROC 0.8581 PR 0.5727 | valAUC 1.0000 | tau+ 0.500
[OUTPOST-v4] epoch 152: test-all ROC 0.8690 PR 0.6555 | unseen ROC 0.8537 PR 0.5704 | valAUC 1.0000 | tau+ 0.500
[OUTPOST-v4] epoch 153: test-all ROC 0.8741 PR 0.6616 | unseen ROC 0.8594 PR 0.5770 | valAUC 1.0000 | tau+ 0.500
[OUTPOST-v4] epoch 154: test-all ROC 0.8691 PR 0.6585 | unseen ROC 0.8538 PR 0.5736 | valAUC 1.0000 | tau+ 0.500
[OUTPOST-v4] epoch 155: test-all ROC 0.8717 PR 0.6594 | unseen ROC 0.8567 PR 0.5743 | valAUC 1.0000 | tau+ 0.500
[OUTPOST-v4] epoch 156: test-all ROC 0.8690 PR 0.6600 | unseen ROC 0.8537 PR 0.5754 | valAUC 1.0000 | tau+ 0.500
[OUTPOST-v4] epoch 157: test-all ROC 0.8659 PR 0.6599 | unseen ROC 0.8503 PR 0.5768 | valAUC 1.0000 | tau+ 0.500
[OUTPOST-v4] epoch 158: test-all ROC 0.8620 PR 0.6536 | unseen ROC 0.8459 PR 0.5706 | valAUC 1.0000 | tau+ 0.500
[OUTPOST-v4] epoch 159: test-all ROC 0.8608 PR 0.6540 | unseen ROC 0.8445 PR 0.5695 | valAUC 1.0000 | tau+ 0.500
[OUTPOST-v4] epoch 160: test-all ROC 0.8550 PR 0.6542 | unseen ROC 0.8380 PR 0.5718 | valAUC 1.0000 | tau+ 0.500
[OUTPOST-v4] epoch 161: test-all ROC 0.8512 PR 0.6514 | unseen ROC 0.8338 PR 0.5673 | valAUC 1.0000 | tau+ 0.500
[OUTPOST-v4] epoch 162: test-all ROC 0.8585 PR 0.6548 | unseen ROC 0.8419 PR 0.5716 | valAUC 1.0000 | tau+ 0.500
[OUTPOST-v4] epoch 163: test-all ROC 0.8720 PR 0.6655 | unseen ROC 0.8571 PR 0.5816 | valAUC 1.0000 | tau+ 0.500
[OUTPOST-v4] epoch 164: test-all ROC 0.8822 PR 0.6707 | unseen ROC 0.8686 PR 0.5867 | valAUC 1.0000 | tau+ 0.515
[OUTPOST-v4] epoch 165: test-all ROC 0.8812 PR 0.6719 | unseen ROC 0.8674 PR 0.5885 | valAUC 1.0000 | tau+ 0.500
[OUTPOST-v4] epoch 166: test-all ROC 0.8679 PR 0.6649 | unseen ROC 0.8525 PR 0.5833 | valAUC 1.0000 | tau+ 0.500
[OUTPOST-v4] epoch 167: test-all ROC 0.8585 PR 0.6605 | unseen ROC 0.8419 PR 0.5782 | valAUC 1.0000 | tau+ 0.500
[OUTPOST-v4] epoch 168: test-all ROC 0.8538 PR 0.6558 | unseen ROC 0.8367 PR 0.5724 | valAUC 1.0000 | tau+ 0.500
[OUTPOST-v4] epoch 169: test-all ROC 0.8528 PR 0.6580 | unseen ROC 0.8355 PR 0.5754 | valAUC 1.0000 | tau+ 0.500
[OUTPOST-v4] epoch 170: test-all ROC 0.8484 PR 0.6543 | unseen ROC 0.8307 PR 0.5708 | valAUC 1.0000 | tau+ 0.500
[OUTPOST-v4] epoch 171: test-all ROC 0.8566 PR 0.6623 | unseen ROC 0.8398 PR 0.5812 | valAUC 1.0000 | tau+ 0.500
[OUTPOST-v4] epoch 172: test-all ROC 0.8622 PR 0.6647 | unseen ROC 0.8461 PR 0.5832 | valAUC 1.0000 | tau+ 0.500
[OUTPOST-v4] epoch 173: test-all ROC 0.8713 PR 0.6707 | unseen ROC 0.8562 PR 0.5884 | valAUC 1.0000 | tau+ 0.500
[OUTPOST-v4] epoch 174: test-all ROC 0.8715 PR 0.6728 | unseen ROC 0.8565 PR 0.5911 | valAUC 1.0000 | tau+ 0.500
[OUTPOST-v4] epoch 175: test-all ROC 0.8580 PR 0.6632 | unseen ROC 0.8414 PR 0.5823 | valAUC 1.0000 | tau+ 0.500
[OUTPOST-v4] epoch 176: test-all ROC 0.8388 PR 0.6482 | unseen ROC 0.8200 PR 0.5665 | valAUC 1.0000 | tau+ 0.500
[OUTPOST-v4] epoch 177: test-all ROC 0.8389 PR 0.6529 | unseen ROC 0.8201 PR 0.5716 | valAUC 1.0000 | tau+ 0.500
[OUTPOST-v4] epoch 178: test-all ROC 0.8412 PR 0.6555 | unseen ROC 0.8226 PR 0.5743 | valAUC 1.0000 | tau+ 0.500
[OUTPOST-v4] epoch 179: test-all ROC 0.8589 PR 0.6620 | unseen ROC 0.8424 PR 0.5798 | valAUC 1.0000 | tau+ 0.500
[OUTPOST-v4] epoch 180: test-all ROC 0.8821 PR 0.6763 | unseen ROC 0.8684 PR 0.5948 | valAUC 0.9997 | tau+ 0.500
[OUTPOST-v4] epoch 181: test-all ROC 0.8784 PR 0.6737 | unseen ROC 0.8642 PR 0.5933 | valAUC 1.0000 | tau+ 0.524
[OUTPOST-v4] epoch 182: test-all ROC 0.8592 PR 0.6615 | unseen ROC 0.8428 PR 0.5800 | valAUC 1.0000 | tau+ 0.500
[OUTPOST-v4] epoch 183: test-all ROC 0.8373 PR 0.6440 | unseen ROC 0.8184 PR 0.5619 | valAUC 1.0000 | tau+ 0.500
[OUTPOST-v4] epoch 184: test-all ROC 0.8192 PR 0.6286 | unseen ROC 0.7981 PR 0.5438 | valAUC 1.0000 | tau+ 0.500
[OUTPOST-v4] epoch 185: test-all ROC 0.8052 PR 0.6172 | unseen ROC 0.7826 PR 0.5323 | valAUC 0.9994 | tau+ 0.500
[OUTPOST-v4] epoch 186: test-all ROC 0.8065 PR 0.6149 | unseen ROC 0.7841 PR 0.5278 | valAUC 1.0000 | tau+ 0.500
[OUTPOST-v4] epoch 187: test-all ROC 0.8128 PR 0.6204 | unseen ROC 0.7911 PR 0.5346 | valAUC 1.0000 | tau+ 0.500
[OUTPOST-v4] epoch 188: test-all ROC 0.8236 PR 0.6258 | unseen ROC 0.8030 PR 0.5399 | valAUC 0.9994 | tau+ 0.500
[OUTPOST-v4] epoch 189: test-all ROC 0.8382 PR 0.6382 | unseen ROC 0.8193 PR 0.5540 | valAUC 1.0000 | tau+ 0.500
[OUTPOST-v4] epoch 190: test-all ROC 0.8605 PR 0.6530 | unseen ROC 0.8442 PR 0.5694 | valAUC 1.0000 | tau+ 0.500
[OUTPOST-v4] epoch 191: test-all ROC 0.8771 PR 0.6652 | unseen ROC 0.8628 PR 0.5829 | valAUC 1.0000 | tau+ 0.500
[OUTPOST-v4] epoch 192: test-all ROC 0.8724 PR 0.6624 | unseen ROC 0.8575 PR 0.5803 | valAUC 1.0000 | tau+ 0.500
[OUTPOST-v4] epoch 193: test-all ROC 0.8566 PR 0.6517 | unseen ROC 0.8399 PR 0.5683 | valAUC 1.0000 | tau+ 0.500
[OUTPOST-v4] epoch 194: test-all ROC 0.8477 PR 0.6468 | unseen ROC 0.8299 PR 0.5620 | valAUC 1.0000 | tau+ 0.500
[OUTPOST-v4] epoch 195: test-all ROC 0.8303 PR 0.6351 | unseen ROC 0.8104 PR 0.5512 | valAUC 1.0000 | tau+ 0.500
[OUTPOST-v4] epoch 196: test-all ROC 0.8287 PR 0.6348 | unseen ROC 0.8087 PR 0.5523 | valAUC 1.0000 | tau+ 0.500
[OUTPOST-v4] epoch 197: test-all ROC 0.8341 PR 0.6316 | unseen ROC 0.8147 PR 0.5456 | valAUC 1.0000 | tau+ 0.500
[OUTPOST-v4] epoch 198: test-all ROC 0.8393 PR 0.6402 | unseen ROC 0.8205 PR 0.5563 | valAUC 1.0000 | tau+ 0.500
[OUTPOST-v4] epoch 199: test-all ROC 0.8453 PR 0.6467 | unseen ROC 0.8274 PR 0.5631 | valAUC 1.0000 | tau+ 0.500
[OUTPOST-v4] epoch 200: test-all ROC 0.8499 PR 0.6508 | unseen ROC 0.8324 PR 0.5686 | valAUC 1.0000 | tau+ 0.500
[OUTPOST-v4] epoch 201: test-all ROC 0.8657 PR 0.6641 | unseen ROC 0.8501 PR 0.5822 | valAUC 1.0000 | tau+ 0.500
[OUTPOST-v4] epoch 202: test-all ROC 0.8689 PR 0.6684 | unseen ROC 0.8536 PR 0.5873 | valAUC 1.0000 | tau+ 0.500
[OUTPOST-v4] epoch 203: test-all ROC 0.8691 PR 0.6688 | unseen ROC 0.8539 PR 0.5887 | valAUC 1.0000 | tau+ 0.500
[OUTPOST-v4] epoch 204: test-all ROC 0.8579 PR 0.6599 | unseen ROC 0.8413 PR 0.5797 | valAUC 1.0000 | tau+ 0.500
[OUTPOST-v4] epoch 205: test-all ROC 0.8491 PR 0.6563 | unseen ROC 0.8314 PR 0.5763 | valAUC 1.0000 | tau+ 0.500
[OUTPOST-v4] epoch 206: test-all ROC 0.8410 PR 0.6534 | unseen ROC 0.8224 PR 0.5742 | valAUC 0.9997 | tau+ 0.500
[OUTPOST-v4] epoch 207: test-all ROC 0.8335 PR 0.6504 | unseen ROC 0.8140 PR 0.5703 | valAUC 1.0000 | tau+ 0.500
[OUTPOST-v4] epoch 208: test-all ROC 0.8341 PR 0.6515 | unseen ROC 0.8147 PR 0.5720 | valAUC 1.0000 | tau+ 0.500
[OUTPOST-v4] epoch 209: test-all ROC 0.8394 PR 0.6553 | unseen ROC 0.8206 PR 0.5767 | valAUC 1.0000 | tau+ 0.500
[OUTPOST-v4] epoch 210: test-all ROC 0.8335 PR 0.6560 | unseen ROC 0.8140 PR 0.5772 | valAUC 1.0000 | tau+ 0.500
[OUTPOST-v4] epoch 211: test-all ROC 0.8291 PR 0.6540 | unseen ROC 0.8090 PR 0.5744 | valAUC 1.0000 | tau+ 0.500
[OUTPOST-v4] epoch 212: test-all ROC 0.8248 PR 0.6520 | unseen ROC 0.8043 PR 0.5728 | valAUC 1.0000 | tau+ 0.500
[OUTPOST-v4] epoch 213: test-all ROC 0.8262 PR 0.6535 | unseen ROC 0.8059 PR 0.5753 | valAUC 1.0000 | tau+ 0.500
[OUTPOST-v4] epoch 214: test-all ROC 0.8333 PR 0.6575 | unseen ROC 0.8138 PR 0.5784 | valAUC 1.0000 | tau+ 0.500
[OUTPOST-v4] epoch 215: test-all ROC 0.8436 PR 0.6636 | unseen ROC 0.8253 PR 0.5865 | valAUC 1.0000 | tau+ 0.500
[OUTPOST-v4] epoch 216: test-all ROC 0.8451 PR 0.6629 | unseen ROC 0.8270 PR 0.5842 | valAUC 0.9997 | tau+ 0.500
[OUTPOST-v4] epoch 217: test-all ROC 0.8453 PR 0.6662 | unseen ROC 0.8271 PR 0.5889 | valAUC 1.0000 | tau+ 0.500
[OUTPOST-v4] epoch 218: test-all ROC 0.8417 PR 0.6653 | unseen ROC 0.8232 PR 0.5871 | valAUC 0.9997 | tau+ 0.500
[OUTPOST-v4] epoch 219: test-all ROC 0.8423 PR 0.6636 | unseen ROC 0.8238 PR 0.5843 | valAUC 1.0000 | tau+ 0.500
[OUTPOST-v4] epoch 220: test-all ROC 0.8417 PR 0.6655 | unseen ROC 0.8231 PR 0.5876 | valAUC 1.0000 | tau+ 0.500
[OUTPOST-v4] epoch 221: test-all ROC 0.8496 PR 0.6691 | unseen ROC 0.8320 PR 0.5908 | valAUC 1.0000 | tau+ 0.500
[OUTPOST-v4] epoch 222: test-all ROC 0.8484 PR 0.6685 | unseen ROC 0.8306 PR 0.5906 | valAUC 1.0000 | tau+ 0.500
[OUTPOST-v4] epoch 223: test-all ROC 0.8444 PR 0.6646 | unseen ROC 0.8262 PR 0.5845 | valAUC 1.0000 | tau+ 0.500
[OUTPOST-v4] epoch 224: test-all ROC 0.8422 PR 0.6669 | unseen ROC 0.8237 PR 0.5893 | valAUC 1.0000 | tau+ 0.500
[OUTPOST-v4] epoch 225: test-all ROC 0.8458 PR 0.6676 | unseen ROC 0.8277 PR 0.5892 | valAUC 1.0000 | tau+ 0.500
[OUTPOST-v4] epoch 226: test-all ROC 0.8578 PR 0.6741 | unseen ROC 0.8411 PR 0.5963 | valAUC 1.0000 | tau+ 0.500
[OUTPOST-v4] epoch 227: test-all ROC 0.8644 PR 0.6778 | unseen ROC 0.8485 PR 0.6018 | valAUC 0.9997 | tau+ 0.500
[OUTPOST-v4] epoch 228: test-all ROC 0.8669 PR 0.6784 | unseen ROC 0.8513 PR 0.6016 | valAUC 1.0000 | tau+ 0.500
[OUTPOST-v4] epoch 229: test-all ROC 0.8611 PR 0.6748 | unseen ROC 0.8449 PR 0.5975 | valAUC 1.0000 | tau+ 0.500
[OUTPOST-v4] epoch 230: test-all ROC 0.8508 PR 0.6726 | unseen ROC 0.8333 PR 0.5959 | valAUC 1.0000 | tau+ 0.500
[OUTPOST-v4] epoch 231: test-all ROC 0.8401 PR 0.6658 | unseen ROC 0.8214 PR 0.5896 | valAUC 1.0000 | tau+ 0.500
[OUTPOST-v4] epoch 232: test-all ROC 0.8479 PR 0.6692 | unseen ROC 0.8301 PR 0.5918 | valAUC 0.9997 | tau+ 0.500
[OUTPOST-v4] epoch 233: test-all ROC 0.8553 PR 0.6757 | unseen ROC 0.8384 PR 0.6007 | valAUC 0.9997 | tau+ 0.500
[OUTPOST-v4] epoch 234: test-all ROC 0.8535 PR 0.6769 | unseen ROC 0.8363 PR 0.6003 | valAUC 1.0000 | tau+ 0.500
[OUTPOST-v4] epoch 235: test-all ROC 0.8474 PR 0.6726 | unseen ROC 0.8295 PR 0.5961 | valAUC 1.0000 | tau+ 0.500
[OUTPOST-v4] epoch 236: test-all ROC 0.8520 PR 0.6748 | unseen ROC 0.8347 PR 0.5981 | valAUC 1.0000 | tau+ 0.500
[OUTPOST-v4] epoch 237: test-all ROC 0.8535 PR 0.6755 | unseen ROC 0.8364 PR 0.6003 | valAUC 1.0000 | tau+ 0.500
[OUTPOST-v4] epoch 238: test-all ROC 0.8573 PR 0.6780 | unseen ROC 0.8406 PR 0.6020 | valAUC 1.0000 | tau+ 0.500
[OUTPOST-v4] epoch 239: test-all ROC 0.8676 PR 0.6821 | unseen ROC 0.8522 PR 0.6068 | valAUC 1.0000 | tau+ 0.500
[OUTPOST-v4] epoch 240: test-all ROC 0.8583 PR 0.6800 | unseen ROC 0.8417 PR 0.6049 | valAUC 0.9997 | tau+ 0.500
[OUTPOST-v4] epoch 241: test-all ROC 0.8394 PR 0.6711 | unseen ROC 0.8206 PR 0.5951 | valAUC 1.0000 | tau+ 0.500
[OUTPOST-v4] epoch 242: test-all ROC 0.8315 PR 0.6663 | unseen ROC 0.8118 PR 0.5900 | valAUC 1.0000 | tau+ 0.500
[OUTPOST-v4] epoch 243: test-all ROC 0.8258 PR 0.6617 | unseen ROC 0.8054 PR 0.5858 | valAUC 1.0000 | tau+ 0.500
[OUTPOST-v4] epoch 244: test-all ROC 0.8318 PR 0.6628 | unseen ROC 0.8122 PR 0.5856 | valAUC 1.0000 | tau+ 0.500
[OUTPOST-v4] epoch 245: test-all ROC 0.8463 PR 0.6723 | unseen ROC 0.8283 PR 0.5963 | valAUC 0.9994 | tau+ 0.500
[OUTPOST-v4] epoch 246: test-all ROC 0.8755 PR 0.6875 | unseen ROC 0.8610 PR 0.6116 | valAUC 1.0000 | tau+ 0.500
[OUTPOST-v4] epoch 247: test-all ROC 0.8906 PR 0.6954 | unseen ROC 0.8779 PR 0.6197 | valAUC 1.0000 | tau+ 0.500
[OUTPOST-v4] epoch 248: test-all ROC 0.8903 PR 0.6937 | unseen ROC 0.8776 PR 0.6169 | valAUC 1.0000 | tau+ 0.500
[OUTPOST-v4] epoch 249: test-all ROC 0.8774 PR 0.6864 | unseen ROC 0.8631 PR 0.6101 | valAUC 1.0000 | tau+ 0.500
[OUTPOST-v4] epoch 250: test-all ROC 0.8603 PR 0.6795 | unseen ROC 0.8440 PR 0.6037 | valAUC 1.0000 | tau+ 0.500
[OUTPOST-v4] epoch 251: test-all ROC 0.8492 PR 0.6668 | unseen ROC 0.8316 PR 0.5896 | valAUC 1.0000 | tau+ 0.500
[OUTPOST-v4] epoch 252: test-all ROC 0.8444 PR 0.6640 | unseen ROC 0.8262 PR 0.5862 | valAUC 1.0000 | tau+ 0.500
[OUTPOST-v4] epoch 253: test-all ROC 0.8536 PR 0.6723 | unseen ROC 0.8365 PR 0.5960 | valAUC 0.9997 | tau+ 0.500
[OUTPOST-v4] epoch 254: test-all ROC 0.8708 PR 0.6825 | unseen ROC 0.8557 PR 0.6058 | valAUC 0.9997 | tau+ 0.500
[OUTPOST-v4] epoch 255: test-all ROC 0.8811 PR 0.6886 | unseen ROC 0.8673 PR 0.6131 | valAUC 1.0000 | tau+ 0.500
[OUTPOST-v4] epoch 256: test-all ROC 0.8960 PR 0.6969 | unseen ROC 0.8840 PR 0.6212 | valAUC 1.0000 | tau+ 0.500
[OUTPOST-v4] epoch 257: test-all ROC 0.8960 PR 0.6996 | unseen ROC 0.8839 PR 0.6252 | valAUC 1.0000 | tau+ 0.502
[OUTPOST-v4] epoch 258: test-all ROC 0.8765 PR 0.6887 | unseen ROC 0.8621 PR 0.6119 | valAUC 0.9997 | tau+ 0.500
[OUTPOST-v4] epoch 259: test-all ROC 0.8535 PR 0.6751 | unseen ROC 0.8364 PR 0.5988 | valAUC 1.0000 | tau+ 0.500
[OUTPOST-v4] epoch 260: test-all ROC 0.8382 PR 0.6710 | unseen ROC 0.8193 PR 0.5947 | valAUC 1.0000 | tau+ 0.500
[OUTPOST-v4] epoch 261: test-all ROC 0.8310 PR 0.6651 | unseen ROC 0.8112 PR 0.5889 | valAUC 1.0000 | tau+ 0.500
[OUTPOST-v4] epoch 262: test-all ROC 0.8317 PR 0.6637 | unseen ROC 0.8123 PR 0.5890 | valAUC 1.0000 | tau+ 0.500
[OUTPOST-v4] epoch 263: test-all ROC 0.8311 PR 0.6624 | unseen ROC 0.8115 PR 0.5879 | valAUC 1.0000 | tau+ 0.500
[OUTPOST-v4] epoch 264: test-all ROC 0.8370 PR 0.6694 | unseen ROC 0.8180 PR 0.5958 | valAUC 1.0000 | tau+ 0.500
[OUTPOST-v4] epoch 265: test-all ROC 0.8613 PR 0.6803 | unseen ROC 0.8452 PR 0.6052 | valAUC 0.9997 | tau+ 0.500
[OUTPOST-v4] epoch 266: test-all ROC 0.8763 PR 0.6907 | unseen ROC 0.8619 PR 0.6176 | valAUC 1.0000 | tau+ 0.500
[OUTPOST-v4] epoch 267: test-all ROC 0.8580 PR 0.6813 | unseen ROC 0.8414 PR 0.6075 | valAUC 1.0000 | tau+ 0.500
[OUTPOST-v4] epoch 268: test-all ROC 0.8410 PR 0.6694 | unseen ROC 0.8224 PR 0.5943 | valAUC 1.0000 | tau+ 0.500
[OUTPOST-v4] epoch 269: test-all ROC 0.8274 PR 0.6613 | unseen ROC 0.8073 PR 0.5878 | valAUC 0.9994 | tau+ 0.500
[OUTPOST-v4] epoch 270: test-all ROC 0.8265 PR 0.6608 | unseen ROC 0.8062 PR 0.5850 | valAUC 0.9994 | tau+ 0.500
[OUTPOST-v4] epoch 271: test-all ROC 0.8283 PR 0.6609 | unseen ROC 0.8082 PR 0.5856 | valAUC 0.9997 | tau+ 0.500
[OUTPOST-v4] epoch 272: test-all ROC 0.8290 PR 0.6640 | unseen ROC 0.8092 PR 0.5893 | valAUC 1.0000 | tau+ 0.500
[OUTPOST-v4] epoch 273: test-all ROC 0.8377 PR 0.6676 | unseen ROC 0.8189 PR 0.5936 | valAUC 0.9997 | tau+ 0.500
[OUTPOST-v4] epoch 274: test-all ROC 0.8479 PR 0.6731 | unseen ROC 0.8301 PR 0.5990 | valAUC 1.0000 | tau+ 0.500
[OUTPOST-v4] epoch 275: test-all ROC 0.8536 PR 0.6761 | unseen ROC 0.8365 PR 0.6028 | valAUC 0.9997 | tau+ 0.500
[OUTPOST-v4] epoch 276: test-all ROC 0.8614 PR 0.6806 | unseen ROC 0.8453 PR 0.6074 | valAUC 0.9997 | tau+ 0.500
[OUTPOST-v4] epoch 277: test-all ROC 0.8658 PR 0.6817 | unseen ROC 0.8502 PR 0.6070 | valAUC 1.0000 | tau+ 0.500
[OUTPOST-v4] epoch 278: test-all ROC 0.8695 PR 0.6838 | unseen ROC 0.8543 PR 0.6092 | valAUC 1.0000 | tau+ 0.500
[OUTPOST-v4] epoch 279: test-all ROC 0.8618 PR 0.6782 | unseen ROC 0.8457 PR 0.6034 | valAUC 1.0000 | tau+ 0.500
[OUTPOST-v4] epoch 280: test-all ROC 0.8593 PR 0.6768 | unseen ROC 0.8428 PR 0.5994 | valAUC 1.0000 | tau+ 0.500
[OUTPOST-v4] epoch 281: test-all ROC 0.8523 PR 0.6752 | unseen ROC 0.8351 PR 0.6003 | valAUC 0.9997 | tau+ 0.530
[OUTPOST-v4] epoch 282: test-all ROC 0.8434 PR 0.6715 | unseen ROC 0.8252 PR 0.5977 | valAUC 0.9997 | tau+ 0.500
[OUTPOST-v4] epoch 283: test-all ROC 0.8411 PR 0.6698 | unseen ROC 0.8226 PR 0.5952 | valAUC 0.9997 | tau+ 0.500
[OUTPOST-v4] epoch 284: test-all ROC 0.8340 PR 0.6647 | unseen ROC 0.8146 PR 0.5897 | valAUC 1.0000 | tau+ 0.500
[OUTPOST-v4] epoch 285: test-all ROC 0.8418 PR 0.6713 | unseen ROC 0.8233 PR 0.5974 | valAUC 1.0000 | tau+ 0.500
[OUTPOST-v4] epoch 286: test-all ROC 0.8534 PR 0.6783 | unseen ROC 0.8363 PR 0.6049 | valAUC 0.9997 | tau+ 0.500
[OUTPOST-v4] epoch 287: test-all ROC 0.8737 PR 0.6906 | unseen ROC 0.8590 PR 0.6181 | valAUC 0.9994 | tau+ 0.634
[OUTPOST-v4] epoch 288: test-all ROC 0.8533 PR 0.6769 | unseen ROC 0.8361 PR 0.6028 | valAUC 1.0000 | tau+ 0.500
[OUTPOST-v4] epoch 289: test-all ROC 0.8342 PR 0.6648 | unseen ROC 0.8148 PR 0.5904 | valAUC 0.9997 | tau+ 0.500
[OUTPOST-v4] epoch 290: test-all ROC 0.8294 PR 0.6613 | unseen ROC 0.8095 PR 0.5868 | valAUC 1.0000 | tau+ 0.500
[OUTPOST-v4] epoch 291: test-all ROC 0.8411 PR 0.6677 | unseen ROC 0.8226 PR 0.5947 | valAUC 1.0000 | tau+ 0.500
[OUTPOST-v4] epoch 292: test-all ROC 0.8524 PR 0.6746 | unseen ROC 0.8352 PR 0.5998 | valAUC 1.0000 | tau+ 0.500
[OUTPOST-v4] epoch 293: test-all ROC 0.8616 PR 0.6772 | unseen ROC 0.8455 PR 0.6031 | valAUC 1.0000 | tau+ 0.500
[OUTPOST-v4] epoch 294: test-all ROC 0.8642 PR 0.6785 | unseen ROC 0.8484 PR 0.6044 | valAUC 1.0000 | tau+ 0.500
[OUTPOST-v4] epoch 295: test-all ROC 0.8583 PR 0.6750 | unseen ROC 0.8418 PR 0.6007 | valAUC 1.0000 | tau+ 0.500
[OUTPOST-v4] epoch 296: test-all ROC 0.8450 PR 0.6668 | unseen ROC 0.8271 PR 0.5921 | valAUC 1.0000 | tau+ 0.500
[OUTPOST-v4] epoch 297: test-all ROC 0.8370 PR 0.6628 | unseen ROC 0.8181 PR 0.5881 | valAUC 0.9997 | tau+ 0.500
[OUTPOST-v4] epoch 298: test-all ROC 0.8464 PR 0.6721 | unseen ROC 0.8285 PR 0.5979 | valAUC 1.0000 | tau+ 0.500
[OUTPOST-v4] epoch 299: test-all ROC 0.8625 PR 0.6809 | unseen ROC 0.8465 PR 0.6066 | valAUC 1.0000 | tau+ 0.500
[OUTPOST-v4] epoch 300: test-all ROC 0.8761 PR 0.6886 | unseen ROC 0.8616 PR 0.6168 | valAUC 1.0000 | tau+ 0.732
[OUTPOST-v4] epoch 301: test-all ROC 0.8589 PR 0.6784 | unseen ROC 0.8425 PR 0.6055 | valAUC 1.0000 | tau+ 0.500
[OUTPOST-v4] epoch 302: test-all ROC 0.8398 PR 0.6669 | unseen ROC 0.8212 PR 0.5923 | valAUC 1.0000 | tau+ 0.500
[OUTPOST-v4] epoch 303: test-all ROC 0.8264 PR 0.6599 | unseen ROC 0.8063 PR 0.5841 | valAUC 1.0000 | tau+ 0.500
[OUTPOST-v4] epoch 304: test-all ROC 0.8329 PR 0.6670 | unseen ROC 0.8134 PR 0.5927 | valAUC 0.9991 | tau+ 0.500
[OUTPOST-v4] epoch 305: test-all ROC 0.8435 PR 0.6710 | unseen ROC 0.8253 PR 0.5966 | valAUC 1.0000 | tau+ 0.500
[OUTPOST-v4] epoch 306: test-all ROC 0.8589 PR 0.6779 | unseen ROC 0.8425 PR 0.6035 | valAUC 1.0000 | tau+ 0.500
[OUTPOST-v4] epoch 307: test-all ROC 0.8636 PR 0.6801 | unseen ROC 0.8477 PR 0.6068 | valAUC 0.9997 | tau+ 0.643
[OUTPOST-v4] epoch 308: test-all ROC 0.8696 PR 0.6828 | unseen ROC 0.8544 PR 0.6093 | valAUC 0.9997 | tau+ 0.500
[OUTPOST-v4] epoch 309: test-all ROC 0.8589 PR 0.6749 | unseen ROC 0.8425 PR 0.6014 | valAUC 1.0000 | tau+ 0.500
[OUTPOST-v4] epoch 310: test-all ROC 0.8552 PR 0.6759 | unseen ROC 0.8384 PR 0.6003 | valAUC 0.9997 | tau+ 0.500
[OUTPOST-v4] epoch 311: test-all ROC 0.8576 PR 0.6770 | unseen ROC 0.8410 PR 0.6028 | valAUC 1.0000 | tau+ 0.500
[OUTPOST-v4] epoch 312: test-all ROC 0.8569 PR 0.6748 | unseen ROC 0.8402 PR 0.5999 | valAUC 1.0000 | tau+ 0.500
[OUTPOST-v4] epoch 313: test-all ROC 0.8538 PR 0.6763 | unseen ROC 0.8367 PR 0.6022 | valAUC 0.9989 | tau+ 0.500
[OUTPOST-v4] epoch 314: test-all ROC 0.8554 PR 0.6760 | unseen ROC 0.8386 PR 0.6028 | valAUC 0.9997 | tau+ 0.500
[OUTPOST-v4] epoch 315: test-all ROC 0.8525 PR 0.6768 | unseen ROC 0.8353 PR 0.6038 | valAUC 1.0000 | tau+ 0.500
[OUTPOST-v4] epoch 316: test-all ROC 0.8452 PR 0.6728 | unseen ROC 0.8271 PR 0.5999 | valAUC 1.0000 | tau+ 0.500
[OUTPOST-v4] epoch 317: test-all ROC 0.8554 PR 0.6800 | unseen ROC 0.8386 PR 0.6076 | valAUC 0.9997 | tau+ 0.500
[OUTPOST-v4] epoch 318: test-all ROC 0.8519 PR 0.6779 | unseen ROC 0.8347 PR 0.6048 | valAUC 0.9997 | tau+ 0.500
[OUTPOST-v4] epoch 319: test-all ROC 0.8438 PR 0.6761 | unseen ROC 0.8256 PR 0.6035 | valAUC 1.0000 | tau+ 0.500
[OUTPOST-v4] epoch 320: test-all ROC 0.8426 PR 0.6727 | unseen ROC 0.8245 PR 0.6013 | valAUC 1.0000 | tau+ 0.500
[OUTPOST-v4] epoch 321: test-all ROC 0.8484 PR 0.6781 | unseen ROC 0.8308 PR 0.6066 | valAUC 0.9997 | tau+ 0.500
[OUTPOST-v4] epoch 322: test-all ROC 0.8585 PR 0.6843 | unseen ROC 0.8421 PR 0.6129 | valAUC 1.0000 | tau+ 0.500
[OUTPOST-v4] epoch 323: test-all ROC 0.8627 PR 0.6869 | unseen ROC 0.8467 PR 0.6144 | valAUC 0.9994 | tau+ 0.529
[OUTPOST-v4] epoch 324: test-all ROC 0.8536 PR 0.6828 | unseen ROC 0.8366 PR 0.6106 | valAUC 0.9997 | tau+ 0.500
[OUTPOST-v4] epoch 325: test-all ROC 0.8566 PR 0.6865 | unseen ROC 0.8399 PR 0.6155 | valAUC 0.9997 | tau+ 0.500
[OUTPOST-v4] epoch 326: test-all ROC 0.8668 PR 0.6889 | unseen ROC 0.8513 PR 0.6162 | valAUC 1.0000 | tau+ 0.555
[OUTPOST-v4] epoch 327: test-all ROC 0.8664 PR 0.6905 | unseen ROC 0.8508 PR 0.6180 | valAUC 0.9997 | tau+ 0.500
[OUTPOST-v4] epoch 328: test-all ROC 0.8605 PR 0.6844 | unseen ROC 0.8442 PR 0.6118 | valAUC 1.0000 | tau+ 0.500
[OUTPOST-v4] epoch 329: test-all ROC 0.8605 PR 0.6837 | unseen ROC 0.8442 PR 0.6106 | valAUC 0.9997 | tau+ 0.500
[OUTPOST-v4] epoch 330: test-all ROC 0.8630 PR 0.6870 | unseen ROC 0.8470 PR 0.6141 | valAUC 1.0000 | tau+ 0.634
[OUTPOST-v4] epoch 331: test-all ROC 0.8659 PR 0.6863 | unseen ROC 0.8503 PR 0.6132 | valAUC 0.9997 | tau+ 0.658
[OUTPOST-v4] epoch 332: test-all ROC 0.8545 PR 0.6818 | unseen ROC 0.8376 PR 0.6090 | valAUC 0.9997 | tau+ 0.500
[OUTPOST-v4] epoch 333: test-all ROC 0.8514 PR 0.6797 | unseen ROC 0.8341 PR 0.6058 | valAUC 0.9997 | tau+ 0.500
[OUTPOST-v4] epoch 334: test-all ROC 0.8500 PR 0.6806 | unseen ROC 0.8325 PR 0.6075 | valAUC 1.0000 | tau+ 0.500
[OUTPOST-v4] epoch 335: test-all ROC 0.8441 PR 0.6789 | unseen ROC 0.8261 PR 0.6066 | valAUC 1.0000 | tau+ 0.500
[OUTPOST-v4] epoch 336: test-all ROC 0.8408 PR 0.6743 | unseen ROC 0.8224 PR 0.6007 | valAUC 1.0000 | tau+ 0.500
[OUTPOST-v4] epoch 337: test-all ROC 0.8414 PR 0.6755 | unseen ROC 0.8229 PR 0.6027 | valAUC 0.9997 | tau+ 0.500
[OUTPOST-v4] epoch 338: test-all ROC 0.8443 PR 0.6783 | unseen ROC 0.8262 PR 0.6061 | valAUC 0.9997 | tau+ 0.500
[OUTPOST-v4] epoch 339: test-all ROC 0.8476 PR 0.6821 | unseen ROC 0.8298 PR 0.6104 | valAUC 1.0000 | tau+ 0.592
[OUTPOST-v4] epoch 340: test-all ROC 0.8424 PR 0.6819 | unseen ROC 0.8240 PR 0.6106 | valAUC 1.0000 | tau+ 0.500
[OUTPOST-v4] epoch 341: test-all ROC 0.8447 PR 0.6830 | unseen ROC 0.8265 PR 0.6127 | valAUC 0.9997 | tau+ 0.500
[OUTPOST-v4] epoch 342: test-all ROC 0.8463 PR 0.6842 | unseen ROC 0.8285 PR 0.6140 | valAUC 0.9997 | tau+ 0.500
[OUTPOST-v4] epoch 343: test-all ROC 0.8497 PR 0.6857 | unseen ROC 0.8322 PR 0.6147 | valAUC 0.9991 | tau+ 0.500
[OUTPOST-v4] epoch 344: test-all ROC 0.8571 PR 0.6886 | unseen ROC 0.8405 PR 0.6175 | valAUC 1.0000 | tau+ 0.571
[OUTPOST-v4] epoch 345: test-all ROC 0.8598 PR 0.6920 | unseen ROC 0.8435 PR 0.6222 | valAUC 0.9997 | tau+ 0.500
[OUTPOST-v4] epoch 346: test-all ROC 0.8451 PR 0.6821 | unseen ROC 0.8271 PR 0.6107 | valAUC 0.9997 | tau+ 0.500
[OUTPOST-v4] epoch 347: test-all ROC 0.8412 PR 0.6819 | unseen ROC 0.8227 PR 0.6113 | valAUC 0.9997 | tau+ 0.500
[OUTPOST-v4] epoch 348: test-all ROC 0.8449 PR 0.6824 | unseen ROC 0.8268 PR 0.6124 | valAUC 1.0000 | tau+ 0.500
[OUTPOST-v4] epoch 349: test-all ROC 0.8525 PR 0.6881 | unseen ROC 0.8353 PR 0.6178 | valAUC 1.0000 | tau+ 0.732
[OUTPOST-v4] epoch 350: test-all ROC 0.8492 PR 0.6855 | unseen ROC 0.8317 PR 0.6142 | valAUC 0.9997 | tau+ 0.500
[OUTPOST-v4] epoch 351: test-all ROC 0.8459 PR 0.6841 | unseen ROC 0.8280 PR 0.6135 | valAUC 0.9997 | tau+ 0.500
[OUTPOST-v4] epoch 352: test-all ROC 0.8484 PR 0.6847 | unseen ROC 0.8307 PR 0.6138 | valAUC 1.0000 | tau+ 0.500
[OUTPOST-v4] epoch 353: test-all ROC 0.8484 PR 0.6858 | unseen ROC 0.8307 PR 0.6155 | valAUC 0.9989 | tau+ 0.500
[OUTPOST-v4] epoch 354: test-all ROC 0.8347 PR 0.6728 | unseen ROC 0.8155 PR 0.6000 | valAUC 1.0000 | tau+ 0.500
[OUTPOST-v4] epoch 355: test-all ROC 0.8435 PR 0.6794 | unseen ROC 0.8254 PR 0.6066 | valAUC 1.0000 | tau+ 0.500
[OUTPOST-v4] epoch 356: test-all ROC 0.8638 PR 0.6884 | unseen ROC 0.8480 PR 0.6153 | valAUC 0.9997 | tau+ 0.500
[OUTPOST-v4] epoch 357: test-all ROC 0.8615 PR 0.6902 | unseen ROC 0.8455 PR 0.6187 | valAUC 0.9997 | tau+ 0.500
[OUTPOST-v4] epoch 358: test-all ROC 0.8580 PR 0.6866 | unseen ROC 0.8416 PR 0.6161 | valAUC 0.9997 | tau+ 0.500
[OUTPOST-v4] epoch 359: test-all ROC 0.8561 PR 0.6836 | unseen ROC 0.8393 PR 0.6114 | valAUC 0.9997 | tau+ 0.500
[OUTPOST-v4] epoch 360: test-all ROC 0.8550 PR 0.6843 | unseen ROC 0.8382 PR 0.6121 | valAUC 1.0000 | tau+ 0.500
[OUTPOST-v4] epoch 361: test-all ROC 0.8564 PR 0.6875 | unseen ROC 0.8398 PR 0.6166 | valAUC 0.9997 | tau+ 0.500
[OUTPOST-v4] epoch 362: test-all ROC 0.8637 PR 0.6954 | unseen ROC 0.8479 PR 0.6246 | valAUC 0.9994 | tau+ 0.500
[OUTPOST-v4] epoch 363: test-all ROC 0.8618 PR 0.6956 | unseen ROC 0.8458 PR 0.6258 | valAUC 0.9994 | tau+ 0.710
[OUTPOST-v4] epoch 364: test-all ROC 0.8374 PR 0.6826 | unseen ROC 0.8185 PR 0.6124 | valAUC 0.9994 | tau+ 0.500
[OUTPOST-v4] epoch 365: test-all ROC 0.8303 PR 0.6815 | unseen ROC 0.8106 PR 0.6129 | valAUC 1.0000 | tau+ 0.500
[OUTPOST-v4] epoch 366: test-all ROC 0.8195 PR 0.6732 | unseen ROC 0.7986 PR 0.6048 | valAUC 0.9991 | tau+ 0.500
[OUTPOST-v4] epoch 367: test-all ROC 0.8313 PR 0.6838 | unseen ROC 0.8116 PR 0.6166 | valAUC 0.9991 | tau+ 0.500
[OUTPOST-v4] epoch 368: test-all ROC 0.8623 PR 0.6995 | unseen ROC 0.8464 PR 0.6313 | valAUC 0.9991 | tau+ 0.696
[OUTPOST-v4] epoch 369: test-all ROC 0.8483 PR 0.6888 | unseen ROC 0.8307 PR 0.6214 | valAUC 0.9997 | tau+ 0.500
[OUTPOST-v4] epoch 370: test-all ROC 0.8232 PR 0.6714 | unseen ROC 0.8027 PR 0.6015 | valAUC 0.9991 | tau+ 0.500
[OUTPOST-v4] epoch 371: test-all ROC 0.8144 PR 0.6646 | unseen ROC 0.7930 PR 0.5942 | valAUC 0.9991 | tau+ 0.500
[OUTPOST-v4] epoch 372: test-all ROC 0.8170 PR 0.6660 | unseen ROC 0.7959 PR 0.5959 | valAUC 0.9991 | tau+ 0.500
[OUTPOST-v4] epoch 373: test-all ROC 0.8268 PR 0.6685 | unseen ROC 0.8068 PR 0.5965 | valAUC 0.9997 | tau+ 0.500
[OUTPOST-v4] epoch 374: test-all ROC 0.8619 PR 0.6850 | unseen ROC 0.8459 PR 0.6127 | valAUC 1.0000 | tau+ 0.500
[OUTPOST-v4] epoch 375: test-all ROC 0.8963 PR 0.7047 | unseen ROC 0.8843 PR 0.6347 | valAUC 1.0000 | tau+ 0.762
[OUTPOST-v4] epoch 376: test-all ROC 0.8758 PR 0.6889 | unseen ROC 0.8615 PR 0.6149 | valAUC 0.9997 | tau+ 0.500
[OUTPOST-v4] epoch 377: test-all ROC 0.8455 PR 0.6668 | unseen ROC 0.8276 PR 0.5924 | valAUC 1.0000 | tau+ 0.500
[OUTPOST-v4] epoch 378: test-all ROC 0.8304 PR 0.6564 | unseen ROC 0.8109 PR 0.5832 | valAUC 0.9997 | tau+ 0.500
[OUTPOST-v4] epoch 379: test-all ROC 0.8277 PR 0.6543 | unseen ROC 0.8079 PR 0.5814 | valAUC 0.9997 | tau+ 0.500
[OUTPOST-v4] epoch 380: test-all ROC 0.8327 PR 0.6549 | unseen ROC 0.8135 PR 0.5803 | valAUC 0.9997 | tau+ 0.500
[OUTPOST-v4] epoch 381: test-all ROC 0.8384 PR 0.6600 | unseen ROC 0.8198 PR 0.5849 | valAUC 0.9991 | tau+ 0.500
[OUTPOST-v4] epoch 382: test-all ROC 0.8436 PR 0.6647 | unseen ROC 0.8256 PR 0.5902 | valAUC 0.9994 | tau+ 0.500
[OUTPOST-v4] epoch 383: test-all ROC 0.8569 PR 0.6742 | unseen ROC 0.8405 PR 0.5997 | valAUC 1.0000 | tau+ 0.580
[OUTPOST-v4] epoch 384: test-all ROC 0.8621 PR 0.6792 | unseen ROC 0.8462 PR 0.6054 | valAUC 0.9997 | tau+ 0.500
[OUTPOST-v4] epoch 385: test-all ROC 0.8580 PR 0.6789 | unseen ROC 0.8416 PR 0.6043 | valAUC 1.0000 | tau+ 0.500
[OUTPOST-v4] epoch 386: test-all ROC 0.8471 PR 0.6749 | unseen ROC 0.8294 PR 0.6017 | valAUC 0.9991 | tau+ 0.500
[OUTPOST-v4] epoch 387: test-all ROC 0.8313 PR 0.6666 | unseen ROC 0.8118 PR 0.5917 | valAUC 0.9994 | tau+ 0.500
[OUTPOST-v4] epoch 388: test-all ROC 0.8241 PR 0.6682 | unseen ROC 0.8039 PR 0.5974 | valAUC 0.9991 | tau+ 0.500
[OUTPOST-v4] epoch 389: test-all ROC 0.8252 PR 0.6683 | unseen ROC 0.8049 PR 0.5961 | valAUC 0.9997 | tau+ 0.500
[OUTPOST-v4] epoch 390: test-all ROC 0.8219 PR 0.6686 | unseen ROC 0.8012 PR 0.5964 | valAUC 0.9997 | tau+ 0.500
[OUTPOST-v4] epoch 391: test-all ROC 0.8418 PR 0.6793 | unseen ROC 0.8236 PR 0.6104 | valAUC 1.0000 | tau+ 0.500
[OUTPOST-v4] epoch 392: test-all ROC 0.8747 PR 0.6973 | unseen ROC 0.8602 PR 0.6278 | valAUC 0.9997 | tau+ 0.500
[OUTPOST-v4] epoch 393: test-all ROC 0.9010 PR 0.7178 | unseen ROC 0.8895 PR 0.6492 | valAUC 1.0000 | tau+ 0.735
[OUTPOST-v4] epoch 394: test-all ROC 0.8476 PR 0.6826 | unseen ROC 0.8300 PR 0.6120 | valAUC 1.0000 | tau+ 0.500
[OUTPOST-v4] epoch 395: test-all ROC 0.8112 PR 0.6605 | unseen ROC 0.7894 PR 0.5920 | valAUC 0.9991 | tau+ 0.500
[OUTPOST-v4] epoch 396: test-all ROC 0.8044 PR 0.6506 | unseen ROC 0.7820 PR 0.5815 | valAUC 0.9994 | tau+ 0.500
[OUTPOST-v4] epoch 397: test-all ROC 0.8097 PR 0.6445 | unseen ROC 0.7886 PR 0.5747 | valAUC 0.9994 | tau+ 0.500
[OUTPOST-v4] epoch 398: test-all ROC 0.8161 PR 0.6420 | unseen ROC 0.7952 PR 0.5698 | valAUC 0.9991 | tau+ 0.500
[OUTPOST-v4] epoch 399: test-all ROC 0.8227 PR 0.6407 | unseen ROC 0.8028 PR 0.5667 | valAUC 0.9994 | tau+ 0.500
  rotation 9: ROC 0.9010 PR 0.7178
[computers] params 116929, peak GPU 4.63 GB, 23.4 min total
[computers] ran 1/5 rotations; no results.csv row written. Merge the shards with:
    python analysis/scripts/merge_rotations.py
