2026-08-18 20:00:34,634 INFO cli={'dataset': 'computers', 'method': 'demo', 'seed': 3, 'train_seed': None, 'epochs': None, 'set': ['energy_loss=false'], 'tag': 'B_demo', 'rotations': [0]}
2026-08-18 20:00:34,634 INFO config={'alpha_plus': 0.05, 'alpha_r': 0.1, 'atlas_gate_q': 0.9, 'batch_size': 512, 'hidden_dim': 64, 'lambda_halo': 0.2, 'lambda_mixup': 0.2, 'lambda_un': 1.0, 'lr': 0.001, 'margin': 0.1, 'n_layers': 2, 'optimiser': 'adam', 'sampling_sizes': [25, 10], 'tau_minus': 0.05, 'tau_mu': 0.05, 'tau_plus': 0.95, 'use_atlas_gate': True, 'use_conformal': True, 'use_pl': True, 'version': 4, 'weight_decay': 0.0001, 'loss': 'bce', 'num_epochs': 200, 'ebd_dim': 64, 'drop_out': 0.5, 'gamma': 0.1, 'damping': 0.001, 'p_cutoff': [0.05, 0.95], 'unlabeled_loss': 0.5, 'mixup_loss': 0.1, 'energy_loss_weight': 0.1, 'used_unlabeled_data': True, 'energy_loss': False, 'mixup': False, 'thresh_warmup': True, 'used_augment_for_anormaly': True, 'batch_size_for_anormaly': 20, 'sample_size_for_anormaly': 25, 'div_loss_alpha': 0.5, 'mixup_loss_type': 'consistency', 'device': 0, 'input_dim': 767}
2026-08-18 20:00:38,381 INFO Epoch: 0, loss: 0.7138833999633789, labeled_loss: 0.7138833999633789, unnlabeled_loss: 0.0, mixup_loss: 0.0, energy_loss: 0.0
2026-08-18 20:00:38,382 INFO Best AUROC test all: 0.4407732280523034, AUPR test all: 0.13511691193531128, AUROC test unknown: 0.40618017846585375, AUPR test unknown: 0.10723172797805139
2026-08-18 20:00:40,545 INFO Epoch: 1, loss: 0.5925840735435486, labeled_loss: 0.5925840735435486, unnlabeled_loss: 0.0, mixup_loss: 0.0, energy_loss: 0.0
2026-08-18 20:00:40,545 INFO Best AUROC test all: 0.45601419473736743, AUPR test all: 0.13942255539001358, AUROC test unknown: 0.4207405677759701, AUPR test unknown: 0.11012838326459748
2026-08-18 20:00:42,874 INFO Epoch: 2, loss: 0.4902300536632538, labeled_loss: 0.4902300536632538, unnlabeled_loss: 0.0, mixup_loss: 0.0, energy_loss: 0.0
2026-08-18 20:00:42,874 INFO Best AUROC test all: 0.45601419473736743, AUPR test all: 0.13942255539001358, AUROC test unknown: 0.4207405677759701, AUPR test unknown: 0.11012838326459748
2026-08-18 20:00:45,067 INFO Epoch: 3, loss: 0.3912615180015564, labeled_loss: 0.3912615180015564, unnlabeled_loss: 0.0, mixup_loss: 0.0, energy_loss: 0.0
2026-08-18 20:00:45,067 INFO Best AUROC test all: 0.45601419473736743, AUPR test all: 0.13942255539001358, AUROC test unknown: 0.4207405677759701, AUPR test unknown: 0.11012838326459748
2026-08-18 20:00:47,233 INFO Epoch: 4, loss: 0.3081924617290497, labeled_loss: 0.3081924617290497, unnlabeled_loss: 0.0, mixup_loss: 0.0, energy_loss: 0.0
2026-08-18 20:00:47,233 INFO Best AUROC test all: 0.45601419473736743, AUPR test all: 0.13942255539001358, AUROC test unknown: 0.4207405677759701, AUPR test unknown: 0.11012838326459748
2026-08-18 20:00:49,397 INFO Epoch: 5, loss: 0.26413023471832275, labeled_loss: 0.26413023471832275, unnlabeled_loss: 0.0, mixup_loss: 0.0, energy_loss: 0.0
2026-08-18 20:00:49,397 INFO Best AUROC test all: 0.45601419473736743, AUPR test all: 0.13942255539001358, AUROC test unknown: 0.4207405677759701, AUPR test unknown: 0.11012838326459748
2026-08-18 20:00:51,696 INFO Epoch: 6, loss: 0.30519822239875793, labeled_loss: 0.2836838364601135, unnlabeled_loss: 0.04302879422903061, mixup_loss: 0.0, energy_loss: 0.0
2026-08-18 20:00:51,697 INFO Best AUROC test all: 0.45601419473736743, AUPR test all: 0.13942255539001358, AUROC test unknown: 0.4207405677759701, AUPR test unknown: 0.11012838326459748
2026-08-18 20:00:53,928 INFO Epoch: 7, loss: 0.3302731513977051, labeled_loss: 0.3197426199913025, unnlabeled_loss: 0.021061046048998833, mixup_loss: 0.0, energy_loss: 0.0
2026-08-18 20:00:53,928 INFO Best AUROC test all: 0.45601419473736743, AUPR test all: 0.13942255539001358, AUROC test unknown: 0.4207405677759701, AUPR test unknown: 0.11012838326459748
2026-08-18 20:00:56,162 INFO Epoch: 8, loss: 0.3528938293457031, labeled_loss: 0.3452848792076111, unnlabeled_loss: 0.015217910520732403, mixup_loss: 0.0, energy_loss: 0.0
2026-08-18 20:00:56,163 INFO Best AUROC test all: 0.45601419473736743, AUPR test all: 0.13942255539001358, AUROC test unknown: 0.4207405677759701, AUPR test unknown: 0.11012838326459748
2026-08-18 20:00:58,468 INFO Epoch: 9, loss: 0.3674768805503845, labeled_loss: 0.3605220317840576, unnlabeled_loss: 0.013909721747040749, mixup_loss: 0.0, energy_loss: 0.0
2026-08-18 20:00:58,468 INFO Best AUROC test all: 0.45601419473736743, AUPR test all: 0.13942255539001358, AUROC test unknown: 0.4207405677759701, AUPR test unknown: 0.11012838326459748
2026-08-18 20:01:01,000 INFO Epoch: 10, loss: 0.34990206360816956, labeled_loss: 0.34276413917541504, unnlabeled_loss: 0.014275867491960526, mixup_loss: 0.0, energy_loss: 0.0
2026-08-18 20:01:01,000 INFO Best AUROC test all: 0.45601419473736743, AUPR test all: 0.13959362764087194, AUROC test unknown: 0.4207405677759701, AUPR test unknown: 0.11012838326459748
2026-08-18 20:01:03,581 INFO Epoch: 11, loss: 0.3169647753238678, labeled_loss: 0.30720651149749756, unnlabeled_loss: 0.01951652206480503, mixup_loss: 0.0, energy_loss: 0.0
2026-08-18 20:01:03,581 INFO Best AUROC test all: 0.4581941755375366, AUPR test all: 0.14077889349352418, AUROC test unknown: 0.4207405677759701, AUPR test unknown: 0.11012838326459748
2026-08-18 20:01:09,539 INFO Epoch: 12, loss: 0.30361437797546387, labeled_loss: 0.29139411449432373, unnlabeled_loss: 0.02444053255021572, mixup_loss: 0.0, energy_loss: 0.0
2026-08-18 20:01:09,539 INFO Best AUROC test all: 0.4581941755375366, AUPR test all: 0.14077889349352418, AUROC test unknown: 0.4207405677759701, AUPR test unknown: 0.11012838326459748
2026-08-18 20:01:12,760 INFO Epoch: 13, loss: 0.2899077236652374, labeled_loss: 0.2770135700702667, unnlabeled_loss: 0.025788331404328346, mixup_loss: 0.0, energy_loss: 0.0
2026-08-18 20:01:12,760 INFO Best AUROC test all: 0.45865981363833863, AUPR test all: 0.1412564579307232, AUROC test unknown: 0.4207405677759701, AUPR test unknown: 0.11012838326459748
2026-08-18 20:01:15,993 INFO Epoch: 14, loss: 0.27842819690704346, labeled_loss: 0.2651049494743347, unnlabeled_loss: 0.026646509766578674, mixup_loss: 0.0, energy_loss: 0.0
2026-08-18 20:01:15,993 INFO Best AUROC test all: 0.4596388646485316, AUPR test all: 0.14173082149464233, AUROC test unknown: 0.4207405677759701, AUPR test unknown: 0.11012838326459748
2026-08-18 20:01:19,260 INFO Epoch: 15, loss: 0.27101248502731323, labeled_loss: 0.26315292716026306, unnlabeled_loss: 0.01571909338235855, mixup_loss: 0.0, energy_loss: 0.0
2026-08-18 20:01:19,260 INFO Best AUROC test all: 0.4657620905357164, AUPR test all: 0.1435352360246816, AUROC test unknown: 0.4207405677759701, AUPR test unknown: 0.11012838326459748
2026-08-18 20:01:22,754 INFO Epoch: 16, loss: 0.26956382393836975, labeled_loss: 0.2637271285057068, unnlabeled_loss: 0.011673408560454845, mixup_loss: 0.0, energy_loss: 0.0
2026-08-18 20:01:22,754 INFO Best AUROC test all: 0.4666532753472997, AUPR test all: 0.14443565895572874, AUROC test unknown: 0.4207405677759701, AUPR test unknown: 0.11012838326459748
2026-08-18 20:01:26,495 INFO Epoch: 17, loss: 0.27243396639823914, labeled_loss: 0.26891806721687317, unnlabeled_loss: 0.007031797431409359, mixup_loss: 0.0, energy_loss: 0.0
2026-08-18 20:01:26,495 INFO Best AUROC test all: 0.46979604583299084, AUPR test all: 0.14529820356913398, AUROC test unknown: 0.4227049622594763, AUPR test unknown: 0.11017576284311767
2026-08-18 20:01:30,519 INFO Epoch: 18, loss: 0.2707769274711609, labeled_loss: 0.26837268471717834, unnlabeled_loss: 0.004808510188013315, mixup_loss: 0.0, energy_loss: 0.0
2026-08-18 20:01:30,519 INFO Best AUROC test all: 0.4698345546681424, AUPR test all: 0.14529820356913398, AUROC test unknown: 0.4227049622594763, AUPR test unknown: 0.11017576284311767
2026-08-18 20:01:34,583 INFO Epoch: 19, loss: 0.2715582549571991, labeled_loss: 0.26914140582084656, unnlabeled_loss: 0.004833701997995377, mixup_loss: 0.0, energy_loss: 0.0
2026-08-18 20:01:34,583 INFO Best AUROC test all: 0.4704970717689092, AUPR test all: 0.14529820356913398, AUROC test unknown: 0.4227049622594763, AUPR test unknown: 0.11017576284311767
2026-08-18 20:01:39,643 INFO Epoch: 20, loss: 0.27157068252563477, labeled_loss: 0.26967814564704895, unnlabeled_loss: 0.003785101231187582, mixup_loss: 0.0, energy_loss: 0.0
2026-08-18 20:01:39,643 INFO Best AUROC test all: 0.4745822880826004, AUPR test all: 0.14702735947057616, AUROC test unknown: 0.42614122710591584, AUPR test unknown: 0.11082478936246187
2026-08-18 20:01:44,891 INFO Epoch: 21, loss: 0.26686355471611023, labeled_loss: 0.2641163170337677, unnlabeled_loss: 0.005494468379765749, mixup_loss: 0.0, energy_loss: 0.0
2026-08-18 20:01:44,891 INFO Best AUROC test all: 0.4758524833175781, AUPR test all: 0.1481179272578697, AUROC test unknown: 0.42614122710591584, AUPR test unknown: 0.1109660642879883
2026-08-18 20:01:50,297 INFO Epoch: 22, loss: 0.26548340916633606, labeled_loss: 0.261048823595047, unnlabeled_loss: 0.00886915810406208, mixup_loss: 0.0, energy_loss: 0.0
2026-08-18 20:01:50,297 INFO Best AUROC test all: 0.4758524833175781, AUPR test all: 0.1481179272578697, AUROC test unknown: 0.42614122710591584, AUPR test unknown: 0.1109660642879883
2026-08-18 20:01:55,488 INFO Epoch: 23, loss: 0.2598014771938324, labeled_loss: 0.2532992362976074, unnlabeled_loss: 0.013004501350224018, mixup_loss: 0.0, energy_loss: 0.0
2026-08-18 20:01:55,488 INFO Best AUROC test all: 0.47859860592053494, AUPR test all: 0.14896633028023049, AUROC test unknown: 0.42777577214007867, AUPR test unknown: 0.11100656339372397
2026-08-18 20:02:00,961 INFO Epoch: 24, loss: 0.2662447392940521, labeled_loss: 0.2575392425060272, unnlabeled_loss: 0.017411015927791595, mixup_loss: 0.0, energy_loss: 0.0
2026-08-18 20:02:00,961 INFO Best AUROC test all: 0.47859860592053494, AUPR test all: 0.14896633028023049, AUROC test unknown: 0.42777577214007867, AUPR test unknown: 0.11100656339372397
2026-08-18 20:02:07,672 INFO Epoch: 25, loss: 0.26316142082214355, labeled_loss: 0.2542215585708618, unnlabeled_loss: 0.01787971332669258, mixup_loss: 0.0, energy_loss: 0.0
2026-08-18 20:02:07,673 INFO Best AUROC test all: 0.4814655760829996, AUPR test all: 0.15043192054320814, AUROC test unknown: 0.42805894346211054, AUPR test unknown: 0.11121344640991326
2026-08-18 20:02:14,383 INFO Epoch: 26, loss: 0.26818010210990906, labeled_loss: 0.2560998201370239, unnlabeled_loss: 0.024160539731383324, mixup_loss: 0.0, energy_loss: 0.0
2026-08-18 20:02:14,383 INFO Best AUROC test all: 0.4814655760829996, AUPR test all: 0.15043192054320814, AUROC test unknown: 0.4283911128423324, AUPR test unknown: 0.11121344640991326
2026-08-18 20:02:21,022 INFO Epoch: 27, loss: 0.2735704779624939, labeled_loss: 0.2588431239128113, unnlabeled_loss: 0.029454723000526428, mixup_loss: 0.0, energy_loss: 0.0
2026-08-18 20:02:21,022 INFO Best AUROC test all: 0.482152588380873, AUPR test all: 0.1504887755418105, AUROC test unknown: 0.4296442109283391, AUPR test unknown: 0.11121344640991326
2026-08-18 20:02:27,391 INFO Epoch: 28, loss: 0.2754305899143219, labeled_loss: 0.2614101469516754, unnlabeled_loss: 0.028040871024131775, mixup_loss: 0.0, energy_loss: 0.0
2026-08-18 20:02:27,392 INFO Best AUROC test all: 0.4831815013372359, AUPR test all: 0.1509797617600737, AUROC test unknown: 0.4321770723299664, AUPR test unknown: 0.11198513134758872
2026-08-18 20:02:34,021 INFO Epoch: 29, loss: 0.2720479667186737, labeled_loss: 0.258592814207077, unnlabeled_loss: 0.02691028080880642, mixup_loss: 0.0, energy_loss: 0.0
2026-08-18 20:02:34,021 INFO Best AUROC test all: 0.48664651669122916, AUPR test all: 0.1523575754549604, AUROC test unknown: 0.43334765913943196, AUPR test unknown: 0.11225725719489227
2026-08-18 20:02:40,447 INFO Epoch: 30, loss: 0.2742614448070526, labeled_loss: 0.26157182455062866, unnlabeled_loss: 0.0253792405128479, mixup_loss: 0.0, energy_loss: 0.0
2026-08-18 20:02:40,447 INFO Best AUROC test all: 0.48878996111593875, AUPR test all: 0.1536747010713421, AUROC test unknown: 0.43471451769140157, AUPR test unknown: 0.11265718596280441
2026-08-18 20:02:47,097 INFO Epoch: 31, loss: 0.2755576968193054, labeled_loss: 0.2616840600967407, unnlabeled_loss: 0.027747271582484245, mixup_loss: 0.0, energy_loss: 0.0
2026-08-18 20:02:47,097 INFO Best AUROC test all: 0.48878996111593875, AUPR test all: 0.1536747010713421, AUROC test unknown: 0.43471451769140157, AUPR test unknown: 0.11265718596280441
2026-08-18 20:02:53,867 INFO Epoch: 32, loss: 0.2705569565296173, labeled_loss: 0.2561696767807007, unnlabeled_loss: 0.02877456322312355, mixup_loss: 0.0, energy_loss: 0.0
2026-08-18 20:02:53,867 INFO Best AUROC test all: 0.4932706555978956, AUPR test all: 0.15624417930370907, AUROC test unknown: 0.4382001719096732, AUPR test unknown: 0.11351649088687785
2026-08-18 20:03:00,644 INFO Epoch: 33, loss: 0.26526910066604614, labeled_loss: 0.2525534927845001, unnlabeled_loss: 0.025431234389543533, mixup_loss: 0.0, energy_loss: 0.0
2026-08-18 20:03:00,644 INFO Best AUROC test all: 0.4932706555978956, AUPR test all: 0.15624417930370907, AUROC test unknown: 0.4382001719096732, AUPR test unknown: 0.11351649088687785
2026-08-18 20:03:07,460 INFO Epoch: 34, loss: 0.2600366771221161, labeled_loss: 0.2478780448436737, unnlabeled_loss: 0.024317258968949318, mixup_loss: 0.0, energy_loss: 0.0
2026-08-18 20:03:07,461 INFO Best AUROC test all: 0.4970157602281668, AUPR test all: 0.15875193890963896, AUROC test unknown: 0.43888569750874085, AUPR test unknown: 0.11351649088687785
2026-08-18 20:03:14,076 INFO Epoch: 35, loss: 0.2570670545101166, labeled_loss: 0.24617062509059906, unnlabeled_loss: 0.021792853251099586, mixup_loss: 0.0, energy_loss: 0.0
2026-08-18 20:03:14,076 INFO Best AUROC test all: 0.500567357388412, AUPR test all: 0.16039295139667856, AUROC test unknown: 0.4426031212070528, AUPR test unknown: 0.11409099021605801
2026-08-18 20:03:20,917 INFO Epoch: 36, loss: 0.25528883934020996, labeled_loss: 0.24319280683994293, unnlabeled_loss: 0.024192042648792267, mixup_loss: 0.0, energy_loss: 0.0
2026-08-18 20:03:20,917 INFO Best AUROC test all: 0.5012477413042968, AUPR test all: 0.16169674893568192, AUROC test unknown: 0.44288196012804676, AUPR test unknown: 0.1143727130443593
2026-08-18 20:03:27,840 INFO Epoch: 37, loss: 0.2543216943740845, labeled_loss: 0.24341906607151031, unnlabeled_loss: 0.021805232390761375, mixup_loss: 0.0, energy_loss: 0.0
2026-08-18 20:03:27,840 INFO Best AUROC test all: 0.5041035647759432, AUPR test all: 0.163186056032523, AUROC test unknown: 0.444092153468291, AUPR test unknown: 0.11450283985061449
2026-08-18 20:03:34,846 INFO Epoch: 38, loss: 0.24901209771633148, labeled_loss: 0.23960790038108826, unnlabeled_loss: 0.01880839839577675, mixup_loss: 0.0, energy_loss: 0.0
2026-08-18 20:03:34,846 INFO Best AUROC test all: 0.5041035647759432, AUPR test all: 0.163186056032523, AUROC test unknown: 0.444092153468291, AUPR test unknown: 0.11450283985061449
2026-08-18 20:03:41,874 INFO Epoch: 39, loss: 0.2526075541973114, labeled_loss: 0.24040484428405762, unnlabeled_loss: 0.024405445903539658, mixup_loss: 0.0, energy_loss: 0.0
2026-08-18 20:03:41,874 INFO Best AUROC test all: 0.5066529001212466, AUPR test all: 0.16445514046336493, AUROC test unknown: 0.4460752471536964, AUPR test unknown: 0.11465544980544096
2026-08-18 20:03:48,805 INFO Epoch: 40, loss: 0.2511523365974426, labeled_loss: 0.2392960637807846, unnlabeled_loss: 0.023712534457445145, mixup_loss: 0.0, energy_loss: 0.0
2026-08-18 20:03:48,805 INFO Best AUROC test all: 0.5111228836883638, AUPR test all: 0.16635797630822557, AUROC test unknown: 0.4509206603764303, AUPR test unknown: 0.11596094383422144
2026-08-18 20:03:55,683 INFO Epoch: 41, loss: 0.25379693508148193, labeled_loss: 0.24066990613937378, unnlabeled_loss: 0.026254042983055115, mixup_loss: 0.0, energy_loss: 0.0
2026-08-18 20:03:55,683 INFO Best AUROC test all: 0.5111455211036673, AUPR test all: 0.16718375824417125, AUROC test unknown: 0.45093231593277106, AUPR test unknown: 0.11619173745993716
2026-08-18 20:04:02,862 INFO Epoch: 42, loss: 0.24599207937717438, labeled_loss: 0.23431938886642456, unnlabeled_loss: 0.02334538847208023, mixup_loss: 0.0, energy_loss: 0.0
2026-08-18 20:04:02,863 INFO Best AUROC test all: 0.5117897356133376, AUPR test all: 0.16718375824417125, AUROC test unknown: 0.45093231593277106, AUPR test unknown: 0.11619173745993716
2026-08-18 20:04:09,773 INFO Epoch: 43, loss: 0.24721714854240417, labeled_loss: 0.2346951961517334, unnlabeled_loss: 0.025043899193406105, mixup_loss: 0.0, energy_loss: 0.0
2026-08-18 20:04:09,773 INFO Best AUROC test all: 0.5141057014543725, AUPR test all: 0.16901318288375966, AUROC test unknown: 0.45258955715817745, AUPR test unknown: 0.1164098583510757
2026-08-18 20:04:16,642 INFO Epoch: 44, loss: 0.2512427866458893, labeled_loss: 0.23706422746181488, unnlabeled_loss: 0.028357114642858505, mixup_loss: 0.0, energy_loss: 0.0
2026-08-18 20:04:16,642 INFO Best AUROC test all: 0.5151493161161149, AUPR test all: 0.17039222205984433, AUROC test unknown: 0.4529751128995759, AUPR test unknown: 0.11646638305441306
2026-08-18 20:04:23,732 INFO Epoch: 45, loss: 0.2508264482021332, labeled_loss: 0.23707215487957, unnlabeled_loss: 0.027508588507771492, mixup_loss: 0.0, energy_loss: 0.0
2026-08-18 20:04:23,732 INFO Best AUROC test all: 0.5151493161161149, AUPR test all: 0.17139736591631483, AUROC test unknown: 0.4529751128995759, AUPR test unknown: 0.11646638305441306
2026-08-18 20:04:30,731 INFO Epoch: 46, loss: 0.25197258591651917, labeled_loss: 0.2385324239730835, unnlabeled_loss: 0.02688031643629074, mixup_loss: 0.0, energy_loss: 0.0
2026-08-18 20:04:30,732 INFO Best AUROC test all: 0.5189300626343107, AUPR test all: 0.17352779791313683, AUROC test unknown: 0.4549005437247155, AUPR test unknown: 0.11673683183533635
2026-08-18 20:04:37,644 INFO Epoch: 47, loss: 0.2443997710943222, labeled_loss: 0.22994762659072876, unnlabeled_loss: 0.02890429086983204, mixup_loss: 0.0, energy_loss: 0.0
2026-08-18 20:04:37,644 INFO Best AUROC test all: 0.5240963244727386, AUPR test all: 0.17495848323552005, AUROC test unknown: 0.46058647069977615, AUPR test unknown: 0.11755228635261537
2026-08-18 20:04:44,520 INFO Epoch: 48, loss: 0.2414243370294571, labeled_loss: 0.22806058824062347, unnlabeled_loss: 0.02672750875353813, mixup_loss: 0.0, energy_loss: 0.0
2026-08-18 20:04:44,520 INFO Best AUROC test all: 0.5272312280552391, AUPR test all: 0.17993693094898344, AUROC test unknown: 0.46244579747036973, AUPR test unknown: 0.1189982996071649
2026-08-18 20:04:51,682 INFO Epoch: 49, loss: 0.24113981425762177, labeled_loss: 0.2263934314250946, unnlabeled_loss: 0.029492773115634918, mixup_loss: 0.0, energy_loss: 0.0
2026-08-18 20:04:51,682 INFO Best AUROC test all: 0.5273853780737344, AUPR test all: 0.17993693094898344, AUROC test unknown: 0.46246622963268397, AUPR test unknown: 0.1189982996071649
2026-08-18 20:04:58,585 INFO Epoch: 50, loss: 0.23736771941184998, labeled_loss: 0.22326502203941345, unnlabeled_loss: 0.028205392882227898, mixup_loss: 0.0, energy_loss: 0.0
2026-08-18 20:04:58,585 INFO Best AUROC test all: 0.5316737348001339, AUPR test all: 0.18224230982526587, AUROC test unknown: 0.4664425352562411, AUPR test unknown: 0.11963440242184979
2026-08-18 20:05:05,513 INFO Epoch: 51, loss: 0.23144614696502686, labeled_loss: 0.21942682564258575, unnlabeled_loss: 0.024038629606366158, mixup_loss: 0.0, energy_loss: 0.0
2026-08-18 20:05:05,513 INFO Best AUROC test all: 0.5339199306134551, AUPR test all: 0.18471760374416615, AUROC test unknown: 0.4677937412625254, AUPR test unknown: 0.11964547176119858
2026-08-18 20:05:12,409 INFO Epoch: 52, loss: 0.23392842710018158, labeled_loss: 0.22175472974777222, unnlabeled_loss: 0.024347402155399323, mixup_loss: 0.0, energy_loss: 0.0
2026-08-18 20:05:12,409 INFO Best AUROC test all: 0.535386958977242, AUPR test all: 0.18635295758949777, AUROC test unknown: 0.4689019135460708, AUPR test unknown: 0.12002770675174121
2026-08-18 20:05:19,263 INFO Epoch: 53, loss: 0.23251746594905853, labeled_loss: 0.21723505854606628, unnlabeled_loss: 0.030564812943339348, mixup_loss: 0.0, energy_loss: 0.0
2026-08-18 20:05:19,264 INFO Best AUROC test all: 0.5369254775370785, AUPR test all: 0.1874813524457744, AUROC test unknown: 0.4705402040108083, AUPR test unknown: 0.12084629797084641
2026-08-18 20:05:26,213 INFO Epoch: 54, loss: 0.23587565124034882, labeled_loss: 0.22196196019649506, unnlabeled_loss: 0.027827393263578415, mixup_loss: 0.0, energy_loss: 0.0
2026-08-18 20:05:26,213 INFO Best AUROC test all: 0.5387041315966392, AUPR test all: 0.1895585545321846, AUROC test unknown: 0.4705402040108083, AUPR test unknown: 0.12086233423740605
2026-08-18 20:05:33,082 INFO Epoch: 55, loss: 0.2310185730457306, labeled_loss: 0.21766576170921326, unnlabeled_loss: 0.026705622673034668, mixup_loss: 0.0, energy_loss: 0.0
2026-08-18 20:05:33,082 INFO Best AUROC test all: 0.5400300832212854, AUPR test all: 0.19232481456740355, AUROC test unknown: 0.4729425902637588, AUPR test unknown: 0.12172174596441536
2026-08-18 20:05:40,010 INFO Epoch: 56, loss: 0.22682435810565948, labeled_loss: 0.2125411182641983, unnlabeled_loss: 0.02856646664440632, mixup_loss: 0.0, energy_loss: 0.0
2026-08-18 20:05:40,010 INFO Best AUROC test all: 0.5431863168911539, AUPR test all: 0.19445628029746911, AUROC test unknown: 0.4761547721481285, AUPR test unknown: 0.12257516391734538
2026-08-18 20:05:46,917 INFO Epoch: 57, loss: 0.2338263839483261, labeled_loss: 0.2196469008922577, unnlabeled_loss: 0.02835896424949169, mixup_loss: 0.0, energy_loss: 0.0
2026-08-18 20:05:46,917 INFO Best AUROC test all: 0.5431863168911539, AUPR test all: 0.19510976913022365, AUROC test unknown: 0.4761547721481285, AUPR test unknown: 0.12257516391734538
2026-08-18 20:05:53,848 INFO Epoch: 58, loss: 0.2240743786096573, labeled_loss: 0.21099543571472168, unnlabeled_loss: 0.02615787275135517, mixup_loss: 0.0, energy_loss: 0.0
2026-08-18 20:05:53,848 INFO Best AUROC test all: 0.5431863168911539, AUPR test all: 0.19777855957933793, AUROC test unknown: 0.4761547721481285, AUPR test unknown: 0.12257516391734538
2026-08-18 20:06:00,787 INFO Epoch: 59, loss: 0.2203558087348938, labeled_loss: 0.20747780799865723, unnlabeled_loss: 0.025756003335118294, mixup_loss: 0.0, energy_loss: 0.0
2026-08-18 20:06:00,787 INFO Best AUROC test all: 0.5478764131985627, AUPR test all: 0.2029725777499503, AUROC test unknown: 0.4802157412732585, AUPR test unknown: 0.12324081980279719
2026-08-18 20:06:07,918 INFO Epoch: 60, loss: 0.22214308381080627, labeled_loss: 0.20770035684108734, unnlabeled_loss: 0.02888546511530876, mixup_loss: 0.0, energy_loss: 0.0
2026-08-18 20:06:07,918 INFO Best AUROC test all: 0.5478764131985627, AUPR test all: 0.20402786890376967, AUROC test unknown: 0.4802157412732585, AUPR test unknown: 0.12324081980279719
2026-08-18 20:06:14,948 INFO Epoch: 61, loss: 0.2153903841972351, labeled_loss: 0.20293088257312775, unnlabeled_loss: 0.024918992072343826, mixup_loss: 0.0, energy_loss: 0.0
2026-08-18 20:06:14,948 INFO Best AUROC test all: 0.5496908008883592, AUPR test all: 0.20994853040316294, AUROC test unknown: 0.4802157412732585, AUPR test unknown: 0.12324081980279719
2026-08-18 20:06:21,828 INFO Epoch: 62, loss: 0.21646922826766968, labeled_loss: 0.20285490155220032, unnlabeled_loss: 0.027228642255067825, mixup_loss: 0.0, energy_loss: 0.0
2026-08-18 20:06:21,828 INFO Best AUROC test all: 0.5540226893414517, AUPR test all: 0.21616782817805286, AUROC test unknown: 0.48421239520620657, AUPR test unknown: 0.12421773403944278
2026-08-18 20:06:28,877 INFO Epoch: 63, loss: 0.21166519820690155, labeled_loss: 0.1981145143508911, unnlabeled_loss: 0.027101362124085426, mixup_loss: 0.0, energy_loss: 0.0
2026-08-18 20:06:28,877 INFO Best AUROC test all: 0.5541034225753608, AUPR test all: 0.22134187624709842, AUROC test unknown: 0.48421239520620657, AUPR test unknown: 0.12485197544451493
2026-08-18 20:06:36,026 INFO Epoch: 64, loss: 0.21160534024238586, labeled_loss: 0.19872675836086273, unnlabeled_loss: 0.025757160037755966, mixup_loss: 0.0, energy_loss: 0.0
2026-08-18 20:06:36,026 INFO Best AUROC test all: 0.5572318124537619, AUPR test all: 0.22891103538921148, AUROC test unknown: 0.48754582841768856, AUPR test unknown: 0.12558486090980506
2026-08-18 20:06:43,025 INFO Epoch: 65, loss: 0.210080087184906, labeled_loss: 0.1968064159154892, unnlabeled_loss: 0.026547349989414215, mixup_loss: 0.0, energy_loss: 0.0
2026-08-18 20:06:43,025 INFO Best AUROC test all: 0.5572318124537619, AUPR test all: 0.22891103538921148, AUROC test unknown: 0.48754582841768856, AUPR test unknown: 0.12558486090980506
2026-08-18 20:06:49,892 INFO Epoch: 66, loss: 0.20874162018299103, labeled_loss: 0.19786977767944336, unnlabeled_loss: 0.02174367569386959, mixup_loss: 0.0, energy_loss: 0.0
2026-08-18 20:06:49,892 INFO Best AUROC test all: 0.5577370373618727, AUPR test all: 0.23312547178595874, AUROC test unknown: 0.48777751404480557, AUPR test unknown: 0.12558486090980506
2026-08-18 20:06:56,792 INFO Epoch: 67, loss: 0.20538271963596344, labeled_loss: 0.19205111265182495, unnlabeled_loss: 0.026663200929760933, mixup_loss: 0.0, energy_loss: 0.0
2026-08-18 20:06:56,792 INFO Best AUROC test all: 0.5598472022631726, AUPR test all: 0.23432366531810433, AUROC test unknown: 0.4890008163920614, AUPR test unknown: 0.12558486090980506
2026-08-18 20:07:03,710 INFO Epoch: 68, loss: 0.2083604484796524, labeled_loss: 0.19435285031795502, unnlabeled_loss: 0.02801518328487873, mixup_loss: 0.0, energy_loss: 0.0
2026-08-18 20:07:03,710 INFO Best AUROC test all: 0.5671655781747242, AUPR test all: 0.24096074133488915, AUROC test unknown: 0.49755873394160616, AUPR test unknown: 0.1278331450666519
2026-08-18 20:07:10,631 INFO Epoch: 69, loss: 0.20186454057693481, labeled_loss: 0.18955519795417786, unnlabeled_loss: 0.02461869828402996, mixup_loss: 0.0, energy_loss: 0.0
2026-08-18 20:07:10,631 INFO Best AUROC test all: 0.5671655781747242, AUPR test all: 0.24171026913158628, AUROC test unknown: 0.49755873394160616, AUPR test unknown: 0.1278331450666519
2026-08-18 20:07:17,554 INFO Epoch: 70, loss: 0.1958473026752472, labeled_loss: 0.1837092489004135, unnlabeled_loss: 0.024276092648506165, mixup_loss: 0.0, energy_loss: 0.0
2026-08-18 20:07:17,554 INFO Best AUROC test all: 0.5676558949572554, AUPR test all: 0.24353482553063077, AUROC test unknown: 0.49755873394160616, AUPR test unknown: 0.1278331450666519
2026-08-18 20:07:24,758 INFO Epoch: 71, loss: 0.19780422747135162, labeled_loss: 0.18607129156589508, unnlabeled_loss: 0.02346586249768734, mixup_loss: 0.0, energy_loss: 0.0
2026-08-18 20:07:24,758 INFO Best AUROC test all: 0.5717112262130536, AUPR test all: 0.25081178353378286, AUROC test unknown: 0.5010507609820496, AUPR test unknown: 0.12854475045834074
2026-08-18 20:07:31,740 INFO Epoch: 72, loss: 0.19708451628684998, labeled_loss: 0.18604402244091034, unnlabeled_loss: 0.02208099141716957, mixup_loss: 0.0, energy_loss: 0.0
2026-08-18 20:07:31,740 INFO Best AUROC test all: 0.5729914672311143, AUPR test all: 0.25617128571569364, AUROC test unknown: 0.5026845233889282, AUPR test unknown: 0.12929174577076452
2026-08-18 20:07:38,626 INFO Epoch: 73, loss: 0.18965613842010498, labeled_loss: 0.17771027982234955, unnlabeled_loss: 0.023891720920801163, mixup_loss: 0.0, energy_loss: 0.0
2026-08-18 20:07:38,626 INFO Best AUROC test all: 0.5737582035974729, AUPR test all: 0.25873891389452314, AUROC test unknown: 0.503141689526837, AUPR test unknown: 0.12971569802576563
2026-08-18 20:07:45,537 INFO Epoch: 74, loss: 0.1899455487728119, labeled_loss: 0.1773161143064499, unnlabeled_loss: 0.02525886334478855, mixup_loss: 0.0, energy_loss: 0.0
2026-08-18 20:07:45,537 INFO Best AUROC test all: 0.5766404029836067, AUPR test all: 0.26538512502428935, AUROC test unknown: 0.506152261032585, AUPR test unknown: 0.13055410524903693
2026-08-18 20:07:52,452 INFO Epoch: 75, loss: 0.18712131679058075, labeled_loss: 0.1756548434495926, unnlabeled_loss: 0.02293294481933117, mixup_loss: 0.0, energy_loss: 0.0
2026-08-18 20:07:52,452 INFO Best AUROC test all: 0.5778627087321065, AUPR test all: 0.26538512502428935, AUROC test unknown: 0.5065354968431051, AUPR test unknown: 0.13055410524903693
2026-08-18 20:07:59,345 INFO Epoch: 76, loss: 0.1807328462600708, labeled_loss: 0.16877852380275726, unnlabeled_loss: 0.02390865609049797, mixup_loss: 0.0, energy_loss: 0.0
2026-08-18 20:07:59,345 INFO Best AUROC test all: 0.5835995389398405, AUPR test all: 0.2694108283615644, AUROC test unknown: 0.513008439405418, AUPR test unknown: 0.13232660908235927
2026-08-18 20:08:06,234 INFO Epoch: 77, loss: 0.18673594295978546, labeled_loss: 0.17342278361320496, unnlabeled_loss: 0.026626329869031906, mixup_loss: 0.0, energy_loss: 0.0
2026-08-18 20:08:06,234 INFO Best AUROC test all: 0.5835995389398405, AUPR test all: 0.2701635451378216, AUROC test unknown: 0.513008439405418, AUPR test unknown: 0.13232660908235927
2026-08-18 20:08:13,120 INFO Epoch: 78, loss: 0.18196938931941986, labeled_loss: 0.1708884835243225, unnlabeled_loss: 0.022161807864904404, mixup_loss: 0.0, energy_loss: 0.0
2026-08-18 20:08:13,120 INFO Best AUROC test all: 0.5845520305509235, AUPR test all: 0.2732483174367832, AUROC test unknown: 0.5144252463487083, AUPR test unknown: 0.1330496403333868
2026-08-18 20:08:20,026 INFO Epoch: 79, loss: 0.1804642379283905, labeled_loss: 0.1723211407661438, unnlabeled_loss: 0.016286207363009453, mixup_loss: 0.0, energy_loss: 0.0
2026-08-18 20:08:20,026 INFO Best AUROC test all: 0.5887400670599598, AUPR test all: 0.2801368016541318, AUROC test unknown: 0.5177333559773494, AUPR test unknown: 0.13335305161704666
2026-08-18 20:08:26,899 INFO Epoch: 80, loss: 0.17275667190551758, labeled_loss: 0.16416439414024353, unnlabeled_loss: 0.01718457043170929, mixup_loss: 0.0, energy_loss: 0.0
2026-08-18 20:08:26,899 INFO Best AUROC test all: 0.5922507471493829, AUPR test all: 0.286547535452534, AUROC test unknown: 0.5219117750970681, AUPR test unknown: 0.13484721466594857
2026-08-18 20:08:33,782 INFO Epoch: 81, loss: 0.17078585922718048, labeled_loss: 0.15911240875720978, unnlabeled_loss: 0.02334688976407051, mixup_loss: 0.0, energy_loss: 0.0
2026-08-18 20:08:33,782 INFO Best AUROC test all: 0.5956487218094226, AUPR test all: 0.2892577663505749, AUROC test unknown: 0.525734154704395, AUPR test unknown: 0.13618905067934292
2026-08-18 20:08:40,714 INFO Epoch: 82, loss: 0.1693686544895172, labeled_loss: 0.15850411355495453, unnlabeled_loss: 0.021729089319705963, mixup_loss: 0.0, energy_loss: 0.0
2026-08-18 20:08:40,714 INFO Best AUROC test all: 0.5997184566080886, AUPR test all: 0.29363809543342356, AUROC test unknown: 0.5298209225789313, AUPR test unknown: 0.13718469058084257
2026-08-18 20:08:47,659 INFO Epoch: 83, loss: 0.1672147810459137, labeled_loss: 0.1573844850063324, unnlabeled_loss: 0.01966058649122715, mixup_loss: 0.0, energy_loss: 0.0
2026-08-18 20:08:47,659 INFO Best AUROC test all: 0.6024007724335638, AUPR test all: 0.2962849231253716, AUROC test unknown: 0.5326893354286875, AUPR test unknown: 0.13846832359046896
2026-08-18 20:08:54,547 INFO Epoch: 84, loss: 0.15824878215789795, labeled_loss: 0.15055249631404877, unnlabeled_loss: 0.015392573550343513, mixup_loss: 0.0, energy_loss: 0.0
2026-08-18 20:08:54,547 INFO Best AUROC test all: 0.6043904796801789, AUPR test all: 0.3000020462664704, AUROC test unknown: 0.5343300855791755, AUPR test unknown: 0.1390682470676172
2026-08-18 20:09:01,477 INFO Epoch: 85, loss: 0.16284871101379395, labeled_loss: 0.15438026189804077, unnlabeled_loss: 0.016936911270022392, mixup_loss: 0.0, energy_loss: 0.0
2026-08-18 20:09:01,477 INFO Best AUROC test all: 0.6066447488168911, AUPR test all: 0.30128542639985, AUROC test unknown: 0.5372178405032427, AUPR test unknown: 0.1405762418942595
2026-08-18 20:09:08,377 INFO Epoch: 86, loss: 0.15652087330818176, labeled_loss: 0.14885391294956207, unnlabeled_loss: 0.015333926305174828, mixup_loss: 0.0, energy_loss: 0.0
2026-08-18 20:09:08,377 INFO Best AUROC test all: 0.6100594205775802, AUPR test all: 0.30862516915942895, AUROC test unknown: 0.5402637420406805, AUPR test unknown: 0.14161746121973878
2026-08-18 20:09:15,305 INFO Epoch: 87, loss: 0.15464161336421967, labeled_loss: 0.1460893750190735, unnlabeled_loss: 0.017104480415582657, mixup_loss: 0.0, energy_loss: 0.0
2026-08-18 20:09:15,305 INFO Best AUROC test all: 0.6129687756878471, AUPR test all: 0.3088783425514582, AUROC test unknown: 0.5443230341073443, AUPR test unknown: 0.14258708411856713
2026-08-18 20:09:22,220 INFO Epoch: 88, loss: 0.14473608136177063, labeled_loss: 0.1345662921667099, unnlabeled_loss: 0.020339585840702057, mixup_loss: 0.0, energy_loss: 0.0
2026-08-18 20:09:22,220 INFO Best AUROC test all: 0.6193145913577276, AUPR test all: 0.3168811754281248, AUROC test unknown: 0.5508469033450831, AUPR test unknown: 0.14458534035816378
2026-08-18 20:09:29,211 INFO Epoch: 89, loss: 0.14797016978263855, labeled_loss: 0.13749992847442627, unnlabeled_loss: 0.020940497517585754, mixup_loss: 0.0, energy_loss: 0.0
2026-08-18 20:09:29,211 INFO Best AUROC test all: 0.6247228006065267, AUPR test all: 0.3233636811222672, AUROC test unknown: 0.55618509224716, AUPR test unknown: 0.1468847175986911
2026-08-18 20:09:36,208 INFO Epoch: 90, loss: 0.14229904115200043, labeled_loss: 0.13160815834999084, unnlabeled_loss: 0.021381758153438568, mixup_loss: 0.0, energy_loss: 0.0
2026-08-18 20:09:36,208 INFO Best AUROC test all: 0.6259511613475699, AUPR test all: 0.3267053381922084, AUROC test unknown: 0.5577781021333079, AUPR test unknown: 0.14867865471930392
2026-08-18 20:09:43,154 INFO Epoch: 91, loss: 0.13877518475055695, labeled_loss: 0.13053886592388153, unnlabeled_loss: 0.01647264137864113, mixup_loss: 0.0, energy_loss: 0.0
2026-08-18 20:09:43,154 INFO Best AUROC test all: 0.6307421283262092, AUPR test all: 0.3288662254538853, AUROC test unknown: 0.5629504858550181, AUPR test unknown: 0.15035354450876143
2026-08-18 20:09:50,116 INFO Epoch: 92, loss: 0.1321905255317688, labeled_loss: 0.1241266280412674, unnlabeled_loss: 0.016127802431583405, mixup_loss: 0.0, energy_loss: 0.0
2026-08-18 20:09:50,116 INFO Best AUROC test all: 0.6307421283262092, AUPR test all: 0.3333157548387949, AUROC test unknown: 0.5629504858550181, AUPR test unknown: 0.15140470477086354
2026-08-18 20:09:57,043 INFO Epoch: 93, loss: 0.12077568471431732, labeled_loss: 0.11387903988361359, unnlabeled_loss: 0.01379329338669777, mixup_loss: 0.0, energy_loss: 0.0
2026-08-18 20:09:57,043 INFO Best AUROC test all: 0.6394297811688998, AUPR test all: 0.33860611752532294, AUROC test unknown: 0.5726745460090927, AUPR test unknown: 0.15384419801683616
2026-08-18 20:10:03,937 INFO Epoch: 94, loss: 0.12562349438667297, labeled_loss: 0.11752841621637344, unnlabeled_loss: 0.016190150752663612, mixup_loss: 0.0, energy_loss: 0.0
2026-08-18 20:10:03,937 INFO Best AUROC test all: 0.643195596625938, AUPR test all: 0.3447959303594293, AUROC test unknown: 0.5768982457074012, AUPR test unknown: 0.15601192542608425
2026-08-18 20:10:10,891 INFO Epoch: 95, loss: 0.11642667651176453, labeled_loss: 0.10865822434425354, unnlabeled_loss: 0.01553690992295742, mixup_loss: 0.0, energy_loss: 0.0
2026-08-18 20:10:10,891 INFO Best AUROC test all: 0.6446615240819897, AUPR test all: 0.3447959303594293, AUROC test unknown: 0.5787432615790824, AUPR test unknown: 0.15724701789270415
2026-08-18 20:10:17,826 INFO Epoch: 96, loss: 0.10775823891162872, labeled_loss: 0.10083510726690292, unnlabeled_loss: 0.01384626142680645, mixup_loss: 0.0, energy_loss: 0.0
2026-08-18 20:10:17,826 INFO Best AUROC test all: 0.648061540008455, AUPR test all: 0.35012009653594367, AUROC test unknown: 0.5829172923958144, AUPR test unknown: 0.159847783737545
2026-08-18 20:10:24,796 INFO Epoch: 97, loss: 0.10494989901781082, labeled_loss: 0.09927737712860107, unnlabeled_loss: 0.011345049366354942, mixup_loss: 0.0, energy_loss: 0.0
2026-08-18 20:10:24,796 INFO Best AUROC test all: 0.6564917868613268, AUPR test all: 0.35445430855684373, AUROC test unknown: 0.5919461279626915, AUPR test unknown: 0.1626476963113329
2026-08-18 20:10:31,721 INFO Epoch: 98, loss: 0.10535593330860138, labeled_loss: 0.09865288436412811, unnlabeled_loss: 0.013406099751591682, mixup_loss: 0.0, energy_loss: 0.0
2026-08-18 20:10:31,722 INFO Best AUROC test all: 0.6674172869670139, AUPR test all: 0.368481461651041, AUROC test unknown: 0.6037105253978207, AUPR test unknown: 0.16986035654244103
2026-08-18 20:10:38,633 INFO Epoch: 99, loss: 0.09919742494821548, labeled_loss: 0.09195174276828766, unnlabeled_loss: 0.014491366222500801, mixup_loss: 0.0, energy_loss: 0.0
2026-08-18 20:10:38,633 INFO Best AUROC test all: 0.6731685436531936, AUPR test all: 0.37487252137197913, AUROC test unknown: 0.6100621886820468, AUPR test unknown: 0.173207495251348
2026-08-18 20:10:45,537 INFO Epoch: 100, loss: 0.09890144318342209, labeled_loss: 0.09207542985677719, unnlabeled_loss: 0.01365202572196722, mixup_loss: 0.0, energy_loss: 0.0
2026-08-18 20:10:45,537 INFO Best AUROC test all: 0.6731685436531936, AUPR test all: 0.37487252137197913, AUROC test unknown: 0.6100621886820468, AUPR test unknown: 0.173207495251348
2026-08-18 20:10:52,446 INFO Epoch: 101, loss: 0.08303942531347275, labeled_loss: 0.07821990549564362, unnlabeled_loss: 0.009639034979045391, mixup_loss: 0.0, energy_loss: 0.0
2026-08-18 20:10:52,446 INFO Best AUROC test all: 0.6731685436531936, AUPR test all: 0.37487252137197913, AUROC test unknown: 0.6100621886820468, AUPR test unknown: 0.173207495251348
2026-08-18 20:10:59,375 INFO Epoch: 102, loss: 0.08690070360898972, labeled_loss: 0.08357066661119461, unnlabeled_loss: 0.006660078186541796, mixup_loss: 0.0, energy_loss: 0.0
2026-08-18 20:10:59,375 INFO Best AUROC test all: 0.6765438579623518, AUPR test all: 0.3774650737011668, AUROC test unknown: 0.6142709625600051, AUPR test unknown: 0.17661032622119527
2026-08-18 20:11:06,290 INFO Epoch: 103, loss: 0.08027201890945435, labeled_loss: 0.07655993103981018, unnlabeled_loss: 0.0074241748079657555, mixup_loss: 0.0, energy_loss: 0.0
2026-08-18 20:11:06,290 INFO Best AUROC test all: 0.6929783921169135, AUPR test all: 0.39481501999366325, AUROC test unknown: 0.6328327574687239, AUPR test unknown: 0.18819783738113186
2026-08-18 20:11:13,207 INFO Epoch: 104, loss: 0.08933338522911072, labeled_loss: 0.08412293344736099, unnlabeled_loss: 0.010420896112918854, mixup_loss: 0.0, energy_loss: 0.0
2026-08-18 20:11:13,208 INFO Best AUROC test all: 0.7035627943093345, AUPR test all: 0.4020274742782438, AUROC test unknown: 0.6455374815858981, AUPR test unknown: 0.19693559828015803
2026-08-18 20:11:20,113 INFO Epoch: 105, loss: 0.0805312842130661, labeled_loss: 0.0745013952255249, unnlabeled_loss: 0.012059780769050121, mixup_loss: 0.0, energy_loss: 0.0
2026-08-18 20:11:20,113 INFO Best AUROC test all: 0.7035627943093345, AUPR test all: 0.4033554124339038, AUROC test unknown: 0.6455374815858981, AUPR test unknown: 0.19693559828015803
2026-08-18 20:11:26,991 INFO Epoch: 106, loss: 0.07542363554239273, labeled_loss: 0.07110916823148727, unnlabeled_loss: 0.00862892810255289, mixup_loss: 0.0, energy_loss: 0.0
2026-08-18 20:11:26,991 INFO Best AUROC test all: 0.7035627943093345, AUPR test all: 0.4033554124339038, AUROC test unknown: 0.6455374815858981, AUPR test unknown: 0.19693559828015803
2026-08-18 20:11:33,891 INFO Epoch: 107, loss: 0.07848110795021057, labeled_loss: 0.07549387216567993, unnlabeled_loss: 0.005974475294351578, mixup_loss: 0.0, energy_loss: 0.0
2026-08-18 20:11:33,891 INFO Best AUROC test all: 0.7126896175960286, AUPR test all: 0.41611115501393514, AUROC test unknown: 0.6557434165392848, AUPR test unknown: 0.206899127076921
2026-08-18 20:11:40,762 INFO Epoch: 108, loss: 0.061594702303409576, labeled_loss: 0.05709727108478546, unnlabeled_loss: 0.008994858711957932, mixup_loss: 0.0, energy_loss: 0.0
2026-08-18 20:11:40,762 INFO Best AUROC test all: 0.723371083153763, AUPR test all: 0.4289193411681899, AUROC test unknown: 0.6682192780777602, AUPR test unknown: 0.21780538241570754
2026-08-18 20:11:48,165 INFO Epoch: 109, loss: 0.06461305916309357, labeled_loss: 0.05877453461289406, unnlabeled_loss: 0.01167704164981842, mixup_loss: 0.0, energy_loss: 0.0
2026-08-18 20:11:48,166 INFO Best AUROC test all: 0.723371083153763, AUPR test all: 0.4289193411681899, AUROC test unknown: 0.6682192780777602, AUPR test unknown: 0.21780538241570754
2026-08-18 20:11:55,076 INFO Epoch: 110, loss: 0.06057833507657051, labeled_loss: 0.05781242996454239, unnlabeled_loss: 0.005531808361411095, mixup_loss: 0.0, energy_loss: 0.0
2026-08-18 20:11:55,076 INFO Best AUROC test all: 0.723371083153763, AUPR test all: 0.4289193411681899, AUROC test unknown: 0.6682192780777602, AUPR test unknown: 0.21780538241570754
2026-08-18 20:12:01,996 INFO Epoch: 111, loss: 0.046573806554079056, labeled_loss: 0.04329287260770798, unnlabeled_loss: 0.006561865098774433, mixup_loss: 0.0, energy_loss: 0.0
2026-08-18 20:12:01,997 INFO Best AUROC test all: 0.7332144368269785, AUPR test all: 0.4363300269837818, AUROC test unknown: 0.6800606524964916, AUPR test unknown: 0.2244226771705272
2026-08-18 20:12:08,908 INFO Epoch: 112, loss: 0.06007632985711098, labeled_loss: 0.05570315569639206, unnlabeled_loss: 0.008746350184082985, mixup_loss: 0.0, energy_loss: 0.0
2026-08-18 20:12:08,908 INFO Best AUROC test all: 0.738454413612504, AUPR test all: 0.4428033786847412, AUROC test unknown: 0.6858931543815052, AUPR test unknown: 0.2325118649204354
2026-08-18 20:12:15,827 INFO Epoch: 113, loss: 0.043594520539045334, labeled_loss: 0.03947734087705612, unnlabeled_loss: 0.008234362117946148, mixup_loss: 0.0, energy_loss: 0.0
2026-08-18 20:12:15,827 INFO Best AUROC test all: 0.7465751219071832, AUPR test all: 0.44867425852441656, AUROC test unknown: 0.6956924865097416, AUPR test unknown: 0.2370950861198571
2026-08-18 20:12:22,753 INFO Epoch: 114, loss: 0.038531653583049774, labeled_loss: 0.033810146152973175, unnlabeled_loss: 0.009443012997508049, mixup_loss: 0.0, energy_loss: 0.0
2026-08-18 20:12:22,753 INFO Best AUROC test all: 0.7513810887537137, AUPR test all: 0.45729778092317197, AUROC test unknown: 0.7016843928019756, AUPR test unknown: 0.24654660925312527
2026-08-18 20:12:29,653 INFO Epoch: 115, loss: 0.028497636318206787, labeled_loss: 0.021497825160622597, unnlabeled_loss: 0.013999621383845806, mixup_loss: 0.0, energy_loss: 0.0
2026-08-18 20:12:29,654 INFO Best AUROC test all: 0.7513810887537137, AUPR test all: 0.45729778092317197, AUROC test unknown: 0.7016843928019756, AUPR test unknown: 0.24654660925312527
2026-08-18 20:12:36,926 INFO Epoch: 116, loss: 0.03506029397249222, labeled_loss: 0.0297754667699337, unnlabeled_loss: 0.010569654405117035, mixup_loss: 0.0, energy_loss: 0.0
2026-08-18 20:12:36,927 INFO Best AUROC test all: 0.7513810887537137, AUPR test all: 0.45729778092317197, AUROC test unknown: 0.7016843928019756, AUPR test unknown: 0.24654660925312527
2026-08-18 20:12:43,783 INFO Epoch: 117, loss: 0.031857628375291824, labeled_loss: 0.0264765452593565, unnlabeled_loss: 0.010762165300548077, mixup_loss: 0.0, energy_loss: 0.0
2026-08-18 20:12:43,783 INFO Best AUROC test all: 0.7513810887537137, AUPR test all: 0.45729778092317197, AUROC test unknown: 0.7016843928019756, AUPR test unknown: 0.24654660925312527
2026-08-18 20:12:50,651 INFO Epoch: 118, loss: 0.04330460727214813, labeled_loss: 0.033788952976465225, unnlabeled_loss: 0.019031310454010963, mixup_loss: 0.0, energy_loss: 0.0
2026-08-18 20:12:50,651 INFO Best AUROC test all: 0.7627350025174091, AUPR test all: 0.4663392122911786, AUROC test unknown: 0.7149031073880909, AUPR test unknown: 0.257952304685972
2026-08-18 20:12:57,663 INFO Epoch: 119, loss: 0.04306573420763016, labeled_loss: 0.025519410148262978, unnlabeled_loss: 0.03509264811873436, mixup_loss: 0.0, energy_loss: 0.0
2026-08-18 20:12:57,663 INFO Best AUROC test all: 0.7627350025174091, AUPR test all: 0.4663392122911786, AUROC test unknown: 0.7149031073880909, AUPR test unknown: 0.257952304685972
2026-08-18 20:13:04,636 INFO Epoch: 120, loss: 0.03812013566493988, labeled_loss: 0.016915196552872658, unnlabeled_loss: 0.042409881949424744, mixup_loss: 0.0, energy_loss: 0.0
2026-08-18 20:13:04,636 INFO Best AUROC test all: 0.7627350025174091, AUPR test all: 0.4663392122911786, AUROC test unknown: 0.7149031073880909, AUPR test unknown: 0.257952304685972
2026-08-18 20:13:11,525 INFO Epoch: 121, loss: 0.04009627178311348, labeled_loss: 0.029223918914794922, unnlabeled_loss: 0.021744703873991966, mixup_loss: 0.0, energy_loss: 0.0
2026-08-18 20:13:11,525 INFO Best AUROC test all: 0.7627350025174091, AUPR test all: 0.4663392122911786, AUROC test unknown: 0.7149031073880909, AUPR test unknown: 0.257952304685972
2026-08-18 20:13:18,522 INFO Epoch: 122, loss: 0.02978862076997757, labeled_loss: 0.020853441208600998, unnlabeled_loss: 0.017870357260107994, mixup_loss: 0.0, energy_loss: 0.0
2026-08-18 20:13:18,523 INFO Best AUROC test all: 0.7664436854501098, AUPR test all: 0.4663392122911786, AUROC test unknown: 0.7195356459895047, AUPR test unknown: 0.257952304685972
2026-08-18 20:13:25,565 INFO Epoch: 123, loss: 0.03410724923014641, labeled_loss: 0.027183039113879204, unnlabeled_loss: 0.01384841836988926, mixup_loss: 0.0, energy_loss: 0.0
2026-08-18 20:13:25,566 INFO Best AUROC test all: 0.7880198486325258, AUPR test all: 0.4874016247560764, AUROC test unknown: 0.7453849028066356, AUPR test unknown: 0.2766833906659092
2026-08-18 20:13:32,489 INFO Epoch: 124, loss: 0.05467066913843155, labeled_loss: 0.022280709818005562, unnlabeled_loss: 0.06477992236614227, mixup_loss: 0.0, energy_loss: 0.0
2026-08-18 20:13:32,490 INFO Best AUROC test all: 0.8140223719130547, AUPR test all: 0.5256995849052839, AUROC test unknown: 0.776121024141592, AUPR test unknown: 0.3263728499465493
2026-08-18 20:13:39,627 INFO Epoch: 125, loss: 0.07354728877544403, labeled_loss: 0.03874355927109718, unnlabeled_loss: 0.06960746645927429, mixup_loss: 0.0, energy_loss: 0.0
2026-08-18 20:13:39,627 INFO Best AUROC test all: 0.8140223719130547, AUPR test all: 0.5256995849052839, AUROC test unknown: 0.776121024141592, AUPR test unknown: 0.3263728499465493
2026-08-18 20:13:46,491 INFO Epoch: 126, loss: 0.03700461983680725, labeled_loss: 0.02105756290256977, unnlabeled_loss: 0.03189411014318466, mixup_loss: 0.0, energy_loss: 0.0
2026-08-18 20:13:46,491 INFO Best AUROC test all: 0.8140223719130547, AUPR test all: 0.5256995849052839, AUROC test unknown: 0.776121024141592, AUPR test unknown: 0.3263728499465493
2026-08-18 20:13:53,414 INFO Epoch: 127, loss: 0.07248606532812119, labeled_loss: 0.06918250024318695, unnlabeled_loss: 0.006607132963836193, mixup_loss: 0.0, energy_loss: 0.0
2026-08-18 20:13:53,415 INFO Best AUROC test all: 0.8140223719130547, AUPR test all: 0.5256995849052839, AUROC test unknown: 0.776121024141592, AUPR test unknown: 0.3263728499465493
2026-08-18 20:14:00,299 INFO Epoch: 128, loss: 0.056464023888111115, labeled_loss: 0.031167499721050262, unnlabeled_loss: 0.050593052059412, mixup_loss: 0.0, energy_loss: 0.0
2026-08-18 20:14:00,299 INFO Best AUROC test all: 0.8140223719130547, AUPR test all: 0.5256995849052839, AUROC test unknown: 0.776121024141592, AUPR test unknown: 0.3263728499465493
2026-08-18 20:14:07,215 INFO Epoch: 129, loss: 0.10280415415763855, labeled_loss: 0.02542150765657425, unnlabeled_loss: 0.1547652930021286, mixup_loss: 0.0, energy_loss: 0.0
2026-08-18 20:14:07,215 INFO Best AUROC test all: 0.8140223719130547, AUPR test all: 0.5256995849052839, AUROC test unknown: 0.776121024141592, AUPR test unknown: 0.3263728499465493
2026-08-18 20:14:14,137 INFO Epoch: 130, loss: 0.11839351058006287, labeled_loss: 0.02921215258538723, unnlabeled_loss: 0.17836271226406097, mixup_loss: 0.0, energy_loss: 0.0
2026-08-18 20:14:14,138 INFO Best AUROC test all: 0.8140223719130547, AUPR test all: 0.5256995849052839, AUROC test unknown: 0.776121024141592, AUPR test unknown: 0.3263728499465493
2026-08-18 20:14:21,043 INFO Epoch: 131, loss: 0.03852829337120056, labeled_loss: 0.019065741449594498, unnlabeled_loss: 0.03892510384321213, mixup_loss: 0.0, energy_loss: 0.0
2026-08-18 20:14:21,043 INFO Best AUROC test all: 0.8140223719130547, AUPR test all: 0.5256995849052839, AUROC test unknown: 0.776121024141592, AUPR test unknown: 0.3263728499465493
2026-08-18 20:14:28,013 INFO Epoch: 132, loss: 0.030037084594368935, labeled_loss: 0.028282858431339264, unnlabeled_loss: 0.0035084520932286978, mixup_loss: 0.0, energy_loss: 0.0
2026-08-18 20:14:28,013 INFO Best AUROC test all: 0.8140223719130547, AUPR test all: 0.5256995849052839, AUROC test unknown: 0.776121024141592, AUPR test unknown: 0.3263728499465493
2026-08-18 20:14:34,930 INFO Epoch: 133, loss: 0.05646399408578873, labeled_loss: 0.04620584100484848, unnlabeled_loss: 0.020516306161880493, mixup_loss: 0.0, energy_loss: 0.0
2026-08-18 20:14:34,930 INFO Best AUROC test all: 0.8140223719130547, AUPR test all: 0.5256995849052839, AUROC test unknown: 0.776121024141592, AUPR test unknown: 0.3263728499465493
2026-08-18 20:14:42,133 INFO Epoch: 134, loss: 0.02886037342250347, labeled_loss: 0.02621091715991497, unnlabeled_loss: 0.005298912059515715, mixup_loss: 0.0, energy_loss: 0.0
2026-08-18 20:14:42,133 INFO Best AUROC test all: 0.8140223719130547, AUPR test all: 0.5256995849052839, AUROC test unknown: 0.776121024141592, AUPR test unknown: 0.3263728499465493
2026-08-18 20:14:49,067 INFO Epoch: 135, loss: 0.052515238523483276, labeled_loss: 0.016783753409981728, unnlabeled_loss: 0.0714629739522934, mixup_loss: 0.0, energy_loss: 0.0
2026-08-18 20:14:49,067 INFO Best AUROC test all: 0.8140223719130547, AUPR test all: 0.5256995849052839, AUROC test unknown: 0.776121024141592, AUPR test unknown: 0.3263728499465493
2026-08-18 20:14:55,967 INFO Epoch: 136, loss: 0.0558292381465435, labeled_loss: 0.027601711452007294, unnlabeled_loss: 0.05645505338907242, mixup_loss: 0.0, energy_loss: 0.0
2026-08-18 20:14:55,967 INFO Best AUROC test all: 0.8140223719130547, AUPR test all: 0.5256995849052839, AUROC test unknown: 0.776121024141592, AUPR test unknown: 0.3263728499465493
2026-08-18 20:15:02,980 INFO Epoch: 137, loss: 0.06005784869194031, labeled_loss: 0.03876648098230362, unnlabeled_loss: 0.042582735419273376, mixup_loss: 0.0, energy_loss: 0.0
2026-08-18 20:15:02,980 INFO Best AUROC test all: 0.8140223719130547, AUPR test all: 0.5256995849052839, AUROC test unknown: 0.776121024141592, AUPR test unknown: 0.3263728499465493
2026-08-18 20:15:09,870 INFO Epoch: 138, loss: 0.040649473667144775, labeled_loss: 0.019626474007964134, unnlabeled_loss: 0.042045995593070984, mixup_loss: 0.0, energy_loss: 0.0
2026-08-18 20:15:09,870 INFO Best AUROC test all: 0.8140223719130547, AUPR test all: 0.5256995849052839, AUROC test unknown: 0.776121024141592, AUPR test unknown: 0.3263728499465493
2026-08-18 20:15:17,098 INFO Epoch: 139, loss: 0.02845323085784912, labeled_loss: 0.025585027411580086, unnlabeled_loss: 0.0057364050298929214, mixup_loss: 0.0, energy_loss: 0.0
2026-08-18 20:15:17,099 INFO Best AUROC test all: 0.8140223719130547, AUPR test all: 0.5256995849052839, AUROC test unknown: 0.776121024141592, AUPR test unknown: 0.3263728499465493
2026-08-18 20:15:24,024 INFO Epoch: 140, loss: 0.051117487251758575, labeled_loss: 0.04986053705215454, unnlabeled_loss: 0.0025138966739177704, mixup_loss: 0.0, energy_loss: 0.0
2026-08-18 20:15:24,024 INFO Best AUROC test all: 0.8140223719130547, AUPR test all: 0.5256995849052839, AUROC test unknown: 0.776121024141592, AUPR test unknown: 0.3263728499465493
2026-08-18 20:15:30,997 INFO Epoch: 141, loss: 0.03676506131887436, labeled_loss: 0.023260725662112236, unnlabeled_loss: 0.027008673176169395, mixup_loss: 0.0, energy_loss: 0.0
2026-08-18 20:15:30,997 INFO Best AUROC test all: 0.8140223719130547, AUPR test all: 0.5256995849052839, AUROC test unknown: 0.776121024141592, AUPR test unknown: 0.3263728499465493
2026-08-18 20:15:37,948 INFO Epoch: 142, loss: 0.021949004381895065, labeled_loss: 0.010655769146978855, unnlabeled_loss: 0.02258647233247757, mixup_loss: 0.0, energy_loss: 0.0
2026-08-18 20:15:37,948 INFO Best AUROC test all: 0.8140223719130547, AUPR test all: 0.5256995849052839, AUROC test unknown: 0.776121024141592, AUPR test unknown: 0.3263728499465493
2026-08-18 20:15:44,891 INFO Epoch: 143, loss: 0.10398168861865997, labeled_loss: 0.030637074261903763, unnlabeled_loss: 0.14668923616409302, mixup_loss: 0.0, energy_loss: 0.0
2026-08-18 20:15:44,891 INFO Best AUROC test all: 0.8140223719130547, AUPR test all: 0.5256995849052839, AUROC test unknown: 0.776121024141592, AUPR test unknown: 0.3263728499465493
2026-08-18 20:15:52,070 INFO Epoch: 144, loss: 0.05909227579832077, labeled_loss: 0.013882339000701904, unnlabeled_loss: 0.09041987359523773, mixup_loss: 0.0, energy_loss: 0.0
2026-08-18 20:15:52,070 INFO Best AUROC test all: 0.8140223719130547, AUPR test all: 0.5256995849052839, AUROC test unknown: 0.776121024141592, AUPR test unknown: 0.3263728499465493
2026-08-18 20:15:59,110 INFO Epoch: 145, loss: 0.02669181488454342, labeled_loss: 0.01377505250275135, unnlabeled_loss: 0.025833524763584137, mixup_loss: 0.0, energy_loss: 0.0
2026-08-18 20:15:59,110 INFO Best AUROC test all: 0.8140223719130547, AUPR test all: 0.5256995849052839, AUROC test unknown: 0.776121024141592, AUPR test unknown: 0.3263728499465493
2026-08-18 20:16:06,094 INFO Epoch: 146, loss: 0.01938464306294918, labeled_loss: 0.016001354902982712, unnlabeled_loss: 0.0067665777169167995, mixup_loss: 0.0, energy_loss: 0.0
2026-08-18 20:16:06,094 INFO Best AUROC test all: 0.8140223719130547, AUPR test all: 0.5256995849052839, AUROC test unknown: 0.776121024141592, AUPR test unknown: 0.3263728499465493
2026-08-18 20:16:13,103 INFO Epoch: 147, loss: 0.034216612577438354, labeled_loss: 0.01935865916311741, unnlabeled_loss: 0.02971590682864189, mixup_loss: 0.0, energy_loss: 0.0
2026-08-18 20:16:13,103 INFO Best AUROC test all: 0.8140223719130547, AUPR test all: 0.5256995849052839, AUROC test unknown: 0.776121024141592, AUPR test unknown: 0.3263728499465493
2026-08-18 20:16:20,293 INFO Epoch: 148, loss: 0.042263492941856384, labeled_loss: 0.026024989783763885, unnlabeled_loss: 0.032477010041475296, mixup_loss: 0.0, energy_loss: 0.0
2026-08-18 20:16:20,293 INFO Best AUROC test all: 0.8140223719130547, AUPR test all: 0.5256995849052839, AUROC test unknown: 0.776121024141592, AUPR test unknown: 0.3263728499465493
2026-08-18 20:16:27,271 INFO Epoch: 149, loss: 0.01523011364042759, labeled_loss: 0.010170496068894863, unnlabeled_loss: 0.010119235143065453, mixup_loss: 0.0, energy_loss: 0.0
2026-08-18 20:16:27,271 INFO Best AUROC test all: 0.8140223719130547, AUPR test all: 0.5256995849052839, AUROC test unknown: 0.776121024141592, AUPR test unknown: 0.3263728499465493
2026-08-18 20:16:34,470 INFO Epoch: 150, loss: 0.05670151859521866, labeled_loss: 0.013540159910917282, unnlabeled_loss: 0.08632271736860275, mixup_loss: 0.0, energy_loss: 0.0
2026-08-18 20:16:34,470 INFO Best AUROC test all: 0.8140223719130547, AUPR test all: 0.5256995849052839, AUROC test unknown: 0.776121024141592, AUPR test unknown: 0.3263728499465493
2026-08-18 20:16:41,825 INFO Epoch: 151, loss: 0.07298284769058228, labeled_loss: 0.0170147642493248, unnlabeled_loss: 0.11193616688251495, mixup_loss: 0.0, energy_loss: 0.0
2026-08-18 20:16:41,826 INFO Best AUROC test all: 0.8140223719130547, AUPR test all: 0.5256995849052839, AUROC test unknown: 0.776121024141592, AUPR test unknown: 0.3263728499465493
2026-08-18 20:16:48,796 INFO Epoch: 152, loss: 0.0410921573638916, labeled_loss: 0.024924511089920998, unnlabeled_loss: 0.03233528882265091, mixup_loss: 0.0, energy_loss: 0.0
2026-08-18 20:16:48,797 INFO Best AUROC test all: 0.8140223719130547, AUPR test all: 0.5256995849052839, AUROC test unknown: 0.776121024141592, AUPR test unknown: 0.3263728499465493
2026-08-18 20:16:55,755 INFO Epoch: 153, loss: 0.012196836061775684, labeled_loss: 0.006765442434698343, unnlabeled_loss: 0.010862787254154682, mixup_loss: 0.0, energy_loss: 0.0
2026-08-18 20:16:55,755 INFO Best AUROC test all: 0.8140223719130547, AUPR test all: 0.5256995849052839, AUROC test unknown: 0.776121024141592, AUPR test unknown: 0.3263728499465493
2026-08-18 20:17:02,967 INFO Epoch: 154, loss: 0.018991753458976746, labeled_loss: 0.017208494246006012, unnlabeled_loss: 0.0035665177274495363, mixup_loss: 0.0, energy_loss: 0.0
2026-08-18 20:17:02,968 INFO Best AUROC test all: 0.8140223719130547, AUPR test all: 0.5256995849052839, AUROC test unknown: 0.776121024141592, AUPR test unknown: 0.3263728499465493
2026-08-18 20:17:09,924 INFO Epoch: 155, loss: 0.03707005828619003, labeled_loss: 0.03501244634389877, unnlabeled_loss: 0.004115220624953508, mixup_loss: 0.0, energy_loss: 0.0
2026-08-18 20:17:09,924 INFO Best AUROC test all: 0.8140223719130547, AUPR test all: 0.5256995849052839, AUROC test unknown: 0.776121024141592, AUPR test unknown: 0.3263728499465493
2026-08-18 20:17:16,859 INFO Epoch: 156, loss: 0.03021271526813507, labeled_loss: 0.0255771242082119, unnlabeled_loss: 0.009271183982491493, mixup_loss: 0.0, energy_loss: 0.0
2026-08-18 20:17:16,859 INFO Best AUROC test all: 0.8140223719130547, AUPR test all: 0.5256995849052839, AUROC test unknown: 0.776121024141592, AUPR test unknown: 0.3263728499465493
2026-08-18 20:17:23,758 INFO Epoch: 157, loss: 0.0411057248711586, labeled_loss: 0.015316838398575783, unnlabeled_loss: 0.051577772945165634, mixup_loss: 0.0, energy_loss: 0.0
2026-08-18 20:17:23,758 INFO Best AUROC test all: 0.8140223719130547, AUPR test all: 0.5256995849052839, AUROC test unknown: 0.776121024141592, AUPR test unknown: 0.3263728499465493
2026-08-18 20:17:30,654 INFO Epoch: 158, loss: 0.053620971739292145, labeled_loss: 0.012167722918093204, unnlabeled_loss: 0.08290649950504303, mixup_loss: 0.0, energy_loss: 0.0
2026-08-18 20:17:30,655 INFO Best AUROC test all: 0.8140223719130547, AUPR test all: 0.5256995849052839, AUROC test unknown: 0.776121024141592, AUPR test unknown: 0.3263728499465493
2026-08-18 20:17:37,489 INFO Epoch: 159, loss: 0.05322207510471344, labeled_loss: 0.023631352931261063, unnlabeled_loss: 0.059181440621614456, mixup_loss: 0.0, energy_loss: 0.0
2026-08-18 20:17:37,489 INFO Best AUROC test all: 0.8140223719130547, AUPR test all: 0.5256995849052839, AUROC test unknown: 0.776121024141592, AUPR test unknown: 0.3263728499465493
2026-08-18 20:17:44,347 INFO Epoch: 160, loss: 0.0763964056968689, labeled_loss: 0.014914150349795818, unnlabeled_loss: 0.1229645162820816, mixup_loss: 0.0, energy_loss: 0.0
2026-08-18 20:17:44,347 INFO Best AUROC test all: 0.8140223719130547, AUPR test all: 0.5256995849052839, AUROC test unknown: 0.776121024141592, AUPR test unknown: 0.3263728499465493
2026-08-18 20:17:51,210 INFO Epoch: 161, loss: 0.046861644834280014, labeled_loss: 0.010882552713155746, unnlabeled_loss: 0.07195818424224854, mixup_loss: 0.0, energy_loss: 0.0
2026-08-18 20:17:51,210 INFO Best AUROC test all: 0.8140223719130547, AUPR test all: 0.5256995849052839, AUROC test unknown: 0.776121024141592, AUPR test unknown: 0.3263728499465493
2026-08-18 20:17:58,075 INFO Epoch: 162, loss: 0.04349766671657562, labeled_loss: 0.010956301353871822, unnlabeled_loss: 0.06508272886276245, mixup_loss: 0.0, energy_loss: 0.0
2026-08-18 20:17:58,075 INFO Best AUROC test all: 0.8140223719130547, AUPR test all: 0.5256995849052839, AUROC test unknown: 0.776121024141592, AUPR test unknown: 0.3263728499465493
2026-08-18 20:18:04,676 INFO Epoch: 163, loss: 0.032883163541555405, labeled_loss: 0.013075456954538822, unnlabeled_loss: 0.039615411311388016, mixup_loss: 0.0, energy_loss: 0.0
2026-08-18 20:18:04,676 INFO Best AUROC test all: 0.8140223719130547, AUPR test all: 0.5256995849052839, AUROC test unknown: 0.776121024141592, AUPR test unknown: 0.3263728499465493
2026-08-18 20:18:11,580 INFO Epoch: 164, loss: 0.018372807651758194, labeled_loss: 0.012952867895364761, unnlabeled_loss: 0.01083988044410944, mixup_loss: 0.0, energy_loss: 0.0
2026-08-18 20:18:11,580 INFO Best AUROC test all: 0.8140223719130547, AUPR test all: 0.5256995849052839, AUROC test unknown: 0.776121024141592, AUPR test unknown: 0.3263728499465493
2026-08-18 20:18:17,901 INFO Epoch: 165, loss: 0.017759758979082108, labeled_loss: 0.014721774496138096, unnlabeled_loss: 0.006075968500226736, mixup_loss: 0.0, energy_loss: 0.0
2026-08-18 20:18:17,901 INFO Best AUROC test all: 0.8140223719130547, AUPR test all: 0.5256995849052839, AUROC test unknown: 0.776121024141592, AUPR test unknown: 0.3263728499465493
2026-08-18 20:18:24,606 INFO Epoch: 166, loss: 0.0498935729265213, labeled_loss: 0.010200871154665947, unnlabeled_loss: 0.07938539981842041, mixup_loss: 0.0, energy_loss: 0.0
2026-08-18 20:18:24,607 INFO Best AUROC test all: 0.8140223719130547, AUPR test all: 0.5256995849052839, AUROC test unknown: 0.776121024141592, AUPR test unknown: 0.3263728499465493
2026-08-18 20:18:31,308 INFO Epoch: 167, loss: 0.02116488479077816, labeled_loss: 0.01112945657223463, unnlabeled_loss: 0.02007085643708706, mixup_loss: 0.0, energy_loss: 0.0
2026-08-18 20:18:31,308 INFO Best AUROC test all: 0.8140223719130547, AUPR test all: 0.5256995849052839, AUROC test unknown: 0.776121024141592, AUPR test unknown: 0.3263728499465493
2026-08-18 20:18:37,957 INFO Epoch: 168, loss: 0.047785185277462006, labeled_loss: 0.011144495569169521, unnlabeled_loss: 0.07328137755393982, mixup_loss: 0.0, energy_loss: 0.0
2026-08-18 20:18:37,957 INFO Best AUROC test all: 0.8140223719130547, AUPR test all: 0.5256995849052839, AUROC test unknown: 0.776121024141592, AUPR test unknown: 0.3263728499465493
2026-08-18 20:18:44,674 INFO Epoch: 169, loss: 0.03603101521730423, labeled_loss: 0.014656629413366318, unnlabeled_loss: 0.042748767882585526, mixup_loss: 0.0, energy_loss: 0.0
2026-08-18 20:18:44,674 INFO Best AUROC test all: 0.8140223719130547, AUPR test all: 0.5256995849052839, AUROC test unknown: 0.776121024141592, AUPR test unknown: 0.3263728499465493
2026-08-18 20:18:51,361 INFO Epoch: 170, loss: 0.031717944890260696, labeled_loss: 0.011630049906671047, unnlabeled_loss: 0.04017579182982445, mixup_loss: 0.0, energy_loss: 0.0
2026-08-18 20:18:51,361 INFO Best AUROC test all: 0.8140223719130547, AUPR test all: 0.5256995849052839, AUROC test unknown: 0.776121024141592, AUPR test unknown: 0.3263728499465493
2026-08-18 20:18:56,793 INFO Epoch: 171, loss: 0.027291525155305862, labeled_loss: 0.014467661269009113, unnlabeled_loss: 0.025647729635238647, mixup_loss: 0.0, energy_loss: 0.0
2026-08-18 20:18:56,794 INFO Best AUROC test all: 0.8140223719130547, AUPR test all: 0.5256995849052839, AUROC test unknown: 0.776121024141592, AUPR test unknown: 0.3263728499465493
2026-08-18 20:19:02,167 INFO Epoch: 172, loss: 0.019980713725090027, labeled_loss: 0.010715550743043423, unnlabeled_loss: 0.018530327826738358, mixup_loss: 0.0, energy_loss: 0.0
2026-08-18 20:19:02,167 INFO Best AUROC test all: 0.8140223719130547, AUPR test all: 0.5256995849052839, AUROC test unknown: 0.776121024141592, AUPR test unknown: 0.3263728499465493
2026-08-18 20:19:07,474 INFO Epoch: 173, loss: 0.035215429961681366, labeled_loss: 0.012238497845828533, unnlabeled_loss: 0.045953862369060516, mixup_loss: 0.0, energy_loss: 0.0
2026-08-18 20:19:07,474 INFO Best AUROC test all: 0.8140223719130547, AUPR test all: 0.5256995849052839, AUROC test unknown: 0.776121024141592, AUPR test unknown: 0.3263728499465493
2026-08-18 20:19:12,786 INFO Epoch: 174, loss: 0.02633611299097538, labeled_loss: 0.013887681998312473, unnlabeled_loss: 0.024896861985325813, mixup_loss: 0.0, energy_loss: 0.0
2026-08-18 20:19:12,786 INFO Best AUROC test all: 0.8140223719130547, AUPR test all: 0.5256995849052839, AUROC test unknown: 0.776121024141592, AUPR test unknown: 0.3263728499465493
2026-08-18 20:19:18,088 INFO Epoch: 175, loss: 0.03874928131699562, labeled_loss: 0.010476086288690567, unnlabeled_loss: 0.05654639005661011, mixup_loss: 0.0, energy_loss: 0.0
2026-08-18 20:19:18,088 INFO Best AUROC test all: 0.8140223719130547, AUPR test all: 0.5256995849052839, AUROC test unknown: 0.776121024141592, AUPR test unknown: 0.3263728499465493
2026-08-18 20:19:23,662 INFO Epoch: 176, loss: 0.042745109647512436, labeled_loss: 0.011225857771933079, unnlabeled_loss: 0.06303850561380386, mixup_loss: 0.0, energy_loss: 0.0
2026-08-18 20:19:23,662 INFO Best AUROC test all: 0.8140223719130547, AUPR test all: 0.5256995849052839, AUROC test unknown: 0.776121024141592, AUPR test unknown: 0.3263728499465493
2026-08-18 20:19:29,181 INFO Epoch: 177, loss: 0.01825995184481144, labeled_loss: 0.009997176937758923, unnlabeled_loss: 0.016525549814105034, mixup_loss: 0.0, energy_loss: 0.0
2026-08-18 20:19:29,181 INFO Best AUROC test all: 0.8140223719130547, AUPR test all: 0.5256995849052839, AUROC test unknown: 0.776121024141592, AUPR test unknown: 0.3263728499465493
2026-08-18 20:19:34,633 INFO Epoch: 178, loss: 0.04726775363087654, labeled_loss: 0.012698978185653687, unnlabeled_loss: 0.06913755089044571, mixup_loss: 0.0, energy_loss: 0.0
2026-08-18 20:19:34,633 INFO Best AUROC test all: 0.8140223719130547, AUPR test all: 0.5256995849052839, AUROC test unknown: 0.776121024141592, AUPR test unknown: 0.3263728499465493
2026-08-18 20:19:40,545 INFO Epoch: 179, loss: 0.012692286632955074, labeled_loss: 0.006659467238932848, unnlabeled_loss: 0.012065638788044453, mixup_loss: 0.0, energy_loss: 0.0
2026-08-18 20:19:40,545 INFO Best AUROC test all: 0.8140223719130547, AUPR test all: 0.5256995849052839, AUROC test unknown: 0.776121024141592, AUPR test unknown: 0.3263728499465493
2026-08-18 20:19:47,298 INFO Epoch: 180, loss: 0.012051675468683243, labeled_loss: 0.008416232652962208, unnlabeled_loss: 0.00727088563144207, mixup_loss: 0.0, energy_loss: 0.0
2026-08-18 20:19:47,298 INFO Best AUROC test all: 0.8140223719130547, AUPR test all: 0.5256995849052839, AUROC test unknown: 0.776121024141592, AUPR test unknown: 0.3263728499465493
2026-08-18 20:19:54,095 INFO Epoch: 181, loss: 0.03087744116783142, labeled_loss: 0.008083850145339966, unnlabeled_loss: 0.04558718204498291, mixup_loss: 0.0, energy_loss: 0.0
2026-08-18 20:19:54,095 INFO Best AUROC test all: 0.8140223719130547, AUPR test all: 0.5256995849052839, AUROC test unknown: 0.776121024141592, AUPR test unknown: 0.3263728499465493
2026-08-18 20:20:01,193 INFO Epoch: 182, loss: 0.035014376044273376, labeled_loss: 0.02196231484413147, unnlabeled_loss: 0.026104120537638664, mixup_loss: 0.0, energy_loss: 0.0
2026-08-18 20:20:01,193 INFO Best AUROC test all: 0.8140223719130547, AUPR test all: 0.5256995849052839, AUROC test unknown: 0.776121024141592, AUPR test unknown: 0.3263728499465493
2026-08-18 20:20:07,993 INFO Epoch: 183, loss: 0.016765505075454712, labeled_loss: 0.011115945875644684, unnlabeled_loss: 0.01129911933094263, mixup_loss: 0.0, energy_loss: 0.0
2026-08-18 20:20:07,993 INFO Best AUROC test all: 0.8140223719130547, AUPR test all: 0.5256995849052839, AUROC test unknown: 0.776121024141592, AUPR test unknown: 0.3263728499465493
2026-08-18 20:20:14,622 INFO Epoch: 184, loss: 0.01259201392531395, labeled_loss: 0.0081251859664917, unnlabeled_loss: 0.0089336559176445, mixup_loss: 0.0, energy_loss: 0.0
2026-08-18 20:20:14,623 INFO Best AUROC test all: 0.8140223719130547, AUPR test all: 0.5256995849052839, AUROC test unknown: 0.776121024141592, AUPR test unknown: 0.3263728499465493
2026-08-18 20:20:21,504 INFO Epoch: 185, loss: 0.05716178938746452, labeled_loss: 0.00836467370390892, unnlabeled_loss: 0.0975942313671112, mixup_loss: 0.0, energy_loss: 0.0
2026-08-18 20:20:21,504 INFO Best AUROC test all: 0.8140223719130547, AUPR test all: 0.5256995849052839, AUROC test unknown: 0.776121024141592, AUPR test unknown: 0.3263728499465493
2026-08-18 20:20:28,071 INFO Epoch: 186, loss: 0.040790900588035583, labeled_loss: 0.009595377370715141, unnlabeled_loss: 0.062391046434640884, mixup_loss: 0.0, energy_loss: 0.0
2026-08-18 20:20:28,071 INFO Best AUROC test all: 0.8140223719130547, AUPR test all: 0.5256995849052839, AUROC test unknown: 0.776121024141592, AUPR test unknown: 0.3263728499465493
2026-08-18 20:20:34,774 INFO Epoch: 187, loss: 0.03341333568096161, labeled_loss: 0.00954056903719902, unnlabeled_loss: 0.04774552956223488, mixup_loss: 0.0, energy_loss: 0.0
2026-08-18 20:20:34,774 INFO Best AUROC test all: 0.8140223719130547, AUPR test all: 0.5256995849052839, AUROC test unknown: 0.776121024141592, AUPR test unknown: 0.3263728499465493
2026-08-18 20:20:41,707 INFO Epoch: 188, loss: 0.018893888220191002, labeled_loss: 0.007405995856970549, unnlabeled_loss: 0.022975783795118332, mixup_loss: 0.0, energy_loss: 0.0
2026-08-18 20:20:41,707 INFO Best AUROC test all: 0.8140223719130547, AUPR test all: 0.5256995849052839, AUROC test unknown: 0.776121024141592, AUPR test unknown: 0.3263728499465493
2026-08-18 20:20:48,291 INFO Epoch: 189, loss: 0.048816464841365814, labeled_loss: 0.009239100851118565, unnlabeled_loss: 0.07915472984313965, mixup_loss: 0.0, energy_loss: 0.0
2026-08-18 20:20:48,291 INFO Best AUROC test all: 0.8140223719130547, AUPR test all: 0.5256995849052839, AUROC test unknown: 0.776121024141592, AUPR test unknown: 0.3263728499465493
2026-08-18 20:20:55,073 INFO Epoch: 190, loss: 0.03125857189297676, labeled_loss: 0.006309657357633114, unnlabeled_loss: 0.04989783093333244, mixup_loss: 0.0, energy_loss: 0.0
2026-08-18 20:20:55,073 INFO Best AUROC test all: 0.8140223719130547, AUPR test all: 0.5256995849052839, AUROC test unknown: 0.776121024141592, AUPR test unknown: 0.3263728499465493
2026-08-18 20:21:01,800 INFO Epoch: 191, loss: 0.036153145134449005, labeled_loss: 0.007349225692451, unnlabeled_loss: 0.05760784074664116, mixup_loss: 0.0, energy_loss: 0.0
2026-08-18 20:21:01,800 INFO Best AUROC test all: 0.8140223719130547, AUPR test all: 0.5256995849052839, AUROC test unknown: 0.776121024141592, AUPR test unknown: 0.3263728499465493
2026-08-18 20:21:08,558 INFO Epoch: 192, loss: 0.049455612897872925, labeled_loss: 0.008203858509659767, unnlabeled_loss: 0.08250351250171661, mixup_loss: 0.0, energy_loss: 0.0
2026-08-18 20:21:08,558 INFO Best AUROC test all: 0.8140223719130547, AUPR test all: 0.5256995849052839, AUROC test unknown: 0.776121024141592, AUPR test unknown: 0.3263728499465493
2026-08-18 20:21:15,473 INFO Epoch: 193, loss: 0.04630251228809357, labeled_loss: 0.0059566376730799675, unnlabeled_loss: 0.08069174736738205, mixup_loss: 0.0, energy_loss: 0.0
2026-08-18 20:21:15,474 INFO Best AUROC test all: 0.8140223719130547, AUPR test all: 0.5256995849052839, AUROC test unknown: 0.776121024141592, AUPR test unknown: 0.3263728499465493
2026-08-18 20:21:22,751 INFO Epoch: 194, loss: 0.012537287548184395, labeled_loss: 0.0063606128096580505, unnlabeled_loss: 0.012353349477052689, mixup_loss: 0.0, energy_loss: 0.0
2026-08-18 20:21:22,751 INFO Best AUROC test all: 0.8140223719130547, AUPR test all: 0.5256995849052839, AUROC test unknown: 0.776121024141592, AUPR test unknown: 0.3263728499465493
2026-08-18 20:21:29,672 INFO Epoch: 195, loss: 0.033118680119514465, labeled_loss: 0.010034912265837193, unnlabeled_loss: 0.046167537569999695, mixup_loss: 0.0, energy_loss: 0.0
2026-08-18 20:21:29,672 INFO Best AUROC test all: 0.8140223719130547, AUPR test all: 0.5256995849052839, AUROC test unknown: 0.776121024141592, AUPR test unknown: 0.3263728499465493
2026-08-18 20:21:36,545 INFO Epoch: 196, loss: 0.05530959367752075, labeled_loss: 0.007756189908832312, unnlabeled_loss: 0.0951068103313446, mixup_loss: 0.0, energy_loss: 0.0
2026-08-18 20:21:36,545 INFO Best AUROC test all: 0.8140223719130547, AUPR test all: 0.5256995849052839, AUROC test unknown: 0.776121024141592, AUPR test unknown: 0.3263728499465493
2026-08-18 20:21:43,474 INFO Epoch: 197, loss: 0.05180041864514351, labeled_loss: 0.008833613246679306, unnlabeled_loss: 0.0859336107969284, mixup_loss: 0.0, energy_loss: 0.0
2026-08-18 20:21:43,474 INFO Best AUROC test all: 0.8140223719130547, AUPR test all: 0.5256995849052839, AUROC test unknown: 0.776121024141592, AUPR test unknown: 0.3263728499465493
2026-08-18 20:21:50,426 INFO Epoch: 198, loss: 0.017711106687784195, labeled_loss: 0.00965717900544405, unnlabeled_loss: 0.01610785722732544, mixup_loss: 0.0, energy_loss: 0.0
2026-08-18 20:21:50,427 INFO Best AUROC test all: 0.8140223719130547, AUPR test all: 0.5256995849052839, AUROC test unknown: 0.776121024141592, AUPR test unknown: 0.3263728499465493
2026-08-18 20:21:57,371 INFO Epoch: 199, loss: 0.03858020156621933, labeled_loss: 0.00949111022055149, unnlabeled_loss: 0.05817818641662598, mixup_loss: 0.0, energy_loss: 0.0
2026-08-18 20:21:57,371 INFO Best AUROC test all: 0.8140223719130547, AUPR test all: 0.5256995849052839, AUROC test unknown: 0.776121024141592, AUPR test unknown: 0.3263728499465493
