2026-09-10 23:12:05,219 INFO cli={'dataset': 'computers', 'method': 'demo', 'seed': 1, 'train_seed': None, 'epochs': None, 'set': ['lr=0.003', 'weight_decay=0.0001'], 'tag': 'DT_lr0.003_wd0.0001', 'save_scores': False, 'rotations': [0]}
2026-09-10 23:12:05,219 INFO config={'alpha_plus': 0.05, 'alpha_r': 0.1, 'atlas_gate_q': 0.9, 'batch_size': 512, 'hidden_dim': 64, 'lambda_halo': 0.2, 'lambda_mixup': 0.2, 'lambda_un': 1.0, 'lr': 0.003, 'margin': 0.1, 'n_layers': 2, 'optimiser': 'adam', 'sampling_sizes': [25, 10], 'tau_minus': 0.05, 'tau_mu': 0.05, 'tau_plus': 0.95, 'use_atlas_gate': True, 'use_conformal': True, 'use_pl': True, 'version': 4, 'weight_decay': 0.0001, 'loss': 'bce', 'num_epochs': 200, 'ebd_dim': 64, 'drop_out': 0.5, 'gamma': 0.1, 'damping': 0.001, 'p_cutoff': [0.05, 0.95], 'unlabeled_loss': 0.5, 'mixup_loss': 0.1, 'energy_loss_weight': 0.1, 'used_unlabeled_data': True, 'energy_loss': True, 'mixup': True, 'thresh_warmup': True, 'used_augment_for_anormaly': True, 'batch_size_for_anormaly': 20, 'sample_size_for_anormaly': 25, 'div_loss_alpha': 0.5, 'mixup_loss_type': 'consistency', 'device': 0, 'input_dim': 767}
2026-09-10 23:12:33,098 INFO Epoch: 0, loss: 0.5870341062545776, labeled_loss: 0.6864482760429382, unnlabeled_loss: 0.0, mixup_loss: -0.9939202070236206, energy_loss: -0.00022148470452520996
2026-09-10 23:12:33,103 INFO Best AUROC test all: 0.44819958466420845, AUPR test all: 0.13675706367022822, AUROC test unknown: 0.4064731326289389, AUPR test unknown: 0.10676916969660853
2026-09-10 23:12:56,400 INFO Epoch: 1, loss: 0.2841031551361084, labeled_loss: 0.4323892295360565, unnlabeled_loss: 0.0, mixup_loss: -1.5025956630706787, energy_loss: 0.019735213369131088
2026-09-10 23:12:56,400 INFO Best AUROC test all: 0.448383596805019, AUPR test all: 0.13728898118557323, AUROC test unknown: 0.40749829051840336, AUPR test unknown: 0.10724637771490987
2026-09-10 23:13:19,014 INFO Epoch: 2, loss: 0.12256008386611938, labeled_loss: 0.28915441036224365, unnlabeled_loss: 0.0, mixup_loss: -1.7952942848205566, energy_loss: 0.1293509602546692
2026-09-10 23:13:19,015 INFO Best AUROC test all: 0.4527926864130371, AUPR test all: 0.13846821953605298, AUROC test unknown: 0.41184354900454284, AUPR test unknown: 0.1081285103916891
2026-09-10 23:13:43,070 INFO Epoch: 3, loss: 0.16985845565795898, labeled_loss: 0.3695968687534332, unnlabeled_loss: 0.0, mixup_loss: -1.9106765985488892, energy_loss: -0.08670753240585327
2026-09-10 23:13:43,070 INFO Best AUROC test all: 0.4547838386010545, AUPR test all: 0.13963136514091973, AUROC test unknown: 0.4120651722808621, AUPR test unknown: 0.10842491939567338
2026-09-10 23:14:06,155 INFO Epoch: 4, loss: 0.15359312295913696, labeled_loss: 0.32835012674331665, unnlabeled_loss: 0.0, mixup_loss: -1.9307374954223633, energy_loss: 0.18316756188869476
2026-09-10 23:14:06,157 INFO Best AUROC test all: 0.45656946507627094, AUPR test all: 0.1405013071749396, AUROC test unknown: 0.4132213922894666, AUPR test unknown: 0.10880552360514716
2026-09-10 23:14:29,949 INFO Epoch: 5, loss: 0.09588958323001862, labeled_loss: 0.2779199481010437, unnlabeled_loss: 0.0, mixup_loss: -1.9270739555358887, energy_loss: 0.1067703366279602
2026-09-10 23:14:29,949 INFO Best AUROC test all: 0.4620406095505948, AUPR test all: 0.1421508918501342, AUROC test unknown: 0.41709917072812963, AUPR test unknown: 0.1096652624088148
2026-09-10 23:14:54,597 INFO Epoch: 6, loss: 0.13151685893535614, labeled_loss: 0.31128430366516113, unnlabeled_loss: 0.02027761936187744, mixup_loss: -1.926418662071228, energy_loss: 0.027356194332242012
2026-09-10 23:14:54,597 INFO Best AUROC test all: 0.46489014867392, AUPR test all: 0.14320358213371265, AUROC test unknown: 0.41857895121682887, AUPR test unknown: 0.109768205333574
2026-09-10 23:15:18,905 INFO Epoch: 7, loss: 0.10614040493965149, labeled_loss: 0.3035585880279541, unnlabeled_loss: 0.0026479249354451895, mixup_loss: -1.9252437353134155, energy_loss: -0.062177810817956924
2026-09-10 23:15:18,906 INFO Best AUROC test all: 0.4662524761249809, AUPR test all: 0.14320358213371265, AUROC test unknown: 0.4192503895247797, AUPR test unknown: 0.109768205333574
2026-09-10 23:15:44,249 INFO Epoch: 8, loss: 0.09828129410743713, labeled_loss: 0.2731311619281769, unnlabeled_loss: 0.01897149719297886, mixup_loss: -1.932247519493103, energy_loss: 0.08889143913984299
2026-09-10 23:15:44,249 INFO Best AUROC test all: 0.46785870051052764, AUPR test all: 0.14420414723071293, AUROC test unknown: 0.42008433479811347, AUPR test unknown: 0.109768205333574
2026-09-10 23:16:07,954 INFO Epoch: 9, loss: 0.1266089528799057, labeled_loss: 0.2904241681098938, unnlabeled_loss: 0.027777357026934624, mixup_loss: -1.9407076835632324, energy_loss: 0.1636687070131302
2026-09-10 23:16:07,954 INFO Best AUROC test all: 0.468731261632925, AUPR test all: 0.14420414723071293, AUROC test unknown: 0.4206768675052257, AUPR test unknown: 0.109768205333574
2026-09-10 23:16:31,798 INFO Epoch: 10, loss: 0.1339903473854065, labeled_loss: 0.30221790075302124, unnlabeled_loss: 0.028604935854673386, mixup_loss: -1.9474622011184692, energy_loss: 0.12216203659772873
2026-09-10 23:16:31,798 INFO Best AUROC test all: 0.4735857372265345, AUPR test all: 0.14705180262369638, AUROC test unknown: 0.42413127253407557, AUPR test unknown: 0.11090499225466383
2026-09-10 23:16:56,289 INFO Epoch: 11, loss: 0.14198683202266693, labeled_loss: 0.30491718649864197, unnlabeled_loss: 0.028774047270417213, mixup_loss: -1.956215262413025, energy_loss: 0.18304160237312317
2026-09-10 23:16:56,289 INFO Best AUROC test all: 0.478286269221849, AUPR test all: 0.14902834091231873, AUROC test unknown: 0.4264756325640927, AUPR test unknown: 0.11167700365611838
2026-09-10 23:17:18,676 INFO Epoch: 12, loss: 0.09403382241725922, labeled_loss: 0.27036789059638977, unnlabeled_loss: 0.026532333344221115, mixup_loss: -1.9612760543823242, energy_loss: 0.06527361273765564
2026-09-10 23:17:18,676 INFO Best AUROC test all: 0.4823706827903167, AUPR test all: 0.15014536631667982, AUROC test unknown: 0.43005648780130035, AUPR test unknown: 0.11199311281963627
2026-09-10 23:17:43,106 INFO Epoch: 13, loss: 0.09884703159332275, labeled_loss: 0.2720664143562317, unnlabeled_loss: 0.02148471400141716, mixup_loss: -1.9671499729156494, energy_loss: 0.12753240764141083
2026-09-10 23:17:43,107 INFO Best AUROC test all: 0.483668974108118, AUPR test all: 0.15186540106994623, AUROC test unknown: 0.43005648780130035, AUPR test unknown: 0.11235584301200885
2026-09-10 23:18:09,104 INFO Epoch: 14, loss: 0.09499114751815796, labeled_loss: 0.2771606147289276, unnlabeled_loss: 0.014297609217464924, mixup_loss: -1.9709583520889282, energy_loss: 0.07777563482522964
2026-09-10 23:18:09,104 INFO Best AUROC test all: 0.49114977978175606, AUPR test all: 0.15475425370955337, AUROC test unknown: 0.4377056632699152, AUPR test unknown: 0.11400959752473991
2026-09-10 23:18:33,055 INFO Epoch: 15, loss: 0.08454899489879608, labeled_loss: 0.26926887035369873, unnlabeled_loss: 0.008727805688977242, mixup_loss: -1.9743326902389526, energy_loss: 0.08349495381116867
2026-09-10 23:18:33,055 INFO Best AUROC test all: 0.4950927037706824, AUPR test all: 0.15642950141938144, AUROC test unknown: 0.4395429367216772, AUPR test unknown: 0.11414076558421227
2026-09-10 23:18:59,077 INFO Epoch: 16, loss: 0.07839477062225342, labeled_loss: 0.26897042989730835, unnlabeled_loss: 0.01076567079871893, mixup_loss: -1.9774335622787476, energy_loss: 0.017848484218120575
2026-09-10 23:18:59,078 INFO Best AUROC test all: 0.4950927037706824, AUPR test all: 0.15642950141938144, AUROC test unknown: 0.4395429367216772, AUPR test unknown: 0.11414076558421227
2026-09-10 23:19:24,484 INFO Epoch: 17, loss: 0.08607117831707001, labeled_loss: 0.26233604550361633, unnlabeled_loss: 0.016093319281935692, mixup_loss: -1.9802275896072388, energy_loss: 0.13711246848106384
2026-09-10 23:19:24,485 INFO Best AUROC test all: 0.49719798339390775, AUPR test all: 0.15906794546769698, AUROC test unknown: 0.4399453469006618, AUPR test unknown: 0.11496666619471696
2026-09-10 23:19:49,435 INFO Epoch: 18, loss: 0.07524625957012177, labeled_loss: 0.25605782866477966, unnlabeled_loss: 0.02096443623304367, mixup_loss: -1.9817625284194946, energy_loss: 0.06882444769144058
2026-09-10 23:19:49,436 INFO Best AUROC test all: 0.5008897169346032, AUPR test all: 0.16089634658943952, AUROC test unknown: 0.4426935705603343, AUPR test unknown: 0.11522042833483503
2026-09-10 23:20:11,813 INFO Epoch: 19, loss: 0.07918068766593933, labeled_loss: 0.2545463442802429, unnlabeled_loss: 0.029513927176594734, mixup_loss: -1.983838677406311, energy_loss: 0.08261235803365707
2026-09-10 23:20:11,813 INFO Best AUROC test all: 0.5064561816703266, AUPR test all: 0.16403905528289986, AUROC test unknown: 0.4465738925376712, AUPR test unknown: 0.11604194192745516
2026-09-10 23:20:35,095 INFO Epoch: 20, loss: 0.08798426389694214, labeled_loss: 0.2576509118080139, unnlabeled_loss: 0.028767365962266922, mixup_loss: -1.9850727319717407, energy_loss: 0.1445694863796234
2026-09-10 23:20:35,095 INFO Best AUROC test all: 0.5159296074089623, AUPR test all: 0.16947864465216966, AUROC test unknown: 0.45504259057680974, AUPR test unknown: 0.11818111634962923
2026-09-10 23:21:00,448 INFO Epoch: 21, loss: 0.08150845766067505, labeled_loss: 0.25070250034332275, unnlabeled_loss: 0.028314270079135895, mixup_loss: -1.987065315246582, energy_loss: 0.1535535752773285
2026-09-10 23:21:00,448 INFO Best AUROC test all: 0.5264315332635603, AUPR test all: 0.17626623163060284, AUROC test unknown: 0.462907016499572, AUPR test unknown: 0.12052307921034239
2026-09-10 23:21:25,019 INFO Epoch: 22, loss: 0.07604822516441345, labeled_loss: 0.24569012224674225, unnlabeled_loss: 0.025540493428707123, mixup_loss: -1.9884806871414185, energy_loss: 0.16435948014259338
2026-09-10 23:21:25,019 INFO Best AUROC test all: 0.5362771804945572, AUPR test all: 0.18227649260799816, AUROC test unknown: 0.4713374217037304, AUPR test unknown: 0.12213108254432647
2026-09-10 23:21:47,115 INFO Epoch: 23, loss: 0.06673042476177216, labeled_loss: 0.23830218613147736, unnlabeled_loss: 0.028380136936903, mixup_loss: -1.9888238906860352, energy_loss: 0.13120536506175995
2026-09-10 23:21:47,115 INFO Best AUROC test all: 0.5470453884075883, AUPR test all: 0.18876099473804786, AUROC test unknown: 0.481046416282583, AUPR test unknown: 0.12391144859078022
2026-09-10 23:22:11,412 INFO Epoch: 24, loss: 0.06188902258872986, labeled_loss: 0.23690901696681976, unnlabeled_loss: 0.02241583727300167, mixup_loss: -1.9891071319580078, energy_loss: 0.12682807445526123
2026-09-10 23:22:11,412 INFO Best AUROC test all: 0.5573845404664326, AUPR test all: 0.1954247009429682, AUROC test unknown: 0.4893557099145013, AUPR test unknown: 0.1268571136418853
2026-09-10 23:22:33,902 INFO Epoch: 25, loss: 0.05570010840892792, labeled_loss: 0.23234134912490845, unnlabeled_loss: 0.021021738648414612, mixup_loss: -1.9903690814971924, energy_loss: 0.11884786933660507
2026-09-10 23:22:33,902 INFO Best AUROC test all: 0.5655709133203964, AUPR test all: 0.1996091581201822, AUROC test unknown: 0.4984942810070222, AUPR test unknown: 0.1287074763625209
2026-09-10 23:22:58,183 INFO Epoch: 26, loss: 0.05466334521770477, labeled_loss: 0.22826842963695526, unnlabeled_loss: 0.02720841020345688, mixup_loss: -1.9904654026031494, energy_loss: 0.11837263405323029
2026-09-10 23:22:58,183 INFO Best AUROC test all: 0.569995094538617, AUPR test all: 0.20301263028649785, AUROC test unknown: 0.5026186988441266, AUPR test unknown: 0.13002603856288183
2026-09-10 23:23:22,687 INFO Epoch: 27, loss: 0.047209471464157104, labeled_loss: 0.21950370073318481, unnlabeled_loss: 0.02722354605793953, mixup_loss: -1.9916526079177856, energy_loss: 0.13259267807006836
2026-09-10 23:23:22,687 INFO Best AUROC test all: 0.569995094538617, AUPR test all: 0.2043403731485961, AUROC test unknown: 0.5026186988441266, AUPR test unknown: 0.13002603856288183
2026-09-10 23:23:45,659 INFO Epoch: 28, loss: 0.054039373993873596, labeled_loss: 0.22360533475875854, unnlabeled_loss: 0.02724643237888813, mixup_loss: -1.9928113222122192, energy_loss: 0.16091980040073395
2026-09-10 23:23:45,659 INFO Best AUROC test all: 0.5708553851268833, AUPR test all: 0.20660106003241432, AUROC test unknown: 0.5026186988441266, AUPR test unknown: 0.1301754154140437
2026-09-10 23:24:09,211 INFO Epoch: 29, loss: 0.04680328071117401, labeled_loss: 0.2161598652601242, unnlabeled_loss: 0.023258505389094353, mixup_loss: -1.9938039779663086, energy_loss: 0.18394555151462555
2026-09-10 23:24:09,211 INFO Best AUROC test all: 0.5858705051772022, AUPR test all: 0.21466905861576524, AUROC test unknown: 0.5179414789330152, AUPR test unknown: 0.13517002880738063
2026-09-10 23:24:33,636 INFO Epoch: 30, loss: 0.04242260754108429, labeled_loss: 0.21092171967029572, unnlabeled_loss: 0.028016740456223488, mixup_loss: -1.9941924810409546, energy_loss: 0.16911761462688446
2026-09-10 23:24:33,637 INFO Best AUROC test all: 0.5955369108675741, AUPR test all: 0.2217427707947408, AUROC test unknown: 0.5277835481011672, AUPR test unknown: 0.13783406295381817
2026-09-10 23:24:57,564 INFO Epoch: 31, loss: 0.03467053174972534, labeled_loss: 0.20556701719760895, unnlabeled_loss: 0.026876160874962807, mixup_loss: -1.994629144668579, energy_loss: 0.15128357708454132
2026-09-10 23:24:57,564 INFO Best AUROC test all: 0.6097993540607349, AUPR test all: 0.23462449633795723, AUROC test unknown: 0.5429761325511235, AUPR test unknown: 0.1441593238926036
2026-09-10 23:25:22,983 INFO Epoch: 32, loss: 0.030768513679504395, labeled_loss: 0.20150761306285858, unnlabeled_loss: 0.028958512470126152, mixup_loss: -1.9952377080917358, energy_loss: 0.14305435121059418
2026-09-10 23:25:22,983 INFO Best AUROC test all: 0.6131581547538665, AUPR test all: 0.2347114076879861, AUROC test unknown: 0.5470360954411737, AUPR test unknown: 0.1450429923629444
2026-09-10 23:25:47,926 INFO Epoch: 33, loss: 0.034375861287117004, labeled_loss: 0.2035875767469406, unnlabeled_loss: 0.031665097922086716, mixup_loss: -1.995848536491394, energy_loss: 0.14540603756904602
2026-09-10 23:25:47,926 INFO Best AUROC test all: 0.6157080634886152, AUPR test all: 0.23727877712924825, AUROC test unknown: 0.5496520550898054, AUPR test unknown: 0.1463098728579961
2026-09-10 23:26:11,188 INFO Epoch: 34, loss: 0.023710861802101135, labeled_loss: 0.19320936501026154, unnlabeled_loss: 0.02728273719549179, mixup_loss: -1.996139645576477, energy_loss: 0.1647409349679947
2026-09-10 23:26:11,189 INFO Best AUROC test all: 0.6157080634886152, AUPR test all: 0.23727877712924825, AUROC test unknown: 0.5496520550898054, AUPR test unknown: 0.1463098728579961
2026-09-10 23:26:34,054 INFO Epoch: 35, loss: 0.027244850993156433, labeled_loss: 0.19487467408180237, unnlabeled_loss: 0.023956697434186935, mixup_loss: -1.9962551593780518, energy_loss: 0.20017360150814056
2026-09-10 23:26:34,054 INFO Best AUROC test all: 0.6227838956647721, AUPR test all: 0.2462904177765012, AUROC test unknown: 0.5574566938782447, AUPR test unknown: 0.14988169984776634
2026-09-10 23:26:56,736 INFO Epoch: 36, loss: 0.028659656643867493, labeled_loss: 0.19515474140644073, unnlabeled_loss: 0.026293287053704262, mixup_loss: -1.9965646266937256, energy_loss: 0.20014746487140656
2026-09-10 23:26:56,736 INFO Best AUROC test all: 0.6374707617254013, AUPR test all: 0.2769640355771017, AUROC test unknown: 0.572924427720569, AUPR test unknown: 0.15735642028310354
2026-09-10 23:27:21,684 INFO Epoch: 37, loss: 0.012694031000137329, labeled_loss: 0.17963026463985443, unnlabeled_loss: 0.030603112652897835, mixup_loss: -1.99666166305542, energy_loss: 0.17428387701511383
2026-09-10 23:27:21,684 INFO Best AUROC test all: 0.6407368338774264, AUPR test all: 0.29194885860248265, AUROC test unknown: 0.5758666031918671, AUPR test unknown: 0.15816472016245758
2026-09-10 23:27:45,533 INFO Epoch: 38, loss: 0.008011788129806519, labeled_loss: 0.17611031234264374, unnlabeled_loss: 0.026780812069773674, mixup_loss: -1.9969033002853394, energy_loss: 0.18201391398906708
2026-09-10 23:27:45,533 INFO Best AUROC test all: 0.6407368338774264, AUPR test all: 0.2952527004058036, AUROC test unknown: 0.5758666031918671, AUPR test unknown: 0.15826523771019407
2026-09-10 23:28:09,525 INFO Epoch: 39, loss: 0.011366218328475952, labeled_loss: 0.17849811911582947, unnlabeled_loss: 0.027472175657749176, mixup_loss: -1.996989130973816, energy_loss: 0.1883092075586319
2026-09-10 23:28:09,526 INFO Best AUROC test all: 0.6418271453756004, AUPR test all: 0.3036859907426432, AUROC test unknown: 0.5764356850314258, AUPR test unknown: 0.1588747605894148
2026-09-10 23:28:33,841 INFO Epoch: 40, loss: 0.007397949695587158, labeled_loss: 0.17639319598674774, unnlabeled_loss: 0.022328434512019157, mixup_loss: -1.997218132019043, energy_loss: 0.19562354683876038
2026-09-10 23:28:33,842 INFO Best AUROC test all: 0.6517123794139061, AUPR test all: 0.3201501319798883, AUROC test unknown: 0.5874956620087672, AUPR test unknown: 0.16306897509523566
2026-09-10 23:28:58,606 INFO Epoch: 41, loss: 0.0032740384340286255, labeled_loss: 0.17092478275299072, unnlabeled_loss: 0.024986889213323593, mixup_loss: -1.9967422485351562, energy_loss: 0.19530047476291656
2026-09-10 23:28:58,606 INFO Best AUROC test all: 0.6570015071426895, AUPR test all: 0.32945283358040905, AUROC test unknown: 0.5923999399836677, AUPR test unknown: 0.16506026388806666
2026-09-10 23:29:21,764 INFO Epoch: 42, loss: -0.012476682662963867, labeled_loss: 0.1572863757610321, unnlabeled_loss: 0.022083984687924385, mixup_loss: -1.9963996410369873, energy_loss: 0.18834900856018066
2026-09-10 23:29:21,764 INFO Best AUROC test all: 0.6570015071426895, AUPR test all: 0.32945283358040905, AUROC test unknown: 0.5923999399836677, AUPR test unknown: 0.16637369987327866
2026-09-10 23:29:46,314 INFO Epoch: 43, loss: -0.012505188584327698, labeled_loss: 0.156687393784523, unnlabeled_loss: 0.021253744140267372, mixup_loss: -1.9960144758224487, energy_loss: 0.1978200525045395
2026-09-10 23:29:46,315 INFO Best AUROC test all: 0.6611000031559354, AUPR test all: 0.3386538189992179, AUROC test unknown: 0.5965522808442357, AUPR test unknown: 0.16906072516418477
2026-09-10 23:30:10,604 INFO Epoch: 44, loss: -0.009772494435310364, labeled_loss: 0.16038267314434052, unnlabeled_loss: 0.0199899785220623, mixup_loss: -1.9951986074447632, energy_loss: 0.19369705021381378
2026-09-10 23:30:10,604 INFO Best AUROC test all: 0.664650430601712, AUPR test all: 0.34348319067348865, AUROC test unknown: 0.6008207859545682, AUPR test unknown: 0.17168707602426414
2026-09-10 23:30:34,312 INFO Epoch: 45, loss: -0.020091742277145386, labeled_loss: 0.14917397499084473, unnlabeled_loss: 0.022294163703918457, mixup_loss: -1.9958043098449707, energy_loss: 0.1916763186454773
2026-09-10 23:30:34,312 INFO Best AUROC test all: 0.6679412273066219, AUPR test all: 0.3508980656078827, AUROC test unknown: 0.6036925249702826, AUPR test unknown: 0.17355994035235747
2026-09-10 23:30:58,157 INFO Epoch: 46, loss: -0.024173274636268616, labeled_loss: 0.14417429268360138, unnlabeled_loss: 0.02226315066218376, mixup_loss: -1.9956709146499634, energy_loss: 0.20087963342666626
2026-09-10 23:30:58,158 INFO Best AUROC test all: 0.6700094659716758, AUPR test all: 0.3564196117615083, AUROC test unknown: 0.6064022601381538, AUPR test unknown: 0.1764241893553958
2026-09-10 23:31:23,354 INFO Epoch: 47, loss: -0.03420381247997284, labeled_loss: 0.13596518337726593, unnlabeled_loss: 0.018555277958512306, mixup_loss: -1.9960975646972656, energy_loss: 0.20163112878799438
2026-09-10 23:31:23,354 INFO Best AUROC test all: 0.6766651183622603, AUPR test all: 0.3646145048201978, AUROC test unknown: 0.6140685136521503, AUPR test unknown: 0.1818242845183742
2026-09-10 23:31:49,072 INFO Epoch: 48, loss: -0.0354541540145874, labeled_loss: 0.13425154983997345, unnlabeled_loss: 0.017891790717840195, mixup_loss: -1.9966179132461548, energy_loss: 0.2101018875837326
2026-09-10 23:31:49,072 INFO Best AUROC test all: 0.6823156878618317, AUPR test all: 0.37373590204764634, AUROC test unknown: 0.6198697663477423, AUPR test unknown: 0.18435112344938753
2026-09-10 23:32:13,291 INFO Epoch: 49, loss: -0.040685057640075684, labeled_loss: 0.12922124564647675, unnlabeled_loss: 0.019858088344335556, mixup_loss: -1.9970862865447998, energy_loss: 0.19873270392417908
2026-09-10 23:32:13,291 INFO Best AUROC test all: 0.6868524139603908, AUPR test all: 0.38459497440191925, AUROC test unknown: 0.6250114878504941, AUPR test unknown: 0.1886078655060082
2026-09-10 23:32:39,258 INFO Epoch: 50, loss: -0.04989956319332123, labeled_loss: 0.1211836189031601, unnlabeled_loss: 0.015777243301272392, mixup_loss: -1.99672269821167, energy_loss: 0.20700472593307495
2026-09-10 23:32:39,258 INFO Best AUROC test all: 0.6929708004406567, AUPR test all: 0.3909836965008556, AUROC test unknown: 0.6317784187619462, AUPR test unknown: 0.19390576427619077
2026-09-10 23:33:04,766 INFO Epoch: 51, loss: -0.04932761192321777, labeled_loss: 0.12115731835365295, unnlabeled_loss: 0.015667561441659927, mixup_loss: -1.997492790222168, energy_loss: 0.21430562436580658
2026-09-10 23:33:04,767 INFO Best AUROC test all: 0.6970406957883672, AUPR test all: 0.40119641235346737, AUROC test unknown: 0.6359661176051783, AUPR test unknown: 0.19977692477662315
2026-09-10 23:33:29,188 INFO Epoch: 52, loss: -0.06091414391994476, labeled_loss: 0.11038066446781158, unnlabeled_loss: 0.0141371451318264, mixup_loss: -1.9960709810256958, energy_loss: 0.2124371975660324
2026-09-10 23:33:29,188 INFO Best AUROC test all: 0.7064560027728195, AUPR test all: 0.41703077045803394, AUROC test unknown: 0.6469148217532819, AUPR test unknown: 0.20990066617146044
2026-09-10 23:33:52,817 INFO Epoch: 53, loss: -0.0670681744813919, labeled_loss: 0.10361593961715698, unnlabeled_loss: 0.015287564136087894, mixup_loss: -1.9960660934448242, energy_loss: 0.21278712153434753
2026-09-10 23:33:52,817 INFO Best AUROC test all: 0.7112352726067734, AUPR test all: 0.4220757475710118, AUROC test unknown: 0.6521978913337668, AUPR test unknown: 0.21476752498198642
2026-09-10 23:34:16,826 INFO Epoch: 54, loss: -0.07756060361862183, labeled_loss: 0.09126793593168259, unnlabeled_loss: 0.01078922301530838, mixup_loss: -1.9967259168624878, energy_loss: 0.25449442863464355
2026-09-10 23:34:16,826 INFO Best AUROC test all: 0.7151070963044729, AUPR test all: 0.4344477446105671, AUROC test unknown: 0.6566591184128497, AUPR test unknown: 0.22382892775083096
2026-09-10 23:34:40,411 INFO Epoch: 55, loss: -0.07633507251739502, labeled_loss: 0.09299483895301819, unnlabeled_loss: 0.011943256482481956, mixup_loss: -1.9955224990844727, energy_loss: 0.2425071746110916
2026-09-10 23:34:40,411 INFO Best AUROC test all: 0.7304193238298085, AUPR test all: 0.4569754110011899, AUROC test unknown: 0.6745950071509773, AUPR test unknown: 0.24839237422685595
2026-09-10 23:35:04,891 INFO Epoch: 56, loss: -0.08672820776700974, labeled_loss: 0.08124051243066788, unnlabeled_loss: 0.0175024326890707, mixup_loss: -1.9964102506637573, energy_loss: 0.2292109876871109
2026-09-10 23:35:04,891 INFO Best AUROC test all: 0.7304193238298085, AUPR test all: 0.4569754110011899, AUROC test unknown: 0.6745950071509773, AUPR test unknown: 0.24839237422685595
2026-09-10 23:35:29,489 INFO Epoch: 57, loss: -0.07985980808734894, labeled_loss: 0.08412928134202957, unnlabeled_loss: 0.007935399189591408, mixup_loss: -1.996689796447754, energy_loss: 0.3171219229698181
2026-09-10 23:35:29,489 INFO Best AUROC test all: 0.731866306498585, AUPR test all: 0.464359830927114, AUROC test unknown: 0.6758178343316675, AUPR test unknown: 0.2526687946140652
2026-09-10 23:35:53,331 INFO Epoch: 58, loss: -0.09344885498285294, labeled_loss: 0.07152973115444183, unnlabeled_loss: 0.012019215151667595, mixup_loss: -1.997329831123352, energy_loss: 0.2874479591846466
2026-09-10 23:35:53,331 INFO Best AUROC test all: 0.731866306498585, AUPR test all: 0.4703044474741682, AUROC test unknown: 0.6758178343316675, AUPR test unknown: 0.2625641104137878
2026-09-10 23:36:16,700 INFO Epoch: 59, loss: -0.09679317474365234, labeled_loss: 0.06561319530010223, unnlabeled_loss: 0.010355150327086449, mixup_loss: -1.9966336488723755, energy_loss: 0.3207942843437195
2026-09-10 23:36:16,700 INFO Best AUROC test all: 0.7346495388664467, AUPR test all: 0.47821528114424583, AUROC test unknown: 0.6793396571108621, AUPR test unknown: 0.27305573636671515
2026-09-10 23:36:39,400 INFO Epoch: 60, loss: -0.11010956019163132, labeled_loss: 0.05273687466979027, unnlabeled_loss: 0.009423734620213509, mixup_loss: -1.9972999095916748, energy_loss: 0.32171690464019775
2026-09-10 23:36:39,400 INFO Best AUROC test all: 0.7360707419457589, AUPR test all: 0.4792218976046041, AUROC test unknown: 0.6810437441694267, AUPR test unknown: 0.2734717456033231
2026-09-10 23:37:04,624 INFO Epoch: 61, loss: -0.1093868762254715, labeled_loss: 0.05207720771431923, unnlabeled_loss: 0.007870499975979328, mixup_loss: -1.997013807296753, energy_loss: 0.343020498752594
2026-09-10 23:37:04,624 INFO Best AUROC test all: 0.7460901032431274, AUPR test all: 0.4978950683082419, AUROC test unknown: 0.6925542349527606, AUPR test unknown: 0.2994609435771993
2026-09-10 23:37:28,081 INFO Epoch: 62, loss: -0.10926730930805206, labeled_loss: 0.04997434467077255, unnlabeled_loss: 0.01145646721124649, mixup_loss: -1.9970362186431885, energy_loss: 0.34733739495277405
2026-09-10 23:37:28,082 INFO Best AUROC test all: 0.7460901032431274, AUPR test all: 0.4978950683082419, AUROC test unknown: 0.6925542349527606, AUPR test unknown: 0.2994609435771993
2026-09-10 23:37:53,513 INFO Epoch: 63, loss: -0.10965562611818314, labeled_loss: 0.04044615477323532, unnlabeled_loss: 0.0034765154123306274, mixup_loss: -1.9979279041290283, energy_loss: 0.47952747344970703
2026-09-10 23:37:53,514 INFO Best AUROC test all: 0.7460901032431274, AUPR test all: 0.5010983163223719, AUROC test unknown: 0.6925542349527606, AUPR test unknown: 0.3031526597916592
2026-09-10 23:38:17,045 INFO Epoch: 64, loss: -0.11840701848268509, labeled_loss: 0.03809010609984398, unnlabeled_loss: 0.015618696808815002, mixup_loss: -1.9973292350769043, energy_loss: 0.3542645275592804
2026-09-10 23:38:17,045 INFO Best AUROC test all: 0.7460901032431274, AUPR test all: 0.5010983163223719, AUROC test unknown: 0.6925542349527606, AUPR test unknown: 0.3031526597916592
2026-09-10 23:38:41,353 INFO Epoch: 65, loss: -0.10359301418066025, labeled_loss: 0.04575777053833008, unnlabeled_loss: 0.007781131658703089, mixup_loss: -1.9969940185546875, energy_loss: 0.4645804464817047
2026-09-10 23:38:41,353 INFO Best AUROC test all: 0.7460901032431274, AUPR test all: 0.5010983163223719, AUROC test unknown: 0.6925542349527606, AUPR test unknown: 0.30355363231096816
2026-09-10 23:39:04,728 INFO Epoch: 66, loss: -0.11229325830936432, labeled_loss: 0.04429551213979721, unnlabeled_loss: 0.01350590493530035, mixup_loss: -1.99709951877594, energy_loss: 0.3636823296546936
2026-09-10 23:39:04,728 INFO Best AUROC test all: 0.7460901032431274, AUPR test all: 0.5010983163223719, AUROC test unknown: 0.6925542349527606, AUPR test unknown: 0.30355363231096816
2026-09-10 23:39:31,054 INFO Epoch: 67, loss: -0.1266222596168518, labeled_loss: 0.02587178535759449, unnlabeled_loss: 0.015100805088877678, mixup_loss: -1.9979755878448486, energy_loss: 0.3975309729576111
2026-09-10 23:39:31,054 INFO Best AUROC test all: 0.7460901032431274, AUPR test all: 0.5010983163223719, AUROC test unknown: 0.6925542349527606, AUPR test unknown: 0.30355363231096816
2026-09-10 23:39:52,204 INFO Epoch: 68, loss: -0.10890302062034607, labeled_loss: 0.04266146197915077, unnlabeled_loss: 0.016735831275582314, mixup_loss: -1.9977917671203613, energy_loss: 0.3984678089618683
2026-09-10 23:39:52,204 INFO Best AUROC test all: 0.7460901032431274, AUPR test all: 0.5010983163223719, AUROC test unknown: 0.6925542349527606, AUPR test unknown: 0.30355363231096816
2026-09-10 23:40:15,658 INFO Epoch: 69, loss: -0.13212981820106506, labeled_loss: 0.02619217522442341, unnlabeled_loss: 0.008416988886892796, mixup_loss: -1.9980483055114746, energy_loss: 0.37274324893951416
2026-09-10 23:40:15,658 INFO Best AUROC test all: 0.7460901032431274, AUPR test all: 0.5010983163223719, AUROC test unknown: 0.6925542349527606, AUPR test unknown: 0.30355363231096816
2026-09-10 23:40:39,560 INFO Epoch: 70, loss: -0.1654723882675171, labeled_loss: 0.03792164847254753, unnlabeled_loss: 0.00850426685065031, mixup_loss: -1.998272180557251, energy_loss: -0.07818944752216339
2026-09-10 23:40:39,560 INFO Best AUROC test all: 0.7460901032431274, AUPR test all: 0.5010983163223719, AUROC test unknown: 0.6925542349527606, AUPR test unknown: 0.30355363231096816
2026-09-10 23:41:05,041 INFO Epoch: 71, loss: -0.1170438826084137, labeled_loss: 0.030176326632499695, unnlabeled_loss: 0.005340787582099438, mixup_loss: -1.9984320402145386, energy_loss: 0.49952611327171326
2026-09-10 23:41:05,041 INFO Best AUROC test all: 0.7460901032431274, AUPR test all: 0.5010983163223719, AUROC test unknown: 0.6925542349527606, AUPR test unknown: 0.30355363231096816
2026-09-10 23:41:29,346 INFO Epoch: 72, loss: -0.12903466820716858, labeled_loss: 0.026091495528817177, unnlabeled_loss: 0.023300761356949806, mixup_loss: -1.9984207153320312, energy_loss: 0.33065542578697205
2026-09-10 23:41:29,347 INFO Best AUROC test all: 0.7460901032431274, AUPR test all: 0.5010983163223719, AUROC test unknown: 0.6925542349527606, AUPR test unknown: 0.30355363231096816
2026-09-10 23:41:55,117 INFO Epoch: 73, loss: -0.12266607582569122, labeled_loss: 0.035087987780570984, unnlabeled_loss: 0.033004529774188995, mixup_loss: -1.998693585395813, energy_loss: 0.2561303675174713
2026-09-10 23:41:55,117 INFO Best AUROC test all: 0.7460901032431274, AUPR test all: 0.5010983163223719, AUROC test unknown: 0.6925542349527606, AUPR test unknown: 0.30355363231096816
2026-09-10 23:42:20,278 INFO Epoch: 74, loss: -0.12584009766578674, labeled_loss: 0.02867930941283703, unnlabeled_loss: 0.011603466235101223, mixup_loss: -1.998449444770813, energy_loss: 0.39523810148239136
2026-09-10 23:42:20,278 INFO Best AUROC test all: 0.7460901032431274, AUPR test all: 0.5010983163223719, AUROC test unknown: 0.6925542349527606, AUPR test unknown: 0.30355363231096816
2026-09-10 23:42:46,998 INFO Epoch: 75, loss: -0.13081654906272888, labeled_loss: 0.02714824676513672, unnlabeled_loss: 0.014227483421564102, mixup_loss: -1.9986635446548462, energy_loss: 0.3478781580924988
2026-09-10 23:42:46,998 INFO Best AUROC test all: 0.7460901032431274, AUPR test all: 0.5010983163223719, AUROC test unknown: 0.6925542349527606, AUPR test unknown: 0.30355363231096816
2026-09-10 23:43:13,649 INFO Epoch: 76, loss: -0.16813522577285767, labeled_loss: 0.03787526860833168, unnlabeled_loss: 0.03971744701266289, mixup_loss: -1.9985804557800293, energy_loss: -0.26011162996292114
2026-09-10 23:43:13,649 INFO Best AUROC test all: 0.7460901032431274, AUPR test all: 0.5010983163223719, AUROC test unknown: 0.6925542349527606, AUPR test unknown: 0.30355363231096816
2026-09-10 23:43:40,434 INFO Epoch: 77, loss: -0.06683166325092316, labeled_loss: 0.07223627716302872, unnlabeled_loss: 0.0017374854069203138, mixup_loss: -1.9980175495147705, energy_loss: 0.5986507534980774
2026-09-10 23:43:40,434 INFO Best AUROC test all: 0.7460901032431274, AUPR test all: 0.5010983163223719, AUROC test unknown: 0.6925542349527606, AUPR test unknown: 0.30355363231096816
2026-09-10 23:44:05,783 INFO Epoch: 78, loss: -0.1331092268228531, labeled_loss: 0.01674458757042885, unnlabeled_loss: 0.01879170536994934, mixup_loss: -1.9990508556365967, energy_loss: 0.40655413269996643
2026-09-10 23:44:05,783 INFO Best AUROC test all: 0.7534624465692779, AUPR test all: 0.5135083747954129, AUROC test unknown: 0.701597577075371, AUPR test unknown: 0.32978404422367
2026-09-10 23:44:31,237 INFO Epoch: 79, loss: -0.09512828290462494, labeled_loss: 0.07949236035346985, unnlabeled_loss: 0.062117092311382294, mixup_loss: -1.9979972839355469, energy_loss: -0.05879455804824829
2026-09-10 23:44:31,237 INFO Best AUROC test all: 0.7534624465692779, AUPR test all: 0.5135083747954129, AUROC test unknown: 0.701597577075371, AUPR test unknown: 0.32978404422367
2026-09-10 23:44:56,675 INFO Epoch: 80, loss: -0.10598398000001907, labeled_loss: 0.04061248153448105, unnlabeled_loss: 0.001702463487163186, mixup_loss: -1.998515009880066, energy_loss: 0.5240380764007568
2026-09-10 23:44:56,675 INFO Best AUROC test all: 0.7534624465692779, AUPR test all: 0.5135083747954129, AUROC test unknown: 0.701597577075371, AUPR test unknown: 0.32978404422367
2026-09-10 23:45:21,101 INFO Epoch: 81, loss: -0.10527452081441879, labeled_loss: 0.08053819090127945, unnlabeled_loss: 0.0011964873410761356, mixup_loss: -1.9976035356521606, energy_loss: 0.13349409401416779
2026-09-10 23:45:21,101 INFO Best AUROC test all: 0.7534624465692779, AUPR test all: 0.5135083747954129, AUROC test unknown: 0.701597577075371, AUPR test unknown: 0.32978404422367
2026-09-10 23:45:47,227 INFO Epoch: 82, loss: -0.10484520345926285, labeled_loss: 0.04315180703997612, unnlabeled_loss: 0.004834288731217384, mixup_loss: -1.9990037679672241, energy_loss: 0.4948621392250061
2026-09-10 23:45:47,227 INFO Best AUROC test all: 0.7534624465692779, AUPR test all: 0.5135083747954129, AUROC test unknown: 0.701597577075371, AUPR test unknown: 0.32978404422367
2026-09-10 23:46:12,948 INFO Epoch: 83, loss: -0.12571026384830475, labeled_loss: 0.021202921867370605, unnlabeled_loss: 0.03706072270870209, mixup_loss: -1.9983822107315063, energy_loss: 0.34394678473472595
2026-09-10 23:46:12,949 INFO Best AUROC test all: 0.7581863957895416, AUPR test all: 0.5135083747954129, AUROC test unknown: 0.7076767463098006, AUPR test unknown: 0.32978404422367
2026-09-10 23:46:39,941 INFO Epoch: 84, loss: -0.03287447988986969, labeled_loss: 0.11730827391147614, unnlabeled_loss: 0.08256764709949493, mixup_loss: -1.9978810548782349, energy_loss: 0.08321526646614075
2026-09-10 23:46:39,941 INFO Best AUROC test all: 0.7581863957895416, AUPR test all: 0.5135083747954129, AUROC test unknown: 0.7076767463098006, AUPR test unknown: 0.32978404422367
2026-09-10 23:47:03,877 INFO Epoch: 85, loss: -0.12687262892723083, labeled_loss: 0.026230189949274063, unnlabeled_loss: 0.011818750761449337, mixup_loss: -1.9988882541656494, energy_loss: 0.4087662100791931
2026-09-10 23:47:03,877 INFO Best AUROC test all: 0.7581863957895416, AUPR test all: 0.5135083747954129, AUROC test unknown: 0.7076767463098006, AUPR test unknown: 0.32978404422367
2026-09-10 23:47:29,394 INFO Epoch: 86, loss: -0.05731914937496185, labeled_loss: 0.07668393105268478, unnlabeled_loss: 0.0008530433988198638, mixup_loss: -1.9982281923294067, energy_loss: 0.6539323329925537
2026-09-10 23:47:29,394 INFO Best AUROC test all: 0.7581863957895416, AUPR test all: 0.5135083747954129, AUROC test unknown: 0.7076767463098006, AUPR test unknown: 0.32978404422367
2026-09-10 23:47:56,015 INFO Epoch: 87, loss: -0.038438037037849426, labeled_loss: 0.08782771974802017, unnlabeled_loss: 0.0009356217924505472, mixup_loss: -1.9981573820114136, energy_loss: 0.7308216691017151
2026-09-10 23:47:56,015 INFO Best AUROC test all: 0.7581863957895416, AUPR test all: 0.5135083747954129, AUROC test unknown: 0.7076767463098006, AUPR test unknown: 0.32978404422367
2026-09-10 23:48:21,045 INFO Epoch: 88, loss: -0.12788760662078857, labeled_loss: 0.024410780519247055, unnlabeled_loss: 0.004197949543595314, mixup_loss: -1.9988609552383423, energy_loss: 0.454887330532074
2026-09-10 23:48:21,046 INFO Best AUROC test all: 0.7581863957895416, AUPR test all: 0.5135083747954129, AUROC test unknown: 0.7076767463098006, AUPR test unknown: 0.32978404422367
2026-09-10 23:48:48,606 INFO Epoch: 89, loss: -0.1228017508983612, labeled_loss: 0.026958268135786057, unnlabeled_loss: 0.03552865982055664, mixup_loss: -1.9984612464904785, energy_loss: 0.32321783900260925
2026-09-10 23:48:48,606 INFO Best AUROC test all: 0.7581863957895416, AUPR test all: 0.5135083747954129, AUROC test unknown: 0.7076767463098006, AUPR test unknown: 0.32978404422367
2026-09-10 23:49:13,898 INFO Epoch: 90, loss: -0.11638772487640381, labeled_loss: 0.07944412529468536, unnlabeled_loss: 0.04044008627533913, mixup_loss: -1.9977980852127075, energy_loss: -0.16272078454494476
2026-09-10 23:49:13,898 INFO Best AUROC test all: 0.7581863957895416, AUPR test all: 0.5135083747954129, AUROC test unknown: 0.7076767463098006, AUPR test unknown: 0.32978404422367
2026-09-10 23:49:38,022 INFO Epoch: 91, loss: -0.13800685107707977, labeled_loss: 0.025290597230196, unnlabeled_loss: 0.01565050706267357, mixup_loss: -1.9985346794128418, energy_loss: 0.28730764985084534
2026-09-10 23:49:38,022 INFO Best AUROC test all: 0.7581863957895416, AUPR test all: 0.5135083747954129, AUROC test unknown: 0.7076767463098006, AUPR test unknown: 0.32978404422367
2026-09-10 23:50:02,054 INFO Epoch: 92, loss: -0.13005636632442474, labeled_loss: 0.023997798562049866, unnlabeled_loss: 0.00389528158120811, mixup_loss: -1.998809814453125, energy_loss: 0.43879184126853943
2026-09-10 23:50:02,055 INFO Best AUROC test all: 0.7581863957895416, AUPR test all: 0.5135083747954129, AUROC test unknown: 0.7076767463098006, AUPR test unknown: 0.32978404422367
2026-09-10 23:50:27,765 INFO Epoch: 93, loss: -0.13745389878749847, labeled_loss: 0.06452102959156036, unnlabeled_loss: 0.002439093543216586, mixup_loss: -1.9974923133850098, energy_loss: -0.0344524085521698
2026-09-10 23:50:27,765 INFO Best AUROC test all: 0.7581863957895416, AUPR test all: 0.5135083747954129, AUROC test unknown: 0.7076767463098006, AUPR test unknown: 0.32978404422367
2026-09-10 23:50:53,769 INFO Epoch: 94, loss: -0.08041627705097198, labeled_loss: 0.05431118607521057, unnlabeled_loss: 0.0018445459427312016, mixup_loss: -1.9977556467056274, energy_loss: 0.6412582397460938
2026-09-10 23:50:53,770 INFO Best AUROC test all: 0.7581863957895416, AUPR test all: 0.5135083747954129, AUROC test unknown: 0.7076767463098006, AUPR test unknown: 0.32978404422367
2026-09-10 23:51:18,841 INFO Epoch: 95, loss: -0.13761597871780396, labeled_loss: 0.017708629369735718, unnlabeled_loss: 0.0041311983950436115, mixup_loss: -1.9990063905715942, energy_loss: 0.4251043498516083
2026-09-10 23:51:18,841 INFO Best AUROC test all: 0.7581863957895416, AUPR test all: 0.5135083747954129, AUROC test unknown: 0.7076767463098006, AUPR test unknown: 0.32978404422367
2026-09-10 23:51:45,432 INFO Epoch: 96, loss: -0.14296528697013855, labeled_loss: 0.02109738066792488, unnlabeled_loss: 0.013646210543811321, mixup_loss: -1.9988242387771606, energy_loss: 0.28996655344963074
2026-09-10 23:51:45,432 INFO Best AUROC test all: 0.7581863957895416, AUPR test all: 0.5135083747954129, AUROC test unknown: 0.7076767463098006, AUPR test unknown: 0.32978404422367
2026-09-10 23:52:10,446 INFO Epoch: 97, loss: -0.13673220574855804, labeled_loss: 0.0333041213452816, unnlabeled_loss: 0.04689262807369232, mixup_loss: -1.9983973503112793, energy_loss: 0.06357098370790482
2026-09-10 23:52:10,446 INFO Best AUROC test all: 0.7581863957895416, AUPR test all: 0.5135083747954129, AUROC test unknown: 0.7076767463098006, AUPR test unknown: 0.32978404422367
2026-09-10 23:52:38,844 INFO Epoch: 98, loss: -0.13490983843803406, labeled_loss: 0.025850584730505943, unnlabeled_loss: 0.023380223661661148, mixup_loss: -1.9983859062194824, energy_loss: 0.2738806903362274
2026-09-10 23:52:38,845 INFO Best AUROC test all: 0.7581863957895416, AUPR test all: 0.5135083747954129, AUROC test unknown: 0.7076767463098006, AUPR test unknown: 0.32978404422367
2026-09-10 23:53:03,976 INFO Epoch: 99, loss: -0.1408781260251999, labeled_loss: 0.014393958263099194, unnlabeled_loss: 0.03892408311367035, mixup_loss: -1.9988045692443848, energy_loss: 0.2514633536338806
2026-09-10 23:53:03,977 INFO Best AUROC test all: 0.7581863957895416, AUPR test all: 0.5135083747954129, AUROC test unknown: 0.7076767463098006, AUPR test unknown: 0.32978404422367
2026-09-10 23:53:30,052 INFO Epoch: 100, loss: -0.12185248732566833, labeled_loss: 0.018247703090310097, unnlabeled_loss: 0.021932153031229973, mixup_loss: -1.9985835552215576, energy_loss: 0.4879208207130432
2026-09-10 23:53:30,052 INFO Best AUROC test all: 0.7581863957895416, AUPR test all: 0.5135083747954129, AUROC test unknown: 0.7076767463098006, AUPR test unknown: 0.32978404422367
2026-09-10 23:53:55,279 INFO Epoch: 101, loss: -0.12020943313837051, labeled_loss: 0.017031213268637657, unnlabeled_loss: 0.030191896483302116, mixup_loss: -1.9985874891281128, energy_loss: 0.47522157430648804
2026-09-10 23:53:55,280 INFO Best AUROC test all: 0.7581863957895416, AUPR test all: 0.5135083747954129, AUROC test unknown: 0.7076767463098006, AUPR test unknown: 0.32978404422367
2026-09-10 23:54:19,431 INFO Epoch: 102, loss: -0.1296873390674591, labeled_loss: 0.013639410957694054, unnlabeled_loss: 0.026729589328169823, mixup_loss: -1.9988030195236206, energy_loss: 0.4318876564502716
2026-09-10 23:54:19,431 INFO Best AUROC test all: 0.7581863957895416, AUPR test all: 0.5135083747954129, AUROC test unknown: 0.7076767463098006, AUPR test unknown: 0.32978404422367
2026-09-10 23:54:44,844 INFO Epoch: 103, loss: -0.1482500582933426, labeled_loss: 0.0094298729673028, unnlabeled_loss: 0.0077338977716863155, mixup_loss: -1.9985772371292114, energy_loss: 0.3831084966659546
2026-09-10 23:54:44,844 INFO Best AUROC test all: 0.7581863957895416, AUPR test all: 0.5135083747954129, AUROC test unknown: 0.7076767463098006, AUPR test unknown: 0.32978404422367
2026-09-10 23:55:11,944 INFO Epoch: 104, loss: -0.15825119614601135, labeled_loss: 0.011709261685609818, unnlabeled_loss: 0.06665746867656708, mixup_loss: -1.9985069036483765, energy_loss: -0.034385085105895996
2026-09-10 23:55:11,944 INFO Best AUROC test all: 0.7581863957895416, AUPR test all: 0.5135083747954129, AUROC test unknown: 0.7076767463098006, AUPR test unknown: 0.32978404422367
2026-09-10 23:55:37,114 INFO Epoch: 105, loss: -0.15534596145153046, labeled_loss: 0.018613243475556374, unnlabeled_loss: 0.023566529154777527, mixup_loss: -1.9986679553985596, energy_loss: 0.1412433534860611
2026-09-10 23:55:37,115 INFO Best AUROC test all: 0.7581863957895416, AUPR test all: 0.5135083747954129, AUROC test unknown: 0.7076767463098006, AUPR test unknown: 0.32978404422367
2026-09-10 23:56:00,944 INFO Epoch: 106, loss: -0.1320473551750183, labeled_loss: 0.020297052338719368, unnlabeled_loss: 0.03951230272650719, mixup_loss: -1.9985829591751099, energy_loss: 0.2775772213935852
2026-09-10 23:56:00,945 INFO Best AUROC test all: 0.7581863957895416, AUPR test all: 0.5135083747954129, AUROC test unknown: 0.7076767463098006, AUPR test unknown: 0.32978404422367
2026-09-10 23:56:24,580 INFO Epoch: 107, loss: -0.14164432883262634, labeled_loss: 0.015799986198544502, unnlabeled_loss: 0.03341815248131752, mixup_loss: -1.9991552829742432, energy_loss: 0.2576213479042053
2026-09-10 23:56:24,580 INFO Best AUROC test all: 0.7581863957895416, AUPR test all: 0.5135083747954129, AUROC test unknown: 0.7076767463098006, AUPR test unknown: 0.32978404422367
2026-09-10 23:56:50,738 INFO Epoch: 108, loss: -0.1561395823955536, labeled_loss: 0.010192831046879292, unnlabeled_loss: 0.007789390627294779, mixup_loss: -1.9987244606018066, energy_loss: 0.29645347595214844
2026-09-10 23:56:50,738 INFO Best AUROC test all: 0.7581863957895416, AUPR test all: 0.5135083747954129, AUROC test unknown: 0.7076767463098006, AUPR test unknown: 0.32978404422367
2026-09-10 23:57:18,822 INFO Epoch: 109, loss: -0.13694454729557037, labeled_loss: 0.008165181614458561, unnlabeled_loss: 0.04859856888651848, mixup_loss: -1.9988638162612915, energy_loss: 0.3047736883163452
2026-09-10 23:57:18,823 INFO Best AUROC test all: 0.7581863957895416, AUPR test all: 0.5135083747954129, AUROC test unknown: 0.7076767463098006, AUPR test unknown: 0.32978404422367
2026-09-10 23:57:46,898 INFO Epoch: 110, loss: -0.1101522445678711, labeled_loss: 0.012629051692783833, unnlabeled_loss: 0.07550780475139618, mixup_loss: -1.998175859451294, energy_loss: 0.39282387495040894
2026-09-10 23:57:46,899 INFO Best AUROC test all: 0.7581863957895416, AUPR test all: 0.5135083747954129, AUROC test unknown: 0.7076767463098006, AUPR test unknown: 0.32978404422367
2026-09-10 23:58:10,641 INFO Epoch: 111, loss: -0.14952459931373596, labeled_loss: 0.014117991551756859, unnlabeled_loss: 0.021812882274389267, mixup_loss: -1.9986906051635742, energy_loss: 0.2532002627849579
2026-09-10 23:58:10,641 INFO Best AUROC test all: 0.7581863957895416, AUPR test all: 0.5135083747954129, AUROC test unknown: 0.7076767463098006, AUPR test unknown: 0.32978404422367
2026-09-10 23:58:32,613 INFO Epoch: 112, loss: -0.1240762397646904, labeled_loss: 0.009519753977656364, unnlabeled_loss: 0.0672450065612793, mixup_loss: -1.9987542629241943, energy_loss: 0.3265693187713623
2026-09-10 23:58:32,614 INFO Best AUROC test all: 0.7581863957895416, AUPR test all: 0.5135083747954129, AUROC test unknown: 0.7076767463098006, AUPR test unknown: 0.32978404422367
2026-09-10 23:58:57,391 INFO Epoch: 113, loss: -0.10259218513965607, labeled_loss: 0.013632343150675297, unnlabeled_loss: 0.10977714508771896, mixup_loss: -1.9989641904830933, energy_loss: 0.28783324360847473
2026-09-10 23:58:57,391 INFO Best AUROC test all: 0.7581863957895416, AUPR test all: 0.5135083747954129, AUROC test unknown: 0.7076767463098006, AUPR test unknown: 0.32978404422367
2026-09-10 23:59:22,252 INFO Epoch: 114, loss: -0.13683617115020752, labeled_loss: 0.02584330551326275, unnlabeled_loss: 0.028059374541044235, mixup_loss: -1.9990882873535156, energy_loss: 0.23199662566184998
2026-09-10 23:59:22,253 INFO Best AUROC test all: 0.7581863957895416, AUPR test all: 0.5135083747954129, AUROC test unknown: 0.7076767463098006, AUPR test unknown: 0.32978404422367
2026-09-10 23:59:47,156 INFO Epoch: 115, loss: -0.11643017083406448, labeled_loss: 0.011708742007613182, unnlabeled_loss: 0.07833488285541534, mixup_loss: -1.999121069908142, energy_loss: 0.3260575830936432
2026-09-10 23:59:47,156 INFO Best AUROC test all: 0.7581863957895416, AUPR test all: 0.5135083747954129, AUROC test unknown: 0.7076767463098006, AUPR test unknown: 0.32978404422367
2026-09-11 00:00:11,320 INFO Epoch: 116, loss: -0.12746356427669525, labeled_loss: 0.012171564623713493, unnlabeled_loss: 0.05724216625094414, mixup_loss: -1.9988784790039062, energy_loss: 0.3163164258003235
2026-09-11 00:00:11,320 INFO Best AUROC test all: 0.7581863957895416, AUPR test all: 0.5135083747954129, AUROC test unknown: 0.7076767463098006, AUPR test unknown: 0.32978404422367
2026-09-11 00:00:34,652 INFO Epoch: 117, loss: -0.15053477883338928, labeled_loss: 0.013164319097995758, unnlabeled_loss: 0.009353029541671276, mixup_loss: -1.9988453388214111, energy_loss: 0.31508922576904297
2026-09-11 00:00:34,652 INFO Best AUROC test all: 0.7581863957895416, AUPR test all: 0.5135083747954129, AUROC test unknown: 0.7076767463098006, AUPR test unknown: 0.32978404422367
2026-09-11 00:00:58,997 INFO Epoch: 118, loss: -0.12308038771152496, labeled_loss: 0.010267959907650948, unnlabeled_loss: 0.06890776008367538, mixup_loss: -1.9987643957138062, energy_loss: 0.3207421600818634
2026-09-11 00:00:58,997 INFO Best AUROC test all: 0.7581863957895416, AUPR test all: 0.5135083747954129, AUROC test unknown: 0.7076767463098006, AUPR test unknown: 0.32978404422367
2026-09-11 00:01:23,751 INFO Epoch: 119, loss: -0.13918066024780273, labeled_loss: 0.010949994437396526, unnlabeled_loss: 0.04654425010085106, mixup_loss: -1.9992295503616333, energy_loss: 0.2652018666267395
2026-09-11 00:01:23,751 INFO Best AUROC test all: 0.7581863957895416, AUPR test all: 0.5135083747954129, AUROC test unknown: 0.7076767463098006, AUPR test unknown: 0.32978404422367
2026-09-11 00:01:48,734 INFO Epoch: 120, loss: -0.14976957440376282, labeled_loss: 0.014426568523049355, unnlabeled_loss: 0.049131568521261215, mixup_loss: -1.999167799949646, energy_loss: 0.11154858767986298
2026-09-11 00:01:48,734 INFO Best AUROC test all: 0.7581863957895416, AUPR test all: 0.5135083747954129, AUROC test unknown: 0.7076767463098006, AUPR test unknown: 0.32978404422367
2026-09-11 00:02:16,435 INFO Epoch: 121, loss: -0.12270861864089966, labeled_loss: 0.014063127338886261, unnlabeled_loss: 0.07410670071840286, mixup_loss: -1.9987045526504517, energy_loss: 0.2604535222053528
2026-09-11 00:02:16,436 INFO Best AUROC test all: 0.7581863957895416, AUPR test all: 0.5135083747954129, AUROC test unknown: 0.7076767463098006, AUPR test unknown: 0.32978404422367
2026-09-11 00:02:41,859 INFO Epoch: 122, loss: -0.15320353209972382, labeled_loss: 0.018615569919347763, unnlabeled_loss: 0.018824085593223572, mixup_loss: -1.99886953830719, energy_loss: 0.18655820190906525
2026-09-11 00:02:41,860 INFO Best AUROC test all: 0.7581863957895416, AUPR test all: 0.5135083747954129, AUROC test unknown: 0.7076767463098006, AUPR test unknown: 0.32978404422367
2026-09-11 00:03:06,811 INFO Epoch: 123, loss: -0.13714900612831116, labeled_loss: 0.015318823046982288, unnlabeled_loss: 0.04352331906557083, mixup_loss: -1.9991755485534668, energy_loss: 0.2568807303905487
2026-09-11 00:03:06,811 INFO Best AUROC test all: 0.7581863957895416, AUPR test all: 0.5135083747954129, AUROC test unknown: 0.7076767463098006, AUPR test unknown: 0.32978404422367
2026-09-11 00:03:30,154 INFO Epoch: 124, loss: -0.16608810424804688, labeled_loss: 0.01170023437589407, unnlabeled_loss: 0.05385667830705643, mixup_loss: -1.9985415935516357, energy_loss: -0.048625119030475616
2026-09-11 00:03:30,154 INFO Best AUROC test all: 0.7581863957895416, AUPR test all: 0.5135083747954129, AUROC test unknown: 0.7076767463098006, AUPR test unknown: 0.32978404422367
2026-09-11 00:03:54,123 INFO Epoch: 125, loss: -0.15880534052848816, labeled_loss: 0.01315449457615614, unnlabeled_loss: 0.022356737405061722, mixup_loss: -1.9992324113845825, energy_loss: 0.16785049438476562
2026-09-11 00:03:54,124 INFO Best AUROC test all: 0.7581863957895416, AUPR test all: 0.5135083747954129, AUROC test unknown: 0.7076767463098006, AUPR test unknown: 0.32978404422367
2026-09-11 00:04:18,494 INFO Epoch: 126, loss: -0.13531169295310974, labeled_loss: 0.011149561032652855, unnlabeled_loss: 0.04971073195338249, mixup_loss: -1.9989941120147705, energy_loss: 0.28582796454429626
2026-09-11 00:04:18,494 INFO Best AUROC test all: 0.7581863957895416, AUPR test all: 0.5135083747954129, AUROC test unknown: 0.7076767463098006, AUPR test unknown: 0.32978404422367
2026-09-11 00:04:42,514 INFO Epoch: 127, loss: -0.16587591171264648, labeled_loss: 0.010336464270949364, unnlabeled_loss: 0.01732744462788105, mixup_loss: -1.9992563724517822, energy_loss: 0.15049542486667633
2026-09-11 00:04:42,514 INFO Best AUROC test all: 0.7581863957895416, AUPR test all: 0.5135083747954129, AUROC test unknown: 0.7076767463098006, AUPR test unknown: 0.32978404422367
2026-09-11 00:05:06,458 INFO Epoch: 128, loss: -0.1696045845746994, labeled_loss: 0.006994575262069702, unnlabeled_loss: 0.04081828147172928, mixup_loss: -1.998749852180481, energy_loss: 0.028666794300079346
2026-09-11 00:05:06,458 INFO Best AUROC test all: 0.7581863957895416, AUPR test all: 0.5135083747954129, AUROC test unknown: 0.7076767463098006, AUPR test unknown: 0.32978404422367
2026-09-11 00:05:31,598 INFO Epoch: 129, loss: -0.15356247127056122, labeled_loss: 0.01735520362854004, unnlabeled_loss: 0.013310899026691914, mixup_loss: -1.9985634088516235, energy_loss: 0.2228320986032486
2026-09-11 00:05:31,598 INFO Best AUROC test all: 0.7581863957895416, AUPR test all: 0.5135083747954129, AUROC test unknown: 0.7076767463098006, AUPR test unknown: 0.32978404422367
2026-09-11 00:05:56,039 INFO Epoch: 130, loss: -0.1650582253932953, labeled_loss: 0.011441049166023731, unnlabeled_loss: 0.027261145412921906, mixup_loss: -1.9989174604415894, energy_loss: 0.09761901944875717
2026-09-11 00:05:56,039 INFO Best AUROC test all: 0.7581863957895416, AUPR test all: 0.5135083747954129, AUROC test unknown: 0.7076767463098006, AUPR test unknown: 0.32978404422367
2026-09-11 00:06:21,214 INFO Epoch: 131, loss: -0.1437254250049591, labeled_loss: 0.010805375874042511, unnlabeled_loss: 0.03017895482480526, mixup_loss: -1.9986743927001953, energy_loss: 0.30247166752815247
2026-09-11 00:06:21,214 INFO Best AUROC test all: 0.7581863957895416, AUPR test all: 0.5135083747954129, AUROC test unknown: 0.7076767463098006, AUPR test unknown: 0.32978404422367
2026-09-11 00:06:46,657 INFO Epoch: 132, loss: -0.1167786568403244, labeled_loss: 0.007059074006974697, unnlabeled_loss: 0.09333185851573944, mixup_loss: -1.9990272521972656, energy_loss: 0.2939906716346741
2026-09-11 00:06:46,657 INFO Best AUROC test all: 0.7581863957895416, AUPR test all: 0.5135083747954129, AUROC test unknown: 0.7076767463098006, AUPR test unknown: 0.32978404422367
2026-09-11 00:07:10,879 INFO Epoch: 133, loss: -0.16274362802505493, labeled_loss: 0.006877333857119083, unnlabeled_loss: 0.011344650760293007, mixup_loss: -1.998616099357605, energy_loss: 0.24568325281143188
2026-09-11 00:07:10,879 INFO Best AUROC test all: 0.7581863957895416, AUPR test all: 0.5135083747954129, AUROC test unknown: 0.7076767463098006, AUPR test unknown: 0.32978404422367
2026-09-11 00:07:35,468 INFO Epoch: 134, loss: -0.16257111728191376, labeled_loss: 0.00796455517411232, unnlabeled_loss: 0.016731953248381615, mixup_loss: -1.9986058473587036, energy_loss: 0.2095893919467926
2026-09-11 00:07:35,468 INFO Best AUROC test all: 0.7581863957895416, AUPR test all: 0.5135083747954129, AUROC test unknown: 0.7076767463098006, AUPR test unknown: 0.32978404422367
2026-09-11 00:08:00,333 INFO Epoch: 135, loss: -0.10922429710626602, labeled_loss: 0.006550376769155264, unnlabeled_loss: 0.11246199905872345, mixup_loss: -1.9983928203582764, energy_loss: 0.2783360481262207
2026-09-11 00:08:00,333 INFO Best AUROC test all: 0.7581863957895416, AUPR test all: 0.5135083747954129, AUROC test unknown: 0.7076767463098006, AUPR test unknown: 0.32978404422367
2026-09-11 00:08:24,301 INFO Epoch: 136, loss: -0.11685721576213837, labeled_loss: 0.01050428207963705, unnlabeled_loss: 0.0918702706694603, mixup_loss: -1.998955488204956, energy_loss: 0.2659890949726105
2026-09-11 00:08:24,302 INFO Best AUROC test all: 0.7581863957895416, AUPR test all: 0.5135083747954129, AUROC test unknown: 0.7076767463098006, AUPR test unknown: 0.32978404422367
2026-09-11 00:08:51,082 INFO Epoch: 137, loss: -0.1495942771434784, labeled_loss: 0.014533541165292263, unnlabeled_loss: 0.04566610977053642, mixup_loss: -1.9989523887634277, energy_loss: 0.1293436586856842
2026-09-11 00:08:51,082 INFO Best AUROC test all: 0.7581863957895416, AUPR test all: 0.5135083747954129, AUROC test unknown: 0.7076767463098006, AUPR test unknown: 0.32978404422367
2026-09-11 00:09:14,182 INFO Epoch: 138, loss: -0.15250760316848755, labeled_loss: 0.009640833362936974, unnlabeled_loss: 0.017105642706155777, mixup_loss: -1.9990043640136719, energy_loss: 0.2919917106628418
2026-09-11 00:09:14,182 INFO Best AUROC test all: 0.7581863957895416, AUPR test all: 0.5135083747954129, AUROC test unknown: 0.7076767463098006, AUPR test unknown: 0.32978404422367
2026-09-11 00:09:38,129 INFO Epoch: 139, loss: -0.12856914103031158, labeled_loss: 0.009820761159062386, unnlabeled_loss: 0.07270530611276627, mixup_loss: -1.9988409280776978, energy_loss: 0.25141552090644836
2026-09-11 00:09:38,129 INFO Best AUROC test all: 0.7581863957895416, AUPR test all: 0.5135083747954129, AUROC test unknown: 0.7076767463098006, AUPR test unknown: 0.32978404422367
2026-09-11 00:10:00,755 INFO Epoch: 140, loss: -0.1511230766773224, labeled_loss: 0.013111809268593788, unnlabeled_loss: 0.012199370190501213, mixup_loss: -1.998441457748413, energy_loss: 0.2950957715511322
2026-09-11 00:10:00,755 INFO Best AUROC test all: 0.7581863957895416, AUPR test all: 0.5135083747954129, AUROC test unknown: 0.7076767463098006, AUPR test unknown: 0.32978404422367
2026-09-11 00:10:27,182 INFO Epoch: 141, loss: -0.15335717797279358, labeled_loss: 0.009452731348574162, unnlabeled_loss: 0.019365007057785988, mixup_loss: -1.9943817853927612, energy_loss: 0.26945775747299194
2026-09-11 00:10:27,183 INFO Best AUROC test all: 0.7581863957895416, AUPR test all: 0.5135083747954129, AUROC test unknown: 0.7076767463098006, AUPR test unknown: 0.32978404422367
2026-09-11 00:10:54,387 INFO Epoch: 142, loss: -0.15495960414409637, labeled_loss: 0.008462794125080109, unnlabeled_loss: 0.016679950058460236, mixup_loss: -1.997918725013733, energy_loss: 0.28029510378837585
2026-09-11 00:10:54,387 INFO Best AUROC test all: 0.7581863957895416, AUPR test all: 0.5135083747954129, AUROC test unknown: 0.7076767463098006, AUPR test unknown: 0.32978404422367
2026-09-11 00:11:18,205 INFO Epoch: 143, loss: -0.13323764503002167, labeled_loss: 0.0080155860632658, unnlabeled_loss: 0.07361855357885361, mixup_loss: -1.9965847730636597, energy_loss: 0.21595975756645203
2026-09-11 00:11:18,205 INFO Best AUROC test all: 0.7581863957895416, AUPR test all: 0.5135083747954129, AUROC test unknown: 0.7076767463098006, AUPR test unknown: 0.32978404422367
2026-09-11 00:11:42,731 INFO Epoch: 144, loss: -0.12990835309028625, labeled_loss: 0.011446483433246613, unnlabeled_loss: 0.06147962063550949, mixup_loss: -1.999248743057251, energy_loss: 0.27830228209495544
2026-09-11 00:11:42,731 INFO Best AUROC test all: 0.7581863957895416, AUPR test all: 0.5135083747954129, AUROC test unknown: 0.7076767463098006, AUPR test unknown: 0.32978404422367
2026-09-11 00:12:08,212 INFO Epoch: 145, loss: -0.14613977074623108, labeled_loss: 0.012157231569290161, unnlabeled_loss: 0.06266391277313232, mixup_loss: -1.9981776475906372, energy_loss: 0.10188800096511841
2026-09-11 00:12:08,213 INFO Best AUROC test all: 0.7581863957895416, AUPR test all: 0.5135083747954129, AUROC test unknown: 0.7076767463098006, AUPR test unknown: 0.32978404422367
2026-09-11 00:12:33,101 INFO Epoch: 146, loss: -0.13188153505325317, labeled_loss: 0.022713927552103996, unnlabeled_loss: 0.04103158041834831, mixup_loss: -1.998989462852478, energy_loss: 0.24787694215774536
2026-09-11 00:12:33,102 INFO Best AUROC test all: 0.7581863957895416, AUPR test all: 0.5135083747954129, AUROC test unknown: 0.7076767463098006, AUPR test unknown: 0.32978404422367
2026-09-11 00:13:00,269 INFO Epoch: 147, loss: -0.15155023336410522, labeled_loss: 0.013201689347624779, unnlabeled_loss: 0.02068374678492546, mixup_loss: -1.9984805583953857, energy_loss: 0.2475425750017166
2026-09-11 00:13:00,269 INFO Best AUROC test all: 0.7581863957895416, AUPR test all: 0.5135083747954129, AUROC test unknown: 0.7076767463098006, AUPR test unknown: 0.32978404422367
2026-09-11 00:13:25,335 INFO Epoch: 148, loss: -0.13015826046466827, labeled_loss: 0.01015691552311182, unnlabeled_loss: 0.06941916793584824, mixup_loss: -1.9991717338562012, energy_loss: 0.24892418086528778
2026-09-11 00:13:25,335 INFO Best AUROC test all: 0.7581863957895416, AUPR test all: 0.5135083747954129, AUROC test unknown: 0.7076767463098006, AUPR test unknown: 0.32978404422367
2026-09-11 00:13:51,448 INFO Epoch: 149, loss: -0.14551597833633423, labeled_loss: 0.010421158745884895, unnlabeled_loss: 0.02632174827158451, mixup_loss: -1.998986840248108, energy_loss: 0.30800676345825195
2026-09-11 00:13:51,448 INFO Best AUROC test all: 0.7581863957895416, AUPR test all: 0.5135083747954129, AUROC test unknown: 0.7076767463098006, AUPR test unknown: 0.32978404422367
2026-09-11 00:14:14,658 INFO Epoch: 150, loss: -0.13270063698291779, labeled_loss: 0.013178269378840923, unnlabeled_loss: 0.06493208557367325, mixup_loss: -1.9990049600601196, energy_loss: 0.21555542945861816
2026-09-11 00:14:14,658 INFO Best AUROC test all: 0.7581863957895416, AUPR test all: 0.5135083747954129, AUROC test unknown: 0.7076767463098006, AUPR test unknown: 0.32978404422367
2026-09-11 00:14:39,323 INFO Epoch: 151, loss: -0.16098271310329437, labeled_loss: 0.014411373063921928, unnlabeled_loss: 0.011797163635492325, mixup_loss: -1.998624563217163, energy_loss: 0.185698002576828
2026-09-11 00:14:39,323 INFO Best AUROC test all: 0.7581863957895416, AUPR test all: 0.5135083747954129, AUROC test unknown: 0.7076767463098006, AUPR test unknown: 0.32978404422367
2026-09-11 00:15:04,597 INFO Epoch: 152, loss: -0.15886375308036804, labeled_loss: 0.01218508929014206, unnlabeled_loss: 0.02777889557182789, mixup_loss: -1.9988733530044556, energy_loss: 0.14949053525924683
2026-09-11 00:15:04,597 INFO Best AUROC test all: 0.7581863957895416, AUPR test all: 0.5135083747954129, AUROC test unknown: 0.7076767463098006, AUPR test unknown: 0.32978404422367
2026-09-11 00:15:33,230 INFO Epoch: 153, loss: -0.1577136218547821, labeled_loss: 0.009067036211490631, unnlabeled_loss: 0.025286447256803513, mixup_loss: -1.9990668296813965, energy_loss: 0.20482802391052246
2026-09-11 00:15:33,230 INFO Best AUROC test all: 0.7581863957895416, AUPR test all: 0.5135083747954129, AUROC test unknown: 0.7076767463098006, AUPR test unknown: 0.32978404422367
2026-09-11 00:15:59,754 INFO Epoch: 154, loss: -0.13559971749782562, labeled_loss: 0.009472890757024288, unnlabeled_loss: 0.08058646321296692, mixup_loss: -1.9989941120147705, energy_loss: 0.14533577859401703
2026-09-11 00:15:59,754 INFO Best AUROC test all: 0.7581863957895416, AUPR test all: 0.5135083747954129, AUROC test unknown: 0.7076767463098006, AUPR test unknown: 0.32978404422367
2026-09-11 00:16:21,572 INFO Epoch: 155, loss: -0.1175386905670166, labeled_loss: 0.009286856278777122, unnlabeled_loss: 0.08533580601215363, mixup_loss: -1.998434066772461, energy_loss: 0.3034995198249817
2026-09-11 00:16:21,572 INFO Best AUROC test all: 0.7581863957895416, AUPR test all: 0.5135083747954129, AUROC test unknown: 0.7076767463098006, AUPR test unknown: 0.32978404422367
2026-09-11 00:16:44,838 INFO Epoch: 156, loss: -0.10704408586025238, labeled_loss: 0.01108596008270979, unnlabeled_loss: 0.10958043485879898, mixup_loss: -1.9936392307281494, energy_loss: 0.2644366919994354
2026-09-11 00:16:44,838 INFO Best AUROC test all: 0.7581863957895416, AUPR test all: 0.5135083747954129, AUROC test unknown: 0.7076767463098006, AUPR test unknown: 0.32978404422367
2026-09-11 00:17:12,708 INFO Epoch: 157, loss: -0.1521168351173401, labeled_loss: 0.010788936167955399, unnlabeled_loss: 0.04481878876686096, mixup_loss: -1.9983024597167969, energy_loss: 0.1451507955789566
2026-09-11 00:17:12,708 INFO Best AUROC test all: 0.7581863957895416, AUPR test all: 0.5135083747954129, AUROC test unknown: 0.7076767463098006, AUPR test unknown: 0.32978404422367
2026-09-11 00:17:37,393 INFO Epoch: 158, loss: -0.13905173540115356, labeled_loss: 0.009493298828601837, unnlabeled_loss: 0.046811480075120926, mixup_loss: -1.9970463514328003, energy_loss: 0.2775386571884155
2026-09-11 00:17:37,393 INFO Best AUROC test all: 0.7581863957895416, AUPR test all: 0.5135083747954129, AUROC test unknown: 0.7076767463098006, AUPR test unknown: 0.32978404422367
2026-09-11 00:18:03,403 INFO Epoch: 159, loss: -0.14683058857917786, labeled_loss: 0.00832742266356945, unnlabeled_loss: 0.09112345427274704, mixup_loss: -1.9989354610443115, energy_loss: -0.008261960931122303
2026-09-11 00:18:03,403 INFO Best AUROC test all: 0.7581863957895416, AUPR test all: 0.5135083747954129, AUROC test unknown: 0.7076767463098006, AUPR test unknown: 0.32978404422367
2026-09-11 00:18:27,433 INFO Epoch: 160, loss: -0.11667554080486298, labeled_loss: 0.007630309090018272, unnlabeled_loss: 0.0900328978896141, mixup_loss: -1.9973677396774292, energy_loss: 0.3041447103023529
2026-09-11 00:18:27,433 INFO Best AUROC test all: 0.7581863957895416, AUPR test all: 0.5135083747954129, AUROC test unknown: 0.7076767463098006, AUPR test unknown: 0.32978404422367
2026-09-11 00:18:51,595 INFO Epoch: 161, loss: -0.13986563682556152, labeled_loss: 0.009844304993748665, unnlabeled_loss: 0.08988378196954727, mixup_loss: -1.9988441467285156, energy_loss: 0.05232573300600052
2026-09-11 00:18:51,595 INFO Best AUROC test all: 0.7581863957895416, AUPR test all: 0.5135083747954129, AUROC test unknown: 0.7076767463098006, AUPR test unknown: 0.32978404422367
2026-09-11 00:19:16,649 INFO Epoch: 162, loss: -0.12152601778507233, labeled_loss: 0.012736095115542412, unnlabeled_loss: 0.07660116255283356, mixup_loss: -1.9989961385726929, energy_loss: 0.273369163274765
2026-09-11 00:19:16,649 INFO Best AUROC test all: 0.7581863957895416, AUPR test all: 0.5135083747954129, AUROC test unknown: 0.7076767463098006, AUPR test unknown: 0.32978404422367
2026-09-11 00:19:42,384 INFO Epoch: 163, loss: -0.13757658004760742, labeled_loss: 0.009906130842864513, unnlabeled_loss: 0.06658849120140076, mixup_loss: -1.9982080459594727, energy_loss: 0.19043849408626556
2026-09-11 00:19:42,384 INFO Best AUROC test all: 0.7581863957895416, AUPR test all: 0.5135083747954129, AUROC test unknown: 0.7076767463098006, AUPR test unknown: 0.32978404422367
2026-09-11 00:20:08,449 INFO Epoch: 164, loss: -0.1550021916627884, labeled_loss: 0.010756829753518105, unnlabeled_loss: 0.013889958150684834, mixup_loss: -1.9987081289291382, energy_loss: 0.271668016910553
2026-09-11 00:20:08,450 INFO Best AUROC test all: 0.7581863957895416, AUPR test all: 0.5135083747954129, AUROC test unknown: 0.7076767463098006, AUPR test unknown: 0.32978404422367
2026-09-11 00:20:33,533 INFO Epoch: 165, loss: -0.15617972612380981, labeled_loss: 0.013297452591359615, unnlabeled_loss: 0.015183824114501476, mixup_loss: -1.9989033937454224, energy_loss: 0.22821256518363953
2026-09-11 00:20:33,533 INFO Best AUROC test all: 0.7581863957895416, AUPR test all: 0.5135083747954129, AUROC test unknown: 0.7076767463098006, AUPR test unknown: 0.32978404422367
2026-09-11 00:20:56,960 INFO Epoch: 166, loss: -0.13685040175914764, labeled_loss: 0.008672840893268585, unnlabeled_loss: 0.07172185182571411, mixup_loss: -1.99883234500885, energy_loss: 0.18499067425727844
2026-09-11 00:20:56,960 INFO Best AUROC test all: 0.7581863957895416, AUPR test all: 0.5135083747954129, AUROC test unknown: 0.7076767463098006, AUPR test unknown: 0.32978404422367
2026-09-11 00:21:19,353 INFO Epoch: 167, loss: -0.16076858341693878, labeled_loss: 0.008280088193714619, unnlabeled_loss: 0.011921676807105541, mixup_loss: -1.9985647201538086, energy_loss: 0.24846969544887543
2026-09-11 00:21:19,353 INFO Best AUROC test all: 0.7581863957895416, AUPR test all: 0.5135083747954129, AUROC test unknown: 0.7076767463098006, AUPR test unknown: 0.32978404422367
2026-09-11 00:21:46,493 INFO Epoch: 168, loss: -0.12417885661125183, labeled_loss: 0.007300498895347118, unnlabeled_loss: 0.0763344094157219, mixup_loss: -1.999300241470337, energy_loss: 0.302834689617157
2026-09-11 00:21:46,493 INFO Best AUROC test all: 0.7581863957895416, AUPR test all: 0.5135083747954129, AUROC test unknown: 0.7076767463098006, AUPR test unknown: 0.32978404422367
2026-09-11 00:22:13,319 INFO Epoch: 169, loss: -0.11628410965204239, labeled_loss: 0.006612434051930904, unnlabeled_loss: 0.10242108255624771, mixup_loss: -1.9989835023880005, energy_loss: 0.25791263580322266
2026-09-11 00:22:13,319 INFO Best AUROC test all: 0.7581863957895416, AUPR test all: 0.5135083747954129, AUROC test unknown: 0.7076767463098006, AUPR test unknown: 0.32978404422367
2026-09-11 00:22:39,785 INFO Epoch: 170, loss: -0.18656256794929504, labeled_loss: 0.007120856083929539, unnlabeled_loss: 0.01434887945652008, mixup_loss: -1.9989434480667114, energy_loss: -0.009635068476200104
2026-09-11 00:22:39,785 INFO Best AUROC test all: 0.7581863957895416, AUPR test all: 0.5135083747954129, AUROC test unknown: 0.7076767463098006, AUPR test unknown: 0.32978404422367
2026-09-11 00:23:02,496 INFO Epoch: 171, loss: -0.14060866832733154, labeled_loss: 0.008079097606241703, unnlabeled_loss: 0.09285946190357208, mixup_loss: -1.9993515014648438, energy_loss: 0.048176638782024384
2026-09-11 00:23:02,496 INFO Best AUROC test all: 0.7581863957895416, AUPR test all: 0.5135083747954129, AUROC test unknown: 0.7076767463098006, AUPR test unknown: 0.32978404422367
2026-09-11 00:23:25,957 INFO Epoch: 172, loss: -0.14472877979278564, labeled_loss: 0.008714975789189339, unnlabeled_loss: 0.08593443036079407, mixup_loss: -1.9992380142211914, energy_loss: 0.03512828052043915
2026-09-11 00:23:25,957 INFO Best AUROC test all: 0.7581863957895416, AUPR test all: 0.5135083747954129, AUROC test unknown: 0.7076767463098006, AUPR test unknown: 0.32978404422367
2026-09-11 00:23:51,839 INFO Epoch: 173, loss: -0.14219237864017487, labeled_loss: 0.007161645218729973, unnlabeled_loss: 0.10711189359426498, mixup_loss: -1.9991395473480225, energy_loss: -0.029960040003061295
2026-09-11 00:23:51,840 INFO Best AUROC test all: 0.7581863957895416, AUPR test all: 0.5135083747954129, AUROC test unknown: 0.7076767463098006, AUPR test unknown: 0.32978404422367
2026-09-11 00:24:17,358 INFO Epoch: 174, loss: -0.13576063513755798, labeled_loss: 0.006737191695719957, unnlabeled_loss: 0.10229025781154633, mixup_loss: -1.9992506504058838, energy_loss: 0.06282103806734085
2026-09-11 00:24:17,358 INFO Best AUROC test all: 0.7581863957895416, AUPR test all: 0.5135083747954129, AUROC test unknown: 0.7076767463098006, AUPR test unknown: 0.32978404422367
2026-09-11 00:24:44,082 INFO Epoch: 175, loss: -0.1434137374162674, labeled_loss: 0.007514922879636288, unnlabeled_loss: 0.039909180253744125, mixup_loss: -1.9987783432006836, energy_loss: 0.28994593024253845
2026-09-11 00:24:44,082 INFO Best AUROC test all: 0.7581863957895416, AUPR test all: 0.5135083747954129, AUROC test unknown: 0.7076767463098006, AUPR test unknown: 0.32978404422367
2026-09-11 00:25:09,440 INFO Epoch: 176, loss: -0.14493374526500702, labeled_loss: 0.008365122601389885, unnlabeled_loss: 0.08123508840799332, mixup_loss: -1.9985992908477783, energy_loss: 0.059435222297906876
2026-09-11 00:25:09,441 INFO Best AUROC test all: 0.7581863957895416, AUPR test all: 0.5135083747954129, AUROC test unknown: 0.7076767463098006, AUPR test unknown: 0.32978404422367
2026-09-11 00:25:32,731 INFO Epoch: 177, loss: -0.1541251242160797, labeled_loss: 0.007355886977165937, unnlabeled_loss: 0.011148053221404552, mixup_loss: -1.9987496137619019, energy_loss: 0.32819923758506775
2026-09-11 00:25:32,732 INFO Best AUROC test all: 0.7581863957895416, AUPR test all: 0.5135083747954129, AUROC test unknown: 0.7076767463098006, AUPR test unknown: 0.32978404422367
2026-09-11 00:25:56,469 INFO Epoch: 178, loss: -0.19284972548484802, labeled_loss: 0.009362315759062767, unnlabeled_loss: 0.02703729458153248, mixup_loss: -1.9977511167526245, energy_loss: -0.15955567359924316
2026-09-11 00:25:56,469 INFO Best AUROC test all: 0.7581863957895416, AUPR test all: 0.5135083747954129, AUROC test unknown: 0.7076767463098006, AUPR test unknown: 0.32978404422367
2026-09-11 00:26:22,835 INFO Epoch: 179, loss: -0.1514589637517929, labeled_loss: 0.00737345777451992, unnlabeled_loss: 0.015577771700918674, mixup_loss: -1.998488426208496, energy_loss: 0.3322754502296448
2026-09-11 00:26:22,836 INFO Best AUROC test all: 0.7581863957895416, AUPR test all: 0.5135083747954129, AUROC test unknown: 0.7076767463098006, AUPR test unknown: 0.32978404422367
2026-09-11 00:26:47,873 INFO Epoch: 180, loss: -0.1427861899137497, labeled_loss: 0.006372778210788965, unnlabeled_loss: 0.06616193801164627, mixup_loss: -1.9989240169525146, energy_loss: 0.17652466893196106
2026-09-11 00:26:47,873 INFO Best AUROC test all: 0.7581863957895416, AUPR test all: 0.5135083747954129, AUROC test unknown: 0.7076767463098006, AUPR test unknown: 0.32978404422367
2026-09-11 00:27:13,076 INFO Epoch: 181, loss: -0.1684061586856842, labeled_loss: 0.007230078801512718, unnlabeled_loss: 0.01250131893903017, mixup_loss: -1.9988259077072144, energy_loss: 0.17995697259902954
2026-09-11 00:27:13,076 INFO Best AUROC test all: 0.7581863957895416, AUPR test all: 0.5135083747954129, AUROC test unknown: 0.7076767463098006, AUPR test unknown: 0.32978404422367
2026-09-11 00:27:38,159 INFO Epoch: 182, loss: -0.12831929326057434, labeled_loss: 0.009177167899906635, unnlabeled_loss: 0.08124968409538269, mixup_loss: -1.9990721940994263, energy_loss: 0.21785922348499298
2026-09-11 00:27:38,159 INFO Best AUROC test all: 0.7581863957895416, AUPR test all: 0.5135083747954129, AUROC test unknown: 0.7076767463098006, AUPR test unknown: 0.32978404422367
2026-09-11 00:28:02,066 INFO Epoch: 183, loss: -0.15921761095523834, labeled_loss: 0.007331676781177521, unnlabeled_loss: 0.011857770383358002, mixup_loss: -1.999403953552246, energy_loss: 0.27462220191955566
2026-09-11 00:28:02,066 INFO Best AUROC test all: 0.7581863957895416, AUPR test all: 0.5135083747954129, AUROC test unknown: 0.7076767463098006, AUPR test unknown: 0.32978404422367
2026-09-11 00:28:28,546 INFO Epoch: 184, loss: -0.12071916460990906, labeled_loss: 0.01403590478003025, unnlabeled_loss: 0.09082740545272827, mixup_loss: -1.999188780784607, energy_loss: 0.1975010633468628
2026-09-11 00:28:28,546 INFO Best AUROC test all: 0.7581863957895416, AUPR test all: 0.5135083747954129, AUROC test unknown: 0.7076767463098006, AUPR test unknown: 0.32978404422367
2026-09-11 00:28:56,032 INFO Epoch: 185, loss: -0.11955809593200684, labeled_loss: 0.008185163140296936, unnlabeled_loss: 0.09429342299699783, mixup_loss: -1.999214768409729, energy_loss: 0.2503150403499603
2026-09-11 00:28:56,032 INFO Best AUROC test all: 0.7581863957895416, AUPR test all: 0.5135083747954129, AUROC test unknown: 0.7076767463098006, AUPR test unknown: 0.32978404422367
2026-09-11 00:29:22,820 INFO Epoch: 186, loss: -0.12672482430934906, labeled_loss: 0.009794537909328938, unnlabeled_loss: 0.09297346323728561, mixup_loss: -1.999237298965454, energy_loss: 0.16917645931243896
2026-09-11 00:29:22,826 INFO Best AUROC test all: 0.7581863957895416, AUPR test all: 0.5135083747954129, AUROC test unknown: 0.7076767463098006, AUPR test unknown: 0.32978404422367
2026-09-11 00:29:48,296 INFO Epoch: 187, loss: -0.1531454175710678, labeled_loss: 0.01151322852820158, unnlabeled_loss: 0.022162295877933502, mixup_loss: -1.9991250038146973, energy_loss: 0.24172711372375488
2026-09-11 00:29:48,296 INFO Best AUROC test all: 0.7581863957895416, AUPR test all: 0.5135083747954129, AUROC test unknown: 0.7076767463098006, AUPR test unknown: 0.32978404422367
2026-09-11 00:30:13,849 INFO Epoch: 188, loss: -0.1294240653514862, labeled_loss: 0.009858367964625359, unnlabeled_loss: 0.09365326166152954, mixup_loss: -1.9986573457717896, energy_loss: 0.13756683468818665
2026-09-11 00:30:13,849 INFO Best AUROC test all: 0.7581863957895416, AUPR test all: 0.5135083747954129, AUROC test unknown: 0.7076767463098006, AUPR test unknown: 0.32978404422367
2026-09-11 00:30:38,907 INFO Epoch: 189, loss: -0.14523912966251373, labeled_loss: 0.009721088223159313, unnlabeled_loss: 0.07139212638139725, mixup_loss: -1.9990777969360352, energy_loss: 0.09251494705677032
2026-09-11 00:30:38,907 INFO Best AUROC test all: 0.7581863957895416, AUPR test all: 0.5135083747954129, AUROC test unknown: 0.7076767463098006, AUPR test unknown: 0.32978404422367
2026-09-11 00:31:05,052 INFO Epoch: 190, loss: -0.14579448103904724, labeled_loss: 0.010186241939663887, unnlabeled_loss: 0.013505804352462292, mixup_loss: -1.9986670017242432, energy_loss: 0.37133073806762695
2026-09-11 00:31:05,052 INFO Best AUROC test all: 0.7581863957895416, AUPR test all: 0.5135083747954129, AUROC test unknown: 0.7076767463098006, AUPR test unknown: 0.32978404422367
2026-09-11 00:31:32,297 INFO Epoch: 191, loss: -0.13896074891090393, labeled_loss: 0.008531983941793442, unnlabeled_loss: 0.07112491875886917, mixup_loss: -1.9986536502838135, energy_loss: 0.16810175776481628
2026-09-11 00:31:32,297 INFO Best AUROC test all: 0.7581863957895416, AUPR test all: 0.5135083747954129, AUROC test unknown: 0.7076767463098006, AUPR test unknown: 0.32978404422367
2026-09-11 00:31:58,195 INFO Epoch: 192, loss: -0.12840816378593445, labeled_loss: 0.010911695659160614, unnlabeled_loss: 0.085532046854496, mixup_loss: -1.9994343519210815, energy_loss: 0.17857547104358673
2026-09-11 00:31:58,195 INFO Best AUROC test all: 0.7581863957895416, AUPR test all: 0.5135083747954129, AUROC test unknown: 0.7076767463098006, AUPR test unknown: 0.32978404422367
2026-09-11 00:32:23,295 INFO Epoch: 193, loss: -0.14429731667041779, labeled_loss: 0.007886639796197414, unnlabeled_loss: 0.08070117980241776, mixup_loss: -1.997921109199524, energy_loss: 0.07257568091154099
2026-09-11 00:32:23,295 INFO Best AUROC test all: 0.7581863957895416, AUPR test all: 0.5135083747954129, AUROC test unknown: 0.7076767463098006, AUPR test unknown: 0.32978404422367
2026-09-11 00:32:49,507 INFO Epoch: 194, loss: -0.18518376350402832, labeled_loss: 0.008597432635724545, unnlabeled_loss: 0.016096878796815872, mixup_loss: -1.998687744140625, energy_loss: -0.019608547911047935
2026-09-11 00:32:49,508 INFO Best AUROC test all: 0.7581863957895416, AUPR test all: 0.5135083747954129, AUROC test unknown: 0.7076767463098006, AUPR test unknown: 0.32978404422367
2026-09-11 00:33:15,887 INFO Epoch: 195, loss: -0.12172488868236542, labeled_loss: 0.0074609690345823765, unnlabeled_loss: 0.10992801934480667, mixup_loss: -1.9988986253738403, energy_loss: 0.1573999971151352
2026-09-11 00:33:15,887 INFO Best AUROC test all: 0.7581863957895416, AUPR test all: 0.5135083747954129, AUROC test unknown: 0.7076767463098006, AUPR test unknown: 0.32978404422367
2026-09-11 00:33:41,682 INFO Epoch: 196, loss: -0.13529855012893677, labeled_loss: 0.0055196708999574184, unnlabeled_loss: 0.11708373576402664, mixup_loss: -1.9988805055618286, energy_loss: 0.005279530771076679
2026-09-11 00:33:41,682 INFO Best AUROC test all: 0.7581863957895416, AUPR test all: 0.5135083747954129, AUROC test unknown: 0.7076767463098006, AUPR test unknown: 0.32978404422367
2026-09-11 00:34:06,966 INFO Epoch: 197, loss: -0.17719919979572296, labeled_loss: 0.006138504482805729, unnlabeled_loss: 0.019200265407562256, mixup_loss: -1.9988082647323608, energy_loss: 0.06942986696958542
2026-09-11 00:34:06,966 INFO Best AUROC test all: 0.7581863957895416, AUPR test all: 0.5135083747954129, AUROC test unknown: 0.7076767463098006, AUPR test unknown: 0.32978404422367
2026-09-11 00:34:30,747 INFO Epoch: 198, loss: -0.16180570423603058, labeled_loss: 0.0058142030611634254, unnlabeled_loss: 0.037192266434431076, mixup_loss: -1.9984922409057617, energy_loss: 0.1363319307565689
2026-09-11 00:34:30,747 INFO Best AUROC test all: 0.7581863957895416, AUPR test all: 0.5135083747954129, AUROC test unknown: 0.7076767463098006, AUPR test unknown: 0.32978404422367
2026-09-11 00:34:56,590 INFO Epoch: 199, loss: -0.1798136830329895, labeled_loss: 0.0038962571416050196, unnlabeled_loss: 0.01072726957499981, mixup_loss: -1.9992525577545166, energy_loss: 0.1085168644785881
2026-09-11 00:34:56,590 INFO Best AUROC test all: 0.7581863957895416, AUPR test all: 0.5135083747954129, AUROC test unknown: 0.7076767463098006, AUPR test unknown: 0.32978404422367
