2026-08-20 17:22:20,231 INFO cli={'dataset': 'computers', 'method': 'demo', 'seed': 2, 'train_seed': None, 'epochs': None, 'set': ['mixup=true', 'energy_loss=false'], 'tag': 'B_demo_mix', 'rotations': [0]}
2026-08-20 17:22:20,231 INFO config={'alpha_plus': 0.05, 'alpha_r': 0.1, 'atlas_gate_q': 0.9, 'batch_size': 512, 'hidden_dim': 64, 'lambda_halo': 0.2, 'lambda_mixup': 0.2, 'lambda_un': 1.0, 'lr': 0.001, 'margin': 0.1, 'n_layers': 2, 'optimiser': 'adam', 'sampling_sizes': [25, 10], 'tau_minus': 0.05, 'tau_mu': 0.05, 'tau_plus': 0.95, 'use_atlas_gate': True, 'use_conformal': True, 'use_pl': True, 'version': 4, 'weight_decay': 0.0001, 'loss': 'bce', 'num_epochs': 200, 'ebd_dim': 64, 'drop_out': 0.5, 'gamma': 0.1, 'damping': 0.001, 'p_cutoff': [0.05, 0.95], 'unlabeled_loss': 0.5, 'mixup_loss': 0.1, 'energy_loss_weight': 0.1, 'used_unlabeled_data': True, 'energy_loss': False, 'mixup': True, 'thresh_warmup': True, 'used_augment_for_anormaly': True, 'batch_size_for_anormaly': 20, 'sample_size_for_anormaly': 25, 'div_loss_alpha': 0.5, 'mixup_loss_type': 'consistency', 'device': 0, 'input_dim': 767}
2026-08-20 17:22:23,832 INFO Epoch: 0, loss: 0.5677403807640076, labeled_loss: 0.6743373274803162, unnlabeled_loss: 0.0, mixup_loss: -1.065969705581665, energy_loss: 0.0
2026-08-20 17:22:23,833 INFO Best AUROC test all: 0.4598250327336566, AUPR test all: 0.1408073369127285, AUROC test unknown: 0.4231268263166698, AUPR test unknown: 0.11078843012611753
2026-08-20 17:22:25,935 INFO Epoch: 1, loss: 0.41124793887138367, labeled_loss: 0.5336508750915527, unnlabeled_loss: 0.0, mixup_loss: -1.224029302597046, energy_loss: 0.0
2026-08-20 17:22:25,935 INFO Best AUROC test all: 0.4598250327336566, AUPR test all: 0.1408073369127285, AUROC test unknown: 0.4231268263166698, AUPR test unknown: 0.11078843012611753
2026-08-20 17:22:28,022 INFO Epoch: 2, loss: 0.2865343689918518, labeled_loss: 0.4232083559036255, unnlabeled_loss: 0.0, mixup_loss: -1.3667396306991577, energy_loss: 0.0
2026-08-20 17:22:28,022 INFO Best AUROC test all: 0.4598250327336566, AUPR test all: 0.1408073369127285, AUROC test unknown: 0.4231268263166698, AUPR test unknown: 0.11078843012611753
2026-08-20 17:22:30,161 INFO Epoch: 3, loss: 0.1827000230550766, labeled_loss: 0.3316453695297241, unnlabeled_loss: 0.0, mixup_loss: -1.4894534349441528, energy_loss: 0.0
2026-08-20 17:22:30,161 INFO Best AUROC test all: 0.4598250327336566, AUPR test all: 0.1408073369127285, AUROC test unknown: 0.4231268263166698, AUPR test unknown: 0.11078843012611753
2026-08-20 17:22:32,263 INFO Epoch: 4, loss: 0.11623884737491608, labeled_loss: 0.2764987349510193, unnlabeled_loss: 0.0, mixup_loss: -1.602598786354065, energy_loss: 0.0
2026-08-20 17:22:32,263 INFO Best AUROC test all: 0.4598250327336566, AUPR test all: 0.1408073369127285, AUROC test unknown: 0.4231268263166698, AUPR test unknown: 0.11078843012611753
2026-08-20 17:22:34,335 INFO Epoch: 5, loss: 0.11413589119911194, labeled_loss: 0.28317704796791077, unnlabeled_loss: 0.0, mixup_loss: -1.6904115676879883, energy_loss: 0.0
2026-08-20 17:22:34,335 INFO Best AUROC test all: 0.4598250327336566, AUPR test all: 0.1408073369127285, AUROC test unknown: 0.4231268263166698, AUPR test unknown: 0.11078843012611753
2026-08-20 17:22:36,514 INFO Epoch: 6, loss: 0.1442161500453949, labeled_loss: 0.30737289786338806, unnlabeled_loss: 0.028081795200705528, mixup_loss: -1.771976351737976, energy_loss: 0.0
2026-08-20 17:22:36,514 INFO Best AUROC test all: 0.4598250327336566, AUPR test all: 0.1408073369127285, AUROC test unknown: 0.4231268263166698, AUPR test unknown: 0.11078843012611753
2026-08-20 17:22:38,678 INFO Epoch: 7, loss: 0.14094416797161102, labeled_loss: 0.3155139684677124, unnlabeled_loss: 0.018300024792551994, mixup_loss: -1.8371978998184204, energy_loss: 0.0
2026-08-20 17:22:38,678 INFO Best AUROC test all: 0.4598250327336566, AUPR test all: 0.1408073369127285, AUROC test unknown: 0.4231268263166698, AUPR test unknown: 0.11078843012611753
2026-08-20 17:22:40,823 INFO Epoch: 8, loss: 0.14374972879886627, labeled_loss: 0.3230571746826172, unnlabeled_loss: 0.017545226961374283, mixup_loss: -1.880800485610962, energy_loss: 0.0
2026-08-20 17:22:40,823 INFO Best AUROC test all: 0.4598250327336566, AUPR test all: 0.1408073369127285, AUROC test unknown: 0.4231268263166698, AUPR test unknown: 0.11078843012611753
2026-08-20 17:22:42,958 INFO Epoch: 9, loss: 0.1243671178817749, labeled_loss: 0.30496111512184143, unnlabeled_loss: 0.021957335993647575, mixup_loss: -1.915726661682129, energy_loss: 0.0
2026-08-20 17:22:42,958 INFO Best AUROC test all: 0.4598250327336566, AUPR test all: 0.14177380004931261, AUROC test unknown: 0.4231268263166698, AUPR test unknown: 0.11078843012611753
2026-08-20 17:22:45,097 INFO Epoch: 10, loss: 0.09988085925579071, labeled_loss: 0.28107190132141113, unnlabeled_loss: 0.024517612531781197, mixup_loss: -1.9344983100891113, energy_loss: 0.0
2026-08-20 17:22:45,097 INFO Best AUROC test all: 0.4604596143006447, AUPR test all: 0.14187426168199846, AUROC test unknown: 0.4231268263166698, AUPR test unknown: 0.11078843012611753
2026-08-20 17:22:47,211 INFO Epoch: 11, loss: 0.08639447391033173, labeled_loss: 0.2691251039505005, unnlabeled_loss: 0.024925656616687775, mixup_loss: -1.9519344568252563, energy_loss: 0.0
2026-08-20 17:22:47,211 INFO Best AUROC test all: 0.46626316410424273, AUPR test all: 0.1442152404162203, AUROC test unknown: 0.4231268263166698, AUPR test unknown: 0.11122004725088747
2026-08-20 17:22:49,325 INFO Epoch: 12, loss: 0.07805846631526947, labeled_loss: 0.26315414905548096, unnlabeled_loss: 0.022159960120916367, mixup_loss: -1.9617564678192139, energy_loss: 0.0
2026-08-20 17:22:49,326 INFO Best AUROC test all: 0.46728349915450285, AUPR test all: 0.1451301990011452, AUROC test unknown: 0.4231268263166698, AUPR test unknown: 0.11122004725088747
2026-08-20 17:22:51,433 INFO Epoch: 13, loss: 0.07676021754741669, labeled_loss: 0.26501259207725525, unnlabeled_loss: 0.01609550602734089, mixup_loss: -1.9630012512207031, energy_loss: 0.0
2026-08-20 17:22:51,433 INFO Best AUROC test all: 0.4693441232077222, AUPR test all: 0.14572948706943692, AUROC test unknown: 0.4232870692531231, AUPR test unknown: 0.11122004725088747
2026-08-20 17:22:53,542 INFO Epoch: 14, loss: 0.07535524666309357, labeled_loss: 0.2658023238182068, unnlabeled_loss: 0.01085860189050436, mixup_loss: -1.9587637186050415, energy_loss: 0.0
2026-08-20 17:22:53,542 INFO Best AUROC test all: 0.4706805105202743, AUPR test all: 0.1463176543451389, AUROC test unknown: 0.42494853107566977, AUPR test unknown: 0.11133608127721009
2026-08-20 17:22:55,732 INFO Epoch: 15, loss: 0.0687636286020279, labeled_loss: 0.2607366442680359, unnlabeled_loss: 0.008516418747603893, mixup_loss: -1.9623122215270996, energy_loss: 0.0
2026-08-20 17:22:55,732 INFO Best AUROC test all: 0.473666057620043, AUPR test all: 0.14767072715704976, AUROC test unknown: 0.42561513386504285, AUPR test unknown: 0.11174538141469664
2026-08-20 17:22:57,886 INFO Epoch: 16, loss: 0.06801599264144897, labeled_loss: 0.2607114911079407, unnlabeled_loss: 0.007090660277754068, mixup_loss: -1.962408423423767, energy_loss: 0.0
2026-08-20 17:22:57,886 INFO Best AUROC test all: 0.4766313526046009, AUPR test all: 0.14801909530985932, AUROC test unknown: 0.4278905947430702, AUPR test unknown: 0.11174538141469664
2026-08-20 17:23:00,028 INFO Epoch: 17, loss: 0.07424463331699371, labeled_loss: 0.2657804489135742, unnlabeled_loss: 0.0077894083224236965, mixup_loss: -1.9543052911758423, energy_loss: 0.0
2026-08-20 17:23:00,028 INFO Best AUROC test all: 0.4782987691117583, AUPR test all: 0.14965240119581819, AUROC test unknown: 0.4306769994338251, AUPR test unknown: 0.11280021292114031
2026-08-20 17:23:02,176 INFO Epoch: 18, loss: 0.07334296405315399, labeled_loss: 0.26309558749198914, unnlabeled_loss: 0.012259486131370068, mixup_loss: -1.9588236808776855, energy_loss: 0.0
2026-08-20 17:23:02,176 INFO Best AUROC test all: 0.4784636988518267, AUPR test all: 0.1497753086552412, AUROC test unknown: 0.4306769994338251, AUPR test unknown: 0.11280021292114031
2026-08-20 17:23:04,321 INFO Epoch: 19, loss: 0.06748652458190918, labeled_loss: 0.2566041946411133, unnlabeled_loss: 0.01345912180840969, mixup_loss: -1.9584723711013794, energy_loss: 0.0
2026-08-20 17:23:04,321 INFO Best AUROC test all: 0.4819169941255563, AUPR test all: 0.1505226071628072, AUROC test unknown: 0.4330928860074292, AUPR test unknown: 0.11311755894793063
2026-08-20 17:23:06,484 INFO Epoch: 20, loss: 0.06838305294513702, labeled_loss: 0.2547977566719055, unnlabeled_loss: 0.020002765581011772, mixup_loss: -1.9641609191894531, energy_loss: 0.0
2026-08-20 17:23:06,484 INFO Best AUROC test all: 0.48390929309246455, AUPR test all: 0.1518346658231441, AUROC test unknown: 0.4330928860074292, AUPR test unknown: 0.11311755894793063
2026-08-20 17:23:08,604 INFO Epoch: 21, loss: 0.07191523909568787, labeled_loss: 0.2545715868473053, unnlabeled_loss: 0.027194734662771225, mixup_loss: -1.962537169456482, energy_loss: 0.0
2026-08-20 17:23:08,605 INFO Best AUROC test all: 0.4844563983656658, AUPR test all: 0.1519182322462761, AUROC test unknown: 0.43479549166434855, AUPR test unknown: 0.11333025680649526
2026-08-20 17:23:10,702 INFO Epoch: 22, loss: 0.07236610352993011, labeled_loss: 0.2551157772541046, unnlabeled_loss: 0.027845149859786034, mixup_loss: -1.9667223691940308, energy_loss: 0.0
2026-08-20 17:23:10,702 INFO Best AUROC test all: 0.48748559187001655, AUPR test all: 0.15359633905369957, AUROC test unknown: 0.4360204431190962, AUPR test unknown: 0.11369967669759216
2026-08-20 17:23:12,810 INFO Epoch: 23, loss: 0.07429321110248566, labeled_loss: 0.2563363015651703, unnlabeled_loss: 0.02984723076224327, mixup_loss: -1.969666838645935, energy_loss: 0.0
2026-08-20 17:23:12,811 INFO Best AUROC test all: 0.48748559187001655, AUPR test all: 0.15359633905369957, AUROC test unknown: 0.4360204431190962, AUPR test unknown: 0.11369967669759216
2026-08-20 17:23:14,927 INFO Epoch: 24, loss: 0.0769757479429245, labeled_loss: 0.25930312275886536, unnlabeled_loss: 0.02948117069900036, mixup_loss: -1.9706796407699585, energy_loss: 0.0
2026-08-20 17:23:14,927 INFO Best AUROC test all: 0.48748559187001655, AUPR test all: 0.15422875782274487, AUROC test unknown: 0.4360204431190962, AUPR test unknown: 0.11369967669759216
2026-08-20 17:23:17,070 INFO Epoch: 25, loss: 0.07323145866394043, labeled_loss: 0.25642281770706177, unnlabeled_loss: 0.028505058959126472, mixup_loss: -1.974439024925232, energy_loss: 0.0
2026-08-20 17:23:17,070 INFO Best AUROC test all: 0.491835966398828, AUPR test all: 0.15615385286417988, AUROC test unknown: 0.43791322720609216, AUPR test unknown: 0.11399568480296371
2026-08-20 17:23:19,199 INFO Epoch: 26, loss: 0.07244272530078888, labeled_loss: 0.25656071305274963, unnlabeled_loss: 0.026895415037870407, mixup_loss: -1.9756568670272827, energy_loss: 0.0
2026-08-20 17:23:19,199 INFO Best AUROC test all: 0.4937557201331071, AUPR test all: 0.15691076952408672, AUROC test unknown: 0.4382862050089935, AUPR test unknown: 0.11399568480296371
2026-08-20 17:23:21,311 INFO Epoch: 27, loss: 0.06298260390758514, labeled_loss: 0.24598251283168793, unnlabeled_loss: 0.029382582753896713, mixup_loss: -1.9769119024276733, energy_loss: 0.0
2026-08-20 17:23:21,311 INFO Best AUROC test all: 0.4945042685862583, AUPR test all: 0.15754103846078754, AUROC test unknown: 0.4387526229194413, AUPR test unknown: 0.11399568480296371
2026-08-20 17:23:23,415 INFO Epoch: 28, loss: 0.06901119649410248, labeled_loss: 0.25343790650367737, unnlabeled_loss: 0.02678059972822666, mixup_loss: -1.9781701564788818, energy_loss: 0.0
2026-08-20 17:23:23,415 INFO Best AUROC test all: 0.5008775610783611, AUPR test all: 0.16023195730625078, AUROC test unknown: 0.4433179394273315, AUPR test unknown: 0.11466827483757931
2026-08-20 17:23:25,498 INFO Epoch: 29, loss: 0.05933348834514618, labeled_loss: 0.24473625421524048, unnlabeled_loss: 0.025406556203961372, mixup_loss: -1.981060266494751, energy_loss: 0.0
2026-08-20 17:23:25,498 INFO Best AUROC test all: 0.503390360048205, AUPR test all: 0.16167112384467153, AUROC test unknown: 0.44693789807777795, AUPR test unknown: 0.11551779912459195
2026-08-20 17:23:27,618 INFO Epoch: 30, loss: 0.05136282742023468, labeled_loss: 0.23742620646953583, unnlabeled_loss: 0.02440299466252327, mixup_loss: -1.9826488494873047, energy_loss: 0.0
2026-08-20 17:23:27,618 INFO Best AUROC test all: 0.5066012033288514, AUPR test all: 0.16332230173678958, AUROC test unknown: 0.448920852008311, AUPR test unknown: 0.11554778275506035
2026-08-20 17:23:29,763 INFO Epoch: 31, loss: 0.054145365953445435, labeled_loss: 0.24111606180667877, unnlabeled_loss: 0.02274535782635212, mixup_loss: -1.9834336042404175, energy_loss: 0.0
2026-08-20 17:23:29,763 INFO Best AUROC test all: 0.5104631188569348, AUPR test all: 0.16489946201007483, AUROC test unknown: 0.45238568275062635, AUPR test unknown: 0.1159950173227091
2026-08-20 17:23:31,881 INFO Epoch: 32, loss: 0.05050197243690491, labeled_loss: 0.23706285655498505, unnlabeled_loss: 0.024038029834628105, mixup_loss: -1.985798954963684, energy_loss: 0.0
2026-08-20 17:23:31,881 INFO Best AUROC test all: 0.5152247741671265, AUPR test all: 0.16831725652751456, AUROC test unknown: 0.45488796578621843, AUPR test unknown: 0.11702886320090351
2026-08-20 17:23:34,002 INFO Epoch: 33, loss: 0.048419028520584106, labeled_loss: 0.23313261568546295, unnlabeled_loss: 0.02796485647559166, mixup_loss: -1.9869601726531982, energy_loss: 0.0
2026-08-20 17:23:34,002 INFO Best AUROC test all: 0.517495763340066, AUPR test all: 0.17091285501569847, AUROC test unknown: 0.45707725381005315, AUPR test unknown: 0.11775488810415656
2026-08-20 17:23:36,128 INFO Epoch: 34, loss: 0.044844090938568115, labeled_loss: 0.2285931259393692, unnlabeled_loss: 0.03025658242404461, mixup_loss: -1.9887731075286865, energy_loss: 0.0
2026-08-20 17:23:36,128 INFO Best AUROC test all: 0.517495763340066, AUPR test all: 0.17091285501569847, AUROC test unknown: 0.45707725381005315, AUPR test unknown: 0.11775488810415656
2026-08-20 17:23:38,294 INFO Epoch: 35, loss: 0.04738691449165344, labeled_loss: 0.2313821166753769, unnlabeled_loss: 0.029881302267313004, mixup_loss: -1.9893584251403809, energy_loss: 0.0
2026-08-20 17:23:38,294 INFO Best AUROC test all: 0.517495763340066, AUPR test all: 0.17091285501569847, AUROC test unknown: 0.4573806057356294, AUPR test unknown: 0.11775488810415656
2026-08-20 17:23:40,471 INFO Epoch: 36, loss: 0.04427531361579895, labeled_loss: 0.22772113978862762, unnlabeled_loss: 0.031133627519011497, mixup_loss: -1.990126371383667, energy_loss: 0.0
2026-08-20 17:23:40,471 INFO Best AUROC test all: 0.517495763340066, AUPR test all: 0.17091285501569847, AUROC test unknown: 0.4573806057356294, AUPR test unknown: 0.11775488810415656
2026-08-20 17:23:42,616 INFO Epoch: 37, loss: 0.046399474143981934, labeled_loss: 0.2300344556570053, unnlabeled_loss: 0.03093378059566021, mixup_loss: -1.9910186529159546, energy_loss: 0.0
2026-08-20 17:23:42,616 INFO Best AUROC test all: 0.5178755994442619, AUPR test all: 0.1710679803241703, AUROC test unknown: 0.4573806057356294, AUPR test unknown: 0.11775488810415656
2026-08-20 17:23:44,828 INFO Epoch: 38, loss: 0.047938987612724304, labeled_loss: 0.23369355499744415, unnlabeled_loss: 0.0268235020339489, mixup_loss: -1.9916630983352661, energy_loss: 0.0
2026-08-20 17:23:44,829 INFO Best AUROC test all: 0.5178755994442619, AUPR test all: 0.1720027609662152, AUROC test unknown: 0.4573806057356294, AUPR test unknown: 0.11775488810415656
2026-08-20 17:23:46,991 INFO Epoch: 39, loss: 0.045427292585372925, labeled_loss: 0.23100228607654572, unnlabeled_loss: 0.027246415615081787, mixup_loss: -1.9919819831848145, energy_loss: 0.0
2026-08-20 17:23:46,991 INFO Best AUROC test all: 0.5237272451545381, AUPR test all: 0.1758445619281638, AUROC test unknown: 0.46154996873963017, AUPR test unknown: 0.11837578492678802
2026-08-20 17:23:49,163 INFO Epoch: 40, loss: 0.0332350879907608, labeled_loss: 0.21866899728775024, unnlabeled_loss: 0.027710188180208206, mixup_loss: -1.9928900003433228, energy_loss: 0.0
2026-08-20 17:23:49,163 INFO Best AUROC test all: 0.5253489510551099, AUPR test all: 0.17798747153164413, AUROC test unknown: 0.46154996873963017, AUPR test unknown: 0.11837578492678802
2026-08-20 17:23:51,345 INFO Epoch: 41, loss: 0.03678625822067261, labeled_loss: 0.22424516081809998, unnlabeled_loss: 0.023734455928206444, mixup_loss: -1.9932612180709839, energy_loss: 0.0
2026-08-20 17:23:51,345 INFO Best AUROC test all: 0.5331668867870522, AUPR test all: 0.18250095603850328, AUROC test unknown: 0.4695435002133218, AUPR test unknown: 0.11957731643650081
2026-08-20 17:23:53,527 INFO Epoch: 42, loss: 0.024255424737930298, labeled_loss: 0.21068158745765686, unnlabeled_loss: 0.02583327703177929, mixup_loss: -1.9934279918670654, energy_loss: 0.0
2026-08-20 17:23:53,527 INFO Best AUROC test all: 0.536835982912444, AUPR test all: 0.18869855009080455, AUROC test unknown: 0.4726969011984483, AUPR test unknown: 0.12060876724999814
2026-08-20 17:23:55,704 INFO Epoch: 43, loss: 0.025712981820106506, labeled_loss: 0.21162362396717072, unnlabeled_loss: 0.02678200975060463, mixup_loss: -1.9930163621902466, energy_loss: 0.0
2026-08-20 17:23:55,704 INFO Best AUROC test all: 0.5398451765929402, AUPR test all: 0.19225822418085825, AUROC test unknown: 0.47638609441257784, AUPR test unknown: 0.12143337585267391
2026-08-20 17:23:57,858 INFO Epoch: 44, loss: 0.0250454843044281, labeled_loss: 0.209045872092247, unnlabeled_loss: 0.030827941372990608, mixup_loss: -1.9941434860229492, energy_loss: 0.0
2026-08-20 17:23:57,859 INFO Best AUROC test all: 0.5398451765929402, AUPR test all: 0.19644082217744993, AUROC test unknown: 0.47638609441257784, AUPR test unknown: 0.12143337585267391
2026-08-20 17:24:00,001 INFO Epoch: 45, loss: 0.020218610763549805, labeled_loss: 0.20513145625591278, unnlabeled_loss: 0.028947126120328903, mixup_loss: -1.9938639402389526, energy_loss: 0.0
2026-08-20 17:24:00,001 INFO Best AUROC test all: 0.5419377957772115, AUPR test all: 0.20222582879023315, AUROC test unknown: 0.47638609441257784, AUPR test unknown: 0.12143337585267391
2026-08-20 17:24:02,155 INFO Epoch: 46, loss: 0.022317945957183838, labeled_loss: 0.2072225958108902, unnlabeled_loss: 0.029182318598031998, mixup_loss: -1.9949580430984497, energy_loss: 0.0
2026-08-20 17:24:02,155 INFO Best AUROC test all: 0.5463149361253332, AUPR test all: 0.20519485094053458, AUROC test unknown: 0.48029392014876177, AUPR test unknown: 0.12236945913652862
2026-08-20 17:24:04,302 INFO Epoch: 47, loss: 0.02192816138267517, labeled_loss: 0.2067912518978119, unnlabeled_loss: 0.02928750589489937, mixup_loss: -1.9950684309005737, energy_loss: 0.0
2026-08-20 17:24:04,302 INFO Best AUROC test all: 0.5463149361253332, AUPR test all: 0.20519485094053458, AUROC test unknown: 0.48029392014876177, AUPR test unknown: 0.12236945913652862
2026-08-20 17:24:06,479 INFO Epoch: 48, loss: 0.01839105784893036, labeled_loss: 0.20403045415878296, unnlabeled_loss: 0.02771167829632759, mixup_loss: -1.9949523210525513, energy_loss: 0.0
2026-08-20 17:24:06,479 INFO Best AUROC test all: 0.5471249519270289, AUPR test all: 0.21020174002861036, AUROC test unknown: 0.4803216475154043, AUPR test unknown: 0.12236945913652862
2026-08-20 17:24:08,661 INFO Epoch: 49, loss: 0.013957962393760681, labeled_loss: 0.19957950711250305, unnlabeled_loss: 0.027778584510087967, mixup_loss: -1.9951083660125732, energy_loss: 0.0
2026-08-20 17:24:08,661 INFO Best AUROC test all: 0.5471249519270289, AUPR test all: 0.21355294762002705, AUROC test unknown: 0.4803216475154043, AUPR test unknown: 0.12236945913652862
2026-08-20 17:24:10,838 INFO Epoch: 50, loss: 0.005302160978317261, labeled_loss: 0.1943758875131607, unnlabeled_loss: 0.02073528617620468, mixup_loss: -1.9944137334823608, energy_loss: 0.0
2026-08-20 17:24:10,839 INFO Best AUROC test all: 0.547152107651162, AUPR test all: 0.2187077524906627, AUROC test unknown: 0.4803216475154043, AUPR test unknown: 0.12236945913652862
2026-08-20 17:24:12,986 INFO Epoch: 51, loss: 0.00953662395477295, labeled_loss: 0.19650724530220032, unnlabeled_loss: 0.025049058720469475, mixup_loss: -1.9949514865875244, energy_loss: 0.0
2026-08-20 17:24:12,986 INFO Best AUROC test all: 0.5479068487103232, AUPR test all: 0.22564449185320049, AUROC test unknown: 0.4803216475154043, AUPR test unknown: 0.12236945913652862
2026-08-20 17:24:15,293 INFO Epoch: 52, loss: 0.0050078630447387695, labeled_loss: 0.19156089425086975, unnlabeled_loss: 0.02557983435690403, mixup_loss: -1.99342942237854, energy_loss: 0.0
2026-08-20 17:24:15,293 INFO Best AUROC test all: 0.5527387786309405, AUPR test all: 0.23068966693474902, AUROC test unknown: 0.48383871862894434, AUPR test unknown: 0.12286149944158405
2026-08-20 17:24:17,438 INFO Epoch: 53, loss: 0.0028243809938430786, labeled_loss: 0.18983657658100128, unnlabeled_loss: 0.024895628914237022, mixup_loss: -1.9946001768112183, energy_loss: 0.0
2026-08-20 17:24:17,438 INFO Best AUROC test all: 0.5537170039603321, AUPR test all: 0.23615766740220945, AUROC test unknown: 0.48383871862894434, AUPR test unknown: 0.12286149944158405
2026-08-20 17:24:19,615 INFO Epoch: 54, loss: -0.00026576220989227295, labeled_loss: 0.18596482276916504, unnlabeled_loss: 0.02646002173423767, mixup_loss: -1.9946058988571167, energy_loss: 0.0
2026-08-20 17:24:19,615 INFO Best AUROC test all: 0.5546634176432942, AUPR test all: 0.24064624464744677, AUROC test unknown: 0.4848093721182546, AUPR test unknown: 0.12307709866335843
2026-08-20 17:24:21,793 INFO Epoch: 55, loss: -0.0020657330751419067, labeled_loss: 0.18471208214759827, unnlabeled_loss: 0.025207998231053352, mixup_loss: -1.9938180446624756, energy_loss: 0.0
2026-08-20 17:24:21,794 INFO Best AUROC test all: 0.5591775521977055, AUPR test all: 0.2440719888401045, AUROC test unknown: 0.489562044007803, AUPR test unknown: 0.1239540933332694
2026-08-20 17:24:23,909 INFO Epoch: 56, loss: -0.013747483491897583, labeled_loss: 0.1748558133840561, unnlabeled_loss: 0.02167404070496559, mixup_loss: -1.9944031238555908, energy_loss: 0.0
2026-08-20 17:24:23,910 INFO Best AUROC test all: 0.5591775521977055, AUPR test all: 0.2440719888401045, AUROC test unknown: 0.489562044007803, AUPR test unknown: 0.1239540933332694
2026-08-20 17:24:26,059 INFO Epoch: 57, loss: -0.010678812861442566, labeled_loss: 0.17674897611141205, unnlabeled_loss: 0.023780887946486473, mixup_loss: -1.9931823015213013, energy_loss: 0.0
2026-08-20 17:24:26,059 INFO Best AUROC test all: 0.5596383508915885, AUPR test all: 0.2440719888401045, AUROC test unknown: 0.4897596294461056, AUPR test unknown: 0.1239540933332694
2026-08-20 17:24:28,214 INFO Epoch: 58, loss: -0.01728612184524536, labeled_loss: 0.17084994912147522, unnlabeled_loss: 0.022640852257609367, mixup_loss: -1.9945650100708008, energy_loss: 0.0
2026-08-20 17:24:28,214 INFO Best AUROC test all: 0.5605526088944538, AUPR test all: 0.24669533733600257, AUROC test unknown: 0.4911935703367265, AUPR test unknown: 0.12479885318908754
2026-08-20 17:24:30,368 INFO Epoch: 59, loss: -0.020232677459716797, labeled_loss: 0.16904745995998383, unnlabeled_loss: 0.020196205005049706, mixup_loss: -1.9937824010849, energy_loss: 0.0
2026-08-20 17:24:30,368 INFO Best AUROC test all: 0.5605526088944538, AUPR test all: 0.24669533733600257, AUROC test unknown: 0.4911935703367265, AUPR test unknown: 0.12479885318908754
2026-08-20 17:24:32,499 INFO Epoch: 60, loss: -0.023599550127983093, labeled_loss: 0.16550658643245697, unnlabeled_loss: 0.020587818697094917, mixup_loss: -1.9940005540847778, energy_loss: 0.0
2026-08-20 17:24:32,499 INFO Best AUROC test all: 0.5605526088944538, AUPR test all: 0.24669533733600257, AUROC test unknown: 0.4911935703367265, AUPR test unknown: 0.12479885318908754
2026-08-20 17:24:34,673 INFO Epoch: 61, loss: -0.024734094738960266, labeled_loss: 0.1662340760231018, unnlabeled_loss: 0.01694193296134472, mixup_loss: -1.9943913221359253, energy_loss: 0.0
2026-08-20 17:24:34,674 INFO Best AUROC test all: 0.5629918764018225, AUPR test all: 0.2578266092890108, AUROC test unknown: 0.49194710065660197, AUPR test unknown: 0.12517720040881578
2026-08-20 17:24:36,861 INFO Epoch: 62, loss: -0.025449156761169434, labeled_loss: 0.1636628657579422, unnlabeled_loss: 0.020662549883127213, mixup_loss: -1.9944329261779785, energy_loss: 0.0
2026-08-20 17:24:36,861 INFO Best AUROC test all: 0.567037735263983, AUPR test all: 0.25846460621309464, AUROC test unknown: 0.49601835574032516, AUPR test unknown: 0.12517720040881578
2026-08-20 17:24:39,052 INFO Epoch: 63, loss: -0.03574717044830322, labeled_loss: 0.15325312316417694, unnlabeled_loss: 0.020667415112257004, mixup_loss: -1.9933398962020874, energy_loss: 0.0
2026-08-20 17:24:39,052 INFO Best AUROC test all: 0.5699496132878096, AUPR test all: 0.26466305791430844, AUROC test unknown: 0.49879302102181605, AUPR test unknown: 0.12593842429570518
2026-08-20 17:24:41,197 INFO Epoch: 64, loss: -0.036815345287323, labeled_loss: 0.15233752131462097, unnlabeled_loss: 0.020491238683462143, mixup_loss: -1.9939848184585571, energy_loss: 0.0
2026-08-20 17:24:41,197 INFO Best AUROC test all: 0.5699496132878096, AUPR test all: 0.26466305791430844, AUROC test unknown: 0.49879302102181605, AUPR test unknown: 0.12593842429570518
2026-08-20 17:24:43,332 INFO Epoch: 65, loss: -0.04099845886230469, labeled_loss: 0.15098978579044342, unnlabeled_loss: 0.014719129540026188, mixup_loss: -1.9934780597686768, energy_loss: 0.0
2026-08-20 17:24:43,332 INFO Best AUROC test all: 0.5699496132878096, AUPR test all: 0.26466305791430844, AUROC test unknown: 0.49879302102181605, AUPR test unknown: 0.12593842429570518
2026-08-20 17:24:45,483 INFO Epoch: 66, loss: -0.042243316769599915, labeled_loss: 0.14983880519866943, unnlabeled_loss: 0.014547158032655716, mixup_loss: -1.993557095527649, energy_loss: 0.0
2026-08-20 17:24:45,484 INFO Best AUROC test all: 0.5738475835442184, AUPR test all: 0.2665354838450027, AUROC test unknown: 0.5026504511510883, AUPR test unknown: 0.12785579013192805
2026-08-20 17:24:47,611 INFO Epoch: 67, loss: -0.03878982365131378, labeled_loss: 0.15494823455810547, unnlabeled_loss: 0.011560801416635513, mixup_loss: -1.9951845407485962, energy_loss: 0.0
2026-08-20 17:24:47,611 INFO Best AUROC test all: 0.5738475835442184, AUPR test all: 0.26929061081917893, AUROC test unknown: 0.5026504511510883, AUPR test unknown: 0.12785935095681739
2026-08-20 17:24:49,799 INFO Epoch: 68, loss: -0.044358327984809875, labeled_loss: 0.14604854583740234, unnlabeled_loss: 0.01795434020459652, mixup_loss: -1.9938404560089111, energy_loss: 0.0
2026-08-20 17:24:49,799 INFO Best AUROC test all: 0.5817345783009618, AUPR test all: 0.27869394981675377, AUROC test unknown: 0.510011340269349, AUPR test unknown: 0.13029961204397822
2026-08-20 17:24:51,941 INFO Epoch: 69, loss: -0.05454878509044647, labeled_loss: 0.13634590804576874, unnlabeled_loss: 0.016869882121682167, mixup_loss: -1.9932962656021118, energy_loss: 0.0
2026-08-20 17:24:51,941 INFO Best AUROC test all: 0.5817345783009618, AUPR test all: 0.280493085758617, AUROC test unknown: 0.510011340269349, AUPR test unknown: 0.13029961204397822
2026-08-20 17:24:54,083 INFO Epoch: 70, loss: -0.057657480239868164, labeled_loss: 0.13257358968257904, unnlabeled_loss: 0.018362654373049736, mixup_loss: -1.9941238164901733, energy_loss: 0.0
2026-08-20 17:24:54,083 INFO Best AUROC test all: 0.5817345783009618, AUPR test all: 0.2831516220236884, AUROC test unknown: 0.510011340269349, AUPR test unknown: 0.13029961204397822
2026-08-20 17:24:56,243 INFO Epoch: 71, loss: -0.05568666756153107, labeled_loss: 0.13620448112487793, unnlabeled_loss: 0.015122918412089348, mixup_loss: -1.9945260286331177, energy_loss: 0.0
2026-08-20 17:24:56,244 INFO Best AUROC test all: 0.5837213727291943, AUPR test all: 0.28448586929791686, AUROC test unknown: 0.5124670849325018, AUPR test unknown: 0.1315237188410041
2026-08-20 17:24:58,392 INFO Epoch: 72, loss: -0.06237509846687317, labeled_loss: 0.12984153628349304, unnlabeled_loss: 0.014329763129353523, mixup_loss: -1.9938150644302368, energy_loss: 0.0
2026-08-20 17:24:58,392 INFO Best AUROC test all: 0.5837213727291943, AUPR test all: 0.28448586929791686, AUROC test unknown: 0.5124670849325018, AUPR test unknown: 0.1315519224278443
2026-08-20 17:25:00,519 INFO Epoch: 73, loss: -0.07366536557674408, labeled_loss: 0.12034884095191956, unnlabeled_loss: 0.010707571171224117, mixup_loss: -1.9936797618865967, energy_loss: 0.0
2026-08-20 17:25:00,519 INFO Best AUROC test all: 0.5837213727291943, AUPR test all: 0.28481339506399905, AUROC test unknown: 0.5124670849325018, AUPR test unknown: 0.1315519224278443
2026-08-20 17:25:02,733 INFO Epoch: 74, loss: -0.0642130970954895, labeled_loss: 0.1297309696674347, unnlabeled_loss: 0.010966549627482891, mixup_loss: -1.99427330493927, energy_loss: 0.0
2026-08-20 17:25:02,733 INFO Best AUROC test all: 0.5871759294597039, AUPR test all: 0.2903484647869997, AUROC test unknown: 0.5158443452719026, AUPR test unknown: 0.132968859646542
2026-08-20 17:25:04,901 INFO Epoch: 75, loss: -0.06886832416057587, labeled_loss: 0.1252175271511078, unnlabeled_loss: 0.010644597001373768, mixup_loss: -1.9940813779830933, energy_loss: 0.0
2026-08-20 17:25:04,901 INFO Best AUROC test all: 0.58985466733504, AUPR test all: 0.2986613218434829, AUROC test unknown: 0.5180562735850323, AUPR test unknown: 0.13406197371184275
2026-08-20 17:25:07,071 INFO Epoch: 76, loss: -0.08348838239908218, labeled_loss: 0.10962435603141785, unnlabeled_loss: 0.012607472948729992, mixup_loss: -1.9941647052764893, energy_loss: 0.0
2026-08-20 17:25:07,071 INFO Best AUROC test all: 0.591292406965957, AUPR test all: 0.2993489914067148, AUROC test unknown: 0.5193406208604606, AUPR test unknown: 0.13494755226150723
2026-08-20 17:25:09,276 INFO Epoch: 77, loss: -0.07615755498409271, labeled_loss: 0.1168987900018692, unnlabeled_loss: 0.012703840620815754, mixup_loss: -1.9940825700759888, energy_loss: 0.0
2026-08-20 17:25:09,277 INFO Best AUROC test all: 0.5931952571793864, AUPR test all: 0.30221401834465994, AUROC test unknown: 0.5210294466869821, AUPR test unknown: 0.13563862534728888
2026-08-20 17:25:11,494 INFO Epoch: 78, loss: -0.09439881891012192, labeled_loss: 0.0985930785536766, unnlabeled_loss: 0.01278764009475708, mixup_loss: -1.9938571453094482, energy_loss: 0.0
2026-08-20 17:25:11,494 INFO Best AUROC test all: 0.5931952571793864, AUPR test all: 0.30221401834465994, AUROC test unknown: 0.5225094787344514, AUPR test unknown: 0.13595731208740025
2026-08-20 17:25:13,628 INFO Epoch: 79, loss: -0.09006832540035248, labeled_loss: 0.10484617203474045, unnlabeled_loss: 0.009119518101215363, mixup_loss: -1.994742512702942, energy_loss: 0.0
2026-08-20 17:25:13,628 INFO Best AUROC test all: 0.5974160915646981, AUPR test all: 0.3046440988369147, AUROC test unknown: 0.5265508821774748, AUPR test unknown: 0.13804870429602234
2026-08-20 17:25:15,821 INFO Epoch: 80, loss: -0.10133037716150284, labeled_loss: 0.09420742094516754, unnlabeled_loss: 0.007963854819536209, mixup_loss: -1.9951971769332886, energy_loss: 0.0
2026-08-20 17:25:15,822 INFO Best AUROC test all: 0.5974160915646981, AUPR test all: 0.30574234470605266, AUROC test unknown: 0.5265508821774748, AUPR test unknown: 0.13862243027114446
2026-08-20 17:25:18,007 INFO Epoch: 81, loss: -0.09759265929460526, labeled_loss: 0.09729337692260742, unnlabeled_loss: 0.008885431103408337, mixup_loss: -1.993287444114685, energy_loss: 0.0
2026-08-20 17:25:18,007 INFO Best AUROC test all: 0.5996096502269338, AUPR test all: 0.31300839730514246, AUROC test unknown: 0.5285376374405314, AUPR test unknown: 0.13930100122671513
2026-08-20 17:25:20,167 INFO Epoch: 82, loss: -0.10381822288036346, labeled_loss: 0.09099623560905457, unnlabeled_loss: 0.009157633408904076, mixup_loss: -1.9939327239990234, energy_loss: 0.0
2026-08-20 17:25:20,167 INFO Best AUROC test all: 0.6089576183549209, AUPR test all: 0.3192518209920091, AUROC test unknown: 0.5381781800829853, AUPR test unknown: 0.14320462464492978
2026-08-20 17:25:22,321 INFO Epoch: 83, loss: -0.10824915021657944, labeled_loss: 0.08646237850189209, unnlabeled_loss: 0.009533691219985485, mixup_loss: -1.9947837591171265, energy_loss: 0.0
2026-08-20 17:25:22,322 INFO Best AUROC test all: 0.6089576183549209, AUPR test all: 0.3192518209920091, AUROC test unknown: 0.5381781800829853, AUPR test unknown: 0.14320462464492978
2026-08-20 17:25:24,540 INFO Epoch: 84, loss: -0.10846667736768723, labeled_loss: 0.08667561411857605, unnlabeled_loss: 0.008444109000265598, mixup_loss: -1.9936435222625732, energy_loss: 0.0
2026-08-20 17:25:24,540 INFO Best AUROC test all: 0.6089576183549209, AUPR test all: 0.3192518209920091, AUROC test unknown: 0.5381781800829853, AUPR test unknown: 0.14381652944143752
2026-08-20 17:25:26,744 INFO Epoch: 85, loss: -0.11902441829442978, labeled_loss: 0.07743377983570099, unnlabeled_loss: 0.005894672125577927, mixup_loss: -1.9940553903579712, energy_loss: 0.0
2026-08-20 17:25:26,744 INFO Best AUROC test all: 0.6089576183549209, AUPR test all: 0.3192518209920091, AUROC test unknown: 0.5381781800829853, AUPR test unknown: 0.14381652944143752
2026-08-20 17:25:28,920 INFO Epoch: 86, loss: -0.11157327145338058, labeled_loss: 0.08578988164663315, unnlabeled_loss: 0.0043281977996230125, mixup_loss: -1.9952723979949951, energy_loss: 0.0
2026-08-20 17:25:28,920 INFO Best AUROC test all: 0.6124989403763049, AUPR test all: 0.3261881458895488, AUROC test unknown: 0.542518155834956, AUPR test unknown: 0.1459986209524671
2026-08-20 17:25:31,087 INFO Epoch: 87, loss: -0.12342168390750885, labeled_loss: 0.07302603125572205, unnlabeled_loss: 0.0059823933988809586, mixup_loss: -1.9943891763687134, energy_loss: 0.0
2026-08-20 17:25:31,087 INFO Best AUROC test all: 0.6204532969250913, AUPR test all: 0.3337831665170975, AUROC test unknown: 0.551367685900813, AUPR test unknown: 0.14974705389839288
2026-08-20 17:25:33,226 INFO Epoch: 88, loss: -0.12370848655700684, labeled_loss: 0.07152464985847473, unnlabeled_loss: 0.00855114683508873, mixup_loss: -1.9950871467590332, energy_loss: 0.0
2026-08-20 17:25:33,226 INFO Best AUROC test all: 0.6235413431221156, AUPR test all: 0.3361626238762765, AUROC test unknown: 0.55424674807183, AUPR test unknown: 0.15051304279119307
2026-08-20 17:25:35,378 INFO Epoch: 89, loss: -0.1329432874917984, labeled_loss: 0.06148359924554825, unnlabeled_loss: 0.010022887028753757, mixup_loss: -1.9943833351135254, energy_loss: 0.0
2026-08-20 17:25:35,378 INFO Best AUROC test all: 0.6235413431221156, AUPR test all: 0.3372899959519009, AUROC test unknown: 0.55424674807183, AUPR test unknown: 0.1513788154568724
2026-08-20 17:25:37,588 INFO Epoch: 90, loss: -0.13409101963043213, labeled_loss: 0.06197550892829895, unnlabeled_loss: 0.006883652415126562, mixup_loss: -1.9950834512710571, energy_loss: 0.0
2026-08-20 17:25:37,588 INFO Best AUROC test all: 0.6235413431221156, AUPR test all: 0.33815231743677754, AUROC test unknown: 0.55424674807183, AUPR test unknown: 0.1514304833300308
2026-08-20 17:25:39,775 INFO Epoch: 91, loss: -0.1406654417514801, labeled_loss: 0.056649524718523026, unnlabeled_loss: 0.004306423012167215, mixup_loss: -1.9946818351745605, energy_loss: 0.0
2026-08-20 17:25:39,775 INFO Best AUROC test all: 0.6235413431221156, AUPR test all: 0.33815231743677754, AUROC test unknown: 0.55424674807183, AUPR test unknown: 0.1519564752733709
2026-08-20 17:25:41,923 INFO Epoch: 92, loss: -0.13585278391838074, labeled_loss: 0.062093764543533325, unnlabeled_loss: 0.002992458874359727, mixup_loss: -1.9944278001785278, energy_loss: 0.0
2026-08-20 17:25:41,923 INFO Best AUROC test all: 0.6235413431221156, AUPR test all: 0.342394708526085, AUROC test unknown: 0.55424674807183, AUPR test unknown: 0.15340338964043287
2026-08-20 17:25:44,076 INFO Epoch: 93, loss: -0.12958768010139465, labeled_loss: 0.0683308094739914, unnlabeled_loss: 0.0032866518013179302, mixup_loss: -1.9956181049346924, energy_loss: 0.0
2026-08-20 17:25:44,076 INFO Best AUROC test all: 0.6347434921674084, AUPR test all: 0.3532386815511601, AUROC test unknown: 0.5668272021566525, AUPR test unknown: 0.1600632513736891
2026-08-20 17:25:46,223 INFO Epoch: 94, loss: -0.142295703291893, labeled_loss: 0.054748423397541046, unnlabeled_loss: 0.005081064999103546, mixup_loss: -1.9958466291427612, energy_loss: 0.0
2026-08-20 17:25:46,223 INFO Best AUROC test all: 0.639995991778421, AUPR test all: 0.3577875283081894, AUROC test unknown: 0.5730644341515292, AUPR test unknown: 0.1625520450924683
2026-08-20 17:25:48,386 INFO Epoch: 95, loss: -0.15148964524269104, labeled_loss: 0.04395975545048714, unnlabeled_loss: 0.008264970034360886, mixup_loss: -1.995818853378296, energy_loss: 0.0
2026-08-20 17:25:48,386 INFO Best AUROC test all: 0.639995991778421, AUPR test all: 0.36225051506612516, AUROC test unknown: 0.5730644341515292, AUPR test unknown: 0.16462551933504843
2026-08-20 17:25:50,504 INFO Epoch: 96, loss: -0.15039873123168945, labeled_loss: 0.045689359307289124, unnlabeled_loss: 0.007069761864840984, mixup_loss: -1.9962297677993774, energy_loss: 0.0
2026-08-20 17:25:50,504 INFO Best AUROC test all: 0.639995991778421, AUPR test all: 0.36225051506612516, AUROC test unknown: 0.5730644341515292, AUPR test unknown: 0.16462551933504843
2026-08-20 17:25:52,600 INFO Epoch: 97, loss: -0.15523838996887207, labeled_loss: 0.041889868676662445, unnlabeled_loss: 0.0047715832479298115, mixup_loss: -1.9951404333114624, energy_loss: 0.0
2026-08-20 17:25:52,600 INFO Best AUROC test all: 0.639995991778421, AUPR test all: 0.36225051506612516, AUROC test unknown: 0.5730644341515292, AUPR test unknown: 0.16462551933504843
2026-08-20 17:25:54,707 INFO Epoch: 98, loss: -0.16393935680389404, labeled_loss: 0.03363700211048126, unnlabeled_loss: 0.003957823384553194, mixup_loss: -1.995552659034729, energy_loss: 0.0
2026-08-20 17:25:54,707 INFO Best AUROC test all: 0.639995991778421, AUPR test all: 0.36225051506612516, AUROC test unknown: 0.5730644341515292, AUPR test unknown: 0.16462551933504843
2026-08-20 17:25:56,820 INFO Epoch: 99, loss: -0.15677493810653687, labeled_loss: 0.04116477817296982, unnlabeled_loss: 0.0031610906589776278, mixup_loss: -1.9952025413513184, energy_loss: 0.0
2026-08-20 17:25:56,820 INFO Best AUROC test all: 0.6410939178884296, AUPR test all: 0.36432550346188025, AUROC test unknown: 0.5740044254218808, AUPR test unknown: 0.16794116768307124
2026-08-20 17:25:58,924 INFO Epoch: 100, loss: -0.17091712355613708, labeled_loss: 0.026798013597726822, unnlabeled_loss: 0.003733525052666664, mixup_loss: -1.995819091796875, energy_loss: 0.0
2026-08-20 17:25:58,924 INFO Best AUROC test all: 0.6454535583906784, AUPR test all: 0.3701524859463967, AUROC test unknown: 0.5793936528032815, AUPR test unknown: 0.17008202326562216
2026-08-20 17:26:01,041 INFO Epoch: 101, loss: -0.16511636972427368, labeled_loss: 0.032219402492046356, unnlabeled_loss: 0.004394060466438532, mixup_loss: -1.9953280687332153, energy_loss: 0.0
2026-08-20 17:26:01,041 INFO Best AUROC test all: 0.6539654329649941, AUPR test all: 0.38008724248228026, AUROC test unknown: 0.5893010713496698, AUPR test unknown: 0.178897289850121
2026-08-20 17:26:03,148 INFO Epoch: 102, loss: -0.17067191004753113, labeled_loss: 0.025167761370539665, unnlabeled_loss: 0.007388453930616379, mixup_loss: -1.9953389167785645, energy_loss: 0.0
2026-08-20 17:26:03,148 INFO Best AUROC test all: 0.6579925993312352, AUPR test all: 0.38469251543588023, AUROC test unknown: 0.5930974285997949, AUPR test unknown: 0.18166467953012316
2026-08-20 17:26:05,291 INFO Epoch: 103, loss: -0.17017406225204468, labeled_loss: 0.024340197443962097, unnlabeled_loss: 0.009935270994901657, mixup_loss: -1.994818925857544, energy_loss: 0.0
2026-08-20 17:26:05,291 INFO Best AUROC test all: 0.6579925993312352, AUPR test all: 0.38469251543588023, AUROC test unknown: 0.5930974285997949, AUPR test unknown: 0.18166467953012316
2026-08-20 17:26:07,440 INFO Epoch: 104, loss: -0.17142394185066223, labeled_loss: 0.024764621630311012, unnlabeled_loss: 0.006578823551535606, mixup_loss: -1.9947797060012817, energy_loss: 0.0
2026-08-20 17:26:07,440 INFO Best AUROC test all: 0.6579925993312352, AUPR test all: 0.38469251543588023, AUROC test unknown: 0.5930974285997949, AUPR test unknown: 0.18166467953012316
2026-08-20 17:26:09,555 INFO Epoch: 105, loss: -0.17444856464862823, labeled_loss: 0.02349216118454933, unnlabeled_loss: 0.003349481150507927, mixup_loss: -1.9961546659469604, energy_loss: 0.0
2026-08-20 17:26:09,555 INFO Best AUROC test all: 0.6579925993312352, AUPR test all: 0.38469251543588023, AUROC test unknown: 0.5930974285997949, AUPR test unknown: 0.18166467953012316
2026-08-20 17:26:11,766 INFO Epoch: 106, loss: -0.16387131810188293, labeled_loss: 0.027527403086423874, unnlabeled_loss: 0.01642799563705921, mixup_loss: -1.9961272478103638, energy_loss: 0.0
2026-08-20 17:26:11,766 INFO Best AUROC test all: 0.6718822705781674, AUPR test all: 0.3977670159415353, AUROC test unknown: 0.6089054096539535, AUPR test unknown: 0.1931831092820083
2026-08-20 17:26:13,882 INFO Epoch: 107, loss: -0.172078475356102, labeled_loss: 0.015768641605973244, unnlabeled_loss: 0.023522712290287018, mixup_loss: -1.9960846900939941, energy_loss: 0.0
2026-08-20 17:26:13,882 INFO Best AUROC test all: 0.6718822705781674, AUPR test all: 0.40063539476088816, AUROC test unknown: 0.6089054096539535, AUPR test unknown: 0.19639861195282116
2026-08-20 17:26:16,007 INFO Epoch: 108, loss: -0.17714953422546387, labeled_loss: 0.013185977004468441, unnlabeled_loss: 0.01848801225423813, mixup_loss: -1.9957951307296753, energy_loss: 0.0
2026-08-20 17:26:16,008 INFO Best AUROC test all: 0.6730146917972099, AUPR test all: 0.402873634868491, AUROC test unknown: 0.6106754889631665, AUPR test unknown: 0.1985127669925628
2026-08-20 17:26:18,108 INFO Epoch: 109, loss: -0.16713428497314453, labeled_loss: 0.01047422830015421, unnlabeled_loss: 0.044118527323007584, mixup_loss: -1.9966777563095093, energy_loss: 0.0
2026-08-20 17:26:18,108 INFO Best AUROC test all: 0.6730146917972099, AUPR test all: 0.402873634868491, AUROC test unknown: 0.6106754889631665, AUPR test unknown: 0.1985127669925628
2026-08-20 17:26:20,239 INFO Epoch: 110, loss: -0.16125360131263733, labeled_loss: 0.015437047928571701, unnlabeled_loss: 0.045578423887491226, mixup_loss: -1.9947986602783203, energy_loss: 0.0
2026-08-20 17:26:20,239 INFO Best AUROC test all: 0.6730146917972099, AUPR test all: 0.402873634868491, AUROC test unknown: 0.6106754889631665, AUPR test unknown: 0.1985127669925628
2026-08-20 17:26:22,351 INFO Epoch: 111, loss: -0.17368671298027039, labeled_loss: 0.021006152033805847, unnlabeled_loss: 0.009844095446169376, mixup_loss: -1.9961490631103516, energy_loss: 0.0
2026-08-20 17:26:22,351 INFO Best AUROC test all: 0.6730146917972099, AUPR test all: 0.402873634868491, AUROC test unknown: 0.6106754889631665, AUPR test unknown: 0.1985127669925628
2026-08-20 17:26:24,454 INFO Epoch: 112, loss: -0.16148658096790314, labeled_loss: 0.010011003352701664, unnlabeled_loss: 0.0561179481446743, mixup_loss: -1.9955655336380005, energy_loss: 0.0
2026-08-20 17:26:24,455 INFO Best AUROC test all: 0.6824949982091901, AUPR test all: 0.4099261584994822, AUROC test unknown: 0.6210597511334679, AUPR test unknown: 0.20461439119779887
2026-08-20 17:26:26,588 INFO Epoch: 113, loss: -0.15285271406173706, labeled_loss: 0.013352232053875923, unnlabeled_loss: 0.06676064431667328, mixup_loss: -1.9958527088165283, energy_loss: 0.0
2026-08-20 17:26:26,588 INFO Best AUROC test all: 0.6838707888444285, AUPR test all: 0.4099261584994822, AUROC test unknown: 0.6229691101483056, AUPR test unknown: 0.20461439119779887
2026-08-20 17:26:28,720 INFO Epoch: 114, loss: -0.13535140454769135, labeled_loss: 0.012882635928690434, unnlabeled_loss: 0.10282787680625916, mixup_loss: -1.9964797496795654, energy_loss: 0.0
2026-08-20 17:26:28,721 INFO Best AUROC test all: 0.6884148543278885, AUPR test all: 0.4173913996862651, AUROC test unknown: 0.6283145383527619, AUPR test unknown: 0.213081993620105
2026-08-20 17:26:30,856 INFO Epoch: 115, loss: -0.1829560399055481, labeled_loss: 0.011676719412207603, unnlabeled_loss: 0.009956549853086472, mixup_loss: -1.9961103200912476, energy_loss: 0.0
2026-08-20 17:26:30,856 INFO Best AUROC test all: 0.6884148543278885, AUPR test all: 0.4173913996862651, AUROC test unknown: 0.6287467442704975, AUPR test unknown: 0.213081993620105
2026-08-20 17:26:32,990 INFO Epoch: 116, loss: -0.17727458477020264, labeled_loss: 0.01694062352180481, unnlabeled_loss: 0.010825290344655514, mixup_loss: -1.9962786436080933, energy_loss: 0.0
2026-08-20 17:26:32,990 INFO Best AUROC test all: 0.6884148543278885, AUPR test all: 0.4173913996862651, AUROC test unknown: 0.6287467442704975, AUPR test unknown: 0.213081993620105
2026-08-20 17:26:35,121 INFO Epoch: 117, loss: -0.17108166217803955, labeled_loss: 0.007418770343065262, unnlabeled_loss: 0.042111583054065704, mixup_loss: -1.995562195777893, energy_loss: 0.0
2026-08-20 17:26:35,121 INFO Best AUROC test all: 0.6910819409296945, AUPR test all: 0.4185500583247594, AUROC test unknown: 0.6316180640215951, AUPR test unknown: 0.213081993620105
2026-08-20 17:26:37,248 INFO Epoch: 118, loss: -0.16601261496543884, labeled_loss: 0.008827216923236847, unnlabeled_loss: 0.04957881197333336, mixup_loss: -1.9962924718856812, energy_loss: 0.0
2026-08-20 17:26:37,248 INFO Best AUROC test all: 0.6978333264220793, AUPR test all: 0.42846027261366904, AUROC test unknown: 0.6393023738650786, AUPR test unknown: 0.22178926430733376
2026-08-20 17:26:39,364 INFO Epoch: 119, loss: -0.13305455446243286, labeled_loss: 0.011820882558822632, unnlabeled_loss: 0.10959269106388092, mixup_loss: -1.9967178106307983, energy_loss: 0.0
2026-08-20 17:26:39,365 INFO Best AUROC test all: 0.7231403283053652, AUPR test all: 0.45028323921741553, AUROC test unknown: 0.6686079363773212, AUPR test unknown: 0.24768587720346494
2026-08-20 17:26:41,497 INFO Epoch: 120, loss: -0.09491635113954544, labeled_loss: 0.028519315645098686, unnlabeled_loss: 0.15231655538082123, mixup_loss: -1.9959393739700317, energy_loss: 0.0
2026-08-20 17:26:41,497 INFO Best AUROC test all: 0.7231403283053652, AUPR test all: 0.45028323921741553, AUROC test unknown: 0.6686079363773212, AUPR test unknown: 0.24768587720346494
2026-08-20 17:26:43,659 INFO Epoch: 121, loss: -0.1280098557472229, labeled_loss: 0.022981125861406326, unnlabeled_loss: 0.09722243249416351, mixup_loss: -1.9960219860076904, energy_loss: 0.0
2026-08-20 17:26:43,659 INFO Best AUROC test all: 0.7231403283053652, AUPR test all: 0.45028323921741553, AUROC test unknown: 0.6686079363773212, AUPR test unknown: 0.24768587720346494
2026-08-20 17:26:45,805 INFO Epoch: 122, loss: -0.18013684451580048, labeled_loss: 0.00752468453720212, unnlabeled_loss: 0.023928964510560036, mixup_loss: -1.9962600469589233, energy_loss: 0.0
2026-08-20 17:26:45,805 INFO Best AUROC test all: 0.7231403283053652, AUPR test all: 0.45028323921741553, AUROC test unknown: 0.6686079363773212, AUPR test unknown: 0.24768587720346494
2026-08-20 17:26:48,004 INFO Epoch: 123, loss: -0.17630590498447418, labeled_loss: 0.020129691809415817, unnlabeled_loss: 0.006499805022031069, mixup_loss: -1.9968550205230713, energy_loss: 0.0
2026-08-20 17:26:48,004 INFO Best AUROC test all: 0.7231403283053652, AUPR test all: 0.45028323921741553, AUROC test unknown: 0.6686079363773212, AUPR test unknown: 0.24768587720346494
2026-08-20 17:26:50,234 INFO Epoch: 124, loss: -0.17876529693603516, labeled_loss: 0.016787279397249222, unnlabeled_loss: 0.008199930191040039, mixup_loss: -1.9965254068374634, energy_loss: 0.0
2026-08-20 17:26:50,235 INFO Best AUROC test all: 0.7231403283053652, AUPR test all: 0.45028323921741553, AUROC test unknown: 0.6686079363773212, AUPR test unknown: 0.24768587720346494
2026-08-20 17:26:52,419 INFO Epoch: 125, loss: -0.177940234541893, labeled_loss: 0.008333521895110607, unnlabeled_loss: 0.026747873052954674, mixup_loss: -1.9964768886566162, energy_loss: 0.0
2026-08-20 17:26:52,419 INFO Best AUROC test all: 0.7231403283053652, AUPR test all: 0.4512408279132079, AUROC test unknown: 0.6686079363773212, AUPR test unknown: 0.24768587720346494
2026-08-20 17:26:54,608 INFO Epoch: 126, loss: -0.1850336641073227, labeled_loss: 0.007768022827804089, unnlabeled_loss: 0.013695855624973774, mixup_loss: -1.9964960813522339, energy_loss: 0.0
2026-08-20 17:26:54,608 INFO Best AUROC test all: 0.7231403283053652, AUPR test all: 0.4522431146199998, AUROC test unknown: 0.6686079363773212, AUPR test unknown: 0.24768587720346494
2026-08-20 17:26:56,751 INFO Epoch: 127, loss: -0.18498170375823975, labeled_loss: 0.009077314287424088, unnlabeled_loss: 0.01118568517267704, mixup_loss: -1.996518611907959, energy_loss: 0.0
2026-08-20 17:26:56,751 INFO Best AUROC test all: 0.7231403283053652, AUPR test all: 0.4522431146199998, AUROC test unknown: 0.6686079363773212, AUPR test unknown: 0.24768587720346494
2026-08-20 17:26:58,897 INFO Epoch: 128, loss: -0.17172595858573914, labeled_loss: 0.006094577722251415, unnlabeled_loss: 0.0436953641474247, mixup_loss: -1.996682047843933, energy_loss: 0.0
2026-08-20 17:26:58,897 INFO Best AUROC test all: 0.7231403283053652, AUPR test all: 0.4522431146199998, AUROC test unknown: 0.6686079363773212, AUPR test unknown: 0.24768587720346494
2026-08-20 17:27:01,021 INFO Epoch: 129, loss: -0.18810367584228516, labeled_loss: 0.006131465081125498, unnlabeled_loss: 0.010928761214017868, mixup_loss: -1.996995210647583, energy_loss: 0.0
2026-08-20 17:27:01,021 INFO Best AUROC test all: 0.7231403283053652, AUPR test all: 0.4522431146199998, AUROC test unknown: 0.6686079363773212, AUPR test unknown: 0.24768587720346494
2026-08-20 17:27:03,159 INFO Epoch: 130, loss: -0.18763746321201324, labeled_loss: 0.006868397351354361, unnlabeled_loss: 0.010270758531987667, mixup_loss: -1.9964123964309692, energy_loss: 0.0
2026-08-20 17:27:03,159 INFO Best AUROC test all: 0.7231403283053652, AUPR test all: 0.4522431146199998, AUROC test unknown: 0.6686079363773212, AUPR test unknown: 0.24768587720346494
2026-08-20 17:27:05,314 INFO Epoch: 131, loss: -0.16079595685005188, labeled_loss: 0.008509505540132523, unnlabeled_loss: 0.060791194438934326, mixup_loss: -1.9970104694366455, energy_loss: 0.0
2026-08-20 17:27:05,315 INFO Best AUROC test all: 0.7231403283053652, AUPR test all: 0.4522431146199998, AUROC test unknown: 0.6686079363773212, AUPR test unknown: 0.24768587720346494
2026-08-20 17:27:07,459 INFO Epoch: 132, loss: -0.15667933225631714, labeled_loss: 0.014198072254657745, unnlabeled_loss: 0.057631123811006546, mixup_loss: -1.99692964553833, energy_loss: 0.0
2026-08-20 17:27:07,459 INFO Best AUROC test all: 0.7293961906390548, AUPR test all: 0.4588846068251299, AUROC test unknown: 0.6752637342144078, AUPR test unknown: 0.2541486560752081
2026-08-20 17:27:09,554 INFO Epoch: 133, loss: -0.179937943816185, labeled_loss: 0.010279906913638115, unnlabeled_loss: 0.019049232825636864, mixup_loss: -1.997424602508545, energy_loss: 0.0
2026-08-20 17:27:09,555 INFO Best AUROC test all: 0.7293961906390548, AUPR test all: 0.4588846068251299, AUROC test unknown: 0.6752637342144078, AUPR test unknown: 0.2541486560752081
2026-08-20 17:27:11,629 INFO Epoch: 134, loss: -0.18047061562538147, labeled_loss: 0.006641475483775139, unnlabeled_loss: 0.025252241641283035, mixup_loss: -1.9973820447921753, energy_loss: 0.0
2026-08-20 17:27:11,629 INFO Best AUROC test all: 0.7293961906390548, AUPR test all: 0.4588846068251299, AUROC test unknown: 0.6752637342144078, AUPR test unknown: 0.2541486560752081
2026-08-20 17:27:13,732 INFO Epoch: 135, loss: -0.17330734431743622, labeled_loss: 0.007923340424895287, unnlabeled_loss: 0.036785535514354706, mixup_loss: -1.99623441696167, energy_loss: 0.0
2026-08-20 17:27:13,732 INFO Best AUROC test all: 0.7293961906390548, AUPR test all: 0.4588846068251299, AUROC test unknown: 0.6752637342144078, AUPR test unknown: 0.2541486560752081
2026-08-20 17:27:15,911 INFO Epoch: 136, loss: -0.16551300883293152, labeled_loss: 0.011293405666947365, unnlabeled_loss: 0.045758772641420364, mixup_loss: -1.9968578815460205, energy_loss: 0.0
2026-08-20 17:27:15,911 INFO Best AUROC test all: 0.7293961906390548, AUPR test all: 0.4588846068251299, AUROC test unknown: 0.6752637342144078, AUPR test unknown: 0.2541486560752081
2026-08-20 17:27:18,119 INFO Epoch: 137, loss: -0.1819203943014145, labeled_loss: 0.01043236255645752, unnlabeled_loss: 0.014713670127093792, mixup_loss: -1.9970959424972534, energy_loss: 0.0
2026-08-20 17:27:18,119 INFO Best AUROC test all: 0.7293961906390548, AUPR test all: 0.4588846068251299, AUROC test unknown: 0.6752637342144078, AUPR test unknown: 0.25478264598289724
2026-08-20 17:27:20,302 INFO Epoch: 138, loss: -0.17275795340538025, labeled_loss: 0.006287139840424061, unnlabeled_loss: 0.04134422168135643, mixup_loss: -1.9971721172332764, energy_loss: 0.0
2026-08-20 17:27:20,302 INFO Best AUROC test all: 0.7336224148851532, AUPR test all: 0.46953417911721473, AUROC test unknown: 0.6806598095845456, AUPR test unknown: 0.26808068980000693
2026-08-20 17:27:22,467 INFO Epoch: 139, loss: -0.12484040856361389, labeled_loss: 0.014702854678034782, unnlabeled_loss: 0.12029936909675598, mixup_loss: -1.9969295263290405, energy_loss: 0.0
2026-08-20 17:27:22,467 INFO Best AUROC test all: 0.7336224148851532, AUPR test all: 0.46953417911721473, AUROC test unknown: 0.6806598095845456, AUPR test unknown: 0.26808068980000693
2026-08-20 17:27:24,645 INFO Epoch: 140, loss: -0.18585695326328278, labeled_loss: 0.006005147937685251, unnlabeled_loss: 0.015702277421951294, mixup_loss: -1.997132420539856, energy_loss: 0.0
2026-08-20 17:27:24,645 INFO Best AUROC test all: 0.7336224148851532, AUPR test all: 0.46953417911721473, AUROC test unknown: 0.6806598095845456, AUPR test unknown: 0.26808068980000693
2026-08-20 17:27:26,800 INFO Epoch: 141, loss: -0.18202261626720428, labeled_loss: 0.008460506796836853, unnlabeled_loss: 0.018368620425462723, mixup_loss: -1.9966742992401123, energy_loss: 0.0
2026-08-20 17:27:26,800 INFO Best AUROC test all: 0.7336224148851532, AUPR test all: 0.46953417911721473, AUROC test unknown: 0.6806598095845456, AUPR test unknown: 0.26808068980000693
2026-08-20 17:27:29,018 INFO Epoch: 142, loss: -0.1774270087480545, labeled_loss: 0.011856297962367535, unnlabeled_loss: 0.02083704061806202, mixup_loss: -1.9970182180404663, energy_loss: 0.0
2026-08-20 17:27:29,019 INFO Best AUROC test all: 0.7336224148851532, AUPR test all: 0.46953417911721473, AUROC test unknown: 0.6806598095845456, AUPR test unknown: 0.26808068980000693
2026-08-20 17:27:31,177 INFO Epoch: 143, loss: -0.17773723602294922, labeled_loss: 0.010194268077611923, unnlabeled_loss: 0.02352909930050373, mixup_loss: -1.9969605207443237, energy_loss: 0.0
2026-08-20 17:27:31,177 INFO Best AUROC test all: 0.7336224148851532, AUPR test all: 0.46953417911721473, AUROC test unknown: 0.6806598095845456, AUPR test unknown: 0.26808068980000693
2026-08-20 17:27:33,408 INFO Epoch: 144, loss: -0.19220848381519318, labeled_loss: 0.006411151494830847, unnlabeled_loss: 0.0022676223888993263, mixup_loss: -1.9975345134735107, energy_loss: 0.0
2026-08-20 17:27:33,409 INFO Best AUROC test all: 0.7336224148851532, AUPR test all: 0.46953417911721473, AUROC test unknown: 0.6806598095845456, AUPR test unknown: 0.26808068980000693
2026-08-20 17:27:35,584 INFO Epoch: 145, loss: -0.19056402146816254, labeled_loss: 0.00659566605463624, unnlabeled_loss: 0.005160112399607897, mixup_loss: -1.9973974227905273, energy_loss: 0.0
2026-08-20 17:27:35,584 INFO Best AUROC test all: 0.7336224148851532, AUPR test all: 0.46953417911721473, AUROC test unknown: 0.6806598095845456, AUPR test unknown: 0.26808068980000693
2026-08-20 17:27:37,748 INFO Epoch: 146, loss: -0.14431080222129822, labeled_loss: 0.0063933334313333035, unnlabeled_loss: 0.09808088093996048, mixup_loss: -1.997445821762085, energy_loss: 0.0
2026-08-20 17:27:37,748 INFO Best AUROC test all: 0.7489394130106743, AUPR test all: 0.4849676585047552, AUROC test unknown: 0.6985256531807315, AUPR test unknown: 0.285845754547219
2026-08-20 17:27:39,962 INFO Epoch: 147, loss: -0.12736935913562775, labeled_loss: 0.02045661211013794, unnlabeled_loss: 0.10375761985778809, mixup_loss: -1.997047781944275, energy_loss: 0.0
2026-08-20 17:27:39,963 INFO Best AUROC test all: 0.7489394130106743, AUPR test all: 0.4849676585047552, AUROC test unknown: 0.6985256531807315, AUPR test unknown: 0.285845754547219
2026-08-20 17:27:42,092 INFO Epoch: 148, loss: -0.14805294573307037, labeled_loss: 0.007722248788923025, unnlabeled_loss: 0.08788569271564484, mixup_loss: -1.9971803426742554, energy_loss: 0.0
2026-08-20 17:27:42,092 INFO Best AUROC test all: 0.7489394130106743, AUPR test all: 0.4849676585047552, AUROC test unknown: 0.6985256531807315, AUPR test unknown: 0.285845754547219
2026-08-20 17:27:44,236 INFO Epoch: 149, loss: -0.15263745188713074, labeled_loss: 0.005835579242557287, unnlabeled_loss: 0.08241842687129974, mixup_loss: -1.996822476387024, energy_loss: 0.0
2026-08-20 17:27:44,236 INFO Best AUROC test all: 0.7489394130106743, AUPR test all: 0.4849676585047552, AUROC test unknown: 0.6985256531807315, AUPR test unknown: 0.285845754547219
2026-08-20 17:27:46,343 INFO Epoch: 150, loss: -0.1817249357700348, labeled_loss: 0.009044840931892395, unnlabeled_loss: 0.017899349331855774, mixup_loss: -1.9971944093704224, energy_loss: 0.0
2026-08-20 17:27:46,343 INFO Best AUROC test all: 0.7489394130106743, AUPR test all: 0.4849676585047552, AUROC test unknown: 0.6985256531807315, AUPR test unknown: 0.285845754547219
2026-08-20 17:27:48,488 INFO Epoch: 151, loss: -0.16318966448307037, labeled_loss: 0.007160014007240534, unnlabeled_loss: 0.058697689324617386, mixup_loss: -1.9969851970672607, energy_loss: 0.0
2026-08-20 17:27:48,489 INFO Best AUROC test all: 0.7489394130106743, AUPR test all: 0.4849676585047552, AUROC test unknown: 0.6985256531807315, AUPR test unknown: 0.285845754547219
2026-08-20 17:27:50,563 INFO Epoch: 152, loss: -0.1890345960855484, labeled_loss: 0.0075972783379256725, unnlabeled_loss: 0.006220201961696148, mixup_loss: -1.9974197149276733, energy_loss: 0.0
2026-08-20 17:27:50,563 INFO Best AUROC test all: 0.7489394130106743, AUPR test all: 0.4849676585047552, AUROC test unknown: 0.6985256531807315, AUPR test unknown: 0.285845754547219
2026-08-20 17:27:52,692 INFO Epoch: 153, loss: -0.1470988541841507, labeled_loss: 0.01065909769386053, unnlabeled_loss: 0.08398471027612686, mixup_loss: -1.9975030422210693, energy_loss: 0.0
2026-08-20 17:27:52,692 INFO Best AUROC test all: 0.7489394130106743, AUPR test all: 0.4849676585047552, AUROC test unknown: 0.6985256531807315, AUPR test unknown: 0.285845754547219
2026-08-20 17:27:54,860 INFO Epoch: 154, loss: -0.18365663290023804, labeled_loss: 0.006230483762919903, unnlabeled_loss: 0.019680343568325043, mixup_loss: -1.9972729682922363, energy_loss: 0.0
2026-08-20 17:27:54,861 INFO Best AUROC test all: 0.7489394130106743, AUPR test all: 0.4849676585047552, AUROC test unknown: 0.6985256531807315, AUPR test unknown: 0.285845754547219
2026-08-20 17:27:56,998 INFO Epoch: 155, loss: -0.1599792093038559, labeled_loss: 0.005705113057047129, unnlabeled_loss: 0.06819069385528564, mixup_loss: -1.997796654701233, energy_loss: 0.0
2026-08-20 17:27:56,998 INFO Best AUROC test all: 0.7489394130106743, AUPR test all: 0.4849676585047552, AUROC test unknown: 0.6985256531807315, AUPR test unknown: 0.285845754547219
2026-08-20 17:27:59,122 INFO Epoch: 156, loss: -0.18565963208675385, labeled_loss: 0.007410012185573578, unnlabeled_loss: 0.013350322842597961, mixup_loss: -1.9974480867385864, energy_loss: 0.0
2026-08-20 17:27:59,122 INFO Best AUROC test all: 0.7489394130106743, AUPR test all: 0.4849676585047552, AUROC test unknown: 0.6985256531807315, AUPR test unknown: 0.285845754547219
2026-08-20 17:28:01,286 INFO Epoch: 157, loss: -0.1649423986673355, labeled_loss: 0.006611848250031471, unnlabeled_loss: 0.056362465023994446, mixup_loss: -1.9973547458648682, energy_loss: 0.0
2026-08-20 17:28:01,286 INFO Best AUROC test all: 0.7489394130106743, AUPR test all: 0.4849676585047552, AUROC test unknown: 0.6985256531807315, AUPR test unknown: 0.285845754547219
2026-08-20 17:28:03,458 INFO Epoch: 158, loss: -0.1866357922554016, labeled_loss: 0.008219792507588863, unnlabeled_loss: 0.009809078648686409, mixup_loss: -1.9976012706756592, energy_loss: 0.0
2026-08-20 17:28:03,458 INFO Best AUROC test all: 0.7489394130106743, AUPR test all: 0.4849676585047552, AUROC test unknown: 0.6985256531807315, AUPR test unknown: 0.285845754547219
2026-08-20 17:28:05,607 INFO Epoch: 159, loss: -0.1717732697725296, labeled_loss: 0.00609362730756402, unnlabeled_loss: 0.043755754828453064, mixup_loss: -1.9974477291107178, energy_loss: 0.0
2026-08-20 17:28:05,607 INFO Best AUROC test all: 0.7489394130106743, AUPR test all: 0.4849676585047552, AUROC test unknown: 0.6985256531807315, AUPR test unknown: 0.285845754547219
2026-08-20 17:28:07,785 INFO Epoch: 160, loss: -0.16641877591609955, labeled_loss: 0.005181615240871906, unnlabeled_loss: 0.056299105286598206, mixup_loss: -1.9974994659423828, energy_loss: 0.0
2026-08-20 17:28:07,785 INFO Best AUROC test all: 0.7489394130106743, AUPR test all: 0.4849676585047552, AUROC test unknown: 0.6985256531807315, AUPR test unknown: 0.285845754547219
2026-08-20 17:28:09,967 INFO Epoch: 161, loss: -0.14602965116500854, labeled_loss: 0.010654323734343052, unnlabeled_loss: 0.08616658300161362, mixup_loss: -1.9976725578308105, energy_loss: 0.0
2026-08-20 17:28:09,967 INFO Best AUROC test all: 0.7489394130106743, AUPR test all: 0.4849676585047552, AUROC test unknown: 0.6985256531807315, AUPR test unknown: 0.285845754547219
2026-08-20 17:28:12,146 INFO Epoch: 162, loss: -0.14256250858306885, labeled_loss: 0.009348227642476559, unnlabeled_loss: 0.09573720395565033, mixup_loss: -1.997793436050415, energy_loss: 0.0
2026-08-20 17:28:12,146 INFO Best AUROC test all: 0.75270231564933, AUPR test all: 0.4917755306583035, AUROC test unknown: 0.7026284090126464, AUPR test unknown: 0.2931598175303725
2026-08-20 17:28:14,403 INFO Epoch: 163, loss: -0.1757563352584839, labeled_loss: 0.01015617698431015, unnlabeled_loss: 0.027734577655792236, mixup_loss: -1.9977978467941284, energy_loss: 0.0
2026-08-20 17:28:14,403 INFO Best AUROC test all: 0.75270231564933, AUPR test all: 0.4917755306583035, AUROC test unknown: 0.7026284090126464, AUPR test unknown: 0.2931598175303725
2026-08-20 17:28:16,577 INFO Epoch: 164, loss: -0.18888363242149353, labeled_loss: 0.006536135450005531, unnlabeled_loss: 0.008669322356581688, mixup_loss: -1.997544288635254, energy_loss: 0.0
2026-08-20 17:28:16,577 INFO Best AUROC test all: 0.75270231564933, AUPR test all: 0.4917755306583035, AUROC test unknown: 0.7026284090126464, AUPR test unknown: 0.2931598175303725
2026-08-20 17:28:18,736 INFO Epoch: 165, loss: -0.1746625453233719, labeled_loss: 0.009451800025999546, unnlabeled_loss: 0.03128592297434807, mixup_loss: -1.9975730180740356, energy_loss: 0.0
2026-08-20 17:28:18,736 INFO Best AUROC test all: 0.75270231564933, AUPR test all: 0.4917755306583035, AUROC test unknown: 0.7026284090126464, AUPR test unknown: 0.2931598175303725
2026-08-20 17:28:20,927 INFO Epoch: 166, loss: -0.1878315508365631, labeled_loss: 0.010246369056403637, unnlabeled_loss: 0.003437418257817626, mixup_loss: -1.9979662895202637, energy_loss: 0.0
2026-08-20 17:28:20,928 INFO Best AUROC test all: 0.75270231564933, AUPR test all: 0.4917755306583035, AUROC test unknown: 0.7026284090126464, AUPR test unknown: 0.2931598175303725
2026-08-20 17:28:23,100 INFO Epoch: 167, loss: -0.18724778294563293, labeled_loss: 0.010031023994088173, unnlabeled_loss: 0.004939035512506962, mixup_loss: -1.997483253479004, energy_loss: 0.0
2026-08-20 17:28:23,100 INFO Best AUROC test all: 0.75270231564933, AUPR test all: 0.4917755306583035, AUROC test unknown: 0.7026284090126464, AUPR test unknown: 0.2931598175303725
2026-08-20 17:28:25,257 INFO Epoch: 168, loss: -0.17414742708206177, labeled_loss: 0.008628935553133488, unnlabeled_loss: 0.03400091826915741, mixup_loss: -1.9977680444717407, energy_loss: 0.0
2026-08-20 17:28:25,257 INFO Best AUROC test all: 0.75270231564933, AUPR test all: 0.4917755306583035, AUROC test unknown: 0.7026284090126464, AUPR test unknown: 0.2931598175303725
2026-08-20 17:28:27,453 INFO Epoch: 169, loss: -0.1916891187429428, labeled_loss: 0.003845843719318509, unnlabeled_loss: 0.008517807349562645, mixup_loss: -1.9979385137557983, energy_loss: 0.0
2026-08-20 17:28:27,454 INFO Best AUROC test all: 0.75270231564933, AUPR test all: 0.4917755306583035, AUROC test unknown: 0.7026284090126464, AUPR test unknown: 0.2931598175303725
2026-08-20 17:28:29,581 INFO Epoch: 170, loss: -0.1838640421628952, labeled_loss: 0.008296472020447254, unnlabeled_loss: 0.015226506628096104, mixup_loss: -1.9977377653121948, energy_loss: 0.0
2026-08-20 17:28:29,581 INFO Best AUROC test all: 0.75270231564933, AUPR test all: 0.4917755306583035, AUROC test unknown: 0.7026284090126464, AUPR test unknown: 0.2931598175303725
2026-08-20 17:28:31,770 INFO Epoch: 171, loss: -0.18248522281646729, labeled_loss: 0.0034901390317827463, unnlabeled_loss: 0.027643203735351562, mixup_loss: -1.997969627380371, energy_loss: 0.0
2026-08-20 17:28:31,771 INFO Best AUROC test all: 0.75270231564933, AUPR test all: 0.4917755306583035, AUROC test unknown: 0.7026284090126464, AUPR test unknown: 0.2931598175303725
2026-08-20 17:28:33,908 INFO Epoch: 172, loss: -0.16331785917282104, labeled_loss: 0.0030604349449276924, unnlabeled_loss: 0.06678248196840286, mixup_loss: -1.9976954460144043, energy_loss: 0.0
2026-08-20 17:28:33,908 INFO Best AUROC test all: 0.75270231564933, AUPR test all: 0.4917755306583035, AUROC test unknown: 0.7026284090126464, AUPR test unknown: 0.2931598175303725
2026-08-20 17:28:36,039 INFO Epoch: 173, loss: -0.18185828626155853, labeled_loss: 0.004405580461025238, unnlabeled_loss: 0.027021188288927078, mixup_loss: -1.9977445602416992, energy_loss: 0.0
2026-08-20 17:28:36,039 INFO Best AUROC test all: 0.75270231564933, AUPR test all: 0.4917755306583035, AUROC test unknown: 0.7026284090126464, AUPR test unknown: 0.2931598175303725
2026-08-20 17:28:38,161 INFO Epoch: 174, loss: -0.14908796548843384, labeled_loss: 0.0033248914405703545, unnlabeled_loss: 0.09476961940526962, mixup_loss: -1.9979767799377441, energy_loss: 0.0
2026-08-20 17:28:38,161 INFO Best AUROC test all: 0.75270231564933, AUPR test all: 0.4917755306583035, AUROC test unknown: 0.7026284090126464, AUPR test unknown: 0.2931598175303725
2026-08-20 17:28:40,375 INFO Epoch: 175, loss: -0.18566493690013885, labeled_loss: 0.005045908968895674, unnlabeled_loss: 0.018124207854270935, mixup_loss: -1.9977295398712158, energy_loss: 0.0
2026-08-20 17:28:40,375 INFO Best AUROC test all: 0.75270231564933, AUPR test all: 0.4917755306583035, AUROC test unknown: 0.7026284090126464, AUPR test unknown: 0.2931598175303725
2026-08-20 17:28:42,591 INFO Epoch: 176, loss: -0.18163222074508667, labeled_loss: 0.003469746559858322, unnlabeled_loss: 0.029422957450151443, mixup_loss: -1.9981343746185303, energy_loss: 0.0
2026-08-20 17:28:42,591 INFO Best AUROC test all: 0.75270231564933, AUPR test all: 0.4917755306583035, AUROC test unknown: 0.7026284090126464, AUPR test unknown: 0.2931598175303725
2026-08-20 17:28:44,728 INFO Epoch: 177, loss: -0.1908811628818512, labeled_loss: 0.004926726222038269, unnlabeled_loss: 0.00796165969222784, mixup_loss: -1.997887134552002, energy_loss: 0.0
2026-08-20 17:28:44,729 INFO Best AUROC test all: 0.75270231564933, AUPR test all: 0.4917755306583035, AUROC test unknown: 0.7026284090126464, AUPR test unknown: 0.2931598175303725
2026-08-20 17:28:46,915 INFO Epoch: 178, loss: -0.1928187608718872, labeled_loss: 0.004322017077356577, unnlabeled_loss: 0.005297450814396143, mixup_loss: -1.9978950023651123, energy_loss: 0.0
2026-08-20 17:28:46,915 INFO Best AUROC test all: 0.75270231564933, AUPR test all: 0.4917755306583035, AUROC test unknown: 0.7026284090126464, AUPR test unknown: 0.2931598175303725
2026-08-20 17:28:49,062 INFO Epoch: 179, loss: -0.16676084697246552, labeled_loss: 0.0030966848134994507, unnlabeled_loss: 0.05987119674682617, mixup_loss: -1.9979312419891357, energy_loss: 0.0
2026-08-20 17:28:49,062 INFO Best AUROC test all: 0.75270231564933, AUPR test all: 0.4917755306583035, AUROC test unknown: 0.7026284090126464, AUPR test unknown: 0.2931598175303725
2026-08-20 17:28:51,245 INFO Epoch: 180, loss: -0.17003731429576874, labeled_loss: 0.003913710359483957, unnlabeled_loss: 0.05167853832244873, mixup_loss: -1.9979029893875122, energy_loss: 0.0
2026-08-20 17:28:51,246 INFO Best AUROC test all: 0.75270231564933, AUPR test all: 0.4917755306583035, AUROC test unknown: 0.7026284090126464, AUPR test unknown: 0.2931598175303725
2026-08-20 17:28:53,371 INFO Epoch: 181, loss: -0.1923796832561493, labeled_loss: 0.005026279482990503, unnlabeled_loss: 0.004756825976073742, mixup_loss: -1.997843623161316, energy_loss: 0.0
2026-08-20 17:28:53,371 INFO Best AUROC test all: 0.75270231564933, AUPR test all: 0.4917755306583035, AUROC test unknown: 0.7026284090126464, AUPR test unknown: 0.2931598175303725
2026-08-20 17:28:55,495 INFO Epoch: 182, loss: -0.19417721033096313, labeled_loss: 0.0030401735566556454, unnlabeled_loss: 0.005210300907492638, mixup_loss: -1.998225212097168, energy_loss: 0.0
2026-08-20 17:28:55,496 INFO Best AUROC test all: 0.75270231564933, AUPR test all: 0.4917755306583035, AUROC test unknown: 0.7026284090126464, AUPR test unknown: 0.2931598175303725
2026-08-20 17:28:57,660 INFO Epoch: 183, loss: -0.1910218745470047, labeled_loss: 0.00389949232339859, unnlabeled_loss: 0.009695039130747318, mixup_loss: -1.9976887702941895, energy_loss: 0.0
2026-08-20 17:28:57,660 INFO Best AUROC test all: 0.75270231564933, AUPR test all: 0.4917755306583035, AUROC test unknown: 0.7026284090126464, AUPR test unknown: 0.2931598175303725
2026-08-20 17:28:59,791 INFO Epoch: 184, loss: -0.1839616894721985, labeled_loss: 0.0030949129723012447, unnlabeled_loss: 0.02549522928893566, mixup_loss: -1.998042106628418, energy_loss: 0.0
2026-08-20 17:28:59,791 INFO Best AUROC test all: 0.75270231564933, AUPR test all: 0.4917755306583035, AUROC test unknown: 0.7026284090126464, AUPR test unknown: 0.2931598175303725
2026-08-20 17:29:01,920 INFO Epoch: 185, loss: -0.19256848096847534, labeled_loss: 0.003277172101661563, unnlabeled_loss: 0.007918079383671284, mixup_loss: -1.998046875, energy_loss: 0.0
2026-08-20 17:29:01,920 INFO Best AUROC test all: 0.75270231564933, AUPR test all: 0.4917755306583035, AUROC test unknown: 0.7026284090126464, AUPR test unknown: 0.2931598175303725
2026-08-20 17:29:04,024 INFO Epoch: 186, loss: -0.192308247089386, labeled_loss: 0.004769065883010626, unnlabeled_loss: 0.005475780926644802, mixup_loss: -1.9981520175933838, energy_loss: 0.0
2026-08-20 17:29:04,024 INFO Best AUROC test all: 0.75270231564933, AUPR test all: 0.4917755306583035, AUROC test unknown: 0.7026284090126464, AUPR test unknown: 0.2931598175303725
2026-08-20 17:29:06,159 INFO Epoch: 187, loss: -0.14796465635299683, labeled_loss: 0.003170427167788148, unnlabeled_loss: 0.09716308861970901, mixup_loss: -1.9971662759780884, energy_loss: 0.0
2026-08-20 17:29:06,160 INFO Best AUROC test all: 0.75270231564933, AUPR test all: 0.4917755306583035, AUROC test unknown: 0.7026284090126464, AUPR test unknown: 0.2931598175303725
2026-08-20 17:29:08,301 INFO Epoch: 188, loss: -0.14398221671581268, labeled_loss: 0.0019538477063179016, unnlabeled_loss: 0.10772441327571869, mixup_loss: -1.9979826211929321, energy_loss: 0.0
2026-08-20 17:29:08,302 INFO Best AUROC test all: 0.75270231564933, AUPR test all: 0.4917755306583035, AUROC test unknown: 0.7026284090126464, AUPR test unknown: 0.2931598175303725
2026-08-20 17:29:10,448 INFO Epoch: 189, loss: -0.189692422747612, labeled_loss: 0.003463858738541603, unnlabeled_loss: 0.013262733817100525, mixup_loss: -1.9978764057159424, energy_loss: 0.0
2026-08-20 17:29:10,448 INFO Best AUROC test all: 0.75270231564933, AUPR test all: 0.4917755306583035, AUROC test unknown: 0.7026284090126464, AUPR test unknown: 0.2931598175303725
2026-08-20 17:29:12,583 INFO Epoch: 190, loss: -0.18600261211395264, labeled_loss: 0.006361369509249926, unnlabeled_loss: 0.01487050112336874, mixup_loss: -1.9979922771453857, energy_loss: 0.0
2026-08-20 17:29:12,584 INFO Best AUROC test all: 0.75270231564933, AUPR test all: 0.4917755306583035, AUROC test unknown: 0.7026284090126464, AUPR test unknown: 0.2931598175303725
2026-08-20 17:29:14,737 INFO Epoch: 191, loss: -0.1377514898777008, labeled_loss: 0.002626399276778102, unnlabeled_loss: 0.11880534142255783, mixup_loss: -1.9978055953979492, energy_loss: 0.0
2026-08-20 17:29:14,737 INFO Best AUROC test all: 0.75270231564933, AUPR test all: 0.4917755306583035, AUROC test unknown: 0.7026284090126464, AUPR test unknown: 0.2931598175303725
2026-08-20 17:29:16,923 INFO Epoch: 192, loss: -0.14630433917045593, labeled_loss: 0.006531783379614353, unnlabeled_loss: 0.09397920966148376, mixup_loss: -1.9982572793960571, energy_loss: 0.0
2026-08-20 17:29:16,923 INFO Best AUROC test all: 0.75270231564933, AUPR test all: 0.4917755306583035, AUROC test unknown: 0.7026284090126464, AUPR test unknown: 0.2931598175303725
2026-08-20 17:29:19,058 INFO Epoch: 193, loss: -0.16170409321784973, labeled_loss: 0.0037801379803568125, unnlabeled_loss: 0.06862762570381165, mixup_loss: -1.9979804754257202, energy_loss: 0.0
2026-08-20 17:29:19,058 INFO Best AUROC test all: 0.7618827164458002, AUPR test all: 0.5039321720517782, AUROC test unknown: 0.7130132861043854, AUPR test unknown: 0.30942606971013176
2026-08-20 17:29:21,211 INFO Epoch: 194, loss: -0.13630494475364685, labeled_loss: 0.008352722972631454, unnlabeled_loss: 0.11036276072263718, mixup_loss: -1.9983903169631958, energy_loss: 0.0
2026-08-20 17:29:21,211 INFO Best AUROC test all: 0.7638017591771669, AUPR test all: 0.5039321720517782, AUROC test unknown: 0.7151968441784605, AUPR test unknown: 0.30942606971013176
2026-08-20 17:29:23,438 INFO Epoch: 195, loss: -0.1360546052455902, labeled_loss: 0.010624928399920464, unnlabeled_loss: 0.10619716346263885, mixup_loss: -1.9977812767028809, energy_loss: 0.0
2026-08-20 17:29:23,438 INFO Best AUROC test all: 0.7638017591771669, AUPR test all: 0.5039321720517782, AUROC test unknown: 0.7151968441784605, AUPR test unknown: 0.30942606971013176
2026-08-20 17:29:25,626 INFO Epoch: 196, loss: -0.13954375684261322, labeled_loss: 0.00543886749073863, unnlabeled_loss: 0.10971531271934509, mixup_loss: -1.998402714729309, energy_loss: 0.0
2026-08-20 17:29:25,626 INFO Best AUROC test all: 0.7638017591771669, AUPR test all: 0.5039321720517782, AUROC test unknown: 0.7151968441784605, AUPR test unknown: 0.30942606971013176
2026-08-20 17:29:27,829 INFO Epoch: 197, loss: -0.15525178611278534, labeled_loss: 0.004636912606656551, unnlabeled_loss: 0.07990043610334396, mixup_loss: -1.9983891248703003, energy_loss: 0.0
2026-08-20 17:29:27,829 INFO Best AUROC test all: 0.7638017591771669, AUPR test all: 0.5039321720517782, AUROC test unknown: 0.7151968441784605, AUPR test unknown: 0.30942606971013176
2026-08-20 17:29:29,935 INFO Epoch: 198, loss: -0.18646860122680664, labeled_loss: 0.006588614080101252, unnlabeled_loss: 0.013542565517127514, mixup_loss: -1.9982850551605225, energy_loss: 0.0
2026-08-20 17:29:29,935 INFO Best AUROC test all: 0.7638017591771669, AUPR test all: 0.5039321720517782, AUROC test unknown: 0.7151968441784605, AUPR test unknown: 0.30942606971013176
2026-08-20 17:29:32,103 INFO Epoch: 199, loss: -0.16949422657489777, labeled_loss: 0.009614396840333939, unnlabeled_loss: 0.041427548974752426, mixup_loss: -1.998223900794983, energy_loss: 0.0
2026-08-20 17:29:32,103 INFO Best AUROC test all: 0.7638017591771669, AUPR test all: 0.5039321720517782, AUROC test unknown: 0.7151968441784605, AUPR test unknown: 0.30942606971013176
