2026-09-11 11:10:29,457 INFO cli={'dataset': 'computers', 'method': 'demo', 'seed': 42, 'train_seed': None, 'epochs': None, 'set': ['lr=0.003', 'weight_decay=0.0001'], 'tag': 'DT_lr0.003_wd0.0001', 'save_scores': False, 'rotations': [0]}
2026-09-11 11:10:29,457 INFO config={'alpha_plus': 0.05, 'alpha_r': 0.1, 'atlas_gate_q': 0.9, 'batch_size': 512, 'hidden_dim': 64, 'lambda_halo': 0.2, 'lambda_mixup': 0.2, 'lambda_un': 1.0, 'lr': 0.003, 'margin': 0.1, 'n_layers': 2, 'optimiser': 'adam', 'sampling_sizes': [25, 10], 'tau_minus': 0.05, 'tau_mu': 0.05, 'tau_plus': 0.95, 'use_atlas_gate': True, 'use_conformal': True, 'use_pl': True, 'version': 4, 'weight_decay': 0.0001, 'loss': 'bce', 'num_epochs': 200, 'ebd_dim': 64, 'drop_out': 0.5, 'gamma': 0.1, 'damping': 0.001, 'p_cutoff': [0.05, 0.95], 'unlabeled_loss': 0.5, 'mixup_loss': 0.1, 'energy_loss_weight': 0.1, 'used_unlabeled_data': True, 'energy_loss': True, 'mixup': True, 'thresh_warmup': True, 'used_augment_for_anormaly': True, 'batch_size_for_anormaly': 20, 'sample_size_for_anormaly': 25, 'div_loss_alpha': 0.5, 'mixup_loss_type': 'consistency', 'device': 0, 'input_dim': 767}
2026-09-11 11:12:16,271 INFO Epoch: 0, loss: 0.6112077236175537, labeled_loss: 0.7044139504432678, unnlabeled_loss: 0.0, mixup_loss: -0.9334471225738525, energy_loss: 0.0013845923822373152
2026-09-11 11:12:16,271 INFO Best AUROC test all: 0.44802392107372263, AUPR test all: 0.13677496349505275, AUROC test unknown: 0.40743802821751496, AUPR test unknown: 0.10670156998166808
2026-09-11 11:13:49,527 INFO Epoch: 1, loss: 0.25702571868896484, labeled_loss: 0.40290042757987976, unnlabeled_loss: 0.0, mixup_loss: -1.3966413736343384, energy_loss: -0.062105704098939896
2026-09-11 11:13:49,530 INFO Best AUROC test all: 0.449727805149606, AUPR test all: 0.13722475998609554, AUROC test unknown: 0.4092923517636841, AUPR test unknown: 0.10716564946940238
2026-09-11 11:15:23,700 INFO Epoch: 2, loss: 0.11211743950843811, labeled_loss: 0.2694501578807831, unnlabeled_loss: 0.0, mixup_loss: -1.6756045818328857, energy_loss: 0.10227730870246887
2026-09-11 11:15:23,707 INFO Best AUROC test all: 0.4565945795339784, AUPR test all: 0.13938992975411366, AUROC test unknown: 0.41511465154302796, AUPR test unknown: 0.10839784982953549
2026-09-11 11:17:00,159 INFO Epoch: 3, loss: 0.1753596067428589, labeled_loss: 0.34986960887908936, unnlabeled_loss: 0.0, mixup_loss: -1.840319037437439, energy_loss: 0.09521888941526413
2026-09-11 11:17:00,159 INFO Best AUROC test all: 0.4565945795339784, AUPR test all: 0.13938992975411366, AUROC test unknown: 0.41511465154302796, AUPR test unknown: 0.10839784982953549
2026-09-11 11:18:35,153 INFO Epoch: 4, loss: 0.11847172677516937, labeled_loss: 0.32519954442977905, unnlabeled_loss: 0.0, mixup_loss: -1.9233921766281128, energy_loss: -0.14388586580753326
2026-09-11 11:18:35,154 INFO Best AUROC test all: 0.4565945795339784, AUPR test all: 0.13982596214851123, AUROC test unknown: 0.41511465154302796, AUPR test unknown: 0.10839784982953549
2026-09-11 11:20:12,454 INFO Epoch: 5, loss: 0.08333779871463776, labeled_loss: 0.2746962010860443, unnlabeled_loss: 0.0, mixup_loss: -1.9423718452453613, energy_loss: 0.028787802904844284
2026-09-11 11:20:12,455 INFO Best AUROC test all: 0.4584827280420283, AUPR test all: 0.14052192448986534, AUROC test unknown: 0.41511465154302796, AUPR test unknown: 0.10839784982953549
2026-09-11 11:21:48,726 INFO Epoch: 6, loss: 0.09286320209503174, labeled_loss: 0.2828200161457062, unnlabeled_loss: 0.02906867489218712, mixup_loss: -1.9431942701339722, energy_loss: -0.1017172560095787
2026-09-11 11:21:48,728 INFO Best AUROC test all: 0.4584827280420283, AUPR test all: 0.14052192448986534, AUROC test unknown: 0.41511465154302796, AUPR test unknown: 0.10839784982953549
2026-09-11 11:23:22,744 INFO Epoch: 7, loss: 0.0820724368095398, labeled_loss: 0.2857893407344818, unnlabeled_loss: 0.0030814576894044876, mixup_loss: -1.9377410411834717, energy_loss: -0.11483507603406906
2026-09-11 11:23:22,746 INFO Best AUROC test all: 0.4584827280420283, AUPR test all: 0.14072794081074722, AUROC test unknown: 0.41511465154302796, AUPR test unknown: 0.10839784982953549
2026-09-11 11:24:58,529 INFO Epoch: 8, loss: 0.07286880910396576, labeled_loss: 0.26231256127357483, unnlabeled_loss: 0.018300736322999, mixup_loss: -1.939422845840454, energy_loss: -0.04651803895831108
2026-09-11 11:24:58,532 INFO Best AUROC test all: 0.4596999420922532, AUPR test all: 0.14125160565264697, AUROC test unknown: 0.41511465154302796, AUPR test unknown: 0.10839784982953549
2026-09-11 11:26:33,523 INFO Epoch: 9, loss: 0.10418689250946045, labeled_loss: 0.2763976752758026, unnlabeled_loss: 0.029914377257227898, mixup_loss: -1.9402130842208862, energy_loss: 0.06853337585926056
2026-09-11 11:26:33,524 INFO Best AUROC test all: 0.46752090532046686, AUPR test all: 0.14397162488833173, AUROC test unknown: 0.42099469803556083, AUPR test unknown: 0.10945236365567942
2026-09-11 11:28:07,483 INFO Epoch: 10, loss: 0.09163114428520203, labeled_loss: 0.2849051356315613, unnlabeled_loss: 0.02514759451150894, mixup_loss: -1.9456722736358643, energy_loss: -0.11280566453933716
2026-09-11 11:28:07,484 INFO Best AUROC test all: 0.4696901063990629, AUPR test all: 0.14548441246838276, AUROC test unknown: 0.42099469803556083, AUPR test unknown: 0.10945236365567942
2026-09-11 11:29:41,420 INFO Epoch: 11, loss: 0.10652680695056915, labeled_loss: 0.2749377489089966, unnlabeled_loss: 0.024228941649198532, mixup_loss: -1.9496392011642456, energy_loss: 0.14438502490520477
2026-09-11 11:29:41,425 INFO Best AUROC test all: 0.47567383810197633, AUPR test all: 0.14799724037942136, AUROC test unknown: 0.42326233264074553, AUPR test unknown: 0.10976673726950273
2026-09-11 11:31:15,986 INFO Epoch: 12, loss: 0.09232582151889801, labeled_loss: 0.26122012734413147, unnlabeled_loss: 0.028286481276154518, mixup_loss: -1.9530774354934692, energy_loss: 0.12270219624042511
2026-09-11 11:31:15,988 INFO Best AUROC test all: 0.4898505481052644, AUPR test all: 0.15360648247972106, AUROC test unknown: 0.4359483855069949, AUPR test unknown: 0.11266240730656182
2026-09-11 11:32:53,057 INFO Epoch: 13, loss: 0.07549174129962921, labeled_loss: 0.2524069845676422, unnlabeled_loss: 0.023744098842144012, mixup_loss: -1.959919810295105, energy_loss: 0.07204687595367432
2026-09-11 11:32:53,063 INFO Best AUROC test all: 0.4925617627587867, AUPR test all: 0.1547035173952983, AUROC test unknown: 0.4368774199953668, AUPR test unknown: 0.11266240730656182
2026-09-11 11:34:27,623 INFO Epoch: 14, loss: 0.06959155201911926, labeled_loss: 0.25458499789237976, unnlabeled_loss: 0.015331280417740345, mixup_loss: -1.9614458084106445, energy_loss: 0.03485514968633652
2026-09-11 11:34:27,626 INFO Best AUROC test all: 0.49834352376346047, AUPR test all: 0.15846211884157851, AUROC test unknown: 0.4416191071519612, AUPR test unknown: 0.11431347529435086
2026-09-11 11:35:59,893 INFO Epoch: 15, loss: 0.06628625094890594, labeled_loss: 0.25153660774230957, unnlabeled_loss: 0.011345907114446163, mixup_loss: -1.965886116027832, energy_loss: 0.05665291100740433
2026-09-11 11:35:59,895 INFO Best AUROC test all: 0.5033391907740996, AUPR test all: 0.1613574048340713, AUROC test unknown: 0.4462459717055639, AUPR test unknown: 0.11571198568822655
2026-09-11 11:37:33,446 INFO Epoch: 16, loss: 0.05300720036029816, labeled_loss: 0.2474680095911026, unnlabeled_loss: 0.015343778766691685, mixup_loss: -1.9717161655426025, energy_loss: -0.04961077496409416
2026-09-11 11:37:33,448 INFO Best AUROC test all: 0.5076332813949528, AUPR test all: 0.16253997620405647, AUROC test unknown: 0.44947914477173667, AUPR test unknown: 0.11571198568822655
2026-09-11 11:39:04,717 INFO Epoch: 17, loss: 0.06334620714187622, labeled_loss: 0.24298043549060822, unnlabeled_loss: 0.021808793768286705, mixup_loss: -1.975877285003662, energy_loss: 0.07049106806516647
2026-09-11 11:39:04,718 INFO Best AUROC test all: 0.5078533941352443, AUPR test all: 0.16448313244297003, AUROC test unknown: 0.44947914477173667, AUPR test unknown: 0.11593817310407288
2026-09-11 11:40:40,594 INFO Epoch: 18, loss: 0.07288627326488495, labeled_loss: 0.24202358722686768, unnlabeled_loss: 0.031177060678601265, mixup_loss: -1.9792224168777466, energy_loss: 0.13196402788162231
2026-09-11 11:40:40,600 INFO Best AUROC test all: 0.5101167457607713, AUPR test all: 0.165323144666971, AUROC test unknown: 0.45061652582356987, AUPR test unknown: 0.11626179007680454
2026-09-11 11:42:13,119 INFO Epoch: 19, loss: 0.06482498347759247, labeled_loss: 0.24798540771007538, unnlabeled_loss: 0.027048246935009956, mixup_loss: -1.9821444749832153, energy_loss: 0.015299111604690552
2026-09-11 11:42:13,123 INFO Best AUROC test all: 0.5174611994242986, AUPR test all: 0.16979405917928075, AUROC test unknown: 0.4570223301452825, AUPR test unknown: 0.11802734745988461
2026-09-11 11:43:46,431 INFO Epoch: 20, loss: 0.07582563161849976, labeled_loss: 0.24837465584278107, unnlabeled_loss: 0.02579883299767971, mixup_loss: -1.983325481414795, energy_loss: 0.128840833902359
2026-09-11 11:43:46,433 INFO Best AUROC test all: 0.5263570843779725, AUPR test all: 0.17462325980387786, AUROC test unknown: 0.46406564029197805, AUPR test unknown: 0.11954888159267535
2026-09-11 11:45:22,703 INFO Epoch: 21, loss: 0.061746880412101746, labeled_loss: 0.22742605209350586, unnlabeled_loss: 0.03034830465912819, mixup_loss: -1.9867788553237915, energy_loss: 0.17824552953243256
2026-09-11 11:45:22,704 INFO Best AUROC test all: 0.5359829170311895, AUPR test all: 0.179849454937285, AUROC test unknown: 0.47351882755277364, AUPR test unknown: 0.1213933130176787
2026-09-11 11:47:00,139 INFO Epoch: 22, loss: 0.052516743540763855, labeled_loss: 0.2250927984714508, unnlabeled_loss: 0.029389960691332817, mixup_loss: -1.98887300491333, energy_loss: 0.11616278439760208
2026-09-11 11:47:00,144 INFO Best AUROC test all: 0.5452939130077387, AUPR test all: 0.18487444446987472, AUROC test unknown: 0.48197324264397434, AUPR test unknown: 0.12352409494353093
2026-09-11 11:48:35,120 INFO Epoch: 23, loss: 0.05140507221221924, labeled_loss: 0.22133506834506989, unnlabeled_loss: 0.026682669296860695, mixup_loss: -1.989768385887146, energy_loss: 0.1570553034543991
2026-09-11 11:48:35,121 INFO Best AUROC test all: 0.5486796859403806, AUPR test all: 0.19058979332894865, AUROC test unknown: 0.48382904759178874, AUPR test unknown: 0.12487847866180464
2026-09-11 11:50:11,199 INFO Epoch: 24, loss: 0.0415499210357666, labeled_loss: 0.21748605370521545, unnlabeled_loss: 0.028410371392965317, mixup_loss: -1.9907536506652832, energy_loss: 0.08934052288532257
2026-09-11 11:50:11,204 INFO Best AUROC test all: 0.5525828625729535, AUPR test all: 0.1925982421293026, AUROC test unknown: 0.48717746252556954, AUPR test unknown: 0.12547944094252272
2026-09-11 11:51:48,064 INFO Epoch: 25, loss: 0.039332181215286255, labeled_loss: 0.21245577931404114, unnlabeled_loss: 0.028437240049242973, mixup_loss: -1.9916660785675049, energy_loss: 0.11824406683444977
2026-09-11 11:51:48,068 INFO Best AUROC test all: 0.5525828625729535, AUPR test all: 0.19310905403345102, AUROC test unknown: 0.48772907500610446, AUPR test unknown: 0.12547944094252272
2026-09-11 11:53:22,939 INFO Epoch: 26, loss: 0.04494279623031616, labeled_loss: 0.2140200138092041, unnlabeled_loss: 0.02884974330663681, mixup_loss: -1.9922635555267334, energy_loss: 0.1572427749633789
2026-09-11 11:53:22,940 INFO Best AUROC test all: 0.5525828625729535, AUPR test all: 0.19312807055431627, AUROC test unknown: 0.48772907500610446, AUPR test unknown: 0.12547944094252272
2026-09-11 11:54:56,273 INFO Epoch: 27, loss: 0.04032889008522034, labeled_loss: 0.20933693647384644, unnlabeled_loss: 0.02748582884669304, mixup_loss: -1.993533968925476, energy_loss: 0.16602443158626556
2026-09-11 11:54:56,273 INFO Best AUROC test all: 0.5622015393258921, AUPR test all: 0.2011364392230522, AUROC test unknown: 0.4957798221244708, AUPR test unknown: 0.12795110224367165
2026-09-11 11:56:33,672 INFO Epoch: 28, loss: 0.03574347496032715, labeled_loss: 0.20437534153461456, unnlabeled_loss: 0.02747790329158306, mixup_loss: -1.9941558837890625, energy_loss: 0.17044778168201447
2026-09-11 11:56:33,672 INFO Best AUROC test all: 0.5717891613064692, AUPR test all: 0.21086010504755182, AUROC test unknown: 0.5064461934797755, AUPR test unknown: 0.1308607696231479
2026-09-11 11:58:06,796 INFO Epoch: 29, loss: 0.024955570697784424, labeled_loss: 0.19755591452121735, unnlabeled_loss: 0.025274548679590225, mixup_loss: -1.994842529296875, energy_loss: 0.1424664556980133
2026-09-11 11:58:06,797 INFO Best AUROC test all: 0.5772575305758775, AUPR test all: 0.22251252054031315, AUROC test unknown: 0.5102892568081866, AUPR test unknown: 0.1318328789541173
2026-09-11 11:59:40,875 INFO Epoch: 30, loss: 0.023157447576522827, labeled_loss: 0.1939670443534851, unnlabeled_loss: 0.029464781284332275, mixup_loss: -1.9958621263504028, energy_loss: 0.14044232666492462
2026-09-11 11:59:40,876 INFO Best AUROC test all: 0.5772575305758775, AUPR test all: 0.2285428207829674, AUROC test unknown: 0.5102892568081866, AUPR test unknown: 0.13241188407632246
2026-09-11 12:01:16,664 INFO Epoch: 31, loss: 0.011712759733200073, labeled_loss: 0.18792106211185455, unnlabeled_loss: 0.027440834790468216, mixup_loss: -1.9960172176361084, energy_loss: 0.09672992676496506
2026-09-11 12:01:16,665 INFO Best AUROC test all: 0.5778716536074544, AUPR test all: 0.22942914915428753, AUROC test unknown: 0.5103406306992038, AUPR test unknown: 0.13241188407632246
2026-09-11 12:02:49,057 INFO Epoch: 32, loss: 0.02015499770641327, labeled_loss: 0.18997223675251007, unnlabeled_loss: 0.025571409612894058, mixup_loss: -1.9965729713439941, energy_loss: 0.17054365575313568
2026-09-11 12:02:49,059 INFO Best AUROC test all: 0.5828820681946287, AUPR test all: 0.23873699231783746, AUROC test unknown: 0.5154216706364504, AUPR test unknown: 0.13419778475174676
2026-09-11 12:04:22,645 INFO Epoch: 33, loss: 0.013210862874984741, labeled_loss: 0.1810000240802765, unnlabeled_loss: 0.021353308111429214, mixup_loss: -1.996463656425476, energy_loss: 0.2118055522441864
2026-09-11 12:04:22,646 INFO Best AUROC test all: 0.5907362192039409, AUPR test all: 0.25844667085185014, AUROC test unknown: 0.5227324157065694, AUPR test unknown: 0.1371983326820655
2026-09-11 12:05:58,503 INFO Epoch: 34, loss: 0.016661912202835083, labeled_loss: 0.18450550734996796, unnlabeled_loss: 0.022762920707464218, mixup_loss: -1.9964021444320679, energy_loss: 0.20415160059928894
2026-09-11 12:05:58,507 INFO Best AUROC test all: 0.5980594345224115, AUPR test all: 0.2722264097513181, AUROC test unknown: 0.5314298365695345, AUPR test unknown: 0.14001298089266745
2026-09-11 12:07:34,082 INFO Epoch: 35, loss: -0.0026537179946899414, labeled_loss: 0.1714256852865219, unnlabeled_loss: 0.027900734916329384, mixup_loss: -1.9967402219772339, energy_loss: 0.11644265800714493
2026-09-11 12:07:34,083 INFO Best AUROC test all: 0.6062090416451378, AUPR test all: 0.28479001028347817, AUROC test unknown: 0.5395289109227042, AUPR test unknown: 0.14295681352840187
2026-09-11 12:09:10,032 INFO Epoch: 36, loss: 0.00473959743976593, labeled_loss: 0.1718769073486328, unnlabeled_loss: 0.02793026901781559, mixup_loss: -1.9965407848358154, energy_loss: 0.18551647663116455
2026-09-11 12:09:10,032 INFO Best AUROC test all: 0.6067680504832251, AUPR test all: 0.2867755036017403, AUROC test unknown: 0.5396850730168895, AUPR test unknown: 0.1444707397712
2026-09-11 12:10:43,447 INFO Epoch: 37, loss: 0.0029295533895492554, labeled_loss: 0.17142818868160248, unnlabeled_loss: 0.02110348269343376, mixup_loss: -1.9963433742523193, energy_loss: 0.20583979785442352
2026-09-11 12:10:43,447 INFO Best AUROC test all: 0.6099412335450991, AUPR test all: 0.2867755036017403, AUROC test unknown: 0.542848172990146, AUPR test unknown: 0.1444707397712
2026-09-11 12:12:18,654 INFO Epoch: 38, loss: -0.007956430315971375, labeled_loss: 0.1593303233385086, unnlabeled_loss: 0.022304613143205643, mixup_loss: -1.9967641830444336, energy_loss: 0.21237356960773468
2026-09-11 12:12:18,654 INFO Best AUROC test all: 0.6181189826218044, AUPR test all: 0.29745367403080303, AUROC test unknown: 0.5518372343203977, AUPR test unknown: 0.14806695278994456
2026-09-11 12:13:55,748 INFO Epoch: 39, loss: -0.009732767939567566, labeled_loss: 0.1583908498287201, unnlabeled_loss: 0.02226649597287178, mixup_loss: -1.9970296621322632, energy_loss: 0.20446084439754486
2026-09-11 12:13:55,751 INFO Best AUROC test all: 0.6218066795008044, AUPR test all: 0.3035943180067654, AUROC test unknown: 0.5545000118512131, AUPR test unknown: 0.14934832941914955
2026-09-11 12:15:27,779 INFO Epoch: 40, loss: -0.01574808359146118, labeled_loss: 0.15219531953334808, unnlabeled_loss: 0.020920617505908012, mixup_loss: -1.9968544244766235, energy_loss: 0.21281732618808746
2026-09-11 12:15:27,779 INFO Best AUROC test all: 0.6271653020303675, AUPR test all: 0.3110626662276801, AUROC test unknown: 0.561114805608799, AUPR test unknown: 0.1534073112058364
2026-09-11 12:17:03,423 INFO Epoch: 41, loss: -0.015487045049667358, labeled_loss: 0.1523071825504303, unnlabeled_loss: 0.022514687851071358, mixup_loss: -1.9964994192123413, energy_loss: 0.2059836983680725
2026-09-11 12:17:03,424 INFO Best AUROC test all: 0.6303825214016463, AUPR test all: 0.3142589055949421, AUROC test unknown: 0.5644474561929969, AUPR test unknown: 0.15519840133631324
2026-09-11 12:18:37,445 INFO Epoch: 42, loss: -0.017596453428268433, labeled_loss: 0.14855287969112396, unnlabeled_loss: 0.02528904564678669, mixup_loss: -1.9963887929916382, energy_loss: 0.2084503024816513
2026-09-11 12:18:37,446 INFO Best AUROC test all: 0.6379776609306927, AUPR test all: 0.3244325015141216, AUROC test unknown: 0.5728215401836625, AUPR test unknown: 0.1598479819203904
2026-09-11 12:20:11,687 INFO Epoch: 43, loss: -0.028723537921905518, labeled_loss: 0.13776516914367676, unnlabeled_loss: 0.022480282932519913, mixup_loss: -1.9967246055603027, energy_loss: 0.21943607926368713
2026-09-11 12:20:11,687 INFO Best AUROC test all: 0.6461030022120906, AUPR test all: 0.3360375909558949, AUROC test unknown: 0.5817216335622779, AUPR test unknown: 0.1635688737503253
2026-09-11 12:21:34,723 INFO Epoch: 44, loss: -0.03881794214248657, labeled_loss: 0.12802748382091522, unnlabeled_loss: 0.021616458892822266, mixup_loss: -1.9962091445922852, energy_loss: 0.21967260539531708
2026-09-11 12:21:34,723 INFO Best AUROC test all: 0.6514707989727797, AUPR test all: 0.34452094426476776, AUROC test unknown: 0.587072288598954, AUPR test unknown: 0.16735823245820097
2026-09-11 12:23:05,774 INFO Epoch: 45, loss: -0.04511962831020355, labeled_loss: 0.1240956038236618, unnlabeled_loss: 0.0169722530990839, mixup_loss: -1.9964008331298828, energy_loss: 0.2193872630596161
2026-09-11 12:23:05,774 INFO Best AUROC test all: 0.6609673896450086, AUPR test all: 0.35871407488119217, AUROC test unknown: 0.5975922247991777, AUPR test unknown: 0.17397646493640775
2026-09-11 12:24:40,828 INFO Epoch: 46, loss: -0.05495254695415497, labeled_loss: 0.11079488694667816, unnlabeled_loss: 0.02158903330564499, mixup_loss: -1.9967573881149292, energy_loss: 0.2313377857208252
2026-09-11 12:24:40,829 INFO Best AUROC test all: 0.6699206594143756, AUPR test all: 0.37327355279414975, AUROC test unknown: 0.6072112731422888, AUPR test unknown: 0.18098694368122858
2026-09-11 12:26:14,396 INFO Epoch: 47, loss: -0.06902718544006348, labeled_loss: 0.09859614819288254, unnlabeled_loss: 0.016040682792663574, mixup_loss: -1.9963183403015137, energy_loss: 0.23988160490989685
2026-09-11 12:26:14,396 INFO Best AUROC test all: 0.6789434927912561, AUPR test all: 0.3835889156638127, AUROC test unknown: 0.6172405579372271, AUPR test unknown: 0.1876017802149511
2026-09-11 12:27:48,923 INFO Epoch: 48, loss: -0.06633061170578003, labeled_loss: 0.0993562564253807, unnlabeled_loss: 0.017614800482988358, mixup_loss: -1.9967883825302124, energy_loss: 0.25184565782546997
2026-09-11 12:27:48,923 INFO Best AUROC test all: 0.6879578400043449, AUPR test all: 0.3940983630568977, AUROC test unknown: 0.6278482601971862, AUPR test unknown: 0.19600537164060777
2026-09-11 12:29:24,634 INFO Epoch: 49, loss: -0.06959278881549835, labeled_loss: 0.09327706694602966, unnlabeled_loss: 0.011041267774999142, mixup_loss: -1.9969040155410767, energy_loss: 0.3129992187023163
2026-09-11 12:29:24,635 INFO Best AUROC test all: 0.7067709082562208, AUPR test all: 0.41920098220266505, AUROC test unknown: 0.6493047698226074, AUPR test unknown: 0.21382924538717588
2026-09-11 12:31:00,853 INFO Epoch: 50, loss: -0.0729379653930664, labeled_loss: 0.09027033299207687, unnlabeled_loss: 0.019411858171224594, mixup_loss: -1.997254490852356, energy_loss: 0.2681121528148651
2026-09-11 12:31:00,854 INFO Best AUROC test all: 0.7067709082562208, AUPR test all: 0.41920098220266505, AUROC test unknown: 0.6493047698226074, AUPR test unknown: 0.21382924538717588
2026-09-11 12:32:33,588 INFO Epoch: 51, loss: -0.08562549203634262, labeled_loss: 0.07228031009435654, unnlabeled_loss: 0.00419458607211709, mixup_loss: -1.9970488548278809, energy_loss: 0.3970178961753845
2026-09-11 12:32:33,589 INFO Best AUROC test all: 0.7197589360680859, AUPR test all: 0.44044294315139376, AUROC test unknown: 0.6643264061129004, AUPR test unknown: 0.23774725020935455
2026-09-11 12:34:10,082 INFO Epoch: 52, loss: -0.0865233987569809, labeled_loss: 0.07565421611070633, unnlabeled_loss: 0.013508670032024384, mixup_loss: -1.99729585647583, energy_loss: 0.3079763650894165
2026-09-11 12:34:10,083 INFO Best AUROC test all: 0.7393762403560482, AUPR test all: 0.46662881862678407, AUROC test unknown: 0.6869186197316886, AUPR test unknown: 0.26239850250682595
2026-09-11 12:35:45,457 INFO Epoch: 53, loss: -0.08494345098733902, labeled_loss: 0.0782451257109642, unnlabeled_loss: 0.022749632596969604, mixup_loss: -1.9968928098678589, energy_loss: 0.251258909702301
2026-09-11 12:35:45,458 INFO Best AUROC test all: 0.7393762403560482, AUPR test all: 0.46662881862678407, AUROC test unknown: 0.6869186197316886, AUPR test unknown: 0.26239850250682595
2026-09-11 12:37:18,140 INFO Epoch: 54, loss: -0.06088535487651825, labeled_loss: 0.08542560786008835, unnlabeled_loss: 0.0022517323959618807, mixup_loss: -1.9973989725112915, energy_loss: 0.523030698299408
2026-09-11 12:37:18,141 INFO Best AUROC test all: 0.7393762403560482, AUPR test all: 0.46662881862678407, AUROC test unknown: 0.6869186197316886, AUPR test unknown: 0.26239850250682595
2026-09-11 12:38:54,293 INFO Epoch: 55, loss: -0.09778717905282974, labeled_loss: 0.05752059444785118, unnlabeled_loss: 0.003907581325620413, mixup_loss: -1.9980460405349731, energy_loss: 0.42543044686317444
2026-09-11 12:38:54,293 INFO Best AUROC test all: 0.7707196569644891, AUPR test all: 0.5104584007343889, AUROC test unknown: 0.7241752282364768, AUPR test unknown: 0.3243922629013088
2026-09-11 12:40:28,646 INFO Epoch: 56, loss: -0.0825279951095581, labeled_loss: 0.0775446966290474, unnlabeled_loss: 0.030182093381881714, mixup_loss: -1.9976933002471924, energy_loss: 0.24605590105056763
2026-09-11 12:40:28,647 INFO Best AUROC test all: 0.7707196569644891, AUPR test all: 0.5104584007343889, AUROC test unknown: 0.7241752282364768, AUPR test unknown: 0.3243922629013088
2026-09-11 12:42:01,876 INFO Epoch: 57, loss: -0.10229625552892685, labeled_loss: 0.05454652011394501, unnlabeled_loss: 0.007774364668875933, mixup_loss: -1.9972659349441528, energy_loss: 0.38996633887290955
2026-09-11 12:42:01,876 INFO Best AUROC test all: 0.7707196569644891, AUPR test all: 0.5104584007343889, AUROC test unknown: 0.7241752282364768, AUPR test unknown: 0.3243922629013088
2026-09-11 12:43:37,169 INFO Epoch: 58, loss: -0.08466358482837677, labeled_loss: 0.06545231491327286, unnlabeled_loss: 0.002602852415293455, mixup_loss: -1.9976778030395508, energy_loss: 0.48350459337234497
2026-09-11 12:43:37,169 INFO Best AUROC test all: 0.7707196569644891, AUPR test all: 0.5104584007343889, AUROC test unknown: 0.7241752282364768, AUPR test unknown: 0.3243922629013088
2026-09-11 12:45:12,193 INFO Epoch: 59, loss: -0.11193665117025375, labeled_loss: 0.04653983563184738, unnlabeled_loss: 0.011818385683000088, mixup_loss: -1.9980639219284058, energy_loss: 0.3542071580886841
2026-09-11 12:45:12,194 INFO Best AUROC test all: 0.7814784612906162, AUPR test all: 0.543036937111652, AUROC test unknown: 0.736364256875269, AUPR test unknown: 0.36963605073980726
2026-09-11 12:46:43,895 INFO Epoch: 60, loss: -0.054666683077812195, labeled_loss: 0.09696664661169052, unnlabeled_loss: 0.05114055052399635, mixup_loss: -1.9982608556747437, energy_loss: 0.22622480988502502
2026-09-11 12:46:43,895 INFO Best AUROC test all: 0.7814784612906162, AUPR test all: 0.543036937111652, AUROC test unknown: 0.736364256875269, AUPR test unknown: 0.36963605073980726
2026-09-11 12:48:18,049 INFO Epoch: 61, loss: -0.07065238058567047, labeled_loss: 0.07805629074573517, unnlabeled_loss: 0.0017871641321107745, mixup_loss: -1.9979065656661987, energy_loss: 0.5018841028213501
2026-09-11 12:48:18,052 INFO Best AUROC test all: 0.7814784612906162, AUPR test all: 0.543036937111652, AUROC test unknown: 0.736364256875269, AUPR test unknown: 0.36963605073980726
2026-09-11 12:49:51,943 INFO Epoch: 62, loss: -0.022831350564956665, labeled_loss: 0.11163173615932465, unnlabeled_loss: 0.0009380617411807179, mixup_loss: -1.9979723691940308, energy_loss: 0.6486511826515198
2026-09-11 12:49:51,947 INFO Best AUROC test all: 0.7814784612906162, AUPR test all: 0.543036937111652, AUROC test unknown: 0.736364256875269, AUPR test unknown: 0.36963605073980726
2026-09-11 12:51:27,510 INFO Epoch: 63, loss: -0.09899259358644485, labeled_loss: 0.047077275812625885, unnlabeled_loss: 0.00259094568900764, mixup_loss: -1.9974819421768188, energy_loss: 0.5238286256790161
2026-09-11 12:51:27,515 INFO Best AUROC test all: 0.7814784612906162, AUPR test all: 0.543036937111652, AUROC test unknown: 0.736364256875269, AUPR test unknown: 0.36963605073980726
2026-09-11 12:53:05,535 INFO Epoch: 64, loss: -0.11309957504272461, labeled_loss: 0.05199117213487625, unnlabeled_loss: 0.02198592945933342, mixup_loss: -1.9977338314056396, energy_loss: 0.23689669370651245
2026-09-11 12:53:05,539 INFO Best AUROC test all: 0.7970668331728454, AUPR test all: 0.5688932114121353, AUROC test unknown: 0.7555498336805218, AUPR test unknown: 0.4085669505553142
2026-09-11 12:54:40,811 INFO Epoch: 65, loss: -0.04703395068645477, labeled_loss: 0.12950608134269714, unnlabeled_loss: 0.05012737587094307, mixup_loss: -1.997856616973877, energy_loss: -0.018180545419454575
2026-09-11 12:54:40,815 INFO Best AUROC test all: 0.7970668331728454, AUPR test all: 0.5688932114121353, AUROC test unknown: 0.7555498336805218, AUPR test unknown: 0.4085669505553142
2026-09-11 12:56:15,149 INFO Epoch: 66, loss: -0.11099325865507126, labeled_loss: 0.04729591682553291, unnlabeled_loss: 0.004979381803423166, mixup_loss: -1.998406171798706, energy_loss: 0.3906174898147583
2026-09-11 12:56:15,149 INFO Best AUROC test all: 0.7970668331728454, AUPR test all: 0.5688932114121353, AUROC test unknown: 0.7555498336805218, AUPR test unknown: 0.4085669505553142
2026-09-11 12:57:51,682 INFO Epoch: 67, loss: -0.055569350719451904, labeled_loss: 0.08495469391345978, unnlabeled_loss: 0.0013148677535355091, mixup_loss: -1.9975863695144653, energy_loss: 0.5857715010643005
2026-09-11 12:57:51,683 INFO Best AUROC test all: 0.7970668331728454, AUPR test all: 0.5688932114121353, AUROC test unknown: 0.7555498336805218, AUPR test unknown: 0.4085669505553142
2026-09-11 12:59:28,113 INFO Epoch: 68, loss: -0.044299423694610596, labeled_loss: 0.09551988542079926, unnlabeled_loss: 0.000987526378594339, mixup_loss: -1.9981375932693481, energy_loss: 0.5950069427490234
2026-09-11 12:59:28,114 INFO Best AUROC test all: 0.7970668331728454, AUPR test all: 0.5688932114121353, AUROC test unknown: 0.7555498336805218, AUPR test unknown: 0.4085669505553142
2026-09-11 13:01:05,006 INFO Epoch: 69, loss: -0.09284482896327972, labeled_loss: 0.05918961390852928, unnlabeled_loss: 0.003403372596949339, mixup_loss: -1.9981911182403564, energy_loss: 0.46082988381385803
2026-09-11 13:01:05,007 INFO Best AUROC test all: 0.7970668331728454, AUPR test all: 0.5688932114121353, AUROC test unknown: 0.7555498336805218, AUPR test unknown: 0.4085669505553142
2026-09-11 13:02:42,008 INFO Epoch: 70, loss: -0.11424650251865387, labeled_loss: 0.04796653240919113, unnlabeled_loss: 0.014339959248900414, mixup_loss: -1.9981094598770142, energy_loss: 0.3042794167995453
2026-09-11 13:02:42,011 INFO Best AUROC test all: 0.7970668331728454, AUPR test all: 0.5688932114121353, AUROC test unknown: 0.7555498336805218, AUPR test unknown: 0.4085669505553142
2026-09-11 13:04:14,176 INFO Epoch: 71, loss: -0.07190139591693878, labeled_loss: 0.10200634598731995, unnlabeled_loss: 0.05176715552806854, mixup_loss: -1.9983209371566772, energy_loss: 0.00040772868669591844
2026-09-11 13:04:14,176 INFO Best AUROC test all: 0.7970668331728454, AUPR test all: 0.5688932114121353, AUROC test unknown: 0.7555498336805218, AUPR test unknown: 0.4085669505553142
2026-09-11 13:05:48,706 INFO Epoch: 72, loss: -0.11825045198202133, labeled_loss: 0.04443712905049324, unnlabeled_loss: 0.015122129581868649, mixup_loss: -1.9985429048538208, energy_loss: 0.29605650901794434
2026-09-11 13:05:48,706 INFO Best AUROC test all: 0.7970668331728454, AUPR test all: 0.5688932114121353, AUROC test unknown: 0.7555498336805218, AUPR test unknown: 0.4085669505553142
2026-09-11 13:07:23,846 INFO Epoch: 73, loss: -0.1099623516201973, labeled_loss: 0.04523659497499466, unnlabeled_loss: 0.004160517826676369, mixup_loss: -1.998002052307129, energy_loss: 0.42520999908447266
2026-09-11 13:07:23,847 INFO Best AUROC test all: 0.7970668331728454, AUPR test all: 0.5688932114121353, AUROC test unknown: 0.7555498336805218, AUPR test unknown: 0.4085669505553142
2026-09-11 13:08:59,429 INFO Epoch: 74, loss: -0.08713950961828232, labeled_loss: 0.07638120651245117, unnlabeled_loss: 0.0016221849946305156, mixup_loss: -1.9981648921966553, energy_loss: 0.35484689474105835
2026-09-11 13:08:59,429 INFO Best AUROC test all: 0.7970668331728454, AUPR test all: 0.5688932114121353, AUROC test unknown: 0.7555498336805218, AUPR test unknown: 0.4085669505553142
2026-09-11 13:10:34,234 INFO Epoch: 75, loss: -0.08342806994915009, labeled_loss: 0.06878287345170975, unnlabeled_loss: 0.0019154790788888931, mixup_loss: -1.9982552528381348, energy_loss: 0.46656838059425354
2026-09-11 13:10:34,240 INFO Best AUROC test all: 0.7970668331728454, AUPR test all: 0.5688932114121353, AUROC test unknown: 0.7555498336805218, AUPR test unknown: 0.4085669505553142
2026-09-11 13:12:07,690 INFO Epoch: 76, loss: -0.11224007606506348, labeled_loss: 0.04805096983909607, unnlabeled_loss: 0.004418289754539728, mixup_loss: -1.9985138177871704, energy_loss: 0.3735119104385376
2026-09-11 13:12:07,691 INFO Best AUROC test all: 0.7970668331728454, AUPR test all: 0.5688932114121353, AUROC test unknown: 0.7555498336805218, AUPR test unknown: 0.4085669505553142
2026-09-11 13:13:42,182 INFO Epoch: 77, loss: -0.1149439588189125, labeled_loss: 0.04788637161254883, unnlabeled_loss: 0.01820777729153633, mixup_loss: -1.9983736276626587, energy_loss: 0.27903151512145996
2026-09-11 13:13:42,188 INFO Best AUROC test all: 0.7970668331728454, AUPR test all: 0.5688932114121353, AUROC test unknown: 0.7555498336805218, AUPR test unknown: 0.4085669505553142
2026-09-11 13:15:18,934 INFO Epoch: 78, loss: -0.10473044216632843, labeled_loss: 0.049969788640737534, unnlabeled_loss: 0.041872430592775345, mixup_loss: -1.9987614154815674, energy_loss: 0.2423969954252243
2026-09-11 13:15:18,936 INFO Best AUROC test all: 0.7970668331728454, AUPR test all: 0.5688932114121353, AUROC test unknown: 0.7555498336805218, AUPR test unknown: 0.4085669505553142
2026-09-11 13:16:55,366 INFO Epoch: 79, loss: -0.11235593259334564, labeled_loss: 0.04686596989631653, unnlabeled_loss: 0.03197750821709633, mixup_loss: -1.9988600015640259, energy_loss: 0.2467534989118576
2026-09-11 13:16:55,369 INFO Best AUROC test all: 0.7970668331728454, AUPR test all: 0.5688932114121353, AUROC test unknown: 0.7555498336805218, AUPR test unknown: 0.4085669505553142
2026-09-11 13:18:32,891 INFO Epoch: 80, loss: -0.12542924284934998, labeled_loss: 0.036611057817935944, unnlabeled_loss: 0.011095333844423294, mixup_loss: -1.9989041090011597, energy_loss: 0.3230245113372803
2026-09-11 13:18:32,895 INFO Best AUROC test all: 0.7970668331728454, AUPR test all: 0.5688932114121353, AUROC test unknown: 0.7555498336805218, AUPR test unknown: 0.4085669505553142
2026-09-11 13:20:06,409 INFO Epoch: 81, loss: -0.11675774306058884, labeled_loss: 0.042015377432107925, unnlabeled_loss: 0.0051713366992771626, mixup_loss: -1.9989551305770874, energy_loss: 0.385367214679718
2026-09-11 13:20:06,415 INFO Best AUROC test all: 0.7970668331728454, AUPR test all: 0.5688932114121353, AUROC test unknown: 0.7555498336805218, AUPR test unknown: 0.4085669505553142
2026-09-11 13:21:45,224 INFO Epoch: 82, loss: -0.10829441994428635, labeled_loss: 0.04604048654437065, unnlabeled_loss: 0.004145794548094273, mixup_loss: -1.9988683462142944, energy_loss: 0.43479034304618835
2026-09-11 13:21:45,225 INFO Best AUROC test all: 0.7970668331728454, AUPR test all: 0.5688932114121353, AUROC test unknown: 0.7555498336805218, AUPR test unknown: 0.4085669505553142
2026-09-11 13:23:19,305 INFO Epoch: 83, loss: -0.12250207364559174, labeled_loss: 0.030196649953722954, unnlabeled_loss: 0.011532273143529892, mixup_loss: -1.9990267753601074, energy_loss: 0.41437822580337524
2026-09-11 13:23:19,306 INFO Best AUROC test all: 0.7970668331728454, AUPR test all: 0.5688932114121353, AUROC test unknown: 0.7555498336805218, AUPR test unknown: 0.4085669505553142
2026-09-11 13:24:52,173 INFO Epoch: 84, loss: -0.1219257265329361, labeled_loss: 0.03146441653370857, unnlabeled_loss: 0.024469619616866112, mixup_loss: -1.9988096952438354, energy_loss: 0.34256017208099365
2026-09-11 13:24:52,173 INFO Best AUROC test all: 0.7970668331728454, AUPR test all: 0.5688932114121353, AUROC test unknown: 0.7555498336805218, AUPR test unknown: 0.4085669505553142
2026-09-11 13:26:27,617 INFO Epoch: 85, loss: -0.12754109501838684, labeled_loss: 0.027414361014962196, unnlabeled_loss: 0.03548005223274231, mixup_loss: -1.998763084411621, energy_loss: 0.2718082368373871
2026-09-11 13:26:27,620 INFO Best AUROC test all: 0.7970668331728454, AUPR test all: 0.5688932114121353, AUROC test unknown: 0.7555498336805218, AUPR test unknown: 0.4085669505553142
2026-09-11 13:28:00,385 INFO Epoch: 86, loss: -0.128364697098732, labeled_loss: 0.03246578201651573, unnlabeled_loss: 0.03275886923074722, mixup_loss: -1.9986450672149658, energy_loss: 0.22654587030410767
2026-09-11 13:28:00,385 INFO Best AUROC test all: 0.7970668331728454, AUPR test all: 0.5688932114121353, AUROC test unknown: 0.7555498336805218, AUPR test unknown: 0.4085669505553142
2026-09-11 13:29:30,022 INFO Epoch: 87, loss: -0.10512864589691162, labeled_loss: 0.03374730795621872, unnlabeled_loss: 0.06348297744989395, mixup_loss: -1.9990283250808716, energy_loss: 0.2928538918495178
2026-09-11 13:29:30,023 INFO Best AUROC test all: 0.7970668331728454, AUPR test all: 0.5688932114121353, AUROC test unknown: 0.7555498336805218, AUPR test unknown: 0.4085669505553142
2026-09-11 13:31:04,638 INFO Epoch: 88, loss: -0.12474855780601501, labeled_loss: 0.031441476196050644, unnlabeled_loss: 0.02099904790520668, mixup_loss: -1.998453974723816, energy_loss: 0.331558495759964
2026-09-11 13:31:04,639 INFO Best AUROC test all: 0.7970668331728454, AUPR test all: 0.5688932114121353, AUROC test unknown: 0.7555498336805218, AUPR test unknown: 0.4085669505553142
2026-09-11 13:32:39,948 INFO Epoch: 89, loss: -0.13054658472537994, labeled_loss: 0.026356950402259827, unnlabeled_loss: 0.011837610974907875, mixup_loss: -1.9987635612487793, energy_loss: 0.3705400824546814
2026-09-11 13:32:39,951 INFO Best AUROC test all: 0.7970668331728454, AUPR test all: 0.5688932114121353, AUROC test unknown: 0.7555498336805218, AUPR test unknown: 0.4085669505553142
2026-09-11 13:34:14,168 INFO Epoch: 90, loss: -0.13657736778259277, labeled_loss: 0.01990758441388607, unnlabeled_loss: 0.00620005838572979, mixup_loss: -1.9984990358352661, energy_loss: 0.4026491940021515
2026-09-11 13:34:14,168 INFO Best AUROC test all: 0.7970668331728454, AUPR test all: 0.5688932114121353, AUROC test unknown: 0.7555498336805218, AUPR test unknown: 0.4085669505553142
2026-09-11 13:35:45,773 INFO Epoch: 91, loss: -0.12904033064842224, labeled_loss: 0.023297583684325218, unnlabeled_loss: 0.01620168425142765, mixup_loss: -1.9989696741104126, energy_loss: 0.3945820927619934
2026-09-11 13:35:45,773 INFO Best AUROC test all: 0.7970668331728454, AUPR test all: 0.5688932114121353, AUROC test unknown: 0.7555498336805218, AUPR test unknown: 0.4085669505553142
2026-09-11 13:37:17,997 INFO Epoch: 92, loss: -0.12528645992279053, labeled_loss: 0.028376450762152672, unnlabeled_loss: 0.02677975594997406, mixup_loss: -1.998793125152588, energy_loss: 0.32826536893844604
2026-09-11 13:37:18,001 INFO Best AUROC test all: 0.7970668331728454, AUPR test all: 0.5688932114121353, AUROC test unknown: 0.7555498336805218, AUPR test unknown: 0.4085669505553142
2026-09-11 13:38:49,711 INFO Epoch: 93, loss: -0.14078816771507263, labeled_loss: 0.02057814784348011, unnlabeled_loss: 0.03308763727545738, mixup_loss: -1.9988921880722046, energy_loss: 0.21979087591171265
2026-09-11 13:38:49,711 INFO Best AUROC test all: 0.7970668331728454, AUPR test all: 0.5688932114121353, AUROC test unknown: 0.7555498336805218, AUPR test unknown: 0.4085669505553142
2026-09-11 13:40:23,359 INFO Epoch: 94, loss: -0.1262223720550537, labeled_loss: 0.030384287238121033, unnlabeled_loss: 0.03585050627589226, mixup_loss: -1.9988950490951538, energy_loss: 0.25357586145401
2026-09-11 13:40:23,360 INFO Best AUROC test all: 0.7970668331728454, AUPR test all: 0.5688932114121353, AUROC test unknown: 0.7555498336805218, AUPR test unknown: 0.4085669505553142
2026-09-11 13:41:57,688 INFO Epoch: 95, loss: -0.1464674472808838, labeled_loss: 0.02647332474589348, unnlabeled_loss: 0.01736696995794773, mixup_loss: -1.9985663890838623, energy_loss: 0.18232375383377075
2026-09-11 13:41:57,689 INFO Best AUROC test all: 0.7970668331728454, AUPR test all: 0.5688932114121353, AUROC test unknown: 0.7555498336805218, AUPR test unknown: 0.4085669505553142
2026-09-11 13:43:30,795 INFO Epoch: 96, loss: -0.1359463334083557, labeled_loss: 0.028681831434369087, unnlabeled_loss: 0.03352852165699005, mixup_loss: -1.9986004829406738, energy_loss: 0.18467628955841064
2026-09-11 13:43:30,796 INFO Best AUROC test all: 0.7970668331728454, AUPR test all: 0.5688932114121353, AUROC test unknown: 0.7555498336805218, AUPR test unknown: 0.4085669505553142
2026-09-11 13:45:05,018 INFO Epoch: 97, loss: -0.13385994732379913, labeled_loss: 0.02023433893918991, unnlabeled_loss: 0.02306419238448143, mixup_loss: -1.998354196548462, energy_loss: 0.34209033846855164
2026-09-11 13:45:05,019 INFO Best AUROC test all: 0.7970668331728454, AUPR test all: 0.5688932114121353, AUROC test unknown: 0.7555498336805218, AUPR test unknown: 0.4085669505553142
2026-09-11 13:46:40,018 INFO Epoch: 98, loss: -0.13535663485527039, labeled_loss: 0.016387982293963432, unnlabeled_loss: 0.052126601338386536, mixup_loss: -1.9985460042953491, energy_loss: 0.22046685218811035
2026-09-11 13:46:40,020 INFO Best AUROC test all: 0.7970668331728454, AUPR test all: 0.5688932114121353, AUROC test unknown: 0.7555498336805218, AUPR test unknown: 0.4085669505553142
2026-09-11 13:48:22,266 INFO Epoch: 99, loss: -0.2036488652229309, labeled_loss: 0.01599913276731968, unnlabeled_loss: 0.045015398412942886, mixup_loss: -1.9991962909698486, energy_loss: -0.42236074805259705
2026-09-11 13:48:22,267 INFO Best AUROC test all: 0.7970668331728454, AUPR test all: 0.5688932114121353, AUROC test unknown: 0.7555498336805218, AUPR test unknown: 0.4085669505553142
2026-09-11 13:50:04,274 INFO Epoch: 100, loss: -0.12033142894506454, labeled_loss: 0.017571963369846344, unnlabeled_loss: 0.06771400570869446, mixup_loss: -1.9984028339385986, energy_loss: 0.28079894185066223
2026-09-11 13:50:04,275 INFO Best AUROC test all: 0.7970668331728454, AUPR test all: 0.5688932114121353, AUROC test unknown: 0.7555498336805218, AUPR test unknown: 0.4085669505553142
2026-09-11 13:51:48,654 INFO Epoch: 101, loss: -0.11287297308444977, labeled_loss: 0.026261499151587486, unnlabeled_loss: 0.06875228136777878, mixup_loss: -1.999023675918579, energy_loss: 0.26391759514808655
2026-09-11 13:51:48,655 INFO Best AUROC test all: 0.7970668331728454, AUPR test all: 0.5688932114121353, AUROC test unknown: 0.7555498336805218, AUPR test unknown: 0.4085669505553142
2026-09-11 13:53:35,638 INFO Epoch: 102, loss: -0.1372573971748352, labeled_loss: 0.02340126410126686, unnlabeled_loss: 0.01642223633825779, mixup_loss: -1.99840247631073, energy_loss: 0.30970460176467896
2026-09-11 13:53:35,638 INFO Best AUROC test all: 0.7970668331728454, AUPR test all: 0.5688932114121353, AUROC test unknown: 0.7555498336805218, AUPR test unknown: 0.4085669505553142
2026-09-11 13:55:23,084 INFO Epoch: 103, loss: -0.12718483805656433, labeled_loss: 0.018630994483828545, unnlabeled_loss: 0.048220086842775345, mixup_loss: -1.998751163482666, energy_loss: 0.2994924485683441
2026-09-11 13:55:23,085 INFO Best AUROC test all: 0.7970668331728454, AUPR test all: 0.5688932114121353, AUROC test unknown: 0.7555498336805218, AUPR test unknown: 0.4085669505553142
2026-09-11 13:56:58,943 INFO Epoch: 104, loss: -0.12222868204116821, labeled_loss: 0.01573273167014122, unnlabeled_loss: 0.06379831582307816, mixup_loss: -1.9991455078125, energy_loss: 0.30053991079330444
2026-09-11 13:56:58,943 INFO Best AUROC test all: 0.7970668331728454, AUPR test all: 0.5688932114121353, AUROC test unknown: 0.7555498336805218, AUPR test unknown: 0.4085669505553142
2026-09-11 13:58:28,022 INFO Epoch: 105, loss: -0.1033695861697197, labeled_loss: 0.019395772367715836, unnlabeled_loss: 0.0953240692615509, mixup_loss: -1.9991438388824463, energy_loss: 0.29486989974975586
2026-09-11 13:58:28,022 INFO Best AUROC test all: 0.7970668331728454, AUPR test all: 0.5688932114121353, AUROC test unknown: 0.7555498336805218, AUPR test unknown: 0.4085669505553142
2026-09-11 14:00:00,690 INFO Epoch: 106, loss: -0.13034893572330475, labeled_loss: 0.022532546892762184, unnlabeled_loss: 0.03692621737718582, mixup_loss: -1.9990506172180176, energy_loss: 0.2856047749519348
2026-09-11 14:00:00,691 INFO Best AUROC test all: 0.7970668331728454, AUPR test all: 0.5688932114121353, AUROC test unknown: 0.7555498336805218, AUPR test unknown: 0.4085669505553142
2026-09-11 14:01:36,151 INFO Epoch: 107, loss: -0.13146236538887024, labeled_loss: 0.020956439897418022, unnlabeled_loss: 0.03248778358101845, mixup_loss: -1.9992780685424805, energy_loss: 0.3126510679721832
2026-09-11 14:01:36,161 INFO Best AUROC test all: 0.7970668331728454, AUPR test all: 0.5688932114121353, AUROC test unknown: 0.7555498336805218, AUPR test unknown: 0.4085669505553142
2026-09-11 14:03:17,784 INFO Epoch: 108, loss: -0.12149228155612946, labeled_loss: 0.021551145240664482, unnlabeled_loss: 0.05402885377407074, mixup_loss: -1.9986681938171387, energy_loss: 0.2980895936489105
2026-09-11 14:03:17,785 INFO Best AUROC test all: 0.7970668331728454, AUPR test all: 0.5688932114121353, AUROC test unknown: 0.7555498336805218, AUPR test unknown: 0.4085669505553142
2026-09-11 14:04:59,242 INFO Epoch: 109, loss: -0.14040863513946533, labeled_loss: 0.023614179342985153, unnlabeled_loss: 0.018197854980826378, mixup_loss: -1.9976515769958496, energy_loss: 0.2664342522621155
2026-09-11 14:04:59,243 INFO Best AUROC test all: 0.7970668331728454, AUPR test all: 0.5688932114121353, AUROC test unknown: 0.7555498336805218, AUPR test unknown: 0.4085669505553142
2026-09-11 14:06:35,529 INFO Epoch: 110, loss: -0.14434169232845306, labeled_loss: 0.02596225216984749, unnlabeled_loss: 0.01162393856793642, mixup_loss: -1.998504877090454, energy_loss: 0.23734575510025024
2026-09-11 14:06:35,531 INFO Best AUROC test all: 0.7970668331728454, AUPR test all: 0.5688932114121353, AUROC test unknown: 0.7555498336805218, AUPR test unknown: 0.4085669505553142
2026-09-11 14:08:18,420 INFO Epoch: 111, loss: -0.12451690435409546, labeled_loss: 0.01977570727467537, unnlabeled_loss: 0.0637422651052475, mixup_loss: -1.9986519813537598, energy_loss: 0.23701463639736176
2026-09-11 14:08:18,423 INFO Best AUROC test all: 0.7970668331728454, AUPR test all: 0.5688932114121353, AUROC test unknown: 0.7555498336805218, AUPR test unknown: 0.4085669505553142
2026-09-11 14:09:50,663 INFO Epoch: 112, loss: -0.11537100374698639, labeled_loss: 0.027954325079917908, unnlabeled_loss: 0.07445675134658813, mixup_loss: -1.9986395835876465, energy_loss: 0.19310249388217926
2026-09-11 14:09:50,663 INFO Best AUROC test all: 0.7970668331728454, AUPR test all: 0.5688932114121353, AUROC test unknown: 0.7555498336805218, AUPR test unknown: 0.4085669505553142
2026-09-11 14:11:23,880 INFO Epoch: 113, loss: -0.11300663650035858, labeled_loss: 0.028382452204823494, unnlabeled_loss: 0.0692894458770752, mixup_loss: -1.999038815498352, energy_loss: 0.2387007474899292
2026-09-11 14:11:23,880 INFO Best AUROC test all: 0.7970668331728454, AUPR test all: 0.5688932114121353, AUROC test unknown: 0.7555498336805218, AUPR test unknown: 0.4085669505553142
2026-09-11 14:12:54,431 INFO Epoch: 114, loss: -0.14390552043914795, labeled_loss: 0.02187207341194153, unnlabeled_loss: 0.037983495742082596, mixup_loss: -1.9989818334579468, energy_loss: 0.15128834545612335
2026-09-11 14:12:54,431 INFO Best AUROC test all: 0.7970668331728454, AUPR test all: 0.5688932114121353, AUROC test unknown: 0.7555498336805218, AUPR test unknown: 0.4085669505553142
2026-09-11 14:14:27,202 INFO Epoch: 115, loss: -0.1535189300775528, labeled_loss: 0.01799122244119644, unnlabeled_loss: 0.01942630112171173, mixup_loss: -1.999133586883545, energy_loss: 0.18690060079097748
2026-09-11 14:14:27,203 INFO Best AUROC test all: 0.7970668331728454, AUPR test all: 0.5688932114121353, AUROC test unknown: 0.7555498336805218, AUPR test unknown: 0.4085669505553142
2026-09-11 14:15:58,064 INFO Epoch: 116, loss: -0.11980381608009338, labeled_loss: 0.01251667458564043, unnlabeled_loss: 0.07225768268108368, mixup_loss: -1.9991141557693481, energy_loss: 0.31462082266807556
2026-09-11 14:15:58,064 INFO Best AUROC test all: 0.7970668331728454, AUPR test all: 0.5688932114121353, AUROC test unknown: 0.7555498336805218, AUPR test unknown: 0.4085669505553142
2026-09-11 14:17:29,857 INFO Epoch: 117, loss: -0.1096235141158104, labeled_loss: 0.023783667013049126, unnlabeled_loss: 0.08146069943904877, mixup_loss: -1.9991636276245117, energy_loss: 0.2577883303165436
2026-09-11 14:17:29,857 INFO Best AUROC test all: 0.7970668331728454, AUPR test all: 0.5688932114121353, AUROC test unknown: 0.7555498336805218, AUPR test unknown: 0.4085669505553142
2026-09-11 14:18:58,634 INFO Epoch: 118, loss: -0.11983086168766022, labeled_loss: 0.026356060057878494, unnlabeled_loss: 0.058401722460985184, mixup_loss: -1.9987208843231201, energy_loss: 0.24484308063983917
2026-09-11 14:18:58,634 INFO Best AUROC test all: 0.7970668331728454, AUPR test all: 0.5688932114121353, AUROC test unknown: 0.7555498336805218, AUPR test unknown: 0.4085669505553142
2026-09-11 14:20:32,088 INFO Epoch: 119, loss: -0.12189023196697235, labeled_loss: 0.015701906755566597, unnlabeled_loss: 0.05785217136144638, mixup_loss: -1.9984300136566162, energy_loss: 0.3332478106021881
2026-09-11 14:20:32,089 INFO Best AUROC test all: 0.7970668331728454, AUPR test all: 0.5688932114121353, AUROC test unknown: 0.7555498336805218, AUPR test unknown: 0.4085669505553142
2026-09-11 14:22:02,572 INFO Epoch: 120, loss: -0.141307532787323, labeled_loss: 0.027291184291243553, unnlabeled_loss: 0.019212396815419197, mixup_loss: -1.9984734058380127, energy_loss: 0.21642424166202545
2026-09-11 14:22:02,572 INFO Best AUROC test all: 0.7970668331728454, AUPR test all: 0.5688932114121353, AUROC test unknown: 0.7555498336805218, AUPR test unknown: 0.4085669505553142
2026-09-11 14:23:32,703 INFO Epoch: 121, loss: -0.14832256734371185, labeled_loss: 0.01522903610020876, unnlabeled_loss: 0.01433169562369585, mixup_loss: -1.9990432262420654, energy_loss: 0.2918686866760254
2026-09-11 14:23:32,704 INFO Best AUROC test all: 0.7970668331728454, AUPR test all: 0.5688932114121353, AUROC test unknown: 0.7555498336805218, AUPR test unknown: 0.4085669505553142
2026-09-11 14:25:05,252 INFO Epoch: 122, loss: -0.14781638979911804, labeled_loss: 0.02530929632484913, unnlabeled_loss: 0.01626875251531601, mixup_loss: -1.9991635084152222, energy_loss: 0.18656282126903534
2026-09-11 14:25:05,255 INFO Best AUROC test all: 0.7970668331728454, AUPR test all: 0.5688932114121353, AUROC test unknown: 0.7555498336805218, AUPR test unknown: 0.4085669505553142
2026-09-11 14:26:36,958 INFO Epoch: 123, loss: -0.14330044388771057, labeled_loss: 0.032827962189912796, unnlabeled_loss: 0.018689854070544243, mixup_loss: -1.9981871843338013, energy_loss: 0.14345382153987885
2026-09-11 14:26:36,959 INFO Best AUROC test all: 0.7970668331728454, AUPR test all: 0.5688932114121353, AUROC test unknown: 0.7555498336805218, AUPR test unknown: 0.4085669505553142
2026-09-11 14:27:50,827 INFO Epoch: 124, loss: -0.15000180900096893, labeled_loss: 0.020202230662107468, unnlabeled_loss: 0.013958265073597431, mixup_loss: -1.998079776763916, energy_loss: 0.22624816000461578
2026-09-11 14:27:50,828 INFO Best AUROC test all: 0.7970668331728454, AUPR test all: 0.5688932114121353, AUROC test unknown: 0.7555498336805218, AUPR test unknown: 0.4085669505553142
2026-09-11 14:29:25,657 INFO Epoch: 125, loss: -0.12375497817993164, labeled_loss: 0.018861964344978333, unnlabeled_loss: 0.060695696622133255, mixup_loss: -1.998634696006775, energy_loss: 0.26898685097694397
2026-09-11 14:29:25,657 INFO Best AUROC test all: 0.7970668331728454, AUPR test all: 0.5688932114121353, AUROC test unknown: 0.7555498336805218, AUPR test unknown: 0.4085669505553142
2026-09-11 14:30:55,548 INFO Epoch: 126, loss: -0.12607190012931824, labeled_loss: 0.020706357434391975, unnlabeled_loss: 0.06453161686658859, mixup_loss: -1.9976853132247925, energy_loss: 0.20724456012248993
2026-09-11 14:30:55,549 INFO Best AUROC test all: 0.7970668331728454, AUPR test all: 0.5688932114121353, AUROC test unknown: 0.7555498336805218, AUPR test unknown: 0.4085669505553142
2026-09-11 14:32:30,979 INFO Epoch: 127, loss: -0.12487669289112091, labeled_loss: 0.022904692217707634, unnlabeled_loss: 0.04638262838125229, mixup_loss: -1.9988818168640137, energy_loss: 0.2891548275947571
2026-09-11 14:32:30,982 INFO Best AUROC test all: 0.7970668331728454, AUPR test all: 0.5688932114121353, AUROC test unknown: 0.7555498336805218, AUPR test unknown: 0.4085669505553142
2026-09-11 14:34:04,859 INFO Epoch: 128, loss: -0.13064002990722656, labeled_loss: 0.018838685005903244, unnlabeled_loss: 0.056804805994033813, mixup_loss: -1.9989326000213623, energy_loss: 0.22012141346931458
2026-09-11 14:34:04,859 INFO Best AUROC test all: 0.7970668331728454, AUPR test all: 0.5688932114121353, AUROC test unknown: 0.7555498336805218, AUPR test unknown: 0.4085669505553142
2026-09-11 14:35:38,140 INFO Epoch: 129, loss: -0.1545800268650055, labeled_loss: 0.02024262771010399, unnlabeled_loss: 0.028252465650439262, mixup_loss: -1.9987727403640747, energy_loss: 0.10928390920162201
2026-09-11 14:35:38,141 INFO Best AUROC test all: 0.7970668331728454, AUPR test all: 0.5688932114121353, AUROC test unknown: 0.7555498336805218, AUPR test unknown: 0.4085669505553142
2026-09-11 14:37:11,358 INFO Epoch: 130, loss: -0.11738953739404678, labeled_loss: 0.014903857372701168, unnlabeled_loss: 0.09234480559825897, mixup_loss: -1.9989771842956543, energy_loss: 0.21431922912597656
2026-09-11 14:37:11,362 INFO Best AUROC test all: 0.7970668331728454, AUPR test all: 0.5688932114121353, AUROC test unknown: 0.7555498336805218, AUPR test unknown: 0.4085669505553142
2026-09-11 14:38:51,616 INFO Epoch: 131, loss: -0.15746355056762695, labeled_loss: 0.014451628550887108, unnlabeled_loss: 0.013944628648459911, mixup_loss: -1.999285340309143, energy_loss: 0.21041043102741241
2026-09-11 14:38:51,616 INFO Best AUROC test all: 0.7970668331728454, AUPR test all: 0.5688932114121353, AUROC test unknown: 0.7555498336805218, AUPR test unknown: 0.4085669505553142
2026-09-11 14:40:23,447 INFO Epoch: 132, loss: -0.14532315731048584, labeled_loss: 0.017035795375704765, unnlabeled_loss: 0.020129341632127762, mixup_loss: -1.9991916418075562, energy_loss: 0.2749553918838501
2026-09-11 14:40:23,448 INFO Best AUROC test all: 0.7970668331728454, AUPR test all: 0.5688932114121353, AUROC test unknown: 0.7555498336805218, AUPR test unknown: 0.4085669505553142
2026-09-11 14:41:59,489 INFO Epoch: 133, loss: -0.16996224224567413, labeled_loss: 0.013972843997180462, unnlabeled_loss: 0.015066745691001415, mixup_loss: -1.9991953372955322, energy_loss: 0.08451080322265625
2026-09-11 14:41:59,490 INFO Best AUROC test all: 0.7970668331728454, AUPR test all: 0.5688932114121353, AUROC test unknown: 0.7555498336805218, AUPR test unknown: 0.4085669505553142
2026-09-11 14:43:32,462 INFO Epoch: 134, loss: -0.14771124720573425, labeled_loss: 0.009593727998435497, unnlabeled_loss: 0.031318776309490204, mixup_loss: -1.998969316482544, energy_loss: 0.2693256735801697
2026-09-11 14:43:32,462 INFO Best AUROC test all: 0.7970668331728454, AUPR test all: 0.5688932114121353, AUROC test unknown: 0.7555498336805218, AUPR test unknown: 0.4085669505553142
2026-09-11 14:45:06,662 INFO Epoch: 135, loss: -0.1469365358352661, labeled_loss: 0.009862582199275494, unnlabeled_loss: 0.04267194867134094, mixup_loss: -1.9983024597167969, energy_loss: 0.2169516533613205
2026-09-11 14:45:06,663 INFO Best AUROC test all: 0.7970668331728454, AUPR test all: 0.5688932114121353, AUROC test unknown: 0.7555498336805218, AUPR test unknown: 0.4085669505553142
2026-09-11 14:46:47,811 INFO Epoch: 136, loss: -0.12790971994400024, labeled_loss: 0.013235528953373432, unnlabeled_loss: 0.06987501680850983, mixup_loss: -1.9984540939331055, energy_loss: 0.23762661218643188
2026-09-11 14:46:47,812 INFO Best AUROC test all: 0.7970668331728454, AUPR test all: 0.5688932114121353, AUROC test unknown: 0.7555498336805218, AUPR test unknown: 0.4085669505553142
2026-09-11 14:48:18,935 INFO Epoch: 137, loss: -0.09480872750282288, labeled_loss: 0.01639413647353649, unnlabeled_loss: 0.11361762881278992, mixup_loss: -1.9990968704223633, energy_loss: 0.31898006796836853
2026-09-11 14:48:18,935 INFO Best AUROC test all: 0.7970668331728454, AUPR test all: 0.5688932114121353, AUROC test unknown: 0.7555498336805218, AUPR test unknown: 0.4085669505553142
2026-09-11 14:49:49,505 INFO Epoch: 138, loss: -0.13337630033493042, labeled_loss: 0.01280925888568163, unnlabeled_loss: 0.038999591022729874, mixup_loss: -1.9992867708206177, energy_loss: 0.34243321418762207
2026-09-11 14:49:49,505 INFO Best AUROC test all: 0.7970668331728454, AUPR test all: 0.5688932114121353, AUROC test unknown: 0.7555498336805218, AUPR test unknown: 0.4085669505553142
2026-09-11 14:51:25,539 INFO Epoch: 139, loss: -0.12059524655342102, labeled_loss: 0.014945012517273426, unnlabeled_loss: 0.08336854726076126, mixup_loss: -1.9990686178207397, energy_loss: 0.2268233299255371
2026-09-11 14:51:25,540 INFO Best AUROC test all: 0.7970668331728454, AUPR test all: 0.5688932114121353, AUROC test unknown: 0.7555498336805218, AUPR test unknown: 0.4085669505553142
2026-09-11 14:53:03,312 INFO Epoch: 140, loss: -0.11433929204940796, labeled_loss: 0.01584514044225216, unnlabeled_loss: 0.10089835524559021, mixup_loss: -1.997536540031433, energy_loss: 0.19120045006275177
2026-09-11 14:53:03,313 INFO Best AUROC test all: 0.7970668331728454, AUPR test all: 0.5688932114121353, AUROC test unknown: 0.7555498336805218, AUPR test unknown: 0.4085669505553142
2026-09-11 14:54:41,175 INFO Epoch: 141, loss: -0.15090292692184448, labeled_loss: 0.02648032270371914, unnlabeled_loss: 0.027682576328516006, mixup_loss: -1.9968740940093994, energy_loss: 0.08462876826524734
2026-09-11 14:54:41,176 INFO Best AUROC test all: 0.7970668331728454, AUPR test all: 0.5688932114121353, AUROC test unknown: 0.7555498336805218, AUPR test unknown: 0.4085669505553142
2026-09-11 14:56:16,788 INFO Epoch: 142, loss: -0.13068193197250366, labeled_loss: 0.017303042113780975, unnlabeled_loss: 0.05915779247879982, mixup_loss: -1.9989416599273682, energy_loss: 0.2233029454946518
2026-09-11 14:56:16,789 INFO Best AUROC test all: 0.7970668331728454, AUPR test all: 0.5688932114121353, AUROC test unknown: 0.7555498336805218, AUPR test unknown: 0.4085669505553142
2026-09-11 14:57:56,874 INFO Epoch: 143, loss: -0.13754621148109436, labeled_loss: 0.02145419642329216, unnlabeled_loss: 0.05644500255584717, mixup_loss: -1.9984890222549438, energy_loss: 0.12625989317893982
2026-09-11 14:57:56,875 INFO Best AUROC test all: 0.7970668331728454, AUPR test all: 0.5688932114121353, AUROC test unknown: 0.7555498336805218, AUPR test unknown: 0.4085669505553142
2026-09-11 14:59:32,245 INFO Epoch: 144, loss: -0.1534137725830078, labeled_loss: 0.01818934641778469, unnlabeled_loss: 0.03073049709200859, mixup_loss: -1.9994064569473267, energy_loss: 0.12972281873226166
2026-09-11 14:59:32,246 INFO Best AUROC test all: 0.7970668331728454, AUPR test all: 0.5688932114121353, AUROC test unknown: 0.7555498336805218, AUPR test unknown: 0.4085669505553142
2026-09-11 15:01:06,406 INFO Epoch: 145, loss: -0.14575913548469543, labeled_loss: 0.017356745898723602, unnlabeled_loss: 0.032904136925935745, mixup_loss: -1.9990103244781494, energy_loss: 0.2033308744430542
2026-09-11 15:01:06,406 INFO Best AUROC test all: 0.7970668331728454, AUPR test all: 0.5688932114121353, AUROC test unknown: 0.7555498336805218, AUPR test unknown: 0.4085669505553142
2026-09-11 15:02:44,212 INFO Epoch: 146, loss: -0.13056600093841553, labeled_loss: 0.014138861559331417, unnlabeled_loss: 0.07276628911495209, mixup_loss: -1.9984843730926514, energy_loss: 0.18760444223880768
2026-09-11 15:02:44,221 INFO Best AUROC test all: 0.7970668331728454, AUPR test all: 0.5688932114121353, AUROC test unknown: 0.7555498336805218, AUPR test unknown: 0.4085669505553142
2026-09-11 15:04:18,428 INFO Epoch: 147, loss: -0.11497677862644196, labeled_loss: 0.012155906297266483, unnlabeled_loss: 0.09882523119449615, mixup_loss: -1.9987751245498657, energy_loss: 0.2333221733570099
2026-09-11 15:04:18,428 INFO Best AUROC test all: 0.7970668331728454, AUPR test all: 0.5688932114121353, AUROC test unknown: 0.7555498336805218, AUPR test unknown: 0.4085669505553142
2026-09-11 15:05:51,607 INFO Epoch: 148, loss: -0.14858116209506989, labeled_loss: 0.012573273852467537, unnlabeled_loss: 0.04275603964924812, mixup_loss: -1.9988752603530884, energy_loss: 0.17355069518089294
2026-09-11 15:05:51,608 INFO Best AUROC test all: 0.7970668331728454, AUPR test all: 0.5688932114121353, AUROC test unknown: 0.7555498336805218, AUPR test unknown: 0.4085669505553142
2026-09-11 15:07:31,580 INFO Epoch: 149, loss: -0.11812708526849747, labeled_loss: 0.015485748648643494, unnlabeled_loss: 0.07616154849529266, mixup_loss: -1.9982250928878784, energy_loss: 0.2812890410423279
2026-09-11 15:07:31,584 INFO Best AUROC test all: 0.7970668331728454, AUPR test all: 0.5688932114121353, AUROC test unknown: 0.7555498336805218, AUPR test unknown: 0.4085669505553142
2026-09-11 15:09:01,943 INFO Epoch: 150, loss: -0.14714983105659485, labeled_loss: 0.015762362629175186, unnlabeled_loss: 0.032367043197155, mixup_loss: -1.9975056648254395, energy_loss: 0.2065485119819641
2026-09-11 15:09:01,943 INFO Best AUROC test all: 0.7970668331728454, AUPR test all: 0.5688932114121353, AUROC test unknown: 0.7555498336805218, AUPR test unknown: 0.4085669505553142
2026-09-11 15:10:39,181 INFO Epoch: 151, loss: -0.13730783760547638, labeled_loss: 0.011654849164187908, unnlabeled_loss: 0.04585370793938637, mixup_loss: -1.9991025924682617, energy_loss: 0.2802072763442993
2026-09-11 15:10:39,182 INFO Best AUROC test all: 0.7970668331728454, AUPR test all: 0.5688932114121353, AUROC test unknown: 0.7555498336805218, AUPR test unknown: 0.4085669505553142
2026-09-11 15:12:11,872 INFO Epoch: 152, loss: -0.12547993659973145, labeled_loss: 0.009212486445903778, unnlabeled_loss: 0.09056805074214935, mixup_loss: -1.998538851737976, energy_loss: 0.19877423346042633
2026-09-11 15:12:11,872 INFO Best AUROC test all: 0.7970668331728454, AUPR test all: 0.5688932114121353, AUROC test unknown: 0.7555498336805218, AUPR test unknown: 0.4085669505553142
2026-09-11 15:13:46,859 INFO Epoch: 153, loss: -0.12924343347549438, labeled_loss: 0.013695635832846165, unnlabeled_loss: 0.1168670579791069, mixup_loss: -1.9980980157852173, energy_loss: -0.015627902001142502
2026-09-11 15:13:46,859 INFO Best AUROC test all: 0.7970668331728454, AUPR test all: 0.5688932114121353, AUROC test unknown: 0.7555498336805218, AUPR test unknown: 0.4085669505553142
2026-09-11 15:15:26,019 INFO Epoch: 154, loss: -0.13108086585998535, labeled_loss: 0.011223779991269112, unnlabeled_loss: 0.06094543635845184, mixup_loss: -1.9989975690841675, energy_loss: 0.2712239623069763
2026-09-11 15:15:26,024 INFO Best AUROC test all: 0.7970668331728454, AUPR test all: 0.5688932114121353, AUROC test unknown: 0.7555498336805218, AUPR test unknown: 0.4085669505553142
2026-09-11 15:17:02,047 INFO Epoch: 155, loss: -0.16040633618831635, labeled_loss: 0.013813280500471592, unnlabeled_loss: 0.023121636360883713, mixup_loss: -1.997460961341858, energy_loss: 0.1396566480398178
2026-09-11 15:17:02,055 INFO Best AUROC test all: 0.7970668331728454, AUPR test all: 0.5688932114121353, AUROC test unknown: 0.7555498336805218, AUPR test unknown: 0.4085669505553142
2026-09-11 15:18:39,013 INFO Epoch: 156, loss: -0.15358848869800568, labeled_loss: 0.01075361855328083, unnlabeled_loss: 0.048975780606269836, mixup_loss: -1.9983938932418823, energy_loss: 0.11009397357702255
2026-09-11 15:18:39,014 INFO Best AUROC test all: 0.7970668331728454, AUPR test all: 0.5688932114121353, AUROC test unknown: 0.7555498336805218, AUPR test unknown: 0.4085669505553142
2026-09-11 15:20:11,849 INFO Epoch: 157, loss: -0.12153554707765579, labeled_loss: 0.014126383699476719, unnlabeled_loss: 0.08903220295906067, mixup_loss: -1.9982351064682007, energy_loss: 0.19645482301712036
2026-09-11 15:20:11,849 INFO Best AUROC test all: 0.7970668331728454, AUPR test all: 0.5688932114121353, AUROC test unknown: 0.7555498336805218, AUPR test unknown: 0.4085669505553142
2026-09-11 15:21:45,201 INFO Epoch: 158, loss: -0.16234096884727478, labeled_loss: 0.009740124456584454, unnlabeled_loss: 0.010316121391952038, mixup_loss: -1.997721791267395, energy_loss: 0.22533024847507477
2026-09-11 15:21:45,203 INFO Best AUROC test all: 0.7970668331728454, AUPR test all: 0.5688932114121353, AUROC test unknown: 0.7555498336805218, AUPR test unknown: 0.4085669505553142
2026-09-11 15:23:21,775 INFO Epoch: 159, loss: -0.12375964224338531, labeled_loss: 0.009785289876163006, unnlabeled_loss: 0.10489583015441895, mixup_loss: -1.9971387386322021, energy_loss: 0.13721026480197906
2026-09-11 15:23:21,775 INFO Best AUROC test all: 0.7970668331728454, AUPR test all: 0.5712225784370827, AUROC test unknown: 0.7555498336805218, AUPR test unknown: 0.4132694486115363
2026-09-11 15:24:53,210 INFO Epoch: 160, loss: -0.11131346225738525, labeled_loss: 0.013016152195632458, unnlabeled_loss: 0.08835995197296143, mixup_loss: -1.9982223510742188, energy_loss: 0.31312644481658936
2026-09-11 15:24:53,211 INFO Best AUROC test all: 0.7977799690938502, AUPR test all: 0.5718969022095467, AUROC test unknown: 0.7569992873619558, AUPR test unknown: 0.4137206787961355
2026-09-11 15:26:30,627 INFO Epoch: 161, loss: -0.13209623098373413, labeled_loss: 0.009647083468735218, unnlabeled_loss: 0.0674876719713211, mixup_loss: -1.9978078603744507, energy_loss: 0.24293646216392517
2026-09-11 15:26:30,628 INFO Best AUROC test all: 0.7993728908442641, AUPR test all: 0.5763718198742902, AUROC test unknown: 0.7587287818562845, AUPR test unknown: 0.4202818642085646
2026-09-11 15:28:06,243 INFO Epoch: 162, loss: -0.14962103962898254, labeled_loss: 0.016399184241890907, unnlabeled_loss: 0.05260217934846878, mixup_loss: -1.9989185333251953, energy_loss: 0.07570546120405197
2026-09-11 15:28:06,243 INFO Best AUROC test all: 0.8019555057129772, AUPR test all: 0.5818940638825907, AUROC test unknown: 0.7619594952367067, AUPR test unknown: 0.426987538122821
2026-09-11 15:29:43,917 INFO Epoch: 163, loss: -0.12201501429080963, labeled_loss: 0.014817464165389538, unnlabeled_loss: 0.11351915448904037, mixup_loss: -1.9977576732635498, energy_loss: 0.061837151646614075
2026-09-11 15:29:43,918 INFO Best AUROC test all: 0.8019555057129772, AUPR test all: 0.5818940638825907, AUROC test unknown: 0.7619594952367067, AUPR test unknown: 0.426987538122821
2026-09-11 15:31:18,919 INFO Epoch: 164, loss: -0.13149535655975342, labeled_loss: 0.013845267705619335, unnlabeled_loss: 0.09900668263435364, mixup_loss: -1.9988600015640259, energy_loss: 0.0504203625023365
2026-09-11 15:31:18,921 INFO Best AUROC test all: 0.8019555057129772, AUPR test all: 0.5818940638825907, AUROC test unknown: 0.7619594952367067, AUPR test unknown: 0.426987538122821
2026-09-11 15:32:56,556 INFO Epoch: 165, loss: -0.13630735874176025, labeled_loss: 0.014663382433354855, unnlabeled_loss: 0.09717940539121628, mixup_loss: -1.9984327554702759, energy_loss: 0.0028282953426241875
2026-09-11 15:32:56,558 INFO Best AUROC test all: 0.8019555057129772, AUPR test all: 0.5818940638825907, AUROC test unknown: 0.7619594952367067, AUPR test unknown: 0.426987538122821
2026-09-11 15:34:33,291 INFO Epoch: 166, loss: -0.12322843074798584, labeled_loss: 0.01179291121661663, unnlabeled_loss: 0.12567152082920074, mixup_loss: -1.998758316040039, energy_loss: 0.02018733136355877
2026-09-11 15:34:33,294 INFO Best AUROC test all: 0.8019555057129772, AUPR test all: 0.5818940638825907, AUROC test unknown: 0.7619594952367067, AUPR test unknown: 0.426987538122821
2026-09-11 15:36:08,674 INFO Epoch: 167, loss: -0.18053504824638367, labeled_loss: 0.011100265197455883, unnlabeled_loss: 0.02172156609594822, mixup_loss: -1.9990532398223877, energy_loss: -0.025907795876264572
2026-09-11 15:36:08,675 INFO Best AUROC test all: 0.8019555057129772, AUPR test all: 0.5818940638825907, AUROC test unknown: 0.7619594952367067, AUPR test unknown: 0.426987538122821
2026-09-11 15:37:45,467 INFO Epoch: 168, loss: -0.16646277904510498, labeled_loss: 0.009129137732088566, unnlabeled_loss: 0.014828966930508614, mixup_loss: -1.9990900754928589, energy_loss: 0.1690262258052826
2026-09-11 15:37:45,468 INFO Best AUROC test all: 0.8019555057129772, AUPR test all: 0.5818940638825907, AUROC test unknown: 0.7619594952367067, AUPR test unknown: 0.426987538122821
2026-09-11 15:39:17,793 INFO Epoch: 169, loss: -0.1395474076271057, labeled_loss: 0.005715333856642246, unnlabeled_loss: 0.08357718586921692, mixup_loss: -1.9988408088684082, energy_loss: 0.12832745909690857
2026-09-11 15:39:17,794 INFO Best AUROC test all: 0.8019555057129772, AUPR test all: 0.5818940638825907, AUROC test unknown: 0.7619594952367067, AUPR test unknown: 0.426987538122821
2026-09-11 15:40:52,488 INFO Epoch: 170, loss: -0.11302296817302704, labeled_loss: 0.005593606270849705, unnlabeled_loss: 0.1340760588645935, mixup_loss: -1.9987318515777588, energy_loss: 0.14218594133853912
2026-09-11 15:40:52,489 INFO Best AUROC test all: 0.8019555057129772, AUPR test all: 0.5818940638825907, AUROC test unknown: 0.7619594952367067, AUPR test unknown: 0.426987538122821
2026-09-11 15:42:21,695 INFO Epoch: 171, loss: -0.11101178824901581, labeled_loss: 0.007239260710775852, unnlabeled_loss: 0.10570932924747467, mixup_loss: -1.9991552829742432, energy_loss: 0.28809818625450134
2026-09-11 15:42:21,695 INFO Best AUROC test all: 0.8019555057129772, AUPR test all: 0.583086648804438, AUROC test unknown: 0.7619594952367067, AUPR test unknown: 0.4316037183135484
2026-09-11 15:43:58,602 INFO Epoch: 172, loss: -0.1361331045627594, labeled_loss: 0.01366504281759262, unnlabeled_loss: 0.09696020931005478, mixup_loss: -1.9987200498580933, energy_loss: 0.015937404707074165
2026-09-11 15:43:58,605 INFO Best AUROC test all: 0.8019555057129772, AUPR test all: 0.583086648804438, AUROC test unknown: 0.7619594952367067, AUPR test unknown: 0.4316037183135484
2026-09-11 15:45:35,495 INFO Epoch: 173, loss: -0.12806469202041626, labeled_loss: 0.006510915234684944, unnlabeled_loss: 0.1059320718050003, mixup_loss: -1.9989402294158936, energy_loss: 0.12352380901575089
2026-09-11 15:45:35,496 INFO Best AUROC test all: 0.8019555057129772, AUPR test all: 0.583086648804438, AUROC test unknown: 0.7619594952367067, AUPR test unknown: 0.4316037183135484
2026-09-11 15:47:07,792 INFO Epoch: 174, loss: -0.1715916097164154, labeled_loss: 0.01840503141283989, unnlabeled_loss: 0.01086819265037775, mixup_loss: -1.9956843852996826, energy_loss: 0.041376907378435135
2026-09-11 15:47:07,792 INFO Best AUROC test all: 0.8019555057129772, AUPR test all: 0.583086648804438, AUROC test unknown: 0.7619594952367067, AUPR test unknown: 0.4316037183135484
2026-09-11 15:48:43,006 INFO Epoch: 175, loss: -0.1584790050983429, labeled_loss: 0.018693992868065834, unnlabeled_loss: 0.02475591003894806, mixup_loss: -1.9943592548370361, energy_loss: 0.09884979575872421
2026-09-11 15:48:43,007 INFO Best AUROC test all: 0.8019555057129772, AUPR test all: 0.583086648804438, AUROC test unknown: 0.7619594952367067, AUPR test unknown: 0.4316037183135484
2026-09-11 15:50:15,191 INFO Epoch: 176, loss: -0.16675730049610138, labeled_loss: 0.013044633902609348, unnlabeled_loss: 0.05084918439388275, mixup_loss: -1.9985499382019043, energy_loss: -0.053715288639068604
2026-09-11 15:50:15,191 INFO Best AUROC test all: 0.8019555057129772, AUPR test all: 0.583086648804438, AUROC test unknown: 0.7619594952367067, AUPR test unknown: 0.4316037183135484
2026-09-11 15:51:49,586 INFO Epoch: 177, loss: -0.15177854895591736, labeled_loss: 0.01276493538171053, unnlabeled_loss: 0.05751742422580719, mixup_loss: -1.9963089227676392, energy_loss: 0.06328701972961426
2026-09-11 15:51:49,586 INFO Best AUROC test all: 0.8019555057129772, AUPR test all: 0.5837444815927817, AUROC test unknown: 0.7619594952367067, AUPR test unknown: 0.43199949494113754
2026-09-11 15:53:24,233 INFO Epoch: 178, loss: -0.13620784878730774, labeled_loss: 0.01073196716606617, unnlabeled_loss: 0.10009311139583588, mixup_loss: -1.9988709688186646, energy_loss: 0.029007157310843468
2026-09-11 15:53:24,235 INFO Best AUROC test all: 0.8019555057129772, AUPR test all: 0.5837444815927817, AUROC test unknown: 0.7619594952367067, AUPR test unknown: 0.43199949494113754
2026-09-11 15:54:57,136 INFO Epoch: 179, loss: -0.12294521927833557, labeled_loss: 0.018722260370850563, unnlabeled_loss: 0.09422917664051056, mixup_loss: -1.9988600015640259, energy_loss: 0.11103939265012741
2026-09-11 15:54:57,137 INFO Best AUROC test all: 0.8019555057129772, AUPR test all: 0.5837444815927817, AUROC test unknown: 0.7619594952367067, AUPR test unknown: 0.43199949494113754
2026-09-11 15:56:31,707 INFO Epoch: 180, loss: -0.18408755958080292, labeled_loss: 0.0076013291254639626, unnlabeled_loss: 0.019245833158493042, mixup_loss: -1.9956895112991333, energy_loss: -0.017428439110517502
2026-09-11 15:56:31,707 INFO Best AUROC test all: 0.8019555057129772, AUPR test all: 0.5837444815927817, AUROC test unknown: 0.7619594952367067, AUPR test unknown: 0.43199949494113754
2026-09-11 15:58:05,855 INFO Epoch: 181, loss: -0.13899198174476624, labeled_loss: 0.009547210298478603, unnlabeled_loss: 0.04228175804018974, mixup_loss: -1.9968618154525757, energy_loss: 0.30006104707717896
2026-09-11 15:58:05,855 INFO Best AUROC test all: 0.8019555057129772, AUPR test all: 0.5837444815927817, AUROC test unknown: 0.7619594952367067, AUPR test unknown: 0.43199949494113754
2026-09-11 15:59:42,985 INFO Epoch: 182, loss: -0.1378175914287567, labeled_loss: 0.01021533366292715, unnlabeled_loss: 0.007840177044272423, mixup_loss: -1.996901273727417, energy_loss: 0.4773712158203125
2026-09-11 15:59:42,985 INFO Best AUROC test all: 0.8019555057129772, AUPR test all: 0.5837444815927817, AUROC test unknown: 0.7619594952367067, AUPR test unknown: 0.43199949494113754
2026-09-11 16:01:18,385 INFO Epoch: 183, loss: -0.1627449095249176, labeled_loss: 0.003365675453096628, unnlabeled_loss: 0.03909832239151001, mixup_loss: -1.996440052986145, energy_loss: 0.13984271883964539
2026-09-11 16:01:18,388 INFO Best AUROC test all: 0.8019555057129772, AUPR test all: 0.5837444815927817, AUROC test unknown: 0.7619594952367067, AUPR test unknown: 0.43199949494113754
2026-09-11 16:02:51,859 INFO Epoch: 184, loss: -0.14429640769958496, labeled_loss: 0.004849575459957123, unnlabeled_loss: 0.07248542457818985, mixup_loss: -1.9989176988601685, energy_loss: 0.14503084123134613
2026-09-11 16:02:51,860 INFO Best AUROC test all: 0.8019555057129772, AUPR test all: 0.5837444815927817, AUROC test unknown: 0.7619594952367067, AUPR test unknown: 0.43199949494113754
2026-09-11 16:04:18,683 INFO Epoch: 185, loss: -0.1491774469614029, labeled_loss: 0.012223280034959316, unnlabeled_loss: 0.0853741392493248, mixup_loss: -1.9989757537841797, energy_loss: -0.04190225899219513
2026-09-11 16:04:18,684 INFO Best AUROC test all: 0.8019555057129772, AUPR test all: 0.5837444815927817, AUROC test unknown: 0.7619594952367067, AUPR test unknown: 0.43199949494113754
2026-09-11 16:05:44,331 INFO Epoch: 186, loss: -0.1333780586719513, labeled_loss: 0.015668531879782677, unnlabeled_loss: 0.1033821851015091, mixup_loss: -1.998483657836914, energy_loss: -0.008893139660358429
2026-09-11 16:05:44,332 INFO Best AUROC test all: 0.8019555057129772, AUPR test all: 0.5837444815927817, AUROC test unknown: 0.7619594952367067, AUPR test unknown: 0.43199949494113754
2026-09-11 16:07:11,731 INFO Epoch: 187, loss: -0.13932417333126068, labeled_loss: 0.005780970212072134, unnlabeled_loss: 0.07114820182323456, mixup_loss: -1.9979246854782104, energy_loss: 0.19113224744796753
2026-09-11 16:07:11,731 INFO Best AUROC test all: 0.8019555057129772, AUPR test all: 0.5837444815927817, AUROC test unknown: 0.7619594952367067, AUPR test unknown: 0.43199949494113754
2026-09-11 16:08:37,073 INFO Epoch: 188, loss: -0.1649816334247589, labeled_loss: 0.027139291167259216, unnlabeled_loss: 0.0187880489975214, mixup_loss: -1.9979010820388794, energy_loss: -0.017248427495360374
2026-09-11 16:08:37,074 INFO Best AUROC test all: 0.8019555057129772, AUPR test all: 0.5837444815927817, AUROC test unknown: 0.7619594952367067, AUPR test unknown: 0.43199949494113754
2026-09-11 16:10:07,162 INFO Epoch: 189, loss: -0.15972495079040527, labeled_loss: 0.0247198473662138, unnlabeled_loss: 0.006854915991425514, mixup_loss: -1.9967364072799683, energy_loss: 0.11801381409168243
2026-09-11 16:10:07,162 INFO Best AUROC test all: 0.8019555057129772, AUPR test all: 0.5837444815927817, AUROC test unknown: 0.7619594952367067, AUPR test unknown: 0.43199949494113754
2026-09-11 16:11:36,542 INFO Epoch: 190, loss: -0.14027149975299835, labeled_loss: 0.011581353843212128, unnlabeled_loss: 0.07573394477367401, mixup_loss: -1.9968066215515137, energy_loss: 0.09960842877626419
2026-09-11 16:11:36,542 INFO Best AUROC test all: 0.8019555057129772, AUPR test all: 0.5837444815927817, AUROC test unknown: 0.7619594952367067, AUPR test unknown: 0.43199949494113754
2026-09-11 16:13:01,138 INFO Epoch: 191, loss: -0.1204671710729599, labeled_loss: 0.014025971293449402, unnlabeled_loss: 0.11686798185110092, mixup_loss: -1.9985276460647583, energy_loss: 0.0692562684416771
2026-09-11 16:13:01,139 INFO Best AUROC test all: 0.8020958255780499, AUPR test all: 0.5916525127076855, AUROC test unknown: 0.7619594952367067, AUPR test unknown: 0.44287217758099634
2026-09-11 16:14:24,071 INFO Epoch: 192, loss: -0.13792403042316437, labeled_loss: 0.03355201333761215, unnlabeled_loss: 0.04577086493372917, mixup_loss: -1.9972578287124634, energy_loss: 0.05364314094185829
2026-09-11 16:14:24,071 INFO Best AUROC test all: 0.8020958255780499, AUPR test all: 0.5916525127076855, AUROC test unknown: 0.7619594952367067, AUPR test unknown: 0.44287217758099634
2026-09-11 16:14:58,895 INFO Epoch: 193, loss: -0.14325568079948425, labeled_loss: 0.009314690716564655, unnlabeled_loss: 0.07606524229049683, mixup_loss: -1.9981472492218018, energy_loss: 0.0921173021197319
2026-09-11 16:14:58,895 INFO Best AUROC test all: 0.8020958255780499, AUPR test all: 0.5916525127076855, AUROC test unknown: 0.7619594952367067, AUPR test unknown: 0.44287217758099634
2026-09-11 16:16:24,249 INFO Epoch: 194, loss: -0.12976516783237457, labeled_loss: 0.01321752741932869, unnlabeled_loss: 0.08603670448064804, mixup_loss: -1.998019814491272, energy_loss: 0.13800929486751556
2026-09-11 16:16:24,249 INFO Best AUROC test all: 0.8020958255780499, AUPR test all: 0.5916525127076855, AUROC test unknown: 0.7619594952367067, AUPR test unknown: 0.44287217758099634
2026-09-11 16:17:54,391 INFO Epoch: 195, loss: -0.16986049711704254, labeled_loss: 0.024468306452035904, unnlabeled_loss: 0.01973777450621128, mixup_loss: -1.9969903230667114, energy_loss: -0.044986627995967865
2026-09-11 16:17:54,392 INFO Best AUROC test all: 0.8020958255780499, AUPR test all: 0.5916525127076855, AUROC test unknown: 0.7619594952367067, AUPR test unknown: 0.44287217758099634
2026-09-11 16:19:22,718 INFO Epoch: 196, loss: -0.13008737564086914, labeled_loss: 0.017276251688599586, unnlabeled_loss: 0.02039795182645321, mixup_loss: -1.997092366218567, energy_loss: 0.4214663505554199
2026-09-11 16:19:22,719 INFO Best AUROC test all: 0.8020958255780499, AUPR test all: 0.5916525127076855, AUROC test unknown: 0.7619594952367067, AUPR test unknown: 0.44287217758099634
2026-09-11 16:20:50,288 INFO Epoch: 197, loss: -0.15860819816589355, labeled_loss: 0.007330285385251045, unnlabeled_loss: 0.03680459409952164, mixup_loss: -1.997904658317566, energy_loss: 0.15449677407741547
2026-09-11 16:20:50,288 INFO Best AUROC test all: 0.8020958255780499, AUPR test all: 0.5916525127076855, AUROC test unknown: 0.7619594952367067, AUPR test unknown: 0.44287217758099634
2026-09-11 16:22:18,391 INFO Epoch: 198, loss: -0.1793627142906189, labeled_loss: 0.01005619764328003, unnlabeled_loss: 0.027414945885539055, mixup_loss: -1.9985201358795166, energy_loss: -0.03274357318878174
2026-09-11 16:22:18,391 INFO Best AUROC test all: 0.8020958255780499, AUPR test all: 0.5916525127076855, AUROC test unknown: 0.7619594952367067, AUPR test unknown: 0.44287217758099634
2026-09-11 16:23:46,495 INFO Epoch: 199, loss: -0.09406615793704987, labeled_loss: 0.012770134024322033, unnlabeled_loss: 0.15390662848949432, mixup_loss: -1.9975659847259521, energy_loss: 0.15966996550559998
2026-09-11 16:23:46,496 INFO Best AUROC test all: 0.8020958255780499, AUPR test all: 0.5916525127076855, AUROC test unknown: 0.7619594952367067, AUPR test unknown: 0.44287217758099634
