2026-08-20 15:53:35,626 INFO cli={'dataset': 'cs', 'method': 'demo', 'seed': 42, 'train_seed': None, 'epochs': None, 'set': ['mixup=true', 'energy_loss=false'], 'tag': 'B_demo_mix', 'rotations': [6]}
2026-08-20 15:53:35,626 INFO config={'alpha_plus': 0.05, 'alpha_r': 0.1, 'atlas_gate_q': 0.9, 'batch_size': 512, 'hidden_dim': 64, 'lambda_halo': 0.2, 'lambda_mixup': 0.2, 'lambda_un': 1.0, 'lr': 0.001, 'margin': 0.1, 'n_layers': 2, 'optimiser': 'adam', 'sampling_sizes': [25, 10], 'tau_minus': 0.05, 'tau_mu': 0.05, 'tau_plus': 0.95, 'use_atlas_gate': True, 'use_conformal': True, 'use_pl': True, 'version': 4, 'weight_decay': 0.0001, 'loss': 'bce', 'num_epochs': 200, 'ebd_dim': 64, 'drop_out': 0.5, 'gamma': 0.1, 'damping': 0.001, 'p_cutoff': [0.05, 0.95], 'unlabeled_loss': 0.5, 'mixup_loss': 0.1, 'energy_loss_weight': 0.1, 'used_unlabeled_data': True, 'energy_loss': False, 'mixup': True, 'thresh_warmup': True, 'used_augment_for_anormaly': True, 'batch_size_for_anormaly': 20, 'sample_size_for_anormaly': 25, 'div_loss_alpha': 0.5, 'mixup_loss_type': 'consistency', 'device': 0, 'input_dim': 6805, 'eval_batch_mult': 1}
2026-08-20 15:54:00,204 INFO Epoch: 0, loss: 0.48568692803382874, labeled_loss: 0.58238285779953, unnlabeled_loss: 0.0, mixup_loss: -0.9669591784477234, energy_loss: 0.0
2026-08-20 15:54:00,204 INFO Best AUROC test all: 0.7657794395584027, AUPR test all: 0.48950138287906203, AUROC test unknown: 0.7596179304251006, AUPR test unknown: 0.45747170788518055
2026-08-20 15:54:44,966 INFO Epoch: 1, loss: 0.35023003816604614, labeled_loss: 0.46628376841545105, unnlabeled_loss: 0.0, mixup_loss: -1.1605372428894043, energy_loss: 0.0
2026-08-20 15:54:44,967 INFO Best AUROC test all: 0.7657794395584027, AUPR test all: 0.48950138287906203, AUROC test unknown: 0.7596179304251006, AUPR test unknown: 0.45747170788518055
2026-08-20 15:55:30,952 INFO Epoch: 2, loss: 0.24106700718402863, labeled_loss: 0.37549519538879395, unnlabeled_loss: 0.0, mixup_loss: -1.344281792640686, energy_loss: 0.0
2026-08-20 15:55:30,953 INFO Best AUROC test all: 0.7657794395584027, AUPR test all: 0.48950138287906203, AUROC test unknown: 0.7596179304251006, AUPR test unknown: 0.45747170788518055
2026-08-20 15:56:16,404 INFO Epoch: 3, loss: 0.1502562016248703, labeled_loss: 0.3007203936576843, unnlabeled_loss: 0.0, mixup_loss: -1.5046418905258179, energy_loss: 0.0
2026-08-20 15:56:16,404 INFO Best AUROC test all: 0.7657794395584027, AUPR test all: 0.48950138287906203, AUROC test unknown: 0.7596179304251006, AUPR test unknown: 0.45747170788518055
2026-08-20 15:57:02,637 INFO Epoch: 4, loss: 0.08308492600917816, labeled_loss: 0.24664516746997833, unnlabeled_loss: 0.0, mixup_loss: -1.635602355003357, energy_loss: 0.0
2026-08-20 15:57:02,638 INFO Best AUROC test all: 0.7657794395584027, AUPR test all: 0.48950138287906203, AUROC test unknown: 0.7596179304251006, AUPR test unknown: 0.45747170788518055
2026-08-20 15:57:48,029 INFO Epoch: 5, loss: 0.039123982191085815, labeled_loss: 0.21312503516674042, unnlabeled_loss: 0.0, mixup_loss: -1.7400104999542236, energy_loss: 0.0
2026-08-20 15:57:48,030 INFO Best AUROC test all: 0.7657794395584027, AUPR test all: 0.48950138287906203, AUROC test unknown: 0.7596179304251006, AUPR test unknown: 0.45747170788518055
2026-08-20 15:58:33,183 INFO Epoch: 6, loss: 0.049108490347862244, labeled_loss: 0.20318584144115448, unnlabeled_loss: 0.05455683916807175, mixup_loss: -1.813557744026184, energy_loss: 0.0
2026-08-20 15:58:33,183 INFO Best AUROC test all: 0.7657794395584027, AUPR test all: 0.4922416156742111, AUROC test unknown: 0.7596179304251006, AUPR test unknown: 0.45747170788518055
2026-08-20 15:59:18,522 INFO Epoch: 7, loss: 0.027093008160591125, labeled_loss: 0.20356494188308716, unnlabeled_loss: 0.02207806147634983, mixup_loss: -1.8751096725463867, energy_loss: 0.0
2026-08-20 15:59:18,522 INFO Best AUROC test all: 0.7657794395584027, AUPR test all: 0.4981054685529347, AUROC test unknown: 0.7596179304251006, AUPR test unknown: 0.45747170788518055
2026-08-20 16:00:03,691 INFO Epoch: 8, loss: 0.03244045376777649, labeled_loss: 0.21482127904891968, unnlabeled_loss: 0.017265956848859787, mixup_loss: -1.9101380109786987, energy_loss: 0.0
2026-08-20 16:00:03,691 INFO Best AUROC test all: 0.7657794395584027, AUPR test all: 0.501784073523429, AUROC test unknown: 0.7596179304251006, AUPR test unknown: 0.45747170788518055
2026-08-20 16:00:48,881 INFO Epoch: 9, loss: 0.03511880338191986, labeled_loss: 0.2233111411333084, unnlabeled_loss: 0.012297253124415874, mixup_loss: -1.9434095621109009, energy_loss: 0.0
2026-08-20 16:00:48,881 INFO Best AUROC test all: 0.7667334220440853, AUPR test all: 0.5060192298836805, AUROC test unknown: 0.7596179304251006, AUPR test unknown: 0.45747170788518055
2026-08-20 16:01:33,907 INFO Epoch: 10, loss: 0.03902652859687805, labeled_loss: 0.2296891063451767, unnlabeled_loss: 0.009462783113121986, mixup_loss: -1.9539395570755005, energy_loss: 0.0
2026-08-20 16:01:33,907 INFO Best AUROC test all: 0.770889822810009, AUPR test all: 0.5096261081309122, AUROC test unknown: 0.7596179304251006, AUPR test unknown: 0.45747170788518055
2026-08-20 16:02:18,944 INFO Epoch: 11, loss: 0.02872641384601593, labeled_loss: 0.2215653359889984, unnlabeled_loss: 0.00818579364567995, mixup_loss: -1.9693182706832886, energy_loss: 0.0
2026-08-20 16:02:18,945 INFO Best AUROC test all: 0.7728590451159947, AUPR test all: 0.5096261081309122, AUROC test unknown: 0.7606579184588045, AUPR test unknown: 0.45747170788518055
2026-08-20 16:03:04,140 INFO Epoch: 12, loss: 0.02883249521255493, labeled_loss: 0.22136026620864868, unnlabeled_loss: 0.008107675239443779, mixup_loss: -1.9658160209655762, energy_loss: 0.0
2026-08-20 16:03:04,141 INFO Best AUROC test all: 0.7757178740512772, AUPR test all: 0.5106488321553568, AUROC test unknown: 0.7636235193194267, AUPR test unknown: 0.45747170788518055
2026-08-20 16:03:49,287 INFO Epoch: 13, loss: 0.021672815084457397, labeled_loss: 0.2146860510110855, unnlabeled_loss: 0.008427691645920277, mixup_loss: -1.9722707271575928, energy_loss: 0.0
2026-08-20 16:03:49,287 INFO Best AUROC test all: 0.7790024410022138, AUPR test all: 0.5114226247803546, AUROC test unknown: 0.7664949945616749, AUPR test unknown: 0.45747170788518055
2026-08-20 16:04:34,372 INFO Epoch: 14, loss: 0.017049923539161682, labeled_loss: 0.20965470373630524, unnlabeled_loss: 0.008846689015626907, mixup_loss: -1.9702812433242798, energy_loss: 0.0
2026-08-20 16:04:34,373 INFO Best AUROC test all: 0.7813409367616222, AUPR test all: 0.5114226247803546, AUROC test unknown: 0.7685852033973186, AUPR test unknown: 0.45747170788518055
2026-08-20 16:05:19,458 INFO Epoch: 15, loss: -0.0030536949634552, labeled_loss: 0.18822365999221802, unnlabeled_loss: 0.010907740332186222, mixup_loss: -1.967312216758728, energy_loss: 0.0
2026-08-20 16:05:19,458 INFO Best AUROC test all: 0.7818857213559406, AUPR test all: 0.5114226247803546, AUROC test unknown: 0.7691650635659959, AUPR test unknown: 0.45747170788518055
2026-08-20 16:06:04,609 INFO Epoch: 16, loss: -0.01465579867362976, labeled_loss: 0.176095113158226, unnlabeled_loss: 0.011905258521437645, mixup_loss: -1.9670354127883911, energy_loss: 0.0
2026-08-20 16:06:04,609 INFO Best AUROC test all: 0.7840954746017561, AUPR test all: 0.5114226247803546, AUROC test unknown: 0.7710895174056118, AUPR test unknown: 0.45747170788518055
2026-08-20 16:06:49,809 INFO Epoch: 17, loss: -0.01899382472038269, labeled_loss: 0.17151139676570892, unnlabeled_loss: 0.01269019115716219, mixup_loss: -1.9685031175613403, energy_loss: 0.0
2026-08-20 16:06:49,809 INFO Best AUROC test all: 0.7840954746017561, AUPR test all: 0.5114226247803546, AUROC test unknown: 0.7710895174056118, AUPR test unknown: 0.45747170788518055
2026-08-20 16:07:34,828 INFO Epoch: 18, loss: -0.02784198522567749, labeled_loss: 0.1620611697435379, unnlabeled_loss: 0.013587593100965023, mixup_loss: -1.9669694900512695, energy_loss: 0.0
2026-08-20 16:07:34,828 INFO Best AUROC test all: 0.7858134305257286, AUPR test all: 0.5114226247803546, AUROC test unknown: 0.773183629155762, AUPR test unknown: 0.45747170788518055
2026-08-20 16:08:19,882 INFO Epoch: 19, loss: -0.03399628400802612, labeled_loss: 0.15599481761455536, unnlabeled_loss: 0.013831725344061852, mixup_loss: -1.9690697193145752, energy_loss: 0.0
2026-08-20 16:08:19,882 INFO Best AUROC test all: 0.7858134305257286, AUPR test all: 0.5114226247803546, AUROC test unknown: 0.773183629155762, AUPR test unknown: 0.45747170788518055
2026-08-20 16:09:05,094 INFO Epoch: 20, loss: -0.04009023308753967, labeled_loss: 0.1500180959701538, unnlabeled_loss: 0.013976017944514751, mixup_loss: -1.9709632396697998, energy_loss: 0.0
2026-08-20 16:09:05,094 INFO Best AUROC test all: 0.7858134305257286, AUPR test all: 0.5114226247803546, AUROC test unknown: 0.773183629155762, AUPR test unknown: 0.45747170788518055
2026-08-20 16:09:50,454 INFO Epoch: 21, loss: -0.04852589964866638, labeled_loss: 0.14130696654319763, unnlabeled_loss: 0.014326000586152077, mixup_loss: -1.9699586629867554, energy_loss: 0.0
2026-08-20 16:09:50,454 INFO Best AUROC test all: 0.7858134305257286, AUPR test all: 0.5114226247803546, AUROC test unknown: 0.773183629155762, AUPR test unknown: 0.45747170788518055
2026-08-20 16:10:35,776 INFO Epoch: 22, loss: -0.05295883119106293, labeled_loss: 0.13666264712810516, unnlabeled_loss: 0.015253753401339054, mixup_loss: -1.972483515739441, energy_loss: 0.0
2026-08-20 16:10:35,776 INFO Best AUROC test all: 0.7858134305257286, AUPR test all: 0.5114226247803546, AUROC test unknown: 0.773183629155762, AUPR test unknown: 0.45747170788518055
2026-08-20 16:11:20,955 INFO Epoch: 23, loss: -0.059464141726493835, labeled_loss: 0.13067594170570374, unnlabeled_loss: 0.014046730473637581, mixup_loss: -1.9716345071792603, energy_loss: 0.0
2026-08-20 16:11:20,956 INFO Best AUROC test all: 0.7858134305257286, AUPR test all: 0.5114226247803546, AUROC test unknown: 0.773183629155762, AUPR test unknown: 0.45747170788518055
2026-08-20 16:12:06,039 INFO Epoch: 24, loss: -0.0644989162683487, labeled_loss: 0.12629923224449158, unnlabeled_loss: 0.013433771207928658, mixup_loss: -1.9751503467559814, energy_loss: 0.0
2026-08-20 16:12:06,040 INFO Best AUROC test all: 0.7858134305257286, AUPR test all: 0.5114226247803546, AUROC test unknown: 0.773183629155762, AUPR test unknown: 0.45747170788518055
2026-08-20 16:12:51,230 INFO Epoch: 25, loss: -0.06855249404907227, labeled_loss: 0.12170533090829849, unnlabeled_loss: 0.014728096313774586, mixup_loss: -1.976218581199646, energy_loss: 0.0
2026-08-20 16:12:51,231 INFO Best AUROC test all: 0.7859543803501852, AUPR test all: 0.5114226247803546, AUROC test unknown: 0.773183629155762, AUPR test unknown: 0.45747170788518055
2026-08-20 16:13:36,403 INFO Epoch: 26, loss: -0.07718920707702637, labeled_loss: 0.11446233838796616, unnlabeled_loss: 0.012181559577584267, mixup_loss: -1.9774231910705566, energy_loss: 0.0
2026-08-20 16:13:36,403 INFO Best AUROC test all: 0.7863899430892776, AUPR test all: 0.5114226247803546, AUROC test unknown: 0.773183629155762, AUPR test unknown: 0.45747170788518055
2026-08-20 16:14:21,566 INFO Epoch: 27, loss: -0.08310259878635406, labeled_loss: 0.10794976353645325, unnlabeled_loss: 0.013619955629110336, mixup_loss: -1.978623390197754, energy_loss: 0.0
2026-08-20 16:14:21,566 INFO Best AUROC test all: 0.7868721456671637, AUPR test all: 0.5114226247803546, AUROC test unknown: 0.7737700965426516, AUPR test unknown: 0.45747170788518055
2026-08-20 16:15:06,733 INFO Epoch: 28, loss: -0.09058697521686554, labeled_loss: 0.10152440518140793, unnlabeled_loss: 0.01215014886111021, mixup_loss: -1.98186457157135, energy_loss: 0.0
2026-08-20 16:15:06,734 INFO Best AUROC test all: 0.787185423716496, AUPR test all: 0.5114226247803546, AUROC test unknown: 0.7741316510517067, AUPR test unknown: 0.45747170788518055
2026-08-20 16:15:51,779 INFO Epoch: 29, loss: -0.09431914240121841, labeled_loss: 0.09776698797941208, unnlabeled_loss: 0.011721344664692879, mixup_loss: -1.9794679880142212, energy_loss: 0.0
2026-08-20 16:15:51,780 INFO Best AUROC test all: 0.7881007972468697, AUPR test all: 0.5116326966023926, AUROC test unknown: 0.7751447446364642, AUPR test unknown: 0.45747170788518055
2026-08-20 16:16:36,989 INFO Epoch: 30, loss: -0.10068539530038834, labeled_loss: 0.09286829829216003, unnlabeled_loss: 0.009618540294468403, mixup_loss: -1.983629584312439, energy_loss: 0.0
2026-08-20 16:16:36,989 INFO Best AUROC test all: 0.789741158093875, AUPR test all: 0.517940553078759, AUROC test unknown: 0.7770837997349188, AUPR test unknown: 0.45747170788518055
2026-08-20 16:17:22,099 INFO Epoch: 31, loss: -0.11045538634061813, labeled_loss: 0.08347446471452713, unnlabeled_loss: 0.00878220982849598, mixup_loss: -1.983209490776062, energy_loss: 0.0
2026-08-20 16:17:22,100 INFO Best AUROC test all: 0.793614840483932, AUPR test all: 0.5268821186032668, AUROC test unknown: 0.7805381762492793, AUPR test unknown: 0.45747170788518055
2026-08-20 16:18:07,251 INFO Epoch: 32, loss: -0.10751325637102127, labeled_loss: 0.08669056743383408, unnlabeled_loss: 0.008455722592771053, mixup_loss: -1.9843168258666992, energy_loss: 0.0
2026-08-20 16:18:07,252 INFO Best AUROC test all: 0.793614840483932, AUPR test all: 0.5268821186032668, AUROC test unknown: 0.7805381762492793, AUPR test unknown: 0.45747170788518055
2026-08-20 16:18:52,377 INFO Epoch: 33, loss: -0.12039828300476074, labeled_loss: 0.07448115944862366, unnlabeled_loss: 0.007534531410783529, mixup_loss: -1.9864670038223267, energy_loss: 0.0
2026-08-20 16:18:52,378 INFO Best AUROC test all: 0.7954045500060485, AUPR test all: 0.5315537097300063, AUROC test unknown: 0.7825646308774029, AUPR test unknown: 0.45747170788518055
2026-08-20 16:19:37,557 INFO Epoch: 34, loss: -0.12462221086025238, labeled_loss: 0.07044870406389236, unnlabeled_loss: 0.006928729824721813, mixup_loss: -1.9853527545928955, energy_loss: 0.0
2026-08-20 16:19:37,558 INFO Best AUROC test all: 0.7963881998448099, AUPR test all: 0.5338819516656106, AUROC test unknown: 0.783859625835313, AUPR test unknown: 0.45747170788518055
2026-08-20 16:20:22,651 INFO Epoch: 35, loss: -0.1309291124343872, labeled_loss: 0.06410029530525208, unnlabeled_loss: 0.006698350887745619, mixup_loss: -1.9837857484817505, energy_loss: 0.0
2026-08-20 16:20:22,651 INFO Best AUROC test all: 0.7982586873599138, AUPR test all: 0.5354645812585487, AUROC test unknown: 0.7854908063579864, AUPR test unknown: 0.45747170788518055
2026-08-20 16:21:07,974 INFO Epoch: 36, loss: -0.13919392228126526, labeled_loss: 0.05639766529202461, unnlabeled_loss: 0.006034749560058117, mixup_loss: -1.9860895872116089, energy_loss: 0.0
2026-08-20 16:21:07,974 INFO Best AUROC test all: 0.7992558231954545, AUPR test all: 0.5374135046610853, AUROC test unknown: 0.7865947962460698, AUPR test unknown: 0.4588497290838556
2026-08-20 16:21:53,118 INFO Epoch: 37, loss: -0.13858667016029358, labeled_loss: 0.05734000355005264, unnlabeled_loss: 0.005686370190232992, mixup_loss: -1.9876985549926758, energy_loss: 0.0
2026-08-20 16:21:53,118 INFO Best AUROC test all: 0.8017005786743706, AUPR test all: 0.5376792210684004, AUROC test unknown: 0.7890280356056749, AUPR test unknown: 0.4594165132750252
2026-08-20 16:22:38,240 INFO Epoch: 38, loss: -0.14903216063976288, labeled_loss: 0.04681091755628586, unnlabeled_loss: 0.005648310296237469, mixup_loss: -1.986672282218933, energy_loss: 0.0
2026-08-20 16:22:38,241 INFO Best AUROC test all: 0.8026163385702727, AUPR test all: 0.5376792210684004, AUROC test unknown: 0.7900908566798284, AUPR test unknown: 0.4595932712586747
2026-08-20 16:23:23,352 INFO Epoch: 39, loss: -0.15085306763648987, labeled_loss: 0.04543882980942726, unnlabeled_loss: 0.004738538060337305, mixup_loss: -1.9866116046905518, energy_loss: 0.0
2026-08-20 16:23:23,353 INFO Best AUROC test all: 0.8052980189107528, AUPR test all: 0.5414928362498945, AUROC test unknown: 0.7928482063433258, AUPR test unknown: 0.4633454475508744
2026-08-20 16:24:08,470 INFO Epoch: 40, loss: -0.15526045858860016, labeled_loss: 0.04109573736786842, unnlabeled_loss: 0.005161368753761053, mixup_loss: -1.9893687963485718, energy_loss: 0.0
2026-08-20 16:24:08,470 INFO Best AUROC test all: 0.8065926654023927, AUPR test all: 0.5464349606236442, AUROC test unknown: 0.7942254299644775, AUPR test unknown: 0.4678963124434915
2026-08-20 16:24:53,579 INFO Epoch: 41, loss: -0.15980808436870575, labeled_loss: 0.03694317862391472, unnlabeled_loss: 0.00427070539444685, mixup_loss: -1.9888660907745361, energy_loss: 0.0
2026-08-20 16:24:53,580 INFO Best AUROC test all: 0.8068662029973687, AUPR test all: 0.5464349606236442, AUROC test unknown: 0.7945205358681805, AUPR test unknown: 0.46878444909231215
2026-08-20 16:25:38,654 INFO Epoch: 42, loss: -0.1616605967283249, labeled_loss: 0.034629929810762405, unnlabeled_loss: 0.004814031533896923, mixup_loss: -1.9869753122329712, energy_loss: 0.0
2026-08-20 16:25:38,654 INFO Best AUROC test all: 0.8068662029973687, AUPR test all: 0.5472597563573222, AUROC test unknown: 0.7945205358681805, AUPR test unknown: 0.46933938224440036
2026-08-20 16:26:23,718 INFO Epoch: 43, loss: -0.16306862235069275, labeled_loss: 0.033929627388715744, unnlabeled_loss: 0.0035586575977504253, mixup_loss: -1.9877756834030151, energy_loss: 0.0
2026-08-20 16:26:23,718 INFO Best AUROC test all: 0.8068662029973687, AUPR test all: 0.5483156311759543, AUROC test unknown: 0.7945205358681805, AUPR test unknown: 0.47018801874862753
2026-08-20 16:27:08,875 INFO Epoch: 44, loss: -0.1707037091255188, labeled_loss: 0.02653924562036991, unnlabeled_loss: 0.0031793073285371065, mixup_loss: -1.9883261919021606, energy_loss: 0.0
2026-08-20 16:27:08,876 INFO Best AUROC test all: 0.8068662029973687, AUPR test all: 0.5483156311759543, AUROC test unknown: 0.7945205358681805, AUPR test unknown: 0.47018801874862753
2026-08-20 16:27:53,994 INFO Epoch: 45, loss: -0.1727166771888733, labeled_loss: 0.0244648065418005, unnlabeled_loss: 0.003742377506569028, mixup_loss: -1.9905266761779785, energy_loss: 0.0
2026-08-20 16:27:53,994 INFO Best AUROC test all: 0.8068662029973687, AUPR test all: 0.5483156311759543, AUROC test unknown: 0.7945205358681805, AUPR test unknown: 0.47018801874862753
2026-08-20 16:28:39,204 INFO Epoch: 46, loss: -0.17815572023391724, labeled_loss: 0.01898477040231228, unnlabeled_loss: 0.0034341595601290464, mixup_loss: -1.9885756969451904, energy_loss: 0.0
2026-08-20 16:28:39,204 INFO Best AUROC test all: 0.8068662029973687, AUPR test all: 0.5483156311759543, AUROC test unknown: 0.7945205358681805, AUPR test unknown: 0.47018801874862753
2026-08-20 16:29:24,376 INFO Epoch: 47, loss: -0.18034741282463074, labeled_loss: 0.01656891033053398, unnlabeled_loss: 0.00426354119554162, mixup_loss: -1.990480899810791, energy_loss: 0.0
2026-08-20 16:29:24,377 INFO Best AUROC test all: 0.8068662029973687, AUPR test all: 0.5483156311759543, AUROC test unknown: 0.7945205358681805, AUPR test unknown: 0.47018801874862753
2026-08-20 16:30:09,488 INFO Epoch: 48, loss: -0.18563827872276306, labeled_loss: 0.011738302186131477, unnlabeled_loss: 0.0035301551688462496, mixup_loss: -1.991416573524475, energy_loss: 0.0
2026-08-20 16:30:09,489 INFO Best AUROC test all: 0.8068662029973687, AUPR test all: 0.5483156311759543, AUROC test unknown: 0.7945205358681805, AUPR test unknown: 0.47018801874862753
2026-08-20 16:30:54,478 INFO Epoch: 49, loss: -0.17549486458301544, labeled_loss: 0.013099903240799904, unnlabeled_loss: 0.021286655217409134, mixup_loss: -1.9923808574676514, energy_loss: 0.0
2026-08-20 16:30:54,478 INFO Best AUROC test all: 0.8077020036272363, AUPR test all: 0.5508447224108184, AUROC test unknown: 0.7949778504648827, AUPR test unknown: 0.4728714021952943
2026-08-20 16:31:38,905 INFO Epoch: 50, loss: -0.17344343662261963, labeled_loss: 0.00835783313959837, unnlabeled_loss: 0.03490010276436806, mixup_loss: -1.9925131797790527, energy_loss: 0.0
2026-08-20 16:31:38,905 INFO Best AUROC test all: 0.8108412603427524, AUPR test all: 0.5508447224108184, AUROC test unknown: 0.7982757339757623, AUPR test unknown: 0.4728714021952943
2026-08-20 16:32:23,870 INFO Epoch: 51, loss: -0.16165772080421448, labeled_loss: 0.010302498936653137, unnlabeled_loss: 0.054726168513298035, mixup_loss: -1.99323308467865, energy_loss: 0.0
2026-08-20 16:32:23,871 INFO Best AUROC test all: 0.814738511030046, AUPR test all: 0.5550802314416123, AUROC test unknown: 0.8023324371818975, AUPR test unknown: 0.47855233797076213
2026-08-20 16:33:09,016 INFO Epoch: 52, loss: -0.14649608731269836, labeled_loss: 0.006143868435174227, unnlabeled_loss: 0.09335210174322128, mixup_loss: -1.9931601285934448, energy_loss: 0.0
2026-08-20 16:33:09,016 INFO Best AUROC test all: 0.819809908159994, AUPR test all: 0.5616520033502527, AUROC test unknown: 0.8075772707731139, AUPR test unknown: 0.48351749328792654
2026-08-20 16:33:54,148 INFO Epoch: 53, loss: -0.14438705146312714, labeled_loss: 0.004834073595702648, unnlabeled_loss: 0.10016302764415741, mixup_loss: -1.9930263757705688, energy_loss: 0.0
2026-08-20 16:33:54,148 INFO Best AUROC test all: 0.8278682971905247, AUPR test all: 0.5675211569126749, AUROC test unknown: 0.8164124984398248, AUPR test unknown: 0.4919227911210857
2026-08-20 16:34:39,199 INFO Epoch: 54, loss: -0.12434299290180206, labeled_loss: 0.023355787619948387, unnlabeled_loss: 0.10353223979473114, mixup_loss: -1.9946489334106445, energy_loss: 0.0
2026-08-20 16:34:39,199 INFO Best AUROC test all: 0.8439012247327294, AUPR test all: 0.5969723644854195, AUROC test unknown: 0.8332963778179735, AUPR test unknown: 0.5233890751867792
2026-08-20 16:35:24,350 INFO Epoch: 55, loss: -0.1402084082365036, labeled_loss: 0.012725654058158398, unnlabeled_loss: 0.09308984130620956, mixup_loss: -1.9947898387908936, energy_loss: 0.0
2026-08-20 16:35:24,350 INFO Best AUROC test all: 0.8527101196031289, AUPR test all: 0.6205120033029059, AUROC test unknown: 0.8431374281576459, AUPR test unknown: 0.5502449832425476
2026-08-20 16:36:09,382 INFO Epoch: 56, loss: -0.16463728249073029, labeled_loss: 0.01937953010201454, unnlabeled_loss: 0.03061818517744541, mixup_loss: -1.993259072303772, energy_loss: 0.0
2026-08-20 16:36:09,382 INFO Best AUROC test all: 0.8607105354060309, AUPR test all: 0.6426893003611178, AUROC test unknown: 0.8516193330969133, AUPR test unknown: 0.5750902671501519
2026-08-20 16:36:54,445 INFO Epoch: 57, loss: -0.1779385656118393, labeled_loss: 0.009260754100978374, unnlabeled_loss: 0.024314552545547485, mixup_loss: -1.9935659170150757, energy_loss: 0.0
2026-08-20 16:36:54,446 INFO Best AUROC test all: 0.8632672356972311, AUPR test all: 0.6569600855849391, AUROC test unknown: 0.8543889066093975, AUPR test unknown: 0.5923014239325051
2026-08-20 16:37:39,527 INFO Epoch: 58, loss: -0.18323615193367004, labeled_loss: 0.002618401078507304, unnlabeled_loss: 0.02654857374727726, mixup_loss: -1.9912883043289185, energy_loss: 0.0
2026-08-20 16:37:39,527 INFO Best AUROC test all: 0.8639353260902063, AUPR test all: 0.6685431284592531, AUROC test unknown: 0.8553658536585366, AUPR test unknown: 0.6059512207106765
2026-08-20 16:38:24,576 INFO Epoch: 59, loss: -0.1554524004459381, labeled_loss: 0.002355070784687996, unnlabeled_loss: 0.08286545425653458, mixup_loss: -1.9924019575119019, energy_loss: 0.0
2026-08-20 16:38:24,576 INFO Best AUROC test all: 0.865718182223782, AUPR test all: 0.6786977059705503, AUROC test unknown: 0.8574306143028938, AUPR test unknown: 0.6183289710707105
2026-08-20 16:39:09,819 INFO Epoch: 60, loss: -0.18644098937511444, labeled_loss: 0.002528047189116478, unnlabeled_loss: 0.020706523209810257, mixup_loss: -1.993222951889038, energy_loss: 0.0
2026-08-20 16:39:09,819 INFO Best AUROC test all: 0.8669151518301537, AUPR test all: 0.6869880681459305, AUROC test unknown: 0.8586593488670652, AUPR test unknown: 0.6286412757080391
2026-08-20 16:39:54,532 INFO Epoch: 61, loss: -0.1879412829875946, labeled_loss: 0.002869839547201991, unnlabeled_loss: 0.01692652516067028, mixup_loss: -1.9927438497543335, energy_loss: 0.0
2026-08-20 16:39:54,532 INFO Best AUROC test all: 0.868902183747166, AUPR test all: 0.6926947922706497, AUROC test unknown: 0.8608050504109946, AUPR test unknown: 0.6352147808479613
2026-08-20 16:40:39,599 INFO Epoch: 62, loss: -0.18320980668067932, labeled_loss: 0.0042199003510177135, unnlabeled_loss: 0.023656414821743965, mixup_loss: -1.9925791025161743, energy_loss: 0.0
2026-08-20 16:40:39,600 INFO Best AUROC test all: 0.8689549134426227, AUPR test all: 0.6931182271546252, AUROC test unknown: 0.8610682693050634, AUPR test unknown: 0.6363376298001564
2026-08-20 16:41:24,692 INFO Epoch: 63, loss: -0.18993216753005981, labeled_loss: 0.0038572154007852077, unnlabeled_loss: 0.011161142960190773, mixup_loss: -1.9936994314193726, energy_loss: 0.0
2026-08-20 16:41:24,692 INFO Best AUROC test all: 0.8710695839717181, AUPR test all: 0.7008237209126376, AUROC test unknown: 0.8630528518021757, AUPR test unknown: 0.6446838872590672
2026-08-20 16:42:09,819 INFO Epoch: 64, loss: -0.1828688681125641, labeled_loss: 0.008626963011920452, unnlabeled_loss: 0.015733353793621063, mixup_loss: -1.9936250448226929, energy_loss: 0.0
2026-08-20 16:42:09,820 INFO Best AUROC test all: 0.8735040271706959, AUPR test all: 0.7035859913177045, AUROC test unknown: 0.8658294981089686, AUPR test unknown: 0.6486948770402006
2026-08-20 16:42:54,999 INFO Epoch: 65, loss: -0.18750272691249847, labeled_loss: 0.004712150432169437, unnlabeled_loss: 0.014158995822072029, mixup_loss: -1.9929437637329102, energy_loss: 0.0
2026-08-20 16:42:54,999 INFO Best AUROC test all: 0.8735040271706959, AUPR test all: 0.7035859913177045, AUROC test unknown: 0.8658294981089686, AUPR test unknown: 0.6486948770402006
2026-08-20 16:43:40,124 INFO Epoch: 66, loss: -0.14959388971328735, labeled_loss: 0.0032107681035995483, unnlabeled_loss: 0.09329929947853088, mixup_loss: -1.9945430755615234, energy_loss: 0.0
2026-08-20 16:43:40,125 INFO Best AUROC test all: 0.8762442878846348, AUPR test all: 0.7056489270840192, AUROC test unknown: 0.8687091655093303, AUPR test unknown: 0.6492320592510844
2026-08-20 16:44:25,236 INFO Epoch: 67, loss: -0.15241311490535736, labeled_loss: 0.004246698226779699, unnlabeled_loss: 0.08571532368659973, mixup_loss: -1.9951746463775635, energy_loss: 0.0
2026-08-20 16:44:25,236 INFO Best AUROC test all: 0.8808909497094669, AUPR test all: 0.7095971143751061, AUROC test unknown: 0.873476218967372, AUPR test unknown: 0.6531552646040766
2026-08-20 16:45:10,410 INFO Epoch: 68, loss: -0.18097981810569763, labeled_loss: 0.008394107222557068, unnlabeled_loss: 0.02003364823758602, mixup_loss: -1.9939075708389282, energy_loss: 0.0
2026-08-20 16:45:10,410 INFO Best AUROC test all: 0.8849660389300066, AUPR test all: 0.7162461428789588, AUROC test unknown: 0.878056883493049, AUPR test unknown: 0.6606063999650376
2026-08-20 16:45:55,538 INFO Epoch: 69, loss: -0.1837853044271469, labeled_loss: 0.008415483869612217, unnlabeled_loss: 0.01470513641834259, mixup_loss: -1.9955335855484009, energy_loss: 0.0
2026-08-20 16:45:55,539 INFO Best AUROC test all: 0.8862033929332825, AUPR test all: 0.7183685321295598, AUROC test unknown: 0.8791146327595191, AUPR test unknown: 0.6642424093001986
2026-08-20 16:46:40,595 INFO Epoch: 70, loss: -0.17803654074668884, labeled_loss: 0.005251006688922644, unnlabeled_loss: 0.032255690544843674, mixup_loss: -1.9941538572311401, energy_loss: 0.0
2026-08-20 16:46:40,595 INFO Best AUROC test all: 0.8862033929332825, AUPR test all: 0.7183685321295598, AUROC test unknown: 0.8791146327595191, AUPR test unknown: 0.6642424093001986
2026-08-20 16:47:25,717 INFO Epoch: 71, loss: -0.18429875373840332, labeled_loss: 0.003950511571019888, unnlabeled_loss: 0.022258028388023376, mixup_loss: -1.9937827587127686, energy_loss: 0.0
2026-08-20 16:47:25,717 INFO Best AUROC test all: 0.8862033929332825, AUPR test all: 0.7183685321295598, AUROC test unknown: 0.8791146327595191, AUPR test unknown: 0.6642424093001986
2026-08-20 16:48:10,883 INFO Epoch: 72, loss: -0.15814316272735596, labeled_loss: 0.0025666060391813517, unnlabeled_loss: 0.07755361497402191, mixup_loss: -1.9948656558990479, energy_loss: 0.0
2026-08-20 16:48:10,883 INFO Best AUROC test all: 0.8862033929332825, AUPR test all: 0.7183685321295598, AUROC test unknown: 0.8791146327595191, AUPR test unknown: 0.6642424093001986
2026-08-20 16:48:56,005 INFO Epoch: 73, loss: -0.1848229169845581, labeled_loss: 0.0023976939264684916, unnlabeled_loss: 0.024578528478741646, mixup_loss: -1.9950987100601196, energy_loss: 0.0
2026-08-20 16:48:56,006 INFO Best AUROC test all: 0.8862033929332825, AUPR test all: 0.7183685321295598, AUROC test unknown: 0.8791146327595191, AUPR test unknown: 0.6642424093001986
2026-08-20 16:49:41,083 INFO Epoch: 74, loss: -0.15435390174388885, labeled_loss: 0.0017884379485622048, unnlabeled_loss: 0.08689998835325241, mixup_loss: -1.9959232807159424, energy_loss: 0.0
2026-08-20 16:49:41,084 INFO Best AUROC test all: 0.8862033929332825, AUPR test all: 0.7183685321295598, AUROC test unknown: 0.8791146327595191, AUPR test unknown: 0.6642424093001986
2026-08-20 16:50:26,211 INFO Epoch: 75, loss: -0.18957112729549408, labeled_loss: 0.0018622217467054725, unnlabeled_loss: 0.01630391925573349, mixup_loss: -1.9958529472351074, energy_loss: 0.0
2026-08-20 16:50:26,211 INFO Best AUROC test all: 0.8862033929332825, AUPR test all: 0.7183685321295598, AUROC test unknown: 0.8791146327595191, AUPR test unknown: 0.6642424093001986
2026-08-20 16:51:11,324 INFO Epoch: 76, loss: -0.1501007080078125, labeled_loss: 0.0021185672376304865, unnlabeled_loss: 0.09458839148283005, mixup_loss: -1.995134711265564, energy_loss: 0.0
2026-08-20 16:51:11,324 INFO Best AUROC test all: 0.8862033929332825, AUPR test all: 0.7183685321295598, AUROC test unknown: 0.8791146327595191, AUPR test unknown: 0.6642424093001986
2026-08-20 16:51:56,387 INFO Epoch: 77, loss: -0.15401068329811096, labeled_loss: 0.002003202447667718, unnlabeled_loss: 0.08719265460968018, mixup_loss: -1.9961020946502686, energy_loss: 0.0
2026-08-20 16:51:56,387 INFO Best AUROC test all: 0.8862033929332825, AUPR test all: 0.7183685321295598, AUROC test unknown: 0.8791146327595191, AUPR test unknown: 0.6642424093001986
2026-08-20 16:52:41,608 INFO Epoch: 78, loss: -0.16985902190208435, labeled_loss: 0.004505166318267584, unnlabeled_loss: 0.050367891788482666, mixup_loss: -1.9954813718795776, energy_loss: 0.0
2026-08-20 16:52:41,608 INFO Best AUROC test all: 0.8862033929332825, AUPR test all: 0.7183685321295598, AUROC test unknown: 0.8791146327595191, AUPR test unknown: 0.6642424093001986
2026-08-20 16:53:26,606 INFO Epoch: 79, loss: -0.15748998522758484, labeled_loss: 0.005071466322988272, unnlabeled_loss: 0.07382943481206894, mixup_loss: -1.99476158618927, energy_loss: 0.0
2026-08-20 16:53:26,606 INFO Best AUROC test all: 0.8888207618116312, AUPR test all: 0.7253565511960837, AUROC test unknown: 0.8819427995189706, AUPR test unknown: 0.6732117090215596
2026-08-20 16:54:11,780 INFO Epoch: 80, loss: -0.14846403896808624, labeled_loss: 0.005326278042048216, unnlabeled_loss: 0.09143073111772537, mixup_loss: -1.9950568675994873, energy_loss: 0.0
2026-08-20 16:54:11,780 INFO Best AUROC test all: 0.8920322412834326, AUPR test all: 0.7314023513407713, AUROC test unknown: 0.8854684289877583, AUPR test unknown: 0.6807007328910143
2026-08-20 16:54:56,890 INFO Epoch: 81, loss: -0.15222720801830292, labeled_loss: 0.010705246590077877, unnlabeled_loss: 0.07339701801538467, mixup_loss: -1.996309518814087, energy_loss: 0.0
2026-08-20 16:54:56,890 INFO Best AUROC test all: 0.8965673262631508, AUPR test all: 0.7394239926418475, AUROC test unknown: 0.8899853492117896, AUPR test unknown: 0.6912556055025532
2026-08-20 16:55:41,965 INFO Epoch: 82, loss: -0.14010076224803925, labeled_loss: 0.010878020897507668, unnlabeled_loss: 0.09713912755250931, mixup_loss: -1.9954835176467896, energy_loss: 0.0
2026-08-20 16:55:41,965 INFO Best AUROC test all: 0.8995225717961444, AUPR test all: 0.7479914345877035, AUROC test unknown: 0.8932913654455366, AUPR test unknown: 0.7019030620230668
2026-08-20 16:56:27,042 INFO Epoch: 83, loss: -0.1671251356601715, labeled_loss: 0.0102683175355196, unnlabeled_loss: 0.04426268860697746, mixup_loss: -1.9952479600906372, energy_loss: 0.0
2026-08-20 16:56:27,042 INFO Best AUROC test all: 0.8995225717961444, AUPR test all: 0.7525021125614005, AUROC test unknown: 0.8932913654455366, AUPR test unknown: 0.7086881941262332
2026-08-20 16:57:12,202 INFO Epoch: 84, loss: -0.1668388694524765, labeled_loss: 0.006010393612086773, unnlabeled_loss: 0.05356292426586151, mixup_loss: -1.9963072538375854, energy_loss: 0.0
2026-08-20 16:57:12,202 INFO Best AUROC test all: 0.8995225717961444, AUPR test all: 0.7556102229271399, AUROC test unknown: 0.8932913654455366, AUPR test unknown: 0.713773893941514
2026-08-20 16:57:57,281 INFO Epoch: 85, loss: -0.18497981131076813, labeled_loss: 0.0038090203888714314, unnlabeled_loss: 0.021724801510572433, mixup_loss: -1.9965121746063232, energy_loss: 0.0
2026-08-20 16:57:57,282 INFO Best AUROC test all: 0.8995225717961444, AUPR test all: 0.7592622580870632, AUROC test unknown: 0.8932913654455366, AUPR test unknown: 0.7202742001712696
2026-08-20 16:58:42,405 INFO Epoch: 86, loss: -0.14126868546009064, labeled_loss: 0.003406750736758113, unnlabeled_loss: 0.10974380373954773, mixup_loss: -1.9954733848571777, energy_loss: 0.0
2026-08-20 16:58:42,405 INFO Best AUROC test all: 0.8995225717961444, AUPR test all: 0.7655808224551914, AUROC test unknown: 0.8932913654455366, AUPR test unknown: 0.7293870111340894
2026-08-20 16:59:27,471 INFO Epoch: 87, loss: -0.17055657505989075, labeled_loss: 0.002448429586365819, unnlabeled_loss: 0.05321494862437248, mixup_loss: -1.9961248636245728, energy_loss: 0.0
2026-08-20 16:59:27,471 INFO Best AUROC test all: 0.9010501599047334, AUPR test all: 0.7707236608928343, AUROC test unknown: 0.8953083896812487, AUPR test unknown: 0.7361877489257376
2026-08-20 17:00:12,731 INFO Epoch: 88, loss: -0.1486297845840454, labeled_loss: 0.004307872615754604, unnlabeled_loss: 0.09286296367645264, mixup_loss: -1.9936914443969727, energy_loss: 0.0
2026-08-20 17:00:12,731 INFO Best AUROC test all: 0.9067060636849981, AUPR test all: 0.7814851082610645, AUROC test unknown: 0.9013993830621436, AUPR test unknown: 0.7484300879121537
2026-08-20 17:00:57,982 INFO Epoch: 89, loss: -0.15641352534294128, labeled_loss: 0.0028012762777507305, unnlabeled_loss: 0.08068809658288956, mixup_loss: -1.9955885410308838, energy_loss: 0.0
2026-08-20 17:00:57,982 INFO Best AUROC test all: 0.9129504757585529, AUPR test all: 0.7932918032242087, AUROC test unknown: 0.9083820041961282, AUPR test unknown: 0.7627602079933694
2026-08-20 17:01:43,023 INFO Epoch: 90, loss: -0.15374329686164856, labeled_loss: 0.0028415261767804623, unnlabeled_loss: 0.08614414185285568, mixup_loss: -1.9965687990188599, energy_loss: 0.0
2026-08-20 17:01:43,024 INFO Best AUROC test all: 0.9198655539952725, AUPR test all: 0.8033230072251865, AUROC test unknown: 0.9152368692682135, AUPR test unknown: 0.7734732376798965
2026-08-20 17:02:28,184 INFO Epoch: 91, loss: -0.13905638456344604, labeled_loss: 0.0029379422776401043, unnlabeled_loss: 0.11529472470283508, mixup_loss: -1.9964168071746826, energy_loss: 0.0
2026-08-20 17:02:28,185 INFO Best AUROC test all: 0.9281454868596624, AUPR test all: 0.8164261462076838, AUROC test unknown: 0.9241254202567206, AUPR test unknown: 0.7886563182883759
2026-08-20 17:03:13,304 INFO Epoch: 92, loss: -0.15557020902633667, labeled_loss: 0.006375397555530071, unnlabeled_loss: 0.07533281296491623, mixup_loss: -1.9961200952529907, energy_loss: 0.0
2026-08-20 17:03:13,304 INFO Best AUROC test all: 0.9353725092647234, AUPR test all: 0.8288014379722378, AUROC test unknown: 0.9315932608355406, AUPR test unknown: 0.8025818113103025
2026-08-20 17:03:58,448 INFO Epoch: 93, loss: -0.15109965205192566, labeled_loss: 0.010731106624007225, unnlabeled_loss: 0.07569704204797745, mixup_loss: -1.9967926740646362, energy_loss: 0.0
2026-08-20 17:03:58,448 INFO Best AUROC test all: 0.9393264636929093, AUPR test all: 0.8345286387568845, AUROC test unknown: 0.9358813553613565, AUPR test unknown: 0.8092696306266505
2026-08-20 17:04:43,494 INFO Epoch: 94, loss: -0.1306338906288147, labeled_loss: 0.02834431454539299, unnlabeled_loss: 0.08136563003063202, mixup_loss: -1.996610164642334, energy_loss: 0.0
2026-08-20 17:04:43,494 INFO Best AUROC test all: 0.9432251402529868, AUPR test all: 0.8442312132107255, AUROC test unknown: 0.9404634265211954, AUPR test unknown: 0.8215119794415991
2026-08-20 17:05:28,629 INFO Epoch: 95, loss: -0.15965689718723297, labeled_loss: 0.010916418395936489, unnlabeled_loss: 0.05809372290968895, mixup_loss: -1.9962016344070435, energy_loss: 0.0
2026-08-20 17:05:28,629 INFO Best AUROC test all: 0.9436058482862159, AUPR test all: 0.8530734643503716, AUROC test unknown: 0.9408518655733225, AUPR test unknown: 0.8320929679128822
2026-08-20 17:06:13,743 INFO Epoch: 96, loss: -0.1523396074771881, labeled_loss: 0.005196941085159779, unnlabeled_loss: 0.08425780385732651, mixup_loss: -1.9966545104980469, energy_loss: 0.0
2026-08-20 17:06:13,743 INFO Best AUROC test all: 0.9441066700029023, AUPR test all: 0.8564851658327576, AUROC test unknown: 0.9411642968513187, AUPR test unknown: 0.836371192855341
2026-08-20 17:06:58,826 INFO Epoch: 97, loss: -0.11065424233675003, labeled_loss: 0.0033604432828724384, unnlabeled_loss: 0.17124176025390625, mixup_loss: -1.996355652809143, energy_loss: 0.0
2026-08-20 17:06:58,827 INFO Best AUROC test all: 0.948368484163843, AUPR test all: 0.8657993512712825, AUROC test unknown: 0.9460616422751021, AUPR test unknown: 0.8477621639773143
2026-08-20 17:07:43,975 INFO Epoch: 98, loss: -0.18137720227241516, labeled_loss: 0.003761592321097851, unnlabeled_loss: 0.02909555472433567, mixup_loss: -1.9968656301498413, energy_loss: 0.0
2026-08-20 17:07:43,976 INFO Best AUROC test all: 0.9504385846694757, AUPR test all: 0.8728379345538186, AUROC test unknown: 0.9483699091235084, AUPR test unknown: 0.8558281704096405
2026-08-20 17:08:28,916 INFO Epoch: 99, loss: -0.14644983410835266, labeled_loss: 0.006004336290061474, unnlabeled_loss: 0.09441914409399033, mixup_loss: -1.9966373443603516, energy_loss: 0.0
2026-08-20 17:08:28,916 INFO Best AUROC test all: 0.9525672563493885, AUPR test all: 0.8765853528145328, AUROC test unknown: 0.9506999986131774, AUPR test unknown: 0.8606936496238584
2026-08-20 17:09:13,975 INFO Epoch: 100, loss: -0.12360778450965881, labeled_loss: 0.0029023189563304186, unnlabeled_loss: 0.14615626633167267, mixup_loss: -1.9958823919296265, energy_loss: 0.0
2026-08-20 17:09:13,976 INFO Best AUROC test all: 0.9542558760907353, AUPR test all: 0.8815593512429567, AUROC test unknown: 0.9523893068067224, AUPR test unknown: 0.8661281847942572
2026-08-20 17:09:59,161 INFO Epoch: 101, loss: -0.1555071473121643, labeled_loss: 0.0035499967634677887, unnlabeled_loss: 0.08117643743753433, mixup_loss: -1.9964536428451538, energy_loss: 0.0
2026-08-20 17:09:59,161 INFO Best AUROC test all: 0.959004363630677, AUPR test all: 0.890062762106864, AUROC test unknown: 0.9572628385084923, AUPR test unknown: 0.8760092378795035
2026-08-20 17:10:44,202 INFO Epoch: 102, loss: -0.13855186104774475, labeled_loss: 0.004410783294588327, unnlabeled_loss: 0.113328717648983, mixup_loss: -1.996269941329956, energy_loss: 0.0
2026-08-20 17:10:44,202 INFO Best AUROC test all: 0.9610646578112301, AUPR test all: 0.8936475809468429, AUROC test unknown: 0.9591802096479254, AUPR test unknown: 0.8794914765102304
2026-08-20 17:11:29,405 INFO Epoch: 103, loss: -0.151906356215477, labeled_loss: 0.007099814713001251, unnlabeled_loss: 0.08140896260738373, mixup_loss: -1.9971064329147339, energy_loss: 0.0
2026-08-20 17:11:29,405 INFO Best AUROC test all: 0.9628769053225071, AUPR test all: 0.8979863377969576, AUROC test unknown: 0.9614971045129181, AUPR test unknown: 0.8851348595526818
2026-08-20 17:12:14,553 INFO Epoch: 104, loss: -0.17425334453582764, labeled_loss: 0.010642526671290398, unnlabeled_loss: 0.029656141996383667, mixup_loss: -1.9972394704818726, energy_loss: 0.0
2026-08-20 17:12:14,553 INFO Best AUROC test all: 0.9639438537293703, AUPR test all: 0.9004265403836296, AUROC test unknown: 0.9628160815927059, AUPR test unknown: 0.8881573848250011
2026-08-20 17:12:59,929 INFO Epoch: 105, loss: -0.15104886889457703, labeled_loss: 0.015613729134202003, unnlabeled_loss: 0.06617453694343567, mixup_loss: -1.997498631477356, energy_loss: 0.0
2026-08-20 17:12:59,929 INFO Best AUROC test all: 0.9639438537293703, AUPR test all: 0.9024105186777647, AUROC test unknown: 0.9628160815927059, AUPR test unknown: 0.8902538326604295
2026-08-20 17:13:45,117 INFO Epoch: 106, loss: -0.17312096059322357, labeled_loss: 0.005623058415949345, unnlabeled_loss: 0.041963424533605576, mixup_loss: -1.9972573518753052, energy_loss: 0.0
2026-08-20 17:13:45,117 INFO Best AUROC test all: 0.9639438537293703, AUPR test all: 0.9024105186777647, AUROC test unknown: 0.9628160815927059, AUPR test unknown: 0.8902538326604295
2026-08-20 17:14:30,207 INFO Epoch: 107, loss: -0.14329154789447784, labeled_loss: 0.00516142463311553, unnlabeled_loss: 0.10251948237419128, mixup_loss: -1.9971270561218262, energy_loss: 0.0
2026-08-20 17:14:30,207 INFO Best AUROC test all: 0.9639438537293703, AUPR test all: 0.9024105186777647, AUROC test unknown: 0.9628160815927059, AUPR test unknown: 0.8902538326604295
2026-08-20 17:15:15,298 INFO Epoch: 108, loss: -0.1329045593738556, labeled_loss: 0.003203517757356167, unnlabeled_loss: 0.12727296352386475, mixup_loss: -1.9974455833435059, energy_loss: 0.0
2026-08-20 17:15:15,298 INFO Best AUROC test all: 0.9639438537293703, AUPR test all: 0.9024105186777647, AUROC test unknown: 0.9628160815927059, AUPR test unknown: 0.8902538326604295
2026-08-20 17:16:00,282 INFO Epoch: 109, loss: -0.1500345766544342, labeled_loss: 0.004376425873488188, unnlabeled_loss: 0.09047161787748337, mixup_loss: -1.996468186378479, energy_loss: 0.0
2026-08-20 17:16:00,282 INFO Best AUROC test all: 0.9639438537293703, AUPR test all: 0.9024105186777647, AUROC test unknown: 0.9628160815927059, AUPR test unknown: 0.8902538326604295
2026-08-20 17:16:45,418 INFO Epoch: 110, loss: -0.15907329320907593, labeled_loss: 0.0030341509263962507, unnlabeled_loss: 0.07529524713754654, mixup_loss: -1.9975507259368896, energy_loss: 0.0
2026-08-20 17:16:45,419 INFO Best AUROC test all: 0.9639438537293703, AUPR test all: 0.9044123856696227, AUROC test unknown: 0.9628160815927059, AUPR test unknown: 0.8927670532504028
2026-08-20 17:17:30,577 INFO Epoch: 111, loss: -0.1681915819644928, labeled_loss: 0.0038953926414251328, unnlabeled_loss: 0.05502540245652199, mixup_loss: -1.9959967136383057, energy_loss: 0.0
2026-08-20 17:17:30,577 INFO Best AUROC test all: 0.9640390284378828, AUPR test all: 0.9073554318921667, AUROC test unknown: 0.9629095137998737, AUPR test unknown: 0.8965034817224413
2026-08-20 17:18:15,765 INFO Epoch: 112, loss: -0.1502697914838791, labeled_loss: 0.004475392401218414, unnlabeled_loss: 0.08997871726751328, mixup_loss: -1.9973453283309937, energy_loss: 0.0
2026-08-20 17:18:15,765 INFO Best AUROC test all: 0.9640390284378828, AUPR test all: 0.9073554318921667, AUROC test unknown: 0.9629095137998737, AUPR test unknown: 0.8965034817224413
2026-08-20 17:19:00,907 INFO Epoch: 113, loss: -0.17449280619621277, labeled_loss: 0.0074495538137853146, unnlabeled_loss: 0.03564346954226494, mixup_loss: -1.9976409673690796, energy_loss: 0.0
2026-08-20 17:19:00,908 INFO Best AUROC test all: 0.9641523071311577, AUPR test all: 0.9073554318921667, AUROC test unknown: 0.9631292657171556, AUPR test unknown: 0.8965034817224413
2026-08-20 17:19:46,141 INFO Epoch: 114, loss: -0.16625456511974335, labeled_loss: 0.006116318982094526, unnlabeled_loss: 0.05471804738044739, mixup_loss: -1.9972989559173584, energy_loss: 0.0
2026-08-20 17:19:46,142 INFO Best AUROC test all: 0.9643346256646983, AUPR test all: 0.9076875440427501, AUROC test unknown: 0.9631292657171556, AUPR test unknown: 0.8965034817224413
2026-08-20 17:20:31,211 INFO Epoch: 115, loss: -0.16487014293670654, labeled_loss: 0.0049207620322704315, unnlabeled_loss: 0.05996871739625931, mixup_loss: -1.9977525472640991, energy_loss: 0.0
2026-08-20 17:20:31,211 INFO Best AUROC test all: 0.9643346256646983, AUPR test all: 0.9085497062125494, AUROC test unknown: 0.9631292657171556, AUPR test unknown: 0.8975518180009718
2026-08-20 17:21:16,388 INFO Epoch: 116, loss: -0.13443545997142792, labeled_loss: 0.0056871515698730946, unnlabeled_loss: 0.11927996575832367, mixup_loss: -1.9976259469985962, energy_loss: 0.0
2026-08-20 17:21:16,388 INFO Best AUROC test all: 0.9648793826614789, AUPR test all: 0.9112072295438162, AUROC test unknown: 0.963815138553465, AUPR test unknown: 0.9008635306510437
2026-08-20 17:22:01,543 INFO Epoch: 117, loss: -0.16458913683891296, labeled_loss: 0.004670445807278156, unnlabeled_loss: 0.06096933037042618, mixup_loss: -1.9974424839019775, energy_loss: 0.0
2026-08-20 17:22:01,543 INFO Best AUROC test all: 0.9664731588647661, AUPR test all: 0.9134890784939266, AUROC test unknown: 0.9654302616537659, AUPR test unknown: 0.9036953715161347
2026-08-20 17:22:46,626 INFO Epoch: 118, loss: -0.15521788597106934, labeled_loss: 0.0044335233978927135, unnlabeled_loss: 0.08009342849254608, mixup_loss: -1.996981143951416, energy_loss: 0.0
2026-08-20 17:22:46,626 INFO Best AUROC test all: 0.9679956966239474, AUPR test all: 0.915445304882585, AUROC test unknown: 0.9669328540210916, AUPR test unknown: 0.9056625968667494
2026-08-20 17:23:31,721 INFO Epoch: 119, loss: -0.16990289092063904, labeled_loss: 0.005132349673658609, unnlabeled_loss: 0.04942141845822334, mixup_loss: -1.9974595308303833, energy_loss: 0.0
2026-08-20 17:23:31,721 INFO Best AUROC test all: 0.9688531797193054, AUPR test all: 0.9190909193458183, AUROC test unknown: 0.9681279284241141, AUPR test unknown: 0.9102323671576571
2026-08-20 17:24:16,835 INFO Epoch: 120, loss: -0.17031967639923096, labeled_loss: 0.004741627722978592, unnlabeled_loss: 0.049370672553777695, mixup_loss: -1.9974663257598877, energy_loss: 0.0
2026-08-20 17:24:16,835 INFO Best AUROC test all: 0.9693472492384229, AUPR test all: 0.9190909193458183, AUROC test unknown: 0.9683422717339838, AUPR test unknown: 0.9102323671576571
2026-08-20 17:25:02,040 INFO Epoch: 121, loss: -0.15975241363048553, labeled_loss: 0.0041403258219361305, unnlabeled_loss: 0.07171355932950974, mixup_loss: -1.997495174407959, energy_loss: 0.0
2026-08-20 17:25:02,041 INFO Best AUROC test all: 0.9700384755672099, AUPR test all: 0.9216674395653015, AUROC test unknown: 0.9691231121879899, AUPR test unknown: 0.9128529987855547
2026-08-20 17:25:47,149 INFO Epoch: 122, loss: -0.1392935812473297, labeled_loss: 0.004514820408076048, unnlabeled_loss: 0.11177696287631989, mixup_loss: -1.9969688653945923, energy_loss: 0.0
2026-08-20 17:25:47,150 INFO Best AUROC test all: 0.9700384755672099, AUPR test all: 0.9216674395653015, AUROC test unknown: 0.9691231121879899, AUPR test unknown: 0.9128529987855547
2026-08-20 17:26:32,388 INFO Epoch: 123, loss: -0.1385880410671234, labeled_loss: 0.0058437734842300415, unnlabeled_loss: 0.11061955243349075, mixup_loss: -1.9974157810211182, energy_loss: 0.0
2026-08-20 17:26:32,388 INFO Best AUROC test all: 0.9720871695827298, AUPR test all: 0.9226019146409933, AUROC test unknown: 0.971359006718164, AUPR test unknown: 0.9137766442605382
2026-08-20 17:27:17,617 INFO Epoch: 124, loss: -0.14376655220985413, labeled_loss: 0.008637184277176857, unnlabeled_loss: 0.09466761350631714, mixup_loss: -1.99737548828125, energy_loss: 0.0
2026-08-20 17:27:17,617 INFO Best AUROC test all: 0.972707497837043, AUPR test all: 0.9226019146409933, AUROC test unknown: 0.9718589264805816, AUPR test unknown: 0.9137766442605382
2026-08-20 17:28:02,744 INFO Epoch: 125, loss: -0.16099976003170013, labeled_loss: 0.008885890245437622, unnlabeled_loss: 0.05975114554166794, mixup_loss: -1.9976122379302979, energy_loss: 0.0
2026-08-20 17:28:02,745 INFO Best AUROC test all: 0.9730302878377192, AUPR test all: 0.9226019146409933, AUROC test unknown: 0.9723178359230592, AUPR test unknown: 0.9137766442605382
2026-08-20 17:28:47,962 INFO Epoch: 126, loss: -0.14915117621421814, labeled_loss: 0.009328202344477177, unnlabeled_loss: 0.08255422860383987, mixup_loss: -1.9975649118423462, energy_loss: 0.0
2026-08-20 17:28:47,962 INFO Best AUROC test all: 0.973218420252545, AUPR test all: 0.9227709755273572, AUROC test unknown: 0.9723907332526334, AUPR test unknown: 0.9141112779135148
2026-08-20 17:29:33,352 INFO Epoch: 127, loss: -0.16214153170585632, labeled_loss: 0.012346255593001842, unnlabeled_loss: 0.05065758898854256, mixup_loss: -1.9981658458709717, energy_loss: 0.0
2026-08-20 17:29:33,353 INFO Best AUROC test all: 0.9733114791498301, AUPR test all: 0.9263893299682747, AUROC test unknown: 0.9724812135092353, AUPR test unknown: 0.9181264625267782
2026-08-20 17:30:18,483 INFO Epoch: 128, loss: -0.14333303272724152, labeled_loss: 0.005567312240600586, unnlabeled_loss: 0.10169524699449539, mixup_loss: -1.9974796772003174, energy_loss: 0.0
2026-08-20 17:30:18,483 INFO Best AUROC test all: 0.973384069873286, AUPR test all: 0.927012044443007, AUROC test unknown: 0.972746928683648, AUPR test unknown: 0.919221831056883
2026-08-20 17:31:03,534 INFO Epoch: 129, loss: -0.12310250103473663, labeled_loss: 0.004071140196174383, unnlabeled_loss: 0.14518477022647858, mixup_loss: -1.9976601600646973, energy_loss: 0.0
2026-08-20 17:31:03,534 INFO Best AUROC test all: 0.9741609773576002, AUPR test all: 0.9279927369948582, AUROC test unknown: 0.9736677985779127, AUPR test unknown: 0.9203882453077455
2026-08-20 17:31:48,730 INFO Epoch: 130, loss: -0.1642499417066574, labeled_loss: 0.0040719215758144855, unnlabeled_loss: 0.06297245621681213, mixup_loss: -1.998080849647522, energy_loss: 0.0
2026-08-20 17:31:48,731 INFO Best AUROC test all: 0.9741609773576002, AUPR test all: 0.9279927369948582, AUROC test unknown: 0.9736677985779127, AUPR test unknown: 0.9203882453077455
2026-08-20 17:32:33,840 INFO Epoch: 131, loss: -0.14281204342842102, labeled_loss: 0.005948805715888739, unnlabeled_loss: 0.10198889672756195, mixup_loss: -1.9975529909133911, energy_loss: 0.0
2026-08-20 17:32:33,840 INFO Best AUROC test all: 0.9741609773576002, AUPR test all: 0.9279927369948582, AUROC test unknown: 0.9736677985779127, AUPR test unknown: 0.9203882453077455
2026-08-20 17:33:18,846 INFO Epoch: 132, loss: -0.1675395369529724, labeled_loss: 0.00407033134251833, unnlabeled_loss: 0.05634310096502304, mixup_loss: -1.9978141784667969, energy_loss: 0.0
2026-08-20 17:33:18,846 INFO Best AUROC test all: 0.9741609773576002, AUPR test all: 0.9279927369948582, AUROC test unknown: 0.9736677985779127, AUPR test unknown: 0.9203882453077455
2026-08-20 17:34:04,045 INFO Epoch: 133, loss: -0.16497255861759186, labeled_loss: 0.005143660586327314, unnlabeled_loss: 0.059340108186006546, mixup_loss: -1.997862696647644, energy_loss: 0.0
2026-08-20 17:34:04,046 INFO Best AUROC test all: 0.9741609773576002, AUPR test all: 0.9279927369948582, AUROC test unknown: 0.9736677985779127, AUPR test unknown: 0.9203882453077455
2026-08-20 17:34:49,273 INFO Epoch: 134, loss: -0.17504668235778809, labeled_loss: 0.005832485388964415, unnlabeled_loss: 0.03777657076716423, mixup_loss: -1.9976744651794434, energy_loss: 0.0
2026-08-20 17:34:49,273 INFO Best AUROC test all: 0.9741609773576002, AUPR test all: 0.9279927369948582, AUROC test unknown: 0.9736677985779127, AUPR test unknown: 0.9203882453077455
2026-08-20 17:35:34,412 INFO Epoch: 135, loss: -0.16189095377922058, labeled_loss: 0.004324905574321747, unnlabeled_loss: 0.06710820645093918, mixup_loss: -1.9976996183395386, energy_loss: 0.0
2026-08-20 17:35:34,412 INFO Best AUROC test all: 0.9741609773576002, AUPR test all: 0.9279927369948582, AUROC test unknown: 0.9736677985779127, AUPR test unknown: 0.9203882453077455
2026-08-20 17:36:19,612 INFO Epoch: 136, loss: -0.1391223967075348, labeled_loss: 0.0032147462479770184, unnlabeled_loss: 0.11492584645748138, mixup_loss: -1.9980005025863647, energy_loss: 0.0
2026-08-20 17:36:19,613 INFO Best AUROC test all: 0.9741609773576002, AUPR test all: 0.9279927369948582, AUROC test unknown: 0.9736677985779127, AUPR test unknown: 0.9203882453077455
2026-08-20 17:37:04,747 INFO Epoch: 137, loss: -0.14905482530593872, labeled_loss: 0.003739811247214675, unnlabeled_loss: 0.09391956776380539, mixup_loss: -1.9975441694259644, energy_loss: 0.0
2026-08-20 17:37:04,747 INFO Best AUROC test all: 0.9741609773576002, AUPR test all: 0.9292002957690721, AUROC test unknown: 0.9736677985779127, AUPR test unknown: 0.9220273130235634
2026-08-20 17:37:49,904 INFO Epoch: 138, loss: -0.1476043313741684, labeled_loss: 0.006160429213196039, unnlabeled_loss: 0.09202811866998672, mixup_loss: -1.9977881908416748, energy_loss: 0.0
2026-08-20 17:37:49,905 INFO Best AUROC test all: 0.9741609773576002, AUPR test all: 0.9292002957690721, AUROC test unknown: 0.9736677985779127, AUPR test unknown: 0.9220273130235634
2026-08-20 17:38:34,944 INFO Epoch: 139, loss: -0.1480957269668579, labeled_loss: 0.005666323937475681, unnlabeled_loss: 0.09205245971679688, mixup_loss: -1.9978827238082886, energy_loss: 0.0
2026-08-20 17:38:34,944 INFO Best AUROC test all: 0.9741609773576002, AUPR test all: 0.9292002957690721, AUROC test unknown: 0.9736677985779127, AUPR test unknown: 0.9220273130235634
2026-08-20 17:39:20,000 INFO Epoch: 140, loss: -0.16385263204574585, labeled_loss: 0.004539640620350838, unnlabeled_loss: 0.06279263645410538, mixup_loss: -1.997885823249817, energy_loss: 0.0
2026-08-20 17:39:20,000 INFO Best AUROC test all: 0.9741609773576002, AUPR test all: 0.9292002957690721, AUROC test unknown: 0.9736677985779127, AUPR test unknown: 0.9220273130235634
2026-08-20 17:40:05,254 INFO Epoch: 141, loss: -0.1437949240207672, labeled_loss: 0.004263686947524548, unnlabeled_loss: 0.10346025973558426, mixup_loss: -1.9978872537612915, energy_loss: 0.0
2026-08-20 17:40:05,255 INFO Best AUROC test all: 0.9741609773576002, AUPR test all: 0.93084210478519, AUROC test unknown: 0.9736677985779127, AUPR test unknown: 0.9239193103078975
2026-08-20 17:40:44,318 INFO Epoch: 142, loss: -0.17175841331481934, labeled_loss: 0.0036723839584738016, unnlabeled_loss: 0.04873345047235489, mixup_loss: -1.99797523021698, energy_loss: 0.0
2026-08-20 17:40:44,318 INFO Best AUROC test all: 0.9741609773576002, AUPR test all: 0.9327626562330867, AUROC test unknown: 0.9736677985779127, AUPR test unknown: 0.9262031153172248
2026-08-20 17:41:16,067 INFO Epoch: 143, loss: -0.15245309472084045, labeled_loss: 0.004979397170245647, unnlabeled_loss: 0.08468592911958694, mixup_loss: -1.9977545738220215, energy_loss: 0.0
2026-08-20 17:41:16,068 INFO Best AUROC test all: 0.9744040932667989, AUPR test all: 0.933230229894343, AUROC test unknown: 0.9737423402826344, AUPR test unknown: 0.9266332725112476
2026-08-20 17:41:59,891 INFO Epoch: 144, loss: -0.16388863325119019, labeled_loss: 0.0038147647865116596, unnlabeled_loss: 0.06406620889902115, mixup_loss: -1.9973649978637695, energy_loss: 0.0
2026-08-20 17:41:59,891 INFO Best AUROC test all: 0.9756108140031746, AUPR test all: 0.9360268243697809, AUROC test unknown: 0.9750841702146207, AUPR test unknown: 0.9298838643196978
2026-08-20 17:42:44,118 INFO Epoch: 145, loss: -0.13994187116622925, labeled_loss: 0.00533218402415514, unnlabeled_loss: 0.10903468728065491, mixup_loss: -1.9979139566421509, energy_loss: 0.0
2026-08-20 17:42:44,119 INFO Best AUROC test all: 0.9756108140031746, AUPR test all: 0.9360268243697809, AUROC test unknown: 0.9750841702146207, AUPR test unknown: 0.9298838643196978
2026-08-20 17:43:29,207 INFO Epoch: 146, loss: -0.17062728106975555, labeled_loss: 0.0031186742708086967, unnlabeled_loss: 0.05208079144358635, mixup_loss: -1.9978634119033813, energy_loss: 0.0
2026-08-20 17:43:29,207 INFO Best AUROC test all: 0.9757201462485515, AUPR test all: 0.9385710236520437, AUROC test unknown: 0.9753843776436303, AUPR test unknown: 0.9330511855402072
2026-08-20 17:44:14,221 INFO Epoch: 147, loss: -0.16056279838085175, labeled_loss: 0.004047207068651915, unnlabeled_loss: 0.07036138325929642, mixup_loss: -1.9979069232940674, energy_loss: 0.0
2026-08-20 17:44:14,222 INFO Best AUROC test all: 0.9768204600785518, AUPR test all: 0.9402015676190586, AUROC test unknown: 0.976527495735521, AUPR test unknown: 0.9348153822733509
2026-08-20 17:44:59,405 INFO Epoch: 148, loss: -0.14903129637241364, labeled_loss: 0.0035303288605064154, unnlabeled_loss: 0.09444846212863922, mixup_loss: -1.9978585243225098, energy_loss: 0.0
2026-08-20 17:44:59,405 INFO Best AUROC test all: 0.9768204600785518, AUPR test all: 0.9408963458657429, AUROC test unknown: 0.976527495735521, AUPR test unknown: 0.9357750924282714
2026-08-20 17:45:44,608 INFO Epoch: 149, loss: -0.15546518564224243, labeled_loss: 0.0034733586944639683, unnlabeled_loss: 0.08163604140281677, mixup_loss: -1.9975656270980835, energy_loss: 0.0
2026-08-20 17:45:44,609 INFO Best AUROC test all: 0.9771805435519042, AUPR test all: 0.9408963458657429, AUROC test unknown: 0.976697431010538, AUPR test unknown: 0.9357750924282714
2026-08-20 17:46:29,663 INFO Epoch: 150, loss: -0.15947802364826202, labeled_loss: 0.004679277539253235, unnlabeled_loss: 0.0713120698928833, mixup_loss: -1.9981333017349243, energy_loss: 0.0
2026-08-20 17:46:29,663 INFO Best AUROC test all: 0.9771805435519042, AUPR test all: 0.9408963458657429, AUROC test unknown: 0.976697431010538, AUPR test unknown: 0.9357750924282714
2026-08-20 17:47:14,852 INFO Epoch: 151, loss: -0.13965222239494324, labeled_loss: 0.0033585033379495144, unnlabeled_loss: 0.11352989077568054, mixup_loss: -1.9977566003799438, energy_loss: 0.0
2026-08-20 17:47:14,852 INFO Best AUROC test all: 0.9771805435519042, AUPR test all: 0.9408963458657429, AUROC test unknown: 0.976697431010538, AUPR test unknown: 0.9357750924282714
2026-08-20 17:47:59,983 INFO Epoch: 152, loss: -0.14820992946624756, labeled_loss: 0.0056373076513409615, unnlabeled_loss: 0.0918775275349617, mixup_loss: -1.997860074043274, energy_loss: 0.0
2026-08-20 17:47:59,983 INFO Best AUROC test all: 0.9771805435519042, AUPR test all: 0.9408963458657429, AUROC test unknown: 0.976697431010538, AUPR test unknown: 0.9357750924282714
2026-08-20 17:48:45,097 INFO Epoch: 153, loss: -0.15197178721427917, labeled_loss: 0.008274396881461143, unnlabeled_loss: 0.07909730076789856, mixup_loss: -1.997948408126831, energy_loss: 0.0
2026-08-20 17:48:45,097 INFO Best AUROC test all: 0.9771805435519042, AUPR test all: 0.9408963458657429, AUROC test unknown: 0.976697431010538, AUPR test unknown: 0.9357750924282714
2026-08-20 17:49:30,215 INFO Epoch: 154, loss: -0.14581052958965302, labeled_loss: 0.006300772540271282, unnlabeled_loss: 0.0954010933637619, mixup_loss: -1.9981184005737305, energy_loss: 0.0
2026-08-20 17:49:30,215 INFO Best AUROC test all: 0.9771805435519042, AUPR test all: 0.9408963458657429, AUROC test unknown: 0.976697431010538, AUPR test unknown: 0.9357750924282714
2026-08-20 17:50:15,375 INFO Epoch: 155, loss: -0.1509934663772583, labeled_loss: 0.005758709739893675, unnlabeled_loss: 0.08610004186630249, mixup_loss: -1.9980218410491943, energy_loss: 0.0
2026-08-20 17:50:15,375 INFO Best AUROC test all: 0.9771805435519042, AUPR test all: 0.9408963458657429, AUROC test unknown: 0.976697431010538, AUPR test unknown: 0.9357750924282714
2026-08-20 17:51:00,256 INFO Epoch: 156, loss: -0.15515029430389404, labeled_loss: 0.003069893689826131, unnlabeled_loss: 0.08320601284503937, mixup_loss: -1.9982317686080933, energy_loss: 0.0
2026-08-20 17:51:00,256 INFO Best AUROC test all: 0.9771805435519042, AUPR test all: 0.9408963458657429, AUROC test unknown: 0.976697431010538, AUPR test unknown: 0.9357750924282714
2026-08-20 17:51:45,370 INFO Epoch: 157, loss: -0.1640843152999878, labeled_loss: 0.0030959714204072952, unnlabeled_loss: 0.06531862914562225, mixup_loss: -1.9983960390090942, energy_loss: 0.0
2026-08-20 17:51:45,370 INFO Best AUROC test all: 0.977731169625046, AUPR test all: 0.943921959889191, AUROC test unknown: 0.9775629270670093, AUPR test unknown: 0.9389200345646764
2026-08-20 17:52:30,443 INFO Epoch: 158, loss: -0.15721385180950165, labeled_loss: 0.0024126798380166292, unnlabeled_loss: 0.08030449599027634, mixup_loss: -1.9977878332138062, energy_loss: 0.0
2026-08-20 17:52:30,443 INFO Best AUROC test all: 0.977731169625046, AUPR test all: 0.943921959889191, AUROC test unknown: 0.9775629270670093, AUPR test unknown: 0.9389200345646764
2026-08-20 17:53:15,502 INFO Epoch: 159, loss: -0.1692311018705368, labeled_loss: 0.0019360024016350508, unnlabeled_loss: 0.05732658505439758, mixup_loss: -1.9983038902282715, energy_loss: 0.0
2026-08-20 17:53:15,502 INFO Best AUROC test all: 0.9779811481219645, AUPR test all: 0.943921959889191, AUROC test unknown: 0.9776107526285238, AUPR test unknown: 0.9389200345646764
2026-08-20 17:54:00,620 INFO Epoch: 160, loss: -0.16549593210220337, labeled_loss: 0.002302182372659445, unnlabeled_loss: 0.06407071650028229, mixup_loss: -1.9983346462249756, energy_loss: 0.0
2026-08-20 17:54:00,620 INFO Best AUROC test all: 0.9779811481219645, AUPR test all: 0.943921959889191, AUROC test unknown: 0.9776107526285238, AUPR test unknown: 0.9389200345646764
2026-08-20 17:54:45,718 INFO Epoch: 161, loss: -0.1568855345249176, labeled_loss: 0.0018328247824683785, unnlabeled_loss: 0.08222765475511551, mixup_loss: -1.998321771621704, energy_loss: 0.0
2026-08-20 17:54:45,718 INFO Best AUROC test all: 0.978332593566002, AUPR test all: 0.943921959889191, AUROC test unknown: 0.9779251452696478, AUPR test unknown: 0.9389200345646764
2026-08-20 17:55:30,825 INFO Epoch: 162, loss: -0.1099376529455185, labeled_loss: 0.003882586257532239, unnlabeled_loss: 0.1720285415649414, mixup_loss: -1.998345136642456, energy_loss: 0.0
2026-08-20 17:55:30,825 INFO Best AUROC test all: 0.978332593566002, AUPR test all: 0.943921959889191, AUROC test unknown: 0.9779251452696478, AUPR test unknown: 0.9389200345646764
2026-08-20 17:56:16,303 INFO Epoch: 163, loss: -0.13227780163288116, labeled_loss: 0.010397914797067642, unnlabeled_loss: 0.11429189145565033, mixup_loss: -1.9982166290283203, energy_loss: 0.0
2026-08-20 17:56:16,303 INFO Best AUROC test all: 0.978332593566002, AUPR test all: 0.943921959889191, AUROC test unknown: 0.9779251452696478, AUPR test unknown: 0.9389200345646764
2026-08-20 17:57:01,630 INFO Epoch: 164, loss: -0.12422500550746918, labeled_loss: 0.01580369472503662, unnlabeled_loss: 0.11955299973487854, mixup_loss: -1.9980520009994507, energy_loss: 0.0
2026-08-20 17:57:01,630 INFO Best AUROC test all: 0.9784274371040615, AUPR test all: 0.943921959889191, AUROC test unknown: 0.9781307714100618, AUPR test unknown: 0.9389200345646764
2026-08-20 17:57:46,829 INFO Epoch: 165, loss: -0.15015971660614014, labeled_loss: 0.0076595027931034565, unnlabeled_loss: 0.08399445563554764, mixup_loss: -1.998164415359497, energy_loss: 0.0
2026-08-20 17:57:46,829 INFO Best AUROC test all: 0.9801769922087551, AUPR test all: 0.943921959889191, AUROC test unknown: 0.9800248736505723, AUPR test unknown: 0.9389200345646764
2026-08-20 17:58:32,061 INFO Epoch: 166, loss: -0.16774143278598785, labeled_loss: 0.003246383275836706, unnlabeled_loss: 0.05768108367919922, mixup_loss: -1.9982835054397583, energy_loss: 0.0
2026-08-20 17:58:32,061 INFO Best AUROC test all: 0.9801769922087551, AUPR test all: 0.9458704563281051, AUROC test unknown: 0.9800248736505723, AUPR test unknown: 0.9410938173836241
2026-08-20 17:59:17,033 INFO Epoch: 167, loss: -0.1608702540397644, labeled_loss: 0.0017478216905146837, unnlabeled_loss: 0.07436086982488632, mixup_loss: -1.9979850053787231, energy_loss: 0.0
2026-08-20 17:59:17,033 INFO Best AUROC test all: 0.9801769922087551, AUPR test all: 0.9472809721494043, AUROC test unknown: 0.9800248736505723, AUPR test unknown: 0.9428507543317692
2026-08-20 18:00:02,136 INFO Epoch: 168, loss: -0.16207915544509888, labeled_loss: 0.0020017907954752445, unnlabeled_loss: 0.07139204442501068, mixup_loss: -1.9977697134017944, energy_loss: 0.0
2026-08-20 18:00:02,137 INFO Best AUROC test all: 0.9801769922087551, AUPR test all: 0.9472809721494043, AUROC test unknown: 0.9800248736505723, AUPR test unknown: 0.9430068419671642
2026-08-20 18:00:47,264 INFO Epoch: 169, loss: -0.16321298480033875, labeled_loss: 0.0036801761016249657, unnlabeled_loss: 0.06583213806152344, mixup_loss: -1.9980924129486084, energy_loss: 0.0
2026-08-20 18:00:47,264 INFO Best AUROC test all: 0.9801769922087551, AUPR test all: 0.9478307907794097, AUROC test unknown: 0.9800248736505723, AUPR test unknown: 0.9439412088267799
2026-08-20 18:01:32,334 INFO Epoch: 170, loss: -0.1602625846862793, labeled_loss: 0.0020525308791548014, unnlabeled_loss: 0.0749741941690445, mixup_loss: -1.9980219602584839, energy_loss: 0.0
2026-08-20 18:01:32,334 INFO Best AUROC test all: 0.9801769922087551, AUPR test all: 0.9483125865140192, AUROC test unknown: 0.9800251113915576, AUPR test unknown: 0.944320193364991
2026-08-20 18:02:17,602 INFO Epoch: 171, loss: -0.15540900826454163, labeled_loss: 0.0018454663222655654, unnlabeled_loss: 0.08513674885034561, mixup_loss: -1.9982284307479858, energy_loss: 0.0
2026-08-20 18:02:17,602 INFO Best AUROC test all: 0.9801769922087551, AUPR test all: 0.9483125865140192, AUROC test unknown: 0.9800251113915576, AUPR test unknown: 0.944320193364991
2026-08-20 18:03:02,810 INFO Epoch: 172, loss: -0.14556695520877838, labeled_loss: 0.0016790665686130524, unnlabeled_loss: 0.10512768477201462, mixup_loss: -1.998098611831665, energy_loss: 0.0
2026-08-20 18:03:02,810 INFO Best AUROC test all: 0.9802947601015038, AUPR test all: 0.9483125865140192, AUROC test unknown: 0.9800981573092474, AUPR test unknown: 0.944320193364991
2026-08-20 18:03:47,858 INFO Epoch: 173, loss: -0.14698506891727448, labeled_loss: 0.0018826831365004182, unnlabeled_loss: 0.10184190422296524, mixup_loss: -1.9978870153427124, energy_loss: 0.0
2026-08-20 18:03:47,858 INFO Best AUROC test all: 0.9802947601015038, AUPR test all: 0.9483125865140192, AUROC test unknown: 0.9800981573092474, AUPR test unknown: 0.944320193364991
2026-08-20 18:04:33,139 INFO Epoch: 174, loss: -0.15548452734947205, labeled_loss: 0.008383038453757763, unnlabeled_loss: 0.07192324846982956, mixup_loss: -1.9982918500900269, energy_loss: 0.0
2026-08-20 18:04:33,139 INFO Best AUROC test all: 0.9802947601015038, AUPR test all: 0.9483125865140192, AUROC test unknown: 0.9800981573092474, AUPR test unknown: 0.944320193364991
2026-08-20 18:05:18,428 INFO Epoch: 175, loss: -0.1382579207420349, labeled_loss: 0.01108388602733612, unnlabeled_loss: 0.10098624974489212, mixup_loss: -1.9983491897583008, energy_loss: 0.0
2026-08-20 18:05:18,428 INFO Best AUROC test all: 0.9802947601015038, AUPR test all: 0.9483125865140192, AUROC test unknown: 0.9800981573092474, AUPR test unknown: 0.944320193364991
2026-08-20 18:06:03,425 INFO Epoch: 176, loss: -0.12514150142669678, labeled_loss: 0.008492041379213333, unnlabeled_loss: 0.13235726952552795, mixup_loss: -1.998121738433838, energy_loss: 0.0
2026-08-20 18:06:03,425 INFO Best AUROC test all: 0.9802947601015038, AUPR test all: 0.9483125865140192, AUROC test unknown: 0.9800981573092474, AUPR test unknown: 0.944320193364991
2026-08-20 18:06:48,513 INFO Epoch: 177, loss: -0.14336112141609192, labeled_loss: 0.007796856574714184, unnlabeled_loss: 0.09735037386417389, mixup_loss: -1.9983316659927368, energy_loss: 0.0
2026-08-20 18:06:48,513 INFO Best AUROC test all: 0.9802947601015038, AUPR test all: 0.9483125865140192, AUROC test unknown: 0.9800981573092474, AUPR test unknown: 0.944320193364991
2026-08-20 18:07:33,617 INFO Epoch: 178, loss: -0.14416000247001648, labeled_loss: 0.002722347853705287, unnlabeled_loss: 0.10578884929418564, mixup_loss: -1.9977678060531616, energy_loss: 0.0
2026-08-20 18:07:33,617 INFO Best AUROC test all: 0.9802947601015038, AUPR test all: 0.9483125865140192, AUROC test unknown: 0.9800981573092474, AUPR test unknown: 0.944320193364991
2026-08-20 18:08:18,733 INFO Epoch: 179, loss: -0.17094814777374268, labeled_loss: 0.0018666029209271073, unnlabeled_loss: 0.053954482078552246, mixup_loss: -1.9979199171066284, energy_loss: 0.0
2026-08-20 18:08:18,734 INFO Best AUROC test all: 0.9802947601015038, AUPR test all: 0.9483125865140192, AUROC test unknown: 0.9800981573092474, AUPR test unknown: 0.944320193364991
2026-08-20 18:09:04,015 INFO Epoch: 180, loss: -0.1552632600069046, labeled_loss: 0.0011112017091363668, unnlabeled_loss: 0.08688222616910934, mixup_loss: -1.9981557130813599, energy_loss: 0.0
2026-08-20 18:09:04,015 INFO Best AUROC test all: 0.9802947601015038, AUPR test all: 0.9500588556925982, AUROC test unknown: 0.980369499020309, AUPR test unknown: 0.9467307307409378
2026-08-20 18:09:49,140 INFO Epoch: 181, loss: -0.16161192953586578, labeled_loss: 0.0013619598466902971, unnlabeled_loss: 0.07361353188753128, mixup_loss: -1.9978065490722656, energy_loss: 0.0
2026-08-20 18:09:49,140 INFO Best AUROC test all: 0.9804263175639469, AUPR test all: 0.9523279368528585, AUROC test unknown: 0.980369499020309, AUPR test unknown: 0.9486898278421684
2026-08-20 18:10:34,204 INFO Epoch: 182, loss: -0.12306670099496841, labeled_loss: 0.001534626237116754, unnlabeled_loss: 0.15035565197467804, mixup_loss: -1.9977915287017822, energy_loss: 0.0
2026-08-20 18:10:34,204 INFO Best AUROC test all: 0.9805575714534749, AUPR test all: 0.9523279368528585, AUROC test unknown: 0.9810205031787952, AUPR test unknown: 0.9486898278421684
2026-08-20 18:11:19,258 INFO Epoch: 183, loss: -0.1465991884469986, labeled_loss: 0.002442784607410431, unnlabeled_loss: 0.10161738842725754, mixup_loss: -1.9985065460205078, energy_loss: 0.0
2026-08-20 18:11:19,258 INFO Best AUROC test all: 0.9813603930257343, AUPR test all: 0.9523279368528585, AUROC test unknown: 0.9813147571773011, AUPR test unknown: 0.9486898278421684
2026-08-20 18:12:04,341 INFO Epoch: 184, loss: -0.16310104727745056, labeled_loss: 0.0019162017852067947, unnlabeled_loss: 0.06957849115133286, mixup_loss: -1.9980648756027222, energy_loss: 0.0
2026-08-20 18:12:04,341 INFO Best AUROC test all: 0.9813603930257343, AUPR test all: 0.9523279368528585, AUROC test unknown: 0.9813147571773011, AUPR test unknown: 0.9486898278421684
2026-08-20 18:12:49,619 INFO Epoch: 185, loss: -0.16248813271522522, labeled_loss: 0.002858840860426426, unnlabeled_loss: 0.06893454492092133, mixup_loss: -1.9981424808502197, energy_loss: 0.0
2026-08-20 18:12:49,619 INFO Best AUROC test all: 0.9813603930257343, AUPR test all: 0.9523279368528585, AUROC test unknown: 0.9813147571773011, AUPR test unknown: 0.9486898278421684
2026-08-20 18:13:34,872 INFO Epoch: 186, loss: -0.13033945858478546, labeled_loss: 0.0070870122872292995, unnlabeled_loss: 0.12481465190649033, mixup_loss: -1.998337984085083, energy_loss: 0.0
2026-08-20 18:13:34,873 INFO Best AUROC test all: 0.9813603930257343, AUPR test all: 0.9523279368528585, AUROC test unknown: 0.9813357675368647, AUPR test unknown: 0.9486898278421684
2026-08-20 18:14:20,038 INFO Epoch: 187, loss: -0.14489203691482544, labeled_loss: 0.011171170510351658, unnlabeled_loss: 0.08756479620933533, mixup_loss: -1.9984558820724487, energy_loss: 0.0
2026-08-20 18:14:20,039 INFO Best AUROC test all: 0.9813603930257343, AUPR test all: 0.9523279368528585, AUROC test unknown: 0.9813357675368647, AUPR test unknown: 0.9486898278421684
2026-08-20 18:15:05,561 INFO Epoch: 188, loss: -0.14732623100280762, labeled_loss: 0.008969560265541077, unnlabeled_loss: 0.08701213449239731, mixup_loss: -1.9980186223983765, energy_loss: 0.0
2026-08-20 18:15:05,562 INFO Best AUROC test all: 0.9813603930257343, AUPR test all: 0.9523279368528585, AUROC test unknown: 0.9813357675368647, AUPR test unknown: 0.9486898278421684
2026-08-20 18:15:50,676 INFO Epoch: 189, loss: -0.16187044978141785, labeled_loss: 0.005299578420817852, unnlabeled_loss: 0.06531418114900589, mixup_loss: -1.9982712268829346, energy_loss: 0.0
2026-08-20 18:15:50,677 INFO Best AUROC test all: 0.9813603930257343, AUPR test all: 0.9523279368528585, AUROC test unknown: 0.9813357675368647, AUPR test unknown: 0.9486898278421684
2026-08-20 18:16:35,952 INFO Epoch: 190, loss: -0.16933605074882507, labeled_loss: 0.002005842514336109, unnlabeled_loss: 0.056996311992406845, mixup_loss: -1.9984005689620972, energy_loss: 0.0
2026-08-20 18:16:35,952 INFO Best AUROC test all: 0.9815085642059015, AUPR test all: 0.9523279368528585, AUROC test unknown: 0.981783532870663, AUPR test unknown: 0.9486898278421684
2026-08-20 18:17:21,072 INFO Epoch: 191, loss: -0.1750016212463379, labeled_loss: 0.001488643465563655, unnlabeled_loss: 0.04659438878297806, mixup_loss: -1.9978744983673096, energy_loss: 0.0
2026-08-20 18:17:21,072 INFO Best AUROC test all: 0.9819991288377251, AUPR test all: 0.9555151856711601, AUROC test unknown: 0.9825284843417844, AUPR test unknown: 0.9531218299264266
2026-08-20 18:18:06,148 INFO Epoch: 192, loss: -0.14902889728546143, labeled_loss: 0.00097386643756181, unnlabeled_loss: 0.09945841133594513, mixup_loss: -1.9973196983337402, energy_loss: 0.0
2026-08-20 18:18:06,148 INFO Best AUROC test all: 0.9819991288377251, AUPR test all: 0.9555151856711601, AUROC test unknown: 0.9825284843417844, AUPR test unknown: 0.9531218299264266
2026-08-20 18:18:51,129 INFO Epoch: 193, loss: -0.17856740951538086, labeled_loss: 0.0012839712435379624, unnlabeled_loss: 0.03995780646800995, mixup_loss: -1.998302698135376, energy_loss: 0.0
2026-08-20 18:18:51,129 INFO Best AUROC test all: 0.9822026698777935, AUPR test all: 0.9555151856711601, AUROC test unknown: 0.9825284843417844, AUPR test unknown: 0.9531218299264266
2026-08-20 18:19:36,115 INFO Epoch: 194, loss: -0.16297811269760132, labeled_loss: 0.002258081454783678, unnlabeled_loss: 0.06910479813814163, mixup_loss: -1.9978859424591064, energy_loss: 0.0
2026-08-20 18:19:36,115 INFO Best AUROC test all: 0.9822026698777935, AUPR test all: 0.9555151856711601, AUROC test unknown: 0.9825284843417844, AUPR test unknown: 0.9531218299264266
2026-08-20 18:20:21,284 INFO Epoch: 195, loss: -0.14508652687072754, labeled_loss: 0.0020948192104697227, unnlabeled_loss: 0.10523179173469543, mixup_loss: -1.9979723691940308, energy_loss: 0.0
2026-08-20 18:20:21,284 INFO Best AUROC test all: 0.9822026698777935, AUPR test all: 0.9555151856711601, AUROC test unknown: 0.9825284843417844, AUPR test unknown: 0.9531218299264266
2026-08-20 18:21:06,438 INFO Epoch: 196, loss: -0.12044990807771683, labeled_loss: 0.004549858160316944, unnlabeled_loss: 0.14960916340351105, mixup_loss: -1.9980435371398926, energy_loss: 0.0
2026-08-20 18:21:06,439 INFO Best AUROC test all: 0.9822026698777935, AUPR test all: 0.9555151856711601, AUROC test unknown: 0.9825284843417844, AUPR test unknown: 0.9531218299264266
2026-08-20 18:21:51,591 INFO Epoch: 197, loss: -0.1612229347229004, labeled_loss: 0.0016464025247842073, unnlabeled_loss: 0.07390114665031433, mixup_loss: -1.9981991052627563, energy_loss: 0.0
2026-08-20 18:21:51,591 INFO Best AUROC test all: 0.9822026698777935, AUPR test all: 0.9555151856711601, AUROC test unknown: 0.9825284843417844, AUPR test unknown: 0.9531218299264266
2026-08-20 18:22:36,768 INFO Epoch: 198, loss: -0.13306455314159393, labeled_loss: 0.0037726748269051313, unnlabeled_loss: 0.12599527835845947, mixup_loss: -1.998348593711853, energy_loss: 0.0
2026-08-20 18:22:36,768 INFO Best AUROC test all: 0.9822026698777935, AUPR test all: 0.9555151856711601, AUROC test unknown: 0.9825284843417844, AUPR test unknown: 0.9531218299264266
2026-08-20 18:23:21,763 INFO Epoch: 199, loss: -0.14113985002040863, labeled_loss: 0.00834335945546627, unnlabeled_loss: 0.10067211091518402, mixup_loss: -1.9981926679611206, energy_loss: 0.0
2026-08-20 18:23:21,763 INFO Best AUROC test all: 0.9822026698777935, AUPR test all: 0.9555151856711601, AUROC test unknown: 0.9825284843417844, AUPR test unknown: 0.9531218299264266
