2026-08-19 12:55:57,966 INFO cli={'dataset': 'cs', 'method': 'demo', 'seed': 42, 'train_seed': None, 'epochs': None, 'set': ['energy_loss=false'], 'tag': 'B_demo', 'rotations': [9]}
2026-08-19 12:55:57,966 INFO config={'alpha_plus': 0.05, 'alpha_r': 0.1, 'atlas_gate_q': 0.9, 'batch_size': 512, 'hidden_dim': 64, 'lambda_halo': 0.2, 'lambda_mixup': 0.2, 'lambda_un': 1.0, 'lr': 0.001, 'margin': 0.1, 'n_layers': 2, 'optimiser': 'adam', 'sampling_sizes': [25, 10], 'tau_minus': 0.05, 'tau_mu': 0.05, 'tau_plus': 0.95, 'use_atlas_gate': True, 'use_conformal': True, 'use_pl': True, 'version': 4, 'weight_decay': 0.0001, 'loss': 'bce', 'num_epochs': 200, 'ebd_dim': 64, 'drop_out': 0.5, 'gamma': 0.1, 'damping': 0.001, 'p_cutoff': [0.05, 0.95], 'unlabeled_loss': 0.5, 'mixup_loss': 0.1, 'energy_loss_weight': 0.1, 'used_unlabeled_data': True, 'energy_loss': False, 'mixup': False, 'thresh_warmup': True, 'used_augment_for_anormaly': True, 'batch_size_for_anormaly': 20, 'sample_size_for_anormaly': 25, 'div_loss_alpha': 0.5, 'mixup_loss_type': 'consistency', 'device': 0, 'input_dim': 6805, 'eval_batch_mult': 1}
2026-08-19 12:56:11,013 INFO Epoch: 0, loss: 0.48553749918937683, labeled_loss: 0.48553749918937683, unnlabeled_loss: 0.0, mixup_loss: 0.0, energy_loss: 0.0
2026-08-19 12:56:11,014 INFO Best AUROC test all: 0.7344006987696557, AUPR test all: 0.44577713761293747, AUROC test unknown: 0.7319514284401024, AUPR test unknown: 0.4326779798903362
2026-08-19 12:56:22,663 INFO Epoch: 1, loss: 0.40086081624031067, labeled_loss: 0.40086081624031067, unnlabeled_loss: 0.0, mixup_loss: 0.0, energy_loss: 0.0
2026-08-19 12:56:22,664 INFO Best AUROC test all: 0.7344006987696557, AUPR test all: 0.44577713761293747, AUROC test unknown: 0.7319514284401024, AUPR test unknown: 0.4326779798903362
2026-08-19 12:56:34,169 INFO Epoch: 2, loss: 0.3291144371032715, labeled_loss: 0.3291144371032715, unnlabeled_loss: 0.0, mixup_loss: 0.0, energy_loss: 0.0
2026-08-19 12:56:34,169 INFO Best AUROC test all: 0.7344006987696557, AUPR test all: 0.44577713761293747, AUROC test unknown: 0.7319514284401024, AUPR test unknown: 0.4326779798903362
2026-08-19 12:56:46,056 INFO Epoch: 3, loss: 0.26726996898651123, labeled_loss: 0.26726996898651123, unnlabeled_loss: 0.0, mixup_loss: 0.0, energy_loss: 0.0
2026-08-19 12:56:46,056 INFO Best AUROC test all: 0.7344006987696557, AUPR test all: 0.44577713761293747, AUROC test unknown: 0.7319514284401024, AUPR test unknown: 0.4326779798903362
2026-08-19 12:56:57,833 INFO Epoch: 4, loss: 0.2229776531457901, labeled_loss: 0.2229776531457901, unnlabeled_loss: 0.0, mixup_loss: 0.0, energy_loss: 0.0
2026-08-19 12:56:57,833 INFO Best AUROC test all: 0.7352082119233323, AUPR test all: 0.44577713761293747, AUROC test unknown: 0.7328002050279196, AUPR test unknown: 0.4326779798903362
2026-08-19 12:57:09,437 INFO Epoch: 5, loss: 0.20252011716365814, labeled_loss: 0.20252011716365814, unnlabeled_loss: 0.0, mixup_loss: 0.0, energy_loss: 0.0
2026-08-19 12:57:09,437 INFO Best AUROC test all: 0.7397590826946419, AUPR test all: 0.44577713761293747, AUROC test unknown: 0.7374751573111071, AUPR test unknown: 0.4326779798903362
2026-08-19 12:57:21,036 INFO Epoch: 6, loss: 0.2120598703622818, labeled_loss: 0.19197958707809448, unnlabeled_loss: 0.04016057774424553, mixup_loss: 0.0, energy_loss: 0.0
2026-08-19 12:57:21,036 INFO Best AUROC test all: 0.7408181566040677, AUPR test all: 0.4458701022830658, AUROC test unknown: 0.738583710216064, AUPR test unknown: 0.4326779798903362
2026-08-19 12:57:32,646 INFO Epoch: 7, loss: 0.20800545811653137, labeled_loss: 0.1983739137649536, unnlabeled_loss: 0.01926308684051037, mixup_loss: 0.0, energy_loss: 0.0
2026-08-19 12:57:32,647 INFO Best AUROC test all: 0.7441122539047066, AUPR test all: 0.4484975298699855, AUROC test unknown: 0.7419575709205781, AUPR test unknown: 0.4342971681794562
2026-08-19 12:57:44,309 INFO Epoch: 8, loss: 0.21196113526821136, labeled_loss: 0.20599837601184845, unnlabeled_loss: 0.011925515718758106, mixup_loss: 0.0, energy_loss: 0.0
2026-08-19 12:57:44,309 INFO Best AUROC test all: 0.7474008592953336, AUPR test all: 0.4549776008556751, AUROC test unknown: 0.7452271998135434, AUPR test unknown: 0.4417736237371601
2026-08-19 12:57:55,957 INFO Epoch: 9, loss: 0.22170500457286835, labeled_loss: 0.21780505776405334, unnlabeled_loss: 0.007799887098371983, mixup_loss: 0.0, energy_loss: 0.0
2026-08-19 12:57:55,957 INFO Best AUROC test all: 0.7526600116737584, AUPR test all: 0.4600162198979744, AUROC test unknown: 0.7504274061414591, AUPR test unknown: 0.4461244720782471
2026-08-19 12:58:07,620 INFO Epoch: 10, loss: 0.2208772450685501, labeled_loss: 0.2179611474275589, unnlabeled_loss: 0.005832206457853317, mixup_loss: 0.0, energy_loss: 0.0
2026-08-19 12:58:07,621 INFO Best AUROC test all: 0.7561043775674334, AUPR test all: 0.46835229604097617, AUROC test unknown: 0.7539246271681493, AUPR test unknown: 0.45528210638272737
2026-08-19 12:58:19,156 INFO Epoch: 11, loss: 0.21924149990081787, labeled_loss: 0.21660348773002625, unnlabeled_loss: 0.005276026204228401, mixup_loss: 0.0, energy_loss: 0.0
2026-08-19 12:58:19,156 INFO Best AUROC test all: 0.7611895826654347, AUPR test all: 0.47728544059713196, AUROC test unknown: 0.7589997831792605, AUPR test unknown: 0.464077791458919
2026-08-19 12:58:30,759 INFO Epoch: 12, loss: 0.22165070474147797, labeled_loss: 0.21949388086795807, unnlabeled_loss: 0.004313647747039795, mixup_loss: 0.0, energy_loss: 0.0
2026-08-19 12:58:30,760 INFO Best AUROC test all: 0.7660558564964832, AUPR test all: 0.48744350384058355, AUROC test unknown: 0.7639040547335403, AUPR test unknown: 0.4746163375338778
2026-08-19 12:58:42,365 INFO Epoch: 13, loss: 0.21140512824058533, labeled_loss: 0.20900574326515198, unnlabeled_loss: 0.004798782989382744, mixup_loss: 0.0, energy_loss: 0.0
2026-08-19 12:58:42,365 INFO Best AUROC test all: 0.7739784932388333, AUPR test all: 0.4982651912944912, AUROC test unknown: 0.7719872526119471, AUPR test unknown: 0.48561925143404716
2026-08-19 12:58:53,996 INFO Epoch: 14, loss: 0.19517382979393005, labeled_loss: 0.19241885840892792, unnlabeled_loss: 0.005509949289262295, mixup_loss: 0.0, energy_loss: 0.0
2026-08-19 12:58:53,996 INFO Best AUROC test all: 0.7783213613681388, AUPR test all: 0.5055385539559877, AUROC test unknown: 0.7762777682599509, AUPR test unknown: 0.4928448786739577
2026-08-19 12:59:05,629 INFO Epoch: 15, loss: 0.18466034531593323, labeled_loss: 0.18117240071296692, unnlabeled_loss: 0.0069758775644004345, mixup_loss: 0.0, energy_loss: 0.0
2026-08-19 12:59:05,630 INFO Best AUROC test all: 0.7839991499958373, AUPR test all: 0.5172054121986074, AUROC test unknown: 0.7820315128284056, AUPR test unknown: 0.5058655350172204
2026-08-19 12:59:17,453 INFO Epoch: 16, loss: 0.16782835125923157, labeled_loss: 0.16414369642734528, unnlabeled_loss: 0.007369306869804859, mixup_loss: 0.0, energy_loss: 0.0
2026-08-19 12:59:17,453 INFO Best AUROC test all: 0.7889186410788429, AUPR test all: 0.526683864461282, AUROC test unknown: 0.7869708564140635, AUPR test unknown: 0.5149045703471883
2026-08-19 12:59:29,220 INFO Epoch: 17, loss: 0.16050021350383759, labeled_loss: 0.15571533143520355, unnlabeled_loss: 0.009569772519171238, mixup_loss: 0.0, energy_loss: 0.0
2026-08-19 12:59:29,220 INFO Best AUROC test all: 0.7943232600787358, AUPR test all: 0.5348818273994356, AUROC test unknown: 0.7924042541436208, AUPR test unknown: 0.5227262393676191
2026-08-19 12:59:40,899 INFO Epoch: 18, loss: 0.15085400640964508, labeled_loss: 0.1458553820848465, unnlabeled_loss: 0.009997256100177765, mixup_loss: 0.0, energy_loss: 0.0
2026-08-19 12:59:40,899 INFO Best AUROC test all: 0.7984553474139037, AUPR test all: 0.5457636276747149, AUROC test unknown: 0.796682856258064, AUPR test unknown: 0.5352118032373949
2026-08-19 12:59:52,493 INFO Epoch: 19, loss: 0.14542897045612335, labeled_loss: 0.13971760869026184, unnlabeled_loss: 0.011422717012465, mixup_loss: 0.0, energy_loss: 0.0
2026-08-19 12:59:52,493 INFO Best AUROC test all: 0.8030839236523316, AUPR test all: 0.5577761882929669, AUROC test unknown: 0.801262453844343, AUPR test unknown: 0.5471539911526286
2026-08-19 13:00:04,159 INFO Epoch: 20, loss: 0.13596110045909882, labeled_loss: 0.12967251241207123, unnlabeled_loss: 0.01257716491818428, mixup_loss: 0.0, energy_loss: 0.0
2026-08-19 13:00:04,159 INFO Best AUROC test all: 0.8064017824329713, AUPR test all: 0.5648925591255758, AUROC test unknown: 0.804585345425152, AUPR test unknown: 0.5543763416243183
2026-08-19 13:00:15,874 INFO Epoch: 21, loss: 0.12857398390769958, labeled_loss: 0.12225466221570969, unnlabeled_loss: 0.012638628482818604, mixup_loss: 0.0, energy_loss: 0.0
2026-08-19 13:00:15,874 INFO Best AUROC test all: 0.8090217178823305, AUPR test all: 0.57142159681385, AUROC test unknown: 0.8072321648691902, AUPR test unknown: 0.5614206568956701
2026-08-19 13:00:27,566 INFO Epoch: 22, loss: 0.12784306704998016, labeled_loss: 0.12160611152648926, unnlabeled_loss: 0.012473923154175282, mixup_loss: 0.0, energy_loss: 0.0
2026-08-19 13:00:27,566 INFO Best AUROC test all: 0.8123089985911458, AUPR test all: 0.5821319763655933, AUROC test unknown: 0.8105677221240261, AUPR test unknown: 0.5724617458849134
2026-08-19 13:00:39,268 INFO Epoch: 23, loss: 0.12062356621026993, labeled_loss: 0.11334846913814545, unnlabeled_loss: 0.014550196006894112, mixup_loss: 0.0, energy_loss: 0.0
2026-08-19 13:00:39,268 INFO Best AUROC test all: 0.8151125956542158, AUPR test all: 0.5888433858023396, AUROC test unknown: 0.8133951202797963, AUPR test unknown: 0.5796116626436165
2026-08-19 13:00:50,960 INFO Epoch: 24, loss: 0.11645004898309708, labeled_loss: 0.10940928757190704, unnlabeled_loss: 0.014081526547670364, mixup_loss: 0.0, energy_loss: 0.0
2026-08-19 13:00:50,961 INFO Best AUROC test all: 0.8165590102051095, AUPR test all: 0.5968773826618969, AUROC test unknown: 0.8149397103702063, AUPR test unknown: 0.5880206555822746
2026-08-19 13:01:02,589 INFO Epoch: 25, loss: 0.10830563306808472, labeled_loss: 0.10151077061891556, unnlabeled_loss: 0.013589724898338318, mixup_loss: 0.0, energy_loss: 0.0
2026-08-19 13:01:02,589 INFO Best AUROC test all: 0.8183795185793523, AUPR test all: 0.6036263890166613, AUROC test unknown: 0.8166938412231475, AUPR test unknown: 0.5947935041404038
2026-08-19 13:01:14,301 INFO Epoch: 26, loss: 0.1037680059671402, labeled_loss: 0.09735065698623657, unnlabeled_loss: 0.012834693305194378, mixup_loss: 0.0, energy_loss: 0.0
2026-08-19 13:01:14,301 INFO Best AUROC test all: 0.8194092655053316, AUPR test all: 0.6059642721114948, AUROC test unknown: 0.81773095006948, AUPR test unknown: 0.5971748196669725
2026-08-19 13:01:26,008 INFO Epoch: 27, loss: 0.10335307568311691, labeled_loss: 0.09715677052736282, unnlabeled_loss: 0.01239260658621788, mixup_loss: 0.0, energy_loss: 0.0
2026-08-19 13:01:26,008 INFO Best AUROC test all: 0.8194260172107444, AUPR test all: 0.6094196522688201, AUROC test unknown: 0.8177456493084718, AUPR test unknown: 0.6009278530273162
2026-08-19 13:01:37,650 INFO Epoch: 28, loss: 0.09659091383218765, labeled_loss: 0.0910966619849205, unnlabeled_loss: 0.010988503694534302, mixup_loss: 0.0, energy_loss: 0.0
2026-08-19 13:01:37,650 INFO Best AUROC test all: 0.8209115742693436, AUPR test all: 0.6146096000060699, AUROC test unknown: 0.819244841686039, AUPR test unknown: 0.6061876396402577
2026-08-19 13:01:49,363 INFO Epoch: 29, loss: 0.09143731743097305, labeled_loss: 0.08636008948087692, unnlabeled_loss: 0.010154462419450283, mixup_loss: 0.0, energy_loss: 0.0
2026-08-19 13:01:49,363 INFO Best AUROC test all: 0.8235205718945756, AUPR test all: 0.6191593788785432, AUROC test unknown: 0.8218809361641672, AUPR test unknown: 0.6110492094699034
2026-08-19 13:02:01,046 INFO Epoch: 30, loss: 0.08632014691829681, labeled_loss: 0.08180170506238937, unnlabeled_loss: 0.009036877192556858, mixup_loss: 0.0, energy_loss: 0.0
2026-08-19 13:02:01,047 INFO Best AUROC test all: 0.8235205718945756, AUPR test all: 0.6230997374050173, AUROC test unknown: 0.8218809361641672, AUPR test unknown: 0.6153109923313546
2026-08-19 13:02:12,763 INFO Epoch: 31, loss: 0.0851992666721344, labeled_loss: 0.08136603981256485, unnlabeled_loss: 0.007666450925171375, mixup_loss: 0.0, energy_loss: 0.0
2026-08-19 13:02:12,764 INFO Best AUROC test all: 0.8235205718945756, AUPR test all: 0.6240344751570432, AUROC test unknown: 0.8218809361641672, AUPR test unknown: 0.616211073285246
2026-08-19 13:02:24,391 INFO Epoch: 32, loss: 0.07474755495786667, labeled_loss: 0.07165787369012833, unnlabeled_loss: 0.006179365795105696, mixup_loss: 0.0, energy_loss: 0.0
2026-08-19 13:02:24,391 INFO Best AUROC test all: 0.8249987144147, AUPR test all: 0.6304367445442538, AUROC test unknown: 0.8234637925615165, AUPR test unknown: 0.6229761256227903
2026-08-19 13:02:36,010 INFO Epoch: 33, loss: 0.07631871104240417, labeled_loss: 0.07346713542938232, unnlabeled_loss: 0.005703151226043701, mixup_loss: 0.0, energy_loss: 0.0
2026-08-19 13:02:36,010 INFO Best AUROC test all: 0.8261376555983675, AUPR test all: 0.6342359144788525, AUROC test unknown: 0.8245059342489947, AUPR test unknown: 0.6265711148653172
2026-08-19 13:02:47,734 INFO Epoch: 34, loss: 0.07168824970722198, labeled_loss: 0.06915183365345001, unnlabeled_loss: 0.005072834901511669, mixup_loss: 0.0, energy_loss: 0.0
2026-08-19 13:02:47,734 INFO Best AUROC test all: 0.8261376555983675, AUPR test all: 0.6361527751107372, AUROC test unknown: 0.8245059342489947, AUPR test unknown: 0.6288548335389633
2026-08-19 13:02:59,426 INFO Epoch: 35, loss: 0.07168373465538025, labeled_loss: 0.06973064690828323, unnlabeled_loss: 0.0039061736315488815, mixup_loss: 0.0, energy_loss: 0.0
2026-08-19 13:02:59,427 INFO Best AUROC test all: 0.8284326392399272, AUPR test all: 0.6423366405118371, AUROC test unknown: 0.8268331589946019, AUPR test unknown: 0.6351481517752198
2026-08-19 13:03:11,282 INFO Epoch: 36, loss: 0.06599859893321991, labeled_loss: 0.06424400955438614, unnlabeled_loss: 0.00350918504409492, mixup_loss: 0.0, energy_loss: 0.0
2026-08-19 13:03:11,282 INFO Best AUROC test all: 0.828759890842539, AUPR test all: 0.6465093864551765, AUROC test unknown: 0.8272580905010695, AUPR test unknown: 0.6396554506416207
2026-08-19 13:03:22,919 INFO Epoch: 37, loss: 0.06259468197822571, labeled_loss: 0.060907915234565735, unnlabeled_loss: 0.0033735267352312803, mixup_loss: 0.0, energy_loss: 0.0
2026-08-19 13:03:22,919 INFO Best AUROC test all: 0.8317527334211242, AUPR test all: 0.6511097418827274, AUROC test unknown: 0.8301728855218995, AUPR test unknown: 0.6440225671016518
2026-08-19 13:03:34,517 INFO Epoch: 38, loss: 0.06151392310857773, labeled_loss: 0.059919435530900955, unnlabeled_loss: 0.0031889774836599827, mixup_loss: 0.0, energy_loss: 0.0
2026-08-19 13:03:34,517 INFO Best AUROC test all: 0.8317527334211242, AUPR test all: 0.6511097418827274, AUROC test unknown: 0.8301728855218995, AUPR test unknown: 0.6440225671016518
2026-08-19 13:03:46,204 INFO Epoch: 39, loss: 0.05714699625968933, labeled_loss: 0.05568929761648178, unnlabeled_loss: 0.002915396587923169, mixup_loss: 0.0, energy_loss: 0.0
2026-08-19 13:03:46,204 INFO Best AUROC test all: 0.8317527334211242, AUPR test all: 0.6518737534958946, AUROC test unknown: 0.8301728855218995, AUPR test unknown: 0.6450069875512392
2026-08-19 13:03:57,894 INFO Epoch: 40, loss: 0.05713929608464241, labeled_loss: 0.05609370023012161, unnlabeled_loss: 0.0020911949686706066, mixup_loss: 0.0, energy_loss: 0.0
2026-08-19 13:03:57,894 INFO Best AUROC test all: 0.8327969046601662, AUPR test all: 0.6580835550846724, AUROC test unknown: 0.8312361428565459, AUPR test unknown: 0.6511727887805143
2026-08-19 13:04:09,583 INFO Epoch: 41, loss: 0.055261336266994476, labeled_loss: 0.054190222173929214, unnlabeled_loss: 0.002142225857824087, mixup_loss: 0.0, energy_loss: 0.0
2026-08-19 13:04:09,583 INFO Best AUROC test all: 0.8327969046601662, AUPR test all: 0.6580835550846724, AUROC test unknown: 0.8312361428565459, AUPR test unknown: 0.6511727887805143
2026-08-19 13:04:21,272 INFO Epoch: 42, loss: 0.05577971413731575, labeled_loss: 0.05490252375602722, unnlabeled_loss: 0.001754381344653666, mixup_loss: 0.0, energy_loss: 0.0
2026-08-19 13:04:21,272 INFO Best AUROC test all: 0.8327969046601662, AUPR test all: 0.6621457085558241, AUROC test unknown: 0.8312361428565459, AUPR test unknown: 0.6556073344989397
2026-08-19 13:04:33,000 INFO Epoch: 43, loss: 0.05225124582648277, labeled_loss: 0.05129954218864441, unnlabeled_loss: 0.0019034055294468999, mixup_loss: 0.0, energy_loss: 0.0
2026-08-19 13:04:33,000 INFO Best AUROC test all: 0.8327969046601662, AUPR test all: 0.6621457085558241, AUROC test unknown: 0.8312361428565459, AUPR test unknown: 0.6556073344989397
2026-08-19 13:04:44,676 INFO Epoch: 44, loss: 0.05291442573070526, labeled_loss: 0.052227139472961426, unnlabeled_loss: 0.001374570420011878, mixup_loss: 0.0, energy_loss: 0.0
2026-08-19 13:04:44,676 INFO Best AUROC test all: 0.8327969046601662, AUPR test all: 0.6621457085558241, AUROC test unknown: 0.8312361428565459, AUPR test unknown: 0.6556073344989397
2026-08-19 13:04:56,366 INFO Epoch: 45, loss: 0.05293402820825577, labeled_loss: 0.05193164944648743, unnlabeled_loss: 0.002004757523536682, mixup_loss: 0.0, energy_loss: 0.0
2026-08-19 13:04:56,366 INFO Best AUROC test all: 0.8339558356603424, AUPR test all: 0.6636758708091256, AUROC test unknown: 0.8323984877333783, AUPR test unknown: 0.657068128938344
2026-08-19 13:05:08,013 INFO Epoch: 46, loss: 0.05093707516789436, labeled_loss: 0.04985883831977844, unnlabeled_loss: 0.0021564713679254055, mixup_loss: 0.0, energy_loss: 0.0
2026-08-19 13:05:08,013 INFO Best AUROC test all: 0.8339558356603424, AUPR test all: 0.6636758708091256, AUROC test unknown: 0.8323984877333783, AUPR test unknown: 0.657068128938344
2026-08-19 13:05:19,702 INFO Epoch: 47, loss: 0.04770958796143532, labeled_loss: 0.04695401340723038, unnlabeled_loss: 0.0015111464308574796, mixup_loss: 0.0, energy_loss: 0.0
2026-08-19 13:05:19,702 INFO Best AUROC test all: 0.8339558356603424, AUPR test all: 0.6636758708091256, AUROC test unknown: 0.8323984877333783, AUPR test unknown: 0.657068128938344
2026-08-19 13:05:31,423 INFO Epoch: 48, loss: 0.047605957835912704, labeled_loss: 0.0466652475297451, unnlabeled_loss: 0.0018814174691215158, mixup_loss: 0.0, energy_loss: 0.0
2026-08-19 13:05:31,424 INFO Best AUROC test all: 0.8339558356603424, AUPR test all: 0.6636758708091256, AUROC test unknown: 0.8323984877333783, AUPR test unknown: 0.657068128938344
2026-08-19 13:05:43,170 INFO Epoch: 49, loss: 0.04526756703853607, labeled_loss: 0.04461396485567093, unnlabeled_loss: 0.0013072022702544928, mixup_loss: 0.0, energy_loss: 0.0
2026-08-19 13:05:43,171 INFO Best AUROC test all: 0.8339558356603424, AUPR test all: 0.6636758708091256, AUROC test unknown: 0.8323984877333783, AUPR test unknown: 0.657068128938344
2026-08-19 13:05:54,789 INFO Epoch: 50, loss: 0.044298917055130005, labeled_loss: 0.04361029714345932, unnlabeled_loss: 0.0013772378442808986, mixup_loss: 0.0, energy_loss: 0.0
2026-08-19 13:05:54,789 INFO Best AUROC test all: 0.8339558356603424, AUPR test all: 0.6636758708091256, AUROC test unknown: 0.8323984877333783, AUPR test unknown: 0.657068128938344
2026-08-19 13:06:06,517 INFO Epoch: 51, loss: 0.042934782803058624, labeled_loss: 0.04237858206033707, unnlabeled_loss: 0.0011124014854431152, mixup_loss: 0.0, energy_loss: 0.0
2026-08-19 13:06:06,517 INFO Best AUROC test all: 0.8339558356603424, AUPR test all: 0.6636758708091256, AUROC test unknown: 0.8323984877333783, AUPR test unknown: 0.657068128938344
2026-08-19 13:06:18,268 INFO Epoch: 52, loss: 0.040818776935338974, labeled_loss: 0.04022226110100746, unnlabeled_loss: 0.0011930321343243122, mixup_loss: 0.0, energy_loss: 0.0
2026-08-19 13:06:18,269 INFO Best AUROC test all: 0.8339558356603424, AUPR test all: 0.6636758708091256, AUROC test unknown: 0.8323984877333783, AUPR test unknown: 0.657068128938344
2026-08-19 13:06:29,881 INFO Epoch: 53, loss: 0.038873571902513504, labeled_loss: 0.038303084671497345, unnlabeled_loss: 0.00114097457844764, mixup_loss: 0.0, energy_loss: 0.0
2026-08-19 13:06:29,881 INFO Best AUROC test all: 0.8339558356603424, AUPR test all: 0.6636758708091256, AUROC test unknown: 0.8323984877333783, AUPR test unknown: 0.657068128938344
2026-08-19 13:06:41,516 INFO Epoch: 54, loss: 0.03679816424846649, labeled_loss: 0.03644730895757675, unnlabeled_loss: 0.0007017115131020546, mixup_loss: 0.0, energy_loss: 0.0
2026-08-19 13:06:41,516 INFO Best AUROC test all: 0.8339558356603424, AUPR test all: 0.6636758708091256, AUROC test unknown: 0.8323984877333783, AUPR test unknown: 0.657068128938344
2026-08-19 13:06:53,335 INFO Epoch: 55, loss: 0.03497682511806488, labeled_loss: 0.03433539718389511, unnlabeled_loss: 0.001282854937016964, mixup_loss: 0.0, energy_loss: 0.0
2026-08-19 13:06:53,335 INFO Best AUROC test all: 0.8339558356603424, AUPR test all: 0.6636758708091256, AUROC test unknown: 0.8323984877333783, AUPR test unknown: 0.657068128938344
2026-08-19 13:07:04,948 INFO Epoch: 56, loss: 0.032001376152038574, labeled_loss: 0.03144251927733421, unnlabeled_loss: 0.0011177167762070894, mixup_loss: 0.0, energy_loss: 0.0
2026-08-19 13:07:04,948 INFO Best AUROC test all: 0.8339558356603424, AUPR test all: 0.6636758708091256, AUROC test unknown: 0.8323984877333783, AUPR test unknown: 0.657068128938344
2026-08-19 13:07:16,706 INFO Epoch: 57, loss: 0.02936505153775215, labeled_loss: 0.0289993304759264, unnlabeled_loss: 0.0007314404938369989, mixup_loss: 0.0, energy_loss: 0.0
2026-08-19 13:07:16,706 INFO Best AUROC test all: 0.8339558356603424, AUPR test all: 0.6636758708091256, AUROC test unknown: 0.8323984877333783, AUPR test unknown: 0.657068128938344
2026-08-19 13:07:28,308 INFO Epoch: 58, loss: 0.026676641777157784, labeled_loss: 0.02613089792430401, unnlabeled_loss: 0.0010914893355220556, mixup_loss: 0.0, energy_loss: 0.0
2026-08-19 13:07:28,308 INFO Best AUROC test all: 0.8339558356603424, AUPR test all: 0.6636758708091256, AUROC test unknown: 0.8323984877333783, AUPR test unknown: 0.657068128938344
2026-08-19 13:07:40,020 INFO Epoch: 59, loss: 0.023375408723950386, labeled_loss: 0.022913968190550804, unnlabeled_loss: 0.0009228796698153019, mixup_loss: 0.0, energy_loss: 0.0
2026-08-19 13:07:40,021 INFO Best AUROC test all: 0.8339558356603424, AUPR test all: 0.6636758708091256, AUROC test unknown: 0.8323984877333783, AUPR test unknown: 0.657068128938344
2026-08-19 13:07:51,702 INFO Epoch: 60, loss: 0.019913630560040474, labeled_loss: 0.01946583017706871, unnlabeled_loss: 0.0008956001838669181, mixup_loss: 0.0, energy_loss: 0.0
2026-08-19 13:07:51,702 INFO Best AUROC test all: 0.8339558356603424, AUPR test all: 0.6636758708091256, AUROC test unknown: 0.8323984877333783, AUPR test unknown: 0.657068128938344
2026-08-19 13:08:03,703 INFO Epoch: 61, loss: 0.016114646568894386, labeled_loss: 0.015683716163039207, unnlabeled_loss: 0.0008618623833172023, mixup_loss: 0.0, energy_loss: 0.0
2026-08-19 13:08:03,703 INFO Best AUROC test all: 0.8339558356603424, AUPR test all: 0.6636758708091256, AUROC test unknown: 0.8323984877333783, AUPR test unknown: 0.657068128938344
2026-08-19 13:08:15,313 INFO Epoch: 62, loss: 0.013087926432490349, labeled_loss: 0.012647215276956558, unnlabeled_loss: 0.0008814231841824949, mixup_loss: 0.0, energy_loss: 0.0
2026-08-19 13:08:15,313 INFO Best AUROC test all: 0.8339558356603424, AUPR test all: 0.6636758708091256, AUROC test unknown: 0.8323984877333783, AUPR test unknown: 0.657068128938344
2026-08-19 13:08:26,985 INFO Epoch: 63, loss: 0.009928998537361622, labeled_loss: 0.009436046704649925, unnlabeled_loss: 0.0009859036654233932, mixup_loss: 0.0, energy_loss: 0.0
2026-08-19 13:08:26,985 INFO Best AUROC test all: 0.8339558356603424, AUPR test all: 0.6636758708091256, AUROC test unknown: 0.8323984877333783, AUPR test unknown: 0.657068128938344
2026-08-19 13:08:38,669 INFO Epoch: 64, loss: 0.0075954594649374485, labeled_loss: 0.006933556869626045, unnlabeled_loss: 0.0013238050742074847, mixup_loss: 0.0, energy_loss: 0.0
2026-08-19 13:08:38,669 INFO Best AUROC test all: 0.8339558356603424, AUPR test all: 0.6636758708091256, AUROC test unknown: 0.8323984877333783, AUPR test unknown: 0.657068128938344
2026-08-19 13:08:50,290 INFO Epoch: 65, loss: 0.0057248929515480995, labeled_loss: 0.005293929949402809, unnlabeled_loss: 0.0008619258878752589, mixup_loss: 0.0, energy_loss: 0.0
2026-08-19 13:08:50,291 INFO Best AUROC test all: 0.8339558356603424, AUPR test all: 0.6636758708091256, AUROC test unknown: 0.8323984877333783, AUPR test unknown: 0.657068128938344
2026-08-19 13:09:02,058 INFO Epoch: 66, loss: 0.004765395540744066, labeled_loss: 0.003609183942899108, unnlabeled_loss: 0.0023124231956899166, mixup_loss: 0.0, energy_loss: 0.0
2026-08-19 13:09:02,059 INFO Best AUROC test all: 0.8339558356603424, AUPR test all: 0.6636758708091256, AUROC test unknown: 0.8323984877333783, AUPR test unknown: 0.657068128938344
2026-08-19 13:09:13,693 INFO Epoch: 67, loss: 0.008623703382909298, labeled_loss: 0.0024354502093046904, unnlabeled_loss: 0.012376506812870502, mixup_loss: 0.0, energy_loss: 0.0
2026-08-19 13:09:13,693 INFO Best AUROC test all: 0.8339558356603424, AUPR test all: 0.6636758708091256, AUROC test unknown: 0.8323984877333783, AUPR test unknown: 0.657068128938344
2026-08-19 13:09:25,304 INFO Epoch: 68, loss: 0.0037166825495660305, labeled_loss: 0.001608021091669798, unnlabeled_loss: 0.004217322915792465, mixup_loss: 0.0, energy_loss: 0.0
2026-08-19 13:09:25,305 INFO Best AUROC test all: 0.8339558356603424, AUPR test all: 0.6636758708091256, AUROC test unknown: 0.8323984877333783, AUPR test unknown: 0.657068128938344
2026-08-19 13:09:37,025 INFO Epoch: 69, loss: 0.016485800966620445, labeled_loss: 0.0016609415179118514, unnlabeled_loss: 0.02964971773326397, mixup_loss: 0.0, energy_loss: 0.0
2026-08-19 13:09:37,025 INFO Best AUROC test all: 0.8339558356603424, AUPR test all: 0.6636758708091256, AUROC test unknown: 0.8323984877333783, AUPR test unknown: 0.657068128938344
2026-08-19 13:09:48,715 INFO Epoch: 70, loss: 0.00428552133962512, labeled_loss: 0.00080855906708166, unnlabeled_loss: 0.006953924894332886, mixup_loss: 0.0, energy_loss: 0.0
2026-08-19 13:09:48,715 INFO Best AUROC test all: 0.8339558356603424, AUPR test all: 0.6636758708091256, AUROC test unknown: 0.8323984877333783, AUPR test unknown: 0.657068128938344
2026-08-19 13:10:00,625 INFO Epoch: 71, loss: 0.0038793019484728575, labeled_loss: 0.0006248026620596647, unnlabeled_loss: 0.0065089985728263855, mixup_loss: 0.0, energy_loss: 0.0
2026-08-19 13:10:00,626 INFO Best AUROC test all: 0.8339558356603424, AUPR test all: 0.6636758708091256, AUROC test unknown: 0.8323984877333783, AUPR test unknown: 0.657068128938344
2026-08-19 13:10:12,228 INFO Epoch: 72, loss: 0.005239713937044144, labeled_loss: 0.001025969861075282, unnlabeled_loss: 0.008427487686276436, mixup_loss: 0.0, energy_loss: 0.0
2026-08-19 13:10:12,228 INFO Best AUROC test all: 0.8339558356603424, AUPR test all: 0.6636758708091256, AUROC test unknown: 0.8323984877333783, AUPR test unknown: 0.657068128938344
2026-08-19 13:10:24,208 INFO Epoch: 73, loss: 0.015220955945551395, labeled_loss: 0.0007088662823662162, unnlabeled_loss: 0.02902418002486229, mixup_loss: 0.0, energy_loss: 0.0
2026-08-19 13:10:24,208 INFO Best AUROC test all: 0.8339558356603424, AUPR test all: 0.6636758708091256, AUROC test unknown: 0.8323984877333783, AUPR test unknown: 0.657068128938344
2026-08-19 13:10:35,916 INFO Epoch: 74, loss: 0.010715493932366371, labeled_loss: 0.000525562500115484, unnlabeled_loss: 0.020379863679409027, mixup_loss: 0.0, energy_loss: 0.0
2026-08-19 13:10:35,916 INFO Best AUROC test all: 0.8339558356603424, AUPR test all: 0.6636758708091256, AUROC test unknown: 0.8323984877333783, AUPR test unknown: 0.657068128938344
2026-08-19 13:10:47,619 INFO Epoch: 75, loss: 0.003911070059984922, labeled_loss: 0.0007205700385384262, unnlabeled_loss: 0.006380999926477671, mixup_loss: 0.0, energy_loss: 0.0
2026-08-19 13:10:47,620 INFO Best AUROC test all: 0.835406564626304, AUPR test all: 0.6636758708091256, AUROC test unknown: 0.8339210614651975, AUPR test unknown: 0.657068128938344
2026-08-19 13:10:59,241 INFO Epoch: 76, loss: 0.005832147318869829, labeled_loss: 0.0009028693893924356, unnlabeled_loss: 0.009858556091785431, mixup_loss: 0.0, energy_loss: 0.0
2026-08-19 13:10:59,241 INFO Best AUROC test all: 0.835732151177472, AUPR test all: 0.6636758708091256, AUROC test unknown: 0.8342494311357369, AUPR test unknown: 0.657068128938344
2026-08-19 13:11:10,822 INFO Epoch: 77, loss: 0.019888998940587044, labeled_loss: 0.0006240538787096739, unnlabeled_loss: 0.0385298915207386, mixup_loss: 0.0, energy_loss: 0.0
2026-08-19 13:11:10,822 INFO Best AUROC test all: 0.8368102949854814, AUPR test all: 0.6636758708091256, AUROC test unknown: 0.8352791578626768, AUPR test unknown: 0.657068128938344
2026-08-19 13:11:22,487 INFO Epoch: 78, loss: 0.002754027023911476, labeled_loss: 0.0007274282397702336, unnlabeled_loss: 0.004053197335451841, mixup_loss: 0.0, energy_loss: 0.0
2026-08-19 13:11:22,487 INFO Best AUROC test all: 0.8390931541087904, AUPR test all: 0.6636758708091256, AUROC test unknown: 0.8375836141092265, AUPR test unknown: 0.657068128938344
2026-08-19 13:11:34,249 INFO Epoch: 79, loss: 0.019681032747030258, labeled_loss: 0.0007204047869890928, unnlabeled_loss: 0.03792125731706619, mixup_loss: 0.0, energy_loss: 0.0
2026-08-19 13:11:34,249 INFO Best AUROC test all: 0.8402614498734422, AUPR test all: 0.6636758708091256, AUROC test unknown: 0.8387620232207119, AUPR test unknown: 0.657068128938344
2026-08-19 13:11:45,839 INFO Epoch: 80, loss: 0.007989715784788132, labeled_loss: 0.0008513540960848331, unnlabeled_loss: 0.014276723377406597, mixup_loss: 0.0, energy_loss: 0.0
2026-08-19 13:11:45,839 INFO Best AUROC test all: 0.8402614498734422, AUPR test all: 0.6636758708091256, AUROC test unknown: 0.8387620232207119, AUPR test unknown: 0.657068128938344
2026-08-19 13:11:57,473 INFO Epoch: 81, loss: 0.006451136898249388, labeled_loss: 0.00095499207964167, unnlabeled_loss: 0.010992289520800114, mixup_loss: 0.0, energy_loss: 0.0
2026-08-19 13:11:57,473 INFO Best AUROC test all: 0.8402614498734422, AUPR test all: 0.6636758708091256, AUROC test unknown: 0.8387620232207119, AUPR test unknown: 0.657068128938344
2026-08-19 13:12:09,400 INFO Epoch: 82, loss: 0.002255086088553071, labeled_loss: 0.0008713079150766134, unnlabeled_loss: 0.002767556346952915, mixup_loss: 0.0, energy_loss: 0.0
2026-08-19 13:12:09,400 INFO Best AUROC test all: 0.8402614498734422, AUPR test all: 0.6636758708091256, AUROC test unknown: 0.8387620232207119, AUPR test unknown: 0.657068128938344
2026-08-19 13:12:21,099 INFO Epoch: 83, loss: 0.015258916653692722, labeled_loss: 0.0007442815112881362, unnlabeled_loss: 0.029029270634055138, mixup_loss: 0.0, energy_loss: 0.0
2026-08-19 13:12:21,099 INFO Best AUROC test all: 0.8402614498734422, AUPR test all: 0.6636758708091256, AUROC test unknown: 0.8387620232207119, AUPR test unknown: 0.657068128938344
2026-08-19 13:12:32,745 INFO Epoch: 84, loss: 0.001884031924419105, labeled_loss: 0.0005828496068716049, unnlabeled_loss: 0.0026023646350950003, mixup_loss: 0.0, energy_loss: 0.0
2026-08-19 13:12:32,745 INFO Best AUROC test all: 0.8402614498734422, AUPR test all: 0.6636758708091256, AUROC test unknown: 0.8387620232207119, AUPR test unknown: 0.657068128938344
2026-08-19 13:12:44,471 INFO Epoch: 85, loss: 0.0015049093635752797, labeled_loss: 0.00042917404789477587, unnlabeled_loss: 0.0021514706313610077, mixup_loss: 0.0, energy_loss: 0.0
2026-08-19 13:12:44,471 INFO Best AUROC test all: 0.8402614498734422, AUPR test all: 0.6636758708091256, AUROC test unknown: 0.8387620232207119, AUPR test unknown: 0.657068128938344
2026-08-19 13:12:56,057 INFO Epoch: 86, loss: 0.0015128758968785405, labeled_loss: 0.0004997123032808304, unnlabeled_loss: 0.0020263271871954203, mixup_loss: 0.0, energy_loss: 0.0
2026-08-19 13:12:56,057 INFO Best AUROC test all: 0.8402614498734422, AUPR test all: 0.6636758708091256, AUROC test unknown: 0.8387620232207119, AUPR test unknown: 0.657068128938344
2026-08-19 13:13:07,833 INFO Epoch: 87, loss: 0.0025251584593206644, labeled_loss: 0.0003273028414696455, unnlabeled_loss: 0.004395711235702038, mixup_loss: 0.0, energy_loss: 0.0
2026-08-19 13:13:07,834 INFO Best AUROC test all: 0.8402614498734422, AUPR test all: 0.6636758708091256, AUROC test unknown: 0.8387620232207119, AUPR test unknown: 0.657068128938344
2026-08-19 13:13:19,624 INFO Epoch: 88, loss: 0.01947294920682907, labeled_loss: 0.0008768237312324345, unnlabeled_loss: 0.03719225153326988, mixup_loss: 0.0, energy_loss: 0.0
2026-08-19 13:13:19,625 INFO Best AUROC test all: 0.8402614498734422, AUPR test all: 0.6636758708091256, AUROC test unknown: 0.8387620232207119, AUPR test unknown: 0.657068128938344
2026-08-19 13:13:31,220 INFO Epoch: 89, loss: 0.017221510410308838, labeled_loss: 0.00023922159743960947, unnlabeled_loss: 0.033964578062295914, mixup_loss: 0.0, energy_loss: 0.0
2026-08-19 13:13:31,220 INFO Best AUROC test all: 0.8402614498734422, AUPR test all: 0.6636758708091256, AUROC test unknown: 0.8387620232207119, AUPR test unknown: 0.657068128938344
2026-08-19 13:13:42,837 INFO Epoch: 90, loss: 0.006630175281316042, labeled_loss: 0.0003368008474353701, unnlabeled_loss: 0.012586749158799648, mixup_loss: 0.0, energy_loss: 0.0
2026-08-19 13:13:42,837 INFO Best AUROC test all: 0.8402614498734422, AUPR test all: 0.6636758708091256, AUROC test unknown: 0.8387620232207119, AUPR test unknown: 0.657068128938344
2026-08-19 13:13:54,507 INFO Epoch: 91, loss: 0.004855030681937933, labeled_loss: 0.0003682978276629001, unnlabeled_loss: 0.00897346530109644, mixup_loss: 0.0, energy_loss: 0.0
2026-08-19 13:13:54,507 INFO Best AUROC test all: 0.8402614498734422, AUPR test all: 0.6636758708091256, AUROC test unknown: 0.8387620232207119, AUPR test unknown: 0.657068128938344
2026-08-19 13:14:06,241 INFO Epoch: 92, loss: 0.011691986583173275, labeled_loss: 0.00045135110849514604, unnlabeled_loss: 0.022481270134449005, mixup_loss: 0.0, energy_loss: 0.0
2026-08-19 13:14:06,241 INFO Best AUROC test all: 0.8402614498734422, AUPR test all: 0.6636758708091256, AUROC test unknown: 0.8387620232207119, AUPR test unknown: 0.657068128938344
2026-08-19 13:14:17,817 INFO Epoch: 93, loss: 0.0026533473283052444, labeled_loss: 0.0005466701695695519, unnlabeled_loss: 0.004213354550302029, mixup_loss: 0.0, energy_loss: 0.0
2026-08-19 13:14:17,817 INFO Best AUROC test all: 0.8404219755513413, AUPR test all: 0.6636758708091256, AUROC test unknown: 0.8389216255705472, AUPR test unknown: 0.657068128938344
2026-08-19 13:14:29,476 INFO Epoch: 94, loss: 0.0031525432132184505, labeled_loss: 0.000766951241530478, unnlabeled_loss: 0.0047711837105453014, mixup_loss: 0.0, energy_loss: 0.0
2026-08-19 13:14:29,476 INFO Best AUROC test all: 0.8404219755513413, AUPR test all: 0.6636758708091256, AUROC test unknown: 0.8389216255705472, AUPR test unknown: 0.657068128938344
2026-08-19 13:14:41,160 INFO Epoch: 95, loss: 0.004326207097619772, labeled_loss: 0.002299533225595951, unnlabeled_loss: 0.004053347744047642, mixup_loss: 0.0, energy_loss: 0.0
2026-08-19 13:14:41,160 INFO Best AUROC test all: 0.8404219755513413, AUPR test all: 0.6636758708091256, AUROC test unknown: 0.8389216255705472, AUPR test unknown: 0.657068128938344
2026-08-19 13:14:52,796 INFO Epoch: 96, loss: 0.0035243909806013107, labeled_loss: 0.0005968321347609162, unnlabeled_loss: 0.005855117458850145, mixup_loss: 0.0, energy_loss: 0.0
2026-08-19 13:14:52,796 INFO Best AUROC test all: 0.8404219755513413, AUPR test all: 0.6636758708091256, AUROC test unknown: 0.8389216255705472, AUPR test unknown: 0.657068128938344
2026-08-19 13:15:04,421 INFO Epoch: 97, loss: 0.002278618048876524, labeled_loss: 0.0005849188310094178, unnlabeled_loss: 0.0033873983193188906, mixup_loss: 0.0, energy_loss: 0.0
2026-08-19 13:15:04,421 INFO Best AUROC test all: 0.8404219755513413, AUPR test all: 0.6636758708091256, AUROC test unknown: 0.8389216255705472, AUPR test unknown: 0.657068128938344
2026-08-19 13:15:16,115 INFO Epoch: 98, loss: 0.002151280175894499, labeled_loss: 0.0004176767251919955, unnlabeled_loss: 0.0034672068431973457, mixup_loss: 0.0, energy_loss: 0.0
2026-08-19 13:15:16,115 INFO Best AUROC test all: 0.8404219755513413, AUPR test all: 0.6636758708091256, AUROC test unknown: 0.8389216255705472, AUPR test unknown: 0.657068128938344
2026-08-19 13:15:27,769 INFO Epoch: 99, loss: 0.0019465265795588493, labeled_loss: 0.0002789514255709946, unnlabeled_loss: 0.0033351501915603876, mixup_loss: 0.0, energy_loss: 0.0
2026-08-19 13:15:27,769 INFO Best AUROC test all: 0.8404219755513413, AUPR test all: 0.6636758708091256, AUROC test unknown: 0.8389216255705472, AUPR test unknown: 0.657068128938344
2026-08-19 13:15:39,517 INFO Epoch: 100, loss: 0.0017415424808859825, labeled_loss: 0.00015004917804617435, unnlabeled_loss: 0.003182986518368125, mixup_loss: 0.0, energy_loss: 0.0
2026-08-19 13:15:39,517 INFO Best AUROC test all: 0.8404219755513413, AUPR test all: 0.6636758708091256, AUROC test unknown: 0.8389216255705472, AUPR test unknown: 0.657068128938344
2026-08-19 13:15:51,203 INFO Epoch: 101, loss: 0.013937138952314854, labeled_loss: 0.0002391173766227439, unnlabeled_loss: 0.02739604376256466, mixup_loss: 0.0, energy_loss: 0.0
2026-08-19 13:15:51,203 INFO Best AUROC test all: 0.8404219755513413, AUPR test all: 0.6636758708091256, AUROC test unknown: 0.8389216255705472, AUPR test unknown: 0.657068128938344
2026-08-19 13:16:02,890 INFO Epoch: 102, loss: 0.015430621802806854, labeled_loss: 0.00020170706557109952, unnlabeled_loss: 0.03045783005654812, mixup_loss: 0.0, energy_loss: 0.0
2026-08-19 13:16:02,891 INFO Best AUROC test all: 0.8404219755513413, AUPR test all: 0.6636758708091256, AUROC test unknown: 0.8389216255705472, AUPR test unknown: 0.657068128938344
2026-08-19 13:16:14,539 INFO Epoch: 103, loss: 0.002006891882047057, labeled_loss: 0.0006788523751311004, unnlabeled_loss: 0.0026560791302472353, mixup_loss: 0.0, energy_loss: 0.0
2026-08-19 13:16:14,539 INFO Best AUROC test all: 0.8404219755513413, AUPR test all: 0.6636758708091256, AUROC test unknown: 0.8389216255705472, AUPR test unknown: 0.657068128938344
2026-08-19 13:16:26,159 INFO Epoch: 104, loss: 0.0020887176506221294, labeled_loss: 0.00018183671636506915, unnlabeled_loss: 0.0038137617520987988, mixup_loss: 0.0, energy_loss: 0.0
2026-08-19 13:16:26,159 INFO Best AUROC test all: 0.8404219755513413, AUPR test all: 0.6636758708091256, AUROC test unknown: 0.8389216255705472, AUPR test unknown: 0.657068128938344
2026-08-19 13:16:37,817 INFO Epoch: 105, loss: 0.002208905527368188, labeled_loss: 0.00044075524783693254, unnlabeled_loss: 0.0035363007336854935, mixup_loss: 0.0, energy_loss: 0.0
2026-08-19 13:16:37,817 INFO Best AUROC test all: 0.8404219755513413, AUPR test all: 0.6636758708091256, AUROC test unknown: 0.8389216255705472, AUPR test unknown: 0.657068128938344
2026-08-19 13:16:49,405 INFO Epoch: 106, loss: 0.0022101965732872486, labeled_loss: 0.0002296601451234892, unnlabeled_loss: 0.0039610727690160275, mixup_loss: 0.0, energy_loss: 0.0
2026-08-19 13:16:49,405 INFO Best AUROC test all: 0.8404219755513413, AUPR test all: 0.6636758708091256, AUROC test unknown: 0.8389216255705472, AUPR test unknown: 0.657068128938344
2026-08-19 13:17:01,200 INFO Epoch: 107, loss: 0.004511768463999033, labeled_loss: 0.00019637875084299594, unnlabeled_loss: 0.008630779571831226, mixup_loss: 0.0, energy_loss: 0.0
2026-08-19 13:17:01,200 INFO Best AUROC test all: 0.8404219755513413, AUPR test all: 0.6636758708091256, AUROC test unknown: 0.8389216255705472, AUPR test unknown: 0.657068128938344
2026-08-19 13:17:12,893 INFO Epoch: 108, loss: 0.0030733346939086914, labeled_loss: 0.0005292508867569268, unnlabeled_loss: 0.005088167730718851, mixup_loss: 0.0, energy_loss: 0.0
2026-08-19 13:17:12,893 INFO Best AUROC test all: 0.8404219755513413, AUPR test all: 0.6636758708091256, AUROC test unknown: 0.8389216255705472, AUPR test unknown: 0.657068128938344
2026-08-19 13:17:24,505 INFO Epoch: 109, loss: 0.002548851305618882, labeled_loss: 0.0003757778904400766, unnlabeled_loss: 0.004346146713942289, mixup_loss: 0.0, energy_loss: 0.0
2026-08-19 13:17:24,505 INFO Best AUROC test all: 0.8404219755513413, AUPR test all: 0.6636758708091256, AUROC test unknown: 0.8389216255705472, AUPR test unknown: 0.657068128938344
2026-08-19 13:17:36,226 INFO Epoch: 110, loss: 0.0014417843194678426, labeled_loss: 0.00021805937285535038, unnlabeled_loss: 0.0024474498350173235, mixup_loss: 0.0, energy_loss: 0.0
2026-08-19 13:17:36,226 INFO Best AUROC test all: 0.8404219755513413, AUPR test all: 0.6636758708091256, AUROC test unknown: 0.8389216255705472, AUPR test unknown: 0.657068128938344
2026-08-19 13:17:48,048 INFO Epoch: 111, loss: 0.0008087331661954522, labeled_loss: 0.00019056984456256032, unnlabeled_loss: 0.0012363266432657838, mixup_loss: 0.0, energy_loss: 0.0
2026-08-19 13:17:48,048 INFO Best AUROC test all: 0.8404219755513413, AUPR test all: 0.6636758708091256, AUROC test unknown: 0.8389216255705472, AUPR test unknown: 0.657068128938344
2026-08-19 13:17:59,582 INFO Epoch: 112, loss: 0.013907449319958687, labeled_loss: 0.00047213464858941734, unnlabeled_loss: 0.02687062881886959, mixup_loss: 0.0, energy_loss: 0.0
2026-08-19 13:17:59,583 INFO Best AUROC test all: 0.8404219755513413, AUPR test all: 0.6636758708091256, AUROC test unknown: 0.8389216255705472, AUPR test unknown: 0.657068128938344
2026-08-19 13:18:11,254 INFO Epoch: 113, loss: 0.012508341111242771, labeled_loss: 0.0010993272298946977, unnlabeled_loss: 0.022818027064204216, mixup_loss: 0.0, energy_loss: 0.0
2026-08-19 13:18:11,254 INFO Best AUROC test all: 0.8404219755513413, AUPR test all: 0.6636758708091256, AUROC test unknown: 0.8389216255705472, AUPR test unknown: 0.657068128938344
2026-08-19 13:18:23,073 INFO Epoch: 114, loss: 0.0036448484752327204, labeled_loss: 0.00026424016687087715, unnlabeled_loss: 0.0067612165585160255, mixup_loss: 0.0, energy_loss: 0.0
2026-08-19 13:18:23,073 INFO Best AUROC test all: 0.8465097623989988, AUPR test all: 0.6636758708091256, AUROC test unknown: 0.8450718224502787, AUPR test unknown: 0.657068128938344
2026-08-19 13:18:34,727 INFO Epoch: 115, loss: 0.002282925881445408, labeled_loss: 0.0007149414159357548, unnlabeled_loss: 0.00313596916384995, mixup_loss: 0.0, energy_loss: 0.0
2026-08-19 13:18:34,727 INFO Best AUROC test all: 0.8480904573693935, AUPR test all: 0.6636758708091256, AUROC test unknown: 0.8467471085538336, AUPR test unknown: 0.657068128938344
2026-08-19 13:18:46,408 INFO Epoch: 116, loss: 0.014411387965083122, labeled_loss: 0.0004150834574829787, unnlabeled_loss: 0.0279926098883152, mixup_loss: 0.0, energy_loss: 0.0
2026-08-19 13:18:46,408 INFO Best AUROC test all: 0.8510261086505863, AUPR test all: 0.6639158523159008, AUROC test unknown: 0.8497057598638347, AUPR test unknown: 0.657068128938344
2026-08-19 13:18:58,138 INFO Epoch: 117, loss: 0.0128234988078475, labeled_loss: 0.0006425558822229505, unnlabeled_loss: 0.024361886084079742, mixup_loss: 0.0, energy_loss: 0.0
2026-08-19 13:18:58,139 INFO Best AUROC test all: 0.8566702190830535, AUPR test all: 0.6751650359293481, AUROC test unknown: 0.8553267841398647, AUPR test unknown: 0.6672859185879383
2026-08-19 13:19:09,912 INFO Epoch: 118, loss: 0.0181711558252573, labeled_loss: 0.0007453405414707959, unnlabeled_loss: 0.03485162928700447, mixup_loss: 0.0, energy_loss: 0.0
2026-08-19 13:19:09,913 INFO Best AUROC test all: 0.862543076306732, AUPR test all: 0.6874165671228611, AUROC test unknown: 0.8612519888776068, AUPR test unknown: 0.6793502640618271
2026-08-19 13:19:21,589 INFO Epoch: 119, loss: 0.011244731955230236, labeled_loss: 0.0012013714294880629, unnlabeled_loss: 0.02008672058582306, mixup_loss: 0.0, energy_loss: 0.0
2026-08-19 13:19:21,590 INFO Best AUROC test all: 0.8664212202987248, AUPR test all: 0.6975094838900004, AUROC test unknown: 0.8651681614297726, AUPR test unknown: 0.6898281499918656
2026-08-19 13:19:33,321 INFO Epoch: 120, loss: 0.011532735079526901, labeled_loss: 0.001277448027394712, unnlabeled_loss: 0.02051057480275631, mixup_loss: 0.0, energy_loss: 0.0
2026-08-19 13:19:33,321 INFO Best AUROC test all: 0.8694858808697088, AUPR test all: 0.7124759496759545, AUROC test unknown: 0.8682605637432081, AUPR test unknown: 0.7058072804658811
2026-08-19 13:19:45,034 INFO Epoch: 121, loss: 0.00981226097792387, labeled_loss: 0.0011978225084021688, unnlabeled_loss: 0.017228877171874046, mixup_loss: 0.0, energy_loss: 0.0
2026-08-19 13:19:45,035 INFO Best AUROC test all: 0.8736846254577166, AUPR test all: 0.723677100515566, AUROC test unknown: 0.8725691957621992, AUPR test unknown: 0.7174356961685087
2026-08-19 13:19:56,770 INFO Epoch: 122, loss: 0.0031577255576848984, labeled_loss: 0.0013643748825415969, unnlabeled_loss: 0.0035867011174559593, mixup_loss: 0.0, energy_loss: 0.0
2026-08-19 13:19:56,770 INFO Best AUROC test all: 0.8736846254577166, AUPR test all: 0.723677100515566, AUROC test unknown: 0.8725691957621992, AUPR test unknown: 0.7174356961685087
2026-08-19 13:20:08,503 INFO Epoch: 123, loss: 0.011300846002995968, labeled_loss: 0.0011483008274808526, unnlabeled_loss: 0.0203050896525383, mixup_loss: 0.0, energy_loss: 0.0
2026-08-19 13:20:08,504 INFO Best AUROC test all: 0.8736846254577166, AUPR test all: 0.7258822380547492, AUROC test unknown: 0.8725691957621992, AUPR test unknown: 0.7190530157315753
2026-08-19 13:20:20,083 INFO Epoch: 124, loss: 0.010218448005616665, labeled_loss: 0.0007383304764516652, unnlabeled_loss: 0.01896023564040661, mixup_loss: 0.0, energy_loss: 0.0
2026-08-19 13:20:20,083 INFO Best AUROC test all: 0.8736846254577166, AUPR test all: 0.7258822380547492, AUROC test unknown: 0.8725691957621992, AUPR test unknown: 0.7190530157315753
2026-08-19 13:20:31,674 INFO Epoch: 125, loss: 0.0024209609255194664, labeled_loss: 0.0005784094100818038, unnlabeled_loss: 0.0036851027980446815, mixup_loss: 0.0, energy_loss: 0.0
2026-08-19 13:20:31,674 INFO Best AUROC test all: 0.8736846254577166, AUPR test all: 0.7258822380547492, AUROC test unknown: 0.8725691957621992, AUPR test unknown: 0.7190530157315753
2026-08-19 13:20:43,299 INFO Epoch: 126, loss: 0.009033863432705402, labeled_loss: 0.0005620628362521529, unnlabeled_loss: 0.01694360189139843, mixup_loss: 0.0, energy_loss: 0.0
2026-08-19 13:20:43,299 INFO Best AUROC test all: 0.8736846254577166, AUPR test all: 0.7258822380547492, AUROC test unknown: 0.8725691957621992, AUPR test unknown: 0.7190530157315753
2026-08-19 13:20:54,927 INFO Epoch: 127, loss: 0.0024290834553539753, labeled_loss: 0.0004827197699341923, unnlabeled_loss: 0.0038927271962165833, mixup_loss: 0.0, energy_loss: 0.0
2026-08-19 13:20:54,927 INFO Best AUROC test all: 0.8736846254577166, AUPR test all: 0.7258822380547492, AUROC test unknown: 0.8725691957621992, AUPR test unknown: 0.7190530157315753
2026-08-19 13:21:06,506 INFO Epoch: 128, loss: 0.011610609479248524, labeled_loss: 0.0004605169524438679, unnlabeled_loss: 0.02230018563568592, mixup_loss: 0.0, energy_loss: 0.0
2026-08-19 13:21:06,506 INFO Best AUROC test all: 0.8736846254577166, AUPR test all: 0.7258822380547492, AUROC test unknown: 0.8725691957621992, AUPR test unknown: 0.7190530157315753
2026-08-19 13:21:18,071 INFO Epoch: 129, loss: 0.0017664289334788918, labeled_loss: 0.00046857117558829486, unnlabeled_loss: 0.002595715457573533, mixup_loss: 0.0, energy_loss: 0.0
2026-08-19 13:21:18,071 INFO Best AUROC test all: 0.8736846254577166, AUPR test all: 0.7258822380547492, AUROC test unknown: 0.8725691957621992, AUPR test unknown: 0.7190530157315753
2026-08-19 13:21:29,731 INFO Epoch: 130, loss: 0.0011977448593825102, labeled_loss: 0.0005061570554971695, unnlabeled_loss: 0.0013831754913553596, mixup_loss: 0.0, energy_loss: 0.0
2026-08-19 13:21:29,731 INFO Best AUROC test all: 0.8736846254577166, AUPR test all: 0.7258822380547492, AUROC test unknown: 0.8725691957621992, AUPR test unknown: 0.7190530157315753
2026-08-19 13:21:41,385 INFO Epoch: 131, loss: 0.001505306689068675, labeled_loss: 0.00028394925175234675, unnlabeled_loss: 0.0024427149910479784, mixup_loss: 0.0, energy_loss: 0.0
2026-08-19 13:21:41,385 INFO Best AUROC test all: 0.8736846254577166, AUPR test all: 0.7258822380547492, AUROC test unknown: 0.8725691957621992, AUPR test unknown: 0.7190530157315753
2026-08-19 13:21:53,055 INFO Epoch: 132, loss: 0.014860620722174644, labeled_loss: 0.0007905749953351915, unnlabeled_loss: 0.02814009226858616, mixup_loss: 0.0, energy_loss: 0.0
2026-08-19 13:21:53,055 INFO Best AUROC test all: 0.8736846254577166, AUPR test all: 0.7258822380547492, AUROC test unknown: 0.8725691957621992, AUPR test unknown: 0.7190530157315753
2026-08-19 13:22:04,851 INFO Epoch: 133, loss: 0.0013839990133419633, labeled_loss: 0.0003687231510411948, unnlabeled_loss: 0.002030551666393876, mixup_loss: 0.0, energy_loss: 0.0
2026-08-19 13:22:04,851 INFO Best AUROC test all: 0.8736846254577166, AUPR test all: 0.7258822380547492, AUROC test unknown: 0.8725691957621992, AUPR test unknown: 0.7190530157315753
2026-08-19 13:22:16,459 INFO Epoch: 134, loss: 0.007186421658843756, labeled_loss: 0.00027700679493136704, unnlabeled_loss: 0.013818829320371151, mixup_loss: 0.0, energy_loss: 0.0
2026-08-19 13:22:16,459 INFO Best AUROC test all: 0.8736846254577166, AUPR test all: 0.7258822380547492, AUROC test unknown: 0.8725691957621992, AUPR test unknown: 0.7190530157315753
2026-08-19 13:22:28,313 INFO Epoch: 135, loss: 0.010431983508169651, labeled_loss: 0.00046924230991862714, unnlabeled_loss: 0.01992548257112503, mixup_loss: 0.0, energy_loss: 0.0
2026-08-19 13:22:28,314 INFO Best AUROC test all: 0.8736846254577166, AUPR test all: 0.7258822380547492, AUROC test unknown: 0.8725691957621992, AUPR test unknown: 0.7190530157315753
2026-08-19 13:22:40,079 INFO Epoch: 136, loss: 0.0015640665078535676, labeled_loss: 0.00034946927917189896, unnlabeled_loss: 0.002429194515570998, mixup_loss: 0.0, energy_loss: 0.0
2026-08-19 13:22:40,079 INFO Best AUROC test all: 0.8736846254577166, AUPR test all: 0.7258822380547492, AUROC test unknown: 0.8725691957621992, AUPR test unknown: 0.7190530157315753
2026-08-19 13:22:51,768 INFO Epoch: 137, loss: 0.004864726215600967, labeled_loss: 0.0003118485037703067, unnlabeled_loss: 0.009105755016207695, mixup_loss: 0.0, energy_loss: 0.0
2026-08-19 13:22:51,768 INFO Best AUROC test all: 0.8736846254577166, AUPR test all: 0.7258822380547492, AUROC test unknown: 0.8725691957621992, AUPR test unknown: 0.7190530157315753
2026-08-19 13:23:03,442 INFO Epoch: 138, loss: 0.011316176503896713, labeled_loss: 0.0015535051934421062, unnlabeled_loss: 0.01952534168958664, mixup_loss: 0.0, energy_loss: 0.0
2026-08-19 13:23:03,442 INFO Best AUROC test all: 0.877779262934161, AUPR test all: 0.7354500060148381, AUROC test unknown: 0.8766301692826761, AUPR test unknown: 0.7296358113761258
2026-08-19 13:23:15,278 INFO Epoch: 139, loss: 0.002631202107295394, labeled_loss: 0.0003412857186049223, unnlabeled_loss: 0.004579832777380943, mixup_loss: 0.0, energy_loss: 0.0
2026-08-19 13:23:15,278 INFO Best AUROC test all: 0.8808077983282332, AUPR test all: 0.7407823795423295, AUROC test unknown: 0.8796872395655599, AUPR test unknown: 0.7348581150231934
2026-08-19 13:23:26,975 INFO Epoch: 140, loss: 0.002206690376624465, labeled_loss: 0.0003955353458877653, unnlabeled_loss: 0.003622310236096382, mixup_loss: 0.0, energy_loss: 0.0
2026-08-19 13:23:26,975 INFO Best AUROC test all: 0.8824373225420828, AUPR test all: 0.744631128848404, AUROC test unknown: 0.8813320686230677, AUPR test unknown: 0.7390138272259877
2026-08-19 13:23:38,703 INFO Epoch: 141, loss: 0.011736897751688957, labeled_loss: 0.0003509964735712856, unnlabeled_loss: 0.02277180179953575, mixup_loss: 0.0, energy_loss: 0.0
2026-08-19 13:23:38,703 INFO Best AUROC test all: 0.8827284213702454, AUPR test all: 0.7450313459048119, AUROC test unknown: 0.8816258305464671, AUPR test unknown: 0.7390138272259877
2026-08-19 13:23:50,279 INFO Epoch: 142, loss: 0.0018546710489317775, labeled_loss: 0.0004965340485796332, unnlabeled_loss: 0.0027162740007042885, mixup_loss: 0.0, energy_loss: 0.0
2026-08-19 13:23:50,280 INFO Best AUROC test all: 0.8867886815138353, AUPR test all: 0.7469295065382044, AUROC test unknown: 0.8858140643767238, AUPR test unknown: 0.7410308092196716
2026-08-19 13:24:02,017 INFO Epoch: 143, loss: 0.008543180301785469, labeled_loss: 0.00039454663055948913, unnlabeled_loss: 0.016297267749905586, mixup_loss: 0.0, energy_loss: 0.0
2026-08-19 13:24:02,017 INFO Best AUROC test all: 0.888469923513424, AUPR test all: 0.750225233953929, AUROC test unknown: 0.8875081261348848, AUPR test unknown: 0.7448593504500767
2026-08-19 13:24:13,782 INFO Epoch: 144, loss: 0.0028447131626307964, labeled_loss: 0.0005308258696459234, unnlabeled_loss: 0.004627774469554424, mixup_loss: 0.0, energy_loss: 0.0
2026-08-19 13:24:13,782 INFO Best AUROC test all: 0.888469923513424, AUPR test all: 0.750225233953929, AUROC test unknown: 0.8875081261348848, AUPR test unknown: 0.7448593504500767
2026-08-19 13:24:25,378 INFO Epoch: 145, loss: 0.0021626600064337254, labeled_loss: 0.0005223765620030463, unnlabeled_loss: 0.00328056700527668, mixup_loss: 0.0, energy_loss: 0.0
2026-08-19 13:24:25,378 INFO Best AUROC test all: 0.888469923513424, AUPR test all: 0.750225233953929, AUROC test unknown: 0.8875081261348848, AUPR test unknown: 0.7448593504500767
2026-08-19 13:24:36,927 INFO Epoch: 146, loss: 0.0015270333969965577, labeled_loss: 0.00043241362436674535, unnlabeled_loss: 0.002189239487051964, mixup_loss: 0.0, energy_loss: 0.0
2026-08-19 13:24:36,927 INFO Best AUROC test all: 0.888469923513424, AUPR test all: 0.750225233953929, AUROC test unknown: 0.8875081261348848, AUPR test unknown: 0.7448593504500767
2026-08-19 13:24:48,708 INFO Epoch: 147, loss: 0.004091940820217133, labeled_loss: 0.00043337480747140944, unnlabeled_loss: 0.007317132316529751, mixup_loss: 0.0, energy_loss: 0.0
2026-08-19 13:24:48,708 INFO Best AUROC test all: 0.888469923513424, AUPR test all: 0.750225233953929, AUROC test unknown: 0.8875081261348848, AUPR test unknown: 0.7448593504500767
2026-08-19 13:25:00,401 INFO Epoch: 148, loss: 0.009562777355313301, labeled_loss: 0.00037898420123383403, unnlabeled_loss: 0.0183675866574049, mixup_loss: 0.0, energy_loss: 0.0
2026-08-19 13:25:00,401 INFO Best AUROC test all: 0.888469923513424, AUPR test all: 0.750225233953929, AUROC test unknown: 0.8875081261348848, AUPR test unknown: 0.7448593504500767
2026-08-19 13:25:12,099 INFO Epoch: 149, loss: 0.011491446755826473, labeled_loss: 0.0003868716594297439, unnlabeled_loss: 0.022209150716662407, mixup_loss: 0.0, energy_loss: 0.0
2026-08-19 13:25:12,099 INFO Best AUROC test all: 0.888469923513424, AUPR test all: 0.750225233953929, AUROC test unknown: 0.8875081261348848, AUPR test unknown: 0.7448593504500767
2026-08-19 13:25:23,731 INFO Epoch: 150, loss: 0.0024064364843070507, labeled_loss: 0.00028191370074637234, unnlabeled_loss: 0.004249045625329018, mixup_loss: 0.0, energy_loss: 0.0
2026-08-19 13:25:23,731 INFO Best AUROC test all: 0.888469923513424, AUPR test all: 0.750225233953929, AUROC test unknown: 0.8875081261348848, AUPR test unknown: 0.7448593504500767
2026-08-19 13:25:35,446 INFO Epoch: 151, loss: 0.012179993093013763, labeled_loss: 0.0002865972346626222, unnlabeled_loss: 0.023786792531609535, mixup_loss: 0.0, energy_loss: 0.0
2026-08-19 13:25:35,447 INFO Best AUROC test all: 0.888469923513424, AUPR test all: 0.750225233953929, AUROC test unknown: 0.8875081261348848, AUPR test unknown: 0.7448593504500767
2026-08-19 13:25:47,054 INFO Epoch: 152, loss: 0.0026150259654968977, labeled_loss: 0.00032494933111593127, unnlabeled_loss: 0.004580153152346611, mixup_loss: 0.0, energy_loss: 0.0
2026-08-19 13:25:47,054 INFO Best AUROC test all: 0.888469923513424, AUPR test all: 0.750225233953929, AUROC test unknown: 0.8875081261348848, AUPR test unknown: 0.7448593504500767
2026-08-19 13:25:58,680 INFO Epoch: 153, loss: 0.0020804761443287134, labeled_loss: 0.0003351548803038895, unnlabeled_loss: 0.003490642411634326, mixup_loss: 0.0, energy_loss: 0.0
2026-08-19 13:25:58,680 INFO Best AUROC test all: 0.888469923513424, AUPR test all: 0.750225233953929, AUROC test unknown: 0.8875081261348848, AUPR test unknown: 0.7448593504500767
2026-08-19 13:26:10,310 INFO Epoch: 154, loss: 0.013328557834029198, labeled_loss: 0.00042715261224657297, unnlabeled_loss: 0.02580280974507332, mixup_loss: 0.0, energy_loss: 0.0
2026-08-19 13:26:10,310 INFO Best AUROC test all: 0.888469923513424, AUPR test all: 0.750225233953929, AUROC test unknown: 0.8875081261348848, AUPR test unknown: 0.7448593504500767
2026-08-19 13:26:22,005 INFO Epoch: 155, loss: 0.013261686079204082, labeled_loss: 0.00034074884024448693, unnlabeled_loss: 0.02584187500178814, mixup_loss: 0.0, energy_loss: 0.0
2026-08-19 13:26:22,005 INFO Best AUROC test all: 0.888469923513424, AUPR test all: 0.750225233953929, AUROC test unknown: 0.8875081261348848, AUPR test unknown: 0.7448593504500767
2026-08-19 13:26:33,572 INFO Epoch: 156, loss: 0.001384235918521881, labeled_loss: 0.0004428788961376995, unnlabeled_loss: 0.0018827139865607023, mixup_loss: 0.0, energy_loss: 0.0
2026-08-19 13:26:33,573 INFO Best AUROC test all: 0.888469923513424, AUPR test all: 0.750225233953929, AUROC test unknown: 0.8875081261348848, AUPR test unknown: 0.7448593504500767
2026-08-19 13:26:45,350 INFO Epoch: 157, loss: 0.0022935885936021805, labeled_loss: 0.0003723041445482522, unnlabeled_loss: 0.0038425687234848738, mixup_loss: 0.0, energy_loss: 0.0
2026-08-19 13:26:45,350 INFO Best AUROC test all: 0.888469923513424, AUPR test all: 0.750225233953929, AUROC test unknown: 0.8875081261348848, AUPR test unknown: 0.7448593504500767
2026-08-19 13:26:57,079 INFO Epoch: 158, loss: 0.0023678571451455355, labeled_loss: 0.00040298738167621195, unnlabeled_loss: 0.003929739352315664, mixup_loss: 0.0, energy_loss: 0.0
2026-08-19 13:26:57,079 INFO Best AUROC test all: 0.888469923513424, AUPR test all: 0.750225233953929, AUROC test unknown: 0.8875081261348848, AUPR test unknown: 0.7448593504500767
2026-08-19 13:27:08,691 INFO Epoch: 159, loss: 0.0014558803522959352, labeled_loss: 0.0004438952018972486, unnlabeled_loss: 0.002023970242589712, mixup_loss: 0.0, energy_loss: 0.0
2026-08-19 13:27:08,691 INFO Best AUROC test all: 0.888469923513424, AUPR test all: 0.750225233953929, AUROC test unknown: 0.8875081261348848, AUPR test unknown: 0.7448593504500767
2026-08-19 13:27:20,345 INFO Epoch: 160, loss: 0.014102496206760406, labeled_loss: 0.00032381442724727094, unnlabeled_loss: 0.027557363733649254, mixup_loss: 0.0, energy_loss: 0.0
2026-08-19 13:27:20,345 INFO Best AUROC test all: 0.888469923513424, AUPR test all: 0.750225233953929, AUROC test unknown: 0.8875081261348848, AUPR test unknown: 0.7448593504500767
2026-08-19 13:27:32,162 INFO Epoch: 161, loss: 0.010608182288706303, labeled_loss: 0.00040272637852467597, unnlabeled_loss: 0.020410912111401558, mixup_loss: 0.0, energy_loss: 0.0
2026-08-19 13:27:32,162 INFO Best AUROC test all: 0.888469923513424, AUPR test all: 0.750225233953929, AUROC test unknown: 0.8875081261348848, AUPR test unknown: 0.7448593504500767
2026-08-19 13:27:43,804 INFO Epoch: 162, loss: 0.010019831359386444, labeled_loss: 0.00038571865297853947, unnlabeled_loss: 0.019268225878477097, mixup_loss: 0.0, energy_loss: 0.0
2026-08-19 13:27:43,804 INFO Best AUROC test all: 0.888469923513424, AUPR test all: 0.750225233953929, AUROC test unknown: 0.8875081261348848, AUPR test unknown: 0.7448593504500767
2026-08-19 13:27:55,406 INFO Epoch: 163, loss: 0.009632146917283535, labeled_loss: 0.00046078444574959576, unnlabeled_loss: 0.018342724069952965, mixup_loss: 0.0, energy_loss: 0.0
2026-08-19 13:27:55,406 INFO Best AUROC test all: 0.888469923513424, AUPR test all: 0.750225233953929, AUROC test unknown: 0.8875081261348848, AUPR test unknown: 0.7448593504500767
2026-08-19 13:28:07,015 INFO Epoch: 164, loss: 0.0015395169612020254, labeled_loss: 0.0004458433832041919, unnlabeled_loss: 0.002187347039580345, mixup_loss: 0.0, energy_loss: 0.0
2026-08-19 13:28:07,015 INFO Best AUROC test all: 0.888469923513424, AUPR test all: 0.750225233953929, AUROC test unknown: 0.8875081261348848, AUPR test unknown: 0.7448593504500767
2026-08-19 13:28:18,618 INFO Epoch: 165, loss: 0.010288713499903679, labeled_loss: 0.0005859625525772572, unnlabeled_loss: 0.019405502825975418, mixup_loss: 0.0, energy_loss: 0.0
2026-08-19 13:28:18,618 INFO Best AUROC test all: 0.888469923513424, AUPR test all: 0.750225233953929, AUROC test unknown: 0.8875081261348848, AUPR test unknown: 0.7448593504500767
2026-08-19 13:28:30,329 INFO Epoch: 166, loss: 0.01002214103937149, labeled_loss: 0.0004555870546028018, unnlabeled_loss: 0.019133107736706734, mixup_loss: 0.0, energy_loss: 0.0
2026-08-19 13:28:30,329 INFO Best AUROC test all: 0.888469923513424, AUPR test all: 0.750225233953929, AUROC test unknown: 0.8875081261348848, AUPR test unknown: 0.7448593504500767
2026-08-19 13:28:42,027 INFO Epoch: 167, loss: 0.00220941542647779, labeled_loss: 0.0005341526120901108, unnlabeled_loss: 0.003350525628775358, mixup_loss: 0.0, energy_loss: 0.0
2026-08-19 13:28:42,028 INFO Best AUROC test all: 0.888469923513424, AUPR test all: 0.750225233953929, AUROC test unknown: 0.8875081261348848, AUPR test unknown: 0.7448593504500767
2026-08-19 13:28:53,741 INFO Epoch: 168, loss: 0.0023860635701566935, labeled_loss: 0.0006125239888206124, unnlabeled_loss: 0.003547079162672162, mixup_loss: 0.0, energy_loss: 0.0
2026-08-19 13:28:53,741 INFO Best AUROC test all: 0.888469923513424, AUPR test all: 0.750225233953929, AUROC test unknown: 0.8875081261348848, AUPR test unknown: 0.7448593504500767
2026-08-19 13:29:05,479 INFO Epoch: 169, loss: 0.008170587942004204, labeled_loss: 0.0005143747548572719, unnlabeled_loss: 0.015312425792217255, mixup_loss: 0.0, energy_loss: 0.0
2026-08-19 13:29:05,479 INFO Best AUROC test all: 0.888469923513424, AUPR test all: 0.750225233953929, AUROC test unknown: 0.8875081261348848, AUPR test unknown: 0.7448593504500767
2026-08-19 13:29:17,102 INFO Epoch: 170, loss: 0.009667105041444302, labeled_loss: 0.0004501177172642201, unnlabeled_loss: 0.01843397505581379, mixup_loss: 0.0, energy_loss: 0.0
2026-08-19 13:29:17,102 INFO Best AUROC test all: 0.888469923513424, AUPR test all: 0.750225233953929, AUROC test unknown: 0.8875081261348848, AUPR test unknown: 0.7448593504500767
2026-08-19 13:29:28,872 INFO Epoch: 171, loss: 0.008738852106034756, labeled_loss: 0.0004943308304063976, unnlabeled_loss: 0.016489041969180107, mixup_loss: 0.0, energy_loss: 0.0
2026-08-19 13:29:28,872 INFO Best AUROC test all: 0.888469923513424, AUPR test all: 0.750225233953929, AUROC test unknown: 0.8875081261348848, AUPR test unknown: 0.7448593504500767
2026-08-19 13:29:40,537 INFO Epoch: 172, loss: 0.002041012980043888, labeled_loss: 0.0010124413529410958, unnlabeled_loss: 0.0020571432542055845, mixup_loss: 0.0, energy_loss: 0.0
2026-08-19 13:29:40,537 INFO Best AUROC test all: 0.888469923513424, AUPR test all: 0.750225233953929, AUROC test unknown: 0.8875081261348848, AUPR test unknown: 0.7448593504500767
2026-08-19 13:29:52,282 INFO Epoch: 173, loss: 0.009379733353853226, labeled_loss: 0.0003556224692147225, unnlabeled_loss: 0.018048221245408058, mixup_loss: 0.0, energy_loss: 0.0
2026-08-19 13:29:52,283 INFO Best AUROC test all: 0.888469923513424, AUPR test all: 0.750225233953929, AUROC test unknown: 0.8875081261348848, AUPR test unknown: 0.7448593504500767
2026-08-19 13:30:03,845 INFO Epoch: 174, loss: 0.0014829037245362997, labeled_loss: 0.00043174257734790444, unnlabeled_loss: 0.0021023224107921124, mixup_loss: 0.0, energy_loss: 0.0
2026-08-19 13:30:03,845 INFO Best AUROC test all: 0.888469923513424, AUPR test all: 0.750225233953929, AUROC test unknown: 0.8875081261348848, AUPR test unknown: 0.7448593504500767
2026-08-19 13:30:15,492 INFO Epoch: 175, loss: 0.008946283720433712, labeled_loss: 0.0004271153884474188, unnlabeled_loss: 0.017038336023688316, mixup_loss: 0.0, energy_loss: 0.0
2026-08-19 13:30:15,492 INFO Best AUROC test all: 0.888469923513424, AUPR test all: 0.750225233953929, AUROC test unknown: 0.8875081261348848, AUPR test unknown: 0.7448593504500767
2026-08-19 13:30:27,214 INFO Epoch: 176, loss: 0.0013951404253020883, labeled_loss: 0.0005307381507009268, unnlabeled_loss: 0.001728804549202323, mixup_loss: 0.0, energy_loss: 0.0
2026-08-19 13:30:27,214 INFO Best AUROC test all: 0.888469923513424, AUPR test all: 0.750225233953929, AUROC test unknown: 0.8875081261348848, AUPR test unknown: 0.7448593504500767
2026-08-19 13:30:38,821 INFO Epoch: 177, loss: 0.009000412188470364, labeled_loss: 0.0006532095139846206, unnlabeled_loss: 0.016694406047463417, mixup_loss: 0.0, energy_loss: 0.0
2026-08-19 13:30:38,821 INFO Best AUROC test all: 0.888469923513424, AUPR test all: 0.750225233953929, AUROC test unknown: 0.8875081261348848, AUPR test unknown: 0.7448593504500767
2026-08-19 13:30:50,493 INFO Epoch: 178, loss: 0.009389332495629787, labeled_loss: 0.0005583799793384969, unnlabeled_loss: 0.01766190491616726, mixup_loss: 0.0, energy_loss: 0.0
2026-08-19 13:30:50,493 INFO Best AUROC test all: 0.888469923513424, AUPR test all: 0.750225233953929, AUROC test unknown: 0.8875081261348848, AUPR test unknown: 0.7448593504500767
2026-08-19 13:31:02,235 INFO Epoch: 179, loss: 0.009502587839961052, labeled_loss: 0.0003851854125969112, unnlabeled_loss: 0.018234804272651672, mixup_loss: 0.0, energy_loss: 0.0
2026-08-19 13:31:02,235 INFO Best AUROC test all: 0.888469923513424, AUPR test all: 0.750225233953929, AUROC test unknown: 0.8875081261348848, AUPR test unknown: 0.7448593504500767
2026-08-19 13:31:13,992 INFO Epoch: 180, loss: 0.01113656535744667, labeled_loss: 0.0008438741788268089, unnlabeled_loss: 0.020585382357239723, mixup_loss: 0.0, energy_loss: 0.0
2026-08-19 13:31:13,993 INFO Best AUROC test all: 0.888469923513424, AUPR test all: 0.750225233953929, AUROC test unknown: 0.8875081261348848, AUPR test unknown: 0.7448593504500767
2026-08-19 13:31:25,784 INFO Epoch: 181, loss: 0.002274493919685483, labeled_loss: 0.0005464786081574857, unnlabeled_loss: 0.0034560307394713163, mixup_loss: 0.0, energy_loss: 0.0
2026-08-19 13:31:25,784 INFO Best AUROC test all: 0.888469923513424, AUPR test all: 0.750225233953929, AUROC test unknown: 0.8875081261348848, AUPR test unknown: 0.7448593504500767
2026-08-19 13:31:37,637 INFO Epoch: 182, loss: 0.0022351746447384357, labeled_loss: 0.0005632208776660264, unnlabeled_loss: 0.003343907417729497, mixup_loss: 0.0, energy_loss: 0.0
2026-08-19 13:31:37,637 INFO Best AUROC test all: 0.888469923513424, AUPR test all: 0.750225233953929, AUROC test unknown: 0.8875081261348848, AUPR test unknown: 0.7448593504500767
2026-08-19 13:31:49,315 INFO Epoch: 183, loss: 0.009624810889363289, labeled_loss: 0.0006633744924329221, unnlabeled_loss: 0.01792287267744541, mixup_loss: 0.0, energy_loss: 0.0
2026-08-19 13:31:49,315 INFO Best AUROC test all: 0.888469923513424, AUPR test all: 0.750225233953929, AUROC test unknown: 0.8875081261348848, AUPR test unknown: 0.7448593504500767
2026-08-19 13:32:01,103 INFO Epoch: 184, loss: 0.002311691176146269, labeled_loss: 0.0005062539712525904, unnlabeled_loss: 0.003610874293372035, mixup_loss: 0.0, energy_loss: 0.0
2026-08-19 13:32:01,103 INFO Best AUROC test all: 0.888469923513424, AUPR test all: 0.750225233953929, AUROC test unknown: 0.8875081261348848, AUPR test unknown: 0.7448593504500767
2026-08-19 13:32:12,871 INFO Epoch: 185, loss: 0.011248077265918255, labeled_loss: 0.0005641429452225566, unnlabeled_loss: 0.021367868408560753, mixup_loss: 0.0, energy_loss: 0.0
2026-08-19 13:32:12,871 INFO Best AUROC test all: 0.888469923513424, AUPR test all: 0.750225233953929, AUROC test unknown: 0.8875081261348848, AUPR test unknown: 0.7448593504500767
2026-08-19 13:32:24,659 INFO Epoch: 186, loss: 0.0020560678094625473, labeled_loss: 0.000578818959183991, unnlabeled_loss: 0.0029544979333877563, mixup_loss: 0.0, energy_loss: 0.0
2026-08-19 13:32:24,660 INFO Best AUROC test all: 0.888469923513424, AUPR test all: 0.750225233953929, AUROC test unknown: 0.8875081261348848, AUPR test unknown: 0.7448593504500767
2026-08-19 13:32:36,306 INFO Epoch: 187, loss: 0.0018236801261082292, labeled_loss: 0.0004795615386683494, unnlabeled_loss: 0.0026882372330874205, mixup_loss: 0.0, energy_loss: 0.0
2026-08-19 13:32:36,306 INFO Best AUROC test all: 0.888469923513424, AUPR test all: 0.750225233953929, AUROC test unknown: 0.8875081261348848, AUPR test unknown: 0.7448593504500767
2026-08-19 13:32:47,890 INFO Epoch: 188, loss: 0.0031787632033228874, labeled_loss: 0.001186392386443913, unnlabeled_loss: 0.0039847418665885925, mixup_loss: 0.0, energy_loss: 0.0
2026-08-19 13:32:47,890 INFO Best AUROC test all: 0.888469923513424, AUPR test all: 0.750225233953929, AUROC test unknown: 0.8875081261348848, AUPR test unknown: 0.7448593504500767
2026-08-19 13:32:59,616 INFO Epoch: 189, loss: 0.008457567542791367, labeled_loss: 0.0003888780192937702, unnlabeled_loss: 0.0161373782902956, mixup_loss: 0.0, energy_loss: 0.0
2026-08-19 13:32:59,616 INFO Best AUROC test all: 0.888469923513424, AUPR test all: 0.750225233953929, AUROC test unknown: 0.8875081261348848, AUPR test unknown: 0.7448593504500767
2026-08-19 13:33:11,256 INFO Epoch: 190, loss: 0.0015638512559235096, labeled_loss: 0.00036121162702329457, unnlabeled_loss: 0.002405279316008091, mixup_loss: 0.0, energy_loss: 0.0
2026-08-19 13:33:11,256 INFO Best AUROC test all: 0.888469923513424, AUPR test all: 0.750225233953929, AUROC test unknown: 0.8875081261348848, AUPR test unknown: 0.7448593504500767
2026-08-19 13:33:22,845 INFO Epoch: 191, loss: 0.0018527288921177387, labeled_loss: 0.00032164278673008084, unnlabeled_loss: 0.003062172094359994, mixup_loss: 0.0, energy_loss: 0.0
2026-08-19 13:33:22,845 INFO Best AUROC test all: 0.888469923513424, AUPR test all: 0.750225233953929, AUROC test unknown: 0.8875081261348848, AUPR test unknown: 0.7448593504500767
2026-08-19 13:33:34,433 INFO Epoch: 192, loss: 0.0011714189313352108, labeled_loss: 0.0002929388137999922, unnlabeled_loss: 0.001756960293278098, mixup_loss: 0.0, energy_loss: 0.0
2026-08-19 13:33:34,433 INFO Best AUROC test all: 0.888469923513424, AUPR test all: 0.750225233953929, AUROC test unknown: 0.8875081261348848, AUPR test unknown: 0.7448593504500767
2026-08-19 13:33:46,180 INFO Epoch: 193, loss: 0.01000851858407259, labeled_loss: 0.0002693090937100351, unnlabeled_loss: 0.019478419795632362, mixup_loss: 0.0, energy_loss: 0.0
2026-08-19 13:33:46,180 INFO Best AUROC test all: 0.888469923513424, AUPR test all: 0.750225233953929, AUROC test unknown: 0.8875081261348848, AUPR test unknown: 0.7448593504500767
2026-08-19 13:33:57,850 INFO Epoch: 194, loss: 0.0009082613396458328, labeled_loss: 0.0004941405495628715, unnlabeled_loss: 0.0008282415801659226, mixup_loss: 0.0, energy_loss: 0.0
2026-08-19 13:33:57,850 INFO Best AUROC test all: 0.888469923513424, AUPR test all: 0.750225233953929, AUROC test unknown: 0.8875081261348848, AUPR test unknown: 0.7448593504500767
2026-08-19 13:34:09,695 INFO Epoch: 195, loss: 0.012732850387692451, labeled_loss: 0.00030324215185828507, unnlabeled_loss: 0.024859216064214706, mixup_loss: 0.0, energy_loss: 0.0
2026-08-19 13:34:09,695 INFO Best AUROC test all: 0.888469923513424, AUPR test all: 0.750225233953929, AUROC test unknown: 0.8875081261348848, AUPR test unknown: 0.7448593504500767
2026-08-19 13:34:21,462 INFO Epoch: 196, loss: 0.008960189297795296, labeled_loss: 0.00019904912915080786, unnlabeled_loss: 0.017522281035780907, mixup_loss: 0.0, energy_loss: 0.0
2026-08-19 13:34:21,462 INFO Best AUROC test all: 0.888469923513424, AUPR test all: 0.750225233953929, AUROC test unknown: 0.8875081261348848, AUPR test unknown: 0.7448593504500767
2026-08-19 13:34:33,082 INFO Epoch: 197, loss: 0.003473058110103011, labeled_loss: 0.000261081091593951, unnlabeled_loss: 0.0064239539206027985, mixup_loss: 0.0, energy_loss: 0.0
2026-08-19 13:34:33,082 INFO Best AUROC test all: 0.888469923513424, AUPR test all: 0.750225233953929, AUROC test unknown: 0.8875081261348848, AUPR test unknown: 0.7448593504500767
2026-08-19 13:34:44,828 INFO Epoch: 198, loss: 0.007569693494588137, labeled_loss: 0.00021400469995569438, unnlabeled_loss: 0.014711377210915089, mixup_loss: 0.0, energy_loss: 0.0
2026-08-19 13:34:44,828 INFO Best AUROC test all: 0.888469923513424, AUPR test all: 0.750225233953929, AUROC test unknown: 0.8875081261348848, AUPR test unknown: 0.7448593504500767
2026-08-19 13:34:56,513 INFO Epoch: 199, loss: 0.0008033352205529809, labeled_loss: 0.00023020163644105196, unnlabeled_loss: 0.0011462671682238579, mixup_loss: 0.0, energy_loss: 0.0
2026-08-19 13:34:56,514 INFO Best AUROC test all: 0.888469923513424, AUPR test all: 0.750225233953929, AUROC test unknown: 0.8875081261348848, AUPR test unknown: 0.7448593504500767
