2026-09-14 04:18:40,662 INFO cli={'dataset': 'ogbn-arxiv', 'method': 'demo', 'seed': 1, 'train_seed': None, 'epochs': None, 'set': [], 'tag': 'B_demo_mix', 'save_scores': False, 'rotations': [34]}
2026-09-14 04:18:40,663 INFO config={'alpha_plus': 0.05, 'alpha_r': 0.1, 'atlas_gate_q': 0.9, 'batch_size': 512, 'hidden_dim': 64, 'lambda_halo': 0.2, 'lambda_mixup': 0.2, 'lambda_un': 1.0, 'lr': 0.001, 'margin': 0.1, 'n_layers': 2, 'optimiser': 'adam', 'sampling_sizes': [25, 10], 'tau_minus': 0.05, 'tau_mu': 0.05, 'tau_plus': 0.95, 'use_atlas_gate': True, 'use_conformal': True, 'use_pl': True, 'version': 4, 'weight_decay': 0.0001, 'loss': 'bce', 'num_epochs': 200, 'ebd_dim': 64, 'drop_out': 0.5, 'gamma': 0.1, 'damping': 0.001, 'p_cutoff': [0.05, 0.95], 'unlabeled_loss': 0.5, 'mixup_loss': 0.1, 'energy_loss_weight': 0.1, 'used_unlabeled_data': True, 'energy_loss': True, 'mixup': True, 'thresh_warmup': True, 'used_augment_for_anormaly': True, 'batch_size_for_anormaly': 20, 'sample_size_for_anormaly': 25, 'div_loss_alpha': 0.5, 'mixup_loss_type': 'consistency', 'device': 0, 'input_dim': 128}
2026-09-14 04:19:58,633 INFO Epoch: 0, loss: 0.5727013349533081, labeled_loss: 0.6872537732124329, unnlabeled_loss: 0.0, mixup_loss: -1.1457817554473877, energy_loss: 0.00025748059852048755
2026-09-14 04:19:58,634 INFO Best AUROC test all: 0.5427535144806294, AUPR test all: 0.19123656766563946, AUROC test unknown: 0.5761606091315844, AUPR test unknown: 0.1545387296877112
2026-09-14 04:21:08,275 INFO Epoch: 1, loss: 0.4475868344306946, labeled_loss: 0.5764445066452026, unnlabeled_loss: 0.0, mixup_loss: -1.306103229522705, energy_loss: 0.01752675324678421
2026-09-14 04:21:08,276 INFO Best AUROC test all: 0.5427535144806294, AUPR test all: 0.19123656766563946, AUROC test unknown: 0.578038917112917, AUPR test unknown: 0.15543880983697583
2026-09-14 04:22:27,926 INFO Epoch: 2, loss: 0.3340473771095276, labeled_loss: 0.4743037223815918, unnlabeled_loss: 0.0, mixup_loss: -1.4527229070663452, energy_loss: 0.05015943571925163
2026-09-14 04:22:27,926 INFO Best AUROC test all: 0.5427535144806294, AUPR test all: 0.19123656766563946, AUROC test unknown: 0.5783006352510133, AUPR test unknown: 0.15619736309197135
2026-09-14 04:23:46,787 INFO Epoch: 3, loss: 0.234402596950531, labeled_loss: 0.3861079514026642, unnlabeled_loss: 0.0, mixup_loss: -1.576613187789917, energy_loss: 0.059559691697359085
2026-09-14 04:23:46,787 INFO Best AUROC test all: 0.5427535144806294, AUPR test all: 0.19123656766563946, AUROC test unknown: 0.5783006352510133, AUPR test unknown: 0.15619736309197135
2026-09-14 04:24:59,915 INFO Epoch: 4, loss: 0.14572347700595856, labeled_loss: 0.31288453936576843, unnlabeled_loss: 0.0, mixup_loss: -1.678465485572815, energy_loss: 0.006854955106973648
2026-09-14 04:24:59,915 INFO Best AUROC test all: 0.5427535144806294, AUPR test all: 0.19123656766563946, AUROC test unknown: 0.5783006352510133, AUPR test unknown: 0.15619736309197135
2026-09-14 04:26:18,372 INFO Epoch: 5, loss: 0.06248016655445099, labeled_loss: 0.24853534996509552, unnlabeled_loss: 0.0, mixup_loss: -1.7587019205093384, energy_loss: -0.10184988379478455
2026-09-14 04:26:18,372 INFO Best AUROC test all: 0.5427535144806294, AUPR test all: 0.19123656766563946, AUROC test unknown: 0.5783006352510133, AUPR test unknown: 0.15619736309197135
2026-09-14 04:27:38,067 INFO Epoch: 6, loss: -0.0034665167331695557, labeled_loss: 0.19350919127464294, unnlabeled_loss: 0.0, mixup_loss: -1.8192005157470703, energy_loss: -0.15055663883686066
2026-09-14 04:27:38,068 INFO Best AUROC test all: 0.5427535144806294, AUPR test all: 0.19123656766563946, AUROC test unknown: 0.5783006352510133, AUPR test unknown: 0.15619736309197135
2026-09-14 04:28:58,741 INFO Epoch: 7, loss: -0.03424336016178131, labeled_loss: 0.14846251904964447, unnlabeled_loss: 0.0, mixup_loss: -1.865827202796936, energy_loss: 0.038768570870161057
2026-09-14 04:28:58,741 INFO Best AUROC test all: 0.5427535144806294, AUPR test all: 0.19123656766563946, AUROC test unknown: 0.5783006352510133, AUPR test unknown: 0.15619736309197135
2026-09-14 04:30:20,080 INFO Epoch: 8, loss: -0.09616567194461823, labeled_loss: 0.11360397934913635, unnlabeled_loss: 0.0, mixup_loss: -1.8974604606628418, energy_loss: -0.2002360224723816
2026-09-14 04:30:20,081 INFO Best AUROC test all: 0.5427535144806294, AUPR test all: 0.19123656766563946, AUROC test unknown: 0.5783006352510133, AUPR test unknown: 0.15619736309197135
2026-09-14 04:31:40,664 INFO Epoch: 9, loss: -0.12806527316570282, labeled_loss: 0.08727534115314484, unnlabeled_loss: 0.0, mixup_loss: -1.9193392992019653, energy_loss: -0.23406681418418884
2026-09-14 04:31:40,665 INFO Best AUROC test all: 0.5427535144806294, AUPR test all: 0.19123656766563946, AUROC test unknown: 0.5783006352510133, AUPR test unknown: 0.15619736309197135
2026-09-14 04:32:57,506 INFO Epoch: 10, loss: -0.1262272447347641, labeled_loss: 0.06842383742332458, unnlabeled_loss: 0.03766545653343201, mixup_loss: -1.9335839748382568, energy_loss: -0.2012539952993393
2026-09-14 04:32:57,507 INFO Best AUROC test all: 0.5427535144806294, AUPR test all: 0.19123656766563946, AUROC test unknown: 0.5783006352510133, AUPR test unknown: 0.15619736309197135
2026-09-14 04:34:14,265 INFO Epoch: 11, loss: -0.15342915058135986, labeled_loss: 0.05583548545837402, unnlabeled_loss: 0.03169511631131172, mixup_loss: -1.9411516189575195, energy_loss: -0.30997031927108765
2026-09-14 04:34:14,266 INFO Best AUROC test all: 0.5427535144806294, AUPR test all: 0.19123656766563946, AUROC test unknown: 0.5783006352510133, AUPR test unknown: 0.15619736309197135
2026-09-14 04:35:25,353 INFO Epoch: 12, loss: -0.13880527019500732, labeled_loss: 0.04801979660987854, unnlabeled_loss: 0.020813148468732834, mixup_loss: -1.94988214969635, energy_loss: -0.022434281185269356
2026-09-14 04:35:25,353 INFO Best AUROC test all: 0.5427535144806294, AUPR test all: 0.19123656766563946, AUROC test unknown: 0.5783006352510133, AUPR test unknown: 0.15619736309197135
2026-09-14 04:36:36,167 INFO Epoch: 13, loss: -0.10834518074989319, labeled_loss: 0.04374678432941437, unnlabeled_loss: 0.0133924325928092, mixup_loss: -1.952542781829834, energy_loss: 0.36466097831726074
2026-09-14 04:36:36,168 INFO Best AUROC test all: 0.5427535144806294, AUPR test all: 0.19123656766563946, AUROC test unknown: 0.5783006352510133, AUPR test unknown: 0.15619736309197135
2026-09-14 04:37:52,284 INFO Epoch: 14, loss: -0.13374167680740356, labeled_loss: 0.04232624173164368, unnlabeled_loss: 0.008685945533216, mixup_loss: -1.9569058418273926, energy_loss: 0.15279704332351685
2026-09-14 04:37:52,285 INFO Best AUROC test all: 0.5427535144806294, AUPR test all: 0.19123656766563946, AUROC test unknown: 0.5783006352510133, AUPR test unknown: 0.15619736309197135
2026-09-14 04:39:00,100 INFO Epoch: 15, loss: -0.13556426763534546, labeled_loss: 0.042392708361148834, unnlabeled_loss: 0.005642615724354982, mixup_loss: -1.9618157148361206, energy_loss: 0.15403303503990173
2026-09-14 04:39:00,100 INFO Best AUROC test all: 0.5427535144806294, AUPR test all: 0.19123656766563946, AUROC test unknown: 0.5783006352510133, AUPR test unknown: 0.15619736309197135
2026-09-14 04:40:10,829 INFO Epoch: 16, loss: -0.12648507952690125, labeled_loss: 0.04328980669379234, unnlabeled_loss: 0.003853298258036375, mixup_loss: -1.9654539823532104, energy_loss: 0.2484387308359146
2026-09-14 04:40:10,830 INFO Best AUROC test all: 0.5427535144806294, AUPR test all: 0.19123656766563946, AUROC test unknown: 0.5783006352510133, AUPR test unknown: 0.15619736309197135
2026-09-14 04:41:23,927 INFO Epoch: 17, loss: -0.1366870105266571, labeled_loss: 0.04435521364212036, unnlabeled_loss: 0.0028083878569304943, mixup_loss: -1.9701732397079468, energy_loss: 0.14570902287960052
2026-09-14 04:41:23,928 INFO Best AUROC test all: 0.5427535144806294, AUPR test all: 0.19123656766563946, AUROC test unknown: 0.5783006352510133, AUPR test unknown: 0.15619736309197135
2026-09-14 04:42:36,438 INFO Epoch: 18, loss: -0.10043565928936005, labeled_loss: 0.04551542177796364, unnlabeled_loss: 0.002175767906010151, mixup_loss: -1.9737554788589478, energy_loss: 0.5033658742904663
2026-09-14 04:42:36,439 INFO Best AUROC test all: 0.5427535144806294, AUPR test all: 0.19123656766563946, AUROC test unknown: 0.5783006352510133, AUPR test unknown: 0.15619736309197135
2026-09-14 04:43:47,799 INFO Epoch: 19, loss: -0.13504260778427124, labeled_loss: 0.046571582555770874, unnlabeled_loss: 0.0018163230270147324, mixup_loss: -1.9775718450546265, energy_loss: 0.1523483842611313
2026-09-14 04:43:47,800 INFO Best AUROC test all: 0.5427535144806294, AUPR test all: 0.19123656766563946, AUROC test unknown: 0.5783006352510133, AUPR test unknown: 0.15619736309197135
2026-09-14 04:45:06,351 INFO Epoch: 20, loss: -0.09638683497905731, labeled_loss: 0.04727810621261597, unnlabeled_loss: 0.0016208122251555324, mixup_loss: -1.9800387620925903, energy_loss: 0.535285234451294
2026-09-14 04:45:06,352 INFO Best AUROC test all: 0.5427535144806294, AUPR test all: 0.19123656766563946, AUROC test unknown: 0.5783006352510133, AUPR test unknown: 0.15619736309197135
2026-09-14 04:46:20,109 INFO Epoch: 21, loss: -0.10443589091300964, labeled_loss: 0.047347553074359894, unnlabeled_loss: 0.001569631160236895, mixup_loss: -1.9827560186386108, energy_loss: 0.45707347989082336
2026-09-14 04:46:20,109 INFO Best AUROC test all: 0.5427535144806294, AUPR test all: 0.19123656766563946, AUROC test unknown: 0.5783006352510133, AUPR test unknown: 0.15619736309197135
2026-09-14 04:47:34,361 INFO Epoch: 22, loss: -0.09523333609104156, labeled_loss: 0.04699046164751053, unnlabeled_loss: 0.0016235454240813851, mixup_loss: -1.9850823879241943, energy_loss: 0.5547268390655518
2026-09-14 04:47:34,361 INFO Best AUROC test all: 0.5427535144806294, AUPR test all: 0.19123656766563946, AUROC test unknown: 0.5783006352510133, AUPR test unknown: 0.15619736309197135
2026-09-14 04:48:45,172 INFO Epoch: 23, loss: -0.12100734561681747, labeled_loss: 0.04647804796695709, unnlabeled_loss: 0.0017989414045587182, mixup_loss: -1.986987829208374, energy_loss: 0.30313926935195923
2026-09-14 04:48:45,173 INFO Best AUROC test all: 0.5427535144806294, AUPR test all: 0.19123656766563946, AUROC test unknown: 0.5783006352510133, AUPR test unknown: 0.15619736309197135
2026-09-14 04:49:58,730 INFO Epoch: 24, loss: -0.1025112047791481, labeled_loss: 0.045692238956689835, unnlabeled_loss: 0.0020975274965167046, mixup_loss: -1.9877359867095947, energy_loss: 0.4952140152454376
2026-09-14 04:49:58,730 INFO Best AUROC test all: 0.5427535144806294, AUPR test all: 0.19123656766563946, AUROC test unknown: 0.5783006352510133, AUPR test unknown: 0.15619736309197135
2026-09-14 04:51:13,834 INFO Epoch: 25, loss: -0.10788886249065399, labeled_loss: 0.04460693523287773, unnlabeled_loss: 0.0025829095393419266, mixup_loss: -1.9892866611480713, energy_loss: 0.45141419768333435
2026-09-14 04:51:13,835 INFO Best AUROC test all: 0.5427535144806294, AUPR test all: 0.19123656766563946, AUROC test unknown: 0.5783006352510133, AUPR test unknown: 0.15619736309197135
2026-09-14 04:52:28,133 INFO Epoch: 26, loss: -0.10732860863208771, labeled_loss: 0.04349165037274361, unnlabeled_loss: 0.0033411637414246798, mixup_loss: -1.9905619621276855, energy_loss: 0.4656534492969513
2026-09-14 04:52:28,133 INFO Best AUROC test all: 0.5427535144806294, AUPR test all: 0.19123656766563946, AUROC test unknown: 0.5783006352510133, AUPR test unknown: 0.15619736309197135
2026-09-14 04:53:41,983 INFO Epoch: 27, loss: -0.11818809807300568, labeled_loss: 0.04244956374168396, unnlabeled_loss: 0.004510787315666676, mixup_loss: -1.9914178848266602, energy_loss: 0.3624873161315918
2026-09-14 04:53:41,983 INFO Best AUROC test all: 0.5427535144806294, AUPR test all: 0.19123656766563946, AUROC test unknown: 0.5783006352510133, AUPR test unknown: 0.15619736309197135
2026-09-14 04:54:59,136 INFO Epoch: 28, loss: -0.1176452785730362, labeled_loss: 0.04177973419427872, unnlabeled_loss: 0.006250414997339249, mixup_loss: -1.9921292066574097, energy_loss: 0.3666270673274994
2026-09-14 04:54:59,136 INFO Best AUROC test all: 0.5427535144806294, AUPR test all: 0.19123656766563946, AUROC test unknown: 0.5783006352510133, AUPR test unknown: 0.15619736309197135
2026-09-14 04:56:11,449 INFO Epoch: 29, loss: -0.11383712291717529, labeled_loss: 0.04196126386523247, unnlabeled_loss: 0.008781064301729202, mixup_loss: -1.992331624031067, energy_loss: 0.3904424011707306
2026-09-14 04:56:11,450 INFO Best AUROC test all: 0.5427535144806294, AUPR test all: 0.19123656766563946, AUROC test unknown: 0.5783006352510133, AUPR test unknown: 0.15619736309197135
2026-09-14 04:57:26,711 INFO Epoch: 30, loss: -0.117108054459095, labeled_loss: 0.04306705668568611, unnlabeled_loss: 0.012287153862416744, mixup_loss: -1.9932209253311157, energy_loss: 0.3300340175628662
2026-09-14 04:57:26,711 INFO Best AUROC test all: 0.5427535144806294, AUPR test all: 0.19123656766563946, AUROC test unknown: 0.5783006352510133, AUPR test unknown: 0.15619736309197135
2026-09-14 04:58:50,211 INFO Epoch: 31, loss: -0.11735372245311737, labeled_loss: 0.044989846646785736, unnlabeled_loss: 0.01611577719449997, mixup_loss: -1.9935026168823242, energy_loss: 0.28948813676834106
2026-09-14 04:58:50,211 INFO Best AUROC test all: 0.5427535144806294, AUPR test all: 0.19123656766563946, AUROC test unknown: 0.5783006352510133, AUPR test unknown: 0.15619736309197135
2026-09-14 05:00:11,460 INFO Epoch: 32, loss: -0.14128142595291138, labeled_loss: 0.046448715031147, unnlabeled_loss: 0.01849336177110672, mixup_loss: -1.9940946102142334, energy_loss: 0.02432645857334137
2026-09-14 05:00:11,461 INFO Best AUROC test all: 0.5427535144806294, AUPR test all: 0.19123656766563946, AUROC test unknown: 0.5783006352510133, AUPR test unknown: 0.15619736309197135
2026-09-14 05:01:29,725 INFO Epoch: 33, loss: -0.11674492806196213, labeled_loss: 0.04603156819939613, unnlabeled_loss: 0.017814185470342636, mixup_loss: -1.9948439598083496, energy_loss: 0.27800801396369934
2026-09-14 05:01:29,725 INFO Best AUROC test all: 0.5427535144806294, AUPR test all: 0.19123656766563946, AUROC test unknown: 0.5783006352510133, AUPR test unknown: 0.15619736309197135
2026-09-14 05:02:55,382 INFO Epoch: 34, loss: -0.12146103382110596, labeled_loss: 0.04482061415910721, unnlabeled_loss: 0.015919096767902374, mixup_loss: -1.9951279163360596, energy_loss: 0.25271591544151306
2026-09-14 05:02:55,382 INFO Best AUROC test all: 0.5427535144806294, AUPR test all: 0.19123656766563946, AUROC test unknown: 0.5783006352510133, AUPR test unknown: 0.15619736309197135
2026-09-14 05:04:14,973 INFO Epoch: 35, loss: -0.11538946628570557, labeled_loss: 0.04356613755226135, unnlabeled_loss: 0.013506265357136726, mixup_loss: -1.9954195022583008, energy_loss: 0.33833223581314087
2026-09-14 05:04:14,974 INFO Best AUROC test all: 0.5427535144806294, AUPR test all: 0.19123656766563946, AUROC test unknown: 0.5783006352510133, AUPR test unknown: 0.15619736309197135
2026-09-14 05:05:37,443 INFO Epoch: 36, loss: -0.1302756667137146, labeled_loss: 0.042681291699409485, unnlabeled_loss: 0.011302205733954906, mixup_loss: -1.9956765174865723, energy_loss: 0.20959606766700745
2026-09-14 05:05:37,443 INFO Best AUROC test all: 0.5427535144806294, AUPR test all: 0.19123656766563946, AUROC test unknown: 0.5783006352510133, AUPR test unknown: 0.15619736309197135
2026-09-14 05:06:58,659 INFO Epoch: 37, loss: -0.11678723990917206, labeled_loss: 0.042046934366226196, unnlabeled_loss: 0.009336082264780998, mixup_loss: -1.995496392250061, energy_loss: 0.36047425866127014
2026-09-14 05:06:58,660 INFO Best AUROC test all: 0.5427535144806294, AUPR test all: 0.19123656766563946, AUROC test unknown: 0.5783006352510133, AUPR test unknown: 0.15619736309197135
2026-09-14 05:08:19,804 INFO Epoch: 38, loss: -0.1327727735042572, labeled_loss: 0.04185004159808159, unnlabeled_loss: 0.007921398617327213, mixup_loss: -1.9956086874008179, energy_loss: 0.2097734808921814
2026-09-14 05:08:19,805 INFO Best AUROC test all: 0.5427535144806294, AUPR test all: 0.19123656766563946, AUROC test unknown: 0.5783006352510133, AUPR test unknown: 0.15619736309197135
2026-09-14 05:09:38,071 INFO Epoch: 39, loss: -0.11478305608034134, labeled_loss: 0.04167996346950531, unnlabeled_loss: 0.006823290139436722, mixup_loss: -1.9959689378738403, energy_loss: 0.3972223103046417
2026-09-14 05:09:38,072 INFO Best AUROC test all: 0.5427535144806294, AUPR test all: 0.19123656766563946, AUROC test unknown: 0.5783006352510133, AUPR test unknown: 0.15619736309197135
2026-09-14 05:11:02,167 INFO Epoch: 40, loss: -0.1136835515499115, labeled_loss: 0.04176944121718407, unnlabeled_loss: 0.006153071764856577, mixup_loss: -1.9961613416671753, energy_loss: 0.41086605191230774
2026-09-14 05:11:02,167 INFO Best AUROC test all: 0.5427535144806294, AUPR test all: 0.19123656766563946, AUROC test unknown: 0.5783006352510133, AUPR test unknown: 0.15619736309197135
2026-09-14 05:12:20,399 INFO Epoch: 41, loss: -0.13055205345153809, labeled_loss: 0.041780292987823486, unnlabeled_loss: 0.005818512756377459, mixup_loss: -1.996549129486084, energy_loss: 0.24413315951824188
2026-09-14 05:12:20,400 INFO Best AUROC test all: 0.5428408172724719, AUPR test all: 0.1912540186151991, AUROC test unknown: 0.5783006352510133, AUPR test unknown: 0.15619736309197135
2026-09-14 05:13:43,139 INFO Epoch: 42, loss: -0.12272153794765472, labeled_loss: 0.041777051985263824, unnlabeled_loss: 0.005643417127430439, mixup_loss: -1.9969494342803955, energy_loss: 0.3237465023994446
2026-09-14 05:13:43,139 INFO Best AUROC test all: 0.5435723328479469, AUPR test all: 0.1916000778477641, AUROC test unknown: 0.5783006352510133, AUPR test unknown: 0.15619736309197135
2026-09-14 05:15:03,533 INFO Epoch: 43, loss: -0.1212485209107399, labeled_loss: 0.041786856949329376, unnlabeled_loss: 0.0056563508696854115, mixup_loss: -1.9973349571228027, energy_loss: 0.33869948983192444
2026-09-14 05:15:03,534 INFO Best AUROC test all: 0.5453589214030792, AUPR test all: 0.1921575767586926, AUROC test unknown: 0.5783006352510133, AUPR test unknown: 0.15619736309197135
2026-09-14 05:16:23,748 INFO Epoch: 44, loss: -0.11477494239807129, labeled_loss: 0.04182654619216919, unnlabeled_loss: 0.0058553810231387615, mixup_loss: -1.9976593255996704, energy_loss: 0.4023675322532654
2026-09-14 05:16:23,749 INFO Best AUROC test all: 0.5453589214030792, AUPR test all: 0.19229775180077108, AUROC test unknown: 0.5783006352510133, AUPR test unknown: 0.15619736309197135
2026-09-14 05:17:44,583 INFO Epoch: 45, loss: -0.11184371262788773, labeled_loss: 0.041826821863651276, unnlabeled_loss: 0.006271739955991507, mixup_loss: -1.9979734420776367, energy_loss: 0.42990943789482117
2026-09-14 05:17:44,584 INFO Best AUROC test all: 0.546337647496169, AUPR test all: 0.19271768241267798, AUROC test unknown: 0.5783006352510133, AUPR test unknown: 0.15619736309197135
2026-09-14 05:19:03,954 INFO Epoch: 46, loss: -0.12354455888271332, labeled_loss: 0.0416656918823719, unnlabeled_loss: 0.006930007133632898, mixup_loss: -1.9979454278945923, energy_loss: 0.31119292974472046
2026-09-14 05:19:03,954 INFO Best AUROC test all: 0.5467710711545988, AUPR test all: 0.19291039764534684, AUROC test unknown: 0.5783006352510133, AUPR test unknown: 0.15619736309197135
2026-09-14 05:20:27,227 INFO Epoch: 47, loss: -0.1143791601061821, labeled_loss: 0.041744332760572433, unnlabeled_loss: 0.007723900955170393, mixup_loss: -1.9982516765594482, energy_loss: 0.3983972668647766
2026-09-14 05:20:27,228 INFO Best AUROC test all: 0.5476089438709136, AUPR test all: 0.1932517223721249, AUROC test unknown: 0.5783006352510133, AUPR test unknown: 0.15619736309197135
2026-09-14 05:21:45,706 INFO Epoch: 48, loss: -0.1153709888458252, labeled_loss: 0.04182286188006401, unnlabeled_loss: 0.008711724542081356, mixup_loss: -1.998311996459961, energy_loss: 0.382814884185791
2026-09-14 05:21:45,707 INFO Best AUROC test all: 0.548433601911151, AUPR test all: 0.19356474208618948, AUROC test unknown: 0.5783006352510133, AUPR test unknown: 0.15619736309197135
2026-09-14 05:23:06,103 INFO Epoch: 49, loss: -0.11961726099252701, labeled_loss: 0.04203943535685539, unnlabeled_loss: 0.009840649552643299, mixup_loss: -1.9982969760894775, energy_loss: 0.3325267434120178
2026-09-14 05:23:06,104 INFO Best AUROC test all: 0.5493111789311244, AUPR test all: 0.19391804810691368, AUROC test unknown: 0.5783006352510133, AUPR test unknown: 0.15619736309197135
2026-09-14 05:24:31,198 INFO Epoch: 50, loss: -0.11405668407678604, labeled_loss: 0.04243401810526848, unnlabeled_loss: 0.010946821421384811, mixup_loss: -1.998349905014038, energy_loss: 0.37870872020721436
2026-09-14 05:24:31,199 INFO Best AUROC test all: 0.5500639029232431, AUPR test all: 0.19422432469165246, AUROC test unknown: 0.5783006352510133, AUPR test unknown: 0.15619736309197135
2026-09-14 05:25:51,180 INFO Epoch: 51, loss: -0.11279834061861038, labeled_loss: 0.04282001405954361, unnlabeled_loss: 0.01198551245033741, mixup_loss: -1.9983272552490234, energy_loss: 0.38221612572669983
2026-09-14 05:25:51,181 INFO Best AUROC test all: 0.5504656723659451, AUPR test all: 0.1944190453443138, AUROC test unknown: 0.5783006352510133, AUPR test unknown: 0.15619736309197135
2026-09-14 05:27:12,143 INFO Epoch: 52, loss: -0.1438439041376114, labeled_loss: 0.0432450994849205, unnlabeled_loss: 0.012828732840716839, mixup_loss: -1.9983298778533936, energy_loss: 0.06329620629549026
2026-09-14 05:27:12,143 INFO Best AUROC test all: 0.5512222091512591, AUPR test all: 0.1947371460719997, AUROC test unknown: 0.5783006352510133, AUPR test unknown: 0.15619736309197135
2026-09-14 05:28:35,975 INFO Epoch: 53, loss: -0.1114601343870163, labeled_loss: 0.04311814904212952, unnlabeled_loss: 0.012756671756505966, mixup_loss: -1.9984612464904785, energy_loss: 0.3888951539993286
2026-09-14 05:28:35,976 INFO Best AUROC test all: 0.551262490338154, AUPR test all: 0.1948487602860803, AUROC test unknown: 0.5783006352510133, AUPR test unknown: 0.15619736309197135
2026-09-14 05:30:00,809 INFO Epoch: 54, loss: -0.1262442171573639, labeled_loss: 0.04300479218363762, unnlabeled_loss: 0.012449856847524643, mixup_loss: -1.9986681938171387, energy_loss: 0.24392886459827423
2026-09-14 05:30:00,810 INFO Best AUROC test all: 0.551344335698094, AUPR test all: 0.19521671074286995, AUROC test unknown: 0.5783006352510133, AUPR test unknown: 0.15619736309197135
2026-09-14 05:31:19,604 INFO Epoch: 55, loss: -0.12198231369256973, labeled_loss: 0.04261281341314316, unnlabeled_loss: 0.01167750358581543, mixup_loss: -1.9987857341766357, energy_loss: 0.2944469153881073
2026-09-14 05:31:19,604 INFO Best AUROC test all: 0.551807394955001, AUPR test all: 0.19543451910740978, AUROC test unknown: 0.5783006352510133, AUPR test unknown: 0.15619736309197135
2026-09-14 05:32:42,813 INFO Epoch: 56, loss: -0.12047543376684189, labeled_loss: 0.04229471832513809, unnlabeled_loss: 0.010736269876360893, mixup_loss: -1.9989460706710815, energy_loss: 0.31756317615509033
2026-09-14 05:32:42,813 INFO Best AUROC test all: 0.5518750524277688, AUPR test all: 0.19553988530645025, AUROC test unknown: 0.5783006352510133, AUPR test unknown: 0.15619736309197135
2026-09-14 05:34:07,944 INFO Epoch: 57, loss: -0.11254054307937622, labeled_loss: 0.04204350337386131, unnlabeled_loss: 0.00980453286319971, mixup_loss: -1.9989826679229736, energy_loss: 0.4041195809841156
2026-09-14 05:34:07,945 INFO Best AUROC test all: 0.5518750524277688, AUPR test all: 0.1955975131262599, AUROC test unknown: 0.5783006352510133, AUPR test unknown: 0.15619736309197135
2026-09-14 05:35:24,031 INFO Epoch: 58, loss: -0.12308159470558167, labeled_loss: 0.04180872440338135, unnlabeled_loss: 0.009109164588153362, mixup_loss: -1.9990754127502441, energy_loss: 0.3046264052391052
2026-09-14 05:35:24,031 INFO Best AUROC test all: 0.5528011858411263, AUPR test all: 0.1959141493772844, AUROC test unknown: 0.5783006352510133, AUPR test unknown: 0.15619736309197135
2026-09-14 05:36:44,570 INFO Epoch: 59, loss: -0.1153259128332138, labeled_loss: 0.04168339818716049, unnlabeled_loss: 0.008518668822944164, mixup_loss: -1.999159812927246, energy_loss: 0.3864734172821045
2026-09-14 05:36:44,570 INFO Best AUROC test all: 0.5528011858411263, AUPR test all: 0.1959227238912412, AUROC test unknown: 0.5783006352510133, AUPR test unknown: 0.15619736309197135
2026-09-14 05:38:07,183 INFO Epoch: 60, loss: -0.11800651252269745, labeled_loss: 0.04163619503378868, unnlabeled_loss: 0.00817480031400919, mixup_loss: -1.9991215467453003, energy_loss: 0.3618205189704895
2026-09-14 05:38:07,183 INFO Best AUROC test all: 0.5528011858411263, AUPR test all: 0.19600507661824354, AUROC test unknown: 0.5783006352510133, AUPR test unknown: 0.15619736309197135
2026-09-14 05:39:24,792 INFO Epoch: 61, loss: -0.11632298678159714, labeled_loss: 0.04153313487768173, unnlabeled_loss: 0.008019914850592613, mixup_loss: -1.999050259590149, energy_loss: 0.3803895115852356
2026-09-14 05:39:24,793 INFO Best AUROC test all: 0.5529583355259365, AUPR test all: 0.1961055271695843, AUROC test unknown: 0.5783006352510133, AUPR test unknown: 0.15619736309197135
2026-09-14 05:40:48,392 INFO Epoch: 62, loss: -0.14548084139823914, labeled_loss: 0.0415518544614315, unnlabeled_loss: 0.008049629628658295, mixup_loss: -1.9990848302841187, energy_loss: 0.08850961923599243
2026-09-14 05:40:48,393 INFO Best AUROC test all: 0.5532333907168936, AUPR test all: 0.1962503567784016, AUROC test unknown: 0.5783006352510133, AUPR test unknown: 0.15619736309197135
2026-09-14 05:42:10,964 INFO Epoch: 63, loss: -0.11018630862236023, labeled_loss: 0.0416334867477417, unnlabeled_loss: 0.007888739928603172, mixup_loss: -1.999094843864441, energy_loss: 0.4414532780647278
2026-09-14 05:42:10,965 INFO Best AUROC test all: 0.5533206320142564, AUPR test all: 0.1963057866891408, AUROC test unknown: 0.5783006352510133, AUPR test unknown: 0.15619736309197135
2026-09-14 05:43:31,993 INFO Epoch: 64, loss: -0.1107548177242279, labeled_loss: 0.04155689850449562, unnlabeled_loss: 0.007992151193320751, mixup_loss: -1.9991923570632935, energy_loss: 0.43611451983451843
2026-09-14 05:43:31,994 INFO Best AUROC test all: 0.5533206320142564, AUPR test all: 0.1963057866891408, AUROC test unknown: 0.5783006352510133, AUPR test unknown: 0.15619736309197135
2026-09-14 05:44:51,824 INFO Epoch: 65, loss: -0.12166231125593185, labeled_loss: 0.04162755608558655, unnlabeled_loss: 0.008317760191857815, mixup_loss: -1.9992153644561768, energy_loss: 0.3247278332710266
2026-09-14 05:44:51,825 INFO Best AUROC test all: 0.5533206320142564, AUPR test all: 0.1963057866891408, AUROC test unknown: 0.5783006352510133, AUPR test unknown: 0.15619736309197135
2026-09-14 05:46:09,694 INFO Epoch: 66, loss: -0.11914795637130737, labeled_loss: 0.04161973297595978, unnlabeled_loss: 0.008699717931449413, mixup_loss: -1.9992152452468872, energy_loss: 0.348039835691452
2026-09-14 05:46:09,695 INFO Best AUROC test all: 0.5536008676410562, AUPR test all: 0.19647163863504222, AUROC test unknown: 0.5783006352510133, AUPR test unknown: 0.15619736309197135
2026-09-14 05:47:34,547 INFO Epoch: 67, loss: -0.10990223288536072, labeled_loss: 0.04182416945695877, unnlabeled_loss: 0.009141176007688046, mixup_loss: -1.9993191957473755, energy_loss: 0.4363492727279663
2026-09-14 05:47:34,548 INFO Best AUROC test all: 0.5536008676410562, AUPR test all: 0.19647163863504222, AUROC test unknown: 0.5783006352510133, AUPR test unknown: 0.15619736309197135
2026-09-14 05:48:52,497 INFO Epoch: 68, loss: -0.11650947481393814, labeled_loss: 0.041827861219644547, unnlabeled_loss: 0.009732385165989399, mixup_loss: -1.9993901252746582, energy_loss: 0.3673548102378845
2026-09-14 05:48:52,498 INFO Best AUROC test all: 0.5536008676410562, AUPR test all: 0.19647163863504222, AUROC test unknown: 0.5783006352510133, AUPR test unknown: 0.15619736309197135
2026-09-14 05:50:15,326 INFO Epoch: 69, loss: -0.11321091651916504, labeled_loss: 0.042102232575416565, unnlabeled_loss: 0.010316815227270126, mixup_loss: -1.9993724822998047, energy_loss: 0.3946569561958313
2026-09-14 05:50:15,326 INFO Best AUROC test all: 0.5536008676410562, AUPR test all: 0.19647163863504222, AUROC test unknown: 0.5783006352510133, AUPR test unknown: 0.15619736309197135
2026-09-14 05:51:38,273 INFO Epoch: 70, loss: -0.11073374003171921, labeled_loss: 0.04225765913724899, unnlabeled_loss: 0.010879718698561192, mixup_loss: -1.9994868040084839, energy_loss: 0.4151742160320282
2026-09-14 05:51:38,273 INFO Best AUROC test all: 0.5536008676410562, AUPR test all: 0.19647163863504222, AUROC test unknown: 0.5783006352510133, AUPR test unknown: 0.15619736309197135
2026-09-14 05:52:50,350 INFO Epoch: 71, loss: -0.11099253594875336, labeled_loss: 0.04239831119775772, unnlabeled_loss: 0.011403383687138557, mixup_loss: -1.9994817972183228, energy_loss: 0.40855640172958374
2026-09-14 05:52:50,351 INFO Best AUROC test all: 0.5536008676410562, AUPR test all: 0.19647163863504222, AUROC test unknown: 0.5783006352510133, AUPR test unknown: 0.15619736309197135
2026-09-14 05:54:07,840 INFO Epoch: 72, loss: -0.1167730763554573, labeled_loss: 0.042668431997299194, unnlabeled_loss: 0.011827931739389896, mixup_loss: -1.999552607536316, energy_loss: 0.3459979295730591
2026-09-14 05:54:07,840 INFO Best AUROC test all: 0.5536008676410562, AUPR test all: 0.19647163863504222, AUROC test unknown: 0.5783006352510133, AUPR test unknown: 0.15619736309197135
2026-09-14 05:55:27,308 INFO Epoch: 73, loss: -0.11146154999732971, labeled_loss: 0.042663995176553726, unnlabeled_loss: 0.011982524767518044, mixup_loss: -1.999491572380066, energy_loss: 0.39832350611686707
2026-09-14 05:55:27,308 INFO Best AUROC test all: 0.5536008676410562, AUPR test all: 0.19647163863504222, AUROC test unknown: 0.5783006352510133, AUPR test unknown: 0.15619736309197135
2026-09-14 05:56:46,755 INFO Epoch: 74, loss: -0.11313897371292114, labeled_loss: 0.042660560458898544, unnlabeled_loss: 0.011969834566116333, mixup_loss: -1.9995577335357666, energy_loss: 0.38171324133872986
2026-09-14 05:56:46,756 INFO Best AUROC test all: 0.5536008676410562, AUPR test all: 0.19647163863504222, AUROC test unknown: 0.5783006352510133, AUPR test unknown: 0.15619736309197135
2026-09-14 05:58:05,869 INFO Epoch: 75, loss: -0.11171429604291916, labeled_loss: 0.04258495196700096, unnlabeled_loss: 0.01177854835987091, mixup_loss: -1.9995701313018799, energy_loss: 0.39768490195274353
2026-09-14 05:58:05,869 INFO Best AUROC test all: 0.5536008676410562, AUPR test all: 0.19647163863504222, AUROC test unknown: 0.5783006352510133, AUPR test unknown: 0.15619736309197135
2026-09-14 05:59:22,063 INFO Epoch: 76, loss: -0.17782090604305267, labeled_loss: 0.04246116057038307, unnlabeled_loss: 0.011477661319077015, mixup_loss: -1.9995421171188354, energy_loss: -0.2606668770313263
2026-09-14 05:59:22,064 INFO Best AUROC test all: 0.5536008676410562, AUPR test all: 0.19647163863504222, AUROC test unknown: 0.5783006352510133, AUPR test unknown: 0.15619736309197135
2026-09-14 06:00:46,176 INFO Epoch: 77, loss: -0.11014026403427124, labeled_loss: 0.041957300156354904, unnlabeled_loss: 0.01006784662604332, mixup_loss: -1.9995994567871094, energy_loss: 0.42828458547592163
2026-09-14 06:00:46,177 INFO Best AUROC test all: 0.5536008676410562, AUPR test all: 0.19647163863504222, AUROC test unknown: 0.5783006352510133, AUPR test unknown: 0.15619736309197135
2026-09-14 06:02:06,022 INFO Epoch: 78, loss: -0.11125549674034119, labeled_loss: 0.04165084287524223, unnlabeled_loss: 0.00901709869503975, mixup_loss: -1.9995840787887573, energy_loss: 0.42543524503707886
2026-09-14 06:02:06,022 INFO Best AUROC test all: 0.5536008676410562, AUPR test all: 0.19647163863504222, AUROC test unknown: 0.5783006352510133, AUPR test unknown: 0.15619736309197135
2026-09-14 06:03:28,438 INFO Epoch: 79, loss: -0.11423400044441223, labeled_loss: 0.04149109497666359, unnlabeled_loss: 0.008310436271131039, mixup_loss: -1.9995818138122559, energy_loss: 0.40077871084213257
2026-09-14 06:03:28,438 INFO Best AUROC test all: 0.5536008676410562, AUPR test all: 0.19647163863504222, AUROC test unknown: 0.5783006352510133, AUPR test unknown: 0.15619736309197135
2026-09-14 06:04:47,929 INFO Epoch: 80, loss: -0.13181161880493164, labeled_loss: 0.041424162685871124, unnlabeled_loss: 0.007869476452469826, mixup_loss: -1.9995633363723755, energy_loss: 0.2278582751750946
2026-09-14 06:04:47,930 INFO Best AUROC test all: 0.5536008676410562, AUPR test all: 0.19647163863504222, AUROC test unknown: 0.5783006352510133, AUPR test unknown: 0.15619736309197135
2026-09-14 06:06:10,080 INFO Epoch: 81, loss: -0.10917482525110245, labeled_loss: 0.04140204191207886, unnlabeled_loss: 0.007490081246942282, mixup_loss: -1.999617576599121, energy_loss: 0.456398606300354
2026-09-14 06:06:10,080 INFO Best AUROC test all: 0.5536008676410562, AUPR test all: 0.19647163863504222, AUROC test unknown: 0.5783006352510133, AUPR test unknown: 0.15619736309197135
2026-09-14 06:07:33,567 INFO Epoch: 82, loss: -0.1204710602760315, labeled_loss: 0.04144502058625221, unnlabeled_loss: 0.007426248863339424, mixup_loss: -1.9995967149734497, energy_loss: 0.34330475330352783
2026-09-14 06:07:33,567 INFO Best AUROC test all: 0.5536008676410562, AUPR test all: 0.19647163863504222, AUROC test unknown: 0.5783006352510133, AUPR test unknown: 0.15619736309197135
2026-09-14 06:08:52,658 INFO Epoch: 83, loss: -0.11893367022275925, labeled_loss: 0.041403912007808685, unnlabeled_loss: 0.007520629093050957, mixup_loss: -1.9996232986450195, energy_loss: 0.3586443364620209
2026-09-14 06:08:52,659 INFO Best AUROC test all: 0.5536008676410562, AUPR test all: 0.19647163863504222, AUROC test unknown: 0.5783006352510133, AUPR test unknown: 0.15619736309197135
2026-09-14 06:10:12,428 INFO Epoch: 84, loss: -0.11644019931554794, labeled_loss: 0.04139542207121849, unnlabeled_loss: 0.007780372630804777, mixup_loss: -1.9995920658111572, energy_loss: 0.3823339641094208
2026-09-14 06:10:12,429 INFO Best AUROC test all: 0.5536008676410562, AUPR test all: 0.19648631251091248, AUROC test unknown: 0.5783006352510133, AUPR test unknown: 0.15619736309197135
2026-09-14 06:11:34,571 INFO Epoch: 85, loss: -0.11332101374864578, labeled_loss: 0.04142621159553528, unnlabeled_loss: 0.008219852112233639, mixup_loss: -1.9996514320373535, energy_loss: 0.411080002784729
2026-09-14 06:11:34,572 INFO Best AUROC test all: 0.5536008676410562, AUPR test all: 0.19683634869971864, AUROC test unknown: 0.5783006352510133, AUPR test unknown: 0.15619736309197135
2026-09-14 06:12:56,594 INFO Epoch: 86, loss: -0.11034047603607178, labeled_loss: 0.04157419130206108, unnlabeled_loss: 0.008857835084199905, mixup_loss: -1.9996505975723267, energy_loss: 0.43621477484703064
2026-09-14 06:12:56,595 INFO Best AUROC test all: 0.5536008676410562, AUPR test all: 0.1969116280516418, AUROC test unknown: 0.5783006352510133, AUPR test unknown: 0.15619736309197135
2026-09-14 06:14:13,859 INFO Epoch: 87, loss: -0.11159354448318481, labeled_loss: 0.041781678795814514, unnlabeled_loss: 0.009700383059680462, mixup_loss: -1.9996217489242554, energy_loss: 0.4173676669597626
2026-09-14 06:14:13,860 INFO Best AUROC test all: 0.5536008676410562, AUPR test all: 0.1972546229029947, AUROC test unknown: 0.5783006352510133, AUPR test unknown: 0.15619736309197135
2026-09-14 06:15:39,976 INFO Epoch: 88, loss: -0.11983677744865417, labeled_loss: 0.042074043303728104, unnlabeled_loss: 0.010683447122573853, mixup_loss: -1.999589443206787, energy_loss: 0.32706400752067566
2026-09-14 06:15:39,977 INFO Best AUROC test all: 0.5536889981702683, AUPR test all: 0.19786198755352097, AUROC test unknown: 0.5783006352510133, AUPR test unknown: 0.15619736309197135
2026-09-14 06:17:03,512 INFO Epoch: 89, loss: -0.11116345226764679, labeled_loss: 0.04235994443297386, unnlabeled_loss: 0.011464640498161316, mixup_loss: -1.9996583461761475, energy_loss: 0.40710118412971497
2026-09-14 06:17:03,512 INFO Best AUROC test all: 0.5546237687135728, AUPR test all: 0.19851117434773144, AUROC test unknown: 0.5783006352510133, AUPR test unknown: 0.15619736309197135
2026-09-14 06:18:25,373 INFO Epoch: 90, loss: -0.12019659578800201, labeled_loss: 0.042602717876434326, unnlabeled_loss: 0.01210733875632286, mixup_loss: -1.9996733665466309, energy_loss: 0.31114357709884644
2026-09-14 06:18:25,374 INFO Best AUROC test all: 0.5549706174905877, AUPR test all: 0.19900475814095914, AUROC test unknown: 0.5783006352510133, AUPR test unknown: 0.15619736309197135
2026-09-14 06:19:49,615 INFO Epoch: 91, loss: -0.1127655953168869, labeled_loss: 0.04262252524495125, unnlabeled_loss: 0.012272113934159279, mixup_loss: -1.999666690826416, energy_loss: 0.3844248950481415
2026-09-14 06:19:49,615 INFO Best AUROC test all: 0.5556636142242692, AUPR test all: 0.19973665328265255, AUROC test unknown: 0.5783006352510133, AUPR test unknown: 0.15619736309197135
2026-09-14 06:21:10,975 INFO Epoch: 92, loss: -0.11269699037075043, labeled_loss: 0.04261760413646698, unnlabeled_loss: 0.012174327857792377, mixup_loss: -1.9996881484985352, energy_loss: 0.38567057251930237
2026-09-14 06:21:10,976 INFO Best AUROC test all: 0.5562210974421343, AUPR test all: 0.20015604196947018, AUROC test unknown: 0.5783006352510133, AUPR test unknown: 0.15619736309197135
2026-09-14 06:22:35,524 INFO Epoch: 93, loss: -0.11230532079935074, labeled_loss: 0.04243135824799538, unnlabeled_loss: 0.011861584149301052, mixup_loss: -1.9997001886367798, energy_loss: 0.39302554726600647
2026-09-14 06:22:35,525 INFO Best AUROC test all: 0.5572608717059226, AUPR test all: 0.2009172668658194, AUROC test unknown: 0.5783006352510133, AUPR test unknown: 0.15619736309197135
2026-09-14 06:24:01,943 INFO Epoch: 94, loss: -0.1108926385641098, labeled_loss: 0.04226602241396904, unnlabeled_loss: 0.01142871379852295, mixup_loss: -1.9997159242630005, energy_loss: 0.4109858274459839
2026-09-14 06:24:01,944 INFO Best AUROC test all: 0.5575516250559664, AUPR test all: 0.2013268185379096, AUROC test unknown: 0.5783006352510133, AUPR test unknown: 0.15619736309197135
2026-09-14 06:25:23,787 INFO Epoch: 95, loss: -0.11616568267345428, labeled_loss: 0.0420762337744236, unnlabeled_loss: 0.010982810519635677, mixup_loss: -1.9997124671936035, energy_loss: 0.36237919330596924
2026-09-14 06:25:23,788 INFO Best AUROC test all: 0.5580824631491961, AUPR test all: 0.2019956332007832, AUROC test unknown: 0.5783006352510133, AUPR test unknown: 0.15619736309197135
2026-09-14 06:26:41,912 INFO Epoch: 96, loss: -0.1390967071056366, labeled_loss: 0.04186161234974861, unnlabeled_loss: 0.01049914862960577, mixup_loss: -1.9997259378433228, energy_loss: 0.13764707744121552
2026-09-14 06:26:41,912 INFO Best AUROC test all: 0.558203452183606, AUPR test all: 0.20219119435077412, AUROC test unknown: 0.5783006352510133, AUPR test unknown: 0.15619736309197135
2026-09-14 06:28:07,332 INFO Epoch: 97, loss: -0.11000925302505493, labeled_loss: 0.04160716384649277, unnlabeled_loss: 0.009667666628956795, mixup_loss: -1.9997416734695435, energy_loss: 0.43523916602134705
2026-09-14 06:28:07,332 INFO Best AUROC test all: 0.5583118372877738, AUPR test all: 0.2023395263370456, AUROC test unknown: 0.5783006352510133, AUPR test unknown: 0.15619736309197135
2026-09-14 06:29:31,778 INFO Epoch: 98, loss: -0.12033336609601974, labeled_loss: 0.04145542159676552, unnlabeled_loss: 0.009113598614931107, mixup_loss: -1.999659538269043, energy_loss: 0.3362036645412445
2026-09-14 06:29:31,778 INFO Best AUROC test all: 0.5586217709556831, AUPR test all: 0.20298159809827554, AUROC test unknown: 0.5783006352510133, AUPR test unknown: 0.15619736309197135
2026-09-14 06:30:46,905 INFO Epoch: 99, loss: -0.10930292308330536, labeled_loss: 0.041398901492357254, unnlabeled_loss: 0.008670784533023834, mixup_loss: -1.9996793270111084, energy_loss: 0.44930723309516907
2026-09-14 06:30:46,906 INFO Best AUROC test all: 0.559617538063085, AUPR test all: 0.2041032267124455, AUROC test unknown: 0.5783006352510133, AUPR test unknown: 0.15619736309197135
2026-09-14 06:32:09,093 INFO Epoch: 100, loss: -0.11000705510377884, labeled_loss: 0.04132513329386711, unnlabeled_loss: 0.008516618981957436, mixup_loss: -1.9997286796569824, energy_loss: 0.4438236653804779
2026-09-14 06:32:09,094 INFO Best AUROC test all: 0.5610775798237966, AUPR test all: 0.20547507978802454, AUROC test unknown: 0.5783006352510133, AUPR test unknown: 0.15619736309197135
2026-09-14 06:33:32,890 INFO Epoch: 101, loss: -0.11199726164340973, labeled_loss: 0.04136744141578674, unnlabeled_loss: 0.0086050471290946, mixup_loss: -1.999643325805664, energy_loss: 0.4229710102081299
2026-09-14 06:33:32,891 INFO Best AUROC test all: 0.5623163228630854, AUPR test all: 0.2073878042437884, AUROC test unknown: 0.5783006352510133, AUPR test unknown: 0.15619736309197135
2026-09-14 06:34:57,147 INFO Epoch: 102, loss: -0.11289521306753159, labeled_loss: 0.04133584722876549, unnlabeled_loss: 0.008896306157112122, mixup_loss: -1.9996711015701294, energy_loss: 0.41287899017333984
2026-09-14 06:34:57,148 INFO Best AUROC test all: 0.5644309771533786, AUPR test all: 0.2098816423544526, AUROC test unknown: 0.5783006352510133, AUPR test unknown: 0.15619736309197135
2026-09-14 06:36:20,236 INFO Epoch: 103, loss: -0.12138693779706955, labeled_loss: 0.04147803783416748, unnlabeled_loss: 0.009338587522506714, mixup_loss: -1.9997447729110718, energy_loss: 0.3244020640850067
2026-09-14 06:36:20,237 INFO Best AUROC test all: 0.5660006269998827, AUPR test all: 0.21197971091854226, AUROC test unknown: 0.5783006352510133, AUPR test unknown: 0.15619736309197135
2026-09-14 06:37:37,276 INFO Epoch: 104, loss: -0.1158791035413742, labeled_loss: 0.0415828712284565, unnlabeled_loss: 0.009757284075021744, mixup_loss: -1.999735951423645, energy_loss: 0.37632983922958374
2026-09-14 06:37:37,276 INFO Best AUROC test all: 0.5678521699796817, AUPR test all: 0.2144420323200004, AUROC test unknown: 0.5783006352510133, AUPR test unknown: 0.15619736309197135
2026-09-14 06:38:54,288 INFO Epoch: 105, loss: -0.11282575130462646, labeled_loss: 0.041573166847229004, unnlabeled_loss: 0.010177725926041603, mixup_loss: -1.9997113943099976, energy_loss: 0.4048335552215576
2026-09-14 06:38:54,288 INFO Best AUROC test all: 0.5694840367983509, AUPR test all: 0.21692158024582897, AUROC test unknown: 0.5783006352510133, AUPR test unknown: 0.15619736309197135
2026-09-14 06:40:13,019 INFO Epoch: 106, loss: -0.1119188740849495, labeled_loss: 0.04180555418133736, unnlabeled_loss: 0.010635515674948692, mixup_loss: -1.9997098445892334, energy_loss: 0.40928810834884644
2026-09-14 06:40:13,019 INFO Best AUROC test all: 0.5708421022903782, AUPR test all: 0.21893528363470793, AUROC test unknown: 0.5783006352510133, AUPR test unknown: 0.15619736309197135
2026-09-14 06:41:29,106 INFO Epoch: 107, loss: -0.11310140043497086, labeled_loss: 0.041908521205186844, unnlabeled_loss: 0.011072630062699318, mixup_loss: -1.999682068824768, energy_loss: 0.39421963691711426
2026-09-14 06:41:29,107 INFO Best AUROC test all: 0.571951100104412, AUPR test all: 0.2208626255229296, AUROC test unknown: 0.5783006352510133, AUPR test unknown: 0.15619736309197135
2026-09-14 06:42:48,082 INFO Epoch: 108, loss: -0.11563169211149216, labeled_loss: 0.04204852879047394, unnlabeled_loss: 0.011386169120669365, mixup_loss: -1.9997227191925049, energy_loss: 0.36598968505859375
2026-09-14 06:42:48,082 INFO Best AUROC test all: 0.5728232485434172, AUPR test all: 0.22227023410142804, AUROC test unknown: 0.5783006352510133, AUPR test unknown: 0.15619736309197135
2026-09-14 06:44:05,800 INFO Epoch: 109, loss: -0.11482717096805573, labeled_loss: 0.04211058095097542, unnlabeled_loss: 0.01149625051766634, mixup_loss: -1.9996989965438843, energy_loss: 0.3728402853012085
2026-09-14 06:44:05,800 INFO Best AUROC test all: 0.5733931846643332, AUPR test all: 0.22275299544997013, AUROC test unknown: 0.5783006352510133, AUPR test unknown: 0.15619736309197135
2026-09-14 06:45:20,576 INFO Epoch: 110, loss: -0.11185147613286972, labeled_loss: 0.0420202761888504, unnlabeled_loss: 0.011405524797737598, mixup_loss: -1.9996780157089233, energy_loss: 0.4039328396320343
2026-09-14 06:45:20,576 INFO Best AUROC test all: 0.5735169597779372, AUPR test all: 0.22350508791917081, AUROC test unknown: 0.5783006352510133, AUPR test unknown: 0.15619736309197135
2026-09-14 06:46:34,594 INFO Epoch: 111, loss: -0.11234455555677414, labeled_loss: 0.04179398715496063, unnlabeled_loss: 0.01122040394693613, mixup_loss: -1.9996978044509888, energy_loss: 0.4022103250026703
2026-09-14 06:46:34,594 INFO Best AUROC test all: 0.5735169597779372, AUPR test all: 0.22357789837818756, AUROC test unknown: 0.5783006352510133, AUPR test unknown: 0.15619736309197135
2026-09-14 06:47:50,556 INFO Epoch: 112, loss: -0.11356198787689209, labeled_loss: 0.04180200397968292, unnlabeled_loss: 0.010954417288303375, mixup_loss: -1.999722957611084, energy_loss: 0.39131098985671997
2026-09-14 06:47:50,556 INFO Best AUROC test all: 0.5736532324932225, AUPR test all: 0.22382009900165786, AUROC test unknown: 0.5783006352510133, AUPR test unknown: 0.15619736309197135
2026-09-14 06:49:12,850 INFO Epoch: 113, loss: -0.11247467249631882, labeled_loss: 0.041648395359516144, unnlabeled_loss: 0.010613355785608292, mixup_loss: -1.9996981620788574, energy_loss: 0.40540069341659546
2026-09-14 06:49:12,850 INFO Best AUROC test all: 0.5736532324932225, AUPR test all: 0.22388591458810703, AUROC test unknown: 0.5783006352510133, AUPR test unknown: 0.15619736309197135
2026-09-14 06:50:32,848 INFO Epoch: 114, loss: -0.11349361389875412, labeled_loss: 0.041531018912792206, unnlabeled_loss: 0.010308514349162579, mixup_loss: -1.9997186660766602, energy_loss: 0.3979298174381256
2026-09-14 06:50:32,849 INFO Best AUROC test all: 0.5738536630493961, AUPR test all: 0.22430818822984464, AUROC test unknown: 0.5783006352510133, AUPR test unknown: 0.15619736309197135
2026-09-14 06:51:49,254 INFO Epoch: 115, loss: -0.11895539611577988, labeled_loss: 0.04144473001360893, unnlabeled_loss: 0.010070844553411007, mixup_loss: -1.999732494354248, energy_loss: 0.34537702798843384
2026-09-14 06:51:49,255 INFO Best AUROC test all: 0.5738536630493961, AUPR test all: 0.22430818822984464, AUROC test unknown: 0.5783006352510133, AUPR test unknown: 0.15619736309197135
2026-09-14 06:53:01,563 INFO Epoch: 116, loss: -0.11329437792301178, labeled_loss: 0.04124246910214424, unnlabeled_loss: 0.00977123249322176, mixup_loss: -1.9996991157531738, energy_loss: 0.4054745137691498
2026-09-14 06:53:01,563 INFO Best AUROC test all: 0.5738536630493961, AUPR test all: 0.22430818822984464, AUROC test unknown: 0.5783006352510133, AUPR test unknown: 0.15619736309197135
2026-09-14 06:54:21,547 INFO Epoch: 117, loss: -0.11198466271162033, labeled_loss: 0.04120602086186409, unnlabeled_loss: 0.009673237800598145, mixup_loss: -1.9997316598892212, energy_loss: 0.41945862770080566
2026-09-14 06:54:21,547 INFO Best AUROC test all: 0.5743122566421995, AUPR test all: 0.22565995322606325, AUROC test unknown: 0.5783006352510133, AUPR test unknown: 0.15619736309197135
2026-09-14 06:55:34,845 INFO Epoch: 118, loss: -0.11427121609449387, labeled_loss: 0.04123394563794136, unnlabeled_loss: 0.00974335614591837, mixup_loss: -1.9997831583023071, energy_loss: 0.3960147798061371
2026-09-14 06:55:34,846 INFO Best AUROC test all: 0.5749209720760204, AUPR test all: 0.22619063602885578, AUROC test unknown: 0.5783006352510133, AUPR test unknown: 0.15619736309197135
2026-09-14 06:56:54,054 INFO Epoch: 119, loss: -0.11350339651107788, labeled_loss: 0.04124150425195694, unnlabeled_loss: 0.009900600649416447, mixup_loss: -1.9997376203536987, energy_loss: 0.4027855694293976
2026-09-14 06:56:54,054 INFO Best AUROC test all: 0.5756914606584663, AUPR test all: 0.22739155613460232, AUROC test unknown: 0.5783006352510133, AUPR test unknown: 0.15619736309197135
2026-09-14 06:58:09,239 INFO Epoch: 120, loss: -0.11208230257034302, labeled_loss: 0.041219525039196014, unnlabeled_loss: 0.010111742652952671, mixup_loss: -1.999696135520935, energy_loss: 0.41611921787261963
2026-09-14 06:58:09,239 INFO Best AUROC test all: 0.5759593917003988, AUPR test all: 0.22806863924830442, AUROC test unknown: 0.5783006352510133, AUPR test unknown: 0.15619736309197135
2026-09-14 06:59:21,361 INFO Epoch: 121, loss: -0.11424777656793594, labeled_loss: 0.041257161647081375, unnlabeled_loss: 0.010379921644926071, mixup_loss: -1.999717354774475, energy_loss: 0.3927682936191559
2026-09-14 06:59:21,362 INFO Best AUROC test all: 0.5763525894356952, AUPR test all: 0.22867890355045356, AUROC test unknown: 0.5783006352510133, AUPR test unknown: 0.15619736309197135
2026-09-14 07:00:34,578 INFO Epoch: 122, loss: -0.11226017773151398, labeled_loss: 0.04126177355647087, unnlabeled_loss: 0.010610360652208328, mixup_loss: -1.9996604919433594, energy_loss: 0.4113892912864685
2026-09-14 07:00:34,579 INFO Best AUROC test all: 0.5769226293116146, AUPR test all: 0.22947467909024621, AUROC test unknown: 0.5783006352510133, AUPR test unknown: 0.15619736309197135
2026-09-14 07:01:51,303 INFO Epoch: 123, loss: -0.11302190274000168, labeled_loss: 0.041434917598962784, unnlabeled_loss: 0.01083005778491497, mixup_loss: -1.9997062683105469, energy_loss: 0.40098777413368225
2026-09-14 07:01:51,304 INFO Best AUROC test all: 0.5769226293116146, AUPR test all: 0.2295565982530619, AUROC test unknown: 0.5783006352510133, AUPR test unknown: 0.15619736309197135
2026-09-14 07:03:08,316 INFO Epoch: 124, loss: -0.11813497543334961, labeled_loss: 0.04133152589201927, unnlabeled_loss: 0.010950780473649502, mixup_loss: -1.9996453523635864, energy_loss: 0.3502264618873596
2026-09-14 07:03:08,316 INFO Best AUROC test all: 0.5769226293116146, AUPR test all: 0.22959464370442217, AUROC test unknown: 0.5783006352510133, AUPR test unknown: 0.15619736309197135
2026-09-14 07:04:23,244 INFO Epoch: 125, loss: -0.11762422323226929, labeled_loss: 0.04128096625208855, unnlabeled_loss: 0.010880128480494022, mixup_loss: -1.9996507167816162, energy_loss: 0.3561982214450836
2026-09-14 07:04:23,245 INFO Best AUROC test all: 0.5771306561968929, AUPR test all: 0.22975215700550128, AUROC test unknown: 0.5783006352510133, AUPR test unknown: 0.15619736309197135
2026-09-14 07:05:40,407 INFO Epoch: 126, loss: -0.11224254220724106, labeled_loss: 0.04125984013080597, unnlabeled_loss: 0.01066296175122261, mixup_loss: -1.9996438026428223, energy_loss: 0.41130530834198
2026-09-14 07:05:40,408 INFO Best AUROC test all: 0.5771306561968929, AUPR test all: 0.22975215700550128, AUROC test unknown: 0.5783006352510133, AUPR test unknown: 0.15619736309197135
2026-09-14 07:06:52,342 INFO Epoch: 127, loss: -0.11339651048183441, labeled_loss: 0.041234590113162994, unnlabeled_loss: 0.0104654086753726, mixup_loss: -1.9997354745864868, energy_loss: 0.40109744668006897
2026-09-14 07:06:52,342 INFO Best AUROC test all: 0.5771306561968929, AUPR test all: 0.22975215700550128, AUROC test unknown: 0.5783006352510133, AUPR test unknown: 0.15619736309197135
2026-09-14 07:08:08,501 INFO Epoch: 128, loss: -0.12445775419473648, labeled_loss: 0.04123099893331528, unnlabeled_loss: 0.010260101407766342, mixup_loss: -1.9996609687805176, energy_loss: 0.2914729714393616
2026-09-14 07:08:08,501 INFO Best AUROC test all: 0.5771306561968929, AUPR test all: 0.22975215700550128, AUROC test unknown: 0.5783006352510133, AUPR test unknown: 0.15619736309197135
2026-09-14 07:09:16,425 INFO Epoch: 129, loss: -0.11368673294782639, labeled_loss: 0.04091119021177292, unnlabeled_loss: 0.009890121407806873, mixup_loss: -1.9995917081832886, energy_loss: 0.4041619300842285
2026-09-14 07:09:16,425 INFO Best AUROC test all: 0.5771306561968929, AUPR test all: 0.22975215700550128, AUROC test unknown: 0.5783006352510133, AUPR test unknown: 0.15619736309197135
2026-09-14 07:10:28,799 INFO Epoch: 130, loss: -0.1124160885810852, labeled_loss: 0.04064662754535675, unnlabeled_loss: 0.009626202285289764, mixup_loss: -1.9997471570968628, energy_loss: 0.4209890067577362
2026-09-14 07:10:28,799 INFO Best AUROC test all: 0.5771306561968929, AUPR test all: 0.22975215700550128, AUROC test unknown: 0.5783006352510133, AUPR test unknown: 0.15619736309197135
2026-09-14 07:11:50,494 INFO Epoch: 131, loss: -0.11245056241750717, labeled_loss: 0.040802374482154846, unnlabeled_loss: 0.00954101700335741, mixup_loss: -1.9995697736740112, energy_loss: 0.41933533549308777
2026-09-14 07:11:50,495 INFO Best AUROC test all: 0.5771306561968929, AUPR test all: 0.22975215700550128, AUROC test unknown: 0.5783006352510133, AUPR test unknown: 0.15619736309197135
2026-09-14 07:13:16,439 INFO Epoch: 132, loss: -0.12142015993595123, labeled_loss: 0.040708668529987335, unnlabeled_loss: 0.00959724374115467, mixup_loss: -1.9996116161346436, energy_loss: 0.33033716678619385
2026-09-14 07:13:16,440 INFO Best AUROC test all: 0.5771306561968929, AUPR test all: 0.22975215700550128, AUROC test unknown: 0.5783006352510133, AUPR test unknown: 0.15619736309197135
2026-09-14 07:14:36,100 INFO Epoch: 133, loss: -0.1179141104221344, labeled_loss: 0.04059649631381035, unnlabeled_loss: 0.009624075144529343, mixup_loss: -1.9996763467788696, energy_loss: 0.36644992232322693
2026-09-14 07:14:36,100 INFO Best AUROC test all: 0.5771306561968929, AUPR test all: 0.23041975746156512, AUROC test unknown: 0.5783006352510133, AUPR test unknown: 0.15619736309197135
2026-09-14 07:15:53,555 INFO Epoch: 134, loss: -0.11395879089832306, labeled_loss: 0.040424641221761703, unnlabeled_loss: 0.009672277607023716, mixup_loss: -1.9996867179870605, energy_loss: 0.4074910581111908
2026-09-14 07:15:53,555 INFO Best AUROC test all: 0.5771306561968929, AUPR test all: 0.23059111298604346, AUROC test unknown: 0.5783006352510133, AUPR test unknown: 0.15619736309197135
2026-09-14 07:17:15,825 INFO Epoch: 135, loss: -0.11449889838695526, labeled_loss: 0.04059034213423729, unnlabeled_loss: 0.00981689803302288, mixup_loss: -1.9995914697647095, energy_loss: 0.39961451292037964
2026-09-14 07:17:15,825 INFO Best AUROC test all: 0.5771306561968929, AUPR test all: 0.23098838524229798, AUROC test unknown: 0.5783006352510133, AUPR test unknown: 0.15619736309197135
2026-09-14 07:18:34,622 INFO Epoch: 136, loss: -0.11696372181177139, labeled_loss: 0.04072083160281181, unnlabeled_loss: 0.01002515945583582, mixup_loss: -1.9994796514511108, energy_loss: 0.37250837683677673
2026-09-14 07:18:34,623 INFO Best AUROC test all: 0.57714569417075, AUPR test all: 0.2311060177798788, AUROC test unknown: 0.5783006352510133, AUPR test unknown: 0.15619736309197135
2026-09-14 07:19:56,329 INFO Epoch: 137, loss: -0.11309105157852173, labeled_loss: 0.04067148268222809, unnlabeled_loss: 0.01020087394863367, mixup_loss: -1.999621868133545, energy_loss: 0.4109921157360077
2026-09-14 07:19:56,330 INFO Best AUROC test all: 0.5772558184580016, AUPR test all: 0.2313400388675475, AUROC test unknown: 0.5783006352510133, AUPR test unknown: 0.15619736309197135
2026-09-14 07:21:11,736 INFO Epoch: 138, loss: -0.11879045516252518, labeled_loss: 0.04061839357018471, unnlabeled_loss: 0.010409386828541756, mixup_loss: -1.9996339082717896, energy_loss: 0.3534984886646271
2026-09-14 07:21:11,736 INFO Best AUROC test all: 0.5773050485816549, AUPR test all: 0.23210424224204806, AUROC test unknown: 0.5783006352510133, AUPR test unknown: 0.15619736309197135
2026-09-14 07:22:30,294 INFO Epoch: 139, loss: -0.11393512040376663, labeled_loss: 0.04079422727227211, unnlabeled_loss: 0.010490456596016884, mixup_loss: -1.999460220336914, energy_loss: 0.39971449971199036
2026-09-14 07:22:30,295 INFO Best AUROC test all: 0.5774700978690064, AUPR test all: 0.23210424224204806, AUROC test unknown: 0.5783006352510133, AUPR test unknown: 0.15619736309197135
2026-09-14 07:23:50,623 INFO Epoch: 140, loss: -0.15108300745487213, labeled_loss: 0.04065284878015518, unnlabeled_loss: 0.010535627603530884, mixup_loss: -1.9994052648544312, energy_loss: 0.029368627816438675
2026-09-14 07:23:50,624 INFO Best AUROC test all: 0.5774700978690064, AUPR test all: 0.23210424224204806, AUROC test unknown: 0.5783006352510133, AUPR test unknown: 0.15619736309197135
2026-09-14 07:25:09,930 INFO Epoch: 141, loss: -0.1135609820485115, labeled_loss: 0.04027808830142021, unnlabeled_loss: 0.00969722680747509, mixup_loss: -1.999549150466919, energy_loss: 0.4126722812652588
2026-09-14 07:25:09,931 INFO Best AUROC test all: 0.5774700978690064, AUPR test all: 0.23210424224204806, AUROC test unknown: 0.5783006352510133, AUPR test unknown: 0.15619736309197135
2026-09-14 07:26:26,731 INFO Epoch: 142, loss: -0.11852718144655228, labeled_loss: 0.040029752999544144, unnlabeled_loss: 0.009091689251363277, mixup_loss: -1.9995465278625488, energy_loss: 0.3685188293457031
2026-09-14 07:26:26,732 INFO Best AUROC test all: 0.5774700978690064, AUPR test all: 0.23210424224204806, AUROC test unknown: 0.5783006352510133, AUPR test unknown: 0.15619736309197135
2026-09-14 07:27:41,197 INFO Epoch: 143, loss: -0.11784472316503525, labeled_loss: 0.03997591510415077, unnlabeled_loss: 0.00867280550301075, mixup_loss: -1.999503254890442, energy_loss: 0.3779328167438507
2026-09-14 07:27:41,197 INFO Best AUROC test all: 0.5774700978690064, AUPR test all: 0.23210424224204806, AUROC test unknown: 0.5783006352510133, AUPR test unknown: 0.15619736309197135
2026-09-14 07:28:57,329 INFO Epoch: 144, loss: -0.1198454201221466, labeled_loss: 0.0398363396525383, unnlabeled_loss: 0.008461510762572289, mixup_loss: -1.9994068145751953, energy_loss: 0.36028167605400085
2026-09-14 07:28:57,330 INFO Best AUROC test all: 0.5774700978690064, AUPR test all: 0.23210424224204806, AUROC test unknown: 0.5783006352510133, AUPR test unknown: 0.15619736309197135
2026-09-14 07:30:15,278 INFO Epoch: 145, loss: -0.11816178262233734, labeled_loss: 0.03974396735429764, unnlabeled_loss: 0.008452000096440315, mixup_loss: -1.9995003938674927, energy_loss: 0.37818291783332825
2026-09-14 07:30:15,279 INFO Best AUROC test all: 0.577623055499513, AUPR test all: 0.23227429888153436, AUROC test unknown: 0.5783006352510133, AUPR test unknown: 0.15619736309197135
2026-09-14 07:31:34,269 INFO Epoch: 146, loss: -0.11515025794506073, labeled_loss: 0.03970620781183243, unnlabeled_loss: 0.00860325526446104, mixup_loss: -1.9994632005691528, energy_loss: 0.40788233280181885
2026-09-14 07:31:34,270 INFO Best AUROC test all: 0.5777851859662825, AUPR test all: 0.2328327848669891, AUROC test unknown: 0.5783006352510133, AUPR test unknown: 0.15619736309197135
2026-09-14 07:32:51,067 INFO Epoch: 147, loss: -0.11699406802654266, labeled_loss: 0.039901599287986755, unnlabeled_loss: 0.00902057345956564, mixup_loss: -1.9995756149291992, energy_loss: 0.38551607728004456
2026-09-14 07:32:51,067 INFO Best AUROC test all: 0.5780569833043164, AUPR test all: 0.23326406130476202, AUROC test unknown: 0.5783006352510133, AUPR test unknown: 0.15619736309197135
2026-09-14 07:34:11,402 INFO Epoch: 148, loss: -0.11817406117916107, labeled_loss: 0.03971516713500023, unnlabeled_loss: 0.009538598358631134, mixup_loss: -1.9995990991592407, energy_loss: 0.3730138838291168
2026-09-14 07:34:11,403 INFO Best AUROC test all: 0.5784323135069849, AUPR test all: 0.23389662139897552, AUROC test unknown: 0.5783006352510133, AUPR test unknown: 0.15619736309197135
2026-09-14 07:35:26,209 INFO Epoch: 149, loss: -0.11445387452840805, labeled_loss: 0.039862897247076035, unnlabeled_loss: 0.010075341910123825, mixup_loss: -1.9992103576660156, energy_loss: 0.4056659936904907
2026-09-14 07:35:26,209 INFO Best AUROC test all: 0.5784323135069849, AUPR test all: 0.23407857091172463, AUROC test unknown: 0.5783006352510133, AUPR test unknown: 0.15619736309197135
2026-09-14 07:36:45,582 INFO Epoch: 150, loss: -0.11462445557117462, labeled_loss: 0.040275875478982925, unnlabeled_loss: 0.010630115866661072, mixup_loss: -1.9994319677352905, energy_loss: 0.3972781002521515
2026-09-14 07:36:45,583 INFO Best AUROC test all: 0.5784323135069849, AUPR test all: 0.23407857091172463, AUROC test unknown: 0.5783006352510133, AUPR test unknown: 0.15619736309197135
2026-09-14 07:38:05,811 INFO Epoch: 151, loss: -0.11473197489976883, labeled_loss: 0.040250904858112335, unnlabeled_loss: 0.011082109063863754, mixup_loss: -1.999451994895935, energy_loss: 0.39421260356903076
2026-09-14 07:38:05,811 INFO Best AUROC test all: 0.5784693139498398, AUPR test all: 0.23422701628360654, AUROC test unknown: 0.5783006352510133, AUPR test unknown: 0.15619736309197135
2026-09-14 07:39:25,548 INFO Epoch: 152, loss: -0.12074416130781174, labeled_loss: 0.04024679586291313, unnlabeled_loss: 0.011355558410286903, mixup_loss: -1.9994418621063232, energy_loss: 0.3327544331550598
2026-09-14 07:39:25,549 INFO Best AUROC test all: 0.5785336393428678, AUPR test all: 0.23464450702607453, AUROC test unknown: 0.5783006352510133, AUPR test unknown: 0.15619736309197135
2026-09-14 07:40:42,169 INFO Epoch: 153, loss: -0.135096475481987, labeled_loss: 0.04027716442942619, unnlabeled_loss: 0.011219051666557789, mixup_loss: -1.9994089603424072, energy_loss: 0.18957741558551788
2026-09-14 07:40:42,170 INFO Best AUROC test all: 0.5788701684251175, AUPR test all: 0.23464450702607453, AUROC test unknown: 0.5783006352510133, AUPR test unknown: 0.15619736309197135
2026-09-14 07:41:57,262 INFO Epoch: 154, loss: -0.11605362594127655, labeled_loss: 0.039620134979486465, unnlabeled_loss: 0.01036200299859047, mixup_loss: -1.9990071058273315, energy_loss: 0.39045950770378113
2026-09-14 07:41:57,262 INFO Best AUROC test all: 0.5788701684251175, AUPR test all: 0.23464450702607453, AUROC test unknown: 0.5783006352510133, AUPR test unknown: 0.15619736309197135
2026-09-14 07:43:13,192 INFO Epoch: 155, loss: -0.11582828313112259, labeled_loss: 0.039407406002283096, unnlabeled_loss: 0.009597846306860447, mixup_loss: -1.9993131160736084, energy_loss: 0.3989669680595398
2026-09-14 07:43:13,192 INFO Best AUROC test all: 0.5788701684251175, AUPR test all: 0.23472159985394375, AUROC test unknown: 0.5783006352510133, AUPR test unknown: 0.15619736309197135
2026-09-14 07:44:30,760 INFO Epoch: 156, loss: -0.115439273416996, labeled_loss: 0.03953235223889351, unnlabeled_loss: 0.00902746431529522, mixup_loss: -1.9992454051971436, energy_loss: 0.404391884803772
2026-09-14 07:44:30,761 INFO Best AUROC test all: 0.5791296917900738, AUPR test all: 0.23472159985394375, AUROC test unknown: 0.5783006352510133, AUPR test unknown: 0.15619736309197135
2026-09-14 07:45:48,147 INFO Epoch: 157, loss: -0.11805352568626404, labeled_loss: 0.0390256904065609, unnlabeled_loss: 0.008752916008234024, mixup_loss: -1.9993607997894287, energy_loss: 0.38480404019355774
2026-09-14 07:45:48,148 INFO Best AUROC test all: 0.5791296917900738, AUPR test all: 0.2348243328814965, AUROC test unknown: 0.5783006352510133, AUPR test unknown: 0.15619736309197135
2026-09-14 07:47:10,240 INFO Epoch: 158, loss: -0.13109637796878815, labeled_loss: 0.03905697166919708, unnlabeled_loss: 0.008665620349347591, mixup_loss: -1.9991443157196045, energy_loss: 0.25428280234336853
2026-09-14 07:47:10,241 INFO Best AUROC test all: 0.5794118575850156, AUPR test all: 0.2351299563339015, AUROC test unknown: 0.5783006352510133, AUPR test unknown: 0.15619736309197135
2026-09-14 07:48:27,044 INFO Epoch: 159, loss: -0.1312817931175232, labeled_loss: 0.03914166986942291, unnlabeled_loss: 0.008509964682161808, mixup_loss: -1.9991990327835083, energy_loss: 0.252414733171463
2026-09-14 07:48:27,045 INFO Best AUROC test all: 0.5794118575850156, AUPR test all: 0.2351299563339015, AUROC test unknown: 0.5783006352510133, AUPR test unknown: 0.15619736309197135
2026-09-14 07:49:48,799 INFO Epoch: 160, loss: -0.11811138689517975, labeled_loss: 0.03898638114333153, unnlabeled_loss: 0.008293394930660725, mixup_loss: -1.9994405508041382, energy_loss: 0.38699597120285034
2026-09-14 07:49:48,799 INFO Best AUROC test all: 0.5798036233387263, AUPR test all: 0.23591022273835022, AUROC test unknown: 0.5783006352510133, AUPR test unknown: 0.15619736309197135
2026-09-14 07:51:07,374 INFO Epoch: 161, loss: -0.11698869615793228, labeled_loss: 0.03891291469335556, unnlabeled_loss: 0.008350956253707409, mixup_loss: -1.9991333484649658, energy_loss: 0.3983624577522278
2026-09-14 07:51:07,375 INFO Best AUROC test all: 0.5799259484558418, AUPR test all: 0.23618531828165237, AUROC test unknown: 0.5783006352510133, AUPR test unknown: 0.15619736309197135
2026-09-14 07:52:28,846 INFO Epoch: 162, loss: -0.1426510065793991, labeled_loss: 0.0388692282140255, unnlabeled_loss: 0.008691282942891121, mixup_loss: -1.9993443489074707, energy_loss: 0.14068564772605896
2026-09-14 07:52:28,846 INFO Best AUROC test all: 0.5799259484558418, AUPR test all: 0.23618531828165237, AUROC test unknown: 0.5783006352510133, AUPR test unknown: 0.15619736309197135
2026-09-14 07:53:48,446 INFO Epoch: 163, loss: -0.12143367528915405, labeled_loss: 0.039024416357278824, unnlabeled_loss: 0.008622712455689907, mixup_loss: -1.9992578029632568, energy_loss: 0.35156339406967163
2026-09-14 07:53:48,447 INFO Best AUROC test all: 0.5802833341900571, AUPR test all: 0.23685322117427132, AUROC test unknown: 0.5783006352510133, AUPR test unknown: 0.15619736309197135
2026-09-14 07:55:07,489 INFO Epoch: 164, loss: -0.11596954613924026, labeled_loss: 0.03876011446118355, unnlabeled_loss: 0.008658741600811481, mixup_loss: -1.9990404844284058, energy_loss: 0.40845024585723877
2026-09-14 07:55:07,490 INFO Best AUROC test all: 0.5802833341900571, AUPR test all: 0.23685322117427132, AUROC test unknown: 0.5783006352510133, AUPR test unknown: 0.15619736309197135
2026-09-14 07:56:27,507 INFO Epoch: 165, loss: -0.11672815680503845, labeled_loss: 0.03876461461186409, unnlabeled_loss: 0.008974476717412472, mixup_loss: -1.9995697736740112, energy_loss: 0.39976972341537476
2026-09-14 07:56:27,508 INFO Best AUROC test all: 0.580393026525996, AUPR test all: 0.2374621275380583, AUROC test unknown: 0.5783006352510133, AUPR test unknown: 0.15619736309197135
2026-09-14 07:57:54,016 INFO Epoch: 166, loss: -0.11674664169549942, labeled_loss: 0.03876980021595955, unnlabeled_loss: 0.009440764784812927, mixup_loss: -1.9989255666732788, energy_loss: 0.39655742049217224
2026-09-14 07:57:54,016 INFO Best AUROC test all: 0.5804909344065882, AUPR test all: 0.23763802928103714, AUROC test unknown: 0.5783006352510133, AUPR test unknown: 0.15619736309197135
2026-09-14 07:59:30,022 INFO Epoch: 167, loss: -0.13316002488136292, labeled_loss: 0.038939256221055984, unnlabeled_loss: 0.009956159628927708, mixup_loss: -1.9991967678070068, energy_loss: 0.2284233123064041
2026-09-14 07:59:30,023 INFO Best AUROC test all: 0.5808578993282539, AUPR test all: 0.23786773340316464, AUROC test unknown: 0.5783006352510133, AUPR test unknown: 0.15619736309197135
2026-09-14 08:00:48,698 INFO Epoch: 168, loss: -0.11746393144130707, labeled_loss: 0.03900148347020149, unnlabeled_loss: 0.01003695372492075, mixup_loss: -1.99916410446167, energy_loss: 0.3843251168727875
2026-09-14 08:00:48,699 INFO Best AUROC test all: 0.5808578993282539, AUPR test all: 0.23790218642126934, AUROC test unknown: 0.5783006352510133, AUPR test unknown: 0.15619736309197135
2026-09-14 08:02:05,524 INFO Epoch: 169, loss: -0.11998412758111954, labeled_loss: 0.038982730358839035, unnlabeled_loss: 0.010057727806270123, mixup_loss: -1.9991573095321655, energy_loss: 0.359200119972229
2026-09-14 08:02:05,525 INFO Best AUROC test all: 0.5811197267044452, AUPR test all: 0.23882614787949347, AUROC test unknown: 0.5783006352510133, AUPR test unknown: 0.15619736309197135
2026-09-14 08:03:17,760 INFO Epoch: 170, loss: -0.11838272958993912, labeled_loss: 0.03863852098584175, unnlabeled_loss: 0.009964601136744022, mixup_loss: -1.9993696212768555, energy_loss: 0.3793342411518097
2026-09-14 08:03:17,761 INFO Best AUROC test all: 0.5812386406387895, AUPR test all: 0.23882614787949347, AUROC test unknown: 0.5783006352510133, AUPR test unknown: 0.15619736309197135
2026-09-14 08:04:37,570 INFO Epoch: 171, loss: -0.12553514540195465, labeled_loss: 0.038929861038923264, unnlabeled_loss: 0.009873516857624054, mixup_loss: -1.9991722106933594, energy_loss: 0.30515462160110474
2026-09-14 08:04:37,571 INFO Best AUROC test all: 0.5815655822711143, AUPR test all: 0.2390667406045203, AUROC test unknown: 0.5783006352510133, AUPR test unknown: 0.15619736309197135
2026-09-14 08:05:58,545 INFO Epoch: 172, loss: -0.11960302293300629, labeled_loss: 0.03840889036655426, unnlabeled_loss: 0.009515750221908092, mixup_loss: -1.9991531372070312, energy_loss: 0.3714553117752075
2026-09-14 08:05:58,546 INFO Best AUROC test all: 0.581670745010363, AUPR test all: 0.23925395495916404, AUROC test unknown: 0.5783006352510133, AUPR test unknown: 0.15619736309197135
2026-09-14 08:07:26,546 INFO Epoch: 173, loss: -0.1524440050125122, labeled_loss: 0.03852953016757965, unnlabeled_loss: 0.00924521591514349, mixup_loss: -1.99895179271698, energy_loss: 0.04299042373895645
2026-09-14 08:07:26,547 INFO Best AUROC test all: 0.5823367764146727, AUPR test all: 0.2398027114106869, AUROC test unknown: 0.5783006352510133, AUPR test unknown: 0.15619736309197135
2026-09-14 08:08:46,094 INFO Epoch: 174, loss: -0.12749053537845612, labeled_loss: 0.03778466954827309, unnlabeled_loss: 0.008241434581577778, mixup_loss: -1.9988960027694702, energy_loss: 0.30493682622909546
2026-09-14 08:08:46,095 INFO Best AUROC test all: 0.5823367764146727, AUPR test all: 0.2398027114106869, AUROC test unknown: 0.5783006352510133, AUPR test unknown: 0.15619736309197135
2026-09-14 08:10:01,347 INFO Epoch: 175, loss: -0.12792155146598816, labeled_loss: 0.037791769951581955, unnlabeled_loss: 0.007485789712518454, mixup_loss: -1.9989678859710693, energy_loss: 0.3044058382511139
2026-09-14 08:10:01,348 INFO Best AUROC test all: 0.5824340994204551, AUPR test all: 0.2398027114106869, AUROC test unknown: 0.5783006352510133, AUPR test unknown: 0.15619736309197135
2026-09-14 08:11:14,630 INFO Epoch: 176, loss: -0.12474504113197327, labeled_loss: 0.03757269307971001, unnlabeled_loss: 0.006979895755648613, mixup_loss: -1.9989486932754517, energy_loss: 0.3408719301223755
2026-09-14 08:11:14,631 INFO Best AUROC test all: 0.582935334152402, AUPR test all: 0.24067393955005636, AUROC test unknown: 0.5783006352510133, AUPR test unknown: 0.15619736309197135
2026-09-14 08:12:32,688 INFO Epoch: 177, loss: -0.1340893805027008, labeled_loss: 0.03786933794617653, unnlabeled_loss: 0.006859468761831522, mixup_loss: -1.9988285303115845, energy_loss: 0.2449439913034439
2026-09-14 08:12:32,688 INFO Best AUROC test all: 0.583040374579943, AUPR test all: 0.24106783546886304, AUROC test unknown: 0.5783006352510133, AUPR test unknown: 0.15619736309197135
2026-09-14 08:13:51,441 INFO Epoch: 178, loss: -0.12632882595062256, labeled_loss: 0.03752053529024124, unnlabeled_loss: 0.00692658219486475, mixup_loss: -1.9989863634109497, energy_loss: 0.3258598744869232
2026-09-14 08:13:51,441 INFO Best AUROC test all: 0.5835295215831063, AUPR test all: 0.24136159325537188, AUROC test unknown: 0.5783006352510133, AUPR test unknown: 0.15619736309197135
2026-09-14 08:15:14,078 INFO Epoch: 179, loss: -0.12727677822113037, labeled_loss: 0.03751673176884651, unnlabeled_loss: 0.007237122394144535, mixup_loss: -1.9987757205963135, energy_loss: 0.31465503573417664
2026-09-14 08:15:14,078 INFO Best AUROC test all: 0.5835295215831063, AUPR test all: 0.2416794201803574, AUROC test unknown: 0.5783006352510133, AUPR test unknown: 0.15619736309197135
2026-09-14 08:16:34,467 INFO Epoch: 180, loss: -0.1299913078546524, labeled_loss: 0.03782275319099426, unnlabeled_loss: 0.007731011137366295, mixup_loss: -1.999135971069336, energy_loss: 0.282340407371521
2026-09-14 08:16:34,467 INFO Best AUROC test all: 0.5835295215831063, AUPR test all: 0.2416794201803574, AUROC test unknown: 0.5783006352510133, AUPR test unknown: 0.15619736309197135
2026-09-14 08:17:55,214 INFO Epoch: 181, loss: -0.12762972712516785, labeled_loss: 0.03750459477305412, unnlabeled_loss: 0.00835089385509491, mixup_loss: -1.9993537664413452, energy_loss: 0.30625611543655396
2026-09-14 08:17:55,214 INFO Best AUROC test all: 0.5835295215831063, AUPR test all: 0.24243179639642018, AUROC test unknown: 0.5783006352510133, AUPR test unknown: 0.15619736309197135
2026-09-14 08:19:12,210 INFO Epoch: 182, loss: -0.12842807173728943, labeled_loss: 0.03789263963699341, unnlabeled_loss: 0.008971944451332092, mixup_loss: -1.9993162155151367, energy_loss: 0.29124945402145386
2026-09-14 08:19:12,210 INFO Best AUROC test all: 0.5835295215831063, AUPR test all: 0.24270386008673325, AUROC test unknown: 0.5783006352510133, AUPR test unknown: 0.15619736309197135
2026-09-14 08:20:27,174 INFO Epoch: 183, loss: -0.14628192782402039, labeled_loss: 0.03763671964406967, unnlabeled_loss: 0.009442009963095188, mixup_loss: -1.9989376068115234, energy_loss: 0.1125410795211792
2026-09-14 08:20:27,175 INFO Best AUROC test all: 0.5835295215831063, AUPR test all: 0.2428184317454795, AUROC test unknown: 0.5783006352510133, AUPR test unknown: 0.15619736309197135
2026-09-14 08:21:50,458 INFO Epoch: 184, loss: -0.12372835725545883, labeled_loss: 0.03746216371655464, unnlabeled_loss: 0.009140322916209698, mixup_loss: -1.9989879131317139, energy_loss: 0.3413810431957245
2026-09-14 08:21:50,459 INFO Best AUROC test all: 0.5836241982945034, AUPR test all: 0.2430723131163371, AUROC test unknown: 0.5783006352510133, AUPR test unknown: 0.15619736309197135
2026-09-14 08:23:07,798 INFO Epoch: 185, loss: -0.13054011762142181, labeled_loss: 0.03750566393136978, unnlabeled_loss: 0.008798531256616116, mixup_loss: -1.9988840818405151, energy_loss: 0.27443361282348633
2026-09-14 08:23:07,799 INFO Best AUROC test all: 0.5839297833274514, AUPR test all: 0.2436303842248852, AUROC test unknown: 0.5783006352510133, AUPR test unknown: 0.15619736309197135
2026-09-14 08:24:26,063 INFO Epoch: 186, loss: -0.12377532571554184, labeled_loss: 0.037150654941797256, unnlabeled_loss: 0.008396805264055729, mixup_loss: -1.9993348121643066, energy_loss: 0.3480910062789917
2026-09-14 08:24:26,064 INFO Best AUROC test all: 0.5842692539859496, AUPR test all: 0.2436303842248852, AUROC test unknown: 0.5783006352510133, AUPR test unknown: 0.15619736309197135
2026-09-14 08:25:42,901 INFO Epoch: 187, loss: -0.12066587805747986, labeled_loss: 0.037072014063596725, unnlabeled_loss: 0.008150055073201656, mixup_loss: -1.998706579208374, energy_loss: 0.38057741522789
2026-09-14 08:25:42,901 INFO Best AUROC test all: 0.5842692539859496, AUPR test all: 0.24427433761682954, AUROC test unknown: 0.5783006352510133, AUPR test unknown: 0.15619736309197135
2026-09-14 08:26:57,131 INFO Epoch: 188, loss: -0.13018760085105896, labeled_loss: 0.03706548735499382, unnlabeled_loss: 0.008211114443838596, mixup_loss: -1.9989334344863892, energy_loss: 0.28534695506095886
2026-09-14 08:26:57,131 INFO Best AUROC test all: 0.5845824046007623, AUPR test all: 0.24451312429239241, AUROC test unknown: 0.5783006352510133, AUPR test unknown: 0.15619736309197135
2026-09-14 08:28:15,131 INFO Epoch: 189, loss: -0.12866699695587158, labeled_loss: 0.037106722593307495, unnlabeled_loss: 0.008243216201663017, mixup_loss: -1.9991804361343384, energy_loss: 0.3002272844314575
2026-09-14 08:28:15,132 INFO Best AUROC test all: 0.5846128507344086, AUPR test all: 0.24493654143635996, AUROC test unknown: 0.5783006352510133, AUPR test unknown: 0.15619736309197135
2026-09-14 08:29:45,503 INFO Epoch: 190, loss: -0.14693856239318848, labeled_loss: 0.037015777081251144, unnlabeled_loss: 0.008366376161575317, mixup_loss: -1.998805046081543, energy_loss: 0.11742989718914032
2026-09-14 08:29:45,503 INFO Best AUROC test all: 0.5851184846243145, AUPR test all: 0.2457422235566304, AUROC test unknown: 0.5783006352510133, AUPR test unknown: 0.15619736309197135
2026-09-14 08:31:12,913 INFO Epoch: 191, loss: -0.14662404358386993, labeled_loss: 0.03694816678762436, unnlabeled_loss: 0.007879788056015968, mixup_loss: -1.9987287521362305, energy_loss: 0.1236078143119812
2026-09-14 08:31:12,914 INFO Best AUROC test all: 0.5854264232433422, AUPR test all: 0.2458258493525485, AUROC test unknown: 0.5783006352510133, AUPR test unknown: 0.15619736309197135
2026-09-14 08:32:41,878 INFO Epoch: 192, loss: -0.15695248544216156, labeled_loss: 0.036632735282182693, unnlabeled_loss: 0.007192681077867746, mixup_loss: -1.9989163875579834, energy_loss: 0.027100790292024612
2026-09-14 08:32:41,878 INFO Best AUROC test all: 0.5854264232433422, AUPR test all: 0.24625181986143174, AUROC test unknown: 0.5783006352510133, AUPR test unknown: 0.15619736309197135
2026-09-14 08:34:07,661 INFO Epoch: 193, loss: -0.13949790596961975, labeled_loss: 0.03694775328040123, unnlabeled_loss: 0.006149603053927422, mixup_loss: -1.9992659091949463, energy_loss: 0.20406141877174377
2026-09-14 08:34:07,661 INFO Best AUROC test all: 0.5855714339991195, AUPR test all: 0.24625181986143174, AUROC test unknown: 0.5783006352510133, AUPR test unknown: 0.15619736309197135
2026-09-14 08:35:31,787 INFO Epoch: 194, loss: -0.12340794503688812, labeled_loss: 0.036212462931871414, unnlabeled_loss: 0.005460319574922323, mixup_loss: -1.9984856843948364, energy_loss: 0.3749801218509674
2026-09-14 08:35:31,788 INFO Best AUROC test all: 0.5855714339991195, AUPR test all: 0.24659229507615002, AUROC test unknown: 0.5783006352510133, AUPR test unknown: 0.15619736309197135
2026-09-14 08:37:00,003 INFO Epoch: 195, loss: -0.12143851071596146, labeled_loss: 0.03629171848297119, unnlabeled_loss: 0.005452347919344902, mixup_loss: -1.998802661895752, energy_loss: 0.3942386507987976
2026-09-14 08:37:00,004 INFO Best AUROC test all: 0.5860146371761356, AUPR test all: 0.24723004424394088, AUROC test unknown: 0.5783006352510133, AUPR test unknown: 0.15619736309197135
2026-09-14 08:38:26,260 INFO Epoch: 196, loss: -0.12787935137748718, labeled_loss: 0.03597932308912277, unnlabeled_loss: 0.006026965565979481, mixup_loss: -1.999097466468811, energy_loss: 0.3303758203983307
2026-09-14 08:38:26,260 INFO Best AUROC test all: 0.5860146371761356, AUPR test all: 0.24730217807684052, AUROC test unknown: 0.5783006352510133, AUPR test unknown: 0.15619736309197135
2026-09-14 08:39:51,508 INFO Epoch: 197, loss: -0.1281023919582367, labeled_loss: 0.03573329746723175, unnlabeled_loss: 0.007050227373838425, mixup_loss: -1.9987200498580933, energy_loss: 0.32511192560195923
2026-09-14 08:39:51,509 INFO Best AUROC test all: 0.5860146371761356, AUPR test all: 0.2478244416982902, AUROC test unknown: 0.5783006352510133, AUPR test unknown: 0.15619736309197135
2026-09-14 08:41:18,155 INFO Epoch: 198, loss: -0.1461544632911682, labeled_loss: 0.036409128457307816, unnlabeled_loss: 0.00843806192278862, mixup_loss: -1.998708724975586, energy_loss: 0.13088250160217285
2026-09-14 08:41:18,155 INFO Best AUROC test all: 0.5860146371761356, AUPR test all: 0.2478244416982902, AUROC test unknown: 0.5783006352510133, AUPR test unknown: 0.15619736309197135
2026-09-14 08:42:44,149 INFO Epoch: 199, loss: -0.1487882435321808, labeled_loss: 0.036693986505270004, unnlabeled_loss: 0.009371625259518623, mixup_loss: -1.9981683492660522, energy_loss: 0.09648804366588593
2026-09-14 08:42:44,150 INFO Best AUROC test all: 0.5860146371761356, AUPR test all: 0.2478244416982902, AUROC test unknown: 0.5783006352510133, AUPR test unknown: 0.15619736309197135
