2026-09-12 22:40:12,889 INFO cli={'dataset': 'photo', 'method': 'demo', 'seed': 0, 'train_seed': None, 'epochs': None, 'set': ['lr=0.003', 'weight_decay=0.0'], 'tag': 'DT_lr0.003_wd0.0', 'save_scores': False, 'rotations': [0]}
2026-09-12 22:40:12,890 INFO config={'alpha_plus': 0.05, 'alpha_r': 0.1, 'atlas_gate_q': 0.9, 'batch_size': 512, 'hidden_dim': 64, 'lambda_halo': 0.2, 'lambda_mixup': 0.2, 'lambda_un': 1.0, 'lr': 0.003, 'margin': 0.1, 'n_layers': 2, 'optimiser': 'adam', 'sampling_sizes': [25, 10], 'tau_minus': 0.05, 'tau_mu': 0.05, 'tau_plus': 0.95, 'use_atlas_gate': True, 'use_conformal': True, 'use_pl': True, 'version': 4, 'weight_decay': 0.0, 'loss': 'bce', 'num_epochs': 200, 'ebd_dim': 64, 'drop_out': 0.5, 'gamma': 0.1, 'damping': 0.001, 'p_cutoff': [0.05, 0.95], 'unlabeled_loss': 0.5, 'mixup_loss': 0.1, 'energy_loss_weight': 0.1, 'used_unlabeled_data': True, 'energy_loss': True, 'mixup': True, 'thresh_warmup': True, 'used_augment_for_anormaly': True, 'batch_size_for_anormaly': 20, 'sample_size_for_anormaly': 25, 'div_loss_alpha': 0.5, 'mixup_loss_type': 'consistency', 'device': 0, 'input_dim': 745}
2026-09-12 22:40:17,730 INFO Epoch: 0, loss: 0.7125870585441589, labeled_loss: 0.8270384669303894, unnlabeled_loss: 0.0, mixup_loss: -1.144382357597351, energy_loss: -0.0001317774731433019
2026-09-12 22:40:17,731 INFO Best AUROC test all: 0.6123987924207867, AUPR test all: 0.12308499504995558, AUROC test unknown: 0.4123007054893899, AUPR test unknown: 0.036951436621520034
2026-09-12 22:40:21,155 INFO Epoch: 1, loss: 0.34263545274734497, labeled_loss: 0.5048477649688721, unnlabeled_loss: 0.0, mixup_loss: -1.592544674873352, energy_loss: -0.029578115791082382
2026-09-12 22:40:21,155 INFO Best AUROC test all: 0.6157140811832895, AUPR test all: 0.12308499504995558, AUROC test unknown: 0.42448933165769204, AUPR test unknown: 0.03771621208049092
2026-09-12 22:40:24,792 INFO Epoch: 2, loss: 0.16303299367427826, labeled_loss: 0.3323812186717987, unnlabeled_loss: 0.0, mixup_loss: -1.8296996355056763, energy_loss: 0.13621747493743896
2026-09-12 22:40:24,793 INFO Best AUROC test all: 0.6157140811832895, AUPR test all: 0.12408612721487558, AUROC test unknown: 0.42448933165769204, AUPR test unknown: 0.03771621208049092
2026-09-12 22:40:28,380 INFO Epoch: 3, loss: 0.18835361301898956, labeled_loss: 0.4094213545322418, unnlabeled_loss: 0.0, mixup_loss: -1.9361298084259033, energy_loss: -0.2745474874973297
2026-09-12 22:40:28,380 INFO Best AUROC test all: 0.6188075772386623, AUPR test all: 0.13031376420644122, AUROC test unknown: 0.42448933165769204, AUPR test unknown: 0.03771621208049092
2026-09-12 22:40:32,920 INFO Epoch: 4, loss: 0.18145111203193665, labeled_loss: 0.38734015822410583, unnlabeled_loss: 0.0, mixup_loss: -1.9525142908096313, energy_loss: -0.10637600719928741
2026-09-12 22:40:32,920 INFO Best AUROC test all: 0.627195217077915, AUPR test all: 0.13390258810053313, AUROC test unknown: 0.42448933165769204, AUPR test unknown: 0.03771621208049092
2026-09-12 22:40:36,217 INFO Epoch: 5, loss: 0.14553847908973694, labeled_loss: 0.3319418430328369, unnlabeled_loss: 0.0, mixup_loss: -1.9414180517196655, energy_loss: 0.07738453894853592
2026-09-12 22:40:36,217 INFO Best AUROC test all: 0.6298619133663123, AUPR test all: 0.14228010222995285, AUROC test unknown: 0.42448933165769204, AUPR test unknown: 0.03771621208049092
2026-09-12 22:40:39,842 INFO Epoch: 6, loss: 0.14181002974510193, labeled_loss: 0.3232899010181427, unnlabeled_loss: 0.038217443972826004, mixup_loss: -1.9279098510742188, energy_loss: -0.07797592878341675
2026-09-12 22:40:39,842 INFO Best AUROC test all: 0.6361533220770758, AUPR test all: 0.1484997061860555, AUROC test unknown: 0.42448933165769204, AUPR test unknown: 0.03771621208049092
2026-09-12 22:40:43,354 INFO Epoch: 7, loss: 0.13573363423347473, labeled_loss: 0.3347446918487549, unnlabeled_loss: 0.003175277030095458, mixup_loss: -1.9223415851593018, energy_loss: -0.083645299077034
2026-09-12 22:40:43,354 INFO Best AUROC test all: 0.6361533220770758, AUPR test all: 0.1484997061860555, AUROC test unknown: 0.42448933165769204, AUPR test unknown: 0.03771621208049092
2026-09-12 22:40:46,948 INFO Epoch: 8, loss: 0.12095668911933899, labeled_loss: 0.31697434186935425, unnlabeled_loss: 0.009571303613483906, mixup_loss: -1.9266595840454102, energy_loss: -0.08137352019548416
2026-09-12 22:40:46,948 INFO Best AUROC test all: 0.6413277447001787, AUPR test all: 0.15522471282993894, AUROC test unknown: 0.42448933165769204, AUPR test unknown: 0.03771621208049092
2026-09-12 22:40:50,848 INFO Epoch: 9, loss: 0.12007381021976471, labeled_loss: 0.30832231044769287, unnlabeled_loss: 0.022440830245614052, mixup_loss: -1.936892032623291, energy_loss: -0.0577971488237381
2026-09-12 22:40:50,849 INFO Best AUROC test all: 0.6436059026234979, AUPR test all: 0.15550867304304755, AUROC test unknown: 0.42448933165769204, AUPR test unknown: 0.03771621208049092
2026-09-12 22:40:54,176 INFO Epoch: 10, loss: 0.1522199660539627, labeled_loss: 0.3142125606536865, unnlabeled_loss: 0.02982158400118351, mixup_loss: -1.9458030462265015, energy_loss: 0.1767692267894745
2026-09-12 22:40:54,177 INFO Best AUROC test all: 0.6436059026234979, AUPR test all: 0.15550902215277318, AUROC test unknown: 0.42448933165769204, AUPR test unknown: 0.03771621208049092
2026-09-12 22:40:57,803 INFO Epoch: 11, loss: 0.13181158900260925, labeled_loss: 0.33264487981796265, unnlabeled_loss: 0.02411055564880371, mixup_loss: -1.9570019245147705, energy_loss: -0.17188383638858795
2026-09-12 22:40:57,803 INFO Best AUROC test all: 0.6436059026234979, AUPR test all: 0.16230039928970966, AUROC test unknown: 0.42448933165769204, AUPR test unknown: 0.03771621208049092
2026-09-12 22:41:01,269 INFO Epoch: 12, loss: 0.11005984246730804, labeled_loss: 0.31498444080352783, unnlabeled_loss: 0.022018607705831528, mixup_loss: -1.9637365341186523, energy_loss: -0.19560259580612183
2026-09-12 22:41:01,269 INFO Best AUROC test all: 0.6487809423659864, AUPR test all: 0.17215821168447001, AUROC test unknown: 0.42448933165769204, AUPR test unknown: 0.03771621208049092
2026-09-12 22:41:04,966 INFO Epoch: 13, loss: 0.10932570695877075, labeled_loss: 0.2823806405067444, unnlabeled_loss: 0.03212890774011612, mixup_loss: -1.9686341285705566, energy_loss: 0.0774400532245636
2026-09-12 22:41:04,966 INFO Best AUROC test all: 0.6555372888217463, AUPR test all: 0.18080920428388164, AUROC test unknown: 0.42448933165769204, AUPR test unknown: 0.03771621208049092
2026-09-12 22:41:09,095 INFO Epoch: 14, loss: 0.08504967391490936, labeled_loss: 0.27387282252311707, unnlabeled_loss: 0.029001060873270035, mixup_loss: -1.974369764328003, energy_loss: -0.058867186307907104
2026-09-12 22:41:09,095 INFO Best AUROC test all: 0.6590229025346328, AUPR test all: 0.18745946196280452, AUROC test unknown: 0.42448933165769204, AUPR test unknown: 0.03771621208049092
2026-09-12 22:41:12,741 INFO Epoch: 15, loss: 0.09105442464351654, labeled_loss: 0.2712950110435486, unnlabeled_loss: 0.022068317979574203, mixup_loss: -1.978003740310669, energy_loss: 0.06525630503892899
2026-09-12 22:41:12,741 INFO Best AUROC test all: 0.6590229025346328, AUPR test all: 0.19658928205404896, AUROC test unknown: 0.42448933165769204, AUPR test unknown: 0.03771621208049092
2026-09-12 22:41:16,730 INFO Epoch: 16, loss: 0.0633712112903595, labeled_loss: 0.25712624192237854, unnlabeled_loss: 0.02296016924083233, mixup_loss: -1.982078194618225, energy_loss: -0.07027307152748108
2026-09-12 22:41:16,730 INFO Best AUROC test all: 0.66505080126781, AUPR test all: 0.20299955888255977, AUROC test unknown: 0.42520508573790633, AUPR test unknown: 0.03778063497816027
2026-09-12 22:41:20,812 INFO Epoch: 17, loss: 0.07675586640834808, labeled_loss: 0.2590305805206299, unnlabeled_loss: 0.022630738094449043, mixup_loss: -1.9847874641418457, energy_loss: 0.048886630684137344
2026-09-12 22:41:20,812 INFO Best AUROC test all: 0.66505080126781, AUPR test all: 0.20800624598187006, AUROC test unknown: 0.42520508573790633, AUPR test unknown: 0.03778063497816027
2026-09-12 22:41:24,438 INFO Epoch: 18, loss: 0.08532625436782837, labeled_loss: 0.2525356709957123, unnlabeled_loss: 0.033428940922021866, mixup_loss: -1.9874179363250732, energy_loss: 0.1481788456439972
2026-09-12 22:41:24,438 INFO Best AUROC test all: 0.66505080126781, AUPR test all: 0.21631798858652004, AUROC test unknown: 0.42520508573790633, AUPR test unknown: 0.03778063497816027
2026-09-12 22:41:28,027 INFO Epoch: 19, loss: 0.07806248962879181, labeled_loss: 0.25055623054504395, unnlabeled_loss: 0.029146019369363785, mixup_loss: -1.9891152381896973, energy_loss: 0.11844775080680847
2026-09-12 22:41:28,027 INFO Best AUROC test all: 0.66505080126781, AUPR test all: 0.22375662224209336, AUROC test unknown: 0.42520508573790633, AUPR test unknown: 0.03778063497816027
2026-09-12 22:41:31,366 INFO Epoch: 20, loss: 0.08174408972263336, labeled_loss: 0.2498122751712799, unnlabeled_loss: 0.025553736835718155, mixup_loss: -1.9909216165542603, energy_loss: 0.18247100710868835
2026-09-12 22:41:31,366 INFO Best AUROC test all: 0.66505080126781, AUPR test all: 0.24240670810730464, AUROC test unknown: 0.42520508573790633, AUPR test unknown: 0.03778063497816027
2026-09-12 22:41:34,785 INFO Epoch: 21, loss: 0.08495450019836426, labeled_loss: 0.2556576132774353, unnlabeled_loss: 0.029011329635977745, mixup_loss: -1.9924380779266357, energy_loss: 0.14035043120384216
2026-09-12 22:41:34,785 INFO Best AUROC test all: 0.6656753260858832, AUPR test all: 0.2702472182972397, AUROC test unknown: 0.42520508573790633, AUPR test unknown: 0.03778063497816027
2026-09-12 22:41:38,413 INFO Epoch: 22, loss: 0.04276731610298157, labeled_loss: 0.22108185291290283, unnlabeled_loss: 0.02652486227452755, mixup_loss: -1.99361252784729, energy_loss: 0.07784272730350494
2026-09-12 22:41:38,413 INFO Best AUROC test all: 0.6781863108109443, AUPR test all: 0.3032485255864079, AUROC test unknown: 0.4298880039061308, AUPR test unknown: 0.038056794697728255
2026-09-12 22:41:42,081 INFO Epoch: 23, loss: 0.036412134766578674, labeled_loss: 0.2258637398481369, unnlabeled_loss: 0.023823218420147896, mixup_loss: -1.9945404529571533, energy_loss: -0.019091596826910973
2026-09-12 22:41:42,081 INFO Best AUROC test all: 0.6781863108109443, AUPR test all: 0.3309771412481126, AUROC test unknown: 0.4298880039061308, AUPR test unknown: 0.038056794697728255
2026-09-12 22:41:46,415 INFO Epoch: 24, loss: 0.03530752658843994, labeled_loss: 0.21197082102298737, unnlabeled_loss: 0.026677755638957024, mixup_loss: -1.9951671361923218, energy_loss: 0.09514543414115906
2026-09-12 22:41:46,415 INFO Best AUROC test all: 0.6809164469721655, AUPR test all: 0.34061466474144075, AUROC test unknown: 0.4319483399406497, AUPR test unknown: 0.038263849637443656
2026-09-12 22:41:50,140 INFO Epoch: 25, loss: 0.031234771013259888, labeled_loss: 0.21517959237098694, unnlabeled_loss: 0.03066922351717949, mixup_loss: -1.994950294494629, energy_loss: 0.002156029688194394
2026-09-12 22:41:50,140 INFO Best AUROC test all: 0.6809164469721655, AUPR test all: 0.342679372003378, AUROC test unknown: 0.4319483399406497, AUPR test unknown: 0.038263849637443656
2026-09-12 22:41:53,766 INFO Epoch: 26, loss: 0.028672829270362854, labeled_loss: 0.20881929993629456, unnlabeled_loss: 0.021831698715686798, mixup_loss: -1.9958511590957642, energy_loss: 0.0852280780673027
2026-09-12 22:41:53,766 INFO Best AUROC test all: 0.6809164469721655, AUPR test all: 0.3494292852195522, AUROC test unknown: 0.4319483399406497, AUPR test unknown: 0.038263849637443656
2026-09-12 22:41:57,343 INFO Epoch: 27, loss: 0.01910780370235443, labeled_loss: 0.2054499238729477, unnlabeled_loss: 0.019061051309108734, mixup_loss: -1.996025562286377, energy_loss: 0.03729914128780365
2026-09-12 22:41:57,343 INFO Best AUROC test all: 0.6809164469721655, AUPR test all: 0.3550790021389363, AUROC test unknown: 0.4319483399406497, AUPR test unknown: 0.038263849637443656
2026-09-12 22:42:01,573 INFO Epoch: 28, loss: 0.021747425198554993, labeled_loss: 0.21157671511173248, unnlabeled_loss: 0.01238370779901743, mixup_loss: -1.996268391609192, energy_loss: 0.03605712577700615
2026-09-12 22:42:01,573 INFO Best AUROC test all: 0.6853377370972679, AUPR test all: 0.3742012556308003, AUROC test unknown: 0.43538100033568305, AUPR test unknown: 0.038487340894281526
2026-09-12 22:42:05,158 INFO Epoch: 29, loss: 0.03347019851207733, labeled_loss: 0.20037394762039185, unnlabeled_loss: 0.01568594016134739, mixup_loss: -1.996179223060608, energy_loss: 0.24871206283569336
2026-09-12 22:42:05,158 INFO Best AUROC test all: 0.6901038735349586, AUPR test all: 0.3873799672162843, AUROC test unknown: 0.44179920601233424, AUPR test unknown: 0.03894700492249554
2026-09-12 22:42:08,829 INFO Epoch: 30, loss: 0.01169876754283905, labeled_loss: 0.20161136984825134, unnlabeled_loss: 0.016255777329206467, mixup_loss: -1.9964340925216675, energy_loss: 0.016029275953769684
2026-09-12 22:42:08,829 INFO Best AUROC test all: 0.6901038735349586, AUPR test all: 0.4033131547604311, AUROC test unknown: 0.44179920601233424, AUPR test unknown: 0.03894700492249554
2026-09-12 22:42:12,171 INFO Epoch: 31, loss: 0.009479805827140808, labeled_loss: 0.18609103560447693, unnlabeled_loss: 0.02412402257323265, mixup_loss: -1.9966835975646973, energy_loss: 0.10995122045278549
2026-09-12 22:42:12,171 INFO Best AUROC test all: 0.6970615243342516, AUPR test all: 0.40918586220174663, AUROC test unknown: 0.45325820689731705, AUPR test unknown: 0.03973537653933287
2026-09-12 22:42:15,780 INFO Epoch: 32, loss: 0.004083499312400818, labeled_loss: 0.19115053117275238, unnlabeled_loss: 0.018470153212547302, mixup_loss: -1.9965741634368896, energy_loss: 0.03355308994650841
2026-09-12 22:42:15,780 INFO Best AUROC test all: 0.6970615243342516, AUPR test all: 0.41024864507897507, AUROC test unknown: 0.45325820689731705, AUPR test unknown: 0.03973537653933287
2026-09-12 22:42:19,401 INFO Epoch: 33, loss: -0.002672731876373291, labeled_loss: 0.18097557127475739, unnlabeled_loss: 0.02207036502659321, mixup_loss: -1.996888279914856, energy_loss: 0.05005341023206711
2026-09-12 22:42:19,401 INFO Best AUROC test all: 0.6970615243342516, AUPR test all: 0.41024864507897507, AUROC test unknown: 0.45325820689731705, AUPR test unknown: 0.03973537653933287
2026-09-12 22:42:23,508 INFO Epoch: 34, loss: -0.00184592604637146, labeled_loss: 0.18673422932624817, unnlabeled_loss: 0.018144434317946434, mixup_loss: -1.99693763256073, energy_loss: 0.020414065569639206
2026-09-12 22:42:23,508 INFO Best AUROC test all: 0.6970615243342516, AUPR test all: 0.41024864507897507, AUROC test unknown: 0.45325820689731705, AUPR test unknown: 0.03973537653933287
2026-09-12 22:42:27,204 INFO Epoch: 35, loss: 0.005007296800613403, labeled_loss: 0.182798370718956, unnlabeled_loss: 0.014491737820208073, mixup_loss: -1.9974594116210938, energy_loss: 0.14708995819091797
2026-09-12 22:42:27,204 INFO Best AUROC test all: 0.6978761219230427, AUPR test all: 0.41024864507897507, AUROC test unknown: 0.45415613611164285, AUPR test unknown: 0.0397717688304632
2026-09-12 22:42:30,831 INFO Epoch: 36, loss: -0.0011096298694610596, labeled_loss: 0.17367225885391235, unnlabeled_loss: 0.013951923698186874, mixup_loss: -1.997420072555542, energy_loss: 0.17984157800674438
2026-09-12 22:42:30,831 INFO Best AUROC test all: 0.6978761219230427, AUPR test all: 0.41024864507897507, AUROC test unknown: 0.45415613611164285, AUPR test unknown: 0.0397717688304632
2026-09-12 22:42:34,335 INFO Epoch: 37, loss: -0.008199959993362427, labeled_loss: 0.18441471457481384, unnlabeled_loss: 0.009844101965427399, mixup_loss: -1.997780680656433, energy_loss: 0.022413458675146103
2026-09-12 22:42:34,335 INFO Best AUROC test all: 0.704949914590677, AUPR test all: 0.42596679804278015, AUROC test unknown: 0.46543596728985365, AUPR test unknown: 0.04068919432824702
2026-09-12 22:42:38,050 INFO Epoch: 38, loss: -0.007181212306022644, labeled_loss: 0.175985187292099, unnlabeled_loss: 0.012691696174442768, mixup_loss: -1.99766206741333, energy_loss: 0.10253946483135223
2026-09-12 22:42:38,051 INFO Best AUROC test all: 0.7061620604875737, AUPR test all: 0.43975335639786917, AUROC test unknown: 0.4671321842428682, AUPR test unknown: 0.04075668121569913
2026-09-12 22:42:42,286 INFO Epoch: 39, loss: -0.008085563778877258, labeled_loss: 0.17312432825565338, unnlabeled_loss: 0.020166318863630295, mixup_loss: -1.998225212097168, energy_loss: 0.08529477566480637
2026-09-12 22:42:42,286 INFO Best AUROC test all: 0.7061620604875737, AUPR test all: 0.45471955195247593, AUROC test unknown: 0.4671321842428682, AUPR test unknown: 0.04075668121569913
2026-09-12 22:42:46,400 INFO Epoch: 40, loss: -0.015468165278434753, labeled_loss: 0.16390827298164368, unnlabeled_loss: 0.02099931240081787, mixup_loss: -1.9981448650360107, energy_loss: 0.09938396513462067
2026-09-12 22:42:46,400 INFO Best AUROC test all: 0.7072625077757042, AUPR test all: 0.45471955195247593, AUROC test unknown: 0.46730280004105873, AUPR test unknown: 0.04077782375221242
2026-09-12 22:42:50,700 INFO Epoch: 41, loss: -0.02669331431388855, labeled_loss: 0.16476818919181824, unnlabeled_loss: 0.019960850477218628, mixup_loss: -1.9981458187103271, energy_loss: -0.01627345383167267
2026-09-12 22:42:50,700 INFO Best AUROC test all: 0.7072625077757042, AUPR test all: 0.45616508680635864, AUROC test unknown: 0.46730280004105873, AUPR test unknown: 0.04077782375221242
2026-09-12 22:42:54,385 INFO Epoch: 42, loss: -0.03132618963718414, labeled_loss: 0.15376757085323334, unnlabeled_loss: 0.013555550947785378, mixup_loss: -1.9983384609222412, energy_loss: 0.07962312549352646
2026-09-12 22:42:54,385 INFO Best AUROC test all: 0.7107391115455631, AUPR test all: 0.45616508680635864, AUROC test unknown: 0.4736488754615643, AUPR test unknown: 0.04134407216842277
2026-09-12 22:42:58,074 INFO Epoch: 43, loss: -0.02385389804840088, labeled_loss: 0.1532951146364212, unnlabeled_loss: 0.008037975057959557, mixup_loss: -1.9986850023269653, energy_loss: 0.18700499832630157
2026-09-12 22:42:58,074 INFO Best AUROC test all: 0.7146818872991894, AUPR test all: 0.46031898720853537, AUROC test unknown: 0.48051165319772843, AUPR test unknown: 0.041888603581259454
2026-09-12 22:43:01,600 INFO Epoch: 44, loss: -0.01750016212463379, labeled_loss: 0.15221545100212097, unnlabeled_loss: 0.006756571587175131, mixup_loss: -1.9984688758850098, energy_loss: 0.2675299048423767
2026-09-12 22:43:01,600 INFO Best AUROC test all: 0.7165020192146292, AUPR test all: 0.47465929514153316, AUROC test unknown: 0.4841318060213968, AUPR test unknown: 0.04211213090941576
2026-09-12 22:43:05,665 INFO Epoch: 45, loss: -0.021665185689926147, labeled_loss: 0.15191295742988586, unnlabeled_loss: 0.011073253117501736, mixup_loss: -1.9989289045333862, energy_loss: 0.20778127014636993
2026-09-12 22:43:05,665 INFO Best AUROC test all: 0.7196520434057091, AUPR test all: 0.48136755910106155, AUROC test unknown: 0.48779195414735105, AUPR test unknown: 0.04240541655818824
2026-09-12 22:43:09,550 INFO Epoch: 46, loss: -0.04983372986316681, labeled_loss: 0.1425773948431015, unnlabeled_loss: 0.020862072706222534, mixup_loss: -1.9987833499908447, energy_loss: -0.02963821217417717
2026-09-12 22:43:09,550 INFO Best AUROC test all: 0.7231592562970863, AUPR test all: 0.4822548450395529, AUROC test unknown: 0.49365392457949453, AUPR test unknown: 0.04294016071401257
2026-09-12 22:43:13,033 INFO Epoch: 47, loss: -0.036747440695762634, labeled_loss: 0.14711305499076843, unnlabeled_loss: 0.016128595918416977, mixup_loss: -1.9988336563110352, energy_loss: 0.07958581298589706
2026-09-12 22:43:13,034 INFO Best AUROC test all: 0.7231592562970863, AUPR test all: 0.4822548450395529, AUROC test unknown: 0.49365392457949453, AUPR test unknown: 0.04294016071401257
2026-09-12 22:43:16,646 INFO Epoch: 48, loss: -0.04356437921524048, labeled_loss: 0.14074598252773285, unnlabeled_loss: 0.009665841236710548, mixup_loss: -1.9988367557525635, energy_loss: 0.10740393400192261
2026-09-12 22:43:16,646 INFO Best AUROC test all: 0.7231592562970863, AUPR test all: 0.4822548450395529, AUROC test unknown: 0.49365392457949453, AUPR test unknown: 0.04294016071401257
2026-09-12 22:43:20,093 INFO Epoch: 49, loss: -0.03792284429073334, labeled_loss: 0.14070776104927063, unnlabeled_loss: 0.007240236736834049, mixup_loss: -1.9992059469223022, energy_loss: 0.1766987293958664
2026-09-12 22:43:20,093 INFO Best AUROC test all: 0.7233466137425082, AUPR test all: 0.4822548450395529, AUROC test unknown: 0.49446585233456974, AUPR test unknown: 0.04313532568612968
2026-09-12 22:43:23,885 INFO Epoch: 50, loss: -0.045492470264434814, labeled_loss: 0.13826005160808563, unnlabeled_loss: 0.008295182138681412, mixup_loss: -1.999207615852356, energy_loss: 0.12020649015903473
2026-09-12 22:43:23,885 INFO Best AUROC test all: 0.7233466137425082, AUPR test all: 0.48999095382638724, AUROC test unknown: 0.49446585233456974, AUPR test unknown: 0.04313532568612968
2026-09-12 22:43:27,499 INFO Epoch: 51, loss: -0.055159032344818115, labeled_loss: 0.13176366686820984, unnlabeled_loss: 0.012883754447102547, mixup_loss: -1.9990503787994385, energy_loss: 0.06540464609861374
2026-09-12 22:43:27,499 INFO Best AUROC test all: 0.7293348934111398, AUPR test all: 0.5003033655398067, AUROC test unknown: 0.5033258521311255, AUPR test unknown: 0.04382980454938273
2026-09-12 22:43:31,112 INFO Epoch: 52, loss: -0.0656890720129013, labeled_loss: 0.12465908378362656, unnlabeled_loss: 0.009875352494418621, mixup_loss: -1.9991317987442017, energy_loss: 0.04627352952957153
2026-09-12 22:43:31,112 INFO Best AUROC test all: 0.7293348934111398, AUPR test all: 0.5003033655398067, AUROC test unknown: 0.5033258521311255, AUPR test unknown: 0.04382980454938273
2026-09-12 22:43:34,802 INFO Epoch: 53, loss: -0.05589960515499115, labeled_loss: 0.1238972470164299, unnlabeled_loss: 0.007958497852087021, mixup_loss: -1.9989815950393677, energy_loss: 0.16122065484523773
2026-09-12 22:43:34,802 INFO Best AUROC test all: 0.7293692052489706, AUPR test all: 0.5003033655398067, AUROC test unknown: 0.5040286597551086, AUPR test unknown: 0.04387370591092482
2026-09-12 22:43:38,957 INFO Epoch: 54, loss: -0.07726214081048965, labeled_loss: 0.11424729973077774, unnlabeled_loss: 0.006202148739248514, mixup_loss: -1.9990801811218262, energy_loss: 0.05297502502799034
2026-09-12 22:43:38,957 INFO Best AUROC test all: 0.7293692052489706, AUPR test all: 0.5016178329738885, AUROC test unknown: 0.5040286597551086, AUPR test unknown: 0.04387370591092482
2026-09-12 22:43:42,850 INFO Epoch: 55, loss: -0.07567636668682098, labeled_loss: 0.10998538881540298, unnlabeled_loss: 0.0038817182648926973, mixup_loss: -1.9990731477737427, energy_loss: 0.12304702401161194
2026-09-12 22:43:42,850 INFO Best AUROC test all: 0.731430013724735, AUPR test all: 0.5064425329892414, AUROC test unknown: 0.5081578857327278, AUPR test unknown: 0.044328312051117896
2026-09-12 22:43:46,440 INFO Epoch: 56, loss: -0.0629560798406601, labeled_loss: 0.11136256903409958, unnlabeled_loss: 0.0049381679855287075, mixup_loss: -1.9988274574279785, energy_loss: 0.23095017671585083
2026-09-12 22:43:46,440 INFO Best AUROC test all: 0.7335073610000297, AUPR test all: 0.5138544378385672, AUROC test unknown: 0.509018131511952, AUPR test unknown: 0.044328312051117896
2026-09-12 22:43:50,035 INFO Epoch: 57, loss: -0.10677006840705872, labeled_loss: 0.10973356664180756, unnlabeled_loss: 0.009930722415447235, mixup_loss: -1.9986768960952759, energy_loss: -0.21601293981075287
2026-09-12 22:43:50,035 INFO Best AUROC test all: 0.7355552099686997, AUPR test all: 0.5149963162710842, AUROC test unknown: 0.5133797001415789, AUPR test unknown: 0.044555724769613315
2026-09-12 22:43:53,648 INFO Epoch: 58, loss: -0.0797777846455574, labeled_loss: 0.0989423468708992, unnlabeled_loss: 0.005376636981964111, mixup_loss: -1.99873685836792, energy_loss: 0.18465235829353333
2026-09-12 22:43:53,648 INFO Best AUROC test all: 0.7355552099686997, AUPR test all: 0.5149963162710842, AUROC test unknown: 0.5133797001415789, AUPR test unknown: 0.044555724769613315
2026-09-12 22:43:57,349 INFO Epoch: 59, loss: -0.08939661830663681, labeled_loss: 0.0931912213563919, unnlabeled_loss: 0.0035656068939715624, mixup_loss: -1.998845100402832, energy_loss: 0.15513871610164642
2026-09-12 22:43:57,350 INFO Best AUROC test all: 0.7355552099686997, AUPR test all: 0.5153245867080554, AUROC test unknown: 0.5133797001415789, AUPR test unknown: 0.044555724769613315
2026-09-12 22:44:01,016 INFO Epoch: 60, loss: -0.14229747653007507, labeled_loss: 0.0892852246761322, unnlabeled_loss: 0.0038931972812861204, mixup_loss: -1.9989168643951416, energy_loss: -0.33637604117393494
2026-09-12 22:44:01,016 INFO Best AUROC test all: 0.7357819396309133, AUPR test all: 0.5153245867080554, AUROC test unknown: 0.5135759776655134, AUPR test unknown: 0.044666976504143724
2026-09-12 22:44:04,635 INFO Epoch: 61, loss: -0.0804176926612854, labeled_loss: 0.08689363300800323, unnlabeled_loss: 0.0025234161876142025, mixup_loss: -1.9986964464187622, energy_loss: 0.31296607851982117
2026-09-12 22:44:04,636 INFO Best AUROC test all: 0.7357819396309133, AUPR test all: 0.517813694975614, AUROC test unknown: 0.5135759776655134, AUPR test unknown: 0.044666976504143724
2026-09-12 22:44:08,242 INFO Epoch: 62, loss: -0.0873447060585022, labeled_loss: 0.08639053255319595, unnlabeled_loss: 0.00348852900788188, mixup_loss: -1.9986789226531982, energy_loss: 0.24388384819030762
2026-09-12 22:44:08,242 INFO Best AUROC test all: 0.7357819396309133, AUPR test all: 0.5201330919661685, AUROC test unknown: 0.5135759776655134, AUPR test unknown: 0.04481614275805348
2026-09-12 22:44:11,801 INFO Epoch: 63, loss: -0.10825149714946747, labeled_loss: 0.08075970411300659, unnlabeled_loss: 0.009126432240009308, mixup_loss: -1.9982370138168335, energy_loss: 0.0624929741024971
2026-09-12 22:44:11,801 INFO Best AUROC test all: 0.7357819396309133, AUPR test all: 0.5205290760814711, AUROC test unknown: 0.5135759776655134, AUPR test unknown: 0.04481614275805348
2026-09-12 22:44:15,494 INFO Epoch: 64, loss: -0.08464005589485168, labeled_loss: 0.07682565599679947, unnlabeled_loss: 0.004333020653575659, mixup_loss: -1.9982473850250244, energy_loss: 0.3619250953197479
2026-09-12 22:44:15,494 INFO Best AUROC test all: 0.7357819396309133, AUPR test all: 0.5205290760814711, AUROC test unknown: 0.5135759776655134, AUPR test unknown: 0.04481614275805348
2026-09-12 22:44:18,994 INFO Epoch: 65, loss: -0.10458849370479584, labeled_loss: 0.06640296429395676, unnlabeled_loss: 0.0029320335015654564, mixup_loss: -1.9983994960784912, energy_loss: 0.2738247811794281
2026-09-12 22:44:18,994 INFO Best AUROC test all: 0.7357819396309133, AUPR test all: 0.5205290760814711, AUROC test unknown: 0.5135759776655134, AUPR test unknown: 0.04481614275805348
2026-09-12 22:44:22,515 INFO Epoch: 66, loss: -0.0990748256444931, labeled_loss: 0.074455626308918, unnlabeled_loss: 0.00335840811021626, mixup_loss: -1.9987150430679321, energy_loss: 0.24661850929260254
2026-09-12 22:44:22,515 INFO Best AUROC test all: 0.7369565646691747, AUPR test all: 0.5220115796276471, AUROC test unknown: 0.5164530963761944, AUPR test unknown: 0.04503986566376118
2026-09-12 22:44:26,279 INFO Epoch: 67, loss: -0.13341401517391205, labeled_loss: 0.062064267694950104, unnlabeled_loss: 0.008630672469735146, mixup_loss: -1.998671531677246, energy_loss: 0.0007354179979301989
2026-09-12 22:44:26,279 INFO Best AUROC test all: 0.7369565646691747, AUPR test all: 0.5220115796276471, AUROC test unknown: 0.5164530963761944, AUPR test unknown: 0.04503986566376118
2026-09-12 22:44:29,949 INFO Epoch: 68, loss: -0.13539862632751465, labeled_loss: 0.04628044366836548, unnlabeled_loss: 0.004200606606900692, mixup_loss: -1.998704433441162, energy_loss: 0.1609106957912445
2026-09-12 22:44:29,949 INFO Best AUROC test all: 0.7369565646691747, AUPR test all: 0.5220115796276471, AUROC test unknown: 0.5164530963761944, AUPR test unknown: 0.04503986566376118
2026-09-12 22:44:33,887 INFO Epoch: 69, loss: -0.12490207701921463, labeled_loss: 0.04491722583770752, unnlabeled_loss: 0.0021178224124014378, mixup_loss: -1.9986084699630737, energy_loss: 0.289826363325119
2026-09-12 22:44:33,887 INFO Best AUROC test all: 0.7369565646691747, AUPR test all: 0.5220115796276471, AUROC test unknown: 0.5164530963761944, AUPR test unknown: 0.04503986566376118
2026-09-12 22:44:37,573 INFO Epoch: 70, loss: -0.12257570773363113, labeled_loss: 0.03865145519375801, unnlabeled_loss: 0.0033269808627665043, mixup_loss: -1.9986696243286133, energy_loss: 0.3697631061077118
2026-09-12 22:44:37,573 INFO Best AUROC test all: 0.7369565646691747, AUPR test all: 0.5220115796276471, AUROC test unknown: 0.5164530963761944, AUPR test unknown: 0.04503986566376118
2026-09-12 22:44:41,336 INFO Epoch: 71, loss: -0.18690501153469086, labeled_loss: 0.0382971353828907, unnlabeled_loss: 0.009754054248332977, mixup_loss: -1.9987382888793945, energy_loss: -0.3020533621311188
2026-09-12 22:44:41,336 INFO Best AUROC test all: 0.7369565646691747, AUPR test all: 0.5220115796276471, AUROC test unknown: 0.5164530963761944, AUPR test unknown: 0.04503986566376118
2026-09-12 22:44:45,243 INFO Epoch: 72, loss: -0.11722273379564285, labeled_loss: 0.03219270706176758, unnlabeled_loss: 0.0017083755228668451, mixup_loss: -1.9984537363052368, energy_loss: 0.49575749039649963
2026-09-12 22:44:45,244 INFO Best AUROC test all: 0.7369565646691747, AUPR test all: 0.5220115796276471, AUROC test unknown: 0.5164530963761944, AUPR test unknown: 0.04503986566376118
2026-09-12 22:44:48,833 INFO Epoch: 73, loss: -0.15448282659053802, labeled_loss: 0.030276192352175713, unnlabeled_loss: 0.0011433273321017623, mixup_loss: -1.9983887672424316, energy_loss: 0.14508190751075745
2026-09-12 22:44:48,833 INFO Best AUROC test all: 0.7369565646691747, AUPR test all: 0.5222100142250022, AUROC test unknown: 0.5164530963761944, AUPR test unknown: 0.045093348088175486
2026-09-12 22:44:52,728 INFO Epoch: 74, loss: -0.15135878324508667, labeled_loss: 0.027330055832862854, unnlabeled_loss: 0.00325602013617754, mixup_loss: -1.9985418319702148, energy_loss: 0.19537320733070374
2026-09-12 22:44:52,728 INFO Best AUROC test all: 0.7369565646691747, AUPR test all: 0.5222100142250022, AUROC test unknown: 0.5164530963761944, AUPR test unknown: 0.045093348088175486
2026-09-12 22:44:56,462 INFO Epoch: 75, loss: -0.16426502168178558, labeled_loss: 0.03966020047664642, unnlabeled_loss: 0.03140461817383766, mixup_loss: -1.99850332736969, energy_loss: -0.19777193665504456
2026-09-12 22:44:56,462 INFO Best AUROC test all: 0.7369565646691747, AUPR test all: 0.5222100142250022, AUROC test unknown: 0.5164530963761944, AUPR test unknown: 0.045093348088175486
2026-09-12 22:45:00,207 INFO Epoch: 76, loss: -0.17215953767299652, labeled_loss: 0.03815256431698799, unnlabeled_loss: 0.00318506988696754, mixup_loss: -1.9984636306762695, energy_loss: -0.12058261781930923
2026-09-12 22:45:00,207 INFO Best AUROC test all: 0.7369565646691747, AUPR test all: 0.5222100142250022, AUROC test unknown: 0.5164530963761944, AUPR test unknown: 0.045093348088175486
2026-09-12 22:45:03,536 INFO Epoch: 77, loss: -0.012089714407920837, labeled_loss: 0.06203828379511833, unnlabeled_loss: 0.00046053557889536023, mixup_loss: -1.998696208000183, energy_loss: 1.2551134824752808
2026-09-12 22:45:03,536 INFO Best AUROC test all: 0.7369565646691747, AUPR test all: 0.5222100142250022, AUROC test unknown: 0.5164530963761944, AUPR test unknown: 0.045093348088175486
2026-09-12 22:45:07,311 INFO Epoch: 78, loss: -0.26046720147132874, labeled_loss: 0.02661292999982834, unnlabeled_loss: 0.0009960588067770004, mixup_loss: -1.9986693859100342, energy_loss: -0.8771122097969055
2026-09-12 22:45:07,311 INFO Best AUROC test all: 0.7369565646691747, AUPR test all: 0.5233878049982547, AUROC test unknown: 0.5164530963761944, AUPR test unknown: 0.045093348088175486
2026-09-12 22:45:11,046 INFO Epoch: 79, loss: -0.17449454963207245, labeled_loss: 0.017926907166838646, unnlabeled_loss: 0.0017231638776138425, mixup_loss: -1.9986628293991089, energy_loss: 0.06583243608474731
2026-09-12 22:45:11,046 INFO Best AUROC test all: 0.7369565646691747, AUPR test all: 0.5233878049982547, AUROC test unknown: 0.5164530963761944, AUPR test unknown: 0.045093348088175486
2026-09-12 22:45:14,652 INFO Epoch: 80, loss: -0.11234230548143387, labeled_loss: 0.025585683062672615, unnlabeled_loss: 0.11232484132051468, mixup_loss: -1.998547077178955, energy_loss: 0.05764308199286461
2026-09-12 22:45:14,652 INFO Best AUROC test all: 0.7382243747346386, AUPR test all: 0.5233878049982547, AUROC test unknown: 0.5202209775129303, AUPR test unknown: 0.045498506360516666
2026-09-12 22:45:18,037 INFO Epoch: 81, loss: -0.10682506859302521, labeled_loss: 0.04752293601632118, unnlabeled_loss: 0.15680043399333954, mixup_loss: -1.9987993240356445, energy_loss: -0.32868286967277527
2026-09-12 22:45:18,037 INFO Best AUROC test all: 0.7382243747346386, AUPR test all: 0.5233878049982547, AUROC test unknown: 0.5202209775129303, AUPR test unknown: 0.045498506360516666
2026-09-12 22:45:21,605 INFO Epoch: 82, loss: -0.041088178753852844, labeled_loss: 0.01088232547044754, unnlabeled_loss: 0.09692647308111191, mixup_loss: -1.9986810684204102, energy_loss: 0.9943437576293945
2026-09-12 22:45:21,605 INFO Best AUROC test all: 0.7382243747346386, AUPR test all: 0.5233878049982547, AUROC test unknown: 0.5202209775129303, AUPR test unknown: 0.045498506360516666
2026-09-12 22:45:24,852 INFO Epoch: 83, loss: -0.10002458095550537, labeled_loss: 0.014924476854503155, unnlabeled_loss: 0.04958295077085495, mixup_loss: -1.998334527015686, energy_loss: 0.6009292006492615
2026-09-12 22:45:24,852 INFO Best AUROC test all: 0.7382243747346386, AUPR test all: 0.5233878049982547, AUROC test unknown: 0.5202209775129303, AUPR test unknown: 0.045498506360516666
2026-09-12 22:45:28,558 INFO Epoch: 84, loss: -0.09382273256778717, labeled_loss: 0.014823226258158684, unnlabeled_loss: 0.09481771290302277, mixup_loss: -1.9988958835601807, energy_loss: 0.4383476674556732
2026-09-12 22:45:28,558 INFO Best AUROC test all: 0.7417661463116008, AUPR test all: 0.5262723079757828, AUROC test unknown: 0.5273359799588858, AUPR test unknown: 0.04691587389980586
2026-09-12 22:45:32,322 INFO Epoch: 85, loss: -0.14700740575790405, labeled_loss: 0.022686555981636047, unnlabeled_loss: 0.017514251172542572, mixup_loss: -1.998658299446106, energy_loss: 0.2141474336385727
2026-09-12 22:45:32,322 INFO Best AUROC test all: 0.7417661463116008, AUPR test all: 0.5262723079757828, AUROC test unknown: 0.5273359799588858, AUPR test unknown: 0.04691587389980586
2026-09-12 22:45:36,059 INFO Epoch: 86, loss: -0.191725954413414, labeled_loss: 0.024061834439635277, unnlabeled_loss: 0.08195879310369492, mixup_loss: -1.9988574981689453, energy_loss: -0.5688143372535706
2026-09-12 22:45:36,059 INFO Best AUROC test all: 0.7417661463116008, AUPR test all: 0.5262723079757828, AUROC test unknown: 0.5273359799588858, AUPR test unknown: 0.04691587389980586
2026-09-12 22:45:39,729 INFO Epoch: 87, loss: -0.2320924699306488, labeled_loss: 0.022214800119400024, unnlabeled_loss: 0.04331358149647713, mixup_loss: -1.9986467361450195, energy_loss: -0.7609939575195312
2026-09-12 22:45:39,729 INFO Best AUROC test all: 0.7417661463116008, AUPR test all: 0.5262723079757828, AUROC test unknown: 0.5273359799588858, AUPR test unknown: 0.04691587389980586
2026-09-12 22:45:43,479 INFO Epoch: 88, loss: -0.11534151434898376, labeled_loss: 0.047455716878175735, unnlabeled_loss: 0.0006685617263428867, mixup_loss: -1.998192548751831, energy_loss: 0.3668774664402008
2026-09-12 22:45:43,479 INFO Best AUROC test all: 0.7417661463116008, AUPR test all: 0.5262723079757828, AUROC test unknown: 0.5273359799588858, AUPR test unknown: 0.04691587389980586
2026-09-12 22:45:47,201 INFO Epoch: 89, loss: -0.15316569805145264, labeled_loss: 0.03974516689777374, unnlabeled_loss: 0.006295262835919857, mixup_loss: -1.998637318611145, energy_loss: 0.03805230185389519
2026-09-12 22:45:47,201 INFO Best AUROC test all: 0.7417661463116008, AUPR test all: 0.5262723079757828, AUROC test unknown: 0.5273359799588858, AUPR test unknown: 0.04691587389980586
2026-09-12 22:45:50,863 INFO Epoch: 90, loss: -0.079666368663311, labeled_loss: 0.02139754593372345, unnlabeled_loss: 0.007047000341117382, mixup_loss: -1.9991704225540161, energy_loss: 0.9532963037490845
2026-09-12 22:45:50,863 INFO Best AUROC test all: 0.7417661463116008, AUPR test all: 0.5262723079757828, AUROC test unknown: 0.5273359799588858, AUPR test unknown: 0.04691587389980586
2026-09-12 22:45:54,545 INFO Epoch: 91, loss: -0.09921001642942429, labeled_loss: 0.011274340562522411, unnlabeled_loss: 0.12465456128120422, mixup_loss: -1.99908447265625, energy_loss: 0.27096813917160034
2026-09-12 22:45:54,546 INFO Best AUROC test all: 0.7417661463116008, AUPR test all: 0.5262723079757828, AUROC test unknown: 0.5273359799588858, AUPR test unknown: 0.04691587389980586
2026-09-12 22:45:58,233 INFO Epoch: 92, loss: -0.1467609852552414, labeled_loss: 0.03968781232833862, unnlabeled_loss: 0.11847040057182312, mixup_loss: -1.9986628293991089, energy_loss: -0.4581771790981293
2026-09-12 22:45:58,233 INFO Best AUROC test all: 0.7436439171776416, AUPR test all: 0.5262723079757828, AUROC test unknown: 0.5284900640572159, AUPR test unknown: 0.04705232709143853
2026-09-12 22:46:01,918 INFO Epoch: 93, loss: -0.12531504034996033, labeled_loss: 0.03218188136816025, unnlabeled_loss: 0.01938094012439251, mixup_loss: -1.9990607500076294, energy_loss: 0.32718679308891296
2026-09-12 22:46:01,918 INFO Best AUROC test all: 0.7436439171776416, AUPR test all: 0.5273959108467462, AUROC test unknown: 0.5284900640572159, AUPR test unknown: 0.04705232709143853
2026-09-12 22:46:05,595 INFO Epoch: 94, loss: -0.12632058560848236, labeled_loss: 0.01117519848048687, unnlabeled_loss: 0.007532341871410608, mixup_loss: -1.9991248846054077, energy_loss: 0.5865052938461304
2026-09-12 22:46:05,595 INFO Best AUROC test all: 0.7436439171776416, AUPR test all: 0.5273959108467462, AUROC test unknown: 0.5284900640572159, AUPR test unknown: 0.04705232709143853
2026-09-12 22:46:09,337 INFO Epoch: 95, loss: -0.1202770322561264, labeled_loss: 0.012721779756247997, unnlabeled_loss: 0.08406732231378555, mixup_loss: -1.999120831489563, energy_loss: 0.24879609048366547
2026-09-12 22:46:09,338 INFO Best AUROC test all: 0.7436439171776416, AUPR test all: 0.5273959108467462, AUROC test unknown: 0.5284900640572159, AUPR test unknown: 0.04705232709143853
2026-09-12 22:46:13,047 INFO Epoch: 96, loss: -0.0872664749622345, labeled_loss: 0.012797228060662746, unnlabeled_loss: 0.10463105142116547, mixup_loss: -1.999098539352417, energy_loss: 0.4753061532974243
2026-09-12 22:46:13,047 INFO Best AUROC test all: 0.7436439171776416, AUPR test all: 0.5273959108467462, AUROC test unknown: 0.5284900640572159, AUPR test unknown: 0.04705232709143853
2026-09-12 22:46:16,811 INFO Epoch: 97, loss: -0.15935440361499786, labeled_loss: 0.012907996773719788, unnlabeled_loss: 0.012962491251528263, mixup_loss: -1.9990251064300537, energy_loss: 0.2115887701511383
2026-09-12 22:46:16,811 INFO Best AUROC test all: 0.7436439171776416, AUPR test all: 0.5273959108467462, AUROC test unknown: 0.5284900640572159, AUPR test unknown: 0.04705232709143853
2026-09-12 22:46:20,532 INFO Epoch: 98, loss: -0.16906818747520447, labeled_loss: 0.01285760197788477, unnlabeled_loss: 0.09814181923866272, mixup_loss: -1.9992157220840454, energy_loss: -0.3107512593269348
2026-09-12 22:46:20,532 INFO Best AUROC test all: 0.7436439171776416, AUPR test all: 0.5273959108467462, AUROC test unknown: 0.5284900640572159, AUPR test unknown: 0.04705232709143853
2026-09-12 22:46:24,223 INFO Epoch: 99, loss: -0.0727711170911789, labeled_loss: 0.031033901497721672, unnlabeled_loss: 0.14252237975597382, mixup_loss: -1.9993088245391846, energy_loss: 0.24864676594734192
2026-09-12 22:46:24,223 INFO Best AUROC test all: 0.7436439171776416, AUPR test all: 0.5280384031630908, AUROC test unknown: 0.5284900640572159, AUPR test unknown: 0.04705232709143853
2026-09-12 22:46:27,920 INFO Epoch: 100, loss: -0.04607111215591431, labeled_loss: 0.0276031456887722, unnlabeled_loss: 0.1766679883003235, mixup_loss: -1.9992060661315918, energy_loss: 0.3791235387325287
2026-09-12 22:46:27,921 INFO Best AUROC test all: 0.7436439171776416, AUPR test all: 0.528146497060013, AUROC test unknown: 0.5284900640572159, AUPR test unknown: 0.04705232709143853
2026-09-12 22:46:31,581 INFO Epoch: 101, loss: -0.11004514992237091, labeled_loss: 0.045337677001953125, unnlabeled_loss: 0.08602435141801834, mixup_loss: -1.9994724988937378, energy_loss: 0.015522455796599388
2026-09-12 22:46:31,581 INFO Best AUROC test all: 0.7436439171776416, AUPR test all: 0.528146497060013, AUROC test unknown: 0.5284900640572159, AUPR test unknown: 0.04705232709143853
2026-09-12 22:46:35,306 INFO Epoch: 102, loss: -0.17884181439876556, labeled_loss: 0.01880648173391819, unnlabeled_loss: 0.008596119470894337, mixup_loss: -1.99897038936615, energy_loss: -0.020493147894740105
2026-09-12 22:46:35,306 INFO Best AUROC test all: 0.7436439171776416, AUPR test all: 0.528146497060013, AUROC test unknown: 0.5284900640572159, AUPR test unknown: 0.04705232709143853
2026-09-12 22:46:39,068 INFO Epoch: 103, loss: -0.21967580914497375, labeled_loss: 0.016625074669718742, unnlabeled_loss: 0.02377254143357277, mixup_loss: -1.9990662336349487, energy_loss: -0.4828052222728729
2026-09-12 22:46:39,068 INFO Best AUROC test all: 0.7436439171776416, AUPR test all: 0.528146497060013, AUROC test unknown: 0.5284900640572159, AUPR test unknown: 0.04705232709143853
2026-09-12 22:46:43,295 INFO Epoch: 104, loss: -0.0987832248210907, labeled_loss: 0.014293967746198177, unnlabeled_loss: 0.019994478672742844, mixup_loss: -1.9992164373397827, energy_loss: 0.7684721946716309
2026-09-12 22:46:43,295 INFO Best AUROC test all: 0.7436439171776416, AUPR test all: 0.528146497060013, AUROC test unknown: 0.5284900640572159, AUPR test unknown: 0.04705232709143853
2026-09-12 22:46:47,174 INFO Epoch: 105, loss: -0.07453826069831848, labeled_loss: 0.024166161194443703, unnlabeled_loss: 0.0013234448852017522, mixup_loss: -1.9992700815200806, energy_loss: 1.0056087970733643
2026-09-12 22:46:47,174 INFO Best AUROC test all: 0.7436439171776416, AUPR test all: 0.528146497060013, AUROC test unknown: 0.5284900640572159, AUPR test unknown: 0.04705232709143853
2026-09-12 22:46:51,238 INFO Epoch: 106, loss: -0.12069983780384064, labeled_loss: 0.019626496359705925, unnlabeled_loss: 0.004849449265748262, mixup_loss: -1.9993751049041748, energy_loss: 0.5718644857406616
2026-09-12 22:46:51,238 INFO Best AUROC test all: 0.7436439171776416, AUPR test all: 0.528146497060013, AUROC test unknown: 0.5284900640572159, AUPR test unknown: 0.04705232709143853
2026-09-12 22:46:55,007 INFO Epoch: 107, loss: -0.12153948098421097, labeled_loss: 0.012685301713645458, unnlabeled_loss: 0.014013741165399551, mixup_loss: -1.9995888471603394, energy_loss: 0.5872724056243896
2026-09-12 22:46:55,007 INFO Best AUROC test all: 0.7437725248575688, AUPR test all: 0.528146497060013, AUROC test unknown: 0.5284900640572159, AUPR test unknown: 0.04705232709143853
2026-09-12 22:46:58,817 INFO Epoch: 108, loss: -0.1310136914253235, labeled_loss: 0.014752298593521118, unnlabeled_loss: 0.01634746976196766, mixup_loss: -1.9993233680725098, energy_loss: 0.4599260091781616
2026-09-12 22:46:58,817 INFO Best AUROC test all: 0.7455195898377717, AUPR test all: 0.528146497060013, AUROC test unknown: 0.5313833658381859, AUPR test unknown: 0.04705232709143853
2026-09-12 22:47:02,479 INFO Epoch: 109, loss: -0.1379629671573639, labeled_loss: 0.026106206700205803, unnlabeled_loss: 0.1295715868473053, mixup_loss: -1.99921715259552, energy_loss: -0.2893325984477997
2026-09-12 22:47:02,479 INFO Best AUROC test all: 0.7482207213878769, AUPR test all: 0.528146497060013, AUROC test unknown: 0.5355417213423255, AUPR test unknown: 0.04753154961563433
2026-09-12 22:47:06,212 INFO Epoch: 110, loss: -0.16691355407238007, labeled_loss: 0.02789350226521492, unnlabeled_loss: 0.03352596238255501, mixup_loss: -1.9991780519485474, energy_loss: -0.11652226001024246
2026-09-12 22:47:06,212 INFO Best AUROC test all: 0.7482207213878769, AUPR test all: 0.5287792313063433, AUROC test unknown: 0.5355417213423255, AUPR test unknown: 0.04753154961563433
2026-09-12 22:47:09,974 INFO Epoch: 111, loss: -0.10759665071964264, labeled_loss: 0.012197374366223812, unnlabeled_loss: 0.08336801826953888, mixup_loss: -1.999424695968628, energy_loss: 0.38464438915252686
2026-09-12 22:47:09,974 INFO Best AUROC test all: 0.7490311225648469, AUPR test all: 0.5287792313063433, AUROC test unknown: 0.5386497955847036, AUPR test unknown: 0.047687721735506464
2026-09-12 22:47:13,717 INFO Epoch: 112, loss: -0.06814251840114594, labeled_loss: 0.009678349830210209, unnlabeled_loss: 0.13721945881843567, mixup_loss: -1.9994301795959473, energy_loss: 0.5351242423057556
2026-09-12 22:47:13,717 INFO Best AUROC test all: 0.7551477630656517, AUPR test all: 0.5295812434670866, AUROC test unknown: 0.5496048094235406, AUPR test unknown: 0.04895120498311241
2026-09-12 22:47:17,833 INFO Epoch: 113, loss: -0.13800223171710968, labeled_loss: 0.009945252910256386, unnlabeled_loss: 0.07051916420459747, mixup_loss: -1.9990566968917847, energy_loss: 0.1669861525297165
2026-09-12 22:47:17,833 INFO Best AUROC test all: 0.7611234534988202, AUPR test all: 0.530230311705755, AUROC test unknown: 0.5608918073900222, AUPR test unknown: 0.05069268524971034
2026-09-12 22:47:21,447 INFO Epoch: 114, loss: -0.10110613703727722, labeled_loss: 0.012354405596852303, unnlabeled_loss: 0.09356681257486343, mixup_loss: -1.9993482828140259, energy_loss: 0.3969087600708008
2026-09-12 22:47:21,447 INFO Best AUROC test all: 0.7611234534988202, AUPR test all: 0.5311298237477355, AUROC test unknown: 0.5608918073900222, AUPR test unknown: 0.05069268524971034
2026-09-12 22:47:24,936 INFO Epoch: 115, loss: -0.08497890830039978, labeled_loss: 0.01639101281762123, unnlabeled_loss: 0.10564988106489182, mixup_loss: -1.9994440078735352, energy_loss: 0.45749542117118835
2026-09-12 22:47:24,936 INFO Best AUROC test all: 0.7611234534988202, AUPR test all: 0.5332703841750623, AUROC test unknown: 0.5608918073900222, AUPR test unknown: 0.05069268524971034
2026-09-12 22:47:28,586 INFO Epoch: 116, loss: -0.08667940646409988, labeled_loss: 0.03481720760464668, unnlabeled_loss: 0.1374431550502777, mixup_loss: -1.9995101690292358, energy_loss: 0.097328320145607
2026-09-12 22:47:28,586 INFO Best AUROC test all: 0.7631283509582629, AUPR test all: 0.5364454457011465, AUROC test unknown: 0.5651752349088246, AUPR test unknown: 0.05130101227545261
2026-09-12 22:47:33,287 INFO Epoch: 117, loss: -0.1189112663269043, labeled_loss: 0.0514712855219841, unnlabeled_loss: 0.08850859105587006, mixup_loss: -1.999356746673584, energy_loss: -0.14701169729232788
2026-09-12 22:47:33,287 INFO Best AUROC test all: 0.7631283509582629, AUPR test all: 0.5364454457011465, AUROC test unknown: 0.5651752349088246, AUPR test unknown: 0.05130101227545261
2026-09-12 22:47:37,106 INFO Epoch: 118, loss: -0.11720360070466995, labeled_loss: 0.019980136305093765, unnlabeled_loss: 0.07459605485200882, mixup_loss: -1.9987419843673706, energy_loss: 0.2539244294166565
2026-09-12 22:47:37,106 INFO Best AUROC test all: 0.7631283509582629, AUPR test all: 0.5364454457011465, AUROC test unknown: 0.5651752349088246, AUPR test unknown: 0.05130101227545261
2026-09-12 22:47:41,087 INFO Epoch: 119, loss: -0.11868792027235031, labeled_loss: 0.012457550503313541, unnlabeled_loss: 0.05704475939273834, mixup_loss: -1.9992302656173706, energy_loss: 0.4025517404079437
2026-09-12 22:47:41,087 INFO Best AUROC test all: 0.7631283509582629, AUPR test all: 0.5364454457011465, AUROC test unknown: 0.5651752349088246, AUPR test unknown: 0.05130101227545261
2026-09-12 22:47:44,866 INFO Epoch: 120, loss: -0.10993465036153793, labeled_loss: 0.012238244526088238, unnlabeled_loss: 0.05829354003071785, mixup_loss: -1.9993900060653687, energy_loss: 0.48619329929351807
2026-09-12 22:47:44,867 INFO Best AUROC test all: 0.7631283509582629, AUPR test all: 0.5364454457011465, AUROC test unknown: 0.5651752349088246, AUPR test unknown: 0.05130101227545261
2026-09-12 22:47:48,409 INFO Epoch: 121, loss: -0.12321653217077255, labeled_loss: 0.016137607395648956, unnlabeled_loss: 0.003973144106566906, mixup_loss: -1.998451590538025, energy_loss: 0.5850445628166199
2026-09-12 22:47:48,409 INFO Best AUROC test all: 0.7631283509582629, AUPR test all: 0.5364454457011465, AUROC test unknown: 0.5651752349088246, AUPR test unknown: 0.05130101227545261
2026-09-12 22:47:51,568 INFO Epoch: 122, loss: -0.12316723167896271, labeled_loss: 0.016436005011200905, unnlabeled_loss: 0.05629472807049751, mixup_loss: -1.9989545345306396, energy_loss: 0.32144856452941895
2026-09-12 22:47:51,568 INFO Best AUROC test all: 0.7631283509582629, AUPR test all: 0.5364454457011465, AUROC test unknown: 0.5651752349088246, AUPR test unknown: 0.05130101227545261
2026-09-12 22:47:55,417 INFO Epoch: 123, loss: -0.14743231236934662, labeled_loss: 0.0124964639544487, unnlabeled_loss: 0.012951027601957321, mixup_loss: -1.9990510940551758, energy_loss: 0.3350082039833069
2026-09-12 22:47:55,417 INFO Best AUROC test all: 0.7638533428122871, AUPR test all: 0.5364454457011465, AUROC test unknown: 0.5658854405077971, AUPR test unknown: 0.05148317666383451
2026-09-12 22:47:59,368 INFO Epoch: 124, loss: -0.1323438584804535, labeled_loss: 0.02591891959309578, unnlabeled_loss: 0.036236610263586044, mixup_loss: -1.9986921548843384, energy_loss: 0.2348814159631729
2026-09-12 22:47:59,368 INFO Best AUROC test all: 0.7638553175943205, AUPR test all: 0.5366775042472802, AUROC test unknown: 0.5658854405077971, AUPR test unknown: 0.05148317666383451
2026-09-12 22:48:03,120 INFO Epoch: 125, loss: -0.12164268642663956, labeled_loss: 0.022104421630501747, unnlabeled_loss: 0.08506432175636292, mixup_loss: -1.9989937543869019, energy_loss: 0.13620105385780334
2026-09-12 22:48:03,120 INFO Best AUROC test all: 0.7669848534218036, AUPR test all: 0.5374261969834668, AUROC test unknown: 0.5720373190848336, AUPR test unknown: 0.052338722607466776
2026-09-12 22:48:06,874 INFO Epoch: 126, loss: -0.16710132360458374, labeled_loss: 0.02664928138256073, unnlabeled_loss: 0.025114744901657104, mixup_loss: -1.999092698097229, energy_loss: -0.06398705393075943
2026-09-12 22:48:06,874 INFO Best AUROC test all: 0.7669848534218036, AUPR test all: 0.5374261969834668, AUROC test unknown: 0.5720373190848336, AUPR test unknown: 0.052338722607466776
2026-09-12 22:48:10,598 INFO Epoch: 127, loss: -0.10998059064149857, labeled_loss: 0.01719462312757969, unnlabeled_loss: 0.09932471811771393, mixup_loss: -1.9992635250091553, energy_loss: 0.23088786005973816
2026-09-12 22:48:10,598 INFO Best AUROC test all: 0.7669848534218036, AUPR test all: 0.5374261969834668, AUROC test unknown: 0.5720373190848336, AUPR test unknown: 0.052338722607466776
2026-09-12 22:48:14,337 INFO Epoch: 128, loss: -0.11823229491710663, labeled_loss: 0.011231661774218082, unnlabeled_loss: 0.11981869488954544, mixup_loss: -1.999287724494934, energy_loss: 0.1055547222495079
2026-09-12 22:48:14,337 INFO Best AUROC test all: 0.7669848534218036, AUPR test all: 0.5374261969834668, AUROC test unknown: 0.5720373190848336, AUPR test unknown: 0.052338722607466776
2026-09-12 22:48:17,999 INFO Epoch: 129, loss: -0.15180982649326324, labeled_loss: 0.0166698656976223, unnlabeled_loss: 0.007958943024277687, mixup_loss: -1.9992491006851196, energy_loss: 0.27465757727622986
2026-09-12 22:48:18,000 INFO Best AUROC test all: 0.7669848534218036, AUPR test all: 0.5374261969834668, AUROC test unknown: 0.5720373190848336, AUPR test unknown: 0.052338722607466776
2026-09-12 22:48:21,727 INFO Epoch: 130, loss: -0.16263675689697266, labeled_loss: 0.008455808274447918, unnlabeled_loss: 0.007139879744499922, mixup_loss: -1.9990662336349487, energy_loss: 0.2524413466453552
2026-09-12 22:48:21,728 INFO Best AUROC test all: 0.7669848534218036, AUPR test all: 0.5375891275638109, AUROC test unknown: 0.5720373190848336, AUPR test unknown: 0.052338722607466776
2026-09-12 22:48:25,349 INFO Epoch: 131, loss: -0.14900793135166168, labeled_loss: 0.010211915709078312, unnlabeled_loss: 0.006589377764612436, mixup_loss: -1.9993492364883423, energy_loss: 0.37420397996902466
2026-09-12 22:48:25,349 INFO Best AUROC test all: 0.7669848534218036, AUPR test all: 0.5375891275638109, AUROC test unknown: 0.5720373190848336, AUPR test unknown: 0.052338722607466776
2026-09-12 22:48:28,962 INFO Epoch: 132, loss: -0.14728981256484985, labeled_loss: 0.012163197621703148, unnlabeled_loss: 0.006412523798644543, mixup_loss: -1.9992444515228271, energy_loss: 0.3726519048213959
2026-09-12 22:48:28,962 INFO Best AUROC test all: 0.7669848534218036, AUPR test all: 0.5375891275638109, AUROC test unknown: 0.5720373190848336, AUPR test unknown: 0.052338722607466776
2026-09-12 22:48:32,658 INFO Epoch: 133, loss: -0.14866286516189575, labeled_loss: 0.009346951730549335, unnlabeled_loss: 0.009101062081754208, mixup_loss: -1.9991161823272705, energy_loss: 0.37351277470588684
2026-09-12 22:48:32,658 INFO Best AUROC test all: 0.7669848534218036, AUPR test all: 0.5375891275638109, AUROC test unknown: 0.5720373190848336, AUPR test unknown: 0.052338722607466776
2026-09-12 22:48:36,368 INFO Epoch: 134, loss: -0.212316632270813, labeled_loss: 0.010077841579914093, unnlabeled_loss: 0.009373108856379986, mixup_loss: -1.9993828535079956, energy_loss: -0.2714274227619171
2026-09-12 22:48:36,368 INFO Best AUROC test all: 0.7669848534218036, AUPR test all: 0.5375891275638109, AUROC test unknown: 0.5720373190848336, AUPR test unknown: 0.052338722607466776
2026-09-12 22:48:40,081 INFO Epoch: 135, loss: -0.098686583340168, labeled_loss: 0.007785997819155455, unnlabeled_loss: 0.10912547260522842, mixup_loss: -1.999082326889038, energy_loss: 0.3887292444705963
2026-09-12 22:48:40,081 INFO Best AUROC test all: 0.7671682613031586, AUPR test all: 0.5383047876317717, AUROC test unknown: 0.5733814386657012, AUPR test unknown: 0.05285873915275408
2026-09-12 22:48:43,942 INFO Epoch: 136, loss: -0.18647558987140656, labeled_loss: 0.00768664525821805, unnlabeled_loss: 0.009812237694859505, mixup_loss: -1.999220609664917, energy_loss: 0.008537178859114647
2026-09-12 22:48:43,942 INFO Best AUROC test all: 0.7672151623764527, AUPR test all: 0.5383047876317717, AUROC test unknown: 0.5733814386657012, AUPR test unknown: 0.05285873915275408
2026-09-12 22:48:47,629 INFO Epoch: 137, loss: -0.1701193004846573, labeled_loss: 0.007301254663616419, unnlabeled_loss: 0.006861524190753698, mixup_loss: -1.9992337226867676, energy_loss: 0.19072067737579346
2026-09-12 22:48:47,629 INFO Best AUROC test all: 0.7673257501703249, AUPR test all: 0.5383047876317717, AUROC test unknown: 0.5733814386657012, AUPR test unknown: 0.05285873915275408
2026-09-12 22:48:51,376 INFO Epoch: 138, loss: -0.1311766803264618, labeled_loss: 0.007170046214014292, unnlabeled_loss: 0.12302728742361069, mixup_loss: -1.9992207288742065, energy_loss: 0.0006170194246806204
2026-09-12 22:48:51,376 INFO Best AUROC test all: 0.7686323153331951, AUPR test all: 0.5386298205519711, AUROC test unknown: 0.5733939227484957, AUPR test unknown: 0.05285873915275408
2026-09-12 22:48:55,143 INFO Epoch: 139, loss: -0.06627826392650604, labeled_loss: 0.006828261073678732, unnlabeled_loss: 0.2022208869457245, mixup_loss: -1.9992356300354004, energy_loss: 0.25706592202186584
2026-09-12 22:48:55,143 INFO Best AUROC test all: 0.7692284526595377, AUPR test all: 0.539651425503447, AUROC test unknown: 0.5760035584259698, AUPR test unknown: 0.05285873915275408
2026-09-12 22:48:58,779 INFO Epoch: 140, loss: -0.13916873931884766, labeled_loss: 0.011340176686644554, unnlabeled_loss: 0.09199120849370956, mixup_loss: -1.9993205070495605, energy_loss: 0.034275349229574203
2026-09-12 22:48:58,780 INFO Best AUROC test all: 0.7722217285267139, AUPR test all: 0.5420721587056436, AUROC test unknown: 0.5806675192832843, AUPR test unknown: 0.053471653484973125
2026-09-12 22:49:02,495 INFO Epoch: 141, loss: -0.16894112527370453, labeled_loss: 0.02585013397037983, unnlabeled_loss: 0.019671475514769554, mixup_loss: -1.9992436170578003, energy_loss: -0.04702628031373024
2026-09-12 22:49:02,495 INFO Best AUROC test all: 0.7790231246976115, AUPR test all: 0.5454387334709052, AUROC test unknown: 0.5934345746210619, AUPR test unknown: 0.0555784311463616
2026-09-12 22:49:06,125 INFO Epoch: 142, loss: -0.0928923562169075, labeled_loss: 0.012548256665468216, unnlabeled_loss: 0.2036914825439453, mixup_loss: -1.9993945360183716, energy_loss: -0.07346894592046738
2026-09-12 22:49:06,125 INFO Best AUROC test all: 0.7790231246976115, AUPR test all: 0.5454387334709052, AUROC test unknown: 0.5934345746210619, AUPR test unknown: 0.0555784311463616
2026-09-12 22:49:09,850 INFO Epoch: 143, loss: -0.11111155152320862, labeled_loss: 0.010870790109038353, unnlabeled_loss: 0.07933007180690765, mixup_loss: -1.998852014541626, energy_loss: 0.3823782503604889
2026-09-12 22:49:09,850 INFO Best AUROC test all: 0.7790231246976115, AUPR test all: 0.5454387334709052, AUROC test unknown: 0.5934345746210619, AUPR test unknown: 0.0555784311463616
2026-09-12 22:49:14,492 INFO Epoch: 144, loss: -0.1293623000383377, labeled_loss: 0.008539640344679356, unnlabeled_loss: 0.09483212977647781, mixup_loss: -1.9990994930267334, energy_loss: 0.1459195464849472
2026-09-12 22:49:14,492 INFO Best AUROC test all: 0.7795765573624811, AUPR test all: 0.5454387334709052, AUROC test unknown: 0.5943953866227967, AUPR test unknown: 0.05571054367567735
2026-09-12 22:49:18,278 INFO Epoch: 145, loss: -0.14625507593154907, labeled_loss: 0.009985129348933697, unnlabeled_loss: 0.07440511137247086, mixup_loss: -1.9992287158966064, energy_loss: 0.06480111181735992
2026-09-12 22:49:18,278 INFO Best AUROC test all: 0.7801672640382318, AUPR test all: 0.5454387334709052, AUROC test unknown: 0.5965703912696496, AUPR test unknown: 0.05620360810558439
2026-09-12 22:49:22,057 INFO Epoch: 146, loss: -0.09182418137788773, labeled_loss: 0.015491298399865627, unnlabeled_loss: 0.1488255113363266, mixup_loss: -1.999399185180664, energy_loss: 0.18211686611175537
2026-09-12 22:49:22,057 INFO Best AUROC test all: 0.7801672640382318, AUPR test all: 0.5454387334709052, AUROC test unknown: 0.5965703912696496, AUPR test unknown: 0.05620360810558439
2026-09-12 22:49:25,696 INFO Epoch: 147, loss: -0.1420486718416214, labeled_loss: 0.022250467911362648, unnlabeled_loss: 0.07886222004890442, mixup_loss: -1.9990497827529907, energy_loss: -0.038252681493759155
2026-09-12 22:49:25,696 INFO Best AUROC test all: 0.7801672640382318, AUPR test all: 0.5454387334709052, AUROC test unknown: 0.5965703912696496, AUPR test unknown: 0.05620360810558439
2026-09-12 22:49:29,329 INFO Epoch: 148, loss: -0.1706223040819168, labeled_loss: 0.019069069996476173, unnlabeled_loss: 0.017727289348840714, mixup_loss: -1.9990313053131104, energy_loss: 0.013481061905622482
2026-09-12 22:49:29,329 INFO Best AUROC test all: 0.7817120372838847, AUPR test all: 0.5454387334709052, AUROC test unknown: 0.5997445849134945, AUPR test unknown: 0.05646469164519906
2026-09-12 22:49:33,025 INFO Epoch: 149, loss: -0.11393371224403381, labeled_loss: 0.010990342125296593, unnlabeled_loss: 0.06962143629789352, mixup_loss: -1.9988700151443481, energy_loss: 0.40152236819267273
2026-09-12 22:49:33,025 INFO Best AUROC test all: 0.7817120372838847, AUPR test all: 0.5454387334709052, AUROC test unknown: 0.5997445849134945, AUPR test unknown: 0.05646469164519906
2026-09-12 22:49:36,890 INFO Epoch: 150, loss: -0.11739015579223633, labeled_loss: 0.007165248040109873, unnlabeled_loss: 0.08019135892391205, mixup_loss: -1.9987848997116089, energy_loss: 0.3522741496562958
2026-09-12 22:49:36,890 INFO Best AUROC test all: 0.7817120372838847, AUPR test all: 0.5454387334709052, AUROC test unknown: 0.5997445849134945, AUPR test unknown: 0.05646469164519906
2026-09-12 22:49:40,800 INFO Epoch: 151, loss: -0.11029468476772308, labeled_loss: 0.006276743020862341, unnlabeled_loss: 0.09382589161396027, mixup_loss: -1.998663067817688, energy_loss: 0.363819420337677
2026-09-12 22:49:40,801 INFO Best AUROC test all: 0.7817120372838847, AUPR test all: 0.5454387334709052, AUROC test unknown: 0.5997445849134945, AUPR test unknown: 0.05646469164519906
2026-09-12 22:49:44,427 INFO Epoch: 152, loss: -0.08877193927764893, labeled_loss: 0.007881728932261467, unnlabeled_loss: 0.1467074602842331, mixup_loss: -1.9994065761566162, energy_loss: 0.2993326783180237
2026-09-12 22:49:44,428 INFO Best AUROC test all: 0.7855365729632591, AUPR test all: 0.5454387334709052, AUROC test unknown: 0.6048110418475704, AUPR test unknown: 0.05691039819727402
2026-09-12 22:49:48,038 INFO Epoch: 153, loss: -0.10820227861404419, labeled_loss: 0.01590717025101185, unnlabeled_loss: 0.11452414840459824, mixup_loss: -1.9992585182189941, energy_loss: 0.18554331362247467
2026-09-12 22:49:48,038 INFO Best AUROC test all: 0.7917106055669105, AUPR test all: 0.5509568356616052, AUROC test unknown: 0.6170170070197535, AUPR test unknown: 0.05941265519342591
2026-09-12 22:49:51,585 INFO Epoch: 154, loss: -0.11606401205062866, labeled_loss: 0.044791627675294876, unnlabeled_loss: 0.07772847265005112, mixup_loss: -1.9992003440856934, energy_loss: 0.002001652494072914
2026-09-12 22:49:51,585 INFO Best AUROC test all: 0.7917106055669105, AUPR test all: 0.5509568356616052, AUROC test unknown: 0.6170170070197535, AUPR test unknown: 0.05941265519342591
2026-09-12 22:49:55,236 INFO Epoch: 155, loss: -0.14175808429718018, labeled_loss: 0.026950323954224586, unnlabeled_loss: 0.09641078859567642, mixup_loss: -1.9993114471435547, energy_loss: -0.16982652246952057
2026-09-12 22:49:55,237 INFO Best AUROC test all: 0.7917106055669105, AUPR test all: 0.5509568356616052, AUROC test unknown: 0.6170170070197535, AUPR test unknown: 0.05941265519342591
2026-09-12 22:49:58,868 INFO Epoch: 156, loss: -0.15013499557971954, labeled_loss: 0.006958327256143093, unnlabeled_loss: 0.16262377798557281, mixup_loss: -1.9989056587219238, energy_loss: -0.38514643907546997
2026-09-12 22:49:58,868 INFO Best AUROC test all: 0.7917106055669105, AUPR test all: 0.5509568356616052, AUROC test unknown: 0.6170170070197535, AUPR test unknown: 0.05941265519342591
2026-09-12 22:50:02,642 INFO Epoch: 157, loss: -0.14940518140792847, labeled_loss: 0.006125589832663536, unnlabeled_loss: 0.004917541518807411, mixup_loss: -1.9989469051361084, energy_loss: 0.41905152797698975
2026-09-12 22:50:02,642 INFO Best AUROC test all: 0.7917106055669105, AUPR test all: 0.5509568356616052, AUROC test unknown: 0.6170170070197535, AUPR test unknown: 0.05941265519342591
2026-09-12 22:50:06,542 INFO Epoch: 158, loss: -0.06365448236465454, labeled_loss: 0.006446943152695894, unnlabeled_loss: 0.16143809258937836, mixup_loss: -1.9988113641738892, energy_loss: 0.4906066358089447
2026-09-12 22:50:06,543 INFO Best AUROC test all: 0.7917106055669105, AUPR test all: 0.5509568356616052, AUROC test unknown: 0.6170170070197535, AUPR test unknown: 0.05941265519342591
2026-09-12 22:50:09,743 INFO Epoch: 159, loss: -0.1362297683954239, labeled_loss: 0.005083441734313965, unnlabeled_loss: 0.11481815576553345, mixup_loss: -1.998948335647583, energy_loss: 0.011725427582859993
2026-09-12 22:50:09,743 INFO Best AUROC test all: 0.7989046130908302, AUPR test all: 0.552821693765445, AUROC test unknown: 0.6302781083747853, AUPR test unknown: 0.061648048059314856
2026-09-12 22:50:13,350 INFO Epoch: 160, loss: -0.1254183053970337, labeled_loss: 0.006257879082113504, unnlabeled_loss: 0.04512767866253853, mixup_loss: -1.999206781387329, energy_loss: 0.45680657029151917
2026-09-12 22:50:13,350 INFO Best AUROC test all: 0.7989046130908302, AUPR test all: 0.5552501058586744, AUROC test unknown: 0.6302781083747853, AUPR test unknown: 0.06224613495697905
2026-09-12 22:50:16,804 INFO Epoch: 161, loss: -0.14967012405395508, labeled_loss: 0.01301144901663065, unnlabeled_loss: 0.08543869107961655, mixup_loss: -1.999274730682373, energy_loss: -0.05473443120718002
2026-09-12 22:50:16,804 INFO Best AUROC test all: 0.7989046130908302, AUPR test all: 0.5555577729863569, AUROC test unknown: 0.6302781083747853, AUPR test unknown: 0.06224613495697905
2026-09-12 22:50:20,377 INFO Epoch: 162, loss: -0.14381445944309235, labeled_loss: 0.020223082974553108, unnlabeled_loss: 0.08478845655918121, mixup_loss: -1.9990147352218628, energy_loss: -0.06530289351940155
2026-09-12 22:50:20,377 INFO Best AUROC test all: 0.801671652991301, AUPR test all: 0.557327228212869, AUROC test unknown: 0.6357607014020088, AUPR test unknown: 0.062395171198432325
2026-09-12 22:50:23,980 INFO Epoch: 163, loss: -0.1314050257205963, labeled_loss: 0.01476952712982893, unnlabeled_loss: 0.09934601187705994, mixup_loss: -1.999264121055603, energy_loss: 0.04078855738043785
2026-09-12 22:50:23,980 INFO Best AUROC test all: 0.801671652991301, AUPR test all: 0.5579574269066214, AUROC test unknown: 0.6362663067551835, AUPR test unknown: 0.06320497237446046
2026-09-12 22:50:27,616 INFO Epoch: 164, loss: -0.1885005086660385, labeled_loss: 0.007873867638409138, unnlabeled_loss: 0.017961975187063217, mixup_loss: -1.9995801448822021, energy_loss: -0.05397351458668709
2026-09-12 22:50:27,616 INFO Best AUROC test all: 0.8020004541998677, AUPR test all: 0.5579574269066214, AUROC test unknown: 0.6363456037995999, AUPR test unknown: 0.06350533535248865
2026-09-12 22:50:31,715 INFO Epoch: 165, loss: -0.15718291699886322, labeled_loss: 0.0046883379109203815, unnlabeled_loss: 0.006462194956839085, mixup_loss: -1.9992499351501465, energy_loss: 0.3482264280319214
2026-09-12 22:50:31,716 INFO Best AUROC test all: 0.8023773907204992, AUPR test all: 0.5579574269066214, AUROC test unknown: 0.6371103694641184, AUPR test unknown: 0.0639807915713139
2026-09-12 22:50:35,306 INFO Epoch: 166, loss: -0.09658999741077423, labeled_loss: 0.003695937106385827, unnlabeled_loss: 0.12110049277544022, mixup_loss: -1.9991683959960938, energy_loss: 0.39080652594566345
2026-09-12 22:50:35,307 INFO Best AUROC test all: 0.8023773907204992, AUPR test all: 0.5579574269066214, AUROC test unknown: 0.6371103694641184, AUPR test unknown: 0.0639807915713139
2026-09-12 22:50:38,985 INFO Epoch: 167, loss: -0.07492838054895401, labeled_loss: 0.00734260119497776, unnlabeled_loss: 0.14793209731578827, mixup_loss: -1.9988789558410645, energy_loss: 0.4365086853504181
2026-09-12 22:50:38,985 INFO Best AUROC test all: 0.8061070134383916, AUPR test all: 0.5579574269066214, AUROC test unknown: 0.644400149069196, AUPR test unknown: 0.06490766958389566
2026-09-12 22:50:42,727 INFO Epoch: 168, loss: -0.11475670337677002, labeled_loss: 0.006534929387271404, unnlabeled_loss: 0.07653158903121948, mixup_loss: -1.999058485031128, energy_loss: 0.4034842550754547
2026-09-12 22:50:42,727 INFO Best AUROC test all: 0.8141270969716717, AUPR test all: 0.563677961395779, AUROC test unknown: 0.658963987582499, AUPR test unknown: 0.06815817283966542
2026-09-12 22:50:46,343 INFO Epoch: 169, loss: -0.18091659247875214, labeled_loss: 0.013466671109199524, unnlabeled_loss: 0.029236601665616035, mixup_loss: -1.9993423223495483, energy_loss: -0.09067337214946747
2026-09-12 22:50:46,344 INFO Best AUROC test all: 0.8141270969716717, AUPR test all: 0.5651730034217516, AUROC test unknown: 0.658963987582499, AUPR test unknown: 0.06815817283966542
2026-09-12 22:50:51,721 INFO Epoch: 170, loss: -0.16052234172821045, labeled_loss: 0.02498694323003292, unnlabeled_loss: 0.07194211333990097, mixup_loss: -1.9994633197784424, energy_loss: -0.21534013748168945
2026-09-12 22:50:51,721 INFO Best AUROC test all: 0.8151569458021071, AUPR test all: 0.5651730034217516, AUROC test unknown: 0.660479647708431, AUPR test unknown: 0.06815817283966542
2026-09-12 22:50:55,495 INFO Epoch: 171, loss: -0.14161700010299683, labeled_loss: 0.012021537870168686, unnlabeled_loss: 0.08409598469734192, mixup_loss: -1.9990917444229126, energy_loss: 0.04222651571035385
2026-09-12 22:50:55,495 INFO Best AUROC test all: 0.8151569458021071, AUPR test all: 0.5651730034217516, AUROC test unknown: 0.660479647708431, AUPR test unknown: 0.06815817283966542
2026-09-12 22:50:58,746 INFO Epoch: 172, loss: -0.18715324997901917, labeled_loss: 0.007280060090124607, unnlabeled_loss: 0.010855495929718018, mixup_loss: -1.999161720275879, energy_loss: 0.0005511912750080228
2026-09-12 22:50:58,746 INFO Best AUROC test all: 0.8151569458021071, AUPR test all: 0.5651730034217516, AUROC test unknown: 0.660479647708431, AUPR test unknown: 0.06815817283966542
2026-09-12 22:51:02,455 INFO Epoch: 173, loss: -0.12165053933858871, labeled_loss: 0.00572951091453433, unnlabeled_loss: 0.07695849984884262, mixup_loss: -1.999459981918335, energy_loss: 0.3408670127391815
2026-09-12 22:51:02,455 INFO Best AUROC test all: 0.8151569458021071, AUPR test all: 0.5651730034217516, AUROC test unknown: 0.660479647708431, AUPR test unknown: 0.06815817283966542
2026-09-12 22:51:06,587 INFO Epoch: 174, loss: -0.07305908203125, labeled_loss: 0.004557408392429352, unnlabeled_loss: 0.17032815515995026, mixup_loss: -1.99892258644104, energy_loss: 0.3711169958114624
2026-09-12 22:51:06,588 INFO Best AUROC test all: 0.8151569458021071, AUPR test all: 0.5651730034217516, AUROC test unknown: 0.660479647708431, AUPR test unknown: 0.06815817283966542
2026-09-12 22:51:10,076 INFO Epoch: 175, loss: -0.1558939814567566, labeled_loss: 0.00579034024849534, unnlabeled_loss: 0.005206206813454628, mixup_loss: -1.9989190101623535, energy_loss: 0.3560447692871094
2026-09-12 22:51:10,076 INFO Best AUROC test all: 0.8151569458021071, AUPR test all: 0.5651730034217516, AUROC test unknown: 0.660479647708431, AUPR test unknown: 0.06815817283966542
2026-09-12 22:51:13,407 INFO Epoch: 176, loss: -0.1383160948753357, labeled_loss: 0.012006957083940506, unnlabeled_loss: 0.025942375883460045, mixup_loss: -1.9993351697921753, energy_loss: 0.3663926422595978
2026-09-12 22:51:13,407 INFO Best AUROC test all: 0.8151569458021071, AUPR test all: 0.5651730034217516, AUROC test unknown: 0.660479647708431, AUPR test unknown: 0.06815817283966542
2026-09-12 22:51:17,427 INFO Epoch: 177, loss: -0.15809644758701324, labeled_loss: 0.008313162252306938, unnlabeled_loss: 0.08012866973876953, mixup_loss: -1.9992003440856934, energy_loss: -0.06553902477025986
2026-09-12 22:51:17,427 INFO Best AUROC test all: 0.8151569458021071, AUPR test all: 0.5651730034217516, AUROC test unknown: 0.660479647708431, AUPR test unknown: 0.06915261774988624
2026-09-12 22:51:21,037 INFO Epoch: 178, loss: -0.1297009289264679, labeled_loss: 0.014083047397434711, unnlabeled_loss: 0.10956976562738419, mixup_loss: -1.9990676641464233, energy_loss: 0.01337912492454052
2026-09-12 22:51:21,037 INFO Best AUROC test all: 0.8159358738904193, AUPR test all: 0.5663227710161921, AUROC test unknown: 0.6612728493393146, AUPR test unknown: 0.06915261774988624
2026-09-12 22:51:24,733 INFO Epoch: 179, loss: -0.1755755990743637, labeled_loss: 0.01389995589852333, unnlabeled_loss: 0.030587904155254364, mixup_loss: -1.9990509748458862, energy_loss: -0.04864414408802986
2026-09-12 22:51:24,734 INFO Best AUROC test all: 0.8159358738904193, AUPR test all: 0.5663227710161921, AUROC test unknown: 0.6612728493393146, AUPR test unknown: 0.06915261774988624
2026-09-12 22:51:28,669 INFO Epoch: 180, loss: -0.1069159135222435, labeled_loss: 0.013279417529702187, unnlabeled_loss: 0.16558633744716644, mixup_loss: -1.99924635887146, energy_loss: -0.03063868172466755
2026-09-12 22:51:28,670 INFO Best AUROC test all: 0.8159358738904193, AUPR test all: 0.5663227710161921, AUROC test unknown: 0.6612728493393146, AUPR test unknown: 0.06915261774988624
2026-09-12 22:51:32,267 INFO Epoch: 181, loss: -0.1250835657119751, labeled_loss: 0.005565617699176073, unnlabeled_loss: 0.07784909009933472, mixup_loss: -1.9990421533584595, energy_loss: 0.3033048212528229
2026-09-12 22:51:32,267 INFO Best AUROC test all: 0.8159358738904193, AUPR test all: 0.5663227710161921, AUROC test unknown: 0.6612728493393146, AUPR test unknown: 0.06915261774988624
2026-09-12 22:51:35,927 INFO Epoch: 182, loss: -0.13204920291900635, labeled_loss: 0.005284293554723263, unnlabeled_loss: 0.10674629360437393, mixup_loss: -1.9991456270217896, energy_loss: 0.09207914769649506
2026-09-12 22:51:35,927 INFO Best AUROC test all: 0.8159358738904193, AUPR test all: 0.5663227710161921, AUROC test unknown: 0.6612728493393146, AUPR test unknown: 0.06915261774988624
2026-09-12 22:51:39,598 INFO Epoch: 183, loss: -0.10540962219238281, labeled_loss: 0.00955804530531168, unnlabeled_loss: 0.10569031536579132, mixup_loss: -1.9993122816085815, energy_loss: 0.32118403911590576
2026-09-12 22:51:39,598 INFO Best AUROC test all: 0.8159358738904193, AUPR test all: 0.5663227710161921, AUROC test unknown: 0.6612728493393146, AUPR test unknown: 0.06915261774988624
2026-09-12 22:51:43,016 INFO Epoch: 184, loss: -0.11657129973173141, labeled_loss: 0.008775592781603336, unnlabeled_loss: 0.15998519957065582, mixup_loss: -1.9993464946746826, energy_loss: -0.05404848977923393
2026-09-12 22:51:43,016 INFO Best AUROC test all: 0.8159358738904193, AUPR test all: 0.5663227710161921, AUROC test unknown: 0.6612728493393146, AUPR test unknown: 0.07014343423644176
2026-09-12 22:51:46,610 INFO Epoch: 185, loss: -0.15165194869041443, labeled_loss: 0.01610647328197956, unnlabeled_loss: 0.08499906212091446, mixup_loss: -1.999424934387207, energy_loss: -0.10315457731485367
2026-09-12 22:51:46,611 INFO Best AUROC test all: 0.8159358738904193, AUPR test all: 0.5663227710161921, AUROC test unknown: 0.6612728493393146, AUPR test unknown: 0.07014343423644176
2026-09-12 22:51:50,388 INFO Epoch: 186, loss: -0.15566076338291168, labeled_loss: 0.011966479942202568, unnlabeled_loss: 0.09553588926792145, mixup_loss: -1.9992839097976685, energy_loss: -0.15466803312301636
2026-09-12 22:51:50,388 INFO Best AUROC test all: 0.8159358738904193, AUPR test all: 0.5663227710161921, AUROC test unknown: 0.6612728493393146, AUPR test unknown: 0.07014343423644176
2026-09-12 22:51:54,165 INFO Epoch: 187, loss: -0.13540029525756836, labeled_loss: 0.006628159433603287, unnlabeled_loss: 0.1501445323228836, mixup_loss: -1.999369502067566, energy_loss: -0.17163772881031036
2026-09-12 22:51:54,165 INFO Best AUROC test all: 0.8159358738904193, AUPR test all: 0.5663227710161921, AUROC test unknown: 0.6612728493393146, AUPR test unknown: 0.07014343423644176
2026-09-12 22:51:58,186 INFO Epoch: 188, loss: -0.162034273147583, labeled_loss: 0.007231898605823517, unnlabeled_loss: 0.08516442030668259, mixup_loss: -1.999329686164856, energy_loss: -0.11915408819913864
2026-09-12 22:51:58,186 INFO Best AUROC test all: 0.8159358738904193, AUPR test all: 0.5663227710161921, AUROC test unknown: 0.6612728493393146, AUPR test unknown: 0.07014343423644176
2026-09-12 22:52:01,871 INFO Epoch: 189, loss: -0.06708398461341858, labeled_loss: 0.004470814950764179, unnlabeled_loss: 0.20152562856674194, mixup_loss: -1.9988294839859009, energy_loss: 0.2756534218788147
2026-09-12 22:52:01,871 INFO Best AUROC test all: 0.8159358738904193, AUPR test all: 0.5663227710161921, AUROC test unknown: 0.6612728493393146, AUPR test unknown: 0.07014343423644176
2026-09-12 22:52:06,259 INFO Epoch: 190, loss: -0.09039418399333954, labeled_loss: 0.007584251929074526, unnlabeled_loss: 0.1736920028924942, mixup_loss: -1.9993215799331665, energy_loss: 0.1510772407054901
2026-09-12 22:52:06,259 INFO Best AUROC test all: 0.8159358738904193, AUPR test all: 0.5663227710161921, AUROC test unknown: 0.6612728493393146, AUPR test unknown: 0.07014343423644176
2026-09-12 22:52:09,972 INFO Epoch: 191, loss: -0.18900570273399353, labeled_loss: 0.012891348451375961, unnlabeled_loss: 0.021494658663868904, mixup_loss: -1.999518632888794, energy_loss: -0.12692514061927795
2026-09-12 22:52:09,972 INFO Best AUROC test all: 0.8159358738904193, AUPR test all: 0.5663227710161921, AUROC test unknown: 0.6612728493393146, AUPR test unknown: 0.07014343423644176
2026-09-12 22:52:13,630 INFO Epoch: 192, loss: -0.17207327485084534, labeled_loss: 0.016845297068357468, unnlabeled_loss: 0.022933486849069595, mixup_loss: -1.9994663000106812, energy_loss: -0.004386825952678919
2026-09-12 22:52:13,631 INFO Best AUROC test all: 0.8159358738904193, AUPR test all: 0.5663227710161921, AUROC test unknown: 0.6612728493393146, AUPR test unknown: 0.07014343423644176
2026-09-12 22:52:17,252 INFO Epoch: 193, loss: -0.18700698018074036, labeled_loss: 0.007838104851543903, unnlabeled_loss: 0.03890502080321312, mixup_loss: -1.999435544013977, energy_loss: -0.1435404121875763
2026-09-12 22:52:17,252 INFO Best AUROC test all: 0.8159358738904193, AUPR test all: 0.5663227710161921, AUROC test unknown: 0.6612728493393146, AUPR test unknown: 0.07014343423644176
2026-09-12 22:52:20,982 INFO Epoch: 194, loss: -0.11341581493616104, labeled_loss: 0.004339554812759161, unnlabeled_loss: 0.14707836508750916, mixup_loss: -1.9993795156478882, energy_loss: 0.0864340215921402
2026-09-12 22:52:20,982 INFO Best AUROC test all: 0.8159358738904193, AUPR test all: 0.5663227710161921, AUROC test unknown: 0.6612728493393146, AUPR test unknown: 0.07014343423644176
2026-09-12 22:52:24,529 INFO Epoch: 195, loss: -0.07492244988679886, labeled_loss: 0.005944064352661371, unnlabeled_loss: 0.17192719876766205, mixup_loss: -1.9987895488739014, energy_loss: 0.3304884433746338
2026-09-12 22:52:24,529 INFO Best AUROC test all: 0.8159358738904193, AUPR test all: 0.5663227710161921, AUROC test unknown: 0.6612728493393146, AUPR test unknown: 0.07014343423644176
2026-09-12 22:52:28,122 INFO Epoch: 196, loss: -0.1429048776626587, labeled_loss: 0.004365177359431982, unnlabeled_loss: 0.0877511203289032, mixup_loss: -1.9994959831237793, energy_loss: 0.08803999423980713
2026-09-12 22:52:28,122 INFO Best AUROC test all: 0.8159358738904193, AUPR test all: 0.5663227710161921, AUROC test unknown: 0.6612728493393146, AUPR test unknown: 0.07014343423644176
2026-09-12 22:52:32,249 INFO Epoch: 197, loss: -0.15959152579307556, labeled_loss: 0.008193789049983025, unnlabeled_loss: 0.06268845498561859, mixup_loss: -1.9991440773010254, energy_loss: 0.007848716340959072
2026-09-12 22:52:32,249 INFO Best AUROC test all: 0.8159358738904193, AUPR test all: 0.5663227710161921, AUROC test unknown: 0.6618327835713169, AUPR test unknown: 0.07119217506420755
2026-09-12 22:52:35,910 INFO Epoch: 198, loss: -0.15630841255187988, labeled_loss: 0.011155757121741772, unnlabeled_loss: 0.08523472398519516, mixup_loss: -1.999041199684143, energy_loss: -0.10177410393953323
2026-09-12 22:52:35,911 INFO Best AUROC test all: 0.817015832814953, AUPR test all: 0.5663227710161921, AUROC test unknown: 0.6654596408098193, AUPR test unknown: 0.07119217506420755
2026-09-12 22:52:39,567 INFO Epoch: 199, loss: -0.15760836005210876, labeled_loss: 0.010399868711829185, unnlabeled_loss: 0.07360639423131943, mixup_loss: -1.99951171875, energy_loss: -0.04860256612300873
2026-09-12 22:52:39,567 INFO Best AUROC test all: 0.817015832814953, AUPR test all: 0.5663227710161921, AUROC test unknown: 0.6654596408098193, AUPR test unknown: 0.07119217506420755
