2026-09-12 21:36:19,364 INFO cli={'dataset': 'photo', 'method': 'demo', 'seed': 0, 'train_seed': None, 'epochs': None, 'set': ['lr=0.003', 'weight_decay=0.0001'], 'tag': 'DT_lr0.003_wd0.0001', 'save_scores': False, 'rotations': [7]}
2026-09-12 21:36:19,364 INFO config={'alpha_plus': 0.05, 'alpha_r': 0.1, 'atlas_gate_q': 0.9, 'batch_size': 512, 'hidden_dim': 64, 'lambda_halo': 0.2, 'lambda_mixup': 0.2, 'lambda_un': 1.0, 'lr': 0.003, 'margin': 0.1, 'n_layers': 2, 'optimiser': 'adam', 'sampling_sizes': [25, 10], 'tau_minus': 0.05, 'tau_mu': 0.05, 'tau_plus': 0.95, 'use_atlas_gate': True, 'use_conformal': True, 'use_pl': True, 'version': 4, 'weight_decay': 0.0001, 'loss': 'bce', 'num_epochs': 200, 'ebd_dim': 64, 'drop_out': 0.5, 'gamma': 0.1, 'damping': 0.001, 'p_cutoff': [0.05, 0.95], 'unlabeled_loss': 0.5, 'mixup_loss': 0.1, 'energy_loss_weight': 0.1, 'used_unlabeled_data': True, 'energy_loss': True, 'mixup': True, 'thresh_warmup': True, 'used_augment_for_anormaly': True, 'batch_size_for_anormaly': 20, 'sample_size_for_anormaly': 25, 'div_loss_alpha': 0.5, 'mixup_loss_type': 'consistency', 'device': 0, 'input_dim': 745}
2026-09-12 21:36:25,156 INFO Epoch: 0, loss: 0.5869166851043701, labeled_loss: 0.6928133964538574, unnlabeled_loss: 0.0, mixup_loss: -1.0589709281921387, energy_loss: 3.4006204714387422e-06
2026-09-12 21:36:25,156 INFO Best AUROC test all: 0.6659858605606406, AUPR test all: 0.14892010970263603, AUROC test unknown: 0.843391416007824, AUPR test unknown: 0.16974863520402603
2026-09-12 21:36:28,444 INFO Epoch: 1, loss: 0.3564056158065796, labeled_loss: 0.5092750787734985, unnlabeled_loss: 0.0, mixup_loss: -1.5087510347366333, energy_loss: -0.01994377374649048
2026-09-12 21:36:28,444 INFO Best AUROC test all: 0.6659858605606406, AUPR test all: 0.14892010970263603, AUROC test unknown: 0.843391416007824, AUPR test unknown: 0.16974863520402603
2026-09-12 21:36:31,550 INFO Epoch: 2, loss: 0.22864127159118652, labeled_loss: 0.3993256390094757, unnlabeled_loss: 0.0, mixup_loss: -1.7850937843322754, energy_loss: 0.07825027406215668
2026-09-12 21:36:31,550 INFO Best AUROC test all: 0.6676891100644766, AUPR test all: 0.14892010970263603, AUROC test unknown: 0.843391416007824, AUPR test unknown: 0.16974863520402603
2026-09-12 21:36:34,859 INFO Epoch: 3, loss: 0.28524237871170044, labeled_loss: 0.4882484972476959, unnlabeled_loss: 0.0, mixup_loss: -1.9163159132003784, energy_loss: -0.1137452945113182
2026-09-12 21:36:34,859 INFO Best AUROC test all: 0.6731565409717902, AUPR test all: 0.14892010970263603, AUROC test unknown: 0.843391416007824, AUPR test unknown: 0.16974863520402603
2026-09-12 21:36:38,425 INFO Epoch: 4, loss: 0.22389179468154907, labeled_loss: 0.4083091914653778, unnlabeled_loss: 0.0, mixup_loss: -1.9383522272109985, energy_loss: 0.0941784530878067
2026-09-12 21:36:38,425 INFO Best AUROC test all: 0.680695271384421, AUPR test all: 0.15235383592969715, AUROC test unknown: 0.843391416007824, AUPR test unknown: 0.16974863520402603
2026-09-12 21:36:41,801 INFO Epoch: 5, loss: 0.20696119964122772, labeled_loss: 0.39229992032051086, unnlabeled_loss: 0.0, mixup_loss: -1.9317920207977295, energy_loss: 0.07840488851070404
2026-09-12 21:36:41,802 INFO Best AUROC test all: 0.6918182311877327, AUPR test all: 0.15541362704817502, AUROC test unknown: 0.843391416007824, AUPR test unknown: 0.16974863520402603
2026-09-12 21:36:45,268 INFO Epoch: 6, loss: 0.21683131158351898, labeled_loss: 0.4126265347003937, unnlabeled_loss: 0.0, mixup_loss: -1.9129996299743652, energy_loss: -0.044952668249607086
2026-09-12 21:36:45,269 INFO Best AUROC test all: 0.7004985090395647, AUPR test all: 0.1578124138547024, AUROC test unknown: 0.843391416007824, AUPR test unknown: 0.16974863520402603
2026-09-12 21:36:48,902 INFO Epoch: 7, loss: 0.2286888211965561, labeled_loss: 0.4111383259296417, unnlabeled_loss: 0.0, mixup_loss: -1.9095979928970337, energy_loss: 0.08510278165340424
2026-09-12 21:36:48,902 INFO Best AUROC test all: 0.7004985090395647, AUPR test all: 0.15869950124081658, AUROC test unknown: 0.843391416007824, AUPR test unknown: 0.16974863520402603
2026-09-12 21:36:52,323 INFO Epoch: 8, loss: 0.19337715208530426, labeled_loss: 0.3913128077983856, unnlabeled_loss: 1.9456108930171467e-05, mixup_loss: -1.9148786067962646, energy_loss: -0.0645752102136612
2026-09-12 21:36:52,323 INFO Best AUROC test all: 0.7104873268363004, AUPR test all: 0.16333586396239075, AUROC test unknown: 0.843391416007824, AUPR test unknown: 0.17019300601079557
2026-09-12 21:36:56,006 INFO Epoch: 9, loss: 0.19002197682857513, labeled_loss: 0.3806271255016327, unnlabeled_loss: 0.0022108808625489473, mixup_loss: -1.9273560047149658, energy_loss: 0.010250267572700977
2026-09-12 21:36:56,006 INFO Best AUROC test all: 0.7139534395766067, AUPR test all: 0.1638927981239471, AUROC test unknown: 0.843391416007824, AUPR test unknown: 0.17019300601079557
2026-09-12 21:37:00,038 INFO Epoch: 10, loss: 0.2024916559457779, labeled_loss: 0.3865699768066406, unnlabeled_loss: 0.008304811082780361, mixup_loss: -1.9403711557388306, energy_loss: 0.05806392803788185
2026-09-12 21:37:00,039 INFO Best AUROC test all: 0.7166924622569784, AUPR test all: 0.1638927981239471, AUROC test unknown: 0.843391416007824, AUPR test unknown: 0.17019300601079557
2026-09-12 21:37:03,707 INFO Epoch: 11, loss: 0.1967528909444809, labeled_loss: 0.3920662999153137, unnlabeled_loss: 0.007532702758908272, mixup_loss: -1.952622890472412, energy_loss: -0.03817464038729668
2026-09-12 21:37:03,707 INFO Best AUROC test all: 0.7310025968383741, AUPR test all: 0.1689968125089812, AUROC test unknown: 0.843391416007824, AUPR test unknown: 0.17019300601079557
2026-09-12 21:37:07,561 INFO Epoch: 12, loss: 0.16874761879444122, labeled_loss: 0.375216543674469, unnlabeled_loss: 0.004196125082671642, mixup_loss: -1.9642208814620972, energy_loss: -0.1214488223195076
2026-09-12 21:37:07,561 INFO Best AUROC test all: 0.7424037540606455, AUPR test all: 0.1756511808274785, AUROC test unknown: 0.843391416007824, AUPR test unknown: 0.17019300601079557
2026-09-12 21:37:11,230 INFO Epoch: 13, loss: 0.16754759848117828, labeled_loss: 0.3729642927646637, unnlabeled_loss: 0.0015800709370523691, mixup_loss: -1.9676045179367065, energy_loss: -0.09446268528699875
2026-09-12 21:37:11,230 INFO Best AUROC test all: 0.7545684113865931, AUPR test all: 0.18967817343675478, AUROC test unknown: 0.843391416007824, AUPR test unknown: 0.17019300601079557
2026-09-12 21:37:14,823 INFO Epoch: 14, loss: 0.1529483199119568, labeled_loss: 0.36729586124420166, unnlabeled_loss: 2.8393857064656913e-05, mixup_loss: -1.9719603061676025, energy_loss: -0.17165690660476685
2026-09-12 21:37:14,823 INFO Best AUROC test all: 0.7545684113865931, AUPR test all: 0.239977785747984, AUROC test unknown: 0.843391416007824, AUPR test unknown: 0.17019300601079557
2026-09-12 21:37:18,509 INFO Epoch: 15, loss: 0.18857580423355103, labeled_loss: 0.36834684014320374, unnlabeled_loss: 0.0, mixup_loss: -1.974175214767456, energy_loss: 0.17646482586860657
2026-09-12 21:37:18,509 INFO Best AUROC test all: 0.7545684113865931, AUPR test all: 0.2559123236695268, AUROC test unknown: 0.843391416007824, AUPR test unknown: 0.17019300601079557
2026-09-12 21:37:22,196 INFO Epoch: 16, loss: 0.15514570474624634, labeled_loss: 0.3677317202091217, unnlabeled_loss: 0.0, mixup_loss: -1.9774872064590454, energy_loss: -0.148373082280159
2026-09-12 21:37:22,197 INFO Best AUROC test all: 0.7560722079050525, AUPR test all: 0.2559123236695268, AUROC test unknown: 0.843391416007824, AUPR test unknown: 0.17019300601079557
2026-09-12 21:37:25,869 INFO Epoch: 17, loss: 0.18234539031982422, labeled_loss: 0.36397191882133484, unnlabeled_loss: 1.3849006791133434e-05, mixup_loss: -1.9792735576629639, energy_loss: 0.16293926537036896
2026-09-12 21:37:25,870 INFO Best AUROC test all: 0.762953459324427, AUPR test all: 0.2559123236695268, AUROC test unknown: 0.843391416007824, AUPR test unknown: 0.17019300601079557
2026-09-12 21:37:29,645 INFO Epoch: 18, loss: 0.17853637039661407, labeled_loss: 0.363508015871048, unnlabeled_loss: 6.635449972236529e-05, mixup_loss: -1.9829342365264893, energy_loss: 0.13288624584674835
2026-09-12 21:37:29,645 INFO Best AUROC test all: 0.7699799806471361, AUPR test all: 0.2559123236695268, AUROC test unknown: 0.843391416007824, AUPR test unknown: 0.17019300601079557
2026-09-12 21:37:33,331 INFO Epoch: 19, loss: 0.17743569612503052, labeled_loss: 0.35807618498802185, unnlabeled_loss: 0.0005052072228863835, mixup_loss: -1.98536217212677, energy_loss: 0.17643122375011444
2026-09-12 21:37:33,331 INFO Best AUROC test all: 0.7738271028960179, AUPR test all: 0.2559123236695268, AUROC test unknown: 0.843391416007824, AUPR test unknown: 0.17019300601079557
2026-09-12 21:37:36,946 INFO Epoch: 20, loss: 0.15069682896137238, labeled_loss: 0.3569401204586029, unnlabeled_loss: 0.0016356974374502897, mixup_loss: -1.987264633178711, energy_loss: -0.08334670960903168
2026-09-12 21:37:36,947 INFO Best AUROC test all: 0.7777755561479901, AUPR test all: 0.2559123236695268, AUROC test unknown: 0.843391416007824, AUPR test unknown: 0.17019300601079557
2026-09-12 21:37:40,737 INFO Epoch: 21, loss: 0.14669989049434662, labeled_loss: 0.3538949191570282, unnlabeled_loss: 0.003986069932579994, mixup_loss: -1.9888648986816406, energy_loss: -0.10301552712917328
2026-09-12 21:37:40,737 INFO Best AUROC test all: 0.7820366420806305, AUPR test all: 0.2559123236695268, AUROC test unknown: 0.843391416007824, AUPR test unknown: 0.17019300601079557
2026-09-12 21:37:44,688 INFO Epoch: 22, loss: 0.1428723782300949, labeled_loss: 0.3476676940917969, unnlabeled_loss: 0.0043977838940918446, mixup_loss: -1.9895272254943848, energy_loss: -0.08041509240865707
2026-09-12 21:37:44,688 INFO Best AUROC test all: 0.7879786377953533, AUPR test all: 0.2559123236695268, AUROC test unknown: 0.843391416007824, AUPR test unknown: 0.17019300601079557
2026-09-12 21:37:49,146 INFO Epoch: 23, loss: 0.13684140145778656, labeled_loss: 0.34233036637306213, unnlabeled_loss: 0.004438275005668402, mixup_loss: -1.99031662940979, energy_loss: -0.08676446229219437
2026-09-12 21:37:49,146 INFO Best AUROC test all: 0.7925293995675228, AUPR test all: 0.2559123236695268, AUROC test unknown: 0.843391416007824, AUPR test unknown: 0.17019300601079557
2026-09-12 21:37:52,623 INFO Epoch: 24, loss: 0.14642813801765442, labeled_loss: 0.33356598019599915, unnlabeled_loss: 0.006111656315624714, mixup_loss: -1.9913914203643799, energy_loss: 0.08945462852716446
2026-09-12 21:37:52,623 INFO Best AUROC test all: 0.7945597223456461, AUPR test all: 0.2559123236695268, AUROC test unknown: 0.843391416007824, AUPR test unknown: 0.17019300601079557
2026-09-12 21:37:56,314 INFO Epoch: 25, loss: 0.13917814195156097, labeled_loss: 0.3306874930858612, unnlabeled_loss: 0.010195272043347359, mixup_loss: -1.9915874004364014, energy_loss: 0.025517739355564117
2026-09-12 21:37:56,314 INFO Best AUROC test all: 0.8042057920357041, AUPR test all: 0.2559123236695268, AUROC test unknown: 0.843391416007824, AUPR test unknown: 0.17019300601079557
2026-09-12 21:38:00,089 INFO Epoch: 26, loss: 0.12925077974796295, labeled_loss: 0.32698196172714233, unnlabeled_loss: 0.011346823535859585, mixup_loss: -1.992329716682434, energy_loss: -0.0417160727083683
2026-09-12 21:38:00,090 INFO Best AUROC test all: 0.8042057920357041, AUPR test all: 0.26081455495033623, AUROC test unknown: 0.843391416007824, AUPR test unknown: 0.17019300601079557
2026-09-12 21:38:03,815 INFO Epoch: 27, loss: 0.11969582736492157, labeled_loss: 0.3148689568042755, unnlabeled_loss: 0.013142826035618782, mixup_loss: -1.9931164979934692, energy_loss: -0.024328818544745445
2026-09-12 21:38:03,815 INFO Best AUROC test all: 0.8042057920357041, AUPR test all: 0.2696041841451839, AUROC test unknown: 0.843391416007824, AUPR test unknown: 0.17019300601079557
2026-09-12 21:38:07,456 INFO Epoch: 28, loss: 0.1142486184835434, labeled_loss: 0.30678167939186096, unnlabeled_loss: 0.013158655725419521, mixup_loss: -1.9935969114303589, energy_loss: 0.002472983906045556
2026-09-12 21:38:07,456 INFO Best AUROC test all: 0.8042057920357041, AUPR test all: 0.2796417215141067, AUROC test unknown: 0.843391416007824, AUPR test unknown: 0.17019300601079557
2026-09-12 21:38:10,961 INFO Epoch: 29, loss: 0.1186971366405487, labeled_loss: 0.3012208342552185, unnlabeled_loss: 0.020087290555238724, mixup_loss: -1.9939061403274536, energy_loss: 0.06823276728391647
2026-09-12 21:38:10,961 INFO Best AUROC test all: 0.8042057920357041, AUPR test all: 0.3057822679565209, AUROC test unknown: 0.843391416007824, AUPR test unknown: 0.17019300601079557
2026-09-12 21:38:14,794 INFO Epoch: 30, loss: 0.10603867471218109, labeled_loss: 0.2903750240802765, unnlabeled_loss: 0.018320830538868904, mixup_loss: -1.994381308555603, energy_loss: 0.05941358953714371
2026-09-12 21:38:14,794 INFO Best AUROC test all: 0.8042057920357041, AUPR test all: 0.33295740477708474, AUROC test unknown: 0.843391416007824, AUPR test unknown: 0.17019300601079557
2026-09-12 21:38:18,627 INFO Epoch: 31, loss: 0.1086055189371109, labeled_loss: 0.2888808846473694, unnlabeled_loss: 0.022114485502243042, mixup_loss: -1.994010090827942, energy_loss: 0.08068377524614334
2026-09-12 21:38:18,627 INFO Best AUROC test all: 0.8042057920357041, AUPR test all: 0.3694950593932861, AUROC test unknown: 0.843391416007824, AUPR test unknown: 0.17019300601079557
2026-09-12 21:38:22,329 INFO Epoch: 32, loss: 0.08367213606834412, labeled_loss: 0.272220641374588, unnlabeled_loss: 0.016959326341748238, mixup_loss: -1.9944936037063599, energy_loss: 0.024211978539824486
2026-09-12 21:38:22,329 INFO Best AUROC test all: 0.8042057920357041, AUPR test all: 0.3721536577701178, AUROC test unknown: 0.843391416007824, AUPR test unknown: 0.17019300601079557
2026-09-12 21:38:26,242 INFO Epoch: 33, loss: 0.08469800651073456, labeled_loss: 0.265133798122406, unnlabeled_loss: 0.022766347974538803, mixup_loss: -1.99434232711792, energy_loss: 0.0761527270078659
2026-09-12 21:38:26,242 INFO Best AUROC test all: 0.8042057920357041, AUPR test all: 0.38896812019620974, AUROC test unknown: 0.843391416007824, AUPR test unknown: 0.17019300601079557
2026-09-12 21:38:30,119 INFO Epoch: 34, loss: 0.056043967604637146, labeled_loss: 0.2427588701248169, unnlabeled_loss: 0.02246807888150215, mixup_loss: -1.994647741317749, energy_loss: 0.015158497728407383
2026-09-12 21:38:30,120 INFO Best AUROC test all: 0.8042057920357041, AUPR test all: 0.38896812019620974, AUROC test unknown: 0.843391416007824, AUPR test unknown: 0.17019300601079557
2026-09-12 21:38:33,950 INFO Epoch: 35, loss: 0.0623883455991745, labeled_loss: 0.24039344489574432, unnlabeled_loss: 0.024237345904111862, mixup_loss: -1.994877815246582, energy_loss: 0.09364005923271179
2026-09-12 21:38:33,950 INFO Best AUROC test all: 0.8042057920357041, AUPR test all: 0.3949740686129131, AUROC test unknown: 0.843391416007824, AUPR test unknown: 0.17019300601079557
2026-09-12 21:38:37,638 INFO Epoch: 36, loss: 0.035790130496025085, labeled_loss: 0.2154926061630249, unnlabeled_loss: 0.026976846158504486, mixup_loss: -1.9934256076812744, energy_loss: 0.06151661276817322
2026-09-12 21:38:37,638 INFO Best AUROC test all: 0.8042057920357041, AUPR test all: 0.4055923553822901, AUROC test unknown: 0.843391416007824, AUPR test unknown: 0.17019300601079557
2026-09-12 21:38:42,290 INFO Epoch: 37, loss: 0.023623421788215637, labeled_loss: 0.2010207176208496, unnlabeled_loss: 0.020586537197232246, mixup_loss: -1.9945954084396362, energy_loss: 0.1176895946264267
2026-09-12 21:38:42,290 INFO Best AUROC test all: 0.8042057920357041, AUPR test all: 0.4055923553822901, AUROC test unknown: 0.843391416007824, AUPR test unknown: 0.17019300601079557
2026-09-12 21:38:46,148 INFO Epoch: 38, loss: 0.01696448028087616, labeled_loss: 0.19233468174934387, unnlabeled_loss: 0.020547758787870407, mixup_loss: -1.9940952062606812, energy_loss: 0.13765454292297363
2026-09-12 21:38:46,148 INFO Best AUROC test all: 0.8042057920357041, AUPR test all: 0.4055923553822901, AUROC test unknown: 0.843391416007824, AUPR test unknown: 0.17019300601079557
2026-09-12 21:38:50,024 INFO Epoch: 39, loss: 0.010308697819709778, labeled_loss: 0.17981396615505219, unnlabeled_loss: 0.029851563274860382, mixup_loss: -1.9922910928726196, energy_loss: 0.14798054099082947
2026-09-12 21:38:50,024 INFO Best AUROC test all: 0.8042057920357041, AUPR test all: 0.4096566634060069, AUROC test unknown: 0.843391416007824, AUPR test unknown: 0.17019300601079557
2026-09-12 21:38:53,661 INFO Epoch: 40, loss: -0.005160480737686157, labeled_loss: 0.1660328209400177, unnlabeled_loss: 0.010290388017892838, mixup_loss: -1.995532751083374, energy_loss: 0.23214790225028992
2026-09-12 21:38:53,661 INFO Best AUROC test all: 0.8042057920357041, AUPR test all: 0.41285224896674616, AUROC test unknown: 0.843391416007824, AUPR test unknown: 0.17019300601079557
2026-09-12 21:38:57,879 INFO Epoch: 41, loss: -0.03924065828323364, labeled_loss: 0.1328599900007248, unnlabeled_loss: 0.016255542635917664, mixup_loss: -1.9953175783157349, energy_loss: 0.19303353130817413
2026-09-12 21:38:57,879 INFO Best AUROC test all: 0.8042057920357041, AUPR test all: 0.41285224896674616, AUROC test unknown: 0.843391416007824, AUPR test unknown: 0.17019300601079557
2026-09-12 21:39:02,701 INFO Epoch: 42, loss: -0.05387240648269653, labeled_loss: 0.14481115341186523, unnlabeled_loss: 0.0327066108584404, mixup_loss: -1.9951434135437012, energy_loss: -0.15522520244121552
2026-09-12 21:39:02,701 INFO Best AUROC test all: 0.8042057920357041, AUPR test all: 0.41584062104495534, AUROC test unknown: 0.843391416007824, AUPR test unknown: 0.17019300601079557
2026-09-12 21:39:06,368 INFO Epoch: 43, loss: -0.02688710391521454, labeled_loss: 0.14079199731349945, unnlabeled_loss: 0.006437929347157478, mixup_loss: -1.9961720705032349, energy_loss: 0.2871914505958557
2026-09-12 21:39:06,368 INFO Best AUROC test all: 0.8042057920357041, AUPR test all: 0.41702077106348834, AUROC test unknown: 0.843391416007824, AUPR test unknown: 0.17019300601079557
2026-09-12 21:39:10,178 INFO Epoch: 44, loss: -0.028720512986183167, labeled_loss: 0.1370484083890915, unnlabeled_loss: 0.005822384264320135, mixup_loss: -1.9962985515594482, energy_loss: 0.3094974160194397
2026-09-12 21:39:10,178 INFO Best AUROC test all: 0.8042057920357041, AUPR test all: 0.41702077106348834, AUROC test unknown: 0.843391416007824, AUPR test unknown: 0.17019300601079557
2026-09-12 21:39:14,090 INFO Epoch: 45, loss: -0.03474155068397522, labeled_loss: 0.13445062935352325, unnlabeled_loss: 0.02186562307178974, mixup_loss: -1.9964802265167236, energy_loss: 0.19523027539253235
2026-09-12 21:39:14,090 INFO Best AUROC test all: 0.8042057920357041, AUPR test all: 0.41702077106348834, AUROC test unknown: 0.843391416007824, AUPR test unknown: 0.17019300601079557
2026-09-12 21:39:17,896 INFO Epoch: 46, loss: -0.05969780683517456, labeled_loss: 0.1080377846956253, unnlabeled_loss: 0.016615113243460655, mixup_loss: -1.9970263242721558, energy_loss: 0.23659485578536987
2026-09-12 21:39:17,896 INFO Best AUROC test all: 0.8042057920357041, AUPR test all: 0.4186099772920366, AUROC test unknown: 0.843391416007824, AUPR test unknown: 0.17019300601079557
2026-09-12 21:39:21,754 INFO Epoch: 47, loss: -0.03575928509235382, labeled_loss: 0.12641973793506622, unnlabeled_loss: 0.004941487684845924, mixup_loss: -1.9971528053283691, energy_loss: 0.35065510869026184
2026-09-12 21:39:21,754 INFO Best AUROC test all: 0.8042057920357041, AUPR test all: 0.4186099772920366, AUROC test unknown: 0.843391416007824, AUPR test unknown: 0.17019300601079557
2026-09-12 21:39:25,580 INFO Epoch: 48, loss: -0.06949952244758606, labeled_loss: 0.0948929637670517, unnlabeled_loss: 0.007309792563319206, mixup_loss: -1.9971446990966797, energy_loss: 0.31667086482048035
2026-09-12 21:39:25,580 INFO Best AUROC test all: 0.8042057920357041, AUPR test all: 0.4186099772920366, AUROC test unknown: 0.843391416007824, AUPR test unknown: 0.17019300601079557
2026-09-12 21:39:29,422 INFO Epoch: 49, loss: -0.07840286195278168, labeled_loss: 0.08894240856170654, unnlabeled_loss: 0.012932960875332355, mixup_loss: -1.9972456693649292, energy_loss: 0.25912824273109436
2026-09-12 21:39:29,423 INFO Best AUROC test all: 0.8042057920357041, AUPR test all: 0.4186099772920366, AUROC test unknown: 0.843391416007824, AUPR test unknown: 0.17019300601079557
2026-09-12 21:39:33,478 INFO Epoch: 50, loss: -0.0755256786942482, labeled_loss: 0.10730533301830292, unnlabeled_loss: 0.029609009623527527, mixup_loss: -1.9974123239517212, energy_loss: 0.021057162433862686
2026-09-12 21:39:33,478 INFO Best AUROC test all: 0.8042057920357041, AUPR test all: 0.4186099772920366, AUROC test unknown: 0.843391416007824, AUPR test unknown: 0.17019300601079557
2026-09-12 21:39:37,132 INFO Epoch: 51, loss: -0.06968334317207336, labeled_loss: 0.09466112405061722, unnlabeled_loss: 0.006571400910615921, mixup_loss: -1.9963845014572144, energy_loss: 0.32008281350135803
2026-09-12 21:39:37,132 INFO Best AUROC test all: 0.8042057920357041, AUPR test all: 0.4186099772920366, AUROC test unknown: 0.843391416007824, AUPR test unknown: 0.17019300601079557
2026-09-12 21:39:40,382 INFO Epoch: 52, loss: -0.043884679675102234, labeled_loss: 0.11390853673219681, unnlabeled_loss: 0.0032014911994338036, mixup_loss: -1.996120572090149, energy_loss: 0.4021809995174408
2026-09-12 21:39:40,382 INFO Best AUROC test all: 0.8042057920357041, AUPR test all: 0.4186099772920366, AUROC test unknown: 0.843391416007824, AUPR test unknown: 0.17019300601079557
2026-09-12 21:39:43,953 INFO Epoch: 53, loss: -0.08780194073915482, labeled_loss: 0.07755951583385468, unnlabeled_loss: 0.0173646230250597, mixup_loss: -1.997424602508545, energy_loss: 0.2569870054721832
2026-09-12 21:39:43,953 INFO Best AUROC test all: 0.8042057920357041, AUPR test all: 0.4186099772920366, AUROC test unknown: 0.843391416007824, AUPR test unknown: 0.17019300601079557
2026-09-12 21:39:47,742 INFO Epoch: 54, loss: -0.07366590201854706, labeled_loss: 0.09156718850135803, unnlabeled_loss: 0.03468317538499832, mixup_loss: -1.9978998899459839, energy_loss: 0.1721530705690384
2026-09-12 21:39:47,743 INFO Best AUROC test all: 0.8042057920357041, AUPR test all: 0.42148617064528127, AUROC test unknown: 0.843391416007824, AUPR test unknown: 0.17019300601079557
2026-09-12 21:39:51,694 INFO Epoch: 55, loss: -0.10526356101036072, labeled_loss: 0.05640390142798424, unnlabeled_loss: 0.008964534848928452, mixup_loss: -1.99759840965271, energy_loss: 0.33610111474990845
2026-09-12 21:39:51,694 INFO Best AUROC test all: 0.8042057920357041, AUPR test all: 0.4237669406699511, AUROC test unknown: 0.843391416007824, AUPR test unknown: 0.17019300601079557
2026-09-12 21:39:55,830 INFO Epoch: 56, loss: -0.034694164991378784, labeled_loss: 0.11640248447656631, unnlabeled_loss: 0.004086095839738846, mixup_loss: -1.9965794086456299, energy_loss: 0.46518245339393616
2026-09-12 21:39:55,831 INFO Best AUROC test all: 0.8042057920357041, AUPR test all: 0.4262799243187613, AUROC test unknown: 0.843391416007824, AUPR test unknown: 0.17019300601079557
2026-09-12 21:39:59,537 INFO Epoch: 57, loss: -0.08828936517238617, labeled_loss: 0.06598807871341705, unnlabeled_loss: 0.02344220131635666, mixup_loss: -1.9979150295257568, energy_loss: 0.3379296362400055
2026-09-12 21:39:59,538 INFO Best AUROC test all: 0.8042057920357041, AUPR test all: 0.4262799243187613, AUROC test unknown: 0.843391416007824, AUPR test unknown: 0.17019300601079557
2026-09-12 21:40:03,241 INFO Epoch: 58, loss: -0.06499475240707397, labeled_loss: 0.09836316853761673, unnlabeled_loss: 0.06715130060911179, mixup_loss: -1.9976789951324463, energy_loss: 0.028343237936496735
2026-09-12 21:40:03,241 INFO Best AUROC test all: 0.8042057920357041, AUPR test all: 0.4262799243187613, AUROC test unknown: 0.843391416007824, AUPR test unknown: 0.17019300601079557
2026-09-12 21:40:07,146 INFO Epoch: 59, loss: -0.10071360319852829, labeled_loss: 0.05134725570678711, unnlabeled_loss: 0.02980082295835018, mixup_loss: -1.997779130935669, energy_loss: 0.3281664252281189
2026-09-12 21:40:07,146 INFO Best AUROC test all: 0.8042057920357041, AUPR test all: 0.4262799243187613, AUROC test unknown: 0.843391416007824, AUPR test unknown: 0.17019300601079557
2026-09-12 21:40:10,946 INFO Epoch: 60, loss: -0.05815671384334564, labeled_loss: 0.09195262938737869, unnlabeled_loss: 0.004749833606183529, mixup_loss: -1.9971868991851807, energy_loss: 0.47234436869621277
2026-09-12 21:40:10,946 INFO Best AUROC test all: 0.8042057920357041, AUPR test all: 0.4262799243187613, AUROC test unknown: 0.843391416007824, AUPR test unknown: 0.17019300601079557
2026-09-12 21:40:14,709 INFO Epoch: 61, loss: -0.07980459183454514, labeled_loss: 0.06836532801389694, unnlabeled_loss: 0.011389980092644691, mixup_loss: -1.997938632965088, energy_loss: 0.45928946137428284
2026-09-12 21:40:14,709 INFO Best AUROC test all: 0.8042057920357041, AUPR test all: 0.4262799243187613, AUROC test unknown: 0.843391416007824, AUPR test unknown: 0.17019300601079557
2026-09-12 21:40:18,879 INFO Epoch: 62, loss: -0.0921219065785408, labeled_loss: 0.05878766253590584, unnlabeled_loss: 0.02120095118880272, mixup_loss: -1.998650074005127, energy_loss: 0.38354966044425964
2026-09-12 21:40:18,879 INFO Best AUROC test all: 0.8042057920357041, AUPR test all: 0.4262799243187613, AUROC test unknown: 0.843391416007824, AUPR test unknown: 0.17019300601079557
2026-09-12 21:40:22,567 INFO Epoch: 63, loss: -0.07802300900220871, labeled_loss: 0.070114865899086, unnlabeled_loss: 0.056401509791612625, mixup_loss: -1.9982163906097412, energy_loss: 0.23483005166053772
2026-09-12 21:40:22,568 INFO Best AUROC test all: 0.8042057920357041, AUPR test all: 0.4262799243187613, AUROC test unknown: 0.843391416007824, AUPR test unknown: 0.17019300601079557
2026-09-12 21:40:26,217 INFO Epoch: 64, loss: -0.10766980051994324, labeled_loss: 0.05919996276497841, unnlabeled_loss: 0.013122591190040112, mixup_loss: -1.9987825155258179, energy_loss: 0.26447200775146484
2026-09-12 21:40:26,217 INFO Best AUROC test all: 0.8042057920357041, AUPR test all: 0.4262799243187613, AUROC test unknown: 0.843391416007824, AUPR test unknown: 0.17019300601079557
2026-09-12 21:40:30,428 INFO Epoch: 65, loss: -0.09693925827741623, labeled_loss: 0.06388379633426666, unnlabeled_loss: 0.015854883939027786, mixup_loss: -1.9987385272979736, energy_loss: 0.3112335503101349
2026-09-12 21:40:30,428 INFO Best AUROC test all: 0.8042057920357041, AUPR test all: 0.4262799243187613, AUROC test unknown: 0.843391416007824, AUPR test unknown: 0.17019300601079557
2026-09-12 21:40:34,404 INFO Epoch: 66, loss: -0.09369440376758575, labeled_loss: 0.06628398597240448, unnlabeled_loss: 0.01774274930357933, mixup_loss: -1.9984911680221558, energy_loss: 0.3099935054779053
2026-09-12 21:40:34,404 INFO Best AUROC test all: 0.8042057920357041, AUPR test all: 0.4262799243187613, AUROC test unknown: 0.843391416007824, AUPR test unknown: 0.17019300601079557
2026-09-12 21:40:37,880 INFO Epoch: 67, loss: -0.11678220331668854, labeled_loss: 0.047842878848314285, unnlabeled_loss: 0.01777147687971592, mixup_loss: -1.9989399909973145, energy_loss: 0.2638317048549652
2026-09-12 21:40:37,880 INFO Best AUROC test all: 0.8042057920357041, AUPR test all: 0.4262799243187613, AUROC test unknown: 0.843391416007824, AUPR test unknown: 0.17019300601079557
2026-09-12 21:40:41,867 INFO Epoch: 68, loss: -0.10993057489395142, labeled_loss: 0.05087908357381821, unnlabeled_loss: 0.02134326845407486, mixup_loss: -1.9989827871322632, energy_loss: 0.28416991233825684
2026-09-12 21:40:41,867 INFO Best AUROC test all: 0.8042057920357041, AUPR test all: 0.427530025359659, AUROC test unknown: 0.843391416007824, AUPR test unknown: 0.17019300601079557
2026-09-12 21:40:45,611 INFO Epoch: 69, loss: -0.1074007973074913, labeled_loss: 0.052309636026620865, unnlabeled_loss: 0.0314875990152359, mixup_loss: -1.9988739490509033, energy_loss: 0.24433158338069916
2026-09-12 21:40:45,611 INFO Best AUROC test all: 0.8042057920357041, AUPR test all: 0.427530025359659, AUROC test unknown: 0.843391416007824, AUPR test unknown: 0.17019300601079557
2026-09-12 21:40:49,464 INFO Epoch: 70, loss: -0.11628162860870361, labeled_loss: 0.049125317484140396, unnlabeled_loss: 0.015788638964295387, mixup_loss: -1.9990040063858032, energy_loss: 0.2659913897514343
2026-09-12 21:40:49,464 INFO Best AUROC test all: 0.8042057920357041, AUPR test all: 0.427530025359659, AUROC test unknown: 0.843391416007824, AUPR test unknown: 0.17019300601079557
2026-09-12 21:40:53,298 INFO Epoch: 71, loss: -0.10918945074081421, labeled_loss: 0.05232110619544983, unnlabeled_loss: 0.017092851921916008, mixup_loss: -1.9988858699798584, energy_loss: 0.29831603169441223
2026-09-12 21:40:53,298 INFO Best AUROC test all: 0.8042057920357041, AUPR test all: 0.427530025359659, AUROC test unknown: 0.843391416007824, AUPR test unknown: 0.17019300601079557
2026-09-12 21:40:57,167 INFO Epoch: 72, loss: -0.13415071368217468, labeled_loss: 0.03633404150605202, unnlabeled_loss: 0.010823298245668411, mixup_loss: -1.9987902641296387, energy_loss: 0.23982632160186768
2026-09-12 21:40:57,167 INFO Best AUROC test all: 0.8042057920357041, AUPR test all: 0.427530025359659, AUROC test unknown: 0.843391416007824, AUPR test unknown: 0.17019300601079557
2026-09-12 21:41:00,851 INFO Epoch: 73, loss: -0.10941287875175476, labeled_loss: 0.03727339953184128, unnlabeled_loss: 0.05615155026316643, mixup_loss: -1.9984875917434692, energy_loss: 0.25086697936058044
2026-09-12 21:41:00,851 INFO Best AUROC test all: 0.8042057920357041, AUPR test all: 0.427530025359659, AUROC test unknown: 0.843391416007824, AUPR test unknown: 0.17019300601079557
2026-09-12 21:41:04,623 INFO Epoch: 74, loss: -0.12037955224514008, labeled_loss: 0.04742740839719772, unnlabeled_loss: 0.009897056967020035, mixup_loss: -1.9990464448928833, energy_loss: 0.2714916169643402
2026-09-12 21:41:04,623 INFO Best AUROC test all: 0.8042057920357041, AUPR test all: 0.42857053870414763, AUROC test unknown: 0.843391416007824, AUPR test unknown: 0.17019300601079557
2026-09-12 21:41:07,962 INFO Epoch: 75, loss: -0.12000184506177902, labeled_loss: 0.0411454401910305, unnlabeled_loss: 0.03840290382504463, mixup_loss: -1.9989354610443115, energy_loss: 0.1954481303691864
2026-09-12 21:41:07,962 INFO Best AUROC test all: 0.8042057920357041, AUPR test all: 0.42857053870414763, AUROC test unknown: 0.843391416007824, AUPR test unknown: 0.17019300601079557
2026-09-12 21:41:11,217 INFO Epoch: 76, loss: -0.14234507083892822, labeled_loss: 0.036371346563100815, unnlabeled_loss: 0.04760328680276871, mixup_loss: -1.9988040924072266, energy_loss: -0.026376593858003616
2026-09-12 21:41:11,217 INFO Best AUROC test all: 0.8042057920357041, AUPR test all: 0.42857053870414763, AUROC test unknown: 0.843391416007824, AUPR test unknown: 0.17019300601079557
2026-09-12 21:41:14,959 INFO Epoch: 77, loss: -0.11405608803033829, labeled_loss: 0.03071148693561554, unnlabeled_loss: 0.05016206204891205, mixup_loss: -1.999194622039795, energy_loss: 0.300708532333374
2026-09-12 21:41:14,959 INFO Best AUROC test all: 0.8042057920357041, AUPR test all: 0.42857053870414763, AUROC test unknown: 0.843391416007824, AUPR test unknown: 0.17019300601079557
2026-09-12 21:41:18,662 INFO Epoch: 78, loss: -0.12340334802865982, labeled_loss: 0.040800392627716064, unnlabeled_loss: 0.01639622077345848, mixup_loss: -1.9989734888076782, energy_loss: 0.27495497465133667
2026-09-12 21:41:18,662 INFO Best AUROC test all: 0.8042057920357041, AUPR test all: 0.42857053870414763, AUROC test unknown: 0.843391416007824, AUPR test unknown: 0.17019300601079557
2026-09-12 21:41:22,344 INFO Epoch: 79, loss: -0.12383759766817093, labeled_loss: 0.038894619792699814, unnlabeled_loss: 0.015282544307410717, mixup_loss: -1.9987828731536865, energy_loss: 0.2950479984283447
2026-09-12 21:41:22,344 INFO Best AUROC test all: 0.8042057920357041, AUPR test all: 0.42857053870414763, AUROC test unknown: 0.843391416007824, AUPR test unknown: 0.17019300601079557
2026-09-12 21:41:26,843 INFO Epoch: 80, loss: -0.11246264725923538, labeled_loss: 0.026501042768359184, unnlabeled_loss: 0.062320511788129807, mixup_loss: -1.9988555908203125, energy_loss: 0.297616183757782
2026-09-12 21:41:26,843 INFO Best AUROC test all: 0.8042057920357041, AUPR test all: 0.42857053870414763, AUROC test unknown: 0.843391416007824, AUPR test unknown: 0.17019300601079557
2026-09-12 21:41:30,633 INFO Epoch: 81, loss: -0.10804992914199829, labeled_loss: 0.040064532309770584, unnlabeled_loss: 0.05265554413199425, mixup_loss: -1.9986845254898071, energy_loss: 0.254262238740921
2026-09-12 21:41:30,633 INFO Best AUROC test all: 0.8042057920357041, AUPR test all: 0.42857053870414763, AUROC test unknown: 0.843391416007824, AUPR test unknown: 0.17019300601079557
2026-09-12 21:41:34,510 INFO Epoch: 82, loss: -0.09127087891101837, labeled_loss: 0.04444368928670883, unnlabeled_loss: 0.07398071885108948, mixup_loss: -1.9991375207901, energy_loss: 0.2720882296562195
2026-09-12 21:41:34,510 INFO Best AUROC test all: 0.8042057920357041, AUPR test all: 0.42857053870414763, AUROC test unknown: 0.843391416007824, AUPR test unknown: 0.17019300601079557
2026-09-12 21:41:38,415 INFO Epoch: 83, loss: -0.09957388788461685, labeled_loss: 0.04013970494270325, unnlabeled_loss: 0.06129546836018562, mixup_loss: -1.99913489818573, energy_loss: 0.29552164673805237
2026-09-12 21:41:38,416 INFO Best AUROC test all: 0.8042057920357041, AUPR test all: 0.42857053870414763, AUROC test unknown: 0.843391416007824, AUPR test unknown: 0.17019300601079557
2026-09-12 21:41:42,246 INFO Epoch: 84, loss: -0.11612509191036224, labeled_loss: 0.03568360581994057, unnlabeled_loss: 0.03958585113286972, mixup_loss: -1.998695969581604, energy_loss: 0.28267982602119446
2026-09-12 21:41:42,246 INFO Best AUROC test all: 0.8042057920357041, AUPR test all: 0.42857053870414763, AUROC test unknown: 0.843391416007824, AUPR test unknown: 0.17019300601079557
2026-09-12 21:41:46,055 INFO Epoch: 85, loss: -0.1332026720046997, labeled_loss: 0.033623162657022476, unnlabeled_loss: 0.018564244732260704, mixup_loss: -1.9993155002593994, energy_loss: 0.23823584616184235
2026-09-12 21:41:46,055 INFO Best AUROC test all: 0.8042057920357041, AUPR test all: 0.42857053870414763, AUROC test unknown: 0.843391416007824, AUPR test unknown: 0.17019300601079557
2026-09-12 21:41:49,793 INFO Epoch: 86, loss: -0.12001583725214005, labeled_loss: 0.026670487597584724, unnlabeled_loss: 0.055197592824697495, mixup_loss: -1.998955249786377, energy_loss: 0.25610408186912537
2026-09-12 21:41:49,793 INFO Best AUROC test all: 0.8042057920357041, AUPR test all: 0.42857053870414763, AUROC test unknown: 0.843391416007824, AUPR test unknown: 0.17019300601079557
2026-09-12 21:41:53,531 INFO Epoch: 87, loss: -0.10134740173816681, labeled_loss: 0.029765678569674492, unnlabeled_loss: 0.07533470541238785, mixup_loss: -1.9989465475082397, energy_loss: 0.311142235994339
2026-09-12 21:41:53,531 INFO Best AUROC test all: 0.8042057920357041, AUPR test all: 0.42857053870414763, AUROC test unknown: 0.843391416007824, AUPR test unknown: 0.17019300601079557
2026-09-12 21:41:57,482 INFO Epoch: 88, loss: -0.1224249079823494, labeled_loss: 0.029709063470363617, unnlabeled_loss: 0.04239234700798988, mixup_loss: -1.9989159107208252, energy_loss: 0.26561450958251953
2026-09-12 21:41:57,482 INFO Best AUROC test all: 0.8042057920357041, AUPR test all: 0.42912518932813637, AUROC test unknown: 0.843391416007824, AUPR test unknown: 0.17019300601079557
2026-09-12 21:42:01,381 INFO Epoch: 89, loss: -0.12295474112033844, labeled_loss: 0.028730327263474464, unnlabeled_loss: 0.04433026164770126, mixup_loss: -1.9984474182128906, energy_loss: 0.2599455416202545
2026-09-12 21:42:01,382 INFO Best AUROC test all: 0.8042057920357041, AUPR test all: 0.42912518932813637, AUROC test unknown: 0.843391416007824, AUPR test unknown: 0.17019300601079557
2026-09-12 21:42:05,113 INFO Epoch: 90, loss: -0.12623921036720276, labeled_loss: 0.02446877211332321, unnlabeled_loss: 0.04709222540259361, mixup_loss: -1.9983630180358887, energy_loss: 0.2558220326900482
2026-09-12 21:42:05,113 INFO Best AUROC test all: 0.8042057920357041, AUPR test all: 0.4300097497288684, AUROC test unknown: 0.843391416007824, AUPR test unknown: 0.17019300601079557
2026-09-12 21:42:08,685 INFO Epoch: 91, loss: -0.09596589207649231, labeled_loss: 0.028350727632641792, unnlabeled_loss: 0.10213577002286911, mixup_loss: -1.9988662004470825, energy_loss: 0.24502114951610565
2026-09-12 21:42:08,685 INFO Best AUROC test all: 0.8042057920357041, AUPR test all: 0.43156071368431975, AUROC test unknown: 0.843391416007824, AUPR test unknown: 0.17019300601079557
2026-09-12 21:42:12,822 INFO Epoch: 92, loss: -0.11263271421194077, labeled_loss: 0.033937014639377594, unnlabeled_loss: 0.059280674904584885, mixup_loss: -1.9978779554367065, energy_loss: 0.23577730357646942
2026-09-12 21:42:12,822 INFO Best AUROC test all: 0.8042057920357041, AUPR test all: 0.43156071368431975, AUROC test unknown: 0.843391416007824, AUPR test unknown: 0.17019300601079557
2026-09-12 21:42:16,607 INFO Epoch: 93, loss: -0.1461852490901947, labeled_loss: 0.031586721539497375, unnlabeled_loss: 0.01679026521742344, mixup_loss: -1.9985772371292114, energy_loss: 0.13690617680549622
2026-09-12 21:42:16,607 INFO Best AUROC test all: 0.8042057920357041, AUPR test all: 0.43156071368431975, AUROC test unknown: 0.843391416007824, AUPR test unknown: 0.17019300601079557
2026-09-12 21:42:20,796 INFO Epoch: 94, loss: -0.14580562710762024, labeled_loss: 0.02641250193119049, unnlabeled_loss: 0.013531426899135113, mixup_loss: -1.9976991415023804, energy_loss: 0.20786069333553314
2026-09-12 21:42:20,796 INFO Best AUROC test all: 0.8042057920357041, AUPR test all: 0.43156071368431975, AUROC test unknown: 0.843391416007824, AUPR test unknown: 0.17019300601079557
2026-09-12 21:42:24,561 INFO Epoch: 95, loss: -0.13003358244895935, labeled_loss: 0.03347913920879364, unnlabeled_loss: 0.04745771363377571, mixup_loss: -1.9976354837417603, energy_loss: 0.12521977722644806
2026-09-12 21:42:24,561 INFO Best AUROC test all: 0.8042057920357041, AUPR test all: 0.43156071368431975, AUROC test unknown: 0.843391416007824, AUPR test unknown: 0.17019300601079557
2026-09-12 21:42:28,442 INFO Epoch: 96, loss: -0.1117822676897049, labeled_loss: 0.028863081708550453, unnlabeled_loss: 0.09541517496109009, mixup_loss: -1.9985383749008179, energy_loss: 0.11500904709100723
2026-09-12 21:42:28,442 INFO Best AUROC test all: 0.8042057920357041, AUPR test all: 0.43156071368431975, AUROC test unknown: 0.843391416007824, AUPR test unknown: 0.17019300601079557
2026-09-12 21:42:32,409 INFO Epoch: 97, loss: -0.13147211074829102, labeled_loss: 0.02071147784590721, unnlabeled_loss: 0.030756719410419464, mixup_loss: -1.9987492561340332, energy_loss: 0.323129802942276
2026-09-12 21:42:32,409 INFO Best AUROC test all: 0.8042057920357041, AUPR test all: 0.43156071368431975, AUROC test unknown: 0.843391416007824, AUPR test unknown: 0.17019300601079557
2026-09-12 21:42:36,071 INFO Epoch: 98, loss: -0.12003114074468613, labeled_loss: 0.021959558129310608, unnlabeled_loss: 0.04970226064324379, mixup_loss: -1.9982019662857056, energy_loss: 0.32978373765945435
2026-09-12 21:42:36,071 INFO Best AUROC test all: 0.8042057920357041, AUPR test all: 0.43156071368431975, AUROC test unknown: 0.843391416007824, AUPR test unknown: 0.17019300601079557
2026-09-12 21:42:40,214 INFO Epoch: 99, loss: -0.11848165839910507, labeled_loss: 0.029663415625691414, unnlabeled_loss: 0.06961321085691452, mixup_loss: -1.9983341693878174, energy_loss: 0.1688174307346344
2026-09-12 21:42:40,214 INFO Best AUROC test all: 0.8042057920357041, AUPR test all: 0.43156071368431975, AUROC test unknown: 0.843391416007824, AUPR test unknown: 0.17019300601079557
2026-09-12 21:42:43,848 INFO Epoch: 100, loss: -0.10286378860473633, labeled_loss: 0.02275177650153637, unnlabeled_loss: 0.10175204277038574, mixup_loss: -1.9985311031341553, energy_loss: 0.23361515998840332
2026-09-12 21:42:43,848 INFO Best AUROC test all: 0.8042057920357041, AUPR test all: 0.43156071368431975, AUROC test unknown: 0.843391416007824, AUPR test unknown: 0.17019300601079557
2026-09-12 21:42:47,571 INFO Epoch: 101, loss: -0.1338900625705719, labeled_loss: 0.019081473350524902, unnlabeled_loss: 0.06268975883722305, mixup_loss: -1.998655080795288, energy_loss: 0.15549089014530182
2026-09-12 21:42:47,571 INFO Best AUROC test all: 0.8042057920357041, AUPR test all: 0.43156071368431975, AUROC test unknown: 0.843391416007824, AUPR test unknown: 0.17019300601079557
2026-09-12 21:42:51,361 INFO Epoch: 102, loss: -0.15963205695152283, labeled_loss: 0.017332101240754128, unnlabeled_loss: 0.015107739716768265, mixup_loss: -1.9972602128982544, energy_loss: 0.15208004415035248
2026-09-12 21:42:51,362 INFO Best AUROC test all: 0.8042057920357041, AUPR test all: 0.43156071368431975, AUROC test unknown: 0.843391416007824, AUPR test unknown: 0.17019300601079557
2026-09-12 21:42:55,326 INFO Epoch: 103, loss: -0.14653457701206207, labeled_loss: 0.023836413398385048, unnlabeled_loss: 0.036875706166028976, mixup_loss: -1.998618721961975, energy_loss: 0.11053023487329483
2026-09-12 21:42:55,326 INFO Best AUROC test all: 0.8042057920357041, AUPR test all: 0.43156071368431975, AUROC test unknown: 0.843391416007824, AUPR test unknown: 0.17019300601079557
2026-09-12 21:42:58,849 INFO Epoch: 104, loss: -0.13882678747177124, labeled_loss: 0.018318893387913704, unnlabeled_loss: 0.04885026812553406, mixup_loss: -1.997467279434204, energy_loss: 0.18175911903381348
2026-09-12 21:42:58,849 INFO Best AUROC test all: 0.8042057920357041, AUPR test all: 0.43156071368431975, AUROC test unknown: 0.843391416007824, AUPR test unknown: 0.17019300601079557
2026-09-12 21:43:02,471 INFO Epoch: 105, loss: -0.15829086303710938, labeled_loss: 0.025322800502181053, unnlabeled_loss: 0.01832282915711403, mixup_loss: -1.9987576007843018, energy_loss: 0.0710068866610527
2026-09-12 21:43:02,471 INFO Best AUROC test all: 0.8042057920357041, AUPR test all: 0.43156071368431975, AUROC test unknown: 0.843391416007824, AUPR test unknown: 0.17019300601079557
2026-09-12 21:43:06,599 INFO Epoch: 106, loss: -0.1351945698261261, labeled_loss: 0.013366229832172394, unnlabeled_loss: 0.06766791641712189, mixup_loss: -1.9978909492492676, energy_loss: 0.1739433854818344
2026-09-12 21:43:06,599 INFO Best AUROC test all: 0.8042057920357041, AUPR test all: 0.43156071368431975, AUROC test unknown: 0.843391416007824, AUPR test unknown: 0.17019300601079557
2026-09-12 21:43:10,560 INFO Epoch: 107, loss: -0.11825434863567352, labeled_loss: 0.017901355400681496, unnlabeled_loss: 0.05951756611466408, mixup_loss: -1.9984439611434937, energy_loss: 0.33929917216300964
2026-09-12 21:43:10,560 INFO Best AUROC test all: 0.8042057920357041, AUPR test all: 0.43156071368431975, AUROC test unknown: 0.843391416007824, AUPR test unknown: 0.17019300601079557
2026-09-12 21:43:14,433 INFO Epoch: 108, loss: -0.12356822937726974, labeled_loss: 0.02164636179804802, unnlabeled_loss: 0.04041757434606552, mixup_loss: -1.9975651502609253, energy_loss: 0.34333139657974243
2026-09-12 21:43:14,433 INFO Best AUROC test all: 0.8042057920357041, AUPR test all: 0.43156071368431975, AUROC test unknown: 0.843391416007824, AUPR test unknown: 0.17019300601079557
2026-09-12 21:43:18,211 INFO Epoch: 109, loss: -0.12652675807476044, labeled_loss: 0.022836381569504738, unnlabeled_loss: 0.09668191522359848, mixup_loss: -1.9981974363327026, energy_loss: 0.02115643583238125
2026-09-12 21:43:18,211 INFO Best AUROC test all: 0.8042057920357041, AUPR test all: 0.43156071368431975, AUROC test unknown: 0.843391416007824, AUPR test unknown: 0.17019300601079557
2026-09-12 21:43:22,026 INFO Epoch: 110, loss: -0.16039104759693146, labeled_loss: 0.019637953490018845, unnlabeled_loss: 0.04143545404076576, mixup_loss: -1.997072696685791, energy_loss: -0.010394547134637833
2026-09-12 21:43:22,026 INFO Best AUROC test all: 0.8042057920357041, AUPR test all: 0.43156071368431975, AUROC test unknown: 0.843391416007824, AUPR test unknown: 0.17019300601079557
2026-09-12 21:43:25,959 INFO Epoch: 111, loss: -0.1445986032485962, labeled_loss: 0.047014959156513214, unnlabeled_loss: 0.03125736489892006, mixup_loss: -1.996734619140625, energy_loss: -0.07568787038326263
2026-09-12 21:43:25,959 INFO Best AUROC test all: 0.8042057920357041, AUPR test all: 0.43156071368431975, AUROC test unknown: 0.843391416007824, AUPR test unknown: 0.17019300601079557
2026-09-12 21:43:29,666 INFO Epoch: 112, loss: -0.10770289599895477, labeled_loss: 0.03167888894677162, unnlabeled_loss: 0.07532235234975815, mixup_loss: -1.9920722246170044, energy_loss: 0.22164270281791687
2026-09-12 21:43:29,666 INFO Best AUROC test all: 0.8042057920357041, AUPR test all: 0.43156071368431975, AUROC test unknown: 0.843391416007824, AUPR test unknown: 0.17019300601079557
2026-09-12 21:43:33,507 INFO Epoch: 113, loss: -0.14823594689369202, labeled_loss: 0.016958314925432205, unnlabeled_loss: 0.07860115170478821, mixup_loss: -1.9958209991455078, energy_loss: -0.049127351492643356
2026-09-12 21:43:33,507 INFO Best AUROC test all: 0.8042057920357041, AUPR test all: 0.43156071368431975, AUROC test unknown: 0.843391416007824, AUPR test unknown: 0.17019300601079557
2026-09-12 21:43:37,253 INFO Epoch: 114, loss: -0.10898540169000626, labeled_loss: 0.028804121538996696, unnlabeled_loss: 0.10119958221912384, mixup_loss: -1.9983168840408325, energy_loss: 0.11442378908395767
2026-09-12 21:43:37,253 INFO Best AUROC test all: 0.8042057920357041, AUPR test all: 0.43156071368431975, AUROC test unknown: 0.843391416007824, AUPR test unknown: 0.17019300601079557
2026-09-12 21:43:41,153 INFO Epoch: 115, loss: -0.11344517767429352, labeled_loss: 0.029028816148638725, unnlabeled_loss: 0.08605583012104034, mixup_loss: -1.9918650388717651, energy_loss: 0.13684599101543427
2026-09-12 21:43:41,153 INFO Best AUROC test all: 0.8042057920357041, AUPR test all: 0.43156071368431975, AUROC test unknown: 0.843391416007824, AUPR test unknown: 0.17019300601079557
2026-09-12 21:43:44,767 INFO Epoch: 116, loss: -0.13856826722621918, labeled_loss: 0.02248324640095234, unnlabeled_loss: 0.0674826055765152, mixup_loss: -1.9940979480743408, energy_loss: 0.04616984724998474
2026-09-12 21:43:44,767 INFO Best AUROC test all: 0.8042057920357041, AUPR test all: 0.43156071368431975, AUROC test unknown: 0.843391416007824, AUPR test unknown: 0.17019300601079557
2026-09-12 21:43:48,469 INFO Epoch: 117, loss: -0.14233101904392242, labeled_loss: 0.019524309784173965, unnlabeled_loss: 0.06560984998941422, mixup_loss: -1.9980825185775757, energy_loss: 0.05147998780012131
2026-09-12 21:43:48,469 INFO Best AUROC test all: 0.8042057920357041, AUPR test all: 0.43156071368431975, AUROC test unknown: 0.843391416007824, AUPR test unknown: 0.17019300601079557
2026-09-12 21:43:52,379 INFO Epoch: 118, loss: -0.14325913786888123, labeled_loss: 0.026146309450268745, unnlabeled_loss: 0.06394274532794952, mixup_loss: -1.9956966638565063, energy_loss: -0.018071435391902924
2026-09-12 21:43:52,379 INFO Best AUROC test all: 0.8042057920357041, AUPR test all: 0.43156071368431975, AUROC test unknown: 0.843391416007824, AUPR test unknown: 0.17019300601079557
2026-09-12 21:43:57,167 INFO Epoch: 119, loss: -0.1783323585987091, labeled_loss: 0.012480314821004868, unnlabeled_loss: 0.04485253244638443, mixup_loss: -1.9982972145080566, energy_loss: -0.13409213721752167
2026-09-12 21:43:57,167 INFO Best AUROC test all: 0.8042057920357041, AUPR test all: 0.43156071368431975, AUROC test unknown: 0.843391416007824, AUPR test unknown: 0.17019300601079557
2026-09-12 21:44:00,881 INFO Epoch: 120, loss: -0.18276849389076233, labeled_loss: 0.025792106986045837, unnlabeled_loss: 0.031850431114435196, mixup_loss: -1.9973087310791016, energy_loss: -0.24754947423934937
2026-09-12 21:44:00,881 INFO Best AUROC test all: 0.8042057920357041, AUPR test all: 0.43156071368431975, AUROC test unknown: 0.843391416007824, AUPR test unknown: 0.17019300601079557
2026-09-12 21:44:04,635 INFO Epoch: 121, loss: -0.14676210284233093, labeled_loss: 0.005626914091408253, unnlabeled_loss: 0.020238665863871574, mixup_loss: -1.9987757205963135, energy_loss: 0.37369227409362793
2026-09-12 21:44:04,635 INFO Best AUROC test all: 0.8042057920357041, AUPR test all: 0.43156071368431975, AUROC test unknown: 0.843391416007824, AUPR test unknown: 0.17019300601079557
2026-09-12 21:44:09,049 INFO Epoch: 122, loss: -0.10180702805519104, labeled_loss: 0.02494368515908718, unnlabeled_loss: 0.10386870056390762, mixup_loss: -1.9965711832046509, energy_loss: 0.2097206711769104
2026-09-12 21:44:09,049 INFO Best AUROC test all: 0.8042057920357041, AUPR test all: 0.43156071368431975, AUROC test unknown: 0.843391416007824, AUPR test unknown: 0.17019300601079557
2026-09-12 21:44:13,192 INFO Epoch: 123, loss: -0.15909253060817719, labeled_loss: 0.020445337519049644, unnlabeled_loss: 0.02081400901079178, mixup_loss: -1.9966222047805786, energy_loss: 0.09717349708080292
2026-09-12 21:44:13,192 INFO Best AUROC test all: 0.8042057920357041, AUPR test all: 0.43156071368431975, AUROC test unknown: 0.843391416007824, AUPR test unknown: 0.17019300601079557
2026-09-12 21:44:17,299 INFO Epoch: 124, loss: -0.15607818961143494, labeled_loss: 0.0214601531624794, unnlabeled_loss: 0.03713644668459892, mixup_loss: -1.996113657951355, energy_loss: 0.035048022866249084
2026-09-12 21:44:17,299 INFO Best AUROC test all: 0.8042057920357041, AUPR test all: 0.43156071368431975, AUROC test unknown: 0.843391416007824, AUPR test unknown: 0.17019300601079557
2026-09-12 21:44:21,143 INFO Epoch: 125, loss: -0.12942007184028625, labeled_loss: 0.02375665493309498, unnlabeled_loss: 0.08943522721529007, mixup_loss: -1.998571753501892, energy_loss: 0.019628364592790604
2026-09-12 21:44:21,144 INFO Best AUROC test all: 0.8042057920357041, AUPR test all: 0.43156071368431975, AUROC test unknown: 0.843391416007824, AUPR test unknown: 0.17019300601079557
2026-09-12 21:44:25,254 INFO Epoch: 126, loss: -0.15027345716953278, labeled_loss: 0.024413876235485077, unnlabeled_loss: 0.03828117251396179, mixup_loss: -1.9975351095199585, energy_loss: 0.05925590172410011
2026-09-12 21:44:25,254 INFO Best AUROC test all: 0.8042057920357041, AUPR test all: 0.43156071368431975, AUROC test unknown: 0.843391416007824, AUPR test unknown: 0.17019300601079557
2026-09-12 21:44:28,994 INFO Epoch: 127, loss: -0.12128711491823196, labeled_loss: 0.015263400971889496, unnlabeled_loss: 0.060598086565732956, mixup_loss: -1.9968969821929932, energy_loss: 0.3284014165401459
2026-09-12 21:44:28,994 INFO Best AUROC test all: 0.8042057920357041, AUPR test all: 0.43156071368431975, AUROC test unknown: 0.843391416007824, AUPR test unknown: 0.17019300601079557
2026-09-12 21:44:32,669 INFO Epoch: 128, loss: -0.16733422875404358, labeled_loss: 0.022595565766096115, unnlabeled_loss: 0.06528759747743607, mixup_loss: -1.997051477432251, energy_loss: -0.22868429124355316
2026-09-12 21:44:32,669 INFO Best AUROC test all: 0.8042057920357041, AUPR test all: 0.43178147848967185, AUROC test unknown: 0.843391416007824, AUPR test unknown: 0.17019300601079557
2026-09-12 21:44:37,108 INFO Epoch: 129, loss: -0.13708044588565826, labeled_loss: 0.016664357855916023, unnlabeled_loss: 0.013627463020384312, mixup_loss: -1.9977444410324097, energy_loss: 0.3921590745449066
2026-09-12 21:44:37,109 INFO Best AUROC test all: 0.8042057920357041, AUPR test all: 0.43178147848967185, AUROC test unknown: 0.843391416007824, AUPR test unknown: 0.17019300601079557
2026-09-12 21:44:40,665 INFO Epoch: 130, loss: -0.15930825471878052, labeled_loss: 0.013611297123134136, unnlabeled_loss: 0.031816281378269196, mixup_loss: -1.9966830015182495, energy_loss: 0.10840611159801483
2026-09-12 21:44:40,665 INFO Best AUROC test all: 0.8042057920357041, AUPR test all: 0.43178147848967185, AUROC test unknown: 0.843391416007824, AUPR test unknown: 0.17019300601079557
2026-09-12 21:44:44,353 INFO Epoch: 131, loss: -0.15353509783744812, labeled_loss: 0.022270390763878822, unnlabeled_loss: 0.04225536435842514, mixup_loss: -1.9978642463684082, energy_loss: 0.028532473370432854
2026-09-12 21:44:44,353 INFO Best AUROC test all: 0.8042057920357041, AUPR test all: 0.43178147848967185, AUROC test unknown: 0.843391416007824, AUPR test unknown: 0.17019300601079557
2026-09-12 21:44:48,425 INFO Epoch: 132, loss: -0.17307418584823608, labeled_loss: 0.015241882763803005, unnlabeled_loss: 0.0294681154191494, mixup_loss: -1.9977102279663086, energy_loss: -0.032791007310152054
2026-09-12 21:44:48,425 INFO Best AUROC test all: 0.8042057920357041, AUPR test all: 0.43178147848967185, AUROC test unknown: 0.843391416007824, AUPR test unknown: 0.17019300601079557
2026-09-12 21:44:52,112 INFO Epoch: 133, loss: -0.16922876238822937, labeled_loss: 0.017523592337965965, unnlabeled_loss: 0.027343174442648888, mixup_loss: -1.9953880310058594, energy_loss: -0.008851289749145508
2026-09-12 21:44:52,113 INFO Best AUROC test all: 0.8042057920357041, AUPR test all: 0.43178147848967185, AUROC test unknown: 0.843391416007824, AUPR test unknown: 0.17019300601079557
2026-09-12 21:44:56,190 INFO Epoch: 134, loss: -0.1753825843334198, labeled_loss: 0.011784672737121582, unnlabeled_loss: 0.02446959912776947, mixup_loss: -1.997304916381836, energy_loss: 0.0032845016103237867
2026-09-12 21:44:56,190 INFO Best AUROC test all: 0.8042057920357041, AUPR test all: 0.43178147848967185, AUROC test unknown: 0.843391416007824, AUPR test unknown: 0.17019300601079557
2026-09-12 21:44:59,904 INFO Epoch: 135, loss: -0.12841616570949554, labeled_loss: 0.008477088995277882, unnlabeled_loss: 0.12144535779953003, mixup_loss: -1.9973664283752441, energy_loss: 0.02120709791779518
2026-09-12 21:44:59,905 INFO Best AUROC test all: 0.8042057920357041, AUPR test all: 0.43178147848967185, AUROC test unknown: 0.843391416007824, AUPR test unknown: 0.17019300601079557
2026-09-12 21:45:04,183 INFO Epoch: 136, loss: -0.17206302285194397, labeled_loss: 0.008645457215607166, unnlabeled_loss: 0.032253753393888474, mixup_loss: -1.9973100423812866, energy_loss: 0.028956536203622818
2026-09-12 21:45:04,183 INFO Best AUROC test all: 0.8042057920357041, AUPR test all: 0.43178147848967185, AUROC test unknown: 0.843391416007824, AUPR test unknown: 0.17019300601079557
2026-09-12 21:45:07,875 INFO Epoch: 137, loss: -0.1935143619775772, labeled_loss: 0.013790442608296871, unnlabeled_loss: 0.02038165181875229, mixup_loss: -1.9964630603790283, energy_loss: -0.17849327623844147
2026-09-12 21:45:07,875 INFO Best AUROC test all: 0.8042057920357041, AUPR test all: 0.43193720252729473, AUROC test unknown: 0.843391416007824, AUPR test unknown: 0.17019300601079557
2026-09-12 21:45:11,528 INFO Epoch: 138, loss: -0.12162840366363525, labeled_loss: 0.02170625515282154, unnlabeled_loss: 0.07354439049959183, mixup_loss: -1.9972158670425415, energy_loss: 0.1961473822593689
2026-09-12 21:45:11,528 INFO Best AUROC test all: 0.8042057920357041, AUPR test all: 0.43193720252729473, AUROC test unknown: 0.843391416007824, AUPR test unknown: 0.17019300601079557
2026-09-12 21:45:15,595 INFO Epoch: 139, loss: -0.07024694979190826, labeled_loss: 0.024801813066005707, unnlabeled_loss: 0.2057563066482544, mixup_loss: -1.9965628385543823, energy_loss: 0.017293814569711685
2026-09-12 21:45:15,595 INFO Best AUROC test all: 0.8042057920357041, AUPR test all: 0.43193720252729473, AUROC test unknown: 0.843391416007824, AUPR test unknown: 0.17019300601079557
2026-09-12 21:45:19,553 INFO Epoch: 140, loss: -0.13594117760658264, labeled_loss: 0.01279439963400364, unnlabeled_loss: 0.09132731705904007, mixup_loss: -1.9984537363052368, energy_loss: 0.05446135997772217
2026-09-12 21:45:19,553 INFO Best AUROC test all: 0.8042057920357041, AUPR test all: 0.43193720252729473, AUROC test unknown: 0.843391416007824, AUPR test unknown: 0.17019300601079557
2026-09-12 21:45:23,400 INFO Epoch: 141, loss: -0.16587501764297485, labeled_loss: 0.030567465350031853, unnlabeled_loss: 0.01611616462469101, mixup_loss: -1.9949334859848022, energy_loss: -0.05007217451930046
2026-09-12 21:45:23,401 INFO Best AUROC test all: 0.8042057920357041, AUPR test all: 0.43193720252729473, AUROC test unknown: 0.843391416007824, AUPR test unknown: 0.17019300601079557
2026-09-12 21:45:27,463 INFO Epoch: 142, loss: -0.12710663676261902, labeled_loss: 0.010201642289757729, unnlabeled_loss: 0.1137804165482521, mixup_loss: -1.9988287687301636, energy_loss: 0.05684395506978035
2026-09-12 21:45:27,463 INFO Best AUROC test all: 0.8042057920357041, AUPR test all: 0.43193720252729473, AUROC test unknown: 0.843391416007824, AUPR test unknown: 0.17019300601079557
2026-09-12 21:45:31,212 INFO Epoch: 143, loss: -0.13527849316596985, labeled_loss: 0.017196236178278923, unnlabeled_loss: 0.09420563280582428, mixup_loss: -1.9981516599655151, energy_loss: 0.002376210642978549
2026-09-12 21:45:31,212 INFO Best AUROC test all: 0.8042057920357041, AUPR test all: 0.43193720252729473, AUROC test unknown: 0.843391416007824, AUPR test unknown: 0.17019300601079557
2026-09-12 21:45:35,004 INFO Epoch: 144, loss: -0.13828524947166443, labeled_loss: 0.028345875442028046, unnlabeled_loss: 0.07336101680994034, mixup_loss: -1.998592734336853, energy_loss: -0.034523528069257736
2026-09-12 21:45:35,004 INFO Best AUROC test all: 0.8042057920357041, AUPR test all: 0.43193720252729473, AUROC test unknown: 0.843391416007824, AUPR test unknown: 0.17019300601079557
2026-09-12 21:45:38,673 INFO Epoch: 145, loss: -0.14337047934532166, labeled_loss: 0.03351731225848198, unnlabeled_loss: 0.05039707198739052, mixup_loss: -1.9987871646881104, energy_loss: -0.022076144814491272
2026-09-12 21:45:38,673 INFO Best AUROC test all: 0.8042057920357041, AUPR test all: 0.43193720252729473, AUROC test unknown: 0.843391416007824, AUPR test unknown: 0.17019300601079557
2026-09-12 21:45:42,168 INFO Epoch: 146, loss: -0.11111195385456085, labeled_loss: 0.024165961891412735, unnlabeled_loss: 0.10557065159082413, mixup_loss: -1.9974433183670044, energy_loss: 0.1168108880519867
2026-09-12 21:45:42,168 INFO Best AUROC test all: 0.8042057920357041, AUPR test all: 0.43193720252729473, AUROC test unknown: 0.843391416007824, AUPR test unknown: 0.17019300601079557
2026-09-12 21:45:45,820 INFO Epoch: 147, loss: -0.11946608126163483, labeled_loss: 0.03159492462873459, unnlabeled_loss: 0.09066401422023773, mixup_loss: -1.9974864721298218, energy_loss: 0.03355635330080986
2026-09-12 21:45:45,820 INFO Best AUROC test all: 0.8042057920357041, AUPR test all: 0.43193720252729473, AUROC test unknown: 0.843391416007824, AUPR test unknown: 0.17019300601079557
2026-09-12 21:45:49,524 INFO Epoch: 148, loss: -0.14691157639026642, labeled_loss: 0.01802491955459118, unnlabeled_loss: 0.0301196426153183, mixup_loss: -1.9986284971237183, energy_loss: 0.19866535067558289
2026-09-12 21:45:49,524 INFO Best AUROC test all: 0.8042057920357041, AUPR test all: 0.4333012584887841, AUROC test unknown: 0.843391416007824, AUPR test unknown: 0.17019300601079557
2026-09-12 21:45:53,160 INFO Epoch: 149, loss: -0.1167277917265892, labeled_loss: 0.042599644511938095, unnlabeled_loss: 0.04356257617473602, mixup_loss: -1.993634819984436, energy_loss: 0.18254759907722473
2026-09-12 21:45:53,160 INFO Best AUROC test all: 0.8042057920357041, AUPR test all: 0.4333012584887841, AUROC test unknown: 0.843391416007824, AUPR test unknown: 0.17019300601079557
2026-09-12 21:45:57,005 INFO Epoch: 150, loss: -0.11669602245092392, labeled_loss: 0.045811910182237625, unnlabeled_loss: 0.03501899167895317, mixup_loss: -1.9977859258651733, energy_loss: 0.1976117491722107
2026-09-12 21:45:57,005 INFO Best AUROC test all: 0.8042057920357041, AUPR test all: 0.4333012584887841, AUROC test unknown: 0.843391416007824, AUPR test unknown: 0.17019300601079557
2026-09-12 21:46:00,723 INFO Epoch: 151, loss: -0.1355046033859253, labeled_loss: 0.01396305300295353, unnlabeled_loss: 0.06995054334402084, mixup_loss: -1.996421217918396, energy_loss: 0.15199191868305206
2026-09-12 21:46:00,723 INFO Best AUROC test all: 0.8042057920357041, AUPR test all: 0.4333012584887841, AUROC test unknown: 0.843391416007824, AUPR test unknown: 0.17019300601079557
2026-09-12 21:46:04,540 INFO Epoch: 152, loss: -0.1123579889535904, labeled_loss: 0.021983899176120758, unnlabeled_loss: 0.12859921157360077, mixup_loss: -1.9958363771438599, energy_loss: 0.009421425871551037
2026-09-12 21:46:04,540 INFO Best AUROC test all: 0.8042057920357041, AUPR test all: 0.4333012584887841, AUROC test unknown: 0.843391416007824, AUPR test unknown: 0.17019300601079557
2026-09-12 21:46:08,804 INFO Epoch: 153, loss: -0.13586610555648804, labeled_loss: 0.03007306158542633, unnlabeled_loss: 0.06329663842916489, mixup_loss: -1.998250126838684, energy_loss: 0.022375265136361122
2026-09-12 21:46:08,804 INFO Best AUROC test all: 0.8042057920357041, AUPR test all: 0.4333012584887841, AUROC test unknown: 0.843391416007824, AUPR test unknown: 0.17019300601079557
2026-09-12 21:46:12,714 INFO Epoch: 154, loss: -0.12833139300346375, labeled_loss: 0.05221550539135933, unnlabeled_loss: 0.030602775514125824, mixup_loss: -1.9965540170669556, energy_loss: 0.03807118535041809
2026-09-12 21:46:12,714 INFO Best AUROC test all: 0.8042057920357041, AUPR test all: 0.4333012584887841, AUROC test unknown: 0.843391416007824, AUPR test unknown: 0.17019300601079557
2026-09-12 21:46:17,041 INFO Epoch: 155, loss: -0.12138807028532028, labeled_loss: 0.024868423119187355, unnlabeled_loss: 0.09358268976211548, mixup_loss: -1.9990440607070923, energy_loss: 0.0685657188296318
2026-09-12 21:46:17,041 INFO Best AUROC test all: 0.8042057920357041, AUPR test all: 0.4333012584887841, AUROC test unknown: 0.843391416007824, AUPR test unknown: 0.17019300601079557
2026-09-12 21:46:20,967 INFO Epoch: 156, loss: -0.12214337289333344, labeled_loss: 0.01989356055855751, unnlabeled_loss: 0.11073321104049683, mixup_loss: -1.998465657234192, energy_loss: 0.024430233985185623
2026-09-12 21:46:20,967 INFO Best AUROC test all: 0.8042057920357041, AUPR test all: 0.4354436663812051, AUROC test unknown: 0.843391416007824, AUPR test unknown: 0.17019300601079557
2026-09-12 21:46:24,892 INFO Epoch: 157, loss: -0.13843593001365662, labeled_loss: 0.031191226094961166, unnlabeled_loss: 0.016433699056506157, mixup_loss: -1.9970425367355347, energy_loss: 0.2186024934053421
2026-09-12 21:46:24,892 INFO Best AUROC test all: 0.8042057920357041, AUPR test all: 0.4354436663812051, AUROC test unknown: 0.843391416007824, AUPR test unknown: 0.17019300601079557
2026-09-12 21:46:28,616 INFO Epoch: 158, loss: -0.13049808144569397, labeled_loss: 0.017400359734892845, unnlabeled_loss: 0.11590199917554855, mixup_loss: -1.9979074001312256, energy_loss: -0.06058698147535324
2026-09-12 21:46:28,617 INFO Best AUROC test all: 0.8042057920357041, AUPR test all: 0.4354436663812051, AUROC test unknown: 0.843391416007824, AUPR test unknown: 0.17019300601079557
2026-09-12 21:46:32,226 INFO Epoch: 159, loss: -0.1316612809896469, labeled_loss: 0.03464473783969879, unnlabeled_loss: 0.09104351699352264, mixup_loss: -1.998276710510254, energy_loss: -0.12000107020139694
2026-09-12 21:46:32,226 INFO Best AUROC test all: 0.8042057920357041, AUPR test all: 0.43944654515772885, AUROC test unknown: 0.843391416007824, AUPR test unknown: 0.17019300601079557
2026-09-12 21:46:36,273 INFO Epoch: 160, loss: -0.14729848504066467, labeled_loss: 0.03618520498275757, unnlabeled_loss: 0.03808457776904106, mixup_loss: -1.9986295700073242, energy_loss: -0.026630138978362083
2026-09-12 21:46:36,273 INFO Best AUROC test all: 0.8042057920357041, AUPR test all: 0.4398906893909002, AUROC test unknown: 0.843391416007824, AUPR test unknown: 0.17019300601079557
2026-09-12 21:46:39,987 INFO Epoch: 161, loss: -0.10437148809432983, labeled_loss: 0.043960753828287125, unnlabeled_loss: 0.05482902377843857, mixup_loss: -1.9983912706375122, energy_loss: 0.24092382192611694
2026-09-12 21:46:39,987 INFO Best AUROC test all: 0.8042057920357041, AUPR test all: 0.4398906893909002, AUROC test unknown: 0.843391416007824, AUPR test unknown: 0.17019300601079557
2026-09-12 21:46:45,251 INFO Epoch: 162, loss: -0.13387666642665863, labeled_loss: 0.021297285333275795, unnlabeled_loss: 0.08159451931715012, mixup_loss: -1.9988532066345215, energy_loss: 0.03914107382297516
2026-09-12 21:46:45,252 INFO Best AUROC test all: 0.8042057920357041, AUPR test all: 0.4398906893909002, AUROC test unknown: 0.843391416007824, AUPR test unknown: 0.17019300601079557
2026-09-12 21:46:48,875 INFO Epoch: 163, loss: -0.14775843918323517, labeled_loss: 0.022999972105026245, unnlabeled_loss: 0.09025337547063828, mixup_loss: -1.9990801811218262, energy_loss: -0.15977081656455994
2026-09-12 21:46:48,875 INFO Best AUROC test all: 0.8042057920357041, AUPR test all: 0.4398906893909002, AUROC test unknown: 0.843391416007824, AUPR test unknown: 0.17019300601079557
2026-09-12 21:46:52,497 INFO Epoch: 164, loss: -0.1513054221868515, labeled_loss: 0.02684258669614792, unnlabeled_loss: 0.024309450760483742, mixup_loss: -1.9990721940994263, energy_loss: 0.09604492783546448
2026-09-12 21:46:52,498 INFO Best AUROC test all: 0.8042057920357041, AUPR test all: 0.4398906893909002, AUROC test unknown: 0.843391416007824, AUPR test unknown: 0.17019300601079557
2026-09-12 21:46:56,550 INFO Epoch: 165, loss: -0.16623570024967194, labeled_loss: 0.014993516728281975, unnlabeled_loss: 0.011749167926609516, mixup_loss: -1.9989792108535767, energy_loss: 0.12794129550457
2026-09-12 21:46:56,550 INFO Best AUROC test all: 0.8042057920357041, AUPR test all: 0.4398906893909002, AUROC test unknown: 0.843391416007824, AUPR test unknown: 0.17019300601079557
2026-09-12 21:47:00,180 INFO Epoch: 166, loss: -0.14057086408138275, labeled_loss: 0.012655749917030334, unnlabeled_loss: 0.057765886187553406, mixup_loss: -1.99860417842865, energy_loss: 0.17750868201255798
2026-09-12 21:47:00,180 INFO Best AUROC test all: 0.8042057920357041, AUPR test all: 0.4398906893909002, AUROC test unknown: 0.843391416007824, AUPR test unknown: 0.17019300601079557
2026-09-12 21:47:03,914 INFO Epoch: 167, loss: -0.1292150616645813, labeled_loss: 0.008363964036107063, unnlabeled_loss: 0.1305837780237198, mixup_loss: -1.9977977275848389, energy_loss: -0.03091132454574108
2026-09-12 21:47:03,914 INFO Best AUROC test all: 0.8042057920357041, AUPR test all: 0.4398906893909002, AUROC test unknown: 0.843391416007824, AUPR test unknown: 0.17019300601079557
2026-09-12 21:47:07,661 INFO Epoch: 168, loss: -0.13757851719856262, labeled_loss: 0.007721139583736658, unnlabeled_loss: 0.08486130833625793, mixup_loss: -1.9981869459152222, energy_loss: 0.12088396400213242
2026-09-12 21:47:07,661 INFO Best AUROC test all: 0.8042057920357041, AUPR test all: 0.4398906893909002, AUROC test unknown: 0.843391416007824, AUPR test unknown: 0.17019300601079557
2026-09-12 21:47:11,598 INFO Epoch: 169, loss: -0.14857321977615356, labeled_loss: 0.0171350184828043, unnlabeled_loss: 0.038914505392313004, mixup_loss: -1.9982188940048218, energy_loss: 0.14656396210193634
2026-09-12 21:47:11,598 INFO Best AUROC test all: 0.8042057920357041, AUPR test all: 0.4398906893909002, AUROC test unknown: 0.843391416007824, AUPR test unknown: 0.17019300601079557
2026-09-12 21:47:15,309 INFO Epoch: 170, loss: -0.15579599142074585, labeled_loss: 0.012389715760946274, unnlabeled_loss: 0.0672721192240715, mixup_loss: -1.9989616870880127, energy_loss: -0.01925595849752426
2026-09-12 21:47:15,309 INFO Best AUROC test all: 0.8042057920357041, AUPR test all: 0.4398906893909002, AUROC test unknown: 0.843391416007824, AUPR test unknown: 0.17019300601079557
2026-09-12 21:47:19,148 INFO Epoch: 171, loss: -0.1617494523525238, labeled_loss: 0.023464925587177277, unnlabeled_loss: 0.07288394123315811, mixup_loss: -1.9991345405578613, energy_loss: -0.2174290120601654
2026-09-12 21:47:19,148 INFO Best AUROC test all: 0.8042057920357041, AUPR test all: 0.4398906893909002, AUROC test unknown: 0.843391416007824, AUPR test unknown: 0.17019300601079557
2026-09-12 21:47:22,794 INFO Epoch: 172, loss: -0.1750393807888031, labeled_loss: 0.013694542460143566, unnlabeled_loss: 0.02754661813378334, mixup_loss: -1.9989967346191406, energy_loss: -0.026075612753629684
2026-09-12 21:47:22,794 INFO Best AUROC test all: 0.8042057920357041, AUPR test all: 0.4398906893909002, AUROC test unknown: 0.843391416007824, AUPR test unknown: 0.17019300601079557
2026-09-12 21:47:26,476 INFO Epoch: 173, loss: -0.1407315880060196, labeled_loss: 0.009510109201073647, unnlabeled_loss: 0.06116684153676033, mixup_loss: -1.9988504648208618, energy_loss: 0.19059936702251434
2026-09-12 21:47:26,477 INFO Best AUROC test all: 0.8042057920357041, AUPR test all: 0.4398906893909002, AUROC test unknown: 0.843391416007824, AUPR test unknown: 0.17019300601079557
2026-09-12 21:47:30,361 INFO Epoch: 174, loss: -0.1472489833831787, labeled_loss: 0.009699425660073757, unnlabeled_loss: 0.09735037386417389, mixup_loss: -1.9992965459823608, energy_loss: -0.05693947523832321
2026-09-12 21:47:30,361 INFO Best AUROC test all: 0.8042057920357041, AUPR test all: 0.4400157698957664, AUROC test unknown: 0.843391416007824, AUPR test unknown: 0.17019300601079557
2026-09-12 21:47:34,444 INFO Epoch: 175, loss: -0.177932471036911, labeled_loss: 0.011144489049911499, unnlabeled_loss: 0.021896980702877045, mixup_loss: -1.9988000392913818, energy_loss: -0.0014545205049216747
2026-09-12 21:47:34,444 INFO Best AUROC test all: 0.8042057920357041, AUPR test all: 0.4400157698957664, AUROC test unknown: 0.843391416007824, AUPR test unknown: 0.17019300601079557
2026-09-12 21:47:38,362 INFO Epoch: 176, loss: -0.15762034058570862, labeled_loss: 0.008960447274148464, unnlabeled_loss: 0.03243373706936836, mixup_loss: -1.998337745666504, energy_loss: 0.17036134004592896
2026-09-12 21:47:38,362 INFO Best AUROC test all: 0.8042057920357041, AUPR test all: 0.4400157698957664, AUROC test unknown: 0.843391416007824, AUPR test unknown: 0.17019300601079557
2026-09-12 21:47:41,729 INFO Epoch: 177, loss: -0.14854548871517181, labeled_loss: 0.006597104948014021, unnlabeled_loss: 0.08457471430301666, mixup_loss: -1.9988762140274048, energy_loss: 0.024576636031270027
2026-09-12 21:47:41,729 INFO Best AUROC test all: 0.8042057920357041, AUPR test all: 0.4400157698957664, AUROC test unknown: 0.843391416007824, AUPR test unknown: 0.17019300601079557
2026-09-12 21:47:45,647 INFO Epoch: 178, loss: -0.1357661336660385, labeled_loss: 0.009878442622721195, unnlabeled_loss: 0.07361935824155807, mixup_loss: -1.998551607131958, energy_loss: 0.17400911450386047
2026-09-12 21:47:45,647 INFO Best AUROC test all: 0.8042057920357041, AUPR test all: 0.4400157698957664, AUROC test unknown: 0.843391416007824, AUPR test unknown: 0.17019300601079557
2026-09-12 21:47:49,256 INFO Epoch: 179, loss: -0.15080609917640686, labeled_loss: 0.010088188573718071, unnlabeled_loss: 0.03333890065550804, mixup_loss: -1.9986186027526855, energy_loss: 0.22298121452331543
2026-09-12 21:47:49,256 INFO Best AUROC test all: 0.8042057920357041, AUPR test all: 0.4400157698957664, AUROC test unknown: 0.843391416007824, AUPR test unknown: 0.17019300601079557
2026-09-12 21:47:52,933 INFO Epoch: 180, loss: -0.11311306059360504, labeled_loss: 0.023706143721938133, unnlabeled_loss: 0.12089087069034576, mixup_loss: -1.9979311227798462, energy_loss: 0.025284772738814354
2026-09-12 21:47:52,933 INFO Best AUROC test all: 0.8042057920357041, AUPR test all: 0.4400157698957664, AUROC test unknown: 0.843391416007824, AUPR test unknown: 0.17019300601079557
2026-09-12 21:47:56,966 INFO Epoch: 181, loss: -0.16043691337108612, labeled_loss: 0.018715418875217438, unnlabeled_loss: 0.05028637871146202, mixup_loss: -1.998440146446228, energy_loss: -0.04451506584882736
2026-09-12 21:47:56,966 INFO Best AUROC test all: 0.8042057920357041, AUPR test all: 0.4400157698957664, AUROC test unknown: 0.843391416007824, AUPR test unknown: 0.17019300601079557
2026-09-12 21:48:00,773 INFO Epoch: 182, loss: -0.14041635394096375, labeled_loss: 0.012821911834180355, unnlabeled_loss: 0.0847368985414505, mixup_loss: -1.9986531734466553, energy_loss: 0.042586080729961395
2026-09-12 21:48:00,774 INFO Best AUROC test all: 0.8042057920357041, AUPR test all: 0.4400157698957664, AUROC test unknown: 0.843391416007824, AUPR test unknown: 0.17019300601079557
2026-09-12 21:48:04,381 INFO Epoch: 183, loss: -0.14959606528282166, labeled_loss: 0.006194141693413258, unnlabeled_loss: 0.08548343181610107, mixup_loss: -1.9985166788101196, energy_loss: 0.013197461143136024
2026-09-12 21:48:04,381 INFO Best AUROC test all: 0.8042057920357041, AUPR test all: 0.4400157698957664, AUROC test unknown: 0.843391416007824, AUPR test unknown: 0.17019300601079557
2026-09-12 21:48:08,160 INFO Epoch: 184, loss: -0.09284897148609161, labeled_loss: 0.005030336324125528, unnlabeled_loss: 0.16264431178569794, mixup_loss: -1.998572587966919, energy_loss: 0.2065579742193222
2026-09-12 21:48:08,160 INFO Best AUROC test all: 0.8042057920357041, AUPR test all: 0.4400157698957664, AUROC test unknown: 0.843391416007824, AUPR test unknown: 0.17019300601079557
2026-09-12 21:48:11,965 INFO Epoch: 185, loss: -0.09887838363647461, labeled_loss: 0.02198624052107334, unnlabeled_loss: 0.10923721641302109, mixup_loss: -1.99888014793396, energy_loss: 0.24404790997505188
2026-09-12 21:48:11,965 INFO Best AUROC test all: 0.8042057920357041, AUPR test all: 0.4400157698957664, AUROC test unknown: 0.843391416007824, AUPR test unknown: 0.17019300601079557
2026-09-12 21:48:15,640 INFO Epoch: 186, loss: -0.16124305129051208, labeled_loss: 0.013016846962273121, unnlabeled_loss: 0.05530334636569023, mixup_loss: -1.9971925020217896, energy_loss: -0.02192317508161068
2026-09-12 21:48:15,640 INFO Best AUROC test all: 0.8042057920357041, AUPR test all: 0.4400157698957664, AUROC test unknown: 0.843391416007824, AUPR test unknown: 0.17019300601079557
2026-09-12 21:48:19,319 INFO Epoch: 187, loss: -0.12494388222694397, labeled_loss: 0.03335846960544586, unnlabeled_loss: 0.0808587446808815, mixup_loss: -1.9966083765029907, energy_loss: 0.009291119873523712
2026-09-12 21:48:19,319 INFO Best AUROC test all: 0.8042057920357041, AUPR test all: 0.4400157698957664, AUROC test unknown: 0.843391416007824, AUPR test unknown: 0.17019300601079557
2026-09-12 21:48:22,965 INFO Epoch: 188, loss: -0.15593142807483673, labeled_loss: 0.017581267282366753, unnlabeled_loss: 0.06166008859872818, mixup_loss: -1.997965931892395, energy_loss: -0.04546138271689415
2026-09-12 21:48:22,966 INFO Best AUROC test all: 0.8042057920357041, AUPR test all: 0.4400157698957664, AUROC test unknown: 0.843391416007824, AUPR test unknown: 0.17019300601079557
2026-09-12 21:48:26,831 INFO Epoch: 189, loss: -0.11596374213695526, labeled_loss: 0.014544397592544556, unnlabeled_loss: 0.16321396827697754, mixup_loss: -1.9970216751098633, energy_loss: -0.12412949651479721
2026-09-12 21:48:26,831 INFO Best AUROC test all: 0.8042057920357041, AUPR test all: 0.4400157698957664, AUROC test unknown: 0.843391416007824, AUPR test unknown: 0.17019300601079557
2026-09-12 21:48:30,815 INFO Epoch: 190, loss: -0.09538179636001587, labeled_loss: 0.009158172644674778, unnlabeled_loss: 0.18386442959308624, mixup_loss: -1.9982861280441284, energy_loss: 0.033564262092113495
2026-09-12 21:48:30,815 INFO Best AUROC test all: 0.8042057920357041, AUPR test all: 0.4400157698957664, AUROC test unknown: 0.843391416007824, AUPR test unknown: 0.17019300601079557
2026-09-12 21:48:35,327 INFO Epoch: 191, loss: -0.1514921933412552, labeled_loss: 0.01008165068924427, unnlabeled_loss: 0.031140387058258057, mixup_loss: -1.9988012313842773, energy_loss: 0.2273608297109604
2026-09-12 21:48:35,327 INFO Best AUROC test all: 0.8042057920357041, AUPR test all: 0.4400157698957664, AUROC test unknown: 0.843391416007824, AUPR test unknown: 0.17019300601079557
2026-09-12 21:48:40,173 INFO Epoch: 192, loss: -0.16954949498176575, labeled_loss: 0.018166372552514076, unnlabeled_loss: 0.01926456019282341, mixup_loss: -1.998189926147461, energy_loss: 0.024708546698093414
2026-09-12 21:48:40,173 INFO Best AUROC test all: 0.8042057920357041, AUPR test all: 0.44065266077263854, AUROC test unknown: 0.843391416007824, AUPR test unknown: 0.17019300601079557
2026-09-12 21:48:44,404 INFO Epoch: 193, loss: -0.15259075164794922, labeled_loss: 0.018855683505535126, unnlabeled_loss: 0.04321226105093956, mixup_loss: -1.9986975193023682, energy_loss: 0.06817182153463364
2026-09-12 21:48:44,405 INFO Best AUROC test all: 0.8042057920357041, AUPR test all: 0.44065266077263854, AUROC test unknown: 0.843391416007824, AUPR test unknown: 0.17019300601079557
2026-09-12 21:48:48,257 INFO Epoch: 194, loss: -0.1324617713689804, labeled_loss: 0.008229643106460571, unnlabeled_loss: 0.10221503674983978, mixup_loss: -1.998974084854126, energy_loss: 0.08098478615283966
2026-09-12 21:48:48,257 INFO Best AUROC test all: 0.8042057920357041, AUPR test all: 0.4413197982955974, AUROC test unknown: 0.843391416007824, AUPR test unknown: 0.17019300601079557
2026-09-12 21:48:52,094 INFO Epoch: 195, loss: -0.1342843770980835, labeled_loss: 0.008321771398186684, unnlabeled_loss: 0.1209835484623909, mixup_loss: -1.9985581636428833, energy_loss: -0.03242110088467598
2026-09-12 21:48:52,095 INFO Best AUROC test all: 0.8042057920357041, AUPR test all: 0.4413197982955974, AUROC test unknown: 0.843391416007824, AUPR test unknown: 0.17019300601079557
2026-09-12 21:48:55,951 INFO Epoch: 196, loss: -0.11989486217498779, labeled_loss: 0.009373159147799015, unnlabeled_loss: 0.11581482738256454, mixup_loss: -1.9985532760620117, energy_loss: 0.12679892778396606
2026-09-12 21:48:55,951 INFO Best AUROC test all: 0.8042057920357041, AUPR test all: 0.4413197982955974, AUROC test unknown: 0.843391416007824, AUPR test unknown: 0.17019300601079557
2026-09-12 21:49:00,279 INFO Epoch: 197, loss: -0.1403876394033432, labeled_loss: 0.01829337701201439, unnlabeled_loss: 0.07528569549322128, mixup_loss: -1.9991379976272583, energy_loss: 0.035899363458156586
2026-09-12 21:49:00,279 INFO Best AUROC test all: 0.8042057920357041, AUPR test all: 0.4413197982955974, AUROC test unknown: 0.843391416007824, AUPR test unknown: 0.17019300601079557
2026-09-12 21:49:04,187 INFO Epoch: 198, loss: -0.17497175931930542, labeled_loss: 0.015318773686885834, unnlabeled_loss: 0.05915457382798195, mixup_loss: -1.9982601404190063, energy_loss: -0.20041804015636444
2026-09-12 21:49:04,187 INFO Best AUROC test all: 0.8066663704493617, AUPR test all: 0.44139498126679805, AUROC test unknown: 0.843391416007824, AUPR test unknown: 0.17019300601079557
2026-09-12 21:49:07,959 INFO Epoch: 199, loss: -0.14841681718826294, labeled_loss: 0.02308964543044567, unnlabeled_loss: 0.04401812329888344, mixup_loss: -1.9988471269607544, energy_loss: 0.06369190663099289
2026-09-12 21:49:07,959 INFO Best AUROC test all: 0.8066663704493617, AUPR test all: 0.4414801730170606, AUROC test unknown: 0.843391416007824, AUPR test unknown: 0.17019300601079557
