2026-09-08 03:34:07,053 INFO cli={'dataset': 'photo', 'method': 'demo', 'seed': 0, 'train_seed': None, 'epochs': None, 'set': ['lr=0.003', 'weight_decay=0.0'], 'tag': 'DT_lr0.003_wd0.0', 'save_scores': False, 'rotations': [7]}
2026-09-08 03:34:07,053 INFO config={'alpha_plus': 0.05, 'alpha_r': 0.1, 'atlas_gate_q': 0.9, 'batch_size': 512, 'hidden_dim': 64, 'lambda_halo': 0.2, 'lambda_mixup': 0.2, 'lambda_un': 1.0, 'lr': 0.003, 'margin': 0.1, 'n_layers': 2, 'optimiser': 'adam', 'sampling_sizes': [25, 10], 'tau_minus': 0.05, 'tau_mu': 0.05, 'tau_plus': 0.95, 'use_atlas_gate': True, 'use_conformal': True, 'use_pl': True, 'version': 4, 'weight_decay': 0.0, 'loss': 'bce', 'num_epochs': 200, 'ebd_dim': 64, 'drop_out': 0.5, 'gamma': 0.1, 'damping': 0.001, 'p_cutoff': [0.05, 0.95], 'unlabeled_loss': 0.5, 'mixup_loss': 0.1, 'energy_loss_weight': 0.1, 'used_unlabeled_data': True, 'energy_loss': True, 'mixup': True, 'thresh_warmup': True, 'used_augment_for_anormaly': True, 'batch_size_for_anormaly': 20, 'sample_size_for_anormaly': 25, 'div_loss_alpha': 0.5, 'mixup_loss_type': 'consistency', 'device': 0, 'input_dim': 745}
2026-09-08 03:34:25,163 INFO Epoch: 0, loss: 0.5869166851043701, labeled_loss: 0.6928133964538574, unnlabeled_loss: 0.0, mixup_loss: -1.0589709281921387, energy_loss: 3.4006204714387422e-06
2026-09-08 03:34:25,171 INFO Best AUROC test all: 0.6651973054099154, AUPR test all: 0.14835481161820663, AUROC test unknown: 0.8411158476445494, AUPR test unknown: 0.16844649064375825
2026-09-08 03:34:45,983 INFO Epoch: 1, loss: 0.3581271767616272, labeled_loss: 0.5108806490898132, unnlabeled_loss: 0.0, mixup_loss: -1.509258508682251, energy_loss: -0.018275786191225052
2026-09-08 03:34:46,008 INFO Best AUROC test all: 0.6651973054099154, AUPR test all: 0.14835481161820663, AUROC test unknown: 0.8411158476445494, AUPR test unknown: 0.16844649064375825
2026-09-08 03:35:06,945 INFO Epoch: 2, loss: 0.23124994337558746, labeled_loss: 0.39914917945861816, unnlabeled_loss: 0.0, mixup_loss: -1.7848165035247803, energy_loss: 0.10582413524389267
2026-09-08 03:35:06,948 INFO Best AUROC test all: 0.6677560058058591, AUPR test all: 0.14835481161820663, AUROC test unknown: 0.8411158476445494, AUPR test unknown: 0.16844649064375825
2026-09-08 03:35:24,207 INFO Epoch: 3, loss: 0.3072059154510498, labeled_loss: 0.4874292314052582, unnlabeled_loss: 0.0, mixup_loss: -1.9165388345718384, energy_loss: 0.11430556327104568
2026-09-08 03:35:24,207 INFO Best AUROC test all: 0.673966571877129, AUPR test all: 0.1491777127232573, AUROC test unknown: 0.8411158476445494, AUPR test unknown: 0.16844649064375825
2026-09-08 03:35:43,522 INFO Epoch: 4, loss: 0.2188062220811844, labeled_loss: 0.4028553366661072, unnlabeled_loss: 0.0, mixup_loss: -1.9393081665039062, energy_loss: 0.09881701320409775
2026-09-08 03:35:43,522 INFO Best AUROC test all: 0.6816726650670932, AUPR test all: 0.15360750279528287, AUROC test unknown: 0.8418201062941147, AUPR test unknown: 0.17044106390833066
2026-09-08 03:36:00,789 INFO Epoch: 5, loss: 0.20028720796108246, labeled_loss: 0.39713168144226074, unnlabeled_loss: 0.0, mixup_loss: -1.9333091974258423, energy_loss: -0.03513551130890846
2026-09-08 03:36:00,789 INFO Best AUROC test all: 0.6922034371081291, AUPR test all: 0.1561319612945448, AUROC test unknown: 0.8426411192486579, AUPR test unknown: 0.17044106390833066
2026-09-08 03:36:18,192 INFO Epoch: 6, loss: 0.2294662892818451, labeled_loss: 0.4138822853565216, unnlabeled_loss: 5.860361488885246e-05, mixup_loss: -1.915360927581787, energy_loss: 0.07090796530246735
2026-09-08 03:36:18,192 INFO Best AUROC test all: 0.6991812059993878, AUPR test all: 0.15800647522491826, AUROC test unknown: 0.8426411192486579, AUPR test unknown: 0.17044106390833066
2026-09-08 03:36:34,030 INFO Epoch: 7, loss: 0.22440624237060547, labeled_loss: 0.40858757495880127, unnlabeled_loss: 0.0, mixup_loss: -1.9115158319473267, energy_loss: 0.06970244646072388
2026-09-08 03:36:34,030 INFO Best AUROC test all: 0.6991812059993878, AUPR test all: 0.15847057563058706, AUROC test unknown: 0.8426411192486579, AUPR test unknown: 0.17044106390833066
2026-09-08 03:36:53,151 INFO Epoch: 8, loss: 0.19123314321041107, labeled_loss: 0.38809823989868164, unnlabeled_loss: 0.0001752465177560225, mixup_loss: -1.9167897701263428, energy_loss: -0.05273737013339996
2026-09-08 03:36:53,152 INFO Best AUROC test all: 0.7093935444375328, AUPR test all: 0.16339241058875398, AUROC test unknown: 0.8426411192486579, AUPR test unknown: 0.1723471363119063
2026-09-08 03:37:11,060 INFO Epoch: 9, loss: 0.19948874413967133, labeled_loss: 0.38309144973754883, unnlabeled_loss: 0.004670718219131231, mixup_loss: -1.9289894104003906, energy_loss: 0.06960861384868622
2026-09-08 03:37:11,060 INFO Best AUROC test all: 0.7144065286294026, AUPR test all: 0.1646039143848616, AUROC test unknown: 0.8426411192486579, AUPR test unknown: 0.1723471363119063
2026-09-08 03:37:29,268 INFO Epoch: 10, loss: 0.20758558809757233, labeled_loss: 0.38896843791007996, unnlabeled_loss: 0.009417680092155933, mixup_loss: -1.9407867193222046, energy_loss: 0.07986986637115479
2026-09-08 03:37:29,268 INFO Best AUROC test all: 0.7195275087137257, AUPR test all: 0.1646039143848616, AUROC test unknown: 0.8426411192486579, AUPR test unknown: 0.1723471363119063
2026-09-08 03:37:48,944 INFO Epoch: 11, loss: 0.19810883700847626, labeled_loss: 0.3894241154193878, unnlabeled_loss: 0.006609681993722916, mixup_loss: -1.9522829055786133, energy_loss: 0.006081768777221441
2026-09-08 03:37:48,944 INFO Best AUROC test all: 0.7362736603572382, AUPR test all: 0.17197676430097558, AUROC test unknown: 0.8426411192486579, AUPR test unknown: 0.1723471363119063
2026-09-08 03:38:08,960 INFO Epoch: 12, loss: 0.16628992557525635, labeled_loss: 0.37133559584617615, unnlabeled_loss: 0.002872243756428361, mixup_loss: -1.9631052017211914, energy_loss: -0.10171270370483398
2026-09-08 03:38:08,960 INFO Best AUROC test all: 0.7495885047937835, AUPR test all: 0.17944936910086604, AUROC test unknown: 0.8426411192486579, AUPR test unknown: 0.1723471363119063
2026-09-08 03:38:29,277 INFO Epoch: 13, loss: 0.16058948636054993, labeled_loss: 0.370589017868042, unnlabeled_loss: 0.0005886457511223853, mixup_loss: -1.9664546251296997, energy_loss: -0.13648392260074615
2026-09-08 03:38:29,277 INFO Best AUROC test all: 0.7648805997413035, AUPR test all: 0.19092320081470393, AUROC test unknown: 0.8426411192486579, AUPR test unknown: 0.1723471363119063
2026-09-08 03:38:48,706 INFO Epoch: 14, loss: 0.17784970998764038, labeled_loss: 0.3677603006362915, unnlabeled_loss: 2.7951646188739687e-05, mixup_loss: -1.97133207321167, energy_loss: 0.07208630442619324
2026-09-08 03:38:48,706 INFO Best AUROC test all: 0.7697010426849136, AUPR test all: 0.21212908761185845, AUROC test unknown: 0.8426411192486579, AUPR test unknown: 0.1723471363119063
2026-09-08 03:39:08,656 INFO Epoch: 15, loss: 0.1885439157485962, labeled_loss: 0.36900094151496887, unnlabeled_loss: 0.0, mixup_loss: -1.9743496179580688, energy_loss: 0.1697794646024704
2026-09-08 03:39:08,656 INFO Best AUROC test all: 0.7697010426849136, AUPR test all: 0.23281755373949214, AUROC test unknown: 0.8426411192486579, AUPR test unknown: 0.1723471363119063
2026-09-08 03:39:31,305 INFO Epoch: 16, loss: 0.15689511597156525, labeled_loss: 0.368825763463974, unnlabeled_loss: 0.0, mixup_loss: -1.9785860776901245, energy_loss: -0.14072027802467346
2026-09-08 03:39:31,305 INFO Best AUROC test all: 0.7702794069729553, AUPR test all: 0.23281755373949214, AUROC test unknown: 0.8426411192486579, AUPR test unknown: 0.1723471363119063
2026-09-08 03:39:50,063 INFO Epoch: 17, loss: 0.15516626834869385, labeled_loss: 0.36460909247398376, unnlabeled_loss: 1.425142545485869e-05, mixup_loss: -1.9804939031600952, energy_loss: -0.11400561779737473
2026-09-08 03:39:50,063 INFO Best AUROC test all: 0.7702794069729553, AUPR test all: 0.23281755373949214, AUROC test unknown: 0.8426411192486579, AUPR test unknown: 0.1723471363119063
2026-09-08 03:40:05,562 INFO Epoch: 18, loss: 0.15096630156040192, labeled_loss: 0.36433178186416626, unnlabeled_loss: 0.00021463971643242985, mixup_loss: -1.9840631484985352, energy_loss: -0.15066471695899963
2026-09-08 03:40:05,562 INFO Best AUROC test all: 0.7702794069729553, AUPR test all: 0.23281755373949214, AUROC test unknown: 0.8426411192486579, AUPR test unknown: 0.1723471363119063
2026-09-08 03:40:22,349 INFO Epoch: 19, loss: 0.1599576324224472, labeled_loss: 0.360484778881073, unnlabeled_loss: 0.0022270670160651207, mixup_loss: -1.98604154586792, energy_loss: -0.030365334823727608
2026-09-08 03:40:22,349 INFO Best AUROC test all: 0.7747000799786723, AUPR test all: 0.23281755373949214, AUROC test unknown: 0.8426411192486579, AUPR test unknown: 0.1723471363119063
2026-09-08 03:40:41,346 INFO Epoch: 20, loss: 0.15823031961917877, labeled_loss: 0.3615102171897888, unnlabeled_loss: 0.00493283336982131, mixup_loss: -1.9876794815063477, energy_loss: -0.06978357583284378
2026-09-08 03:40:41,346 INFO Best AUROC test all: 0.780824619607611, AUPR test all: 0.23281755373949214, AUROC test unknown: 0.8426411192486579, AUPR test unknown: 0.1723471363119063
2026-09-08 03:40:57,637 INFO Epoch: 21, loss: 0.15331363677978516, labeled_loss: 0.35821428894996643, unnlabeled_loss: 0.0064808158203959465, mixup_loss: -1.9895997047424316, energy_loss: -0.0918109193444252
2026-09-08 03:40:57,637 INFO Best AUROC test all: 0.7870095135124461, AUPR test all: 0.23281755373949214, AUROC test unknown: 0.8426411192486579, AUPR test unknown: 0.1723471363119063
2026-09-08 03:41:15,408 INFO Epoch: 22, loss: 0.14926467835903168, labeled_loss: 0.3531619608402252, unnlabeled_loss: 0.00391197856515646, mixup_loss: -1.9906269311904907, energy_loss: -0.06790579855442047
2026-09-08 03:41:15,408 INFO Best AUROC test all: 0.790541411179241, AUPR test all: 0.23281755373949214, AUROC test unknown: 0.8426411192486579, AUPR test unknown: 0.1723471363119063
2026-09-08 03:41:33,897 INFO Epoch: 23, loss: 0.1460801362991333, labeled_loss: 0.34740498661994934, unnlabeled_loss: 0.001337662455625832, mixup_loss: -1.991492509841919, energy_loss: -0.02844432182610035
2026-09-08 03:41:33,897 INFO Best AUROC test all: 0.7916898703555594, AUPR test all: 0.25129421977296246, AUROC test unknown: 0.8426411192486579, AUPR test unknown: 0.1723471363119063
2026-09-08 03:41:53,451 INFO Epoch: 24, loss: 0.14257021248340607, labeled_loss: 0.34350746870040894, unnlabeled_loss: 0.0010499248746782541, mixup_loss: -1.992429256439209, energy_loss: -0.02219296619296074
2026-09-08 03:41:53,451 INFO Best AUROC test all: 0.7923943738459868, AUPR test all: 0.25129421977296246, AUROC test unknown: 0.8426411192486579, AUPR test unknown: 0.1723471363119063
2026-09-08 03:42:13,239 INFO Epoch: 25, loss: 0.14084987342357635, labeled_loss: 0.33988216519355774, unnlabeled_loss: 0.0027624545618891716, mixup_loss: -1.9924582242965698, energy_loss: -0.0116769103333354
2026-09-08 03:42:13,239 INFO Best AUROC test all: 0.8016800458149433, AUPR test all: 0.25129421977296246, AUROC test unknown: 0.8426411192486579, AUPR test unknown: 0.1723471363119063
2026-09-08 03:42:30,334 INFO Epoch: 26, loss: 0.1386316567659378, labeled_loss: 0.33432796597480774, unnlabeled_loss: 0.006783011835068464, mixup_loss: -1.9928268194198608, energy_loss: 0.0019486440578475595
2026-09-08 03:42:30,334 INFO Best AUROC test all: 0.8016800458149433, AUPR test all: 0.25129421977296246, AUROC test unknown: 0.8426411192486579, AUPR test unknown: 0.1723471363119063
2026-09-08 03:42:49,509 INFO Epoch: 27, loss: 0.13661319017410278, labeled_loss: 0.3288659453392029, unnlabeled_loss: 0.013025389052927494, mixup_loss: -1.9931632280349731, energy_loss: 0.0055085644125938416
2026-09-08 03:42:49,510 INFO Best AUROC test all: 0.8016800458149433, AUPR test all: 0.25129421977296246, AUROC test unknown: 0.8426411192486579, AUPR test unknown: 0.1723471363119063
2026-09-08 03:43:03,680 INFO Epoch: 28, loss: 0.13902170956134796, labeled_loss: 0.3239106833934784, unnlabeled_loss: 0.013289198279380798, mixup_loss: -1.9935344457626343, energy_loss: 0.07819858938455582
2026-09-08 03:43:03,681 INFO Best AUROC test all: 0.8016800458149433, AUPR test all: 0.25129421977296246, AUROC test unknown: 0.8426411192486579, AUPR test unknown: 0.1723471363119063
2026-09-08 03:43:27,457 INFO Epoch: 29, loss: 0.12994027137756348, labeled_loss: 0.3160669207572937, unnlabeled_loss: 0.013299304991960526, mixup_loss: -1.9939848184585571, energy_loss: 0.06622201949357986
2026-09-08 03:43:27,458 INFO Best AUROC test all: 0.8016800458149433, AUPR test all: 0.25129421977296246, AUROC test unknown: 0.8426411192486579, AUPR test unknown: 0.1723471363119063
2026-09-08 03:43:50,604 INFO Epoch: 30, loss: 0.11980213224887848, labeled_loss: 0.308625727891922, unnlabeled_loss: 0.009280980564653873, mixup_loss: -1.9945050477981567, energy_loss: 0.05986408889293671
2026-09-08 03:43:50,604 INFO Best AUROC test all: 0.8016800458149433, AUPR test all: 0.25280825140120666, AUROC test unknown: 0.8426411192486579, AUPR test unknown: 0.1723471363119063
2026-09-08 03:44:17,490 INFO Epoch: 31, loss: 0.12519080936908722, labeled_loss: 0.30911731719970703, unnlabeled_loss: 0.014857185073196888, mixup_loss: -1.9944043159484863, energy_loss: 0.0808534175157547
2026-09-08 03:44:17,490 INFO Best AUROC test all: 0.8024013349526546, AUPR test all: 0.25280825140120666, AUROC test unknown: 0.8426411192486579, AUPR test unknown: 0.1723471363119063
2026-09-08 03:44:40,370 INFO Epoch: 32, loss: 0.11651284992694855, labeled_loss: 0.2996806204319, unnlabeled_loss: 0.01465578842908144, mixup_loss: -1.9948674440383911, energy_loss: 0.08991090208292007
2026-09-08 03:44:40,370 INFO Best AUROC test all: 0.8024013349526546, AUPR test all: 0.25934144206266796, AUROC test unknown: 0.8426411192486579, AUPR test unknown: 0.1723471363119063
2026-09-08 03:45:06,795 INFO Epoch: 33, loss: 0.11753597855567932, labeled_loss: 0.2977907359600067, unnlabeled_loss: 0.01936396397650242, mixup_loss: -1.9947930574417114, energy_loss: 0.09542570263147354
2026-09-08 03:45:06,795 INFO Best AUROC test all: 0.8024013349526546, AUPR test all: 0.29039425568655, AUROC test unknown: 0.8426411192486579, AUPR test unknown: 0.1723471363119063
2026-09-08 03:45:30,082 INFO Epoch: 34, loss: 0.10499174892902374, labeled_loss: 0.2873366177082062, unnlabeled_loss: 0.018058203160762787, mixup_loss: -1.9954715967178345, energy_loss: 0.08173203468322754
2026-09-08 03:45:30,082 INFO Best AUROC test all: 0.8024013349526546, AUPR test all: 0.3102184974483876, AUROC test unknown: 0.8426411192486579, AUPR test unknown: 0.1723471363119063
2026-09-08 03:45:52,806 INFO Epoch: 35, loss: 0.09941977262496948, labeled_loss: 0.2805618345737457, unnlabeled_loss: 0.021886860951781273, mixup_loss: -1.9957482814788818, energy_loss: 0.07489325851202011
2026-09-08 03:45:52,806 INFO Best AUROC test all: 0.8024013349526546, AUPR test all: 0.3102184974483876, AUROC test unknown: 0.8426411192486579, AUPR test unknown: 0.1723471363119063
2026-09-08 03:46:13,867 INFO Epoch: 36, loss: 0.09829305112361908, labeled_loss: 0.2735275328159332, unnlabeled_loss: 0.023794621229171753, mixup_loss: -1.9958980083465576, energy_loss: 0.12457990646362305
2026-09-08 03:46:13,867 INFO Best AUROC test all: 0.8024013349526546, AUPR test all: 0.3102184974483876, AUROC test unknown: 0.8426411192486579, AUPR test unknown: 0.1723471363119063
2026-09-08 03:46:32,581 INFO Epoch: 37, loss: 0.07649020850658417, labeled_loss: 0.2638944685459137, unnlabeled_loss: 0.02191593125462532, mixup_loss: -1.9964404106140137, energy_loss: 0.012818163260817528
2026-09-08 03:46:32,581 INFO Best AUROC test all: 0.8024013349526546, AUPR test all: 0.3102184974483876, AUROC test unknown: 0.8426411192486579, AUPR test unknown: 0.1723471363119063
2026-09-08 03:46:53,061 INFO Epoch: 38, loss: 0.0870145857334137, labeled_loss: 0.26676660776138306, unnlabeled_loss: 0.02199985459446907, mixup_loss: -1.9967695474624634, energy_loss: 0.089250348508358
2026-09-08 03:46:53,062 INFO Best AUROC test all: 0.8024013349526546, AUPR test all: 0.35101921118598056, AUROC test unknown: 0.8426411192486579, AUPR test unknown: 0.1723471363119063
2026-09-08 03:47:13,287 INFO Epoch: 39, loss: 0.07106836140155792, labeled_loss: 0.2489575892686844, unnlabeled_loss: 0.024418899789452553, mixup_loss: -1.9965522289276123, energy_loss: 0.0955655425786972
2026-09-08 03:47:13,287 INFO Best AUROC test all: 0.8024013349526546, AUPR test all: 0.3563046666958165, AUROC test unknown: 0.8426411192486579, AUPR test unknown: 0.1723471363119063
2026-09-08 03:47:31,427 INFO Epoch: 40, loss: 0.06669911742210388, labeled_loss: 0.2444402575492859, unnlabeled_loss: 0.023742912337183952, mixup_loss: -1.9967963695526123, energy_loss: 0.10067039728164673
2026-09-08 03:47:31,428 INFO Best AUROC test all: 0.8024013349526546, AUPR test all: 0.358881031941622, AUROC test unknown: 0.8426411192486579, AUPR test unknown: 0.1723471363119063
2026-09-08 03:47:49,524 INFO Epoch: 41, loss: 0.05677284300327301, labeled_loss: 0.23368817567825317, unnlabeled_loss: 0.023624692112207413, mixup_loss: -1.9972381591796875, energy_loss: 0.10996130853891373
2026-09-08 03:47:49,525 INFO Best AUROC test all: 0.8024013349526546, AUPR test all: 0.3623049265756061, AUROC test unknown: 0.8426411192486579, AUPR test unknown: 0.1723471363119063
2026-09-08 03:48:13,515 INFO Epoch: 42, loss: 0.055407628417015076, labeled_loss: 0.23048986494541168, unnlabeled_loss: 0.024322422221302986, mixup_loss: -1.99739670753479, energy_loss: 0.1249622106552124
2026-09-08 03:48:13,515 INFO Best AUROC test all: 0.8024013349526546, AUPR test all: 0.3733708006970828, AUROC test unknown: 0.8426411192486579, AUPR test unknown: 0.1723471363119063
2026-09-08 03:48:33,520 INFO Epoch: 43, loss: 0.04671327769756317, labeled_loss: 0.22381439805030823, unnlabeled_loss: 0.021986542269587517, mixup_loss: -1.9972918033599854, energy_loss: 0.1163480207324028
2026-09-08 03:48:33,520 INFO Best AUROC test all: 0.8024013349526546, AUPR test all: 0.3775780522108317, AUROC test unknown: 0.8426411192486579, AUPR test unknown: 0.1723471363119063
2026-09-08 03:48:55,260 INFO Epoch: 44, loss: 0.03141716122627258, labeled_loss: 0.20995096862316132, unnlabeled_loss: 0.020976195111870766, mixup_loss: -1.9972821474075317, energy_loss: 0.10706313699483871
2026-09-08 03:48:55,261 INFO Best AUROC test all: 0.8024013349526546, AUPR test all: 0.38066163862587044, AUROC test unknown: 0.8426411192486579, AUPR test unknown: 0.1723471363119063
2026-09-08 03:49:15,101 INFO Epoch: 45, loss: 0.02914673089981079, labeled_loss: 0.20554287731647491, unnlabeled_loss: 0.024182617664337158, mixup_loss: -1.9970555305480957, energy_loss: 0.11218104511499405
2026-09-08 03:49:15,101 INFO Best AUROC test all: 0.8024013349526546, AUPR test all: 0.3884261298986434, AUROC test unknown: 0.8426411192486579, AUPR test unknown: 0.1723471363119063
2026-09-08 03:49:33,757 INFO Epoch: 46, loss: 0.012005448341369629, labeled_loss: 0.18626567721366882, unnlabeled_loss: 0.023266630247235298, mixup_loss: -1.9959831237792969, energy_loss: 0.13704757392406464
2026-09-08 03:49:33,757 INFO Best AUROC test all: 0.8024013349526546, AUPR test all: 0.3926882262449865, AUROC test unknown: 0.8426411192486579, AUPR test unknown: 0.1723471363119063
2026-09-08 03:49:56,257 INFO Epoch: 47, loss: 0.012727126479148865, labeled_loss: 0.18701021373271942, unnlabeled_loss: 0.01893742009997368, mixup_loss: -1.9961944818496704, energy_loss: 0.15867671370506287
2026-09-08 03:49:56,258 INFO Best AUROC test all: 0.8024013349526546, AUPR test all: 0.39797418306068316, AUROC test unknown: 0.8426411192486579, AUPR test unknown: 0.1723471363119063
2026-09-08 03:50:17,529 INFO Epoch: 48, loss: -0.0016788989305496216, labeled_loss: 0.1696973741054535, unnlabeled_loss: 0.029121268540620804, mixup_loss: -1.996308445930481, energy_loss: 0.13693921267986298
2026-09-08 03:50:17,529 INFO Best AUROC test all: 0.8024013349526546, AUPR test all: 0.4025052167299898, AUROC test unknown: 0.8426411192486579, AUPR test unknown: 0.1723471363119063
2026-09-08 03:50:36,811 INFO Epoch: 49, loss: -0.013751223683357239, labeled_loss: 0.16227491199970245, unnlabeled_loss: 0.017122915014624596, mixup_loss: -1.996806263923645, energy_loss: 0.1509302854537964
2026-09-08 03:50:36,811 INFO Best AUROC test all: 0.8024013349526546, AUPR test all: 0.40759672609244796, AUROC test unknown: 0.8426411192486579, AUPR test unknown: 0.1723471363119063
2026-09-08 03:50:55,410 INFO Epoch: 50, loss: -0.027992472052574158, labeled_loss: 0.14318962395191193, unnlabeled_loss: 0.017966028302907944, mixup_loss: -1.9965909719467163, energy_loss: 0.19493986666202545
2026-09-08 03:50:55,410 INFO Best AUROC test all: 0.8024013349526546, AUPR test all: 0.40759672609244796, AUROC test unknown: 0.8426411192486579, AUPR test unknown: 0.1723471363119063
2026-09-08 03:51:17,023 INFO Epoch: 51, loss: -0.03148815035820007, labeled_loss: 0.14337094128131866, unnlabeled_loss: 0.0195322148501873, mixup_loss: -1.9967031478881836, energy_loss: 0.1504511833190918
2026-09-08 03:51:17,023 INFO Best AUROC test all: 0.8024013349526546, AUPR test all: 0.40759672609244796, AUROC test unknown: 0.8426411192486579, AUPR test unknown: 0.1723471363119063
2026-09-08 03:51:38,523 INFO Epoch: 52, loss: -0.029831215739250183, labeled_loss: 0.14234523475170135, unnlabeled_loss: 0.009320142678916454, mixup_loss: -1.9974747896194458, energy_loss: 0.22910960018634796
2026-09-08 03:51:38,524 INFO Best AUROC test all: 0.8024013349526546, AUPR test all: 0.40759672609244796, AUROC test unknown: 0.8426411192486579, AUPR test unknown: 0.1723471363119063
2026-09-08 03:51:59,448 INFO Epoch: 53, loss: -0.024753794074058533, labeled_loss: 0.14063547551631927, unnlabeled_loss: 0.027222823351621628, mixup_loss: -1.9968000650405884, energy_loss: 0.20679335296154022
2026-09-08 03:51:59,448 INFO Best AUROC test all: 0.8024013349526546, AUPR test all: 0.41134435167764594, AUROC test unknown: 0.8426411192486579, AUPR test unknown: 0.1723471363119063
2026-09-08 03:52:19,322 INFO Epoch: 54, loss: -0.06560854613780975, labeled_loss: 0.10333538800477982, unnlabeled_loss: 0.008468766696751118, mixup_loss: -1.9976903200149536, energy_loss: 0.2659071087837219
2026-09-08 03:52:19,322 INFO Best AUROC test all: 0.8024013349526546, AUPR test all: 0.4162664640773025, AUROC test unknown: 0.8426411192486579, AUPR test unknown: 0.1723471363119063
2026-09-08 03:52:38,357 INFO Epoch: 55, loss: -0.06331343948841095, labeled_loss: 0.10173916071653366, unnlabeled_loss: 0.0065994043834507465, mixup_loss: -1.9973745346069336, energy_loss: 0.31385156512260437
2026-09-08 03:52:38,357 INFO Best AUROC test all: 0.8024013349526546, AUPR test all: 0.4162664640773025, AUROC test unknown: 0.8426411192486579, AUPR test unknown: 0.1723471363119063
2026-09-08 03:52:59,572 INFO Epoch: 56, loss: -0.057708993554115295, labeled_loss: 0.11200681328773499, unnlabeled_loss: 0.016883529722690582, mixup_loss: -1.9972249269485474, energy_loss: 0.21564923226833344
2026-09-08 03:52:59,572 INFO Best AUROC test all: 0.8024013349526546, AUPR test all: 0.4162664640773025, AUROC test unknown: 0.8426411192486579, AUPR test unknown: 0.1723471363119063
2026-09-08 03:53:20,126 INFO Epoch: 57, loss: -0.05283631384372711, labeled_loss: 0.10783585906028748, unnlabeled_loss: 0.023035073652863503, mixup_loss: -1.9974839687347412, energy_loss: 0.2755867838859558
2026-09-08 03:53:20,127 INFO Best AUROC test all: 0.8024013349526546, AUPR test all: 0.4162664640773025, AUROC test unknown: 0.8426411192486579, AUPR test unknown: 0.1723471363119063
2026-09-08 03:53:40,574 INFO Epoch: 58, loss: -0.07576572895050049, labeled_loss: 0.08626855164766312, unnlabeled_loss: 0.005310960579663515, mixup_loss: -1.9975703954696655, energy_loss: 0.35067275166511536
2026-09-08 03:53:40,574 INFO Best AUROC test all: 0.8024013349526546, AUPR test all: 0.418970745487192, AUROC test unknown: 0.8426411192486579, AUPR test unknown: 0.1723471363119063
2026-09-08 03:54:00,045 INFO Epoch: 59, loss: -0.07940522581338882, labeled_loss: 0.08078627288341522, unnlabeled_loss: 0.006252277176827192, mixup_loss: -1.9978837966918945, energy_loss: 0.36470741033554077
2026-09-08 03:54:00,045 INFO Best AUROC test all: 0.8024013349526546, AUPR test all: 0.418970745487192, AUROC test unknown: 0.8426411192486579, AUPR test unknown: 0.1723471363119063
2026-09-08 03:54:17,716 INFO Epoch: 60, loss: -0.07267220318317413, labeled_loss: 0.09424354135990143, unnlabeled_loss: 0.017263609915971756, mixup_loss: -1.9978060722351074, energy_loss: 0.24233058094978333
2026-09-08 03:54:17,716 INFO Best AUROC test all: 0.8024013349526546, AUPR test all: 0.418970745487192, AUROC test unknown: 0.8426411192486579, AUPR test unknown: 0.1723471363119063
2026-09-08 03:54:36,485 INFO Epoch: 61, loss: -0.0841078981757164, labeled_loss: 0.07586157321929932, unnlabeled_loss: 0.014769150875508785, mixup_loss: -1.9976261854171753, energy_loss: 0.3240857422351837
2026-09-08 03:54:36,485 INFO Best AUROC test all: 0.8024013349526546, AUPR test all: 0.418970745487192, AUROC test unknown: 0.8426411192486579, AUPR test unknown: 0.1723471363119063
2026-09-08 03:54:55,209 INFO Epoch: 62, loss: -0.0685928612947464, labeled_loss: 0.0921747088432312, unnlabeled_loss: 0.0057640899904072285, mixup_loss: -1.9977504014968872, energy_loss: 0.3612542450428009
2026-09-08 03:54:55,209 INFO Best AUROC test all: 0.8024013349526546, AUPR test all: 0.418970745487192, AUROC test unknown: 0.8426411192486579, AUPR test unknown: 0.1723471363119063
2026-09-08 03:55:17,726 INFO Epoch: 63, loss: -0.09332162886857986, labeled_loss: 0.061563778668642044, unnlabeled_loss: 0.015802010893821716, mixup_loss: -1.9976309537887573, energy_loss: 0.36976686120033264
2026-09-08 03:55:17,727 INFO Best AUROC test all: 0.8024013349526546, AUPR test all: 0.418970745487192, AUROC test unknown: 0.8426411192486579, AUPR test unknown: 0.1723471363119063
2026-09-08 03:55:41,933 INFO Epoch: 64, loss: -0.07108309864997864, labeled_loss: 0.08849276602268219, unnlabeled_loss: 0.019929690286517143, mixup_loss: -1.9980344772338867, energy_loss: 0.30262747406959534
2026-09-08 03:55:41,933 INFO Best AUROC test all: 0.8024013349526546, AUPR test all: 0.418970745487192, AUROC test unknown: 0.8426411192486579, AUPR test unknown: 0.1723471363119063
2026-09-08 03:56:02,320 INFO Epoch: 65, loss: -0.06680433452129364, labeled_loss: 0.08596162497997284, unnlabeled_loss: 0.0074146948754787445, mixup_loss: -1.9977619647979736, energy_loss: 0.4330289661884308
2026-09-08 03:56:02,320 INFO Best AUROC test all: 0.8024013349526546, AUPR test all: 0.418970745487192, AUROC test unknown: 0.8426411192486579, AUPR test unknown: 0.1723471363119063
2026-09-08 03:56:23,843 INFO Epoch: 66, loss: -0.09016390144824982, labeled_loss: 0.06592009961605072, unnlabeled_loss: 0.007416605483740568, mixup_loss: -1.9975908994674683, energy_loss: 0.3996678590774536
2026-09-08 03:56:23,843 INFO Best AUROC test all: 0.8024013349526546, AUPR test all: 0.418970745487192, AUROC test unknown: 0.8426411192486579, AUPR test unknown: 0.1723471363119063
2026-09-08 03:56:45,867 INFO Epoch: 67, loss: -0.10495664924383163, labeled_loss: 0.06525935977697372, unnlabeled_loss: 0.02153683267533779, mixup_loss: -1.9983962774276733, energy_loss: 0.188552126288414
2026-09-08 03:56:45,868 INFO Best AUROC test all: 0.8024013349526546, AUPR test all: 0.418970745487192, AUROC test unknown: 0.8426411192486579, AUPR test unknown: 0.1723471363119063
2026-09-08 03:57:11,930 INFO Epoch: 68, loss: -0.08829379081726074, labeled_loss: 0.05997633934020996, unnlabeled_loss: 0.010293001309037209, mixup_loss: -1.9984031915664673, energy_loss: 0.46423691511154175
2026-09-08 03:57:11,932 INFO Best AUROC test all: 0.8024013349526546, AUPR test all: 0.418970745487192, AUROC test unknown: 0.8426411192486579, AUPR test unknown: 0.1723471363119063
2026-09-08 03:57:34,213 INFO Epoch: 69, loss: -0.09796711057424545, labeled_loss: 0.060502056032419205, unnlabeled_loss: 0.00816500373184681, mixup_loss: -1.9984647035598755, energy_loss: 0.3729480803012848
2026-09-08 03:57:34,213 INFO Best AUROC test all: 0.8024013349526546, AUPR test all: 0.418970745487192, AUROC test unknown: 0.8426411192486579, AUPR test unknown: 0.1723471363119063
2026-09-08 03:57:57,425 INFO Epoch: 70, loss: -0.11453454941511154, labeled_loss: 0.05002376809716225, unnlabeled_loss: 0.014404494315385818, mixup_loss: -1.9988317489624023, energy_loss: 0.28122615814208984
2026-09-08 03:57:57,425 INFO Best AUROC test all: 0.8024013349526546, AUPR test all: 0.418970745487192, AUROC test unknown: 0.8426411192486579, AUPR test unknown: 0.1723471363119063
2026-09-08 03:58:19,782 INFO Epoch: 71, loss: -0.11431103944778442, labeled_loss: 0.05222349241375923, unnlabeled_loss: 0.010521715506911278, mixup_loss: -1.9988272190093994, energy_loss: 0.28087344765663147
2026-09-08 03:58:19,782 INFO Best AUROC test all: 0.8024013349526546, AUPR test all: 0.418970745487192, AUROC test unknown: 0.8426411192486579, AUPR test unknown: 0.1723471363119063
2026-09-08 03:58:41,486 INFO Epoch: 72, loss: -0.1219441294670105, labeled_loss: 0.042865026742219925, unnlabeled_loss: 0.012631449848413467, mixup_loss: -1.998909831047058, energy_loss: 0.28766104578971863
2026-09-08 03:58:41,486 INFO Best AUROC test all: 0.8024013349526546, AUPR test all: 0.418970745487192, AUROC test unknown: 0.8426411192486579, AUPR test unknown: 0.1723471363119063
2026-09-08 03:59:07,400 INFO Epoch: 73, loss: -0.11342954635620117, labeled_loss: 0.04143231362104416, unnlabeled_loss: 0.012558664195239544, mixup_loss: -1.998749852180481, energy_loss: 0.38733789324760437
2026-09-08 03:59:07,400 INFO Best AUROC test all: 0.8024013349526546, AUPR test all: 0.418970745487192, AUROC test unknown: 0.8426411192486579, AUPR test unknown: 0.1723471363119063
2026-09-08 03:59:29,586 INFO Epoch: 74, loss: -0.12010212242603302, labeled_loss: 0.0527665875852108, unnlabeled_loss: 0.009844517335295677, mixup_loss: -1.998852252960205, energy_loss: 0.22094272077083588
2026-09-08 03:59:29,587 INFO Best AUROC test all: 0.8024013349526546, AUPR test all: 0.418970745487192, AUROC test unknown: 0.8426411192486579, AUPR test unknown: 0.1723471363119063
2026-09-08 03:59:54,095 INFO Epoch: 75, loss: -0.11940766870975494, labeled_loss: 0.03814665973186493, unnlabeled_loss: 0.022594090551137924, mixup_loss: -1.9989197254180908, energy_loss: 0.3104059100151062
2026-09-08 03:59:54,095 INFO Best AUROC test all: 0.8024013349526546, AUPR test all: 0.418970745487192, AUROC test unknown: 0.8426411192486579, AUPR test unknown: 0.1723471363119063
2026-09-08 04:00:17,577 INFO Epoch: 76, loss: -0.10374943166971207, labeled_loss: 0.03915352374315262, unnlabeled_loss: 0.02210765704512596, mixup_loss: -1.9990708827972412, energy_loss: 0.45950308442115784
2026-09-08 04:00:17,577 INFO Best AUROC test all: 0.8024013349526546, AUPR test all: 0.418970745487192, AUROC test unknown: 0.8426411192486579, AUPR test unknown: 0.1723471363119063
2026-09-08 04:00:41,050 INFO Epoch: 77, loss: -0.12019136548042297, labeled_loss: 0.032900985330343246, unnlabeled_loss: 0.01706116646528244, mixup_loss: -1.9991188049316406, energy_loss: 0.38288941979408264
2026-09-08 04:00:41,051 INFO Best AUROC test all: 0.8024013349526546, AUPR test all: 0.418970745487192, AUROC test unknown: 0.8426411192486579, AUPR test unknown: 0.1723471363119063
2026-09-08 04:01:03,228 INFO Epoch: 78, loss: -0.12111836671829224, labeled_loss: 0.03812131658196449, unnlabeled_loss: 0.01045012567192316, mixup_loss: -1.9988880157470703, energy_loss: 0.35424068570137024
2026-09-08 04:01:03,229 INFO Best AUROC test all: 0.8024013349526546, AUPR test all: 0.418970745487192, AUROC test unknown: 0.8426411192486579, AUPR test unknown: 0.1723471363119063
2026-09-08 04:01:24,781 INFO Epoch: 79, loss: -0.12788774073123932, labeled_loss: 0.03465275838971138, unnlabeled_loss: 0.01709798164665699, mixup_loss: -1.9988925457000732, energy_loss: 0.2879977226257324
2026-09-08 04:01:24,781 INFO Best AUROC test all: 0.8024013349526546, AUPR test all: 0.418970745487192, AUROC test unknown: 0.8426411192486579, AUPR test unknown: 0.1723471363119063
2026-09-08 04:01:46,254 INFO Epoch: 80, loss: -0.10728498548269272, labeled_loss: 0.029359273612499237, unnlabeled_loss: 0.03945685923099518, mixup_loss: -1.9989913702011108, energy_loss: 0.4352644383907318
2026-09-08 04:01:46,254 INFO Best AUROC test all: 0.8024013349526546, AUPR test all: 0.418970745487192, AUROC test unknown: 0.8426411192486579, AUPR test unknown: 0.1723471363119063
2026-09-08 04:02:09,189 INFO Epoch: 81, loss: -0.10584262013435364, labeled_loss: 0.03922431543469429, unnlabeled_loss: 0.031269580125808716, mixup_loss: -1.999047040939331, energy_loss: 0.3920298218727112
2026-09-08 04:02:09,189 INFO Best AUROC test all: 0.8024013349526546, AUPR test all: 0.418970745487192, AUROC test unknown: 0.8426411192486579, AUPR test unknown: 0.1723471363119063
2026-09-08 04:02:30,358 INFO Epoch: 82, loss: -0.12747861444950104, labeled_loss: 0.041496362537145615, unnlabeled_loss: 0.04806327447295189, mixup_loss: -1.9991379976272583, energy_loss: 0.06907188147306442
2026-09-08 04:02:30,358 INFO Best AUROC test all: 0.8024013349526546, AUPR test all: 0.418970745487192, AUROC test unknown: 0.8426411192486579, AUPR test unknown: 0.1723471363119063
2026-09-08 04:02:49,883 INFO Epoch: 83, loss: -0.10054130852222443, labeled_loss: 0.0352766215801239, unnlabeled_loss: 0.06009981036186218, mixup_loss: -1.9991637468338013, energy_loss: 0.3404853641986847
2026-09-08 04:02:49,883 INFO Best AUROC test all: 0.8024013349526546, AUPR test all: 0.418970745487192, AUROC test unknown: 0.8426411192486579, AUPR test unknown: 0.1723471363119063
2026-09-08 04:03:08,752 INFO Epoch: 84, loss: -0.11994791775941849, labeled_loss: 0.030820338055491447, unnlabeled_loss: 0.048251643776893616, mixup_loss: -1.9992573261260986, energy_loss: 0.2503165900707245
2026-09-08 04:03:08,752 INFO Best AUROC test all: 0.8024013349526546, AUPR test all: 0.418970745487192, AUROC test unknown: 0.8426411192486579, AUPR test unknown: 0.1723471363119063
2026-09-08 04:03:29,597 INFO Epoch: 85, loss: -0.17159879207611084, labeled_loss: 0.02632151171565056, unnlabeled_loss: 0.019350934773683548, mixup_loss: -1.9990469217300415, energy_loss: -0.07691074907779694
2026-09-08 04:03:29,597 INFO Best AUROC test all: 0.8024013349526546, AUPR test all: 0.418970745487192, AUROC test unknown: 0.8426411192486579, AUPR test unknown: 0.1723471363119063
2026-09-08 04:03:51,200 INFO Epoch: 86, loss: -0.11083358526229858, labeled_loss: 0.027430569753050804, unnlabeled_loss: 0.03796250373125076, mixup_loss: -1.9990196228027344, energy_loss: 0.42656561732292175
2026-09-08 04:03:51,200 INFO Best AUROC test all: 0.8024013349526546, AUPR test all: 0.418970745487192, AUROC test unknown: 0.8426411192486579, AUPR test unknown: 0.1723471363119063
2026-09-08 04:04:14,524 INFO Epoch: 87, loss: -0.10159364342689514, labeled_loss: 0.022775696590542793, unnlabeled_loss: 0.07833383232355118, mixup_loss: -1.9988707304000854, energy_loss: 0.3635081946849823
2026-09-08 04:04:14,524 INFO Best AUROC test all: 0.8024013349526546, AUPR test all: 0.418970745487192, AUROC test unknown: 0.8426411192486579, AUPR test unknown: 0.1723471363119063
2026-09-08 04:04:37,252 INFO Epoch: 88, loss: -0.10451246798038483, labeled_loss: 0.024032745510339737, unnlabeled_loss: 0.07302149385213852, mixup_loss: -1.9990215301513672, energy_loss: 0.34846195578575134
2026-09-08 04:04:37,252 INFO Best AUROC test all: 0.8024013349526546, AUPR test all: 0.418970745487192, AUROC test unknown: 0.8426411192486579, AUPR test unknown: 0.1723471363119063
2026-09-08 04:04:56,944 INFO Epoch: 89, loss: -0.09771373122930527, labeled_loss: 0.029972940683364868, unnlabeled_loss: 0.07543860375881195, mixup_loss: -1.9991015195846558, energy_loss: 0.3450417220592499
2026-09-08 04:04:56,944 INFO Best AUROC test all: 0.8024013349526546, AUPR test all: 0.418970745487192, AUROC test unknown: 0.8426411192486579, AUPR test unknown: 0.1723471363119063
2026-09-08 04:05:17,636 INFO Epoch: 90, loss: -0.11490137130022049, labeled_loss: 0.022902175784111023, unnlabeled_loss: 0.03722422942519188, mixup_loss: -1.9987428188323975, energy_loss: 0.43458616733551025
2026-09-08 04:05:17,636 INFO Best AUROC test all: 0.8024013349526546, AUPR test all: 0.418970745487192, AUROC test unknown: 0.8426411192486579, AUPR test unknown: 0.1723471363119063
2026-09-08 04:05:41,317 INFO Epoch: 91, loss: -0.1115342304110527, labeled_loss: 0.025422673672437668, unnlabeled_loss: 0.06420131027698517, mixup_loss: -1.9989309310913086, energy_loss: 0.308355450630188
2026-09-08 04:05:41,318 INFO Best AUROC test all: 0.8024013349526546, AUPR test all: 0.418970745487192, AUROC test unknown: 0.8426411192486579, AUPR test unknown: 0.1723471363119063
2026-09-08 04:05:57,502 INFO Epoch: 92, loss: -0.10554578900337219, labeled_loss: 0.03340349346399307, unnlabeled_loss: 0.05343332514166832, mixup_loss: -1.9991157054901123, energy_loss: 0.3424563407897949
2026-09-08 04:05:57,502 INFO Best AUROC test all: 0.8024013349526546, AUPR test all: 0.418970745487192, AUROC test unknown: 0.8426411192486579, AUPR test unknown: 0.1723471363119063
2026-09-08 04:06:14,586 INFO Epoch: 93, loss: -0.11794601380825043, labeled_loss: 0.04336977377533913, unnlabeled_loss: 0.02821914479136467, mixup_loss: -1.999059796333313, energy_loss: 0.24480615556240082
2026-09-08 04:06:14,586 INFO Best AUROC test all: 0.8024013349526546, AUPR test all: 0.418970745487192, AUROC test unknown: 0.8426411192486579, AUPR test unknown: 0.1723471363119063
2026-09-08 04:06:35,021 INFO Epoch: 94, loss: -0.12132196128368378, labeled_loss: 0.03230910003185272, unnlabeled_loss: 0.01637546718120575, mixup_loss: -1.9991341829299927, energy_loss: 0.3809463083744049
2026-09-08 04:06:35,021 INFO Best AUROC test all: 0.8024013349526546, AUPR test all: 0.418970745487192, AUROC test unknown: 0.8426411192486579, AUPR test unknown: 0.1723471363119063
2026-09-08 04:06:58,234 INFO Epoch: 95, loss: -0.10691440105438232, labeled_loss: 0.04842214286327362, unnlabeled_loss: 0.017028212547302246, mixup_loss: -1.9992268085479736, energy_loss: 0.36072033643722534
2026-09-08 04:06:58,234 INFO Best AUROC test all: 0.8024013349526546, AUPR test all: 0.418970745487192, AUROC test unknown: 0.8426411192486579, AUPR test unknown: 0.1723471363119063
2026-09-08 04:07:27,684 INFO Epoch: 96, loss: -0.11655882745981216, labeled_loss: 0.024500958621501923, unnlabeled_loss: 0.05113387107849121, mixup_loss: -1.9992462396621704, energy_loss: 0.33297911286354065
2026-09-08 04:07:27,684 INFO Best AUROC test all: 0.8024013349526546, AUPR test all: 0.418970745487192, AUROC test unknown: 0.8426411192486579, AUPR test unknown: 0.1723471363119063
2026-09-08 04:07:53,644 INFO Epoch: 97, loss: -0.1949453502893448, labeled_loss: 0.02628451958298683, unnlabeled_loss: 0.02893391065299511, mixup_loss: -1.9993008375167847, energy_loss: -0.35766738653182983
2026-09-08 04:07:53,644 INFO Best AUROC test all: 0.8024013349526546, AUPR test all: 0.418970745487192, AUROC test unknown: 0.8426411192486579, AUPR test unknown: 0.1723471363119063
2026-09-08 04:08:19,179 INFO Epoch: 98, loss: -0.11270087212324142, labeled_loss: 0.03383438661694527, unnlabeled_loss: 0.04409145191311836, mixup_loss: -1.9993234872817993, energy_loss: 0.3135136663913727
2026-09-08 04:08:19,180 INFO Best AUROC test all: 0.8024013349526546, AUPR test all: 0.418970745487192, AUROC test unknown: 0.8426411192486579, AUPR test unknown: 0.1723471363119063
2026-09-08 04:08:43,941 INFO Epoch: 99, loss: -0.11778270453214645, labeled_loss: 0.02647615224123001, unnlabeled_loss: 0.04033062979578972, mixup_loss: -1.9994820356369019, energy_loss: 0.3552403450012207
2026-09-08 04:08:43,941 INFO Best AUROC test all: 0.8024013349526546, AUPR test all: 0.418970745487192, AUROC test unknown: 0.8426411192486579, AUPR test unknown: 0.1723471363119063
2026-09-08 04:09:12,803 INFO Epoch: 100, loss: -0.11201208084821701, labeled_loss: 0.01759813167154789, unnlabeled_loss: 0.05580184981226921, mixup_loss: -1.9992502927780151, energy_loss: 0.42413896322250366
2026-09-08 04:09:12,803 INFO Best AUROC test all: 0.8024013349526546, AUPR test all: 0.418970745487192, AUROC test unknown: 0.8426411192486579, AUPR test unknown: 0.1723471363119063
2026-09-08 04:09:33,713 INFO Epoch: 101, loss: -0.11974727362394333, labeled_loss: 0.01731039211153984, unnlabeled_loss: 0.06267572939395905, mixup_loss: -1.9993959665298462, energy_loss: 0.3154406249523163
2026-09-08 04:09:33,713 INFO Best AUROC test all: 0.8024013349526546, AUPR test all: 0.418970745487192, AUROC test unknown: 0.8426411192486579, AUPR test unknown: 0.1723471363119063
2026-09-08 04:09:57,875 INFO Epoch: 102, loss: -0.12761759757995605, labeled_loss: 0.03160912171006203, unnlabeled_loss: 0.0314389169216156, mixup_loss: -1.9992769956588745, energy_loss: 0.24981515109539032
2026-09-08 04:09:57,876 INFO Best AUROC test all: 0.8024013349526546, AUPR test all: 0.418970745487192, AUROC test unknown: 0.8426411192486579, AUPR test unknown: 0.1723471363119063
2026-09-08 04:10:22,038 INFO Epoch: 103, loss: -0.13242089748382568, labeled_loss: 0.019975770264863968, unnlabeled_loss: 0.03908252343535423, mixup_loss: -1.99940025806427, energy_loss: 0.28002092242240906
2026-09-08 04:10:22,040 INFO Best AUROC test all: 0.8024013349526546, AUPR test all: 0.418970745487192, AUROC test unknown: 0.8426411192486579, AUPR test unknown: 0.1723471363119063
2026-09-08 04:10:49,582 INFO Epoch: 104, loss: -0.13824230432510376, labeled_loss: 0.024134939536452293, unnlabeled_loss: 0.027865637093782425, mixup_loss: -1.9991872310638428, energy_loss: 0.23608671128749847
2026-09-08 04:10:49,582 INFO Best AUROC test all: 0.8024013349526546, AUPR test all: 0.418970745487192, AUROC test unknown: 0.8426411192486579, AUPR test unknown: 0.1723471363119063
2026-09-08 04:11:18,061 INFO Epoch: 105, loss: -0.14094793796539307, labeled_loss: 0.02433846704661846, unnlabeled_loss: 0.010030299425125122, mixup_loss: -1.999245047569275, energy_loss: 0.29622966051101685
2026-09-08 04:11:18,061 INFO Best AUROC test all: 0.8024013349526546, AUPR test all: 0.418970745487192, AUROC test unknown: 0.8426411192486579, AUPR test unknown: 0.1723471363119063
2026-09-08 04:11:45,246 INFO Epoch: 106, loss: -0.11458760499954224, labeled_loss: 0.02348458766937256, unnlabeled_loss: 0.05690515786409378, mixup_loss: -1.99947190284729, energy_loss: 0.3342241942882538
2026-09-08 04:11:45,246 INFO Best AUROC test all: 0.8024013349526546, AUPR test all: 0.418970745487192, AUROC test unknown: 0.8426411192486579, AUPR test unknown: 0.1723471363119063
2026-09-08 04:12:12,069 INFO Epoch: 107, loss: -0.11204593628644943, labeled_loss: 0.018301382660865784, unnlabeled_loss: 0.08096136152744293, mixup_loss: -1.999500036239624, energy_loss: 0.291220098733902
2026-09-08 04:12:12,069 INFO Best AUROC test all: 0.8024013349526546, AUPR test all: 0.418970745487192, AUROC test unknown: 0.8426411192486579, AUPR test unknown: 0.1723471363119063
2026-09-08 04:12:36,525 INFO Epoch: 108, loss: -0.17863433063030243, labeled_loss: 0.02503294311463833, unnlabeled_loss: 0.028378238901495934, mixup_loss: -1.9992938041687012, energy_loss: -0.17927001416683197
2026-09-08 04:12:36,525 INFO Best AUROC test all: 0.8024013349526546, AUPR test all: 0.418970745487192, AUROC test unknown: 0.8426411192486579, AUPR test unknown: 0.1723471363119063
2026-09-08 04:13:04,171 INFO Epoch: 109, loss: -0.13121818006038666, labeled_loss: 0.033966291695833206, unnlabeled_loss: 0.03466327488422394, mixup_loss: -1.9990416765213013, energy_loss: 0.17388063669204712
2026-09-08 04:13:04,171 INFO Best AUROC test all: 0.8024013349526546, AUPR test all: 0.418970745487192, AUROC test unknown: 0.8426411192486579, AUPR test unknown: 0.1723471363119063
2026-09-08 04:13:27,244 INFO Epoch: 110, loss: -0.12162197381258011, labeled_loss: 0.019602138549089432, unnlabeled_loss: 0.03673367202281952, mixup_loss: -1.9993095397949219, energy_loss: 0.4034000039100647
2026-09-08 04:13:27,245 INFO Best AUROC test all: 0.8024013349526546, AUPR test all: 0.418970745487192, AUROC test unknown: 0.8426411192486579, AUPR test unknown: 0.1723471363119063
2026-09-08 04:13:50,784 INFO Epoch: 111, loss: -0.06377759575843811, labeled_loss: 0.037122003734111786, unnlabeled_loss: 0.1278390735387802, mixup_loss: -1.999461054801941, energy_loss: 0.35126957297325134
2026-09-08 04:13:50,784 INFO Best AUROC test all: 0.8024013349526546, AUPR test all: 0.418970745487192, AUROC test unknown: 0.8426411192486579, AUPR test unknown: 0.1723471363119063
2026-09-08 04:14:16,940 INFO Epoch: 112, loss: -0.08982755243778229, labeled_loss: 0.01942562498152256, unnlabeled_loss: 0.11124767363071442, mixup_loss: -1.999420166015625, energy_loss: 0.35065004229545593
2026-09-08 04:14:16,940 INFO Best AUROC test all: 0.8024013349526546, AUPR test all: 0.418970745487192, AUROC test unknown: 0.8426411192486579, AUPR test unknown: 0.1723471363119063
2026-09-08 04:14:46,238 INFO Epoch: 113, loss: -0.09059678018093109, labeled_loss: 0.052444614470005035, unnlabeled_loss: 0.026681415736675262, mixup_loss: -1.9991564750671387, energy_loss: 0.4353353977203369
2026-09-08 04:14:46,239 INFO Best AUROC test all: 0.8024013349526546, AUPR test all: 0.418970745487192, AUROC test unknown: 0.8426411192486579, AUPR test unknown: 0.1723471363119063
2026-09-08 04:15:12,114 INFO Epoch: 114, loss: -0.11201581358909607, labeled_loss: 0.021672654896974564, unnlabeled_loss: 0.07731781154870987, mixup_loss: -1.9994865655899048, energy_loss: 0.2760127782821655
2026-09-08 04:15:12,115 INFO Best AUROC test all: 0.8024013349526546, AUPR test all: 0.418970745487192, AUROC test unknown: 0.8426411192486579, AUPR test unknown: 0.1723471363119063
2026-09-08 04:15:34,797 INFO Epoch: 115, loss: -0.09524698555469513, labeled_loss: 0.03283094987273216, unnlabeled_loss: 0.1460844874382019, mixup_loss: -1.9995417594909668, energy_loss: -0.01165994256734848
2026-09-08 04:15:34,797 INFO Best AUROC test all: 0.8024013349526546, AUPR test all: 0.418970745487192, AUROC test unknown: 0.8426411192486579, AUPR test unknown: 0.1723471363119063
2026-09-08 04:16:00,986 INFO Epoch: 116, loss: -0.10754615068435669, labeled_loss: 0.02033383958041668, unnlabeled_loss: 0.08156310021877289, mixup_loss: -1.9992892742156982, energy_loss: 0.3126738369464874
2026-09-08 04:16:00,986 INFO Best AUROC test all: 0.8024013349526546, AUPR test all: 0.418970745487192, AUROC test unknown: 0.8426411192486579, AUPR test unknown: 0.1723471363119063
2026-09-08 04:16:25,604 INFO Epoch: 117, loss: -0.10796962678432465, labeled_loss: 0.05028539523482323, unnlabeled_loss: 0.02963990531861782, mixup_loss: -1.9990527629852295, energy_loss: 0.2683030664920807
2026-09-08 04:16:25,604 INFO Best AUROC test all: 0.8024013349526546, AUPR test all: 0.418970745487192, AUROC test unknown: 0.8426411192486579, AUPR test unknown: 0.1723471363119063
2026-09-08 04:16:48,948 INFO Epoch: 118, loss: -0.13532918691635132, labeled_loss: 0.02618885599076748, unnlabeled_loss: 0.04545612633228302, mixup_loss: -1.9995189905166626, energy_loss: 0.15705803036689758
2026-09-08 04:16:48,949 INFO Best AUROC test all: 0.8024013349526546, AUPR test all: 0.418970745487192, AUROC test unknown: 0.8426411192486579, AUPR test unknown: 0.1723471363119063
2026-09-08 04:17:18,845 INFO Epoch: 119, loss: -0.1111995130777359, labeled_loss: 0.024360405281186104, unnlabeled_loss: 0.09429512172937393, mixup_loss: -1.9994319677352905, energy_loss: 0.17235718667507172
2026-09-08 04:17:18,845 INFO Best AUROC test all: 0.8024013349526546, AUPR test all: 0.418970745487192, AUROC test unknown: 0.8426411192486579, AUPR test unknown: 0.1723471363119063
2026-09-08 04:17:44,818 INFO Epoch: 120, loss: -0.11558537185192108, labeled_loss: 0.025850962847471237, unnlabeled_loss: 0.07367165386676788, mixup_loss: -1.9994714260101318, energy_loss: 0.21674984693527222
2026-09-08 04:17:44,819 INFO Best AUROC test all: 0.8024013349526546, AUPR test all: 0.418970745487192, AUROC test unknown: 0.8426411192486579, AUPR test unknown: 0.1723471363119063
2026-09-08 04:18:09,073 INFO Epoch: 121, loss: -0.12771353125572205, labeled_loss: 0.030549727380275726, unnlabeled_loss: 0.018133748322725296, mixup_loss: -1.9994378089904785, energy_loss: 0.32613658905029297
2026-09-08 04:18:09,074 INFO Best AUROC test all: 0.8024013349526546, AUPR test all: 0.418970745487192, AUROC test unknown: 0.8426411192486579, AUPR test unknown: 0.1723471363119063
2026-09-08 04:18:28,861 INFO Epoch: 122, loss: -0.14439067244529724, labeled_loss: 0.0233832448720932, unnlabeled_loss: 0.04912998899817467, mixup_loss: -1.9993606805801392, energy_loss: 0.07597174495458603
2026-09-08 04:18:28,861 INFO Best AUROC test all: 0.8024013349526546, AUPR test all: 0.418970745487192, AUROC test unknown: 0.8426411192486579, AUPR test unknown: 0.1723471363119063
2026-09-08 04:18:52,288 INFO Epoch: 123, loss: -0.14736688137054443, labeled_loss: 0.018849501386284828, unnlabeled_loss: 0.027005599811673164, mixup_loss: -1.9994343519210815, energy_loss: 0.2022426277399063
2026-09-08 04:18:52,288 INFO Best AUROC test all: 0.8024013349526546, AUPR test all: 0.418970745487192, AUROC test unknown: 0.8426411192486579, AUPR test unknown: 0.1723471363119063
2026-09-08 04:19:18,557 INFO Epoch: 124, loss: -0.13317057490348816, labeled_loss: 0.02313675545156002, unnlabeled_loss: 0.04037816822528839, mixup_loss: -1.9994406700134277, energy_loss: 0.23447644710540771
2026-09-08 04:19:18,557 INFO Best AUROC test all: 0.8024013349526546, AUPR test all: 0.418970745487192, AUROC test unknown: 0.8426411192486579, AUPR test unknown: 0.1723471363119063
2026-09-08 04:19:46,491 INFO Epoch: 125, loss: -0.11816494911909103, labeled_loss: 0.022259751334786415, unnlabeled_loss: 0.07116034626960754, mixup_loss: -1.9995620250701904, energy_loss: 0.2395133525133133
2026-09-08 04:19:46,491 INFO Best AUROC test all: 0.8024013349526546, AUPR test all: 0.418970745487192, AUROC test unknown: 0.8426411192486579, AUPR test unknown: 0.1723471363119063
2026-09-08 04:20:13,908 INFO Epoch: 126, loss: -0.14130732417106628, labeled_loss: 0.025818509981036186, unnlabeled_loss: 0.03244626149535179, mixup_loss: -1.9994480609893799, energy_loss: 0.165958434343338
2026-09-08 04:20:13,909 INFO Best AUROC test all: 0.8024013349526546, AUPR test all: 0.418970745487192, AUROC test unknown: 0.8426411192486579, AUPR test unknown: 0.1723471363119063
2026-09-08 04:20:44,469 INFO Epoch: 127, loss: -0.13720005750656128, labeled_loss: 0.013370768167078495, unnlabeled_loss: 0.05121711269021034, mixup_loss: -1.9994313716888428, energy_loss: 0.23763753473758698
2026-09-08 04:20:44,469 INFO Best AUROC test all: 0.8024013349526546, AUPR test all: 0.418970745487192, AUROC test unknown: 0.8426411192486579, AUPR test unknown: 0.1723471363119063
2026-09-08 04:21:11,768 INFO Epoch: 128, loss: -0.12039158493280411, labeled_loss: 0.018956953659653664, unnlabeled_loss: 0.06491124629974365, mixup_loss: -1.999489426612854, energy_loss: 0.2814478874206543
2026-09-08 04:21:11,768 INFO Best AUROC test all: 0.8024013349526546, AUPR test all: 0.418970745487192, AUROC test unknown: 0.8426411192486579, AUPR test unknown: 0.1723471363119063
2026-09-08 04:21:38,703 INFO Epoch: 129, loss: -0.14347471296787262, labeled_loss: 0.015067142434418201, unnlabeled_loss: 0.017228063195943832, mixup_loss: -1.999402403831482, energy_loss: 0.32784363627433777
2026-09-08 04:21:38,703 INFO Best AUROC test all: 0.8024013349526546, AUPR test all: 0.418970745487192, AUROC test unknown: 0.8426411192486579, AUPR test unknown: 0.1723471363119063
2026-09-08 04:22:07,481 INFO Epoch: 130, loss: -0.1309964656829834, labeled_loss: 0.028496205806732178, unnlabeled_loss: 0.031647514551877975, mixup_loss: -1.9995530843734741, energy_loss: 0.24638888239860535
2026-09-08 04:22:07,482 INFO Best AUROC test all: 0.8024013349526546, AUPR test all: 0.418970745487192, AUROC test unknown: 0.8426411192486579, AUPR test unknown: 0.1723471363119063
2026-09-08 04:22:38,420 INFO Epoch: 131, loss: -0.13789650797843933, labeled_loss: 0.021617790684103966, unnlabeled_loss: 0.02051696740090847, mixup_loss: -1.9996002912521362, energy_loss: 0.30187249183654785
2026-09-08 04:22:38,421 INFO Best AUROC test all: 0.8024013349526546, AUPR test all: 0.418970745487192, AUROC test unknown: 0.8426411192486579, AUPR test unknown: 0.1723471363119063
2026-09-08 04:23:05,604 INFO Epoch: 132, loss: -0.15199686586856842, labeled_loss: 0.01610071212053299, unnlabeled_loss: 0.017160454764962196, mixup_loss: -1.999574065208435, energy_loss: 0.2327960729598999
2026-09-08 04:23:05,604 INFO Best AUROC test all: 0.8024013349526546, AUPR test all: 0.418970745487192, AUROC test unknown: 0.8426411192486579, AUPR test unknown: 0.1723471363119063
2026-09-08 04:23:31,022 INFO Epoch: 133, loss: -0.12664780020713806, labeled_loss: 0.020147066563367844, unnlabeled_loss: 0.016534598544239998, mixup_loss: -1.9993971586227417, energy_loss: 0.4487755596637726
2026-09-08 04:23:31,023 INFO Best AUROC test all: 0.8024013349526546, AUPR test all: 0.418970745487192, AUROC test unknown: 0.8426411192486579, AUPR test unknown: 0.1723471363119063
2026-09-08 04:23:54,574 INFO Epoch: 134, loss: -0.13813886046409607, labeled_loss: 0.013452339917421341, unnlabeled_loss: 0.01819489896297455, mixup_loss: -1.999594807624817, energy_loss: 0.39270833134651184
2026-09-08 04:23:54,574 INFO Best AUROC test all: 0.8024013349526546, AUPR test all: 0.418970745487192, AUROC test unknown: 0.8426411192486579, AUPR test unknown: 0.1723471363119063
2026-09-08 04:24:16,960 INFO Epoch: 135, loss: -0.07987722009420395, labeled_loss: 0.022671444341540337, unnlabeled_loss: 0.1280527263879776, mixup_loss: -1.9995801448822021, energy_loss: 0.3338298499584198
2026-09-08 04:24:16,960 INFO Best AUROC test all: 0.8024013349526546, AUPR test all: 0.418970745487192, AUROC test unknown: 0.8426411192486579, AUPR test unknown: 0.1723471363119063
2026-09-08 04:24:42,556 INFO Epoch: 136, loss: -0.14585787057876587, labeled_loss: 0.01089008804410696, unnlabeled_loss: 0.027145054191350937, mixup_loss: -1.999619722366333, energy_loss: 0.29641491174697876
2026-09-08 04:24:42,557 INFO Best AUROC test all: 0.8024013349526546, AUPR test all: 0.418970745487192, AUROC test unknown: 0.8426411192486579, AUPR test unknown: 0.1723471363119063
2026-09-08 04:25:13,217 INFO Epoch: 137, loss: -0.14294835925102234, labeled_loss: 0.018330495804548264, unnlabeled_loss: 0.016563598066568375, mixup_loss: -1.999557614326477, energy_loss: 0.3039510250091553
2026-09-08 04:25:13,217 INFO Best AUROC test all: 0.8024013349526546, AUPR test all: 0.418970745487192, AUROC test unknown: 0.8426411192486579, AUPR test unknown: 0.1723471363119063
2026-09-08 04:25:36,780 INFO Epoch: 138, loss: -0.11116436868906021, labeled_loss: 0.019318999722599983, unnlabeled_loss: 0.058734163641929626, mixup_loss: -1.9994103908538818, energy_loss: 0.40090590715408325
2026-09-08 04:25:36,780 INFO Best AUROC test all: 0.8024013349526546, AUPR test all: 0.418970745487192, AUROC test unknown: 0.8426411192486579, AUPR test unknown: 0.1723471363119063
2026-09-08 04:25:59,209 INFO Epoch: 139, loss: -0.088802769780159, labeled_loss: 0.015600758604705334, unnlabeled_loss: 0.15099671483039856, mixup_loss: -1.99957275390625, energy_loss: 0.20055390894412994
2026-09-08 04:25:59,210 INFO Best AUROC test all: 0.8024013349526546, AUPR test all: 0.418970745487192, AUROC test unknown: 0.8426411192486579, AUPR test unknown: 0.1723471363119063
2026-09-08 04:26:22,497 INFO Epoch: 140, loss: -0.09793754667043686, labeled_loss: 0.037846196442842484, unnlabeled_loss: 0.11210665106773376, mixup_loss: -1.9996460676193237, energy_loss: 0.08127545565366745
2026-09-08 04:26:22,498 INFO Best AUROC test all: 0.8024013349526546, AUPR test all: 0.418970745487192, AUROC test unknown: 0.8426411192486579, AUPR test unknown: 0.1723471363119063
2026-09-08 04:26:45,458 INFO Epoch: 141, loss: -0.1394970864057541, labeled_loss: 0.02539573609828949, unnlabeled_loss: 0.02076507918536663, mixup_loss: -1.9994603395462036, energy_loss: 0.24670663475990295
2026-09-08 04:26:45,459 INFO Best AUROC test all: 0.8024013349526546, AUPR test all: 0.418970745487192, AUROC test unknown: 0.8426411192486579, AUPR test unknown: 0.1723471363119063
2026-09-08 04:27:07,599 INFO Epoch: 142, loss: -0.09198249876499176, labeled_loss: 0.05355729162693024, unnlabeled_loss: 0.0663871169090271, mixup_loss: -1.9994487762451172, energy_loss: 0.21211537718772888
2026-09-08 04:27:07,600 INFO Best AUROC test all: 0.8024013349526546, AUPR test all: 0.418970745487192, AUROC test unknown: 0.8426411192486579, AUPR test unknown: 0.1723471363119063
2026-09-08 04:27:35,746 INFO Epoch: 143, loss: -0.11693191528320312, labeled_loss: 0.0282466821372509, unnlabeled_loss: 0.07926738262176514, mixup_loss: -1.9994817972183228, energy_loss: 0.15135890245437622
2026-09-08 04:27:35,746 INFO Best AUROC test all: 0.8024013349526546, AUPR test all: 0.418970745487192, AUROC test unknown: 0.8426411192486579, AUPR test unknown: 0.1723471363119063
2026-09-08 04:28:02,092 INFO Epoch: 144, loss: -0.11100290715694427, labeled_loss: 0.04094517230987549, unnlabeled_loss: 0.10846186429262161, mixup_loss: -1.9995331764221191, energy_loss: -0.06225695088505745
2026-09-08 04:28:02,092 INFO Best AUROC test all: 0.8024013349526546, AUPR test all: 0.418970745487192, AUROC test unknown: 0.8426411192486579, AUPR test unknown: 0.1723471363119063
2026-09-08 04:28:25,924 INFO Epoch: 145, loss: -0.11866439878940582, labeled_loss: 0.02315232902765274, unnlabeled_loss: 0.0765783041715622, mixup_loss: -1.9996691942214966, energy_loss: 0.19861043989658356
2026-09-08 04:28:25,924 INFO Best AUROC test all: 0.8024013349526546, AUPR test all: 0.418970745487192, AUROC test unknown: 0.8426411192486579, AUPR test unknown: 0.1723471363119063
2026-09-08 04:28:48,679 INFO Epoch: 146, loss: -0.11218341439962387, labeled_loss: 0.021358352154493332, unnlabeled_loss: 0.07687452435493469, mixup_loss: -1.999502182006836, energy_loss: 0.27971190214157104
2026-09-08 04:28:48,679 INFO Best AUROC test all: 0.8024013349526546, AUPR test all: 0.418970745487192, AUROC test unknown: 0.8426411192486579, AUPR test unknown: 0.1723471363119063
2026-09-08 04:29:14,388 INFO Epoch: 147, loss: -0.12498186528682709, labeled_loss: 0.038170598447322845, unnlabeled_loss: 0.0385100282728672, mixup_loss: -1.999433994293213, energy_loss: 0.17535927891731262
2026-09-08 04:29:14,389 INFO Best AUROC test all: 0.8024013349526546, AUPR test all: 0.418970745487192, AUROC test unknown: 0.8426411192486579, AUPR test unknown: 0.1723471363119063
2026-09-08 04:29:40,722 INFO Epoch: 148, loss: -0.15094557404518127, labeled_loss: 0.01867481879889965, unnlabeled_loss: 0.020442623645067215, mixup_loss: -1.9995473623275757, energy_loss: 0.20113039016723633
2026-09-08 04:29:40,737 INFO Best AUROC test all: 0.8024013349526546, AUPR test all: 0.418970745487192, AUROC test unknown: 0.8426411192486579, AUPR test unknown: 0.1723471363119063
2026-09-08 04:30:04,718 INFO Epoch: 149, loss: -0.12398618459701538, labeled_loss: 0.016975095495581627, unnlabeled_loss: 0.08382638543844223, mixup_loss: -1.9995942115783691, energy_loss: 0.1708494871854782
2026-09-08 04:30:04,718 INFO Best AUROC test all: 0.8024013349526546, AUPR test all: 0.418970745487192, AUROC test unknown: 0.8426411192486579, AUPR test unknown: 0.1723471363119063
2026-09-08 04:30:27,962 INFO Epoch: 150, loss: -0.11463696509599686, labeled_loss: 0.03400910273194313, unnlabeled_loss: 0.0843881219625473, mixup_loss: -1.9995691776275635, energy_loss: 0.09116796404123306
2026-09-08 04:30:27,963 INFO Best AUROC test all: 0.8024013349526546, AUPR test all: 0.418970745487192, AUROC test unknown: 0.8426411192486579, AUPR test unknown: 0.1723471363119063
2026-09-08 04:30:54,663 INFO Epoch: 151, loss: -0.14487186074256897, labeled_loss: 0.0179598405957222, unnlabeled_loss: 0.050883036106824875, mixup_loss: -1.9995670318603516, energy_loss: 0.11683477461338043
2026-09-08 04:30:54,663 INFO Best AUROC test all: 0.8024013349526546, AUPR test all: 0.418970745487192, AUROC test unknown: 0.8426411192486579, AUPR test unknown: 0.1723471363119063
2026-09-08 04:31:17,961 INFO Epoch: 152, loss: -0.11240722239017487, labeled_loss: 0.015928637236356735, unnlabeled_loss: 0.06478478759527206, mixup_loss: -1.999517560005188, energy_loss: 0.3922349512577057
2026-09-08 04:31:17,961 INFO Best AUROC test all: 0.8024013349526546, AUPR test all: 0.418970745487192, AUROC test unknown: 0.8426411192486579, AUPR test unknown: 0.1723471363119063
2026-09-08 04:31:49,769 INFO Epoch: 153, loss: -0.12854543328285217, labeled_loss: 0.017181748524308205, unnlabeled_loss: 0.06360555440187454, mixup_loss: -1.9996051788330078, energy_loss: 0.22430551052093506
2026-09-08 04:31:49,769 INFO Best AUROC test all: 0.8024013349526546, AUPR test all: 0.418970745487192, AUROC test unknown: 0.8426411192486579, AUPR test unknown: 0.1723471363119063
2026-09-08 04:32:16,041 INFO Epoch: 154, loss: -0.13717536628246307, labeled_loss: 0.019362017512321472, unnlabeled_loss: 0.060081757605075836, mixup_loss: -1.9995198249816895, energy_loss: 0.133737251162529
2026-09-08 04:32:16,042 INFO Best AUROC test all: 0.8024013349526546, AUPR test all: 0.418970745487192, AUROC test unknown: 0.8426411192486579, AUPR test unknown: 0.1723471363119063
2026-09-08 04:32:44,364 INFO Epoch: 155, loss: -0.11937616020441055, labeled_loss: 0.014271581545472145, unnlabeled_loss: 0.08464305102825165, mixup_loss: -1.9995925426483154, energy_loss: 0.23989996314048767
2026-09-08 04:32:44,373 INFO Best AUROC test all: 0.8024013349526546, AUPR test all: 0.418970745487192, AUROC test unknown: 0.8426411192486579, AUPR test unknown: 0.1723471363119063
2026-09-08 04:33:10,643 INFO Epoch: 156, loss: -0.06203128397464752, labeled_loss: 0.03504014015197754, unnlabeled_loss: 0.1329735964536667, mixup_loss: -1.999402403831482, energy_loss: 0.36382028460502625
2026-09-08 04:33:10,644 INFO Best AUROC test all: 0.8024013349526546, AUPR test all: 0.418970745487192, AUROC test unknown: 0.8426411192486579, AUPR test unknown: 0.1723471363119063
2026-09-08 04:33:45,372 INFO Epoch: 157, loss: -0.14464426040649414, labeled_loss: 0.01715719699859619, unnlabeled_loss: 0.030507925897836685, mixup_loss: -1.9995630979537964, energy_loss: 0.22900892794132233
2026-09-08 04:33:45,373 INFO Best AUROC test all: 0.8024013349526546, AUPR test all: 0.418970745487192, AUROC test unknown: 0.8426411192486579, AUPR test unknown: 0.1723471363119063
2026-09-08 04:34:13,358 INFO Epoch: 158, loss: -0.11615467071533203, labeled_loss: 0.01851135864853859, unnlabeled_loss: 0.09440770745277405, mixup_loss: -1.9995886087417603, energy_loss: 0.1808897852897644
2026-09-08 04:34:13,359 INFO Best AUROC test all: 0.8024013349526546, AUPR test all: 0.418970745487192, AUROC test unknown: 0.8426411192486579, AUPR test unknown: 0.1723471363119063
2026-09-08 04:34:38,303 INFO Epoch: 159, loss: -0.1324761062860489, labeled_loss: 0.02155289240181446, unnlabeled_loss: 0.0547230988740921, mixup_loss: -1.9994871616363525, energy_loss: 0.18558168411254883
2026-09-08 04:34:38,303 INFO Best AUROC test all: 0.8024013349526546, AUPR test all: 0.418970745487192, AUROC test unknown: 0.8426411192486579, AUPR test unknown: 0.1723471363119063
2026-09-08 04:35:04,018 INFO Epoch: 160, loss: -0.14208397269248962, labeled_loss: 0.02602638304233551, unnlabeled_loss: 0.03725149855017662, mixup_loss: -1.9995070695877075, energy_loss: 0.13214600086212158
2026-09-08 04:35:04,018 INFO Best AUROC test all: 0.8024013349526546, AUPR test all: 0.418970745487192, AUROC test unknown: 0.8426411192486579, AUPR test unknown: 0.1723471363119063
2026-09-08 04:35:27,875 INFO Epoch: 161, loss: -0.12013274431228638, labeled_loss: 0.017513081431388855, unnlabeled_loss: 0.10107725858688354, mixup_loss: -1.999524474143982, energy_loss: 0.11767995357513428
2026-09-08 04:35:27,875 INFO Best AUROC test all: 0.8024013349526546, AUPR test all: 0.418970745487192, AUROC test unknown: 0.8426411192486579, AUPR test unknown: 0.1723471363119063
2026-09-08 04:35:51,458 INFO Epoch: 162, loss: -0.13484959304332733, labeled_loss: 0.01453427691012621, unnlabeled_loss: 0.07663081586360931, mixup_loss: -1.9994454383850098, energy_loss: 0.12245265394449234
2026-09-08 04:35:51,459 INFO Best AUROC test all: 0.8024013349526546, AUPR test all: 0.4201759074622651, AUROC test unknown: 0.8426411192486579, AUPR test unknown: 0.1723471363119063
2026-09-08 04:36:16,415 INFO Epoch: 163, loss: -0.12925444543361664, labeled_loss: 0.019997870549559593, unnlabeled_loss: 0.06079484894871712, mixup_loss: -1.9994477033615112, energy_loss: 0.20295041799545288
2026-09-08 04:36:16,415 INFO Best AUROC test all: 0.8024013349526546, AUPR test all: 0.4201759074622651, AUROC test unknown: 0.8426411192486579, AUPR test unknown: 0.1723471363119063
2026-09-08 04:36:39,976 INFO Epoch: 164, loss: -0.14379659295082092, labeled_loss: 0.011353321373462677, unnlabeled_loss: 0.026929015293717384, mixup_loss: -1.9994642734527588, energy_loss: 0.3133201599121094
2026-09-08 04:36:39,976 INFO Best AUROC test all: 0.8024013349526546, AUPR test all: 0.4240795958804916, AUROC test unknown: 0.8426411192486579, AUPR test unknown: 0.1723471363119063
2026-09-08 04:37:08,274 INFO Epoch: 165, loss: -0.16475099325180054, labeled_loss: 0.010541115887463093, unnlabeled_loss: 0.027500564232468605, mixup_loss: -1.9994674921035767, energy_loss: 0.10904364287853241
2026-09-08 04:37:08,274 INFO Best AUROC test all: 0.8024013349526546, AUPR test all: 0.4279914266003309, AUROC test unknown: 0.8426411192486579, AUPR test unknown: 0.1723471363119063
2026-09-08 04:37:34,481 INFO Epoch: 166, loss: -0.13329921662807465, labeled_loss: 0.00948316790163517, unnlabeled_loss: 0.0935516431927681, mixup_loss: -1.9993159770965576, energy_loss: 0.10373399406671524
2026-09-08 04:37:34,481 INFO Best AUROC test all: 0.8024013349526546, AUPR test all: 0.4279914266003309, AUROC test unknown: 0.8426411192486579, AUPR test unknown: 0.1723471363119063
2026-09-08 04:37:59,803 INFO Epoch: 167, loss: -0.09579777717590332, labeled_loss: 0.02253810688853264, unnlabeled_loss: 0.125218003988266, mixup_loss: -1.9994101524353027, energy_loss: 0.18996134400367737
2026-09-08 04:37:59,803 INFO Best AUROC test all: 0.8024013349526546, AUPR test all: 0.4279914266003309, AUROC test unknown: 0.8426411192486579, AUPR test unknown: 0.1723471363119063
2026-09-08 04:38:31,701 INFO Epoch: 168, loss: -0.12893031537532806, labeled_loss: 0.011111444793641567, unnlabeled_loss: 0.08178985118865967, mixup_loss: -1.9995200634002686, energy_loss: 0.19015318155288696
2026-09-08 04:38:31,702 INFO Best AUROC test all: 0.8024013349526546, AUPR test all: 0.4279914266003309, AUROC test unknown: 0.8426411192486579, AUPR test unknown: 0.1723471363119063
2026-09-08 04:39:01,660 INFO Epoch: 169, loss: -0.17561572790145874, labeled_loss: 0.016277175396680832, unnlabeled_loss: 0.03720051050186157, mixup_loss: -1.9995629787445068, energy_loss: -0.10536851733922958
2026-09-08 04:39:01,660 INFO Best AUROC test all: 0.8024013349526546, AUPR test all: 0.4279914266003309, AUROC test unknown: 0.8426411192486579, AUPR test unknown: 0.1723471363119063
2026-09-08 04:39:35,353 INFO Epoch: 170, loss: -0.13684576749801636, labeled_loss: 0.015404020436108112, unnlabeled_loss: 0.06957395374774933, mixup_loss: -1.999478816986084, energy_loss: 0.129111185669899
2026-09-08 04:39:35,353 INFO Best AUROC test all: 0.8024013349526546, AUPR test all: 0.4279914266003309, AUROC test unknown: 0.8426411192486579, AUPR test unknown: 0.1723471363119063
2026-09-08 04:40:07,302 INFO Epoch: 171, loss: -0.1358608454465866, labeled_loss: 0.013983679004013538, unnlabeled_loss: 0.09146110713481903, mixup_loss: -1.9994961023330688, energy_loss: 0.04374527558684349
2026-09-08 04:40:07,302 INFO Best AUROC test all: 0.8024013349526546, AUPR test all: 0.4279914266003309, AUROC test unknown: 0.8426411192486579, AUPR test unknown: 0.1723471363119063
2026-09-08 04:40:32,837 INFO Epoch: 172, loss: -0.1582479178905487, labeled_loss: 0.013745898380875587, unnlabeled_loss: 0.03438827767968178, mixup_loss: -1.9994224309921265, energy_loss: 0.1075429618358612
2026-09-08 04:40:32,837 INFO Best AUROC test all: 0.8024013349526546, AUPR test all: 0.4279914266003309, AUROC test unknown: 0.8426411192486579, AUPR test unknown: 0.1723471363119063
2026-09-08 04:40:59,413 INFO Epoch: 173, loss: -0.14475156366825104, labeled_loss: 0.012237248942255974, unnlabeled_loss: 0.0711720883846283, mixup_loss: -1.9993739128112793, energy_loss: 0.07362526655197144
2026-09-08 04:40:59,413 INFO Best AUROC test all: 0.8024013349526546, AUPR test all: 0.4279914266003309, AUROC test unknown: 0.8426411192486579, AUPR test unknown: 0.1723471363119063
2026-09-08 04:41:24,457 INFO Epoch: 174, loss: -0.15623638033866882, labeled_loss: 0.011041752062737942, unnlabeled_loss: 0.09858474135398865, mixup_loss: -1.9994401931762695, energy_loss: -0.1662648320198059
2026-09-08 04:41:24,457 INFO Best AUROC test all: 0.8024013349526546, AUPR test all: 0.4279914266003309, AUROC test unknown: 0.8426411192486579, AUPR test unknown: 0.1723471363119063
2026-09-08 04:41:47,239 INFO Epoch: 175, loss: -0.19047728180885315, labeled_loss: 0.013963088393211365, unnlabeled_loss: 0.019212838262319565, mixup_loss: -1.999464750289917, energy_loss: -0.1410030573606491
2026-09-08 04:41:47,239 INFO Best AUROC test all: 0.8024013349526546, AUPR test all: 0.4279914266003309, AUROC test unknown: 0.8426411192486579, AUPR test unknown: 0.1723471363119063
2026-09-08 04:42:10,557 INFO Epoch: 176, loss: -0.1644447296857834, labeled_loss: 0.006494434084743261, unnlabeled_loss: 0.031127003952860832, mixup_loss: -1.9995309114456177, energy_loss: 0.13450422883033752
2026-09-08 04:42:10,557 INFO Best AUROC test all: 0.8024013349526546, AUPR test all: 0.4279914266003309, AUROC test unknown: 0.8426411192486579, AUPR test unknown: 0.1723471363119063
2026-09-08 04:42:37,388 INFO Epoch: 177, loss: -0.1059165671467781, labeled_loss: 0.007402225397527218, unnlabeled_loss: 0.08867352455854416, mixup_loss: -1.9995670318603516, energy_loss: 0.4230114221572876
2026-09-08 04:42:37,388 INFO Best AUROC test all: 0.8024013349526546, AUPR test all: 0.4279914266003309, AUROC test unknown: 0.8426411192486579, AUPR test unknown: 0.1723471363119063
2026-09-08 04:43:04,460 INFO Epoch: 178, loss: -0.11585307121276855, labeled_loss: 0.007128193974494934, unnlabeled_loss: 0.08027809113264084, mixup_loss: -1.9995262622833252, energy_loss: 0.3683231770992279
2026-09-08 04:43:04,460 INFO Best AUROC test all: 0.8024013349526546, AUPR test all: 0.4279914266003309, AUROC test unknown: 0.8426411192486579, AUPR test unknown: 0.1723471363119063
2026-09-08 04:43:35,023 INFO Epoch: 179, loss: -0.163364976644516, labeled_loss: 0.004450383596122265, unnlabeled_loss: 0.04551814869046211, mixup_loss: -1.9994879961013794, energy_loss: 0.09374363720417023
2026-09-08 04:43:35,023 INFO Best AUROC test all: 0.8024013349526546, AUPR test all: 0.4279914266003309, AUROC test unknown: 0.8426411192486579, AUPR test unknown: 0.1723471363119063
2026-09-08 04:43:57,700 INFO Epoch: 180, loss: -0.12670445442199707, labeled_loss: 0.013138381764292717, unnlabeled_loss: 0.11368665099143982, mixup_loss: -1.9994333982467651, energy_loss: 0.03257180377840996
2026-09-08 04:43:57,700 INFO Best AUROC test all: 0.8024013349526546, AUPR test all: 0.4279914266003309, AUROC test unknown: 0.8426411192486579, AUPR test unknown: 0.1723471363119063
2026-09-08 04:44:20,014 INFO Epoch: 181, loss: -0.16199412941932678, labeled_loss: 0.013262830674648285, unnlabeled_loss: 0.04112764447927475, mixup_loss: -1.9995793104171753, energy_loss: 0.04137156158685684
2026-09-08 04:44:20,015 INFO Best AUROC test all: 0.8024013349526546, AUPR test all: 0.4279914266003309, AUROC test unknown: 0.8426411192486579, AUPR test unknown: 0.1723471363119063
2026-09-08 04:44:44,883 INFO Epoch: 182, loss: -0.14007093012332916, labeled_loss: 0.013819435611367226, unnlabeled_loss: 0.0768633782863617, mixup_loss: -1.999625325202942, energy_loss: 0.07640482485294342
2026-09-08 04:44:44,883 INFO Best AUROC test all: 0.8024013349526546, AUPR test all: 0.4279914266003309, AUROC test unknown: 0.8426411192486579, AUPR test unknown: 0.1723471363119063
2026-09-08 04:45:06,275 INFO Epoch: 183, loss: -0.13570529222488403, labeled_loss: 0.019109314307570457, unnlabeled_loss: 0.07781430333852768, mixup_loss: -1.9995585680007935, energy_loss: 0.06234103441238403
2026-09-08 04:45:06,275 INFO Best AUROC test all: 0.8024013349526546, AUPR test all: 0.4279914266003309, AUROC test unknown: 0.8426411192486579, AUPR test unknown: 0.1723471363119063
2026-09-08 04:45:29,002 INFO Epoch: 184, loss: -0.13497106730937958, labeled_loss: 0.016640041023492813, unnlabeled_loss: 0.12019678950309753, mixup_loss: -1.9994474649429321, energy_loss: -0.11764754354953766
2026-09-08 04:45:29,002 INFO Best AUROC test all: 0.8024013349526546, AUPR test all: 0.4279914266003309, AUROC test unknown: 0.8426411192486579, AUPR test unknown: 0.1723471363119063
2026-09-08 04:45:55,515 INFO Epoch: 185, loss: -0.14386360347270966, labeled_loss: 0.009685867466032505, unnlabeled_loss: 0.0810176283121109, mixup_loss: -1.9996192455291748, energy_loss: 0.05903640761971474
2026-09-08 04:45:55,515 INFO Best AUROC test all: 0.8024013349526546, AUPR test all: 0.4279914266003309, AUROC test unknown: 0.8426411192486579, AUPR test unknown: 0.1723471363119063
2026-09-08 04:46:24,426 INFO Epoch: 186, loss: -0.16435600817203522, labeled_loss: 0.009440888650715351, unnlabeled_loss: 0.06223055720329285, mixup_loss: -1.9995769262313843, energy_loss: -0.04954473674297333
2026-09-08 04:46:24,427 INFO Best AUROC test all: 0.8024013349526546, AUPR test all: 0.4279914266003309, AUROC test unknown: 0.8426411192486579, AUPR test unknown: 0.1723471363119063
2026-09-08 04:46:49,562 INFO Epoch: 187, loss: -0.11549942195415497, labeled_loss: 0.021095136180520058, unnlabeled_loss: 0.09957362711429596, mixup_loss: -1.9995273351669312, energy_loss: 0.1357136219739914
2026-09-08 04:46:49,562 INFO Best AUROC test all: 0.8024013349526546, AUPR test all: 0.4279914266003309, AUROC test unknown: 0.8426411192486579, AUPR test unknown: 0.1723471363119063
2026-09-08 04:47:19,216 INFO Epoch: 188, loss: -0.1261073499917984, labeled_loss: 0.017057351768016815, unnlabeled_loss: 0.05924982205033302, mixup_loss: -1.9995323419570923, energy_loss: 0.2716362774372101
2026-09-08 04:47:19,216 INFO Best AUROC test all: 0.8024013349526546, AUPR test all: 0.4279914266003309, AUROC test unknown: 0.8426411192486579, AUPR test unknown: 0.1723471363119063
2026-09-08 04:47:47,474 INFO Epoch: 189, loss: -0.09954036772251129, labeled_loss: 0.014925661496818066, unnlabeled_loss: 0.1287108063697815, mixup_loss: -1.9996806383132935, energy_loss: 0.21146641671657562
2026-09-08 04:47:47,474 INFO Best AUROC test all: 0.8024013349526546, AUPR test all: 0.4279914266003309, AUROC test unknown: 0.8426411192486579, AUPR test unknown: 0.1723471363119063
2026-09-08 04:48:13,065 INFO Epoch: 190, loss: -0.09868577122688293, labeled_loss: 0.010501673445105553, unnlabeled_loss: 0.1674177497625351, mixup_loss: -1.9996522665023804, energy_loss: 0.07068904489278793
2026-09-08 04:48:13,065 INFO Best AUROC test all: 0.8024013349526546, AUPR test all: 0.4279914266003309, AUROC test unknown: 0.8426411192486579, AUPR test unknown: 0.1723471363119063
2026-09-08 04:48:36,509 INFO Epoch: 191, loss: -0.14395463466644287, labeled_loss: 0.018112849444150925, unnlabeled_loss: 0.04728129878640175, mixup_loss: -1.9996708631515503, energy_loss: 0.14258961379528046
2026-09-08 04:48:36,510 INFO Best AUROC test all: 0.8024013349526546, AUPR test all: 0.4279914266003309, AUROC test unknown: 0.8426411192486579, AUPR test unknown: 0.1723471363119063
2026-09-08 04:49:00,893 INFO Epoch: 192, loss: -0.1527051031589508, labeled_loss: 0.02510063908994198, unnlabeled_loss: 0.03162294998764992, mixup_loss: -1.99967622756958, energy_loss: 0.063504159450531
2026-09-08 04:49:00,894 INFO Best AUROC test all: 0.8024013349526546, AUPR test all: 0.4279914266003309, AUROC test unknown: 0.8426411192486579, AUPR test unknown: 0.1723471363119063
2026-09-08 04:49:29,017 INFO Epoch: 193, loss: -0.17920494079589844, labeled_loss: 0.02188834361732006, unnlabeled_loss: 0.043569546192884445, mixup_loss: -1.999576449394226, energy_loss: -0.2292039543390274
2026-09-08 04:49:29,017 INFO Best AUROC test all: 0.8024013349526546, AUPR test all: 0.4279914266003309, AUROC test unknown: 0.8426411192486579, AUPR test unknown: 0.1723471363119063
2026-09-08 04:49:53,729 INFO Epoch: 194, loss: -0.18403826653957367, labeled_loss: 0.019136646762490273, unnlabeled_loss: 0.06506727635860443, mixup_loss: -1.9996180534362793, energy_loss: -0.3574674427509308
2026-09-08 04:49:53,730 INFO Best AUROC test all: 0.8024013349526546, AUPR test all: 0.4279914266003309, AUROC test unknown: 0.8426411192486579, AUPR test unknown: 0.1723471363119063
2026-09-08 04:50:16,014 INFO Epoch: 195, loss: -0.13326498866081238, labeled_loss: 0.0048247878439724445, unnlabeled_loss: 0.13114742934703827, mixup_loss: -1.9996402263641357, energy_loss: -0.036994632333517075
2026-09-08 04:50:16,014 INFO Best AUROC test all: 0.8024013349526546, AUPR test all: 0.4279914266003309, AUROC test unknown: 0.8426411192486579, AUPR test unknown: 0.1723471363119063
2026-09-08 04:50:38,001 INFO Epoch: 196, loss: -0.0775822177529335, labeled_loss: 0.029731234535574913, unnlabeled_loss: 0.16052165627479553, mixup_loss: -1.9993444681167603, energy_loss: 0.12360174208879471
2026-09-08 04:50:38,001 INFO Best AUROC test all: 0.8024013349526546, AUPR test all: 0.4279914266003309, AUROC test unknown: 0.8426411192486579, AUPR test unknown: 0.1723471363119063
2026-09-08 04:51:04,786 INFO Epoch: 197, loss: -0.127648264169693, labeled_loss: 0.010443161241710186, unnlabeled_loss: 0.09112042188644409, mixup_loss: -1.9995614290237427, energy_loss: 0.16304507851600647
2026-09-08 04:51:04,786 INFO Best AUROC test all: 0.8024013349526546, AUPR test all: 0.4279914266003309, AUROC test unknown: 0.8426411192486579, AUPR test unknown: 0.1723471363119063
2026-09-08 04:51:28,627 INFO Epoch: 198, loss: -0.07970254123210907, labeled_loss: 0.002525126561522484, unnlabeled_loss: 0.15210743248462677, mixup_loss: -1.9995298385620117, energy_loss: 0.4167160391807556
2026-09-08 04:51:28,627 INFO Best AUROC test all: 0.8024013349526546, AUPR test all: 0.4279914266003309, AUROC test unknown: 0.8426411192486579, AUPR test unknown: 0.1723471363119063
2026-09-08 04:51:54,080 INFO Epoch: 199, loss: -0.10087688267230988, labeled_loss: 0.021465320140123367, unnlabeled_loss: 0.12371579557657242, mixup_loss: -1.9994865655899048, energy_loss: 0.15748552978038788
2026-09-08 04:51:54,080 INFO Best AUROC test all: 0.8024013349526546, AUPR test all: 0.4279914266003309, AUROC test unknown: 0.8426411192486579, AUPR test unknown: 0.1723471363119063
