/nas/home/jahin/.local/lib/python3.10/site-packages/requests/__init__.py:113: RequestsDependencyWarning: urllib3 (1.26.5) or chardet (7.2.0)/charset_normalizer (3.4.4) doesn't match a supported version!
  warnings.warn(
[tfinance] anomaly classes (rotations): [np.int64(1)]
Normal classes: [np.int64(0)] in tfinance
Building multi-layer GraphSage
[OUTPOST-v4] epoch 0: test-all ROC 0.8660 PR 0.4662 | unseen ROC 0.5000 PR 0.0000 | valAUC 0.8972 | tau+ 0.950
[OUTPOST-v4] epoch 1: test-all ROC 0.8746 PR 0.5709 | unseen ROC 0.5000 PR 0.0000 | valAUC 0.8816 | tau+ 0.950
[OUTPOST-v4] epoch 2: test-all ROC 0.8690 PR 0.5712 | unseen ROC 0.5000 PR 0.0000 | valAUC 0.9068 | tau+ 0.950
[OUTPOST-v4] epoch 3: test-all ROC 0.8624 PR 0.5714 | unseen ROC 0.5000 PR 0.0000 | valAUC 0.9246 | tau+ 0.950
[OUTPOST-v4] epoch 4: test-all ROC 0.8579 PR 0.5549 | unseen ROC 0.5000 PR 0.0000 | valAUC 0.8812 | tau+ 0.950
[OUTPOST-v4] epoch 5: test-all ROC 0.8628 PR 0.5613 | unseen ROC 0.5000 PR 0.0000 | valAUC 0.8774 | tau+ 0.950
[OUTPOST-v4] epoch 6: test-all ROC 0.8590 PR 0.5514 | unseen ROC 0.5000 PR 0.0000 | valAUC 0.8944 | tau+ 0.950
[OUTPOST-v4] epoch 7: test-all ROC 0.8616 PR 0.5475 | unseen ROC 0.5000 PR 0.0000 | valAUC 0.8820 | tau+ 0.950
[OUTPOST-v4] epoch 8: test-all ROC 0.8584 PR 0.5438 | unseen ROC 0.5000 PR 0.0000 | valAUC 0.8976 | tau+ 0.950
[OUTPOST-v4] epoch 9: test-all ROC 0.8645 PR 0.5582 | unseen ROC 0.5000 PR 0.0000 | valAUC 0.8569 | tau+ 0.950
[OUTPOST-v4] epoch 10: test-all ROC 0.8636 PR 0.5532 | unseen ROC 0.5000 PR 0.0000 | valAUC 0.8982 | tau+ 0.950
[OUTPOST-v4] epoch 11: test-all ROC 0.8660 PR 0.5593 | unseen ROC 0.5000 PR 0.0000 | valAUC 0.9044 | tau+ 0.950
[OUTPOST-v4] epoch 12: test-all ROC 0.8709 PR 0.5480 | unseen ROC 0.5000 PR 0.0000 | valAUC 0.9028 | tau+ 0.950
[OUTPOST-v4] epoch 13: test-all ROC 0.8724 PR 0.5569 | unseen ROC 0.5000 PR 0.0000 | valAUC 0.8826 | tau+ 0.950
[OUTPOST-v4] epoch 14: test-all ROC 0.8745 PR 0.5616 | unseen ROC 0.5000 PR 0.0000 | valAUC 0.9285 | tau+ 0.950
[OUTPOST-v4] epoch 15: test-all ROC 0.8735 PR 0.5473 | unseen ROC 0.5000 PR 0.0000 | valAUC 0.9005 | tau+ 0.950
[OUTPOST-v4] epoch 16: test-all ROC 0.8718 PR 0.5534 | unseen ROC 0.5000 PR 0.0000 | valAUC 0.8930 | tau+ 0.950
[OUTPOST-v4] epoch 17: test-all ROC 0.8793 PR 0.5616 | unseen ROC 0.5000 PR 0.0000 | valAUC 0.8908 | tau+ 0.950
[OUTPOST-v4] epoch 18: test-all ROC 0.8674 PR 0.5382 | unseen ROC 0.5000 PR 0.0000 | valAUC 0.9111 | tau+ 0.950
[OUTPOST-v4] epoch 19: test-all ROC 0.8645 PR 0.5286 | unseen ROC 0.5000 PR 0.0000 | valAUC 0.9324 | tau+ 0.950
[OUTPOST-v4] epoch 20: test-all ROC 0.8652 PR 0.5274 | unseen ROC 0.5000 PR 0.0000 | valAUC 0.8958 | tau+ 0.950
[OUTPOST-v4] epoch 21: test-all ROC 0.8653 PR 0.5225 | unseen ROC 0.5000 PR 0.0000 | valAUC 0.8966 | tau+ 0.950
[OUTPOST-v4] epoch 22: test-all ROC 0.8608 PR 0.4744 | unseen ROC 0.5000 PR 0.0000 | valAUC 0.8777 | tau+ 0.950
[OUTPOST-v4] epoch 23: test-all ROC 0.8452 PR 0.2960 | unseen ROC 0.5000 PR 0.0000 | valAUC 0.8739 | tau+ 0.950
[OUTPOST-v4] epoch 24: test-all ROC 0.8178 PR 0.1591 | unseen ROC 0.5000 PR 0.0000 | valAUC 0.8419 | tau+ 0.950
[OUTPOST-v4] epoch 25: test-all ROC 0.8125 PR 0.1654 | unseen ROC 0.5000 PR 0.0000 | valAUC 0.8606 | tau+ 0.950
[OUTPOST-v4] epoch 26: test-all ROC 0.8462 PR 0.3107 | unseen ROC 0.5000 PR 0.0000 | valAUC 0.8710 | tau+ 0.950
[OUTPOST-v4] epoch 27: test-all ROC 0.8532 PR 0.4434 | unseen ROC 0.5000 PR 0.0000 | valAUC 0.8931 | tau+ 0.950
[OUTPOST-v4] epoch 28: test-all ROC 0.8611 PR 0.4966 | unseen ROC 0.5000 PR 0.0000 | valAUC 0.8807 | tau+ 0.950
[OUTPOST-v4] epoch 29: test-all ROC 0.8652 PR 0.5384 | unseen ROC 0.5000 PR 0.0000 | valAUC 0.9381 | tau+ 0.950
[OUTPOST-v4] epoch 30: test-all ROC 0.8697 PR 0.5449 | unseen ROC 0.5000 PR 0.0000 | valAUC 0.8831 | tau+ 0.950
[OUTPOST-v4] epoch 31: test-all ROC 0.8658 PR 0.5497 | unseen ROC 0.5000 PR 0.0000 | valAUC 0.9109 | tau+ 0.950
[OUTPOST-v4] epoch 32: test-all ROC 0.8763 PR 0.5501 | unseen ROC 0.5000 PR 0.0000 | valAUC 0.8700 | tau+ 0.950
[OUTPOST-v4] epoch 33: test-all ROC 0.8727 PR 0.5556 | unseen ROC 0.5000 PR 0.0000 | valAUC 0.9025 | tau+ 0.950
[OUTPOST-v4] epoch 34: test-all ROC 0.8740 PR 0.5494 | unseen ROC 0.5000 PR 0.0000 | valAUC 0.9265 | tau+ 0.950
[OUTPOST-v4] epoch 35: test-all ROC 0.8742 PR 0.5572 | unseen ROC 0.5000 PR 0.0000 | valAUC 0.9043 | tau+ 0.950
[OUTPOST-v4] epoch 36: test-all ROC 0.8698 PR 0.5398 | unseen ROC 0.5000 PR 0.0000 | valAUC 0.8940 | tau+ 0.950
[OUTPOST-v4] epoch 37: test-all ROC 0.8738 PR 0.5463 | unseen ROC 0.5000 PR 0.0000 | valAUC 0.8938 | tau+ 0.950
[OUTPOST-v4] epoch 38: test-all ROC 0.8718 PR 0.4779 | unseen ROC 0.5000 PR 0.0000 | valAUC 0.8921 | tau+ 0.950
[OUTPOST-v4] epoch 39: test-all ROC 0.8692 PR 0.4251 | unseen ROC 0.5000 PR 0.0000 | valAUC 0.9450 | tau+ 0.950
[OUTPOST-v4] epoch 40: test-all ROC 0.8700 PR 0.4311 | unseen ROC 0.5000 PR 0.0000 | valAUC 0.8948 | tau+ 0.950
[OUTPOST-v4] epoch 41: test-all ROC 0.8735 PR 0.5066 | unseen ROC 0.5000 PR 0.0000 | valAUC 0.9094 | tau+ 0.950
[OUTPOST-v4] epoch 42: test-all ROC 0.8680 PR 0.5365 | unseen ROC 0.5000 PR 0.0000 | valAUC 0.9105 | tau+ 0.950
[OUTPOST-v4] epoch 43: test-all ROC 0.8766 PR 0.5524 | unseen ROC 0.5000 PR 0.0000 | valAUC 0.9389 | tau+ 0.950
[OUTPOST-v4] epoch 44: test-all ROC 0.8722 PR 0.5333 | unseen ROC 0.5000 PR 0.0000 | valAUC 0.9076 | tau+ 0.950
[OUTPOST-v4] epoch 45: test-all ROC 0.8701 PR 0.5253 | unseen ROC 0.5000 PR 0.0000 | valAUC 0.9225 | tau+ 0.950
[OUTPOST-v4] epoch 46: test-all ROC 0.8673 PR 0.5222 | unseen ROC 0.5000 PR 0.0000 | valAUC 0.9100 | tau+ 0.950
[OUTPOST-v4] epoch 47: test-all ROC 0.8645 PR 0.4923 | unseen ROC 0.5000 PR 0.0000 | valAUC 0.9009 | tau+ 0.950
[OUTPOST-v4] epoch 48: test-all ROC 0.8590 PR 0.4716 | unseen ROC 0.5000 PR 0.0000 | valAUC 0.9026 | tau+ 0.950
[OUTPOST-v4] epoch 49: test-all ROC 0.8536 PR 0.4206 | unseen ROC 0.5000 PR 0.0000 | valAUC 0.8949 | tau+ 0.950
[OUTPOST-v4] epoch 50: test-all ROC 0.8573 PR 0.4316 | unseen ROC 0.5000 PR 0.0000 | valAUC 0.9027 | tau+ 0.950
[OUTPOST-v4] epoch 51: test-all ROC 0.8571 PR 0.4471 | unseen ROC 0.5000 PR 0.0000 | valAUC 0.8956 | tau+ 0.950
[OUTPOST-v4] epoch 52: test-all ROC 0.8633 PR 0.5020 | unseen ROC 0.5000 PR 0.0000 | valAUC 0.8953 | tau+ 0.950
[OUTPOST-v4] epoch 53: test-all ROC 0.8689 PR 0.5299 | unseen ROC 0.5000 PR 0.0000 | valAUC 0.8724 | tau+ 0.950
[OUTPOST-v4] epoch 54: test-all ROC 0.8699 PR 0.5246 | unseen ROC 0.5000 PR 0.0000 | valAUC 0.8748 | tau+ 0.950
[OUTPOST-v4] epoch 55: test-all ROC 0.8724 PR 0.5401 | unseen ROC 0.5000 PR 0.0000 | valAUC 0.9254 | tau+ 0.950
[OUTPOST-v4] epoch 56: test-all ROC 0.8682 PR 0.5436 | unseen ROC 0.5000 PR 0.0000 | valAUC 0.9334 | tau+ 0.950
[OUTPOST-v4] epoch 57: test-all ROC 0.8749 PR 0.5463 | unseen ROC 0.5000 PR 0.0000 | valAUC 0.9249 | tau+ 0.950
[OUTPOST-v4] epoch 58: test-all ROC 0.8706 PR 0.5075 | unseen ROC 0.5000 PR 0.0000 | valAUC 0.9351 | tau+ 0.950
[OUTPOST-v4] epoch 59: test-all ROC 0.8691 PR 0.4421 | unseen ROC 0.5000 PR 0.0000 | valAUC 0.9015 | tau+ 0.950
[OUTPOST-v4] epoch 60: test-all ROC 0.8762 PR 0.5061 | unseen ROC 0.5000 PR 0.0000 | valAUC 0.9090 | tau+ 0.950
[OUTPOST-v4] epoch 61: test-all ROC 0.8729 PR 0.5438 | unseen ROC 0.5000 PR 0.0000 | valAUC 0.8984 | tau+ 0.950
[OUTPOST-v4] epoch 62: test-all ROC 0.8713 PR 0.5481 | unseen ROC 0.5000 PR 0.0000 | valAUC 0.9039 | tau+ 0.950
[OUTPOST-v4] epoch 63: test-all ROC 0.8762 PR 0.5445 | unseen ROC 0.5000 PR 0.0000 | valAUC 0.9220 | tau+ 0.950
[OUTPOST-v4] epoch 64: test-all ROC 0.8762 PR 0.5496 | unseen ROC 0.5000 PR 0.0000 | valAUC 0.9177 | tau+ 0.950
[OUTPOST-v4] epoch 65: test-all ROC 0.8747 PR 0.5516 | unseen ROC 0.5000 PR 0.0000 | valAUC 0.9106 | tau+ 0.950
[OUTPOST-v4] epoch 66: test-all ROC 0.8703 PR 0.5338 | unseen ROC 0.5000 PR 0.0000 | valAUC 0.9281 | tau+ 0.950
[OUTPOST-v4] epoch 67: test-all ROC 0.8723 PR 0.4805 | unseen ROC 0.5000 PR 0.0000 | valAUC 0.8962 | tau+ 0.950
[OUTPOST-v4] epoch 68: test-all ROC 0.8746 PR 0.5258 | unseen ROC 0.5000 PR 0.0000 | valAUC 0.9071 | tau+ 0.950
[OUTPOST-v4] epoch 69: test-all ROC 0.8744 PR 0.5533 | unseen ROC 0.5000 PR 0.0000 | valAUC 0.8992 | tau+ 0.950
[OUTPOST-v4] epoch 70: test-all ROC 0.8755 PR 0.5583 | unseen ROC 0.5000 PR 0.0000 | valAUC 0.9031 | tau+ 0.950
[OUTPOST-v4] epoch 71: test-all ROC 0.8733 PR 0.5429 | unseen ROC 0.5000 PR 0.0000 | valAUC 0.9062 | tau+ 0.950
[OUTPOST-v4] epoch 72: test-all ROC 0.8723 PR 0.5594 | unseen ROC 0.5000 PR 0.0000 | valAUC 0.8982 | tau+ 0.950
[OUTPOST-v4] epoch 73: test-all ROC 0.8793 PR 0.5521 | unseen ROC 0.5000 PR 0.0000 | valAUC 0.8793 | tau+ 0.950
[OUTPOST-v4] epoch 74: test-all ROC 0.8720 PR 0.5603 | unseen ROC 0.5000 PR 0.0000 | valAUC 0.9047 | tau+ 0.950
[OUTPOST-v4] epoch 75: test-all ROC 0.8747 PR 0.5534 | unseen ROC 0.5000 PR 0.0000 | valAUC 0.8948 | tau+ 0.950
[OUTPOST-v4] epoch 76: test-all ROC 0.8804 PR 0.5564 | unseen ROC 0.5000 PR 0.0000 | valAUC 0.9108 | tau+ 0.950
[OUTPOST-v4] epoch 77: test-all ROC 0.8724 PR 0.5573 | unseen ROC 0.5000 PR 0.0000 | valAUC 0.8796 | tau+ 0.950
[OUTPOST-v4] epoch 78: test-all ROC 0.8730 PR 0.5583 | unseen ROC 0.5000 PR 0.0000 | valAUC 0.9370 | tau+ 0.950
[OUTPOST-v4] epoch 79: test-all ROC 0.8735 PR 0.5541 | unseen ROC 0.5000 PR 0.0000 | valAUC 0.9205 | tau+ 0.950
[OUTPOST-v4] epoch 80: test-all ROC 0.8730 PR 0.5495 | unseen ROC 0.5000 PR 0.0000 | valAUC 0.9366 | tau+ 0.950
[OUTPOST-v4] epoch 81: test-all ROC 0.8760 PR 0.5628 | unseen ROC 0.5000 PR 0.0000 | valAUC 0.9176 | tau+ 0.950
[OUTPOST-v4] epoch 82: test-all ROC 0.8738 PR 0.5567 | unseen ROC 0.5000 PR 0.0000 | valAUC 0.8911 | tau+ 0.950
[OUTPOST-v4] epoch 83: test-all ROC 0.8708 PR 0.5396 | unseen ROC 0.5000 PR 0.0000 | valAUC 0.9251 | tau+ 0.950
[OUTPOST-v4] epoch 84: test-all ROC 0.8750 PR 0.5399 | unseen ROC 0.5000 PR 0.0000 | valAUC 0.8906 | tau+ 0.950
[OUTPOST-v4] epoch 85: test-all ROC 0.8764 PR 0.5756 | unseen ROC 0.5000 PR 0.0000 | valAUC 0.9188 | tau+ 0.950
[OUTPOST-v4] epoch 86: test-all ROC 0.8702 PR 0.5654 | unseen ROC 0.5000 PR 0.0000 | valAUC 0.9100 | tau+ 0.950
[OUTPOST-v4] epoch 87: test-all ROC 0.8714 PR 0.5619 | unseen ROC 0.5000 PR 0.0000 | valAUC 0.9258 | tau+ 0.950
[OUTPOST-v4] epoch 88: test-all ROC 0.8712 PR 0.5660 | unseen ROC 0.5000 PR 0.0000 | valAUC 0.9065 | tau+ 0.950
[OUTPOST-v4] epoch 89: test-all ROC 0.8763 PR 0.5674 | unseen ROC 0.5000 PR 0.0000 | valAUC 0.9081 | tau+ 0.950
[OUTPOST-v4] epoch 90: test-all ROC 0.8655 PR 0.4615 | unseen ROC 0.5000 PR 0.0000 | valAUC 0.9151 | tau+ 0.950
[OUTPOST-v4] epoch 91: test-all ROC 0.8757 PR 0.5777 | unseen ROC 0.5000 PR 0.0000 | valAUC 0.9189 | tau+ 0.950
[OUTPOST-v4] epoch 92: test-all ROC 0.8694 PR 0.5748 | unseen ROC 0.5000 PR 0.0000 | valAUC 0.9306 | tau+ 0.950
[OUTPOST-v4] epoch 93: test-all ROC 0.8784 PR 0.5856 | unseen ROC 0.5000 PR 0.0000 | valAUC 0.9006 | tau+ 0.950
[OUTPOST-v4] epoch 94: test-all ROC 0.8768 PR 0.5902 | unseen ROC 0.5000 PR 0.0000 | valAUC 0.8985 | tau+ 0.950
[OUTPOST-v4] epoch 95: test-all ROC 0.8814 PR 0.5816 | unseen ROC 0.5000 PR 0.0000 | valAUC 0.9287 | tau+ 0.950
[OUTPOST-v4] epoch 96: test-all ROC 0.8813 PR 0.5805 | unseen ROC 0.5000 PR 0.0000 | valAUC 0.9085 | tau+ 0.950
[OUTPOST-v4] epoch 97: test-all ROC 0.8759 PR 0.5871 | unseen ROC 0.5000 PR 0.0000 | valAUC 0.9309 | tau+ 0.950
[OUTPOST-v4] epoch 98: test-all ROC 0.8810 PR 0.5131 | unseen ROC 0.5000 PR 0.0000 | valAUC 0.9164 | tau+ 0.950
[OUTPOST-v4] epoch 99: test-all ROC 0.8868 PR 0.6066 | unseen ROC 0.5000 PR 0.0000 | valAUC 0.9151 | tau+ 0.950
[OUTPOST-v4] epoch 100: test-all ROC 0.8881 PR 0.5995 | unseen ROC 0.5000 PR 0.0000 | valAUC 0.9115 | tau+ 0.950
[OUTPOST-v4] epoch 101: test-all ROC 0.8816 PR 0.5993 | unseen ROC 0.5000 PR 0.0000 | valAUC 0.9336 | tau+ 0.950
[OUTPOST-v4] epoch 102: test-all ROC 0.8862 PR 0.5952 | unseen ROC 0.5000 PR 0.0000 | valAUC 0.9205 | tau+ 0.950
[OUTPOST-v4] epoch 103: test-all ROC 0.8830 PR 0.5815 | unseen ROC 0.5000 PR 0.0000 | valAUC 0.8955 | tau+ 0.950
[OUTPOST-v4] epoch 104: test-all ROC 0.8899 PR 0.6015 | unseen ROC 0.5000 PR 0.0000 | valAUC 0.9312 | tau+ 0.950
[OUTPOST-v4] epoch 105: test-all ROC 0.8815 PR 0.5873 | unseen ROC 0.5000 PR 0.0000 | valAUC 0.9108 | tau+ 0.950
[OUTPOST-v4] epoch 106: test-all ROC 0.8851 PR 0.5927 | unseen ROC 0.5000 PR 0.0000 | valAUC 0.9288 | tau+ 0.950
[OUTPOST-v4] epoch 107: test-all ROC 0.8843 PR 0.5957 | unseen ROC 0.5000 PR 0.0000 | valAUC 0.9101 | tau+ 0.950
[OUTPOST-v4] epoch 108: test-all ROC 0.8885 PR 0.5798 | unseen ROC 0.5000 PR 0.0000 | valAUC 0.9116 | tau+ 0.950
[OUTPOST-v4] epoch 109: test-all ROC 0.8898 PR 0.5888 | unseen ROC 0.5000 PR 0.0000 | valAUC 0.9116 | tau+ 0.950
[OUTPOST-v4] epoch 110: test-all ROC 0.8834 PR 0.5790 | unseen ROC 0.5000 PR 0.0000 | valAUC 0.9256 | tau+ 0.950
[OUTPOST-v4] epoch 111: test-all ROC 0.8891 PR 0.5938 | unseen ROC 0.5000 PR 0.0000 | valAUC 0.9201 | tau+ 0.950
[OUTPOST-v4] epoch 112: test-all ROC 0.8865 PR 0.5792 | unseen ROC 0.5000 PR 0.0000 | valAUC 0.9317 | tau+ 0.950
[OUTPOST-v4] epoch 113: test-all ROC 0.8871 PR 0.5794 | unseen ROC 0.5000 PR 0.0000 | valAUC 0.9263 | tau+ 0.950
[OUTPOST-v4] epoch 114: test-all ROC 0.8877 PR 0.5803 | unseen ROC 0.5000 PR 0.0000 | valAUC 0.8797 | tau+ 0.950
[OUTPOST-v4] epoch 115: test-all ROC 0.8833 PR 0.5719 | unseen ROC 0.5000 PR 0.0000 | valAUC 0.9153 | tau+ 0.950
[OUTPOST-v4] epoch 116: test-all ROC 0.8850 PR 0.4360 | unseen ROC 0.5000 PR 0.0000 | valAUC 0.9107 | tau+ 0.950
[OUTPOST-v4] epoch 117: test-all ROC 0.8885 PR 0.5873 | unseen ROC 0.5000 PR 0.0000 | valAUC 0.9383 | tau+ 0.950
[OUTPOST-v4] epoch 118: test-all ROC 0.8855 PR 0.5910 | unseen ROC 0.5000 PR 0.0000 | valAUC 0.9104 | tau+ 0.950
[OUTPOST-v4] epoch 119: test-all ROC 0.8883 PR 0.5899 | unseen ROC 0.5000 PR 0.0000 | valAUC 0.9372 | tau+ 0.950
[OUTPOST-v4] epoch 120: test-all ROC 0.8831 PR 0.5759 | unseen ROC 0.5000 PR 0.0000 | valAUC 0.9184 | tau+ 0.950
[OUTPOST-v4] epoch 121: test-all ROC 0.8819 PR 0.5711 | unseen ROC 0.5000 PR 0.0000 | valAUC 0.9332 | tau+ 0.950
[OUTPOST-v4] epoch 122: test-all ROC 0.8863 PR 0.5867 | unseen ROC 0.5000 PR 0.0000 | valAUC 0.9264 | tau+ 0.950
[OUTPOST-v4] epoch 123: test-all ROC 0.8844 PR 0.5802 | unseen ROC 0.5000 PR 0.0000 | valAUC 0.9268 | tau+ 0.950
[OUTPOST-v4] epoch 124: test-all ROC 0.8891 PR 0.5833 | unseen ROC 0.5000 PR 0.0000 | valAUC 0.9275 | tau+ 0.950
[OUTPOST-v4] epoch 125: test-all ROC 0.8848 PR 0.5456 | unseen ROC 0.5000 PR 0.0000 | valAUC 0.9156 | tau+ 0.950
[OUTPOST-v4] epoch 126: test-all ROC 0.8905 PR 0.5903 | unseen ROC 0.5000 PR 0.0000 | valAUC 0.9236 | tau+ 0.950
[OUTPOST-v4] epoch 127: test-all ROC 0.8897 PR 0.5857 | unseen ROC 0.5000 PR 0.0000 | valAUC 0.9321 | tau+ 0.950
[OUTPOST-v4] epoch 128: test-all ROC 0.8876 PR 0.5834 | unseen ROC 0.5000 PR 0.0000 | valAUC 0.9185 | tau+ 0.950
[OUTPOST-v4] epoch 129: test-all ROC 0.8869 PR 0.5847 | unseen ROC 0.5000 PR 0.0000 | valAUC 0.9233 | tau+ 0.950
[OUTPOST-v4] epoch 130: test-all ROC 0.8892 PR 0.5826 | unseen ROC 0.5000 PR 0.0000 | valAUC 0.9285 | tau+ 0.950
[OUTPOST-v4] epoch 131: test-all ROC 0.8862 PR 0.5747 | unseen ROC 0.5000 PR 0.0000 | valAUC 0.9277 | tau+ 0.950
[OUTPOST-v4] epoch 132: test-all ROC 0.8860 PR 0.5192 | unseen ROC 0.5000 PR 0.0000 | valAUC 0.9233 | tau+ 0.950
[OUTPOST-v4] epoch 133: test-all ROC 0.8850 PR 0.5786 | unseen ROC 0.5000 PR 0.0000 | valAUC 0.8984 | tau+ 0.950
[OUTPOST-v4] epoch 134: test-all ROC 0.8882 PR 0.5875 | unseen ROC 0.5000 PR 0.0000 | valAUC 0.9108 | tau+ 0.950
[OUTPOST-v4] epoch 135: test-all ROC 0.8909 PR 0.5949 | unseen ROC 0.5000 PR 0.0000 | valAUC 0.8973 | tau+ 0.950
[OUTPOST-v4] epoch 136: test-all ROC 0.8889 PR 0.5810 | unseen ROC 0.5000 PR 0.0000 | valAUC 0.9133 | tau+ 0.950
[OUTPOST-v4] epoch 137: test-all ROC 0.8877 PR 0.5134 | unseen ROC 0.5000 PR 0.0000 | valAUC 0.9183 | tau+ 0.950
[OUTPOST-v4] epoch 138: test-all ROC 0.8874 PR 0.6038 | unseen ROC 0.5000 PR 0.0000 | valAUC 0.9184 | tau+ 0.950
[OUTPOST-v4] epoch 139: test-all ROC 0.8869 PR 0.5965 | unseen ROC 0.5000 PR 0.0000 | valAUC 0.8855 | tau+ 0.950
[OUTPOST-v4] epoch 140: test-all ROC 0.8874 PR 0.6091 | unseen ROC 0.5000 PR 0.0000 | valAUC 0.9276 | tau+ 0.950
[OUTPOST-v4] epoch 141: test-all ROC 0.8881 PR 0.6060 | unseen ROC 0.5000 PR 0.0000 | valAUC 0.9348 | tau+ 0.950
[OUTPOST-v4] epoch 142: test-all ROC 0.8911 PR 0.6019 | unseen ROC 0.5000 PR 0.0000 | valAUC 0.9149 | tau+ 0.950
[OUTPOST-v4] epoch 143: test-all ROC 0.8887 PR 0.6090 | unseen ROC 0.5000 PR 0.0000 | valAUC 0.9120 | tau+ 0.950
[OUTPOST-v4] epoch 144: test-all ROC 0.8926 PR 0.6089 | unseen ROC 0.5000 PR 0.0000 | valAUC 0.9024 | tau+ 0.950
[OUTPOST-v4] epoch 145: test-all ROC 0.8926 PR 0.6224 | unseen ROC 0.5000 PR 0.0000 | valAUC 0.9013 | tau+ 0.950
[OUTPOST-v4] epoch 146: test-all ROC 0.8851 PR 0.6011 | unseen ROC 0.5000 PR 0.0000 | valAUC 0.9188 | tau+ 0.950
[OUTPOST-v4] epoch 147: test-all ROC 0.8863 PR 0.5959 | unseen ROC 0.5000 PR 0.0000 | valAUC 0.9063 | tau+ 0.950
[OUTPOST-v4] epoch 148: test-all ROC 0.8905 PR 0.6097 | unseen ROC 0.5000 PR 0.0000 | valAUC 0.9302 | tau+ 0.950
[OUTPOST-v4] epoch 149: test-all ROC 0.8874 PR 0.5956 | unseen ROC 0.5000 PR 0.0000 | valAUC 0.9209 | tau+ 0.950
[OUTPOST-v4] epoch 150: test-all ROC 0.8831 PR 0.5709 | unseen ROC 0.5000 PR 0.0000 | valAUC 0.9064 | tau+ 0.950
[OUTPOST-v4] epoch 151: test-all ROC 0.8814 PR 0.4975 | unseen ROC 0.5000 PR 0.0000 | valAUC 0.9247 | tau+ 0.950
[OUTPOST-v4] epoch 152: test-all ROC 0.8847 PR 0.5811 | unseen ROC 0.5000 PR 0.0000 | valAUC 0.9261 | tau+ 0.950
[OUTPOST-v4] epoch 153: test-all ROC 0.8863 PR 0.5927 | unseen ROC 0.5000 PR 0.0000 | valAUC 0.9268 | tau+ 0.950
[OUTPOST-v4] epoch 154: test-all ROC 0.8909 PR 0.6047 | unseen ROC 0.5000 PR 0.0000 | valAUC 0.9044 | tau+ 0.950
[OUTPOST-v4] epoch 155: test-all ROC 0.8868 PR 0.4992 | unseen ROC 0.5000 PR 0.0000 | valAUC 0.9286 | tau+ 0.950
[OUTPOST-v4] epoch 156: test-all ROC 0.8798 PR 0.3890 | unseen ROC 0.5000 PR 0.0000 | valAUC 0.9010 | tau+ 0.950
[OUTPOST-v4] epoch 157: test-all ROC 0.8920 PR 0.6101 | unseen ROC 0.5000 PR 0.0000 | valAUC 0.9074 | tau+ 0.950
[OUTPOST-v4] epoch 158: test-all ROC 0.8934 PR 0.6029 | unseen ROC 0.5000 PR 0.0000 | valAUC 0.9276 | tau+ 0.950
[OUTPOST-v4] epoch 159: test-all ROC 0.8944 PR 0.6169 | unseen ROC 0.5000 PR 0.0000 | valAUC 0.9326 | tau+ 0.950
[OUTPOST-v4] epoch 160: test-all ROC 0.8926 PR 0.6135 | unseen ROC 0.5000 PR 0.0000 | valAUC 0.9178 | tau+ 0.950
[OUTPOST-v4] epoch 161: test-all ROC 0.8936 PR 0.6091 | unseen ROC 0.5000 PR 0.0000 | valAUC 0.9198 | tau+ 0.950
[OUTPOST-v4] epoch 162: test-all ROC 0.8925 PR 0.6123 | unseen ROC 0.5000 PR 0.0000 | valAUC 0.9257 | tau+ 0.950
[OUTPOST-v4] epoch 163: test-all ROC 0.8968 PR 0.6246 | unseen ROC 0.5000 PR 0.0000 | valAUC 0.9116 | tau+ 0.950
[OUTPOST-v4] epoch 164: test-all ROC 0.8952 PR 0.6278 | unseen ROC 0.5000 PR 0.0000 | valAUC 0.9272 | tau+ 0.950
[OUTPOST-v4] epoch 165: test-all ROC 0.8971 PR 0.6200 | unseen ROC 0.5000 PR 0.0000 | valAUC 0.9063 | tau+ 0.950
[OUTPOST-v4] epoch 166: test-all ROC 0.8905 PR 0.6099 | unseen ROC 0.5000 PR 0.0000 | valAUC 0.8865 | tau+ 0.950
[OUTPOST-v4] epoch 167: test-all ROC 0.8948 PR 0.6250 | unseen ROC 0.5000 PR 0.0000 | valAUC 0.9195 | tau+ 0.950
[OUTPOST-v4] epoch 168: test-all ROC 0.8932 PR 0.6124 | unseen ROC 0.5000 PR 0.0000 | valAUC 0.9280 | tau+ 0.950
[OUTPOST-v4] epoch 169: test-all ROC 0.8880 PR 0.6104 | unseen ROC 0.5000 PR 0.0000 | valAUC 0.8950 | tau+ 0.950
[OUTPOST-v4] epoch 170: test-all ROC 0.8930 PR 0.6194 | unseen ROC 0.5000 PR 0.0000 | valAUC 0.9305 | tau+ 0.950
[OUTPOST-v4] epoch 171: test-all ROC 0.8884 PR 0.6127 | unseen ROC 0.5000 PR 0.0000 | valAUC 0.9062 | tau+ 0.950
[OUTPOST-v4] epoch 172: test-all ROC 0.8939 PR 0.5926 | unseen ROC 0.5000 PR 0.0000 | valAUC 0.8909 | tau+ 0.950
[OUTPOST-v4] epoch 173: test-all ROC 0.8937 PR 0.5846 | unseen ROC 0.5000 PR 0.0000 | valAUC 0.8998 | tau+ 0.950
[OUTPOST-v4] epoch 174: test-all ROC 0.8928 PR 0.6085 | unseen ROC 0.5000 PR 0.0000 | valAUC 0.9311 | tau+ 0.950
[OUTPOST-v4] epoch 175: test-all ROC 0.8880 PR 0.6031 | unseen ROC 0.5000 PR 0.0000 | valAUC 0.9248 | tau+ 0.950
[OUTPOST-v4] epoch 176: test-all ROC 0.8952 PR 0.6042 | unseen ROC 0.5000 PR 0.0000 | valAUC 0.9131 | tau+ 0.950
[OUTPOST-v4] epoch 177: test-all ROC 0.8957 PR 0.6111 | unseen ROC 0.5000 PR 0.0000 | valAUC 0.9097 | tau+ 0.950
[OUTPOST-v4] epoch 178: test-all ROC 0.8919 PR 0.5223 | unseen ROC 0.5000 PR 0.0000 | valAUC 0.9081 | tau+ 0.950
[OUTPOST-v4] epoch 179: test-all ROC 0.8936 PR 0.6216 | unseen ROC 0.5000 PR 0.0000 | valAUC 0.9110 | tau+ 0.950
[OUTPOST-v4] epoch 180: test-all ROC 0.8929 PR 0.6062 | unseen ROC 0.5000 PR 0.0000 | valAUC 0.9003 | tau+ 0.950
[OUTPOST-v4] epoch 181: test-all ROC 0.8935 PR 0.6117 | unseen ROC 0.5000 PR 0.0000 | valAUC 0.9229 | tau+ 0.950
[OUTPOST-v4] epoch 182: test-all ROC 0.8911 PR 0.6080 | unseen ROC 0.5000 PR 0.0000 | valAUC 0.9172 | tau+ 0.950
[OUTPOST-v4] epoch 183: test-all ROC 0.8923 PR 0.6079 | unseen ROC 0.5000 PR 0.0000 | valAUC 0.9041 | tau+ 0.950
[OUTPOST-v4] epoch 184: test-all ROC 0.8883 PR 0.5732 | unseen ROC 0.5000 PR 0.0000 | valAUC 0.9220 | tau+ 0.950
[OUTPOST-v4] epoch 185: test-all ROC 0.8943 PR 0.5648 | unseen ROC 0.5000 PR 0.0000 | valAUC 0.9067 | tau+ 0.950
[OUTPOST-v4] epoch 186: test-all ROC 0.8926 PR 0.6095 | unseen ROC 0.5000 PR 0.0000 | valAUC 0.9145 | tau+ 0.950
[OUTPOST-v4] epoch 187: test-all ROC 0.8919 PR 0.5966 | unseen ROC 0.5000 PR 0.0000 | valAUC 0.9322 | tau+ 0.950
[OUTPOST-v4] epoch 188: test-all ROC 0.8921 PR 0.5992 | unseen ROC 0.5000 PR 0.0000 | valAUC 0.9271 | tau+ 0.950
[OUTPOST-v4] epoch 189: test-all ROC 0.8935 PR 0.6124 | unseen ROC 0.5000 PR 0.0000 | valAUC 0.9177 | tau+ 0.950
[OUTPOST-v4] epoch 190: test-all ROC 0.8918 PR 0.5901 | unseen ROC 0.5000 PR 0.0000 | valAUC 0.9222 | tau+ 0.950
[OUTPOST-v4] epoch 191: test-all ROC 0.8943 PR 0.5503 | unseen ROC 0.5000 PR 0.0000 | valAUC 0.9205 | tau+ 0.950
[OUTPOST-v4] epoch 192: test-all ROC 0.8939 PR 0.5890 | unseen ROC 0.5000 PR 0.0000 | valAUC 0.9186 | tau+ 0.950
[OUTPOST-v4] epoch 193: test-all ROC 0.8934 PR 0.6101 | unseen ROC 0.5000 PR 0.0000 | valAUC 0.9245 | tau+ 0.950
[OUTPOST-v4] epoch 194: test-all ROC 0.8935 PR 0.6127 | unseen ROC 0.5000 PR 0.0000 | valAUC 0.9252 | tau+ 0.950
[OUTPOST-v4] epoch 195: test-all ROC 0.8918 PR 0.5957 | unseen ROC 0.5000 PR 0.0000 | valAUC 0.9076 | tau+ 0.950
[OUTPOST-v4] epoch 196: test-all ROC 0.8923 PR 0.5393 | unseen ROC 0.5000 PR 0.0000 | valAUC 0.9067 | tau+ 0.950
[OUTPOST-v4] epoch 197: test-all ROC 0.8956 PR 0.6112 | unseen ROC 0.5000 PR 0.0000 | valAUC 0.9131 | tau+ 0.950
[OUTPOST-v4] epoch 198: test-all ROC 0.8957 PR 0.6228 | unseen ROC 0.5000 PR 0.0000 | valAUC 0.9251 | tau+ 0.950
[OUTPOST-v4] epoch 199: test-all ROC 0.8938 PR 0.6106 | unseen ROC 0.5000 PR 0.0000 | valAUC 0.9081 | tau+ 0.950
[OUTPOST-v4] epoch 200: test-all ROC 0.8966 PR 0.6085 | unseen ROC 0.5000 PR 0.0000 | valAUC 0.9253 | tau+ 0.950
[OUTPOST-v4] epoch 201: test-all ROC 0.8928 PR 0.6129 | unseen ROC 0.5000 PR 0.0000 | valAUC 0.9237 | tau+ 0.950
[OUTPOST-v4] epoch 202: test-all ROC 0.8959 PR 0.6289 | unseen ROC 0.5000 PR 0.0000 | valAUC 0.9268 | tau+ 0.950
[OUTPOST-v4] epoch 203: test-all ROC 0.8934 PR 0.6147 | unseen ROC 0.5000 PR 0.0000 | valAUC 0.8996 | tau+ 0.950
[OUTPOST-v4] epoch 204: test-all ROC 0.8955 PR 0.6223 | unseen ROC 0.5000 PR 0.0000 | valAUC 0.9019 | tau+ 0.950
[OUTPOST-v4] epoch 205: test-all ROC 0.8903 PR 0.6178 | unseen ROC 0.5000 PR 0.0000 | valAUC 0.9414 | tau+ 0.950
[OUTPOST-v4] epoch 206: test-all ROC 0.8957 PR 0.6199 | unseen ROC 0.5000 PR 0.0000 | valAUC 0.9082 | tau+ 0.950
[OUTPOST-v4] epoch 207: test-all ROC 0.8955 PR 0.6254 | unseen ROC 0.5000 PR 0.0000 | valAUC 0.9139 | tau+ 0.950
[OUTPOST-v4] epoch 208: test-all ROC 0.8926 PR 0.6239 | unseen ROC 0.5000 PR 0.0000 | valAUC 0.9328 | tau+ 0.950
[OUTPOST-v4] epoch 209: test-all ROC 0.8961 PR 0.6232 | unseen ROC 0.5000 PR 0.0000 | valAUC 0.9355 | tau+ 0.950
[OUTPOST-v4] epoch 210: test-all ROC 0.8966 PR 0.6255 | unseen ROC 0.5000 PR 0.0000 | valAUC 0.9113 | tau+ 0.950
[OUTPOST-v4] epoch 211: test-all ROC 0.8943 PR 0.6161 | unseen ROC 0.5000 PR 0.0000 | valAUC 0.9140 | tau+ 0.950
[OUTPOST-v4] epoch 212: test-all ROC 0.8924 PR 0.5895 | unseen ROC 0.5000 PR 0.0000 | valAUC 0.9284 | tau+ 0.950
[OUTPOST-v4] epoch 213: test-all ROC 0.8938 PR 0.5880 | unseen ROC 0.5000 PR 0.0000 | valAUC 0.9119 | tau+ 0.950
[OUTPOST-v4] epoch 214: test-all ROC 0.8938 PR 0.6152 | unseen ROC 0.5000 PR 0.0000 | valAUC 0.9359 | tau+ 0.950
[OUTPOST-v4] epoch 215: test-all ROC 0.8943 PR 0.6271 | unseen ROC 0.5000 PR 0.0000 | valAUC 0.9076 | tau+ 0.950
[OUTPOST-v4] epoch 216: test-all ROC 0.8946 PR 0.6172 | unseen ROC 0.5000 PR 0.0000 | valAUC 0.9284 | tau+ 0.950
[OUTPOST-v4] epoch 217: test-all ROC 0.8963 PR 0.6344 | unseen ROC 0.5000 PR 0.0000 | valAUC 0.9252 | tau+ 0.950
[OUTPOST-v4] epoch 218: test-all ROC 0.8957 PR 0.6275 | unseen ROC 0.5000 PR 0.0000 | valAUC 0.9100 | tau+ 0.950
[OUTPOST-v4] epoch 219: test-all ROC 0.8982 PR 0.6129 | unseen ROC 0.5000 PR 0.0000 | valAUC 0.9284 | tau+ 0.950
[OUTPOST-v4] epoch 220: test-all ROC 0.9005 PR 0.6398 | unseen ROC 0.5000 PR 0.0000 | valAUC 0.9290 | tau+ 0.950
[OUTPOST-v4] epoch 221: test-all ROC 0.9010 PR 0.6367 | unseen ROC 0.5000 PR 0.0000 | valAUC 0.9319 | tau+ 0.950
[OUTPOST-v4] epoch 222: test-all ROC 0.8982 PR 0.6312 | unseen ROC 0.5000 PR 0.0000 | valAUC 0.9252 | tau+ 0.950
[OUTPOST-v4] epoch 223: test-all ROC 0.8967 PR 0.6256 | unseen ROC 0.5000 PR 0.0000 | valAUC 0.8924 | tau+ 0.950
[OUTPOST-v4] epoch 224: test-all ROC 0.8963 PR 0.6379 | unseen ROC 0.5000 PR 0.0000 | valAUC 0.9204 | tau+ 0.950
[OUTPOST-v4] epoch 225: test-all ROC 0.8952 PR 0.6346 | unseen ROC 0.5000 PR 0.0000 | valAUC 0.9089 | tau+ 0.950
[OUTPOST-v4] epoch 226: test-all ROC 0.8968 PR 0.6094 | unseen ROC 0.5000 PR 0.0000 | valAUC 0.9279 | tau+ 0.950
[OUTPOST-v4] epoch 227: test-all ROC 0.8970 PR 0.6271 | unseen ROC 0.5000 PR 0.0000 | valAUC 0.9033 | tau+ 0.950
[OUTPOST-v4] epoch 228: test-all ROC 0.8979 PR 0.6354 | unseen ROC 0.5000 PR 0.0000 | valAUC 0.9164 | tau+ 0.950
[OUTPOST-v4] epoch 229: test-all ROC 0.8962 PR 0.6225 | unseen ROC 0.5000 PR 0.0000 | valAUC 0.9226 | tau+ 0.950
[OUTPOST-v4] epoch 230: test-all ROC 0.8910 PR 0.6126 | unseen ROC 0.5000 PR 0.0000 | valAUC 0.9124 | tau+ 0.950
[OUTPOST-v4] epoch 231: test-all ROC 0.8989 PR 0.6383 | unseen ROC 0.5000 PR 0.0000 | valAUC 0.9255 | tau+ 0.950
[OUTPOST-v4] epoch 232: test-all ROC 0.8992 PR 0.6377 | unseen ROC 0.5000 PR 0.0000 | valAUC 0.9186 | tau+ 0.950
[OUTPOST-v4] epoch 233: test-all ROC 0.8926 PR 0.6400 | unseen ROC 0.5000 PR 0.0000 | valAUC 0.9405 | tau+ 0.950
[OUTPOST-v4] epoch 234: test-all ROC 0.8970 PR 0.5964 | unseen ROC 0.5000 PR 0.0000 | valAUC 0.9172 | tau+ 0.950
[OUTPOST-v4] epoch 235: test-all ROC 0.8976 PR 0.6288 | unseen ROC 0.5000 PR 0.0000 | valAUC 0.9220 | tau+ 0.950
[OUTPOST-v4] epoch 236: test-all ROC 0.8991 PR 0.6413 | unseen ROC 0.5000 PR 0.0000 | valAUC 0.9346 | tau+ 0.950
[OUTPOST-v4] epoch 237: test-all ROC 0.8964 PR 0.6401 | unseen ROC 0.5000 PR 0.0000 | valAUC 0.9092 | tau+ 0.950
[OUTPOST-v4] epoch 238: test-all ROC 0.8974 PR 0.6378 | unseen ROC 0.5000 PR 0.0000 | valAUC 0.9122 | tau+ 0.950
[OUTPOST-v4] epoch 239: test-all ROC 0.8949 PR 0.6081 | unseen ROC 0.5000 PR 0.0000 | valAUC 0.8882 | tau+ 0.950
[OUTPOST-v4] epoch 240: test-all ROC 0.8970 PR 0.6311 | unseen ROC 0.5000 PR 0.0000 | valAUC 0.9194 | tau+ 0.950
[OUTPOST-v4] epoch 241: test-all ROC 0.9006 PR 0.6392 | unseen ROC 0.5000 PR 0.0000 | valAUC 0.9135 | tau+ 0.950
[OUTPOST-v4] epoch 242: test-all ROC 0.9008 PR 0.6429 | unseen ROC 0.5000 PR 0.0000 | valAUC 0.9342 | tau+ 0.950
[OUTPOST-v4] epoch 243: test-all ROC 0.8996 PR 0.6133 | unseen ROC 0.5000 PR 0.0000 | valAUC 0.8918 | tau+ 0.950
[OUTPOST-v4] epoch 244: test-all ROC 0.8997 PR 0.6328 | unseen ROC 0.5000 PR 0.0000 | valAUC 0.9378 | tau+ 0.950
[OUTPOST-v4] epoch 245: test-all ROC 0.9020 PR 0.6411 | unseen ROC 0.5000 PR 0.0000 | valAUC 0.9250 | tau+ 0.950
[OUTPOST-v4] epoch 246: test-all ROC 0.9002 PR 0.6400 | unseen ROC 0.5000 PR 0.0000 | valAUC 0.9275 | tau+ 0.950
[OUTPOST-v4] epoch 247: test-all ROC 0.9016 PR 0.6488 | unseen ROC 0.5000 PR 0.0000 | valAUC 0.9189 | tau+ 0.950
[OUTPOST-v4] epoch 248: test-all ROC 0.9024 PR 0.6350 | unseen ROC 0.5000 PR 0.0000 | valAUC 0.9249 | tau+ 0.950
[OUTPOST-v4] epoch 249: test-all ROC 0.9038 PR 0.6484 | unseen ROC 0.5000 PR 0.0000 | valAUC 0.9116 | tau+ 0.950
[OUTPOST-v4] epoch 250: test-all ROC 0.9007 PR 0.6453 | unseen ROC 0.5000 PR 0.0000 | valAUC 0.9092 | tau+ 0.950
[OUTPOST-v4] epoch 251: test-all ROC 0.8988 PR 0.6449 | unseen ROC 0.5000 PR 0.0000 | valAUC 0.9083 | tau+ 0.950
[OUTPOST-v4] epoch 252: test-all ROC 0.8974 PR 0.6437 | unseen ROC 0.5000 PR 0.0000 | valAUC 0.9169 | tau+ 0.950
[OUTPOST-v4] epoch 253: test-all ROC 0.9017 PR 0.6491 | unseen ROC 0.5000 PR 0.0000 | valAUC 0.9329 | tau+ 0.950
[OUTPOST-v4] epoch 254: test-all ROC 0.9032 PR 0.6106 | unseen ROC 0.5000 PR 0.0000 | valAUC 0.8982 | tau+ 0.950
[OUTPOST-v4] epoch 255: test-all ROC 0.9032 PR 0.6412 | unseen ROC 0.5000 PR 0.0000 | valAUC 0.9094 | tau+ 0.950
[OUTPOST-v4] epoch 256: test-all ROC 0.9013 PR 0.6421 | unseen ROC 0.5000 PR 0.0000 | valAUC 0.9195 | tau+ 0.950
[OUTPOST-v4] epoch 257: test-all ROC 0.9022 PR 0.6464 | unseen ROC 0.5000 PR 0.0000 | valAUC 0.9170 | tau+ 0.950
[OUTPOST-v4] epoch 258: test-all ROC 0.9003 PR 0.6478 | unseen ROC 0.5000 PR 0.0000 | valAUC 0.9220 | tau+ 0.950
[OUTPOST-v4] epoch 259: test-all ROC 0.9023 PR 0.6320 | unseen ROC 0.5000 PR 0.0000 | valAUC 0.9165 | tau+ 0.950
[OUTPOST-v4] epoch 260: test-all ROC 0.9032 PR 0.6307 | unseen ROC 0.5000 PR 0.0000 | valAUC 0.9271 | tau+ 0.950
[OUTPOST-v4] epoch 261: test-all ROC 0.9039 PR 0.6401 | unseen ROC 0.5000 PR 0.0000 | valAUC 0.9356 | tau+ 0.950
[OUTPOST-v4] epoch 262: test-all ROC 0.8962 PR 0.6334 | unseen ROC 0.5000 PR 0.0000 | valAUC 0.9274 | tau+ 0.950
[OUTPOST-v4] epoch 263: test-all ROC 0.8990 PR 0.6372 | unseen ROC 0.5000 PR 0.0000 | valAUC 0.8820 | tau+ 0.950
[OUTPOST-v4] epoch 264: test-all ROC 0.9012 PR 0.6503 | unseen ROC 0.5000 PR 0.0000 | valAUC 0.9280 | tau+ 0.950
[OUTPOST-v4] epoch 265: test-all ROC 0.9043 PR 0.6512 | unseen ROC 0.5000 PR 0.0000 | valAUC 0.9314 | tau+ 0.950
[OUTPOST-v4] epoch 266: test-all ROC 0.9022 PR 0.5951 | unseen ROC 0.5000 PR 0.0000 | valAUC 0.9041 | tau+ 0.950
[OUTPOST-v4] epoch 267: test-all ROC 0.9057 PR 0.6496 | unseen ROC 0.5000 PR 0.0000 | valAUC 0.9324 | tau+ 0.950
[OUTPOST-v4] epoch 268: test-all ROC 0.9005 PR 0.6418 | unseen ROC 0.5000 PR 0.0000 | valAUC 0.9292 | tau+ 0.950
[OUTPOST-v4] epoch 269: test-all ROC 0.9026 PR 0.6459 | unseen ROC 0.5000 PR 0.0000 | valAUC 0.9284 | tau+ 0.950
[OUTPOST-v4] epoch 270: test-all ROC 0.9033 PR 0.6493 | unseen ROC 0.5000 PR 0.0000 | valAUC 0.9178 | tau+ 0.950
[OUTPOST-v4] epoch 271: test-all ROC 0.9017 PR 0.6135 | unseen ROC 0.5000 PR 0.0000 | valAUC 0.9224 | tau+ 0.950
[OUTPOST-v4] epoch 272: test-all ROC 0.9036 PR 0.5156 | unseen ROC 0.5000 PR 0.0000 | valAUC 0.9191 | tau+ 0.950
[OUTPOST-v4] epoch 273: test-all ROC 0.9033 PR 0.6477 | unseen ROC 0.5000 PR 0.0000 | valAUC 0.9304 | tau+ 0.950
[OUTPOST-v4] epoch 274: test-all ROC 0.9034 PR 0.6471 | unseen ROC 0.5000 PR 0.0000 | valAUC 0.9285 | tau+ 0.950
[OUTPOST-v4] epoch 275: test-all ROC 0.9010 PR 0.6377 | unseen ROC 0.5000 PR 0.0000 | valAUC 0.9213 | tau+ 0.950
[OUTPOST-v4] epoch 276: test-all ROC 0.9064 PR 0.6530 | unseen ROC 0.5000 PR 0.0000 | valAUC 0.9129 | tau+ 0.950
[OUTPOST-v4] epoch 277: test-all ROC 0.9022 PR 0.6473 | unseen ROC 0.5000 PR 0.0000 | valAUC 0.9312 | tau+ 0.950
[OUTPOST-v4] epoch 278: test-all ROC 0.9056 PR 0.5421 | unseen ROC 0.5000 PR 0.0000 | valAUC 0.9320 | tau+ 0.950
[OUTPOST-v4] epoch 279: test-all ROC 0.9028 PR 0.6579 | unseen ROC 0.5000 PR 0.0000 | valAUC 0.9165 | tau+ 0.950
[OUTPOST-v4] epoch 280: test-all ROC 0.9018 PR 0.6461 | unseen ROC 0.5000 PR 0.0000 | valAUC 0.9172 | tau+ 0.950
[OUTPOST-v4] epoch 281: test-all ROC 0.8999 PR 0.6482 | unseen ROC 0.5000 PR 0.0000 | valAUC 0.9158 | tau+ 0.950
[OUTPOST-v4] epoch 282: test-all ROC 0.9010 PR 0.6494 | unseen ROC 0.5000 PR 0.0000 | valAUC 0.9184 | tau+ 0.950
[OUTPOST-v4] epoch 283: test-all ROC 0.9042 PR 0.6696 | unseen ROC 0.5000 PR 0.0000 | valAUC 0.9349 | tau+ 0.950
[OUTPOST-v4] epoch 284: test-all ROC 0.9059 PR 0.6624 | unseen ROC 0.5000 PR 0.0000 | valAUC 0.9218 | tau+ 0.950
[OUTPOST-v4] epoch 285: test-all ROC 0.9106 PR 0.6716 | unseen ROC 0.5000 PR 0.0000 | valAUC 0.9175 | tau+ 0.950
[OUTPOST-v4] epoch 286: test-all ROC 0.9088 PR 0.6684 | unseen ROC 0.5000 PR 0.0000 | valAUC 0.9324 | tau+ 0.950
[OUTPOST-v4] epoch 287: test-all ROC 0.9062 PR 0.6612 | unseen ROC 0.5000 PR 0.0000 | valAUC 0.9310 | tau+ 0.950
[OUTPOST-v4] epoch 288: test-all ROC 0.9028 PR 0.6539 | unseen ROC 0.5000 PR 0.0000 | valAUC 0.9172 | tau+ 0.950
[OUTPOST-v4] epoch 289: test-all ROC 0.9009 PR 0.6498 | unseen ROC 0.5000 PR 0.0000 | valAUC 0.9196 | tau+ 0.950
[OUTPOST-v4] epoch 290: test-all ROC 0.9010 PR 0.5968 | unseen ROC 0.5000 PR 0.0000 | valAUC 0.9193 | tau+ 0.950
[OUTPOST-v4] epoch 291: test-all ROC 0.8981 PR 0.6226 | unseen ROC 0.5000 PR 0.0000 | valAUC 0.9091 | tau+ 0.950
[OUTPOST-v4] epoch 292: test-all ROC 0.9029 PR 0.6448 | unseen ROC 0.5000 PR 0.0000 | valAUC 0.8988 | tau+ 0.950
[OUTPOST-v4] epoch 293: test-all ROC 0.8969 PR 0.6333 | unseen ROC 0.5000 PR 0.0000 | valAUC 0.9228 | tau+ 0.950
[OUTPOST-v4] epoch 294: test-all ROC 0.9010 PR 0.6087 | unseen ROC 0.5000 PR 0.0000 | valAUC 0.9119 | tau+ 0.950
[OUTPOST-v4] epoch 295: test-all ROC 0.9019 PR 0.5577 | unseen ROC 0.5000 PR 0.0000 | valAUC 0.9241 | tau+ 0.950
[OUTPOST-v4] epoch 296: test-all ROC 0.8989 PR 0.6492 | unseen ROC 0.5000 PR 0.0000 | valAUC 0.9320 | tau+ 0.950
[OUTPOST-v4] epoch 297: test-all ROC 0.8958 PR 0.6466 | unseen ROC 0.5000 PR 0.0000 | valAUC 0.9461 | tau+ 0.950
[OUTPOST-v4] epoch 298: test-all ROC 0.9021 PR 0.6473 | unseen ROC 0.5000 PR 0.0000 | valAUC 0.9175 | tau+ 0.950
[OUTPOST-v4] epoch 299: test-all ROC 0.8997 PR 0.6460 | unseen ROC 0.5000 PR 0.0000 | valAUC 0.8945 | tau+ 0.950
[OUTPOST-v4] epoch 300: test-all ROC 0.9068 PR 0.6502 | unseen ROC 0.5000 PR 0.0000 | valAUC 0.9335 | tau+ 0.950
[OUTPOST-v4] epoch 301: test-all ROC 0.9083 PR 0.6553 | unseen ROC 0.5000 PR 0.0000 | valAUC 0.9172 | tau+ 0.950
[OUTPOST-v4] epoch 302: test-all ROC 0.9039 PR 0.6529 | unseen ROC 0.5000 PR 0.0000 | valAUC 0.9348 | tau+ 0.950
[OUTPOST-v4] epoch 303: test-all ROC 0.9037 PR 0.6602 | unseen ROC 0.5000 PR 0.0000 | valAUC 0.9236 | tau+ 0.950
[OUTPOST-v4] epoch 304: test-all ROC 0.9067 PR 0.6509 | unseen ROC 0.5000 PR 0.0000 | valAUC 0.9254 | tau+ 0.950
[OUTPOST-v4] epoch 305: test-all ROC 0.9011 PR 0.6011 | unseen ROC 0.5000 PR 0.0000 | valAUC 0.9221 | tau+ 0.950
[OUTPOST-v4] epoch 306: test-all ROC 0.9027 PR 0.5733 | unseen ROC 0.5000 PR 0.0000 | valAUC 0.8983 | tau+ 0.950
[OUTPOST-v4] epoch 307: test-all ROC 0.9028 PR 0.6221 | unseen ROC 0.5000 PR 0.0000 | valAUC 0.9164 | tau+ 0.950
[OUTPOST-v4] epoch 308: test-all ROC 0.9024 PR 0.6327 | unseen ROC 0.5000 PR 0.0000 | valAUC 0.9399 | tau+ 0.950
[OUTPOST-v4] epoch 309: test-all ROC 0.8999 PR 0.6325 | unseen ROC 0.5000 PR 0.0000 | valAUC 0.9302 | tau+ 0.950
[OUTPOST-v4] epoch 310: test-all ROC 0.9012 PR 0.5924 | unseen ROC 0.5000 PR 0.0000 | valAUC 0.9340 | tau+ 0.950
[OUTPOST-v4] epoch 311: test-all ROC 0.9003 PR 0.5747 | unseen ROC 0.5000 PR 0.0000 | valAUC 0.9124 | tau+ 0.950
[OUTPOST-v4] epoch 312: test-all ROC 0.9026 PR 0.5631 | unseen ROC 0.5000 PR 0.0000 | valAUC 0.9265 | tau+ 0.950
[OUTPOST-v4] epoch 313: test-all ROC 0.9032 PR 0.6514 | unseen ROC 0.5000 PR 0.0000 | valAUC 0.9146 | tau+ 0.950
[OUTPOST-v4] epoch 314: test-all ROC 0.9057 PR 0.6566 | unseen ROC 0.5000 PR 0.0000 | valAUC 0.9308 | tau+ 0.950
[OUTPOST-v4] epoch 315: test-all ROC 0.9048 PR 0.6549 | unseen ROC 0.5000 PR 0.0000 | valAUC 0.9205 | tau+ 0.950
[OUTPOST-v4] epoch 316: test-all ROC 0.9056 PR 0.6526 | unseen ROC 0.5000 PR 0.0000 | valAUC 0.9132 | tau+ 0.950
[OUTPOST-v4] epoch 317: test-all ROC 0.9082 PR 0.6713 | unseen ROC 0.5000 PR 0.0000 | valAUC 0.9333 | tau+ 0.950
[OUTPOST-v4] epoch 318: test-all ROC 0.9061 PR 0.6632 | unseen ROC 0.5000 PR 0.0000 | valAUC 0.9267 | tau+ 0.950
[OUTPOST-v4] epoch 319: test-all ROC 0.9075 PR 0.6707 | unseen ROC 0.5000 PR 0.0000 | valAUC 0.9339 | tau+ 0.950
[OUTPOST-v4] epoch 320: test-all ROC 0.9042 PR 0.6710 | unseen ROC 0.5000 PR 0.0000 | valAUC 0.9135 | tau+ 0.950
[OUTPOST-v4] epoch 321: test-all ROC 0.9022 PR 0.6704 | unseen ROC 0.5000 PR 0.0000 | valAUC 0.9277 | tau+ 0.950
[OUTPOST-v4] epoch 322: test-all ROC 0.9099 PR 0.6687 | unseen ROC 0.5000 PR 0.0000 | valAUC 0.9252 | tau+ 0.950
[OUTPOST-v4] epoch 323: test-all ROC 0.9073 PR 0.6682 | unseen ROC 0.5000 PR 0.0000 | valAUC 0.9170 | tau+ 0.950
[OUTPOST-v4] epoch 324: test-all ROC 0.9073 PR 0.6678 | unseen ROC 0.5000 PR 0.0000 | valAUC 0.9538 | tau+ 0.950
[OUTPOST-v4] epoch 325: test-all ROC 0.9092 PR 0.6552 | unseen ROC 0.5000 PR 0.0000 | valAUC 0.9361 | tau+ 0.950
[OUTPOST-v4] epoch 326: test-all ROC 0.8991 PR 0.4700 | unseen ROC 0.5000 PR 0.0000 | valAUC 0.9052 | tau+ 0.950
[OUTPOST-v4] epoch 327: test-all ROC 0.9047 PR 0.6616 | unseen ROC 0.5000 PR 0.0000 | valAUC 0.9152 | tau+ 0.950
[OUTPOST-v4] epoch 328: test-all ROC 0.9067 PR 0.6643 | unseen ROC 0.5000 PR 0.0000 | valAUC 0.9323 | tau+ 0.950
[OUTPOST-v4] epoch 329: test-all ROC 0.9007 PR 0.6520 | unseen ROC 0.5000 PR 0.0000 | valAUC 0.9307 | tau+ 0.950
[OUTPOST-v4] epoch 330: test-all ROC 0.9026 PR 0.6659 | unseen ROC 0.5000 PR 0.0000 | valAUC 0.9381 | tau+ 0.950
[OUTPOST-v4] epoch 331: test-all ROC 0.9028 PR 0.6622 | unseen ROC 0.5000 PR 0.0000 | valAUC 0.9116 | tau+ 0.950
[OUTPOST-v4] epoch 332: test-all ROC 0.9097 PR 0.6719 | unseen ROC 0.5000 PR 0.0000 | valAUC 0.9152 | tau+ 0.950
[OUTPOST-v4] epoch 333: test-all ROC 0.9093 PR 0.6714 | unseen ROC 0.5000 PR 0.0000 | valAUC 0.9043 | tau+ 0.950
[OUTPOST-v4] epoch 334: test-all ROC 0.9089 PR 0.5147 | unseen ROC 0.5000 PR 0.0000 | valAUC 0.9412 | tau+ 0.950
[OUTPOST-v4] epoch 335: test-all ROC 0.9066 PR 0.6675 | unseen ROC 0.5000 PR 0.0000 | valAUC 0.9272 | tau+ 0.950
[OUTPOST-v4] epoch 336: test-all ROC 0.9020 PR 0.6451 | unseen ROC 0.5000 PR 0.0000 | valAUC 0.9282 | tau+ 0.950
[OUTPOST-v4] epoch 337: test-all ROC 0.8999 PR 0.6434 | unseen ROC 0.5000 PR 0.0000 | valAUC 0.9103 | tau+ 0.950
[OUTPOST-v4] epoch 338: test-all ROC 0.9031 PR 0.6602 | unseen ROC 0.5000 PR 0.0000 | valAUC 0.9155 | tau+ 0.950
[OUTPOST-v4] epoch 339: test-all ROC 0.9030 PR 0.6502 | unseen ROC 0.5000 PR 0.0000 | valAUC 0.9354 | tau+ 0.950
[OUTPOST-v4] epoch 340: test-all ROC 0.9042 PR 0.6545 | unseen ROC 0.5000 PR 0.0000 | valAUC 0.9199 | tau+ 0.950
[OUTPOST-v4] epoch 341: test-all ROC 0.9008 PR 0.6407 | unseen ROC 0.5000 PR 0.0000 | valAUC 0.9283 | tau+ 0.950
[OUTPOST-v4] epoch 342: test-all ROC 0.9089 PR 0.6729 | unseen ROC 0.5000 PR 0.0000 | valAUC 0.9377 | tau+ 0.950
[OUTPOST-v4] epoch 343: test-all ROC 0.9056 PR 0.6720 | unseen ROC 0.5000 PR 0.0000 | valAUC 0.9426 | tau+ 0.950
[OUTPOST-v4] epoch 344: test-all ROC 0.9163 PR 0.6800 | unseen ROC 0.5000 PR 0.0000 | valAUC 0.9164 | tau+ 0.950
[OUTPOST-v4] epoch 345: test-all ROC 0.9131 PR 0.6770 | unseen ROC 0.5000 PR 0.0000 | valAUC 0.9375 | tau+ 0.950
[OUTPOST-v4] epoch 346: test-all ROC 0.9109 PR 0.6724 | unseen ROC 0.5000 PR 0.0000 | valAUC 0.9217 | tau+ 0.950
[OUTPOST-v4] epoch 347: test-all ROC 0.9091 PR 0.6704 | unseen ROC 0.5000 PR 0.0000 | valAUC 0.9390 | tau+ 0.950
[OUTPOST-v4] epoch 348: test-all ROC 0.9090 PR 0.6643 | unseen ROC 0.5000 PR 0.0000 | valAUC 0.9325 | tau+ 0.950
[OUTPOST-v4] epoch 349: test-all ROC 0.9056 PR 0.6486 | unseen ROC 0.5000 PR 0.0000 | valAUC 0.9168 | tau+ 0.950
[OUTPOST-v4] epoch 350: test-all ROC 0.9041 PR 0.6521 | unseen ROC 0.5000 PR 0.0000 | valAUC 0.9223 | tau+ 0.950
[OUTPOST-v4] epoch 351: test-all ROC 0.9046 PR 0.6570 | unseen ROC 0.5000 PR 0.0000 | valAUC 0.9149 | tau+ 0.950
[OUTPOST-v4] epoch 352: test-all ROC 0.9013 PR 0.5827 | unseen ROC 0.5000 PR 0.0000 | valAUC 0.9220 | tau+ 0.950
[OUTPOST-v4] epoch 353: test-all ROC 0.9031 PR 0.6089 | unseen ROC 0.5000 PR 0.0000 | valAUC 0.9140 | tau+ 0.950
[OUTPOST-v4] epoch 354: test-all ROC 0.8994 PR 0.6473 | unseen ROC 0.5000 PR 0.0000 | valAUC 0.9420 | tau+ 0.950
[OUTPOST-v4] epoch 355: test-all ROC 0.9067 PR 0.6504 | unseen ROC 0.5000 PR 0.0000 | valAUC 0.9355 | tau+ 0.950
[OUTPOST-v4] epoch 356: test-all ROC 0.9051 PR 0.6630 | unseen ROC 0.5000 PR 0.0000 | valAUC 0.9309 | tau+ 0.950
[OUTPOST-v4] epoch 357: test-all ROC 0.9108 PR 0.6726 | unseen ROC 0.5000 PR 0.0000 | valAUC 0.9154 | tau+ 0.950
[OUTPOST-v4] epoch 358: test-all ROC 0.9089 PR 0.6743 | unseen ROC 0.5000 PR 0.0000 | valAUC 0.9235 | tau+ 0.950
[OUTPOST-v4] epoch 359: test-all ROC 0.9116 PR 0.6775 | unseen ROC 0.5000 PR 0.0000 | valAUC 0.9420 | tau+ 0.950
[OUTPOST-v4] epoch 360: test-all ROC 0.9101 PR 0.6686 | unseen ROC 0.5000 PR 0.0000 | valAUC 0.9423 | tau+ 0.950
[OUTPOST-v4] epoch 361: test-all ROC 0.9135 PR 0.6791 | unseen ROC 0.5000 PR 0.0000 | valAUC 0.9169 | tau+ 0.950
[OUTPOST-v4] epoch 362: test-all ROC 0.9084 PR 0.6783 | unseen ROC 0.5000 PR 0.0000 | valAUC 0.9332 | tau+ 0.950
[OUTPOST-v4] epoch 363: test-all ROC 0.9059 PR 0.6583 | unseen ROC 0.5000 PR 0.0000 | valAUC 0.9430 | tau+ 0.950
[OUTPOST-v4] epoch 364: test-all ROC 0.9067 PR 0.6718 | unseen ROC 0.5000 PR 0.0000 | valAUC 0.9321 | tau+ 0.950
[OUTPOST-v4] epoch 365: test-all ROC 0.9041 PR 0.6563 | unseen ROC 0.5000 PR 0.0000 | valAUC 0.9250 | tau+ 0.950
[OUTPOST-v4] epoch 366: test-all ROC 0.9046 PR 0.6125 | unseen ROC 0.5000 PR 0.0000 | valAUC 0.9457 | tau+ 0.950
[OUTPOST-v4] epoch 367: test-all ROC 0.9023 PR 0.6208 | unseen ROC 0.5000 PR 0.0000 | valAUC 0.9277 | tau+ 0.950
[OUTPOST-v4] epoch 368: test-all ROC 0.9039 PR 0.6231 | unseen ROC 0.5000 PR 0.0000 | valAUC 0.9393 | tau+ 0.950
[OUTPOST-v4] epoch 369: test-all ROC 0.9037 PR 0.6554 | unseen ROC 0.5000 PR 0.0000 | valAUC 0.9100 | tau+ 0.950
[OUTPOST-v4] epoch 370: test-all ROC 0.9056 PR 0.6673 | unseen ROC 0.5000 PR 0.0000 | valAUC 0.9148 | tau+ 0.950
[OUTPOST-v4] epoch 371: test-all ROC 0.9059 PR 0.6371 | unseen ROC 0.5000 PR 0.0000 | valAUC 0.9370 | tau+ 0.950
[OUTPOST-v4] epoch 372: test-all ROC 0.9096 PR 0.5871 | unseen ROC 0.5000 PR 0.0000 | valAUC 0.9307 | tau+ 0.950
[OUTPOST-v4] epoch 373: test-all ROC 0.9074 PR 0.6700 | unseen ROC 0.5000 PR 0.0000 | valAUC 0.9162 | tau+ 0.950
[OUTPOST-v4] epoch 374: test-all ROC 0.9062 PR 0.6746 | unseen ROC 0.5000 PR 0.0000 | valAUC 0.9210 | tau+ 0.950
[OUTPOST-v4] epoch 375: test-all ROC 0.9122 PR 0.6741 | unseen ROC 0.5000 PR 0.0000 | valAUC 0.9314 | tau+ 0.950
[OUTPOST-v4] epoch 376: test-all ROC 0.9091 PR 0.6748 | unseen ROC 0.5000 PR 0.0000 | valAUC 0.9236 | tau+ 0.950
[OUTPOST-v4] epoch 377: test-all ROC 0.9156 PR 0.6851 | unseen ROC 0.5000 PR 0.0000 | valAUC 0.9488 | tau+ 0.950
[OUTPOST-v4] epoch 378: test-all ROC 0.9108 PR 0.6786 | unseen ROC 0.5000 PR 0.0000 | valAUC 0.9044 | tau+ 0.950
[OUTPOST-v4] epoch 379: test-all ROC 0.9164 PR 0.6915 | unseen ROC 0.5000 PR 0.0000 | valAUC 0.9302 | tau+ 0.950
[OUTPOST-v4] epoch 380: test-all ROC 0.9188 PR 0.7011 | unseen ROC 0.5000 PR 0.0000 | valAUC 0.9090 | tau+ 0.950
[OUTPOST-v4] epoch 381: test-all ROC 0.9156 PR 0.6855 | unseen ROC 0.5000 PR 0.0000 | valAUC 0.9287 | tau+ 0.950
[OUTPOST-v4] epoch 382: test-all ROC 0.9132 PR 0.6816 | unseen ROC 0.5000 PR 0.0000 | valAUC 0.9433 | tau+ 0.950
[OUTPOST-v4] epoch 383: test-all ROC 0.9125 PR 0.6845 | unseen ROC 0.5000 PR 0.0000 | valAUC 0.9243 | tau+ 0.950
[OUTPOST-v4] epoch 384: test-all ROC 0.9090 PR 0.6692 | unseen ROC 0.5000 PR 0.0000 | valAUC 0.9267 | tau+ 0.950
[OUTPOST-v4] epoch 385: test-all ROC 0.9120 PR 0.6754 | unseen ROC 0.5000 PR 0.0000 | valAUC 0.9247 | tau+ 0.950
[OUTPOST-v4] epoch 386: test-all ROC 0.9061 PR 0.6231 | unseen ROC 0.5000 PR 0.0000 | valAUC 0.9270 | tau+ 0.950
[OUTPOST-v4] epoch 387: test-all ROC 0.9086 PR 0.6021 | unseen ROC 0.5000 PR 0.0000 | valAUC 0.9224 | tau+ 0.950
[OUTPOST-v4] epoch 388: test-all ROC 0.9099 PR 0.6680 | unseen ROC 0.5000 PR 0.0000 | valAUC 0.9101 | tau+ 0.950
[OUTPOST-v4] epoch 389: test-all ROC 0.9110 PR 0.6751 | unseen ROC 0.5000 PR 0.0000 | valAUC 0.9328 | tau+ 0.950
[OUTPOST-v4] epoch 390: test-all ROC 0.9108 PR 0.6804 | unseen ROC 0.5000 PR 0.0000 | valAUC 0.9400 | tau+ 0.950
[OUTPOST-v4] epoch 391: test-all ROC 0.9140 PR 0.6901 | unseen ROC 0.5000 PR 0.0000 | valAUC 0.9310 | tau+ 0.950
[OUTPOST-v4] epoch 392: test-all ROC 0.9129 PR 0.6663 | unseen ROC 0.5000 PR 0.0000 | valAUC 0.9350 | tau+ 0.950
[OUTPOST-v4] epoch 393: test-all ROC 0.9146 PR 0.6657 | unseen ROC 0.5000 PR 0.0000 | valAUC 0.9409 | tau+ 0.950
[OUTPOST-v4] epoch 394: test-all ROC 0.9152 PR 0.6894 | unseen ROC 0.5000 PR 0.0000 | valAUC 0.9484 | tau+ 0.950
[OUTPOST-v4] epoch 395: test-all ROC 0.9159 PR 0.6894 | unseen ROC 0.5000 PR 0.0000 | valAUC 0.9063 | tau+ 0.950
[OUTPOST-v4] epoch 396: test-all ROC 0.9112 PR 0.6894 | unseen ROC 0.5000 PR 0.0000 | valAUC 0.9374 | tau+ 0.950
[OUTPOST-v4] epoch 397: test-all ROC 0.9102 PR 0.6853 | unseen ROC 0.5000 PR 0.0000 | valAUC 0.9370 | tau+ 0.950
[OUTPOST-v4] epoch 398: test-all ROC 0.9144 PR 0.6874 | unseen ROC 0.5000 PR 0.0000 | valAUC 0.9506 | tau+ 0.950
[OUTPOST-v4] epoch 399: test-all ROC 0.9148 PR 0.6931 | unseen ROC 0.5000 PR 0.0000 | valAUC 0.9233 | tau+ 0.950
  rotation 1: ROC 0.9188 PR 0.7011
[tfinance] params 5953, peak GPU 0.44 GB, 324.8 min total

[tfinance] AGGREGATE  best-over-epochs: ROC 0.9188 PR 0.7011
[tfinance] AGGREGATE  val-selected:     ROC 0.9073 PR 0.6678
row appended to results/results.csv
