# gpu=3 cmd=/usr/bin/python3 -u main.py --dataset computers --seed 8 --method outpost --tag E400_outpost --rotations 3 --set num_epochs=400
/nas/home/jahin/.local/lib/python3.10/site-packages/requests/__init__.py:113: RequestsDependencyWarning: urllib3 (1.26.5) or chardet (7.2.0)/charset_normalizer (3.4.4) doesn't match a supported version!
  warnings.warn(
[0.03170448 0.15575916 0.10282141 0.03941245 0.37507272 0.02239674
 0.03541303 0.05948226 0.1567772  0.02116056]
[computers] anomaly classes (rotations): [np.int64(0), np.int64(3), np.int64(5), np.int64(6), np.int64(9)]
[computers] running subset: [np.int64(3)]
Normal classes: [np.int64(1), np.int64(2), np.int64(4), np.int64(7), np.int64(8)] in computers
Building multi-layer GraphSage
[OUTPOST-v4] epoch 0: test-all ROC 0.4474 PR 0.1357 | unseen ROC 0.4318 PR 0.1047 | valAUC 0.4693 | tau+ 0.500
[OUTPOST-v4] epoch 1: test-all ROC 0.4461 PR 0.1363 | unseen ROC 0.4322 PR 0.1047 | valAUC 0.4825 | tau+ 0.500
[OUTPOST-v4] epoch 2: test-all ROC 0.4485 PR 0.1366 | unseen ROC 0.4326 PR 0.1044 | valAUC 0.4658 | tau+ 0.500
[OUTPOST-v4] epoch 3: test-all ROC 0.4491 PR 0.1364 | unseen ROC 0.4341 PR 0.1043 | valAUC 0.4825 | tau+ 0.500
[OUTPOST-v4] epoch 4: test-all ROC 0.4507 PR 0.1369 | unseen ROC 0.4351 PR 0.1046 | valAUC 0.4710 | tau+ 0.500
[OUTPOST-v4] epoch 5: test-all ROC 0.4525 PR 0.1376 | unseen ROC 0.4377 PR 0.1055 | valAUC 0.4721 | tau+ 0.500
[OUTPOST-v4] epoch 6: test-all ROC 0.4555 PR 0.1384 | unseen ROC 0.4395 PR 0.1059 | valAUC 0.5049 | tau+ 0.500
[OUTPOST-v4] epoch 7: test-all ROC 0.4596 PR 0.1400 | unseen ROC 0.4427 PR 0.1067 | valAUC 0.5170 | tau+ 0.500
[OUTPOST-v4] epoch 8: test-all ROC 0.4630 PR 0.1403 | unseen ROC 0.4443 PR 0.1068 | valAUC 0.5095 | tau+ 0.500
[OUTPOST-v4] epoch 9: test-all ROC 0.4653 PR 0.1421 | unseen ROC 0.4478 PR 0.1088 | valAUC 0.5080 | tau+ 0.500
[OUTPOST-v4] epoch 10: test-all ROC 0.4762 PR 0.1450 | unseen ROC 0.4549 PR 0.1105 | valAUC 0.5322 | tau+ 0.500
[OUTPOST-v4] epoch 11: test-all ROC 0.4839 PR 0.1476 | unseen ROC 0.4580 PR 0.1113 | valAUC 0.5997 | tau+ 0.500
[OUTPOST-v4] epoch 12: test-all ROC 0.5006 PR 0.1538 | unseen ROC 0.4722 PR 0.1158 | valAUC 0.5934 | tau+ 0.500
[OUTPOST-v4] epoch 13: test-all ROC 0.5197 PR 0.1638 | unseen ROC 0.4881 PR 0.1222 | valAUC 0.6580 | tau+ 0.500
[OUTPOST-v4] epoch 14: test-all ROC 0.5447 PR 0.1793 | unseen ROC 0.5050 PR 0.1314 | valAUC 0.7213 | tau+ 0.500
[OUTPOST-v4] epoch 15: test-all ROC 0.5636 PR 0.1909 | unseen ROC 0.5150 PR 0.1375 | valAUC 0.7638 | tau+ 0.500
[OUTPOST-v4] epoch 16: test-all ROC 0.5860 PR 0.2069 | unseen ROC 0.5336 PR 0.1471 | valAUC 0.8195 | tau+ 0.500
[OUTPOST-v4] epoch 17: test-all ROC 0.6049 PR 0.2250 | unseen ROC 0.5466 PR 0.1569 | valAUC 0.8779 | tau+ 0.500
[OUTPOST-v4] epoch 18: test-all ROC 0.6397 PR 0.2645 | unseen ROC 0.5748 PR 0.1740 | valAUC 0.8937 | tau+ 0.500
[OUTPOST-v4] epoch 19: test-all ROC 0.6646 PR 0.3469 | unseen ROC 0.6011 PR 0.2158 | valAUC 0.9115 | tau+ 0.500
[OUTPOST-v4] epoch 20: test-all ROC 0.6844 PR 0.3768 | unseen ROC 0.6289 PR 0.2352 | valAUC 0.8514 | tau+ 0.500
[OUTPOST-v4] epoch 21: test-all ROC 0.6969 PR 0.3822 | unseen ROC 0.6500 PR 0.2457 | valAUC 0.8299 | tau+ 0.500
[OUTPOST-v4] epoch 22: test-all ROC 0.7054 PR 0.3866 | unseen ROC 0.6620 PR 0.2494 | valAUC 0.8316 | tau+ 0.500
[OUTPOST-v4] epoch 23: test-all ROC 0.7209 PR 0.4140 | unseen ROC 0.6798 PR 0.2745 | valAUC 0.8499 | tau+ 0.500
[OUTPOST-v4] epoch 24: test-all ROC 0.7520 PR 0.4777 | unseen ROC 0.7090 PR 0.3298 | valAUC 0.8615 | tau+ 0.500
[OUTPOST-v4] epoch 25: test-all ROC 0.7620 PR 0.5589 | unseen ROC 0.7092 PR 0.4100 | valAUC 0.9126 | tau+ 0.500
[OUTPOST-v4] epoch 26: test-all ROC 0.7511 PR 0.5905 | unseen ROC 0.6919 PR 0.4521 | valAUC 0.9615 | tau+ 0.500
[OUTPOST-v4] epoch 27: test-all ROC 0.7410 PR 0.5859 | unseen ROC 0.6811 PR 0.4534 | valAUC 0.9626 | tau+ 0.500
[OUTPOST-v4] epoch 28: test-all ROC 0.7362 PR 0.5805 | unseen ROC 0.6746 PR 0.4452 | valAUC 0.9713 | tau+ 0.500
[OUTPOST-v4] epoch 29: test-all ROC 0.7428 PR 0.5950 | unseen ROC 0.6816 PR 0.4594 | valAUC 0.9672 | tau+ 0.500
[OUTPOST-v4] epoch 30: test-all ROC 0.7522 PR 0.6146 | unseen ROC 0.6922 PR 0.4819 | valAUC 0.9649 | tau+ 0.500
[OUTPOST-v4] epoch 31: test-all ROC 0.7567 PR 0.6235 | unseen ROC 0.6978 PR 0.4933 | valAUC 0.9379 | tau+ 0.500
[OUTPOST-v4] epoch 32: test-all ROC 0.7513 PR 0.6207 | unseen ROC 0.6908 PR 0.4884 | valAUC 0.9629 | tau+ 0.500
[OUTPOST-v4] epoch 33: test-all ROC 0.7442 PR 0.6125 | unseen ROC 0.6820 PR 0.4799 | valAUC 0.9882 | tau+ 0.500
[OUTPOST-v4] epoch 34: test-all ROC 0.7343 PR 0.5869 | unseen ROC 0.6708 PR 0.4483 | valAUC 0.9888 | tau+ 0.500
[OUTPOST-v4] epoch 35: test-all ROC 0.7351 PR 0.5954 | unseen ROC 0.6703 PR 0.4541 | valAUC 0.9931 | tau+ 0.500
[OUTPOST-v4] epoch 36: test-all ROC 0.7546 PR 0.6298 | unseen ROC 0.6908 PR 0.4928 | valAUC 0.9980 | tau+ 0.500
[OUTPOST-v4] epoch 37: test-all ROC 0.7578 PR 0.6393 | unseen ROC 0.6942 PR 0.5035 | valAUC 0.9954 | tau+ 0.500
[OUTPOST-v4] epoch 38: test-all ROC 0.7404 PR 0.6046 | unseen ROC 0.6755 PR 0.4663 | valAUC 0.9960 | tau+ 0.500
[OUTPOST-v4] epoch 39: test-all ROC 0.7369 PR 0.5846 | unseen ROC 0.6704 PR 0.4394 | valAUC 0.9943 | tau+ 0.500
[OUTPOST-v4] epoch 40: test-all ROC 0.7414 PR 0.5989 | unseen ROC 0.6753 PR 0.4529 | valAUC 0.9971 | tau+ 0.500
[OUTPOST-v4] epoch 41: test-all ROC 0.7465 PR 0.6098 | unseen ROC 0.6803 PR 0.4656 | valAUC 0.9986 | tau+ 0.500
[OUTPOST-v4] epoch 42: test-all ROC 0.7409 PR 0.6003 | unseen ROC 0.6741 PR 0.4539 | valAUC 0.9957 | tau+ 0.500
[OUTPOST-v4] epoch 43: test-all ROC 0.7340 PR 0.5775 | unseen ROC 0.6661 PR 0.4275 | valAUC 0.9968 | tau+ 0.500
[OUTPOST-v4] epoch 44: test-all ROC 0.7304 PR 0.5618 | unseen ROC 0.6637 PR 0.4084 | valAUC 0.9940 | tau+ 0.500
[OUTPOST-v4] epoch 45: test-all ROC 0.7335 PR 0.5700 | unseen ROC 0.6655 PR 0.4179 | valAUC 0.9951 | tau+ 0.500
[OUTPOST-v4] epoch 46: test-all ROC 0.7445 PR 0.5998 | unseen ROC 0.6768 PR 0.4482 | valAUC 0.9966 | tau+ 0.500
[OUTPOST-v4] epoch 47: test-all ROC 0.7413 PR 0.5911 | unseen ROC 0.6732 PR 0.4391 | valAUC 0.9951 | tau+ 0.500
[OUTPOST-v4] epoch 48: test-all ROC 0.7376 PR 0.5808 | unseen ROC 0.6692 PR 0.4272 | valAUC 0.9954 | tau+ 0.500
[OUTPOST-v4] epoch 49: test-all ROC 0.7452 PR 0.5997 | unseen ROC 0.6776 PR 0.4458 | valAUC 0.9963 | tau+ 0.500
[OUTPOST-v4] epoch 50: test-all ROC 0.7455 PR 0.6048 | unseen ROC 0.6766 PR 0.4507 | valAUC 0.9989 | tau+ 0.500
[OUTPOST-v4] epoch 51: test-all ROC 0.7442 PR 0.6042 | unseen ROC 0.6745 PR 0.4475 | valAUC 0.9977 | tau+ 0.500
[OUTPOST-v4] epoch 52: test-all ROC 0.7466 PR 0.6057 | unseen ROC 0.6792 PR 0.4518 | valAUC 0.9977 | tau+ 0.500
[OUTPOST-v4] epoch 53: test-all ROC 0.7437 PR 0.6023 | unseen ROC 0.6748 PR 0.4457 | valAUC 0.9977 | tau+ 0.500
[OUTPOST-v4] epoch 54: test-all ROC 0.7514 PR 0.6223 | unseen ROC 0.6825 PR 0.4684 | valAUC 0.9986 | tau+ 0.500
[OUTPOST-v4] epoch 55: test-all ROC 0.7491 PR 0.6182 | unseen ROC 0.6806 PR 0.4643 | valAUC 0.9994 | tau+ 0.500
[OUTPOST-v4] epoch 56: test-all ROC 0.7513 PR 0.6232 | unseen ROC 0.6828 PR 0.4696 | valAUC 0.9994 | tau+ 0.500
[OUTPOST-v4] epoch 57: test-all ROC 0.7507 PR 0.6166 | unseen ROC 0.6824 PR 0.4618 | valAUC 0.9977 | tau+ 0.500
[OUTPOST-v4] epoch 58: test-all ROC 0.7469 PR 0.6137 | unseen ROC 0.6777 PR 0.4578 | valAUC 0.9977 | tau+ 0.500
[OUTPOST-v4] epoch 59: test-all ROC 0.7500 PR 0.6175 | unseen ROC 0.6814 PR 0.4624 | valAUC 0.9971 | tau+ 0.500
[OUTPOST-v4] epoch 60: test-all ROC 0.7495 PR 0.6147 | unseen ROC 0.6807 PR 0.4575 | valAUC 0.9994 | tau+ 0.500
[OUTPOST-v4] epoch 61: test-all ROC 0.7490 PR 0.6156 | unseen ROC 0.6796 PR 0.4589 | valAUC 1.0000 | tau+ 0.500
[OUTPOST-v4] epoch 62: test-all ROC 0.7507 PR 0.6166 | unseen ROC 0.6819 PR 0.4596 | valAUC 0.9994 | tau+ 0.500
[OUTPOST-v4] epoch 63: test-all ROC 0.7549 PR 0.6294 | unseen ROC 0.6863 PR 0.4772 | valAUC 0.9997 | tau+ 0.500
[OUTPOST-v4] epoch 64: test-all ROC 0.7542 PR 0.6299 | unseen ROC 0.6852 PR 0.4760 | valAUC 1.0000 | tau+ 0.500
[OUTPOST-v4] epoch 65: test-all ROC 0.7543 PR 0.6291 | unseen ROC 0.6859 PR 0.4764 | valAUC 1.0000 | tau+ 0.500
[OUTPOST-v4] epoch 66: test-all ROC 0.7531 PR 0.6240 | unseen ROC 0.6843 PR 0.4681 | valAUC 0.9997 | tau+ 0.500
[OUTPOST-v4] epoch 67: test-all ROC 0.7571 PR 0.6327 | unseen ROC 0.6889 PR 0.4785 | valAUC 1.0000 | tau+ 0.500
[OUTPOST-v4] epoch 68: test-all ROC 0.7515 PR 0.6236 | unseen ROC 0.6818 PR 0.4682 | valAUC 0.9994 | tau+ 0.500
[OUTPOST-v4] epoch 69: test-all ROC 0.7567 PR 0.6327 | unseen ROC 0.6885 PR 0.4796 | valAUC 1.0000 | tau+ 0.500
[OUTPOST-v4] epoch 70: test-all ROC 0.7613 PR 0.6395 | unseen ROC 0.6937 PR 0.4871 | valAUC 1.0000 | tau+ 0.500
[OUTPOST-v4] epoch 71: test-all ROC 0.7607 PR 0.6384 | unseen ROC 0.6927 PR 0.4861 | valAUC 1.0000 | tau+ 0.500
[OUTPOST-v4] epoch 72: test-all ROC 0.7665 PR 0.6457 | unseen ROC 0.7000 PR 0.4949 | valAUC 1.0000 | tau+ 0.500
[OUTPOST-v4] epoch 73: test-all ROC 0.7686 PR 0.6497 | unseen ROC 0.7025 PR 0.4998 | valAUC 1.0000 | tau+ 0.500
[OUTPOST-v4] epoch 74: test-all ROC 0.7817 PR 0.6622 | unseen ROC 0.7191 PR 0.5171 | valAUC 1.0000 | tau+ 0.500
[OUTPOST-v4] epoch 75: test-all ROC 0.7733 PR 0.6541 | unseen ROC 0.7087 PR 0.5075 | valAUC 1.0000 | tau+ 0.500
[OUTPOST-v4] epoch 76: test-all ROC 0.7674 PR 0.6515 | unseen ROC 0.7008 PR 0.5040 | valAUC 1.0000 | tau+ 0.500
[OUTPOST-v4] epoch 77: test-all ROC 0.7853 PR 0.6658 | unseen ROC 0.7235 PR 0.5226 | valAUC 1.0000 | tau+ 0.500
[OUTPOST-v4] epoch 78: test-all ROC 0.7831 PR 0.6641 | unseen ROC 0.7207 PR 0.5207 | valAUC 1.0000 | tau+ 0.500
[OUTPOST-v4] epoch 79: test-all ROC 0.7854 PR 0.6660 | unseen ROC 0.7238 PR 0.5239 | valAUC 1.0000 | tau+ 0.500
[OUTPOST-v4] epoch 80: test-all ROC 0.7961 PR 0.6733 | unseen ROC 0.7376 PR 0.5336 | valAUC 1.0000 | tau+ 0.500
[OUTPOST-v4] epoch 81: test-all ROC 0.7866 PR 0.6660 | unseen ROC 0.7251 PR 0.5227 | valAUC 1.0000 | tau+ 0.500
[OUTPOST-v4] epoch 82: test-all ROC 0.7895 PR 0.6694 | unseen ROC 0.7288 PR 0.5270 | valAUC 1.0000 | tau+ 0.500
[OUTPOST-v4] epoch 83: test-all ROC 0.7971 PR 0.6700 | unseen ROC 0.7388 PR 0.5263 | valAUC 1.0000 | tau+ 0.500
[OUTPOST-v4] epoch 84: test-all ROC 0.8071 PR 0.6752 | unseen ROC 0.7519 PR 0.5315 | valAUC 1.0000 | tau+ 0.500
[OUTPOST-v4] epoch 85: test-all ROC 0.8193 PR 0.6820 | unseen ROC 0.7670 PR 0.5385 | valAUC 1.0000 | tau+ 0.500
[OUTPOST-v4] epoch 86: test-all ROC 0.8238 PR 0.6855 | unseen ROC 0.7729 PR 0.5444 | valAUC 1.0000 | tau+ 0.500
[OUTPOST-v4] epoch 87: test-all ROC 0.8275 PR 0.6867 | unseen ROC 0.7774 PR 0.5446 | valAUC 1.0000 | tau+ 0.500
[OUTPOST-v4] epoch 88: test-all ROC 0.8262 PR 0.6871 | unseen ROC 0.7759 PR 0.5454 | valAUC 1.0000 | tau+ 0.500
[OUTPOST-v4] epoch 89: test-all ROC 0.8345 PR 0.6917 | unseen ROC 0.7866 PR 0.5505 | valAUC 1.0000 | tau+ 0.500
[OUTPOST-v4] epoch 90: test-all ROC 0.8381 PR 0.6949 | unseen ROC 0.7912 PR 0.5544 | valAUC 0.9997 | tau+ 0.500
[OUTPOST-v4] epoch 91: test-all ROC 0.8407 PR 0.6959 | unseen ROC 0.7946 PR 0.5546 | valAUC 1.0000 | tau+ 0.500
[OUTPOST-v4] epoch 92: test-all ROC 0.8406 PR 0.6963 | unseen ROC 0.7944 PR 0.5551 | valAUC 1.0000 | tau+ 0.500
[OUTPOST-v4] epoch 93: test-all ROC 0.8382 PR 0.6939 | unseen ROC 0.7913 PR 0.5513 | valAUC 0.9997 | tau+ 0.500
[OUTPOST-v4] epoch 94: test-all ROC 0.8480 PR 0.7008 | unseen ROC 0.8042 PR 0.5608 | valAUC 0.9997 | tau+ 0.500
[OUTPOST-v4] epoch 95: test-all ROC 0.8504 PR 0.7000 | unseen ROC 0.8072 PR 0.5578 | valAUC 0.9991 | tau+ 0.500
[OUTPOST-v4] epoch 96: test-all ROC 0.8557 PR 0.7059 | unseen ROC 0.8143 PR 0.5667 | valAUC 0.9989 | tau+ 0.500
[OUTPOST-v4] epoch 97: test-all ROC 0.8570 PR 0.7116 | unseen ROC 0.8162 PR 0.5727 | valAUC 0.9997 | tau+ 0.500
[OUTPOST-v4] epoch 98: test-all ROC 0.8551 PR 0.7110 | unseen ROC 0.8134 PR 0.5728 | valAUC 1.0000 | tau+ 0.500
[OUTPOST-v4] epoch 99: test-all ROC 0.8526 PR 0.7080 | unseen ROC 0.8102 PR 0.5691 | valAUC 1.0000 | tau+ 0.500
[OUTPOST-v4] epoch 100: test-all ROC 0.8517 PR 0.7078 | unseen ROC 0.8095 PR 0.5699 | valAUC 0.9997 | tau+ 0.500
[OUTPOST-v4] epoch 101: test-all ROC 0.8515 PR 0.7079 | unseen ROC 0.8090 PR 0.5719 | valAUC 1.0000 | tau+ 0.500
[OUTPOST-v4] epoch 102: test-all ROC 0.8518 PR 0.7066 | unseen ROC 0.8095 PR 0.5701 | valAUC 1.0000 | tau+ 0.500
[OUTPOST-v4] epoch 103: test-all ROC 0.8449 PR 0.7060 | unseen ROC 0.8005 PR 0.5695 | valAUC 1.0000 | tau+ 0.500
[OUTPOST-v4] epoch 104: test-all ROC 0.8398 PR 0.7030 | unseen ROC 0.7942 PR 0.5665 | valAUC 1.0000 | tau+ 0.500
[OUTPOST-v4] epoch 105: test-all ROC 0.8386 PR 0.7015 | unseen ROC 0.7918 PR 0.5639 | valAUC 1.0000 | tau+ 0.500
[OUTPOST-v4] epoch 106: test-all ROC 0.8530 PR 0.7070 | unseen ROC 0.8110 PR 0.5711 | valAUC 0.9997 | tau+ 0.500
[OUTPOST-v4] epoch 107: test-all ROC 0.8622 PR 0.7128 | unseen ROC 0.8229 PR 0.5785 | valAUC 0.9948 | tau+ 0.500
[OUTPOST-v4] epoch 108: test-all ROC 0.8613 PR 0.7149 | unseen ROC 0.8215 PR 0.5793 | valAUC 1.0000 | tau+ 0.500
[OUTPOST-v4] epoch 109: test-all ROC 0.8616 PR 0.7166 | unseen ROC 0.8231 PR 0.5830 | valAUC 1.0000 | tau+ 0.500
[OUTPOST-v4] epoch 110: test-all ROC 0.8677 PR 0.7220 | unseen ROC 0.8311 PR 0.5872 | valAUC 1.0000 | tau+ 0.500
[OUTPOST-v4] epoch 111: test-all ROC 0.8718 PR 0.7296 | unseen ROC 0.8360 PR 0.5970 | valAUC 1.0000 | tau+ 0.500
[OUTPOST-v4] epoch 112: test-all ROC 0.8735 PR 0.7312 | unseen ROC 0.8381 PR 0.5986 | valAUC 1.0000 | tau+ 0.500
[OUTPOST-v4] epoch 113: test-all ROC 0.8750 PR 0.7329 | unseen ROC 0.8401 PR 0.6016 | valAUC 1.0000 | tau+ 0.500
[OUTPOST-v4] epoch 114: test-all ROC 0.8731 PR 0.7290 | unseen ROC 0.8377 PR 0.5988 | valAUC 1.0000 | tau+ 0.500
[OUTPOST-v4] epoch 115: test-all ROC 0.8680 PR 0.7249 | unseen ROC 0.8314 PR 0.5956 | valAUC 1.0000 | tau+ 0.500
[OUTPOST-v4] epoch 116: test-all ROC 0.8602 PR 0.7165 | unseen ROC 0.8211 PR 0.5852 | valAUC 1.0000 | tau+ 0.500
[OUTPOST-v4] epoch 117: test-all ROC 0.8625 PR 0.7183 | unseen ROC 0.8237 PR 0.5887 | valAUC 1.0000 | tau+ 0.500
[OUTPOST-v4] epoch 118: test-all ROC 0.8707 PR 0.7205 | unseen ROC 0.8348 PR 0.5924 | valAUC 0.9966 | tau+ 0.500
[OUTPOST-v4] epoch 119: test-all ROC 0.8652 PR 0.7188 | unseen ROC 0.8276 PR 0.5896 | valAUC 0.9989 | tau+ 0.500
[OUTPOST-v4] epoch 120: test-all ROC 0.8476 PR 0.7110 | unseen ROC 0.8046 PR 0.5811 | valAUC 1.0000 | tau+ 0.500
[OUTPOST-v4] epoch 121: test-all ROC 0.8457 PR 0.7092 | unseen ROC 0.8024 PR 0.5775 | valAUC 1.0000 | tau+ 0.500
[OUTPOST-v4] epoch 122: test-all ROC 0.8536 PR 0.7164 | unseen ROC 0.8123 PR 0.5860 | valAUC 1.0000 | tau+ 0.500
[OUTPOST-v4] epoch 123: test-all ROC 0.8655 PR 0.7224 | unseen ROC 0.8275 PR 0.5935 | valAUC 1.0000 | tau+ 0.500
[OUTPOST-v4] epoch 124: test-all ROC 0.8712 PR 0.7260 | unseen ROC 0.8352 PR 0.5962 | valAUC 0.9997 | tau+ 0.500
[OUTPOST-v4] epoch 125: test-all ROC 0.8738 PR 0.7269 | unseen ROC 0.8387 PR 0.5970 | valAUC 0.9991 | tau+ 0.500
[OUTPOST-v4] epoch 126: test-all ROC 0.8760 PR 0.7294 | unseen ROC 0.8410 PR 0.5977 | valAUC 0.9994 | tau+ 0.500
[OUTPOST-v4] epoch 127: test-all ROC 0.8751 PR 0.7305 | unseen ROC 0.8404 PR 0.6007 | valAUC 0.9997 | tau+ 0.500
[OUTPOST-v4] epoch 128: test-all ROC 0.8723 PR 0.7278 | unseen ROC 0.8368 PR 0.5975 | valAUC 1.0000 | tau+ 0.500
[OUTPOST-v4] epoch 129: test-all ROC 0.8688 PR 0.7260 | unseen ROC 0.8321 PR 0.5952 | valAUC 1.0000 | tau+ 0.500
[OUTPOST-v4] epoch 130: test-all ROC 0.8681 PR 0.7245 | unseen ROC 0.8307 PR 0.5937 | valAUC 1.0000 | tau+ 0.500
[OUTPOST-v4] epoch 131: test-all ROC 0.8704 PR 0.7243 | unseen ROC 0.8337 PR 0.5939 | valAUC 1.0000 | tau+ 0.500
[OUTPOST-v4] epoch 132: test-all ROC 0.8743 PR 0.7278 | unseen ROC 0.8391 PR 0.5991 | valAUC 0.9994 | tau+ 0.500
[OUTPOST-v4] epoch 133: test-all ROC 0.8722 PR 0.7273 | unseen ROC 0.8361 PR 0.5995 | valAUC 0.9997 | tau+ 0.500
[OUTPOST-v4] epoch 134: test-all ROC 0.8695 PR 0.7260 | unseen ROC 0.8327 PR 0.5979 | valAUC 0.9997 | tau+ 0.500
[OUTPOST-v4] epoch 135: test-all ROC 0.8605 PR 0.7187 | unseen ROC 0.8206 PR 0.5893 | valAUC 1.0000 | tau+ 0.500
[OUTPOST-v4] epoch 136: test-all ROC 0.8554 PR 0.7172 | unseen ROC 0.8138 PR 0.5859 | valAUC 1.0000 | tau+ 0.500
[OUTPOST-v4] epoch 137: test-all ROC 0.8580 PR 0.7187 | unseen ROC 0.8174 PR 0.5882 | valAUC 1.0000 | tau+ 0.500
[OUTPOST-v4] epoch 138: test-all ROC 0.8632 PR 0.7215 | unseen ROC 0.8242 PR 0.5929 | valAUC 1.0000 | tau+ 0.500
[OUTPOST-v4] epoch 139: test-all ROC 0.8678 PR 0.7232 | unseen ROC 0.8301 PR 0.5919 | valAUC 1.0000 | tau+ 0.500
[OUTPOST-v4] epoch 140: test-all ROC 0.8705 PR 0.7273 | unseen ROC 0.8337 PR 0.5981 | valAUC 1.0000 | tau+ 0.500
[OUTPOST-v4] epoch 141: test-all ROC 0.8689 PR 0.7255 | unseen ROC 0.8322 PR 0.5965 | valAUC 1.0000 | tau+ 0.500
[OUTPOST-v4] epoch 142: test-all ROC 0.8751 PR 0.7319 | unseen ROC 0.8396 PR 0.6040 | valAUC 1.0000 | tau+ 0.500
[OUTPOST-v4] epoch 143: test-all ROC 0.8802 PR 0.7356 | unseen ROC 0.8464 PR 0.6091 | valAUC 0.9994 | tau+ 0.500
[OUTPOST-v4] epoch 144: test-all ROC 0.8824 PR 0.7373 | unseen ROC 0.8495 PR 0.6103 | valAUC 0.9994 | tau+ 0.500
[OUTPOST-v4] epoch 145: test-all ROC 0.8817 PR 0.7379 | unseen ROC 0.8486 PR 0.6110 | valAUC 1.0000 | tau+ 0.500
[OUTPOST-v4] epoch 146: test-all ROC 0.8783 PR 0.7353 | unseen ROC 0.8447 PR 0.6093 | valAUC 0.9997 | tau+ 0.500
[OUTPOST-v4] epoch 147: test-all ROC 0.8777 PR 0.7329 | unseen ROC 0.8438 PR 0.6061 | valAUC 1.0000 | tau+ 0.500
[OUTPOST-v4] epoch 148: test-all ROC 0.8756 PR 0.7324 | unseen ROC 0.8410 PR 0.6063 | valAUC 1.0000 | tau+ 0.500
[OUTPOST-v4] epoch 149: test-all ROC 0.8769 PR 0.7320 | unseen ROC 0.8424 PR 0.6063 | valAUC 0.9997 | tau+ 0.500
[OUTPOST-v4] epoch 150: test-all ROC 0.8744 PR 0.7308 | unseen ROC 0.8393 PR 0.6049 | valAUC 0.9997 | tau+ 0.500
[OUTPOST-v4] epoch 151: test-all ROC 0.8746 PR 0.7295 | unseen ROC 0.8399 PR 0.6049 | valAUC 1.0000 | tau+ 0.500
[OUTPOST-v4] epoch 152: test-all ROC 0.8763 PR 0.7299 | unseen ROC 0.8417 PR 0.6036 | valAUC 1.0000 | tau+ 0.500
[OUTPOST-v4] epoch 153: test-all ROC 0.8753 PR 0.7308 | unseen ROC 0.8410 PR 0.6068 | valAUC 1.0000 | tau+ 0.500
[OUTPOST-v4] epoch 154: test-all ROC 0.8744 PR 0.7301 | unseen ROC 0.8397 PR 0.6060 | valAUC 0.9989 | tau+ 0.500
[OUTPOST-v4] epoch 155: test-all ROC 0.8761 PR 0.7332 | unseen ROC 0.8419 PR 0.6116 | valAUC 1.0000 | tau+ 0.500
[OUTPOST-v4] epoch 156: test-all ROC 0.8819 PR 0.7344 | unseen ROC 0.8495 PR 0.6116 | valAUC 0.9991 | tau+ 0.500
[OUTPOST-v4] epoch 157: test-all ROC 0.8838 PR 0.7352 | unseen ROC 0.8521 PR 0.6136 | valAUC 0.9997 | tau+ 0.500
[OUTPOST-v4] epoch 158: test-all ROC 0.8787 PR 0.7365 | unseen ROC 0.8459 PR 0.6165 | valAUC 0.9997 | tau+ 0.500
[OUTPOST-v4] epoch 159: test-all ROC 0.8756 PR 0.7366 | unseen ROC 0.8415 PR 0.6148 | valAUC 1.0000 | tau+ 0.500
[OUTPOST-v4] epoch 160: test-all ROC 0.8783 PR 0.7344 | unseen ROC 0.8453 PR 0.6116 | valAUC 1.0000 | tau+ 0.500
[OUTPOST-v4] epoch 161: test-all ROC 0.8848 PR 0.7403 | unseen ROC 0.8538 PR 0.6192 | valAUC 1.0000 | tau+ 0.500
[OUTPOST-v4] epoch 162: test-all ROC 0.8861 PR 0.7405 | unseen ROC 0.8548 PR 0.6182 | valAUC 1.0000 | tau+ 0.500
[OUTPOST-v4] epoch 163: test-all ROC 0.8870 PR 0.7398 | unseen ROC 0.8565 PR 0.6177 | valAUC 1.0000 | tau+ 0.500
[OUTPOST-v4] epoch 164: test-all ROC 0.8899 PR 0.7414 | unseen ROC 0.8596 PR 0.6187 | valAUC 0.9997 | tau+ 0.500
[OUTPOST-v4] epoch 165: test-all ROC 0.8905 PR 0.7407 | unseen ROC 0.8605 PR 0.6190 | valAUC 0.9994 | tau+ 0.500
[OUTPOST-v4] epoch 166: test-all ROC 0.8923 PR 0.7417 | unseen ROC 0.8626 PR 0.6193 | valAUC 1.0000 | tau+ 0.500
[OUTPOST-v4] epoch 167: test-all ROC 0.8832 PR 0.7384 | unseen ROC 0.8506 PR 0.6164 | valAUC 0.9997 | tau+ 0.500
[OUTPOST-v4] epoch 168: test-all ROC 0.8821 PR 0.7399 | unseen ROC 0.8494 PR 0.6194 | valAUC 1.0000 | tau+ 0.500
[OUTPOST-v4] epoch 169: test-all ROC 0.8923 PR 0.7420 | unseen ROC 0.8629 PR 0.6205 | valAUC 0.9994 | tau+ 0.500
[OUTPOST-v4] epoch 170: test-all ROC 0.8927 PR 0.7433 | unseen ROC 0.8635 PR 0.6225 | valAUC 0.9997 | tau+ 0.500
[OUTPOST-v4] epoch 171: test-all ROC 0.8814 PR 0.7388 | unseen ROC 0.8485 PR 0.6188 | valAUC 1.0000 | tau+ 0.500
[OUTPOST-v4] epoch 172: test-all ROC 0.8766 PR 0.7398 | unseen ROC 0.8421 PR 0.6206 | valAUC 1.0000 | tau+ 0.500
[OUTPOST-v4] epoch 173: test-all ROC 0.8684 PR 0.7320 | unseen ROC 0.8322 PR 0.6108 | valAUC 1.0000 | tau+ 0.500
[OUTPOST-v4] epoch 174: test-all ROC 0.8669 PR 0.7328 | unseen ROC 0.8304 PR 0.6119 | valAUC 1.0000 | tau+ 0.500
[OUTPOST-v4] epoch 175: test-all ROC 0.8755 PR 0.7362 | unseen ROC 0.8407 PR 0.6161 | valAUC 0.9997 | tau+ 0.500
[OUTPOST-v4] epoch 176: test-all ROC 0.8821 PR 0.7389 | unseen ROC 0.8493 PR 0.6192 | valAUC 0.9997 | tau+ 0.500
[OUTPOST-v4] epoch 177: test-all ROC 0.8862 PR 0.7401 | unseen ROC 0.8548 PR 0.6201 | valAUC 0.9994 | tau+ 0.500
[OUTPOST-v4] epoch 178: test-all ROC 0.8780 PR 0.7368 | unseen ROC 0.8440 PR 0.6165 | valAUC 1.0000 | tau+ 0.500
[OUTPOST-v4] epoch 179: test-all ROC 0.8682 PR 0.7345 | unseen ROC 0.8313 PR 0.6154 | valAUC 1.0000 | tau+ 0.500
[OUTPOST-v4] epoch 180: test-all ROC 0.8646 PR 0.7323 | unseen ROC 0.8271 PR 0.6134 | valAUC 1.0000 | tau+ 0.500
[OUTPOST-v4] epoch 181: test-all ROC 0.8650 PR 0.7320 | unseen ROC 0.8277 PR 0.6121 | valAUC 1.0000 | tau+ 0.500
[OUTPOST-v4] epoch 182: test-all ROC 0.8772 PR 0.7369 | unseen ROC 0.8434 PR 0.6166 | valAUC 0.9997 | tau+ 0.500
[OUTPOST-v4] epoch 183: test-all ROC 0.8830 PR 0.7387 | unseen ROC 0.8510 PR 0.6207 | valAUC 0.9997 | tau+ 0.500
[OUTPOST-v4] epoch 184: test-all ROC 0.8898 PR 0.7452 | unseen ROC 0.8594 PR 0.6277 | valAUC 0.9966 | tau+ 0.500
[OUTPOST-v4] epoch 185: test-all ROC 0.8808 PR 0.7383 | unseen ROC 0.8477 PR 0.6191 | valAUC 0.9997 | tau+ 0.500
[OUTPOST-v4] epoch 186: test-all ROC 0.8726 PR 0.7368 | unseen ROC 0.8372 PR 0.6185 | valAUC 1.0000 | tau+ 0.500
[OUTPOST-v4] epoch 187: test-all ROC 0.8739 PR 0.7387 | unseen ROC 0.8395 PR 0.6205 | valAUC 1.0000 | tau+ 0.500
[OUTPOST-v4] epoch 188: test-all ROC 0.8849 PR 0.7452 | unseen ROC 0.8537 PR 0.6286 | valAUC 0.9997 | tau+ 0.500
[OUTPOST-v4] epoch 189: test-all ROC 0.8929 PR 0.7481 | unseen ROC 0.8638 PR 0.6319 | valAUC 0.9989 | tau+ 0.500
[OUTPOST-v4] epoch 190: test-all ROC 0.8966 PR 0.7480 | unseen ROC 0.8690 PR 0.6316 | valAUC 0.9974 | tau+ 0.500
[OUTPOST-v4] epoch 191: test-all ROC 0.8976 PR 0.7517 | unseen ROC 0.8701 PR 0.6368 | valAUC 0.9989 | tau+ 0.500
[OUTPOST-v4] epoch 192: test-all ROC 0.8945 PR 0.7489 | unseen ROC 0.8660 PR 0.6321 | valAUC 0.9997 | tau+ 0.500
[OUTPOST-v4] epoch 193: test-all ROC 0.8907 PR 0.7461 | unseen ROC 0.8613 PR 0.6275 | valAUC 1.0000 | tau+ 0.500
[OUTPOST-v4] epoch 194: test-all ROC 0.8878 PR 0.7471 | unseen ROC 0.8579 PR 0.6325 | valAUC 1.0000 | tau+ 0.500
[OUTPOST-v4] epoch 195: test-all ROC 0.8894 PR 0.7460 | unseen ROC 0.8591 PR 0.6301 | valAUC 0.9991 | tau+ 0.500
[OUTPOST-v4] epoch 196: test-all ROC 0.8954 PR 0.7481 | unseen ROC 0.8672 PR 0.6316 | valAUC 0.9991 | tau+ 0.500
[OUTPOST-v4] epoch 197: test-all ROC 0.8925 PR 0.7479 | unseen ROC 0.8637 PR 0.6323 | valAUC 0.9980 | tau+ 0.500
[OUTPOST-v4] epoch 198: test-all ROC 0.8868 PR 0.7443 | unseen ROC 0.8557 PR 0.6263 | valAUC 1.0000 | tau+ 0.500
[OUTPOST-v4] epoch 199: test-all ROC 0.8805 PR 0.7433 | unseen ROC 0.8479 PR 0.6286 | valAUC 1.0000 | tau+ 0.500
[OUTPOST-v4] epoch 200: test-all ROC 0.8772 PR 0.7422 | unseen ROC 0.8435 PR 0.6252 | valAUC 1.0000 | tau+ 0.500
[OUTPOST-v4] epoch 201: test-all ROC 0.8817 PR 0.7432 | unseen ROC 0.8489 PR 0.6256 | valAUC 1.0000 | tau+ 0.500
[OUTPOST-v4] epoch 202: test-all ROC 0.8853 PR 0.7463 | unseen ROC 0.8538 PR 0.6307 | valAUC 1.0000 | tau+ 0.500
[OUTPOST-v4] epoch 203: test-all ROC 0.8910 PR 0.7468 | unseen ROC 0.8612 PR 0.6293 | valAUC 0.9997 | tau+ 0.500
[OUTPOST-v4] epoch 204: test-all ROC 0.8833 PR 0.7419 | unseen ROC 0.8512 PR 0.6246 | valAUC 1.0000 | tau+ 0.500
[OUTPOST-v4] epoch 205: test-all ROC 0.8763 PR 0.7392 | unseen ROC 0.8423 PR 0.6223 | valAUC 1.0000 | tau+ 0.500
[OUTPOST-v4] epoch 206: test-all ROC 0.8687 PR 0.7377 | unseen ROC 0.8322 PR 0.6219 | valAUC 1.0000 | tau+ 0.500
[OUTPOST-v4] epoch 207: test-all ROC 0.8680 PR 0.7369 | unseen ROC 0.8314 PR 0.6214 | valAUC 1.0000 | tau+ 0.500
[OUTPOST-v4] epoch 208: test-all ROC 0.8748 PR 0.7419 | unseen ROC 0.8405 PR 0.6288 | valAUC 1.0000 | tau+ 0.500
[OUTPOST-v4] epoch 209: test-all ROC 0.8934 PR 0.7477 | unseen ROC 0.8645 PR 0.6338 | valAUC 1.0000 | tau+ 0.500
[OUTPOST-v4] epoch 210: test-all ROC 0.9002 PR 0.7513 | unseen ROC 0.8736 PR 0.6383 | valAUC 0.9980 | tau+ 0.500
[OUTPOST-v4] epoch 211: test-all ROC 0.8789 PR 0.7421 | unseen ROC 0.8457 PR 0.6269 | valAUC 1.0000 | tau+ 0.500
[OUTPOST-v4] epoch 212: test-all ROC 0.8720 PR 0.7410 | unseen ROC 0.8369 PR 0.6253 | valAUC 1.0000 | tau+ 0.500
[OUTPOST-v4] epoch 213: test-all ROC 0.8749 PR 0.7413 | unseen ROC 0.8407 PR 0.6251 | valAUC 1.0000 | tau+ 0.500
[OUTPOST-v4] epoch 214: test-all ROC 0.8810 PR 0.7446 | unseen ROC 0.8493 PR 0.6304 | valAUC 1.0000 | tau+ 0.500
[OUTPOST-v4] epoch 215: test-all ROC 0.8950 PR 0.7530 | unseen ROC 0.8669 PR 0.6399 | valAUC 0.9997 | tau+ 0.500
[OUTPOST-v4] epoch 216: test-all ROC 0.8925 PR 0.7499 | unseen ROC 0.8640 PR 0.6345 | valAUC 0.9997 | tau+ 0.500
[OUTPOST-v4] epoch 217: test-all ROC 0.8830 PR 0.7491 | unseen ROC 0.8515 PR 0.6361 | valAUC 1.0000 | tau+ 0.500
[OUTPOST-v4] epoch 218: test-all ROC 0.8710 PR 0.7408 | unseen ROC 0.8361 PR 0.6261 | valAUC 1.0000 | tau+ 0.500
[OUTPOST-v4] epoch 219: test-all ROC 0.8720 PR 0.7408 | unseen ROC 0.8368 PR 0.6253 | valAUC 1.0000 | tau+ 0.500
[OUTPOST-v4] epoch 220: test-all ROC 0.8712 PR 0.7394 | unseen ROC 0.8360 PR 0.6232 | valAUC 0.9994 | tau+ 0.500
[OUTPOST-v4] epoch 221: test-all ROC 0.8828 PR 0.7477 | unseen ROC 0.8507 PR 0.6347 | valAUC 1.0000 | tau+ 0.500
[OUTPOST-v4] epoch 222: test-all ROC 0.8884 PR 0.7493 | unseen ROC 0.8582 PR 0.6353 | valAUC 0.9980 | tau+ 0.500
[OUTPOST-v4] epoch 223: test-all ROC 0.8799 PR 0.7434 | unseen ROC 0.8473 PR 0.6285 | valAUC 0.9991 | tau+ 0.500
[OUTPOST-v4] epoch 224: test-all ROC 0.8761 PR 0.7440 | unseen ROC 0.8422 PR 0.6312 | valAUC 1.0000 | tau+ 0.500
[OUTPOST-v4] epoch 225: test-all ROC 0.8753 PR 0.7430 | unseen ROC 0.8405 PR 0.6271 | valAUC 1.0000 | tau+ 0.500
[OUTPOST-v4] epoch 226: test-all ROC 0.8789 PR 0.7456 | unseen ROC 0.8460 PR 0.6309 | valAUC 0.9997 | tau+ 0.500
[OUTPOST-v4] epoch 227: test-all ROC 0.8875 PR 0.7491 | unseen ROC 0.8568 PR 0.6363 | valAUC 0.9994 | tau+ 0.500
[OUTPOST-v4] epoch 228: test-all ROC 0.8861 PR 0.7458 | unseen ROC 0.8555 PR 0.6327 | valAUC 0.9991 | tau+ 0.500
[OUTPOST-v4] epoch 229: test-all ROC 0.8820 PR 0.7456 | unseen ROC 0.8498 PR 0.6321 | valAUC 0.9989 | tau+ 0.500
[OUTPOST-v4] epoch 230: test-all ROC 0.8788 PR 0.7465 | unseen ROC 0.8458 PR 0.6352 | valAUC 0.9997 | tau+ 0.500
[OUTPOST-v4] epoch 231: test-all ROC 0.8827 PR 0.7451 | unseen ROC 0.8511 PR 0.6343 | valAUC 0.9997 | tau+ 0.500
[OUTPOST-v4] epoch 232: test-all ROC 0.8805 PR 0.7464 | unseen ROC 0.8487 PR 0.6359 | valAUC 0.9989 | tau+ 0.500
[OUTPOST-v4] epoch 233: test-all ROC 0.8829 PR 0.7455 | unseen ROC 0.8523 PR 0.6331 | valAUC 1.0000 | tau+ 0.500
[OUTPOST-v4] epoch 234: test-all ROC 0.8856 PR 0.7488 | unseen ROC 0.8545 PR 0.6365 | valAUC 0.9986 | tau+ 0.500
[OUTPOST-v4] epoch 235: test-all ROC 0.8893 PR 0.7501 | unseen ROC 0.8596 PR 0.6375 | valAUC 0.9989 | tau+ 0.500
[OUTPOST-v4] epoch 236: test-all ROC 0.8906 PR 0.7510 | unseen ROC 0.8620 PR 0.6380 | valAUC 1.0000 | tau+ 0.500
[OUTPOST-v4] epoch 237: test-all ROC 0.8905 PR 0.7532 | unseen ROC 0.8616 PR 0.6418 | valAUC 0.9989 | tau+ 0.500
[OUTPOST-v4] epoch 238: test-all ROC 0.8925 PR 0.7550 | unseen ROC 0.8643 PR 0.6436 | valAUC 1.0000 | tau+ 0.500
[OUTPOST-v4] epoch 239: test-all ROC 0.8947 PR 0.7572 | unseen ROC 0.8669 PR 0.6473 | valAUC 0.9980 | tau+ 0.500
[OUTPOST-v4] epoch 240: test-all ROC 0.8929 PR 0.7550 | unseen ROC 0.8643 PR 0.6456 | valAUC 0.9983 | tau+ 0.500
[OUTPOST-v4] epoch 241: test-all ROC 0.8876 PR 0.7515 | unseen ROC 0.8576 PR 0.6415 | valAUC 0.9991 | tau+ 0.500
[OUTPOST-v4] epoch 242: test-all ROC 0.8821 PR 0.7484 | unseen ROC 0.8500 PR 0.6379 | valAUC 0.9994 | tau+ 0.500
[OUTPOST-v4] epoch 243: test-all ROC 0.8821 PR 0.7499 | unseen ROC 0.8501 PR 0.6400 | valAUC 0.9994 | tau+ 0.500
[OUTPOST-v4] epoch 244: test-all ROC 0.8780 PR 0.7497 | unseen ROC 0.8452 PR 0.6396 | valAUC 0.9983 | tau+ 0.500
[OUTPOST-v4] epoch 245: test-all ROC 0.8735 PR 0.7469 | unseen ROC 0.8393 PR 0.6359 | valAUC 1.0000 | tau+ 0.500
[OUTPOST-v4] epoch 246: test-all ROC 0.8738 PR 0.7472 | unseen ROC 0.8396 PR 0.6375 | valAUC 0.9989 | tau+ 0.500
[OUTPOST-v4] epoch 247: test-all ROC 0.8821 PR 0.7477 | unseen ROC 0.8504 PR 0.6369 | valAUC 0.9971 | tau+ 0.500
[OUTPOST-v4] epoch 248: test-all ROC 0.8860 PR 0.7515 | unseen ROC 0.8561 PR 0.6428 | valAUC 0.9977 | tau+ 0.500
[OUTPOST-v4] epoch 249: test-all ROC 0.8807 PR 0.7501 | unseen ROC 0.8484 PR 0.6411 | valAUC 0.9989 | tau+ 0.500
[OUTPOST-v4] epoch 250: test-all ROC 0.8763 PR 0.7486 | unseen ROC 0.8424 PR 0.6390 | valAUC 0.9997 | tau+ 0.500
[OUTPOST-v4] epoch 251: test-all ROC 0.8735 PR 0.7480 | unseen ROC 0.8391 PR 0.6390 | valAUC 0.9997 | tau+ 0.500
[OUTPOST-v4] epoch 252: test-all ROC 0.8807 PR 0.7494 | unseen ROC 0.8485 PR 0.6389 | valAUC 1.0000 | tau+ 0.500
[OUTPOST-v4] epoch 253: test-all ROC 0.8858 PR 0.7536 | unseen ROC 0.8550 PR 0.6459 | valAUC 0.9986 | tau+ 0.500
[OUTPOST-v4] epoch 254: test-all ROC 0.8873 PR 0.7524 | unseen ROC 0.8567 PR 0.6417 | valAUC 0.9991 | tau+ 0.500
[OUTPOST-v4] epoch 255: test-all ROC 0.8771 PR 0.7498 | unseen ROC 0.8440 PR 0.6399 | valAUC 0.9991 | tau+ 0.500
[OUTPOST-v4] epoch 256: test-all ROC 0.8687 PR 0.7451 | unseen ROC 0.8330 PR 0.6352 | valAUC 1.0000 | tau+ 0.500
[OUTPOST-v4] epoch 257: test-all ROC 0.8599 PR 0.7417 | unseen ROC 0.8222 PR 0.6321 | valAUC 1.0000 | tau+ 0.500
[OUTPOST-v4] epoch 258: test-all ROC 0.8652 PR 0.7438 | unseen ROC 0.8287 PR 0.6336 | valAUC 0.9994 | tau+ 0.500
[OUTPOST-v4] epoch 259: test-all ROC 0.8808 PR 0.7497 | unseen ROC 0.8484 PR 0.6405 | valAUC 0.9977 | tau+ 0.500
[OUTPOST-v4] epoch 260: test-all ROC 0.8967 PR 0.7551 | unseen ROC 0.8697 PR 0.6477 | valAUC 0.9948 | tau+ 0.622
[OUTPOST-v4] epoch 261: test-all ROC 0.8783 PR 0.7481 | unseen ROC 0.8452 PR 0.6379 | valAUC 0.9980 | tau+ 0.500
[OUTPOST-v4] epoch 262: test-all ROC 0.8718 PR 0.7466 | unseen ROC 0.8375 PR 0.6368 | valAUC 1.0000 | tau+ 0.500
[OUTPOST-v4] epoch 263: test-all ROC 0.8678 PR 0.7413 | unseen ROC 0.8325 PR 0.6273 | valAUC 1.0000 | tau+ 0.500
[OUTPOST-v4] epoch 264: test-all ROC 0.8724 PR 0.7467 | unseen ROC 0.8382 PR 0.6353 | valAUC 1.0000 | tau+ 0.500
[OUTPOST-v4] epoch 265: test-all ROC 0.8812 PR 0.7505 | unseen ROC 0.8491 PR 0.6373 | valAUC 1.0000 | tau+ 0.500
[OUTPOST-v4] epoch 266: test-all ROC 0.8900 PR 0.7551 | unseen ROC 0.8603 PR 0.6423 | valAUC 0.9994 | tau+ 0.500
[OUTPOST-v4] epoch 267: test-all ROC 0.8994 PR 0.7609 | unseen ROC 0.8729 PR 0.6517 | valAUC 0.9983 | tau+ 0.500
[OUTPOST-v4] epoch 268: test-all ROC 0.8931 PR 0.7585 | unseen ROC 0.8651 PR 0.6501 | valAUC 0.9991 | tau+ 0.500
[OUTPOST-v4] epoch 269: test-all ROC 0.8845 PR 0.7533 | unseen ROC 0.8536 PR 0.6432 | valAUC 1.0000 | tau+ 0.500
[OUTPOST-v4] epoch 270: test-all ROC 0.8826 PR 0.7553 | unseen ROC 0.8517 PR 0.6467 | valAUC 1.0000 | tau+ 0.500
[OUTPOST-v4] epoch 271: test-all ROC 0.8810 PR 0.7530 | unseen ROC 0.8497 PR 0.6441 | valAUC 0.9997 | tau+ 0.500
[OUTPOST-v4] epoch 272: test-all ROC 0.8804 PR 0.7527 | unseen ROC 0.8490 PR 0.6439 | valAUC 1.0000 | tau+ 0.500
[OUTPOST-v4] epoch 273: test-all ROC 0.8904 PR 0.7564 | unseen ROC 0.8614 PR 0.6485 | valAUC 0.9997 | tau+ 0.500
[OUTPOST-v4] epoch 274: test-all ROC 0.9068 PR 0.7668 | unseen ROC 0.8837 PR 0.6614 | valAUC 0.9966 | tau+ 0.500
[OUTPOST-v4] epoch 275: test-all ROC 0.8987 PR 0.7605 | unseen ROC 0.8727 PR 0.6548 | valAUC 0.9974 | tau+ 0.500
[OUTPOST-v4] epoch 276: test-all ROC 0.8695 PR 0.7457 | unseen ROC 0.8346 PR 0.6358 | valAUC 0.9997 | tau+ 0.500
[OUTPOST-v4] epoch 277: test-all ROC 0.8551 PR 0.7416 | unseen ROC 0.8155 PR 0.6316 | valAUC 1.0000 | tau+ 0.500
[OUTPOST-v4] epoch 278: test-all ROC 0.8498 PR 0.7357 | unseen ROC 0.8084 PR 0.6220 | valAUC 1.0000 | tau+ 0.500
[OUTPOST-v4] epoch 279: test-all ROC 0.8491 PR 0.7372 | unseen ROC 0.8079 PR 0.6237 | valAUC 1.0000 | tau+ 0.500
[OUTPOST-v4] epoch 280: test-all ROC 0.8663 PR 0.7469 | unseen ROC 0.8301 PR 0.6365 | valAUC 1.0000 | tau+ 0.500
[OUTPOST-v4] epoch 281: test-all ROC 0.8904 PR 0.7590 | unseen ROC 0.8613 PR 0.6494 | valAUC 0.9997 | tau+ 0.500
[OUTPOST-v4] epoch 282: test-all ROC 0.9002 PR 0.7614 | unseen ROC 0.8742 PR 0.6518 | valAUC 0.9974 | tau+ 0.500
[OUTPOST-v4] epoch 283: test-all ROC 0.8916 PR 0.7583 | unseen ROC 0.8621 PR 0.6461 | valAUC 0.9989 | tau+ 0.500
[OUTPOST-v4] epoch 284: test-all ROC 0.8794 PR 0.7499 | unseen ROC 0.8472 PR 0.6364 | valAUC 1.0000 | tau+ 0.500
[OUTPOST-v4] epoch 285: test-all ROC 0.8809 PR 0.7489 | unseen ROC 0.8496 PR 0.6356 | valAUC 1.0000 | tau+ 0.500
[OUTPOST-v4] epoch 286: test-all ROC 0.8760 PR 0.7460 | unseen ROC 0.8441 PR 0.6324 | valAUC 1.0000 | tau+ 0.500
[OUTPOST-v4] epoch 287: test-all ROC 0.8782 PR 0.7500 | unseen ROC 0.8456 PR 0.6371 | valAUC 1.0000 | tau+ 0.500
[OUTPOST-v4] epoch 288: test-all ROC 0.8783 PR 0.7481 | unseen ROC 0.8459 PR 0.6338 | valAUC 1.0000 | tau+ 0.500
[OUTPOST-v4] epoch 289: test-all ROC 0.8806 PR 0.7500 | unseen ROC 0.8481 PR 0.6384 | valAUC 1.0000 | tau+ 0.500
[OUTPOST-v4] epoch 290: test-all ROC 0.8855 PR 0.7534 | unseen ROC 0.8541 PR 0.6415 | valAUC 0.9989 | tau+ 0.500
[OUTPOST-v4] epoch 291: test-all ROC 0.8804 PR 0.7503 | unseen ROC 0.8470 PR 0.6370 | valAUC 0.9997 | tau+ 0.500
[OUTPOST-v4] epoch 292: test-all ROC 0.8680 PR 0.7448 | unseen ROC 0.8319 PR 0.6322 | valAUC 1.0000 | tau+ 0.500
[OUTPOST-v4] epoch 293: test-all ROC 0.8625 PR 0.7432 | unseen ROC 0.8250 PR 0.6303 | valAUC 1.0000 | tau+ 0.500
[OUTPOST-v4] epoch 294: test-all ROC 0.8578 PR 0.7400 | unseen ROC 0.8194 PR 0.6269 | valAUC 1.0000 | tau+ 0.500
[OUTPOST-v4] epoch 295: test-all ROC 0.8584 PR 0.7422 | unseen ROC 0.8201 PR 0.6319 | valAUC 1.0000 | tau+ 0.500
[OUTPOST-v4] epoch 296: test-all ROC 0.8705 PR 0.7490 | unseen ROC 0.8362 PR 0.6386 | valAUC 1.0000 | tau+ 0.500
[OUTPOST-v4] epoch 297: test-all ROC 0.8840 PR 0.7588 | unseen ROC 0.8522 PR 0.6516 | valAUC 0.9991 | tau+ 0.500
[OUTPOST-v4] epoch 298: test-all ROC 0.8871 PR 0.7574 | unseen ROC 0.8568 PR 0.6493 | valAUC 0.9989 | tau+ 0.500
[OUTPOST-v4] epoch 299: test-all ROC 0.8850 PR 0.7571 | unseen ROC 0.8543 PR 0.6491 | valAUC 0.9994 | tau+ 0.500
[OUTPOST-v4] epoch 300: test-all ROC 0.8779 PR 0.7544 | unseen ROC 0.8450 PR 0.6463 | valAUC 1.0000 | tau+ 0.500
[OUTPOST-v4] epoch 301: test-all ROC 0.8668 PR 0.7488 | unseen ROC 0.8301 PR 0.6396 | valAUC 1.0000 | tau+ 0.500
[OUTPOST-v4] epoch 302: test-all ROC 0.8570 PR 0.7429 | unseen ROC 0.8179 PR 0.6336 | valAUC 1.0000 | tau+ 0.500
[OUTPOST-v4] epoch 303: test-all ROC 0.8572 PR 0.7428 | unseen ROC 0.8188 PR 0.6328 | valAUC 1.0000 | tau+ 0.500
[OUTPOST-v4] epoch 304: test-all ROC 0.8621 PR 0.7455 | unseen ROC 0.8241 PR 0.6354 | valAUC 1.0000 | tau+ 0.500
[OUTPOST-v4] epoch 305: test-all ROC 0.8730 PR 0.7489 | unseen ROC 0.8379 PR 0.6384 | valAUC 0.9994 | tau+ 0.500
[OUTPOST-v4] epoch 306: test-all ROC 0.8805 PR 0.7535 | unseen ROC 0.8476 PR 0.6451 | valAUC 0.9977 | tau+ 0.500
[OUTPOST-v4] epoch 307: test-all ROC 0.8770 PR 0.7503 | unseen ROC 0.8430 PR 0.6392 | valAUC 0.9994 | tau+ 0.500
[OUTPOST-v4] epoch 308: test-all ROC 0.8771 PR 0.7523 | unseen ROC 0.8436 PR 0.6426 | valAUC 0.9991 | tau+ 0.500
[OUTPOST-v4] epoch 309: test-all ROC 0.8790 PR 0.7530 | unseen ROC 0.8460 PR 0.6426 | valAUC 0.9997 | tau+ 0.500
[OUTPOST-v4] epoch 310: test-all ROC 0.8812 PR 0.7531 | unseen ROC 0.8486 PR 0.6443 | valAUC 0.9989 | tau+ 0.500
[OUTPOST-v4] epoch 311: test-all ROC 0.8827 PR 0.7590 | unseen ROC 0.8509 PR 0.6534 | valAUC 0.9994 | tau+ 0.500
[OUTPOST-v4] epoch 312: test-all ROC 0.8871 PR 0.7586 | unseen ROC 0.8565 PR 0.6512 | valAUC 0.9997 | tau+ 0.500
[OUTPOST-v4] epoch 313: test-all ROC 0.8940 PR 0.7589 | unseen ROC 0.8655 PR 0.6513 | valAUC 0.9980 | tau+ 0.500
[OUTPOST-v4] epoch 314: test-all ROC 0.8999 PR 0.7646 | unseen ROC 0.8735 PR 0.6594 | valAUC 0.9966 | tau+ 0.500
[OUTPOST-v4] epoch 315: test-all ROC 0.8907 PR 0.7590 | unseen ROC 0.8616 PR 0.6515 | valAUC 0.9983 | tau+ 0.500
[OUTPOST-v4] epoch 316: test-all ROC 0.8860 PR 0.7570 | unseen ROC 0.8564 PR 0.6507 | valAUC 0.9989 | tau+ 0.500
[OUTPOST-v4] epoch 317: test-all ROC 0.8812 PR 0.7552 | unseen ROC 0.8489 PR 0.6474 | valAUC 1.0000 | tau+ 0.500
[OUTPOST-v4] epoch 318: test-all ROC 0.8749 PR 0.7528 | unseen ROC 0.8412 PR 0.6440 | valAUC 0.9997 | tau+ 0.500
[OUTPOST-v4] epoch 319: test-all ROC 0.8756 PR 0.7530 | unseen ROC 0.8423 PR 0.6452 | valAUC 0.9991 | tau+ 0.500
[OUTPOST-v4] epoch 320: test-all ROC 0.8804 PR 0.7557 | unseen ROC 0.8484 PR 0.6497 | valAUC 0.9986 | tau+ 0.500
[OUTPOST-v4] epoch 321: test-all ROC 0.8849 PR 0.7535 | unseen ROC 0.8540 PR 0.6448 | valAUC 0.9966 | tau+ 0.500
[OUTPOST-v4] epoch 322: test-all ROC 0.8806 PR 0.7537 | unseen ROC 0.8487 PR 0.6474 | valAUC 0.9968 | tau+ 0.500
[OUTPOST-v4] epoch 323: test-all ROC 0.8691 PR 0.7489 | unseen ROC 0.8334 PR 0.6411 | valAUC 0.9994 | tau+ 0.500
[OUTPOST-v4] epoch 324: test-all ROC 0.8660 PR 0.7489 | unseen ROC 0.8298 PR 0.6422 | valAUC 0.9997 | tau+ 0.500
[OUTPOST-v4] epoch 325: test-all ROC 0.8608 PR 0.7476 | unseen ROC 0.8235 PR 0.6404 | valAUC 1.0000 | tau+ 0.500
[OUTPOST-v4] epoch 326: test-all ROC 0.8643 PR 0.7499 | unseen ROC 0.8273 PR 0.6442 | valAUC 1.0000 | tau+ 0.500
[OUTPOST-v4] epoch 327: test-all ROC 0.8690 PR 0.7471 | unseen ROC 0.8339 PR 0.6377 | valAUC 0.9997 | tau+ 0.500
[OUTPOST-v4] epoch 328: test-all ROC 0.8822 PR 0.7542 | unseen ROC 0.8502 PR 0.6456 | valAUC 0.9983 | tau+ 0.500
[OUTPOST-v4] epoch 329: test-all ROC 0.8779 PR 0.7546 | unseen ROC 0.8450 PR 0.6478 | valAUC 0.9989 | tau+ 0.500
[OUTPOST-v4] epoch 330: test-all ROC 0.8720 PR 0.7506 | unseen ROC 0.8370 PR 0.6416 | valAUC 0.9991 | tau+ 0.500
[OUTPOST-v4] epoch 331: test-all ROC 0.8763 PR 0.7531 | unseen ROC 0.8436 PR 0.6468 | valAUC 0.9997 | tau+ 0.500
[OUTPOST-v4] epoch 332: test-all ROC 0.8800 PR 0.7557 | unseen ROC 0.8481 PR 0.6486 | valAUC 0.9991 | tau+ 0.500
[OUTPOST-v4] epoch 333: test-all ROC 0.8825 PR 0.7550 | unseen ROC 0.8507 PR 0.6463 | valAUC 0.9989 | tau+ 0.500
[OUTPOST-v4] epoch 334: test-all ROC 0.8848 PR 0.7582 | unseen ROC 0.8538 PR 0.6520 | valAUC 0.9983 | tau+ 0.500
[OUTPOST-v4] epoch 335: test-all ROC 0.8870 PR 0.7596 | unseen ROC 0.8565 PR 0.6541 | valAUC 0.9994 | tau+ 0.500
[OUTPOST-v4] epoch 336: test-all ROC 0.8847 PR 0.7576 | unseen ROC 0.8540 PR 0.6519 | valAUC 0.9994 | tau+ 0.500
[OUTPOST-v4] epoch 337: test-all ROC 0.8871 PR 0.7592 | unseen ROC 0.8575 PR 0.6530 | valAUC 0.9983 | tau+ 0.500
[OUTPOST-v4] epoch 338: test-all ROC 0.8875 PR 0.7598 | unseen ROC 0.8581 PR 0.6540 | valAUC 0.9989 | tau+ 0.500
[OUTPOST-v4] epoch 339: test-all ROC 0.8912 PR 0.7619 | unseen ROC 0.8623 PR 0.6568 | valAUC 0.9989 | tau+ 0.500
[OUTPOST-v4] epoch 340: test-all ROC 0.8864 PR 0.7597 | unseen ROC 0.8567 PR 0.6554 | valAUC 0.9977 | tau+ 0.500
[OUTPOST-v4] epoch 341: test-all ROC 0.8864 PR 0.7630 | unseen ROC 0.8554 PR 0.6585 | valAUC 0.9977 | tau+ 0.500
[OUTPOST-v4] epoch 342: test-all ROC 0.8798 PR 0.7582 | unseen ROC 0.8474 PR 0.6545 | valAUC 0.9977 | tau+ 0.500
[OUTPOST-v4] epoch 343: test-all ROC 0.8781 PR 0.7577 | unseen ROC 0.8455 PR 0.6529 | valAUC 0.9977 | tau+ 0.500
[OUTPOST-v4] epoch 344: test-all ROC 0.8730 PR 0.7537 | unseen ROC 0.8392 PR 0.6488 | valAUC 0.9986 | tau+ 0.500
[OUTPOST-v4] epoch 345: test-all ROC 0.8757 PR 0.7561 | unseen ROC 0.8424 PR 0.6517 | valAUC 0.9986 | tau+ 0.500
[OUTPOST-v4] epoch 346: test-all ROC 0.8771 PR 0.7573 | unseen ROC 0.8434 PR 0.6527 | valAUC 0.9983 | tau+ 0.500
[OUTPOST-v4] epoch 347: test-all ROC 0.8872 PR 0.7615 | unseen ROC 0.8571 PR 0.6588 | valAUC 0.9983 | tau+ 0.500
[OUTPOST-v4] epoch 348: test-all ROC 0.8845 PR 0.7619 | unseen ROC 0.8540 PR 0.6607 | valAUC 0.9980 | tau+ 0.500
[OUTPOST-v4] epoch 349: test-all ROC 0.8745 PR 0.7560 | unseen ROC 0.8405 PR 0.6515 | valAUC 0.9989 | tau+ 0.500
[OUTPOST-v4] epoch 350: test-all ROC 0.8744 PR 0.7550 | unseen ROC 0.8405 PR 0.6511 | valAUC 0.9977 | tau+ 0.500
[OUTPOST-v4] epoch 351: test-all ROC 0.8756 PR 0.7538 | unseen ROC 0.8419 PR 0.6481 | valAUC 0.9986 | tau+ 0.500
[OUTPOST-v4] epoch 352: test-all ROC 0.8788 PR 0.7587 | unseen ROC 0.8459 PR 0.6546 | valAUC 0.9983 | tau+ 0.500
[OUTPOST-v4] epoch 353: test-all ROC 0.8834 PR 0.7605 | unseen ROC 0.8516 PR 0.6563 | valAUC 0.9983 | tau+ 0.500
[OUTPOST-v4] epoch 354: test-all ROC 0.8796 PR 0.7578 | unseen ROC 0.8471 PR 0.6518 | valAUC 0.9983 | tau+ 0.500
[OUTPOST-v4] epoch 355: test-all ROC 0.8760 PR 0.7576 | unseen ROC 0.8425 PR 0.6538 | valAUC 0.9991 | tau+ 0.500
[OUTPOST-v4] epoch 356: test-all ROC 0.8768 PR 0.7565 | unseen ROC 0.8438 PR 0.6517 | valAUC 0.9994 | tau+ 0.500
[OUTPOST-v4] epoch 357: test-all ROC 0.8759 PR 0.7549 | unseen ROC 0.8424 PR 0.6501 | valAUC 0.9989 | tau+ 0.500
[OUTPOST-v4] epoch 358: test-all ROC 0.8802 PR 0.7574 | unseen ROC 0.8476 PR 0.6515 | valAUC 0.9983 | tau+ 0.500
[OUTPOST-v4] epoch 359: test-all ROC 0.8849 PR 0.7591 | unseen ROC 0.8543 PR 0.6544 | valAUC 0.9983 | tau+ 0.500
[OUTPOST-v4] epoch 360: test-all ROC 0.8848 PR 0.7587 | unseen ROC 0.8537 PR 0.6532 | valAUC 0.9971 | tau+ 0.500
[OUTPOST-v4] epoch 361: test-all ROC 0.8824 PR 0.7587 | unseen ROC 0.8507 PR 0.6543 | valAUC 0.9980 | tau+ 0.500
[OUTPOST-v4] epoch 362: test-all ROC 0.8783 PR 0.7591 | unseen ROC 0.8456 PR 0.6540 | valAUC 0.9991 | tau+ 0.500
[OUTPOST-v4] epoch 363: test-all ROC 0.8756 PR 0.7566 | unseen ROC 0.8426 PR 0.6532 | valAUC 0.9991 | tau+ 0.500
[OUTPOST-v4] epoch 364: test-all ROC 0.8797 PR 0.7614 | unseen ROC 0.8473 PR 0.6594 | valAUC 0.9986 | tau+ 0.500
[OUTPOST-v4] epoch 365: test-all ROC 0.8824 PR 0.7612 | unseen ROC 0.8514 PR 0.6583 | valAUC 0.9986 | tau+ 0.500
[OUTPOST-v4] epoch 366: test-all ROC 0.8822 PR 0.7598 | unseen ROC 0.8514 PR 0.6571 | valAUC 0.9977 | tau+ 0.500
[OUTPOST-v4] epoch 367: test-all ROC 0.8815 PR 0.7601 | unseen ROC 0.8501 PR 0.6585 | valAUC 0.9974 | tau+ 0.500
[OUTPOST-v4] epoch 368: test-all ROC 0.8843 PR 0.7607 | unseen ROC 0.8542 PR 0.6589 | valAUC 0.9977 | tau+ 0.500
[OUTPOST-v4] epoch 369: test-all ROC 0.8857 PR 0.7618 | unseen ROC 0.8558 PR 0.6597 | valAUC 0.9971 | tau+ 0.500
[OUTPOST-v4] epoch 370: test-all ROC 0.8869 PR 0.7638 | unseen ROC 0.8577 PR 0.6639 | valAUC 0.9980 | tau+ 0.500
[OUTPOST-v4] epoch 371: test-all ROC 0.8897 PR 0.7660 | unseen ROC 0.8611 PR 0.6668 | valAUC 0.9968 | tau+ 0.500
[OUTPOST-v4] epoch 372: test-all ROC 0.8851 PR 0.7638 | unseen ROC 0.8549 PR 0.6641 | valAUC 0.9989 | tau+ 0.500
[OUTPOST-v4] epoch 373: test-all ROC 0.8824 PR 0.7618 | unseen ROC 0.8509 PR 0.6601 | valAUC 0.9974 | tau+ 0.500
[OUTPOST-v4] epoch 374: test-all ROC 0.8956 PR 0.7680 | unseen ROC 0.8682 PR 0.6688 | valAUC 0.9968 | tau+ 0.500
[OUTPOST-v4] epoch 375: test-all ROC 0.8932 PR 0.7670 | unseen ROC 0.8656 PR 0.6670 | valAUC 0.9966 | tau+ 0.500
[OUTPOST-v4] epoch 376: test-all ROC 0.8807 PR 0.7635 | unseen ROC 0.8492 PR 0.6644 | valAUC 0.9989 | tau+ 0.500
[OUTPOST-v4] epoch 377: test-all ROC 0.8751 PR 0.7587 | unseen ROC 0.8418 PR 0.6570 | valAUC 0.9994 | tau+ 0.500
[OUTPOST-v4] epoch 378: test-all ROC 0.8735 PR 0.7550 | unseen ROC 0.8400 PR 0.6519 | valAUC 0.9991 | tau+ 0.500
[OUTPOST-v4] epoch 379: test-all ROC 0.8792 PR 0.7578 | unseen ROC 0.8479 PR 0.6539 | valAUC 0.9991 | tau+ 0.500
[OUTPOST-v4] epoch 380: test-all ROC 0.8880 PR 0.7594 | unseen ROC 0.8584 PR 0.6556 | valAUC 0.9991 | tau+ 0.500
[OUTPOST-v4] epoch 381: test-all ROC 0.8916 PR 0.7647 | unseen ROC 0.8634 PR 0.6618 | valAUC 0.9991 | tau+ 0.500
[OUTPOST-v4] epoch 382: test-all ROC 0.8920 PR 0.7645 | unseen ROC 0.8635 PR 0.6602 | valAUC 0.9989 | tau+ 0.500
[OUTPOST-v4] epoch 383: test-all ROC 0.8917 PR 0.7653 | unseen ROC 0.8635 PR 0.6627 | valAUC 0.9989 | tau+ 0.500
[OUTPOST-v4] epoch 384: test-all ROC 0.8889 PR 0.7624 | unseen ROC 0.8598 PR 0.6591 | valAUC 0.9994 | tau+ 0.500
[OUTPOST-v4] epoch 385: test-all ROC 0.8864 PR 0.7627 | unseen ROC 0.8563 PR 0.6614 | valAUC 0.9986 | tau+ 0.500
[OUTPOST-v4] epoch 386: test-all ROC 0.8884 PR 0.7606 | unseen ROC 0.8590 PR 0.6572 | valAUC 0.9986 | tau+ 0.500
[OUTPOST-v4] epoch 387: test-all ROC 0.8860 PR 0.7613 | unseen ROC 0.8559 PR 0.6600 | valAUC 0.9986 | tau+ 0.500
[OUTPOST-v4] epoch 388: test-all ROC 0.8753 PR 0.7581 | unseen ROC 0.8421 PR 0.6584 | valAUC 0.9991 | tau+ 0.500
[OUTPOST-v4] epoch 389: test-all ROC 0.8724 PR 0.7576 | unseen ROC 0.8377 PR 0.6555 | valAUC 0.9991 | tau+ 0.500
[OUTPOST-v4] epoch 390: test-all ROC 0.8738 PR 0.7596 | unseen ROC 0.8392 PR 0.6591 | valAUC 0.9991 | tau+ 0.500
[OUTPOST-v4] epoch 391: test-all ROC 0.8780 PR 0.7587 | unseen ROC 0.8456 PR 0.6577 | valAUC 0.9989 | tau+ 0.500
[OUTPOST-v4] epoch 392: test-all ROC 0.8774 PR 0.7598 | unseen ROC 0.8442 PR 0.6591 | valAUC 0.9986 | tau+ 0.500
[OUTPOST-v4] epoch 393: test-all ROC 0.8676 PR 0.7552 | unseen ROC 0.8317 PR 0.6538 | valAUC 0.9991 | tau+ 0.500
[OUTPOST-v4] epoch 394: test-all ROC 0.8617 PR 0.7514 | unseen ROC 0.8240 PR 0.6482 | valAUC 0.9991 | tau+ 0.500
[OUTPOST-v4] epoch 395: test-all ROC 0.8659 PR 0.7551 | unseen ROC 0.8295 PR 0.6539 | valAUC 0.9989 | tau+ 0.500
[OUTPOST-v4] epoch 396: test-all ROC 0.8671 PR 0.7555 | unseen ROC 0.8311 PR 0.6540 | valAUC 0.9983 | tau+ 0.500
[OUTPOST-v4] epoch 397: test-all ROC 0.8731 PR 0.7576 | unseen ROC 0.8391 PR 0.6551 | valAUC 0.9986 | tau+ 0.500
[OUTPOST-v4] epoch 398: test-all ROC 0.8788 PR 0.7612 | unseen ROC 0.8463 PR 0.6602 | valAUC 0.9986 | tau+ 0.500
[OUTPOST-v4] epoch 399: test-all ROC 0.8809 PR 0.7619 | unseen ROC 0.8490 PR 0.6594 | valAUC 0.9977 | tau+ 0.500
  rotation 3: ROC 0.9068 PR 0.7680
[computers] params 116929, peak GPU 4.62 GB, 20.6 min total
[computers] ran 1/5 rotations; no results.csv row written. Merge the shards with:
    python analysis/scripts/merge_rotations.py
