# gpu=6 cmd=/usr/bin/python3 -u main.py --dataset computers --seed 8 --method outpost --tag E400_outpost --rotations 5 --set num_epochs=400
/nas/home/jahin/.local/lib/python3.10/site-packages/requests/__init__.py:113: RequestsDependencyWarning: urllib3 (1.26.5) or chardet (7.2.0)/charset_normalizer (3.4.4) doesn't match a supported version!
  warnings.warn(
[0.03170448 0.15575916 0.10282141 0.03941245 0.37507272 0.02239674
 0.03541303 0.05948226 0.1567772  0.02116056]
[computers] anomaly classes (rotations): [np.int64(0), np.int64(3), np.int64(5), np.int64(6), np.int64(9)]
[computers] running subset: [np.int64(5)]
Normal classes: [np.int64(1), np.int64(2), np.int64(4), np.int64(7), np.int64(8)] in computers
Building multi-layer GraphSage
[OUTPOST-v4] epoch 0: test-all ROC 0.4751 PR 0.1471 | unseen ROC 0.4596 PR 0.1293 | valAUC 0.5874 | tau+ 0.580
[OUTPOST-v4] epoch 1: test-all ROC 0.4607 PR 0.1427 | unseen ROC 0.4485 PR 0.1265 | valAUC 0.5670 | tau+ 0.508
[OUTPOST-v4] epoch 2: test-all ROC 0.4576 PR 0.1412 | unseen ROC 0.4454 PR 0.1251 | valAUC 0.5353 | tau+ 0.500
[OUTPOST-v4] epoch 3: test-all ROC 0.4556 PR 0.1406 | unseen ROC 0.4434 PR 0.1244 | valAUC 0.5126 | tau+ 0.500
[OUTPOST-v4] epoch 4: test-all ROC 0.4540 PR 0.1399 | unseen ROC 0.4424 PR 0.1238 | valAUC 0.5376 | tau+ 0.500
[OUTPOST-v4] epoch 5: test-all ROC 0.4587 PR 0.1411 | unseen ROC 0.4451 PR 0.1243 | valAUC 0.5615 | tau+ 0.500
[OUTPOST-v4] epoch 6: test-all ROC 0.4648 PR 0.1436 | unseen ROC 0.4513 PR 0.1266 | valAUC 0.5655 | tau+ 0.500
[OUTPOST-v4] epoch 7: test-all ROC 0.4711 PR 0.1459 | unseen ROC 0.4541 PR 0.1277 | valAUC 0.5960 | tau+ 0.500
[OUTPOST-v4] epoch 8: test-all ROC 0.4755 PR 0.1475 | unseen ROC 0.4563 PR 0.1285 | valAUC 0.6227 | tau+ 0.500
[OUTPOST-v4] epoch 9: test-all ROC 0.4850 PR 0.1505 | unseen ROC 0.4628 PR 0.1298 | valAUC 0.6555 | tau+ 0.500
[OUTPOST-v4] epoch 10: test-all ROC 0.4920 PR 0.1532 | unseen ROC 0.4662 PR 0.1310 | valAUC 0.6687 | tau+ 0.500
[OUTPOST-v4] epoch 11: test-all ROC 0.5072 PR 0.1591 | unseen ROC 0.4776 PR 0.1341 | valAUC 0.7216 | tau+ 0.500
[OUTPOST-v4] epoch 12: test-all ROC 0.5210 PR 0.1649 | unseen ROC 0.4880 PR 0.1369 | valAUC 0.7603 | tau+ 0.500
[OUTPOST-v4] epoch 13: test-all ROC 0.5396 PR 0.1743 | unseen ROC 0.5026 PR 0.1413 | valAUC 0.8506 | tau+ 0.500
[OUTPOST-v4] epoch 14: test-all ROC 0.5624 PR 0.1941 | unseen ROC 0.5206 PR 0.1487 | valAUC 0.9092 | tau+ 0.500
[OUTPOST-v4] epoch 15: test-all ROC 0.5865 PR 0.2348 | unseen ROC 0.5407 PR 0.1595 | valAUC 0.9517 | tau+ 0.500
[OUTPOST-v4] epoch 16: test-all ROC 0.6134 PR 0.2822 | unseen ROC 0.5667 PR 0.1728 | valAUC 0.9793 | tau+ 0.500
[OUTPOST-v4] epoch 17: test-all ROC 0.6365 PR 0.3227 | unseen ROC 0.5909 PR 0.1901 | valAUC 0.9911 | tau+ 0.500
[OUTPOST-v4] epoch 18: test-all ROC 0.6424 PR 0.3345 | unseen ROC 0.5970 PR 0.1957 | valAUC 0.9940 | tau+ 0.500
[OUTPOST-v4] epoch 19: test-all ROC 0.6467 PR 0.3422 | unseen ROC 0.6013 PR 0.1989 | valAUC 0.9948 | tau+ 0.500
[OUTPOST-v4] epoch 20: test-all ROC 0.6493 PR 0.3389 | unseen ROC 0.6044 PR 0.1961 | valAUC 0.9983 | tau+ 0.500
[OUTPOST-v4] epoch 21: test-all ROC 0.6499 PR 0.3389 | unseen ROC 0.6051 PR 0.1954 | valAUC 0.9948 | tau+ 0.500
[OUTPOST-v4] epoch 22: test-all ROC 0.6487 PR 0.3376 | unseen ROC 0.6036 PR 0.1929 | valAUC 0.9974 | tau+ 0.500
[OUTPOST-v4] epoch 23: test-all ROC 0.6486 PR 0.3360 | unseen ROC 0.6036 PR 0.1928 | valAUC 0.9971 | tau+ 0.500
[OUTPOST-v4] epoch 24: test-all ROC 0.6426 PR 0.3273 | unseen ROC 0.5968 PR 0.1879 | valAUC 0.9963 | tau+ 0.500
[OUTPOST-v4] epoch 25: test-all ROC 0.6439 PR 0.3263 | unseen ROC 0.5984 PR 0.1874 | valAUC 0.9957 | tau+ 0.500
[OUTPOST-v4] epoch 26: test-all ROC 0.6361 PR 0.3129 | unseen ROC 0.5900 PR 0.1823 | valAUC 0.9922 | tau+ 0.500
[OUTPOST-v4] epoch 27: test-all ROC 0.6324 PR 0.3069 | unseen ROC 0.5860 PR 0.1810 | valAUC 0.9888 | tau+ 0.500
[OUTPOST-v4] epoch 28: test-all ROC 0.6355 PR 0.3104 | unseen ROC 0.5894 PR 0.1835 | valAUC 0.9911 | tau+ 0.500
[OUTPOST-v4] epoch 29: test-all ROC 0.6336 PR 0.3080 | unseen ROC 0.5874 PR 0.1818 | valAUC 0.9908 | tau+ 0.500
[OUTPOST-v4] epoch 30: test-all ROC 0.6326 PR 0.3041 | unseen ROC 0.5864 PR 0.1817 | valAUC 0.9917 | tau+ 0.500
[OUTPOST-v4] epoch 31: test-all ROC 0.6288 PR 0.2913 | unseen ROC 0.5824 PR 0.1790 | valAUC 0.9874 | tau+ 0.500
[OUTPOST-v4] epoch 32: test-all ROC 0.6283 PR 0.2893 | unseen ROC 0.5818 PR 0.1792 | valAUC 0.9879 | tau+ 0.500
[OUTPOST-v4] epoch 33: test-all ROC 0.6241 PR 0.2893 | unseen ROC 0.5772 PR 0.1772 | valAUC 0.9882 | tau+ 0.500
[OUTPOST-v4] epoch 34: test-all ROC 0.6308 PR 0.3026 | unseen ROC 0.5843 PR 0.1818 | valAUC 0.9925 | tau+ 0.500
[OUTPOST-v4] epoch 35: test-all ROC 0.6381 PR 0.3166 | unseen ROC 0.5921 PR 0.1861 | valAUC 0.9928 | tau+ 0.500
[OUTPOST-v4] epoch 36: test-all ROC 0.6430 PR 0.3307 | unseen ROC 0.5973 PR 0.1898 | valAUC 0.9963 | tau+ 0.500
[OUTPOST-v4] epoch 37: test-all ROC 0.6472 PR 0.3346 | unseen ROC 0.6019 PR 0.1929 | valAUC 0.9966 | tau+ 0.500
[OUTPOST-v4] epoch 38: test-all ROC 0.6483 PR 0.3385 | unseen ROC 0.6031 PR 0.1933 | valAUC 0.9971 | tau+ 0.500
[OUTPOST-v4] epoch 39: test-all ROC 0.6486 PR 0.3409 | unseen ROC 0.6034 PR 0.1948 | valAUC 0.9971 | tau+ 0.500
[OUTPOST-v4] epoch 40: test-all ROC 0.6526 PR 0.3423 | unseen ROC 0.6079 PR 0.1981 | valAUC 0.9968 | tau+ 0.500
[OUTPOST-v4] epoch 41: test-all ROC 0.6592 PR 0.3516 | unseen ROC 0.6153 PR 0.2018 | valAUC 0.9971 | tau+ 0.500
[OUTPOST-v4] epoch 42: test-all ROC 0.6640 PR 0.3595 | unseen ROC 0.6206 PR 0.2084 | valAUC 0.9983 | tau+ 0.500
[OUTPOST-v4] epoch 43: test-all ROC 0.6752 PR 0.3718 | unseen ROC 0.6333 PR 0.2191 | valAUC 0.9971 | tau+ 0.500
[OUTPOST-v4] epoch 44: test-all ROC 0.6831 PR 0.3803 | unseen ROC 0.6422 PR 0.2283 | valAUC 0.9971 | tau+ 0.500
[OUTPOST-v4] epoch 45: test-all ROC 0.6847 PR 0.3843 | unseen ROC 0.6439 PR 0.2311 | valAUC 0.9974 | tau+ 0.500
[OUTPOST-v4] epoch 46: test-all ROC 0.6801 PR 0.3787 | unseen ROC 0.6387 PR 0.2268 | valAUC 0.9974 | tau+ 0.500
[OUTPOST-v4] epoch 47: test-all ROC 0.6771 PR 0.3772 | unseen ROC 0.6353 PR 0.2244 | valAUC 0.9974 | tau+ 0.500
[OUTPOST-v4] epoch 48: test-all ROC 0.6806 PR 0.3854 | unseen ROC 0.6392 PR 0.2304 | valAUC 0.9966 | tau+ 0.500
[OUTPOST-v4] epoch 49: test-all ROC 0.6822 PR 0.3856 | unseen ROC 0.6411 PR 0.2327 | valAUC 0.9966 | tau+ 0.500
[OUTPOST-v4] epoch 50: test-all ROC 0.6858 PR 0.3898 | unseen ROC 0.6452 PR 0.2369 | valAUC 0.9977 | tau+ 0.500
[OUTPOST-v4] epoch 51: test-all ROC 0.6871 PR 0.3949 | unseen ROC 0.6466 PR 0.2425 | valAUC 0.9971 | tau+ 0.500
[OUTPOST-v4] epoch 52: test-all ROC 0.6926 PR 0.4011 | unseen ROC 0.6528 PR 0.2486 | valAUC 0.9977 | tau+ 0.500
[OUTPOST-v4] epoch 53: test-all ROC 0.7028 PR 0.4191 | unseen ROC 0.6643 PR 0.2679 | valAUC 0.9971 | tau+ 0.500
[OUTPOST-v4] epoch 54: test-all ROC 0.7129 PR 0.4358 | unseen ROC 0.6758 PR 0.2871 | valAUC 0.9971 | tau+ 0.500
[OUTPOST-v4] epoch 55: test-all ROC 0.7162 PR 0.4392 | unseen ROC 0.6795 PR 0.2895 | valAUC 0.9966 | tau+ 0.500
[OUTPOST-v4] epoch 56: test-all ROC 0.7058 PR 0.4266 | unseen ROC 0.6677 PR 0.2768 | valAUC 0.9980 | tau+ 0.500
[OUTPOST-v4] epoch 57: test-all ROC 0.6980 PR 0.4145 | unseen ROC 0.6590 PR 0.2635 | valAUC 0.9968 | tau+ 0.500
[OUTPOST-v4] epoch 58: test-all ROC 0.6964 PR 0.4177 | unseen ROC 0.6571 PR 0.2677 | valAUC 0.9966 | tau+ 0.500
[OUTPOST-v4] epoch 59: test-all ROC 0.7070 PR 0.4345 | unseen ROC 0.6691 PR 0.2864 | valAUC 0.9968 | tau+ 0.500
[OUTPOST-v4] epoch 60: test-all ROC 0.7145 PR 0.4475 | unseen ROC 0.6776 PR 0.3012 | valAUC 0.9957 | tau+ 0.500
[OUTPOST-v4] epoch 61: test-all ROC 0.7180 PR 0.4569 | unseen ROC 0.6816 PR 0.3149 | valAUC 0.9968 | tau+ 0.500
[OUTPOST-v4] epoch 62: test-all ROC 0.7315 PR 0.4814 | unseen ROC 0.6969 PR 0.3454 | valAUC 0.9974 | tau+ 0.500
[OUTPOST-v4] epoch 63: test-all ROC 0.7500 PR 0.5125 | unseen ROC 0.7177 PR 0.3851 | valAUC 0.9951 | tau+ 0.500
[OUTPOST-v4] epoch 64: test-all ROC 0.7534 PR 0.5204 | unseen ROC 0.7216 PR 0.3949 | valAUC 0.9966 | tau+ 0.500
[OUTPOST-v4] epoch 65: test-all ROC 0.7464 PR 0.5097 | unseen ROC 0.7136 PR 0.3797 | valAUC 0.9968 | tau+ 0.500
[OUTPOST-v4] epoch 66: test-all ROC 0.7296 PR 0.4875 | unseen ROC 0.6947 PR 0.3520 | valAUC 0.9971 | tau+ 0.500
[OUTPOST-v4] epoch 67: test-all ROC 0.7260 PR 0.4799 | unseen ROC 0.6906 PR 0.3427 | valAUC 0.9980 | tau+ 0.500
[OUTPOST-v4] epoch 68: test-all ROC 0.7252 PR 0.4759 | unseen ROC 0.6897 PR 0.3406 | valAUC 0.9974 | tau+ 0.500
[OUTPOST-v4] epoch 69: test-all ROC 0.7231 PR 0.4724 | unseen ROC 0.6873 PR 0.3342 | valAUC 0.9974 | tau+ 0.500
[OUTPOST-v4] epoch 70: test-all ROC 0.7224 PR 0.4731 | unseen ROC 0.6865 PR 0.3359 | valAUC 0.9974 | tau+ 0.500
[OUTPOST-v4] epoch 71: test-all ROC 0.7222 PR 0.4744 | unseen ROC 0.6863 PR 0.3373 | valAUC 0.9977 | tau+ 0.500
[OUTPOST-v4] epoch 72: test-all ROC 0.7316 PR 0.4975 | unseen ROC 0.6969 PR 0.3657 | valAUC 0.9954 | tau+ 0.500
[OUTPOST-v4] epoch 73: test-all ROC 0.7490 PR 0.5245 | unseen ROC 0.7166 PR 0.4003 | valAUC 0.9968 | tau+ 0.500
[OUTPOST-v4] epoch 74: test-all ROC 0.7667 PR 0.5483 | unseen ROC 0.7366 PR 0.4318 | valAUC 0.9963 | tau+ 0.500
[OUTPOST-v4] epoch 75: test-all ROC 0.7770 PR 0.5563 | unseen ROC 0.7483 PR 0.4406 | valAUC 0.9948 | tau+ 0.500
[OUTPOST-v4] epoch 76: test-all ROC 0.7668 PR 0.5503 | unseen ROC 0.7367 PR 0.4335 | valAUC 0.9966 | tau+ 0.500
[OUTPOST-v4] epoch 77: test-all ROC 0.7515 PR 0.5301 | unseen ROC 0.7194 PR 0.4081 | valAUC 0.9966 | tau+ 0.500
[OUTPOST-v4] epoch 78: test-all ROC 0.7396 PR 0.5083 | unseen ROC 0.7059 PR 0.3796 | valAUC 0.9977 | tau+ 0.500
[OUTPOST-v4] epoch 79: test-all ROC 0.7344 PR 0.4938 | unseen ROC 0.7001 PR 0.3616 | valAUC 0.9960 | tau+ 0.500
[OUTPOST-v4] epoch 80: test-all ROC 0.7311 PR 0.4872 | unseen ROC 0.6963 PR 0.3535 | valAUC 0.9974 | tau+ 0.500
[OUTPOST-v4] epoch 81: test-all ROC 0.7367 PR 0.4952 | unseen ROC 0.7027 PR 0.3635 | valAUC 0.9980 | tau+ 0.500
[OUTPOST-v4] epoch 82: test-all ROC 0.7418 PR 0.5080 | unseen ROC 0.7084 PR 0.3783 | valAUC 0.9968 | tau+ 0.500
[OUTPOST-v4] epoch 83: test-all ROC 0.7529 PR 0.5262 | unseen ROC 0.7210 PR 0.4035 | valAUC 0.9966 | tau+ 0.500
[OUTPOST-v4] epoch 84: test-all ROC 0.7561 PR 0.5345 | unseen ROC 0.7246 PR 0.4121 | valAUC 0.9966 | tau+ 0.500
[OUTPOST-v4] epoch 85: test-all ROC 0.7530 PR 0.5304 | unseen ROC 0.7211 PR 0.4090 | valAUC 0.9968 | tau+ 0.500
[OUTPOST-v4] epoch 86: test-all ROC 0.7514 PR 0.5263 | unseen ROC 0.7193 PR 0.4004 | valAUC 0.9968 | tau+ 0.500
[OUTPOST-v4] epoch 87: test-all ROC 0.7514 PR 0.5246 | unseen ROC 0.7193 PR 0.3996 | valAUC 0.9966 | tau+ 0.500
[OUTPOST-v4] epoch 88: test-all ROC 0.7441 PR 0.5141 | unseen ROC 0.7111 PR 0.3845 | valAUC 0.9974 | tau+ 0.500
[OUTPOST-v4] epoch 89: test-all ROC 0.7453 PR 0.5114 | unseen ROC 0.7124 PR 0.3819 | valAUC 0.9971 | tau+ 0.500
[OUTPOST-v4] epoch 90: test-all ROC 0.7404 PR 0.5060 | unseen ROC 0.7068 PR 0.3770 | valAUC 0.9968 | tau+ 0.500
[OUTPOST-v4] epoch 91: test-all ROC 0.7410 PR 0.5096 | unseen ROC 0.7075 PR 0.3826 | valAUC 0.9968 | tau+ 0.500
[OUTPOST-v4] epoch 92: test-all ROC 0.7441 PR 0.5132 | unseen ROC 0.7110 PR 0.3855 | valAUC 0.9974 | tau+ 0.500
[OUTPOST-v4] epoch 93: test-all ROC 0.7400 PR 0.5111 | unseen ROC 0.7064 PR 0.3845 | valAUC 0.9971 | tau+ 0.500
[OUTPOST-v4] epoch 94: test-all ROC 0.7432 PR 0.5134 | unseen ROC 0.7101 PR 0.3873 | valAUC 0.9966 | tau+ 0.500
[OUTPOST-v4] epoch 95: test-all ROC 0.7467 PR 0.5258 | unseen ROC 0.7140 PR 0.4032 | valAUC 0.9966 | tau+ 0.500
[OUTPOST-v4] epoch 96: test-all ROC 0.7532 PR 0.5417 | unseen ROC 0.7214 PR 0.4231 | valAUC 0.9968 | tau+ 0.500
[OUTPOST-v4] epoch 97: test-all ROC 0.7571 PR 0.5537 | unseen ROC 0.7257 PR 0.4393 | valAUC 0.9963 | tau+ 0.500
[OUTPOST-v4] epoch 98: test-all ROC 0.7648 PR 0.5645 | unseen ROC 0.7344 PR 0.4532 | valAUC 0.9966 | tau+ 0.500
[OUTPOST-v4] epoch 99: test-all ROC 0.7666 PR 0.5697 | unseen ROC 0.7365 PR 0.4575 | valAUC 0.9971 | tau+ 0.500
[OUTPOST-v4] epoch 100: test-all ROC 0.7669 PR 0.5688 | unseen ROC 0.7368 PR 0.4589 | valAUC 0.9968 | tau+ 0.500
[OUTPOST-v4] epoch 101: test-all ROC 0.7646 PR 0.5609 | unseen ROC 0.7342 PR 0.4484 | valAUC 0.9974 | tau+ 0.500
[OUTPOST-v4] epoch 102: test-all ROC 0.7584 PR 0.5470 | unseen ROC 0.7272 PR 0.4296 | valAUC 0.9968 | tau+ 0.500
[OUTPOST-v4] epoch 103: test-all ROC 0.7553 PR 0.5371 | unseen ROC 0.7237 PR 0.4172 | valAUC 0.9960 | tau+ 0.500
[OUTPOST-v4] epoch 104: test-all ROC 0.7552 PR 0.5271 | unseen ROC 0.7235 PR 0.4028 | valAUC 0.9974 | tau+ 0.500
[OUTPOST-v4] epoch 105: test-all ROC 0.7469 PR 0.5129 | unseen ROC 0.7141 PR 0.3840 | valAUC 0.9968 | tau+ 0.500
[OUTPOST-v4] epoch 106: test-all ROC 0.7448 PR 0.5091 | unseen ROC 0.7118 PR 0.3787 | valAUC 0.9977 | tau+ 0.500
[OUTPOST-v4] epoch 107: test-all ROC 0.7394 PR 0.5037 | unseen ROC 0.7057 PR 0.3721 | valAUC 0.9977 | tau+ 0.500
[OUTPOST-v4] epoch 108: test-all ROC 0.7409 PR 0.5062 | unseen ROC 0.7074 PR 0.3760 | valAUC 0.9983 | tau+ 0.500
[OUTPOST-v4] epoch 109: test-all ROC 0.7399 PR 0.5062 | unseen ROC 0.7063 PR 0.3766 | valAUC 0.9983 | tau+ 0.500
[OUTPOST-v4] epoch 110: test-all ROC 0.7468 PR 0.5223 | unseen ROC 0.7141 PR 0.3958 | valAUC 0.9977 | tau+ 0.500
[OUTPOST-v4] epoch 111: test-all ROC 0.7554 PR 0.5470 | unseen ROC 0.7238 PR 0.4285 | valAUC 0.9974 | tau+ 0.500
[OUTPOST-v4] epoch 112: test-all ROC 0.7665 PR 0.5733 | unseen ROC 0.7364 PR 0.4635 | valAUC 0.9968 | tau+ 0.500
[OUTPOST-v4] epoch 113: test-all ROC 0.7856 PR 0.5929 | unseen ROC 0.7580 PR 0.4877 | valAUC 0.9963 | tau+ 0.500
[OUTPOST-v4] epoch 114: test-all ROC 0.7853 PR 0.5887 | unseen ROC 0.7577 PR 0.4842 | valAUC 0.9957 | tau+ 0.500
[OUTPOST-v4] epoch 115: test-all ROC 0.7753 PR 0.5824 | unseen ROC 0.7463 PR 0.4761 | valAUC 0.9963 | tau+ 0.500
[OUTPOST-v4] epoch 116: test-all ROC 0.7659 PR 0.5641 | unseen ROC 0.7357 PR 0.4511 | valAUC 0.9974 | tau+ 0.500
[OUTPOST-v4] epoch 117: test-all ROC 0.7596 PR 0.5458 | unseen ROC 0.7286 PR 0.4261 | valAUC 0.9974 | tau+ 0.500
[OUTPOST-v4] epoch 118: test-all ROC 0.7560 PR 0.5337 | unseen ROC 0.7244 PR 0.4103 | valAUC 0.9980 | tau+ 0.500
[OUTPOST-v4] epoch 119: test-all ROC 0.7584 PR 0.5399 | unseen ROC 0.7272 PR 0.4167 | valAUC 0.9968 | tau+ 0.500
[OUTPOST-v4] epoch 120: test-all ROC 0.7575 PR 0.5367 | unseen ROC 0.7262 PR 0.4136 | valAUC 0.9971 | tau+ 0.500
[OUTPOST-v4] epoch 121: test-all ROC 0.7590 PR 0.5405 | unseen ROC 0.7278 PR 0.4187 | valAUC 0.9966 | tau+ 0.500
[OUTPOST-v4] epoch 122: test-all ROC 0.7592 PR 0.5402 | unseen ROC 0.7281 PR 0.4204 | valAUC 0.9968 | tau+ 0.500
[OUTPOST-v4] epoch 123: test-all ROC 0.7598 PR 0.5433 | unseen ROC 0.7288 PR 0.4239 | valAUC 0.9977 | tau+ 0.500
[OUTPOST-v4] epoch 124: test-all ROC 0.7620 PR 0.5496 | unseen ROC 0.7312 PR 0.4319 | valAUC 0.9971 | tau+ 0.500
[OUTPOST-v4] epoch 125: test-all ROC 0.7696 PR 0.5645 | unseen ROC 0.7398 PR 0.4508 | valAUC 0.9968 | tau+ 0.500
[OUTPOST-v4] epoch 126: test-all ROC 0.7766 PR 0.5780 | unseen ROC 0.7477 PR 0.4688 | valAUC 0.9968 | tau+ 0.500
[OUTPOST-v4] epoch 127: test-all ROC 0.7843 PR 0.5920 | unseen ROC 0.7564 PR 0.4872 | valAUC 0.9977 | tau+ 0.500
[OUTPOST-v4] epoch 128: test-all ROC 0.7910 PR 0.5968 | unseen ROC 0.7640 PR 0.4937 | valAUC 0.9957 | tau+ 0.500
[OUTPOST-v4] epoch 129: test-all ROC 0.7928 PR 0.5972 | unseen ROC 0.7661 PR 0.4941 | valAUC 0.9951 | tau+ 0.500
[OUTPOST-v4] epoch 130: test-all ROC 0.7933 PR 0.5968 | unseen ROC 0.7666 PR 0.4932 | valAUC 0.9966 | tau+ 0.500
[OUTPOST-v4] epoch 131: test-all ROC 0.7846 PR 0.5951 | unseen ROC 0.7568 PR 0.4913 | valAUC 0.9968 | tau+ 0.500
[OUTPOST-v4] epoch 132: test-all ROC 0.7788 PR 0.5845 | unseen ROC 0.7502 PR 0.4759 | valAUC 0.9968 | tau+ 0.500
[OUTPOST-v4] epoch 133: test-all ROC 0.7726 PR 0.5742 | unseen ROC 0.7432 PR 0.4638 | valAUC 0.9977 | tau+ 0.500
[OUTPOST-v4] epoch 134: test-all ROC 0.7714 PR 0.5740 | unseen ROC 0.7418 PR 0.4623 | valAUC 0.9968 | tau+ 0.500
[OUTPOST-v4] epoch 135: test-all ROC 0.7664 PR 0.5677 | unseen ROC 0.7362 PR 0.4554 | valAUC 0.9974 | tau+ 0.500
[OUTPOST-v4] epoch 136: test-all ROC 0.7679 PR 0.5694 | unseen ROC 0.7380 PR 0.4587 | valAUC 0.9974 | tau+ 0.500
[OUTPOST-v4] epoch 137: test-all ROC 0.7673 PR 0.5718 | unseen ROC 0.7373 PR 0.4605 | valAUC 0.9977 | tau+ 0.500
[OUTPOST-v4] epoch 138: test-all ROC 0.7650 PR 0.5738 | unseen ROC 0.7346 PR 0.4628 | valAUC 0.9974 | tau+ 0.500
[OUTPOST-v4] epoch 139: test-all ROC 0.7692 PR 0.5819 | unseen ROC 0.7394 PR 0.4744 | valAUC 0.9963 | tau+ 0.500
[OUTPOST-v4] epoch 140: test-all ROC 0.7741 PR 0.5912 | unseen ROC 0.7449 PR 0.4864 | valAUC 0.9980 | tau+ 0.500
[OUTPOST-v4] epoch 141: test-all ROC 0.7751 PR 0.5953 | unseen ROC 0.7461 PR 0.4933 | valAUC 0.9974 | tau+ 0.500
[OUTPOST-v4] epoch 142: test-all ROC 0.7833 PR 0.6033 | unseen ROC 0.7553 PR 0.5033 | valAUC 0.9957 | tau+ 0.500
[OUTPOST-v4] epoch 143: test-all ROC 0.7941 PR 0.6070 | unseen ROC 0.7676 PR 0.5060 | valAUC 0.9948 | tau+ 0.500
[OUTPOST-v4] epoch 144: test-all ROC 0.7888 PR 0.6048 | unseen ROC 0.7617 PR 0.5047 | valAUC 0.9951 | tau+ 0.500
[OUTPOST-v4] epoch 145: test-all ROC 0.7863 PR 0.6036 | unseen ROC 0.7588 PR 0.5018 | valAUC 0.9974 | tau+ 0.500
[OUTPOST-v4] epoch 146: test-all ROC 0.7882 PR 0.6003 | unseen ROC 0.7608 PR 0.4957 | valAUC 0.9977 | tau+ 0.500
[OUTPOST-v4] epoch 147: test-all ROC 0.7870 PR 0.5961 | unseen ROC 0.7595 PR 0.4914 | valAUC 0.9957 | tau+ 0.500
[OUTPOST-v4] epoch 148: test-all ROC 0.7939 PR 0.6007 | unseen ROC 0.7673 PR 0.4960 | valAUC 0.9971 | tau+ 0.500
[OUTPOST-v4] epoch 149: test-all ROC 0.7968 PR 0.6038 | unseen ROC 0.7706 PR 0.5010 | valAUC 0.9974 | tau+ 0.500
[OUTPOST-v4] epoch 150: test-all ROC 0.8011 PR 0.6072 | unseen ROC 0.7755 PR 0.5056 | valAUC 0.9968 | tau+ 0.500
[OUTPOST-v4] epoch 151: test-all ROC 0.8021 PR 0.6062 | unseen ROC 0.7766 PR 0.5038 | valAUC 0.9971 | tau+ 0.500
[OUTPOST-v4] epoch 152: test-all ROC 0.8043 PR 0.6102 | unseen ROC 0.7791 PR 0.5099 | valAUC 0.9971 | tau+ 0.500
[OUTPOST-v4] epoch 153: test-all ROC 0.8009 PR 0.6028 | unseen ROC 0.7752 PR 0.4983 | valAUC 0.9977 | tau+ 0.500
[OUTPOST-v4] epoch 154: test-all ROC 0.7991 PR 0.6008 | unseen ROC 0.7732 PR 0.4978 | valAUC 0.9968 | tau+ 0.500
[OUTPOST-v4] epoch 155: test-all ROC 0.7960 PR 0.5985 | unseen ROC 0.7696 PR 0.4935 | valAUC 0.9983 | tau+ 0.500
[OUTPOST-v4] epoch 156: test-all ROC 0.7904 PR 0.5939 | unseen ROC 0.7633 PR 0.4888 | valAUC 0.9974 | tau+ 0.500
[OUTPOST-v4] epoch 157: test-all ROC 0.7881 PR 0.5942 | unseen ROC 0.7607 PR 0.4876 | valAUC 0.9971 | tau+ 0.500
[OUTPOST-v4] epoch 158: test-all ROC 0.7842 PR 0.5945 | unseen ROC 0.7564 PR 0.4869 | valAUC 0.9983 | tau+ 0.500
[OUTPOST-v4] epoch 159: test-all ROC 0.7846 PR 0.5905 | unseen ROC 0.7568 PR 0.4841 | valAUC 0.9980 | tau+ 0.500
[OUTPOST-v4] epoch 160: test-all ROC 0.7789 PR 0.5868 | unseen ROC 0.7503 PR 0.4791 | valAUC 0.9971 | tau+ 0.500
[OUTPOST-v4] epoch 161: test-all ROC 0.7834 PR 0.5930 | unseen ROC 0.7554 PR 0.4872 | valAUC 0.9980 | tau+ 0.500
[OUTPOST-v4] epoch 162: test-all ROC 0.7843 PR 0.5979 | unseen ROC 0.7565 PR 0.4934 | valAUC 0.9980 | tau+ 0.500
[OUTPOST-v4] epoch 163: test-all ROC 0.7874 PR 0.6086 | unseen ROC 0.7600 PR 0.5085 | valAUC 0.9963 | tau+ 0.500
[OUTPOST-v4] epoch 164: test-all ROC 0.7957 PR 0.6134 | unseen ROC 0.7694 PR 0.5156 | valAUC 0.9957 | tau+ 0.500
[OUTPOST-v4] epoch 165: test-all ROC 0.8095 PR 0.6199 | unseen ROC 0.7850 PR 0.5203 | valAUC 0.9943 | tau+ 0.500
[OUTPOST-v4] epoch 166: test-all ROC 0.7940 PR 0.6151 | unseen ROC 0.7675 PR 0.5154 | valAUC 0.9968 | tau+ 0.500
[OUTPOST-v4] epoch 167: test-all ROC 0.7868 PR 0.6061 | unseen ROC 0.7593 PR 0.5042 | valAUC 0.9966 | tau+ 0.500
[OUTPOST-v4] epoch 168: test-all ROC 0.7823 PR 0.5958 | unseen ROC 0.7542 PR 0.4911 | valAUC 0.9980 | tau+ 0.500
[OUTPOST-v4] epoch 169: test-all ROC 0.7868 PR 0.6014 | unseen ROC 0.7593 PR 0.4968 | valAUC 0.9971 | tau+ 0.500
[OUTPOST-v4] epoch 170: test-all ROC 0.7887 PR 0.5998 | unseen ROC 0.7615 PR 0.4968 | valAUC 0.9968 | tau+ 0.500
[OUTPOST-v4] epoch 171: test-all ROC 0.7931 PR 0.6100 | unseen ROC 0.7664 PR 0.5096 | valAUC 0.9968 | tau+ 0.500
[OUTPOST-v4] epoch 172: test-all ROC 0.8096 PR 0.6220 | unseen ROC 0.7850 PR 0.5243 | valAUC 0.9963 | tau+ 0.500
[OUTPOST-v4] epoch 173: test-all ROC 0.8166 PR 0.6249 | unseen ROC 0.7930 PR 0.5267 | valAUC 0.9960 | tau+ 0.500
[OUTPOST-v4] epoch 174: test-all ROC 0.8185 PR 0.6257 | unseen ROC 0.7952 PR 0.5275 | valAUC 0.9960 | tau+ 0.500
[OUTPOST-v4] epoch 175: test-all ROC 0.8135 PR 0.6267 | unseen ROC 0.7895 PR 0.5287 | valAUC 0.9980 | tau+ 0.500
[OUTPOST-v4] epoch 176: test-all ROC 0.8078 PR 0.6220 | unseen ROC 0.7831 PR 0.5227 | valAUC 0.9971 | tau+ 0.500
[OUTPOST-v4] epoch 177: test-all ROC 0.8018 PR 0.6185 | unseen ROC 0.7762 PR 0.5187 | valAUC 0.9986 | tau+ 0.500
[OUTPOST-v4] epoch 178: test-all ROC 0.7989 PR 0.6152 | unseen ROC 0.7730 PR 0.5145 | valAUC 0.9977 | tau+ 0.500
[OUTPOST-v4] epoch 179: test-all ROC 0.7991 PR 0.6181 | unseen ROC 0.7732 PR 0.5193 | valAUC 0.9977 | tau+ 0.500
[OUTPOST-v4] epoch 180: test-all ROC 0.8106 PR 0.6253 | unseen ROC 0.7862 PR 0.5263 | valAUC 0.9977 | tau+ 0.500
[OUTPOST-v4] epoch 181: test-all ROC 0.8166 PR 0.6268 | unseen ROC 0.7931 PR 0.5296 | valAUC 0.9960 | tau+ 0.500
[OUTPOST-v4] epoch 182: test-all ROC 0.8256 PR 0.6309 | unseen ROC 0.8032 PR 0.5354 | valAUC 0.9977 | tau+ 0.500
[OUTPOST-v4] epoch 183: test-all ROC 0.8273 PR 0.6310 | unseen ROC 0.8051 PR 0.5371 | valAUC 0.9963 | tau+ 0.500
[OUTPOST-v4] epoch 184: test-all ROC 0.8228 PR 0.6284 | unseen ROC 0.8000 PR 0.5292 | valAUC 0.9968 | tau+ 0.500
[OUTPOST-v4] epoch 185: test-all ROC 0.8181 PR 0.6305 | unseen ROC 0.7946 PR 0.5327 | valAUC 0.9983 | tau+ 0.500
[OUTPOST-v4] epoch 186: test-all ROC 0.8165 PR 0.6273 | unseen ROC 0.7928 PR 0.5304 | valAUC 0.9971 | tau+ 0.500
[OUTPOST-v4] epoch 187: test-all ROC 0.8163 PR 0.6274 | unseen ROC 0.7927 PR 0.5294 | valAUC 0.9971 | tau+ 0.500
[OUTPOST-v4] epoch 188: test-all ROC 0.8246 PR 0.6335 | unseen ROC 0.8021 PR 0.5382 | valAUC 0.9968 | tau+ 0.500
[OUTPOST-v4] epoch 189: test-all ROC 0.8445 PR 0.6416 | unseen ROC 0.8246 PR 0.5483 | valAUC 0.9971 | tau+ 0.500
[OUTPOST-v4] epoch 190: test-all ROC 0.8518 PR 0.6434 | unseen ROC 0.8328 PR 0.5505 | valAUC 0.9951 | tau+ 0.500
[OUTPOST-v4] epoch 191: test-all ROC 0.8415 PR 0.6429 | unseen ROC 0.8212 PR 0.5479 | valAUC 0.9963 | tau+ 0.500
[OUTPOST-v4] epoch 192: test-all ROC 0.8259 PR 0.6359 | unseen ROC 0.8034 PR 0.5395 | valAUC 0.9977 | tau+ 0.500
[OUTPOST-v4] epoch 193: test-all ROC 0.8130 PR 0.6266 | unseen ROC 0.7889 PR 0.5286 | valAUC 0.9986 | tau+ 0.500
[OUTPOST-v4] epoch 194: test-all ROC 0.8097 PR 0.6232 | unseen ROC 0.7851 PR 0.5251 | valAUC 0.9980 | tau+ 0.500
[OUTPOST-v4] epoch 195: test-all ROC 0.8138 PR 0.6287 | unseen ROC 0.7898 PR 0.5319 | valAUC 0.9986 | tau+ 0.500
[OUTPOST-v4] epoch 196: test-all ROC 0.8211 PR 0.6335 | unseen ROC 0.7981 PR 0.5384 | valAUC 0.9980 | tau+ 0.500
[OUTPOST-v4] epoch 197: test-all ROC 0.8323 PR 0.6436 | unseen ROC 0.8108 PR 0.5470 | valAUC 0.9968 | tau+ 0.500
[OUTPOST-v4] epoch 198: test-all ROC 0.8486 PR 0.6459 | unseen ROC 0.8293 PR 0.5528 | valAUC 0.9971 | tau+ 0.500
[OUTPOST-v4] epoch 199: test-all ROC 0.8412 PR 0.6466 | unseen ROC 0.8209 PR 0.5503 | valAUC 0.9968 | tau+ 0.500
[OUTPOST-v4] epoch 200: test-all ROC 0.8330 PR 0.6432 | unseen ROC 0.8115 PR 0.5492 | valAUC 0.9971 | tau+ 0.500
[OUTPOST-v4] epoch 201: test-all ROC 0.8330 PR 0.6486 | unseen ROC 0.8115 PR 0.5557 | valAUC 0.9983 | tau+ 0.500
[OUTPOST-v4] epoch 202: test-all ROC 0.8295 PR 0.6449 | unseen ROC 0.8076 PR 0.5516 | valAUC 0.9980 | tau+ 0.500
[OUTPOST-v4] epoch 203: test-all ROC 0.8300 PR 0.6440 | unseen ROC 0.8081 PR 0.5499 | valAUC 0.9983 | tau+ 0.500
[OUTPOST-v4] epoch 204: test-all ROC 0.8312 PR 0.6466 | unseen ROC 0.8095 PR 0.5525 | valAUC 0.9974 | tau+ 0.500
[OUTPOST-v4] epoch 205: test-all ROC 0.8252 PR 0.6440 | unseen ROC 0.8027 PR 0.5524 | valAUC 0.9974 | tau+ 0.500
[OUTPOST-v4] epoch 206: test-all ROC 0.8274 PR 0.6459 | unseen ROC 0.8053 PR 0.5548 | valAUC 0.9980 | tau+ 0.500
[OUTPOST-v4] epoch 207: test-all ROC 0.8222 PR 0.6479 | unseen ROC 0.7993 PR 0.5558 | valAUC 0.9986 | tau+ 0.500
[OUTPOST-v4] epoch 208: test-all ROC 0.8243 PR 0.6482 | unseen ROC 0.8017 PR 0.5565 | valAUC 0.9968 | tau+ 0.500
[OUTPOST-v4] epoch 209: test-all ROC 0.8298 PR 0.6483 | unseen ROC 0.8080 PR 0.5567 | valAUC 0.9989 | tau+ 0.500
[OUTPOST-v4] epoch 210: test-all ROC 0.8401 PR 0.6523 | unseen ROC 0.8197 PR 0.5613 | valAUC 0.9974 | tau+ 0.500
[OUTPOST-v4] epoch 211: test-all ROC 0.8234 PR 0.6485 | unseen ROC 0.8007 PR 0.5573 | valAUC 0.9991 | tau+ 0.500
[OUTPOST-v4] epoch 212: test-all ROC 0.8205 PR 0.6466 | unseen ROC 0.7974 PR 0.5531 | valAUC 0.9991 | tau+ 0.500
[OUTPOST-v4] epoch 213: test-all ROC 0.8256 PR 0.6478 | unseen ROC 0.8032 PR 0.5590 | valAUC 0.9983 | tau+ 0.500
[OUTPOST-v4] epoch 214: test-all ROC 0.8380 PR 0.6550 | unseen ROC 0.8172 PR 0.5642 | valAUC 0.9989 | tau+ 0.500
[OUTPOST-v4] epoch 215: test-all ROC 0.8579 PR 0.6636 | unseen ROC 0.8398 PR 0.5736 | valAUC 0.9986 | tau+ 0.500
[OUTPOST-v4] epoch 216: test-all ROC 0.8599 PR 0.6633 | unseen ROC 0.8422 PR 0.5755 | valAUC 0.9974 | tau+ 0.500
[OUTPOST-v4] epoch 217: test-all ROC 0.8497 PR 0.6606 | unseen ROC 0.8305 PR 0.5727 | valAUC 0.9989 | tau+ 0.500
[OUTPOST-v4] epoch 218: test-all ROC 0.8473 PR 0.6582 | unseen ROC 0.8277 PR 0.5682 | valAUC 0.9989 | tau+ 0.500
[OUTPOST-v4] epoch 219: test-all ROC 0.8465 PR 0.6593 | unseen ROC 0.8268 PR 0.5679 | valAUC 0.9983 | tau+ 0.500
[OUTPOST-v4] epoch 220: test-all ROC 0.8537 PR 0.6639 | unseen ROC 0.8349 PR 0.5744 | valAUC 0.9986 | tau+ 0.500
[OUTPOST-v4] epoch 221: test-all ROC 0.8612 PR 0.6686 | unseen ROC 0.8435 PR 0.5798 | valAUC 0.9960 | tau+ 0.500
[OUTPOST-v4] epoch 222: test-all ROC 0.8727 PR 0.6713 | unseen ROC 0.8567 PR 0.5829 | valAUC 0.9989 | tau+ 0.500
[OUTPOST-v4] epoch 223: test-all ROC 0.8592 PR 0.6677 | unseen ROC 0.8412 PR 0.5800 | valAUC 0.9989 | tau+ 0.500
[OUTPOST-v4] epoch 224: test-all ROC 0.8487 PR 0.6629 | unseen ROC 0.8293 PR 0.5730 | valAUC 0.9986 | tau+ 0.500
[OUTPOST-v4] epoch 225: test-all ROC 0.8465 PR 0.6627 | unseen ROC 0.8268 PR 0.5735 | valAUC 0.9986 | tau+ 0.500
[OUTPOST-v4] epoch 226: test-all ROC 0.8452 PR 0.6614 | unseen ROC 0.8253 PR 0.5716 | valAUC 0.9989 | tau+ 0.500
[OUTPOST-v4] epoch 227: test-all ROC 0.8487 PR 0.6630 | unseen ROC 0.8294 PR 0.5747 | valAUC 0.9989 | tau+ 0.500
[OUTPOST-v4] epoch 228: test-all ROC 0.8581 PR 0.6698 | unseen ROC 0.8400 PR 0.5823 | valAUC 0.9991 | tau+ 0.500
[OUTPOST-v4] epoch 229: test-all ROC 0.8566 PR 0.6665 | unseen ROC 0.8384 PR 0.5786 | valAUC 0.9968 | tau+ 0.500
[OUTPOST-v4] epoch 230: test-all ROC 0.8570 PR 0.6683 | unseen ROC 0.8388 PR 0.5795 | valAUC 0.9991 | tau+ 0.500
[OUTPOST-v4] epoch 231: test-all ROC 0.8394 PR 0.6623 | unseen ROC 0.8188 PR 0.5741 | valAUC 0.9980 | tau+ 0.500
[OUTPOST-v4] epoch 232: test-all ROC 0.8249 PR 0.6556 | unseen ROC 0.8024 PR 0.5650 | valAUC 0.9991 | tau+ 0.500
[OUTPOST-v4] epoch 233: test-all ROC 0.8282 PR 0.6576 | unseen ROC 0.8062 PR 0.5684 | valAUC 0.9994 | tau+ 0.500
[OUTPOST-v4] epoch 234: test-all ROC 0.8393 PR 0.6606 | unseen ROC 0.8187 PR 0.5721 | valAUC 0.9991 | tau+ 0.500
[OUTPOST-v4] epoch 235: test-all ROC 0.8688 PR 0.6727 | unseen ROC 0.8523 PR 0.5880 | valAUC 0.9989 | tau+ 0.500
[OUTPOST-v4] epoch 236: test-all ROC 0.8536 PR 0.6714 | unseen ROC 0.8350 PR 0.5861 | valAUC 0.9991 | tau+ 0.500
[OUTPOST-v4] epoch 237: test-all ROC 0.8382 PR 0.6639 | unseen ROC 0.8174 PR 0.5752 | valAUC 0.9977 | tau+ 0.500
[OUTPOST-v4] epoch 238: test-all ROC 0.8318 PR 0.6545 | unseen ROC 0.8102 PR 0.5625 | valAUC 0.9991 | tau+ 0.500
[OUTPOST-v4] epoch 239: test-all ROC 0.8293 PR 0.6578 | unseen ROC 0.8073 PR 0.5691 | valAUC 0.9989 | tau+ 0.500
[OUTPOST-v4] epoch 240: test-all ROC 0.8347 PR 0.6588 | unseen ROC 0.8135 PR 0.5698 | valAUC 0.9986 | tau+ 0.500
[OUTPOST-v4] epoch 241: test-all ROC 0.8422 PR 0.6617 | unseen ROC 0.8220 PR 0.5721 | valAUC 0.9980 | tau+ 0.500
[OUTPOST-v4] epoch 242: test-all ROC 0.8546 PR 0.6757 | unseen ROC 0.8360 PR 0.5881 | valAUC 0.9986 | tau+ 0.500
[OUTPOST-v4] epoch 243: test-all ROC 0.8658 PR 0.6770 | unseen ROC 0.8489 PR 0.5889 | valAUC 0.9989 | tau+ 0.500
[OUTPOST-v4] epoch 244: test-all ROC 0.8603 PR 0.6756 | unseen ROC 0.8425 PR 0.5885 | valAUC 0.9986 | tau+ 0.500
[OUTPOST-v4] epoch 245: test-all ROC 0.8475 PR 0.6725 | unseen ROC 0.8280 PR 0.5858 | valAUC 0.9980 | tau+ 0.500
[OUTPOST-v4] epoch 246: test-all ROC 0.8366 PR 0.6656 | unseen ROC 0.8157 PR 0.5778 | valAUC 0.9989 | tau+ 0.500
[OUTPOST-v4] epoch 247: test-all ROC 0.8401 PR 0.6661 | unseen ROC 0.8196 PR 0.5800 | valAUC 0.9991 | tau+ 0.500
[OUTPOST-v4] epoch 248: test-all ROC 0.8495 PR 0.6731 | unseen ROC 0.8303 PR 0.5860 | valAUC 0.9977 | tau+ 0.500
[OUTPOST-v4] epoch 249: test-all ROC 0.8630 PR 0.6817 | unseen ROC 0.8457 PR 0.5973 | valAUC 0.9983 | tau+ 0.500
[OUTPOST-v4] epoch 250: test-all ROC 0.8699 PR 0.6834 | unseen ROC 0.8536 PR 0.5993 | valAUC 0.9989 | tau+ 0.500
[OUTPOST-v4] epoch 251: test-all ROC 0.8574 PR 0.6796 | unseen ROC 0.8393 PR 0.5947 | valAUC 0.9991 | tau+ 0.500
[OUTPOST-v4] epoch 252: test-all ROC 0.8522 PR 0.6766 | unseen ROC 0.8333 PR 0.5909 | valAUC 0.9994 | tau+ 0.500
[OUTPOST-v4] epoch 253: test-all ROC 0.8472 PR 0.6783 | unseen ROC 0.8276 PR 0.5925 | valAUC 0.9991 | tau+ 0.500
[OUTPOST-v4] epoch 254: test-all ROC 0.8471 PR 0.6758 | unseen ROC 0.8275 PR 0.5896 | valAUC 0.9997 | tau+ 0.500
[OUTPOST-v4] epoch 255: test-all ROC 0.8475 PR 0.6761 | unseen ROC 0.8281 PR 0.5907 | valAUC 0.9983 | tau+ 0.500
[OUTPOST-v4] epoch 256: test-all ROC 0.8477 PR 0.6794 | unseen ROC 0.8282 PR 0.5929 | valAUC 0.9991 | tau+ 0.500
[OUTPOST-v4] epoch 257: test-all ROC 0.8462 PR 0.6791 | unseen ROC 0.8266 PR 0.5942 | valAUC 0.9991 | tau+ 0.500
[OUTPOST-v4] epoch 258: test-all ROC 0.8494 PR 0.6798 | unseen ROC 0.8302 PR 0.5958 | valAUC 0.9989 | tau+ 0.500
[OUTPOST-v4] epoch 259: test-all ROC 0.8605 PR 0.6864 | unseen ROC 0.8429 PR 0.6022 | valAUC 0.9994 | tau+ 0.500
[OUTPOST-v4] epoch 260: test-all ROC 0.8672 PR 0.6898 | unseen ROC 0.8506 PR 0.6045 | valAUC 0.9989 | tau+ 0.500
[OUTPOST-v4] epoch 261: test-all ROC 0.8501 PR 0.6847 | unseen ROC 0.8311 PR 0.6010 | valAUC 0.9997 | tau+ 0.500
[OUTPOST-v4] epoch 262: test-all ROC 0.8309 PR 0.6690 | unseen ROC 0.8092 PR 0.5822 | valAUC 0.9991 | tau+ 0.500
[OUTPOST-v4] epoch 263: test-all ROC 0.8223 PR 0.6589 | unseen ROC 0.7995 PR 0.5718 | valAUC 0.9983 | tau+ 0.500
[OUTPOST-v4] epoch 264: test-all ROC 0.8230 PR 0.6610 | unseen ROC 0.8003 PR 0.5724 | valAUC 0.9989 | tau+ 0.500
[OUTPOST-v4] epoch 265: test-all ROC 0.8319 PR 0.6717 | unseen ROC 0.8103 PR 0.5854 | valAUC 0.9986 | tau+ 0.500
[OUTPOST-v4] epoch 266: test-all ROC 0.8525 PR 0.6855 | unseen ROC 0.8337 PR 0.6022 | valAUC 0.9989 | tau+ 0.500
[OUTPOST-v4] epoch 267: test-all ROC 0.8770 PR 0.6899 | unseen ROC 0.8619 PR 0.6057 | valAUC 0.9986 | tau+ 0.735
[OUTPOST-v4] epoch 268: test-all ROC 0.8663 PR 0.6876 | unseen ROC 0.8495 PR 0.6031 | valAUC 0.9991 | tau+ 0.500
[OUTPOST-v4] epoch 269: test-all ROC 0.8406 PR 0.6707 | unseen ROC 0.8202 PR 0.5855 | valAUC 0.9989 | tau+ 0.500
[OUTPOST-v4] epoch 270: test-all ROC 0.8314 PR 0.6643 | unseen ROC 0.8097 PR 0.5773 | valAUC 0.9989 | tau+ 0.500
[OUTPOST-v4] epoch 271: test-all ROC 0.8305 PR 0.6611 | unseen ROC 0.8087 PR 0.5709 | valAUC 0.9986 | tau+ 0.500
[OUTPOST-v4] epoch 272: test-all ROC 0.8262 PR 0.6554 | unseen ROC 0.8039 PR 0.5653 | valAUC 0.9986 | tau+ 0.500
[OUTPOST-v4] epoch 273: test-all ROC 0.8276 PR 0.6576 | unseen ROC 0.8054 PR 0.5669 | valAUC 0.9989 | tau+ 0.500
[OUTPOST-v4] epoch 274: test-all ROC 0.8409 PR 0.6690 | unseen ROC 0.8205 PR 0.5807 | valAUC 0.9986 | tau+ 0.500
[OUTPOST-v4] epoch 275: test-all ROC 0.8589 PR 0.6807 | unseen ROC 0.8409 PR 0.5965 | valAUC 0.9991 | tau+ 0.500
[OUTPOST-v4] epoch 276: test-all ROC 0.8738 PR 0.6939 | unseen ROC 0.8579 PR 0.6135 | valAUC 0.9989 | tau+ 0.500
[OUTPOST-v4] epoch 277: test-all ROC 0.8816 PR 0.6994 | unseen ROC 0.8669 PR 0.6179 | valAUC 0.9994 | tau+ 0.500
[OUTPOST-v4] epoch 278: test-all ROC 0.8694 PR 0.6927 | unseen ROC 0.8529 PR 0.6098 | valAUC 0.9991 | tau+ 0.500
[OUTPOST-v4] epoch 279: test-all ROC 0.8558 PR 0.6819 | unseen ROC 0.8374 PR 0.6007 | valAUC 0.9991 | tau+ 0.500
[OUTPOST-v4] epoch 280: test-all ROC 0.8493 PR 0.6837 | unseen ROC 0.8300 PR 0.5988 | valAUC 0.9991 | tau+ 0.500
[OUTPOST-v4] epoch 281: test-all ROC 0.8483 PR 0.6801 | unseen ROC 0.8289 PR 0.5974 | valAUC 0.9986 | tau+ 0.500
[OUTPOST-v4] epoch 282: test-all ROC 0.8555 PR 0.6884 | unseen ROC 0.8371 PR 0.6050 | valAUC 0.9997 | tau+ 0.500
[OUTPOST-v4] epoch 283: test-all ROC 0.8678 PR 0.6913 | unseen ROC 0.8512 PR 0.6100 | valAUC 0.9994 | tau+ 0.500
[OUTPOST-v4] epoch 284: test-all ROC 0.8771 PR 0.6982 | unseen ROC 0.8618 PR 0.6155 | valAUC 0.9989 | tau+ 0.500
[OUTPOST-v4] epoch 285: test-all ROC 0.8697 PR 0.6916 | unseen ROC 0.8535 PR 0.6106 | valAUC 0.9989 | tau+ 0.500
[OUTPOST-v4] epoch 286: test-all ROC 0.8628 PR 0.6923 | unseen ROC 0.8455 PR 0.6108 | valAUC 0.9986 | tau+ 0.500
[OUTPOST-v4] epoch 287: test-all ROC 0.8539 PR 0.6862 | unseen ROC 0.8353 PR 0.6055 | valAUC 0.9994 | tau+ 0.500
[OUTPOST-v4] epoch 288: test-all ROC 0.8508 PR 0.6871 | unseen ROC 0.8318 PR 0.6020 | valAUC 0.9989 | tau+ 0.500
[OUTPOST-v4] epoch 289: test-all ROC 0.8514 PR 0.6856 | unseen ROC 0.8326 PR 0.6054 | valAUC 0.9989 | tau+ 0.500
[OUTPOST-v4] epoch 290: test-all ROC 0.8599 PR 0.6911 | unseen ROC 0.8423 PR 0.6100 | valAUC 0.9994 | tau+ 0.500
[OUTPOST-v4] epoch 291: test-all ROC 0.8743 PR 0.6991 | unseen ROC 0.8590 PR 0.6179 | valAUC 0.9997 | tau+ 0.500
[OUTPOST-v4] epoch 292: test-all ROC 0.8664 PR 0.6973 | unseen ROC 0.8499 PR 0.6184 | valAUC 0.9991 | tau+ 0.500
[OUTPOST-v4] epoch 293: test-all ROC 0.8555 PR 0.6914 | unseen ROC 0.8372 PR 0.6111 | valAUC 0.9997 | tau+ 0.500
[OUTPOST-v4] epoch 294: test-all ROC 0.8463 PR 0.6871 | unseen ROC 0.8267 PR 0.6068 | valAUC 0.9997 | tau+ 0.500
[OUTPOST-v4] epoch 295: test-all ROC 0.8354 PR 0.6821 | unseen ROC 0.8143 PR 0.6000 | valAUC 0.9994 | tau+ 0.500
[OUTPOST-v4] epoch 296: test-all ROC 0.8425 PR 0.6831 | unseen ROC 0.8224 PR 0.6013 | valAUC 0.9994 | tau+ 0.500
[OUTPOST-v4] epoch 297: test-all ROC 0.8472 PR 0.6864 | unseen ROC 0.8278 PR 0.6065 | valAUC 0.9994 | tau+ 0.500
[OUTPOST-v4] epoch 298: test-all ROC 0.8616 PR 0.6963 | unseen ROC 0.8442 PR 0.6166 | valAUC 0.9994 | tau+ 0.500
[OUTPOST-v4] epoch 299: test-all ROC 0.8700 PR 0.6968 | unseen ROC 0.8541 PR 0.6178 | valAUC 0.9991 | tau+ 0.500
[OUTPOST-v4] epoch 300: test-all ROC 0.8605 PR 0.6921 | unseen ROC 0.8429 PR 0.6113 | valAUC 0.9994 | tau+ 0.500
[OUTPOST-v4] epoch 301: test-all ROC 0.8381 PR 0.6857 | unseen ROC 0.8173 PR 0.6036 | valAUC 0.9980 | tau+ 0.500
[OUTPOST-v4] epoch 302: test-all ROC 0.8197 PR 0.6672 | unseen ROC 0.7965 PR 0.5801 | valAUC 0.9991 | tau+ 0.500
[OUTPOST-v4] epoch 303: test-all ROC 0.8165 PR 0.6619 | unseen ROC 0.7929 PR 0.5740 | valAUC 0.9989 | tau+ 0.500
[OUTPOST-v4] epoch 304: test-all ROC 0.8146 PR 0.6570 | unseen ROC 0.7907 PR 0.5683 | valAUC 0.9989 | tau+ 0.500
[OUTPOST-v4] epoch 305: test-all ROC 0.8179 PR 0.6624 | unseen ROC 0.7944 PR 0.5732 | valAUC 0.9986 | tau+ 0.500
[OUTPOST-v4] epoch 306: test-all ROC 0.8237 PR 0.6679 | unseen ROC 0.8011 PR 0.5812 | valAUC 1.0000 | tau+ 0.500
[OUTPOST-v4] epoch 307: test-all ROC 0.8394 PR 0.6826 | unseen ROC 0.8188 PR 0.5986 | valAUC 0.9997 | tau+ 0.500
[OUTPOST-v4] epoch 308: test-all ROC 0.8630 PR 0.7015 | unseen ROC 0.8457 PR 0.6231 | valAUC 0.9986 | tau+ 0.500
[OUTPOST-v4] epoch 309: test-all ROC 0.8769 PR 0.7063 | unseen ROC 0.8619 PR 0.6271 | valAUC 0.9991 | tau+ 0.500
[OUTPOST-v4] epoch 310: test-all ROC 0.8684 PR 0.7038 | unseen ROC 0.8520 PR 0.6236 | valAUC 0.9991 | tau+ 0.500
[OUTPOST-v4] epoch 311: test-all ROC 0.8487 PR 0.6917 | unseen ROC 0.8294 PR 0.6107 | valAUC 0.9994 | tau+ 0.500
[OUTPOST-v4] epoch 312: test-all ROC 0.8377 PR 0.6792 | unseen ROC 0.8169 PR 0.5963 | valAUC 0.9991 | tau+ 0.500
[OUTPOST-v4] epoch 313: test-all ROC 0.8352 PR 0.6757 | unseen ROC 0.8140 PR 0.5908 | valAUC 0.9989 | tau+ 0.500
[OUTPOST-v4] epoch 314: test-all ROC 0.8355 PR 0.6764 | unseen ROC 0.8144 PR 0.5949 | valAUC 0.9991 | tau+ 0.500
[OUTPOST-v4] epoch 315: test-all ROC 0.8426 PR 0.6863 | unseen ROC 0.8224 PR 0.6022 | valAUC 0.9991 | tau+ 0.500
[OUTPOST-v4] epoch 316: test-all ROC 0.8536 PR 0.6926 | unseen ROC 0.8349 PR 0.6116 | valAUC 0.9991 | tau+ 0.500
[OUTPOST-v4] epoch 317: test-all ROC 0.8581 PR 0.7008 | unseen ROC 0.8402 PR 0.6233 | valAUC 0.9997 | tau+ 0.500
[OUTPOST-v4] epoch 318: test-all ROC 0.8659 PR 0.7004 | unseen ROC 0.8492 PR 0.6232 | valAUC 0.9991 | tau+ 0.500
[OUTPOST-v4] epoch 319: test-all ROC 0.8704 PR 0.6984 | unseen ROC 0.8547 PR 0.6216 | valAUC 0.9997 | tau+ 0.500
[OUTPOST-v4] epoch 320: test-all ROC 0.8749 PR 0.7010 | unseen ROC 0.8600 PR 0.6223 | valAUC 0.9994 | tau+ 0.500
[OUTPOST-v4] epoch 321: test-all ROC 0.8730 PR 0.7031 | unseen ROC 0.8577 PR 0.6253 | valAUC 0.9997 | tau+ 0.500
[OUTPOST-v4] epoch 322: test-all ROC 0.8642 PR 0.7004 | unseen ROC 0.8473 PR 0.6227 | valAUC 0.9997 | tau+ 0.500
[OUTPOST-v4] epoch 323: test-all ROC 0.8506 PR 0.6951 | unseen ROC 0.8316 PR 0.6164 | valAUC 0.9991 | tau+ 0.500
[OUTPOST-v4] epoch 324: test-all ROC 0.8414 PR 0.6902 | unseen ROC 0.8212 PR 0.6094 | valAUC 1.0000 | tau+ 0.500
[OUTPOST-v4] epoch 325: test-all ROC 0.8394 PR 0.6872 | unseen ROC 0.8189 PR 0.6053 | valAUC 0.9994 | tau+ 0.500
[OUTPOST-v4] epoch 326: test-all ROC 0.8357 PR 0.6867 | unseen ROC 0.8147 PR 0.6044 | valAUC 0.9994 | tau+ 0.500
[OUTPOST-v4] epoch 327: test-all ROC 0.8440 PR 0.6947 | unseen ROC 0.8242 PR 0.6160 | valAUC 0.9994 | tau+ 0.500
[OUTPOST-v4] epoch 328: test-all ROC 0.8500 PR 0.6966 | unseen ROC 0.8310 PR 0.6182 | valAUC 0.9997 | tau+ 0.500
[OUTPOST-v4] epoch 329: test-all ROC 0.8663 PR 0.7039 | unseen ROC 0.8496 PR 0.6271 | valAUC 0.9989 | tau+ 0.500
[OUTPOST-v4] epoch 330: test-all ROC 0.8711 PR 0.7039 | unseen ROC 0.8552 PR 0.6249 | valAUC 0.9997 | tau+ 0.500
[OUTPOST-v4] epoch 331: test-all ROC 0.8744 PR 0.7076 | unseen ROC 0.8590 PR 0.6313 | valAUC 0.9991 | tau+ 0.500
[OUTPOST-v4] epoch 332: test-all ROC 0.8719 PR 0.7041 | unseen ROC 0.8562 PR 0.6254 | valAUC 0.9986 | tau+ 0.500
[OUTPOST-v4] epoch 333: test-all ROC 0.8563 PR 0.7015 | unseen ROC 0.8381 PR 0.6249 | valAUC 0.9994 | tau+ 0.500
[OUTPOST-v4] epoch 334: test-all ROC 0.8447 PR 0.6956 | unseen ROC 0.8249 PR 0.6175 | valAUC 0.9994 | tau+ 0.500
[OUTPOST-v4] epoch 335: test-all ROC 0.8376 PR 0.6855 | unseen ROC 0.8168 PR 0.6045 | valAUC 0.9994 | tau+ 0.500
[OUTPOST-v4] epoch 336: test-all ROC 0.8321 PR 0.6828 | unseen ROC 0.8106 PR 0.6024 | valAUC 0.9989 | tau+ 0.500
[OUTPOST-v4] epoch 337: test-all ROC 0.8427 PR 0.6919 | unseen ROC 0.8225 PR 0.6115 | valAUC 0.9991 | tau+ 0.500
[OUTPOST-v4] epoch 338: test-all ROC 0.8535 PR 0.6998 | unseen ROC 0.8350 PR 0.6223 | valAUC 0.9989 | tau+ 0.500
[OUTPOST-v4] epoch 339: test-all ROC 0.8696 PR 0.7086 | unseen ROC 0.8533 PR 0.6307 | valAUC 0.9991 | tau+ 0.500
[OUTPOST-v4] epoch 340: test-all ROC 0.8825 PR 0.7161 | unseen ROC 0.8684 PR 0.6408 | valAUC 0.9991 | tau+ 0.500
[OUTPOST-v4] epoch 341: test-all ROC 0.8869 PR 0.7172 | unseen ROC 0.8737 PR 0.6405 | valAUC 0.9989 | tau+ 0.500
[OUTPOST-v4] epoch 342: test-all ROC 0.8706 PR 0.7135 | unseen ROC 0.8545 PR 0.6375 | valAUC 0.9994 | tau+ 0.500
[OUTPOST-v4] epoch 343: test-all ROC 0.8560 PR 0.6988 | unseen ROC 0.8378 PR 0.6227 | valAUC 0.9983 | tau+ 0.500
[OUTPOST-v4] epoch 344: test-all ROC 0.8469 PR 0.6907 | unseen ROC 0.8274 PR 0.6098 | valAUC 0.9989 | tau+ 0.500
[OUTPOST-v4] epoch 345: test-all ROC 0.8437 PR 0.6895 | unseen ROC 0.8237 PR 0.6097 | valAUC 0.9983 | tau+ 0.500
[OUTPOST-v4] epoch 346: test-all ROC 0.8360 PR 0.6846 | unseen ROC 0.8150 PR 0.6028 | valAUC 0.9991 | tau+ 0.500
[OUTPOST-v4] epoch 347: test-all ROC 0.8419 PR 0.6892 | unseen ROC 0.8216 PR 0.6086 | valAUC 0.9994 | tau+ 0.500
[OUTPOST-v4] epoch 348: test-all ROC 0.8476 PR 0.6971 | unseen ROC 0.8281 PR 0.6169 | valAUC 0.9991 | tau+ 0.500
[OUTPOST-v4] epoch 349: test-all ROC 0.8550 PR 0.6982 | unseen ROC 0.8366 PR 0.6198 | valAUC 0.9994 | tau+ 0.500
[OUTPOST-v4] epoch 350: test-all ROC 0.8689 PR 0.7081 | unseen ROC 0.8526 PR 0.6313 | valAUC 0.9991 | tau+ 0.500
[OUTPOST-v4] epoch 351: test-all ROC 0.8854 PR 0.7143 | unseen ROC 0.8716 PR 0.6381 | valAUC 0.9997 | tau+ 0.500
[OUTPOST-v4] epoch 352: test-all ROC 0.8786 PR 0.7095 | unseen ROC 0.8639 PR 0.6317 | valAUC 0.9991 | tau+ 0.500
[OUTPOST-v4] epoch 353: test-all ROC 0.8673 PR 0.7049 | unseen ROC 0.8508 PR 0.6288 | valAUC 0.9991 | tau+ 0.500
[OUTPOST-v4] epoch 354: test-all ROC 0.8558 PR 0.7041 | unseen ROC 0.8376 PR 0.6263 | valAUC 0.9997 | tau+ 0.500
[OUTPOST-v4] epoch 355: test-all ROC 0.8426 PR 0.6918 | unseen ROC 0.8225 PR 0.6121 | valAUC 0.9997 | tau+ 0.500
[OUTPOST-v4] epoch 356: test-all ROC 0.8364 PR 0.6892 | unseen ROC 0.8154 PR 0.6073 | valAUC 0.9997 | tau+ 0.500
[OUTPOST-v4] epoch 357: test-all ROC 0.8368 PR 0.6901 | unseen ROC 0.8159 PR 0.6094 | valAUC 0.9997 | tau+ 0.500
[OUTPOST-v4] epoch 358: test-all ROC 0.8406 PR 0.6959 | unseen ROC 0.8202 PR 0.6154 | valAUC 0.9991 | tau+ 0.500
[OUTPOST-v4] epoch 359: test-all ROC 0.8462 PR 0.6988 | unseen ROC 0.8266 PR 0.6215 | valAUC 0.9994 | tau+ 0.500
[OUTPOST-v4] epoch 360: test-all ROC 0.8623 PR 0.7094 | unseen ROC 0.8451 PR 0.6327 | valAUC 0.9994 | tau+ 0.500
[OUTPOST-v4] epoch 361: test-all ROC 0.8730 PR 0.7158 | unseen ROC 0.8574 PR 0.6394 | valAUC 0.9991 | tau+ 0.500
[OUTPOST-v4] epoch 362: test-all ROC 0.8703 PR 0.7112 | unseen ROC 0.8543 PR 0.6350 | valAUC 0.9994 | tau+ 0.500
[OUTPOST-v4] epoch 363: test-all ROC 0.8633 PR 0.7072 | unseen ROC 0.8461 PR 0.6298 | valAUC 0.9994 | tau+ 0.500
[OUTPOST-v4] epoch 364: test-all ROC 0.8623 PR 0.7094 | unseen ROC 0.8450 PR 0.6316 | valAUC 0.9994 | tau+ 0.500
[OUTPOST-v4] epoch 365: test-all ROC 0.8616 PR 0.7070 | unseen ROC 0.8443 PR 0.6332 | valAUC 0.9994 | tau+ 0.500
[OUTPOST-v4] epoch 366: test-all ROC 0.8652 PR 0.7120 | unseen ROC 0.8483 PR 0.6361 | valAUC 0.9994 | tau+ 0.500
[OUTPOST-v4] epoch 367: test-all ROC 0.8641 PR 0.7101 | unseen ROC 0.8472 PR 0.6344 | valAUC 0.9994 | tau+ 0.500
[OUTPOST-v4] epoch 368: test-all ROC 0.8677 PR 0.7122 | unseen ROC 0.8514 PR 0.6377 | valAUC 0.9994 | tau+ 0.500
[OUTPOST-v4] epoch 369: test-all ROC 0.8772 PR 0.7162 | unseen ROC 0.8624 PR 0.6412 | valAUC 0.9994 | tau+ 0.500
[OUTPOST-v4] epoch 370: test-all ROC 0.8837 PR 0.7212 | unseen ROC 0.8699 PR 0.6466 | valAUC 0.9994 | tau+ 0.500
[OUTPOST-v4] epoch 371: test-all ROC 0.8795 PR 0.7166 | unseen ROC 0.8651 PR 0.6424 | valAUC 0.9994 | tau+ 0.500
[OUTPOST-v4] epoch 372: test-all ROC 0.8624 PR 0.7127 | unseen ROC 0.8451 PR 0.6359 | valAUC 0.9997 | tau+ 0.500
[OUTPOST-v4] epoch 373: test-all ROC 0.8550 PR 0.7070 | unseen ROC 0.8366 PR 0.6295 | valAUC 0.9994 | tau+ 0.500
[OUTPOST-v4] epoch 374: test-all ROC 0.8617 PR 0.7088 | unseen ROC 0.8443 PR 0.6332 | valAUC 0.9994 | tau+ 0.500
[OUTPOST-v4] epoch 375: test-all ROC 0.8713 PR 0.7139 | unseen ROC 0.8556 PR 0.6379 | valAUC 0.9994 | tau+ 0.500
[OUTPOST-v4] epoch 376: test-all ROC 0.8819 PR 0.7214 | unseen ROC 0.8680 PR 0.6477 | valAUC 0.9997 | tau+ 0.500
[OUTPOST-v4] epoch 377: test-all ROC 0.8836 PR 0.7209 | unseen ROC 0.8699 PR 0.6473 | valAUC 0.9986 | tau+ 0.500
[OUTPOST-v4] epoch 378: test-all ROC 0.8754 PR 0.7158 | unseen ROC 0.8603 PR 0.6434 | valAUC 0.9997 | tau+ 0.500
[OUTPOST-v4] epoch 379: test-all ROC 0.8703 PR 0.7137 | unseen ROC 0.8545 PR 0.6392 | valAUC 0.9997 | tau+ 0.500
[OUTPOST-v4] epoch 380: test-all ROC 0.8707 PR 0.7134 | unseen ROC 0.8549 PR 0.6398 | valAUC 0.9994 | tau+ 0.500
[OUTPOST-v4] epoch 381: test-all ROC 0.8684 PR 0.7170 | unseen ROC 0.8520 PR 0.6425 | valAUC 0.9997 | tau+ 0.500
[OUTPOST-v4] epoch 382: test-all ROC 0.8664 PR 0.7122 | unseen ROC 0.8497 PR 0.6393 | valAUC 0.9997 | tau+ 0.500
[OUTPOST-v4] epoch 383: test-all ROC 0.8672 PR 0.7124 | unseen ROC 0.8507 PR 0.6371 | valAUC 0.9991 | tau+ 0.500
[OUTPOST-v4] epoch 384: test-all ROC 0.8777 PR 0.7189 | unseen ROC 0.8629 PR 0.6454 | valAUC 0.9994 | tau+ 0.500
[OUTPOST-v4] epoch 385: test-all ROC 0.8823 PR 0.7215 | unseen ROC 0.8684 PR 0.6469 | valAUC 0.9997 | tau+ 0.500
[OUTPOST-v4] epoch 386: test-all ROC 0.8803 PR 0.7219 | unseen ROC 0.8662 PR 0.6471 | valAUC 0.9997 | tau+ 0.500
[OUTPOST-v4] epoch 387: test-all ROC 0.8620 PR 0.7143 | unseen ROC 0.8448 PR 0.6400 | valAUC 0.9997 | tau+ 0.500
[OUTPOST-v4] epoch 388: test-all ROC 0.8456 PR 0.7049 | unseen ROC 0.8260 PR 0.6270 | valAUC 0.9997 | tau+ 0.500
[OUTPOST-v4] epoch 389: test-all ROC 0.8337 PR 0.6922 | unseen ROC 0.8125 PR 0.6134 | valAUC 0.9997 | tau+ 0.500
[OUTPOST-v4] epoch 390: test-all ROC 0.8331 PR 0.6942 | unseen ROC 0.8117 PR 0.6143 | valAUC 1.0000 | tau+ 0.500
[OUTPOST-v4] epoch 391: test-all ROC 0.8378 PR 0.6984 | unseen ROC 0.8171 PR 0.6189 | valAUC 0.9991 | tau+ 0.500
[OUTPOST-v4] epoch 392: test-all ROC 0.8409 PR 0.7006 | unseen ROC 0.8206 PR 0.6230 | valAUC 0.9997 | tau+ 0.500
[OUTPOST-v4] epoch 393: test-all ROC 0.8490 PR 0.7071 | unseen ROC 0.8299 PR 0.6321 | valAUC 0.9994 | tau+ 0.500
[OUTPOST-v4] epoch 394: test-all ROC 0.8634 PR 0.7124 | unseen ROC 0.8464 PR 0.6379 | valAUC 0.9994 | tau+ 0.500
[OUTPOST-v4] epoch 395: test-all ROC 0.8772 PR 0.7186 | unseen ROC 0.8627 PR 0.6454 | valAUC 0.9989 | tau+ 0.500
[OUTPOST-v4] epoch 396: test-all ROC 0.8848 PR 0.7205 | unseen ROC 0.8717 PR 0.6481 | valAUC 0.9994 | tau+ 0.500
[OUTPOST-v4] epoch 397: test-all ROC 0.8725 PR 0.7147 | unseen ROC 0.8571 PR 0.6401 | valAUC 0.9989 | tau+ 0.500
[OUTPOST-v4] epoch 398: test-all ROC 0.8602 PR 0.7130 | unseen ROC 0.8427 PR 0.6388 | valAUC 0.9994 | tau+ 0.500
[OUTPOST-v4] epoch 399: test-all ROC 0.8474 PR 0.7042 | unseen ROC 0.8281 PR 0.6289 | valAUC 1.0000 | tau+ 0.500
  rotation 5: ROC 0.8869 PR 0.7219
[computers] params 116929, peak GPU 4.62 GB, 15.2 min total
[computers] ran 1/5 rotations; no results.csv row written. Merge the shards with:
    python analysis/scripts/merge_rotations.py
