# gpu=4 cmd=/usr/bin/python3 -u baselines/run_nsreg.py --dataset cs --seed 1 --method nsreg --tag E400_nsreg --epochs 400 --rotations 12
/nas/home/jahin/.local/lib/python3.10/site-packages/requests/__init__.py:113: RequestsDependencyWarning: urllib3 (1.26.5) or chardet (7.2.0)/charset_normalizer (3.4.4) doesn't match a supported version!
  warnings.warn(
[0.03861888 0.02520046 0.11182021 0.02340043 0.07603775 0.11962036
 0.02023673 0.05040092 0.0422735  0.00643648 0.07876507 0.11089293
 0.02290951 0.2256041  0.04778269]
[cs] NSReg, rotations [np.int64(12)] of [np.int64(0), np.int64(1), np.int64(3), np.int64(6), np.int64(8), np.int64(9), np.int64(12), np.int64(14)]
[cs] n_epochs=400 eval_every=1 input_dim=6805 wd=0.0 lr=0.001
Normal classes: [2, 4, 5, 7, 10, 11, 13] in cs
using idx from: split_50.pkl - num known anomalies 50
num known anomalies: 50
Building multi-layer GraphSage
GRAPHSAGE used as the encoder
building the dataloader ...
/nas/home/jahin/.local/lib/python3.10/site-packages/torch/functional.py:554: UserWarning: torch.meshgrid: in an upcoming release, it will be required to pass the indexing argument. (Triggered internally at /pytorch/aten/src/ATen/native/TensorShape.cpp:4314.)
  return _VF.meshgrid(tensors, **kwargs)  # type: ignore[attr-defined]
num train pos edges: 286  num train neg edges: 822
NSReg Training ...
Batch mode: enabled original propertion
Epoch  0 loss=1.2893, clf_loss=0.6131, lbl_loss=0.6762
Epoch  1 loss=1.2263, clf_loss=0.5492, lbl_loss=0.6771
Epoch  2 loss=1.1558, clf_loss=0.4895, lbl_loss=0.6663
Epoch  3 loss=1.0998, clf_loss=0.4272, lbl_loss=0.6727
Epoch  4 loss=1.0420, clf_loss=0.3630, lbl_loss=0.6790
Epoch  5 loss=0.9793, clf_loss=0.3064, lbl_loss=0.6729
Epoch  6 loss=0.9360, clf_loss=0.2620, lbl_loss=0.6739
Epoch  7 loss=0.8978, clf_loss=0.2262, lbl_loss=0.6716
Epoch  8 loss=0.8791, clf_loss=0.2132, lbl_loss=0.6660
Epoch  9 loss=0.8762, clf_loss=0.2053, lbl_loss=0.6709
Epoch 10 loss=0.8804, clf_loss=0.2083, lbl_loss=0.6721
Epoch 11 loss=0.8823, clf_loss=0.2094, lbl_loss=0.6729
Epoch 12 loss=0.8764, clf_loss=0.2115, lbl_loss=0.6649
Epoch 13 loss=0.8708, clf_loss=0.2108, lbl_loss=0.6600
Epoch 14 loss=0.8736, clf_loss=0.2099, lbl_loss=0.6637
Epoch 15 loss=0.8699, clf_loss=0.2065, lbl_loss=0.6634
Epoch 16 loss=0.8632, clf_loss=0.1994, lbl_loss=0.6638
Epoch 17 loss=0.8550, clf_loss=0.1926, lbl_loss=0.6624
Epoch 18 loss=0.8447, clf_loss=0.1840, lbl_loss=0.6607
Epoch 19 loss=0.8551, clf_loss=0.1766, lbl_loss=0.6784
Epoch 20 loss=0.8333, clf_loss=0.1687, lbl_loss=0.6646
Epoch 21 loss=0.8308, clf_loss=0.1595, lbl_loss=0.6713
Epoch 22 loss=0.8197, clf_loss=0.1550, lbl_loss=0.6647
Epoch 23 loss=0.8023, clf_loss=0.1419, lbl_loss=0.6604
Epoch 24 loss=0.7919, clf_loss=0.1324, lbl_loss=0.6596
Epoch 25 loss=0.7891, clf_loss=0.1296, lbl_loss=0.6595
Epoch 26 loss=0.7833, clf_loss=0.1196, lbl_loss=0.6637
Epoch 27 loss=0.7722, clf_loss=0.1149, lbl_loss=0.6572
Epoch 28 loss=0.7668, clf_loss=0.1096, lbl_loss=0.6572
Epoch 29 loss=0.7639, clf_loss=0.1058, lbl_loss=0.6581
Epoch 30 loss=0.7563, clf_loss=0.0994, lbl_loss=0.6569
Epoch 31 loss=0.7485, clf_loss=0.0947, lbl_loss=0.6538
Epoch 32 loss=0.7333, clf_loss=0.0917, lbl_loss=0.6416
Epoch 33 loss=0.7312, clf_loss=0.0859, lbl_loss=0.6453
Epoch 34 loss=0.7238, clf_loss=0.0804, lbl_loss=0.6433
Epoch 35 loss=0.7283, clf_loss=0.0745, lbl_loss=0.6538
Epoch 36 loss=0.7094, clf_loss=0.0685, lbl_loss=0.6409
Epoch 37 loss=0.6997, clf_loss=0.0640, lbl_loss=0.6356
Epoch 38 loss=0.6987, clf_loss=0.0597, lbl_loss=0.6391
Epoch 39 loss=0.6913, clf_loss=0.0531, lbl_loss=0.6382
Epoch 40 loss=0.6709, clf_loss=0.0473, lbl_loss=0.6236
Epoch 41 loss=0.6619, clf_loss=0.0398, lbl_loss=0.6221
Epoch 42 loss=0.6491, clf_loss=0.0331, lbl_loss=0.6160
Epoch 43 loss=0.6470, clf_loss=0.0252, lbl_loss=0.6218
Epoch 44 loss=0.6369, clf_loss=0.0207, lbl_loss=0.6162
Epoch 45 loss=0.6400, clf_loss=0.0196, lbl_loss=0.6204
Epoch 46 loss=0.6275, clf_loss=0.0119, lbl_loss=0.6156
Epoch 47 loss=0.6064, clf_loss=0.0087, lbl_loss=0.5977
Epoch 48 loss=0.6207, clf_loss=0.0096, lbl_loss=0.6111
Epoch 49 loss=0.6069, clf_loss=0.0104, lbl_loss=0.5965
Epoch 50 loss=0.6069, clf_loss=0.0090, lbl_loss=0.5979
Epoch 51 loss=0.6063, clf_loss=0.0030, lbl_loss=0.6032
Epoch 52 loss=0.5993, clf_loss=0.0042, lbl_loss=0.5951
Epoch 53 loss=0.5922, clf_loss=0.0060, lbl_loss=0.5862
Epoch 54 loss=0.5738, clf_loss=0.0069, lbl_loss=0.5669
Epoch 55 loss=0.5824, clf_loss=0.0011, lbl_loss=0.5813
Epoch 56 loss=0.5561, clf_loss=0.0005, lbl_loss=0.5555
Epoch 57 loss=0.5734, clf_loss=0.0019, lbl_loss=0.5714
Epoch 58 loss=0.5356, clf_loss=0.0004, lbl_loss=0.5352
Epoch 59 loss=0.5770, clf_loss=0.0004, lbl_loss=0.5766
Epoch 60 loss=0.5649, clf_loss=0.0002, lbl_loss=0.5647
Epoch 61 loss=0.5499, clf_loss=0.0004, lbl_loss=0.5495
Epoch 62 loss=0.5340, clf_loss=0.0011, lbl_loss=0.5329
Epoch 63 loss=0.5416, clf_loss=0.0007, lbl_loss=0.5409
Epoch 64 loss=0.5601, clf_loss=0.0006, lbl_loss=0.5595
Epoch 65 loss=0.5342, clf_loss=0.0004, lbl_loss=0.5338
Epoch 66 loss=0.5369, clf_loss=0.0002, lbl_loss=0.5367
Epoch 67 loss=0.5406, clf_loss=0.0002, lbl_loss=0.5403
Epoch 68 loss=0.5508, clf_loss=0.0003, lbl_loss=0.5506
Epoch 69 loss=0.5033, clf_loss=0.0002, lbl_loss=0.5031
Epoch 70 loss=0.5361, clf_loss=0.0001, lbl_loss=0.5359
Epoch 71 loss=0.5419, clf_loss=0.0002, lbl_loss=0.5417
Epoch 72 loss=0.5347, clf_loss=0.0010, lbl_loss=0.5337
Epoch 73 loss=0.5178, clf_loss=0.0001, lbl_loss=0.5176
Epoch 74 loss=0.5143, clf_loss=0.0003, lbl_loss=0.5140
Epoch 75 loss=0.5092, clf_loss=0.0002, lbl_loss=0.5090
Epoch 76 loss=0.5165, clf_loss=0.0003, lbl_loss=0.5163
Epoch 77 loss=0.4924, clf_loss=0.0001, lbl_loss=0.4923
Epoch 78 loss=0.4947, clf_loss=0.0064, lbl_loss=0.4883
Epoch 79 loss=0.5092, clf_loss=0.0004, lbl_loss=0.5089
Epoch 80 loss=0.5070, clf_loss=0.0014, lbl_loss=0.5056
Epoch 81 loss=0.5026, clf_loss=0.0001, lbl_loss=0.5025
Epoch 82 loss=0.5005, clf_loss=0.0003, lbl_loss=0.5003
Epoch 83 loss=0.4937, clf_loss=0.0002, lbl_loss=0.4935
Epoch 84 loss=0.4574, clf_loss=0.0005, lbl_loss=0.4569
Epoch 85 loss=0.4944, clf_loss=0.0009, lbl_loss=0.4935
Epoch 86 loss=0.4681, clf_loss=0.0002, lbl_loss=0.4679
Epoch 87 loss=0.4558, clf_loss=0.0002, lbl_loss=0.4556
Epoch 88 loss=0.4443, clf_loss=0.0001, lbl_loss=0.4441
Epoch 89 loss=0.4506, clf_loss=0.0002, lbl_loss=0.4504
Epoch 90 loss=0.4575, clf_loss=0.0002, lbl_loss=0.4573
Epoch 91 loss=0.4644, clf_loss=0.0003, lbl_loss=0.4641
Epoch 92 loss=0.4582, clf_loss=0.0001, lbl_loss=0.4581
Epoch 93 loss=0.4507, clf_loss=0.0002, lbl_loss=0.4505
Epoch 94 loss=0.4511, clf_loss=0.0002, lbl_loss=0.4509
Epoch 95 loss=0.4377, clf_loss=0.0002, lbl_loss=0.4375
Epoch 96 loss=0.4227, clf_loss=0.0002, lbl_loss=0.4226
Epoch 97 loss=0.4652, clf_loss=0.0001, lbl_loss=0.4651
Epoch 98 loss=0.4519, clf_loss=0.0002, lbl_loss=0.4517
Epoch 99 loss=0.4062, clf_loss=0.0004, lbl_loss=0.4058
Epoch 100 loss=0.4394, clf_loss=0.0002, lbl_loss=0.4392
Epoch 101 loss=0.4225, clf_loss=0.0002, lbl_loss=0.4222
Epoch 102 loss=0.4203, clf_loss=0.0002, lbl_loss=0.4201
Epoch 103 loss=0.4223, clf_loss=0.0002, lbl_loss=0.4221
Epoch 104 loss=0.4193, clf_loss=0.0002, lbl_loss=0.4191
Epoch 105 loss=0.4101, clf_loss=0.0002, lbl_loss=0.4099
Epoch 106 loss=0.4076, clf_loss=0.0002, lbl_loss=0.4073
Epoch 107 loss=0.4114, clf_loss=0.0002, lbl_loss=0.4112
Epoch 108 loss=0.3767, clf_loss=0.0002, lbl_loss=0.3765
Epoch 109 loss=0.3831, clf_loss=0.0002, lbl_loss=0.3829
Epoch 110 loss=0.3839, clf_loss=0.0003, lbl_loss=0.3836
Epoch 111 loss=0.4071, clf_loss=0.0002, lbl_loss=0.4069
Epoch 112 loss=0.4072, clf_loss=0.0001, lbl_loss=0.4070
Epoch 113 loss=0.4106, clf_loss=0.0002, lbl_loss=0.4104
Epoch 114 loss=0.3679, clf_loss=0.0002, lbl_loss=0.3677
Epoch 115 loss=0.3955, clf_loss=0.0002, lbl_loss=0.3953
Epoch 116 loss=0.3714, clf_loss=0.0001, lbl_loss=0.3713
Epoch 117 loss=0.3936, clf_loss=0.0002, lbl_loss=0.3934
Epoch 118 loss=0.4202, clf_loss=0.0002, lbl_loss=0.4200
Epoch 119 loss=0.4050, clf_loss=0.0002, lbl_loss=0.4047
Epoch 120 loss=0.3990, clf_loss=0.0003, lbl_loss=0.3988
Epoch 121 loss=0.4055, clf_loss=0.0002, lbl_loss=0.4053
Epoch 122 loss=0.3682, clf_loss=0.0001, lbl_loss=0.3681
Epoch 123 loss=0.3826, clf_loss=0.0001, lbl_loss=0.3825
Epoch 124 loss=0.3833, clf_loss=0.0002, lbl_loss=0.3832
Epoch 125 loss=0.3840, clf_loss=0.0001, lbl_loss=0.3839
Epoch 126 loss=0.3675, clf_loss=0.0001, lbl_loss=0.3674
Epoch 127 loss=0.3876, clf_loss=0.0002, lbl_loss=0.3875
Epoch 128 loss=0.3675, clf_loss=0.0001, lbl_loss=0.3674
Epoch 129 loss=0.3479, clf_loss=0.0002, lbl_loss=0.3477
Epoch 130 loss=0.3767, clf_loss=0.0001, lbl_loss=0.3766
Epoch 131 loss=0.3846, clf_loss=0.0001, lbl_loss=0.3845
Epoch 132 loss=0.3692, clf_loss=0.0001, lbl_loss=0.3691
Epoch 133 loss=0.3512, clf_loss=0.0001, lbl_loss=0.3510
Epoch 134 loss=0.3973, clf_loss=0.0001, lbl_loss=0.3971
Epoch 135 loss=0.3713, clf_loss=0.0003, lbl_loss=0.3711
Epoch 136 loss=0.3657, clf_loss=0.0001, lbl_loss=0.3656
Epoch 137 loss=0.3491, clf_loss=0.0001, lbl_loss=0.3490
Epoch 138 loss=0.3561, clf_loss=0.0001, lbl_loss=0.3560
Epoch 139 loss=0.3604, clf_loss=0.0001, lbl_loss=0.3603
Epoch 140 loss=0.3632, clf_loss=0.0001, lbl_loss=0.3632
Epoch 141 loss=0.3611, clf_loss=0.0001, lbl_loss=0.3610
Epoch 142 loss=0.3545, clf_loss=0.0001, lbl_loss=0.3544
Epoch 143 loss=0.3483, clf_loss=0.0001, lbl_loss=0.3483
Epoch 144 loss=0.3745, clf_loss=0.0001, lbl_loss=0.3744
Epoch 145 loss=0.3509, clf_loss=0.0002, lbl_loss=0.3507
Epoch 146 loss=0.3525, clf_loss=0.0001, lbl_loss=0.3524
Epoch 147 loss=0.3439, clf_loss=0.0001, lbl_loss=0.3438
Epoch 148 loss=0.3781, clf_loss=0.0001, lbl_loss=0.3780
Epoch 149 loss=0.3442, clf_loss=0.0001, lbl_loss=0.3441
Epoch 150 loss=0.3504, clf_loss=0.0001, lbl_loss=0.3503
Epoch 151 loss=0.3357, clf_loss=0.0001, lbl_loss=0.3356
Epoch 152 loss=0.3262, clf_loss=0.0001, lbl_loss=0.3261
Epoch 153 loss=0.3313, clf_loss=0.0001, lbl_loss=0.3313
Epoch 154 loss=0.3519, clf_loss=0.0000, lbl_loss=0.3519
Epoch 155 loss=0.3270, clf_loss=0.0000, lbl_loss=0.3270
Epoch 156 loss=0.3298, clf_loss=0.0001, lbl_loss=0.3297
Epoch 157 loss=0.3321, clf_loss=0.0000, lbl_loss=0.3320
Epoch 158 loss=0.3487, clf_loss=0.0000, lbl_loss=0.3486
Epoch 159 loss=0.3581, clf_loss=0.0001, lbl_loss=0.3581
Epoch 160 loss=0.3366, clf_loss=0.0000, lbl_loss=0.3366
Epoch 161 loss=0.3316, clf_loss=0.0001, lbl_loss=0.3315
Epoch 162 loss=0.3466, clf_loss=0.0000, lbl_loss=0.3466
Epoch 163 loss=0.3179, clf_loss=0.0000, lbl_loss=0.3178
Epoch 164 loss=0.3225, clf_loss=0.0001, lbl_loss=0.3224
Epoch 165 loss=0.3453, clf_loss=0.0000, lbl_loss=0.3453
Epoch 166 loss=0.3233, clf_loss=0.0000, lbl_loss=0.3233
Epoch 167 loss=0.3543, clf_loss=0.0000, lbl_loss=0.3543
Epoch 168 loss=0.3336, clf_loss=0.0000, lbl_loss=0.3335
Epoch 169 loss=0.3272, clf_loss=0.0000, lbl_loss=0.3272
Epoch 170 loss=0.3322, clf_loss=0.0001, lbl_loss=0.3322
Epoch 171 loss=0.3215, clf_loss=0.0000, lbl_loss=0.3214
Epoch 172 loss=0.2911, clf_loss=0.0000, lbl_loss=0.2910
Epoch 173 loss=0.3272, clf_loss=0.0001, lbl_loss=0.3271
Epoch 174 loss=0.3315, clf_loss=0.0000, lbl_loss=0.3315
Epoch 175 loss=0.3132, clf_loss=0.0000, lbl_loss=0.3132
Epoch 176 loss=0.3261, clf_loss=0.0000, lbl_loss=0.3260
Epoch 177 loss=0.3420, clf_loss=0.0000, lbl_loss=0.3420
Epoch 178 loss=0.3243, clf_loss=0.0002, lbl_loss=0.3241
Epoch 179 loss=0.3574, clf_loss=0.0000, lbl_loss=0.3574
Epoch 180 loss=0.3082, clf_loss=0.0000, lbl_loss=0.3082
Epoch 181 loss=0.3179, clf_loss=0.0000, lbl_loss=0.3179
Epoch 182 loss=0.3182, clf_loss=0.0000, lbl_loss=0.3182
Epoch 183 loss=0.3390, clf_loss=0.0000, lbl_loss=0.3389
Epoch 184 loss=0.3243, clf_loss=0.0000, lbl_loss=0.3243
Epoch 185 loss=0.3157, clf_loss=0.0000, lbl_loss=0.3156
Epoch 186 loss=0.3311, clf_loss=0.0000, lbl_loss=0.3311
Epoch 187 loss=0.3200, clf_loss=0.0000, lbl_loss=0.3200
Epoch 188 loss=0.3117, clf_loss=0.0001, lbl_loss=0.3116
Epoch 189 loss=0.3178, clf_loss=0.0000, lbl_loss=0.3178
Epoch 190 loss=0.3147, clf_loss=0.0042, lbl_loss=0.3105
Epoch 191 loss=0.3245, clf_loss=0.0000, lbl_loss=0.3245
Epoch 192 loss=0.3441, clf_loss=0.0001, lbl_loss=0.3440
Epoch 193 loss=0.2995, clf_loss=0.0001, lbl_loss=0.2994
Epoch 194 loss=0.3291, clf_loss=0.0001, lbl_loss=0.3290
Epoch 195 loss=0.3084, clf_loss=0.0003, lbl_loss=0.3081
Epoch 196 loss=0.3001, clf_loss=0.0008, lbl_loss=0.2993
Epoch 197 loss=0.2823, clf_loss=0.0004, lbl_loss=0.2819
Epoch 198 loss=0.3155, clf_loss=0.0003, lbl_loss=0.3152
Epoch 199 loss=0.3108, clf_loss=0.0001, lbl_loss=0.3107
Epoch 200 loss=0.2951, clf_loss=0.0001, lbl_loss=0.2950
Epoch 201 loss=0.3002, clf_loss=0.0002, lbl_loss=0.3000
Epoch 202 loss=0.2918, clf_loss=0.0000, lbl_loss=0.2918
Epoch 203 loss=0.3209, clf_loss=0.0001, lbl_loss=0.3208
Epoch 204 loss=0.3332, clf_loss=0.0001, lbl_loss=0.3330
Epoch 205 loss=0.2977, clf_loss=0.0001, lbl_loss=0.2977
Epoch 206 loss=0.2747, clf_loss=0.0000, lbl_loss=0.2747
Epoch 207 loss=0.3344, clf_loss=0.0000, lbl_loss=0.3344
Epoch 208 loss=0.2836, clf_loss=0.0000, lbl_loss=0.2835
Epoch 209 loss=0.2839, clf_loss=0.0000, lbl_loss=0.2839
Epoch 210 loss=0.2860, clf_loss=0.0000, lbl_loss=0.2860
Epoch 211 loss=0.3294, clf_loss=0.0000, lbl_loss=0.3294
Epoch 212 loss=0.3045, clf_loss=0.0000, lbl_loss=0.3044
Epoch 213 loss=0.2931, clf_loss=0.0000, lbl_loss=0.2931
Epoch 214 loss=0.2866, clf_loss=0.0000, lbl_loss=0.2866
Epoch 215 loss=0.3261, clf_loss=0.0000, lbl_loss=0.3260
Epoch 216 loss=0.3019, clf_loss=0.0000, lbl_loss=0.3019
Epoch 217 loss=0.2872, clf_loss=0.0000, lbl_loss=0.2872
Epoch 218 loss=0.3078, clf_loss=0.0001, lbl_loss=0.3077
Epoch 219 loss=0.3098, clf_loss=0.0000, lbl_loss=0.3098
Epoch 220 loss=0.3149, clf_loss=0.0000, lbl_loss=0.3148
Epoch 221 loss=0.3024, clf_loss=0.0000, lbl_loss=0.3023
Epoch 222 loss=0.2953, clf_loss=0.0001, lbl_loss=0.2953
Epoch 223 loss=0.3293, clf_loss=0.0001, lbl_loss=0.3293
Epoch 224 loss=0.3190, clf_loss=0.0000, lbl_loss=0.3190
Epoch 225 loss=0.2924, clf_loss=0.0000, lbl_loss=0.2924
Epoch 226 loss=0.2895, clf_loss=0.0000, lbl_loss=0.2895
Epoch 227 loss=0.2877, clf_loss=0.0000, lbl_loss=0.2877
Epoch 228 loss=0.2866, clf_loss=0.0000, lbl_loss=0.2866
Epoch 229 loss=0.3029, clf_loss=0.0003, lbl_loss=0.3026
Epoch 230 loss=0.3040, clf_loss=0.0000, lbl_loss=0.3040
Epoch 231 loss=0.3026, clf_loss=0.0000, lbl_loss=0.3026
Epoch 232 loss=0.3031, clf_loss=0.0001, lbl_loss=0.3030
Epoch 233 loss=0.2797, clf_loss=0.0001, lbl_loss=0.2796
Epoch 234 loss=0.3088, clf_loss=0.0002, lbl_loss=0.3086
Epoch 235 loss=0.2635, clf_loss=0.0002, lbl_loss=0.2634
Epoch 236 loss=0.2863, clf_loss=0.0001, lbl_loss=0.2863
Epoch 237 loss=0.3103, clf_loss=0.0000, lbl_loss=0.3102
Epoch 238 loss=0.2912, clf_loss=0.0000, lbl_loss=0.2912
Epoch 239 loss=0.2766, clf_loss=0.0001, lbl_loss=0.2766
Epoch 240 loss=0.2713, clf_loss=0.0001, lbl_loss=0.2713
Epoch 241 loss=0.2816, clf_loss=0.0000, lbl_loss=0.2816
Epoch 242 loss=0.2957, clf_loss=0.0002, lbl_loss=0.2955
Epoch 243 loss=0.2840, clf_loss=0.0000, lbl_loss=0.2840
Epoch 244 loss=0.2734, clf_loss=0.0000, lbl_loss=0.2734
Epoch 245 loss=0.2777, clf_loss=0.0000, lbl_loss=0.2776
Epoch 246 loss=0.2698, clf_loss=0.0001, lbl_loss=0.2697
Epoch 247 loss=0.2743, clf_loss=0.0002, lbl_loss=0.2741
Epoch 248 loss=0.3171, clf_loss=0.0000, lbl_loss=0.3171
Epoch 249 loss=0.2867, clf_loss=0.0001, lbl_loss=0.2866
Epoch 250 loss=0.3130, clf_loss=0.0000, lbl_loss=0.3129
Epoch 251 loss=0.2590, clf_loss=0.0000, lbl_loss=0.2590
Epoch 252 loss=0.2900, clf_loss=0.0000, lbl_loss=0.2900
Epoch 253 loss=0.2835, clf_loss=0.0000, lbl_loss=0.2835
Epoch 254 loss=0.2946, clf_loss=0.0002, lbl_loss=0.2944
Epoch 255 loss=0.3082, clf_loss=0.0000, lbl_loss=0.3082
Epoch 256 loss=0.2795, clf_loss=0.0002, lbl_loss=0.2793
Epoch 257 loss=0.3001, clf_loss=0.0002, lbl_loss=0.3000
Epoch 258 loss=0.2827, clf_loss=0.0000, lbl_loss=0.2826
Epoch 259 loss=0.2795, clf_loss=0.0000, lbl_loss=0.2795
Epoch 260 loss=0.2938, clf_loss=0.0000, lbl_loss=0.2937
Epoch 261 loss=0.2784, clf_loss=0.0000, lbl_loss=0.2784
Epoch 262 loss=0.2769, clf_loss=0.0000, lbl_loss=0.2769
Epoch 263 loss=0.2513, clf_loss=0.0000, lbl_loss=0.2512
Epoch 264 loss=0.2852, clf_loss=0.0000, lbl_loss=0.2852
Epoch 265 loss=0.2575, clf_loss=0.0000, lbl_loss=0.2575
Epoch 266 loss=0.2713, clf_loss=0.0000, lbl_loss=0.2713
Epoch 267 loss=0.2872, clf_loss=0.0000, lbl_loss=0.2872
Epoch 268 loss=0.2704, clf_loss=0.0000, lbl_loss=0.2704
Epoch 269 loss=0.2738, clf_loss=0.0000, lbl_loss=0.2738
Epoch 270 loss=0.2841, clf_loss=0.0000, lbl_loss=0.2841
Epoch 271 loss=0.2854, clf_loss=0.0000, lbl_loss=0.2854
Epoch 272 loss=0.2802, clf_loss=0.0009, lbl_loss=0.2792
Epoch 273 loss=0.2937, clf_loss=0.0000, lbl_loss=0.2936
Epoch 274 loss=0.2846, clf_loss=0.0000, lbl_loss=0.2846
Epoch 275 loss=0.2506, clf_loss=0.0000, lbl_loss=0.2506
Epoch 276 loss=0.2783, clf_loss=0.0000, lbl_loss=0.2783
Epoch 277 loss=0.2681, clf_loss=0.0000, lbl_loss=0.2681
Epoch 278 loss=0.2683, clf_loss=0.0000, lbl_loss=0.2683
Epoch 279 loss=0.2705, clf_loss=0.0000, lbl_loss=0.2704
Epoch 280 loss=0.2871, clf_loss=0.0000, lbl_loss=0.2871
Epoch 281 loss=0.2786, clf_loss=0.0001, lbl_loss=0.2785
Epoch 282 loss=0.2921, clf_loss=0.0000, lbl_loss=0.2921
Epoch 283 loss=0.2765, clf_loss=0.0000, lbl_loss=0.2764
Epoch 284 loss=0.2942, clf_loss=0.0000, lbl_loss=0.2942
Epoch 285 loss=0.2874, clf_loss=0.0001, lbl_loss=0.2873
Epoch 286 loss=0.3047, clf_loss=0.0001, lbl_loss=0.3047
Epoch 287 loss=0.2526, clf_loss=0.0002, lbl_loss=0.2524
Epoch 288 loss=0.2863, clf_loss=0.0002, lbl_loss=0.2861
Epoch 289 loss=0.2680, clf_loss=0.0001, lbl_loss=0.2679
Epoch 290 loss=0.2994, clf_loss=0.0001, lbl_loss=0.2994
Epoch 291 loss=0.2669, clf_loss=0.0000, lbl_loss=0.2668
Epoch 292 loss=0.2746, clf_loss=0.0001, lbl_loss=0.2745
Epoch 293 loss=0.2981, clf_loss=0.0000, lbl_loss=0.2980
Epoch 294 loss=0.2603, clf_loss=0.0000, lbl_loss=0.2602
Epoch 295 loss=0.2799, clf_loss=0.0000, lbl_loss=0.2799
Epoch 296 loss=0.2571, clf_loss=0.0000, lbl_loss=0.2571
Epoch 297 loss=0.2533, clf_loss=0.0000, lbl_loss=0.2533
Epoch 298 loss=0.2728, clf_loss=0.0000, lbl_loss=0.2728
Epoch 299 loss=0.2706, clf_loss=0.0000, lbl_loss=0.2706
Epoch 300 loss=0.2696, clf_loss=0.0001, lbl_loss=0.2696
Epoch 301 loss=0.2889, clf_loss=0.0001, lbl_loss=0.2889
Epoch 302 loss=0.2688, clf_loss=0.0000, lbl_loss=0.2688
Epoch 303 loss=0.2549, clf_loss=0.0000, lbl_loss=0.2549
Epoch 304 loss=0.2692, clf_loss=0.0000, lbl_loss=0.2692
Epoch 305 loss=0.2788, clf_loss=0.0000, lbl_loss=0.2788
Epoch 306 loss=0.2597, clf_loss=0.0000, lbl_loss=0.2597
Epoch 307 loss=0.2561, clf_loss=0.0003, lbl_loss=0.2558
Epoch 308 loss=0.2597, clf_loss=0.0000, lbl_loss=0.2597
Epoch 309 loss=0.2619, clf_loss=0.0000, lbl_loss=0.2619
Epoch 310 loss=0.2427, clf_loss=0.0000, lbl_loss=0.2426
Epoch 311 loss=0.2824, clf_loss=0.0000, lbl_loss=0.2824
Epoch 312 loss=0.2524, clf_loss=0.0000, lbl_loss=0.2524
Epoch 313 loss=0.3123, clf_loss=0.0000, lbl_loss=0.3123
Epoch 314 loss=0.2629, clf_loss=0.0000, lbl_loss=0.2629
Epoch 315 loss=0.2734, clf_loss=0.0000, lbl_loss=0.2734
Epoch 316 loss=0.2600, clf_loss=0.0000, lbl_loss=0.2600
Epoch 317 loss=0.2670, clf_loss=0.0000, lbl_loss=0.2670
Epoch 318 loss=0.2595, clf_loss=0.0000, lbl_loss=0.2595
Epoch 319 loss=0.2601, clf_loss=0.0000, lbl_loss=0.2600
Epoch 320 loss=0.2718, clf_loss=0.0005, lbl_loss=0.2713
Epoch 321 loss=0.2511, clf_loss=0.0003, lbl_loss=0.2508
Epoch 322 loss=0.2483, clf_loss=0.0001, lbl_loss=0.2482
Epoch 323 loss=0.2607, clf_loss=0.0000, lbl_loss=0.2607
Epoch 324 loss=0.2445, clf_loss=0.0000, lbl_loss=0.2445
Epoch 325 loss=0.2599, clf_loss=0.0000, lbl_loss=0.2598
Epoch 326 loss=0.2708, clf_loss=0.0000, lbl_loss=0.2708
Epoch 327 loss=0.2736, clf_loss=0.0000, lbl_loss=0.2736
Epoch 328 loss=0.2693, clf_loss=0.0000, lbl_loss=0.2693
Epoch 329 loss=0.2730, clf_loss=0.0000, lbl_loss=0.2730
Epoch 330 loss=0.2767, clf_loss=0.0001, lbl_loss=0.2767
Epoch 331 loss=0.2544, clf_loss=0.0000, lbl_loss=0.2543
Epoch 332 loss=0.2785, clf_loss=0.0000, lbl_loss=0.2785
Epoch 333 loss=0.2617, clf_loss=0.0000, lbl_loss=0.2616
Epoch 334 loss=0.2925, clf_loss=0.0000, lbl_loss=0.2925
Epoch 335 loss=0.2502, clf_loss=0.0000, lbl_loss=0.2502
Epoch 336 loss=0.2854, clf_loss=0.0001, lbl_loss=0.2853
Epoch 337 loss=0.2835, clf_loss=0.0001, lbl_loss=0.2834
Epoch 338 loss=0.2722, clf_loss=0.0000, lbl_loss=0.2722
Epoch 339 loss=0.2584, clf_loss=0.0001, lbl_loss=0.2583
Epoch 340 loss=0.2692, clf_loss=0.0000, lbl_loss=0.2692
Epoch 341 loss=0.2793, clf_loss=0.0000, lbl_loss=0.2792
Epoch 342 loss=0.2431, clf_loss=0.0000, lbl_loss=0.2431
Epoch 343 loss=0.2743, clf_loss=0.0000, lbl_loss=0.2743
Epoch 344 loss=0.2641, clf_loss=0.0000, lbl_loss=0.2641
Epoch 345 loss=0.2452, clf_loss=0.0000, lbl_loss=0.2452
Epoch 346 loss=0.2906, clf_loss=0.0001, lbl_loss=0.2905
Epoch 347 loss=0.2612, clf_loss=0.0000, lbl_loss=0.2612
Epoch 348 loss=0.2544, clf_loss=0.0000, lbl_loss=0.2544
Epoch 349 loss=0.2479, clf_loss=0.0000, lbl_loss=0.2479
Epoch 350 loss=0.2610, clf_loss=0.0000, lbl_loss=0.2610
Epoch 351 loss=0.2349, clf_loss=0.0000, lbl_loss=0.2349
Epoch 352 loss=0.2556, clf_loss=0.0000, lbl_loss=0.2555
Epoch 353 loss=0.2749, clf_loss=0.0000, lbl_loss=0.2749
Epoch 354 loss=0.2523, clf_loss=0.0000, lbl_loss=0.2523
Epoch 355 loss=0.2673, clf_loss=0.0000, lbl_loss=0.2673
Epoch 356 loss=0.2641, clf_loss=0.0000, lbl_loss=0.2641
Epoch 357 loss=0.2500, clf_loss=0.0000, lbl_loss=0.2500
Epoch 358 loss=0.2459, clf_loss=0.0000, lbl_loss=0.2459
Epoch 359 loss=0.2517, clf_loss=0.0000, lbl_loss=0.2517
Epoch 360 loss=0.2472, clf_loss=0.0000, lbl_loss=0.2471
Epoch 361 loss=0.2478, clf_loss=0.0000, lbl_loss=0.2477
Epoch 362 loss=0.2427, clf_loss=0.0000, lbl_loss=0.2426
Epoch 363 loss=0.2218, clf_loss=0.0000, lbl_loss=0.2218
Epoch 364 loss=0.2761, clf_loss=0.0000, lbl_loss=0.2761
Epoch 365 loss=0.2649, clf_loss=0.0000, lbl_loss=0.2649
Epoch 366 loss=0.2641, clf_loss=0.0000, lbl_loss=0.2641
Epoch 367 loss=0.2427, clf_loss=0.0000, lbl_loss=0.2427
Epoch 368 loss=0.2653, clf_loss=0.0000, lbl_loss=0.2653
Epoch 369 loss=0.2287, clf_loss=0.0000, lbl_loss=0.2287
Epoch 370 loss=0.2662, clf_loss=0.0000, lbl_loss=0.2662
Epoch 371 loss=0.2605, clf_loss=0.0000, lbl_loss=0.2605
Epoch 372 loss=0.2642, clf_loss=0.0000, lbl_loss=0.2642
Epoch 373 loss=0.2265, clf_loss=0.0000, lbl_loss=0.2265
Epoch 374 loss=0.2624, clf_loss=0.0000, lbl_loss=0.2624
Epoch 375 loss=0.2580, clf_loss=0.0000, lbl_loss=0.2580
Epoch 376 loss=0.2414, clf_loss=0.0000, lbl_loss=0.2414
Epoch 377 loss=0.2650, clf_loss=0.0001, lbl_loss=0.2649
Epoch 378 loss=0.2564, clf_loss=0.0000, lbl_loss=0.2564
Epoch 379 loss=0.2424, clf_loss=0.0000, lbl_loss=0.2424
Epoch 380 loss=0.2622, clf_loss=0.0000, lbl_loss=0.2622
Epoch 381 loss=0.2401, clf_loss=0.0000, lbl_loss=0.2401
Epoch 382 loss=0.2408, clf_loss=0.0000, lbl_loss=0.2408
Epoch 383 loss=0.2679, clf_loss=0.0000, lbl_loss=0.2678
Epoch 384 loss=0.2624, clf_loss=0.0000, lbl_loss=0.2624
Epoch 385 loss=0.2491, clf_loss=0.0000, lbl_loss=0.2491
Epoch 386 loss=0.2941, clf_loss=0.0000, lbl_loss=0.2940
Epoch 387 loss=0.2524, clf_loss=0.0006, lbl_loss=0.2519
Epoch 388 loss=0.2445, clf_loss=0.0000, lbl_loss=0.2445
Epoch 389 loss=0.2671, clf_loss=0.0000, lbl_loss=0.2671
Epoch 390 loss=0.2554, clf_loss=0.0001, lbl_loss=0.2553
Epoch 391 loss=0.2555, clf_loss=0.0000, lbl_loss=0.2555
Epoch 392 loss=0.2574, clf_loss=0.0000, lbl_loss=0.2574
Epoch 393 loss=0.2434, clf_loss=0.0000, lbl_loss=0.2434
Epoch 394 loss=0.2554, clf_loss=0.0001, lbl_loss=0.2553
Epoch 395 loss=0.2609, clf_loss=0.0000, lbl_loss=0.2609
Epoch 396 loss=0.2674, clf_loss=0.0000, lbl_loss=0.2674
Epoch 397 loss=0.2443, clf_loss=0.0001, lbl_loss=0.2443
Epoch 398 loss=0.2623, clf_loss=0.0000, lbl_loss=0.2622
Epoch 399 loss=0.2438, clf_loss=0.0001, lbl_loss=0.2436
  rotation 12: best ROC 0.9590 PR 0.9219 | valsel ROC 0.9176 (epoch 41) | 4806s
  wrote results/rotations/cs_nsreg_s1_E400_nsreg_rot12.json
