# gpu=6 cmd=/usr/bin/python3 -u baselines/run_nsreg.py --dataset cs --seed 3 --method nsreg --tag E400_nsreg --epochs 400 --rotations 6
/nas/home/jahin/.local/lib/python3.10/site-packages/requests/__init__.py:113: RequestsDependencyWarning: urllib3 (1.26.5) or chardet (7.2.0)/charset_normalizer (3.4.4) doesn't match a supported version!
  warnings.warn(
[0.03861888 0.02520046 0.11182021 0.02340043 0.07603775 0.11962036
 0.02023673 0.05040092 0.0422735  0.00643648 0.07876507 0.11089293
 0.02290951 0.2256041  0.04778269]
[cs] NSReg, rotations [np.int64(6)] of [np.int64(0), np.int64(1), np.int64(3), np.int64(6), np.int64(8), np.int64(9), np.int64(12), np.int64(14)]
[cs] n_epochs=400 eval_every=1 input_dim=6805 wd=0.0 lr=0.001
Normal classes: [2, 4, 5, 7, 10, 11, 13] in cs
using idx from: split_50.pkl - num known anomalies 50
num known anomalies: 50
Building multi-layer GraphSage
GRAPHSAGE used as the encoder
building the dataloader ...
/nas/home/jahin/.local/lib/python3.10/site-packages/torch/functional.py:554: UserWarning: torch.meshgrid: in an upcoming release, it will be required to pass the indexing argument. (Triggered internally at /pytorch/aten/src/ATen/native/TensorShape.cpp:4314.)
  return _VF.meshgrid(tensors, **kwargs)  # type: ignore[attr-defined]
num train pos edges: 358  num train neg edges: 604
NSReg Training ...
Batch mode: enabled original propertion
Epoch  0 loss=1.3089, clf_loss=0.6195, lbl_loss=0.6893
Epoch  1 loss=1.1693, clf_loss=0.4899, lbl_loss=0.6794
Epoch  2 loss=1.0726, clf_loss=0.4027, lbl_loss=0.6699
Epoch  3 loss=1.0118, clf_loss=0.3360, lbl_loss=0.6757
Epoch  4 loss=0.9732, clf_loss=0.2891, lbl_loss=0.6841
Epoch  5 loss=0.9489, clf_loss=0.2645, lbl_loss=0.6845
Epoch  6 loss=0.9267, clf_loss=0.2551, lbl_loss=0.6717
Epoch  7 loss=0.9281, clf_loss=0.2623, lbl_loss=0.6658
Epoch  8 loss=0.9335, clf_loss=0.2627, lbl_loss=0.6708
Epoch  9 loss=0.9376, clf_loss=0.2647, lbl_loss=0.6728
Epoch 10 loss=0.9274, clf_loss=0.2647, lbl_loss=0.6627
Epoch 11 loss=0.9301, clf_loss=0.2583, lbl_loss=0.6717
Epoch 12 loss=0.9322, clf_loss=0.2523, lbl_loss=0.6799
Epoch 13 loss=0.9078, clf_loss=0.2357, lbl_loss=0.6721
Epoch 14 loss=0.8996, clf_loss=0.2276, lbl_loss=0.6720
Epoch 15 loss=0.8892, clf_loss=0.2207, lbl_loss=0.6685
Epoch 16 loss=0.8643, clf_loss=0.2075, lbl_loss=0.6568
Epoch 17 loss=0.8626, clf_loss=0.2015, lbl_loss=0.6610
Epoch 18 loss=0.8779, clf_loss=0.1945, lbl_loss=0.6833
Epoch 19 loss=0.8522, clf_loss=0.1865, lbl_loss=0.6657
Epoch 20 loss=0.8404, clf_loss=0.1827, lbl_loss=0.6578
Epoch 21 loss=0.8403, clf_loss=0.1789, lbl_loss=0.6613
Epoch 22 loss=0.8335, clf_loss=0.1737, lbl_loss=0.6598
Epoch 23 loss=0.8239, clf_loss=0.1647, lbl_loss=0.6592
Epoch 24 loss=0.8275, clf_loss=0.1618, lbl_loss=0.6657
Epoch 25 loss=0.8124, clf_loss=0.1552, lbl_loss=0.6572
Epoch 26 loss=0.7921, clf_loss=0.1465, lbl_loss=0.6456
Epoch 27 loss=0.7811, clf_loss=0.1387, lbl_loss=0.6424
Epoch 28 loss=0.7809, clf_loss=0.1313, lbl_loss=0.6496
Epoch 29 loss=0.7672, clf_loss=0.1235, lbl_loss=0.6436
Epoch 30 loss=0.7484, clf_loss=0.1170, lbl_loss=0.6314
Epoch 31 loss=0.7496, clf_loss=0.1135, lbl_loss=0.6360
Epoch 32 loss=0.7332, clf_loss=0.1058, lbl_loss=0.6274
Epoch 33 loss=0.7294, clf_loss=0.1034, lbl_loss=0.6260
Epoch 34 loss=0.7149, clf_loss=0.0978, lbl_loss=0.6171
Epoch 35 loss=0.7048, clf_loss=0.0942, lbl_loss=0.6106
Epoch 36 loss=0.7008, clf_loss=0.0878, lbl_loss=0.6130
Epoch 37 loss=0.7217, clf_loss=0.0818, lbl_loss=0.6399
Epoch 38 loss=0.6871, clf_loss=0.0776, lbl_loss=0.6095
Epoch 39 loss=0.6923, clf_loss=0.0790, lbl_loss=0.6133
Epoch 40 loss=0.6867, clf_loss=0.0691, lbl_loss=0.6176
Epoch 41 loss=0.6545, clf_loss=0.0649, lbl_loss=0.5896
Epoch 42 loss=0.6437, clf_loss=0.0589, lbl_loss=0.5847
Epoch 43 loss=0.6612, clf_loss=0.0597, lbl_loss=0.6015
Epoch 44 loss=0.6492, clf_loss=0.0534, lbl_loss=0.5957
Epoch 45 loss=0.6368, clf_loss=0.0512, lbl_loss=0.5856
Epoch 46 loss=0.6279, clf_loss=0.0455, lbl_loss=0.5824
Epoch 47 loss=0.6123, clf_loss=0.0418, lbl_loss=0.5705
Epoch 48 loss=0.6182, clf_loss=0.0352, lbl_loss=0.5830
Epoch 49 loss=0.6084, clf_loss=0.0346, lbl_loss=0.5739
Epoch 50 loss=0.5979, clf_loss=0.0283, lbl_loss=0.5696
Epoch 51 loss=0.5968, clf_loss=0.0284, lbl_loss=0.5684
Epoch 52 loss=0.5783, clf_loss=0.0276, lbl_loss=0.5508
Epoch 53 loss=0.5831, clf_loss=0.0245, lbl_loss=0.5585
Epoch 54 loss=0.5810, clf_loss=0.0220, lbl_loss=0.5590
Epoch 55 loss=0.6014, clf_loss=0.0257, lbl_loss=0.5757
Epoch 56 loss=0.5467, clf_loss=0.0177, lbl_loss=0.5290
Epoch 57 loss=0.5754, clf_loss=0.0219, lbl_loss=0.5535
Epoch 58 loss=0.5730, clf_loss=0.0219, lbl_loss=0.5511
Epoch 59 loss=0.5431, clf_loss=0.0151, lbl_loss=0.5279
Epoch 60 loss=0.5484, clf_loss=0.0097, lbl_loss=0.5387
Epoch 61 loss=0.5391, clf_loss=0.0124, lbl_loss=0.5267
Epoch 62 loss=0.5242, clf_loss=0.0092, lbl_loss=0.5150
Epoch 63 loss=0.5367, clf_loss=0.0171, lbl_loss=0.5196
Epoch 64 loss=0.5396, clf_loss=0.0061, lbl_loss=0.5335
Epoch 65 loss=0.5296, clf_loss=0.0108, lbl_loss=0.5187
Epoch 66 loss=0.5161, clf_loss=0.0055, lbl_loss=0.5105
Epoch 67 loss=0.4841, clf_loss=0.0052, lbl_loss=0.4788
Epoch 68 loss=0.5185, clf_loss=0.0037, lbl_loss=0.5148
Epoch 69 loss=0.4924, clf_loss=0.0082, lbl_loss=0.4842
Epoch 70 loss=0.4841, clf_loss=0.0040, lbl_loss=0.4800
Epoch 71 loss=0.4762, clf_loss=0.0035, lbl_loss=0.4727
Epoch 72 loss=0.4776, clf_loss=0.0032, lbl_loss=0.4744
Epoch 73 loss=0.4703, clf_loss=0.0024, lbl_loss=0.4679
Epoch 74 loss=0.4910, clf_loss=0.0017, lbl_loss=0.4893
Epoch 75 loss=0.4940, clf_loss=0.0016, lbl_loss=0.4924
Epoch 76 loss=0.4783, clf_loss=0.0022, lbl_loss=0.4761
Epoch 77 loss=0.4511, clf_loss=0.0021, lbl_loss=0.4491
Epoch 78 loss=0.4550, clf_loss=0.0019, lbl_loss=0.4532
Epoch 79 loss=0.5007, clf_loss=0.0010, lbl_loss=0.4997
Epoch 80 loss=0.4281, clf_loss=0.0013, lbl_loss=0.4268
Epoch 81 loss=0.4401, clf_loss=0.0016, lbl_loss=0.4385
Epoch 82 loss=0.4353, clf_loss=0.0008, lbl_loss=0.4345
Epoch 83 loss=0.4466, clf_loss=0.0009, lbl_loss=0.4457
Epoch 84 loss=0.4513, clf_loss=0.0006, lbl_loss=0.4507
Epoch 85 loss=0.4307, clf_loss=0.0011, lbl_loss=0.4296
Epoch 86 loss=0.4636, clf_loss=0.0014, lbl_loss=0.4622
Epoch 87 loss=0.4283, clf_loss=0.0005, lbl_loss=0.4278
Epoch 88 loss=0.4517, clf_loss=0.0004, lbl_loss=0.4513
Epoch 89 loss=0.4376, clf_loss=0.0006, lbl_loss=0.4370
Epoch 90 loss=0.4193, clf_loss=0.0006, lbl_loss=0.4187
Epoch 91 loss=0.4342, clf_loss=0.0012, lbl_loss=0.4331
Epoch 92 loss=0.4429, clf_loss=0.0008, lbl_loss=0.4420
Epoch 93 loss=0.4119, clf_loss=0.0009, lbl_loss=0.4110
Epoch 94 loss=0.4184, clf_loss=0.0006, lbl_loss=0.4178
Epoch 95 loss=0.4292, clf_loss=0.0006, lbl_loss=0.4286
Epoch 96 loss=0.4393, clf_loss=0.0003, lbl_loss=0.4390
Epoch 97 loss=0.4172, clf_loss=0.0013, lbl_loss=0.4159
Epoch 98 loss=0.4155, clf_loss=0.0067, lbl_loss=0.4088
Epoch 99 loss=0.4195, clf_loss=0.0010, lbl_loss=0.4185
Epoch 100 loss=0.4314, clf_loss=0.0004, lbl_loss=0.4310
Epoch 101 loss=0.3877, clf_loss=0.0006, lbl_loss=0.3871
Epoch 102 loss=0.3821, clf_loss=0.0007, lbl_loss=0.3814
Epoch 103 loss=0.4326, clf_loss=0.0045, lbl_loss=0.4282
Epoch 104 loss=0.3914, clf_loss=0.0006, lbl_loss=0.3908
Epoch 105 loss=0.3792, clf_loss=0.0007, lbl_loss=0.3785
Epoch 106 loss=0.4014, clf_loss=0.0005, lbl_loss=0.4010
Epoch 107 loss=0.3826, clf_loss=0.0004, lbl_loss=0.3822
Epoch 108 loss=0.4057, clf_loss=0.0004, lbl_loss=0.4053
Epoch 109 loss=0.3786, clf_loss=0.0004, lbl_loss=0.3782
Epoch 110 loss=0.3796, clf_loss=0.0004, lbl_loss=0.3791
Epoch 111 loss=0.3941, clf_loss=0.0003, lbl_loss=0.3938
Epoch 112 loss=0.3977, clf_loss=0.0004, lbl_loss=0.3973
Epoch 113 loss=0.3926, clf_loss=0.0004, lbl_loss=0.3921
Epoch 114 loss=0.3965, clf_loss=0.0007, lbl_loss=0.3957
Epoch 115 loss=0.3751, clf_loss=0.0003, lbl_loss=0.3748
Epoch 116 loss=0.3798, clf_loss=0.0008, lbl_loss=0.3790
Epoch 117 loss=0.3826, clf_loss=0.0004, lbl_loss=0.3823
Epoch 118 loss=0.3532, clf_loss=0.0003, lbl_loss=0.3529
Epoch 119 loss=0.3906, clf_loss=0.0002, lbl_loss=0.3904
Epoch 120 loss=0.3795, clf_loss=0.0004, lbl_loss=0.3791
Epoch 121 loss=0.3989, clf_loss=0.0004, lbl_loss=0.3985
Epoch 122 loss=0.3591, clf_loss=0.0003, lbl_loss=0.3588
Epoch 123 loss=0.3583, clf_loss=0.0003, lbl_loss=0.3580
Epoch 124 loss=0.3801, clf_loss=0.0002, lbl_loss=0.3799
Epoch 125 loss=0.3790, clf_loss=0.0003, lbl_loss=0.3788
Epoch 126 loss=0.3817, clf_loss=0.0002, lbl_loss=0.3815
Epoch 127 loss=0.3387, clf_loss=0.0004, lbl_loss=0.3382
Epoch 128 loss=0.3512, clf_loss=0.0006, lbl_loss=0.3507
Epoch 129 loss=0.3786, clf_loss=0.0002, lbl_loss=0.3784
Epoch 130 loss=0.3598, clf_loss=0.0002, lbl_loss=0.3596
Epoch 131 loss=0.3912, clf_loss=0.0004, lbl_loss=0.3908
Epoch 132 loss=0.4048, clf_loss=0.0020, lbl_loss=0.4028
Epoch 133 loss=0.3657, clf_loss=0.0003, lbl_loss=0.3654
Epoch 134 loss=0.3850, clf_loss=0.0002, lbl_loss=0.3848
Epoch 135 loss=0.3970, clf_loss=0.0002, lbl_loss=0.3967
Epoch 136 loss=0.3541, clf_loss=0.0003, lbl_loss=0.3538
Epoch 137 loss=0.3594, clf_loss=0.0003, lbl_loss=0.3591
Epoch 138 loss=0.3648, clf_loss=0.0002, lbl_loss=0.3646
Epoch 139 loss=0.3637, clf_loss=0.0003, lbl_loss=0.3634
Epoch 140 loss=0.3799, clf_loss=0.0003, lbl_loss=0.3795
Epoch 141 loss=0.3410, clf_loss=0.0015, lbl_loss=0.3396
Epoch 142 loss=0.3307, clf_loss=0.0004, lbl_loss=0.3304
Epoch 143 loss=0.3496, clf_loss=0.0003, lbl_loss=0.3493
Epoch 144 loss=0.3281, clf_loss=0.0004, lbl_loss=0.3277
Epoch 145 loss=0.3299, clf_loss=0.0004, lbl_loss=0.3295
Epoch 146 loss=0.3658, clf_loss=0.0004, lbl_loss=0.3654
Epoch 147 loss=0.3361, clf_loss=0.0014, lbl_loss=0.3347
Epoch 148 loss=0.3808, clf_loss=0.0003, lbl_loss=0.3805
Epoch 149 loss=0.3284, clf_loss=0.0003, lbl_loss=0.3281
Epoch 150 loss=0.3615, clf_loss=0.0002, lbl_loss=0.3613
Epoch 151 loss=0.3273, clf_loss=0.0007, lbl_loss=0.3266
Epoch 152 loss=0.3220, clf_loss=0.0004, lbl_loss=0.3216
Epoch 153 loss=0.3405, clf_loss=0.0002, lbl_loss=0.3403
Epoch 154 loss=0.3264, clf_loss=0.0002, lbl_loss=0.3262
Epoch 155 loss=0.3175, clf_loss=0.0002, lbl_loss=0.3173
Epoch 156 loss=0.3375, clf_loss=0.0002, lbl_loss=0.3373
Epoch 157 loss=0.3395, clf_loss=0.0001, lbl_loss=0.3394
Epoch 158 loss=0.3414, clf_loss=0.0001, lbl_loss=0.3413
Epoch 159 loss=0.3255, clf_loss=0.0001, lbl_loss=0.3254
Epoch 160 loss=0.3374, clf_loss=0.0001, lbl_loss=0.3373
Epoch 161 loss=0.3460, clf_loss=0.0001, lbl_loss=0.3459
Epoch 162 loss=0.3282, clf_loss=0.0001, lbl_loss=0.3281
Epoch 163 loss=0.3537, clf_loss=0.0001, lbl_loss=0.3536
Epoch 164 loss=0.3361, clf_loss=0.0002, lbl_loss=0.3359
Epoch 165 loss=0.3108, clf_loss=0.0002, lbl_loss=0.3106
Epoch 166 loss=0.3431, clf_loss=0.0002, lbl_loss=0.3429
Epoch 167 loss=0.3515, clf_loss=0.0006, lbl_loss=0.3509
Epoch 168 loss=0.3422, clf_loss=0.0001, lbl_loss=0.3421
Epoch 169 loss=0.3477, clf_loss=0.0002, lbl_loss=0.3476
Epoch 170 loss=0.3228, clf_loss=0.0001, lbl_loss=0.3227
Epoch 171 loss=0.3111, clf_loss=0.0001, lbl_loss=0.3110
Epoch 172 loss=0.3104, clf_loss=0.0001, lbl_loss=0.3103
Epoch 173 loss=0.3114, clf_loss=0.0021, lbl_loss=0.3093
Epoch 174 loss=0.3293, clf_loss=0.0002, lbl_loss=0.3291
Epoch 175 loss=0.3179, clf_loss=0.0001, lbl_loss=0.3178
Epoch 176 loss=0.3160, clf_loss=0.0002, lbl_loss=0.3158
Epoch 177 loss=0.3386, clf_loss=0.0002, lbl_loss=0.3385
Epoch 178 loss=0.3124, clf_loss=0.0002, lbl_loss=0.3122
Epoch 179 loss=0.3191, clf_loss=0.0001, lbl_loss=0.3190
Epoch 180 loss=0.3247, clf_loss=0.0002, lbl_loss=0.3245
Epoch 181 loss=0.3151, clf_loss=0.0002, lbl_loss=0.3149
Epoch 182 loss=0.3024, clf_loss=0.0002, lbl_loss=0.3022
Epoch 183 loss=0.3499, clf_loss=0.0002, lbl_loss=0.3497
Epoch 184 loss=0.3412, clf_loss=0.0001, lbl_loss=0.3411
Epoch 185 loss=0.3148, clf_loss=0.0003, lbl_loss=0.3145
Epoch 186 loss=0.3150, clf_loss=0.0001, lbl_loss=0.3149
Epoch 187 loss=0.3081, clf_loss=0.0004, lbl_loss=0.3076
Epoch 188 loss=0.2798, clf_loss=0.0002, lbl_loss=0.2796
Epoch 189 loss=0.3304, clf_loss=0.0002, lbl_loss=0.3301
Epoch 190 loss=0.3000, clf_loss=0.0001, lbl_loss=0.2999
Epoch 191 loss=0.3126, clf_loss=0.0001, lbl_loss=0.3125
Epoch 192 loss=0.2830, clf_loss=0.0002, lbl_loss=0.2829
Epoch 193 loss=0.2911, clf_loss=0.0002, lbl_loss=0.2910
Epoch 194 loss=0.3164, clf_loss=0.0001, lbl_loss=0.3163
Epoch 195 loss=0.3061, clf_loss=0.0001, lbl_loss=0.3060
Epoch 196 loss=0.3056, clf_loss=0.0001, lbl_loss=0.3056
Epoch 197 loss=0.3190, clf_loss=0.0001, lbl_loss=0.3189
Epoch 198 loss=0.2951, clf_loss=0.0001, lbl_loss=0.2950
Epoch 199 loss=0.3125, clf_loss=0.0002, lbl_loss=0.3123
Epoch 200 loss=0.2872, clf_loss=0.0002, lbl_loss=0.2870
Epoch 201 loss=0.3058, clf_loss=0.0002, lbl_loss=0.3056
Epoch 202 loss=0.3250, clf_loss=0.0002, lbl_loss=0.3248
Epoch 203 loss=0.3084, clf_loss=0.0001, lbl_loss=0.3083
Epoch 204 loss=0.3086, clf_loss=0.0001, lbl_loss=0.3085
Epoch 205 loss=0.2780, clf_loss=0.0001, lbl_loss=0.2779
Epoch 206 loss=0.2911, clf_loss=0.0001, lbl_loss=0.2910
Epoch 207 loss=0.3396, clf_loss=0.0001, lbl_loss=0.3395
Epoch 208 loss=0.2821, clf_loss=0.0001, lbl_loss=0.2820
Epoch 209 loss=0.2549, clf_loss=0.0001, lbl_loss=0.2547
Epoch 210 loss=0.2767, clf_loss=0.0002, lbl_loss=0.2766
Epoch 211 loss=0.3244, clf_loss=0.0002, lbl_loss=0.3243
Epoch 212 loss=0.3133, clf_loss=0.0002, lbl_loss=0.3131
Epoch 213 loss=0.2839, clf_loss=0.0001, lbl_loss=0.2838
Epoch 214 loss=0.3009, clf_loss=0.0001, lbl_loss=0.3008
Epoch 215 loss=0.2786, clf_loss=0.0001, lbl_loss=0.2785
Epoch 216 loss=0.3071, clf_loss=0.0001, lbl_loss=0.3071
Epoch 217 loss=0.2790, clf_loss=0.0001, lbl_loss=0.2789
Epoch 218 loss=0.2714, clf_loss=0.0001, lbl_loss=0.2713
Epoch 219 loss=0.3344, clf_loss=0.0003, lbl_loss=0.3341
Epoch 220 loss=0.3064, clf_loss=0.0001, lbl_loss=0.3063
Epoch 221 loss=0.2989, clf_loss=0.0002, lbl_loss=0.2987
Epoch 222 loss=0.2661, clf_loss=0.0001, lbl_loss=0.2661
Epoch 223 loss=0.2823, clf_loss=0.0001, lbl_loss=0.2822
Epoch 224 loss=0.2865, clf_loss=0.0001, lbl_loss=0.2864
Epoch 225 loss=0.2608, clf_loss=0.0001, lbl_loss=0.2607
Epoch 226 loss=0.3090, clf_loss=0.0001, lbl_loss=0.3089
Epoch 227 loss=0.2760, clf_loss=0.0000, lbl_loss=0.2760
Epoch 228 loss=0.3106, clf_loss=0.0001, lbl_loss=0.3105
Epoch 229 loss=0.2960, clf_loss=0.0001, lbl_loss=0.2960
Epoch 230 loss=0.2839, clf_loss=0.0001, lbl_loss=0.2838
Epoch 231 loss=0.2790, clf_loss=0.0001, lbl_loss=0.2789
Epoch 232 loss=0.2789, clf_loss=0.0001, lbl_loss=0.2788
Epoch 233 loss=0.3204, clf_loss=0.0001, lbl_loss=0.3204
Epoch 234 loss=0.2725, clf_loss=0.0001, lbl_loss=0.2724
Epoch 235 loss=0.2809, clf_loss=0.0004, lbl_loss=0.2805
Epoch 236 loss=0.2804, clf_loss=0.0001, lbl_loss=0.2804
Epoch 237 loss=0.3020, clf_loss=0.0005, lbl_loss=0.3016
Epoch 238 loss=0.2679, clf_loss=0.0000, lbl_loss=0.2679
Epoch 239 loss=0.2721, clf_loss=0.0001, lbl_loss=0.2720
Epoch 240 loss=0.2661, clf_loss=0.0000, lbl_loss=0.2661
Epoch 241 loss=0.2592, clf_loss=0.0000, lbl_loss=0.2592
Epoch 242 loss=0.2786, clf_loss=0.0001, lbl_loss=0.2786
Epoch 243 loss=0.2814, clf_loss=0.0001, lbl_loss=0.2813
Epoch 244 loss=0.2770, clf_loss=0.0000, lbl_loss=0.2770
Epoch 245 loss=0.2584, clf_loss=0.0002, lbl_loss=0.2582
Epoch 246 loss=0.2575, clf_loss=0.0001, lbl_loss=0.2574
Epoch 247 loss=0.2811, clf_loss=0.0001, lbl_loss=0.2810
Epoch 248 loss=0.2943, clf_loss=0.0000, lbl_loss=0.2943
Epoch 249 loss=0.2861, clf_loss=0.0001, lbl_loss=0.2860
Epoch 250 loss=0.2792, clf_loss=0.0001, lbl_loss=0.2791
Epoch 251 loss=0.2506, clf_loss=0.0001, lbl_loss=0.2505
Epoch 252 loss=0.2496, clf_loss=0.0001, lbl_loss=0.2495
Epoch 253 loss=0.2806, clf_loss=0.0003, lbl_loss=0.2803
Epoch 254 loss=0.2860, clf_loss=0.0001, lbl_loss=0.2860
Epoch 255 loss=0.3112, clf_loss=0.0001, lbl_loss=0.3111
Epoch 256 loss=0.2771, clf_loss=0.0002, lbl_loss=0.2768
Epoch 257 loss=0.2843, clf_loss=0.0000, lbl_loss=0.2843
Epoch 258 loss=0.2861, clf_loss=0.0002, lbl_loss=0.2859
Epoch 259 loss=0.2714, clf_loss=0.0000, lbl_loss=0.2714
Epoch 260 loss=0.2791, clf_loss=0.0001, lbl_loss=0.2790
Epoch 261 loss=0.2539, clf_loss=0.0000, lbl_loss=0.2538
Epoch 262 loss=0.2698, clf_loss=0.0000, lbl_loss=0.2697
Epoch 263 loss=0.2937, clf_loss=0.0000, lbl_loss=0.2937
Epoch 264 loss=0.2684, clf_loss=0.0000, lbl_loss=0.2684
Epoch 265 loss=0.2762, clf_loss=0.0000, lbl_loss=0.2761
Epoch 266 loss=0.2743, clf_loss=0.0001, lbl_loss=0.2742
Epoch 267 loss=0.2720, clf_loss=0.0000, lbl_loss=0.2719
Epoch 268 loss=0.2770, clf_loss=0.0000, lbl_loss=0.2770
Epoch 269 loss=0.2636, clf_loss=0.0000, lbl_loss=0.2636
Epoch 270 loss=0.2795, clf_loss=0.0000, lbl_loss=0.2794
Epoch 271 loss=0.2694, clf_loss=0.0002, lbl_loss=0.2692
Epoch 272 loss=0.2614, clf_loss=0.0001, lbl_loss=0.2613
Epoch 273 loss=0.2784, clf_loss=0.0001, lbl_loss=0.2783
Epoch 274 loss=0.2580, clf_loss=0.0001, lbl_loss=0.2580
Epoch 275 loss=0.2638, clf_loss=0.0002, lbl_loss=0.2636
Epoch 276 loss=0.2778, clf_loss=0.0000, lbl_loss=0.2778
Epoch 277 loss=0.2589, clf_loss=0.0001, lbl_loss=0.2588
Epoch 278 loss=0.2559, clf_loss=0.0000, lbl_loss=0.2558
Epoch 279 loss=0.2769, clf_loss=0.0001, lbl_loss=0.2769
Epoch 280 loss=0.2657, clf_loss=0.0000, lbl_loss=0.2656
Epoch 281 loss=0.2726, clf_loss=0.0001, lbl_loss=0.2724
Epoch 282 loss=0.2852, clf_loss=0.0001, lbl_loss=0.2852
Epoch 283 loss=0.2572, clf_loss=0.0000, lbl_loss=0.2572
Epoch 284 loss=0.2766, clf_loss=0.0003, lbl_loss=0.2764
Epoch 285 loss=0.2735, clf_loss=0.0000, lbl_loss=0.2735
Epoch 286 loss=0.2459, clf_loss=0.0002, lbl_loss=0.2458
Epoch 287 loss=0.2548, clf_loss=0.0000, lbl_loss=0.2548
Epoch 288 loss=0.2746, clf_loss=0.0000, lbl_loss=0.2745
Epoch 289 loss=0.2530, clf_loss=0.0000, lbl_loss=0.2530
Epoch 290 loss=0.2598, clf_loss=0.0000, lbl_loss=0.2598
Epoch 291 loss=0.2468, clf_loss=0.0000, lbl_loss=0.2468
Epoch 292 loss=0.2832, clf_loss=0.0001, lbl_loss=0.2831
Epoch 293 loss=0.2595, clf_loss=0.0001, lbl_loss=0.2595
Epoch 294 loss=0.2559, clf_loss=0.0000, lbl_loss=0.2558
Epoch 295 loss=0.2889, clf_loss=0.0000, lbl_loss=0.2889
Epoch 296 loss=0.2728, clf_loss=0.0001, lbl_loss=0.2727
Epoch 297 loss=0.2825, clf_loss=0.0000, lbl_loss=0.2825
Epoch 298 loss=0.2649, clf_loss=0.0000, lbl_loss=0.2648
Epoch 299 loss=0.2726, clf_loss=0.0000, lbl_loss=0.2725
Epoch 300 loss=0.2333, clf_loss=0.0000, lbl_loss=0.2332
Epoch 301 loss=0.2644, clf_loss=0.0000, lbl_loss=0.2644
Epoch 302 loss=0.2591, clf_loss=0.0016, lbl_loss=0.2576
Epoch 303 loss=0.2558, clf_loss=0.0000, lbl_loss=0.2557
Epoch 304 loss=0.2859, clf_loss=0.0001, lbl_loss=0.2859
Epoch 305 loss=0.2677, clf_loss=0.0000, lbl_loss=0.2677
Epoch 306 loss=0.2492, clf_loss=0.0001, lbl_loss=0.2491
Epoch 307 loss=0.2574, clf_loss=0.0000, lbl_loss=0.2574
Epoch 308 loss=0.2626, clf_loss=0.0001, lbl_loss=0.2625
Epoch 309 loss=0.2674, clf_loss=0.0001, lbl_loss=0.2673
Epoch 310 loss=0.2831, clf_loss=0.0000, lbl_loss=0.2831
Epoch 311 loss=0.2469, clf_loss=0.0003, lbl_loss=0.2466
Epoch 312 loss=0.2635, clf_loss=0.0001, lbl_loss=0.2635
Epoch 313 loss=0.2451, clf_loss=0.0000, lbl_loss=0.2451
Epoch 314 loss=0.2374, clf_loss=0.0000, lbl_loss=0.2374
Epoch 315 loss=0.2718, clf_loss=0.0000, lbl_loss=0.2718
Epoch 316 loss=0.2304, clf_loss=0.0000, lbl_loss=0.2303
Epoch 317 loss=0.2316, clf_loss=0.0002, lbl_loss=0.2314
Epoch 318 loss=0.2633, clf_loss=0.0000, lbl_loss=0.2632
Epoch 319 loss=0.2500, clf_loss=0.0002, lbl_loss=0.2499
Epoch 320 loss=0.2714, clf_loss=0.0000, lbl_loss=0.2714
Epoch 321 loss=0.2799, clf_loss=0.0001, lbl_loss=0.2798
Epoch 322 loss=0.2540, clf_loss=0.0000, lbl_loss=0.2540
Epoch 323 loss=0.2528, clf_loss=0.0000, lbl_loss=0.2527
Epoch 324 loss=0.2376, clf_loss=0.0000, lbl_loss=0.2376
Epoch 325 loss=0.2733, clf_loss=0.0000, lbl_loss=0.2733
Epoch 326 loss=0.2726, clf_loss=0.0001, lbl_loss=0.2725
Epoch 327 loss=0.2565, clf_loss=0.0000, lbl_loss=0.2565
Epoch 328 loss=0.2543, clf_loss=0.0000, lbl_loss=0.2543
Epoch 329 loss=0.2839, clf_loss=0.0000, lbl_loss=0.2838
Epoch 330 loss=0.2467, clf_loss=0.0000, lbl_loss=0.2467
Epoch 331 loss=0.2713, clf_loss=0.0000, lbl_loss=0.2713
Epoch 332 loss=0.2728, clf_loss=0.0019, lbl_loss=0.2709
Epoch 333 loss=0.2679, clf_loss=0.0066, lbl_loss=0.2613
Epoch 334 loss=0.2450, clf_loss=0.0000, lbl_loss=0.2449
Epoch 335 loss=0.2349, clf_loss=0.0002, lbl_loss=0.2347
Epoch 336 loss=0.2494, clf_loss=0.0002, lbl_loss=0.2493
Epoch 337 loss=0.2908, clf_loss=0.0004, lbl_loss=0.2903
Epoch 338 loss=0.2518, clf_loss=0.0007, lbl_loss=0.2511
Epoch 339 loss=0.2707, clf_loss=0.0003, lbl_loss=0.2704
Epoch 340 loss=0.2772, clf_loss=0.0011, lbl_loss=0.2761
Epoch 341 loss=0.2747, clf_loss=0.0003, lbl_loss=0.2743
Epoch 342 loss=0.2906, clf_loss=0.0002, lbl_loss=0.2904
Epoch 343 loss=0.2553, clf_loss=0.0007, lbl_loss=0.2546
Epoch 344 loss=0.2500, clf_loss=0.0014, lbl_loss=0.2486
Epoch 345 loss=0.2409, clf_loss=0.0024, lbl_loss=0.2385
Epoch 346 loss=0.2618, clf_loss=0.0029, lbl_loss=0.2588
Epoch 347 loss=0.2570, clf_loss=0.0001, lbl_loss=0.2570
Epoch 348 loss=0.2734, clf_loss=0.0000, lbl_loss=0.2734
Epoch 349 loss=0.2336, clf_loss=0.0000, lbl_loss=0.2336
Epoch 350 loss=0.2538, clf_loss=0.0000, lbl_loss=0.2538
Epoch 351 loss=0.2582, clf_loss=0.0000, lbl_loss=0.2582
Epoch 352 loss=0.2528, clf_loss=0.0000, lbl_loss=0.2528
Epoch 353 loss=0.2658, clf_loss=0.0000, lbl_loss=0.2658
Epoch 354 loss=0.2400, clf_loss=0.0000, lbl_loss=0.2400
Epoch 355 loss=0.2809, clf_loss=0.0000, lbl_loss=0.2809
Epoch 356 loss=0.2226, clf_loss=0.0000, lbl_loss=0.2226
Epoch 357 loss=0.2446, clf_loss=0.0000, lbl_loss=0.2446
Epoch 358 loss=0.2587, clf_loss=0.0000, lbl_loss=0.2587
Epoch 359 loss=0.2464, clf_loss=0.0000, lbl_loss=0.2464
Epoch 360 loss=0.2312, clf_loss=0.0000, lbl_loss=0.2312
Epoch 361 loss=0.2605, clf_loss=0.0000, lbl_loss=0.2605
Epoch 362 loss=0.2456, clf_loss=0.0000, lbl_loss=0.2456
Epoch 363 loss=0.2479, clf_loss=0.0000, lbl_loss=0.2479
Epoch 364 loss=0.2245, clf_loss=0.0000, lbl_loss=0.2245
Epoch 365 loss=0.2627, clf_loss=0.0000, lbl_loss=0.2627
Epoch 366 loss=0.2700, clf_loss=0.0000, lbl_loss=0.2700
Epoch 367 loss=0.2394, clf_loss=0.0000, lbl_loss=0.2394
Epoch 368 loss=0.2495, clf_loss=0.0000, lbl_loss=0.2495
Epoch 369 loss=0.2655, clf_loss=0.0000, lbl_loss=0.2655
Epoch 370 loss=0.2496, clf_loss=0.0000, lbl_loss=0.2496
Epoch 371 loss=0.2514, clf_loss=0.0000, lbl_loss=0.2514
Epoch 372 loss=0.2682, clf_loss=0.0000, lbl_loss=0.2682
Epoch 373 loss=0.2358, clf_loss=0.0000, lbl_loss=0.2357
Epoch 374 loss=0.2424, clf_loss=0.0000, lbl_loss=0.2424
Epoch 375 loss=0.2408, clf_loss=0.0001, lbl_loss=0.2407
Epoch 376 loss=0.2679, clf_loss=0.0050, lbl_loss=0.2630
Epoch 377 loss=0.2733, clf_loss=0.0000, lbl_loss=0.2733
Epoch 378 loss=0.2591, clf_loss=0.0000, lbl_loss=0.2591
Epoch 379 loss=0.2514, clf_loss=0.0000, lbl_loss=0.2514
Epoch 380 loss=0.2624, clf_loss=0.0000, lbl_loss=0.2624
Epoch 381 loss=0.2395, clf_loss=0.0000, lbl_loss=0.2395
Epoch 382 loss=0.2395, clf_loss=0.0000, lbl_loss=0.2395
Epoch 383 loss=0.2349, clf_loss=0.0000, lbl_loss=0.2349
Epoch 384 loss=0.2359, clf_loss=0.0000, lbl_loss=0.2359
Epoch 385 loss=0.2678, clf_loss=0.0000, lbl_loss=0.2678
Epoch 386 loss=0.2769, clf_loss=0.0000, lbl_loss=0.2769
Epoch 387 loss=0.2640, clf_loss=0.0001, lbl_loss=0.2639
Epoch 388 loss=0.2418, clf_loss=0.0001, lbl_loss=0.2417
Epoch 389 loss=0.2504, clf_loss=0.0000, lbl_loss=0.2504
Epoch 390 loss=0.2484, clf_loss=0.0000, lbl_loss=0.2484
Epoch 391 loss=0.3056, clf_loss=0.0000, lbl_loss=0.3056
Epoch 392 loss=0.2358, clf_loss=0.0001, lbl_loss=0.2357
Epoch 393 loss=0.2590, clf_loss=0.0000, lbl_loss=0.2590
Epoch 394 loss=0.2446, clf_loss=0.0000, lbl_loss=0.2446
Epoch 395 loss=0.2807, clf_loss=0.0000, lbl_loss=0.2807
Epoch 396 loss=0.2441, clf_loss=0.0000, lbl_loss=0.2441
Epoch 397 loss=0.2496, clf_loss=0.0000, lbl_loss=0.2496
Epoch 398 loss=0.2370, clf_loss=0.0000, lbl_loss=0.2370
Epoch 399 loss=0.2463, clf_loss=0.0000, lbl_loss=0.2463
  rotation 6: best ROC 0.9675 PR 0.9199 | valsel ROC 0.9586 (epoch 68) | 4950s
  wrote results/rotations/cs_nsreg_s3_E400_nsreg_rot6.json
