# gpu=7 cmd=/usr/bin/python3 -u baselines/run_nsreg.py --dataset cs --seed 42 --method nsreg --tag N201_nsreg --epochs 201 --rotations 8
/nas/home/jahin/.local/lib/python3.10/site-packages/requests/__init__.py:113: RequestsDependencyWarning: urllib3 (1.26.5) or chardet (7.2.0)/charset_normalizer (3.4.4) doesn't match a supported version!
  warnings.warn(
[0.03861888 0.02520046 0.11182021 0.02340043 0.07603775 0.11962036
 0.02023673 0.05040092 0.0422735  0.00643648 0.07876507 0.11089293
 0.02290951 0.2256041  0.04778269]
[cs] NSReg, rotations [np.int64(8)] of [np.int64(0), np.int64(1), np.int64(3), np.int64(6), np.int64(8), np.int64(9), np.int64(12), np.int64(14)]
[cs] n_epochs=201 eval_every=1 input_dim=6805 wd=0.0 lr=0.001
Normal classes: [2, 4, 5, 7, 10, 11, 13] in cs
using idx from: split_50.pkl - num known anomalies 50
num known anomalies: 50
Building multi-layer GraphSage
GRAPHSAGE used as the encoder
building the dataloader ...
/nas/home/jahin/.local/lib/python3.10/site-packages/torch/functional.py:554: UserWarning: torch.meshgrid: in an upcoming release, it will be required to pass the indexing argument. (Triggered internally at /pytorch/aten/src/ATen/native/TensorShape.cpp:4314.)
  return _VF.meshgrid(tensors, **kwargs)  # type: ignore[attr-defined]
num train pos edges: 324  num train neg edges: 950
NSReg Training ...
Batch mode: enabled original propertion
Epoch  0 loss=1.3615, clf_loss=0.6930, lbl_loss=0.6685
Epoch  1 loss=1.2696, clf_loss=0.5902, lbl_loss=0.6794
Epoch  2 loss=1.1797, clf_loss=0.5093, lbl_loss=0.6704
Epoch  3 loss=1.1040, clf_loss=0.4335, lbl_loss=0.6705
Epoch  4 loss=1.0263, clf_loss=0.3613, lbl_loss=0.6650
Epoch  5 loss=0.9810, clf_loss=0.3046, lbl_loss=0.6764
Epoch  6 loss=0.9300, clf_loss=0.2712, lbl_loss=0.6588
Epoch  7 loss=0.9257, clf_loss=0.2549, lbl_loss=0.6709
Epoch  8 loss=0.9283, clf_loss=0.2510, lbl_loss=0.6773
Epoch  9 loss=0.9275, clf_loss=0.2547, lbl_loss=0.6728
Epoch 10 loss=0.9298, clf_loss=0.2599, lbl_loss=0.6699
Epoch 11 loss=0.9234, clf_loss=0.2580, lbl_loss=0.6655
Epoch 12 loss=0.9094, clf_loss=0.2510, lbl_loss=0.6583
Epoch 13 loss=0.9172, clf_loss=0.2469, lbl_loss=0.6703
Epoch 14 loss=0.8963, clf_loss=0.2376, lbl_loss=0.6587
Epoch 15 loss=0.8874, clf_loss=0.2239, lbl_loss=0.6635
Epoch 16 loss=0.8789, clf_loss=0.2125, lbl_loss=0.6664
Epoch 17 loss=0.8613, clf_loss=0.2030, lbl_loss=0.6584
Epoch 18 loss=0.8540, clf_loss=0.1959, lbl_loss=0.6582
Epoch 19 loss=0.8416, clf_loss=0.1862, lbl_loss=0.6555
Epoch 20 loss=0.8390, clf_loss=0.1804, lbl_loss=0.6586
Epoch 21 loss=0.8306, clf_loss=0.1744, lbl_loss=0.6561
Epoch 22 loss=0.8246, clf_loss=0.1702, lbl_loss=0.6544
Epoch 23 loss=0.8194, clf_loss=0.1687, lbl_loss=0.6507
Epoch 24 loss=0.8026, clf_loss=0.1548, lbl_loss=0.6479
Epoch 25 loss=0.7985, clf_loss=0.1540, lbl_loss=0.6445
Epoch 26 loss=0.7877, clf_loss=0.1473, lbl_loss=0.6404
Epoch 27 loss=0.7781, clf_loss=0.1377, lbl_loss=0.6404
Epoch 28 loss=0.7680, clf_loss=0.1304, lbl_loss=0.6376
Epoch 29 loss=0.7658, clf_loss=0.1193, lbl_loss=0.6464
Epoch 30 loss=0.7544, clf_loss=0.1076, lbl_loss=0.6468
Epoch 31 loss=0.7406, clf_loss=0.0996, lbl_loss=0.6409
Epoch 32 loss=0.7220, clf_loss=0.0884, lbl_loss=0.6336
Epoch 33 loss=0.7284, clf_loss=0.0839, lbl_loss=0.6445
Epoch 34 loss=0.6874, clf_loss=0.0660, lbl_loss=0.6214
Epoch 35 loss=0.7028, clf_loss=0.0680, lbl_loss=0.6348
Epoch 36 loss=0.6805, clf_loss=0.0577, lbl_loss=0.6229
Epoch 37 loss=0.6830, clf_loss=0.0538, lbl_loss=0.6293
Epoch 38 loss=0.6720, clf_loss=0.0451, lbl_loss=0.6269
Epoch 39 loss=0.6656, clf_loss=0.0426, lbl_loss=0.6230
Epoch 40 loss=0.6343, clf_loss=0.0400, lbl_loss=0.5943
Epoch 41 loss=0.6587, clf_loss=0.0384, lbl_loss=0.6204
Epoch 42 loss=0.6177, clf_loss=0.0285, lbl_loss=0.5892
Epoch 43 loss=0.6122, clf_loss=0.0265, lbl_loss=0.5856
Epoch 44 loss=0.6179, clf_loss=0.0211, lbl_loss=0.5968
Epoch 45 loss=0.6169, clf_loss=0.0123, lbl_loss=0.6046
Epoch 46 loss=0.6068, clf_loss=0.0155, lbl_loss=0.5913
Epoch 47 loss=0.6041, clf_loss=0.0199, lbl_loss=0.5842
Epoch 48 loss=0.5921, clf_loss=0.0161, lbl_loss=0.5760
Epoch 49 loss=0.5759, clf_loss=0.0094, lbl_loss=0.5665
Epoch 50 loss=0.5974, clf_loss=0.0102, lbl_loss=0.5872
Epoch 51 loss=0.5931, clf_loss=0.0089, lbl_loss=0.5842
Epoch 52 loss=0.5787, clf_loss=0.0078, lbl_loss=0.5709
Epoch 53 loss=0.5801, clf_loss=0.0072, lbl_loss=0.5729
Epoch 54 loss=0.5760, clf_loss=0.0043, lbl_loss=0.5717
Epoch 55 loss=0.5415, clf_loss=0.0078, lbl_loss=0.5337
Epoch 56 loss=0.5258, clf_loss=0.0051, lbl_loss=0.5207
Epoch 57 loss=0.5754, clf_loss=0.0131, lbl_loss=0.5623
Epoch 58 loss=0.5679, clf_loss=0.0039, lbl_loss=0.5639
Epoch 59 loss=0.5596, clf_loss=0.0048, lbl_loss=0.5548
Epoch 60 loss=0.5539, clf_loss=0.0103, lbl_loss=0.5436
Epoch 61 loss=0.5436, clf_loss=0.0056, lbl_loss=0.5380
Epoch 62 loss=0.5393, clf_loss=0.0016, lbl_loss=0.5377
Epoch 63 loss=0.5182, clf_loss=0.0022, lbl_loss=0.5160
Epoch 64 loss=0.5314, clf_loss=0.0025, lbl_loss=0.5289
Epoch 65 loss=0.5155, clf_loss=0.0040, lbl_loss=0.5115
Epoch 66 loss=0.5291, clf_loss=0.0041, lbl_loss=0.5250
Epoch 67 loss=0.4984, clf_loss=0.0009, lbl_loss=0.4975
Epoch 68 loss=0.5516, clf_loss=0.0018, lbl_loss=0.5499
Epoch 69 loss=0.5375, clf_loss=0.0028, lbl_loss=0.5347
Epoch 70 loss=0.5311, clf_loss=0.0008, lbl_loss=0.5303
Epoch 71 loss=0.5544, clf_loss=0.0033, lbl_loss=0.5511
Epoch 72 loss=0.5152, clf_loss=0.0067, lbl_loss=0.5086
Epoch 73 loss=0.5207, clf_loss=0.0011, lbl_loss=0.5196
Epoch 74 loss=0.4913, clf_loss=0.0024, lbl_loss=0.4889
Epoch 75 loss=0.5033, clf_loss=0.0019, lbl_loss=0.5014
Epoch 76 loss=0.4931, clf_loss=0.0013, lbl_loss=0.4918
Epoch 77 loss=0.4827, clf_loss=0.0007, lbl_loss=0.4820
Epoch 78 loss=0.5048, clf_loss=0.0015, lbl_loss=0.5032
Epoch 79 loss=0.4845, clf_loss=0.0008, lbl_loss=0.4836
Epoch 80 loss=0.4691, clf_loss=0.0021, lbl_loss=0.4670
Epoch 81 loss=0.4963, clf_loss=0.0015, lbl_loss=0.4948
Epoch 82 loss=0.4708, clf_loss=0.0013, lbl_loss=0.4695
Epoch 83 loss=0.4806, clf_loss=0.0021, lbl_loss=0.4785
Epoch 84 loss=0.4701, clf_loss=0.0016, lbl_loss=0.4686
Epoch 85 loss=0.4824, clf_loss=0.0012, lbl_loss=0.4812
Epoch 86 loss=0.4631, clf_loss=0.0009, lbl_loss=0.4621
Epoch 87 loss=0.4584, clf_loss=0.0012, lbl_loss=0.4572
Epoch 88 loss=0.4746, clf_loss=0.0014, lbl_loss=0.4732
Epoch 89 loss=0.4656, clf_loss=0.0020, lbl_loss=0.4637
Epoch 90 loss=0.4347, clf_loss=0.0016, lbl_loss=0.4331
Epoch 91 loss=0.4160, clf_loss=0.0023, lbl_loss=0.4136
Epoch 92 loss=0.4238, clf_loss=0.0007, lbl_loss=0.4231
Epoch 93 loss=0.4122, clf_loss=0.0034, lbl_loss=0.4088
Epoch 94 loss=0.4296, clf_loss=0.0009, lbl_loss=0.4287
Epoch 95 loss=0.4108, clf_loss=0.0013, lbl_loss=0.4095
Epoch 96 loss=0.4226, clf_loss=0.0035, lbl_loss=0.4190
Epoch 97 loss=0.4364, clf_loss=0.0031, lbl_loss=0.4333
Epoch 98 loss=0.3821, clf_loss=0.0012, lbl_loss=0.3809
Epoch 99 loss=0.3984, clf_loss=0.0015, lbl_loss=0.3969
Epoch 100 loss=0.4174, clf_loss=0.0012, lbl_loss=0.4163
Epoch 101 loss=0.3795, clf_loss=0.0018, lbl_loss=0.3778
Epoch 102 loss=0.3895, clf_loss=0.0009, lbl_loss=0.3887
Epoch 103 loss=0.4133, clf_loss=0.0007, lbl_loss=0.4125
Epoch 104 loss=0.3807, clf_loss=0.0008, lbl_loss=0.3799
Epoch 105 loss=0.3835, clf_loss=0.0009, lbl_loss=0.3826
Epoch 106 loss=0.4139, clf_loss=0.0018, lbl_loss=0.4121
Epoch 107 loss=0.3693, clf_loss=0.0006, lbl_loss=0.3687
Epoch 108 loss=0.4097, clf_loss=0.0011, lbl_loss=0.4086
Epoch 109 loss=0.3861, clf_loss=0.0009, lbl_loss=0.3852
Epoch 110 loss=0.3669, clf_loss=0.0011, lbl_loss=0.3658
Epoch 111 loss=0.4228, clf_loss=0.0007, lbl_loss=0.4221
Epoch 112 loss=0.3898, clf_loss=0.0024, lbl_loss=0.3874
Epoch 113 loss=0.3547, clf_loss=0.0014, lbl_loss=0.3534
Epoch 114 loss=0.3704, clf_loss=0.0011, lbl_loss=0.3693
Epoch 115 loss=0.4008, clf_loss=0.0015, lbl_loss=0.3993
Epoch 116 loss=0.3916, clf_loss=0.0012, lbl_loss=0.3904
Epoch 117 loss=0.3907, clf_loss=0.0008, lbl_loss=0.3899
Epoch 118 loss=0.3866, clf_loss=0.0027, lbl_loss=0.3840
Epoch 119 loss=0.3774, clf_loss=0.0006, lbl_loss=0.3768
Epoch 120 loss=0.3899, clf_loss=0.0012, lbl_loss=0.3887
Epoch 121 loss=0.3699, clf_loss=0.0018, lbl_loss=0.3681
Epoch 122 loss=0.3801, clf_loss=0.0006, lbl_loss=0.3795
Epoch 123 loss=0.3509, clf_loss=0.0007, lbl_loss=0.3502
Epoch 124 loss=0.3836, clf_loss=0.0012, lbl_loss=0.3824
Epoch 125 loss=0.3550, clf_loss=0.0009, lbl_loss=0.3541
Epoch 126 loss=0.3835, clf_loss=0.0004, lbl_loss=0.3831
Epoch 127 loss=0.3567, clf_loss=0.0006, lbl_loss=0.3561
Epoch 128 loss=0.3742, clf_loss=0.0007, lbl_loss=0.3734
Epoch 129 loss=0.3671, clf_loss=0.0005, lbl_loss=0.3667
Epoch 130 loss=0.3492, clf_loss=0.0004, lbl_loss=0.3488
Epoch 131 loss=0.3611, clf_loss=0.0008, lbl_loss=0.3602
Epoch 132 loss=0.3600, clf_loss=0.0006, lbl_loss=0.3594
Epoch 133 loss=0.3238, clf_loss=0.0006, lbl_loss=0.3232
Epoch 134 loss=0.3503, clf_loss=0.0006, lbl_loss=0.3497
Epoch 135 loss=0.3772, clf_loss=0.0006, lbl_loss=0.3765
Epoch 136 loss=0.3442, clf_loss=0.0008, lbl_loss=0.3435
Epoch 137 loss=0.3626, clf_loss=0.0015, lbl_loss=0.3611
Epoch 138 loss=0.3289, clf_loss=0.0006, lbl_loss=0.3283
Epoch 139 loss=0.3631, clf_loss=0.0006, lbl_loss=0.3625
Epoch 140 loss=0.3534, clf_loss=0.0007, lbl_loss=0.3527
Epoch 141 loss=0.3263, clf_loss=0.0006, lbl_loss=0.3257
Epoch 142 loss=0.3463, clf_loss=0.0008, lbl_loss=0.3455
Epoch 143 loss=0.3390, clf_loss=0.0008, lbl_loss=0.3383
Epoch 144 loss=0.3638, clf_loss=0.0020, lbl_loss=0.3618
Epoch 145 loss=0.3541, clf_loss=0.0006, lbl_loss=0.3535
Epoch 146 loss=0.3353, clf_loss=0.0006, lbl_loss=0.3348
Epoch 147 loss=0.3257, clf_loss=0.0008, lbl_loss=0.3249
Epoch 148 loss=0.3457, clf_loss=0.0010, lbl_loss=0.3447
Epoch 149 loss=0.3706, clf_loss=0.0007, lbl_loss=0.3699
Epoch 150 loss=0.3299, clf_loss=0.0005, lbl_loss=0.3295
Epoch 151 loss=0.3609, clf_loss=0.0006, lbl_loss=0.3604
Epoch 152 loss=0.3484, clf_loss=0.0011, lbl_loss=0.3473
Epoch 153 loss=0.3540, clf_loss=0.0008, lbl_loss=0.3532
Epoch 154 loss=0.3450, clf_loss=0.0005, lbl_loss=0.3445
Epoch 155 loss=0.3229, clf_loss=0.0023, lbl_loss=0.3206
Epoch 156 loss=0.3527, clf_loss=0.0005, lbl_loss=0.3522
Epoch 157 loss=0.3482, clf_loss=0.0010, lbl_loss=0.3471
Epoch 158 loss=0.3507, clf_loss=0.0020, lbl_loss=0.3487
Epoch 159 loss=0.3290, clf_loss=0.0010, lbl_loss=0.3280
Epoch 160 loss=0.3295, clf_loss=0.0009, lbl_loss=0.3286
Epoch 161 loss=0.3237, clf_loss=0.0005, lbl_loss=0.3233
Epoch 162 loss=0.3229, clf_loss=0.0005, lbl_loss=0.3223
Epoch 163 loss=0.3280, clf_loss=0.0007, lbl_loss=0.3272
Epoch 164 loss=0.3057, clf_loss=0.0006, lbl_loss=0.3051
Epoch 165 loss=0.3259, clf_loss=0.0008, lbl_loss=0.3251
Epoch 166 loss=0.3399, clf_loss=0.0007, lbl_loss=0.3392
Epoch 167 loss=0.3168, clf_loss=0.0013, lbl_loss=0.3155
Epoch 168 loss=0.3006, clf_loss=0.0007, lbl_loss=0.2999
Epoch 169 loss=0.3493, clf_loss=0.0008, lbl_loss=0.3485
Epoch 170 loss=0.3010, clf_loss=0.0004, lbl_loss=0.3007
Epoch 171 loss=0.3429, clf_loss=0.0007, lbl_loss=0.3421
Epoch 172 loss=0.3468, clf_loss=0.0015, lbl_loss=0.3454
Epoch 173 loss=0.3305, clf_loss=0.0005, lbl_loss=0.3300
Epoch 174 loss=0.3220, clf_loss=0.0005, lbl_loss=0.3215
Epoch 175 loss=0.3277, clf_loss=0.0005, lbl_loss=0.3272
Epoch 176 loss=0.3223, clf_loss=0.0004, lbl_loss=0.3219
Epoch 177 loss=0.3185, clf_loss=0.0005, lbl_loss=0.3181
Epoch 178 loss=0.3450, clf_loss=0.0004, lbl_loss=0.3446
Epoch 179 loss=0.3186, clf_loss=0.0005, lbl_loss=0.3181
Epoch 180 loss=0.3168, clf_loss=0.0003, lbl_loss=0.3166
Epoch 181 loss=0.3156, clf_loss=0.0008, lbl_loss=0.3148
Epoch 182 loss=0.3428, clf_loss=0.0005, lbl_loss=0.3423
Epoch 183 loss=0.3308, clf_loss=0.0003, lbl_loss=0.3305
Epoch 184 loss=0.3268, clf_loss=0.0004, lbl_loss=0.3264
Epoch 185 loss=0.3040, clf_loss=0.0005, lbl_loss=0.3035
Epoch 186 loss=0.2911, clf_loss=0.0008, lbl_loss=0.2903
Epoch 187 loss=0.3243, clf_loss=0.0006, lbl_loss=0.3237
Epoch 188 loss=0.3232, clf_loss=0.0010, lbl_loss=0.3222
Epoch 189 loss=0.2886, clf_loss=0.0007, lbl_loss=0.2879
Epoch 190 loss=0.2877, clf_loss=0.0008, lbl_loss=0.2869
Epoch 191 loss=0.3066, clf_loss=0.0011, lbl_loss=0.3055
Epoch 192 loss=0.3288, clf_loss=0.0058, lbl_loss=0.3230
Epoch 193 loss=0.2989, clf_loss=0.0013, lbl_loss=0.2976
Epoch 194 loss=0.3133, clf_loss=0.0010, lbl_loss=0.3124
Epoch 195 loss=0.2967, clf_loss=0.0008, lbl_loss=0.2959
Epoch 196 loss=0.3151, clf_loss=0.0051, lbl_loss=0.3099
Epoch 197 loss=0.2980, clf_loss=0.0007, lbl_loss=0.2972
Epoch 198 loss=0.3022, clf_loss=0.0005, lbl_loss=0.3017
Epoch 199 loss=0.2940, clf_loss=0.0005, lbl_loss=0.2935
Epoch 200 loss=0.3162, clf_loss=0.0002, lbl_loss=0.3159
  rotation 8: best ROC 0.9804 PR 0.9466 | valsel ROC 0.9778 (epoch 95) | 5098s
  wrote results/rotations/cs_nsreg_s42_N201_nsreg_rot8.json
