# gpu=3 cmd=/usr/bin/python3 -u main.py --dataset ogbn-mag --seed 1 --method outpost --tag A_main --rotations 195
/nas/home/jahin/.local/lib/python3.10/site-packages/requests/__init__.py:113: RequestsDependencyWarning: urllib3 (1.26.5) or chardet (7.2.0)/charset_normalizer (3.4.4) doesn't match a supported version!
  warnings.warn(
[ogbn-mag] anomaly classes (rotations): [np.int64(2), np.int64(39), np.int64(143), np.int64(151), np.int64(176), np.int64(195), np.int64(206), np.int64(215), np.int64(216), np.int64(231), np.int64(263), np.int64(282), np.int64(321), np.int64(327), np.int64(341)]
[ogbn-mag] running subset: [np.int64(195)]
Normal classes: [np.int64(0), np.int64(1), np.int64(3), np.int64(4), np.int64(5), np.int64(6), np.int64(7), np.int64(8), np.int64(9), np.int64(10), np.int64(11), np.int64(12), np.int64(13), np.int64(14), np.int64(15), np.int64(16), np.int64(17), np.int64(18), np.int64(19), np.int64(20), np.int64(21), np.int64(22), np.int64(23), np.int64(24), np.int64(25), np.int64(26), np.int64(27), np.int64(28), np.int64(29), np.int64(30), np.int64(31), np.int64(32), np.int64(33), np.int64(34), np.int64(35), np.int64(36), np.int64(37), np.int64(38), np.int64(40), np.int64(41), np.int64(42), np.int64(43), np.int64(44), np.int64(45), np.int64(46), np.int64(47), np.int64(48), np.int64(49), np.int64(50), np.int64(51), np.int64(52), np.int64(53), np.int64(54), np.int64(55), np.int64(56), np.int64(57), np.int64(58), np.int64(59), np.int64(60), np.int64(61), np.int64(62), np.int64(63), np.int64(64), np.int64(65), np.int64(66), np.int64(67), np.int64(68), np.int64(69), np.int64(70), np.int64(71), np.int64(72), np.int64(73), np.int64(74), np.int64(75), np.int64(76), np.int64(77), np.int64(78), np.int64(79), np.int64(80), np.int64(81), np.int64(82), np.int64(83), np.int64(84), np.int64(85), np.int64(86), np.int64(87), np.int64(88), np.int64(89), np.int64(90), np.int64(91), np.int64(92), np.int64(93), np.int64(94), np.int64(95), np.int64(96), np.int64(97), np.int64(98), np.int64(99), np.int64(100), np.int64(101), np.int64(102), np.int64(103), np.int64(104), np.int64(105), np.int64(106), np.int64(107), np.int64(108), np.int64(109), np.int64(110), np.int64(111), np.int64(112), np.int64(113), np.int64(114), np.int64(115), np.int64(116), np.int64(117), np.int64(118), np.int64(119), np.int64(120), np.int64(121), np.int64(122), np.int64(123), np.int64(124), np.int64(125), np.int64(126), np.int64(127), np.int64(128), np.int64(129), np.int64(130), np.int64(131), np.int64(132), np.int64(133), np.int64(134), np.int64(135), np.int64(136), np.int64(137), np.int64(138), np.int64(139), np.int64(140), np.int64(141), np.int64(142), np.int64(144), np.int64(145), np.int64(146), np.int64(147), np.int64(148), np.int64(149), np.int64(150), np.int64(152), np.int64(153), np.int64(154), np.int64(155), np.int64(156), np.int64(157), np.int64(158), np.int64(159), np.int64(160), np.int64(161), np.int64(162), np.int64(163), np.int64(164), np.int64(165), np.int64(166), np.int64(167), np.int64(168), np.int64(169), np.int64(170), np.int64(171), np.int64(172), np.int64(173), np.int64(174), np.int64(175), np.int64(177), np.int64(178), np.int64(179), np.int64(180), np.int64(181), np.int64(182), np.int64(183), np.int64(184), np.int64(185), np.int64(186), np.int64(187), np.int64(188), np.int64(189), np.int64(190), np.int64(191), np.int64(192), np.int64(193), np.int64(194), np.int64(196), np.int64(197), np.int64(198), np.int64(199), np.int64(200), np.int64(201), np.int64(202), np.int64(203), np.int64(204), np.int64(205), np.int64(207), np.int64(208), np.int64(209), np.int64(210), np.int64(211), np.int64(212), np.int64(213), np.int64(214), np.int64(217), np.int64(218), np.int64(219), np.int64(220), np.int64(221), np.int64(222), np.int64(223), np.int64(224), np.int64(225), np.int64(226), np.int64(227), np.int64(228), np.int64(229), np.int64(230), np.int64(232), np.int64(233), np.int64(234), np.int64(235), np.int64(236), np.int64(237), np.int64(238), np.int64(239), np.int64(240), np.int64(241), np.int64(242), np.int64(243), np.int64(244), np.int64(245), np.int64(246), np.int64(247), np.int64(248), np.int64(249), np.int64(250), np.int64(251), np.int64(252), np.int64(253), np.int64(254), np.int64(255), np.int64(256), np.int64(257), np.int64(258), np.int64(259), np.int64(260), np.int64(261), np.int64(262), np.int64(264), np.int64(265), np.int64(266), np.int64(267), np.int64(268), np.int64(269), np.int64(270), np.int64(271), np.int64(272), np.int64(273), np.int64(274), np.int64(275), np.int64(276), np.int64(277), np.int64(278), np.int64(279), np.int64(280), np.int64(281), np.int64(283), np.int64(284), np.int64(285), np.int64(286), np.int64(287), np.int64(288), np.int64(289), np.int64(290), np.int64(291), np.int64(292), np.int64(293), np.int64(294), np.int64(295), np.int64(296), np.int64(297), np.int64(298), np.int64(299), np.int64(300), np.int64(301), np.int64(302), np.int64(303), np.int64(304), np.int64(305), np.int64(306), np.int64(307), np.int64(308), np.int64(309), np.int64(310), np.int64(311), np.int64(312), np.int64(313), np.int64(314), np.int64(315), np.int64(316), np.int64(317), np.int64(318), np.int64(319), np.int64(320), np.int64(322), np.int64(323), np.int64(324), np.int64(325), np.int64(326), np.int64(328), np.int64(329), np.int64(330), np.int64(331), np.int64(332), np.int64(333), np.int64(334), np.int64(335), np.int64(336), np.int64(337), np.int64(338), np.int64(339), np.int64(340), np.int64(342), np.int64(343), np.int64(344), np.int64(345), np.int64(346), np.int64(347), np.int64(348)] in ogbn-mag
Building multi-layer GraphSage
[OUTPOST-v4] epoch 0: test-all ROC 0.5257 PR 0.0055 | unseen ROC 0.5270 PR 0.0053 | valAUC 0.3573 | tau+ 0.500
[OUTPOST-v4] epoch 1: test-all ROC 0.5222 PR 0.0052 | unseen ROC 0.5231 PR 0.0050 | valAUC 0.4033 | tau+ 0.500
[OUTPOST-v4] epoch 2: test-all ROC 0.5191 PR 0.0051 | unseen ROC 0.5197 PR 0.0049 | valAUC 0.3691 | tau+ 0.500
[OUTPOST-v4] epoch 3: test-all ROC 0.5151 PR 0.0051 | unseen ROC 0.5163 PR 0.0049 | valAUC 0.3577 | tau+ 0.500
[OUTPOST-v4] epoch 4: test-all ROC 0.5164 PR 0.0051 | unseen ROC 0.5172 PR 0.0049 | valAUC 0.3385 | tau+ 0.500
[OUTPOST-v4] epoch 5: test-all ROC 0.5138 PR 0.0050 | unseen ROC 0.5141 PR 0.0048 | valAUC 0.3548 | tau+ 0.500
[OUTPOST-v4] epoch 6: test-all ROC 0.5117 PR 0.0049 | unseen ROC 0.5126 PR 0.0048 | valAUC 0.3355 | tau+ 0.500
[OUTPOST-v4] epoch 7: test-all ROC 0.5139 PR 0.0050 | unseen ROC 0.5150 PR 0.0048 | valAUC 0.3416 | tau+ 0.500
[OUTPOST-v4] epoch 8: test-all ROC 0.5140 PR 0.0050 | unseen ROC 0.5147 PR 0.0048 | valAUC 0.3491 | tau+ 0.500
[OUTPOST-v4] epoch 9: test-all ROC 0.5206 PR 0.0051 | unseen ROC 0.5215 PR 0.0049 | valAUC 0.3707 | tau+ 0.500
[OUTPOST-v4] epoch 10: test-all ROC 0.5207 PR 0.0051 | unseen ROC 0.5206 PR 0.0049 | valAUC 0.3638 | tau+ 0.500
[OUTPOST-v4] epoch 11: test-all ROC 0.5246 PR 0.0051 | unseen ROC 0.5244 PR 0.0049 | valAUC 0.3840 | tau+ 0.500
[OUTPOST-v4] epoch 12: test-all ROC 0.5301 PR 0.0051 | unseen ROC 0.5288 PR 0.0049 | valAUC 0.3966 | tau+ 0.500
[OUTPOST-v4] epoch 13: test-all ROC 0.5327 PR 0.0051 | unseen ROC 0.5314 PR 0.0049 | valAUC 0.4450 | tau+ 0.500
[OUTPOST-v4] epoch 14: test-all ROC 0.5392 PR 0.0052 | unseen ROC 0.5367 PR 0.0049 | valAUC 0.4933 | tau+ 0.500
[OUTPOST-v4] epoch 15: test-all ROC 0.5432 PR 0.0052 | unseen ROC 0.5397 PR 0.0049 | valAUC 0.5195 | tau+ 0.500
[OUTPOST-v4] epoch 16: test-all ROC 0.5517 PR 0.0053 | unseen ROC 0.5477 PR 0.0050 | valAUC 0.5603 | tau+ 0.500
[OUTPOST-v4] epoch 17: test-all ROC 0.5576 PR 0.0053 | unseen ROC 0.5526 PR 0.0050 | valAUC 0.5913 | tau+ 0.500
[OUTPOST-v4] epoch 18: test-all ROC 0.5660 PR 0.0054 | unseen ROC 0.5599 PR 0.0051 | valAUC 0.6499 | tau+ 0.500
[OUTPOST-v4] epoch 19: test-all ROC 0.5726 PR 0.0055 | unseen ROC 0.5653 PR 0.0051 | valAUC 0.6919 | tau+ 0.500
[OUTPOST-v4] epoch 20: test-all ROC 0.5802 PR 0.0056 | unseen ROC 0.5719 PR 0.0052 | valAUC 0.7242 | tau+ 0.500
[OUTPOST-v4] epoch 21: test-all ROC 0.5834 PR 0.0056 | unseen ROC 0.5747 PR 0.0052 | valAUC 0.7335 | tau+ 0.500
[OUTPOST-v4] epoch 22: test-all ROC 0.5882 PR 0.0057 | unseen ROC 0.5790 PR 0.0053 | valAUC 0.7706 | tau+ 0.500
[OUTPOST-v4] epoch 23: test-all ROC 0.5943 PR 0.0058 | unseen ROC 0.5840 PR 0.0053 | valAUC 0.8017 | tau+ 0.500
[OUTPOST-v4] epoch 24: test-all ROC 0.6021 PR 0.0060 | unseen ROC 0.5904 PR 0.0054 | valAUC 0.8405 | tau+ 0.500
[OUTPOST-v4] epoch 25: test-all ROC 0.6098 PR 0.0062 | unseen ROC 0.5975 PR 0.0056 | valAUC 0.8877 | tau+ 0.500
[OUTPOST-v4] epoch 26: test-all ROC 0.6157 PR 0.0063 | unseen ROC 0.6029 PR 0.0056 | valAUC 0.8941 | tau+ 0.500
[OUTPOST-v4] epoch 27: test-all ROC 0.6180 PR 0.0063 | unseen ROC 0.6055 PR 0.0056 | valAUC 0.9144 | tau+ 0.500
[OUTPOST-v4] epoch 28: test-all ROC 0.6191 PR 0.0062 | unseen ROC 0.6070 PR 0.0056 | valAUC 0.9156 | tau+ 0.500
[OUTPOST-v4] epoch 29: test-all ROC 0.6171 PR 0.0063 | unseen ROC 0.6052 PR 0.0056 | valAUC 0.9161 | tau+ 0.500
[OUTPOST-v4] epoch 30: test-all ROC 0.6123 PR 0.0062 | unseen ROC 0.6007 PR 0.0056 | valAUC 0.9228 | tau+ 0.500
[OUTPOST-v4] epoch 31: test-all ROC 0.6079 PR 0.0061 | unseen ROC 0.5968 PR 0.0055 | valAUC 0.9128 | tau+ 0.500
[OUTPOST-v4] epoch 32: test-all ROC 0.6046 PR 0.0061 | unseen ROC 0.5938 PR 0.0055 | valAUC 0.9150 | tau+ 0.500
[OUTPOST-v4] epoch 33: test-all ROC 0.5985 PR 0.0060 | unseen ROC 0.5878 PR 0.0054 | valAUC 0.9222 | tau+ 0.500
[OUTPOST-v4] epoch 34: test-all ROC 0.5979 PR 0.0060 | unseen ROC 0.5876 PR 0.0054 | valAUC 0.9191 | tau+ 0.500
[OUTPOST-v4] epoch 35: test-all ROC 0.5972 PR 0.0060 | unseen ROC 0.5869 PR 0.0054 | valAUC 0.9153 | tau+ 0.500
[OUTPOST-v4] epoch 36: test-all ROC 0.5967 PR 0.0060 | unseen ROC 0.5866 PR 0.0054 | valAUC 0.9241 | tau+ 0.500
[OUTPOST-v4] epoch 37: test-all ROC 0.5978 PR 0.0060 | unseen ROC 0.5879 PR 0.0054 | valAUC 0.9206 | tau+ 0.500
[OUTPOST-v4] epoch 38: test-all ROC 0.5984 PR 0.0060 | unseen ROC 0.5886 PR 0.0054 | valAUC 0.9137 | tau+ 0.500
[OUTPOST-v4] epoch 39: test-all ROC 0.5990 PR 0.0060 | unseen ROC 0.5892 PR 0.0054 | valAUC 0.9198 | tau+ 0.500
[OUTPOST-v4] epoch 40: test-all ROC 0.6011 PR 0.0062 | unseen ROC 0.5914 PR 0.0056 | valAUC 0.9172 | tau+ 0.500
[OUTPOST-v4] epoch 41: test-all ROC 0.6043 PR 0.0060 | unseen ROC 0.5945 PR 0.0054 | valAUC 0.9186 | tau+ 0.500
[OUTPOST-v4] epoch 42: test-all ROC 0.6077 PR 0.0060 | unseen ROC 0.5979 PR 0.0055 | valAUC 0.9188 | tau+ 0.500
[OUTPOST-v4] epoch 43: test-all ROC 0.6108 PR 0.0061 | unseen ROC 0.6009 PR 0.0055 | valAUC 0.9235 | tau+ 0.500
[OUTPOST-v4] epoch 44: test-all ROC 0.6151 PR 0.0061 | unseen ROC 0.6050 PR 0.0055 | valAUC 0.9153 | tau+ 0.500
[OUTPOST-v4] epoch 45: test-all ROC 0.6194 PR 0.0061 | unseen ROC 0.6093 PR 0.0055 | valAUC 0.9202 | tau+ 0.500
[OUTPOST-v4] epoch 46: test-all ROC 0.6233 PR 0.0062 | unseen ROC 0.6132 PR 0.0056 | valAUC 0.9206 | tau+ 0.500
[OUTPOST-v4] epoch 47: test-all ROC 0.6272 PR 0.0062 | unseen ROC 0.6171 PR 0.0056 | valAUC 0.9217 | tau+ 0.500
[OUTPOST-v4] epoch 48: test-all ROC 0.6325 PR 0.0063 | unseen ROC 0.6224 PR 0.0057 | valAUC 0.9263 | tau+ 0.500
[OUTPOST-v4] epoch 49: test-all ROC 0.6332 PR 0.0063 | unseen ROC 0.6229 PR 0.0057 | valAUC 0.9247 | tau+ 0.500
[OUTPOST-v4] epoch 50: test-all ROC 0.6382 PR 0.0063 | unseen ROC 0.6280 PR 0.0057 | valAUC 0.9152 | tau+ 0.500
[OUTPOST-v4] epoch 51: test-all ROC 0.6396 PR 0.0064 | unseen ROC 0.6292 PR 0.0058 | valAUC 0.9218 | tau+ 0.500
[OUTPOST-v4] epoch 52: test-all ROC 0.6406 PR 0.0064 | unseen ROC 0.6303 PR 0.0058 | valAUC 0.9282 | tau+ 0.500
[OUTPOST-v4] epoch 53: test-all ROC 0.6426 PR 0.0064 | unseen ROC 0.6322 PR 0.0058 | valAUC 0.9273 | tau+ 0.500
[OUTPOST-v4] epoch 54: test-all ROC 0.6443 PR 0.0064 | unseen ROC 0.6338 PR 0.0058 | valAUC 0.9238 | tau+ 0.500
[OUTPOST-v4] epoch 55: test-all ROC 0.6445 PR 0.0064 | unseen ROC 0.6340 PR 0.0058 | valAUC 0.9180 | tau+ 0.500
[OUTPOST-v4] epoch 56: test-all ROC 0.6457 PR 0.0064 | unseen ROC 0.6351 PR 0.0058 | valAUC 0.9234 | tau+ 0.500
[OUTPOST-v4] epoch 57: test-all ROC 0.6472 PR 0.0065 | unseen ROC 0.6365 PR 0.0058 | valAUC 0.9228 | tau+ 0.500
[OUTPOST-v4] epoch 58: test-all ROC 0.6484 PR 0.0065 | unseen ROC 0.6377 PR 0.0059 | valAUC 0.9248 | tau+ 0.500
[OUTPOST-v4] epoch 59: test-all ROC 0.6487 PR 0.0065 | unseen ROC 0.6380 PR 0.0059 | valAUC 0.9256 | tau+ 0.500
[OUTPOST-v4] epoch 60: test-all ROC 0.6486 PR 0.0065 | unseen ROC 0.6379 PR 0.0059 | valAUC 0.9268 | tau+ 0.500
[OUTPOST-v4] epoch 61: test-all ROC 0.6492 PR 0.0065 | unseen ROC 0.6383 PR 0.0058 | valAUC 0.9237 | tau+ 0.500
[OUTPOST-v4] epoch 62: test-all ROC 0.6490 PR 0.0065 | unseen ROC 0.6380 PR 0.0059 | valAUC 0.9307 | tau+ 0.500
[OUTPOST-v4] epoch 63: test-all ROC 0.6484 PR 0.0065 | unseen ROC 0.6373 PR 0.0059 | valAUC 0.9274 | tau+ 0.500
[OUTPOST-v4] epoch 64: test-all ROC 0.6500 PR 0.0065 | unseen ROC 0.6390 PR 0.0059 | valAUC 0.9173 | tau+ 0.500
[OUTPOST-v4] epoch 65: test-all ROC 0.6513 PR 0.0065 | unseen ROC 0.6404 PR 0.0059 | valAUC 0.9262 | tau+ 0.500
[OUTPOST-v4] epoch 66: test-all ROC 0.6501 PR 0.0065 | unseen ROC 0.6390 PR 0.0059 | valAUC 0.9293 | tau+ 0.500
[OUTPOST-v4] epoch 67: test-all ROC 0.6498 PR 0.0065 | unseen ROC 0.6386 PR 0.0059 | valAUC 0.9231 | tau+ 0.500
[OUTPOST-v4] epoch 68: test-all ROC 0.6502 PR 0.0065 | unseen ROC 0.6392 PR 0.0059 | valAUC 0.9279 | tau+ 0.500
[OUTPOST-v4] epoch 69: test-all ROC 0.6501 PR 0.0065 | unseen ROC 0.6391 PR 0.0059 | valAUC 0.9241 | tau+ 0.500
[OUTPOST-v4] epoch 70: test-all ROC 0.6515 PR 0.0065 | unseen ROC 0.6404 PR 0.0059 | valAUC 0.9271 | tau+ 0.500
[OUTPOST-v4] epoch 71: test-all ROC 0.6523 PR 0.0066 | unseen ROC 0.6412 PR 0.0059 | valAUC 0.9173 | tau+ 0.500
[OUTPOST-v4] epoch 72: test-all ROC 0.6523 PR 0.0066 | unseen ROC 0.6412 PR 0.0059 | valAUC 0.9267 | tau+ 0.500
[OUTPOST-v4] epoch 73: test-all ROC 0.6516 PR 0.0065 | unseen ROC 0.6405 PR 0.0059 | valAUC 0.9274 | tau+ 0.500
[OUTPOST-v4] epoch 74: test-all ROC 0.6517 PR 0.0065 | unseen ROC 0.6406 PR 0.0059 | valAUC 0.9284 | tau+ 0.500
[OUTPOST-v4] epoch 75: test-all ROC 0.6519 PR 0.0065 | unseen ROC 0.6409 PR 0.0059 | valAUC 0.9235 | tau+ 0.500
[OUTPOST-v4] epoch 76: test-all ROC 0.6514 PR 0.0065 | unseen ROC 0.6404 PR 0.0059 | valAUC 0.9269 | tau+ 0.500
[OUTPOST-v4] epoch 77: test-all ROC 0.6509 PR 0.0065 | unseen ROC 0.6398 PR 0.0059 | valAUC 0.9264 | tau+ 0.500
[OUTPOST-v4] epoch 78: test-all ROC 0.6520 PR 0.0065 | unseen ROC 0.6409 PR 0.0059 | valAUC 0.9274 | tau+ 0.500
[OUTPOST-v4] epoch 79: test-all ROC 0.6511 PR 0.0065 | unseen ROC 0.6399 PR 0.0059 | valAUC 0.9251 | tau+ 0.500
[OUTPOST-v4] epoch 80: test-all ROC 0.6514 PR 0.0065 | unseen ROC 0.6402 PR 0.0059 | valAUC 0.9291 | tau+ 0.500
[OUTPOST-v4] epoch 81: test-all ROC 0.6507 PR 0.0065 | unseen ROC 0.6395 PR 0.0059 | valAUC 0.9262 | tau+ 0.500
[OUTPOST-v4] epoch 82: test-all ROC 0.6511 PR 0.0065 | unseen ROC 0.6399 PR 0.0059 | valAUC 0.9315 | tau+ 0.500
[OUTPOST-v4] epoch 83: test-all ROC 0.6506 PR 0.0066 | unseen ROC 0.6395 PR 0.0059 | valAUC 0.9202 | tau+ 0.500
[OUTPOST-v4] epoch 84: test-all ROC 0.6519 PR 0.0065 | unseen ROC 0.6409 PR 0.0059 | valAUC 0.9308 | tau+ 0.500
[OUTPOST-v4] epoch 85: test-all ROC 0.6510 PR 0.0066 | unseen ROC 0.6398 PR 0.0059 | valAUC 0.9138 | tau+ 0.500
[OUTPOST-v4] epoch 86: test-all ROC 0.6507 PR 0.0066 | unseen ROC 0.6395 PR 0.0059 | valAUC 0.9252 | tau+ 0.500
[OUTPOST-v4] epoch 87: test-all ROC 0.6517 PR 0.0066 | unseen ROC 0.6405 PR 0.0059 | valAUC 0.9288 | tau+ 0.500
[OUTPOST-v4] epoch 88: test-all ROC 0.6515 PR 0.0066 | unseen ROC 0.6404 PR 0.0059 | valAUC 0.9288 | tau+ 0.500
[OUTPOST-v4] epoch 89: test-all ROC 0.6513 PR 0.0065 | unseen ROC 0.6401 PR 0.0059 | valAUC 0.9296 | tau+ 0.500
[OUTPOST-v4] epoch 90: test-all ROC 0.6516 PR 0.0067 | unseen ROC 0.6404 PR 0.0061 | valAUC 0.9279 | tau+ 0.500
[OUTPOST-v4] epoch 91: test-all ROC 0.6517 PR 0.0066 | unseen ROC 0.6404 PR 0.0059 | valAUC 0.9293 | tau+ 0.500
[OUTPOST-v4] epoch 92: test-all ROC 0.6511 PR 0.0066 | unseen ROC 0.6397 PR 0.0059 | valAUC 0.9297 | tau+ 0.500
[OUTPOST-v4] epoch 93: test-all ROC 0.6509 PR 0.0065 | unseen ROC 0.6395 PR 0.0059 | valAUC 0.9222 | tau+ 0.500
[OUTPOST-v4] epoch 94: test-all ROC 0.6520 PR 0.0066 | unseen ROC 0.6406 PR 0.0059 | valAUC 0.9277 | tau+ 0.500
[OUTPOST-v4] epoch 95: test-all ROC 0.6506 PR 0.0066 | unseen ROC 0.6391 PR 0.0059 | valAUC 0.9213 | tau+ 0.500
[OUTPOST-v4] epoch 96: test-all ROC 0.6513 PR 0.0066 | unseen ROC 0.6398 PR 0.0059 | valAUC 0.9311 | tau+ 0.500
[OUTPOST-v4] epoch 97: test-all ROC 0.6498 PR 0.0065 | unseen ROC 0.6383 PR 0.0059 | valAUC 0.9234 | tau+ 0.500
[OUTPOST-v4] epoch 98: test-all ROC 0.6495 PR 0.0066 | unseen ROC 0.6379 PR 0.0059 | valAUC 0.9274 | tau+ 0.500
[OUTPOST-v4] epoch 99: test-all ROC 0.6506 PR 0.0066 | unseen ROC 0.6391 PR 0.0059 | valAUC 0.9186 | tau+ 0.500
[OUTPOST-v4] epoch 100: test-all ROC 0.6505 PR 0.0066 | unseen ROC 0.6390 PR 0.0059 | valAUC 0.9250 | tau+ 0.500
[OUTPOST-v4] epoch 101: test-all ROC 0.6497 PR 0.0065 | unseen ROC 0.6382 PR 0.0059 | valAUC 0.9247 | tau+ 0.500
[OUTPOST-v4] epoch 102: test-all ROC 0.6500 PR 0.0066 | unseen ROC 0.6385 PR 0.0059 | valAUC 0.9238 | tau+ 0.500
[OUTPOST-v4] epoch 103: test-all ROC 0.6507 PR 0.0065 | unseen ROC 0.6392 PR 0.0059 | valAUC 0.9218 | tau+ 0.533
[OUTPOST-v4] epoch 104: test-all ROC 0.6490 PR 0.0065 | unseen ROC 0.6375 PR 0.0059 | valAUC 0.9242 | tau+ 0.563
[OUTPOST-v4] epoch 105: test-all ROC 0.6500 PR 0.0065 | unseen ROC 0.6385 PR 0.0059 | valAUC 0.9304 | tau+ 0.580
[OUTPOST-v4] epoch 106: test-all ROC 0.6494 PR 0.0065 | unseen ROC 0.6378 PR 0.0059 | valAUC 0.9279 | tau+ 0.595
[OUTPOST-v4] epoch 107: test-all ROC 0.6499 PR 0.0065 | unseen ROC 0.6383 PR 0.0059 | valAUC 0.9281 | tau+ 0.617
[OUTPOST-v4] epoch 108: test-all ROC 0.6494 PR 0.0066 | unseen ROC 0.6377 PR 0.0059 | valAUC 0.9229 | tau+ 0.642
[OUTPOST-v4] epoch 109: test-all ROC 0.6491 PR 0.0066 | unseen ROC 0.6374 PR 0.0059 | valAUC 0.9175 | tau+ 0.667
[OUTPOST-v4] epoch 110: test-all ROC 0.6498 PR 0.0066 | unseen ROC 0.6381 PR 0.0059 | valAUC 0.9159 | tau+ 0.703
[OUTPOST-v4] epoch 111: test-all ROC 0.6488 PR 0.0065 | unseen ROC 0.6371 PR 0.0059 | valAUC 0.9255 | tau+ 0.731
[OUTPOST-v4] epoch 112: test-all ROC 0.6471 PR 0.0065 | unseen ROC 0.6353 PR 0.0058 | valAUC 0.9236 | tau+ 0.750
[OUTPOST-v4] epoch 113: test-all ROC 0.6470 PR 0.0065 | unseen ROC 0.6352 PR 0.0059 | valAUC 0.9195 | tau+ 0.746
[OUTPOST-v4] epoch 114: test-all ROC 0.6463 PR 0.0065 | unseen ROC 0.6346 PR 0.0058 | valAUC 0.9161 | tau+ 0.743
[OUTPOST-v4] epoch 115: test-all ROC 0.6455 PR 0.0065 | unseen ROC 0.6336 PR 0.0058 | valAUC 0.9220 | tau+ 0.788
[OUTPOST-v4] epoch 116: test-all ROC 0.6471 PR 0.0065 | unseen ROC 0.6354 PR 0.0058 | valAUC 0.9204 | tau+ 0.816
[OUTPOST-v4] epoch 117: test-all ROC 0.6469 PR 0.0065 | unseen ROC 0.6349 PR 0.0058 | valAUC 0.9265 | tau+ 0.831
[OUTPOST-v4] epoch 118: test-all ROC 0.6469 PR 0.0065 | unseen ROC 0.6349 PR 0.0058 | valAUC 0.9218 | tau+ 0.823
[OUTPOST-v4] epoch 119: test-all ROC 0.6468 PR 0.0065 | unseen ROC 0.6349 PR 0.0058 | valAUC 0.9234 | tau+ 0.820
[OUTPOST-v4] epoch 120: test-all ROC 0.6473 PR 0.0066 | unseen ROC 0.6354 PR 0.0059 | valAUC 0.9218 | tau+ 0.800
[OUTPOST-v4] epoch 121: test-all ROC 0.6461 PR 0.0065 | unseen ROC 0.6341 PR 0.0058 | valAUC 0.9328 | tau+ 0.793
[OUTPOST-v4] epoch 122: test-all ROC 0.6467 PR 0.0065 | unseen ROC 0.6347 PR 0.0058 | valAUC 0.9263 | tau+ 0.780
[OUTPOST-v4] epoch 123: test-all ROC 0.6483 PR 0.0066 | unseen ROC 0.6363 PR 0.0059 | valAUC 0.9277 | tau+ 0.784
[OUTPOST-v4] epoch 124: test-all ROC 0.6486 PR 0.0065 | unseen ROC 0.6367 PR 0.0059 | valAUC 0.9309 | tau+ 0.789
[OUTPOST-v4] epoch 125: test-all ROC 0.6489 PR 0.0066 | unseen ROC 0.6369 PR 0.0059 | valAUC 0.9309 | tau+ 0.765
[OUTPOST-v4] epoch 126: test-all ROC 0.6485 PR 0.0066 | unseen ROC 0.6366 PR 0.0059 | valAUC 0.9279 | tau+ 0.739
[OUTPOST-v4] epoch 127: test-all ROC 0.6480 PR 0.0066 | unseen ROC 0.6360 PR 0.0059 | valAUC 0.9159 | tau+ 0.706
[OUTPOST-v4] epoch 128: test-all ROC 0.6492 PR 0.0066 | unseen ROC 0.6374 PR 0.0059 | valAUC 0.9261 | tau+ 0.726
[OUTPOST-v4] epoch 129: test-all ROC 0.6502 PR 0.0066 | unseen ROC 0.6382 PR 0.0059 | valAUC 0.9358 | tau+ 0.730
[OUTPOST-v4] epoch 130: test-all ROC 0.6517 PR 0.0067 | unseen ROC 0.6397 PR 0.0060 | valAUC 0.9309 | tau+ 0.717
[OUTPOST-v4] epoch 131: test-all ROC 0.6513 PR 0.0067 | unseen ROC 0.6393 PR 0.0060 | valAUC 0.9300 | tau+ 0.696
[OUTPOST-v4] epoch 132: test-all ROC 0.6524 PR 0.0067 | unseen ROC 0.6405 PR 0.0060 | valAUC 0.9346 | tau+ 0.717
[OUTPOST-v4] epoch 133: test-all ROC 0.6522 PR 0.0067 | unseen ROC 0.6403 PR 0.0060 | valAUC 0.9318 | tau+ 0.718
[OUTPOST-v4] epoch 134: test-all ROC 0.6527 PR 0.0067 | unseen ROC 0.6408 PR 0.0060 | valAUC 0.9301 | tau+ 0.713
[OUTPOST-v4] epoch 135: test-all ROC 0.6528 PR 0.0067 | unseen ROC 0.6409 PR 0.0060 | valAUC 0.9213 | tau+ 0.700
[OUTPOST-v4] epoch 136: test-all ROC 0.6540 PR 0.0067 | unseen ROC 0.6422 PR 0.0060 | valAUC 0.9328 | tau+ 0.728
[OUTPOST-v4] epoch 137: test-all ROC 0.6527 PR 0.0067 | unseen ROC 0.6408 PR 0.0060 | valAUC 0.9321 | tau+ 0.729
[OUTPOST-v4] epoch 138: test-all ROC 0.6526 PR 0.0067 | unseen ROC 0.6406 PR 0.0060 | valAUC 0.9377 | tau+ 0.702
[OUTPOST-v4] epoch 139: test-all ROC 0.6525 PR 0.0067 | unseen ROC 0.6404 PR 0.0060 | valAUC 0.9372 | tau+ 0.703
[OUTPOST-v4] epoch 140: test-all ROC 0.6525 PR 0.0067 | unseen ROC 0.6406 PR 0.0060 | valAUC 0.9363 | tau+ 0.739
[OUTPOST-v4] epoch 141: test-all ROC 0.6527 PR 0.0068 | unseen ROC 0.6407 PR 0.0061 | valAUC 0.9347 | tau+ 0.742
[OUTPOST-v4] epoch 142: test-all ROC 0.6530 PR 0.0068 | unseen ROC 0.6410 PR 0.0060 | valAUC 0.9350 | tau+ 0.729
[OUTPOST-v4] epoch 143: test-all ROC 0.6527 PR 0.0067 | unseen ROC 0.6407 PR 0.0060 | valAUC 0.9297 | tau+ 0.693
[OUTPOST-v4] epoch 144: test-all ROC 0.6532 PR 0.0068 | unseen ROC 0.6412 PR 0.0060 | valAUC 0.9296 | tau+ 0.644
[OUTPOST-v4] epoch 145: test-all ROC 0.6519 PR 0.0067 | unseen ROC 0.6398 PR 0.0060 | valAUC 0.9270 | tau+ 0.631
[OUTPOST-v4] epoch 146: test-all ROC 0.6519 PR 0.0068 | unseen ROC 0.6398 PR 0.0060 | valAUC 0.9332 | tau+ 0.666
[OUTPOST-v4] epoch 147: test-all ROC 0.6516 PR 0.0068 | unseen ROC 0.6395 PR 0.0060 | valAUC 0.9445 | tau+ 0.737
[OUTPOST-v4] epoch 148: test-all ROC 0.6510 PR 0.0067 | unseen ROC 0.6388 PR 0.0060 | valAUC 0.9377 | tau+ 0.768
[OUTPOST-v4] epoch 149: test-all ROC 0.6500 PR 0.0067 | unseen ROC 0.6377 PR 0.0060 | valAUC 0.9408 | tau+ 0.677
[OUTPOST-v4] epoch 150: test-all ROC 0.6489 PR 0.0067 | unseen ROC 0.6365 PR 0.0060 | valAUC 0.9294 | tau+ 0.509
[OUTPOST-v4] epoch 151: test-all ROC 0.6488 PR 0.0067 | unseen ROC 0.6364 PR 0.0060 | valAUC 0.9314 | tau+ 0.533
[OUTPOST-v4] epoch 152: test-all ROC 0.6499 PR 0.0067 | unseen ROC 0.6376 PR 0.0060 | valAUC 0.9410 | tau+ 0.727
[OUTPOST-v4] epoch 153: test-all ROC 0.6497 PR 0.0067 | unseen ROC 0.6375 PR 0.0060 | valAUC 0.9356 | tau+ 0.800
[OUTPOST-v4] epoch 154: test-all ROC 0.6502 PR 0.0067 | unseen ROC 0.6378 PR 0.0060 | valAUC 0.9213 | tau+ 0.764
[OUTPOST-v4] epoch 155: test-all ROC 0.6498 PR 0.0068 | unseen ROC 0.6375 PR 0.0060 | valAUC 0.9383 | tau+ 0.551
[OUTPOST-v4] epoch 156: test-all ROC 0.6484 PR 0.0067 | unseen ROC 0.6359 PR 0.0060 | valAUC 0.9320 | tau+ 0.500
[OUTPOST-v4] epoch 157: test-all ROC 0.6455 PR 0.0067 | unseen ROC 0.6328 PR 0.0059 | valAUC 0.9332 | tau+ 0.500
[OUTPOST-v4] epoch 158: test-all ROC 0.6486 PR 0.0068 | unseen ROC 0.6361 PR 0.0060 | valAUC 0.9359 | tau+ 0.627
[OUTPOST-v4] epoch 159: test-all ROC 0.6496 PR 0.0068 | unseen ROC 0.6371 PR 0.0060 | valAUC 0.9384 | tau+ 0.763
[OUTPOST-v4] epoch 160: test-all ROC 0.6477 PR 0.0067 | unseen ROC 0.6353 PR 0.0060 | valAUC 0.9342 | tau+ 0.741
[OUTPOST-v4] epoch 161: test-all ROC 0.6482 PR 0.0067 | unseen ROC 0.6358 PR 0.0060 | valAUC 0.9418 | tau+ 0.572
[OUTPOST-v4] epoch 162: test-all ROC 0.6460 PR 0.0067 | unseen ROC 0.6334 PR 0.0059 | valAUC 0.9363 | tau+ 0.500
[OUTPOST-v4] epoch 163: test-all ROC 0.6466 PR 0.0067 | unseen ROC 0.6341 PR 0.0059 | valAUC 0.9426 | tau+ 0.500
[OUTPOST-v4] epoch 164: test-all ROC 0.6458 PR 0.0067 | unseen ROC 0.6331 PR 0.0059 | valAUC 0.9410 | tau+ 0.545
[OUTPOST-v4] epoch 165: test-all ROC 0.6467 PR 0.0067 | unseen ROC 0.6343 PR 0.0060 | valAUC 0.9355 | tau+ 0.715
[OUTPOST-v4] epoch 166: test-all ROC 0.6468 PR 0.0067 | unseen ROC 0.6343 PR 0.0060 | valAUC 0.9251 | tau+ 0.693
[OUTPOST-v4] epoch 167: test-all ROC 0.6454 PR 0.0067 | unseen ROC 0.6328 PR 0.0059 | valAUC 0.9316 | tau+ 0.542
[OUTPOST-v4] epoch 168: test-all ROC 0.6436 PR 0.0067 | unseen ROC 0.6310 PR 0.0059 | valAUC 0.9273 | tau+ 0.500
[OUTPOST-v4] epoch 169: test-all ROC 0.6425 PR 0.0067 | unseen ROC 0.6300 PR 0.0059 | valAUC 0.9357 | tau+ 0.500
[OUTPOST-v4] epoch 170: test-all ROC 0.6439 PR 0.0067 | unseen ROC 0.6313 PR 0.0059 | valAUC 0.9297 | tau+ 0.501
[OUTPOST-v4] epoch 171: test-all ROC 0.6435 PR 0.0067 | unseen ROC 0.6309 PR 0.0059 | valAUC 0.9297 | tau+ 0.731
[OUTPOST-v4] epoch 172: test-all ROC 0.6446 PR 0.0067 | unseen ROC 0.6320 PR 0.0059 | valAUC 0.9357 | tau+ 0.747
[OUTPOST-v4] epoch 173: test-all ROC 0.6435 PR 0.0067 | unseen ROC 0.6308 PR 0.0059 | valAUC 0.9302 | tau+ 0.608
[OUTPOST-v4] epoch 174: test-all ROC 0.6409 PR 0.0067 | unseen ROC 0.6283 PR 0.0059 | valAUC 0.9381 | tau+ 0.500
[OUTPOST-v4] epoch 175: test-all ROC 0.6410 PR 0.0067 | unseen ROC 0.6283 PR 0.0059 | valAUC 0.9364 | tau+ 0.500
[OUTPOST-v4] epoch 176: test-all ROC 0.6396 PR 0.0067 | unseen ROC 0.6268 PR 0.0059 | valAUC 0.9338 | tau+ 0.500
[OUTPOST-v4] epoch 177: test-all ROC 0.6408 PR 0.0067 | unseen ROC 0.6282 PR 0.0059 | valAUC 0.9333 | tau+ 0.500
[OUTPOST-v4] epoch 178: test-all ROC 0.6411 PR 0.0067 | unseen ROC 0.6283 PR 0.0059 | valAUC 0.9369 | tau+ 0.568
[OUTPOST-v4] epoch 179: test-all ROC 0.6397 PR 0.0066 | unseen ROC 0.6269 PR 0.0058 | valAUC 0.9356 | tau+ 0.576
[OUTPOST-v4] epoch 180: test-all ROC 0.6388 PR 0.0066 | unseen ROC 0.6261 PR 0.0058 | valAUC 0.9296 | tau+ 0.500
[OUTPOST-v4] epoch 181: test-all ROC 0.6393 PR 0.0067 | unseen ROC 0.6265 PR 0.0059 | valAUC 0.9383 | tau+ 0.500
[OUTPOST-v4] epoch 182: test-all ROC 0.6370 PR 0.0066 | unseen ROC 0.6241 PR 0.0058 | valAUC 0.9250 | tau+ 0.500
[OUTPOST-v4] epoch 183: test-all ROC 0.6377 PR 0.0066 | unseen ROC 0.6249 PR 0.0058 | valAUC 0.9274 | tau+ 0.500
[OUTPOST-v4] epoch 184: test-all ROC 0.6363 PR 0.0066 | unseen ROC 0.6235 PR 0.0058 | valAUC 0.9260 | tau+ 0.500
[OUTPOST-v4] epoch 185: test-all ROC 0.6385 PR 0.0067 | unseen ROC 0.6258 PR 0.0059 | valAUC 0.9297 | tau+ 0.500
[OUTPOST-v4] epoch 186: test-all ROC 0.6349 PR 0.0066 | unseen ROC 0.6222 PR 0.0058 | valAUC 0.9272 | tau+ 0.500
[OUTPOST-v4] epoch 187: test-all ROC 0.6328 PR 0.0066 | unseen ROC 0.6200 PR 0.0058 | valAUC 0.9242 | tau+ 0.500
[OUTPOST-v4] epoch 188: test-all ROC 0.6326 PR 0.0066 | unseen ROC 0.6198 PR 0.0058 | valAUC 0.9212 | tau+ 0.500
[OUTPOST-v4] epoch 189: test-all ROC 0.6331 PR 0.0066 | unseen ROC 0.6204 PR 0.0058 | valAUC 0.9262 | tau+ 0.500
[OUTPOST-v4] epoch 190: test-all ROC 0.6324 PR 0.0065 | unseen ROC 0.6198 PR 0.0057 | valAUC 0.9281 | tau+ 0.500
[OUTPOST-v4] epoch 191: test-all ROC 0.6333 PR 0.0066 | unseen ROC 0.6208 PR 0.0058 | valAUC 0.9167 | tau+ 0.500
[OUTPOST-v4] epoch 192: test-all ROC 0.6289 PR 0.0065 | unseen ROC 0.6163 PR 0.0057 | valAUC 0.9065 | tau+ 0.500
[OUTPOST-v4] epoch 193: test-all ROC 0.6286 PR 0.0066 | unseen ROC 0.6157 PR 0.0057 | valAUC 0.9200 | tau+ 0.500
[OUTPOST-v4] epoch 194: test-all ROC 0.6270 PR 0.0066 | unseen ROC 0.6141 PR 0.0057 | valAUC 0.9055 | tau+ 0.500
[OUTPOST-v4] epoch 195: test-all ROC 0.6275 PR 0.0065 | unseen ROC 0.6146 PR 0.0057 | valAUC 0.9148 | tau+ 0.500
[OUTPOST-v4] epoch 196: test-all ROC 0.6275 PR 0.0065 | unseen ROC 0.6145 PR 0.0057 | valAUC 0.9181 | tau+ 0.500
[OUTPOST-v4] epoch 197: test-all ROC 0.6260 PR 0.0065 | unseen ROC 0.6132 PR 0.0057 | valAUC 0.9133 | tau+ 0.500
[OUTPOST-v4] epoch 198: test-all ROC 0.6236 PR 0.0065 | unseen ROC 0.6107 PR 0.0056 | valAUC 0.9144 | tau+ 0.500
[OUTPOST-v4] epoch 199: test-all ROC 0.6238 PR 0.0065 | unseen ROC 0.6108 PR 0.0057 | valAUC 0.9028 | tau+ 0.500
[OUTPOST-v4] epoch 200: test-all ROC 0.6203 PR 0.0065 | unseen ROC 0.6074 PR 0.0056 | valAUC 0.9069 | tau+ 0.500
[OUTPOST-v4] epoch 201: test-all ROC 0.6203 PR 0.0065 | unseen ROC 0.6073 PR 0.0056 | valAUC 0.9083 | tau+ 0.500
[OUTPOST-v4] epoch 202: test-all ROC 0.6234 PR 0.0064 | unseen ROC 0.6104 PR 0.0056 | valAUC 0.9212 | tau+ 0.500
[OUTPOST-v4] epoch 203: test-all ROC 0.6232 PR 0.0065 | unseen ROC 0.6103 PR 0.0056 | valAUC 0.9157 | tau+ 0.500
[OUTPOST-v4] epoch 204: test-all ROC 0.6208 PR 0.0065 | unseen ROC 0.6078 PR 0.0056 | valAUC 0.9077 | tau+ 0.500
[OUTPOST-v4] epoch 205: test-all ROC 0.6189 PR 0.0064 | unseen ROC 0.6056 PR 0.0056 | valAUC 0.9100 | tau+ 0.500
[OUTPOST-v4] epoch 206: test-all ROC 0.6180 PR 0.0064 | unseen ROC 0.6050 PR 0.0056 | valAUC 0.8951 | tau+ 0.500
[OUTPOST-v4] epoch 207: test-all ROC 0.6180 PR 0.0064 | unseen ROC 0.6049 PR 0.0056 | valAUC 0.9084 | tau+ 0.500
[OUTPOST-v4] epoch 208: test-all ROC 0.6196 PR 0.0064 | unseen ROC 0.6067 PR 0.0056 | valAUC 0.9080 | tau+ 0.500
[OUTPOST-v4] epoch 209: test-all ROC 0.6196 PR 0.0064 | unseen ROC 0.6064 PR 0.0056 | valAUC 0.9071 | tau+ 0.500
[OUTPOST-v4] epoch 210: test-all ROC 0.6162 PR 0.0064 | unseen ROC 0.6033 PR 0.0055 | valAUC 0.9159 | tau+ 0.500
[OUTPOST-v4] epoch 211: test-all ROC 0.6151 PR 0.0064 | unseen ROC 0.6018 PR 0.0055 | valAUC 0.8967 | tau+ 0.500
[OUTPOST-v4] epoch 212: test-all ROC 0.6148 PR 0.0064 | unseen ROC 0.6018 PR 0.0056 | valAUC 0.9193 | tau+ 0.500
[OUTPOST-v4] epoch 213: test-all ROC 0.6142 PR 0.0064 | unseen ROC 0.6013 PR 0.0056 | valAUC 0.8988 | tau+ 0.500
[OUTPOST-v4] epoch 214: test-all ROC 0.6139 PR 0.0064 | unseen ROC 0.6007 PR 0.0055 | valAUC 0.8958 | tau+ 0.500
[OUTPOST-v4] epoch 215: test-all ROC 0.6120 PR 0.0064 | unseen ROC 0.5986 PR 0.0055 | valAUC 0.9013 | tau+ 0.500
[OUTPOST-v4] epoch 216: test-all ROC 0.6103 PR 0.0064 | unseen ROC 0.5972 PR 0.0055 | valAUC 0.9019 | tau+ 0.500
[OUTPOST-v4] epoch 217: test-all ROC 0.6099 PR 0.0064 | unseen ROC 0.5968 PR 0.0055 | valAUC 0.8845 | tau+ 0.500
[OUTPOST-v4] epoch 218: test-all ROC 0.6083 PR 0.0064 | unseen ROC 0.5952 PR 0.0055 | valAUC 0.8843 | tau+ 0.500
[OUTPOST-v4] epoch 219: test-all ROC 0.6086 PR 0.0063 | unseen ROC 0.5954 PR 0.0055 | valAUC 0.9006 | tau+ 0.500
[OUTPOST-v4] epoch 220: test-all ROC 0.6088 PR 0.0063 | unseen ROC 0.5958 PR 0.0055 | valAUC 0.8865 | tau+ 0.500
[OUTPOST-v4] epoch 221: test-all ROC 0.6099 PR 0.0063 | unseen ROC 0.5968 PR 0.0055 | valAUC 0.8904 | tau+ 0.500
[OUTPOST-v4] epoch 222: test-all ROC 0.6064 PR 0.0063 | unseen ROC 0.5934 PR 0.0055 | valAUC 0.8987 | tau+ 0.500
[OUTPOST-v4] epoch 223: test-all ROC 0.6037 PR 0.0063 | unseen ROC 0.5904 PR 0.0055 | valAUC 0.8742 | tau+ 0.500
[OUTPOST-v4] epoch 224: test-all ROC 0.6041 PR 0.0063 | unseen ROC 0.5912 PR 0.0055 | valAUC 0.8827 | tau+ 0.500
[OUTPOST-v4] epoch 225: test-all ROC 0.6031 PR 0.0063 | unseen ROC 0.5900 PR 0.0054 | valAUC 0.8860 | tau+ 0.500
[OUTPOST-v4] epoch 226: test-all ROC 0.6040 PR 0.0063 | unseen ROC 0.5911 PR 0.0054 | valAUC 0.8861 | tau+ 0.500
[OUTPOST-v4] epoch 227: test-all ROC 0.6071 PR 0.0063 | unseen ROC 0.5939 PR 0.0054 | valAUC 0.8902 | tau+ 0.500
[OUTPOST-v4] epoch 228: test-all ROC 0.6066 PR 0.0063 | unseen ROC 0.5935 PR 0.0054 | valAUC 0.8837 | tau+ 0.500
[OUTPOST-v4] epoch 229: test-all ROC 0.6044 PR 0.0063 | unseen ROC 0.5914 PR 0.0055 | valAUC 0.8975 | tau+ 0.500
[OUTPOST-v4] epoch 230: test-all ROC 0.6007 PR 0.0062 | unseen ROC 0.5876 PR 0.0054 | valAUC 0.8587 | tau+ 0.500
[OUTPOST-v4] epoch 231: test-all ROC 0.6033 PR 0.0063 | unseen ROC 0.5902 PR 0.0054 | valAUC 0.8842 | tau+ 0.500
[OUTPOST-v4] epoch 232: test-all ROC 0.6073 PR 0.0063 | unseen ROC 0.5943 PR 0.0055 | valAUC 0.9005 | tau+ 0.500
[OUTPOST-v4] epoch 233: test-all ROC 0.6078 PR 0.0063 | unseen ROC 0.5949 PR 0.0055 | valAUC 0.8901 | tau+ 0.500
[OUTPOST-v4] epoch 234: test-all ROC 0.6061 PR 0.0063 | unseen ROC 0.5927 PR 0.0055 | valAUC 0.8863 | tau+ 0.500
[OUTPOST-v4] epoch 235: test-all ROC 0.6044 PR 0.0063 | unseen ROC 0.5916 PR 0.0054 | valAUC 0.8665 | tau+ 0.500
[OUTPOST-v4] epoch 236: test-all ROC 0.6012 PR 0.0063 | unseen ROC 0.5881 PR 0.0054 | valAUC 0.8773 | tau+ 0.500
[OUTPOST-v4] epoch 237: test-all ROC 0.6011 PR 0.0062 | unseen ROC 0.5879 PR 0.0054 | valAUC 0.8960 | tau+ 0.500
[OUTPOST-v4] epoch 238: test-all ROC 0.6031 PR 0.0063 | unseen ROC 0.5902 PR 0.0054 | valAUC 0.8826 | tau+ 0.500
[OUTPOST-v4] epoch 239: test-all ROC 0.6038 PR 0.0063 | unseen ROC 0.5910 PR 0.0054 | valAUC 0.8719 | tau+ 0.500
[OUTPOST-v4] epoch 240: test-all ROC 0.6022 PR 0.0063 | unseen ROC 0.5891 PR 0.0054 | valAUC 0.9010 | tau+ 0.500
[OUTPOST-v4] epoch 241: test-all ROC 0.6005 PR 0.0063 | unseen ROC 0.5874 PR 0.0054 | valAUC 0.8756 | tau+ 0.500
[OUTPOST-v4] epoch 242: test-all ROC 0.5986 PR 0.0062 | unseen ROC 0.5854 PR 0.0054 | valAUC 0.8741 | tau+ 0.500
[OUTPOST-v4] epoch 243: test-all ROC 0.5984 PR 0.0063 | unseen ROC 0.5856 PR 0.0054 | valAUC 0.8780 | tau+ 0.500
[OUTPOST-v4] epoch 244: test-all ROC 0.5972 PR 0.0062 | unseen ROC 0.5843 PR 0.0054 | valAUC 0.8701 | tau+ 0.500
[OUTPOST-v4] epoch 245: test-all ROC 0.5999 PR 0.0062 | unseen ROC 0.5869 PR 0.0054 | valAUC 0.8872 | tau+ 0.500
[OUTPOST-v4] epoch 246: test-all ROC 0.5990 PR 0.0062 | unseen ROC 0.5861 PR 0.0054 | valAUC 0.8706 | tau+ 0.500
[OUTPOST-v4] epoch 247: test-all ROC 0.5976 PR 0.0062 | unseen ROC 0.5845 PR 0.0054 | valAUC 0.8640 | tau+ 0.500
[OUTPOST-v4] epoch 248: test-all ROC 0.5980 PR 0.0063 | unseen ROC 0.5851 PR 0.0054 | valAUC 0.8677 | tau+ 0.500
[OUTPOST-v4] epoch 249: test-all ROC 0.5966 PR 0.0062 | unseen ROC 0.5837 PR 0.0054 | valAUC 0.8452 | tau+ 0.500
[OUTPOST-v4] epoch 250: test-all ROC 0.5966 PR 0.0062 | unseen ROC 0.5833 PR 0.0054 | valAUC 0.8815 | tau+ 0.500
[OUTPOST-v4] epoch 251: test-all ROC 0.5935 PR 0.0062 | unseen ROC 0.5804 PR 0.0053 | valAUC 0.8703 | tau+ 0.500
[OUTPOST-v4] epoch 252: test-all ROC 0.5936 PR 0.0063 | unseen ROC 0.5810 PR 0.0054 | valAUC 0.8551 | tau+ 0.500
[OUTPOST-v4] epoch 253: test-all ROC 0.5937 PR 0.0063 | unseen ROC 0.5806 PR 0.0054 | valAUC 0.8655 | tau+ 0.500
[OUTPOST-v4] epoch 254: test-all ROC 0.5929 PR 0.0062 | unseen ROC 0.5801 PR 0.0053 | valAUC 0.8714 | tau+ 0.500
[OUTPOST-v4] epoch 255: test-all ROC 0.5907 PR 0.0061 | unseen ROC 0.5779 PR 0.0053 | valAUC 0.8576 | tau+ 0.500
[OUTPOST-v4] epoch 256: test-all ROC 0.5903 PR 0.0062 | unseen ROC 0.5773 PR 0.0053 | valAUC 0.8570 | tau+ 0.500
[OUTPOST-v4] epoch 257: test-all ROC 0.5891 PR 0.0062 | unseen ROC 0.5763 PR 0.0053 | valAUC 0.8492 | tau+ 0.500
[OUTPOST-v4] epoch 258: test-all ROC 0.5883 PR 0.0062 | unseen ROC 0.5758 PR 0.0053 | valAUC 0.8308 | tau+ 0.500
[OUTPOST-v4] epoch 259: test-all ROC 0.5911 PR 0.0062 | unseen ROC 0.5783 PR 0.0053 | valAUC 0.8576 | tau+ 0.500
[OUTPOST-v4] epoch 260: test-all ROC 0.5920 PR 0.0062 | unseen ROC 0.5796 PR 0.0053 | valAUC 0.8579 | tau+ 0.500
[OUTPOST-v4] epoch 261: test-all ROC 0.5902 PR 0.0062 | unseen ROC 0.5774 PR 0.0053 | valAUC 0.8354 | tau+ 0.500
[OUTPOST-v4] epoch 262: test-all ROC 0.5885 PR 0.0061 | unseen ROC 0.5758 PR 0.0053 | valAUC 0.8791 | tau+ 0.500
[OUTPOST-v4] epoch 263: test-all ROC 0.5890 PR 0.0062 | unseen ROC 0.5763 PR 0.0053 | valAUC 0.8473 | tau+ 0.500
[OUTPOST-v4] epoch 264: test-all ROC 0.5889 PR 0.0062 | unseen ROC 0.5760 PR 0.0053 | valAUC 0.8404 | tau+ 0.500
[OUTPOST-v4] epoch 265: test-all ROC 0.5916 PR 0.0062 | unseen ROC 0.5787 PR 0.0053 | valAUC 0.8744 | tau+ 0.500
[OUTPOST-v4] epoch 266: test-all ROC 0.5912 PR 0.0062 | unseen ROC 0.5784 PR 0.0053 | valAUC 0.8414 | tau+ 0.500
[OUTPOST-v4] epoch 267: test-all ROC 0.5887 PR 0.0061 | unseen ROC 0.5759 PR 0.0053 | valAUC 0.8738 | tau+ 0.500
[OUTPOST-v4] epoch 268: test-all ROC 0.5866 PR 0.0061 | unseen ROC 0.5739 PR 0.0053 | valAUC 0.8350 | tau+ 0.500
[OUTPOST-v4] epoch 269: test-all ROC 0.5866 PR 0.0061 | unseen ROC 0.5743 PR 0.0053 | valAUC 0.8367 | tau+ 0.500
[OUTPOST-v4] epoch 270: test-all ROC 0.5859 PR 0.0061 | unseen ROC 0.5730 PR 0.0052 | valAUC 0.8429 | tau+ 0.500
[OUTPOST-v4] epoch 271: test-all ROC 0.5874 PR 0.0061 | unseen ROC 0.5747 PR 0.0053 | valAUC 0.8641 | tau+ 0.500
[OUTPOST-v4] epoch 272: test-all ROC 0.5836 PR 0.0061 | unseen ROC 0.5706 PR 0.0052 | valAUC 0.8384 | tau+ 0.500
[OUTPOST-v4] epoch 273: test-all ROC 0.5806 PR 0.0060 | unseen ROC 0.5678 PR 0.0052 | valAUC 0.8376 | tau+ 0.500
[OUTPOST-v4] epoch 274: test-all ROC 0.5808 PR 0.0060 | unseen ROC 0.5680 PR 0.0052 | valAUC 0.8586 | tau+ 0.500
[OUTPOST-v4] epoch 275: test-all ROC 0.5834 PR 0.0061 | unseen ROC 0.5705 PR 0.0052 | valAUC 0.8232 | tau+ 0.500
[OUTPOST-v4] epoch 276: test-all ROC 0.5847 PR 0.0061 | unseen ROC 0.5721 PR 0.0052 | valAUC 0.8336 | tau+ 0.500
[OUTPOST-v4] epoch 277: test-all ROC 0.5820 PR 0.0061 | unseen ROC 0.5690 PR 0.0052 | valAUC 0.8281 | tau+ 0.500
[OUTPOST-v4] epoch 278: test-all ROC 0.5843 PR 0.0061 | unseen ROC 0.5711 PR 0.0052 | valAUC 0.8394 | tau+ 0.500
[OUTPOST-v4] epoch 279: test-all ROC 0.5842 PR 0.0060 | unseen ROC 0.5716 PR 0.0052 | valAUC 0.8593 | tau+ 0.500
[OUTPOST-v4] epoch 280: test-all ROC 0.5811 PR 0.0060 | unseen ROC 0.5683 PR 0.0052 | valAUC 0.8356 | tau+ 0.500
[OUTPOST-v4] epoch 281: test-all ROC 0.5840 PR 0.0061 | unseen ROC 0.5710 PR 0.0052 | valAUC 0.8001 | tau+ 0.500
[OUTPOST-v4] epoch 282: test-all ROC 0.5825 PR 0.0060 | unseen ROC 0.5697 PR 0.0052 | valAUC 0.8366 | tau+ 0.500
[OUTPOST-v4] epoch 283: test-all ROC 0.5840 PR 0.0061 | unseen ROC 0.5710 PR 0.0052 | valAUC 0.8337 | tau+ 0.500
[OUTPOST-v4] epoch 284: test-all ROC 0.5829 PR 0.0060 | unseen ROC 0.5698 PR 0.0052 | valAUC 0.8438 | tau+ 0.500
[OUTPOST-v4] epoch 285: test-all ROC 0.5816 PR 0.0060 | unseen ROC 0.5685 PR 0.0052 | valAUC 0.8448 | tau+ 0.500
[OUTPOST-v4] epoch 286: test-all ROC 0.5809 PR 0.0060 | unseen ROC 0.5680 PR 0.0052 | valAUC 0.8098 | tau+ 0.500
[OUTPOST-v4] epoch 287: test-all ROC 0.5801 PR 0.0060 | unseen ROC 0.5671 PR 0.0052 | valAUC 0.7870 | tau+ 0.500
[OUTPOST-v4] epoch 288: test-all ROC 0.5832 PR 0.0061 | unseen ROC 0.5704 PR 0.0052 | valAUC 0.8250 | tau+ 0.500
[OUTPOST-v4] epoch 289: test-all ROC 0.5818 PR 0.0060 | unseen ROC 0.5685 PR 0.0052 | valAUC 0.8578 | tau+ 0.500
[OUTPOST-v4] epoch 290: test-all ROC 0.5826 PR 0.0060 | unseen ROC 0.5697 PR 0.0052 | valAUC 0.8260 | tau+ 0.500
[OUTPOST-v4] epoch 291: test-all ROC 0.5808 PR 0.0060 | unseen ROC 0.5675 PR 0.0052 | valAUC 0.8031 | tau+ 0.500
[OUTPOST-v4] epoch 292: test-all ROC 0.5782 PR 0.0061 | unseen ROC 0.5650 PR 0.0052 | valAUC 0.8185 | tau+ 0.500
[OUTPOST-v4] epoch 293: test-all ROC 0.5835 PR 0.0061 | unseen ROC 0.5704 PR 0.0052 | valAUC 0.8347 | tau+ 0.500
[OUTPOST-v4] epoch 294: test-all ROC 0.5871 PR 0.0062 | unseen ROC 0.5738 PR 0.0053 | valAUC 0.8595 | tau+ 0.500
[OUTPOST-v4] epoch 295: test-all ROC 0.5872 PR 0.0061 | unseen ROC 0.5744 PR 0.0052 | valAUC 0.8563 | tau+ 0.500
[OUTPOST-v4] epoch 296: test-all ROC 0.5861 PR 0.0061 | unseen ROC 0.5732 PR 0.0052 | valAUC 0.8553 | tau+ 0.500
[OUTPOST-v4] epoch 297: test-all ROC 0.5849 PR 0.0061 | unseen ROC 0.5719 PR 0.0052 | valAUC 0.8345 | tau+ 0.500
[OUTPOST-v4] epoch 298: test-all ROC 0.5850 PR 0.0061 | unseen ROC 0.5717 PR 0.0052 | valAUC 0.8416 | tau+ 0.500
[OUTPOST-v4] epoch 299: test-all ROC 0.5859 PR 0.0061 | unseen ROC 0.5729 PR 0.0052 | valAUC 0.8356 | tau+ 0.500
[OUTPOST-v4] epoch 300: test-all ROC 0.5877 PR 0.0061 | unseen ROC 0.5748 PR 0.0052 | valAUC 0.8088 | tau+ 0.500
[OUTPOST-v4] epoch 301: test-all ROC 0.5858 PR 0.0061 | unseen ROC 0.5731 PR 0.0052 | valAUC 0.8557 | tau+ 0.500
[OUTPOST-v4] epoch 302: test-all ROC 0.5818 PR 0.0060 | unseen ROC 0.5685 PR 0.0052 | valAUC 0.8267 | tau+ 0.500
[OUTPOST-v4] epoch 303: test-all ROC 0.5810 PR 0.0061 | unseen ROC 0.5682 PR 0.0052 | valAUC 0.8129 | tau+ 0.500
[OUTPOST-v4] epoch 304: test-all ROC 0.5777 PR 0.0060 | unseen ROC 0.5647 PR 0.0051 | valAUC 0.8130 | tau+ 0.500
[OUTPOST-v4] epoch 305: test-all ROC 0.5809 PR 0.0062 | unseen ROC 0.5680 PR 0.0052 | valAUC 0.8418 | tau+ 0.500
[OUTPOST-v4] epoch 306: test-all ROC 0.5796 PR 0.0061 | unseen ROC 0.5666 PR 0.0052 | valAUC 0.8271 | tau+ 0.500
[OUTPOST-v4] epoch 307: test-all ROC 0.5814 PR 0.0061 | unseen ROC 0.5684 PR 0.0052 | valAUC 0.8003 | tau+ 0.500
[OUTPOST-v4] epoch 308: test-all ROC 0.5785 PR 0.0060 | unseen ROC 0.5653 PR 0.0051 | valAUC 0.8308 | tau+ 0.500
[OUTPOST-v4] epoch 309: test-all ROC 0.5762 PR 0.0061 | unseen ROC 0.5635 PR 0.0052 | valAUC 0.8035 | tau+ 0.500
[OUTPOST-v4] epoch 310: test-all ROC 0.5742 PR 0.0060 | unseen ROC 0.5610 PR 0.0051 | valAUC 0.7837 | tau+ 0.500
[OUTPOST-v4] epoch 311: test-all ROC 0.5743 PR 0.0060 | unseen ROC 0.5612 PR 0.0051 | valAUC 0.7798 | tau+ 0.500
[OUTPOST-v4] epoch 312: test-all ROC 0.5757 PR 0.0060 | unseen ROC 0.5628 PR 0.0051 | valAUC 0.8011 | tau+ 0.500
[OUTPOST-v4] epoch 313: test-all ROC 0.5771 PR 0.0061 | unseen ROC 0.5643 PR 0.0052 | valAUC 0.7962 | tau+ 0.500
[OUTPOST-v4] epoch 314: test-all ROC 0.5722 PR 0.0060 | unseen ROC 0.5588 PR 0.0051 | valAUC 0.7947 | tau+ 0.500
[OUTPOST-v4] epoch 315: test-all ROC 0.5713 PR 0.0060 | unseen ROC 0.5583 PR 0.0051 | valAUC 0.7816 | tau+ 0.500
[OUTPOST-v4] epoch 316: test-all ROC 0.5710 PR 0.0060 | unseen ROC 0.5579 PR 0.0051 | valAUC 0.7891 | tau+ 0.500
[OUTPOST-v4] epoch 317: test-all ROC 0.5705 PR 0.0060 | unseen ROC 0.5574 PR 0.0051 | valAUC 0.7911 | tau+ 0.500
[OUTPOST-v4] epoch 318: test-all ROC 0.5706 PR 0.0060 | unseen ROC 0.5573 PR 0.0051 | valAUC 0.8100 | tau+ 0.500
[OUTPOST-v4] epoch 319: test-all ROC 0.5716 PR 0.0060 | unseen ROC 0.5584 PR 0.0051 | valAUC 0.7898 | tau+ 0.500
[OUTPOST-v4] epoch 320: test-all ROC 0.5704 PR 0.0060 | unseen ROC 0.5570 PR 0.0051 | valAUC 0.8079 | tau+ 0.500
[OUTPOST-v4] epoch 321: test-all ROC 0.5690 PR 0.0059 | unseen ROC 0.5561 PR 0.0051 | valAUC 0.7770 | tau+ 0.500
[OUTPOST-v4] epoch 322: test-all ROC 0.5697 PR 0.0059 | unseen ROC 0.5565 PR 0.0050 | valAUC 0.8200 | tau+ 0.500
[OUTPOST-v4] epoch 323: test-all ROC 0.5726 PR 0.0060 | unseen ROC 0.5595 PR 0.0051 | valAUC 0.7965 | tau+ 0.500
[OUTPOST-v4] epoch 324: test-all ROC 0.5712 PR 0.0059 | unseen ROC 0.5577 PR 0.0050 | valAUC 0.8060 | tau+ 0.500
[OUTPOST-v4] epoch 325: test-all ROC 0.5686 PR 0.0060 | unseen ROC 0.5557 PR 0.0051 | valAUC 0.8030 | tau+ 0.500
[OUTPOST-v4] epoch 326: test-all ROC 0.5693 PR 0.0059 | unseen ROC 0.5559 PR 0.0050 | valAUC 0.7997 | tau+ 0.500
[OUTPOST-v4] epoch 327: test-all ROC 0.5692 PR 0.0059 | unseen ROC 0.5560 PR 0.0050 | valAUC 0.8326 | tau+ 0.500
[OUTPOST-v4] epoch 328: test-all ROC 0.5700 PR 0.0059 | unseen ROC 0.5566 PR 0.0050 | valAUC 0.8193 | tau+ 0.500
[OUTPOST-v4] epoch 329: test-all ROC 0.5714 PR 0.0060 | unseen ROC 0.5581 PR 0.0051 | valAUC 0.8056 | tau+ 0.500
[OUTPOST-v4] epoch 330: test-all ROC 0.5714 PR 0.0060 | unseen ROC 0.5579 PR 0.0051 | valAUC 0.7827 | tau+ 0.500
[OUTPOST-v4] epoch 331: test-all ROC 0.5701 PR 0.0060 | unseen ROC 0.5571 PR 0.0051 | valAUC 0.7689 | tau+ 0.500
[OUTPOST-v4] epoch 332: test-all ROC 0.5694 PR 0.0060 | unseen ROC 0.5563 PR 0.0051 | valAUC 0.7803 | tau+ 0.500
[OUTPOST-v4] epoch 333: test-all ROC 0.5718 PR 0.0060 | unseen ROC 0.5587 PR 0.0051 | valAUC 0.8129 | tau+ 0.500
[OUTPOST-v4] epoch 334: test-all ROC 0.5708 PR 0.0060 | unseen ROC 0.5574 PR 0.0051 | valAUC 0.8192 | tau+ 0.500
[OUTPOST-v4] epoch 335: test-all ROC 0.5693 PR 0.0060 | unseen ROC 0.5559 PR 0.0051 | valAUC 0.8130 | tau+ 0.500
[OUTPOST-v4] epoch 336: test-all ROC 0.5687 PR 0.0059 | unseen ROC 0.5559 PR 0.0050 | valAUC 0.8023 | tau+ 0.500
[OUTPOST-v4] epoch 337: test-all ROC 0.5666 PR 0.0059 | unseen ROC 0.5533 PR 0.0050 | valAUC 0.7757 | tau+ 0.500
[OUTPOST-v4] epoch 338: test-all ROC 0.5649 PR 0.0058 | unseen ROC 0.5520 PR 0.0050 | valAUC 0.7885 | tau+ 0.500
[OUTPOST-v4] epoch 339: test-all ROC 0.5656 PR 0.0059 | unseen ROC 0.5520 PR 0.0050 | valAUC 0.7838 | tau+ 0.500
[OUTPOST-v4] epoch 340: test-all ROC 0.5691 PR 0.0060 | unseen ROC 0.5556 PR 0.0050 | valAUC 0.8230 | tau+ 0.500
[OUTPOST-v4] epoch 341: test-all ROC 0.5670 PR 0.0059 | unseen ROC 0.5535 PR 0.0050 | valAUC 0.8204 | tau+ 0.500
[OUTPOST-v4] epoch 342: test-all ROC 0.5631 PR 0.0058 | unseen ROC 0.5499 PR 0.0050 | valAUC 0.8085 | tau+ 0.500
[OUTPOST-v4] epoch 343: test-all ROC 0.5643 PR 0.0059 | unseen ROC 0.5509 PR 0.0050 | valAUC 0.7815 | tau+ 0.500
[OUTPOST-v4] epoch 344: test-all ROC 0.5661 PR 0.0059 | unseen ROC 0.5525 PR 0.0050 | valAUC 0.8109 | tau+ 0.500
[OUTPOST-v4] epoch 345: test-all ROC 0.5663 PR 0.0059 | unseen ROC 0.5527 PR 0.0050 | valAUC 0.8028 | tau+ 0.500
[OUTPOST-v4] epoch 346: test-all ROC 0.5678 PR 0.0060 | unseen ROC 0.5542 PR 0.0050 | valAUC 0.7920 | tau+ 0.500
[OUTPOST-v4] epoch 347: test-all ROC 0.5687 PR 0.0060 | unseen ROC 0.5551 PR 0.0050 | valAUC 0.8298 | tau+ 0.500
[OUTPOST-v4] epoch 348: test-all ROC 0.5654 PR 0.0059 | unseen ROC 0.5520 PR 0.0050 | valAUC 0.8076 | tau+ 0.500
[OUTPOST-v4] epoch 349: test-all ROC 0.5684 PR 0.0059 | unseen ROC 0.5554 PR 0.0050 | valAUC 0.8037 | tau+ 0.500
[OUTPOST-v4] epoch 350: test-all ROC 0.5680 PR 0.0060 | unseen ROC 0.5548 PR 0.0050 | valAUC 0.8128 | tau+ 0.500
[OUTPOST-v4] epoch 351: test-all ROC 0.5688 PR 0.0060 | unseen ROC 0.5555 PR 0.0051 | valAUC 0.8276 | tau+ 0.500
[OUTPOST-v4] epoch 352: test-all ROC 0.5685 PR 0.0060 | unseen ROC 0.5550 PR 0.0050 | valAUC 0.7948 | tau+ 0.500
[OUTPOST-v4] epoch 353: test-all ROC 0.5700 PR 0.0060 | unseen ROC 0.5567 PR 0.0051 | valAUC 0.8078 | tau+ 0.500
[OUTPOST-v4] epoch 354: test-all ROC 0.5676 PR 0.0059 | unseen ROC 0.5542 PR 0.0050 | valAUC 0.7792 | tau+ 0.500
[OUTPOST-v4] epoch 355: test-all ROC 0.5672 PR 0.0059 | unseen ROC 0.5539 PR 0.0050 | valAUC 0.7831 | tau+ 0.500
[OUTPOST-v4] epoch 356: test-all ROC 0.5685 PR 0.0059 | unseen ROC 0.5552 PR 0.0050 | valAUC 0.8044 | tau+ 0.500
[OUTPOST-v4] epoch 357: test-all ROC 0.5694 PR 0.0060 | unseen ROC 0.5559 PR 0.0051 | valAUC 0.8093 | tau+ 0.500
[OUTPOST-v4] epoch 358: test-all ROC 0.5717 PR 0.0060 | unseen ROC 0.5582 PR 0.0051 | valAUC 0.8028 | tau+ 0.500
[OUTPOST-v4] epoch 359: test-all ROC 0.5711 PR 0.0060 | unseen ROC 0.5578 PR 0.0051 | valAUC 0.8231 | tau+ 0.500
[OUTPOST-v4] epoch 360: test-all ROC 0.5677 PR 0.0059 | unseen ROC 0.5544 PR 0.0050 | valAUC 0.7830 | tau+ 0.500
[OUTPOST-v4] epoch 361: test-all ROC 0.5669 PR 0.0059 | unseen ROC 0.5536 PR 0.0050 | valAUC 0.7993 | tau+ 0.500
[OUTPOST-v4] epoch 362: test-all ROC 0.5693 PR 0.0060 | unseen ROC 0.5555 PR 0.0051 | valAUC 0.8130 | tau+ 0.500
[OUTPOST-v4] epoch 363: test-all ROC 0.5693 PR 0.0059 | unseen ROC 0.5560 PR 0.0050 | valAUC 0.8288 | tau+ 0.500
[OUTPOST-v4] epoch 364: test-all ROC 0.5687 PR 0.0060 | unseen ROC 0.5549 PR 0.0050 | valAUC 0.8105 | tau+ 0.500
[OUTPOST-v4] epoch 365: test-all ROC 0.5679 PR 0.0060 | unseen ROC 0.5543 PR 0.0050 | valAUC 0.8316 | tau+ 0.500
[OUTPOST-v4] epoch 366: test-all ROC 0.5684 PR 0.0060 | unseen ROC 0.5548 PR 0.0050 | valAUC 0.8153 | tau+ 0.500
[OUTPOST-v4] epoch 367: test-all ROC 0.5669 PR 0.0059 | unseen ROC 0.5534 PR 0.0050 | valAUC 0.7987 | tau+ 0.500
[OUTPOST-v4] epoch 368: test-all ROC 0.5666 PR 0.0060 | unseen ROC 0.5534 PR 0.0050 | valAUC 0.7985 | tau+ 0.500
[OUTPOST-v4] epoch 369: test-all ROC 0.5697 PR 0.0060 | unseen ROC 0.5559 PR 0.0051 | valAUC 0.7851 | tau+ 0.500
[OUTPOST-v4] epoch 370: test-all ROC 0.5695 PR 0.0060 | unseen ROC 0.5564 PR 0.0051 | valAUC 0.8137 | tau+ 0.500
[OUTPOST-v4] epoch 371: test-all ROC 0.5701 PR 0.0060 | unseen ROC 0.5566 PR 0.0051 | valAUC 0.7949 | tau+ 0.500
[OUTPOST-v4] epoch 372: test-all ROC 0.5666 PR 0.0060 | unseen ROC 0.5531 PR 0.0051 | valAUC 0.8335 | tau+ 0.500
[OUTPOST-v4] epoch 373: test-all ROC 0.5646 PR 0.0060 | unseen ROC 0.5514 PR 0.0051 | valAUC 0.7851 | tau+ 0.500
[OUTPOST-v4] epoch 374: test-all ROC 0.5657 PR 0.0060 | unseen ROC 0.5521 PR 0.0050 | valAUC 0.7948 | tau+ 0.500
[OUTPOST-v4] epoch 375: test-all ROC 0.5669 PR 0.0060 | unseen ROC 0.5533 PR 0.0050 | valAUC 0.8385 | tau+ 0.500
[OUTPOST-v4] epoch 376: test-all ROC 0.5672 PR 0.0060 | unseen ROC 0.5533 PR 0.0050 | valAUC 0.8161 | tau+ 0.500
[OUTPOST-v4] epoch 377: test-all ROC 0.5671 PR 0.0060 | unseen ROC 0.5537 PR 0.0050 | valAUC 0.7993 | tau+ 0.500
[OUTPOST-v4] epoch 378: test-all ROC 0.5653 PR 0.0060 | unseen ROC 0.5518 PR 0.0050 | valAUC 0.8125 | tau+ 0.500
[OUTPOST-v4] epoch 379: test-all ROC 0.5653 PR 0.0059 | unseen ROC 0.5518 PR 0.0050 | valAUC 0.8058 | tau+ 0.500
[OUTPOST-v4] epoch 380: test-all ROC 0.5667 PR 0.0060 | unseen ROC 0.5531 PR 0.0051 | valAUC 0.8100 | tau+ 0.500
[OUTPOST-v4] epoch 381: test-all ROC 0.5678 PR 0.0059 | unseen ROC 0.5539 PR 0.0050 | valAUC 0.8336 | tau+ 0.500
[OUTPOST-v4] epoch 382: test-all ROC 0.5702 PR 0.0059 | unseen ROC 0.5566 PR 0.0051 | valAUC 0.8445 | tau+ 0.500
[OUTPOST-v4] epoch 383: test-all ROC 0.5718 PR 0.0060 | unseen ROC 0.5580 PR 0.0051 | valAUC 0.8456 | tau+ 0.500
[OUTPOST-v4] epoch 384: test-all ROC 0.5687 PR 0.0060 | unseen ROC 0.5548 PR 0.0050 | valAUC 0.8234 | tau+ 0.500
[OUTPOST-v4] epoch 385: test-all ROC 0.5694 PR 0.0060 | unseen ROC 0.5561 PR 0.0051 | valAUC 0.8559 | tau+ 0.500
[OUTPOST-v4] epoch 386: test-all ROC 0.5644 PR 0.0059 | unseen ROC 0.5509 PR 0.0050 | valAUC 0.7965 | tau+ 0.500
[OUTPOST-v4] epoch 387: test-all ROC 0.5699 PR 0.0059 | unseen ROC 0.5560 PR 0.0051 | valAUC 0.8370 | tau+ 0.500
[OUTPOST-v4] epoch 388: test-all ROC 0.5724 PR 0.0060 | unseen ROC 0.5588 PR 0.0051 | valAUC 0.8382 | tau+ 0.500
[OUTPOST-v4] epoch 389: test-all ROC 0.5742 PR 0.0061 | unseen ROC 0.5607 PR 0.0051 | valAUC 0.8537 | tau+ 0.500
[OUTPOST-v4] epoch 390: test-all ROC 0.5708 PR 0.0059 | unseen ROC 0.5570 PR 0.0051 | valAUC 0.8494 | tau+ 0.500
[OUTPOST-v4] epoch 391: test-all ROC 0.5716 PR 0.0060 | unseen ROC 0.5577 PR 0.0051 | valAUC 0.8294 | tau+ 0.500
[OUTPOST-v4] epoch 392: test-all ROC 0.5691 PR 0.0060 | unseen ROC 0.5552 PR 0.0051 | valAUC 0.8001 | tau+ 0.500
[OUTPOST-v4] epoch 393: test-all ROC 0.5692 PR 0.0060 | unseen ROC 0.5553 PR 0.0051 | valAUC 0.8052 | tau+ 0.500
[OUTPOST-v4] epoch 394: test-all ROC 0.5676 PR 0.0060 | unseen ROC 0.5539 PR 0.0051 | valAUC 0.8364 | tau+ 0.500
[OUTPOST-v4] epoch 395: test-all ROC 0.5675 PR 0.0059 | unseen ROC 0.5538 PR 0.0051 | valAUC 0.8335 | tau+ 0.500
[OUTPOST-v4] epoch 396: test-all ROC 0.5667 PR 0.0060 | unseen ROC 0.5529 PR 0.0050 | valAUC 0.8437 | tau+ 0.500
[OUTPOST-v4] epoch 397: test-all ROC 0.5679 PR 0.0060 | unseen ROC 0.5543 PR 0.0050 | valAUC 0.8033 | tau+ 0.500
[OUTPOST-v4] epoch 398: test-all ROC 0.5673 PR 0.0059 | unseen ROC 0.5538 PR 0.0050 | valAUC 0.8208 | tau+ 0.500
[OUTPOST-v4] epoch 399: test-all ROC 0.5665 PR 0.0059 | unseen ROC 0.5531 PR 0.0050 | valAUC 0.7747 | tau+ 0.500
  rotation 195: ROC 0.6540 PR 0.0068
[ogbn-mag] params 35137, peak GPU 11.82 GB, 517.3 min total
[ogbn-mag] ran 1/15 rotations; no results.csv row written. Merge the shards with:
    python analysis/scripts/merge_rotations.py
