# gpu=4 cmd=/usr/bin/python3 -u main.py --dataset photo --seed 42 --method outpost --tag E400_T_hidden32 --rotations 0 --set hidden_dim=32 num_epochs=400 --save-scores
/nas/home/jahin/.local/lib/python3.10/site-packages/requests/__init__.py:113: RequestsDependencyWarning: urllib3 (1.26.5) or chardet (7.2.0)/charset_normalizer (3.4.4) doesn't match a supported version!
  warnings.warn(
[0.04823529 0.22039216 0.09189542 0.11960784 0.11529412 0.1075817
 0.25372549 0.04326797]
[photo] anomaly classes (rotations): [np.int64(0), np.int64(7)]
[photo] running subset: [np.int64(0)]
Normal classes: [np.int64(1), np.int64(2), np.int64(3), np.int64(4), np.int64(5), np.int64(6)] in photo
Building multi-layer GraphSage
[OUTPOST-v4] epoch 0: test-all ROC 0.5346 PR 0.0874 | unseen ROC 0.3792 PR 0.0351 | valAUC 0.7246 | tau+ 0.507
[OUTPOST-v4] epoch 1: test-all ROC 0.5779 PR 0.1037 | unseen ROC 0.3858 PR 0.0355 | valAUC 0.7937 | tau+ 0.500
[OUTPOST-v4] epoch 2: test-all ROC 0.5914 PR 0.1099 | unseen ROC 0.3986 PR 0.0362 | valAUC 0.7928 | tau+ 0.500
[OUTPOST-v4] epoch 3: test-all ROC 0.5938 PR 0.1121 | unseen ROC 0.3979 PR 0.0361 | valAUC 0.7995 | tau+ 0.500
[OUTPOST-v4] epoch 4: test-all ROC 0.5931 PR 0.1114 | unseen ROC 0.3963 PR 0.0361 | valAUC 0.8246 | tau+ 0.500
[OUTPOST-v4] epoch 5: test-all ROC 0.6014 PR 0.1164 | unseen ROC 0.4017 PR 0.0364 | valAUC 0.8208 | tau+ 0.500
[OUTPOST-v4] epoch 6: test-all ROC 0.6056 PR 0.1200 | unseen ROC 0.4033 PR 0.0364 | valAUC 0.8251 | tau+ 0.500
[OUTPOST-v4] epoch 7: test-all ROC 0.6067 PR 0.1215 | unseen ROC 0.3996 PR 0.0362 | valAUC 0.8280 | tau+ 0.500
[OUTPOST-v4] epoch 8: test-all ROC 0.6156 PR 0.1263 | unseen ROC 0.4061 PR 0.0366 | valAUC 0.8406 | tau+ 0.500
[OUTPOST-v4] epoch 9: test-all ROC 0.6134 PR 0.1290 | unseen ROC 0.3951 PR 0.0360 | valAUC 0.8469 | tau+ 0.500
[OUTPOST-v4] epoch 10: test-all ROC 0.6183 PR 0.1310 | unseen ROC 0.4019 PR 0.0364 | valAUC 0.8488 | tau+ 0.500
[OUTPOST-v4] epoch 11: test-all ROC 0.6251 PR 0.1358 | unseen ROC 0.4024 PR 0.0364 | valAUC 0.8667 | tau+ 0.500
[OUTPOST-v4] epoch 12: test-all ROC 0.6228 PR 0.1387 | unseen ROC 0.3965 PR 0.0360 | valAUC 0.8763 | tau+ 0.500
[OUTPOST-v4] epoch 13: test-all ROC 0.6241 PR 0.1425 | unseen ROC 0.3940 PR 0.0359 | valAUC 0.8773 | tau+ 0.500
[OUTPOST-v4] epoch 14: test-all ROC 0.6282 PR 0.1478 | unseen ROC 0.3941 PR 0.0360 | valAUC 0.8884 | tau+ 0.500
[OUTPOST-v4] epoch 15: test-all ROC 0.6253 PR 0.1493 | unseen ROC 0.3872 PR 0.0356 | valAUC 0.9039 | tau+ 0.500
[OUTPOST-v4] epoch 16: test-all ROC 0.6263 PR 0.1532 | unseen ROC 0.3837 PR 0.0354 | valAUC 0.8908 | tau+ 0.500
[OUTPOST-v4] epoch 17: test-all ROC 0.6357 PR 0.1559 | unseen ROC 0.3991 PR 0.0362 | valAUC 0.8961 | tau+ 0.500
[OUTPOST-v4] epoch 18: test-all ROC 0.6332 PR 0.1581 | unseen ROC 0.3911 PR 0.0358 | valAUC 0.9000 | tau+ 0.500
[OUTPOST-v4] epoch 19: test-all ROC 0.6348 PR 0.1598 | unseen ROC 0.3952 PR 0.0360 | valAUC 0.9019 | tau+ 0.500
[OUTPOST-v4] epoch 20: test-all ROC 0.6342 PR 0.1606 | unseen ROC 0.3917 PR 0.0358 | valAUC 0.8889 | tau+ 0.500
[OUTPOST-v4] epoch 21: test-all ROC 0.6349 PR 0.1620 | unseen ROC 0.3939 PR 0.0359 | valAUC 0.9068 | tau+ 0.500
[OUTPOST-v4] epoch 22: test-all ROC 0.6408 PR 0.1647 | unseen ROC 0.4030 PR 0.0364 | valAUC 0.8971 | tau+ 0.500
[OUTPOST-v4] epoch 23: test-all ROC 0.6395 PR 0.1655 | unseen ROC 0.3982 PR 0.0361 | valAUC 0.8923 | tau+ 0.500
[OUTPOST-v4] epoch 24: test-all ROC 0.6377 PR 0.1646 | unseen ROC 0.3961 PR 0.0360 | valAUC 0.9087 | tau+ 0.500
[OUTPOST-v4] epoch 25: test-all ROC 0.6488 PR 0.1717 | unseen ROC 0.4141 PR 0.0371 | valAUC 0.8976 | tau+ 0.500
[OUTPOST-v4] epoch 26: test-all ROC 0.6531 PR 0.1779 | unseen ROC 0.4143 PR 0.0371 | valAUC 0.9087 | tau+ 0.500
[OUTPOST-v4] epoch 27: test-all ROC 0.6498 PR 0.1787 | unseen ROC 0.4079 PR 0.0368 | valAUC 0.9208 | tau+ 0.500
[OUTPOST-v4] epoch 28: test-all ROC 0.6533 PR 0.1877 | unseen ROC 0.4100 PR 0.0368 | valAUC 0.9208 | tau+ 0.500
[OUTPOST-v4] epoch 29: test-all ROC 0.6481 PR 0.1938 | unseen ROC 0.3995 PR 0.0363 | valAUC 0.9295 | tau+ 0.500
[OUTPOST-v4] epoch 30: test-all ROC 0.6557 PR 0.2096 | unseen ROC 0.4077 PR 0.0368 | valAUC 0.9391 | tau+ 0.500
[OUTPOST-v4] epoch 31: test-all ROC 0.6588 PR 0.2254 | unseen ROC 0.4097 PR 0.0368 | valAUC 0.9338 | tau+ 0.500
[OUTPOST-v4] epoch 32: test-all ROC 0.6536 PR 0.2505 | unseen ROC 0.3946 PR 0.0360 | valAUC 0.9357 | tau+ 0.500
[OUTPOST-v4] epoch 33: test-all ROC 0.6552 PR 0.2750 | unseen ROC 0.3993 PR 0.0362 | valAUC 0.9386 | tau+ 0.500
[OUTPOST-v4] epoch 34: test-all ROC 0.6639 PR 0.3045 | unseen ROC 0.4086 PR 0.0368 | valAUC 0.9430 | tau+ 0.500
[OUTPOST-v4] epoch 35: test-all ROC 0.6637 PR 0.3179 | unseen ROC 0.4103 PR 0.0369 | valAUC 0.9522 | tau+ 0.500
[OUTPOST-v4] epoch 36: test-all ROC 0.6612 PR 0.3463 | unseen ROC 0.3996 PR 0.0363 | valAUC 0.9430 | tau+ 0.500
[OUTPOST-v4] epoch 37: test-all ROC 0.6681 PR 0.3640 | unseen ROC 0.4131 PR 0.0371 | valAUC 0.9469 | tau+ 0.500
[OUTPOST-v4] epoch 38: test-all ROC 0.6700 PR 0.3707 | unseen ROC 0.4140 PR 0.0371 | valAUC 0.9469 | tau+ 0.500
[OUTPOST-v4] epoch 39: test-all ROC 0.6679 PR 0.3830 | unseen ROC 0.4094 PR 0.0369 | valAUC 0.9454 | tau+ 0.500
[OUTPOST-v4] epoch 40: test-all ROC 0.6664 PR 0.4009 | unseen ROC 0.4040 PR 0.0366 | valAUC 0.9507 | tau+ 0.500
[OUTPOST-v4] epoch 41: test-all ROC 0.6739 PR 0.4185 | unseen ROC 0.4172 PR 0.0373 | valAUC 0.9488 | tau+ 0.500
[OUTPOST-v4] epoch 42: test-all ROC 0.6777 PR 0.4284 | unseen ROC 0.4230 PR 0.0377 | valAUC 0.9517 | tau+ 0.500
[OUTPOST-v4] epoch 43: test-all ROC 0.6838 PR 0.4274 | unseen ROC 0.4340 PR 0.0384 | valAUC 0.9527 | tau+ 0.500
[OUTPOST-v4] epoch 44: test-all ROC 0.6794 PR 0.4397 | unseen ROC 0.4261 PR 0.0379 | valAUC 0.9493 | tau+ 0.500
[OUTPOST-v4] epoch 45: test-all ROC 0.6758 PR 0.4607 | unseen ROC 0.4142 PR 0.0372 | valAUC 0.9565 | tau+ 0.503
[OUTPOST-v4] epoch 46: test-all ROC 0.6835 PR 0.4678 | unseen ROC 0.4296 PR 0.0383 | valAUC 0.9580 | tau+ 0.526
[OUTPOST-v4] epoch 47: test-all ROC 0.6829 PR 0.4679 | unseen ROC 0.4239 PR 0.0377 | valAUC 0.9609 | tau+ 0.537
[OUTPOST-v4] epoch 48: test-all ROC 0.6940 PR 0.4742 | unseen ROC 0.4463 PR 0.0398 | valAUC 0.9594 | tau+ 0.544
[OUTPOST-v4] epoch 49: test-all ROC 0.6933 PR 0.4758 | unseen ROC 0.4439 PR 0.0392 | valAUC 0.9633 | tau+ 0.539
[OUTPOST-v4] epoch 50: test-all ROC 0.6909 PR 0.4816 | unseen ROC 0.4382 PR 0.0395 | valAUC 0.9633 | tau+ 0.604
[OUTPOST-v4] epoch 51: test-all ROC 0.6903 PR 0.4841 | unseen ROC 0.4355 PR 0.0390 | valAUC 0.9667 | tau+ 0.587
[OUTPOST-v4] epoch 52: test-all ROC 0.6921 PR 0.4874 | unseen ROC 0.4367 PR 0.0391 | valAUC 0.9638 | tau+ 0.599
[OUTPOST-v4] epoch 53: test-all ROC 0.6909 PR 0.4871 | unseen ROC 0.4384 PR 0.0396 | valAUC 0.9686 | tau+ 0.599
[OUTPOST-v4] epoch 54: test-all ROC 0.6888 PR 0.4882 | unseen ROC 0.4316 PR 0.0387 | valAUC 0.9662 | tau+ 0.606
[OUTPOST-v4] epoch 55: test-all ROC 0.6976 PR 0.4940 | unseen ROC 0.4478 PR 0.0397 | valAUC 0.9647 | tau+ 0.608
[OUTPOST-v4] epoch 56: test-all ROC 0.6945 PR 0.4930 | unseen ROC 0.4403 PR 0.0392 | valAUC 0.9662 | tau+ 0.642
[OUTPOST-v4] epoch 57: test-all ROC 0.6960 PR 0.5002 | unseen ROC 0.4422 PR 0.0410 | valAUC 0.9710 | tau+ 0.640
[OUTPOST-v4] epoch 58: test-all ROC 0.6960 PR 0.4948 | unseen ROC 0.4417 PR 0.0403 | valAUC 0.9734 | tau+ 0.644
[OUTPOST-v4] epoch 59: test-all ROC 0.6976 PR 0.4996 | unseen ROC 0.4451 PR 0.0406 | valAUC 0.9758 | tau+ 0.638
[OUTPOST-v4] epoch 60: test-all ROC 0.7038 PR 0.4993 | unseen ROC 0.4571 PR 0.0433 | valAUC 0.9729 | tau+ 0.650
[OUTPOST-v4] epoch 61: test-all ROC 0.7015 PR 0.4975 | unseen ROC 0.4554 PR 0.0416 | valAUC 0.9671 | tau+ 0.566
[OUTPOST-v4] epoch 62: test-all ROC 0.7046 PR 0.4995 | unseen ROC 0.4603 PR 0.0416 | valAUC 0.9763 | tau+ 0.643
[OUTPOST-v4] epoch 63: test-all ROC 0.7057 PR 0.5036 | unseen ROC 0.4595 PR 0.0408 | valAUC 0.9744 | tau+ 0.675
[OUTPOST-v4] epoch 64: test-all ROC 0.7129 PR 0.5039 | unseen ROC 0.4732 PR 0.0437 | valAUC 0.9778 | tau+ 0.671
[OUTPOST-v4] epoch 65: test-all ROC 0.7122 PR 0.5014 | unseen ROC 0.4714 PR 0.0420 | valAUC 0.9705 | tau+ 0.648
[OUTPOST-v4] epoch 66: test-all ROC 0.7137 PR 0.5064 | unseen ROC 0.4737 PR 0.0415 | valAUC 0.9691 | tau+ 0.609
[OUTPOST-v4] epoch 67: test-all ROC 0.7113 PR 0.5058 | unseen ROC 0.4695 PR 0.0443 | valAUC 0.9826 | tau+ 0.609
[OUTPOST-v4] epoch 68: test-all ROC 0.7122 PR 0.5057 | unseen ROC 0.4730 PR 0.0427 | valAUC 0.9734 | tau+ 0.591
[OUTPOST-v4] epoch 69: test-all ROC 0.7164 PR 0.5018 | unseen ROC 0.4797 PR 0.0429 | valAUC 0.9686 | tau+ 0.674
[OUTPOST-v4] epoch 70: test-all ROC 0.7232 PR 0.5126 | unseen ROC 0.4916 PR 0.0441 | valAUC 0.9734 | tau+ 0.731
[OUTPOST-v4] epoch 71: test-all ROC 0.7316 PR 0.5118 | unseen ROC 0.5067 PR 0.0447 | valAUC 0.9763 | tau+ 0.698
[OUTPOST-v4] epoch 72: test-all ROC 0.7219 PR 0.5098 | unseen ROC 0.4894 PR 0.0462 | valAUC 0.9754 | tau+ 0.633
[OUTPOST-v4] epoch 73: test-all ROC 0.7300 PR 0.5115 | unseen ROC 0.5046 PR 0.0444 | valAUC 0.9821 | tau+ 0.599
[OUTPOST-v4] epoch 74: test-all ROC 0.7299 PR 0.5149 | unseen ROC 0.5050 PR 0.0443 | valAUC 0.9720 | tau+ 0.500
[OUTPOST-v4] epoch 75: test-all ROC 0.7311 PR 0.5153 | unseen ROC 0.5060 PR 0.0445 | valAUC 0.9773 | tau+ 0.571
[OUTPOST-v4] epoch 76: test-all ROC 0.7365 PR 0.5146 | unseen ROC 0.5152 PR 0.0461 | valAUC 0.9754 | tau+ 0.609
[OUTPOST-v4] epoch 77: test-all ROC 0.7444 PR 0.5216 | unseen ROC 0.5300 PR 0.0493 | valAUC 0.9870 | tau+ 0.637
[OUTPOST-v4] epoch 78: test-all ROC 0.7488 PR 0.5194 | unseen ROC 0.5379 PR 0.0479 | valAUC 0.9874 | tau+ 0.665
[OUTPOST-v4] epoch 79: test-all ROC 0.7478 PR 0.5165 | unseen ROC 0.5359 PR 0.0477 | valAUC 0.9773 | tau+ 0.541
[OUTPOST-v4] epoch 80: test-all ROC 0.7424 PR 0.5164 | unseen ROC 0.5273 PR 0.0467 | valAUC 0.9768 | tau+ 0.500
[OUTPOST-v4] epoch 81: test-all ROC 0.7504 PR 0.5201 | unseen ROC 0.5416 PR 0.0504 | valAUC 0.9715 | tau+ 0.500
[OUTPOST-v4] epoch 82: test-all ROC 0.7431 PR 0.5208 | unseen ROC 0.5279 PR 0.0475 | valAUC 0.9778 | tau+ 0.500
[OUTPOST-v4] epoch 83: test-all ROC 0.7522 PR 0.5210 | unseen ROC 0.5440 PR 0.0486 | valAUC 0.9831 | tau+ 0.527
[OUTPOST-v4] epoch 84: test-all ROC 0.7615 PR 0.5290 | unseen ROC 0.5602 PR 0.0505 | valAUC 0.9816 | tau+ 0.500
[OUTPOST-v4] epoch 85: test-all ROC 0.7627 PR 0.5282 | unseen ROC 0.5630 PR 0.0513 | valAUC 0.9831 | tau+ 0.589
[OUTPOST-v4] epoch 86: test-all ROC 0.7705 PR 0.5305 | unseen ROC 0.5787 PR 0.0523 | valAUC 0.9831 | tau+ 0.500
[OUTPOST-v4] epoch 87: test-all ROC 0.7631 PR 0.5283 | unseen ROC 0.5623 PR 0.0527 | valAUC 0.9816 | tau+ 0.500
[OUTPOST-v4] epoch 88: test-all ROC 0.7590 PR 0.5267 | unseen ROC 0.5567 PR 0.0505 | valAUC 0.9758 | tau+ 0.500
[OUTPOST-v4] epoch 89: test-all ROC 0.7593 PR 0.5280 | unseen ROC 0.5569 PR 0.0539 | valAUC 0.9778 | tau+ 0.500
[OUTPOST-v4] epoch 90: test-all ROC 0.7601 PR 0.5265 | unseen ROC 0.5596 PR 0.0504 | valAUC 0.9855 | tau+ 0.500
[OUTPOST-v4] epoch 91: test-all ROC 0.7614 PR 0.5267 | unseen ROC 0.5619 PR 0.0515 | valAUC 0.9865 | tau+ 0.500
[OUTPOST-v4] epoch 92: test-all ROC 0.7656 PR 0.5299 | unseen ROC 0.5684 PR 0.0514 | valAUC 0.9807 | tau+ 0.500
[OUTPOST-v4] epoch 93: test-all ROC 0.7785 PR 0.5371 | unseen ROC 0.5915 PR 0.0543 | valAUC 0.9831 | tau+ 0.500
[OUTPOST-v4] epoch 94: test-all ROC 0.7926 PR 0.5353 | unseen ROC 0.6172 PR 0.0576 | valAUC 0.9932 | tau+ 0.530
[OUTPOST-v4] epoch 95: test-all ROC 0.7891 PR 0.5334 | unseen ROC 0.6128 PR 0.0571 | valAUC 0.9942 | tau+ 0.583
[OUTPOST-v4] epoch 96: test-all ROC 0.7812 PR 0.5361 | unseen ROC 0.5971 PR 0.0553 | valAUC 0.9966 | tau+ 0.509
[OUTPOST-v4] epoch 97: test-all ROC 0.7719 PR 0.5334 | unseen ROC 0.5810 PR 0.0547 | valAUC 0.9797 | tau+ 0.500
[OUTPOST-v4] epoch 98: test-all ROC 0.7653 PR 0.5294 | unseen ROC 0.5682 PR 0.0536 | valAUC 0.9797 | tau+ 0.500
[OUTPOST-v4] epoch 99: test-all ROC 0.7655 PR 0.5284 | unseen ROC 0.5703 PR 0.0513 | valAUC 0.9792 | tau+ 0.500
[OUTPOST-v4] epoch 100: test-all ROC 0.7746 PR 0.5333 | unseen ROC 0.5853 PR 0.0560 | valAUC 0.9821 | tau+ 0.500
[OUTPOST-v4] epoch 101: test-all ROC 0.7779 PR 0.5345 | unseen ROC 0.5911 PR 0.0546 | valAUC 0.9874 | tau+ 0.500
[OUTPOST-v4] epoch 102: test-all ROC 0.7880 PR 0.5376 | unseen ROC 0.6099 PR 0.0565 | valAUC 0.9942 | tau+ 0.500
[OUTPOST-v4] epoch 103: test-all ROC 0.7956 PR 0.5460 | unseen ROC 0.6220 PR 0.0596 | valAUC 0.9932 | tau+ 0.559
[OUTPOST-v4] epoch 104: test-all ROC 0.8029 PR 0.5379 | unseen ROC 0.6366 PR 0.0611 | valAUC 0.9961 | tau+ 0.564
[OUTPOST-v4] epoch 105: test-all ROC 0.7998 PR 0.5436 | unseen ROC 0.6314 PR 0.0603 | valAUC 0.9913 | tau+ 0.516
[OUTPOST-v4] epoch 106: test-all ROC 0.7875 PR 0.5382 | unseen ROC 0.6081 PR 0.0564 | valAUC 0.9855 | tau+ 0.500
[OUTPOST-v4] epoch 107: test-all ROC 0.7880 PR 0.5376 | unseen ROC 0.6095 PR 0.0562 | valAUC 0.9802 | tau+ 0.500
[OUTPOST-v4] epoch 108: test-all ROC 0.7870 PR 0.5410 | unseen ROC 0.6079 PR 0.0567 | valAUC 0.9860 | tau+ 0.500
[OUTPOST-v4] epoch 109: test-all ROC 0.7878 PR 0.5385 | unseen ROC 0.6094 PR 0.0587 | valAUC 0.9884 | tau+ 0.500
[OUTPOST-v4] epoch 110: test-all ROC 0.7893 PR 0.5406 | unseen ROC 0.6140 PR 0.0579 | valAUC 0.9918 | tau+ 0.500
[OUTPOST-v4] epoch 111: test-all ROC 0.7952 PR 0.5423 | unseen ROC 0.6222 PR 0.0591 | valAUC 0.9884 | tau+ 0.500
[OUTPOST-v4] epoch 112: test-all ROC 0.8040 PR 0.5482 | unseen ROC 0.6399 PR 0.0628 | valAUC 0.9942 | tau+ 0.500
[OUTPOST-v4] epoch 113: test-all ROC 0.8089 PR 0.5488 | unseen ROC 0.6481 PR 0.0625 | valAUC 0.9831 | tau+ 0.500
[OUTPOST-v4] epoch 114: test-all ROC 0.8058 PR 0.5480 | unseen ROC 0.6423 PR 0.0624 | valAUC 0.9937 | tau+ 0.500
[OUTPOST-v4] epoch 115: test-all ROC 0.8005 PR 0.5479 | unseen ROC 0.6325 PR 0.0609 | valAUC 0.9913 | tau+ 0.500
[OUTPOST-v4] epoch 116: test-all ROC 0.7949 PR 0.5415 | unseen ROC 0.6216 PR 0.0582 | valAUC 0.9870 | tau+ 0.500
[OUTPOST-v4] epoch 117: test-all ROC 0.7937 PR 0.5422 | unseen ROC 0.6200 PR 0.0596 | valAUC 0.9894 | tau+ 0.500
[OUTPOST-v4] epoch 118: test-all ROC 0.7968 PR 0.5438 | unseen ROC 0.6254 PR 0.0622 | valAUC 0.9903 | tau+ 0.500
[OUTPOST-v4] epoch 119: test-all ROC 0.7911 PR 0.5444 | unseen ROC 0.6129 PR 0.0615 | valAUC 0.9937 | tau+ 0.500
[OUTPOST-v4] epoch 120: test-all ROC 0.8097 PR 0.5491 | unseen ROC 0.6503 PR 0.0632 | valAUC 0.9923 | tau+ 0.500
[OUTPOST-v4] epoch 121: test-all ROC 0.8078 PR 0.5489 | unseen ROC 0.6449 PR 0.0629 | valAUC 0.9928 | tau+ 0.500
[OUTPOST-v4] epoch 122: test-all ROC 0.8113 PR 0.5472 | unseen ROC 0.6539 PR 0.0647 | valAUC 0.9865 | tau+ 0.500
[OUTPOST-v4] epoch 123: test-all ROC 0.8184 PR 0.5551 | unseen ROC 0.6654 PR 0.0669 | valAUC 0.9870 | tau+ 0.500
[OUTPOST-v4] epoch 124: test-all ROC 0.8114 PR 0.5525 | unseen ROC 0.6523 PR 0.0655 | valAUC 0.9889 | tau+ 0.500
[OUTPOST-v4] epoch 125: test-all ROC 0.8146 PR 0.5540 | unseen ROC 0.6584 PR 0.0658 | valAUC 0.9908 | tau+ 0.500
[OUTPOST-v4] epoch 126: test-all ROC 0.8085 PR 0.5486 | unseen ROC 0.6480 PR 0.0652 | valAUC 0.9826 | tau+ 0.500
[OUTPOST-v4] epoch 127: test-all ROC 0.7988 PR 0.5463 | unseen ROC 0.6293 PR 0.0604 | valAUC 0.9874 | tau+ 0.500
[OUTPOST-v4] epoch 128: test-all ROC 0.8057 PR 0.5494 | unseen ROC 0.6412 PR 0.0621 | valAUC 0.9894 | tau+ 0.500
[OUTPOST-v4] epoch 129: test-all ROC 0.8050 PR 0.5520 | unseen ROC 0.6415 PR 0.0634 | valAUC 0.9874 | tau+ 0.500
[OUTPOST-v4] epoch 130: test-all ROC 0.8207 PR 0.5546 | unseen ROC 0.6707 PR 0.0687 | valAUC 0.9884 | tau+ 0.500
[OUTPOST-v4] epoch 131: test-all ROC 0.8215 PR 0.5571 | unseen ROC 0.6712 PR 0.0682 | valAUC 0.9860 | tau+ 0.500
[OUTPOST-v4] epoch 132: test-all ROC 0.8186 PR 0.5566 | unseen ROC 0.6653 PR 0.0666 | valAUC 0.9918 | tau+ 0.527
[OUTPOST-v4] epoch 133: test-all ROC 0.8186 PR 0.5557 | unseen ROC 0.6650 PR 0.0669 | valAUC 0.9845 | tau+ 0.500
[OUTPOST-v4] epoch 134: test-all ROC 0.8111 PR 0.5495 | unseen ROC 0.6544 PR 0.0647 | valAUC 0.9923 | tau+ 0.500
[OUTPOST-v4] epoch 135: test-all ROC 0.8131 PR 0.5537 | unseen ROC 0.6577 PR 0.0649 | valAUC 0.9928 | tau+ 0.500
[OUTPOST-v4] epoch 136: test-all ROC 0.8129 PR 0.5556 | unseen ROC 0.6549 PR 0.0657 | valAUC 0.9787 | tau+ 0.500
[OUTPOST-v4] epoch 137: test-all ROC 0.8094 PR 0.5528 | unseen ROC 0.6486 PR 0.0635 | valAUC 0.9937 | tau+ 0.500
[OUTPOST-v4] epoch 138: test-all ROC 0.8178 PR 0.5550 | unseen ROC 0.6648 PR 0.0665 | valAUC 0.9816 | tau+ 0.500
[OUTPOST-v4] epoch 139: test-all ROC 0.8149 PR 0.5567 | unseen ROC 0.6588 PR 0.0654 | valAUC 0.9899 | tau+ 0.500
[OUTPOST-v4] epoch 140: test-all ROC 0.8221 PR 0.5586 | unseen ROC 0.6734 PR 0.0685 | valAUC 0.9821 | tau+ 0.500
[OUTPOST-v4] epoch 141: test-all ROC 0.8212 PR 0.5580 | unseen ROC 0.6722 PR 0.0693 | valAUC 0.9937 | tau+ 0.500
[OUTPOST-v4] epoch 142: test-all ROC 0.8229 PR 0.5593 | unseen ROC 0.6741 PR 0.0700 | valAUC 0.9894 | tau+ 0.500
[OUTPOST-v4] epoch 143: test-all ROC 0.8237 PR 0.5607 | unseen ROC 0.6745 PR 0.0706 | valAUC 0.9812 | tau+ 0.500
[OUTPOST-v4] epoch 144: test-all ROC 0.8271 PR 0.5616 | unseen ROC 0.6816 PR 0.0703 | valAUC 0.9889 | tau+ 0.500
[OUTPOST-v4] epoch 145: test-all ROC 0.8307 PR 0.5646 | unseen ROC 0.6882 PR 0.0721 | valAUC 0.9937 | tau+ 0.500
[OUTPOST-v4] epoch 146: test-all ROC 0.8292 PR 0.5613 | unseen ROC 0.6849 PR 0.0713 | valAUC 0.9908 | tau+ 0.500
[OUTPOST-v4] epoch 147: test-all ROC 0.8250 PR 0.5617 | unseen ROC 0.6771 PR 0.0705 | valAUC 0.9952 | tau+ 0.500
[OUTPOST-v4] epoch 148: test-all ROC 0.8260 PR 0.5625 | unseen ROC 0.6795 PR 0.0705 | valAUC 0.9865 | tau+ 0.500
[OUTPOST-v4] epoch 149: test-all ROC 0.8266 PR 0.5626 | unseen ROC 0.6804 PR 0.0709 | valAUC 0.9768 | tau+ 0.500
[OUTPOST-v4] epoch 150: test-all ROC 0.8275 PR 0.5643 | unseen ROC 0.6824 PR 0.0714 | valAUC 0.9831 | tau+ 0.500
[OUTPOST-v4] epoch 151: test-all ROC 0.8144 PR 0.5534 | unseen ROC 0.6592 PR 0.0666 | valAUC 0.9899 | tau+ 0.500
[OUTPOST-v4] epoch 152: test-all ROC 0.8224 PR 0.5602 | unseen ROC 0.6750 PR 0.0712 | valAUC 0.9899 | tau+ 0.500
[OUTPOST-v4] epoch 153: test-all ROC 0.8216 PR 0.5587 | unseen ROC 0.6725 PR 0.0696 | valAUC 0.9913 | tau+ 0.500
[OUTPOST-v4] epoch 154: test-all ROC 0.8307 PR 0.5620 | unseen ROC 0.6895 PR 0.0724 | valAUC 0.9928 | tau+ 0.500
[OUTPOST-v4] epoch 155: test-all ROC 0.8316 PR 0.5647 | unseen ROC 0.6898 PR 0.0726 | valAUC 0.9899 | tau+ 0.500
[OUTPOST-v4] epoch 156: test-all ROC 0.8387 PR 0.5707 | unseen ROC 0.7025 PR 0.0790 | valAUC 0.9918 | tau+ 0.500
[OUTPOST-v4] epoch 157: test-all ROC 0.8372 PR 0.5714 | unseen ROC 0.7003 PR 0.0756 | valAUC 0.9952 | tau+ 0.500
[OUTPOST-v4] epoch 158: test-all ROC 0.8280 PR 0.5636 | unseen ROC 0.6844 PR 0.0721 | valAUC 0.9908 | tau+ 0.500
[OUTPOST-v4] epoch 159: test-all ROC 0.8309 PR 0.5637 | unseen ROC 0.6904 PR 0.0721 | valAUC 0.9816 | tau+ 0.500
[OUTPOST-v4] epoch 160: test-all ROC 0.8235 PR 0.5607 | unseen ROC 0.6741 PR 0.0694 | valAUC 0.9918 | tau+ 0.500
[OUTPOST-v4] epoch 161: test-all ROC 0.8217 PR 0.5583 | unseen ROC 0.6725 PR 0.0687 | valAUC 0.9899 | tau+ 0.500
[OUTPOST-v4] epoch 162: test-all ROC 0.8288 PR 0.5678 | unseen ROC 0.6849 PR 0.0743 | valAUC 0.9768 | tau+ 0.500
[OUTPOST-v4] epoch 163: test-all ROC 0.8338 PR 0.5682 | unseen ROC 0.6943 PR 0.0747 | valAUC 0.9928 | tau+ 0.500
[OUTPOST-v4] epoch 164: test-all ROC 0.8431 PR 0.5731 | unseen ROC 0.7111 PR 0.0788 | valAUC 0.9860 | tau+ 0.500
[OUTPOST-v4] epoch 165: test-all ROC 0.8428 PR 0.5715 | unseen ROC 0.7101 PR 0.0772 | valAUC 0.9932 | tau+ 0.500
[OUTPOST-v4] epoch 166: test-all ROC 0.8456 PR 0.5749 | unseen ROC 0.7165 PR 0.0793 | valAUC 0.9923 | tau+ 0.500
[OUTPOST-v4] epoch 167: test-all ROC 0.8385 PR 0.5698 | unseen ROC 0.7033 PR 0.0773 | valAUC 0.9855 | tau+ 0.500
[OUTPOST-v4] epoch 168: test-all ROC 0.8390 PR 0.5686 | unseen ROC 0.7036 PR 0.0762 | valAUC 0.9884 | tau+ 0.500
[OUTPOST-v4] epoch 169: test-all ROC 0.8341 PR 0.5643 | unseen ROC 0.6962 PR 0.0749 | valAUC 0.9807 | tau+ 0.500
[OUTPOST-v4] epoch 170: test-all ROC 0.8315 PR 0.5661 | unseen ROC 0.6922 PR 0.0740 | valAUC 0.9918 | tau+ 0.500
[OUTPOST-v4] epoch 171: test-all ROC 0.8358 PR 0.5688 | unseen ROC 0.6987 PR 0.0776 | valAUC 0.9923 | tau+ 0.500
[OUTPOST-v4] epoch 172: test-all ROC 0.8385 PR 0.5720 | unseen ROC 0.7020 PR 0.0766 | valAUC 0.9889 | tau+ 0.500
[OUTPOST-v4] epoch 173: test-all ROC 0.8339 PR 0.5684 | unseen ROC 0.6948 PR 0.0743 | valAUC 0.9797 | tau+ 0.500
[OUTPOST-v4] epoch 174: test-all ROC 0.8424 PR 0.5734 | unseen ROC 0.7089 PR 0.0786 | valAUC 0.9942 | tau+ 0.500
[OUTPOST-v4] epoch 175: test-all ROC 0.8477 PR 0.5784 | unseen ROC 0.7202 PR 0.0814 | valAUC 0.9855 | tau+ 0.512
[OUTPOST-v4] epoch 176: test-all ROC 0.8536 PR 0.5814 | unseen ROC 0.7309 PR 0.0845 | valAUC 0.9879 | tau+ 0.500
[OUTPOST-v4] epoch 177: test-all ROC 0.8463 PR 0.5735 | unseen ROC 0.7175 PR 0.0798 | valAUC 0.9908 | tau+ 0.500
[OUTPOST-v4] epoch 178: test-all ROC 0.8415 PR 0.5736 | unseen ROC 0.7071 PR 0.0783 | valAUC 0.9884 | tau+ 0.500
[OUTPOST-v4] epoch 179: test-all ROC 0.8426 PR 0.5735 | unseen ROC 0.7102 PR 0.0792 | valAUC 0.9903 | tau+ 0.500
[OUTPOST-v4] epoch 180: test-all ROC 0.8415 PR 0.5729 | unseen ROC 0.7084 PR 0.0792 | valAUC 0.9884 | tau+ 0.500
[OUTPOST-v4] epoch 181: test-all ROC 0.8443 PR 0.5738 | unseen ROC 0.7148 PR 0.0798 | valAUC 0.9836 | tau+ 0.500
[OUTPOST-v4] epoch 182: test-all ROC 0.8542 PR 0.5803 | unseen ROC 0.7320 PR 0.0846 | valAUC 0.9952 | tau+ 0.500
[OUTPOST-v4] epoch 183: test-all ROC 0.8520 PR 0.5808 | unseen ROC 0.7268 PR 0.0828 | valAUC 0.9928 | tau+ 0.500
[OUTPOST-v4] epoch 184: test-all ROC 0.8491 PR 0.5763 | unseen ROC 0.7219 PR 0.0808 | valAUC 0.9928 | tau+ 0.500
[OUTPOST-v4] epoch 185: test-all ROC 0.8501 PR 0.5832 | unseen ROC 0.7232 PR 0.0841 | valAUC 0.9845 | tau+ 0.500
[OUTPOST-v4] epoch 186: test-all ROC 0.8428 PR 0.5738 | unseen ROC 0.7104 PR 0.0796 | valAUC 0.9894 | tau+ 0.500
[OUTPOST-v4] epoch 187: test-all ROC 0.8443 PR 0.5759 | unseen ROC 0.7131 PR 0.0802 | valAUC 0.9850 | tau+ 0.500
[OUTPOST-v4] epoch 188: test-all ROC 0.8445 PR 0.5770 | unseen ROC 0.7137 PR 0.0810 | valAUC 0.9845 | tau+ 0.500
[OUTPOST-v4] epoch 189: test-all ROC 0.8383 PR 0.5715 | unseen ROC 0.7024 PR 0.0776 | valAUC 0.9855 | tau+ 0.500
[OUTPOST-v4] epoch 190: test-all ROC 0.8389 PR 0.5694 | unseen ROC 0.7044 PR 0.0773 | valAUC 0.9952 | tau+ 0.500
[OUTPOST-v4] epoch 191: test-all ROC 0.8449 PR 0.5774 | unseen ROC 0.7143 PR 0.0802 | valAUC 0.9918 | tau+ 0.500
[OUTPOST-v4] epoch 192: test-all ROC 0.8504 PR 0.5815 | unseen ROC 0.7242 PR 0.0836 | valAUC 0.9976 | tau+ 0.500
[OUTPOST-v4] epoch 193: test-all ROC 0.8598 PR 0.5887 | unseen ROC 0.7412 PR 0.0894 | valAUC 0.9937 | tau+ 0.500
[OUTPOST-v4] epoch 194: test-all ROC 0.8504 PR 0.5808 | unseen ROC 0.7256 PR 0.0839 | valAUC 0.9908 | tau+ 0.500
[OUTPOST-v4] epoch 195: test-all ROC 0.8484 PR 0.5763 | unseen ROC 0.7217 PR 0.0828 | valAUC 0.9845 | tau+ 0.500
[OUTPOST-v4] epoch 196: test-all ROC 0.8414 PR 0.5721 | unseen ROC 0.7090 PR 0.0783 | valAUC 0.9841 | tau+ 0.500
[OUTPOST-v4] epoch 197: test-all ROC 0.8390 PR 0.5709 | unseen ROC 0.7045 PR 0.0775 | valAUC 0.9850 | tau+ 0.500
[OUTPOST-v4] epoch 198: test-all ROC 0.8459 PR 0.5746 | unseen ROC 0.7170 PR 0.0806 | valAUC 0.9855 | tau+ 0.500
[OUTPOST-v4] epoch 199: test-all ROC 0.8459 PR 0.5748 | unseen ROC 0.7183 PR 0.0827 | valAUC 0.9812 | tau+ 0.500
[OUTPOST-v4] epoch 200: test-all ROC 0.8551 PR 0.5786 | unseen ROC 0.7343 PR 0.0871 | valAUC 0.9865 | tau+ 0.500
[OUTPOST-v4] epoch 201: test-all ROC 0.8527 PR 0.5845 | unseen ROC 0.7300 PR 0.0873 | valAUC 0.9937 | tau+ 0.500
[OUTPOST-v4] epoch 202: test-all ROC 0.8527 PR 0.5844 | unseen ROC 0.7279 PR 0.0853 | valAUC 0.9908 | tau+ 0.500
[OUTPOST-v4] epoch 203: test-all ROC 0.8552 PR 0.5847 | unseen ROC 0.7338 PR 0.0871 | valAUC 0.9889 | tau+ 0.500
[OUTPOST-v4] epoch 204: test-all ROC 0.8519 PR 0.5820 | unseen ROC 0.7273 PR 0.0842 | valAUC 0.9899 | tau+ 0.500
[OUTPOST-v4] epoch 205: test-all ROC 0.8511 PR 0.5781 | unseen ROC 0.7277 PR 0.0843 | valAUC 0.9913 | tau+ 0.500
[OUTPOST-v4] epoch 206: test-all ROC 0.8478 PR 0.5794 | unseen ROC 0.7231 PR 0.0840 | valAUC 0.9884 | tau+ 0.500
[OUTPOST-v4] epoch 207: test-all ROC 0.8492 PR 0.5784 | unseen ROC 0.7239 PR 0.0830 | valAUC 0.9952 | tau+ 0.500
[OUTPOST-v4] epoch 208: test-all ROC 0.8581 PR 0.5859 | unseen ROC 0.7403 PR 0.0891 | valAUC 0.9957 | tau+ 0.500
[OUTPOST-v4] epoch 209: test-all ROC 0.8583 PR 0.5870 | unseen ROC 0.7406 PR 0.0907 | valAUC 0.9923 | tau+ 0.500
[OUTPOST-v4] epoch 210: test-all ROC 0.8573 PR 0.5882 | unseen ROC 0.7392 PR 0.0913 | valAUC 0.9874 | tau+ 0.500
[OUTPOST-v4] epoch 211: test-all ROC 0.8556 PR 0.5823 | unseen ROC 0.7344 PR 0.0877 | valAUC 0.9966 | tau+ 0.500
[OUTPOST-v4] epoch 212: test-all ROC 0.8461 PR 0.5735 | unseen ROC 0.7180 PR 0.0821 | valAUC 0.9773 | tau+ 0.500
[OUTPOST-v4] epoch 213: test-all ROC 0.8427 PR 0.5741 | unseen ROC 0.7105 PR 0.0813 | valAUC 0.9802 | tau+ 0.500
[OUTPOST-v4] epoch 214: test-all ROC 0.8416 PR 0.5735 | unseen ROC 0.7106 PR 0.0804 | valAUC 0.9787 | tau+ 0.500
[OUTPOST-v4] epoch 215: test-all ROC 0.8434 PR 0.5747 | unseen ROC 0.7126 PR 0.0807 | valAUC 0.9855 | tau+ 0.500
[OUTPOST-v4] epoch 216: test-all ROC 0.8409 PR 0.5760 | unseen ROC 0.7084 PR 0.0793 | valAUC 0.9874 | tau+ 0.500
[OUTPOST-v4] epoch 217: test-all ROC 0.8405 PR 0.5780 | unseen ROC 0.7076 PR 0.0814 | valAUC 0.9889 | tau+ 0.500
[OUTPOST-v4] epoch 218: test-all ROC 0.8405 PR 0.5751 | unseen ROC 0.7062 PR 0.0806 | valAUC 0.9865 | tau+ 0.500
[OUTPOST-v4] epoch 219: test-all ROC 0.8470 PR 0.5792 | unseen ROC 0.7205 PR 0.0833 | valAUC 0.9879 | tau+ 0.500
[OUTPOST-v4] epoch 220: test-all ROC 0.8494 PR 0.5841 | unseen ROC 0.7257 PR 0.0881 | valAUC 0.9894 | tau+ 0.500
[OUTPOST-v4] epoch 221: test-all ROC 0.8552 PR 0.5838 | unseen ROC 0.7342 PR 0.0859 | valAUC 0.9865 | tau+ 0.500
[OUTPOST-v4] epoch 222: test-all ROC 0.8546 PR 0.5884 | unseen ROC 0.7323 PR 0.0878 | valAUC 0.9957 | tau+ 0.500
[OUTPOST-v4] epoch 223: test-all ROC 0.8637 PR 0.5910 | unseen ROC 0.7493 PR 0.0929 | valAUC 0.9903 | tau+ 0.500
[OUTPOST-v4] epoch 224: test-all ROC 0.8627 PR 0.5904 | unseen ROC 0.7495 PR 0.0939 | valAUC 0.9932 | tau+ 0.500
[OUTPOST-v4] epoch 225: test-all ROC 0.8579 PR 0.5889 | unseen ROC 0.7392 PR 0.0900 | valAUC 0.9831 | tau+ 0.500
[OUTPOST-v4] epoch 226: test-all ROC 0.8466 PR 0.5788 | unseen ROC 0.7174 PR 0.0817 | valAUC 0.9908 | tau+ 0.500
[OUTPOST-v4] epoch 227: test-all ROC 0.8441 PR 0.5759 | unseen ROC 0.7152 PR 0.0837 | valAUC 0.9850 | tau+ 0.500
[OUTPOST-v4] epoch 228: test-all ROC 0.8420 PR 0.5764 | unseen ROC 0.7091 PR 0.0801 | valAUC 0.9821 | tau+ 0.500
[OUTPOST-v4] epoch 229: test-all ROC 0.8503 PR 0.5814 | unseen ROC 0.7263 PR 0.0852 | valAUC 0.9850 | tau+ 0.500
[OUTPOST-v4] epoch 230: test-all ROC 0.8535 PR 0.5851 | unseen ROC 0.7328 PR 0.0870 | valAUC 0.9923 | tau+ 0.500
[OUTPOST-v4] epoch 231: test-all ROC 0.8583 PR 0.5882 | unseen ROC 0.7400 PR 0.0911 | valAUC 0.9874 | tau+ 0.500
[OUTPOST-v4] epoch 232: test-all ROC 0.8590 PR 0.5880 | unseen ROC 0.7401 PR 0.0898 | valAUC 0.9928 | tau+ 0.500
[OUTPOST-v4] epoch 233: test-all ROC 0.8569 PR 0.5844 | unseen ROC 0.7387 PR 0.0892 | valAUC 0.9874 | tau+ 0.500
[OUTPOST-v4] epoch 234: test-all ROC 0.8554 PR 0.5839 | unseen ROC 0.7341 PR 0.0877 | valAUC 0.9894 | tau+ 0.500
[OUTPOST-v4] epoch 235: test-all ROC 0.8581 PR 0.5898 | unseen ROC 0.7390 PR 0.0894 | valAUC 0.9947 | tau+ 0.500
[OUTPOST-v4] epoch 236: test-all ROC 0.8634 PR 0.5883 | unseen ROC 0.7477 PR 0.0899 | valAUC 0.9841 | tau+ 0.500
[OUTPOST-v4] epoch 237: test-all ROC 0.8619 PR 0.5878 | unseen ROC 0.7467 PR 0.0915 | valAUC 0.9874 | tau+ 0.500
[OUTPOST-v4] epoch 238: test-all ROC 0.8692 PR 0.5968 | unseen ROC 0.7602 PR 0.0972 | valAUC 0.9947 | tau+ 0.500
[OUTPOST-v4] epoch 239: test-all ROC 0.8627 PR 0.5890 | unseen ROC 0.7470 PR 0.0919 | valAUC 0.9952 | tau+ 0.500
[OUTPOST-v4] epoch 240: test-all ROC 0.8567 PR 0.5878 | unseen ROC 0.7360 PR 0.0879 | valAUC 0.9855 | tau+ 0.500
[OUTPOST-v4] epoch 241: test-all ROC 0.8511 PR 0.5837 | unseen ROC 0.7264 PR 0.0860 | valAUC 0.9918 | tau+ 0.500
[OUTPOST-v4] epoch 242: test-all ROC 0.8542 PR 0.5804 | unseen ROC 0.7314 PR 0.0853 | valAUC 0.9860 | tau+ 0.500
[OUTPOST-v4] epoch 243: test-all ROC 0.8525 PR 0.5845 | unseen ROC 0.7278 PR 0.0862 | valAUC 0.9855 | tau+ 0.500
[OUTPOST-v4] epoch 244: test-all ROC 0.8485 PR 0.5824 | unseen ROC 0.7199 PR 0.0846 | valAUC 0.9855 | tau+ 0.500
[OUTPOST-v4] epoch 245: test-all ROC 0.8464 PR 0.5806 | unseen ROC 0.7171 PR 0.0838 | valAUC 0.9908 | tau+ 0.500
[OUTPOST-v4] epoch 246: test-all ROC 0.8589 PR 0.5896 | unseen ROC 0.7401 PR 0.0904 | valAUC 0.9826 | tau+ 0.500
[OUTPOST-v4] epoch 247: test-all ROC 0.8601 PR 0.5879 | unseen ROC 0.7437 PR 0.0916 | valAUC 0.9899 | tau+ 0.500
[OUTPOST-v4] epoch 248: test-all ROC 0.8540 PR 0.5827 | unseen ROC 0.7327 PR 0.0873 | valAUC 0.9889 | tau+ 0.500
[OUTPOST-v4] epoch 249: test-all ROC 0.8534 PR 0.5815 | unseen ROC 0.7298 PR 0.0863 | valAUC 0.9831 | tau+ 0.500
[OUTPOST-v4] epoch 250: test-all ROC 0.8504 PR 0.5808 | unseen ROC 0.7256 PR 0.0864 | valAUC 0.9918 | tau+ 0.500
[OUTPOST-v4] epoch 251: test-all ROC 0.8445 PR 0.5754 | unseen ROC 0.7139 PR 0.0812 | valAUC 0.9855 | tau+ 0.500
[OUTPOST-v4] epoch 252: test-all ROC 0.8451 PR 0.5770 | unseen ROC 0.7171 PR 0.0823 | valAUC 0.9923 | tau+ 0.500
[OUTPOST-v4] epoch 253: test-all ROC 0.8460 PR 0.5794 | unseen ROC 0.7175 PR 0.0835 | valAUC 0.9903 | tau+ 0.500
[OUTPOST-v4] epoch 254: test-all ROC 0.8493 PR 0.5810 | unseen ROC 0.7231 PR 0.0852 | valAUC 0.9860 | tau+ 0.500
[OUTPOST-v4] epoch 255: test-all ROC 0.8544 PR 0.5842 | unseen ROC 0.7322 PR 0.0884 | valAUC 0.9957 | tau+ 0.500
[OUTPOST-v4] epoch 256: test-all ROC 0.8638 PR 0.5917 | unseen ROC 0.7494 PR 0.0941 | valAUC 0.9889 | tau+ 0.500
[OUTPOST-v4] epoch 257: test-all ROC 0.8662 PR 0.5953 | unseen ROC 0.7547 PR 0.0957 | valAUC 0.9937 | tau+ 0.605
[OUTPOST-v4] epoch 258: test-all ROC 0.8690 PR 0.6010 | unseen ROC 0.7607 PR 0.0995 | valAUC 0.9952 | tau+ 0.500
[OUTPOST-v4] epoch 259: test-all ROC 0.8596 PR 0.5910 | unseen ROC 0.7425 PR 0.0934 | valAUC 0.9899 | tau+ 0.500
[OUTPOST-v4] epoch 260: test-all ROC 0.8520 PR 0.5855 | unseen ROC 0.7267 PR 0.0860 | valAUC 0.9845 | tau+ 0.500
[OUTPOST-v4] epoch 261: test-all ROC 0.8624 PR 0.5899 | unseen ROC 0.7471 PR 0.0920 | valAUC 0.9884 | tau+ 0.500
[OUTPOST-v4] epoch 262: test-all ROC 0.8495 PR 0.5829 | unseen ROC 0.7270 PR 0.0872 | valAUC 0.9903 | tau+ 0.500
[OUTPOST-v4] epoch 263: test-all ROC 0.8632 PR 0.5931 | unseen ROC 0.7482 PR 0.0945 | valAUC 0.9942 | tau+ 0.500
[OUTPOST-v4] epoch 264: test-all ROC 0.8636 PR 0.5917 | unseen ROC 0.7500 PR 0.0940 | valAUC 0.9903 | tau+ 0.500
[OUTPOST-v4] epoch 265: test-all ROC 0.8693 PR 0.5973 | unseen ROC 0.7597 PR 0.1022 | valAUC 0.9879 | tau+ 0.500
[OUTPOST-v4] epoch 266: test-all ROC 0.8672 PR 0.5953 | unseen ROC 0.7548 PR 0.0953 | valAUC 0.9889 | tau+ 0.500
[OUTPOST-v4] epoch 267: test-all ROC 0.8640 PR 0.5921 | unseen ROC 0.7490 PR 0.0933 | valAUC 0.9932 | tau+ 0.500
[OUTPOST-v4] epoch 268: test-all ROC 0.8551 PR 0.5877 | unseen ROC 0.7323 PR 0.0912 | valAUC 0.9787 | tau+ 0.500
[OUTPOST-v4] epoch 269: test-all ROC 0.8593 PR 0.5876 | unseen ROC 0.7411 PR 0.0903 | valAUC 0.9908 | tau+ 0.500
[OUTPOST-v4] epoch 270: test-all ROC 0.8567 PR 0.5847 | unseen ROC 0.7365 PR 0.0877 | valAUC 0.9899 | tau+ 0.500
[OUTPOST-v4] epoch 271: test-all ROC 0.8626 PR 0.5923 | unseen ROC 0.7467 PR 0.0943 | valAUC 0.9836 | tau+ 0.500
[OUTPOST-v4] epoch 272: test-all ROC 0.8576 PR 0.5805 | unseen ROC 0.7378 PR 0.0887 | valAUC 0.9908 | tau+ 0.500
[OUTPOST-v4] epoch 273: test-all ROC 0.8568 PR 0.5895 | unseen ROC 0.7362 PR 0.0901 | valAUC 0.9947 | tau+ 0.604
[OUTPOST-v4] epoch 274: test-all ROC 0.8650 PR 0.5951 | unseen ROC 0.7516 PR 0.0957 | valAUC 0.9937 | tau+ 0.500
[OUTPOST-v4] epoch 275: test-all ROC 0.8612 PR 0.5892 | unseen ROC 0.7443 PR 0.0920 | valAUC 0.9966 | tau+ 0.500
[OUTPOST-v4] epoch 276: test-all ROC 0.8502 PR 0.5805 | unseen ROC 0.7272 PR 0.0872 | valAUC 0.9879 | tau+ 0.500
[OUTPOST-v4] epoch 277: test-all ROC 0.8416 PR 0.5745 | unseen ROC 0.7086 PR 0.0814 | valAUC 0.9908 | tau+ 0.500
[OUTPOST-v4] epoch 278: test-all ROC 0.8291 PR 0.5673 | unseen ROC 0.6864 PR 0.0763 | valAUC 0.9763 | tau+ 0.500
[OUTPOST-v4] epoch 279: test-all ROC 0.8411 PR 0.5767 | unseen ROC 0.7083 PR 0.0812 | valAUC 0.9928 | tau+ 0.500
[OUTPOST-v4] epoch 280: test-all ROC 0.8481 PR 0.5791 | unseen ROC 0.7197 PR 0.0853 | valAUC 0.9821 | tau+ 0.500
[OUTPOST-v4] epoch 281: test-all ROC 0.8530 PR 0.5837 | unseen ROC 0.7291 PR 0.0876 | valAUC 0.9894 | tau+ 0.500
[OUTPOST-v4] epoch 282: test-all ROC 0.8592 PR 0.5931 | unseen ROC 0.7402 PR 0.0920 | valAUC 0.9928 | tau+ 0.500
[OUTPOST-v4] epoch 283: test-all ROC 0.8684 PR 0.5995 | unseen ROC 0.7581 PR 0.1004 | valAUC 0.9889 | tau+ 0.500
[OUTPOST-v4] epoch 284: test-all ROC 0.8613 PR 0.5917 | unseen ROC 0.7441 PR 0.0929 | valAUC 0.9884 | tau+ 0.500
[OUTPOST-v4] epoch 285: test-all ROC 0.8558 PR 0.5862 | unseen ROC 0.7341 PR 0.0890 | valAUC 0.9831 | tau+ 0.500
[OUTPOST-v4] epoch 286: test-all ROC 0.8445 PR 0.5802 | unseen ROC 0.7161 PR 0.0836 | valAUC 0.9874 | tau+ 0.500
[OUTPOST-v4] epoch 287: test-all ROC 0.8429 PR 0.5781 | unseen ROC 0.7122 PR 0.0830 | valAUC 0.9860 | tau+ 0.500
[OUTPOST-v4] epoch 288: test-all ROC 0.8366 PR 0.5727 | unseen ROC 0.6998 PR 0.0800 | valAUC 0.9841 | tau+ 0.500
[OUTPOST-v4] epoch 289: test-all ROC 0.8434 PR 0.5768 | unseen ROC 0.7111 PR 0.0825 | valAUC 0.9889 | tau+ 0.500
[OUTPOST-v4] epoch 290: test-all ROC 0.8470 PR 0.5790 | unseen ROC 0.7185 PR 0.0839 | valAUC 0.9923 | tau+ 0.500
[OUTPOST-v4] epoch 291: test-all ROC 0.8599 PR 0.5911 | unseen ROC 0.7423 PR 0.0928 | valAUC 0.9918 | tau+ 0.500
[OUTPOST-v4] epoch 292: test-all ROC 0.8700 PR 0.5957 | unseen ROC 0.7621 PR 0.0977 | valAUC 0.9947 | tau+ 0.500
[OUTPOST-v4] epoch 293: test-all ROC 0.8742 PR 0.6030 | unseen ROC 0.7703 PR 0.1048 | valAUC 0.9971 | tau+ 0.557
[OUTPOST-v4] epoch 294: test-all ROC 0.8663 PR 0.5933 | unseen ROC 0.7540 PR 0.0953 | valAUC 0.9923 | tau+ 0.500
[OUTPOST-v4] epoch 295: test-all ROC 0.8563 PR 0.5873 | unseen ROC 0.7365 PR 0.0905 | valAUC 0.9889 | tau+ 0.500
[OUTPOST-v4] epoch 296: test-all ROC 0.8446 PR 0.5773 | unseen ROC 0.7138 PR 0.0827 | valAUC 0.9831 | tau+ 0.500
[OUTPOST-v4] epoch 297: test-all ROC 0.8359 PR 0.5707 | unseen ROC 0.6979 PR 0.0785 | valAUC 0.9836 | tau+ 0.500
[OUTPOST-v4] epoch 298: test-all ROC 0.8406 PR 0.5715 | unseen ROC 0.7078 PR 0.0811 | valAUC 0.9812 | tau+ 0.500
[OUTPOST-v4] epoch 299: test-all ROC 0.8453 PR 0.5788 | unseen ROC 0.7164 PR 0.0838 | valAUC 0.9865 | tau+ 0.500
[OUTPOST-v4] epoch 300: test-all ROC 0.8449 PR 0.5755 | unseen ROC 0.7145 PR 0.0820 | valAUC 0.9903 | tau+ 0.500
[OUTPOST-v4] epoch 301: test-all ROC 0.8556 PR 0.5838 | unseen ROC 0.7360 PR 0.0894 | valAUC 0.9894 | tau+ 0.500
[OUTPOST-v4] epoch 302: test-all ROC 0.8637 PR 0.5942 | unseen ROC 0.7504 PR 0.0967 | valAUC 0.9957 | tau+ 0.500
[OUTPOST-v4] epoch 303: test-all ROC 0.8657 PR 0.5928 | unseen ROC 0.7549 PR 0.0964 | valAUC 0.9932 | tau+ 0.500
[OUTPOST-v4] epoch 304: test-all ROC 0.8658 PR 0.5943 | unseen ROC 0.7546 PR 0.0982 | valAUC 0.9821 | tau+ 0.500
[OUTPOST-v4] epoch 305: test-all ROC 0.8579 PR 0.5880 | unseen ROC 0.7386 PR 0.0913 | valAUC 0.9816 | tau+ 0.500
[OUTPOST-v4] epoch 306: test-all ROC 0.8529 PR 0.5834 | unseen ROC 0.7290 PR 0.0889 | valAUC 0.9908 | tau+ 0.500
[OUTPOST-v4] epoch 307: test-all ROC 0.8442 PR 0.5785 | unseen ROC 0.7134 PR 0.0836 | valAUC 0.9841 | tau+ 0.500
[OUTPOST-v4] epoch 308: test-all ROC 0.8434 PR 0.5775 | unseen ROC 0.7116 PR 0.0829 | valAUC 0.9807 | tau+ 0.500
[OUTPOST-v4] epoch 309: test-all ROC 0.8278 PR 0.5661 | unseen ROC 0.6832 PR 0.0749 | valAUC 0.9816 | tau+ 0.500
[OUTPOST-v4] epoch 310: test-all ROC 0.8386 PR 0.5758 | unseen ROC 0.7026 PR 0.0800 | valAUC 0.9802 | tau+ 0.500
[OUTPOST-v4] epoch 311: test-all ROC 0.8497 PR 0.5806 | unseen ROC 0.7240 PR 0.0870 | valAUC 0.9899 | tau+ 0.500
[OUTPOST-v4] epoch 312: test-all ROC 0.8572 PR 0.5898 | unseen ROC 0.7360 PR 0.0905 | valAUC 0.9860 | tau+ 0.500
[OUTPOST-v4] epoch 313: test-all ROC 0.8666 PR 0.5980 | unseen ROC 0.7543 PR 0.0975 | valAUC 0.9928 | tau+ 0.500
[OUTPOST-v4] epoch 314: test-all ROC 0.8585 PR 0.5885 | unseen ROC 0.7400 PR 0.0915 | valAUC 0.9841 | tau+ 0.500
[OUTPOST-v4] epoch 315: test-all ROC 0.8552 PR 0.5868 | unseen ROC 0.7330 PR 0.0885 | valAUC 0.9966 | tau+ 0.500
[OUTPOST-v4] epoch 316: test-all ROC 0.8566 PR 0.5874 | unseen ROC 0.7364 PR 0.0914 | valAUC 0.9908 | tau+ 0.500
[OUTPOST-v4] epoch 317: test-all ROC 0.8531 PR 0.5851 | unseen ROC 0.7310 PR 0.0895 | valAUC 0.9836 | tau+ 0.500
[OUTPOST-v4] epoch 318: test-all ROC 0.8414 PR 0.5762 | unseen ROC 0.7094 PR 0.0823 | valAUC 0.9908 | tau+ 0.500
[OUTPOST-v4] epoch 319: test-all ROC 0.8432 PR 0.5808 | unseen ROC 0.7118 PR 0.0841 | valAUC 0.9889 | tau+ 0.500
[OUTPOST-v4] epoch 320: test-all ROC 0.8476 PR 0.5816 | unseen ROC 0.7222 PR 0.0861 | valAUC 0.9899 | tau+ 0.500
[OUTPOST-v4] epoch 321: test-all ROC 0.8562 PR 0.5873 | unseen ROC 0.7383 PR 0.0911 | valAUC 0.9874 | tau+ 0.500
[OUTPOST-v4] epoch 322: test-all ROC 0.8616 PR 0.5937 | unseen ROC 0.7474 PR 0.0950 | valAUC 0.9889 | tau+ 0.500
[OUTPOST-v4] epoch 323: test-all ROC 0.8724 PR 0.6022 | unseen ROC 0.7643 PR 0.1008 | valAUC 0.9894 | tau+ 0.500
[OUTPOST-v4] epoch 324: test-all ROC 0.8710 PR 0.6019 | unseen ROC 0.7638 PR 0.1012 | valAUC 0.9937 | tau+ 0.500
[OUTPOST-v4] epoch 325: test-all ROC 0.8734 PR 0.6054 | unseen ROC 0.7660 PR 0.1064 | valAUC 0.9884 | tau+ 0.500
[OUTPOST-v4] epoch 326: test-all ROC 0.8689 PR 0.5955 | unseen ROC 0.7590 PR 0.0988 | valAUC 0.9841 | tau+ 0.500
[OUTPOST-v4] epoch 327: test-all ROC 0.8597 PR 0.5914 | unseen ROC 0.7420 PR 0.0940 | valAUC 0.9894 | tau+ 0.500
[OUTPOST-v4] epoch 328: test-all ROC 0.8592 PR 0.5914 | unseen ROC 0.7412 PR 0.0923 | valAUC 0.9957 | tau+ 0.500
[OUTPOST-v4] epoch 329: test-all ROC 0.8457 PR 0.5787 | unseen ROC 0.7177 PR 0.0853 | valAUC 0.9952 | tau+ 0.500
[OUTPOST-v4] epoch 330: test-all ROC 0.8495 PR 0.5808 | unseen ROC 0.7251 PR 0.0868 | valAUC 0.9826 | tau+ 0.500
[OUTPOST-v4] epoch 331: test-all ROC 0.8524 PR 0.5842 | unseen ROC 0.7285 PR 0.0878 | valAUC 0.9957 | tau+ 0.500
[OUTPOST-v4] epoch 332: test-all ROC 0.8646 PR 0.5922 | unseen ROC 0.7503 PR 0.0961 | valAUC 0.9961 | tau+ 0.500
[OUTPOST-v4] epoch 333: test-all ROC 0.8710 PR 0.5971 | unseen ROC 0.7628 PR 0.1002 | valAUC 0.9947 | tau+ 0.500
[OUTPOST-v4] epoch 334: test-all ROC 0.8775 PR 0.6059 | unseen ROC 0.7748 PR 0.1076 | valAUC 0.9923 | tau+ 0.500
[OUTPOST-v4] epoch 335: test-all ROC 0.8735 PR 0.6004 | unseen ROC 0.7679 PR 0.1033 | valAUC 0.9966 | tau+ 0.500
[OUTPOST-v4] epoch 336: test-all ROC 0.8692 PR 0.5999 | unseen ROC 0.7586 PR 0.0999 | valAUC 0.9932 | tau+ 0.500
[OUTPOST-v4] epoch 337: test-all ROC 0.8631 PR 0.5888 | unseen ROC 0.7485 PR 0.0950 | valAUC 0.9845 | tau+ 0.500
[OUTPOST-v4] epoch 338: test-all ROC 0.8439 PR 0.5764 | unseen ROC 0.7155 PR 0.0843 | valAUC 0.9870 | tau+ 0.500
[OUTPOST-v4] epoch 339: test-all ROC 0.8393 PR 0.5743 | unseen ROC 0.7042 PR 0.0809 | valAUC 0.9816 | tau+ 0.500
[OUTPOST-v4] epoch 340: test-all ROC 0.8408 PR 0.5752 | unseen ROC 0.7086 PR 0.0813 | valAUC 0.9831 | tau+ 0.500
[OUTPOST-v4] epoch 341: test-all ROC 0.8449 PR 0.5806 | unseen ROC 0.7135 PR 0.0857 | valAUC 0.9821 | tau+ 0.500
[OUTPOST-v4] epoch 342: test-all ROC 0.8508 PR 0.5821 | unseen ROC 0.7264 PR 0.0871 | valAUC 0.9855 | tau+ 0.500
[OUTPOST-v4] epoch 343: test-all ROC 0.8561 PR 0.5860 | unseen ROC 0.7365 PR 0.0909 | valAUC 0.9831 | tau+ 0.500
[OUTPOST-v4] epoch 344: test-all ROC 0.8616 PR 0.5960 | unseen ROC 0.7446 PR 0.0951 | valAUC 0.9952 | tau+ 0.500
[OUTPOST-v4] epoch 345: test-all ROC 0.8624 PR 0.5957 | unseen ROC 0.7461 PR 0.0966 | valAUC 0.9903 | tau+ 0.520
[OUTPOST-v4] epoch 346: test-all ROC 0.8491 PR 0.5867 | unseen ROC 0.7241 PR 0.0890 | valAUC 0.9952 | tau+ 0.500
[OUTPOST-v4] epoch 347: test-all ROC 0.8542 PR 0.5893 | unseen ROC 0.7323 PR 0.0927 | valAUC 0.9802 | tau+ 0.500
[OUTPOST-v4] epoch 348: test-all ROC 0.8475 PR 0.5823 | unseen ROC 0.7214 PR 0.0861 | valAUC 0.9908 | tau+ 0.500
[OUTPOST-v4] epoch 349: test-all ROC 0.8454 PR 0.5815 | unseen ROC 0.7156 PR 0.0854 | valAUC 0.9831 | tau+ 0.500
[OUTPOST-v4] epoch 350: test-all ROC 0.8518 PR 0.5859 | unseen ROC 0.7270 PR 0.0886 | valAUC 0.9850 | tau+ 0.500
[OUTPOST-v4] epoch 351: test-all ROC 0.8525 PR 0.5881 | unseen ROC 0.7280 PR 0.0882 | valAUC 0.9845 | tau+ 0.500
[OUTPOST-v4] epoch 352: test-all ROC 0.8571 PR 0.5897 | unseen ROC 0.7378 PR 0.0941 | valAUC 0.9913 | tau+ 0.500
[OUTPOST-v4] epoch 353: test-all ROC 0.8641 PR 0.5940 | unseen ROC 0.7506 PR 0.0971 | valAUC 0.9899 | tau+ 0.500
[OUTPOST-v4] epoch 354: test-all ROC 0.8641 PR 0.5943 | unseen ROC 0.7492 PR 0.0950 | valAUC 0.9816 | tau+ 0.500
[OUTPOST-v4] epoch 355: test-all ROC 0.8576 PR 0.5890 | unseen ROC 0.7378 PR 0.0903 | valAUC 0.9836 | tau+ 0.500
[OUTPOST-v4] epoch 356: test-all ROC 0.8492 PR 0.5851 | unseen ROC 0.7247 PR 0.0916 | valAUC 0.9807 | tau+ 0.500
[OUTPOST-v4] epoch 357: test-all ROC 0.8490 PR 0.5822 | unseen ROC 0.7222 PR 0.0871 | valAUC 0.9903 | tau+ 0.500
[OUTPOST-v4] epoch 358: test-all ROC 0.8517 PR 0.5823 | unseen ROC 0.7277 PR 0.0876 | valAUC 0.9845 | tau+ 0.500
[OUTPOST-v4] epoch 359: test-all ROC 0.8573 PR 0.5866 | unseen ROC 0.7377 PR 0.0916 | valAUC 0.9908 | tau+ 0.500
[OUTPOST-v4] epoch 360: test-all ROC 0.8543 PR 0.5886 | unseen ROC 0.7325 PR 0.0905 | valAUC 0.9957 | tau+ 0.500
[OUTPOST-v4] epoch 361: test-all ROC 0.8560 PR 0.5858 | unseen ROC 0.7341 PR 0.0894 | valAUC 0.9870 | tau+ 0.500
[OUTPOST-v4] epoch 362: test-all ROC 0.8560 PR 0.5901 | unseen ROC 0.7348 PR 0.0915 | valAUC 0.9937 | tau+ 0.500
[OUTPOST-v4] epoch 363: test-all ROC 0.8587 PR 0.5864 | unseen ROC 0.7404 PR 0.0923 | valAUC 0.9850 | tau+ 0.500
[OUTPOST-v4] epoch 364: test-all ROC 0.8586 PR 0.5879 | unseen ROC 0.7400 PR 0.0925 | valAUC 0.9894 | tau+ 0.500
[OUTPOST-v4] epoch 365: test-all ROC 0.8577 PR 0.5873 | unseen ROC 0.7400 PR 0.0922 | valAUC 0.9884 | tau+ 0.500
[OUTPOST-v4] epoch 366: test-all ROC 0.8561 PR 0.5887 | unseen ROC 0.7346 PR 0.0905 | valAUC 0.9928 | tau+ 0.500
[OUTPOST-v4] epoch 367: test-all ROC 0.8624 PR 0.5938 | unseen ROC 0.7476 PR 0.0953 | valAUC 0.9913 | tau+ 0.500
[OUTPOST-v4] epoch 368: test-all ROC 0.8590 PR 0.5907 | unseen ROC 0.7414 PR 0.0930 | valAUC 0.9874 | tau+ 0.500
[OUTPOST-v4] epoch 369: test-all ROC 0.8657 PR 0.5966 | unseen ROC 0.7553 PR 0.1000 | valAUC 0.9937 | tau+ 0.500
[OUTPOST-v4] epoch 370: test-all ROC 0.8613 PR 0.5907 | unseen ROC 0.7472 PR 0.0956 | valAUC 0.9913 | tau+ 0.500
[OUTPOST-v4] epoch 371: test-all ROC 0.8550 PR 0.5886 | unseen ROC 0.7323 PR 0.0898 | valAUC 0.9831 | tau+ 0.500
[OUTPOST-v4] epoch 372: test-all ROC 0.8575 PR 0.5850 | unseen ROC 0.7373 PR 0.0898 | valAUC 0.9831 | tau+ 0.500
[OUTPOST-v4] epoch 373: test-all ROC 0.8487 PR 0.5808 | unseen ROC 0.7228 PR 0.0872 | valAUC 0.9923 | tau+ 0.500
[OUTPOST-v4] epoch 374: test-all ROC 0.8458 PR 0.5809 | unseen ROC 0.7159 PR 0.0843 | valAUC 0.9865 | tau+ 0.500
[OUTPOST-v4] epoch 375: test-all ROC 0.8508 PR 0.5821 | unseen ROC 0.7256 PR 0.0853 | valAUC 0.9923 | tau+ 0.500
[OUTPOST-v4] epoch 376: test-all ROC 0.8563 PR 0.5847 | unseen ROC 0.7356 PR 0.0898 | valAUC 0.9816 | tau+ 0.500
[OUTPOST-v4] epoch 377: test-all ROC 0.8617 PR 0.5908 | unseen ROC 0.7471 PR 0.0926 | valAUC 0.9908 | tau+ 0.500
[OUTPOST-v4] epoch 378: test-all ROC 0.8633 PR 0.5927 | unseen ROC 0.7498 PR 0.0955 | valAUC 0.9937 | tau+ 0.636
[OUTPOST-v4] epoch 379: test-all ROC 0.8656 PR 0.5926 | unseen ROC 0.7529 PR 0.0979 | valAUC 0.9942 | tau+ 0.513
[OUTPOST-v4] epoch 380: test-all ROC 0.8652 PR 0.5959 | unseen ROC 0.7538 PR 0.0969 | valAUC 0.9899 | tau+ 0.562
[OUTPOST-v4] epoch 381: test-all ROC 0.8541 PR 0.5845 | unseen ROC 0.7340 PR 0.0898 | valAUC 0.9831 | tau+ 0.500
[OUTPOST-v4] epoch 382: test-all ROC 0.8566 PR 0.5871 | unseen ROC 0.7362 PR 0.0911 | valAUC 0.9874 | tau+ 0.500
[OUTPOST-v4] epoch 383: test-all ROC 0.8540 PR 0.5827 | unseen ROC 0.7315 PR 0.0887 | valAUC 0.9841 | tau+ 0.500
[OUTPOST-v4] epoch 384: test-all ROC 0.8511 PR 0.5807 | unseen ROC 0.7258 PR 0.0858 | valAUC 0.9870 | tau+ 0.500
[OUTPOST-v4] epoch 385: test-all ROC 0.8598 PR 0.5882 | unseen ROC 0.7423 PR 0.0927 | valAUC 0.9855 | tau+ 0.500
[OUTPOST-v4] epoch 386: test-all ROC 0.8643 PR 0.5915 | unseen ROC 0.7499 PR 0.0958 | valAUC 0.9889 | tau+ 0.500
[OUTPOST-v4] epoch 387: test-all ROC 0.8638 PR 0.5890 | unseen ROC 0.7511 PR 0.0953 | valAUC 0.9932 | tau+ 0.500
[OUTPOST-v4] epoch 388: test-all ROC 0.8764 PR 0.6018 | unseen ROC 0.7720 PR 0.1026 | valAUC 0.9937 | tau+ 0.547
[OUTPOST-v4] epoch 389: test-all ROC 0.8687 PR 0.5974 | unseen ROC 0.7580 PR 0.0988 | valAUC 0.9928 | tau+ 0.500
[OUTPOST-v4] epoch 390: test-all ROC 0.8612 PR 0.5893 | unseen ROC 0.7436 PR 0.0913 | valAUC 0.9908 | tau+ 0.500
[OUTPOST-v4] epoch 391: test-all ROC 0.8536 PR 0.5849 | unseen ROC 0.7310 PR 0.0893 | valAUC 0.9831 | tau+ 0.500
[OUTPOST-v4] epoch 392: test-all ROC 0.8558 PR 0.5879 | unseen ROC 0.7371 PR 0.0912 | valAUC 0.9903 | tau+ 0.500
[OUTPOST-v4] epoch 393: test-all ROC 0.8634 PR 0.5903 | unseen ROC 0.7485 PR 0.0924 | valAUC 0.9841 | tau+ 0.500
[OUTPOST-v4] epoch 394: test-all ROC 0.8534 PR 0.5845 | unseen ROC 0.7297 PR 0.0879 | valAUC 0.9928 | tau+ 0.500
[OUTPOST-v4] epoch 395: test-all ROC 0.8578 PR 0.5872 | unseen ROC 0.7396 PR 0.0924 | valAUC 0.9908 | tau+ 0.500
[OUTPOST-v4] epoch 396: test-all ROC 0.8628 PR 0.5914 | unseen ROC 0.7473 PR 0.0935 | valAUC 0.9937 | tau+ 0.500
[OUTPOST-v4] epoch 397: test-all ROC 0.8635 PR 0.5954 | unseen ROC 0.7488 PR 0.0970 | valAUC 0.9918 | tau+ 0.500
[OUTPOST-v4] epoch 398: test-all ROC 0.8641 PR 0.5904 | unseen ROC 0.7510 PR 0.0947 | valAUC 0.9937 | tau+ 0.500
[OUTPOST-v4] epoch 399: test-all ROC 0.8633 PR 0.5924 | unseen ROC 0.7504 PR 0.0975 | valAUC 0.9879 | tau+ 0.624
  rotation 0: ROC 0.8775 PR 0.6059
[photo] params 52993, peak GPU 2.92 GB, 15.3 min total
[photo] ran 1/2 rotations; no results.csv row written. Merge the shards with:
    python analysis/scripts/merge_rotations.py
