# gpu=3 cmd=/usr/bin/python3 -u main.py --dataset photo --seed 1 --method outpost --tag E400_T_hidden128 --rotations 0 --set hidden_dim=128 num_epochs=400 --save-scores
/nas/home/jahin/.local/lib/python3.10/site-packages/requests/__init__.py:113: RequestsDependencyWarning: urllib3 (1.26.5) or chardet (7.2.0)/charset_normalizer (3.4.4) doesn't match a supported version!
  warnings.warn(
[0.04823529 0.22039216 0.09189542 0.11960784 0.11529412 0.1075817
 0.25372549 0.04326797]
[photo] anomaly classes (rotations): [np.int64(0), np.int64(7)]
[photo] running subset: [np.int64(0)]
Normal classes: [np.int64(1), np.int64(2), np.int64(3), np.int64(4), np.int64(5), np.int64(6)] in photo
Building multi-layer GraphSage
[OUTPOST-v4] epoch 0: test-all ROC 0.6339 PR 0.1276 | unseen ROC 0.4463 PR 0.0392 | valAUC 0.8285 | tau+ 0.500
[OUTPOST-v4] epoch 1: test-all ROC 0.6190 PR 0.1223 | unseen ROC 0.4241 PR 0.0377 | valAUC 0.8039 | tau+ 0.500
[OUTPOST-v4] epoch 2: test-all ROC 0.6141 PR 0.1211 | unseen ROC 0.4194 PR 0.0374 | valAUC 0.8097 | tau+ 0.500
[OUTPOST-v4] epoch 3: test-all ROC 0.6218 PR 0.1280 | unseen ROC 0.4191 PR 0.0374 | valAUC 0.8304 | tau+ 0.500
[OUTPOST-v4] epoch 4: test-all ROC 0.6216 PR 0.1276 | unseen ROC 0.4183 PR 0.0373 | valAUC 0.8271 | tau+ 0.500
[OUTPOST-v4] epoch 5: test-all ROC 0.6219 PR 0.1307 | unseen ROC 0.4106 PR 0.0369 | valAUC 0.8333 | tau+ 0.500
[OUTPOST-v4] epoch 6: test-all ROC 0.6340 PR 0.1420 | unseen ROC 0.4171 PR 0.0372 | valAUC 0.8884 | tau+ 0.500
[OUTPOST-v4] epoch 7: test-all ROC 0.6403 PR 0.1536 | unseen ROC 0.4124 PR 0.0370 | valAUC 0.8821 | tau+ 0.500
[OUTPOST-v4] epoch 8: test-all ROC 0.6560 PR 0.1974 | unseen ROC 0.4192 PR 0.0374 | valAUC 0.9135 | tau+ 0.500
[OUTPOST-v4] epoch 9: test-all ROC 0.6561 PR 0.2082 | unseen ROC 0.4059 PR 0.0366 | valAUC 0.9251 | tau+ 0.500
[OUTPOST-v4] epoch 10: test-all ROC 0.6481 PR 0.1953 | unseen ROC 0.3942 PR 0.0359 | valAUC 0.9246 | tau+ 0.500
[OUTPOST-v4] epoch 11: test-all ROC 0.6496 PR 0.1898 | unseen ROC 0.3985 PR 0.0362 | valAUC 0.9222 | tau+ 0.500
[OUTPOST-v4] epoch 12: test-all ROC 0.6455 PR 0.1819 | unseen ROC 0.3968 PR 0.0361 | valAUC 0.9242 | tau+ 0.500
[OUTPOST-v4] epoch 13: test-all ROC 0.6530 PR 0.1820 | unseen ROC 0.4113 PR 0.0371 | valAUC 0.9203 | tau+ 0.500
[OUTPOST-v4] epoch 14: test-all ROC 0.6511 PR 0.1849 | unseen ROC 0.4064 PR 0.0367 | valAUC 0.9121 | tau+ 0.500
[OUTPOST-v4] epoch 15: test-all ROC 0.6545 PR 0.1933 | unseen ROC 0.4070 PR 0.0368 | valAUC 0.9280 | tau+ 0.500
[OUTPOST-v4] epoch 16: test-all ROC 0.6559 PR 0.1987 | unseen ROC 0.4084 PR 0.0368 | valAUC 0.9285 | tau+ 0.500
[OUTPOST-v4] epoch 17: test-all ROC 0.6610 PR 0.2108 | unseen ROC 0.4119 PR 0.0371 | valAUC 0.9391 | tau+ 0.500
[OUTPOST-v4] epoch 18: test-all ROC 0.6637 PR 0.2213 | unseen ROC 0.4159 PR 0.0373 | valAUC 0.9464 | tau+ 0.500
[OUTPOST-v4] epoch 19: test-all ROC 0.6599 PR 0.2442 | unseen ROC 0.4019 PR 0.0365 | valAUC 0.9459 | tau+ 0.500
[OUTPOST-v4] epoch 20: test-all ROC 0.6618 PR 0.2652 | unseen ROC 0.4037 PR 0.0366 | valAUC 0.9478 | tau+ 0.500
[OUTPOST-v4] epoch 21: test-all ROC 0.6658 PR 0.2797 | unseen ROC 0.4102 PR 0.0369 | valAUC 0.9435 | tau+ 0.500
[OUTPOST-v4] epoch 22: test-all ROC 0.6642 PR 0.2966 | unseen ROC 0.4060 PR 0.0366 | valAUC 0.9440 | tau+ 0.500
[OUTPOST-v4] epoch 23: test-all ROC 0.6660 PR 0.3162 | unseen ROC 0.4099 PR 0.0369 | valAUC 0.9488 | tau+ 0.500
[OUTPOST-v4] epoch 24: test-all ROC 0.6673 PR 0.3066 | unseen ROC 0.4154 PR 0.0372 | valAUC 0.9425 | tau+ 0.500
[OUTPOST-v4] epoch 25: test-all ROC 0.6639 PR 0.2964 | unseen ROC 0.4088 PR 0.0368 | valAUC 0.9464 | tau+ 0.500
[OUTPOST-v4] epoch 26: test-all ROC 0.6652 PR 0.2794 | unseen ROC 0.4138 PR 0.0371 | valAUC 0.9430 | tau+ 0.500
[OUTPOST-v4] epoch 27: test-all ROC 0.6623 PR 0.2748 | unseen ROC 0.4061 PR 0.0366 | valAUC 0.9406 | tau+ 0.500
[OUTPOST-v4] epoch 28: test-all ROC 0.6693 PR 0.2659 | unseen ROC 0.4186 PR 0.0374 | valAUC 0.9435 | tau+ 0.500
[OUTPOST-v4] epoch 29: test-all ROC 0.6625 PR 0.2606 | unseen ROC 0.4076 PR 0.0367 | valAUC 0.9440 | tau+ 0.500
[OUTPOST-v4] epoch 30: test-all ROC 0.6635 PR 0.2545 | unseen ROC 0.4149 PR 0.0371 | valAUC 0.9464 | tau+ 0.500
[OUTPOST-v4] epoch 31: test-all ROC 0.6699 PR 0.2503 | unseen ROC 0.4236 PR 0.0377 | valAUC 0.9396 | tau+ 0.500
[OUTPOST-v4] epoch 32: test-all ROC 0.6635 PR 0.2524 | unseen ROC 0.4142 PR 0.0371 | valAUC 0.9367 | tau+ 0.500
[OUTPOST-v4] epoch 33: test-all ROC 0.6677 PR 0.2682 | unseen ROC 0.4192 PR 0.0374 | valAUC 0.9415 | tau+ 0.500
[OUTPOST-v4] epoch 34: test-all ROC 0.6627 PR 0.2801 | unseen ROC 0.4091 PR 0.0368 | valAUC 0.9498 | tau+ 0.500
[OUTPOST-v4] epoch 35: test-all ROC 0.6728 PR 0.3244 | unseen ROC 0.4251 PR 0.0378 | valAUC 0.9459 | tau+ 0.500
[OUTPOST-v4] epoch 36: test-all ROC 0.6731 PR 0.3545 | unseen ROC 0.4191 PR 0.0374 | valAUC 0.9382 | tau+ 0.573
[OUTPOST-v4] epoch 37: test-all ROC 0.6827 PR 0.3833 | unseen ROC 0.4358 PR 0.0385 | valAUC 0.9517 | tau+ 0.602
[OUTPOST-v4] epoch 38: test-all ROC 0.6761 PR 0.3886 | unseen ROC 0.4221 PR 0.0376 | valAUC 0.9300 | tau+ 0.570
[OUTPOST-v4] epoch 39: test-all ROC 0.6799 PR 0.4034 | unseen ROC 0.4264 PR 0.0379 | valAUC 0.9498 | tau+ 0.567
[OUTPOST-v4] epoch 40: test-all ROC 0.6766 PR 0.4154 | unseen ROC 0.4213 PR 0.0376 | valAUC 0.9551 | tau+ 0.529
[OUTPOST-v4] epoch 41: test-all ROC 0.6853 PR 0.4534 | unseen ROC 0.4301 PR 0.0382 | valAUC 0.9556 | tau+ 0.540
[OUTPOST-v4] epoch 42: test-all ROC 0.6923 PR 0.4784 | unseen ROC 0.4374 PR 0.0388 | valAUC 0.9657 | tau+ 0.621
[OUTPOST-v4] epoch 43: test-all ROC 0.6971 PR 0.4894 | unseen ROC 0.4461 PR 0.0394 | valAUC 0.9657 | tau+ 0.786
[OUTPOST-v4] epoch 44: test-all ROC 0.6945 PR 0.4854 | unseen ROC 0.4407 PR 0.0390 | valAUC 0.9667 | tau+ 0.724
[OUTPOST-v4] epoch 45: test-all ROC 0.6938 PR 0.4821 | unseen ROC 0.4407 PR 0.0391 | valAUC 0.9604 | tau+ 0.771
[OUTPOST-v4] epoch 46: test-all ROC 0.6928 PR 0.4788 | unseen ROC 0.4410 PR 0.0390 | valAUC 0.9623 | tau+ 0.557
[OUTPOST-v4] epoch 47: test-all ROC 0.7002 PR 0.4896 | unseen ROC 0.4530 PR 0.0403 | valAUC 0.9623 | tau+ 0.669
[OUTPOST-v4] epoch 48: test-all ROC 0.6992 PR 0.4952 | unseen ROC 0.4472 PR 0.0400 | valAUC 0.9614 | tau+ 0.788
[OUTPOST-v4] epoch 49: test-all ROC 0.7059 PR 0.5030 | unseen ROC 0.4586 PR 0.0413 | valAUC 0.9643 | tau+ 0.858
[OUTPOST-v4] epoch 50: test-all ROC 0.7136 PR 0.5099 | unseen ROC 0.4730 PR 0.0419 | valAUC 0.9734 | tau+ 0.687
[OUTPOST-v4] epoch 51: test-all ROC 0.7138 PR 0.5109 | unseen ROC 0.4732 PR 0.0432 | valAUC 0.9792 | tau+ 0.796
[OUTPOST-v4] epoch 52: test-all ROC 0.7187 PR 0.5119 | unseen ROC 0.4825 PR 0.0426 | valAUC 0.9749 | tau+ 0.579
[OUTPOST-v4] epoch 53: test-all ROC 0.7202 PR 0.5112 | unseen ROC 0.4840 PR 0.0432 | valAUC 0.9686 | tau+ 0.592
[OUTPOST-v4] epoch 54: test-all ROC 0.7238 PR 0.5095 | unseen ROC 0.4943 PR 0.0434 | valAUC 0.9758 | tau+ 0.541
[OUTPOST-v4] epoch 55: test-all ROC 0.7314 PR 0.5175 | unseen ROC 0.5051 PR 0.0451 | valAUC 0.9638 | tau+ 0.500
[OUTPOST-v4] epoch 56: test-all ROC 0.7388 PR 0.5182 | unseen ROC 0.5185 PR 0.0460 | valAUC 0.9783 | tau+ 0.500
[OUTPOST-v4] epoch 57: test-all ROC 0.7471 PR 0.5239 | unseen ROC 0.5336 PR 0.0483 | valAUC 0.9807 | tau+ 0.500
[OUTPOST-v4] epoch 58: test-all ROC 0.7478 PR 0.5227 | unseen ROC 0.5346 PR 0.0479 | valAUC 0.9778 | tau+ 0.500
[OUTPOST-v4] epoch 59: test-all ROC 0.7610 PR 0.5295 | unseen ROC 0.5593 PR 0.0504 | valAUC 0.9768 | tau+ 0.516
[OUTPOST-v4] epoch 60: test-all ROC 0.7630 PR 0.5339 | unseen ROC 0.5613 PR 0.0512 | valAUC 0.9700 | tau+ 0.500
[OUTPOST-v4] epoch 61: test-all ROC 0.7687 PR 0.5343 | unseen ROC 0.5729 PR 0.0525 | valAUC 0.9807 | tau+ 0.500
[OUTPOST-v4] epoch 62: test-all ROC 0.7652 PR 0.5331 | unseen ROC 0.5659 PR 0.0543 | valAUC 0.9734 | tau+ 0.500
[OUTPOST-v4] epoch 63: test-all ROC 0.7607 PR 0.5311 | unseen ROC 0.5584 PR 0.0514 | valAUC 0.9841 | tau+ 0.500
[OUTPOST-v4] epoch 64: test-all ROC 0.7752 PR 0.5382 | unseen ROC 0.5845 PR 0.0546 | valAUC 0.9734 | tau+ 0.500
[OUTPOST-v4] epoch 65: test-all ROC 0.7745 PR 0.5362 | unseen ROC 0.5836 PR 0.0546 | valAUC 0.9831 | tau+ 0.500
[OUTPOST-v4] epoch 66: test-all ROC 0.7831 PR 0.5415 | unseen ROC 0.5989 PR 0.0567 | valAUC 0.9739 | tau+ 0.500
[OUTPOST-v4] epoch 67: test-all ROC 0.7807 PR 0.5375 | unseen ROC 0.5965 PR 0.0564 | valAUC 0.9855 | tau+ 0.500
[OUTPOST-v4] epoch 68: test-all ROC 0.7781 PR 0.5362 | unseen ROC 0.5919 PR 0.0563 | valAUC 0.9841 | tau+ 0.500
[OUTPOST-v4] epoch 69: test-all ROC 0.7816 PR 0.5378 | unseen ROC 0.5955 PR 0.0574 | valAUC 0.9860 | tau+ 0.500
[OUTPOST-v4] epoch 70: test-all ROC 0.7835 PR 0.5370 | unseen ROC 0.6004 PR 0.0559 | valAUC 0.9758 | tau+ 0.500
[OUTPOST-v4] epoch 71: test-all ROC 0.7887 PR 0.5440 | unseen ROC 0.6089 PR 0.0600 | valAUC 0.9889 | tau+ 0.500
[OUTPOST-v4] epoch 72: test-all ROC 0.7895 PR 0.5430 | unseen ROC 0.6118 PR 0.0588 | valAUC 0.9826 | tau+ 0.500
[OUTPOST-v4] epoch 73: test-all ROC 0.7912 PR 0.5442 | unseen ROC 0.6156 PR 0.0625 | valAUC 0.9797 | tau+ 0.506
[OUTPOST-v4] epoch 74: test-all ROC 0.7966 PR 0.5427 | unseen ROC 0.6260 PR 0.0613 | valAUC 0.9870 | tau+ 0.500
[OUTPOST-v4] epoch 75: test-all ROC 0.7926 PR 0.5412 | unseen ROC 0.6169 PR 0.0596 | valAUC 0.9812 | tau+ 0.500
[OUTPOST-v4] epoch 76: test-all ROC 0.7829 PR 0.5326 | unseen ROC 0.6015 PR 0.0577 | valAUC 0.9754 | tau+ 0.500
[OUTPOST-v4] epoch 77: test-all ROC 0.7880 PR 0.5366 | unseen ROC 0.6113 PR 0.0603 | valAUC 0.9734 | tau+ 0.500
[OUTPOST-v4] epoch 78: test-all ROC 0.7891 PR 0.5409 | unseen ROC 0.6120 PR 0.0606 | valAUC 0.9700 | tau+ 0.500
[OUTPOST-v4] epoch 79: test-all ROC 0.8012 PR 0.5461 | unseen ROC 0.6362 PR 0.0646 | valAUC 0.9715 | tau+ 0.607
[OUTPOST-v4] epoch 80: test-all ROC 0.8110 PR 0.5492 | unseen ROC 0.6515 PR 0.0645 | valAUC 0.9676 | tau+ 0.594
[OUTPOST-v4] epoch 81: test-all ROC 0.7987 PR 0.5428 | unseen ROC 0.6293 PR 0.0608 | valAUC 0.9841 | tau+ 0.500
[OUTPOST-v4] epoch 82: test-all ROC 0.7978 PR 0.5456 | unseen ROC 0.6291 PR 0.0640 | valAUC 0.9928 | tau+ 0.500
[OUTPOST-v4] epoch 83: test-all ROC 0.7995 PR 0.5422 | unseen ROC 0.6322 PR 0.0616 | valAUC 0.9860 | tau+ 0.500
[OUTPOST-v4] epoch 84: test-all ROC 0.8036 PR 0.5418 | unseen ROC 0.6385 PR 0.0628 | valAUC 0.9860 | tau+ 0.500
[OUTPOST-v4] epoch 85: test-all ROC 0.8007 PR 0.5478 | unseen ROC 0.6329 PR 0.0651 | valAUC 0.9812 | tau+ 0.500
[OUTPOST-v4] epoch 86: test-all ROC 0.8057 PR 0.5483 | unseen ROC 0.6443 PR 0.0641 | valAUC 0.9855 | tau+ 0.500
[OUTPOST-v4] epoch 87: test-all ROC 0.8234 PR 0.5607 | unseen ROC 0.6767 PR 0.0713 | valAUC 0.9860 | tau+ 0.500
[OUTPOST-v4] epoch 88: test-all ROC 0.8204 PR 0.5613 | unseen ROC 0.6698 PR 0.0705 | valAUC 0.9715 | tau+ 0.500
[OUTPOST-v4] epoch 89: test-all ROC 0.8111 PR 0.5515 | unseen ROC 0.6540 PR 0.0665 | valAUC 0.9889 | tau+ 0.500
[OUTPOST-v4] epoch 90: test-all ROC 0.8070 PR 0.5505 | unseen ROC 0.6456 PR 0.0648 | valAUC 0.9729 | tau+ 0.500
[OUTPOST-v4] epoch 91: test-all ROC 0.8052 PR 0.5441 | unseen ROC 0.6426 PR 0.0662 | valAUC 0.9855 | tau+ 0.500
[OUTPOST-v4] epoch 92: test-all ROC 0.8133 PR 0.5526 | unseen ROC 0.6562 PR 0.0673 | valAUC 0.9841 | tau+ 0.500
[OUTPOST-v4] epoch 93: test-all ROC 0.8181 PR 0.5565 | unseen ROC 0.6648 PR 0.0715 | valAUC 0.9691 | tau+ 0.500
[OUTPOST-v4] epoch 94: test-all ROC 0.8223 PR 0.5648 | unseen ROC 0.6729 PR 0.0740 | valAUC 0.9870 | tau+ 0.500
[OUTPOST-v4] epoch 95: test-all ROC 0.8251 PR 0.5610 | unseen ROC 0.6784 PR 0.0714 | valAUC 0.9662 | tau+ 0.500
[OUTPOST-v4] epoch 96: test-all ROC 0.8253 PR 0.5622 | unseen ROC 0.6807 PR 0.0726 | valAUC 0.9831 | tau+ 0.500
[OUTPOST-v4] epoch 97: test-all ROC 0.8130 PR 0.5512 | unseen ROC 0.6566 PR 0.0678 | valAUC 0.9797 | tau+ 0.500
[OUTPOST-v4] epoch 98: test-all ROC 0.8115 PR 0.5484 | unseen ROC 0.6546 PR 0.0669 | valAUC 0.9860 | tau+ 0.500
[OUTPOST-v4] epoch 99: test-all ROC 0.8106 PR 0.5510 | unseen ROC 0.6526 PR 0.0672 | valAUC 0.9749 | tau+ 0.500
[OUTPOST-v4] epoch 100: test-all ROC 0.8217 PR 0.5564 | unseen ROC 0.6751 PR 0.0727 | valAUC 0.9816 | tau+ 0.500
[OUTPOST-v4] epoch 101: test-all ROC 0.8290 PR 0.5649 | unseen ROC 0.6872 PR 0.0745 | valAUC 0.9855 | tau+ 0.500
[OUTPOST-v4] epoch 102: test-all ROC 0.8426 PR 0.5788 | unseen ROC 0.7116 PR 0.0829 | valAUC 0.9768 | tau+ 0.770
[OUTPOST-v4] epoch 103: test-all ROC 0.8331 PR 0.5696 | unseen ROC 0.6924 PR 0.0764 | valAUC 0.9884 | tau+ 0.512
[OUTPOST-v4] epoch 104: test-all ROC 0.8188 PR 0.5549 | unseen ROC 0.6682 PR 0.0690 | valAUC 0.9850 | tau+ 0.500
[OUTPOST-v4] epoch 105: test-all ROC 0.8214 PR 0.5598 | unseen ROC 0.6717 PR 0.0725 | valAUC 0.9783 | tau+ 0.500
[OUTPOST-v4] epoch 106: test-all ROC 0.8215 PR 0.5601 | unseen ROC 0.6721 PR 0.0724 | valAUC 0.9749 | tau+ 0.500
[OUTPOST-v4] epoch 107: test-all ROC 0.8330 PR 0.5654 | unseen ROC 0.6932 PR 0.0766 | valAUC 0.9816 | tau+ 0.622
[OUTPOST-v4] epoch 108: test-all ROC 0.8308 PR 0.5690 | unseen ROC 0.6893 PR 0.0767 | valAUC 0.9720 | tau+ 0.500
[OUTPOST-v4] epoch 109: test-all ROC 0.8423 PR 0.5792 | unseen ROC 0.7099 PR 0.0821 | valAUC 0.9884 | tau+ 0.525
[OUTPOST-v4] epoch 110: test-all ROC 0.8385 PR 0.5754 | unseen ROC 0.7033 PR 0.0805 | valAUC 0.9802 | tau+ 0.500
[OUTPOST-v4] epoch 111: test-all ROC 0.8374 PR 0.5756 | unseen ROC 0.7033 PR 0.0817 | valAUC 0.9937 | tau+ 0.500
[OUTPOST-v4] epoch 112: test-all ROC 0.8366 PR 0.5720 | unseen ROC 0.6995 PR 0.0790 | valAUC 0.9908 | tau+ 0.500
[OUTPOST-v4] epoch 113: test-all ROC 0.8342 PR 0.5678 | unseen ROC 0.6993 PR 0.0802 | valAUC 0.9894 | tau+ 0.500
[OUTPOST-v4] epoch 114: test-all ROC 0.8374 PR 0.5707 | unseen ROC 0.7014 PR 0.0813 | valAUC 0.9754 | tau+ 0.500
[OUTPOST-v4] epoch 115: test-all ROC 0.8334 PR 0.5699 | unseen ROC 0.6935 PR 0.0798 | valAUC 0.9802 | tau+ 0.500
[OUTPOST-v4] epoch 116: test-all ROC 0.8378 PR 0.5735 | unseen ROC 0.7022 PR 0.0829 | valAUC 0.9758 | tau+ 0.500
[OUTPOST-v4] epoch 117: test-all ROC 0.8388 PR 0.5749 | unseen ROC 0.7051 PR 0.0816 | valAUC 0.9696 | tau+ 0.500
[OUTPOST-v4] epoch 118: test-all ROC 0.8323 PR 0.5714 | unseen ROC 0.6924 PR 0.0777 | valAUC 0.9720 | tau+ 0.500
[OUTPOST-v4] epoch 119: test-all ROC 0.8454 PR 0.5805 | unseen ROC 0.7154 PR 0.0846 | valAUC 0.9899 | tau+ 0.500
[OUTPOST-v4] epoch 120: test-all ROC 0.8360 PR 0.5763 | unseen ROC 0.6990 PR 0.0821 | valAUC 0.9802 | tau+ 0.500
[OUTPOST-v4] epoch 121: test-all ROC 0.8393 PR 0.5732 | unseen ROC 0.7060 PR 0.0836 | valAUC 0.9744 | tau+ 0.500
[OUTPOST-v4] epoch 122: test-all ROC 0.8381 PR 0.5755 | unseen ROC 0.7014 PR 0.0814 | valAUC 0.9700 | tau+ 0.500
[OUTPOST-v4] epoch 123: test-all ROC 0.8273 PR 0.5653 | unseen ROC 0.6826 PR 0.0752 | valAUC 0.9865 | tau+ 0.500
[OUTPOST-v4] epoch 124: test-all ROC 0.8331 PR 0.5700 | unseen ROC 0.6968 PR 0.0790 | valAUC 0.9899 | tau+ 0.500
[OUTPOST-v4] epoch 125: test-all ROC 0.8341 PR 0.5789 | unseen ROC 0.6943 PR 0.0822 | valAUC 0.9696 | tau+ 0.500
[OUTPOST-v4] epoch 126: test-all ROC 0.8482 PR 0.5881 | unseen ROC 0.7231 PR 0.0887 | valAUC 0.9889 | tau+ 0.500
[OUTPOST-v4] epoch 127: test-all ROC 0.8528 PR 0.5926 | unseen ROC 0.7304 PR 0.0926 | valAUC 0.9918 | tau+ 0.611
[OUTPOST-v4] epoch 128: test-all ROC 0.8469 PR 0.5838 | unseen ROC 0.7178 PR 0.0854 | valAUC 0.9700 | tau+ 0.500
[OUTPOST-v4] epoch 129: test-all ROC 0.8358 PR 0.5735 | unseen ROC 0.6982 PR 0.0805 | valAUC 0.9845 | tau+ 0.500
[OUTPOST-v4] epoch 130: test-all ROC 0.8212 PR 0.5597 | unseen ROC 0.6716 PR 0.0756 | valAUC 0.9671 | tau+ 0.500
[OUTPOST-v4] epoch 131: test-all ROC 0.8284 PR 0.5586 | unseen ROC 0.6842 PR 0.0746 | valAUC 0.9860 | tau+ 0.500
[OUTPOST-v4] epoch 132: test-all ROC 0.8323 PR 0.5661 | unseen ROC 0.6956 PR 0.0783 | valAUC 0.9623 | tau+ 0.500
[OUTPOST-v4] epoch 133: test-all ROC 0.8481 PR 0.5784 | unseen ROC 0.7209 PR 0.0842 | valAUC 0.9739 | tau+ 0.500
[OUTPOST-v4] epoch 134: test-all ROC 0.8527 PR 0.5896 | unseen ROC 0.7306 PR 0.0910 | valAUC 0.9908 | tau+ 0.500
[OUTPOST-v4] epoch 135: test-all ROC 0.8530 PR 0.5891 | unseen ROC 0.7301 PR 0.0910 | valAUC 0.9773 | tau+ 0.544
[OUTPOST-v4] epoch 136: test-all ROC 0.8486 PR 0.5835 | unseen ROC 0.7243 PR 0.0889 | valAUC 0.9874 | tau+ 0.500
[OUTPOST-v4] epoch 137: test-all ROC 0.8438 PR 0.5755 | unseen ROC 0.7154 PR 0.0847 | valAUC 0.9899 | tau+ 0.500
[OUTPOST-v4] epoch 138: test-all ROC 0.8304 PR 0.5634 | unseen ROC 0.6884 PR 0.0774 | valAUC 0.9763 | tau+ 0.500
[OUTPOST-v4] epoch 139: test-all ROC 0.8206 PR 0.5564 | unseen ROC 0.6713 PR 0.0760 | valAUC 0.9744 | tau+ 0.500
[OUTPOST-v4] epoch 140: test-all ROC 0.8283 PR 0.5601 | unseen ROC 0.6859 PR 0.0753 | valAUC 0.9652 | tau+ 0.500
[OUTPOST-v4] epoch 141: test-all ROC 0.8352 PR 0.5720 | unseen ROC 0.6980 PR 0.0805 | valAUC 0.9836 | tau+ 0.500
[OUTPOST-v4] epoch 142: test-all ROC 0.8509 PR 0.5885 | unseen ROC 0.7271 PR 0.0893 | valAUC 0.9821 | tau+ 0.500
[OUTPOST-v4] epoch 143: test-all ROC 0.8543 PR 0.5955 | unseen ROC 0.7320 PR 0.0917 | valAUC 0.9778 | tau+ 0.569
[OUTPOST-v4] epoch 144: test-all ROC 0.8557 PR 0.5969 | unseen ROC 0.7355 PR 0.0944 | valAUC 0.9845 | tau+ 0.500
[OUTPOST-v4] epoch 145: test-all ROC 0.8534 PR 0.5948 | unseen ROC 0.7320 PR 0.0927 | valAUC 0.9884 | tau+ 0.500
[OUTPOST-v4] epoch 146: test-all ROC 0.8418 PR 0.5769 | unseen ROC 0.7119 PR 0.0831 | valAUC 0.9783 | tau+ 0.500
[OUTPOST-v4] epoch 147: test-all ROC 0.8294 PR 0.5689 | unseen ROC 0.6874 PR 0.0768 | valAUC 0.9807 | tau+ 0.500
[OUTPOST-v4] epoch 148: test-all ROC 0.8282 PR 0.5662 | unseen ROC 0.6873 PR 0.0772 | valAUC 0.9763 | tau+ 0.500
[OUTPOST-v4] epoch 149: test-all ROC 0.8212 PR 0.5628 | unseen ROC 0.6742 PR 0.0747 | valAUC 0.9831 | tau+ 0.500
[OUTPOST-v4] epoch 150: test-all ROC 0.8294 PR 0.5687 | unseen ROC 0.6893 PR 0.0797 | valAUC 0.9768 | tau+ 0.500
[OUTPOST-v4] epoch 151: test-all ROC 0.8379 PR 0.5778 | unseen ROC 0.7023 PR 0.0827 | valAUC 0.9865 | tau+ 0.500
[OUTPOST-v4] epoch 152: test-all ROC 0.8410 PR 0.5791 | unseen ROC 0.7106 PR 0.0835 | valAUC 0.9913 | tau+ 0.500
[OUTPOST-v4] epoch 153: test-all ROC 0.8536 PR 0.5948 | unseen ROC 0.7323 PR 0.0945 | valAUC 0.9870 | tau+ 0.500
[OUTPOST-v4] epoch 154: test-all ROC 0.8525 PR 0.5933 | unseen ROC 0.7300 PR 0.0918 | valAUC 0.9928 | tau+ 0.539
[OUTPOST-v4] epoch 155: test-all ROC 0.8448 PR 0.5861 | unseen ROC 0.7151 PR 0.0872 | valAUC 0.9899 | tau+ 0.500
[OUTPOST-v4] epoch 156: test-all ROC 0.8368 PR 0.5766 | unseen ROC 0.7001 PR 0.0830 | valAUC 0.9754 | tau+ 0.500
[OUTPOST-v4] epoch 157: test-all ROC 0.8385 PR 0.5744 | unseen ROC 0.7043 PR 0.0840 | valAUC 0.9787 | tau+ 0.500
[OUTPOST-v4] epoch 158: test-all ROC 0.8277 PR 0.5673 | unseen ROC 0.6857 PR 0.0761 | valAUC 0.9749 | tau+ 0.500
[OUTPOST-v4] epoch 159: test-all ROC 0.8268 PR 0.5670 | unseen ROC 0.6840 PR 0.0769 | valAUC 0.9749 | tau+ 0.500
[OUTPOST-v4] epoch 160: test-all ROC 0.8368 PR 0.5771 | unseen ROC 0.7001 PR 0.0835 | valAUC 0.9729 | tau+ 0.500
[OUTPOST-v4] epoch 161: test-all ROC 0.8455 PR 0.5870 | unseen ROC 0.7157 PR 0.0881 | valAUC 0.9715 | tau+ 0.553
[OUTPOST-v4] epoch 162: test-all ROC 0.8458 PR 0.5887 | unseen ROC 0.7192 PR 0.0869 | valAUC 0.9860 | tau+ 0.586
[OUTPOST-v4] epoch 163: test-all ROC 0.8488 PR 0.5921 | unseen ROC 0.7260 PR 0.0909 | valAUC 0.9729 | tau+ 0.500
[OUTPOST-v4] epoch 164: test-all ROC 0.8525 PR 0.5919 | unseen ROC 0.7288 PR 0.0894 | valAUC 0.9870 | tau+ 0.500
[OUTPOST-v4] epoch 165: test-all ROC 0.8417 PR 0.5877 | unseen ROC 0.7104 PR 0.0855 | valAUC 0.9932 | tau+ 0.500
[OUTPOST-v4] epoch 166: test-all ROC 0.8415 PR 0.5807 | unseen ROC 0.7090 PR 0.0854 | valAUC 0.9903 | tau+ 0.500
[OUTPOST-v4] epoch 167: test-all ROC 0.8459 PR 0.5819 | unseen ROC 0.7188 PR 0.0860 | valAUC 0.9715 | tau+ 0.500
[OUTPOST-v4] epoch 168: test-all ROC 0.8447 PR 0.5831 | unseen ROC 0.7162 PR 0.0859 | valAUC 0.9884 | tau+ 0.500
[OUTPOST-v4] epoch 169: test-all ROC 0.8475 PR 0.5883 | unseen ROC 0.7214 PR 0.0908 | valAUC 0.9899 | tau+ 0.500
[OUTPOST-v4] epoch 170: test-all ROC 0.8445 PR 0.5855 | unseen ROC 0.7143 PR 0.0887 | valAUC 0.9870 | tau+ 0.500
[OUTPOST-v4] epoch 171: test-all ROC 0.8546 PR 0.5955 | unseen ROC 0.7333 PR 0.0926 | valAUC 0.9923 | tau+ 0.500
[OUTPOST-v4] epoch 172: test-all ROC 0.8551 PR 0.5934 | unseen ROC 0.7361 PR 0.0944 | valAUC 0.9928 | tau+ 0.500
[OUTPOST-v4] epoch 173: test-all ROC 0.8509 PR 0.5929 | unseen ROC 0.7265 PR 0.0904 | valAUC 0.9918 | tau+ 0.500
[OUTPOST-v4] epoch 174: test-all ROC 0.8573 PR 0.5953 | unseen ROC 0.7383 PR 0.0956 | valAUC 0.9831 | tau+ 0.500
[OUTPOST-v4] epoch 175: test-all ROC 0.8573 PR 0.5939 | unseen ROC 0.7393 PR 0.0972 | valAUC 0.9889 | tau+ 0.500
[OUTPOST-v4] epoch 176: test-all ROC 0.8570 PR 0.5947 | unseen ROC 0.7375 PR 0.0949 | valAUC 0.9889 | tau+ 0.500
[OUTPOST-v4] epoch 177: test-all ROC 0.8482 PR 0.5880 | unseen ROC 0.7230 PR 0.0888 | valAUC 0.9773 | tau+ 0.500
[OUTPOST-v4] epoch 178: test-all ROC 0.8445 PR 0.5836 | unseen ROC 0.7145 PR 0.0879 | valAUC 0.9812 | tau+ 0.500
[OUTPOST-v4] epoch 179: test-all ROC 0.8522 PR 0.5837 | unseen ROC 0.7299 PR 0.0884 | valAUC 0.9797 | tau+ 0.500
[OUTPOST-v4] epoch 180: test-all ROC 0.8558 PR 0.5919 | unseen ROC 0.7346 PR 0.0940 | valAUC 0.9913 | tau+ 0.500
[OUTPOST-v4] epoch 181: test-all ROC 0.8666 PR 0.6033 | unseen ROC 0.7560 PR 0.1014 | valAUC 0.9826 | tau+ 0.510
[OUTPOST-v4] epoch 182: test-all ROC 0.8674 PR 0.6074 | unseen ROC 0.7561 PR 0.1025 | valAUC 0.9812 | tau+ 0.500
[OUTPOST-v4] epoch 183: test-all ROC 0.8723 PR 0.6112 | unseen ROC 0.7681 PR 0.1072 | valAUC 0.9889 | tau+ 0.500
[OUTPOST-v4] epoch 184: test-all ROC 0.8715 PR 0.6120 | unseen ROC 0.7635 PR 0.1070 | valAUC 0.9787 | tau+ 0.500
[OUTPOST-v4] epoch 185: test-all ROC 0.8630 PR 0.5987 | unseen ROC 0.7486 PR 0.0966 | valAUC 0.9836 | tau+ 0.500
[OUTPOST-v4] epoch 186: test-all ROC 0.8620 PR 0.5988 | unseen ROC 0.7464 PR 0.0974 | valAUC 0.9831 | tau+ 0.500
[OUTPOST-v4] epoch 187: test-all ROC 0.8728 PR 0.6117 | unseen ROC 0.7666 PR 0.1084 | valAUC 0.9899 | tau+ 0.500
[OUTPOST-v4] epoch 188: test-all ROC 0.8741 PR 0.6129 | unseen ROC 0.7702 PR 0.1095 | valAUC 0.9874 | tau+ 0.500
[OUTPOST-v4] epoch 189: test-all ROC 0.8758 PR 0.6167 | unseen ROC 0.7728 PR 0.1109 | valAUC 0.9768 | tau+ 0.500
[OUTPOST-v4] epoch 190: test-all ROC 0.8742 PR 0.6171 | unseen ROC 0.7699 PR 0.1098 | valAUC 0.9826 | tau+ 0.500
[OUTPOST-v4] epoch 191: test-all ROC 0.8738 PR 0.6154 | unseen ROC 0.7684 PR 0.1114 | valAUC 0.9778 | tau+ 0.500
[OUTPOST-v4] epoch 192: test-all ROC 0.8686 PR 0.6037 | unseen ROC 0.7594 PR 0.1026 | valAUC 0.9879 | tau+ 0.500
[OUTPOST-v4] epoch 193: test-all ROC 0.8518 PR 0.5881 | unseen ROC 0.7292 PR 0.0920 | valAUC 0.9845 | tau+ 0.500
[OUTPOST-v4] epoch 194: test-all ROC 0.8466 PR 0.5821 | unseen ROC 0.7211 PR 0.0891 | valAUC 0.9908 | tau+ 0.500
[OUTPOST-v4] epoch 195: test-all ROC 0.8400 PR 0.5782 | unseen ROC 0.7083 PR 0.0840 | valAUC 0.9860 | tau+ 0.500
[OUTPOST-v4] epoch 196: test-all ROC 0.8525 PR 0.5882 | unseen ROC 0.7303 PR 0.0913 | valAUC 0.9947 | tau+ 0.500
[OUTPOST-v4] epoch 197: test-all ROC 0.8636 PR 0.6023 | unseen ROC 0.7511 PR 0.1003 | valAUC 0.9841 | tau+ 0.500
[OUTPOST-v4] epoch 198: test-all ROC 0.8703 PR 0.6110 | unseen ROC 0.7651 PR 0.1089 | valAUC 0.9816 | tau+ 0.500
[OUTPOST-v4] epoch 199: test-all ROC 0.8676 PR 0.6150 | unseen ROC 0.7567 PR 0.1058 | valAUC 0.9928 | tau+ 0.500
[OUTPOST-v4] epoch 200: test-all ROC 0.8694 PR 0.6116 | unseen ROC 0.7615 PR 0.1079 | valAUC 0.9860 | tau+ 0.500
[OUTPOST-v4] epoch 201: test-all ROC 0.8645 PR 0.6038 | unseen ROC 0.7544 PR 0.1024 | valAUC 0.9797 | tau+ 0.500
[OUTPOST-v4] epoch 202: test-all ROC 0.8554 PR 0.5977 | unseen ROC 0.7348 PR 0.0973 | valAUC 0.9899 | tau+ 0.500
[OUTPOST-v4] epoch 203: test-all ROC 0.8584 PR 0.5955 | unseen ROC 0.7397 PR 0.0961 | valAUC 0.9952 | tau+ 0.500
[OUTPOST-v4] epoch 204: test-all ROC 0.8557 PR 0.5911 | unseen ROC 0.7372 PR 0.0925 | valAUC 0.9836 | tau+ 0.500
[OUTPOST-v4] epoch 205: test-all ROC 0.8494 PR 0.5920 | unseen ROC 0.7234 PR 0.0932 | valAUC 0.9729 | tau+ 0.500
[OUTPOST-v4] epoch 206: test-all ROC 0.8544 PR 0.5936 | unseen ROC 0.7333 PR 0.0922 | valAUC 0.9749 | tau+ 0.500
[OUTPOST-v4] epoch 207: test-all ROC 0.8583 PR 0.6016 | unseen ROC 0.7416 PR 0.0986 | valAUC 0.9913 | tau+ 0.500
[OUTPOST-v4] epoch 208: test-all ROC 0.8665 PR 0.6060 | unseen ROC 0.7571 PR 0.1039 | valAUC 0.9908 | tau+ 0.500
[OUTPOST-v4] epoch 209: test-all ROC 0.8609 PR 0.6029 | unseen ROC 0.7447 PR 0.1004 | valAUC 0.9662 | tau+ 0.500
[OUTPOST-v4] epoch 210: test-all ROC 0.8695 PR 0.6102 | unseen ROC 0.7610 PR 0.1067 | valAUC 0.9870 | tau+ 0.500
[OUTPOST-v4] epoch 211: test-all ROC 0.8722 PR 0.6100 | unseen ROC 0.7662 PR 0.1075 | valAUC 0.9768 | tau+ 0.500
[OUTPOST-v4] epoch 212: test-all ROC 0.8744 PR 0.6145 | unseen ROC 0.7694 PR 0.1092 | valAUC 0.9923 | tau+ 0.500
[OUTPOST-v4] epoch 213: test-all ROC 0.8743 PR 0.6176 | unseen ROC 0.7688 PR 0.1112 | valAUC 0.9913 | tau+ 0.500
[OUTPOST-v4] epoch 214: test-all ROC 0.8753 PR 0.6147 | unseen ROC 0.7709 PR 0.1116 | valAUC 0.9899 | tau+ 0.500
[OUTPOST-v4] epoch 215: test-all ROC 0.8729 PR 0.6136 | unseen ROC 0.7672 PR 0.1086 | valAUC 0.9797 | tau+ 0.500
[OUTPOST-v4] epoch 216: test-all ROC 0.8678 PR 0.6068 | unseen ROC 0.7576 PR 0.1050 | valAUC 0.9768 | tau+ 0.500
[OUTPOST-v4] epoch 217: test-all ROC 0.8675 PR 0.6018 | unseen ROC 0.7587 PR 0.1032 | valAUC 0.9831 | tau+ 0.500
[OUTPOST-v4] epoch 218: test-all ROC 0.8733 PR 0.6079 | unseen ROC 0.7681 PR 0.1064 | valAUC 0.9932 | tau+ 0.500
[OUTPOST-v4] epoch 219: test-all ROC 0.8687 PR 0.6054 | unseen ROC 0.7592 PR 0.1027 | valAUC 0.9778 | tau+ 0.500
[OUTPOST-v4] epoch 220: test-all ROC 0.8696 PR 0.6061 | unseen ROC 0.7618 PR 0.1034 | valAUC 0.9749 | tau+ 0.500
[OUTPOST-v4] epoch 221: test-all ROC 0.8810 PR 0.6229 | unseen ROC 0.7822 PR 0.1186 | valAUC 0.9971 | tau+ 0.500
[OUTPOST-v4] epoch 222: test-all ROC 0.8812 PR 0.6260 | unseen ROC 0.7818 PR 0.1191 | valAUC 0.9913 | tau+ 0.500
[OUTPOST-v4] epoch 223: test-all ROC 0.8808 PR 0.6199 | unseen ROC 0.7839 PR 0.1157 | valAUC 0.9928 | tau+ 0.500
[OUTPOST-v4] epoch 224: test-all ROC 0.8702 PR 0.6059 | unseen ROC 0.7628 PR 0.1052 | valAUC 0.9870 | tau+ 0.500
[OUTPOST-v4] epoch 225: test-all ROC 0.8700 PR 0.6073 | unseen ROC 0.7613 PR 0.1037 | valAUC 0.9923 | tau+ 0.500
[OUTPOST-v4] epoch 226: test-all ROC 0.8768 PR 0.6133 | unseen ROC 0.7743 PR 0.1114 | valAUC 0.9860 | tau+ 0.500
[OUTPOST-v4] epoch 227: test-all ROC 0.8681 PR 0.6060 | unseen ROC 0.7587 PR 0.1048 | valAUC 0.9874 | tau+ 0.500
[OUTPOST-v4] epoch 228: test-all ROC 0.8736 PR 0.6152 | unseen ROC 0.7692 PR 0.1109 | valAUC 0.9928 | tau+ 0.500
[OUTPOST-v4] epoch 229: test-all ROC 0.8881 PR 0.6237 | unseen ROC 0.7951 PR 0.1220 | valAUC 0.9734 | tau+ 0.500
[OUTPOST-v4] epoch 230: test-all ROC 0.8835 PR 0.6234 | unseen ROC 0.7888 PR 0.1192 | valAUC 0.9923 | tau+ 0.500
[OUTPOST-v4] epoch 231: test-all ROC 0.8770 PR 0.6148 | unseen ROC 0.7759 PR 0.1121 | valAUC 0.9874 | tau+ 0.500
[OUTPOST-v4] epoch 232: test-all ROC 0.8759 PR 0.6146 | unseen ROC 0.7736 PR 0.1123 | valAUC 0.9874 | tau+ 0.500
[OUTPOST-v4] epoch 233: test-all ROC 0.8733 PR 0.6086 | unseen ROC 0.7712 PR 0.1093 | valAUC 0.9913 | tau+ 0.500
[OUTPOST-v4] epoch 234: test-all ROC 0.8779 PR 0.6200 | unseen ROC 0.7796 PR 0.1164 | valAUC 0.9729 | tau+ 0.500
[OUTPOST-v4] epoch 235: test-all ROC 0.8823 PR 0.6256 | unseen ROC 0.7845 PR 0.1213 | valAUC 0.9836 | tau+ 0.500
[OUTPOST-v4] epoch 236: test-all ROC 0.8924 PR 0.6378 | unseen ROC 0.8052 PR 0.1287 | valAUC 0.9889 | tau+ 0.500
[OUTPOST-v4] epoch 237: test-all ROC 0.8911 PR 0.6395 | unseen ROC 0.8025 PR 0.1330 | valAUC 0.9836 | tau+ 0.500
[OUTPOST-v4] epoch 238: test-all ROC 0.8823 PR 0.6278 | unseen ROC 0.7864 PR 0.1254 | valAUC 0.9816 | tau+ 0.500
[OUTPOST-v4] epoch 239: test-all ROC 0.8717 PR 0.6132 | unseen ROC 0.7651 PR 0.1090 | valAUC 0.9836 | tau+ 0.500
[OUTPOST-v4] epoch 240: test-all ROC 0.8595 PR 0.5983 | unseen ROC 0.7435 PR 0.0971 | valAUC 0.9937 | tau+ 0.500
[OUTPOST-v4] epoch 241: test-all ROC 0.8601 PR 0.5976 | unseen ROC 0.7446 PR 0.0999 | valAUC 0.9768 | tau+ 0.500
[OUTPOST-v4] epoch 242: test-all ROC 0.8705 PR 0.6121 | unseen ROC 0.7639 PR 0.1088 | valAUC 0.9831 | tau+ 0.500
[OUTPOST-v4] epoch 243: test-all ROC 0.8769 PR 0.6168 | unseen ROC 0.7752 PR 0.1129 | valAUC 0.9855 | tau+ 0.500
[OUTPOST-v4] epoch 244: test-all ROC 0.8814 PR 0.6254 | unseen ROC 0.7837 PR 0.1177 | valAUC 0.9879 | tau+ 0.501
[OUTPOST-v4] epoch 245: test-all ROC 0.8840 PR 0.6284 | unseen ROC 0.7906 PR 0.1225 | valAUC 0.9889 | tau+ 0.500
[OUTPOST-v4] epoch 246: test-all ROC 0.8812 PR 0.6227 | unseen ROC 0.7826 PR 0.1179 | valAUC 0.9884 | tau+ 0.500
[OUTPOST-v4] epoch 247: test-all ROC 0.8659 PR 0.6017 | unseen ROC 0.7584 PR 0.1027 | valAUC 0.9783 | tau+ 0.500
[OUTPOST-v4] epoch 248: test-all ROC 0.8599 PR 0.5962 | unseen ROC 0.7412 PR 0.0959 | valAUC 0.9879 | tau+ 0.500
[OUTPOST-v4] epoch 249: test-all ROC 0.8580 PR 0.5917 | unseen ROC 0.7428 PR 0.0956 | valAUC 0.9725 | tau+ 0.500
[OUTPOST-v4] epoch 250: test-all ROC 0.8458 PR 0.5831 | unseen ROC 0.7197 PR 0.0897 | valAUC 0.9758 | tau+ 0.500
[OUTPOST-v4] epoch 251: test-all ROC 0.8504 PR 0.5809 | unseen ROC 0.7267 PR 0.0890 | valAUC 0.9874 | tau+ 0.500
[OUTPOST-v4] epoch 252: test-all ROC 0.8413 PR 0.5801 | unseen ROC 0.7095 PR 0.0856 | valAUC 0.9715 | tau+ 0.500
[OUTPOST-v4] epoch 253: test-all ROC 0.8567 PR 0.5919 | unseen ROC 0.7365 PR 0.0933 | valAUC 0.9744 | tau+ 0.500
[OUTPOST-v4] epoch 254: test-all ROC 0.8660 PR 0.6047 | unseen ROC 0.7558 PR 0.1020 | valAUC 0.9831 | tau+ 0.500
[OUTPOST-v4] epoch 255: test-all ROC 0.8749 PR 0.6162 | unseen ROC 0.7703 PR 0.1103 | valAUC 0.9903 | tau+ 0.500
[OUTPOST-v4] epoch 256: test-all ROC 0.8777 PR 0.6192 | unseen ROC 0.7776 PR 0.1149 | valAUC 0.9845 | tau+ 0.500
[OUTPOST-v4] epoch 257: test-all ROC 0.8795 PR 0.6215 | unseen ROC 0.7795 PR 0.1145 | valAUC 0.9947 | tau+ 0.807
[OUTPOST-v4] epoch 258: test-all ROC 0.8668 PR 0.6069 | unseen ROC 0.7567 PR 0.1041 | valAUC 0.9913 | tau+ 0.500
[OUTPOST-v4] epoch 259: test-all ROC 0.8621 PR 0.6006 | unseen ROC 0.7477 PR 0.1008 | valAUC 0.9850 | tau+ 0.500
[OUTPOST-v4] epoch 260: test-all ROC 0.8603 PR 0.5971 | unseen ROC 0.7456 PR 0.0981 | valAUC 0.9816 | tau+ 0.500
[OUTPOST-v4] epoch 261: test-all ROC 0.8573 PR 0.5928 | unseen ROC 0.7399 PR 0.1008 | valAUC 0.9715 | tau+ 0.500
[OUTPOST-v4] epoch 262: test-all ROC 0.8595 PR 0.6014 | unseen ROC 0.7455 PR 0.1031 | valAUC 0.9942 | tau+ 0.500
[OUTPOST-v4] epoch 263: test-all ROC 0.8708 PR 0.6083 | unseen ROC 0.7648 PR 0.1095 | valAUC 0.9889 | tau+ 0.500
[OUTPOST-v4] epoch 264: test-all ROC 0.8777 PR 0.6180 | unseen ROC 0.7759 PR 0.1162 | valAUC 0.9957 | tau+ 0.500
[OUTPOST-v4] epoch 265: test-all ROC 0.8788 PR 0.6200 | unseen ROC 0.7777 PR 0.1148 | valAUC 0.9812 | tau+ 0.500
[OUTPOST-v4] epoch 266: test-all ROC 0.8839 PR 0.6230 | unseen ROC 0.7890 PR 0.1203 | valAUC 0.9947 | tau+ 0.500
[OUTPOST-v4] epoch 267: test-all ROC 0.8801 PR 0.6189 | unseen ROC 0.7814 PR 0.1140 | valAUC 0.9957 | tau+ 0.500
[OUTPOST-v4] epoch 268: test-all ROC 0.8777 PR 0.6176 | unseen ROC 0.7773 PR 0.1150 | valAUC 0.9754 | tau+ 0.500
[OUTPOST-v4] epoch 269: test-all ROC 0.8737 PR 0.6116 | unseen ROC 0.7684 PR 0.1099 | valAUC 0.9792 | tau+ 0.500
[OUTPOST-v4] epoch 270: test-all ROC 0.8748 PR 0.6161 | unseen ROC 0.7728 PR 0.1146 | valAUC 0.9787 | tau+ 0.500
[OUTPOST-v4] epoch 271: test-all ROC 0.8756 PR 0.6151 | unseen ROC 0.7726 PR 0.1107 | valAUC 0.9778 | tau+ 0.500
[OUTPOST-v4] epoch 272: test-all ROC 0.8730 PR 0.6125 | unseen ROC 0.7690 PR 0.1132 | valAUC 0.9787 | tau+ 0.500
[OUTPOST-v4] epoch 273: test-all ROC 0.8672 PR 0.6072 | unseen ROC 0.7588 PR 0.1074 | valAUC 0.9942 | tau+ 0.500
[OUTPOST-v4] epoch 274: test-all ROC 0.8758 PR 0.6128 | unseen ROC 0.7718 PR 0.1119 | valAUC 0.9903 | tau+ 0.500
[OUTPOST-v4] epoch 275: test-all ROC 0.8747 PR 0.6134 | unseen ROC 0.7709 PR 0.1118 | valAUC 0.9961 | tau+ 0.500
[OUTPOST-v4] epoch 276: test-all ROC 0.8812 PR 0.6197 | unseen ROC 0.7844 PR 0.1183 | valAUC 0.9725 | tau+ 0.500
[OUTPOST-v4] epoch 277: test-all ROC 0.8877 PR 0.6285 | unseen ROC 0.7960 PR 0.1219 | valAUC 0.9928 | tau+ 0.500
[OUTPOST-v4] epoch 278: test-all ROC 0.8842 PR 0.6260 | unseen ROC 0.7902 PR 0.1210 | valAUC 0.9807 | tau+ 0.500
[OUTPOST-v4] epoch 279: test-all ROC 0.8713 PR 0.6174 | unseen ROC 0.7640 PR 0.1099 | valAUC 0.9754 | tau+ 0.500
[OUTPOST-v4] epoch 280: test-all ROC 0.8804 PR 0.6195 | unseen ROC 0.7819 PR 0.1158 | valAUC 0.9754 | tau+ 0.500
[OUTPOST-v4] epoch 281: test-all ROC 0.8794 PR 0.6179 | unseen ROC 0.7809 PR 0.1149 | valAUC 0.9850 | tau+ 0.500
[OUTPOST-v4] epoch 282: test-all ROC 0.8763 PR 0.6166 | unseen ROC 0.7757 PR 0.1141 | valAUC 0.9942 | tau+ 0.500
[OUTPOST-v4] epoch 283: test-all ROC 0.8826 PR 0.6218 | unseen ROC 0.7880 PR 0.1174 | valAUC 0.9845 | tau+ 0.500
[OUTPOST-v4] epoch 284: test-all ROC 0.8808 PR 0.6199 | unseen ROC 0.7856 PR 0.1191 | valAUC 0.9899 | tau+ 0.500
[OUTPOST-v4] epoch 285: test-all ROC 0.8907 PR 0.6334 | unseen ROC 0.8012 PR 0.1278 | valAUC 0.9928 | tau+ 0.500
[OUTPOST-v4] epoch 286: test-all ROC 0.8906 PR 0.6304 | unseen ROC 0.8016 PR 0.1259 | valAUC 0.9942 | tau+ 0.500
[OUTPOST-v4] epoch 287: test-all ROC 0.8928 PR 0.6384 | unseen ROC 0.8067 PR 0.1328 | valAUC 0.9928 | tau+ 0.500
[OUTPOST-v4] epoch 288: test-all ROC 0.8922 PR 0.6367 | unseen ROC 0.8028 PR 0.1308 | valAUC 0.9807 | tau+ 0.500
[OUTPOST-v4] epoch 289: test-all ROC 0.8912 PR 0.6340 | unseen ROC 0.8013 PR 0.1279 | valAUC 0.9976 | tau+ 0.500
[OUTPOST-v4] epoch 290: test-all ROC 0.8893 PR 0.6298 | unseen ROC 0.7991 PR 0.1266 | valAUC 0.9870 | tau+ 0.500
[OUTPOST-v4] epoch 291: test-all ROC 0.8863 PR 0.6261 | unseen ROC 0.7928 PR 0.1212 | valAUC 0.9758 | tau+ 0.500
[OUTPOST-v4] epoch 292: test-all ROC 0.8861 PR 0.6260 | unseen ROC 0.7915 PR 0.1228 | valAUC 0.9807 | tau+ 0.500
[OUTPOST-v4] epoch 293: test-all ROC 0.8855 PR 0.6237 | unseen ROC 0.7904 PR 0.1187 | valAUC 0.9807 | tau+ 0.500
[OUTPOST-v4] epoch 294: test-all ROC 0.8803 PR 0.6188 | unseen ROC 0.7800 PR 0.1151 | valAUC 0.9879 | tau+ 0.500
[OUTPOST-v4] epoch 295: test-all ROC 0.8847 PR 0.6276 | unseen ROC 0.7903 PR 0.1217 | valAUC 0.9836 | tau+ 0.500
[OUTPOST-v4] epoch 296: test-all ROC 0.8869 PR 0.6325 | unseen ROC 0.7928 PR 0.1281 | valAUC 0.9928 | tau+ 0.500
[OUTPOST-v4] epoch 297: test-all ROC 0.8863 PR 0.6274 | unseen ROC 0.7938 PR 0.1223 | valAUC 0.9899 | tau+ 0.500
[OUTPOST-v4] epoch 298: test-all ROC 0.8822 PR 0.6261 | unseen ROC 0.7862 PR 0.1203 | valAUC 0.9966 | tau+ 0.500
[OUTPOST-v4] epoch 299: test-all ROC 0.8812 PR 0.6212 | unseen ROC 0.7821 PR 0.1160 | valAUC 0.9850 | tau+ 0.500
[OUTPOST-v4] epoch 300: test-all ROC 0.8709 PR 0.6089 | unseen ROC 0.7639 PR 0.1090 | valAUC 0.9841 | tau+ 0.500
[OUTPOST-v4] epoch 301: test-all ROC 0.8685 PR 0.6016 | unseen ROC 0.7613 PR 0.1021 | valAUC 0.9812 | tau+ 0.500
[OUTPOST-v4] epoch 302: test-all ROC 0.8688 PR 0.6052 | unseen ROC 0.7600 PR 0.1039 | valAUC 0.9773 | tau+ 0.500
[OUTPOST-v4] epoch 303: test-all ROC 0.8765 PR 0.6158 | unseen ROC 0.7762 PR 0.1153 | valAUC 0.9696 | tau+ 0.500
[OUTPOST-v4] epoch 304: test-all ROC 0.8821 PR 0.6249 | unseen ROC 0.7866 PR 0.1231 | valAUC 0.9802 | tau+ 0.500
[OUTPOST-v4] epoch 305: test-all ROC 0.8903 PR 0.6310 | unseen ROC 0.8026 PR 0.1302 | valAUC 0.9758 | tau+ 0.570
[OUTPOST-v4] epoch 306: test-all ROC 0.8966 PR 0.6387 | unseen ROC 0.8135 PR 0.1340 | valAUC 0.9879 | tau+ 0.510
[OUTPOST-v4] epoch 307: test-all ROC 0.8914 PR 0.6335 | unseen ROC 0.8023 PR 0.1286 | valAUC 0.9928 | tau+ 0.500
[OUTPOST-v4] epoch 308: test-all ROC 0.8881 PR 0.6274 | unseen ROC 0.7972 PR 0.1250 | valAUC 0.9899 | tau+ 0.500
[OUTPOST-v4] epoch 309: test-all ROC 0.8842 PR 0.6253 | unseen ROC 0.7891 PR 0.1191 | valAUC 0.9928 | tau+ 0.500
[OUTPOST-v4] epoch 310: test-all ROC 0.8810 PR 0.6141 | unseen ROC 0.7835 PR 0.1142 | valAUC 0.9957 | tau+ 0.500
[OUTPOST-v4] epoch 311: test-all ROC 0.8784 PR 0.6169 | unseen ROC 0.7814 PR 0.1166 | valAUC 0.9879 | tau+ 0.500
[OUTPOST-v4] epoch 312: test-all ROC 0.8879 PR 0.6298 | unseen ROC 0.7963 PR 0.1282 | valAUC 0.9884 | tau+ 0.500
[OUTPOST-v4] epoch 313: test-all ROC 0.8885 PR 0.6300 | unseen ROC 0.7983 PR 0.1246 | valAUC 0.9903 | tau+ 0.500
[OUTPOST-v4] epoch 314: test-all ROC 0.8959 PR 0.6410 | unseen ROC 0.8106 PR 0.1347 | valAUC 0.9903 | tau+ 0.500
[OUTPOST-v4] epoch 315: test-all ROC 0.8889 PR 0.6313 | unseen ROC 0.7980 PR 0.1260 | valAUC 0.9860 | tau+ 0.500
[OUTPOST-v4] epoch 316: test-all ROC 0.8880 PR 0.6285 | unseen ROC 0.7969 PR 0.1247 | valAUC 0.9928 | tau+ 0.500
[OUTPOST-v4] epoch 317: test-all ROC 0.8856 PR 0.6254 | unseen ROC 0.7909 PR 0.1206 | valAUC 0.9812 | tau+ 0.500
[OUTPOST-v4] epoch 318: test-all ROC 0.8817 PR 0.6218 | unseen ROC 0.7842 PR 0.1178 | valAUC 0.9923 | tau+ 0.500
[OUTPOST-v4] epoch 319: test-all ROC 0.8819 PR 0.6242 | unseen ROC 0.7841 PR 0.1189 | valAUC 0.9971 | tau+ 0.500
[OUTPOST-v4] epoch 320: test-all ROC 0.8903 PR 0.6328 | unseen ROC 0.7999 PR 0.1286 | valAUC 0.9932 | tau+ 0.500
[OUTPOST-v4] epoch 321: test-all ROC 0.9003 PR 0.6444 | unseen ROC 0.8194 PR 0.1372 | valAUC 0.9918 | tau+ 0.500
[OUTPOST-v4] epoch 322: test-all ROC 0.8916 PR 0.6351 | unseen ROC 0.8028 PR 0.1297 | valAUC 0.9749 | tau+ 0.554
[OUTPOST-v4] epoch 323: test-all ROC 0.8889 PR 0.6323 | unseen ROC 0.7966 PR 0.1264 | valAUC 0.9758 | tau+ 0.500
[OUTPOST-v4] epoch 324: test-all ROC 0.8774 PR 0.6130 | unseen ROC 0.7754 PR 0.1132 | valAUC 0.9792 | tau+ 0.500
[OUTPOST-v4] epoch 325: test-all ROC 0.8726 PR 0.6091 | unseen ROC 0.7665 PR 0.1095 | valAUC 0.9952 | tau+ 0.500
[OUTPOST-v4] epoch 326: test-all ROC 0.8684 PR 0.6003 | unseen ROC 0.7626 PR 0.1038 | valAUC 0.9725 | tau+ 0.500
[OUTPOST-v4] epoch 327: test-all ROC 0.8682 PR 0.6033 | unseen ROC 0.7601 PR 0.1039 | valAUC 0.9812 | tau+ 0.500
[OUTPOST-v4] epoch 328: test-all ROC 0.8707 PR 0.6042 | unseen ROC 0.7651 PR 0.1061 | valAUC 0.9826 | tau+ 0.500
[OUTPOST-v4] epoch 329: test-all ROC 0.8828 PR 0.6213 | unseen ROC 0.7893 PR 0.1210 | valAUC 0.9918 | tau+ 0.500
[OUTPOST-v4] epoch 330: test-all ROC 0.8858 PR 0.6268 | unseen ROC 0.7947 PR 0.1220 | valAUC 0.9957 | tau+ 0.500
[OUTPOST-v4] epoch 331: test-all ROC 0.8916 PR 0.6340 | unseen ROC 0.8020 PR 0.1313 | valAUC 0.9952 | tau+ 0.500
[OUTPOST-v4] epoch 332: test-all ROC 0.8848 PR 0.6260 | unseen ROC 0.7898 PR 0.1220 | valAUC 0.9908 | tau+ 0.500
[OUTPOST-v4] epoch 333: test-all ROC 0.8799 PR 0.6140 | unseen ROC 0.7808 PR 0.1132 | valAUC 0.9812 | tau+ 0.500
[OUTPOST-v4] epoch 334: test-all ROC 0.8737 PR 0.6107 | unseen ROC 0.7697 PR 0.1129 | valAUC 0.9763 | tau+ 0.500
[OUTPOST-v4] epoch 335: test-all ROC 0.8640 PR 0.5996 | unseen ROC 0.7519 PR 0.1038 | valAUC 0.9860 | tau+ 0.500
[OUTPOST-v4] epoch 336: test-all ROC 0.8681 PR 0.6030 | unseen ROC 0.7608 PR 0.1069 | valAUC 0.9773 | tau+ 0.500
[OUTPOST-v4] epoch 337: test-all ROC 0.8732 PR 0.6112 | unseen ROC 0.7691 PR 0.1108 | valAUC 0.9976 | tau+ 0.500
[OUTPOST-v4] epoch 338: test-all ROC 0.8861 PR 0.6299 | unseen ROC 0.7930 PR 0.1247 | valAUC 0.9966 | tau+ 0.500
[OUTPOST-v4] epoch 339: test-all ROC 0.8959 PR 0.6399 | unseen ROC 0.8092 PR 0.1332 | valAUC 0.9889 | tau+ 0.500
[OUTPOST-v4] epoch 340: test-all ROC 0.8989 PR 0.6452 | unseen ROC 0.8162 PR 0.1392 | valAUC 0.9932 | tau+ 0.535
[OUTPOST-v4] epoch 341: test-all ROC 0.8986 PR 0.6397 | unseen ROC 0.8144 PR 0.1350 | valAUC 0.9874 | tau+ 0.500
[OUTPOST-v4] epoch 342: test-all ROC 0.8849 PR 0.6244 | unseen ROC 0.7924 PR 0.1213 | valAUC 0.9894 | tau+ 0.500
[OUTPOST-v4] epoch 343: test-all ROC 0.8773 PR 0.6125 | unseen ROC 0.7786 PR 0.1166 | valAUC 0.9841 | tau+ 0.500
[OUTPOST-v4] epoch 344: test-all ROC 0.8676 PR 0.6032 | unseen ROC 0.7614 PR 0.1082 | valAUC 0.9826 | tau+ 0.500
[OUTPOST-v4] epoch 345: test-all ROC 0.8658 PR 0.5946 | unseen ROC 0.7557 PR 0.1035 | valAUC 0.9787 | tau+ 0.500
[OUTPOST-v4] epoch 346: test-all ROC 0.8623 PR 0.5950 | unseen ROC 0.7494 PR 0.1019 | valAUC 0.9952 | tau+ 0.500
[OUTPOST-v4] epoch 347: test-all ROC 0.8619 PR 0.5981 | unseen ROC 0.7488 PR 0.1023 | valAUC 0.9628 | tau+ 0.500
[OUTPOST-v4] epoch 348: test-all ROC 0.8744 PR 0.6163 | unseen ROC 0.7700 PR 0.1143 | valAUC 0.9942 | tau+ 0.500
[OUTPOST-v4] epoch 349: test-all ROC 0.8798 PR 0.6184 | unseen ROC 0.7813 PR 0.1195 | valAUC 0.9836 | tau+ 0.636
[OUTPOST-v4] epoch 350: test-all ROC 0.8817 PR 0.6251 | unseen ROC 0.7849 PR 0.1223 | valAUC 0.9889 | tau+ 0.591
[OUTPOST-v4] epoch 351: test-all ROC 0.8787 PR 0.6159 | unseen ROC 0.7798 PR 0.1145 | valAUC 0.9773 | tau+ 0.500
[OUTPOST-v4] epoch 352: test-all ROC 0.8697 PR 0.6029 | unseen ROC 0.7624 PR 0.1029 | valAUC 0.9942 | tau+ 0.500
[OUTPOST-v4] epoch 353: test-all ROC 0.8648 PR 0.5987 | unseen ROC 0.7530 PR 0.1021 | valAUC 0.9700 | tau+ 0.500
[OUTPOST-v4] epoch 354: test-all ROC 0.8677 PR 0.6030 | unseen ROC 0.7577 PR 0.1050 | valAUC 0.9894 | tau+ 0.500
[OUTPOST-v4] epoch 355: test-all ROC 0.8796 PR 0.6109 | unseen ROC 0.7808 PR 0.1115 | valAUC 0.9812 | tau+ 0.500
[OUTPOST-v4] epoch 356: test-all ROC 0.8822 PR 0.6166 | unseen ROC 0.7867 PR 0.1149 | valAUC 0.9870 | tau+ 0.500
[OUTPOST-v4] epoch 357: test-all ROC 0.8821 PR 0.6217 | unseen ROC 0.7875 PR 0.1196 | valAUC 0.9966 | tau+ 0.500
[OUTPOST-v4] epoch 358: test-all ROC 0.8908 PR 0.6317 | unseen ROC 0.8003 PR 0.1283 | valAUC 0.9928 | tau+ 0.500
[OUTPOST-v4] epoch 359: test-all ROC 0.8904 PR 0.6302 | unseen ROC 0.8016 PR 0.1283 | valAUC 0.9884 | tau+ 0.500
[OUTPOST-v4] epoch 360: test-all ROC 0.8930 PR 0.6337 | unseen ROC 0.8049 PR 0.1338 | valAUC 0.9758 | tau+ 0.500
[OUTPOST-v4] epoch 361: test-all ROC 0.8856 PR 0.6255 | unseen ROC 0.7933 PR 0.1240 | valAUC 0.9961 | tau+ 0.500
[OUTPOST-v4] epoch 362: test-all ROC 0.8919 PR 0.6318 | unseen ROC 0.8036 PR 0.1307 | valAUC 0.9889 | tau+ 0.500
[OUTPOST-v4] epoch 363: test-all ROC 0.8829 PR 0.6234 | unseen ROC 0.7868 PR 0.1262 | valAUC 0.9947 | tau+ 0.500
[OUTPOST-v4] epoch 364: test-all ROC 0.8827 PR 0.6170 | unseen ROC 0.7886 PR 0.1209 | valAUC 0.9691 | tau+ 0.500
[OUTPOST-v4] epoch 365: test-all ROC 0.8756 PR 0.6151 | unseen ROC 0.7749 PR 0.1167 | valAUC 0.9942 | tau+ 0.500
[OUTPOST-v4] epoch 366: test-all ROC 0.8820 PR 0.6197 | unseen ROC 0.7858 PR 0.1209 | valAUC 0.9928 | tau+ 0.500
[OUTPOST-v4] epoch 367: test-all ROC 0.8831 PR 0.6239 | unseen ROC 0.7871 PR 0.1229 | valAUC 0.9768 | tau+ 0.500
[OUTPOST-v4] epoch 368: test-all ROC 0.8866 PR 0.6264 | unseen ROC 0.7938 PR 0.1247 | valAUC 0.9913 | tau+ 0.500
[OUTPOST-v4] epoch 369: test-all ROC 0.8899 PR 0.6326 | unseen ROC 0.8012 PR 0.1320 | valAUC 0.9845 | tau+ 0.500
[OUTPOST-v4] epoch 370: test-all ROC 0.8885 PR 0.6327 | unseen ROC 0.7991 PR 0.1326 | valAUC 0.9831 | tau+ 0.500
[OUTPOST-v4] epoch 371: test-all ROC 0.8932 PR 0.6377 | unseen ROC 0.8055 PR 0.1364 | valAUC 0.9860 | tau+ 0.500
[OUTPOST-v4] epoch 372: test-all ROC 0.8891 PR 0.6349 | unseen ROC 0.7966 PR 0.1302 | valAUC 0.9932 | tau+ 0.500
[OUTPOST-v4] epoch 373: test-all ROC 0.8954 PR 0.6442 | unseen ROC 0.8099 PR 0.1393 | valAUC 0.9923 | tau+ 0.500
[OUTPOST-v4] epoch 374: test-all ROC 0.8961 PR 0.6431 | unseen ROC 0.8108 PR 0.1375 | valAUC 0.9947 | tau+ 0.500
[OUTPOST-v4] epoch 375: test-all ROC 0.8985 PR 0.6434 | unseen ROC 0.8146 PR 0.1386 | valAUC 0.9696 | tau+ 0.500
[OUTPOST-v4] epoch 376: test-all ROC 0.9008 PR 0.6465 | unseen ROC 0.8194 PR 0.1428 | valAUC 0.9884 | tau+ 0.500
[OUTPOST-v4] epoch 377: test-all ROC 0.9012 PR 0.6447 | unseen ROC 0.8206 PR 0.1406 | valAUC 0.9918 | tau+ 0.523
[OUTPOST-v4] epoch 378: test-all ROC 0.8972 PR 0.6467 | unseen ROC 0.8121 PR 0.1390 | valAUC 0.9884 | tau+ 0.500
[OUTPOST-v4] epoch 379: test-all ROC 0.9005 PR 0.6464 | unseen ROC 0.8195 PR 0.1399 | valAUC 0.9884 | tau+ 0.500
[OUTPOST-v4] epoch 380: test-all ROC 0.9000 PR 0.6479 | unseen ROC 0.8178 PR 0.1421 | valAUC 0.9908 | tau+ 0.500
[OUTPOST-v4] epoch 381: test-all ROC 0.9026 PR 0.6498 | unseen ROC 0.8224 PR 0.1460 | valAUC 0.9932 | tau+ 0.500
[OUTPOST-v4] epoch 382: test-all ROC 0.9040 PR 0.6560 | unseen ROC 0.8257 PR 0.1522 | valAUC 0.9947 | tau+ 0.500
[OUTPOST-v4] epoch 383: test-all ROC 0.9061 PR 0.6555 | unseen ROC 0.8287 PR 0.1491 | valAUC 0.9932 | tau+ 0.500
[OUTPOST-v4] epoch 384: test-all ROC 0.8973 PR 0.6417 | unseen ROC 0.8149 PR 0.1412 | valAUC 0.9932 | tau+ 0.500
[OUTPOST-v4] epoch 385: test-all ROC 0.8962 PR 0.6431 | unseen ROC 0.8129 PR 0.1377 | valAUC 0.9894 | tau+ 0.500
[OUTPOST-v4] epoch 386: test-all ROC 0.8932 PR 0.6332 | unseen ROC 0.8060 PR 0.1310 | valAUC 0.9923 | tau+ 0.500
[OUTPOST-v4] epoch 387: test-all ROC 0.8953 PR 0.6364 | unseen ROC 0.8101 PR 0.1329 | valAUC 0.9918 | tau+ 0.500
[OUTPOST-v4] epoch 388: test-all ROC 0.8960 PR 0.6367 | unseen ROC 0.8108 PR 0.1339 | valAUC 0.9928 | tau+ 0.500
[OUTPOST-v4] epoch 389: test-all ROC 0.9046 PR 0.6454 | unseen ROC 0.8279 PR 0.1436 | valAUC 0.9792 | tau+ 0.500
[OUTPOST-v4] epoch 390: test-all ROC 0.8937 PR 0.6344 | unseen ROC 0.8067 PR 0.1299 | valAUC 0.9725 | tau+ 0.500
[OUTPOST-v4] epoch 391: test-all ROC 0.8897 PR 0.6339 | unseen ROC 0.8003 PR 0.1311 | valAUC 0.9889 | tau+ 0.500
[OUTPOST-v4] epoch 392: test-all ROC 0.8989 PR 0.6382 | unseen ROC 0.8172 PR 0.1361 | valAUC 0.9928 | tau+ 0.500
[OUTPOST-v4] epoch 393: test-all ROC 0.9021 PR 0.6422 | unseen ROC 0.8224 PR 0.1380 | valAUC 0.9865 | tau+ 0.500
[OUTPOST-v4] epoch 394: test-all ROC 0.8904 PR 0.6304 | unseen ROC 0.8017 PR 0.1270 | valAUC 0.9860 | tau+ 0.500
[OUTPOST-v4] epoch 395: test-all ROC 0.8869 PR 0.6241 | unseen ROC 0.7961 PR 0.1217 | valAUC 0.9937 | tau+ 0.500
[OUTPOST-v4] epoch 396: test-all ROC 0.8849 PR 0.6257 | unseen ROC 0.7895 PR 0.1215 | valAUC 0.9928 | tau+ 0.500
[OUTPOST-v4] epoch 397: test-all ROC 0.8891 PR 0.6309 | unseen ROC 0.7979 PR 0.1265 | valAUC 0.9787 | tau+ 0.500
[OUTPOST-v4] epoch 398: test-all ROC 0.8981 PR 0.6431 | unseen ROC 0.8134 PR 0.1377 | valAUC 0.9966 | tau+ 0.500
[OUTPOST-v4] epoch 399: test-all ROC 0.9007 PR 0.6432 | unseen ROC 0.8190 PR 0.1389 | valAUC 0.9942 | tau+ 0.500
  rotation 0: ROC 0.9061 PR 0.6560
[photo] params 260929, peak GPU 2.93 GB, 15.6 min total
[photo] ran 1/2 rotations; no results.csv row written. Merge the shards with:
    python analysis/scripts/merge_rotations.py
