# gpu=5 cmd=/usr/bin/python3 -u main.py --dataset computers --seed 0 --method outpost --tag E400_T_lambda_un1.5 --rotations 0 --set lambda_un=1.5 num_epochs=400 --save-scores
/nas/home/jahin/.local/lib/python3.10/site-packages/requests/__init__.py:113: RequestsDependencyWarning: urllib3 (1.26.5) or chardet (7.2.0)/charset_normalizer (3.4.4) doesn't match a supported version!
  warnings.warn(
[0.03170448 0.15575916 0.10282141 0.03941245 0.37507272 0.02239674
 0.03541303 0.05948226 0.1567772  0.02116056]
[computers] anomaly classes (rotations): [np.int64(0), np.int64(3), np.int64(5), np.int64(6), np.int64(9)]
[computers] running subset: [np.int64(0)]
Normal classes: [np.int64(1), np.int64(2), np.int64(4), np.int64(7), np.int64(8)] in computers
Building multi-layer GraphSage
[OUTPOST-v4] epoch 0: test-all ROC 0.4353 PR 0.1337 | unseen ROC 0.3914 PR 0.1042 | valAUC 0.6974 | tau+ 0.500
[OUTPOST-v4] epoch 1: test-all ROC 0.4392 PR 0.1354 | unseen ROC 0.3971 PR 0.1059 | valAUC 0.6727 | tau+ 0.500
[OUTPOST-v4] epoch 2: test-all ROC 0.4440 PR 0.1366 | unseen ROC 0.4047 PR 0.1072 | valAUC 0.6917 | tau+ 0.500
[OUTPOST-v4] epoch 3: test-all ROC 0.4434 PR 0.1360 | unseen ROC 0.4046 PR 0.1068 | valAUC 0.6856 | tau+ 0.500
[OUTPOST-v4] epoch 4: test-all ROC 0.4452 PR 0.1367 | unseen ROC 0.4052 PR 0.1072 | valAUC 0.6830 | tau+ 0.500
[OUTPOST-v4] epoch 5: test-all ROC 0.4489 PR 0.1382 | unseen ROC 0.4074 PR 0.1079 | valAUC 0.7095 | tau+ 0.500
[OUTPOST-v4] epoch 6: test-all ROC 0.4459 PR 0.1376 | unseen ROC 0.4048 PR 0.1073 | valAUC 0.6848 | tau+ 0.500
[OUTPOST-v4] epoch 7: test-all ROC 0.4464 PR 0.1382 | unseen ROC 0.4027 PR 0.1072 | valAUC 0.6917 | tau+ 0.500
[OUTPOST-v4] epoch 8: test-all ROC 0.4489 PR 0.1381 | unseen ROC 0.4040 PR 0.1069 | valAUC 0.7147 | tau+ 0.500
[OUTPOST-v4] epoch 9: test-all ROC 0.4486 PR 0.1386 | unseen ROC 0.4007 PR 0.1056 | valAUC 0.7253 | tau+ 0.500
[OUTPOST-v4] epoch 10: test-all ROC 0.4395 PR 0.1354 | unseen ROC 0.3885 PR 0.1025 | valAUC 0.7247 | tau+ 0.500
[OUTPOST-v4] epoch 11: test-all ROC 0.4240 PR 0.1321 | unseen ROC 0.3729 PR 0.0992 | valAUC 0.7101 | tau+ 0.500
[OUTPOST-v4] epoch 12: test-all ROC 0.3983 PR 0.1212 | unseen ROC 0.3529 PR 0.0925 | valAUC 0.6468 | tau+ 0.500
[OUTPOST-v4] epoch 13: test-all ROC 0.3893 PR 0.1191 | unseen ROC 0.3471 PR 0.0918 | valAUC 0.6158 | tau+ 0.500
[OUTPOST-v4] epoch 14: test-all ROC 0.4033 PR 0.1252 | unseen ROC 0.3601 PR 0.0977 | valAUC 0.6397 | tau+ 0.500
[OUTPOST-v4] epoch 15: test-all ROC 0.4238 PR 0.1316 | unseen ROC 0.3760 PR 0.1014 | valAUC 0.6399 | tau+ 0.500
[OUTPOST-v4] epoch 16: test-all ROC 0.4290 PR 0.1330 | unseen ROC 0.3822 PR 0.1024 | valAUC 0.6382 | tau+ 0.500
[OUTPOST-v4] epoch 17: test-all ROC 0.4348 PR 0.1349 | unseen ROC 0.3849 PR 0.1029 | valAUC 0.6945 | tau+ 0.500
[OUTPOST-v4] epoch 18: test-all ROC 0.4438 PR 0.1377 | unseen ROC 0.3914 PR 0.1040 | valAUC 0.7190 | tau+ 0.500
[OUTPOST-v4] epoch 19: test-all ROC 0.4464 PR 0.1394 | unseen ROC 0.3940 PR 0.1046 | valAUC 0.7402 | tau+ 0.500
[OUTPOST-v4] epoch 20: test-all ROC 0.4528 PR 0.1435 | unseen ROC 0.3952 PR 0.1051 | valAUC 0.7425 | tau+ 0.500
[OUTPOST-v4] epoch 21: test-all ROC 0.4604 PR 0.1469 | unseen ROC 0.4006 PR 0.1062 | valAUC 0.7601 | tau+ 0.500
[OUTPOST-v4] epoch 22: test-all ROC 0.4683 PR 0.1518 | unseen ROC 0.4062 PR 0.1076 | valAUC 0.7963 | tau+ 0.500
[OUTPOST-v4] epoch 23: test-all ROC 0.4796 PR 0.1579 | unseen ROC 0.4156 PR 0.1089 | valAUC 0.8003 | tau+ 0.500
[OUTPOST-v4] epoch 24: test-all ROC 0.4816 PR 0.1629 | unseen ROC 0.4146 PR 0.1096 | valAUC 0.8138 | tau+ 0.500
[OUTPOST-v4] epoch 25: test-all ROC 0.4866 PR 0.1644 | unseen ROC 0.4186 PR 0.1093 | valAUC 0.8365 | tau+ 0.500
[OUTPOST-v4] epoch 26: test-all ROC 0.4930 PR 0.1703 | unseen ROC 0.4239 PR 0.1103 | valAUC 0.8376 | tau+ 0.500
[OUTPOST-v4] epoch 27: test-all ROC 0.4941 PR 0.1714 | unseen ROC 0.4251 PR 0.1105 | valAUC 0.8497 | tau+ 0.500
[OUTPOST-v4] epoch 28: test-all ROC 0.4983 PR 0.1719 | unseen ROC 0.4302 PR 0.1113 | valAUC 0.8629 | tau+ 0.500
[OUTPOST-v4] epoch 29: test-all ROC 0.4995 PR 0.1730 | unseen ROC 0.4306 PR 0.1115 | valAUC 0.8575 | tau+ 0.500
[OUTPOST-v4] epoch 30: test-all ROC 0.5039 PR 0.1770 | unseen ROC 0.4344 PR 0.1125 | valAUC 0.8399 | tau+ 0.500
[OUTPOST-v4] epoch 31: test-all ROC 0.5109 PR 0.1895 | unseen ROC 0.4405 PR 0.1133 | valAUC 0.8647 | tau+ 0.500
[OUTPOST-v4] epoch 32: test-all ROC 0.5112 PR 0.1927 | unseen ROC 0.4409 PR 0.1129 | valAUC 0.8687 | tau+ 0.500
[OUTPOST-v4] epoch 33: test-all ROC 0.5170 PR 0.1983 | unseen ROC 0.4456 PR 0.1147 | valAUC 0.8859 | tau+ 0.500
[OUTPOST-v4] epoch 34: test-all ROC 0.5213 PR 0.2028 | unseen ROC 0.4495 PR 0.1149 | valAUC 0.8747 | tau+ 0.500
[OUTPOST-v4] epoch 35: test-all ROC 0.5295 PR 0.2169 | unseen ROC 0.4572 PR 0.1163 | valAUC 0.9052 | tau+ 0.500
[OUTPOST-v4] epoch 36: test-all ROC 0.5349 PR 0.2231 | unseen ROC 0.4620 PR 0.1170 | valAUC 0.9026 | tau+ 0.500
[OUTPOST-v4] epoch 37: test-all ROC 0.5305 PR 0.2265 | unseen ROC 0.4580 PR 0.1164 | valAUC 0.8948 | tau+ 0.500
[OUTPOST-v4] epoch 38: test-all ROC 0.5354 PR 0.2326 | unseen ROC 0.4616 PR 0.1167 | valAUC 0.9014 | tau+ 0.500
[OUTPOST-v4] epoch 39: test-all ROC 0.5369 PR 0.2355 | unseen ROC 0.4632 PR 0.1173 | valAUC 0.9075 | tau+ 0.500
[OUTPOST-v4] epoch 40: test-all ROC 0.5453 PR 0.2446 | unseen ROC 0.4723 PR 0.1193 | valAUC 0.9075 | tau+ 0.500
[OUTPOST-v4] epoch 41: test-all ROC 0.5441 PR 0.2477 | unseen ROC 0.4691 PR 0.1181 | valAUC 0.9207 | tau+ 0.500
[OUTPOST-v4] epoch 42: test-all ROC 0.5454 PR 0.2473 | unseen ROC 0.4718 PR 0.1188 | valAUC 0.9055 | tau+ 0.500
[OUTPOST-v4] epoch 43: test-all ROC 0.5381 PR 0.2401 | unseen ROC 0.4636 PR 0.1171 | valAUC 0.9037 | tau+ 0.500
[OUTPOST-v4] epoch 44: test-all ROC 0.5380 PR 0.2344 | unseen ROC 0.4649 PR 0.1182 | valAUC 0.8960 | tau+ 0.500
[OUTPOST-v4] epoch 45: test-all ROC 0.5369 PR 0.2356 | unseen ROC 0.4626 PR 0.1176 | valAUC 0.9063 | tau+ 0.500
[OUTPOST-v4] epoch 46: test-all ROC 0.5386 PR 0.2368 | unseen ROC 0.4649 PR 0.1187 | valAUC 0.9083 | tau+ 0.500
[OUTPOST-v4] epoch 47: test-all ROC 0.5405 PR 0.2316 | unseen ROC 0.4670 PR 0.1185 | valAUC 0.9161 | tau+ 0.500
[OUTPOST-v4] epoch 48: test-all ROC 0.5385 PR 0.2398 | unseen ROC 0.4647 PR 0.1191 | valAUC 0.9132 | tau+ 0.500
[OUTPOST-v4] epoch 49: test-all ROC 0.5412 PR 0.2399 | unseen ROC 0.4674 PR 0.1193 | valAUC 0.9132 | tau+ 0.500
[OUTPOST-v4] epoch 50: test-all ROC 0.5425 PR 0.2395 | unseen ROC 0.4686 PR 0.1187 | valAUC 0.9227 | tau+ 0.500
[OUTPOST-v4] epoch 51: test-all ROC 0.5449 PR 0.2434 | unseen ROC 0.4706 PR 0.1206 | valAUC 0.9129 | tau+ 0.500
[OUTPOST-v4] epoch 52: test-all ROC 0.5452 PR 0.2417 | unseen ROC 0.4716 PR 0.1202 | valAUC 0.9006 | tau+ 0.500
[OUTPOST-v4] epoch 53: test-all ROC 0.5469 PR 0.2444 | unseen ROC 0.4732 PR 0.1198 | valAUC 0.9106 | tau+ 0.500
[OUTPOST-v4] epoch 54: test-all ROC 0.5432 PR 0.2447 | unseen ROC 0.4685 PR 0.1196 | valAUC 0.9072 | tau+ 0.500
[OUTPOST-v4] epoch 55: test-all ROC 0.5506 PR 0.2508 | unseen ROC 0.4761 PR 0.1212 | valAUC 0.9178 | tau+ 0.500
[OUTPOST-v4] epoch 56: test-all ROC 0.5561 PR 0.2583 | unseen ROC 0.4826 PR 0.1227 | valAUC 0.9167 | tau+ 0.500
[OUTPOST-v4] epoch 57: test-all ROC 0.5630 PR 0.2661 | unseen ROC 0.4897 PR 0.1234 | valAUC 0.9305 | tau+ 0.500
[OUTPOST-v4] epoch 58: test-all ROC 0.5666 PR 0.2702 | unseen ROC 0.4925 PR 0.1240 | valAUC 0.9328 | tau+ 0.500
[OUTPOST-v4] epoch 59: test-all ROC 0.5693 PR 0.2727 | unseen ROC 0.4969 PR 0.1249 | valAUC 0.9273 | tau+ 0.500
[OUTPOST-v4] epoch 60: test-all ROC 0.5615 PR 0.2703 | unseen ROC 0.4872 PR 0.1225 | valAUC 0.9322 | tau+ 0.500
[OUTPOST-v4] epoch 61: test-all ROC 0.5639 PR 0.2738 | unseen ROC 0.4905 PR 0.1236 | valAUC 0.9224 | tau+ 0.500
[OUTPOST-v4] epoch 62: test-all ROC 0.5674 PR 0.2736 | unseen ROC 0.4941 PR 0.1242 | valAUC 0.9287 | tau+ 0.500
[OUTPOST-v4] epoch 63: test-all ROC 0.5775 PR 0.2831 | unseen ROC 0.5038 PR 0.1277 | valAUC 0.9385 | tau+ 0.500
[OUTPOST-v4] epoch 64: test-all ROC 0.5856 PR 0.2885 | unseen ROC 0.5125 PR 0.1288 | valAUC 0.9555 | tau+ 0.500
[OUTPOST-v4] epoch 65: test-all ROC 0.5836 PR 0.2872 | unseen ROC 0.5102 PR 0.1292 | valAUC 0.9483 | tau+ 0.500
[OUTPOST-v4] epoch 66: test-all ROC 0.5831 PR 0.2875 | unseen ROC 0.5095 PR 0.1286 | valAUC 0.9471 | tau+ 0.500
[OUTPOST-v4] epoch 67: test-all ROC 0.5898 PR 0.2954 | unseen ROC 0.5162 PR 0.1311 | valAUC 0.9411 | tau+ 0.500
[OUTPOST-v4] epoch 68: test-all ROC 0.5895 PR 0.2932 | unseen ROC 0.5162 PR 0.1307 | valAUC 0.9474 | tau+ 0.500
[OUTPOST-v4] epoch 69: test-all ROC 0.5899 PR 0.2941 | unseen ROC 0.5165 PR 0.1309 | valAUC 0.9310 | tau+ 0.500
[OUTPOST-v4] epoch 70: test-all ROC 0.5955 PR 0.2978 | unseen ROC 0.5229 PR 0.1333 | valAUC 0.9517 | tau+ 0.500
[OUTPOST-v4] epoch 71: test-all ROC 0.5997 PR 0.3025 | unseen ROC 0.5268 PR 0.1338 | valAUC 0.9661 | tau+ 0.500
[OUTPOST-v4] epoch 72: test-all ROC 0.6123 PR 0.3108 | unseen ROC 0.5408 PR 0.1386 | valAUC 0.9586 | tau+ 0.570
[OUTPOST-v4] epoch 73: test-all ROC 0.6148 PR 0.3140 | unseen ROC 0.5437 PR 0.1395 | valAUC 0.9753 | tau+ 0.500
[OUTPOST-v4] epoch 74: test-all ROC 0.6122 PR 0.3143 | unseen ROC 0.5406 PR 0.1381 | valAUC 0.9716 | tau+ 0.500
[OUTPOST-v4] epoch 75: test-all ROC 0.6177 PR 0.3166 | unseen ROC 0.5466 PR 0.1397 | valAUC 0.9799 | tau+ 0.500
[OUTPOST-v4] epoch 76: test-all ROC 0.6293 PR 0.3274 | unseen ROC 0.5606 PR 0.1461 | valAUC 0.9753 | tau+ 0.500
[OUTPOST-v4] epoch 77: test-all ROC 0.6351 PR 0.3351 | unseen ROC 0.5659 PR 0.1484 | valAUC 0.9756 | tau+ 0.500
[OUTPOST-v4] epoch 78: test-all ROC 0.6445 PR 0.3417 | unseen ROC 0.5770 PR 0.1525 | valAUC 0.9793 | tau+ 0.500
[OUTPOST-v4] epoch 79: test-all ROC 0.6440 PR 0.3429 | unseen ROC 0.5760 PR 0.1523 | valAUC 0.9747 | tau+ 0.500
[OUTPOST-v4] epoch 80: test-all ROC 0.6474 PR 0.3461 | unseen ROC 0.5803 PR 0.1544 | valAUC 0.9675 | tau+ 0.500
[OUTPOST-v4] epoch 81: test-all ROC 0.6508 PR 0.3492 | unseen ROC 0.5846 PR 0.1567 | valAUC 0.9856 | tau+ 0.500
[OUTPOST-v4] epoch 82: test-all ROC 0.6514 PR 0.3519 | unseen ROC 0.5845 PR 0.1563 | valAUC 0.9764 | tau+ 0.500
[OUTPOST-v4] epoch 83: test-all ROC 0.6553 PR 0.3521 | unseen ROC 0.5891 PR 0.1566 | valAUC 0.9822 | tau+ 0.500
[OUTPOST-v4] epoch 84: test-all ROC 0.6586 PR 0.3579 | unseen ROC 0.5926 PR 0.1607 | valAUC 0.9848 | tau+ 0.500
[OUTPOST-v4] epoch 85: test-all ROC 0.6632 PR 0.3605 | unseen ROC 0.5980 PR 0.1618 | valAUC 0.9891 | tau+ 0.500
[OUTPOST-v4] epoch 86: test-all ROC 0.6624 PR 0.3629 | unseen ROC 0.5970 PR 0.1624 | valAUC 0.9905 | tau+ 0.500
[OUTPOST-v4] epoch 87: test-all ROC 0.6565 PR 0.3633 | unseen ROC 0.5903 PR 0.1608 | valAUC 0.9888 | tau+ 0.500
[OUTPOST-v4] epoch 88: test-all ROC 0.6671 PR 0.3659 | unseen ROC 0.6023 PR 0.1646 | valAUC 0.9899 | tau+ 0.500
[OUTPOST-v4] epoch 89: test-all ROC 0.6697 PR 0.3710 | unseen ROC 0.6064 PR 0.1679 | valAUC 0.9652 | tau+ 0.500
[OUTPOST-v4] epoch 90: test-all ROC 0.6748 PR 0.3767 | unseen ROC 0.6114 PR 0.1710 | valAUC 0.9813 | tau+ 0.500
[OUTPOST-v4] epoch 91: test-all ROC 0.6760 PR 0.3778 | unseen ROC 0.6129 PR 0.1711 | valAUC 0.9842 | tau+ 0.500
[OUTPOST-v4] epoch 92: test-all ROC 0.6749 PR 0.3788 | unseen ROC 0.6118 PR 0.1723 | valAUC 0.9759 | tau+ 0.500
[OUTPOST-v4] epoch 93: test-all ROC 0.6755 PR 0.3791 | unseen ROC 0.6123 PR 0.1719 | valAUC 0.9848 | tau+ 0.500
[OUTPOST-v4] epoch 94: test-all ROC 0.6737 PR 0.3815 | unseen ROC 0.6096 PR 0.1725 | valAUC 0.9891 | tau+ 0.500
[OUTPOST-v4] epoch 95: test-all ROC 0.6830 PR 0.3909 | unseen ROC 0.6204 PR 0.1790 | valAUC 0.9905 | tau+ 0.500
[OUTPOST-v4] epoch 96: test-all ROC 0.6996 PR 0.4007 | unseen ROC 0.6400 PR 0.1874 | valAUC 0.9914 | tau+ 0.500
[OUTPOST-v4] epoch 97: test-all ROC 0.6986 PR 0.4017 | unseen ROC 0.6383 PR 0.1886 | valAUC 0.9954 | tau+ 0.500
[OUTPOST-v4] epoch 98: test-all ROC 0.6924 PR 0.3963 | unseen ROC 0.6323 PR 0.1851 | valAUC 0.9925 | tau+ 0.500
[OUTPOST-v4] epoch 99: test-all ROC 0.6913 PR 0.3977 | unseen ROC 0.6302 PR 0.1866 | valAUC 0.9825 | tau+ 0.500
[OUTPOST-v4] epoch 100: test-all ROC 0.6903 PR 0.3998 | unseen ROC 0.6290 PR 0.1878 | valAUC 0.9845 | tau+ 0.500
[OUTPOST-v4] epoch 101: test-all ROC 0.6899 PR 0.4014 | unseen ROC 0.6287 PR 0.1892 | valAUC 0.9928 | tau+ 0.500
[OUTPOST-v4] epoch 102: test-all ROC 0.6956 PR 0.4093 | unseen ROC 0.6351 PR 0.1954 | valAUC 0.9853 | tau+ 0.500
[OUTPOST-v4] epoch 103: test-all ROC 0.7056 PR 0.4193 | unseen ROC 0.6466 PR 0.2051 | valAUC 0.9983 | tau+ 0.500
[OUTPOST-v4] epoch 104: test-all ROC 0.7145 PR 0.4269 | unseen ROC 0.6565 PR 0.2123 | valAUC 0.9966 | tau+ 0.500
[OUTPOST-v4] epoch 105: test-all ROC 0.7154 PR 0.4274 | unseen ROC 0.6582 PR 0.2123 | valAUC 0.9963 | tau+ 0.500
[OUTPOST-v4] epoch 106: test-all ROC 0.7125 PR 0.4247 | unseen ROC 0.6547 PR 0.2098 | valAUC 0.9937 | tau+ 0.500
[OUTPOST-v4] epoch 107: test-all ROC 0.7150 PR 0.4250 | unseen ROC 0.6578 PR 0.2100 | valAUC 0.9937 | tau+ 0.500
[OUTPOST-v4] epoch 108: test-all ROC 0.7125 PR 0.4285 | unseen ROC 0.6548 PR 0.2128 | valAUC 0.9937 | tau+ 0.500
[OUTPOST-v4] epoch 109: test-all ROC 0.7195 PR 0.4322 | unseen ROC 0.6632 PR 0.2169 | valAUC 0.9943 | tau+ 0.500
[OUTPOST-v4] epoch 110: test-all ROC 0.7276 PR 0.4401 | unseen ROC 0.6722 PR 0.2249 | valAUC 0.9937 | tau+ 0.500
[OUTPOST-v4] epoch 111: test-all ROC 0.7314 PR 0.4489 | unseen ROC 0.6775 PR 0.2337 | valAUC 0.9934 | tau+ 0.500
[OUTPOST-v4] epoch 112: test-all ROC 0.7251 PR 0.4422 | unseen ROC 0.6698 PR 0.2282 | valAUC 0.9954 | tau+ 0.500
[OUTPOST-v4] epoch 113: test-all ROC 0.7161 PR 0.4368 | unseen ROC 0.6589 PR 0.2230 | valAUC 0.9934 | tau+ 0.500
[OUTPOST-v4] epoch 114: test-all ROC 0.7166 PR 0.4412 | unseen ROC 0.6593 PR 0.2287 | valAUC 0.9948 | tau+ 0.500
[OUTPOST-v4] epoch 115: test-all ROC 0.7103 PR 0.4383 | unseen ROC 0.6514 PR 0.2253 | valAUC 0.9727 | tau+ 0.500
[OUTPOST-v4] epoch 116: test-all ROC 0.7080 PR 0.4383 | unseen ROC 0.6494 PR 0.2279 | valAUC 0.9937 | tau+ 0.500
[OUTPOST-v4] epoch 117: test-all ROC 0.7187 PR 0.4449 | unseen ROC 0.6615 PR 0.2329 | valAUC 0.9917 | tau+ 0.500
[OUTPOST-v4] epoch 118: test-all ROC 0.7257 PR 0.4548 | unseen ROC 0.6702 PR 0.2472 | valAUC 0.9986 | tau+ 0.500
[OUTPOST-v4] epoch 119: test-all ROC 0.7358 PR 0.4643 | unseen ROC 0.6817 PR 0.2557 | valAUC 0.9963 | tau+ 0.500
[OUTPOST-v4] epoch 120: test-all ROC 0.7239 PR 0.4626 | unseen ROC 0.6678 PR 0.2539 | valAUC 0.9925 | tau+ 0.500
[OUTPOST-v4] epoch 121: test-all ROC 0.7285 PR 0.4616 | unseen ROC 0.6734 PR 0.2534 | valAUC 0.9997 | tau+ 0.500
[OUTPOST-v4] epoch 122: test-all ROC 0.7334 PR 0.4642 | unseen ROC 0.6799 PR 0.2568 | valAUC 0.9986 | tau+ 0.500
[OUTPOST-v4] epoch 123: test-all ROC 0.7296 PR 0.4627 | unseen ROC 0.6761 PR 0.2569 | valAUC 0.9945 | tau+ 0.500
[OUTPOST-v4] epoch 124: test-all ROC 0.7300 PR 0.4634 | unseen ROC 0.6758 PR 0.2547 | valAUC 0.9954 | tau+ 0.500
[OUTPOST-v4] epoch 125: test-all ROC 0.7316 PR 0.4666 | unseen ROC 0.6781 PR 0.2588 | valAUC 0.9908 | tau+ 0.500
[OUTPOST-v4] epoch 126: test-all ROC 0.7343 PR 0.4756 | unseen ROC 0.6804 PR 0.2713 | valAUC 0.9934 | tau+ 0.500
[OUTPOST-v4] epoch 127: test-all ROC 0.7379 PR 0.4724 | unseen ROC 0.6853 PR 0.2668 | valAUC 0.9954 | tau+ 0.500
[OUTPOST-v4] epoch 128: test-all ROC 0.7327 PR 0.4699 | unseen ROC 0.6789 PR 0.2652 | valAUC 0.9971 | tau+ 0.500
[OUTPOST-v4] epoch 129: test-all ROC 0.7216 PR 0.4631 | unseen ROC 0.6657 PR 0.2572 | valAUC 0.9963 | tau+ 0.500
[OUTPOST-v4] epoch 130: test-all ROC 0.7242 PR 0.4670 | unseen ROC 0.6689 PR 0.2623 | valAUC 0.9954 | tau+ 0.500
[OUTPOST-v4] epoch 131: test-all ROC 0.7208 PR 0.4656 | unseen ROC 0.6645 PR 0.2611 | valAUC 0.9839 | tau+ 0.500
[OUTPOST-v4] epoch 132: test-all ROC 0.7181 PR 0.4649 | unseen ROC 0.6621 PR 0.2618 | valAUC 0.9943 | tau+ 0.500
[OUTPOST-v4] epoch 133: test-all ROC 0.7052 PR 0.4526 | unseen ROC 0.6460 PR 0.2486 | valAUC 0.9920 | tau+ 0.500
[OUTPOST-v4] epoch 134: test-all ROC 0.7111 PR 0.4589 | unseen ROC 0.6534 PR 0.2542 | valAUC 0.9856 | tau+ 0.500
[OUTPOST-v4] epoch 135: test-all ROC 0.7279 PR 0.4791 | unseen ROC 0.6726 PR 0.2796 | valAUC 0.9971 | tau+ 0.500
[OUTPOST-v4] epoch 136: test-all ROC 0.7354 PR 0.4843 | unseen ROC 0.6821 PR 0.2828 | valAUC 0.9937 | tau+ 0.500
[OUTPOST-v4] epoch 137: test-all ROC 0.7373 PR 0.4853 | unseen ROC 0.6842 PR 0.2844 | valAUC 0.9986 | tau+ 0.500
[OUTPOST-v4] epoch 138: test-all ROC 0.7384 PR 0.4868 | unseen ROC 0.6857 PR 0.2876 | valAUC 0.9948 | tau+ 0.500
[OUTPOST-v4] epoch 139: test-all ROC 0.7334 PR 0.4808 | unseen ROC 0.6793 PR 0.2794 | valAUC 0.9954 | tau+ 0.500
[OUTPOST-v4] epoch 140: test-all ROC 0.7311 PR 0.4828 | unseen ROC 0.6768 PR 0.2813 | valAUC 0.9914 | tau+ 0.500
[OUTPOST-v4] epoch 141: test-all ROC 0.7355 PR 0.4855 | unseen ROC 0.6820 PR 0.2830 | valAUC 0.9871 | tau+ 0.500
[OUTPOST-v4] epoch 142: test-all ROC 0.7400 PR 0.4911 | unseen ROC 0.6873 PR 0.2922 | valAUC 0.9905 | tau+ 0.500
[OUTPOST-v4] epoch 143: test-all ROC 0.7456 PR 0.4973 | unseen ROC 0.6934 PR 0.2973 | valAUC 0.9945 | tau+ 0.500
[OUTPOST-v4] epoch 144: test-all ROC 0.7537 PR 0.5048 | unseen ROC 0.7036 PR 0.3064 | valAUC 0.9948 | tau+ 0.500
[OUTPOST-v4] epoch 145: test-all ROC 0.7522 PR 0.5015 | unseen ROC 0.7015 PR 0.3042 | valAUC 0.9989 | tau+ 0.500
[OUTPOST-v4] epoch 146: test-all ROC 0.7542 PR 0.5075 | unseen ROC 0.7039 PR 0.3105 | valAUC 0.9977 | tau+ 0.500
[OUTPOST-v4] epoch 147: test-all ROC 0.7524 PR 0.5076 | unseen ROC 0.7015 PR 0.3123 | valAUC 0.9960 | tau+ 0.500
[OUTPOST-v4] epoch 148: test-all ROC 0.7464 PR 0.5048 | unseen ROC 0.6946 PR 0.3089 | valAUC 0.9991 | tau+ 0.500
[OUTPOST-v4] epoch 149: test-all ROC 0.7439 PR 0.5056 | unseen ROC 0.6911 PR 0.3097 | valAUC 0.9986 | tau+ 0.500
[OUTPOST-v4] epoch 150: test-all ROC 0.7426 PR 0.5038 | unseen ROC 0.6899 PR 0.3122 | valAUC 1.0000 | tau+ 0.500
[OUTPOST-v4] epoch 151: test-all ROC 0.7442 PR 0.5087 | unseen ROC 0.6925 PR 0.3183 | valAUC 1.0000 | tau+ 0.500
[OUTPOST-v4] epoch 152: test-all ROC 0.7510 PR 0.5154 | unseen ROC 0.6992 PR 0.3237 | valAUC 0.9980 | tau+ 0.500
[OUTPOST-v4] epoch 153: test-all ROC 0.7537 PR 0.5148 | unseen ROC 0.7030 PR 0.3233 | valAUC 1.0000 | tau+ 0.500
[OUTPOST-v4] epoch 154: test-all ROC 0.7518 PR 0.5149 | unseen ROC 0.7012 PR 0.3214 | valAUC 0.9940 | tau+ 0.500
[OUTPOST-v4] epoch 155: test-all ROC 0.7392 PR 0.5037 | unseen ROC 0.6861 PR 0.3106 | valAUC 0.9902 | tau+ 0.500
[OUTPOST-v4] epoch 156: test-all ROC 0.7276 PR 0.4947 | unseen ROC 0.6725 PR 0.3012 | valAUC 0.9974 | tau+ 0.500
[OUTPOST-v4] epoch 157: test-all ROC 0.7157 PR 0.4795 | unseen ROC 0.6586 PR 0.2864 | valAUC 0.9874 | tau+ 0.500
[OUTPOST-v4] epoch 158: test-all ROC 0.7128 PR 0.4808 | unseen ROC 0.6550 PR 0.2858 | valAUC 0.9957 | tau+ 0.500
[OUTPOST-v4] epoch 159: test-all ROC 0.7231 PR 0.4911 | unseen ROC 0.6668 PR 0.2987 | valAUC 0.9971 | tau+ 0.500
[OUTPOST-v4] epoch 160: test-all ROC 0.7279 PR 0.4976 | unseen ROC 0.6732 PR 0.3081 | valAUC 0.9954 | tau+ 0.500
[OUTPOST-v4] epoch 161: test-all ROC 0.7343 PR 0.5100 | unseen ROC 0.6805 PR 0.3229 | valAUC 1.0000 | tau+ 0.500
[OUTPOST-v4] epoch 162: test-all ROC 0.7392 PR 0.5165 | unseen ROC 0.6861 PR 0.3289 | valAUC 0.9974 | tau+ 0.500
[OUTPOST-v4] epoch 163: test-all ROC 0.7377 PR 0.5201 | unseen ROC 0.6840 PR 0.3367 | valAUC 0.9966 | tau+ 0.500
[OUTPOST-v4] epoch 164: test-all ROC 0.7306 PR 0.5181 | unseen ROC 0.6756 PR 0.3370 | valAUC 0.9980 | tau+ 0.500
[OUTPOST-v4] epoch 165: test-all ROC 0.7217 PR 0.5046 | unseen ROC 0.6648 PR 0.3199 | valAUC 0.9974 | tau+ 0.500
[OUTPOST-v4] epoch 166: test-all ROC 0.7142 PR 0.4946 | unseen ROC 0.6568 PR 0.3120 | valAUC 0.9733 | tau+ 0.500
[OUTPOST-v4] epoch 167: test-all ROC 0.7081 PR 0.4925 | unseen ROC 0.6498 PR 0.3097 | valAUC 0.9994 | tau+ 0.500
[OUTPOST-v4] epoch 168: test-all ROC 0.7223 PR 0.5112 | unseen ROC 0.6661 PR 0.3308 | valAUC 0.9983 | tau+ 0.500
[OUTPOST-v4] epoch 169: test-all ROC 0.7553 PR 0.5473 | unseen ROC 0.7050 PR 0.3754 | valAUC 0.9989 | tau+ 0.500
[OUTPOST-v4] epoch 170: test-all ROC 0.7809 PR 0.5663 | unseen ROC 0.7356 PR 0.3969 | valAUC 0.9968 | tau+ 0.840
[OUTPOST-v4] epoch 171: test-all ROC 0.7408 PR 0.5282 | unseen ROC 0.6880 PR 0.3497 | valAUC 1.0000 | tau+ 0.500
[OUTPOST-v4] epoch 172: test-all ROC 0.7098 PR 0.4940 | unseen ROC 0.6513 PR 0.3092 | valAUC 0.9920 | tau+ 0.500
[OUTPOST-v4] epoch 173: test-all ROC 0.6904 PR 0.4600 | unseen ROC 0.6301 PR 0.2671 | valAUC 0.9940 | tau+ 0.500
[OUTPOST-v4] epoch 174: test-all ROC 0.6843 PR 0.4460 | unseen ROC 0.6234 PR 0.2483 | valAUC 0.9931 | tau+ 0.500
[OUTPOST-v4] epoch 175: test-all ROC 0.6902 PR 0.4485 | unseen ROC 0.6308 PR 0.2506 | valAUC 0.9928 | tau+ 0.500
[OUTPOST-v4] epoch 176: test-all ROC 0.6963 PR 0.4570 | unseen ROC 0.6377 PR 0.2592 | valAUC 0.9922 | tau+ 0.500
[OUTPOST-v4] epoch 177: test-all ROC 0.7084 PR 0.4723 | unseen ROC 0.6507 PR 0.2786 | valAUC 0.9839 | tau+ 0.500
[OUTPOST-v4] epoch 178: test-all ROC 0.7227 PR 0.4928 | unseen ROC 0.6677 PR 0.3006 | valAUC 0.9963 | tau+ 0.500
[OUTPOST-v4] epoch 179: test-all ROC 0.7350 PR 0.5084 | unseen ROC 0.6814 PR 0.3215 | valAUC 0.9911 | tau+ 0.500
[OUTPOST-v4] epoch 180: test-all ROC 0.7297 PR 0.5029 | unseen ROC 0.6750 PR 0.3118 | valAUC 0.9911 | tau+ 0.500
[OUTPOST-v4] epoch 181: test-all ROC 0.7210 PR 0.4924 | unseen ROC 0.6652 PR 0.2997 | valAUC 0.9851 | tau+ 0.500
[OUTPOST-v4] epoch 182: test-all ROC 0.7089 PR 0.4786 | unseen ROC 0.6516 PR 0.2860 | valAUC 0.9937 | tau+ 0.500
[OUTPOST-v4] epoch 183: test-all ROC 0.7000 PR 0.4679 | unseen ROC 0.6419 PR 0.2704 | valAUC 0.9810 | tau+ 0.500
[OUTPOST-v4] epoch 184: test-all ROC 0.6946 PR 0.4607 | unseen ROC 0.6347 PR 0.2642 | valAUC 0.9940 | tau+ 0.500
[OUTPOST-v4] epoch 185: test-all ROC 0.6941 PR 0.4620 | unseen ROC 0.6349 PR 0.2648 | valAUC 0.9868 | tau+ 0.500
[OUTPOST-v4] epoch 186: test-all ROC 0.7014 PR 0.4731 | unseen ROC 0.6438 PR 0.2779 | valAUC 0.9948 | tau+ 0.500
[OUTPOST-v4] epoch 187: test-all ROC 0.7090 PR 0.4868 | unseen ROC 0.6514 PR 0.2958 | valAUC 0.9945 | tau+ 0.500
[OUTPOST-v4] epoch 188: test-all ROC 0.7183 PR 0.5013 | unseen ROC 0.6616 PR 0.3138 | valAUC 0.9957 | tau+ 0.500
[OUTPOST-v4] epoch 189: test-all ROC 0.7250 PR 0.5102 | unseen ROC 0.6699 PR 0.3250 | valAUC 0.9810 | tau+ 0.500
[OUTPOST-v4] epoch 190: test-all ROC 0.7288 PR 0.5190 | unseen ROC 0.6742 PR 0.3340 | valAUC 0.9940 | tau+ 0.500
[OUTPOST-v4] epoch 191: test-all ROC 0.7306 PR 0.5190 | unseen ROC 0.6761 PR 0.3355 | valAUC 0.9991 | tau+ 0.500
[OUTPOST-v4] epoch 192: test-all ROC 0.7249 PR 0.5174 | unseen ROC 0.6688 PR 0.3338 | valAUC 0.9908 | tau+ 0.500
[OUTPOST-v4] epoch 193: test-all ROC 0.7204 PR 0.5102 | unseen ROC 0.6642 PR 0.3276 | valAUC 0.9954 | tau+ 0.500
[OUTPOST-v4] epoch 194: test-all ROC 0.7132 PR 0.4980 | unseen ROC 0.6564 PR 0.3120 | valAUC 0.9908 | tau+ 0.500
[OUTPOST-v4] epoch 195: test-all ROC 0.7103 PR 0.4979 | unseen ROC 0.6525 PR 0.3128 | valAUC 0.9917 | tau+ 0.500
[OUTPOST-v4] epoch 196: test-all ROC 0.7185 PR 0.5079 | unseen ROC 0.6623 PR 0.3234 | valAUC 0.9963 | tau+ 0.500
[OUTPOST-v4] epoch 197: test-all ROC 0.7195 PR 0.5094 | unseen ROC 0.6637 PR 0.3276 | valAUC 0.9914 | tau+ 0.500
[OUTPOST-v4] epoch 198: test-all ROC 0.7295 PR 0.5238 | unseen ROC 0.6748 PR 0.3452 | valAUC 0.9940 | tau+ 0.500
[OUTPOST-v4] epoch 199: test-all ROC 0.7342 PR 0.5325 | unseen ROC 0.6801 PR 0.3552 | valAUC 0.9943 | tau+ 0.500
[OUTPOST-v4] epoch 200: test-all ROC 0.7435 PR 0.5442 | unseen ROC 0.6911 PR 0.3693 | valAUC 0.9951 | tau+ 0.500
[OUTPOST-v4] epoch 201: test-all ROC 0.7571 PR 0.5537 | unseen ROC 0.7068 PR 0.3796 | valAUC 0.9787 | tau+ 0.500
[OUTPOST-v4] epoch 202: test-all ROC 0.7604 PR 0.5576 | unseen ROC 0.7106 PR 0.3852 | valAUC 0.9963 | tau+ 0.500
[OUTPOST-v4] epoch 203: test-all ROC 0.7636 PR 0.5591 | unseen ROC 0.7150 PR 0.3880 | valAUC 0.9991 | tau+ 0.500
[OUTPOST-v4] epoch 204: test-all ROC 0.7602 PR 0.5624 | unseen ROC 0.7106 PR 0.3900 | valAUC 0.9994 | tau+ 0.500
[OUTPOST-v4] epoch 205: test-all ROC 0.7496 PR 0.5550 | unseen ROC 0.6980 PR 0.3844 | valAUC 0.9957 | tau+ 0.500
[OUTPOST-v4] epoch 206: test-all ROC 0.7458 PR 0.5492 | unseen ROC 0.6938 PR 0.3786 | valAUC 0.9851 | tau+ 0.500
[OUTPOST-v4] epoch 207: test-all ROC 0.7433 PR 0.5481 | unseen ROC 0.6917 PR 0.3778 | valAUC 0.9905 | tau+ 0.500
[OUTPOST-v4] epoch 208: test-all ROC 0.7432 PR 0.5478 | unseen ROC 0.6915 PR 0.3779 | valAUC 0.9997 | tau+ 0.500
[OUTPOST-v4] epoch 209: test-all ROC 0.7410 PR 0.5461 | unseen ROC 0.6885 PR 0.3759 | valAUC 0.9977 | tau+ 0.500
[OUTPOST-v4] epoch 210: test-all ROC 0.7459 PR 0.5553 | unseen ROC 0.6943 PR 0.3872 | valAUC 0.9980 | tau+ 0.500
[OUTPOST-v4] epoch 211: test-all ROC 0.7493 PR 0.5613 | unseen ROC 0.6987 PR 0.3949 | valAUC 0.9997 | tau+ 0.500
[OUTPOST-v4] epoch 212: test-all ROC 0.7500 PR 0.5592 | unseen ROC 0.6988 PR 0.3905 | valAUC 0.9983 | tau+ 0.500
[OUTPOST-v4] epoch 213: test-all ROC 0.7527 PR 0.5616 | unseen ROC 0.7027 PR 0.3932 | valAUC 0.9989 | tau+ 0.500
[OUTPOST-v4] epoch 214: test-all ROC 0.7538 PR 0.5611 | unseen ROC 0.7038 PR 0.3960 | valAUC 0.9894 | tau+ 0.500
[OUTPOST-v4] epoch 215: test-all ROC 0.7532 PR 0.5655 | unseen ROC 0.7026 PR 0.4001 | valAUC 0.9813 | tau+ 0.500
[OUTPOST-v4] epoch 216: test-all ROC 0.7565 PR 0.5637 | unseen ROC 0.7064 PR 0.3959 | valAUC 1.0000 | tau+ 0.500
[OUTPOST-v4] epoch 217: test-all ROC 0.7533 PR 0.5646 | unseen ROC 0.7033 PR 0.3993 | valAUC 1.0000 | tau+ 0.500
[OUTPOST-v4] epoch 218: test-all ROC 0.7516 PR 0.5654 | unseen ROC 0.7006 PR 0.4003 | valAUC 0.9983 | tau+ 0.500
[OUTPOST-v4] epoch 219: test-all ROC 0.7486 PR 0.5673 | unseen ROC 0.6975 PR 0.4062 | valAUC 1.0000 | tau+ 0.500
[OUTPOST-v4] epoch 220: test-all ROC 0.7446 PR 0.5588 | unseen ROC 0.6923 PR 0.3931 | valAUC 0.9971 | tau+ 0.500
[OUTPOST-v4] epoch 221: test-all ROC 0.7424 PR 0.5582 | unseen ROC 0.6906 PR 0.3952 | valAUC 0.9989 | tau+ 0.500
[OUTPOST-v4] epoch 222: test-all ROC 0.7467 PR 0.5642 | unseen ROC 0.6952 PR 0.4012 | valAUC 1.0000 | tau+ 0.500
[OUTPOST-v4] epoch 223: test-all ROC 0.7473 PR 0.5677 | unseen ROC 0.6957 PR 0.4048 | valAUC 0.9983 | tau+ 0.500
[OUTPOST-v4] epoch 224: test-all ROC 0.7555 PR 0.5806 | unseen ROC 0.7054 PR 0.4217 | valAUC 0.9994 | tau+ 0.500
[OUTPOST-v4] epoch 225: test-all ROC 0.7649 PR 0.5827 | unseen ROC 0.7160 PR 0.4209 | valAUC 0.9994 | tau+ 0.500
[OUTPOST-v4] epoch 226: test-all ROC 0.7710 PR 0.5848 | unseen ROC 0.7234 PR 0.4241 | valAUC 0.9991 | tau+ 0.500
[OUTPOST-v4] epoch 227: test-all ROC 0.7668 PR 0.5796 | unseen ROC 0.7191 PR 0.4172 | valAUC 0.9874 | tau+ 0.500
[OUTPOST-v4] epoch 228: test-all ROC 0.7567 PR 0.5734 | unseen ROC 0.7063 PR 0.4105 | valAUC 0.9784 | tau+ 0.500
[OUTPOST-v4] epoch 229: test-all ROC 0.7448 PR 0.5592 | unseen ROC 0.6918 PR 0.3934 | valAUC 0.9997 | tau+ 0.500
[OUTPOST-v4] epoch 230: test-all ROC 0.7395 PR 0.5546 | unseen ROC 0.6875 PR 0.3878 | valAUC 0.9971 | tau+ 0.500
[OUTPOST-v4] epoch 231: test-all ROC 0.7340 PR 0.5436 | unseen ROC 0.6801 PR 0.3749 | valAUC 0.9989 | tau+ 0.500
[OUTPOST-v4] epoch 232: test-all ROC 0.7357 PR 0.5452 | unseen ROC 0.6829 PR 0.3778 | valAUC 0.9980 | tau+ 0.500
[OUTPOST-v4] epoch 233: test-all ROC 0.7313 PR 0.5398 | unseen ROC 0.6780 PR 0.3683 | valAUC 0.9681 | tau+ 0.500
[OUTPOST-v4] epoch 234: test-all ROC 0.7380 PR 0.5523 | unseen ROC 0.6844 PR 0.3821 | valAUC 0.9951 | tau+ 0.500
[OUTPOST-v4] epoch 235: test-all ROC 0.7435 PR 0.5586 | unseen ROC 0.6913 PR 0.3928 | valAUC 0.9994 | tau+ 0.500
[OUTPOST-v4] epoch 236: test-all ROC 0.7543 PR 0.5644 | unseen ROC 0.7045 PR 0.3968 | valAUC 1.0000 | tau+ 0.500
[OUTPOST-v4] epoch 237: test-all ROC 0.7620 PR 0.5720 | unseen ROC 0.7129 PR 0.4057 | valAUC 0.9997 | tau+ 0.500
[OUTPOST-v4] epoch 238: test-all ROC 0.7696 PR 0.5803 | unseen ROC 0.7219 PR 0.4162 | valAUC 1.0000 | tau+ 0.500
[OUTPOST-v4] epoch 239: test-all ROC 0.7697 PR 0.5833 | unseen ROC 0.7220 PR 0.4200 | valAUC 1.0000 | tau+ 0.500
[OUTPOST-v4] epoch 240: test-all ROC 0.7654 PR 0.5812 | unseen ROC 0.7167 PR 0.4214 | valAUC 0.9994 | tau+ 0.500
[OUTPOST-v4] epoch 241: test-all ROC 0.7641 PR 0.5826 | unseen ROC 0.7156 PR 0.4228 | valAUC 0.9882 | tau+ 0.500
[OUTPOST-v4] epoch 242: test-all ROC 0.7597 PR 0.5801 | unseen ROC 0.7098 PR 0.4204 | valAUC 0.9980 | tau+ 0.500
[OUTPOST-v4] epoch 243: test-all ROC 0.7552 PR 0.5744 | unseen ROC 0.7047 PR 0.4145 | valAUC 0.9779 | tau+ 0.500
[OUTPOST-v4] epoch 244: test-all ROC 0.7524 PR 0.5738 | unseen ROC 0.7020 PR 0.4141 | valAUC 0.9957 | tau+ 0.500
[OUTPOST-v4] epoch 245: test-all ROC 0.7502 PR 0.5705 | unseen ROC 0.6989 PR 0.4117 | valAUC 0.9994 | tau+ 0.500
[OUTPOST-v4] epoch 246: test-all ROC 0.7469 PR 0.5734 | unseen ROC 0.6954 PR 0.4173 | valAUC 0.9986 | tau+ 0.500
[OUTPOST-v4] epoch 247: test-all ROC 0.7508 PR 0.5774 | unseen ROC 0.6999 PR 0.4205 | valAUC 1.0000 | tau+ 0.500
[OUTPOST-v4] epoch 248: test-all ROC 0.7553 PR 0.5843 | unseen ROC 0.7048 PR 0.4279 | valAUC 0.9713 | tau+ 0.500
[OUTPOST-v4] epoch 249: test-all ROC 0.7593 PR 0.5846 | unseen ROC 0.7100 PR 0.4276 | valAUC 1.0000 | tau+ 0.500
[OUTPOST-v4] epoch 250: test-all ROC 0.7635 PR 0.5929 | unseen ROC 0.7142 PR 0.4390 | valAUC 0.9997 | tau+ 0.500
[OUTPOST-v4] epoch 251: test-all ROC 0.7735 PR 0.5969 | unseen ROC 0.7269 PR 0.4415 | valAUC 0.9997 | tau+ 0.500
[OUTPOST-v4] epoch 252: test-all ROC 0.7695 PR 0.5952 | unseen ROC 0.7213 PR 0.4403 | valAUC 0.9997 | tau+ 0.500
[OUTPOST-v4] epoch 253: test-all ROC 0.7685 PR 0.5954 | unseen ROC 0.7204 PR 0.4404 | valAUC 1.0000 | tau+ 0.500
[OUTPOST-v4] epoch 254: test-all ROC 0.7666 PR 0.5928 | unseen ROC 0.7182 PR 0.4376 | valAUC 1.0000 | tau+ 0.500
[OUTPOST-v4] epoch 255: test-all ROC 0.7701 PR 0.5980 | unseen ROC 0.7224 PR 0.4456 | valAUC 1.0000 | tau+ 0.500
[OUTPOST-v4] epoch 256: test-all ROC 0.7666 PR 0.6015 | unseen ROC 0.7184 PR 0.4489 | valAUC 1.0000 | tau+ 0.500
[OUTPOST-v4] epoch 257: test-all ROC 0.7659 PR 0.5998 | unseen ROC 0.7174 PR 0.4485 | valAUC 1.0000 | tau+ 0.500
[OUTPOST-v4] epoch 258: test-all ROC 0.7646 PR 0.5987 | unseen ROC 0.7168 PR 0.4488 | valAUC 0.9997 | tau+ 0.500
[OUTPOST-v4] epoch 259: test-all ROC 0.7660 PR 0.6050 | unseen ROC 0.7177 PR 0.4566 | valAUC 0.9753 | tau+ 0.500
[OUTPOST-v4] epoch 260: test-all ROC 0.7695 PR 0.6086 | unseen ROC 0.7221 PR 0.4620 | valAUC 0.9997 | tau+ 0.500
[OUTPOST-v4] epoch 261: test-all ROC 0.7706 PR 0.6111 | unseen ROC 0.7231 PR 0.4657 | valAUC 1.0000 | tau+ 0.500
[OUTPOST-v4] epoch 262: test-all ROC 0.7755 PR 0.6151 | unseen ROC 0.7294 PR 0.4707 | valAUC 0.9994 | tau+ 0.500
[OUTPOST-v4] epoch 263: test-all ROC 0.7758 PR 0.6203 | unseen ROC 0.7298 PR 0.4783 | valAUC 0.9977 | tau+ 0.500
[OUTPOST-v4] epoch 264: test-all ROC 0.7793 PR 0.6234 | unseen ROC 0.7336 PR 0.4826 | valAUC 1.0000 | tau+ 0.500
[OUTPOST-v4] epoch 265: test-all ROC 0.7851 PR 0.6251 | unseen ROC 0.7407 PR 0.4845 | valAUC 0.9739 | tau+ 0.500
[OUTPOST-v4] epoch 266: test-all ROC 0.7824 PR 0.6264 | unseen ROC 0.7372 PR 0.4859 | valAUC 0.9983 | tau+ 0.500
[OUTPOST-v4] epoch 267: test-all ROC 0.7736 PR 0.6205 | unseen ROC 0.7263 PR 0.4788 | valAUC 0.9994 | tau+ 0.500
[OUTPOST-v4] epoch 268: test-all ROC 0.7715 PR 0.6174 | unseen ROC 0.7244 PR 0.4742 | valAUC 0.9802 | tau+ 0.500
[OUTPOST-v4] epoch 269: test-all ROC 0.7634 PR 0.6099 | unseen ROC 0.7141 PR 0.4660 | valAUC 0.9994 | tau+ 0.500
[OUTPOST-v4] epoch 270: test-all ROC 0.7632 PR 0.6055 | unseen ROC 0.7147 PR 0.4607 | valAUC 1.0000 | tau+ 0.500
[OUTPOST-v4] epoch 271: test-all ROC 0.7612 PR 0.6061 | unseen ROC 0.7117 PR 0.4608 | valAUC 1.0000 | tau+ 0.500
[OUTPOST-v4] epoch 272: test-all ROC 0.7654 PR 0.6115 | unseen ROC 0.7174 PR 0.4680 | valAUC 1.0000 | tau+ 0.500
[OUTPOST-v4] epoch 273: test-all ROC 0.7676 PR 0.6135 | unseen ROC 0.7201 PR 0.4723 | valAUC 1.0000 | tau+ 0.500
[OUTPOST-v4] epoch 274: test-all ROC 0.7729 PR 0.6166 | unseen ROC 0.7262 PR 0.4726 | valAUC 1.0000 | tau+ 0.500
[OUTPOST-v4] epoch 275: test-all ROC 0.7789 PR 0.6255 | unseen ROC 0.7331 PR 0.4837 | valAUC 0.9997 | tau+ 0.500
[OUTPOST-v4] epoch 276: test-all ROC 0.7745 PR 0.6211 | unseen ROC 0.7275 PR 0.4806 | valAUC 0.9994 | tau+ 0.500
[OUTPOST-v4] epoch 277: test-all ROC 0.7706 PR 0.6207 | unseen ROC 0.7232 PR 0.4799 | valAUC 0.9994 | tau+ 0.500
[OUTPOST-v4] epoch 278: test-all ROC 0.7674 PR 0.6149 | unseen ROC 0.7202 PR 0.4733 | valAUC 0.9779 | tau+ 0.500
[OUTPOST-v4] epoch 279: test-all ROC 0.7673 PR 0.6178 | unseen ROC 0.7188 PR 0.4766 | valAUC 1.0000 | tau+ 0.500
[OUTPOST-v4] epoch 280: test-all ROC 0.7656 PR 0.6121 | unseen ROC 0.7174 PR 0.4698 | valAUC 1.0000 | tau+ 0.500
[OUTPOST-v4] epoch 281: test-all ROC 0.7640 PR 0.6162 | unseen ROC 0.7155 PR 0.4764 | valAUC 1.0000 | tau+ 0.500
[OUTPOST-v4] epoch 282: test-all ROC 0.7660 PR 0.6197 | unseen ROC 0.7180 PR 0.4816 | valAUC 0.9997 | tau+ 0.500
[OUTPOST-v4] epoch 283: test-all ROC 0.7700 PR 0.6236 | unseen ROC 0.7226 PR 0.4852 | valAUC 0.9741 | tau+ 0.500
[OUTPOST-v4] epoch 284: test-all ROC 0.7760 PR 0.6306 | unseen ROC 0.7291 PR 0.4952 | valAUC 0.9891 | tau+ 0.500
[OUTPOST-v4] epoch 285: test-all ROC 0.7787 PR 0.6284 | unseen ROC 0.7333 PR 0.4935 | valAUC 0.9989 | tau+ 0.500
[OUTPOST-v4] epoch 286: test-all ROC 0.7827 PR 0.6364 | unseen ROC 0.7372 PR 0.5021 | valAUC 0.9793 | tau+ 0.500
[OUTPOST-v4] epoch 287: test-all ROC 0.7883 PR 0.6365 | unseen ROC 0.7446 PR 0.5029 | valAUC 0.9980 | tau+ 0.500
[OUTPOST-v4] epoch 288: test-all ROC 0.7867 PR 0.6378 | unseen ROC 0.7423 PR 0.5027 | valAUC 0.9983 | tau+ 0.500
[OUTPOST-v4] epoch 289: test-all ROC 0.7843 PR 0.6369 | unseen ROC 0.7393 PR 0.5018 | valAUC 0.9793 | tau+ 0.500
[OUTPOST-v4] epoch 290: test-all ROC 0.7834 PR 0.6353 | unseen ROC 0.7385 PR 0.5002 | valAUC 0.9994 | tau+ 0.500
[OUTPOST-v4] epoch 291: test-all ROC 0.7860 PR 0.6345 | unseen ROC 0.7421 PR 0.5012 | valAUC 0.9968 | tau+ 0.500
[OUTPOST-v4] epoch 292: test-all ROC 0.7904 PR 0.6430 | unseen ROC 0.7476 PR 0.5121 | valAUC 0.9991 | tau+ 0.500
[OUTPOST-v4] epoch 293: test-all ROC 0.7912 PR 0.6456 | unseen ROC 0.7484 PR 0.5143 | valAUC 0.9828 | tau+ 0.500
[OUTPOST-v4] epoch 294: test-all ROC 0.7895 PR 0.6445 | unseen ROC 0.7468 PR 0.5146 | valAUC 0.9983 | tau+ 0.500
[OUTPOST-v4] epoch 295: test-all ROC 0.7935 PR 0.6465 | unseen ROC 0.7506 PR 0.5161 | valAUC 0.9986 | tau+ 0.500
[OUTPOST-v4] epoch 296: test-all ROC 0.7926 PR 0.6496 | unseen ROC 0.7495 PR 0.5216 | valAUC 0.9986 | tau+ 0.500
[OUTPOST-v4] epoch 297: test-all ROC 0.7883 PR 0.6463 | unseen ROC 0.7441 PR 0.5173 | valAUC 0.9989 | tau+ 0.500
[OUTPOST-v4] epoch 298: test-all ROC 0.7906 PR 0.6500 | unseen ROC 0.7465 PR 0.5233 | valAUC 0.9997 | tau+ 0.500
[OUTPOST-v4] epoch 299: test-all ROC 0.7903 PR 0.6486 | unseen ROC 0.7465 PR 0.5211 | valAUC 0.9989 | tau+ 0.500
[OUTPOST-v4] epoch 300: test-all ROC 0.7915 PR 0.6518 | unseen ROC 0.7482 PR 0.5252 | valAUC 0.9974 | tau+ 0.500
[OUTPOST-v4] epoch 301: test-all ROC 0.7846 PR 0.6493 | unseen ROC 0.7398 PR 0.5217 | valAUC 0.9968 | tau+ 0.500
[OUTPOST-v4] epoch 302: test-all ROC 0.7721 PR 0.6335 | unseen ROC 0.7253 PR 0.5032 | valAUC 0.9816 | tau+ 0.500
[OUTPOST-v4] epoch 303: test-all ROC 0.7682 PR 0.6245 | unseen ROC 0.7207 PR 0.4920 | valAUC 0.9989 | tau+ 0.500
[OUTPOST-v4] epoch 304: test-all ROC 0.7653 PR 0.6234 | unseen ROC 0.7169 PR 0.4890 | valAUC 0.9983 | tau+ 0.500
[OUTPOST-v4] epoch 305: test-all ROC 0.7619 PR 0.6221 | unseen ROC 0.7136 PR 0.4888 | valAUC 0.9750 | tau+ 0.500
[OUTPOST-v4] epoch 306: test-all ROC 0.7701 PR 0.6341 | unseen ROC 0.7232 PR 0.5022 | valAUC 0.9997 | tau+ 0.500
[OUTPOST-v4] epoch 307: test-all ROC 0.7796 PR 0.6421 | unseen ROC 0.7340 PR 0.5138 | valAUC 1.0000 | tau+ 0.500
[OUTPOST-v4] epoch 308: test-all ROC 0.7861 PR 0.6377 | unseen ROC 0.7426 PR 0.5068 | valAUC 0.9991 | tau+ 0.500
[OUTPOST-v4] epoch 309: test-all ROC 0.7871 PR 0.6364 | unseen ROC 0.7427 PR 0.5014 | valAUC 0.9951 | tau+ 0.500
[OUTPOST-v4] epoch 310: test-all ROC 0.7817 PR 0.6320 | unseen ROC 0.7368 PR 0.4965 | valAUC 0.9986 | tau+ 0.500
[OUTPOST-v4] epoch 311: test-all ROC 0.7713 PR 0.6298 | unseen ROC 0.7247 PR 0.4978 | valAUC 0.9997 | tau+ 0.500
[OUTPOST-v4] epoch 312: test-all ROC 0.7683 PR 0.6274 | unseen ROC 0.7205 PR 0.4935 | valAUC 0.9744 | tau+ 0.500
[OUTPOST-v4] epoch 313: test-all ROC 0.7613 PR 0.6216 | unseen ROC 0.7136 PR 0.4892 | valAUC 1.0000 | tau+ 0.500
[OUTPOST-v4] epoch 314: test-all ROC 0.7633 PR 0.6211 | unseen ROC 0.7152 PR 0.4879 | valAUC 0.9784 | tau+ 0.500
[OUTPOST-v4] epoch 315: test-all ROC 0.7652 PR 0.6274 | unseen ROC 0.7177 PR 0.4944 | valAUC 0.9799 | tau+ 0.500
[OUTPOST-v4] epoch 316: test-all ROC 0.7711 PR 0.6379 | unseen ROC 0.7234 PR 0.5077 | valAUC 1.0000 | tau+ 0.500
[OUTPOST-v4] epoch 317: test-all ROC 0.7792 PR 0.6441 | unseen ROC 0.7334 PR 0.5165 | valAUC 0.9997 | tau+ 0.500
[OUTPOST-v4] epoch 318: test-all ROC 0.7878 PR 0.6525 | unseen ROC 0.7435 PR 0.5274 | valAUC 0.9989 | tau+ 0.500
[OUTPOST-v4] epoch 319: test-all ROC 0.7921 PR 0.6542 | unseen ROC 0.7490 PR 0.5297 | valAUC 0.9830 | tau+ 0.500
[OUTPOST-v4] epoch 320: test-all ROC 0.7969 PR 0.6575 | unseen ROC 0.7547 PR 0.5337 | valAUC 0.9974 | tau+ 0.500
[OUTPOST-v4] epoch 321: test-all ROC 0.7993 PR 0.6595 | unseen ROC 0.7583 PR 0.5361 | valAUC 0.9994 | tau+ 0.500
[OUTPOST-v4] epoch 322: test-all ROC 0.7949 PR 0.6550 | unseen ROC 0.7529 PR 0.5315 | valAUC 1.0000 | tau+ 0.500
[OUTPOST-v4] epoch 323: test-all ROC 0.7886 PR 0.6315 | unseen ROC 0.7453 PR 0.4984 | valAUC 0.9994 | tau+ 0.500
[OUTPOST-v4] epoch 324: test-all ROC 0.7815 PR 0.6272 | unseen ROC 0.7370 PR 0.4950 | valAUC 0.9989 | tau+ 0.500
[OUTPOST-v4] epoch 325: test-all ROC 0.7825 PR 0.6390 | unseen ROC 0.7384 PR 0.5097 | valAUC 0.9989 | tau+ 0.500
[OUTPOST-v4] epoch 326: test-all ROC 0.7860 PR 0.6510 | unseen ROC 0.7419 PR 0.5263 | valAUC 0.9994 | tau+ 0.500
[OUTPOST-v4] epoch 327: test-all ROC 0.7848 PR 0.6439 | unseen ROC 0.7407 PR 0.5144 | valAUC 0.9991 | tau+ 0.500
[OUTPOST-v4] epoch 328: test-all ROC 0.7805 PR 0.6351 | unseen ROC 0.7357 PR 0.5034 | valAUC 0.9986 | tau+ 0.500
[OUTPOST-v4] epoch 329: test-all ROC 0.7793 PR 0.6288 | unseen ROC 0.7342 PR 0.4954 | valAUC 0.9974 | tau+ 0.500
[OUTPOST-v4] epoch 330: test-all ROC 0.7792 PR 0.6226 | unseen ROC 0.7333 PR 0.4828 | valAUC 0.9957 | tau+ 0.500
[OUTPOST-v4] epoch 331: test-all ROC 0.7743 PR 0.6222 | unseen ROC 0.7282 PR 0.4858 | valAUC 0.9960 | tau+ 0.500
[OUTPOST-v4] epoch 332: test-all ROC 0.7683 PR 0.6141 | unseen ROC 0.7207 PR 0.4756 | valAUC 0.9868 | tau+ 0.500
[OUTPOST-v4] epoch 333: test-all ROC 0.7632 PR 0.6114 | unseen ROC 0.7152 PR 0.4735 | valAUC 0.9971 | tau+ 0.500
[OUTPOST-v4] epoch 334: test-all ROC 0.7617 PR 0.6129 | unseen ROC 0.7136 PR 0.4765 | valAUC 0.9825 | tau+ 0.500
[OUTPOST-v4] epoch 335: test-all ROC 0.7648 PR 0.6195 | unseen ROC 0.7171 PR 0.4852 | valAUC 0.9974 | tau+ 0.500
[OUTPOST-v4] epoch 336: test-all ROC 0.7690 PR 0.6274 | unseen ROC 0.7215 PR 0.4965 | valAUC 0.9966 | tau+ 0.500
[OUTPOST-v4] epoch 337: test-all ROC 0.7768 PR 0.6369 | unseen ROC 0.7303 PR 0.5081 | valAUC 0.9891 | tau+ 0.500
[OUTPOST-v4] epoch 338: test-all ROC 0.7841 PR 0.6442 | unseen ROC 0.7391 PR 0.5188 | valAUC 0.9871 | tau+ 0.500
[OUTPOST-v4] epoch 339: test-all ROC 0.7874 PR 0.6435 | unseen ROC 0.7434 PR 0.5182 | valAUC 0.9951 | tau+ 0.500
[OUTPOST-v4] epoch 340: test-all ROC 0.7850 PR 0.6482 | unseen ROC 0.7409 PR 0.5266 | valAUC 0.9971 | tau+ 0.500
[OUTPOST-v4] epoch 341: test-all ROC 0.7834 PR 0.6509 | unseen ROC 0.7387 PR 0.5295 | valAUC 0.9966 | tau+ 0.500
[OUTPOST-v4] epoch 342: test-all ROC 0.7849 PR 0.6534 | unseen ROC 0.7405 PR 0.5335 | valAUC 0.9960 | tau+ 0.500
[OUTPOST-v4] epoch 343: test-all ROC 0.7882 PR 0.6517 | unseen ROC 0.7443 PR 0.5289 | valAUC 0.9957 | tau+ 0.500
[OUTPOST-v4] epoch 344: test-all ROC 0.7916 PR 0.6508 | unseen ROC 0.7484 PR 0.5279 | valAUC 0.9968 | tau+ 0.500
[OUTPOST-v4] epoch 345: test-all ROC 0.7902 PR 0.6469 | unseen ROC 0.7470 PR 0.5227 | valAUC 0.9971 | tau+ 0.500
[OUTPOST-v4] epoch 346: test-all ROC 0.7893 PR 0.6448 | unseen ROC 0.7455 PR 0.5202 | valAUC 0.9963 | tau+ 0.500
[OUTPOST-v4] epoch 347: test-all ROC 0.7934 PR 0.6513 | unseen ROC 0.7509 PR 0.5291 | valAUC 0.9977 | tau+ 0.500
[OUTPOST-v4] epoch 348: test-all ROC 0.7863 PR 0.6468 | unseen ROC 0.7424 PR 0.5201 | valAUC 0.9977 | tau+ 0.500
[OUTPOST-v4] epoch 349: test-all ROC 0.7802 PR 0.6453 | unseen ROC 0.7344 PR 0.5207 | valAUC 0.9989 | tau+ 0.500
[OUTPOST-v4] epoch 350: test-all ROC 0.7788 PR 0.6475 | unseen ROC 0.7334 PR 0.5245 | valAUC 0.9991 | tau+ 0.500
[OUTPOST-v4] epoch 351: test-all ROC 0.7772 PR 0.6501 | unseen ROC 0.7311 PR 0.5301 | valAUC 0.9931 | tau+ 0.500
[OUTPOST-v4] epoch 352: test-all ROC 0.7778 PR 0.6490 | unseen ROC 0.7315 PR 0.5261 | valAUC 0.9991 | tau+ 0.500
[OUTPOST-v4] epoch 353: test-all ROC 0.7809 PR 0.6583 | unseen ROC 0.7357 PR 0.5404 | valAUC 0.9968 | tau+ 0.500
[OUTPOST-v4] epoch 354: test-all ROC 0.7895 PR 0.6614 | unseen ROC 0.7461 PR 0.5451 | valAUC 0.9977 | tau+ 0.500
[OUTPOST-v4] epoch 355: test-all ROC 0.7982 PR 0.6676 | unseen ROC 0.7566 PR 0.5528 | valAUC 0.9966 | tau+ 0.500
[OUTPOST-v4] epoch 356: test-all ROC 0.7915 PR 0.6624 | unseen ROC 0.7483 PR 0.5459 | valAUC 0.9968 | tau+ 0.500
[OUTPOST-v4] epoch 357: test-all ROC 0.7872 PR 0.6622 | unseen ROC 0.7431 PR 0.5462 | valAUC 0.9986 | tau+ 0.500
[OUTPOST-v4] epoch 358: test-all ROC 0.7905 PR 0.6670 | unseen ROC 0.7476 PR 0.5540 | valAUC 0.9991 | tau+ 0.500
[OUTPOST-v4] epoch 359: test-all ROC 0.7879 PR 0.6649 | unseen ROC 0.7446 PR 0.5497 | valAUC 0.9991 | tau+ 0.500
[OUTPOST-v4] epoch 360: test-all ROC 0.7879 PR 0.6665 | unseen ROC 0.7438 PR 0.5506 | valAUC 0.9989 | tau+ 0.500
[OUTPOST-v4] epoch 361: test-all ROC 0.7959 PR 0.6734 | unseen ROC 0.7542 PR 0.5604 | valAUC 0.9787 | tau+ 0.500
[OUTPOST-v4] epoch 362: test-all ROC 0.7981 PR 0.6707 | unseen ROC 0.7566 PR 0.5549 | valAUC 0.9879 | tau+ 0.500
[OUTPOST-v4] epoch 363: test-all ROC 0.8075 PR 0.6779 | unseen ROC 0.7687 PR 0.5660 | valAUC 0.9966 | tau+ 0.500
[OUTPOST-v4] epoch 364: test-all ROC 0.8095 PR 0.6787 | unseen ROC 0.7705 PR 0.5664 | valAUC 0.9966 | tau+ 0.500
[OUTPOST-v4] epoch 365: test-all ROC 0.8050 PR 0.6806 | unseen ROC 0.7650 PR 0.5695 | valAUC 0.9989 | tau+ 0.500
[OUTPOST-v4] epoch 366: test-all ROC 0.8019 PR 0.6818 | unseen ROC 0.7610 PR 0.5726 | valAUC 0.9819 | tau+ 0.500
[OUTPOST-v4] epoch 367: test-all ROC 0.8033 PR 0.6817 | unseen ROC 0.7624 PR 0.5713 | valAUC 0.9994 | tau+ 0.500
[OUTPOST-v4] epoch 368: test-all ROC 0.8062 PR 0.6844 | unseen ROC 0.7665 PR 0.5773 | valAUC 0.9741 | tau+ 0.500
[OUTPOST-v4] epoch 369: test-all ROC 0.8087 PR 0.6867 | unseen ROC 0.7691 PR 0.5794 | valAUC 0.9989 | tau+ 0.500
[OUTPOST-v4] epoch 370: test-all ROC 0.8076 PR 0.6883 | unseen ROC 0.7676 PR 0.5808 | valAUC 0.9989 | tau+ 0.500
[OUTPOST-v4] epoch 371: test-all ROC 0.8092 PR 0.6886 | unseen ROC 0.7698 PR 0.5835 | valAUC 0.9986 | tau+ 0.500
[OUTPOST-v4] epoch 372: test-all ROC 0.8091 PR 0.6854 | unseen ROC 0.7703 PR 0.5796 | valAUC 0.9983 | tau+ 0.500
[OUTPOST-v4] epoch 373: test-all ROC 0.8046 PR 0.6858 | unseen ROC 0.7646 PR 0.5799 | valAUC 0.9991 | tau+ 0.500
[OUTPOST-v4] epoch 374: test-all ROC 0.8060 PR 0.6858 | unseen ROC 0.7665 PR 0.5817 | valAUC 0.9963 | tau+ 0.500
[OUTPOST-v4] epoch 375: test-all ROC 0.8136 PR 0.6912 | unseen ROC 0.7750 PR 0.5887 | valAUC 0.9974 | tau+ 0.500
[OUTPOST-v4] epoch 376: test-all ROC 0.8136 PR 0.6938 | unseen ROC 0.7753 PR 0.5911 | valAUC 0.9951 | tau+ 0.500
[OUTPOST-v4] epoch 377: test-all ROC 0.8067 PR 0.6925 | unseen ROC 0.7669 PR 0.5897 | valAUC 0.9966 | tau+ 0.500
[OUTPOST-v4] epoch 378: test-all ROC 0.7971 PR 0.6856 | unseen ROC 0.7552 PR 0.5800 | valAUC 0.9977 | tau+ 0.500
[OUTPOST-v4] epoch 379: test-all ROC 0.7959 PR 0.6851 | unseen ROC 0.7542 PR 0.5801 | valAUC 0.9966 | tau+ 0.500
[OUTPOST-v4] epoch 380: test-all ROC 0.7965 PR 0.6841 | unseen ROC 0.7544 PR 0.5772 | valAUC 0.9963 | tau+ 0.500
[OUTPOST-v4] epoch 381: test-all ROC 0.7948 PR 0.6799 | unseen ROC 0.7532 PR 0.5729 | valAUC 0.9968 | tau+ 0.500
[OUTPOST-v4] epoch 382: test-all ROC 0.7921 PR 0.6807 | unseen ROC 0.7504 PR 0.5745 | valAUC 0.9974 | tau+ 0.500
[OUTPOST-v4] epoch 383: test-all ROC 0.7946 PR 0.6796 | unseen ROC 0.7525 PR 0.5714 | valAUC 0.9977 | tau+ 0.500
[OUTPOST-v4] epoch 384: test-all ROC 0.7886 PR 0.6779 | unseen ROC 0.7459 PR 0.5705 | valAUC 0.9954 | tau+ 0.500
[OUTPOST-v4] epoch 385: test-all ROC 0.7951 PR 0.6850 | unseen ROC 0.7531 PR 0.5812 | valAUC 0.9977 | tau+ 0.500
[OUTPOST-v4] epoch 386: test-all ROC 0.7969 PR 0.6927 | unseen ROC 0.7555 PR 0.5907 | valAUC 0.9925 | tau+ 0.500
[OUTPOST-v4] epoch 387: test-all ROC 0.8030 PR 0.6977 | unseen ROC 0.7625 PR 0.5990 | valAUC 0.9966 | tau+ 0.500
[OUTPOST-v4] epoch 388: test-all ROC 0.8104 PR 0.7016 | unseen ROC 0.7711 PR 0.6028 | valAUC 0.9951 | tau+ 0.500
[OUTPOST-v4] epoch 389: test-all ROC 0.8239 PR 0.7064 | unseen ROC 0.7870 PR 0.6089 | valAUC 0.9922 | tau+ 0.500
[OUTPOST-v4] epoch 390: test-all ROC 0.8222 PR 0.7053 | unseen ROC 0.7853 PR 0.6084 | valAUC 0.9937 | tau+ 0.500
[OUTPOST-v4] epoch 391: test-all ROC 0.8216 PR 0.7032 | unseen ROC 0.7850 PR 0.6047 | valAUC 0.9945 | tau+ 0.500
[OUTPOST-v4] epoch 392: test-all ROC 0.8219 PR 0.6990 | unseen ROC 0.7852 PR 0.5993 | valAUC 0.9957 | tau+ 0.500
[OUTPOST-v4] epoch 393: test-all ROC 0.8229 PR 0.7061 | unseen ROC 0.7862 PR 0.6090 | valAUC 0.9948 | tau+ 0.500
[OUTPOST-v4] epoch 394: test-all ROC 0.8284 PR 0.7072 | unseen ROC 0.7938 PR 0.6106 | valAUC 0.9940 | tau+ 0.500
[OUTPOST-v4] epoch 395: test-all ROC 0.8233 PR 0.7071 | unseen ROC 0.7870 PR 0.6095 | valAUC 0.9963 | tau+ 0.500
[OUTPOST-v4] epoch 396: test-all ROC 0.8184 PR 0.7011 | unseen ROC 0.7806 PR 0.6026 | valAUC 0.9839 | tau+ 0.500
[OUTPOST-v4] epoch 397: test-all ROC 0.8205 PR 0.7032 | unseen ROC 0.7838 PR 0.6051 | valAUC 0.9971 | tau+ 0.500
[OUTPOST-v4] epoch 398: test-all ROC 0.8175 PR 0.7083 | unseen ROC 0.7794 PR 0.6109 | valAUC 0.9968 | tau+ 0.500
[OUTPOST-v4] epoch 399: test-all ROC 0.8218 PR 0.7053 | unseen ROC 0.7855 PR 0.6100 | valAUC 0.9980 | tau+ 0.500
  rotation 0: ROC 0.8284 PR 0.7083
[computers] params 116929, peak GPU 4.62 GB, 23.4 min total
[computers] ran 1/5 rotations; no results.csv row written. Merge the shards with:
    python analysis/scripts/merge_rotations.py
