# gpu=4 cmd=/usr/bin/python3 -u main.py --dataset computers --seed 0 --method outpost --tag E400_T_hidden32 --rotations 6 --set hidden_dim=32 num_epochs=400 --save-scores
/nas/home/jahin/.local/lib/python3.10/site-packages/requests/__init__.py:113: RequestsDependencyWarning: urllib3 (1.26.5) or chardet (7.2.0)/charset_normalizer (3.4.4) doesn't match a supported version!
  warnings.warn(
[0.03170448 0.15575916 0.10282141 0.03941245 0.37507272 0.02239674
 0.03541303 0.05948226 0.1567772  0.02116056]
[computers] anomaly classes (rotations): [np.int64(0), np.int64(3), np.int64(5), np.int64(6), np.int64(9)]
[computers] running subset: [np.int64(6)]
Normal classes: [np.int64(1), np.int64(2), np.int64(4), np.int64(7), np.int64(8)] in computers
Building multi-layer GraphSage
[OUTPOST-v4] epoch 0: test-all ROC 0.4513 PR 0.1371 | unseen ROC 0.5066 PR 0.1250 | valAUC 0.1670 | tau+ 0.500
[OUTPOST-v4] epoch 1: test-all ROC 0.4581 PR 0.1391 | unseen ROC 0.5188 PR 0.1283 | valAUC 0.1319 | tau+ 0.500
[OUTPOST-v4] epoch 2: test-all ROC 0.4591 PR 0.1396 | unseen ROC 0.5208 PR 0.1290 | valAUC 0.1270 | tau+ 0.500
[OUTPOST-v4] epoch 3: test-all ROC 0.4602 PR 0.1402 | unseen ROC 0.5202 PR 0.1293 | valAUC 0.1468 | tau+ 0.500
[OUTPOST-v4] epoch 4: test-all ROC 0.4588 PR 0.1388 | unseen ROC 0.5188 PR 0.1278 | valAUC 0.1529 | tau+ 0.500
[OUTPOST-v4] epoch 5: test-all ROC 0.4610 PR 0.1401 | unseen ROC 0.5213 PR 0.1294 | valAUC 0.1497 | tau+ 0.500
[OUTPOST-v4] epoch 6: test-all ROC 0.4668 PR 0.1414 | unseen ROC 0.5281 PR 0.1308 | valAUC 0.1624 | tau+ 0.500
[OUTPOST-v4] epoch 7: test-all ROC 0.4696 PR 0.1426 | unseen ROC 0.5327 PR 0.1324 | valAUC 0.1391 | tau+ 0.500
[OUTPOST-v4] epoch 8: test-all ROC 0.4707 PR 0.1429 | unseen ROC 0.5334 PR 0.1325 | valAUC 0.1534 | tau+ 0.500
[OUTPOST-v4] epoch 9: test-all ROC 0.4780 PR 0.1451 | unseen ROC 0.5419 PR 0.1349 | valAUC 0.1566 | tau+ 0.500
[OUTPOST-v4] epoch 10: test-all ROC 0.4812 PR 0.1473 | unseen ROC 0.5454 PR 0.1367 | valAUC 0.1759 | tau+ 0.500
[OUTPOST-v4] epoch 11: test-all ROC 0.4904 PR 0.1493 | unseen ROC 0.5521 PR 0.1388 | valAUC 0.2040 | tau+ 0.500
[OUTPOST-v4] epoch 12: test-all ROC 0.5115 PR 0.1545 | unseen ROC 0.5635 PR 0.1415 | valAUC 0.3172 | tau+ 0.500
[OUTPOST-v4] epoch 13: test-all ROC 0.5219 PR 0.1624 | unseen ROC 0.5486 PR 0.1433 | valAUC 0.4578 | tau+ 0.500
[OUTPOST-v4] epoch 14: test-all ROC 0.5345 PR 0.1692 | unseen ROC 0.5238 PR 0.1389 | valAUC 0.6333 | tau+ 0.500
[OUTPOST-v4] epoch 15: test-all ROC 0.5389 PR 0.1743 | unseen ROC 0.4986 PR 0.1293 | valAUC 0.7790 | tau+ 0.500
[OUTPOST-v4] epoch 16: test-all ROC 0.5374 PR 0.1734 | unseen ROC 0.4863 PR 0.1194 | valAUC 0.8302 | tau+ 0.500
[OUTPOST-v4] epoch 17: test-all ROC 0.5379 PR 0.1783 | unseen ROC 0.4827 PR 0.1173 | valAUC 0.8394 | tau+ 0.500
[OUTPOST-v4] epoch 18: test-all ROC 0.5348 PR 0.1769 | unseen ROC 0.4764 PR 0.1151 | valAUC 0.8583 | tau+ 0.500
[OUTPOST-v4] epoch 19: test-all ROC 0.5347 PR 0.1789 | unseen ROC 0.4742 PR 0.1144 | valAUC 0.8658 | tau+ 0.500
[OUTPOST-v4] epoch 20: test-all ROC 0.5330 PR 0.1781 | unseen ROC 0.4710 PR 0.1133 | valAUC 0.8560 | tau+ 0.500
[OUTPOST-v4] epoch 21: test-all ROC 0.5318 PR 0.1785 | unseen ROC 0.4661 PR 0.1121 | valAUC 0.8756 | tau+ 0.500
[OUTPOST-v4] epoch 22: test-all ROC 0.5304 PR 0.1793 | unseen ROC 0.4635 PR 0.1118 | valAUC 0.8736 | tau+ 0.500
[OUTPOST-v4] epoch 23: test-all ROC 0.5276 PR 0.1770 | unseen ROC 0.4599 PR 0.1106 | valAUC 0.8730 | tau+ 0.500
[OUTPOST-v4] epoch 24: test-all ROC 0.5357 PR 0.1795 | unseen ROC 0.4698 PR 0.1131 | valAUC 0.8736 | tau+ 0.500
[OUTPOST-v4] epoch 25: test-all ROC 0.5337 PR 0.1782 | unseen ROC 0.4678 PR 0.1130 | valAUC 0.8790 | tau+ 0.500
[OUTPOST-v4] epoch 26: test-all ROC 0.5363 PR 0.1786 | unseen ROC 0.4701 PR 0.1133 | valAUC 0.8784 | tau+ 0.500
[OUTPOST-v4] epoch 27: test-all ROC 0.5363 PR 0.1802 | unseen ROC 0.4693 PR 0.1131 | valAUC 0.8888 | tau+ 0.500
[OUTPOST-v4] epoch 28: test-all ROC 0.5409 PR 0.1822 | unseen ROC 0.4749 PR 0.1144 | valAUC 0.8848 | tau+ 0.500
[OUTPOST-v4] epoch 29: test-all ROC 0.5424 PR 0.1833 | unseen ROC 0.4766 PR 0.1147 | valAUC 0.8764 | tau+ 0.500
[OUTPOST-v4] epoch 30: test-all ROC 0.5435 PR 0.1838 | unseen ROC 0.4783 PR 0.1150 | valAUC 0.8790 | tau+ 0.500
[OUTPOST-v4] epoch 31: test-all ROC 0.5454 PR 0.1849 | unseen ROC 0.4785 PR 0.1152 | valAUC 0.8836 | tau+ 0.500
[OUTPOST-v4] epoch 32: test-all ROC 0.5505 PR 0.1903 | unseen ROC 0.4839 PR 0.1169 | valAUC 0.8945 | tau+ 0.500
[OUTPOST-v4] epoch 33: test-all ROC 0.5524 PR 0.1924 | unseen ROC 0.4864 PR 0.1170 | valAUC 0.8899 | tau+ 0.500
[OUTPOST-v4] epoch 34: test-all ROC 0.5545 PR 0.1938 | unseen ROC 0.4885 PR 0.1175 | valAUC 0.8874 | tau+ 0.500
[OUTPOST-v4] epoch 35: test-all ROC 0.5544 PR 0.1947 | unseen ROC 0.4859 PR 0.1170 | valAUC 0.9006 | tau+ 0.500
[OUTPOST-v4] epoch 36: test-all ROC 0.5598 PR 0.1977 | unseen ROC 0.4894 PR 0.1181 | valAUC 0.8966 | tau+ 0.500
[OUTPOST-v4] epoch 37: test-all ROC 0.5592 PR 0.1990 | unseen ROC 0.4901 PR 0.1183 | valAUC 0.8989 | tau+ 0.500
[OUTPOST-v4] epoch 38: test-all ROC 0.5614 PR 0.2005 | unseen ROC 0.4942 PR 0.1193 | valAUC 0.8899 | tau+ 0.500
[OUTPOST-v4] epoch 39: test-all ROC 0.5621 PR 0.2001 | unseen ROC 0.4951 PR 0.1197 | valAUC 0.8891 | tau+ 0.500
[OUTPOST-v4] epoch 40: test-all ROC 0.5642 PR 0.1993 | unseen ROC 0.4969 PR 0.1197 | valAUC 0.8833 | tau+ 0.500
[OUTPOST-v4] epoch 41: test-all ROC 0.5654 PR 0.1986 | unseen ROC 0.4980 PR 0.1198 | valAUC 0.8943 | tau+ 0.500
[OUTPOST-v4] epoch 42: test-all ROC 0.5667 PR 0.1984 | unseen ROC 0.4989 PR 0.1203 | valAUC 0.8934 | tau+ 0.500
[OUTPOST-v4] epoch 43: test-all ROC 0.5671 PR 0.1962 | unseen ROC 0.4985 PR 0.1201 | valAUC 0.8960 | tau+ 0.500
[OUTPOST-v4] epoch 44: test-all ROC 0.5684 PR 0.1974 | unseen ROC 0.4995 PR 0.1203 | valAUC 0.9043 | tau+ 0.500
[OUTPOST-v4] epoch 45: test-all ROC 0.5718 PR 0.1968 | unseen ROC 0.5039 PR 0.1217 | valAUC 0.9020 | tau+ 0.500
[OUTPOST-v4] epoch 46: test-all ROC 0.5723 PR 0.2013 | unseen ROC 0.5033 PR 0.1215 | valAUC 0.9075 | tau+ 0.500
[OUTPOST-v4] epoch 47: test-all ROC 0.5726 PR 0.2013 | unseen ROC 0.5036 PR 0.1213 | valAUC 0.9066 | tau+ 0.500
[OUTPOST-v4] epoch 48: test-all ROC 0.5754 PR 0.2041 | unseen ROC 0.5055 PR 0.1217 | valAUC 0.9014 | tau+ 0.500
[OUTPOST-v4] epoch 49: test-all ROC 0.5765 PR 0.2039 | unseen ROC 0.5073 PR 0.1223 | valAUC 0.9112 | tau+ 0.500
[OUTPOST-v4] epoch 50: test-all ROC 0.5774 PR 0.2058 | unseen ROC 0.5078 PR 0.1223 | valAUC 0.9057 | tau+ 0.500
[OUTPOST-v4] epoch 51: test-all ROC 0.5768 PR 0.2087 | unseen ROC 0.5073 PR 0.1219 | valAUC 0.9115 | tau+ 0.500
[OUTPOST-v4] epoch 52: test-all ROC 0.5808 PR 0.2128 | unseen ROC 0.5103 PR 0.1227 | valAUC 0.9083 | tau+ 0.500
[OUTPOST-v4] epoch 53: test-all ROC 0.5797 PR 0.2119 | unseen ROC 0.5084 PR 0.1219 | valAUC 0.9112 | tau+ 0.500
[OUTPOST-v4] epoch 54: test-all ROC 0.5809 PR 0.2139 | unseen ROC 0.5096 PR 0.1221 | valAUC 0.9181 | tau+ 0.500
[OUTPOST-v4] epoch 55: test-all ROC 0.5835 PR 0.2155 | unseen ROC 0.5116 PR 0.1224 | valAUC 0.9204 | tau+ 0.500
[OUTPOST-v4] epoch 56: test-all ROC 0.5860 PR 0.2171 | unseen ROC 0.5135 PR 0.1228 | valAUC 0.9207 | tau+ 0.500
[OUTPOST-v4] epoch 57: test-all ROC 0.5882 PR 0.2176 | unseen ROC 0.5159 PR 0.1231 | valAUC 0.9247 | tau+ 0.500
[OUTPOST-v4] epoch 58: test-all ROC 0.5903 PR 0.2205 | unseen ROC 0.5171 PR 0.1235 | valAUC 0.9273 | tau+ 0.500
[OUTPOST-v4] epoch 59: test-all ROC 0.5907 PR 0.2221 | unseen ROC 0.5161 PR 0.1230 | valAUC 0.9322 | tau+ 0.500
[OUTPOST-v4] epoch 60: test-all ROC 0.5920 PR 0.2234 | unseen ROC 0.5163 PR 0.1229 | valAUC 0.9305 | tau+ 0.500
[OUTPOST-v4] epoch 61: test-all ROC 0.5937 PR 0.2265 | unseen ROC 0.5167 PR 0.1228 | valAUC 0.9356 | tau+ 0.500
[OUTPOST-v4] epoch 62: test-all ROC 0.5961 PR 0.2254 | unseen ROC 0.5191 PR 0.1235 | valAUC 0.9394 | tau+ 0.500
[OUTPOST-v4] epoch 63: test-all ROC 0.5970 PR 0.2271 | unseen ROC 0.5190 PR 0.1234 | valAUC 0.9402 | tau+ 0.514
[OUTPOST-v4] epoch 64: test-all ROC 0.5979 PR 0.2281 | unseen ROC 0.5199 PR 0.1235 | valAUC 0.9448 | tau+ 0.522
[OUTPOST-v4] epoch 65: test-all ROC 0.5975 PR 0.2283 | unseen ROC 0.5178 PR 0.1228 | valAUC 0.9451 | tau+ 0.547
[OUTPOST-v4] epoch 66: test-all ROC 0.5996 PR 0.2288 | unseen ROC 0.5198 PR 0.1233 | valAUC 0.9443 | tau+ 0.547
[OUTPOST-v4] epoch 67: test-all ROC 0.5985 PR 0.2289 | unseen ROC 0.5174 PR 0.1224 | valAUC 0.9491 | tau+ 0.530
[OUTPOST-v4] epoch 68: test-all ROC 0.5998 PR 0.2294 | unseen ROC 0.5183 PR 0.1227 | valAUC 0.9503 | tau+ 0.529
[OUTPOST-v4] epoch 69: test-all ROC 0.6021 PR 0.2297 | unseen ROC 0.5201 PR 0.1226 | valAUC 0.9506 | tau+ 0.541
[OUTPOST-v4] epoch 70: test-all ROC 0.6032 PR 0.2313 | unseen ROC 0.5212 PR 0.1229 | valAUC 0.9489 | tau+ 0.550
[OUTPOST-v4] epoch 71: test-all ROC 0.6068 PR 0.2330 | unseen ROC 0.5250 PR 0.1234 | valAUC 0.9514 | tau+ 0.551
[OUTPOST-v4] epoch 72: test-all ROC 0.6086 PR 0.2354 | unseen ROC 0.5265 PR 0.1235 | valAUC 0.9560 | tau+ 0.562
[OUTPOST-v4] epoch 73: test-all ROC 0.6092 PR 0.2343 | unseen ROC 0.5271 PR 0.1235 | valAUC 0.9583 | tau+ 0.589
[OUTPOST-v4] epoch 74: test-all ROC 0.6097 PR 0.2338 | unseen ROC 0.5269 PR 0.1233 | valAUC 0.9540 | tau+ 0.571
[OUTPOST-v4] epoch 75: test-all ROC 0.6137 PR 0.2371 | unseen ROC 0.5309 PR 0.1241 | valAUC 0.9532 | tau+ 0.618
[OUTPOST-v4] epoch 76: test-all ROC 0.6148 PR 0.2390 | unseen ROC 0.5316 PR 0.1241 | valAUC 0.9638 | tau+ 0.577
[OUTPOST-v4] epoch 77: test-all ROC 0.6144 PR 0.2391 | unseen ROC 0.5305 PR 0.1235 | valAUC 0.9624 | tau+ 0.573
[OUTPOST-v4] epoch 78: test-all ROC 0.6147 PR 0.2396 | unseen ROC 0.5304 PR 0.1235 | valAUC 0.9586 | tau+ 0.636
[OUTPOST-v4] epoch 79: test-all ROC 0.6147 PR 0.2404 | unseen ROC 0.5296 PR 0.1232 | valAUC 0.9592 | tau+ 0.629
[OUTPOST-v4] epoch 80: test-all ROC 0.6179 PR 0.2407 | unseen ROC 0.5330 PR 0.1240 | valAUC 0.9698 | tau+ 0.594
[OUTPOST-v4] epoch 81: test-all ROC 0.6199 PR 0.2391 | unseen ROC 0.5351 PR 0.1243 | valAUC 0.9618 | tau+ 0.648
[OUTPOST-v4] epoch 82: test-all ROC 0.6231 PR 0.2420 | unseen ROC 0.5386 PR 0.1249 | valAUC 0.9652 | tau+ 0.695
[OUTPOST-v4] epoch 83: test-all ROC 0.6307 PR 0.2423 | unseen ROC 0.5476 PR 0.1266 | valAUC 0.9675 | tau+ 0.631
[OUTPOST-v4] epoch 84: test-all ROC 0.6336 PR 0.2436 | unseen ROC 0.5508 PR 0.1270 | valAUC 0.9710 | tau+ 0.653
[OUTPOST-v4] epoch 85: test-all ROC 0.6425 PR 0.2486 | unseen ROC 0.5614 PR 0.1293 | valAUC 0.9638 | tau+ 0.656
[OUTPOST-v4] epoch 86: test-all ROC 0.6459 PR 0.2485 | unseen ROC 0.5654 PR 0.1297 | valAUC 0.9707 | tau+ 0.627
[OUTPOST-v4] epoch 87: test-all ROC 0.6495 PR 0.2485 | unseen ROC 0.5693 PR 0.1306 | valAUC 0.9641 | tau+ 0.724
[OUTPOST-v4] epoch 88: test-all ROC 0.6562 PR 0.2494 | unseen ROC 0.5777 PR 0.1324 | valAUC 0.9644 | tau+ 0.732
[OUTPOST-v4] epoch 89: test-all ROC 0.6583 PR 0.2489 | unseen ROC 0.5799 PR 0.1328 | valAUC 0.9595 | tau+ 0.751
[OUTPOST-v4] epoch 90: test-all ROC 0.6600 PR 0.2492 | unseen ROC 0.5819 PR 0.1329 | valAUC 0.9598 | tau+ 0.719
[OUTPOST-v4] epoch 91: test-all ROC 0.6606 PR 0.2478 | unseen ROC 0.5826 PR 0.1331 | valAUC 0.9555 | tau+ 0.797
[OUTPOST-v4] epoch 92: test-all ROC 0.6600 PR 0.2493 | unseen ROC 0.5817 PR 0.1330 | valAUC 0.9546 | tau+ 0.825
[OUTPOST-v4] epoch 93: test-all ROC 0.6581 PR 0.2477 | unseen ROC 0.5793 PR 0.1326 | valAUC 0.9612 | tau+ 0.790
[OUTPOST-v4] epoch 94: test-all ROC 0.6513 PR 0.2463 | unseen ROC 0.5707 PR 0.1309 | valAUC 0.9655 | tau+ 0.788
[OUTPOST-v4] epoch 95: test-all ROC 0.6463 PR 0.2454 | unseen ROC 0.5641 PR 0.1295 | valAUC 0.9664 | tau+ 0.748
[OUTPOST-v4] epoch 96: test-all ROC 0.6462 PR 0.2476 | unseen ROC 0.5637 PR 0.1295 | valAUC 0.9589 | tau+ 0.762
[OUTPOST-v4] epoch 97: test-all ROC 0.6547 PR 0.2488 | unseen ROC 0.5744 PR 0.1320 | valAUC 0.9595 | tau+ 0.803
[OUTPOST-v4] epoch 98: test-all ROC 0.6603 PR 0.2514 | unseen ROC 0.5816 PR 0.1338 | valAUC 0.9644 | tau+ 0.823
[OUTPOST-v4] epoch 99: test-all ROC 0.6613 PR 0.2506 | unseen ROC 0.5827 PR 0.1339 | valAUC 0.9598 | tau+ 0.857
[OUTPOST-v4] epoch 100: test-all ROC 0.6518 PR 0.2458 | unseen ROC 0.5708 PR 0.1310 | valAUC 0.9609 | tau+ 0.794
[OUTPOST-v4] epoch 101: test-all ROC 0.6462 PR 0.2458 | unseen ROC 0.5636 PR 0.1290 | valAUC 0.9586 | tau+ 0.743
[OUTPOST-v4] epoch 102: test-all ROC 0.6514 PR 0.2491 | unseen ROC 0.5701 PR 0.1307 | valAUC 0.9511 | tau+ 0.867
[OUTPOST-v4] epoch 103: test-all ROC 0.6600 PR 0.2526 | unseen ROC 0.5811 PR 0.1337 | valAUC 0.9641 | tau+ 0.931
[OUTPOST-v4] epoch 104: test-all ROC 0.6601 PR 0.2539 | unseen ROC 0.5811 PR 0.1338 | valAUC 0.9560 | tau+ 0.917
[OUTPOST-v4] epoch 105: test-all ROC 0.6494 PR 0.2482 | unseen ROC 0.5674 PR 0.1299 | valAUC 0.9661 | tau+ 0.748
[OUTPOST-v4] epoch 106: test-all ROC 0.6460 PR 0.2464 | unseen ROC 0.5633 PR 0.1288 | valAUC 0.9589 | tau+ 0.766
[OUTPOST-v4] epoch 107: test-all ROC 0.6606 PR 0.2545 | unseen ROC 0.5815 PR 0.1340 | valAUC 0.9632 | tau+ 0.876
[OUTPOST-v4] epoch 108: test-all ROC 0.6677 PR 0.2584 | unseen ROC 0.5905 PR 0.1367 | valAUC 0.9629 | tau+ 0.937
[OUTPOST-v4] epoch 109: test-all ROC 0.6671 PR 0.2582 | unseen ROC 0.5897 PR 0.1364 | valAUC 0.9575 | tau+ 0.942
[OUTPOST-v4] epoch 110: test-all ROC 0.6646 PR 0.2567 | unseen ROC 0.5863 PR 0.1356 | valAUC 0.9658 | tau+ 0.842
[OUTPOST-v4] epoch 111: test-all ROC 0.6674 PR 0.2593 | unseen ROC 0.5901 PR 0.1367 | valAUC 0.9603 | tau+ 0.855
[OUTPOST-v4] epoch 112: test-all ROC 0.6652 PR 0.2567 | unseen ROC 0.5870 PR 0.1358 | valAUC 0.9529 | tau+ 0.806
[OUTPOST-v4] epoch 113: test-all ROC 0.6635 PR 0.2567 | unseen ROC 0.5849 PR 0.1352 | valAUC 0.9557 | tau+ 0.870
[OUTPOST-v4] epoch 114: test-all ROC 0.6644 PR 0.2592 | unseen ROC 0.5861 PR 0.1356 | valAUC 0.9601 | tau+ 0.909
[OUTPOST-v4] epoch 115: test-all ROC 0.6588 PR 0.2577 | unseen ROC 0.5791 PR 0.1336 | valAUC 0.9652 | tau+ 0.909
[OUTPOST-v4] epoch 116: test-all ROC 0.6542 PR 0.2537 | unseen ROC 0.5733 PR 0.1319 | valAUC 0.9589 | tau+ 0.888
[OUTPOST-v4] epoch 117: test-all ROC 0.6490 PR 0.2494 | unseen ROC 0.5668 PR 0.1297 | valAUC 0.9580 | tau+ 0.807
[OUTPOST-v4] epoch 118: test-all ROC 0.6529 PR 0.2559 | unseen ROC 0.5715 PR 0.1312 | valAUC 0.9638 | tau+ 0.795
[OUTPOST-v4] epoch 119: test-all ROC 0.6583 PR 0.2586 | unseen ROC 0.5782 PR 0.1334 | valAUC 0.9678 | tau+ 0.873
[OUTPOST-v4] epoch 120: test-all ROC 0.6625 PR 0.2586 | unseen ROC 0.5836 PR 0.1353 | valAUC 0.9615 | tau+ 0.940
[OUTPOST-v4] epoch 121: test-all ROC 0.6615 PR 0.2611 | unseen ROC 0.5822 PR 0.1351 | valAUC 0.9661 | tau+ 0.945
[OUTPOST-v4] epoch 122: test-all ROC 0.6615 PR 0.2588 | unseen ROC 0.5822 PR 0.1349 | valAUC 0.9572 | tau+ 0.924
[OUTPOST-v4] epoch 123: test-all ROC 0.6579 PR 0.2579 | unseen ROC 0.5777 PR 0.1335 | valAUC 0.9618 | tau+ 0.732
[OUTPOST-v4] epoch 124: test-all ROC 0.6602 PR 0.2574 | unseen ROC 0.5805 PR 0.1345 | valAUC 0.9629 | tau+ 0.802
[OUTPOST-v4] epoch 125: test-all ROC 0.6610 PR 0.2599 | unseen ROC 0.5815 PR 0.1347 | valAUC 0.9583 | tau+ 0.884
[OUTPOST-v4] epoch 126: test-all ROC 0.6616 PR 0.2602 | unseen ROC 0.5822 PR 0.1348 | valAUC 0.9580 | tau+ 0.919
[OUTPOST-v4] epoch 127: test-all ROC 0.6597 PR 0.2616 | unseen ROC 0.5797 PR 0.1340 | valAUC 0.9655 | tau+ 0.906
[OUTPOST-v4] epoch 128: test-all ROC 0.6569 PR 0.2591 | unseen ROC 0.5763 PR 0.1330 | valAUC 0.9672 | tau+ 0.837
[OUTPOST-v4] epoch 129: test-all ROC 0.6517 PR 0.2573 | unseen ROC 0.5701 PR 0.1312 | valAUC 0.9563 | tau+ 0.806
[OUTPOST-v4] epoch 130: test-all ROC 0.6541 PR 0.2577 | unseen ROC 0.5729 PR 0.1317 | valAUC 0.9647 | tau+ 0.880
[OUTPOST-v4] epoch 131: test-all ROC 0.6561 PR 0.2577 | unseen ROC 0.5754 PR 0.1326 | valAUC 0.9632 | tau+ 0.926
[OUTPOST-v4] epoch 132: test-all ROC 0.6593 PR 0.2630 | unseen ROC 0.5790 PR 0.1339 | valAUC 0.9681 | tau+ 0.897
[OUTPOST-v4] epoch 133: test-all ROC 0.6592 PR 0.2625 | unseen ROC 0.5790 PR 0.1339 | valAUC 0.9609 | tau+ 0.927
[OUTPOST-v4] epoch 134: test-all ROC 0.6585 PR 0.2610 | unseen ROC 0.5784 PR 0.1339 | valAUC 0.9632 | tau+ 0.835
[OUTPOST-v4] epoch 135: test-all ROC 0.6573 PR 0.2618 | unseen ROC 0.5768 PR 0.1334 | valAUC 0.9672 | tau+ 0.760
[OUTPOST-v4] epoch 136: test-all ROC 0.6594 PR 0.2638 | unseen ROC 0.5794 PR 0.1342 | valAUC 0.9532 | tau+ 0.857
[OUTPOST-v4] epoch 137: test-all ROC 0.6608 PR 0.2645 | unseen ROC 0.5809 PR 0.1347 | valAUC 0.9695 | tau+ 0.774
[OUTPOST-v4] epoch 138: test-all ROC 0.6611 PR 0.2647 | unseen ROC 0.5815 PR 0.1350 | valAUC 0.9687 | tau+ 0.864
[OUTPOST-v4] epoch 139: test-all ROC 0.6613 PR 0.2666 | unseen ROC 0.5814 PR 0.1348 | valAUC 0.9678 | tau+ 0.901
[OUTPOST-v4] epoch 140: test-all ROC 0.6600 PR 0.2673 | unseen ROC 0.5796 PR 0.1342 | valAUC 0.9632 | tau+ 0.878
[OUTPOST-v4] epoch 141: test-all ROC 0.6578 PR 0.2638 | unseen ROC 0.5771 PR 0.1335 | valAUC 0.9652 | tau+ 0.813
[OUTPOST-v4] epoch 142: test-all ROC 0.6572 PR 0.2658 | unseen ROC 0.5763 PR 0.1333 | valAUC 0.9647 | tau+ 0.776
[OUTPOST-v4] epoch 143: test-all ROC 0.6610 PR 0.2660 | unseen ROC 0.5810 PR 0.1347 | valAUC 0.9603 | tau+ 0.921
[OUTPOST-v4] epoch 144: test-all ROC 0.6644 PR 0.2689 | unseen ROC 0.5853 PR 0.1360 | valAUC 0.9701 | tau+ 0.912
[OUTPOST-v4] epoch 145: test-all ROC 0.6640 PR 0.2717 | unseen ROC 0.5846 PR 0.1359 | valAUC 0.9681 | tau+ 0.943
[OUTPOST-v4] epoch 146: test-all ROC 0.6645 PR 0.2710 | unseen ROC 0.5852 PR 0.1360 | valAUC 0.9670 | tau+ 0.925
[OUTPOST-v4] epoch 147: test-all ROC 0.6620 PR 0.2704 | unseen ROC 0.5823 PR 0.1353 | valAUC 0.9566 | tau+ 0.885
[OUTPOST-v4] epoch 148: test-all ROC 0.6601 PR 0.2706 | unseen ROC 0.5797 PR 0.1348 | valAUC 0.9684 | tau+ 0.690
[OUTPOST-v4] epoch 149: test-all ROC 0.6648 PR 0.2725 | unseen ROC 0.5857 PR 0.1365 | valAUC 0.9672 | tau+ 0.853
[OUTPOST-v4] epoch 150: test-all ROC 0.6644 PR 0.2733 | unseen ROC 0.5851 PR 0.1366 | valAUC 0.9681 | tau+ 0.912
[OUTPOST-v4] epoch 151: test-all ROC 0.6670 PR 0.2764 | unseen ROC 0.5885 PR 0.1378 | valAUC 0.9707 | tau+ 0.927
[OUTPOST-v4] epoch 152: test-all ROC 0.6679 PR 0.2769 | unseen ROC 0.5893 PR 0.1380 | valAUC 0.9635 | tau+ 0.924
[OUTPOST-v4] epoch 153: test-all ROC 0.6670 PR 0.2739 | unseen ROC 0.5884 PR 0.1378 | valAUC 0.9681 | tau+ 0.877
[OUTPOST-v4] epoch 154: test-all ROC 0.6693 PR 0.2768 | unseen ROC 0.5911 PR 0.1387 | valAUC 0.9658 | tau+ 0.814
[OUTPOST-v4] epoch 155: test-all ROC 0.6674 PR 0.2752 | unseen ROC 0.5891 PR 0.1379 | valAUC 0.9638 | tau+ 0.778
[OUTPOST-v4] epoch 156: test-all ROC 0.6678 PR 0.2770 | unseen ROC 0.5893 PR 0.1378 | valAUC 0.9698 | tau+ 0.728
[OUTPOST-v4] epoch 157: test-all ROC 0.6662 PR 0.2774 | unseen ROC 0.5873 PR 0.1373 | valAUC 0.9641 | tau+ 0.887
[OUTPOST-v4] epoch 158: test-all ROC 0.6665 PR 0.2775 | unseen ROC 0.5878 PR 0.1374 | valAUC 0.9690 | tau+ 0.905
[OUTPOST-v4] epoch 159: test-all ROC 0.6666 PR 0.2778 | unseen ROC 0.5879 PR 0.1376 | valAUC 0.9693 | tau+ 0.879
[OUTPOST-v4] epoch 160: test-all ROC 0.6666 PR 0.2805 | unseen ROC 0.5878 PR 0.1375 | valAUC 0.9767 | tau+ 0.838
[OUTPOST-v4] epoch 161: test-all ROC 0.6661 PR 0.2822 | unseen ROC 0.5870 PR 0.1371 | valAUC 0.9598 | tau+ 0.825
[OUTPOST-v4] epoch 162: test-all ROC 0.6680 PR 0.2815 | unseen ROC 0.5893 PR 0.1381 | valAUC 0.9667 | tau+ 0.839
[OUTPOST-v4] epoch 163: test-all ROC 0.6672 PR 0.2842 | unseen ROC 0.5882 PR 0.1377 | valAUC 0.9661 | tau+ 0.906
[OUTPOST-v4] epoch 164: test-all ROC 0.6699 PR 0.2844 | unseen ROC 0.5917 PR 0.1390 | valAUC 0.9690 | tau+ 0.907
[OUTPOST-v4] epoch 165: test-all ROC 0.6706 PR 0.2866 | unseen ROC 0.5925 PR 0.1392 | valAUC 0.9687 | tau+ 0.876
[OUTPOST-v4] epoch 166: test-all ROC 0.6679 PR 0.2828 | unseen ROC 0.5893 PR 0.1382 | valAUC 0.9629 | tau+ 0.867
[OUTPOST-v4] epoch 167: test-all ROC 0.6696 PR 0.2820 | unseen ROC 0.5913 PR 0.1389 | valAUC 0.9724 | tau+ 0.808
[OUTPOST-v4] epoch 168: test-all ROC 0.6709 PR 0.2839 | unseen ROC 0.5929 PR 0.1394 | valAUC 0.9664 | tau+ 0.791
[OUTPOST-v4] epoch 169: test-all ROC 0.6702 PR 0.2855 | unseen ROC 0.5921 PR 0.1393 | valAUC 0.9681 | tau+ 0.879
[OUTPOST-v4] epoch 170: test-all ROC 0.6702 PR 0.2869 | unseen ROC 0.5921 PR 0.1394 | valAUC 0.9753 | tau+ 0.878
[OUTPOST-v4] epoch 171: test-all ROC 0.6699 PR 0.2876 | unseen ROC 0.5918 PR 0.1394 | valAUC 0.9730 | tau+ 0.842
[OUTPOST-v4] epoch 172: test-all ROC 0.6677 PR 0.2854 | unseen ROC 0.5889 PR 0.1385 | valAUC 0.9690 | tau+ 0.887
[OUTPOST-v4] epoch 173: test-all ROC 0.6682 PR 0.2875 | unseen ROC 0.5895 PR 0.1390 | valAUC 0.9670 | tau+ 0.776
[OUTPOST-v4] epoch 174: test-all ROC 0.6702 PR 0.2849 | unseen ROC 0.5922 PR 0.1398 | valAUC 0.9716 | tau+ 0.786
[OUTPOST-v4] epoch 175: test-all ROC 0.6694 PR 0.2879 | unseen ROC 0.5911 PR 0.1395 | valAUC 0.9710 | tau+ 0.833
[OUTPOST-v4] epoch 176: test-all ROC 0.6694 PR 0.2885 | unseen ROC 0.5909 PR 0.1396 | valAUC 0.9819 | tau+ 0.849
[OUTPOST-v4] epoch 177: test-all ROC 0.6709 PR 0.2903 | unseen ROC 0.5929 PR 0.1403 | valAUC 0.9667 | tau+ 0.934
[OUTPOST-v4] epoch 178: test-all ROC 0.6710 PR 0.2882 | unseen ROC 0.5930 PR 0.1402 | valAUC 0.9647 | tau+ 0.897
[OUTPOST-v4] epoch 179: test-all ROC 0.6723 PR 0.2922 | unseen ROC 0.5943 PR 0.1407 | valAUC 0.9724 | tau+ 0.851
[OUTPOST-v4] epoch 180: test-all ROC 0.6694 PR 0.2914 | unseen ROC 0.5912 PR 0.1400 | valAUC 0.9684 | tau+ 0.647
[OUTPOST-v4] epoch 181: test-all ROC 0.6712 PR 0.2933 | unseen ROC 0.5932 PR 0.1408 | valAUC 0.9644 | tau+ 0.628
[OUTPOST-v4] epoch 182: test-all ROC 0.6719 PR 0.2938 | unseen ROC 0.5940 PR 0.1407 | valAUC 0.9670 | tau+ 0.882
[OUTPOST-v4] epoch 183: test-all ROC 0.6730 PR 0.2914 | unseen ROC 0.5954 PR 0.1418 | valAUC 0.9739 | tau+ 0.926
[OUTPOST-v4] epoch 184: test-all ROC 0.6730 PR 0.2920 | unseen ROC 0.5952 PR 0.1416 | valAUC 0.9681 | tau+ 0.957
[OUTPOST-v4] epoch 185: test-all ROC 0.6737 PR 0.2934 | unseen ROC 0.5960 PR 0.1421 | valAUC 0.9687 | tau+ 0.929
[OUTPOST-v4] epoch 186: test-all ROC 0.6748 PR 0.2974 | unseen ROC 0.5977 PR 0.1429 | valAUC 0.9693 | tau+ 0.707
[OUTPOST-v4] epoch 187: test-all ROC 0.6727 PR 0.2968 | unseen ROC 0.5953 PR 0.1422 | valAUC 0.9655 | tau+ 0.527
[OUTPOST-v4] epoch 188: test-all ROC 0.6747 PR 0.2951 | unseen ROC 0.5978 PR 0.1429 | valAUC 0.9704 | tau+ 0.568
[OUTPOST-v4] epoch 189: test-all ROC 0.6755 PR 0.2949 | unseen ROC 0.5984 PR 0.1431 | valAUC 0.9658 | tau+ 0.818
[OUTPOST-v4] epoch 190: test-all ROC 0.6755 PR 0.2985 | unseen ROC 0.5985 PR 0.1431 | valAUC 0.9727 | tau+ 0.914
[OUTPOST-v4] epoch 191: test-all ROC 0.6802 PR 0.2995 | unseen ROC 0.6041 PR 0.1449 | valAUC 0.9710 | tau+ 0.923
[OUTPOST-v4] epoch 192: test-all ROC 0.6767 PR 0.2992 | unseen ROC 0.6000 PR 0.1436 | valAUC 0.9652 | tau+ 0.946
[OUTPOST-v4] epoch 193: test-all ROC 0.6757 PR 0.2980 | unseen ROC 0.5986 PR 0.1430 | valAUC 0.9655 | tau+ 0.904
[OUTPOST-v4] epoch 194: test-all ROC 0.6777 PR 0.2987 | unseen ROC 0.6013 PR 0.1441 | valAUC 0.9672 | tau+ 0.755
[OUTPOST-v4] epoch 195: test-all ROC 0.6768 PR 0.2997 | unseen ROC 0.6002 PR 0.1436 | valAUC 0.9655 | tau+ 0.781
[OUTPOST-v4] epoch 196: test-all ROC 0.6765 PR 0.3000 | unseen ROC 0.5996 PR 0.1435 | valAUC 0.9721 | tau+ 0.813
[OUTPOST-v4] epoch 197: test-all ROC 0.6771 PR 0.3012 | unseen ROC 0.6004 PR 0.1440 | valAUC 0.9690 | tau+ 0.933
[OUTPOST-v4] epoch 198: test-all ROC 0.6775 PR 0.3015 | unseen ROC 0.6007 PR 0.1442 | valAUC 0.9707 | tau+ 0.928
[OUTPOST-v4] epoch 199: test-all ROC 0.6783 PR 0.3028 | unseen ROC 0.6017 PR 0.1448 | valAUC 0.9736 | tau+ 0.889
[OUTPOST-v4] epoch 200: test-all ROC 0.6804 PR 0.3018 | unseen ROC 0.6045 PR 0.1460 | valAUC 0.9672 | tau+ 0.671
[OUTPOST-v4] epoch 201: test-all ROC 0.6799 PR 0.3012 | unseen ROC 0.6037 PR 0.1465 | valAUC 0.9693 | tau+ 0.770
[OUTPOST-v4] epoch 202: test-all ROC 0.6812 PR 0.3053 | unseen ROC 0.6054 PR 0.1470 | valAUC 0.9721 | tau+ 0.757
[OUTPOST-v4] epoch 203: test-all ROC 0.6812 PR 0.3013 | unseen ROC 0.6054 PR 0.1472 | valAUC 0.9710 | tau+ 0.811
[OUTPOST-v4] epoch 204: test-all ROC 0.6802 PR 0.3032 | unseen ROC 0.6042 PR 0.1468 | valAUC 0.9727 | tau+ 0.818
[OUTPOST-v4] epoch 205: test-all ROC 0.6801 PR 0.3047 | unseen ROC 0.6038 PR 0.1466 | valAUC 0.9716 | tau+ 0.820
[OUTPOST-v4] epoch 206: test-all ROC 0.6814 PR 0.3029 | unseen ROC 0.6057 PR 0.1468 | valAUC 0.9773 | tau+ 0.684
[OUTPOST-v4] epoch 207: test-all ROC 0.6787 PR 0.3042 | unseen ROC 0.6021 PR 0.1454 | valAUC 0.9799 | tau+ 0.610
[OUTPOST-v4] epoch 208: test-all ROC 0.6793 PR 0.3061 | unseen ROC 0.6028 PR 0.1452 | valAUC 0.9759 | tau+ 0.733
[OUTPOST-v4] epoch 209: test-all ROC 0.6810 PR 0.3050 | unseen ROC 0.6051 PR 0.1460 | valAUC 0.9747 | tau+ 0.710
[OUTPOST-v4] epoch 210: test-all ROC 0.6787 PR 0.3050 | unseen ROC 0.6022 PR 0.1448 | valAUC 0.9767 | tau+ 0.812
[OUTPOST-v4] epoch 211: test-all ROC 0.6789 PR 0.3036 | unseen ROC 0.6027 PR 0.1452 | valAUC 0.9727 | tau+ 0.738
[OUTPOST-v4] epoch 212: test-all ROC 0.6783 PR 0.3060 | unseen ROC 0.6019 PR 0.1450 | valAUC 0.9790 | tau+ 0.757
[OUTPOST-v4] epoch 213: test-all ROC 0.6808 PR 0.3093 | unseen ROC 0.6048 PR 0.1462 | valAUC 0.9655 | tau+ 0.871
[OUTPOST-v4] epoch 214: test-all ROC 0.6795 PR 0.3072 | unseen ROC 0.6034 PR 0.1459 | valAUC 0.9779 | tau+ 0.858
[OUTPOST-v4] epoch 215: test-all ROC 0.6833 PR 0.3084 | unseen ROC 0.6081 PR 0.1473 | valAUC 0.9756 | tau+ 0.922
[OUTPOST-v4] epoch 216: test-all ROC 0.6845 PR 0.3096 | unseen ROC 0.6095 PR 0.1484 | valAUC 0.9787 | tau+ 0.739
[OUTPOST-v4] epoch 217: test-all ROC 0.6841 PR 0.3103 | unseen ROC 0.6092 PR 0.1478 | valAUC 0.9845 | tau+ 0.500
[OUTPOST-v4] epoch 218: test-all ROC 0.6816 PR 0.3086 | unseen ROC 0.6061 PR 0.1475 | valAUC 0.9695 | tau+ 0.713
[OUTPOST-v4] epoch 219: test-all ROC 0.6819 PR 0.3101 | unseen ROC 0.6062 PR 0.1477 | valAUC 0.9730 | tau+ 0.639
[OUTPOST-v4] epoch 220: test-all ROC 0.6823 PR 0.3101 | unseen ROC 0.6066 PR 0.1476 | valAUC 0.9784 | tau+ 0.900
[OUTPOST-v4] epoch 221: test-all ROC 0.6827 PR 0.3099 | unseen ROC 0.6073 PR 0.1480 | valAUC 0.9793 | tau+ 0.730
[OUTPOST-v4] epoch 222: test-all ROC 0.6818 PR 0.3093 | unseen ROC 0.6063 PR 0.1483 | valAUC 0.9764 | tau+ 0.503
[OUTPOST-v4] epoch 223: test-all ROC 0.6852 PR 0.3131 | unseen ROC 0.6105 PR 0.1502 | valAUC 0.9678 | tau+ 0.500
[OUTPOST-v4] epoch 224: test-all ROC 0.6849 PR 0.3121 | unseen ROC 0.6098 PR 0.1493 | valAUC 0.9741 | tau+ 0.787
[OUTPOST-v4] epoch 225: test-all ROC 0.6848 PR 0.3135 | unseen ROC 0.6097 PR 0.1493 | valAUC 0.9753 | tau+ 0.908
[OUTPOST-v4] epoch 226: test-all ROC 0.6841 PR 0.3116 | unseen ROC 0.6088 PR 0.1495 | valAUC 0.9767 | tau+ 0.879
[OUTPOST-v4] epoch 227: test-all ROC 0.6848 PR 0.3117 | unseen ROC 0.6096 PR 0.1496 | valAUC 0.9790 | tau+ 0.692
[OUTPOST-v4] epoch 228: test-all ROC 0.6870 PR 0.3119 | unseen ROC 0.6127 PR 0.1502 | valAUC 0.9810 | tau+ 0.500
[OUTPOST-v4] epoch 229: test-all ROC 0.6863 PR 0.3117 | unseen ROC 0.6117 PR 0.1500 | valAUC 0.9787 | tau+ 0.500
[OUTPOST-v4] epoch 230: test-all ROC 0.6861 PR 0.3140 | unseen ROC 0.6113 PR 0.1491 | valAUC 0.9744 | tau+ 0.728
[OUTPOST-v4] epoch 231: test-all ROC 0.6817 PR 0.3142 | unseen ROC 0.6057 PR 0.1473 | valAUC 0.9779 | tau+ 0.747
[OUTPOST-v4] epoch 232: test-all ROC 0.6831 PR 0.3129 | unseen ROC 0.6075 PR 0.1472 | valAUC 0.9770 | tau+ 0.912
[OUTPOST-v4] epoch 233: test-all ROC 0.6821 PR 0.3126 | unseen ROC 0.6062 PR 0.1464 | valAUC 0.9739 | tau+ 0.795
[OUTPOST-v4] epoch 234: test-all ROC 0.6817 PR 0.3111 | unseen ROC 0.6057 PR 0.1469 | valAUC 0.9776 | tau+ 0.626
[OUTPOST-v4] epoch 235: test-all ROC 0.6834 PR 0.3122 | unseen ROC 0.6080 PR 0.1478 | valAUC 0.9741 | tau+ 0.707
[OUTPOST-v4] epoch 236: test-all ROC 0.6878 PR 0.3153 | unseen ROC 0.6135 PR 0.1497 | valAUC 0.9713 | tau+ 0.557
[OUTPOST-v4] epoch 237: test-all ROC 0.6858 PR 0.3151 | unseen ROC 0.6108 PR 0.1491 | valAUC 0.9767 | tau+ 0.590
[OUTPOST-v4] epoch 238: test-all ROC 0.6856 PR 0.3143 | unseen ROC 0.6105 PR 0.1498 | valAUC 0.9750 | tau+ 0.846
[OUTPOST-v4] epoch 239: test-all ROC 0.6856 PR 0.3143 | unseen ROC 0.6107 PR 0.1504 | valAUC 0.9819 | tau+ 0.719
[OUTPOST-v4] epoch 240: test-all ROC 0.6885 PR 0.3142 | unseen ROC 0.6143 PR 0.1517 | valAUC 0.9793 | tau+ 0.519
[OUTPOST-v4] epoch 241: test-all ROC 0.6873 PR 0.3146 | unseen ROC 0.6128 PR 0.1518 | valAUC 0.9802 | tau+ 0.500
[OUTPOST-v4] epoch 242: test-all ROC 0.6872 PR 0.3172 | unseen ROC 0.6125 PR 0.1518 | valAUC 0.9718 | tau+ 0.844
[OUTPOST-v4] epoch 243: test-all ROC 0.6871 PR 0.3191 | unseen ROC 0.6126 PR 0.1514 | valAUC 0.9830 | tau+ 0.631
[OUTPOST-v4] epoch 244: test-all ROC 0.6901 PR 0.3201 | unseen ROC 0.6161 PR 0.1524 | valAUC 0.9805 | tau+ 0.797
[OUTPOST-v4] epoch 245: test-all ROC 0.6879 PR 0.3184 | unseen ROC 0.6135 PR 0.1514 | valAUC 0.9810 | tau+ 0.678
[OUTPOST-v4] epoch 246: test-all ROC 0.6861 PR 0.3190 | unseen ROC 0.6111 PR 0.1499 | valAUC 0.9819 | tau+ 0.555
[OUTPOST-v4] epoch 247: test-all ROC 0.6858 PR 0.3166 | unseen ROC 0.6109 PR 0.1497 | valAUC 0.9767 | tau+ 0.500
[OUTPOST-v4] epoch 248: test-all ROC 0.6802 PR 0.3144 | unseen ROC 0.6036 PR 0.1467 | valAUC 0.9750 | tau+ 0.742
[OUTPOST-v4] epoch 249: test-all ROC 0.6862 PR 0.3164 | unseen ROC 0.6116 PR 0.1496 | valAUC 0.9782 | tau+ 0.720
[OUTPOST-v4] epoch 250: test-all ROC 0.6833 PR 0.3156 | unseen ROC 0.6076 PR 0.1486 | valAUC 0.9819 | tau+ 0.500
[OUTPOST-v4] epoch 251: test-all ROC 0.6825 PR 0.3171 | unseen ROC 0.6068 PR 0.1485 | valAUC 0.9799 | tau+ 0.721
[OUTPOST-v4] epoch 252: test-all ROC 0.6874 PR 0.3181 | unseen ROC 0.6125 PR 0.1505 | valAUC 0.9828 | tau+ 0.839
[OUTPOST-v4] epoch 253: test-all ROC 0.6856 PR 0.3182 | unseen ROC 0.6105 PR 0.1504 | valAUC 0.9759 | tau+ 0.905
[OUTPOST-v4] epoch 254: test-all ROC 0.6879 PR 0.3202 | unseen ROC 0.6132 PR 0.1521 | valAUC 0.9836 | tau+ 0.726
[OUTPOST-v4] epoch 255: test-all ROC 0.6853 PR 0.3202 | unseen ROC 0.6102 PR 0.1520 | valAUC 0.9759 | tau+ 0.500
[OUTPOST-v4] epoch 256: test-all ROC 0.6868 PR 0.3195 | unseen ROC 0.6120 PR 0.1525 | valAUC 0.9871 | tau+ 0.500
[OUTPOST-v4] epoch 257: test-all ROC 0.6871 PR 0.3205 | unseen ROC 0.6123 PR 0.1525 | valAUC 0.9810 | tau+ 0.500
[OUTPOST-v4] epoch 258: test-all ROC 0.6872 PR 0.3197 | unseen ROC 0.6126 PR 0.1511 | valAUC 0.9825 | tau+ 0.743
[OUTPOST-v4] epoch 259: test-all ROC 0.6831 PR 0.3159 | unseen ROC 0.6073 PR 0.1484 | valAUC 0.9787 | tau+ 0.923
[OUTPOST-v4] epoch 260: test-all ROC 0.6856 PR 0.3178 | unseen ROC 0.6105 PR 0.1494 | valAUC 0.9805 | tau+ 0.945
[OUTPOST-v4] epoch 261: test-all ROC 0.6842 PR 0.3180 | unseen ROC 0.6088 PR 0.1489 | valAUC 0.9736 | tau+ 0.850
[OUTPOST-v4] epoch 262: test-all ROC 0.6816 PR 0.3168 | unseen ROC 0.6055 PR 0.1481 | valAUC 0.9761 | tau+ 0.617
[OUTPOST-v4] epoch 263: test-all ROC 0.6823 PR 0.3186 | unseen ROC 0.6063 PR 0.1484 | valAUC 0.9773 | tau+ 0.500
[OUTPOST-v4] epoch 264: test-all ROC 0.6836 PR 0.3198 | unseen ROC 0.6079 PR 0.1487 | valAUC 0.9770 | tau+ 0.719
[OUTPOST-v4] epoch 265: test-all ROC 0.6848 PR 0.3200 | unseen ROC 0.6093 PR 0.1489 | valAUC 0.9816 | tau+ 0.815
[OUTPOST-v4] epoch 266: test-all ROC 0.6858 PR 0.3189 | unseen ROC 0.6104 PR 0.1497 | valAUC 0.9802 | tau+ 0.964
[OUTPOST-v4] epoch 267: test-all ROC 0.6860 PR 0.3186 | unseen ROC 0.6110 PR 0.1503 | valAUC 0.9782 | tau+ 0.771
[OUTPOST-v4] epoch 268: test-all ROC 0.6859 PR 0.3206 | unseen ROC 0.6108 PR 0.1509 | valAUC 0.9822 | tau+ 0.607
[OUTPOST-v4] epoch 269: test-all ROC 0.6880 PR 0.3212 | unseen ROC 0.6136 PR 0.1525 | valAUC 0.9790 | tau+ 0.565
[OUTPOST-v4] epoch 270: test-all ROC 0.6862 PR 0.3194 | unseen ROC 0.6113 PR 0.1520 | valAUC 0.9813 | tau+ 0.500
[OUTPOST-v4] epoch 271: test-all ROC 0.6862 PR 0.3180 | unseen ROC 0.6112 PR 0.1511 | valAUC 0.9816 | tau+ 0.770
[OUTPOST-v4] epoch 272: test-all ROC 0.6842 PR 0.3201 | unseen ROC 0.6086 PR 0.1500 | valAUC 0.9810 | tau+ 0.890
[OUTPOST-v4] epoch 273: test-all ROC 0.6821 PR 0.3195 | unseen ROC 0.6058 PR 0.1484 | valAUC 0.9813 | tau+ 0.947
[OUTPOST-v4] epoch 274: test-all ROC 0.6867 PR 0.3224 | unseen ROC 0.6117 PR 0.1505 | valAUC 0.9779 | tau+ 0.829
[OUTPOST-v4] epoch 275: test-all ROC 0.6859 PR 0.3212 | unseen ROC 0.6110 PR 0.1506 | valAUC 0.9724 | tau+ 0.590
[OUTPOST-v4] epoch 276: test-all ROC 0.6858 PR 0.3227 | unseen ROC 0.6112 PR 0.1513 | valAUC 0.9825 | tau+ 0.500
[OUTPOST-v4] epoch 277: test-all ROC 0.6868 PR 0.3208 | unseen ROC 0.6121 PR 0.1513 | valAUC 0.9819 | tau+ 0.500
[OUTPOST-v4] epoch 278: test-all ROC 0.6850 PR 0.3225 | unseen ROC 0.6097 PR 0.1501 | valAUC 0.9773 | tau+ 0.784
[OUTPOST-v4] epoch 279: test-all ROC 0.6841 PR 0.3236 | unseen ROC 0.6083 PR 0.1494 | valAUC 0.9810 | tau+ 0.855
[OUTPOST-v4] epoch 280: test-all ROC 0.6875 PR 0.3207 | unseen ROC 0.6127 PR 0.1507 | valAUC 0.9819 | tau+ 0.891
[OUTPOST-v4] epoch 281: test-all ROC 0.6850 PR 0.3206 | unseen ROC 0.6098 PR 0.1503 | valAUC 0.9779 | tau+ 0.913
[OUTPOST-v4] epoch 282: test-all ROC 0.6862 PR 0.3198 | unseen ROC 0.6112 PR 0.1508 | valAUC 0.9784 | tau+ 0.667
[OUTPOST-v4] epoch 283: test-all ROC 0.6850 PR 0.3187 | unseen ROC 0.6097 PR 0.1503 | valAUC 0.9799 | tau+ 0.572
[OUTPOST-v4] epoch 284: test-all ROC 0.6865 PR 0.3236 | unseen ROC 0.6114 PR 0.1512 | valAUC 0.9805 | tau+ 0.516
[OUTPOST-v4] epoch 285: test-all ROC 0.6862 PR 0.3208 | unseen ROC 0.6111 PR 0.1506 | valAUC 0.9830 | tau+ 0.500
[OUTPOST-v4] epoch 286: test-all ROC 0.6837 PR 0.3217 | unseen ROC 0.6079 PR 0.1496 | valAUC 0.9859 | tau+ 0.723
[OUTPOST-v4] epoch 287: test-all ROC 0.6880 PR 0.3232 | unseen ROC 0.6133 PR 0.1518 | valAUC 0.9825 | tau+ 0.812
[OUTPOST-v4] epoch 288: test-all ROC 0.6845 PR 0.3215 | unseen ROC 0.6088 PR 0.1496 | valAUC 0.9842 | tau+ 0.864
[OUTPOST-v4] epoch 289: test-all ROC 0.6849 PR 0.3234 | unseen ROC 0.6094 PR 0.1504 | valAUC 0.9790 | tau+ 0.809
[OUTPOST-v4] epoch 290: test-all ROC 0.6829 PR 0.3219 | unseen ROC 0.6069 PR 0.1496 | valAUC 0.9784 | tau+ 0.784
[OUTPOST-v4] epoch 291: test-all ROC 0.6840 PR 0.3231 | unseen ROC 0.6083 PR 0.1502 | valAUC 0.9799 | tau+ 0.609
[OUTPOST-v4] epoch 292: test-all ROC 0.6836 PR 0.3224 | unseen ROC 0.6078 PR 0.1495 | valAUC 0.9776 | tau+ 0.595
[OUTPOST-v4] epoch 293: test-all ROC 0.6835 PR 0.3249 | unseen ROC 0.6072 PR 0.1496 | valAUC 0.9842 | tau+ 0.839
[OUTPOST-v4] epoch 294: test-all ROC 0.6807 PR 0.3213 | unseen ROC 0.6041 PR 0.1487 | valAUC 0.9813 | tau+ 0.908
[OUTPOST-v4] epoch 295: test-all ROC 0.6842 PR 0.3232 | unseen ROC 0.6085 PR 0.1508 | valAUC 0.9848 | tau+ 0.819
[OUTPOST-v4] epoch 296: test-all ROC 0.6863 PR 0.3226 | unseen ROC 0.6112 PR 0.1518 | valAUC 0.9851 | tau+ 0.553
[OUTPOST-v4] epoch 297: test-all ROC 0.6846 PR 0.3199 | unseen ROC 0.6092 PR 0.1519 | valAUC 0.9810 | tau+ 0.500
[OUTPOST-v4] epoch 298: test-all ROC 0.6855 PR 0.3228 | unseen ROC 0.6102 PR 0.1521 | valAUC 0.9851 | tau+ 0.500
[OUTPOST-v4] epoch 299: test-all ROC 0.6827 PR 0.3202 | unseen ROC 0.6068 PR 0.1508 | valAUC 0.9825 | tau+ 0.500
[OUTPOST-v4] epoch 300: test-all ROC 0.6819 PR 0.3221 | unseen ROC 0.6057 PR 0.1501 | valAUC 0.9842 | tau+ 0.551
[OUTPOST-v4] epoch 301: test-all ROC 0.6813 PR 0.3194 | unseen ROC 0.6049 PR 0.1493 | valAUC 0.9784 | tau+ 0.761
[OUTPOST-v4] epoch 302: test-all ROC 0.6810 PR 0.3196 | unseen ROC 0.6047 PR 0.1488 | valAUC 0.9805 | tau+ 0.774
[OUTPOST-v4] epoch 303: test-all ROC 0.6798 PR 0.3221 | unseen ROC 0.6028 PR 0.1479 | valAUC 0.9851 | tau+ 0.500
[OUTPOST-v4] epoch 304: test-all ROC 0.6767 PR 0.3188 | unseen ROC 0.5992 PR 0.1461 | valAUC 0.9784 | tau+ 0.544
[OUTPOST-v4] epoch 305: test-all ROC 0.6768 PR 0.3178 | unseen ROC 0.5991 PR 0.1461 | valAUC 0.9833 | tau+ 0.628
[OUTPOST-v4] epoch 306: test-all ROC 0.6758 PR 0.3198 | unseen ROC 0.5980 PR 0.1456 | valAUC 0.9848 | tau+ 0.608
[OUTPOST-v4] epoch 307: test-all ROC 0.6764 PR 0.3224 | unseen ROC 0.5984 PR 0.1459 | valAUC 0.9790 | tau+ 0.881
[OUTPOST-v4] epoch 308: test-all ROC 0.6799 PR 0.3210 | unseen ROC 0.6032 PR 0.1483 | valAUC 0.9842 | tau+ 0.727
[OUTPOST-v4] epoch 309: test-all ROC 0.6784 PR 0.3241 | unseen ROC 0.6011 PR 0.1477 | valAUC 0.9782 | tau+ 0.837
[OUTPOST-v4] epoch 310: test-all ROC 0.6794 PR 0.3208 | unseen ROC 0.6022 PR 0.1478 | valAUC 0.9813 | tau+ 0.601
[OUTPOST-v4] epoch 311: test-all ROC 0.6775 PR 0.3215 | unseen ROC 0.6002 PR 0.1476 | valAUC 0.9802 | tau+ 0.660
[OUTPOST-v4] epoch 312: test-all ROC 0.6794 PR 0.3226 | unseen ROC 0.6023 PR 0.1487 | valAUC 0.9807 | tau+ 0.622
[OUTPOST-v4] epoch 313: test-all ROC 0.6790 PR 0.3239 | unseen ROC 0.6017 PR 0.1488 | valAUC 0.9828 | tau+ 0.500
[OUTPOST-v4] epoch 314: test-all ROC 0.6778 PR 0.3226 | unseen ROC 0.6003 PR 0.1482 | valAUC 0.9825 | tau+ 0.758
[OUTPOST-v4] epoch 315: test-all ROC 0.6753 PR 0.3226 | unseen ROC 0.5969 PR 0.1471 | valAUC 0.9796 | tau+ 0.874
[OUTPOST-v4] epoch 316: test-all ROC 0.6768 PR 0.3196 | unseen ROC 0.5994 PR 0.1476 | valAUC 0.9819 | tau+ 0.780
[OUTPOST-v4] epoch 317: test-all ROC 0.6757 PR 0.3212 | unseen ROC 0.5977 PR 0.1470 | valAUC 0.9761 | tau+ 0.682
[OUTPOST-v4] epoch 318: test-all ROC 0.6772 PR 0.3209 | unseen ROC 0.5997 PR 0.1481 | valAUC 0.9839 | tau+ 0.514
[OUTPOST-v4] epoch 319: test-all ROC 0.6757 PR 0.3213 | unseen ROC 0.5976 PR 0.1471 | valAUC 0.9744 | tau+ 0.500
[OUTPOST-v4] epoch 320: test-all ROC 0.6732 PR 0.3183 | unseen ROC 0.5945 PR 0.1455 | valAUC 0.9836 | tau+ 0.597
[OUTPOST-v4] epoch 321: test-all ROC 0.6745 PR 0.3209 | unseen ROC 0.5962 PR 0.1457 | valAUC 0.9825 | tau+ 0.781
[OUTPOST-v4] epoch 322: test-all ROC 0.6764 PR 0.3216 | unseen ROC 0.5986 PR 0.1461 | valAUC 0.9721 | tau+ 0.877
[OUTPOST-v4] epoch 323: test-all ROC 0.6759 PR 0.3202 | unseen ROC 0.5981 PR 0.1460 | valAUC 0.9848 | tau+ 0.730
[OUTPOST-v4] epoch 324: test-all ROC 0.6782 PR 0.3231 | unseen ROC 0.6009 PR 0.1476 | valAUC 0.9862 | tau+ 0.500
[OUTPOST-v4] epoch 325: test-all ROC 0.6761 PR 0.3227 | unseen ROC 0.5986 PR 0.1473 | valAUC 0.9822 | tau+ 0.557
[OUTPOST-v4] epoch 326: test-all ROC 0.6799 PR 0.3251 | unseen ROC 0.6031 PR 0.1494 | valAUC 0.9764 | tau+ 0.500
[OUTPOST-v4] epoch 327: test-all ROC 0.6786 PR 0.3234 | unseen ROC 0.6014 PR 0.1482 | valAUC 0.9813 | tau+ 0.674
[OUTPOST-v4] epoch 328: test-all ROC 0.6759 PR 0.3228 | unseen ROC 0.5983 PR 0.1477 | valAUC 0.9848 | tau+ 0.896
[OUTPOST-v4] epoch 329: test-all ROC 0.6757 PR 0.3214 | unseen ROC 0.5976 PR 0.1467 | valAUC 0.9756 | tau+ 0.943
[OUTPOST-v4] epoch 330: test-all ROC 0.6792 PR 0.3225 | unseen ROC 0.6023 PR 0.1479 | valAUC 0.9816 | tau+ 0.696
[OUTPOST-v4] epoch 331: test-all ROC 0.6742 PR 0.3235 | unseen ROC 0.5961 PR 0.1468 | valAUC 0.9819 | tau+ 0.795
[OUTPOST-v4] epoch 332: test-all ROC 0.6751 PR 0.3207 | unseen ROC 0.5970 PR 0.1463 | valAUC 0.9790 | tau+ 0.779
[OUTPOST-v4] epoch 333: test-all ROC 0.6713 PR 0.3213 | unseen ROC 0.5924 PR 0.1455 | valAUC 0.9807 | tau+ 0.511
[OUTPOST-v4] epoch 334: test-all ROC 0.6725 PR 0.3225 | unseen ROC 0.5937 PR 0.1452 | valAUC 0.9828 | tau+ 0.571
[OUTPOST-v4] epoch 335: test-all ROC 0.6735 PR 0.3199 | unseen ROC 0.5949 PR 0.1449 | valAUC 0.9819 | tau+ 0.951
[OUTPOST-v4] epoch 336: test-all ROC 0.6728 PR 0.3206 | unseen ROC 0.5940 PR 0.1446 | valAUC 0.9822 | tau+ 0.952
[OUTPOST-v4] epoch 337: test-all ROC 0.6713 PR 0.3228 | unseen ROC 0.5920 PR 0.1443 | valAUC 0.9845 | tau+ 0.816
[OUTPOST-v4] epoch 338: test-all ROC 0.6759 PR 0.3219 | unseen ROC 0.5980 PR 0.1471 | valAUC 0.9825 | tau+ 0.582
[OUTPOST-v4] epoch 339: test-all ROC 0.6776 PR 0.3228 | unseen ROC 0.6000 PR 0.1474 | valAUC 0.9790 | tau+ 0.631
[OUTPOST-v4] epoch 340: test-all ROC 0.6741 PR 0.3218 | unseen ROC 0.5955 PR 0.1456 | valAUC 0.9819 | tau+ 0.740
[OUTPOST-v4] epoch 341: test-all ROC 0.6733 PR 0.3207 | unseen ROC 0.5949 PR 0.1457 | valAUC 0.9859 | tau+ 0.613
[OUTPOST-v4] epoch 342: test-all ROC 0.6723 PR 0.3205 | unseen ROC 0.5932 PR 0.1449 | valAUC 0.9822 | tau+ 0.790
[OUTPOST-v4] epoch 343: test-all ROC 0.6724 PR 0.3227 | unseen ROC 0.5935 PR 0.1454 | valAUC 0.9842 | tau+ 0.922
[OUTPOST-v4] epoch 344: test-all ROC 0.6730 PR 0.3220 | unseen ROC 0.5940 PR 0.1458 | valAUC 0.9787 | tau+ 0.816
[OUTPOST-v4] epoch 345: test-all ROC 0.6727 PR 0.3245 | unseen ROC 0.5936 PR 0.1458 | valAUC 0.9805 | tau+ 0.642
[OUTPOST-v4] epoch 346: test-all ROC 0.6733 PR 0.3206 | unseen ROC 0.5946 PR 0.1464 | valAUC 0.9776 | tau+ 0.580
[OUTPOST-v4] epoch 347: test-all ROC 0.6751 PR 0.3242 | unseen ROC 0.5968 PR 0.1474 | valAUC 0.9833 | tau+ 0.790
[OUTPOST-v4] epoch 348: test-all ROC 0.6779 PR 0.3251 | unseen ROC 0.6003 PR 0.1487 | valAUC 0.9862 | tau+ 0.500
[OUTPOST-v4] epoch 349: test-all ROC 0.6747 PR 0.3237 | unseen ROC 0.5964 PR 0.1468 | valAUC 0.9856 | tau+ 0.700
[OUTPOST-v4] epoch 350: test-all ROC 0.6740 PR 0.3227 | unseen ROC 0.5955 PR 0.1466 | valAUC 0.9845 | tau+ 0.883
[OUTPOST-v4] epoch 351: test-all ROC 0.6784 PR 0.3236 | unseen ROC 0.6011 PR 0.1479 | valAUC 0.9839 | tau+ 0.875
[OUTPOST-v4] epoch 352: test-all ROC 0.6724 PR 0.3193 | unseen ROC 0.5937 PR 0.1459 | valAUC 0.9819 | tau+ 0.755
[OUTPOST-v4] epoch 353: test-all ROC 0.6727 PR 0.3216 | unseen ROC 0.5942 PR 0.1456 | valAUC 0.9733 | tau+ 0.660
[OUTPOST-v4] epoch 354: test-all ROC 0.6738 PR 0.3223 | unseen ROC 0.5957 PR 0.1466 | valAUC 0.9802 | tau+ 0.774
[OUTPOST-v4] epoch 355: test-all ROC 0.6734 PR 0.3244 | unseen ROC 0.5947 PR 0.1458 | valAUC 0.9845 | tau+ 0.500
[OUTPOST-v4] epoch 356: test-all ROC 0.6716 PR 0.3213 | unseen ROC 0.5924 PR 0.1443 | valAUC 0.9845 | tau+ 0.868
[OUTPOST-v4] epoch 357: test-all ROC 0.6713 PR 0.3202 | unseen ROC 0.5922 PR 0.1442 | valAUC 0.9848 | tau+ 0.822
[OUTPOST-v4] epoch 358: test-all ROC 0.6704 PR 0.3213 | unseen ROC 0.5910 PR 0.1445 | valAUC 0.9828 | tau+ 0.928
[OUTPOST-v4] epoch 359: test-all ROC 0.6728 PR 0.3235 | unseen ROC 0.5941 PR 0.1458 | valAUC 0.9807 | tau+ 0.500
[OUTPOST-v4] epoch 360: test-all ROC 0.6727 PR 0.3226 | unseen ROC 0.5941 PR 0.1456 | valAUC 0.9865 | tau+ 0.500
[OUTPOST-v4] epoch 361: test-all ROC 0.6749 PR 0.3228 | unseen ROC 0.5971 PR 0.1470 | valAUC 0.9868 | tau+ 0.500
[OUTPOST-v4] epoch 362: test-all ROC 0.6733 PR 0.3219 | unseen ROC 0.5947 PR 0.1463 | valAUC 0.9874 | tau+ 0.527
[OUTPOST-v4] epoch 363: test-all ROC 0.6747 PR 0.3229 | unseen ROC 0.5965 PR 0.1464 | valAUC 0.9799 | tau+ 0.782
[OUTPOST-v4] epoch 364: test-all ROC 0.6714 PR 0.3220 | unseen ROC 0.5923 PR 0.1449 | valAUC 0.9839 | tau+ 0.786
[OUTPOST-v4] epoch 365: test-all ROC 0.6708 PR 0.3215 | unseen ROC 0.5913 PR 0.1439 | valAUC 0.9839 | tau+ 0.877
[OUTPOST-v4] epoch 366: test-all ROC 0.6729 PR 0.3228 | unseen ROC 0.5940 PR 0.1454 | valAUC 0.9833 | tau+ 0.851
[OUTPOST-v4] epoch 367: test-all ROC 0.6726 PR 0.3245 | unseen ROC 0.5937 PR 0.1459 | valAUC 0.9816 | tau+ 0.655
[OUTPOST-v4] epoch 368: test-all ROC 0.6726 PR 0.3243 | unseen ROC 0.5937 PR 0.1456 | valAUC 0.9825 | tau+ 0.500
[OUTPOST-v4] epoch 369: test-all ROC 0.6719 PR 0.3213 | unseen ROC 0.5928 PR 0.1456 | valAUC 0.9799 | tau+ 0.500
[OUTPOST-v4] epoch 370: test-all ROC 0.6712 PR 0.3239 | unseen ROC 0.5918 PR 0.1446 | valAUC 0.9822 | tau+ 0.736
[OUTPOST-v4] epoch 371: test-all ROC 0.6692 PR 0.3220 | unseen ROC 0.5892 PR 0.1432 | valAUC 0.9828 | tau+ 0.834
[OUTPOST-v4] epoch 372: test-all ROC 0.6654 PR 0.3184 | unseen ROC 0.5847 PR 0.1417 | valAUC 0.9816 | tau+ 0.967
[OUTPOST-v4] epoch 373: test-all ROC 0.6676 PR 0.3173 | unseen ROC 0.5874 PR 0.1426 | valAUC 0.9845 | tau+ 0.837
[OUTPOST-v4] epoch 374: test-all ROC 0.6722 PR 0.3234 | unseen ROC 0.5933 PR 0.1448 | valAUC 0.9813 | tau+ 0.864
[OUTPOST-v4] epoch 375: test-all ROC 0.6665 PR 0.3215 | unseen ROC 0.5858 PR 0.1433 | valAUC 0.9853 | tau+ 0.500
[OUTPOST-v4] epoch 376: test-all ROC 0.6714 PR 0.3233 | unseen ROC 0.5923 PR 0.1453 | valAUC 0.9842 | tau+ 0.500
[OUTPOST-v4] epoch 377: test-all ROC 0.6710 PR 0.3229 | unseen ROC 0.5915 PR 0.1451 | valAUC 0.9816 | tau+ 0.500
[OUTPOST-v4] epoch 378: test-all ROC 0.6671 PR 0.3211 | unseen ROC 0.5868 PR 0.1430 | valAUC 0.9842 | tau+ 0.588
[OUTPOST-v4] epoch 379: test-all ROC 0.6693 PR 0.3200 | unseen ROC 0.5894 PR 0.1429 | valAUC 0.9796 | tau+ 0.955
[OUTPOST-v4] epoch 380: test-all ROC 0.6669 PR 0.3202 | unseen ROC 0.5865 PR 0.1423 | valAUC 0.9787 | tau+ 0.877
[OUTPOST-v4] epoch 381: test-all ROC 0.6666 PR 0.3189 | unseen ROC 0.5864 PR 0.1426 | valAUC 0.9830 | tau+ 0.724
[OUTPOST-v4] epoch 382: test-all ROC 0.6659 PR 0.3237 | unseen ROC 0.5853 PR 0.1429 | valAUC 0.9856 | tau+ 0.500
[OUTPOST-v4] epoch 383: test-all ROC 0.6662 PR 0.3205 | unseen ROC 0.5856 PR 0.1422 | valAUC 0.9833 | tau+ 0.500
[OUTPOST-v4] epoch 384: test-all ROC 0.6624 PR 0.3185 | unseen ROC 0.5811 PR 0.1413 | valAUC 0.9787 | tau+ 0.781
[OUTPOST-v4] epoch 385: test-all ROC 0.6643 PR 0.3197 | unseen ROC 0.5835 PR 0.1419 | valAUC 0.9842 | tau+ 0.768
[OUTPOST-v4] epoch 386: test-all ROC 0.6605 PR 0.3168 | unseen ROC 0.5787 PR 0.1400 | valAUC 0.9813 | tau+ 0.918
[OUTPOST-v4] epoch 387: test-all ROC 0.6629 PR 0.3211 | unseen ROC 0.5814 PR 0.1408 | valAUC 0.9833 | tau+ 0.899
[OUTPOST-v4] epoch 388: test-all ROC 0.6644 PR 0.3195 | unseen ROC 0.5834 PR 0.1415 | valAUC 0.9833 | tau+ 0.800
[OUTPOST-v4] epoch 389: test-all ROC 0.6674 PR 0.3220 | unseen ROC 0.5873 PR 0.1428 | valAUC 0.9833 | tau+ 0.589
[OUTPOST-v4] epoch 390: test-all ROC 0.6625 PR 0.3211 | unseen ROC 0.5809 PR 0.1409 | valAUC 0.9828 | tau+ 0.789
[OUTPOST-v4] epoch 391: test-all ROC 0.6610 PR 0.3169 | unseen ROC 0.5792 PR 0.1401 | valAUC 0.9805 | tau+ 0.873
[OUTPOST-v4] epoch 392: test-all ROC 0.6623 PR 0.3189 | unseen ROC 0.5805 PR 0.1403 | valAUC 0.9894 | tau+ 0.539
[OUTPOST-v4] epoch 393: test-all ROC 0.6604 PR 0.3170 | unseen ROC 0.5782 PR 0.1399 | valAUC 0.9825 | tau+ 0.761
[OUTPOST-v4] epoch 394: test-all ROC 0.6595 PR 0.3154 | unseen ROC 0.5774 PR 0.1399 | valAUC 0.9810 | tau+ 0.693
[OUTPOST-v4] epoch 395: test-all ROC 0.6605 PR 0.3175 | unseen ROC 0.5786 PR 0.1404 | valAUC 0.9790 | tau+ 0.500
[OUTPOST-v4] epoch 396: test-all ROC 0.6620 PR 0.3191 | unseen ROC 0.5804 PR 0.1411 | valAUC 0.9810 | tau+ 0.788
[OUTPOST-v4] epoch 397: test-all ROC 0.6637 PR 0.3191 | unseen ROC 0.5827 PR 0.1419 | valAUC 0.9874 | tau+ 0.820
[OUTPOST-v4] epoch 398: test-all ROC 0.6631 PR 0.3194 | unseen ROC 0.5816 PR 0.1413 | valAUC 0.9802 | tau+ 0.811
[OUTPOST-v4] epoch 399: test-all ROC 0.6632 PR 0.3189 | unseen ROC 0.5818 PR 0.1414 | valAUC 0.9819 | tau+ 0.562
  rotation 6: ROC 0.6901 PR 0.3251
[computers] params 54401, peak GPU 4.64 GB, 23.2 min total
[computers] ran 1/5 rotations; no results.csv row written. Merge the shards with:
    python analysis/scripts/merge_rotations.py
