# gpu=6 cmd=/usr/bin/python3 -u main.py --dataset computers --seed 0 --method outpost --tag E400_T_lambda_un0.5 --rotations 5 --set lambda_un=0.5 num_epochs=400 --save-scores
/nas/home/jahin/.local/lib/python3.10/site-packages/requests/__init__.py:113: RequestsDependencyWarning: urllib3 (1.26.5) or chardet (7.2.0)/charset_normalizer (3.4.4) doesn't match a supported version!
  warnings.warn(
[0.03170448 0.15575916 0.10282141 0.03941245 0.37507272 0.02239674
 0.03541303 0.05948226 0.1567772  0.02116056]
[computers] anomaly classes (rotations): [np.int64(0), np.int64(3), np.int64(5), np.int64(6), np.int64(9)]
[computers] running subset: [np.int64(5)]
Normal classes: [np.int64(1), np.int64(2), np.int64(4), np.int64(7), np.int64(8)] in computers
Building multi-layer GraphSage
[OUTPOST-v4] epoch 0: test-all ROC 0.4466 PR 0.1373 | unseen ROC 0.4408 PR 0.1232 | valAUC 0.5241 | tau+ 0.500
[OUTPOST-v4] epoch 1: test-all ROC 0.4477 PR 0.1366 | unseen ROC 0.4407 PR 0.1222 | valAUC 0.5092 | tau+ 0.500
[OUTPOST-v4] epoch 2: test-all ROC 0.4499 PR 0.1372 | unseen ROC 0.4428 PR 0.1227 | valAUC 0.4954 | tau+ 0.500
[OUTPOST-v4] epoch 3: test-all ROC 0.4507 PR 0.1379 | unseen ROC 0.4414 PR 0.1229 | valAUC 0.5305 | tau+ 0.500
[OUTPOST-v4] epoch 4: test-all ROC 0.4573 PR 0.1393 | unseen ROC 0.4468 PR 0.1236 | valAUC 0.5514 | tau+ 0.500
[OUTPOST-v4] epoch 5: test-all ROC 0.4603 PR 0.1399 | unseen ROC 0.4484 PR 0.1238 | valAUC 0.5466 | tau+ 0.500
[OUTPOST-v4] epoch 6: test-all ROC 0.4633 PR 0.1411 | unseen ROC 0.4506 PR 0.1247 | valAUC 0.5963 | tau+ 0.500
[OUTPOST-v4] epoch 7: test-all ROC 0.4699 PR 0.1428 | unseen ROC 0.4557 PR 0.1257 | valAUC 0.5951 | tau+ 0.500
[OUTPOST-v4] epoch 8: test-all ROC 0.4795 PR 0.1457 | unseen ROC 0.4621 PR 0.1274 | valAUC 0.6063 | tau+ 0.500
[OUTPOST-v4] epoch 9: test-all ROC 0.4946 PR 0.1517 | unseen ROC 0.4714 PR 0.1307 | valAUC 0.6931 | tau+ 0.500
[OUTPOST-v4] epoch 10: test-all ROC 0.5272 PR 0.1646 | unseen ROC 0.4977 PR 0.1384 | valAUC 0.7517 | tau+ 0.500
[OUTPOST-v4] epoch 11: test-all ROC 0.5658 PR 0.1897 | unseen ROC 0.5286 PR 0.1495 | valAUC 0.8425 | tau+ 0.500
[OUTPOST-v4] epoch 12: test-all ROC 0.5661 PR 0.2009 | unseen ROC 0.5349 PR 0.1566 | valAUC 0.7638 | tau+ 0.500
[OUTPOST-v4] epoch 13: test-all ROC 0.5530 PR 0.1915 | unseen ROC 0.5340 PR 0.1611 | valAUC 0.6307 | tau+ 0.500
[OUTPOST-v4] epoch 14: test-all ROC 0.5540 PR 0.1908 | unseen ROC 0.5398 PR 0.1654 | valAUC 0.5716 | tau+ 0.500
[OUTPOST-v4] epoch 15: test-all ROC 0.5783 PR 0.2029 | unseen ROC 0.5609 PR 0.1728 | valAUC 0.6511 | tau+ 0.500
[OUTPOST-v4] epoch 16: test-all ROC 0.6021 PR 0.2286 | unseen ROC 0.5662 PR 0.1724 | valAUC 0.8345 | tau+ 0.500
[OUTPOST-v4] epoch 17: test-all ROC 0.5871 PR 0.2172 | unseen ROC 0.5445 PR 0.1560 | valAUC 0.9092 | tau+ 0.500
[OUTPOST-v4] epoch 18: test-all ROC 0.5638 PR 0.1930 | unseen ROC 0.5195 PR 0.1437 | valAUC 0.9250 | tau+ 0.500
[OUTPOST-v4] epoch 19: test-all ROC 0.5652 PR 0.1902 | unseen ROC 0.5216 PR 0.1451 | valAUC 0.9109 | tau+ 0.500
[OUTPOST-v4] epoch 20: test-all ROC 0.5458 PR 0.1805 | unseen ROC 0.4997 PR 0.1375 | valAUC 0.9193 | tau+ 0.500
[OUTPOST-v4] epoch 21: test-all ROC 0.5571 PR 0.1867 | unseen ROC 0.5110 PR 0.1419 | valAUC 0.9141 | tau+ 0.500
[OUTPOST-v4] epoch 22: test-all ROC 0.5693 PR 0.1974 | unseen ROC 0.5222 PR 0.1456 | valAUC 0.9445 | tau+ 0.500
[OUTPOST-v4] epoch 23: test-all ROC 0.5890 PR 0.2161 | unseen ROC 0.5412 PR 0.1542 | valAUC 0.9727 | tau+ 0.500
[OUTPOST-v4] epoch 24: test-all ROC 0.6102 PR 0.2304 | unseen ROC 0.5643 PR 0.1638 | valAUC 0.9787 | tau+ 0.500
[OUTPOST-v4] epoch 25: test-all ROC 0.6230 PR 0.2926 | unseen ROC 0.5756 PR 0.1714 | valAUC 0.9977 | tau+ 0.500
[OUTPOST-v4] epoch 26: test-all ROC 0.6303 PR 0.3122 | unseen ROC 0.5832 PR 0.1752 | valAUC 0.9991 | tau+ 0.500
[OUTPOST-v4] epoch 27: test-all ROC 0.6291 PR 0.3151 | unseen ROC 0.5817 PR 0.1752 | valAUC 1.0000 | tau+ 0.500
[OUTPOST-v4] epoch 28: test-all ROC 0.6340 PR 0.3168 | unseen ROC 0.5872 PR 0.1779 | valAUC 0.9960 | tau+ 0.500
[OUTPOST-v4] epoch 29: test-all ROC 0.6395 PR 0.3241 | unseen ROC 0.5933 PR 0.1810 | valAUC 0.9983 | tau+ 0.500
[OUTPOST-v4] epoch 30: test-all ROC 0.6416 PR 0.3250 | unseen ROC 0.5959 PR 0.1836 | valAUC 0.9980 | tau+ 0.500
[OUTPOST-v4] epoch 31: test-all ROC 0.6366 PR 0.3097 | unseen ROC 0.5907 PR 0.1804 | valAUC 0.9914 | tau+ 0.500
[OUTPOST-v4] epoch 32: test-all ROC 0.6319 PR 0.3071 | unseen ROC 0.5854 PR 0.1787 | valAUC 0.9899 | tau+ 0.500
[OUTPOST-v4] epoch 33: test-all ROC 0.6476 PR 0.3280 | unseen ROC 0.6025 PR 0.1867 | valAUC 0.9928 | tau+ 0.500
[OUTPOST-v4] epoch 34: test-all ROC 0.6527 PR 0.3375 | unseen ROC 0.6082 PR 0.1924 | valAUC 0.9977 | tau+ 0.500
[OUTPOST-v4] epoch 35: test-all ROC 0.6519 PR 0.3369 | unseen ROC 0.6073 PR 0.1923 | valAUC 0.9986 | tau+ 0.500
[OUTPOST-v4] epoch 36: test-all ROC 0.6499 PR 0.3370 | unseen ROC 0.6050 PR 0.1919 | valAUC 0.9974 | tau+ 0.500
[OUTPOST-v4] epoch 37: test-all ROC 0.6505 PR 0.3372 | unseen ROC 0.6057 PR 0.1918 | valAUC 0.9968 | tau+ 0.500
[OUTPOST-v4] epoch 38: test-all ROC 0.6573 PR 0.3460 | unseen ROC 0.6133 PR 0.1983 | valAUC 0.9994 | tau+ 0.500
[OUTPOST-v4] epoch 39: test-all ROC 0.6577 PR 0.3478 | unseen ROC 0.6136 PR 0.1994 | valAUC 0.9989 | tau+ 0.500
[OUTPOST-v4] epoch 40: test-all ROC 0.6553 PR 0.3461 | unseen ROC 0.6109 PR 0.1967 | valAUC 0.9994 | tau+ 0.500
[OUTPOST-v4] epoch 41: test-all ROC 0.6490 PR 0.3409 | unseen ROC 0.6038 PR 0.1937 | valAUC 0.9994 | tau+ 0.500
[OUTPOST-v4] epoch 42: test-all ROC 0.6511 PR 0.3415 | unseen ROC 0.6062 PR 0.1936 | valAUC 0.9989 | tau+ 0.500
[OUTPOST-v4] epoch 43: test-all ROC 0.6546 PR 0.3488 | unseen ROC 0.6100 PR 0.1978 | valAUC 0.9994 | tau+ 0.500
[OUTPOST-v4] epoch 44: test-all ROC 0.6552 PR 0.3451 | unseen ROC 0.6108 PR 0.1972 | valAUC 0.9991 | tau+ 0.500
[OUTPOST-v4] epoch 45: test-all ROC 0.6603 PR 0.3516 | unseen ROC 0.6165 PR 0.2020 | valAUC 1.0000 | tau+ 0.500
[OUTPOST-v4] epoch 46: test-all ROC 0.6619 PR 0.3518 | unseen ROC 0.6183 PR 0.2030 | valAUC 0.9997 | tau+ 0.500
[OUTPOST-v4] epoch 47: test-all ROC 0.6624 PR 0.3516 | unseen ROC 0.6189 PR 0.2024 | valAUC 0.9989 | tau+ 0.500
[OUTPOST-v4] epoch 48: test-all ROC 0.6558 PR 0.3484 | unseen ROC 0.6114 PR 0.1998 | valAUC 0.9983 | tau+ 0.500
[OUTPOST-v4] epoch 49: test-all ROC 0.6564 PR 0.3488 | unseen ROC 0.6120 PR 0.1993 | valAUC 0.9983 | tau+ 0.500
[OUTPOST-v4] epoch 50: test-all ROC 0.6563 PR 0.3446 | unseen ROC 0.6120 PR 0.1975 | valAUC 0.9983 | tau+ 0.500
[OUTPOST-v4] epoch 51: test-all ROC 0.6566 PR 0.3460 | unseen ROC 0.6125 PR 0.1996 | valAUC 0.9994 | tau+ 0.500
[OUTPOST-v4] epoch 52: test-all ROC 0.6594 PR 0.3485 | unseen ROC 0.6155 PR 0.2005 | valAUC 0.9986 | tau+ 0.500
[OUTPOST-v4] epoch 53: test-all ROC 0.6586 PR 0.3519 | unseen ROC 0.6146 PR 0.2020 | valAUC 0.9991 | tau+ 0.500
[OUTPOST-v4] epoch 54: test-all ROC 0.6576 PR 0.3480 | unseen ROC 0.6135 PR 0.2014 | valAUC 0.9989 | tau+ 0.500
[OUTPOST-v4] epoch 55: test-all ROC 0.6545 PR 0.3453 | unseen ROC 0.6100 PR 0.1996 | valAUC 0.9968 | tau+ 0.500
[OUTPOST-v4] epoch 56: test-all ROC 0.6553 PR 0.3447 | unseen ROC 0.6109 PR 0.2003 | valAUC 0.9974 | tau+ 0.500
[OUTPOST-v4] epoch 57: test-all ROC 0.6556 PR 0.3441 | unseen ROC 0.6114 PR 0.1994 | valAUC 0.9960 | tau+ 0.500
[OUTPOST-v4] epoch 58: test-all ROC 0.6622 PR 0.3556 | unseen ROC 0.6186 PR 0.2051 | valAUC 0.9989 | tau+ 0.500
[OUTPOST-v4] epoch 59: test-all ROC 0.6698 PR 0.3639 | unseen ROC 0.6272 PR 0.2120 | valAUC 0.9991 | tau+ 0.500
[OUTPOST-v4] epoch 60: test-all ROC 0.6735 PR 0.3681 | unseen ROC 0.6314 PR 0.2161 | valAUC 1.0000 | tau+ 0.500
[OUTPOST-v4] epoch 61: test-all ROC 0.6758 PR 0.3694 | unseen ROC 0.6340 PR 0.2165 | valAUC 0.9994 | tau+ 0.500
[OUTPOST-v4] epoch 62: test-all ROC 0.6733 PR 0.3687 | unseen ROC 0.6311 PR 0.2172 | valAUC 0.9994 | tau+ 0.500
[OUTPOST-v4] epoch 63: test-all ROC 0.6776 PR 0.3720 | unseen ROC 0.6360 PR 0.2183 | valAUC 1.0000 | tau+ 0.500
[OUTPOST-v4] epoch 64: test-all ROC 0.6758 PR 0.3698 | unseen ROC 0.6339 PR 0.2189 | valAUC 0.9989 | tau+ 0.500
[OUTPOST-v4] epoch 65: test-all ROC 0.6800 PR 0.3757 | unseen ROC 0.6386 PR 0.2224 | valAUC 0.9997 | tau+ 0.500
[OUTPOST-v4] epoch 66: test-all ROC 0.6775 PR 0.3785 | unseen ROC 0.6358 PR 0.2250 | valAUC 1.0000 | tau+ 0.500
[OUTPOST-v4] epoch 67: test-all ROC 0.6855 PR 0.3877 | unseen ROC 0.6449 PR 0.2336 | valAUC 1.0000 | tau+ 0.500
[OUTPOST-v4] epoch 68: test-all ROC 0.6838 PR 0.3842 | unseen ROC 0.6430 PR 0.2312 | valAUC 0.9991 | tau+ 0.500
[OUTPOST-v4] epoch 69: test-all ROC 0.6838 PR 0.3874 | unseen ROC 0.6429 PR 0.2326 | valAUC 1.0000 | tau+ 0.500
[OUTPOST-v4] epoch 70: test-all ROC 0.6804 PR 0.3812 | unseen ROC 0.6391 PR 0.2286 | valAUC 1.0000 | tau+ 0.500
[OUTPOST-v4] epoch 71: test-all ROC 0.6755 PR 0.3733 | unseen ROC 0.6336 PR 0.2207 | valAUC 1.0000 | tau+ 0.500
[OUTPOST-v4] epoch 72: test-all ROC 0.6787 PR 0.3813 | unseen ROC 0.6371 PR 0.2271 | valAUC 1.0000 | tau+ 0.500
[OUTPOST-v4] epoch 73: test-all ROC 0.6836 PR 0.3845 | unseen ROC 0.6428 PR 0.2319 | valAUC 1.0000 | tau+ 0.500
[OUTPOST-v4] epoch 74: test-all ROC 0.6864 PR 0.3906 | unseen ROC 0.6459 PR 0.2371 | valAUC 1.0000 | tau+ 0.500
[OUTPOST-v4] epoch 75: test-all ROC 0.6879 PR 0.3945 | unseen ROC 0.6476 PR 0.2404 | valAUC 1.0000 | tau+ 0.500
[OUTPOST-v4] epoch 76: test-all ROC 0.6912 PR 0.4015 | unseen ROC 0.6513 PR 0.2468 | valAUC 1.0000 | tau+ 0.500
[OUTPOST-v4] epoch 77: test-all ROC 0.6897 PR 0.3973 | unseen ROC 0.6495 PR 0.2424 | valAUC 1.0000 | tau+ 0.500
[OUTPOST-v4] epoch 78: test-all ROC 0.6856 PR 0.3957 | unseen ROC 0.6450 PR 0.2413 | valAUC 1.0000 | tau+ 0.500
[OUTPOST-v4] epoch 79: test-all ROC 0.6844 PR 0.3941 | unseen ROC 0.6436 PR 0.2394 | valAUC 1.0000 | tau+ 0.500
[OUTPOST-v4] epoch 80: test-all ROC 0.6873 PR 0.3983 | unseen ROC 0.6469 PR 0.2443 | valAUC 1.0000 | tau+ 0.500
[OUTPOST-v4] epoch 81: test-all ROC 0.6943 PR 0.4081 | unseen ROC 0.6548 PR 0.2548 | valAUC 1.0000 | tau+ 0.500
[OUTPOST-v4] epoch 82: test-all ROC 0.7004 PR 0.4173 | unseen ROC 0.6617 PR 0.2639 | valAUC 1.0000 | tau+ 0.500
[OUTPOST-v4] epoch 83: test-all ROC 0.7006 PR 0.4187 | unseen ROC 0.6619 PR 0.2654 | valAUC 1.0000 | tau+ 0.500
[OUTPOST-v4] epoch 84: test-all ROC 0.7028 PR 0.4230 | unseen ROC 0.6644 PR 0.2688 | valAUC 1.0000 | tau+ 0.500
[OUTPOST-v4] epoch 85: test-all ROC 0.7029 PR 0.4209 | unseen ROC 0.6645 PR 0.2680 | valAUC 1.0000 | tau+ 0.500
[OUTPOST-v4] epoch 86: test-all ROC 0.7030 PR 0.4198 | unseen ROC 0.6646 PR 0.2678 | valAUC 1.0000 | tau+ 0.500
[OUTPOST-v4] epoch 87: test-all ROC 0.7034 PR 0.4207 | unseen ROC 0.6651 PR 0.2680 | valAUC 0.9997 | tau+ 0.500
[OUTPOST-v4] epoch 88: test-all ROC 0.7028 PR 0.4197 | unseen ROC 0.6644 PR 0.2664 | valAUC 0.9997 | tau+ 0.500
[OUTPOST-v4] epoch 89: test-all ROC 0.7105 PR 0.4318 | unseen ROC 0.6730 PR 0.2807 | valAUC 0.9997 | tau+ 0.500
[OUTPOST-v4] epoch 90: test-all ROC 0.7122 PR 0.4368 | unseen ROC 0.6750 PR 0.2853 | valAUC 0.9997 | tau+ 0.500
[OUTPOST-v4] epoch 91: test-all ROC 0.7134 PR 0.4418 | unseen ROC 0.6763 PR 0.2927 | valAUC 0.9997 | tau+ 0.500
[OUTPOST-v4] epoch 92: test-all ROC 0.7154 PR 0.4460 | unseen ROC 0.6786 PR 0.2975 | valAUC 0.9997 | tau+ 0.500
[OUTPOST-v4] epoch 93: test-all ROC 0.7163 PR 0.4447 | unseen ROC 0.6796 PR 0.2958 | valAUC 0.9997 | tau+ 0.500
[OUTPOST-v4] epoch 94: test-all ROC 0.7132 PR 0.4379 | unseen ROC 0.6761 PR 0.2877 | valAUC 0.9997 | tau+ 0.500
[OUTPOST-v4] epoch 95: test-all ROC 0.7107 PR 0.4331 | unseen ROC 0.6733 PR 0.2831 | valAUC 0.9997 | tau+ 0.500
[OUTPOST-v4] epoch 96: test-all ROC 0.7099 PR 0.4328 | unseen ROC 0.6725 PR 0.2819 | valAUC 0.9994 | tau+ 0.500
[OUTPOST-v4] epoch 97: test-all ROC 0.7116 PR 0.4340 | unseen ROC 0.6743 PR 0.2816 | valAUC 0.9994 | tau+ 0.500
[OUTPOST-v4] epoch 98: test-all ROC 0.7089 PR 0.4263 | unseen ROC 0.6712 PR 0.2737 | valAUC 0.9994 | tau+ 0.500
[OUTPOST-v4] epoch 99: test-all ROC 0.7095 PR 0.4252 | unseen ROC 0.6720 PR 0.2731 | valAUC 0.9994 | tau+ 0.500
[OUTPOST-v4] epoch 100: test-all ROC 0.7118 PR 0.4262 | unseen ROC 0.6745 PR 0.2740 | valAUC 0.9994 | tau+ 0.500
[OUTPOST-v4] epoch 101: test-all ROC 0.7115 PR 0.4274 | unseen ROC 0.6742 PR 0.2741 | valAUC 0.9994 | tau+ 0.500
[OUTPOST-v4] epoch 102: test-all ROC 0.7117 PR 0.4247 | unseen ROC 0.6744 PR 0.2710 | valAUC 0.9994 | tau+ 0.500
[OUTPOST-v4] epoch 103: test-all ROC 0.7129 PR 0.4265 | unseen ROC 0.6758 PR 0.2750 | valAUC 0.9994 | tau+ 0.500
[OUTPOST-v4] epoch 104: test-all ROC 0.7149 PR 0.4263 | unseen ROC 0.6780 PR 0.2737 | valAUC 0.9994 | tau+ 0.500
[OUTPOST-v4] epoch 105: test-all ROC 0.7148 PR 0.4323 | unseen ROC 0.6780 PR 0.2796 | valAUC 0.9994 | tau+ 0.500
[OUTPOST-v4] epoch 106: test-all ROC 0.7179 PR 0.4379 | unseen ROC 0.6814 PR 0.2863 | valAUC 0.9994 | tau+ 0.500
[OUTPOST-v4] epoch 107: test-all ROC 0.7264 PR 0.4451 | unseen ROC 0.6911 PR 0.2954 | valAUC 0.9994 | tau+ 0.500
[OUTPOST-v4] epoch 108: test-all ROC 0.7273 PR 0.4505 | unseen ROC 0.6920 PR 0.3018 | valAUC 0.9994 | tau+ 0.500
[OUTPOST-v4] epoch 109: test-all ROC 0.7281 PR 0.4517 | unseen ROC 0.6930 PR 0.3042 | valAUC 0.9994 | tau+ 0.500
[OUTPOST-v4] epoch 110: test-all ROC 0.7284 PR 0.4543 | unseen ROC 0.6934 PR 0.3081 | valAUC 0.9994 | tau+ 0.500
[OUTPOST-v4] epoch 111: test-all ROC 0.7282 PR 0.4514 | unseen ROC 0.6931 PR 0.3059 | valAUC 0.9994 | tau+ 0.500
[OUTPOST-v4] epoch 112: test-all ROC 0.7280 PR 0.4499 | unseen ROC 0.6929 PR 0.3038 | valAUC 0.9994 | tau+ 0.500
[OUTPOST-v4] epoch 113: test-all ROC 0.7278 PR 0.4493 | unseen ROC 0.6926 PR 0.2988 | valAUC 0.9994 | tau+ 0.500
[OUTPOST-v4] epoch 114: test-all ROC 0.7285 PR 0.4411 | unseen ROC 0.6935 PR 0.2918 | valAUC 0.9994 | tau+ 0.500
[OUTPOST-v4] epoch 115: test-all ROC 0.7228 PR 0.4382 | unseen ROC 0.6870 PR 0.2866 | valAUC 0.9994 | tau+ 0.500
[OUTPOST-v4] epoch 116: test-all ROC 0.7226 PR 0.4396 | unseen ROC 0.6867 PR 0.2869 | valAUC 0.9994 | tau+ 0.500
[OUTPOST-v4] epoch 117: test-all ROC 0.7206 PR 0.4380 | unseen ROC 0.6844 PR 0.2846 | valAUC 0.9994 | tau+ 0.500
[OUTPOST-v4] epoch 118: test-all ROC 0.7227 PR 0.4395 | unseen ROC 0.6869 PR 0.2876 | valAUC 0.9994 | tau+ 0.500
[OUTPOST-v4] epoch 119: test-all ROC 0.7217 PR 0.4427 | unseen ROC 0.6857 PR 0.2906 | valAUC 0.9994 | tau+ 0.500
[OUTPOST-v4] epoch 120: test-all ROC 0.7211 PR 0.4405 | unseen ROC 0.6850 PR 0.2885 | valAUC 0.9994 | tau+ 0.500
[OUTPOST-v4] epoch 121: test-all ROC 0.7236 PR 0.4418 | unseen ROC 0.6879 PR 0.2895 | valAUC 0.9994 | tau+ 0.500
[OUTPOST-v4] epoch 122: test-all ROC 0.7264 PR 0.4478 | unseen ROC 0.6910 PR 0.2965 | valAUC 0.9994 | tau+ 0.500
[OUTPOST-v4] epoch 123: test-all ROC 0.7270 PR 0.4462 | unseen ROC 0.6918 PR 0.2943 | valAUC 0.9994 | tau+ 0.500
[OUTPOST-v4] epoch 124: test-all ROC 0.7255 PR 0.4435 | unseen ROC 0.6900 PR 0.2922 | valAUC 0.9994 | tau+ 0.500
[OUTPOST-v4] epoch 125: test-all ROC 0.7234 PR 0.4394 | unseen ROC 0.6876 PR 0.2889 | valAUC 0.9994 | tau+ 0.500
[OUTPOST-v4] epoch 126: test-all ROC 0.7209 PR 0.4367 | unseen ROC 0.6849 PR 0.2857 | valAUC 0.9994 | tau+ 0.500
[OUTPOST-v4] epoch 127: test-all ROC 0.7191 PR 0.4362 | unseen ROC 0.6828 PR 0.2861 | valAUC 0.9994 | tau+ 0.500
[OUTPOST-v4] epoch 128: test-all ROC 0.7260 PR 0.4502 | unseen ROC 0.6906 PR 0.2999 | valAUC 0.9994 | tau+ 0.500
[OUTPOST-v4] epoch 129: test-all ROC 0.7303 PR 0.4526 | unseen ROC 0.6954 PR 0.3049 | valAUC 0.9994 | tau+ 0.500
[OUTPOST-v4] epoch 130: test-all ROC 0.7318 PR 0.4604 | unseen ROC 0.6972 PR 0.3147 | valAUC 0.9994 | tau+ 0.500
[OUTPOST-v4] epoch 131: test-all ROC 0.7320 PR 0.4645 | unseen ROC 0.6974 PR 0.3196 | valAUC 0.9994 | tau+ 0.500
[OUTPOST-v4] epoch 132: test-all ROC 0.7349 PR 0.4614 | unseen ROC 0.7006 PR 0.3146 | valAUC 0.9994 | tau+ 0.500
[OUTPOST-v4] epoch 133: test-all ROC 0.7271 PR 0.4533 | unseen ROC 0.6918 PR 0.3041 | valAUC 0.9994 | tau+ 0.500
[OUTPOST-v4] epoch 134: test-all ROC 0.7285 PR 0.4508 | unseen ROC 0.6935 PR 0.3050 | valAUC 0.9994 | tau+ 0.500
[OUTPOST-v4] epoch 135: test-all ROC 0.7327 PR 0.4564 | unseen ROC 0.6981 PR 0.3077 | valAUC 0.9994 | tau+ 0.500
[OUTPOST-v4] epoch 136: test-all ROC 0.7312 PR 0.4528 | unseen ROC 0.6965 PR 0.3041 | valAUC 0.9994 | tau+ 0.500
[OUTPOST-v4] epoch 137: test-all ROC 0.7336 PR 0.4556 | unseen ROC 0.6992 PR 0.3069 | valAUC 0.9994 | tau+ 0.500
[OUTPOST-v4] epoch 138: test-all ROC 0.7339 PR 0.4615 | unseen ROC 0.6996 PR 0.3138 | valAUC 0.9994 | tau+ 0.500
[OUTPOST-v4] epoch 139: test-all ROC 0.7376 PR 0.4682 | unseen ROC 0.7037 PR 0.3230 | valAUC 0.9991 | tau+ 0.500
[OUTPOST-v4] epoch 140: test-all ROC 0.7436 PR 0.4806 | unseen ROC 0.7105 PR 0.3390 | valAUC 0.9991 | tau+ 0.500
[OUTPOST-v4] epoch 141: test-all ROC 0.7489 PR 0.4870 | unseen ROC 0.7165 PR 0.3496 | valAUC 0.9991 | tau+ 0.500
[OUTPOST-v4] epoch 142: test-all ROC 0.7491 PR 0.4869 | unseen ROC 0.7167 PR 0.3470 | valAUC 0.9991 | tau+ 0.500
[OUTPOST-v4] epoch 143: test-all ROC 0.7500 PR 0.4861 | unseen ROC 0.7177 PR 0.3456 | valAUC 0.9991 | tau+ 0.500
[OUTPOST-v4] epoch 144: test-all ROC 0.7452 PR 0.4759 | unseen ROC 0.7123 PR 0.3338 | valAUC 0.9991 | tau+ 0.500
[OUTPOST-v4] epoch 145: test-all ROC 0.7437 PR 0.4749 | unseen ROC 0.7106 PR 0.3294 | valAUC 0.9991 | tau+ 0.500
[OUTPOST-v4] epoch 146: test-all ROC 0.7430 PR 0.4725 | unseen ROC 0.7098 PR 0.3269 | valAUC 0.9991 | tau+ 0.500
[OUTPOST-v4] epoch 147: test-all ROC 0.7445 PR 0.4737 | unseen ROC 0.7115 PR 0.3286 | valAUC 0.9991 | tau+ 0.500
[OUTPOST-v4] epoch 148: test-all ROC 0.7438 PR 0.4778 | unseen ROC 0.7106 PR 0.3322 | valAUC 0.9991 | tau+ 0.500
[OUTPOST-v4] epoch 149: test-all ROC 0.7508 PR 0.4892 | unseen ROC 0.7187 PR 0.3508 | valAUC 0.9991 | tau+ 0.500
[OUTPOST-v4] epoch 150: test-all ROC 0.7546 PR 0.4964 | unseen ROC 0.7229 PR 0.3594 | valAUC 0.9991 | tau+ 0.500
[OUTPOST-v4] epoch 151: test-all ROC 0.7594 PR 0.5070 | unseen ROC 0.7283 PR 0.3731 | valAUC 0.9991 | tau+ 0.500
[OUTPOST-v4] epoch 152: test-all ROC 0.7594 PR 0.5104 | unseen ROC 0.7284 PR 0.3806 | valAUC 0.9991 | tau+ 0.500
[OUTPOST-v4] epoch 153: test-all ROC 0.7559 PR 0.5036 | unseen ROC 0.7244 PR 0.3704 | valAUC 0.9991 | tau+ 0.500
[OUTPOST-v4] epoch 154: test-all ROC 0.7563 PR 0.5014 | unseen ROC 0.7248 PR 0.3662 | valAUC 0.9991 | tau+ 0.500
[OUTPOST-v4] epoch 155: test-all ROC 0.7517 PR 0.4931 | unseen ROC 0.7196 PR 0.3576 | valAUC 0.9991 | tau+ 0.500
[OUTPOST-v4] epoch 156: test-all ROC 0.7521 PR 0.4901 | unseen ROC 0.7202 PR 0.3531 | valAUC 0.9991 | tau+ 0.500
[OUTPOST-v4] epoch 157: test-all ROC 0.7448 PR 0.4859 | unseen ROC 0.7119 PR 0.3474 | valAUC 0.9991 | tau+ 0.500
[OUTPOST-v4] epoch 158: test-all ROC 0.7513 PR 0.4872 | unseen ROC 0.7192 PR 0.3477 | valAUC 0.9991 | tau+ 0.500
[OUTPOST-v4] epoch 159: test-all ROC 0.7476 PR 0.4901 | unseen ROC 0.7151 PR 0.3520 | valAUC 0.9991 | tau+ 0.500
[OUTPOST-v4] epoch 160: test-all ROC 0.7470 PR 0.4944 | unseen ROC 0.7143 PR 0.3571 | valAUC 0.9991 | tau+ 0.500
[OUTPOST-v4] epoch 161: test-all ROC 0.7481 PR 0.4917 | unseen ROC 0.7156 PR 0.3542 | valAUC 0.9991 | tau+ 0.500
[OUTPOST-v4] epoch 162: test-all ROC 0.7462 PR 0.4919 | unseen ROC 0.7135 PR 0.3532 | valAUC 0.9991 | tau+ 0.500
[OUTPOST-v4] epoch 163: test-all ROC 0.7440 PR 0.4882 | unseen ROC 0.7109 PR 0.3471 | valAUC 0.9991 | tau+ 0.500
[OUTPOST-v4] epoch 164: test-all ROC 0.7471 PR 0.4915 | unseen ROC 0.7145 PR 0.3538 | valAUC 0.9991 | tau+ 0.500
[OUTPOST-v4] epoch 165: test-all ROC 0.7464 PR 0.4951 | unseen ROC 0.7137 PR 0.3582 | valAUC 0.9991 | tau+ 0.500
[OUTPOST-v4] epoch 166: test-all ROC 0.7413 PR 0.4920 | unseen ROC 0.7078 PR 0.3542 | valAUC 0.9991 | tau+ 0.500
[OUTPOST-v4] epoch 167: test-all ROC 0.7470 PR 0.4932 | unseen ROC 0.7143 PR 0.3533 | valAUC 0.9991 | tau+ 0.500
[OUTPOST-v4] epoch 168: test-all ROC 0.7461 PR 0.4961 | unseen ROC 0.7133 PR 0.3590 | valAUC 0.9991 | tau+ 0.500
[OUTPOST-v4] epoch 169: test-all ROC 0.7472 PR 0.5009 | unseen ROC 0.7146 PR 0.3668 | valAUC 0.9991 | tau+ 0.500
[OUTPOST-v4] epoch 170: test-all ROC 0.7552 PR 0.5142 | unseen ROC 0.7236 PR 0.3838 | valAUC 0.9991 | tau+ 0.500
[OUTPOST-v4] epoch 171: test-all ROC 0.7579 PR 0.5218 | unseen ROC 0.7266 PR 0.3932 | valAUC 0.9991 | tau+ 0.500
[OUTPOST-v4] epoch 172: test-all ROC 0.7607 PR 0.5208 | unseen ROC 0.7298 PR 0.3927 | valAUC 0.9991 | tau+ 0.500
[OUTPOST-v4] epoch 173: test-all ROC 0.7599 PR 0.5212 | unseen ROC 0.7289 PR 0.3930 | valAUC 0.9991 | tau+ 0.500
[OUTPOST-v4] epoch 174: test-all ROC 0.7555 PR 0.5141 | unseen ROC 0.7240 PR 0.3844 | valAUC 0.9991 | tau+ 0.500
[OUTPOST-v4] epoch 175: test-all ROC 0.7518 PR 0.5128 | unseen ROC 0.7198 PR 0.3820 | valAUC 0.9991 | tau+ 0.500
[OUTPOST-v4] epoch 176: test-all ROC 0.7491 PR 0.5059 | unseen ROC 0.7168 PR 0.3719 | valAUC 0.9991 | tau+ 0.500
[OUTPOST-v4] epoch 177: test-all ROC 0.7466 PR 0.4964 | unseen ROC 0.7139 PR 0.3603 | valAUC 0.9991 | tau+ 0.500
[OUTPOST-v4] epoch 178: test-all ROC 0.7420 PR 0.4873 | unseen ROC 0.7087 PR 0.3486 | valAUC 0.9991 | tau+ 0.500
[OUTPOST-v4] epoch 179: test-all ROC 0.7484 PR 0.4907 | unseen ROC 0.7160 PR 0.3521 | valAUC 0.9991 | tau+ 0.500
[OUTPOST-v4] epoch 180: test-all ROC 0.7502 PR 0.4960 | unseen ROC 0.7180 PR 0.3573 | valAUC 0.9991 | tau+ 0.500
[OUTPOST-v4] epoch 181: test-all ROC 0.7521 PR 0.5011 | unseen ROC 0.7201 PR 0.3661 | valAUC 0.9991 | tau+ 0.500
[OUTPOST-v4] epoch 182: test-all ROC 0.7576 PR 0.5154 | unseen ROC 0.7263 PR 0.3840 | valAUC 0.9991 | tau+ 0.500
[OUTPOST-v4] epoch 183: test-all ROC 0.7615 PR 0.5220 | unseen ROC 0.7307 PR 0.3929 | valAUC 0.9991 | tau+ 0.500
[OUTPOST-v4] epoch 184: test-all ROC 0.7617 PR 0.5255 | unseen ROC 0.7309 PR 0.4011 | valAUC 0.9989 | tau+ 0.500
[OUTPOST-v4] epoch 185: test-all ROC 0.7632 PR 0.5315 | unseen ROC 0.7327 PR 0.4070 | valAUC 0.9991 | tau+ 0.500
[OUTPOST-v4] epoch 186: test-all ROC 0.7625 PR 0.5288 | unseen ROC 0.7319 PR 0.4041 | valAUC 0.9991 | tau+ 0.500
[OUTPOST-v4] epoch 187: test-all ROC 0.7608 PR 0.5250 | unseen ROC 0.7300 PR 0.3998 | valAUC 0.9991 | tau+ 0.500
[OUTPOST-v4] epoch 188: test-all ROC 0.7588 PR 0.5205 | unseen ROC 0.7277 PR 0.3918 | valAUC 0.9991 | tau+ 0.500
[OUTPOST-v4] epoch 189: test-all ROC 0.7554 PR 0.5144 | unseen ROC 0.7238 PR 0.3837 | valAUC 0.9991 | tau+ 0.500
[OUTPOST-v4] epoch 190: test-all ROC 0.7505 PR 0.5077 | unseen ROC 0.7184 PR 0.3746 | valAUC 0.9991 | tau+ 0.500
[OUTPOST-v4] epoch 191: test-all ROC 0.7459 PR 0.5034 | unseen ROC 0.7131 PR 0.3706 | valAUC 0.9991 | tau+ 0.500
[OUTPOST-v4] epoch 192: test-all ROC 0.7500 PR 0.5073 | unseen ROC 0.7177 PR 0.3727 | valAUC 0.9991 | tau+ 0.500
[OUTPOST-v4] epoch 193: test-all ROC 0.7458 PR 0.5051 | unseen ROC 0.7129 PR 0.3713 | valAUC 0.9989 | tau+ 0.500
[OUTPOST-v4] epoch 194: test-all ROC 0.7474 PR 0.5100 | unseen ROC 0.7148 PR 0.3786 | valAUC 0.9991 | tau+ 0.500
[OUTPOST-v4] epoch 195: test-all ROC 0.7426 PR 0.4998 | unseen ROC 0.7094 PR 0.3630 | valAUC 0.9991 | tau+ 0.500
[OUTPOST-v4] epoch 196: test-all ROC 0.7423 PR 0.4988 | unseen ROC 0.7090 PR 0.3643 | valAUC 0.9991 | tau+ 0.500
[OUTPOST-v4] epoch 197: test-all ROC 0.7397 PR 0.4956 | unseen ROC 0.7062 PR 0.3588 | valAUC 0.9991 | tau+ 0.500
[OUTPOST-v4] epoch 198: test-all ROC 0.7405 PR 0.5003 | unseen ROC 0.7070 PR 0.3655 | valAUC 0.9991 | tau+ 0.500
[OUTPOST-v4] epoch 199: test-all ROC 0.7394 PR 0.5011 | unseen ROC 0.7057 PR 0.3672 | valAUC 0.9991 | tau+ 0.500
[OUTPOST-v4] epoch 200: test-all ROC 0.7488 PR 0.5153 | unseen ROC 0.7163 PR 0.3831 | valAUC 0.9991 | tau+ 0.500
[OUTPOST-v4] epoch 201: test-all ROC 0.7512 PR 0.5201 | unseen ROC 0.7191 PR 0.3928 | valAUC 0.9991 | tau+ 0.500
[OUTPOST-v4] epoch 202: test-all ROC 0.7558 PR 0.5269 | unseen ROC 0.7242 PR 0.4019 | valAUC 0.9989 | tau+ 0.500
[OUTPOST-v4] epoch 203: test-all ROC 0.7590 PR 0.5343 | unseen ROC 0.7279 PR 0.4113 | valAUC 0.9989 | tau+ 0.500
[OUTPOST-v4] epoch 204: test-all ROC 0.7628 PR 0.5355 | unseen ROC 0.7322 PR 0.4127 | valAUC 0.9991 | tau+ 0.500
[OUTPOST-v4] epoch 205: test-all ROC 0.7609 PR 0.5236 | unseen ROC 0.7301 PR 0.3962 | valAUC 0.9991 | tau+ 0.500
[OUTPOST-v4] epoch 206: test-all ROC 0.7549 PR 0.5091 | unseen ROC 0.7234 PR 0.3786 | valAUC 0.9991 | tau+ 0.500
[OUTPOST-v4] epoch 207: test-all ROC 0.7469 PR 0.4958 | unseen ROC 0.7143 PR 0.3612 | valAUC 0.9989 | tau+ 0.500
[OUTPOST-v4] epoch 208: test-all ROC 0.7457 PR 0.4960 | unseen ROC 0.7128 PR 0.3588 | valAUC 0.9989 | tau+ 0.500
[OUTPOST-v4] epoch 209: test-all ROC 0.7493 PR 0.4992 | unseen ROC 0.7170 PR 0.3624 | valAUC 0.9989 | tau+ 0.500
[OUTPOST-v4] epoch 210: test-all ROC 0.7477 PR 0.5045 | unseen ROC 0.7151 PR 0.3688 | valAUC 0.9991 | tau+ 0.500
[OUTPOST-v4] epoch 211: test-all ROC 0.7515 PR 0.5138 | unseen ROC 0.7195 PR 0.3827 | valAUC 0.9991 | tau+ 0.500
[OUTPOST-v4] epoch 212: test-all ROC 0.7549 PR 0.5252 | unseen ROC 0.7233 PR 0.3977 | valAUC 0.9991 | tau+ 0.500
[OUTPOST-v4] epoch 213: test-all ROC 0.7577 PR 0.5330 | unseen ROC 0.7265 PR 0.4084 | valAUC 0.9991 | tau+ 0.500
[OUTPOST-v4] epoch 214: test-all ROC 0.7547 PR 0.5301 | unseen ROC 0.7230 PR 0.4041 | valAUC 0.9991 | tau+ 0.500
[OUTPOST-v4] epoch 215: test-all ROC 0.7527 PR 0.5266 | unseen ROC 0.7208 PR 0.4000 | valAUC 0.9991 | tau+ 0.500
[OUTPOST-v4] epoch 216: test-all ROC 0.7517 PR 0.5221 | unseen ROC 0.7197 PR 0.3933 | valAUC 0.9991 | tau+ 0.500
[OUTPOST-v4] epoch 217: test-all ROC 0.7417 PR 0.5074 | unseen ROC 0.7083 PR 0.3730 | valAUC 0.9991 | tau+ 0.500
[OUTPOST-v4] epoch 218: test-all ROC 0.7408 PR 0.5008 | unseen ROC 0.7073 PR 0.3653 | valAUC 0.9989 | tau+ 0.500
[OUTPOST-v4] epoch 219: test-all ROC 0.7347 PR 0.4896 | unseen ROC 0.7004 PR 0.3514 | valAUC 0.9991 | tau+ 0.500
[OUTPOST-v4] epoch 220: test-all ROC 0.7327 PR 0.4820 | unseen ROC 0.6982 PR 0.3429 | valAUC 0.9991 | tau+ 0.500
[OUTPOST-v4] epoch 221: test-all ROC 0.7344 PR 0.4848 | unseen ROC 0.7001 PR 0.3457 | valAUC 0.9991 | tau+ 0.500
[OUTPOST-v4] epoch 222: test-all ROC 0.7349 PR 0.4868 | unseen ROC 0.7006 PR 0.3469 | valAUC 0.9991 | tau+ 0.500
[OUTPOST-v4] epoch 223: test-all ROC 0.7425 PR 0.5020 | unseen ROC 0.7092 PR 0.3639 | valAUC 0.9991 | tau+ 0.500
[OUTPOST-v4] epoch 224: test-all ROC 0.7500 PR 0.5108 | unseen ROC 0.7178 PR 0.3800 | valAUC 0.9991 | tau+ 0.500
[OUTPOST-v4] epoch 225: test-all ROC 0.7564 PR 0.5213 | unseen ROC 0.7249 PR 0.3908 | valAUC 0.9991 | tau+ 0.500
[OUTPOST-v4] epoch 226: test-all ROC 0.7617 PR 0.5299 | unseen ROC 0.7310 PR 0.4027 | valAUC 0.9989 | tau+ 0.500
[OUTPOST-v4] epoch 227: test-all ROC 0.7600 PR 0.5333 | unseen ROC 0.7291 PR 0.4086 | valAUC 0.9989 | tau+ 0.500
[OUTPOST-v4] epoch 228: test-all ROC 0.7653 PR 0.5349 | unseen ROC 0.7351 PR 0.4105 | valAUC 0.9986 | tau+ 0.500
[OUTPOST-v4] epoch 229: test-all ROC 0.7639 PR 0.5373 | unseen ROC 0.7335 PR 0.4135 | valAUC 0.9989 | tau+ 0.500
[OUTPOST-v4] epoch 230: test-all ROC 0.7628 PR 0.5331 | unseen ROC 0.7322 PR 0.4080 | valAUC 0.9989 | tau+ 0.500
[OUTPOST-v4] epoch 231: test-all ROC 0.7624 PR 0.5321 | unseen ROC 0.7317 PR 0.4061 | valAUC 0.9991 | tau+ 0.500
[OUTPOST-v4] epoch 232: test-all ROC 0.7583 PR 0.5269 | unseen ROC 0.7271 PR 0.3996 | valAUC 0.9991 | tau+ 0.500
[OUTPOST-v4] epoch 233: test-all ROC 0.7512 PR 0.5207 | unseen ROC 0.7191 PR 0.3907 | valAUC 0.9991 | tau+ 0.500
[OUTPOST-v4] epoch 234: test-all ROC 0.7477 PR 0.5148 | unseen ROC 0.7151 PR 0.3817 | valAUC 0.9991 | tau+ 0.500
[OUTPOST-v4] epoch 235: test-all ROC 0.7447 PR 0.5113 | unseen ROC 0.7118 PR 0.3785 | valAUC 0.9991 | tau+ 0.500
[OUTPOST-v4] epoch 236: test-all ROC 0.7437 PR 0.5095 | unseen ROC 0.7106 PR 0.3759 | valAUC 0.9991 | tau+ 0.500
[OUTPOST-v4] epoch 237: test-all ROC 0.7432 PR 0.5138 | unseen ROC 0.7101 PR 0.3826 | valAUC 0.9991 | tau+ 0.500
[OUTPOST-v4] epoch 238: test-all ROC 0.7463 PR 0.5215 | unseen ROC 0.7136 PR 0.3945 | valAUC 0.9991 | tau+ 0.500
[OUTPOST-v4] epoch 239: test-all ROC 0.7529 PR 0.5303 | unseen ROC 0.7210 PR 0.4042 | valAUC 0.9991 | tau+ 0.500
[OUTPOST-v4] epoch 240: test-all ROC 0.7582 PR 0.5397 | unseen ROC 0.7271 PR 0.4179 | valAUC 0.9991 | tau+ 0.500
[OUTPOST-v4] epoch 241: test-all ROC 0.7623 PR 0.5466 | unseen ROC 0.7316 PR 0.4276 | valAUC 0.9989 | tau+ 0.500
[OUTPOST-v4] epoch 242: test-all ROC 0.7674 PR 0.5519 | unseen ROC 0.7374 PR 0.4365 | valAUC 0.9991 | tau+ 0.500
[OUTPOST-v4] epoch 243: test-all ROC 0.7699 PR 0.5549 | unseen ROC 0.7403 PR 0.4366 | valAUC 0.9989 | tau+ 0.500
[OUTPOST-v4] epoch 244: test-all ROC 0.7698 PR 0.5528 | unseen ROC 0.7401 PR 0.4353 | valAUC 0.9983 | tau+ 0.500
[OUTPOST-v4] epoch 245: test-all ROC 0.7651 PR 0.5439 | unseen ROC 0.7348 PR 0.4223 | valAUC 0.9991 | tau+ 0.500
[OUTPOST-v4] epoch 246: test-all ROC 0.7596 PR 0.5364 | unseen ROC 0.7286 PR 0.4102 | valAUC 0.9991 | tau+ 0.500
[OUTPOST-v4] epoch 247: test-all ROC 0.7555 PR 0.5261 | unseen ROC 0.7240 PR 0.3988 | valAUC 0.9991 | tau+ 0.500
[OUTPOST-v4] epoch 248: test-all ROC 0.7483 PR 0.5189 | unseen ROC 0.7158 PR 0.3890 | valAUC 0.9989 | tau+ 0.500
[OUTPOST-v4] epoch 249: test-all ROC 0.7460 PR 0.5131 | unseen ROC 0.7132 PR 0.3830 | valAUC 0.9989 | tau+ 0.500
[OUTPOST-v4] epoch 250: test-all ROC 0.7458 PR 0.5121 | unseen ROC 0.7130 PR 0.3828 | valAUC 0.9989 | tau+ 0.500
[OUTPOST-v4] epoch 251: test-all ROC 0.7434 PR 0.5160 | unseen ROC 0.7102 PR 0.3875 | valAUC 0.9991 | tau+ 0.500
[OUTPOST-v4] epoch 252: test-all ROC 0.7462 PR 0.5177 | unseen ROC 0.7135 PR 0.3870 | valAUC 0.9991 | tau+ 0.500
[OUTPOST-v4] epoch 253: test-all ROC 0.7467 PR 0.5220 | unseen ROC 0.7140 PR 0.3960 | valAUC 0.9991 | tau+ 0.500
[OUTPOST-v4] epoch 254: test-all ROC 0.7489 PR 0.5282 | unseen ROC 0.7165 PR 0.4032 | valAUC 0.9991 | tau+ 0.500
[OUTPOST-v4] epoch 255: test-all ROC 0.7550 PR 0.5421 | unseen ROC 0.7234 PR 0.4219 | valAUC 0.9991 | tau+ 0.500
[OUTPOST-v4] epoch 256: test-all ROC 0.7608 PR 0.5507 | unseen ROC 0.7299 PR 0.4335 | valAUC 0.9989 | tau+ 0.500
[OUTPOST-v4] epoch 257: test-all ROC 0.7614 PR 0.5531 | unseen ROC 0.7306 PR 0.4359 | valAUC 0.9989 | tau+ 0.500
[OUTPOST-v4] epoch 258: test-all ROC 0.7586 PR 0.5505 | unseen ROC 0.7275 PR 0.4319 | valAUC 0.9986 | tau+ 0.500
[OUTPOST-v4] epoch 259: test-all ROC 0.7588 PR 0.5459 | unseen ROC 0.7278 PR 0.4262 | valAUC 0.9989 | tau+ 0.500
[OUTPOST-v4] epoch 260: test-all ROC 0.7590 PR 0.5455 | unseen ROC 0.7279 PR 0.4237 | valAUC 0.9989 | tau+ 0.500
[OUTPOST-v4] epoch 261: test-all ROC 0.7596 PR 0.5427 | unseen ROC 0.7287 PR 0.4212 | valAUC 0.9989 | tau+ 0.500
[OUTPOST-v4] epoch 262: test-all ROC 0.7599 PR 0.5378 | unseen ROC 0.7289 PR 0.4138 | valAUC 0.9989 | tau+ 0.500
[OUTPOST-v4] epoch 263: test-all ROC 0.7603 PR 0.5383 | unseen ROC 0.7294 PR 0.4146 | valAUC 0.9989 | tau+ 0.500
[OUTPOST-v4] epoch 264: test-all ROC 0.7665 PR 0.5442 | unseen ROC 0.7364 PR 0.4220 | valAUC 0.9989 | tau+ 0.500
[OUTPOST-v4] epoch 265: test-all ROC 0.7696 PR 0.5504 | unseen ROC 0.7400 PR 0.4296 | valAUC 0.9989 | tau+ 0.500
[OUTPOST-v4] epoch 266: test-all ROC 0.7716 PR 0.5489 | unseen ROC 0.7422 PR 0.4276 | valAUC 0.9989 | tau+ 0.500
[OUTPOST-v4] epoch 267: test-all ROC 0.7691 PR 0.5510 | unseen ROC 0.7394 PR 0.4314 | valAUC 0.9989 | tau+ 0.500
[OUTPOST-v4] epoch 268: test-all ROC 0.7674 PR 0.5492 | unseen ROC 0.7375 PR 0.4297 | valAUC 0.9986 | tau+ 0.500
[OUTPOST-v4] epoch 269: test-all ROC 0.7703 PR 0.5545 | unseen ROC 0.7407 PR 0.4351 | valAUC 0.9989 | tau+ 0.500
[OUTPOST-v4] epoch 270: test-all ROC 0.7733 PR 0.5544 | unseen ROC 0.7441 PR 0.4363 | valAUC 0.9986 | tau+ 0.500
[OUTPOST-v4] epoch 271: test-all ROC 0.7715 PR 0.5519 | unseen ROC 0.7422 PR 0.4343 | valAUC 0.9989 | tau+ 0.500
[OUTPOST-v4] epoch 272: test-all ROC 0.7723 PR 0.5542 | unseen ROC 0.7430 PR 0.4353 | valAUC 0.9989 | tau+ 0.500
[OUTPOST-v4] epoch 273: test-all ROC 0.7697 PR 0.5506 | unseen ROC 0.7400 PR 0.4303 | valAUC 0.9989 | tau+ 0.500
[OUTPOST-v4] epoch 274: test-all ROC 0.7692 PR 0.5519 | unseen ROC 0.7395 PR 0.4316 | valAUC 0.9991 | tau+ 0.500
[OUTPOST-v4] epoch 275: test-all ROC 0.7675 PR 0.5561 | unseen ROC 0.7376 PR 0.4379 | valAUC 0.9986 | tau+ 0.500
[OUTPOST-v4] epoch 276: test-all ROC 0.7701 PR 0.5556 | unseen ROC 0.7405 PR 0.4394 | valAUC 0.9991 | tau+ 0.500
[OUTPOST-v4] epoch 277: test-all ROC 0.7700 PR 0.5544 | unseen ROC 0.7403 PR 0.4384 | valAUC 0.9986 | tau+ 0.500
[OUTPOST-v4] epoch 278: test-all ROC 0.7628 PR 0.5519 | unseen ROC 0.7322 PR 0.4344 | valAUC 0.9991 | tau+ 0.500
[OUTPOST-v4] epoch 279: test-all ROC 0.7637 PR 0.5546 | unseen ROC 0.7333 PR 0.4396 | valAUC 0.9991 | tau+ 0.500
[OUTPOST-v4] epoch 280: test-all ROC 0.7638 PR 0.5578 | unseen ROC 0.7333 PR 0.4434 | valAUC 0.9989 | tau+ 0.500
[OUTPOST-v4] epoch 281: test-all ROC 0.7662 PR 0.5605 | unseen ROC 0.7361 PR 0.4470 | valAUC 0.9991 | tau+ 0.500
[OUTPOST-v4] epoch 282: test-all ROC 0.7665 PR 0.5613 | unseen ROC 0.7365 PR 0.4492 | valAUC 0.9991 | tau+ 0.500
[OUTPOST-v4] epoch 283: test-all ROC 0.7657 PR 0.5641 | unseen ROC 0.7355 PR 0.4492 | valAUC 0.9989 | tau+ 0.500
[OUTPOST-v4] epoch 284: test-all ROC 0.7688 PR 0.5673 | unseen ROC 0.7390 PR 0.4555 | valAUC 0.9986 | tau+ 0.500
[OUTPOST-v4] epoch 285: test-all ROC 0.7724 PR 0.5694 | unseen ROC 0.7430 PR 0.4580 | valAUC 0.9986 | tau+ 0.500
[OUTPOST-v4] epoch 286: test-all ROC 0.7749 PR 0.5709 | unseen ROC 0.7459 PR 0.4611 | valAUC 0.9983 | tau+ 0.500
[OUTPOST-v4] epoch 287: test-all ROC 0.7839 PR 0.5762 | unseen ROC 0.7561 PR 0.4668 | valAUC 0.9980 | tau+ 0.500
[OUTPOST-v4] epoch 288: test-all ROC 0.7823 PR 0.5703 | unseen ROC 0.7543 PR 0.4583 | valAUC 0.9980 | tau+ 0.500
[OUTPOST-v4] epoch 289: test-all ROC 0.7831 PR 0.5677 | unseen ROC 0.7552 PR 0.4529 | valAUC 0.9983 | tau+ 0.500
[OUTPOST-v4] epoch 290: test-all ROC 0.7838 PR 0.5692 | unseen ROC 0.7560 PR 0.4534 | valAUC 0.9986 | tau+ 0.500
[OUTPOST-v4] epoch 291: test-all ROC 0.7813 PR 0.5657 | unseen ROC 0.7531 PR 0.4505 | valAUC 0.9986 | tau+ 0.500
[OUTPOST-v4] epoch 292: test-all ROC 0.7794 PR 0.5605 | unseen ROC 0.7510 PR 0.4443 | valAUC 0.9989 | tau+ 0.500
[OUTPOST-v4] epoch 293: test-all ROC 0.7776 PR 0.5594 | unseen ROC 0.7489 PR 0.4407 | valAUC 0.9989 | tau+ 0.500
[OUTPOST-v4] epoch 294: test-all ROC 0.7777 PR 0.5581 | unseen ROC 0.7490 PR 0.4380 | valAUC 0.9989 | tau+ 0.500
[OUTPOST-v4] epoch 295: test-all ROC 0.7751 PR 0.5592 | unseen ROC 0.7461 PR 0.4402 | valAUC 0.9989 | tau+ 0.500
[OUTPOST-v4] epoch 296: test-all ROC 0.7757 PR 0.5623 | unseen ROC 0.7467 PR 0.4445 | valAUC 0.9986 | tau+ 0.500
[OUTPOST-v4] epoch 297: test-all ROC 0.7818 PR 0.5681 | unseen ROC 0.7537 PR 0.4524 | valAUC 0.9989 | tau+ 0.500
[OUTPOST-v4] epoch 298: test-all ROC 0.7796 PR 0.5684 | unseen ROC 0.7511 PR 0.4541 | valAUC 0.9980 | tau+ 0.500
[OUTPOST-v4] epoch 299: test-all ROC 0.7816 PR 0.5703 | unseen ROC 0.7535 PR 0.4571 | valAUC 0.9989 | tau+ 0.500
[OUTPOST-v4] epoch 300: test-all ROC 0.7843 PR 0.5788 | unseen ROC 0.7566 PR 0.4675 | valAUC 0.9983 | tau+ 0.500
[OUTPOST-v4] epoch 301: test-all ROC 0.7816 PR 0.5796 | unseen ROC 0.7535 PR 0.4697 | valAUC 0.9983 | tau+ 0.500
[OUTPOST-v4] epoch 302: test-all ROC 0.7803 PR 0.5754 | unseen ROC 0.7520 PR 0.4655 | valAUC 0.9983 | tau+ 0.500
[OUTPOST-v4] epoch 303: test-all ROC 0.7780 PR 0.5700 | unseen ROC 0.7493 PR 0.4575 | valAUC 0.9977 | tau+ 0.500
[OUTPOST-v4] epoch 304: test-all ROC 0.7665 PR 0.5543 | unseen ROC 0.7364 PR 0.4370 | valAUC 0.9989 | tau+ 0.500
[OUTPOST-v4] epoch 305: test-all ROC 0.7623 PR 0.5476 | unseen ROC 0.7316 PR 0.4269 | valAUC 0.9989 | tau+ 0.500
[OUTPOST-v4] epoch 306: test-all ROC 0.7604 PR 0.5428 | unseen ROC 0.7295 PR 0.4224 | valAUC 0.9989 | tau+ 0.500
[OUTPOST-v4] epoch 307: test-all ROC 0.7652 PR 0.5523 | unseen ROC 0.7349 PR 0.4345 | valAUC 0.9989 | tau+ 0.500
[OUTPOST-v4] epoch 308: test-all ROC 0.7702 PR 0.5622 | unseen ROC 0.7406 PR 0.4486 | valAUC 0.9989 | tau+ 0.500
[OUTPOST-v4] epoch 309: test-all ROC 0.7713 PR 0.5663 | unseen ROC 0.7418 PR 0.4542 | valAUC 0.9983 | tau+ 0.500
[OUTPOST-v4] epoch 310: test-all ROC 0.7768 PR 0.5775 | unseen ROC 0.7480 PR 0.4673 | valAUC 0.9986 | tau+ 0.500
[OUTPOST-v4] epoch 311: test-all ROC 0.7797 PR 0.5811 | unseen ROC 0.7514 PR 0.4735 | valAUC 0.9983 | tau+ 0.500
[OUTPOST-v4] epoch 312: test-all ROC 0.7854 PR 0.5824 | unseen ROC 0.7578 PR 0.4742 | valAUC 0.9983 | tau+ 0.500
[OUTPOST-v4] epoch 313: test-all ROC 0.7852 PR 0.5833 | unseen ROC 0.7576 PR 0.4744 | valAUC 0.9989 | tau+ 0.500
[OUTPOST-v4] epoch 314: test-all ROC 0.7830 PR 0.5780 | unseen ROC 0.7551 PR 0.4666 | valAUC 0.9989 | tau+ 0.500
[OUTPOST-v4] epoch 315: test-all ROC 0.7815 PR 0.5752 | unseen ROC 0.7534 PR 0.4629 | valAUC 0.9989 | tau+ 0.500
[OUTPOST-v4] epoch 316: test-all ROC 0.7810 PR 0.5735 | unseen ROC 0.7527 PR 0.4602 | valAUC 0.9986 | tau+ 0.500
[OUTPOST-v4] epoch 317: test-all ROC 0.7816 PR 0.5790 | unseen ROC 0.7534 PR 0.4672 | valAUC 0.9989 | tau+ 0.500
[OUTPOST-v4] epoch 318: test-all ROC 0.7792 PR 0.5741 | unseen ROC 0.7509 PR 0.4617 | valAUC 0.9989 | tau+ 0.500
[OUTPOST-v4] epoch 319: test-all ROC 0.7855 PR 0.5809 | unseen ROC 0.7578 PR 0.4685 | valAUC 0.9991 | tau+ 0.500
[OUTPOST-v4] epoch 320: test-all ROC 0.7840 PR 0.5763 | unseen ROC 0.7562 PR 0.4655 | valAUC 0.9986 | tau+ 0.500
[OUTPOST-v4] epoch 321: test-all ROC 0.7910 PR 0.5830 | unseen ROC 0.7641 PR 0.4742 | valAUC 0.9986 | tau+ 0.500
[OUTPOST-v4] epoch 322: test-all ROC 0.7917 PR 0.5880 | unseen ROC 0.7649 PR 0.4804 | valAUC 0.9989 | tau+ 0.500
[OUTPOST-v4] epoch 323: test-all ROC 0.7869 PR 0.5851 | unseen ROC 0.7594 PR 0.4766 | valAUC 0.9986 | tau+ 0.500
[OUTPOST-v4] epoch 324: test-all ROC 0.7896 PR 0.5885 | unseen ROC 0.7625 PR 0.4796 | valAUC 0.9989 | tau+ 0.500
[OUTPOST-v4] epoch 325: test-all ROC 0.7855 PR 0.5855 | unseen ROC 0.7579 PR 0.4772 | valAUC 0.9989 | tau+ 0.500
[OUTPOST-v4] epoch 326: test-all ROC 0.7881 PR 0.5873 | unseen ROC 0.7610 PR 0.4823 | valAUC 0.9983 | tau+ 0.500
[OUTPOST-v4] epoch 327: test-all ROC 0.7873 PR 0.5884 | unseen ROC 0.7599 PR 0.4814 | valAUC 0.9986 | tau+ 0.500
[OUTPOST-v4] epoch 328: test-all ROC 0.7845 PR 0.5849 | unseen ROC 0.7568 PR 0.4781 | valAUC 0.9991 | tau+ 0.500
[OUTPOST-v4] epoch 329: test-all ROC 0.7852 PR 0.5882 | unseen ROC 0.7576 PR 0.4804 | valAUC 0.9991 | tau+ 0.500
[OUTPOST-v4] epoch 330: test-all ROC 0.7834 PR 0.5833 | unseen ROC 0.7555 PR 0.4753 | valAUC 0.9991 | tau+ 0.500
[OUTPOST-v4] epoch 331: test-all ROC 0.7786 PR 0.5788 | unseen ROC 0.7501 PR 0.4677 | valAUC 0.9986 | tau+ 0.500
[OUTPOST-v4] epoch 332: test-all ROC 0.7776 PR 0.5765 | unseen ROC 0.7489 PR 0.4656 | valAUC 0.9991 | tau+ 0.500
[OUTPOST-v4] epoch 333: test-all ROC 0.7755 PR 0.5735 | unseen ROC 0.7465 PR 0.4617 | valAUC 0.9989 | tau+ 0.500
[OUTPOST-v4] epoch 334: test-all ROC 0.7792 PR 0.5790 | unseen ROC 0.7507 PR 0.4701 | valAUC 0.9989 | tau+ 0.500
[OUTPOST-v4] epoch 335: test-all ROC 0.7853 PR 0.5907 | unseen ROC 0.7576 PR 0.4842 | valAUC 0.9986 | tau+ 0.500
[OUTPOST-v4] epoch 336: test-all ROC 0.7940 PR 0.5974 | unseen ROC 0.7674 PR 0.4906 | valAUC 0.9980 | tau+ 0.500
[OUTPOST-v4] epoch 337: test-all ROC 0.7948 PR 0.5975 | unseen ROC 0.7684 PR 0.4905 | valAUC 0.9974 | tau+ 0.500
[OUTPOST-v4] epoch 338: test-all ROC 0.8002 PR 0.5979 | unseen ROC 0.7745 PR 0.4930 | valAUC 0.9974 | tau+ 0.500
[OUTPOST-v4] epoch 339: test-all ROC 0.8015 PR 0.6009 | unseen ROC 0.7760 PR 0.4952 | valAUC 0.9977 | tau+ 0.500
[OUTPOST-v4] epoch 340: test-all ROC 0.8015 PR 0.5999 | unseen ROC 0.7759 PR 0.4941 | valAUC 0.9971 | tau+ 0.500
[OUTPOST-v4] epoch 341: test-all ROC 0.8019 PR 0.5998 | unseen ROC 0.7764 PR 0.4943 | valAUC 0.9977 | tau+ 0.500
[OUTPOST-v4] epoch 342: test-all ROC 0.8078 PR 0.6025 | unseen ROC 0.7831 PR 0.4988 | valAUC 0.9974 | tau+ 0.500
[OUTPOST-v4] epoch 343: test-all ROC 0.8074 PR 0.6019 | unseen ROC 0.7828 PR 0.4983 | valAUC 0.9971 | tau+ 0.500
[OUTPOST-v4] epoch 344: test-all ROC 0.8105 PR 0.6064 | unseen ROC 0.7861 PR 0.5035 | valAUC 0.9966 | tau+ 0.500
[OUTPOST-v4] epoch 345: test-all ROC 0.8131 PR 0.6090 | unseen ROC 0.7892 PR 0.5075 | valAUC 0.9963 | tau+ 0.500
[OUTPOST-v4] epoch 346: test-all ROC 0.8139 PR 0.6095 | unseen ROC 0.7900 PR 0.5075 | valAUC 0.9966 | tau+ 0.500
[OUTPOST-v4] epoch 347: test-all ROC 0.8142 PR 0.6085 | unseen ROC 0.7904 PR 0.5062 | valAUC 0.9968 | tau+ 0.500
[OUTPOST-v4] epoch 348: test-all ROC 0.8082 PR 0.6036 | unseen ROC 0.7835 PR 0.4994 | valAUC 0.9968 | tau+ 0.500
[OUTPOST-v4] epoch 349: test-all ROC 0.8021 PR 0.6009 | unseen ROC 0.7767 PR 0.4982 | valAUC 0.9971 | tau+ 0.500
[OUTPOST-v4] epoch 350: test-all ROC 0.7955 PR 0.5990 | unseen ROC 0.7691 PR 0.4958 | valAUC 0.9971 | tau+ 0.500
[OUTPOST-v4] epoch 351: test-all ROC 0.7959 PR 0.6043 | unseen ROC 0.7696 PR 0.5014 | valAUC 0.9986 | tau+ 0.500
[OUTPOST-v4] epoch 352: test-all ROC 0.7918 PR 0.6018 | unseen ROC 0.7651 PR 0.4971 | valAUC 0.9986 | tau+ 0.500
[OUTPOST-v4] epoch 353: test-all ROC 0.7933 PR 0.6009 | unseen ROC 0.7667 PR 0.4963 | valAUC 0.9983 | tau+ 0.500
[OUTPOST-v4] epoch 354: test-all ROC 0.7977 PR 0.6072 | unseen ROC 0.7716 PR 0.5044 | valAUC 0.9986 | tau+ 0.500
[OUTPOST-v4] epoch 355: test-all ROC 0.8008 PR 0.6059 | unseen ROC 0.7751 PR 0.5029 | valAUC 0.9983 | tau+ 0.500
[OUTPOST-v4] epoch 356: test-all ROC 0.7974 PR 0.6033 | unseen ROC 0.7713 PR 0.5009 | valAUC 0.9983 | tau+ 0.500
[OUTPOST-v4] epoch 357: test-all ROC 0.7969 PR 0.6008 | unseen ROC 0.7707 PR 0.4958 | valAUC 0.9977 | tau+ 0.500
[OUTPOST-v4] epoch 358: test-all ROC 0.7942 PR 0.5926 | unseen ROC 0.7677 PR 0.4859 | valAUC 0.9989 | tau+ 0.500
[OUTPOST-v4] epoch 359: test-all ROC 0.7902 PR 0.5894 | unseen ROC 0.7632 PR 0.4800 | valAUC 0.9989 | tau+ 0.500
[OUTPOST-v4] epoch 360: test-all ROC 0.7899 PR 0.5858 | unseen ROC 0.7628 PR 0.4759 | valAUC 0.9989 | tau+ 0.500
[OUTPOST-v4] epoch 361: test-all ROC 0.7935 PR 0.5899 | unseen ROC 0.7669 PR 0.4788 | valAUC 0.9980 | tau+ 0.500
[OUTPOST-v4] epoch 362: test-all ROC 0.8018 PR 0.5960 | unseen ROC 0.7762 PR 0.4859 | valAUC 0.9986 | tau+ 0.500
[OUTPOST-v4] epoch 363: test-all ROC 0.8081 PR 0.5982 | unseen ROC 0.7834 PR 0.4895 | valAUC 0.9983 | tau+ 0.500
[OUTPOST-v4] epoch 364: test-all ROC 0.8063 PR 0.6018 | unseen ROC 0.7814 PR 0.4938 | valAUC 0.9980 | tau+ 0.500
[OUTPOST-v4] epoch 365: test-all ROC 0.8005 PR 0.5952 | unseen ROC 0.7748 PR 0.4851 | valAUC 0.9980 | tau+ 0.500
[OUTPOST-v4] epoch 366: test-all ROC 0.7999 PR 0.5927 | unseen ROC 0.7741 PR 0.4839 | valAUC 0.9986 | tau+ 0.500
[OUTPOST-v4] epoch 367: test-all ROC 0.7916 PR 0.5877 | unseen ROC 0.7647 PR 0.4763 | valAUC 0.9986 | tau+ 0.500
[OUTPOST-v4] epoch 368: test-all ROC 0.7858 PR 0.5821 | unseen ROC 0.7581 PR 0.4688 | valAUC 0.9989 | tau+ 0.500
[OUTPOST-v4] epoch 369: test-all ROC 0.7834 PR 0.5813 | unseen ROC 0.7554 PR 0.4681 | valAUC 0.9991 | tau+ 0.500
[OUTPOST-v4] epoch 370: test-all ROC 0.7803 PR 0.5789 | unseen ROC 0.7520 PR 0.4644 | valAUC 0.9991 | tau+ 0.500
[OUTPOST-v4] epoch 371: test-all ROC 0.7762 PR 0.5779 | unseen ROC 0.7474 PR 0.4631 | valAUC 0.9991 | tau+ 0.500
[OUTPOST-v4] epoch 372: test-all ROC 0.7830 PR 0.5875 | unseen ROC 0.7550 PR 0.4769 | valAUC 0.9991 | tau+ 0.500
[OUTPOST-v4] epoch 373: test-all ROC 0.7877 PR 0.5948 | unseen ROC 0.7604 PR 0.4841 | valAUC 0.9991 | tau+ 0.500
[OUTPOST-v4] epoch 374: test-all ROC 0.7953 PR 0.6046 | unseen ROC 0.7689 PR 0.4980 | valAUC 0.9989 | tau+ 0.500
[OUTPOST-v4] epoch 375: test-all ROC 0.8018 PR 0.6132 | unseen ROC 0.7763 PR 0.5103 | valAUC 0.9989 | tau+ 0.500
[OUTPOST-v4] epoch 376: test-all ROC 0.8072 PR 0.6139 | unseen ROC 0.7824 PR 0.5098 | valAUC 0.9986 | tau+ 0.500
[OUTPOST-v4] epoch 377: test-all ROC 0.8042 PR 0.6148 | unseen ROC 0.7790 PR 0.5132 | valAUC 0.9986 | tau+ 0.500
[OUTPOST-v4] epoch 378: test-all ROC 0.8015 PR 0.6128 | unseen ROC 0.7759 PR 0.5104 | valAUC 0.9986 | tau+ 0.500
[OUTPOST-v4] epoch 379: test-all ROC 0.7996 PR 0.6097 | unseen ROC 0.7738 PR 0.5061 | valAUC 0.9991 | tau+ 0.500
[OUTPOST-v4] epoch 380: test-all ROC 0.7996 PR 0.6080 | unseen ROC 0.7738 PR 0.5036 | valAUC 0.9991 | tau+ 0.500
[OUTPOST-v4] epoch 381: test-all ROC 0.8001 PR 0.6033 | unseen ROC 0.7743 PR 0.4984 | valAUC 0.9989 | tau+ 0.500
[OUTPOST-v4] epoch 382: test-all ROC 0.7976 PR 0.6041 | unseen ROC 0.7715 PR 0.4986 | valAUC 0.9986 | tau+ 0.500
[OUTPOST-v4] epoch 383: test-all ROC 0.7969 PR 0.6008 | unseen ROC 0.7708 PR 0.4952 | valAUC 0.9986 | tau+ 0.500
[OUTPOST-v4] epoch 384: test-all ROC 0.7961 PR 0.6017 | unseen ROC 0.7698 PR 0.4959 | valAUC 0.9986 | tau+ 0.500
[OUTPOST-v4] epoch 385: test-all ROC 0.7990 PR 0.6047 | unseen ROC 0.7731 PR 0.4993 | valAUC 0.9983 | tau+ 0.500
[OUTPOST-v4] epoch 386: test-all ROC 0.8032 PR 0.6078 | unseen ROC 0.7779 PR 0.5047 | valAUC 0.9983 | tau+ 0.500
[OUTPOST-v4] epoch 387: test-all ROC 0.8034 PR 0.6119 | unseen ROC 0.7782 PR 0.5095 | valAUC 0.9983 | tau+ 0.500
[OUTPOST-v4] epoch 388: test-all ROC 0.8055 PR 0.6128 | unseen ROC 0.7804 PR 0.5111 | valAUC 0.9989 | tau+ 0.500
[OUTPOST-v4] epoch 389: test-all ROC 0.8058 PR 0.6177 | unseen ROC 0.7808 PR 0.5181 | valAUC 0.9983 | tau+ 0.500
[OUTPOST-v4] epoch 390: test-all ROC 0.8099 PR 0.6189 | unseen ROC 0.7854 PR 0.5179 | valAUC 0.9986 | tau+ 0.500
[OUTPOST-v4] epoch 391: test-all ROC 0.8119 PR 0.6231 | unseen ROC 0.7877 PR 0.5219 | valAUC 0.9983 | tau+ 0.500
[OUTPOST-v4] epoch 392: test-all ROC 0.8171 PR 0.6238 | unseen ROC 0.7936 PR 0.5244 | valAUC 0.9980 | tau+ 0.500
[OUTPOST-v4] epoch 393: test-all ROC 0.8175 PR 0.6240 | unseen ROC 0.7940 PR 0.5248 | valAUC 0.9977 | tau+ 0.500
[OUTPOST-v4] epoch 394: test-all ROC 0.8171 PR 0.6243 | unseen ROC 0.7936 PR 0.5239 | valAUC 0.9980 | tau+ 0.500
[OUTPOST-v4] epoch 395: test-all ROC 0.8190 PR 0.6245 | unseen ROC 0.7957 PR 0.5233 | valAUC 0.9986 | tau+ 0.500
[OUTPOST-v4] epoch 396: test-all ROC 0.8175 PR 0.6258 | unseen ROC 0.7940 PR 0.5246 | valAUC 0.9989 | tau+ 0.500
[OUTPOST-v4] epoch 397: test-all ROC 0.8115 PR 0.6162 | unseen ROC 0.7872 PR 0.5137 | valAUC 0.9989 | tau+ 0.500
[OUTPOST-v4] epoch 398: test-all ROC 0.8115 PR 0.6210 | unseen ROC 0.7873 PR 0.5207 | valAUC 0.9989 | tau+ 0.500
[OUTPOST-v4] epoch 399: test-all ROC 0.8187 PR 0.6256 | unseen ROC 0.7954 PR 0.5248 | valAUC 0.9983 | tau+ 0.500
  rotation 5: ROC 0.8190 PR 0.6258
[computers] params 116929, peak GPU 4.62 GB, 40.3 min total
[computers] ran 1/5 rotations; no results.csv row written. Merge the shards with:
    python analysis/scripts/merge_rotations.py
