# gpu=4 cmd=/usr/bin/python3 -u main.py --dataset computers --seed 0 --method outpost --tag E400_T_Kp4 --rotations 6 --set K_p=4 num_epochs=400 --save-scores
/nas/home/jahin/.local/lib/python3.10/site-packages/requests/__init__.py:113: RequestsDependencyWarning: urllib3 (1.26.5) or chardet (7.2.0)/charset_normalizer (3.4.4) doesn't match a supported version!
  warnings.warn(
[0.03170448 0.15575916 0.10282141 0.03941245 0.37507272 0.02239674
 0.03541303 0.05948226 0.1567772  0.02116056]
[computers] anomaly classes (rotations): [np.int64(0), np.int64(3), np.int64(5), np.int64(6), np.int64(9)]
[computers] running subset: [np.int64(6)]
Normal classes: [np.int64(1), np.int64(2), np.int64(4), np.int64(7), np.int64(8)] in computers
Building multi-layer GraphSage
[OUTPOST-v4] epoch 0: test-all ROC 0.4902 PR 0.1477 | unseen ROC 0.5564 PR 0.1377 | valAUC 0.1690 | tau+ 0.500
[OUTPOST-v4] epoch 1: test-all ROC 0.4768 PR 0.1442 | unseen ROC 0.5435 PR 0.1344 | valAUC 0.1273 | tau+ 0.500
[OUTPOST-v4] epoch 2: test-all ROC 0.4747 PR 0.1440 | unseen ROC 0.5413 PR 0.1342 | valAUC 0.1230 | tau+ 0.500
[OUTPOST-v4] epoch 3: test-all ROC 0.4748 PR 0.1448 | unseen ROC 0.5408 PR 0.1352 | valAUC 0.1267 | tau+ 0.500
[OUTPOST-v4] epoch 4: test-all ROC 0.4841 PR 0.1470 | unseen ROC 0.5506 PR 0.1373 | valAUC 0.1825 | tau+ 0.500
[OUTPOST-v4] epoch 5: test-all ROC 0.4872 PR 0.1474 | unseen ROC 0.5525 PR 0.1374 | valAUC 0.1624 | tau+ 0.500
[OUTPOST-v4] epoch 6: test-all ROC 0.4841 PR 0.1466 | unseen ROC 0.5478 PR 0.1364 | valAUC 0.1678 | tau+ 0.500
[OUTPOST-v4] epoch 7: test-all ROC 0.4865 PR 0.1467 | unseen ROC 0.5482 PR 0.1359 | valAUC 0.1759 | tau+ 0.500
[OUTPOST-v4] epoch 8: test-all ROC 0.4707 PR 0.1416 | unseen ROC 0.5278 PR 0.1295 | valAUC 0.1641 | tau+ 0.500
[OUTPOST-v4] epoch 9: test-all ROC 0.4642 PR 0.1364 | unseen ROC 0.4983 PR 0.1189 | valAUC 0.2236 | tau+ 0.500
[OUTPOST-v4] epoch 10: test-all ROC 0.4653 PR 0.1378 | unseen ROC 0.4372 PR 0.1048 | valAUC 0.4589 | tau+ 0.500
[OUTPOST-v4] epoch 11: test-all ROC 0.5030 PR 0.1687 | unseen ROC 0.4327 PR 0.1065 | valAUC 0.8086 | tau+ 0.500
[OUTPOST-v4] epoch 12: test-all ROC 0.5213 PR 0.1694 | unseen ROC 0.4509 PR 0.1083 | valAUC 0.8391 | tau+ 0.500
[OUTPOST-v4] epoch 13: test-all ROC 0.5284 PR 0.1734 | unseen ROC 0.4624 PR 0.1114 | valAUC 0.8144 | tau+ 0.500
[OUTPOST-v4] epoch 14: test-all ROC 0.5345 PR 0.1739 | unseen ROC 0.4685 PR 0.1126 | valAUC 0.8537 | tau+ 0.500
[OUTPOST-v4] epoch 15: test-all ROC 0.5445 PR 0.1796 | unseen ROC 0.4783 PR 0.1161 | valAUC 0.8040 | tau+ 0.500
[OUTPOST-v4] epoch 16: test-all ROC 0.5485 PR 0.1786 | unseen ROC 0.4821 PR 0.1157 | valAUC 0.8078 | tau+ 0.500
[OUTPOST-v4] epoch 17: test-all ROC 0.5522 PR 0.1836 | unseen ROC 0.4855 PR 0.1167 | valAUC 0.8756 | tau+ 0.500
[OUTPOST-v4] epoch 18: test-all ROC 0.5675 PR 0.1906 | unseen ROC 0.4998 PR 0.1197 | valAUC 0.8845 | tau+ 0.500
[OUTPOST-v4] epoch 19: test-all ROC 0.5774 PR 0.1980 | unseen ROC 0.5083 PR 0.1222 | valAUC 0.8882 | tau+ 0.500
[OUTPOST-v4] epoch 20: test-all ROC 0.5759 PR 0.1971 | unseen ROC 0.5061 PR 0.1206 | valAUC 0.9109 | tau+ 0.500
[OUTPOST-v4] epoch 21: test-all ROC 0.5806 PR 0.2003 | unseen ROC 0.5107 PR 0.1223 | valAUC 0.8937 | tau+ 0.500
[OUTPOST-v4] epoch 22: test-all ROC 0.5915 PR 0.2091 | unseen ROC 0.5202 PR 0.1248 | valAUC 0.9124 | tau+ 0.500
[OUTPOST-v4] epoch 23: test-all ROC 0.5905 PR 0.2092 | unseen ROC 0.5183 PR 0.1236 | valAUC 0.9151 | tau+ 0.500
[OUTPOST-v4] epoch 24: test-all ROC 0.5912 PR 0.2041 | unseen ROC 0.5196 PR 0.1237 | valAUC 0.9055 | tau+ 0.500
[OUTPOST-v4] epoch 25: test-all ROC 0.5904 PR 0.2024 | unseen ROC 0.5231 PR 0.1252 | valAUC 0.9164 | tau+ 0.500
[OUTPOST-v4] epoch 26: test-all ROC 0.5863 PR 0.1994 | unseen ROC 0.5213 PR 0.1246 | valAUC 0.8983 | tau+ 0.500
[OUTPOST-v4] epoch 27: test-all ROC 0.5872 PR 0.1965 | unseen ROC 0.5226 PR 0.1254 | valAUC 0.9003 | tau+ 0.500
[OUTPOST-v4] epoch 28: test-all ROC 0.5880 PR 0.1950 | unseen ROC 0.5250 PR 0.1258 | valAUC 0.8991 | tau+ 0.500
[OUTPOST-v4] epoch 29: test-all ROC 0.5876 PR 0.1960 | unseen ROC 0.5236 PR 0.1256 | valAUC 0.9023 | tau+ 0.500
[OUTPOST-v4] epoch 30: test-all ROC 0.5940 PR 0.1995 | unseen ROC 0.5318 PR 0.1274 | valAUC 0.8963 | tau+ 0.500
[OUTPOST-v4] epoch 31: test-all ROC 0.5956 PR 0.2059 | unseen ROC 0.5322 PR 0.1278 | valAUC 0.9009 | tau+ 0.500
[OUTPOST-v4] epoch 32: test-all ROC 0.5986 PR 0.2102 | unseen ROC 0.5354 PR 0.1289 | valAUC 0.9026 | tau+ 0.500
[OUTPOST-v4] epoch 33: test-all ROC 0.6027 PR 0.2161 | unseen ROC 0.5388 PR 0.1294 | valAUC 0.9069 | tau+ 0.500
[OUTPOST-v4] epoch 34: test-all ROC 0.6061 PR 0.2137 | unseen ROC 0.5415 PR 0.1300 | valAUC 0.9092 | tau+ 0.500
[OUTPOST-v4] epoch 35: test-all ROC 0.6072 PR 0.2174 | unseen ROC 0.5416 PR 0.1296 | valAUC 0.9078 | tau+ 0.500
[OUTPOST-v4] epoch 36: test-all ROC 0.6062 PR 0.2194 | unseen ROC 0.5395 PR 0.1293 | valAUC 0.9201 | tau+ 0.500
[OUTPOST-v4] epoch 37: test-all ROC 0.6040 PR 0.2186 | unseen ROC 0.5370 PR 0.1286 | valAUC 0.9161 | tau+ 0.500
[OUTPOST-v4] epoch 38: test-all ROC 0.6029 PR 0.2166 | unseen ROC 0.5354 PR 0.1281 | valAUC 0.9181 | tau+ 0.500
[OUTPOST-v4] epoch 39: test-all ROC 0.6047 PR 0.2165 | unseen ROC 0.5372 PR 0.1286 | valAUC 0.9172 | tau+ 0.500
[OUTPOST-v4] epoch 40: test-all ROC 0.6064 PR 0.2207 | unseen ROC 0.5372 PR 0.1281 | valAUC 0.9253 | tau+ 0.500
[OUTPOST-v4] epoch 41: test-all ROC 0.6144 PR 0.2282 | unseen ROC 0.5450 PR 0.1297 | valAUC 0.9299 | tau+ 0.500
[OUTPOST-v4] epoch 42: test-all ROC 0.6187 PR 0.2279 | unseen ROC 0.5478 PR 0.1301 | valAUC 0.9391 | tau+ 0.500
[OUTPOST-v4] epoch 43: test-all ROC 0.6204 PR 0.2292 | unseen ROC 0.5482 PR 0.1299 | valAUC 0.9411 | tau+ 0.500
[OUTPOST-v4] epoch 44: test-all ROC 0.6269 PR 0.2334 | unseen ROC 0.5545 PR 0.1309 | valAUC 0.9440 | tau+ 0.500
[OUTPOST-v4] epoch 45: test-all ROC 0.6278 PR 0.2348 | unseen ROC 0.5542 PR 0.1302 | valAUC 0.9418 | tau+ 0.500
[OUTPOST-v4] epoch 46: test-all ROC 0.6291 PR 0.2343 | unseen ROC 0.5545 PR 0.1303 | valAUC 0.9474 | tau+ 0.500
[OUTPOST-v4] epoch 47: test-all ROC 0.6353 PR 0.2393 | unseen ROC 0.5610 PR 0.1314 | valAUC 0.9468 | tau+ 0.500
[OUTPOST-v4] epoch 48: test-all ROC 0.6361 PR 0.2384 | unseen ROC 0.5613 PR 0.1314 | valAUC 0.9532 | tau+ 0.500
[OUTPOST-v4] epoch 49: test-all ROC 0.6411 PR 0.2461 | unseen ROC 0.5660 PR 0.1322 | valAUC 0.9583 | tau+ 0.500
[OUTPOST-v4] epoch 50: test-all ROC 0.6461 PR 0.2435 | unseen ROC 0.5707 PR 0.1326 | valAUC 0.9520 | tau+ 0.500
[OUTPOST-v4] epoch 51: test-all ROC 0.6521 PR 0.2456 | unseen ROC 0.5769 PR 0.1338 | valAUC 0.9589 | tau+ 0.500
[OUTPOST-v4] epoch 52: test-all ROC 0.6541 PR 0.2444 | unseen ROC 0.5785 PR 0.1339 | valAUC 0.9598 | tau+ 0.500
[OUTPOST-v4] epoch 53: test-all ROC 0.6596 PR 0.2436 | unseen ROC 0.5846 PR 0.1353 | valAUC 0.9621 | tau+ 0.500
[OUTPOST-v4] epoch 54: test-all ROC 0.6601 PR 0.2441 | unseen ROC 0.5850 PR 0.1353 | valAUC 0.9603 | tau+ 0.500
[OUTPOST-v4] epoch 55: test-all ROC 0.6601 PR 0.2452 | unseen ROC 0.5852 PR 0.1351 | valAUC 0.9626 | tau+ 0.500
[OUTPOST-v4] epoch 56: test-all ROC 0.6609 PR 0.2467 | unseen ROC 0.5857 PR 0.1354 | valAUC 0.9580 | tau+ 0.500
[OUTPOST-v4] epoch 57: test-all ROC 0.6627 PR 0.2454 | unseen ROC 0.5874 PR 0.1356 | valAUC 0.9603 | tau+ 0.500
[OUTPOST-v4] epoch 58: test-all ROC 0.6635 PR 0.2438 | unseen ROC 0.5883 PR 0.1357 | valAUC 0.9586 | tau+ 0.500
[OUTPOST-v4] epoch 59: test-all ROC 0.6630 PR 0.2445 | unseen ROC 0.5874 PR 0.1354 | valAUC 0.9641 | tau+ 0.500
[OUTPOST-v4] epoch 60: test-all ROC 0.6611 PR 0.2477 | unseen ROC 0.5847 PR 0.1347 | valAUC 0.9592 | tau+ 0.500
[OUTPOST-v4] epoch 61: test-all ROC 0.6591 PR 0.2442 | unseen ROC 0.5824 PR 0.1340 | valAUC 0.9641 | tau+ 0.500
[OUTPOST-v4] epoch 62: test-all ROC 0.6618 PR 0.2448 | unseen ROC 0.5851 PR 0.1344 | valAUC 0.9595 | tau+ 0.500
[OUTPOST-v4] epoch 63: test-all ROC 0.6616 PR 0.2452 | unseen ROC 0.5848 PR 0.1343 | valAUC 0.9615 | tau+ 0.500
[OUTPOST-v4] epoch 64: test-all ROC 0.6579 PR 0.2405 | unseen ROC 0.5800 PR 0.1327 | valAUC 0.9603 | tau+ 0.500
[OUTPOST-v4] epoch 65: test-all ROC 0.6574 PR 0.2408 | unseen ROC 0.5794 PR 0.1324 | valAUC 0.9589 | tau+ 0.500
[OUTPOST-v4] epoch 66: test-all ROC 0.6578 PR 0.2423 | unseen ROC 0.5799 PR 0.1327 | valAUC 0.9615 | tau+ 0.500
[OUTPOST-v4] epoch 67: test-all ROC 0.6594 PR 0.2440 | unseen ROC 0.5819 PR 0.1335 | valAUC 0.9621 | tau+ 0.500
[OUTPOST-v4] epoch 68: test-all ROC 0.6572 PR 0.2421 | unseen ROC 0.5791 PR 0.1325 | valAUC 0.9580 | tau+ 0.504
[OUTPOST-v4] epoch 69: test-all ROC 0.6565 PR 0.2424 | unseen ROC 0.5779 PR 0.1320 | valAUC 0.9603 | tau+ 0.512
[OUTPOST-v4] epoch 70: test-all ROC 0.6580 PR 0.2436 | unseen ROC 0.5797 PR 0.1328 | valAUC 0.9572 | tau+ 0.527
[OUTPOST-v4] epoch 71: test-all ROC 0.6577 PR 0.2438 | unseen ROC 0.5794 PR 0.1327 | valAUC 0.9578 | tau+ 0.544
[OUTPOST-v4] epoch 72: test-all ROC 0.6559 PR 0.2446 | unseen ROC 0.5771 PR 0.1320 | valAUC 0.9560 | tau+ 0.582
[OUTPOST-v4] epoch 73: test-all ROC 0.6572 PR 0.2447 | unseen ROC 0.5786 PR 0.1326 | valAUC 0.9612 | tau+ 0.608
[OUTPOST-v4] epoch 74: test-all ROC 0.6568 PR 0.2439 | unseen ROC 0.5780 PR 0.1323 | valAUC 0.9612 | tau+ 0.590
[OUTPOST-v4] epoch 75: test-all ROC 0.6579 PR 0.2437 | unseen ROC 0.5795 PR 0.1328 | valAUC 0.9578 | tau+ 0.604
[OUTPOST-v4] epoch 76: test-all ROC 0.6588 PR 0.2473 | unseen ROC 0.5806 PR 0.1331 | valAUC 0.9638 | tau+ 0.676
[OUTPOST-v4] epoch 77: test-all ROC 0.6582 PR 0.2451 | unseen ROC 0.5797 PR 0.1327 | valAUC 0.9578 | tau+ 0.668
[OUTPOST-v4] epoch 78: test-all ROC 0.6569 PR 0.2434 | unseen ROC 0.5781 PR 0.1323 | valAUC 0.9555 | tau+ 0.657
[OUTPOST-v4] epoch 79: test-all ROC 0.6571 PR 0.2442 | unseen ROC 0.5784 PR 0.1324 | valAUC 0.9537 | tau+ 0.740
[OUTPOST-v4] epoch 80: test-all ROC 0.6560 PR 0.2453 | unseen ROC 0.5767 PR 0.1320 | valAUC 0.9592 | tau+ 0.723
[OUTPOST-v4] epoch 81: test-all ROC 0.6536 PR 0.2449 | unseen ROC 0.5739 PR 0.1310 | valAUC 0.9615 | tau+ 0.663
[OUTPOST-v4] epoch 82: test-all ROC 0.6523 PR 0.2418 | unseen ROC 0.5721 PR 0.1305 | valAUC 0.9598 | tau+ 0.610
[OUTPOST-v4] epoch 83: test-all ROC 0.6557 PR 0.2468 | unseen ROC 0.5763 PR 0.1318 | valAUC 0.9603 | tau+ 0.739
[OUTPOST-v4] epoch 84: test-all ROC 0.6562 PR 0.2462 | unseen ROC 0.5771 PR 0.1322 | valAUC 0.9615 | tau+ 0.810
[OUTPOST-v4] epoch 85: test-all ROC 0.6583 PR 0.2494 | unseen ROC 0.5799 PR 0.1330 | valAUC 0.9583 | tau+ 0.792
[OUTPOST-v4] epoch 86: test-all ROC 0.6537 PR 0.2464 | unseen ROC 0.5737 PR 0.1312 | valAUC 0.9575 | tau+ 0.725
[OUTPOST-v4] epoch 87: test-all ROC 0.6546 PR 0.2434 | unseen ROC 0.5751 PR 0.1315 | valAUC 0.9497 | tau+ 0.689
[OUTPOST-v4] epoch 88: test-all ROC 0.6553 PR 0.2470 | unseen ROC 0.5756 PR 0.1316 | valAUC 0.9526 | tau+ 0.828
[OUTPOST-v4] epoch 89: test-all ROC 0.6561 PR 0.2475 | unseen ROC 0.5764 PR 0.1319 | valAUC 0.9615 | tau+ 0.895
[OUTPOST-v4] epoch 90: test-all ROC 0.6542 PR 0.2473 | unseen ROC 0.5743 PR 0.1314 | valAUC 0.9549 | tau+ 0.917
[OUTPOST-v4] epoch 91: test-all ROC 0.6539 PR 0.2425 | unseen ROC 0.5741 PR 0.1312 | valAUC 0.9491 | tau+ 0.815
[OUTPOST-v4] epoch 92: test-all ROC 0.6518 PR 0.2401 | unseen ROC 0.5716 PR 0.1305 | valAUC 0.9514 | tau+ 0.729
[OUTPOST-v4] epoch 93: test-all ROC 0.6577 PR 0.2475 | unseen ROC 0.5785 PR 0.1328 | valAUC 0.9598 | tau+ 0.866
[OUTPOST-v4] epoch 94: test-all ROC 0.6556 PR 0.2486 | unseen ROC 0.5758 PR 0.1320 | valAUC 0.9555 | tau+ 0.912
[OUTPOST-v4] epoch 95: test-all ROC 0.6569 PR 0.2489 | unseen ROC 0.5776 PR 0.1329 | valAUC 0.9552 | tau+ 0.892
[OUTPOST-v4] epoch 96: test-all ROC 0.6566 PR 0.2465 | unseen ROC 0.5772 PR 0.1327 | valAUC 0.9540 | tau+ 0.839
[OUTPOST-v4] epoch 97: test-all ROC 0.6556 PR 0.2440 | unseen ROC 0.5760 PR 0.1326 | valAUC 0.9572 | tau+ 0.779
[OUTPOST-v4] epoch 98: test-all ROC 0.6562 PR 0.2469 | unseen ROC 0.5766 PR 0.1325 | valAUC 0.9557 | tau+ 0.835
[OUTPOST-v4] epoch 99: test-all ROC 0.6561 PR 0.2473 | unseen ROC 0.5764 PR 0.1326 | valAUC 0.9560 | tau+ 0.863
[OUTPOST-v4] epoch 100: test-all ROC 0.6576 PR 0.2502 | unseen ROC 0.5782 PR 0.1330 | valAUC 0.9497 | tau+ 0.854
[OUTPOST-v4] epoch 101: test-all ROC 0.6560 PR 0.2492 | unseen ROC 0.5764 PR 0.1325 | valAUC 0.9569 | tau+ 0.819
[OUTPOST-v4] epoch 102: test-all ROC 0.6543 PR 0.2474 | unseen ROC 0.5743 PR 0.1319 | valAUC 0.9526 | tau+ 0.842
[OUTPOST-v4] epoch 103: test-all ROC 0.6551 PR 0.2497 | unseen ROC 0.5748 PR 0.1321 | valAUC 0.9612 | tau+ 0.908
[OUTPOST-v4] epoch 104: test-all ROC 0.6558 PR 0.2498 | unseen ROC 0.5758 PR 0.1324 | valAUC 0.9563 | tau+ 0.925
[OUTPOST-v4] epoch 105: test-all ROC 0.6523 PR 0.2478 | unseen ROC 0.5714 PR 0.1311 | valAUC 0.9471 | tau+ 0.846
[OUTPOST-v4] epoch 106: test-all ROC 0.6525 PR 0.2473 | unseen ROC 0.5717 PR 0.1311 | valAUC 0.9486 | tau+ 0.736
[OUTPOST-v4] epoch 107: test-all ROC 0.6541 PR 0.2491 | unseen ROC 0.5737 PR 0.1319 | valAUC 0.9529 | tau+ 0.867
[OUTPOST-v4] epoch 108: test-all ROC 0.6541 PR 0.2553 | unseen ROC 0.5733 PR 0.1319 | valAUC 0.9635 | tau+ 0.948
[OUTPOST-v4] epoch 109: test-all ROC 0.6544 PR 0.2522 | unseen ROC 0.5738 PR 0.1320 | valAUC 0.9520 | tau+ 0.934
[OUTPOST-v4] epoch 110: test-all ROC 0.6551 PR 0.2489 | unseen ROC 0.5748 PR 0.1323 | valAUC 0.9569 | tau+ 0.842
[OUTPOST-v4] epoch 111: test-all ROC 0.6546 PR 0.2516 | unseen ROC 0.5741 PR 0.1320 | valAUC 0.9603 | tau+ 0.669
[OUTPOST-v4] epoch 112: test-all ROC 0.6557 PR 0.2537 | unseen ROC 0.5753 PR 0.1325 | valAUC 0.9534 | tau+ 0.878
[OUTPOST-v4] epoch 113: test-all ROC 0.6571 PR 0.2558 | unseen ROC 0.5770 PR 0.1330 | valAUC 0.9526 | tau+ 0.943
[OUTPOST-v4] epoch 114: test-all ROC 0.6565 PR 0.2551 | unseen ROC 0.5763 PR 0.1328 | valAUC 0.9601 | tau+ 0.918
[OUTPOST-v4] epoch 115: test-all ROC 0.6556 PR 0.2537 | unseen ROC 0.5751 PR 0.1324 | valAUC 0.9552 | tau+ 0.860
[OUTPOST-v4] epoch 116: test-all ROC 0.6541 PR 0.2536 | unseen ROC 0.5732 PR 0.1319 | valAUC 0.9526 | tau+ 0.823
[OUTPOST-v4] epoch 117: test-all ROC 0.6565 PR 0.2557 | unseen ROC 0.5763 PR 0.1329 | valAUC 0.9555 | tau+ 0.817
[OUTPOST-v4] epoch 118: test-all ROC 0.6571 PR 0.2559 | unseen ROC 0.5769 PR 0.1330 | valAUC 0.9552 | tau+ 0.909
[OUTPOST-v4] epoch 119: test-all ROC 0.6556 PR 0.2578 | unseen ROC 0.5749 PR 0.1325 | valAUC 0.9491 | tau+ 0.888
[OUTPOST-v4] epoch 120: test-all ROC 0.6582 PR 0.2581 | unseen ROC 0.5783 PR 0.1335 | valAUC 0.9529 | tau+ 0.911
[OUTPOST-v4] epoch 121: test-all ROC 0.6575 PR 0.2613 | unseen ROC 0.5772 PR 0.1332 | valAUC 0.9687 | tau+ 0.903
[OUTPOST-v4] epoch 122: test-all ROC 0.6576 PR 0.2568 | unseen ROC 0.5774 PR 0.1332 | valAUC 0.9606 | tau+ 0.867
[OUTPOST-v4] epoch 123: test-all ROC 0.6585 PR 0.2602 | unseen ROC 0.5786 PR 0.1336 | valAUC 0.9632 | tau+ 0.789
[OUTPOST-v4] epoch 124: test-all ROC 0.6579 PR 0.2623 | unseen ROC 0.5776 PR 0.1334 | valAUC 0.9575 | tau+ 0.765
[OUTPOST-v4] epoch 125: test-all ROC 0.6587 PR 0.2608 | unseen ROC 0.5787 PR 0.1338 | valAUC 0.9595 | tau+ 0.862
[OUTPOST-v4] epoch 126: test-all ROC 0.6580 PR 0.2627 | unseen ROC 0.5778 PR 0.1335 | valAUC 0.9629 | tau+ 0.886
[OUTPOST-v4] epoch 127: test-all ROC 0.6589 PR 0.2644 | unseen ROC 0.5788 PR 0.1338 | valAUC 0.9690 | tau+ 0.905
[OUTPOST-v4] epoch 128: test-all ROC 0.6576 PR 0.2593 | unseen ROC 0.5773 PR 0.1333 | valAUC 0.9526 | tau+ 0.893
[OUTPOST-v4] epoch 129: test-all ROC 0.6573 PR 0.2600 | unseen ROC 0.5770 PR 0.1332 | valAUC 0.9638 | tau+ 0.754
[OUTPOST-v4] epoch 130: test-all ROC 0.6577 PR 0.2631 | unseen ROC 0.5774 PR 0.1334 | valAUC 0.9598 | tau+ 0.725
[OUTPOST-v4] epoch 131: test-all ROC 0.6587 PR 0.2672 | unseen ROC 0.5781 PR 0.1338 | valAUC 0.9624 | tau+ 0.868
[OUTPOST-v4] epoch 132: test-all ROC 0.6567 PR 0.2636 | unseen ROC 0.5759 PR 0.1332 | valAUC 0.9658 | tau+ 0.945
[OUTPOST-v4] epoch 133: test-all ROC 0.6599 PR 0.2670 | unseen ROC 0.5798 PR 0.1344 | valAUC 0.9635 | tau+ 0.938
[OUTPOST-v4] epoch 134: test-all ROC 0.6596 PR 0.2673 | unseen ROC 0.5795 PR 0.1343 | valAUC 0.9667 | tau+ 0.810
[OUTPOST-v4] epoch 135: test-all ROC 0.6590 PR 0.2611 | unseen ROC 0.5792 PR 0.1340 | valAUC 0.9644 | tau+ 0.508
[OUTPOST-v4] epoch 136: test-all ROC 0.6583 PR 0.2683 | unseen ROC 0.5776 PR 0.1338 | valAUC 0.9606 | tau+ 0.877
[OUTPOST-v4] epoch 137: test-all ROC 0.6598 PR 0.2672 | unseen ROC 0.5798 PR 0.1345 | valAUC 0.9606 | tau+ 0.956
[OUTPOST-v4] epoch 138: test-all ROC 0.6616 PR 0.2721 | unseen ROC 0.5821 PR 0.1351 | valAUC 0.9595 | tau+ 0.964
[OUTPOST-v4] epoch 139: test-all ROC 0.6590 PR 0.2659 | unseen ROC 0.5788 PR 0.1339 | valAUC 0.9503 | tau+ 0.929
[OUTPOST-v4] epoch 140: test-all ROC 0.6591 PR 0.2616 | unseen ROC 0.5794 PR 0.1340 | valAUC 0.9552 | tau+ 0.659
[OUTPOST-v4] epoch 141: test-all ROC 0.6610 PR 0.2657 | unseen ROC 0.5814 PR 0.1347 | valAUC 0.9638 | tau+ 0.672
[OUTPOST-v4] epoch 142: test-all ROC 0.6592 PR 0.2666 | unseen ROC 0.5790 PR 0.1342 | valAUC 0.9644 | tau+ 0.881
[OUTPOST-v4] epoch 143: test-all ROC 0.6613 PR 0.2707 | unseen ROC 0.5814 PR 0.1351 | valAUC 0.9672 | tau+ 0.939
[OUTPOST-v4] epoch 144: test-all ROC 0.6607 PR 0.2724 | unseen ROC 0.5809 PR 0.1349 | valAUC 0.9621 | tau+ 0.906
[OUTPOST-v4] epoch 145: test-all ROC 0.6631 PR 0.2676 | unseen ROC 0.5837 PR 0.1360 | valAUC 0.9586 | tau+ 0.830
[OUTPOST-v4] epoch 146: test-all ROC 0.6609 PR 0.2694 | unseen ROC 0.5810 PR 0.1351 | valAUC 0.9670 | tau+ 0.621
[OUTPOST-v4] epoch 147: test-all ROC 0.6619 PR 0.2708 | unseen ROC 0.5823 PR 0.1355 | valAUC 0.9635 | tau+ 0.710
[OUTPOST-v4] epoch 148: test-all ROC 0.6643 PR 0.2714 | unseen ROC 0.5854 PR 0.1366 | valAUC 0.9690 | tau+ 0.888
[OUTPOST-v4] epoch 149: test-all ROC 0.6621 PR 0.2745 | unseen ROC 0.5821 PR 0.1358 | valAUC 0.9635 | tau+ 0.883
[OUTPOST-v4] epoch 150: test-all ROC 0.6653 PR 0.2740 | unseen ROC 0.5866 PR 0.1367 | valAUC 0.9578 | tau+ 0.919
[OUTPOST-v4] epoch 151: test-all ROC 0.6632 PR 0.2733 | unseen ROC 0.5839 PR 0.1361 | valAUC 0.9661 | tau+ 0.762
[OUTPOST-v4] epoch 152: test-all ROC 0.6642 PR 0.2729 | unseen ROC 0.5851 PR 0.1365 | valAUC 0.9606 | tau+ 0.825
[OUTPOST-v4] epoch 153: test-all ROC 0.6646 PR 0.2733 | unseen ROC 0.5855 PR 0.1366 | valAUC 0.9655 | tau+ 0.700
[OUTPOST-v4] epoch 154: test-all ROC 0.6634 PR 0.2734 | unseen ROC 0.5840 PR 0.1361 | valAUC 0.9644 | tau+ 0.793
[OUTPOST-v4] epoch 155: test-all ROC 0.6629 PR 0.2759 | unseen ROC 0.5833 PR 0.1360 | valAUC 0.9670 | tau+ 0.871
[OUTPOST-v4] epoch 156: test-all ROC 0.6647 PR 0.2755 | unseen ROC 0.5857 PR 0.1365 | valAUC 0.9707 | tau+ 0.829
[OUTPOST-v4] epoch 157: test-all ROC 0.6640 PR 0.2761 | unseen ROC 0.5848 PR 0.1362 | valAUC 0.9598 | tau+ 0.891
[OUTPOST-v4] epoch 158: test-all ROC 0.6629 PR 0.2744 | unseen ROC 0.5833 PR 0.1359 | valAUC 0.9603 | tau+ 0.839
[OUTPOST-v4] epoch 159: test-all ROC 0.6663 PR 0.2776 | unseen ROC 0.5874 PR 0.1372 | valAUC 0.9632 | tau+ 0.724
[OUTPOST-v4] epoch 160: test-all ROC 0.6654 PR 0.2754 | unseen ROC 0.5863 PR 0.1367 | valAUC 0.9615 | tau+ 0.790
[OUTPOST-v4] epoch 161: test-all ROC 0.6650 PR 0.2768 | unseen ROC 0.5858 PR 0.1367 | valAUC 0.9687 | tau+ 0.891
[OUTPOST-v4] epoch 162: test-all ROC 0.6642 PR 0.2728 | unseen ROC 0.5849 PR 0.1365 | valAUC 0.9698 | tau+ 0.849
[OUTPOST-v4] epoch 163: test-all ROC 0.6656 PR 0.2800 | unseen ROC 0.5867 PR 0.1371 | valAUC 0.9583 | tau+ 0.891
[OUTPOST-v4] epoch 164: test-all ROC 0.6657 PR 0.2802 | unseen ROC 0.5865 PR 0.1372 | valAUC 0.9612 | tau+ 0.844
[OUTPOST-v4] epoch 165: test-all ROC 0.6670 PR 0.2778 | unseen ROC 0.5883 PR 0.1377 | valAUC 0.9647 | tau+ 0.795
[OUTPOST-v4] epoch 166: test-all ROC 0.6660 PR 0.2785 | unseen ROC 0.5872 PR 0.1373 | valAUC 0.9595 | tau+ 0.763
[OUTPOST-v4] epoch 167: test-all ROC 0.6649 PR 0.2811 | unseen ROC 0.5856 PR 0.1369 | valAUC 0.9655 | tau+ 0.761
[OUTPOST-v4] epoch 168: test-all ROC 0.6656 PR 0.2814 | unseen ROC 0.5866 PR 0.1372 | valAUC 0.9687 | tau+ 0.888
[OUTPOST-v4] epoch 169: test-all ROC 0.6674 PR 0.2811 | unseen ROC 0.5887 PR 0.1379 | valAUC 0.9589 | tau+ 0.953
[OUTPOST-v4] epoch 170: test-all ROC 0.6684 PR 0.2816 | unseen ROC 0.5900 PR 0.1383 | valAUC 0.9687 | tau+ 0.841
[OUTPOST-v4] epoch 171: test-all ROC 0.6695 PR 0.2826 | unseen ROC 0.5915 PR 0.1387 | valAUC 0.9661 | tau+ 0.675
[OUTPOST-v4] epoch 172: test-all ROC 0.6654 PR 0.2821 | unseen ROC 0.5861 PR 0.1369 | valAUC 0.9664 | tau+ 0.663
[OUTPOST-v4] epoch 173: test-all ROC 0.6673 PR 0.2802 | unseen ROC 0.5887 PR 0.1380 | valAUC 0.9629 | tau+ 0.763
[OUTPOST-v4] epoch 174: test-all ROC 0.6668 PR 0.2841 | unseen ROC 0.5877 PR 0.1380 | valAUC 0.9667 | tau+ 0.851
[OUTPOST-v4] epoch 175: test-all ROC 0.6671 PR 0.2814 | unseen ROC 0.5883 PR 0.1379 | valAUC 0.9687 | tau+ 0.823
[OUTPOST-v4] epoch 176: test-all ROC 0.6686 PR 0.2842 | unseen ROC 0.5903 PR 0.1386 | valAUC 0.9675 | tau+ 0.779
[OUTPOST-v4] epoch 177: test-all ROC 0.6691 PR 0.2809 | unseen ROC 0.5908 PR 0.1391 | valAUC 0.9690 | tau+ 0.692
[OUTPOST-v4] epoch 178: test-all ROC 0.6695 PR 0.2868 | unseen ROC 0.5913 PR 0.1390 | valAUC 0.9649 | tau+ 0.742
[OUTPOST-v4] epoch 179: test-all ROC 0.6697 PR 0.2845 | unseen ROC 0.5914 PR 0.1391 | valAUC 0.9664 | tau+ 0.708
[OUTPOST-v4] epoch 180: test-all ROC 0.6708 PR 0.2878 | unseen ROC 0.5929 PR 0.1395 | valAUC 0.9606 | tau+ 0.944
[OUTPOST-v4] epoch 181: test-all ROC 0.6692 PR 0.2842 | unseen ROC 0.5910 PR 0.1390 | valAUC 0.9667 | tau+ 0.873
[OUTPOST-v4] epoch 182: test-all ROC 0.6727 PR 0.2859 | unseen ROC 0.5953 PR 0.1402 | valAUC 0.9687 | tau+ 0.698
[OUTPOST-v4] epoch 183: test-all ROC 0.6711 PR 0.2823 | unseen ROC 0.5934 PR 0.1397 | valAUC 0.9641 | tau+ 0.635
[OUTPOST-v4] epoch 184: test-all ROC 0.6710 PR 0.2877 | unseen ROC 0.5931 PR 0.1394 | valAUC 0.9681 | tau+ 0.772
[OUTPOST-v4] epoch 185: test-all ROC 0.6715 PR 0.2892 | unseen ROC 0.5937 PR 0.1401 | valAUC 0.9664 | tau+ 0.854
[OUTPOST-v4] epoch 186: test-all ROC 0.6710 PR 0.2870 | unseen ROC 0.5931 PR 0.1399 | valAUC 0.9701 | tau+ 0.919
[OUTPOST-v4] epoch 187: test-all ROC 0.6729 PR 0.2875 | unseen ROC 0.5955 PR 0.1404 | valAUC 0.9690 | tau+ 0.803
[OUTPOST-v4] epoch 188: test-all ROC 0.6725 PR 0.2873 | unseen ROC 0.5951 PR 0.1405 | valAUC 0.9704 | tau+ 0.584
[OUTPOST-v4] epoch 189: test-all ROC 0.6723 PR 0.2893 | unseen ROC 0.5947 PR 0.1404 | valAUC 0.9693 | tau+ 0.553
[OUTPOST-v4] epoch 190: test-all ROC 0.6728 PR 0.2890 | unseen ROC 0.5951 PR 0.1405 | valAUC 0.9670 | tau+ 0.778
[OUTPOST-v4] epoch 191: test-all ROC 0.6739 PR 0.2913 | unseen ROC 0.5966 PR 0.1410 | valAUC 0.9698 | tau+ 0.717
[OUTPOST-v4] epoch 192: test-all ROC 0.6736 PR 0.2920 | unseen ROC 0.5962 PR 0.1408 | valAUC 0.9684 | tau+ 0.909
[OUTPOST-v4] epoch 193: test-all ROC 0.6720 PR 0.2941 | unseen ROC 0.5940 PR 0.1405 | valAUC 0.9675 | tau+ 0.878
[OUTPOST-v4] epoch 194: test-all ROC 0.6722 PR 0.2912 | unseen ROC 0.5945 PR 0.1407 | valAUC 0.9664 | tau+ 0.855
[OUTPOST-v4] epoch 195: test-all ROC 0.6742 PR 0.2914 | unseen ROC 0.5971 PR 0.1413 | valAUC 0.9707 | tau+ 0.707
[OUTPOST-v4] epoch 196: test-all ROC 0.6742 PR 0.2893 | unseen ROC 0.5970 PR 0.1416 | valAUC 0.9727 | tau+ 0.686
[OUTPOST-v4] epoch 197: test-all ROC 0.6727 PR 0.2896 | unseen ROC 0.5950 PR 0.1410 | valAUC 0.9675 | tau+ 0.883
[OUTPOST-v4] epoch 198: test-all ROC 0.6735 PR 0.2944 | unseen ROC 0.5960 PR 0.1411 | valAUC 0.9578 | tau+ 0.935
[OUTPOST-v4] epoch 199: test-all ROC 0.6755 PR 0.2976 | unseen ROC 0.5982 PR 0.1420 | valAUC 0.9707 | tau+ 0.860
[OUTPOST-v4] epoch 200: test-all ROC 0.6747 PR 0.2937 | unseen ROC 0.5975 PR 0.1419 | valAUC 0.9721 | tau+ 0.809
[OUTPOST-v4] epoch 201: test-all ROC 0.6748 PR 0.2908 | unseen ROC 0.5976 PR 0.1417 | valAUC 0.9710 | tau+ 0.713
[OUTPOST-v4] epoch 202: test-all ROC 0.6752 PR 0.2936 | unseen ROC 0.5983 PR 0.1421 | valAUC 0.9684 | tau+ 0.809
[OUTPOST-v4] epoch 203: test-all ROC 0.6751 PR 0.2945 | unseen ROC 0.5979 PR 0.1416 | valAUC 0.9624 | tau+ 0.828
[OUTPOST-v4] epoch 204: test-all ROC 0.6745 PR 0.2974 | unseen ROC 0.5972 PR 0.1417 | valAUC 0.9629 | tau+ 0.905
[OUTPOST-v4] epoch 205: test-all ROC 0.6762 PR 0.2921 | unseen ROC 0.5995 PR 0.1421 | valAUC 0.9701 | tau+ 0.823
[OUTPOST-v4] epoch 206: test-all ROC 0.6765 PR 0.2919 | unseen ROC 0.5999 PR 0.1424 | valAUC 0.9701 | tau+ 0.778
[OUTPOST-v4] epoch 207: test-all ROC 0.6772 PR 0.2921 | unseen ROC 0.6009 PR 0.1427 | valAUC 0.9690 | tau+ 0.661
[OUTPOST-v4] epoch 208: test-all ROC 0.6764 PR 0.2967 | unseen ROC 0.5997 PR 0.1425 | valAUC 0.9687 | tau+ 0.730
[OUTPOST-v4] epoch 209: test-all ROC 0.6775 PR 0.2956 | unseen ROC 0.6012 PR 0.1430 | valAUC 0.9624 | tau+ 0.907
[OUTPOST-v4] epoch 210: test-all ROC 0.6768 PR 0.2965 | unseen ROC 0.6003 PR 0.1427 | valAUC 0.9655 | tau+ 0.896
[OUTPOST-v4] epoch 211: test-all ROC 0.6788 PR 0.2981 | unseen ROC 0.6027 PR 0.1435 | valAUC 0.9661 | tau+ 0.790
[OUTPOST-v4] epoch 212: test-all ROC 0.6791 PR 0.2973 | unseen ROC 0.6032 PR 0.1438 | valAUC 0.9730 | tau+ 0.500
[OUTPOST-v4] epoch 213: test-all ROC 0.6769 PR 0.2945 | unseen ROC 0.6005 PR 0.1428 | valAUC 0.9624 | tau+ 0.775
[OUTPOST-v4] epoch 214: test-all ROC 0.6797 PR 0.2980 | unseen ROC 0.6037 PR 0.1441 | valAUC 0.9727 | tau+ 0.753
[OUTPOST-v4] epoch 215: test-all ROC 0.6787 PR 0.3005 | unseen ROC 0.6023 PR 0.1438 | valAUC 0.9655 | tau+ 0.943
[OUTPOST-v4] epoch 216: test-all ROC 0.6771 PR 0.2962 | unseen ROC 0.6003 PR 0.1433 | valAUC 0.9655 | tau+ 0.964
[OUTPOST-v4] epoch 217: test-all ROC 0.6814 PR 0.3047 | unseen ROC 0.6054 PR 0.1451 | valAUC 0.9664 | tau+ 0.852
[OUTPOST-v4] epoch 218: test-all ROC 0.6800 PR 0.3025 | unseen ROC 0.6039 PR 0.1447 | valAUC 0.9693 | tau+ 0.578
[OUTPOST-v4] epoch 219: test-all ROC 0.6809 PR 0.2991 | unseen ROC 0.6050 PR 0.1446 | valAUC 0.9695 | tau+ 0.808
[OUTPOST-v4] epoch 220: test-all ROC 0.6800 PR 0.3009 | unseen ROC 0.6040 PR 0.1447 | valAUC 0.9730 | tau+ 0.918
[OUTPOST-v4] epoch 221: test-all ROC 0.6802 PR 0.3044 | unseen ROC 0.6040 PR 0.1446 | valAUC 0.9661 | tau+ 0.970
[OUTPOST-v4] epoch 222: test-all ROC 0.6805 PR 0.3010 | unseen ROC 0.6045 PR 0.1447 | valAUC 0.9727 | tau+ 0.846
[OUTPOST-v4] epoch 223: test-all ROC 0.6799 PR 0.3039 | unseen ROC 0.6038 PR 0.1445 | valAUC 0.9764 | tau+ 0.593
[OUTPOST-v4] epoch 224: test-all ROC 0.6797 PR 0.3009 | unseen ROC 0.6035 PR 0.1444 | valAUC 0.9724 | tau+ 0.500
[OUTPOST-v4] epoch 225: test-all ROC 0.6810 PR 0.3041 | unseen ROC 0.6051 PR 0.1451 | valAUC 0.9764 | tau+ 0.795
[OUTPOST-v4] epoch 226: test-all ROC 0.6811 PR 0.3088 | unseen ROC 0.6050 PR 0.1450 | valAUC 0.9747 | tau+ 0.940
[OUTPOST-v4] epoch 227: test-all ROC 0.6825 PR 0.3066 | unseen ROC 0.6070 PR 0.1456 | valAUC 0.9707 | tau+ 0.943
[OUTPOST-v4] epoch 228: test-all ROC 0.6813 PR 0.3057 | unseen ROC 0.6052 PR 0.1451 | valAUC 0.9718 | tau+ 0.788
[OUTPOST-v4] epoch 229: test-all ROC 0.6834 PR 0.3046 | unseen ROC 0.6083 PR 0.1462 | valAUC 0.9718 | tau+ 0.574
[OUTPOST-v4] epoch 230: test-all ROC 0.6846 PR 0.3054 | unseen ROC 0.6096 PR 0.1464 | valAUC 0.9793 | tau+ 0.534
[OUTPOST-v4] epoch 231: test-all ROC 0.6818 PR 0.3064 | unseen ROC 0.6060 PR 0.1454 | valAUC 0.9744 | tau+ 0.818
[OUTPOST-v4] epoch 232: test-all ROC 0.6835 PR 0.3089 | unseen ROC 0.6079 PR 0.1462 | valAUC 0.9736 | tau+ 0.874
[OUTPOST-v4] epoch 233: test-all ROC 0.6836 PR 0.3084 | unseen ROC 0.6085 PR 0.1467 | valAUC 0.9681 | tau+ 0.892
[OUTPOST-v4] epoch 234: test-all ROC 0.6833 PR 0.3067 | unseen ROC 0.6078 PR 0.1465 | valAUC 0.9684 | tau+ 0.886
[OUTPOST-v4] epoch 235: test-all ROC 0.6842 PR 0.3059 | unseen ROC 0.6092 PR 0.1470 | valAUC 0.9661 | tau+ 0.656
[OUTPOST-v4] epoch 236: test-all ROC 0.6848 PR 0.3078 | unseen ROC 0.6097 PR 0.1470 | valAUC 0.9664 | tau+ 0.577
[OUTPOST-v4] epoch 237: test-all ROC 0.6829 PR 0.3063 | unseen ROC 0.6072 PR 0.1466 | valAUC 0.9704 | tau+ 0.734
[OUTPOST-v4] epoch 238: test-all ROC 0.6886 PR 0.3083 | unseen ROC 0.6146 PR 0.1489 | valAUC 0.9667 | tau+ 0.928
[OUTPOST-v4] epoch 239: test-all ROC 0.6863 PR 0.3086 | unseen ROC 0.6113 PR 0.1477 | valAUC 0.9753 | tau+ 0.864
[OUTPOST-v4] epoch 240: test-all ROC 0.6855 PR 0.3074 | unseen ROC 0.6104 PR 0.1474 | valAUC 0.9681 | tau+ 0.912
[OUTPOST-v4] epoch 241: test-all ROC 0.6873 PR 0.3091 | unseen ROC 0.6129 PR 0.1487 | valAUC 0.9661 | tau+ 0.666
[OUTPOST-v4] epoch 242: test-all ROC 0.6865 PR 0.3087 | unseen ROC 0.6118 PR 0.1479 | valAUC 0.9675 | tau+ 0.510
[OUTPOST-v4] epoch 243: test-all ROC 0.6861 PR 0.3080 | unseen ROC 0.6114 PR 0.1479 | valAUC 0.9698 | tau+ 0.776
[OUTPOST-v4] epoch 244: test-all ROC 0.6873 PR 0.3119 | unseen ROC 0.6127 PR 0.1480 | valAUC 0.9796 | tau+ 0.785
[OUTPOST-v4] epoch 245: test-all ROC 0.6870 PR 0.3130 | unseen ROC 0.6122 PR 0.1481 | valAUC 0.9718 | tau+ 0.873
[OUTPOST-v4] epoch 246: test-all ROC 0.6895 PR 0.3147 | unseen ROC 0.6153 PR 0.1491 | valAUC 0.9736 | tau+ 0.884
[OUTPOST-v4] epoch 247: test-all ROC 0.6878 PR 0.3119 | unseen ROC 0.6135 PR 0.1486 | valAUC 0.9739 | tau+ 0.746
[OUTPOST-v4] epoch 248: test-all ROC 0.6895 PR 0.3112 | unseen ROC 0.6157 PR 0.1497 | valAUC 0.9727 | tau+ 0.728
[OUTPOST-v4] epoch 249: test-all ROC 0.6879 PR 0.3121 | unseen ROC 0.6137 PR 0.1491 | valAUC 0.9698 | tau+ 0.707
[OUTPOST-v4] epoch 250: test-all ROC 0.6903 PR 0.3167 | unseen ROC 0.6165 PR 0.1497 | valAUC 0.9770 | tau+ 0.619
[OUTPOST-v4] epoch 251: test-all ROC 0.6913 PR 0.3128 | unseen ROC 0.6178 PR 0.1501 | valAUC 0.9761 | tau+ 0.723
[OUTPOST-v4] epoch 252: test-all ROC 0.6902 PR 0.3165 | unseen ROC 0.6163 PR 0.1501 | valAUC 0.9684 | tau+ 0.928
[OUTPOST-v4] epoch 253: test-all ROC 0.6899 PR 0.3161 | unseen ROC 0.6160 PR 0.1499 | valAUC 0.9730 | tau+ 0.873
[OUTPOST-v4] epoch 254: test-all ROC 0.6912 PR 0.3167 | unseen ROC 0.6174 PR 0.1506 | valAUC 0.9744 | tau+ 0.608
[OUTPOST-v4] epoch 255: test-all ROC 0.6925 PR 0.3174 | unseen ROC 0.6193 PR 0.1514 | valAUC 0.9782 | tau+ 0.500
[OUTPOST-v4] epoch 256: test-all ROC 0.6936 PR 0.3157 | unseen ROC 0.6206 PR 0.1516 | valAUC 0.9776 | tau+ 0.524
[OUTPOST-v4] epoch 257: test-all ROC 0.6917 PR 0.3152 | unseen ROC 0.6182 PR 0.1511 | valAUC 0.9747 | tau+ 0.690
[OUTPOST-v4] epoch 258: test-all ROC 0.6934 PR 0.3179 | unseen ROC 0.6202 PR 0.1518 | valAUC 0.9664 | tau+ 0.898
[OUTPOST-v4] epoch 259: test-all ROC 0.6901 PR 0.3173 | unseen ROC 0.6160 PR 0.1504 | valAUC 0.9747 | tau+ 0.942
[OUTPOST-v4] epoch 260: test-all ROC 0.6921 PR 0.3157 | unseen ROC 0.6188 PR 0.1514 | valAUC 0.9693 | tau+ 0.866
[OUTPOST-v4] epoch 261: test-all ROC 0.6937 PR 0.3147 | unseen ROC 0.6209 PR 0.1524 | valAUC 0.9761 | tau+ 0.600
[OUTPOST-v4] epoch 262: test-all ROC 0.6934 PR 0.3170 | unseen ROC 0.6202 PR 0.1519 | valAUC 0.9733 | tau+ 0.744
[OUTPOST-v4] epoch 263: test-all ROC 0.6935 PR 0.3165 | unseen ROC 0.6205 PR 0.1523 | valAUC 0.9784 | tau+ 0.754
[OUTPOST-v4] epoch 264: test-all ROC 0.6929 PR 0.3219 | unseen ROC 0.6195 PR 0.1519 | valAUC 0.9721 | tau+ 0.830
[OUTPOST-v4] epoch 265: test-all ROC 0.6928 PR 0.3193 | unseen ROC 0.6194 PR 0.1519 | valAUC 0.9773 | tau+ 0.814
[OUTPOST-v4] epoch 266: test-all ROC 0.6919 PR 0.3199 | unseen ROC 0.6184 PR 0.1520 | valAUC 0.9710 | tau+ 0.866
[OUTPOST-v4] epoch 267: test-all ROC 0.6949 PR 0.3232 | unseen ROC 0.6219 PR 0.1531 | valAUC 0.9741 | tau+ 0.788
[OUTPOST-v4] epoch 268: test-all ROC 0.6943 PR 0.3202 | unseen ROC 0.6215 PR 0.1528 | valAUC 0.9776 | tau+ 0.500
[OUTPOST-v4] epoch 269: test-all ROC 0.6953 PR 0.3208 | unseen ROC 0.6226 PR 0.1534 | valAUC 0.9741 | tau+ 0.500
[OUTPOST-v4] epoch 270: test-all ROC 0.6959 PR 0.3234 | unseen ROC 0.6233 PR 0.1539 | valAUC 0.9770 | tau+ 0.619
[OUTPOST-v4] epoch 271: test-all ROC 0.6956 PR 0.3220 | unseen ROC 0.6229 PR 0.1535 | valAUC 0.9802 | tau+ 0.883
[OUTPOST-v4] epoch 272: test-all ROC 0.6970 PR 0.3248 | unseen ROC 0.6246 PR 0.1542 | valAUC 0.9730 | tau+ 0.900
[OUTPOST-v4] epoch 273: test-all ROC 0.6961 PR 0.3227 | unseen ROC 0.6236 PR 0.1546 | valAUC 0.9750 | tau+ 0.808
[OUTPOST-v4] epoch 274: test-all ROC 0.6982 PR 0.3244 | unseen ROC 0.6261 PR 0.1554 | valAUC 0.9782 | tau+ 0.500
[OUTPOST-v4] epoch 275: test-all ROC 0.6967 PR 0.3208 | unseen ROC 0.6246 PR 0.1549 | valAUC 0.9730 | tau+ 0.719
[OUTPOST-v4] epoch 276: test-all ROC 0.6977 PR 0.3213 | unseen ROC 0.6255 PR 0.1546 | valAUC 0.9793 | tau+ 0.523
[OUTPOST-v4] epoch 277: test-all ROC 0.6960 PR 0.3233 | unseen ROC 0.6234 PR 0.1546 | valAUC 0.9747 | tau+ 0.732
[OUTPOST-v4] epoch 278: test-all ROC 0.6978 PR 0.3251 | unseen ROC 0.6257 PR 0.1549 | valAUC 0.9764 | tau+ 0.759
[OUTPOST-v4] epoch 279: test-all ROC 0.6995 PR 0.3258 | unseen ROC 0.6280 PR 0.1559 | valAUC 0.9727 | tau+ 0.674
[OUTPOST-v4] epoch 280: test-all ROC 0.6977 PR 0.3260 | unseen ROC 0.6253 PR 0.1548 | valAUC 0.9750 | tau+ 0.738
[OUTPOST-v4] epoch 281: test-all ROC 0.6969 PR 0.3293 | unseen ROC 0.6244 PR 0.1547 | valAUC 0.9761 | tau+ 0.819
[OUTPOST-v4] epoch 282: test-all ROC 0.6986 PR 0.3246 | unseen ROC 0.6266 PR 0.1553 | valAUC 0.9710 | tau+ 0.963
[OUTPOST-v4] epoch 283: test-all ROC 0.6990 PR 0.3277 | unseen ROC 0.6271 PR 0.1553 | valAUC 0.9741 | tau+ 0.879
[OUTPOST-v4] epoch 284: test-all ROC 0.6998 PR 0.3265 | unseen ROC 0.6280 PR 0.1558 | valAUC 0.9739 | tau+ 0.679
[OUTPOST-v4] epoch 285: test-all ROC 0.7003 PR 0.3248 | unseen ROC 0.6290 PR 0.1563 | valAUC 0.9767 | tau+ 0.500
[OUTPOST-v4] epoch 286: test-all ROC 0.6980 PR 0.3266 | unseen ROC 0.6260 PR 0.1557 | valAUC 0.9782 | tau+ 0.607
[OUTPOST-v4] epoch 287: test-all ROC 0.7011 PR 0.3300 | unseen ROC 0.6298 PR 0.1566 | valAUC 0.9716 | tau+ 0.924
[OUTPOST-v4] epoch 288: test-all ROC 0.6985 PR 0.3271 | unseen ROC 0.6266 PR 0.1554 | valAUC 0.9793 | tau+ 0.899
[OUTPOST-v4] epoch 289: test-all ROC 0.6998 PR 0.3297 | unseen ROC 0.6280 PR 0.1562 | valAUC 0.9810 | tau+ 0.791
[OUTPOST-v4] epoch 290: test-all ROC 0.7013 PR 0.3298 | unseen ROC 0.6300 PR 0.1567 | valAUC 0.9796 | tau+ 0.500
[OUTPOST-v4] epoch 291: test-all ROC 0.7036 PR 0.3299 | unseen ROC 0.6328 PR 0.1585 | valAUC 0.9770 | tau+ 0.500
[OUTPOST-v4] epoch 292: test-all ROC 0.7007 PR 0.3291 | unseen ROC 0.6292 PR 0.1567 | valAUC 0.9750 | tau+ 0.500
[OUTPOST-v4] epoch 293: test-all ROC 0.7026 PR 0.3296 | unseen ROC 0.6316 PR 0.1577 | valAUC 0.9807 | tau+ 0.661
[OUTPOST-v4] epoch 294: test-all ROC 0.6993 PR 0.3271 | unseen ROC 0.6276 PR 0.1562 | valAUC 0.9770 | tau+ 0.878
[OUTPOST-v4] epoch 295: test-all ROC 0.7000 PR 0.3317 | unseen ROC 0.6280 PR 0.1565 | valAUC 0.9773 | tau+ 0.897
[OUTPOST-v4] epoch 296: test-all ROC 0.6994 PR 0.3321 | unseen ROC 0.6273 PR 0.1563 | valAUC 0.9744 | tau+ 0.927
[OUTPOST-v4] epoch 297: test-all ROC 0.7006 PR 0.3291 | unseen ROC 0.6291 PR 0.1575 | valAUC 0.9727 | tau+ 0.740
[OUTPOST-v4] epoch 298: test-all ROC 0.7023 PR 0.3313 | unseen ROC 0.6312 PR 0.1579 | valAUC 0.9776 | tau+ 0.500
[OUTPOST-v4] epoch 299: test-all ROC 0.7040 PR 0.3307 | unseen ROC 0.6334 PR 0.1590 | valAUC 0.9802 | tau+ 0.500
[OUTPOST-v4] epoch 300: test-all ROC 0.7009 PR 0.3315 | unseen ROC 0.6293 PR 0.1574 | valAUC 0.9810 | tau+ 0.603
[OUTPOST-v4] epoch 301: test-all ROC 0.7012 PR 0.3295 | unseen ROC 0.6297 PR 0.1576 | valAUC 0.9770 | tau+ 0.927
[OUTPOST-v4] epoch 302: test-all ROC 0.7031 PR 0.3317 | unseen ROC 0.6319 PR 0.1583 | valAUC 0.9750 | tau+ 0.946
[OUTPOST-v4] epoch 303: test-all ROC 0.7025 PR 0.3333 | unseen ROC 0.6310 PR 0.1581 | valAUC 0.9816 | tau+ 0.615
[OUTPOST-v4] epoch 304: test-all ROC 0.7038 PR 0.3313 | unseen ROC 0.6329 PR 0.1588 | valAUC 0.9736 | tau+ 0.611
[OUTPOST-v4] epoch 305: test-all ROC 0.6996 PR 0.3322 | unseen ROC 0.6277 PR 0.1572 | valAUC 0.9828 | tau+ 0.500
[OUTPOST-v4] epoch 306: test-all ROC 0.7044 PR 0.3313 | unseen ROC 0.6337 PR 0.1591 | valAUC 0.9707 | tau+ 0.548
[OUTPOST-v4] epoch 307: test-all ROC 0.7041 PR 0.3327 | unseen ROC 0.6333 PR 0.1592 | valAUC 0.9845 | tau+ 0.500
[OUTPOST-v4] epoch 308: test-all ROC 0.7031 PR 0.3358 | unseen ROC 0.6321 PR 0.1588 | valAUC 0.9733 | tau+ 0.930
[OUTPOST-v4] epoch 309: test-all ROC 0.7026 PR 0.3333 | unseen ROC 0.6315 PR 0.1582 | valAUC 0.9730 | tau+ 0.914
[OUTPOST-v4] epoch 310: test-all ROC 0.7033 PR 0.3338 | unseen ROC 0.6324 PR 0.1587 | valAUC 0.9776 | tau+ 0.871
[OUTPOST-v4] epoch 311: test-all ROC 0.7068 PR 0.3385 | unseen ROC 0.6366 PR 0.1601 | valAUC 0.9759 | tau+ 0.723
[OUTPOST-v4] epoch 312: test-all ROC 0.7055 PR 0.3362 | unseen ROC 0.6352 PR 0.1602 | valAUC 0.9779 | tau+ 0.500
[OUTPOST-v4] epoch 313: test-all ROC 0.7028 PR 0.3347 | unseen ROC 0.6315 PR 0.1586 | valAUC 0.9790 | tau+ 0.670
[OUTPOST-v4] epoch 314: test-all ROC 0.7026 PR 0.3343 | unseen ROC 0.6314 PR 0.1587 | valAUC 0.9787 | tau+ 0.923
[OUTPOST-v4] epoch 315: test-all ROC 0.7021 PR 0.3366 | unseen ROC 0.6308 PR 0.1585 | valAUC 0.9739 | tau+ 0.965
[OUTPOST-v4] epoch 316: test-all ROC 0.7026 PR 0.3347 | unseen ROC 0.6317 PR 0.1590 | valAUC 0.9764 | tau+ 0.788
[OUTPOST-v4] epoch 317: test-all ROC 0.7053 PR 0.3373 | unseen ROC 0.6346 PR 0.1600 | valAUC 0.9813 | tau+ 0.500
[OUTPOST-v4] epoch 318: test-all ROC 0.7061 PR 0.3366 | unseen ROC 0.6358 PR 0.1607 | valAUC 0.9727 | tau+ 0.500
[OUTPOST-v4] epoch 319: test-all ROC 0.7083 PR 0.3382 | unseen ROC 0.6384 PR 0.1616 | valAUC 0.9759 | tau+ 0.500
[OUTPOST-v4] epoch 320: test-all ROC 0.7040 PR 0.3355 | unseen ROC 0.6331 PR 0.1596 | valAUC 0.9741 | tau+ 0.722
[OUTPOST-v4] epoch 321: test-all ROC 0.7050 PR 0.3362 | unseen ROC 0.6344 PR 0.1600 | valAUC 0.9770 | tau+ 0.929
[OUTPOST-v4] epoch 322: test-all ROC 0.7035 PR 0.3375 | unseen ROC 0.6324 PR 0.1594 | valAUC 0.9807 | tau+ 0.701
[OUTPOST-v4] epoch 323: test-all ROC 0.7059 PR 0.3376 | unseen ROC 0.6354 PR 0.1601 | valAUC 0.9747 | tau+ 0.500
[OUTPOST-v4] epoch 324: test-all ROC 0.7056 PR 0.3362 | unseen ROC 0.6351 PR 0.1599 | valAUC 0.9741 | tau+ 0.758
[OUTPOST-v4] epoch 325: test-all ROC 0.7032 PR 0.3337 | unseen ROC 0.6319 PR 0.1583 | valAUC 0.9810 | tau+ 0.758
[OUTPOST-v4] epoch 326: test-all ROC 0.7038 PR 0.3350 | unseen ROC 0.6329 PR 0.1591 | valAUC 0.9822 | tau+ 0.674
[OUTPOST-v4] epoch 327: test-all ROC 0.7070 PR 0.3402 | unseen ROC 0.6367 PR 0.1604 | valAUC 0.9782 | tau+ 0.861
[OUTPOST-v4] epoch 328: test-all ROC 0.7049 PR 0.3346 | unseen ROC 0.6342 PR 0.1597 | valAUC 0.9761 | tau+ 0.656
[OUTPOST-v4] epoch 329: test-all ROC 0.7059 PR 0.3360 | unseen ROC 0.6354 PR 0.1605 | valAUC 0.9807 | tau+ 0.500
[OUTPOST-v4] epoch 330: test-all ROC 0.7060 PR 0.3383 | unseen ROC 0.6356 PR 0.1609 | valAUC 0.9807 | tau+ 0.500
[OUTPOST-v4] epoch 331: test-all ROC 0.7049 PR 0.3377 | unseen ROC 0.6342 PR 0.1600 | valAUC 0.9799 | tau+ 0.843
[OUTPOST-v4] epoch 332: test-all ROC 0.7050 PR 0.3370 | unseen ROC 0.6342 PR 0.1599 | valAUC 0.9787 | tau+ 0.844
[OUTPOST-v4] epoch 333: test-all ROC 0.7048 PR 0.3398 | unseen ROC 0.6339 PR 0.1603 | valAUC 0.9793 | tau+ 0.728
[OUTPOST-v4] epoch 334: test-all ROC 0.7065 PR 0.3377 | unseen ROC 0.6361 PR 0.1608 | valAUC 0.9816 | tau+ 0.582
[OUTPOST-v4] epoch 335: test-all ROC 0.7065 PR 0.3343 | unseen ROC 0.6363 PR 0.1611 | valAUC 0.9750 | tau+ 0.500
[OUTPOST-v4] epoch 336: test-all ROC 0.7046 PR 0.3376 | unseen ROC 0.6337 PR 0.1603 | valAUC 0.9784 | tau+ 0.500
[OUTPOST-v4] epoch 337: test-all ROC 0.7054 PR 0.3383 | unseen ROC 0.6348 PR 0.1602 | valAUC 0.9767 | tau+ 0.734
[OUTPOST-v4] epoch 338: test-all ROC 0.7050 PR 0.3384 | unseen ROC 0.6343 PR 0.1607 | valAUC 0.9853 | tau+ 0.697
[OUTPOST-v4] epoch 339: test-all ROC 0.7056 PR 0.3369 | unseen ROC 0.6350 PR 0.1601 | valAUC 0.9764 | tau+ 0.852
[OUTPOST-v4] epoch 340: test-all ROC 0.7058 PR 0.3385 | unseen ROC 0.6353 PR 0.1604 | valAUC 0.9793 | tau+ 0.805
[OUTPOST-v4] epoch 341: test-all ROC 0.7061 PR 0.3392 | unseen ROC 0.6357 PR 0.1608 | valAUC 0.9770 | tau+ 0.500
[OUTPOST-v4] epoch 342: test-all ROC 0.7047 PR 0.3388 | unseen ROC 0.6339 PR 0.1600 | valAUC 0.9736 | tau+ 0.500
[OUTPOST-v4] epoch 343: test-all ROC 0.7054 PR 0.3394 | unseen ROC 0.6347 PR 0.1598 | valAUC 0.9865 | tau+ 0.517
[OUTPOST-v4] epoch 344: test-all ROC 0.7062 PR 0.3411 | unseen ROC 0.6358 PR 0.1606 | valAUC 0.9759 | tau+ 0.898
[OUTPOST-v4] epoch 345: test-all ROC 0.7047 PR 0.3403 | unseen ROC 0.6338 PR 0.1595 | valAUC 0.9756 | tau+ 0.872
[OUTPOST-v4] epoch 346: test-all ROC 0.7050 PR 0.3396 | unseen ROC 0.6340 PR 0.1605 | valAUC 0.9819 | tau+ 0.582
[OUTPOST-v4] epoch 347: test-all ROC 0.7062 PR 0.3383 | unseen ROC 0.6358 PR 0.1612 | valAUC 0.9819 | tau+ 0.500
[OUTPOST-v4] epoch 348: test-all ROC 0.7075 PR 0.3424 | unseen ROC 0.6372 PR 0.1620 | valAUC 0.9776 | tau+ 0.500
[OUTPOST-v4] epoch 349: test-all ROC 0.7056 PR 0.3420 | unseen ROC 0.6348 PR 0.1617 | valAUC 0.9830 | tau+ 0.500
[OUTPOST-v4] epoch 350: test-all ROC 0.7069 PR 0.3416 | unseen ROC 0.6366 PR 0.1625 | valAUC 0.9830 | tau+ 0.777
[OUTPOST-v4] epoch 351: test-all ROC 0.7064 PR 0.3409 | unseen ROC 0.6359 PR 0.1619 | valAUC 0.9802 | tau+ 0.770
[OUTPOST-v4] epoch 352: test-all ROC 0.7045 PR 0.3393 | unseen ROC 0.6335 PR 0.1612 | valAUC 0.9853 | tau+ 0.817
[OUTPOST-v4] epoch 353: test-all ROC 0.7070 PR 0.3398 | unseen ROC 0.6365 PR 0.1622 | valAUC 0.9796 | tau+ 0.741
[OUTPOST-v4] epoch 354: test-all ROC 0.7049 PR 0.3382 | unseen ROC 0.6340 PR 0.1607 | valAUC 0.9816 | tau+ 0.674
[OUTPOST-v4] epoch 355: test-all ROC 0.7058 PR 0.3403 | unseen ROC 0.6349 PR 0.1611 | valAUC 0.9796 | tau+ 0.811
[OUTPOST-v4] epoch 356: test-all ROC 0.7054 PR 0.3398 | unseen ROC 0.6344 PR 0.1602 | valAUC 0.9784 | tau+ 0.772
[OUTPOST-v4] epoch 357: test-all ROC 0.7057 PR 0.3408 | unseen ROC 0.6350 PR 0.1600 | valAUC 0.9825 | tau+ 0.851
[OUTPOST-v4] epoch 358: test-all ROC 0.7071 PR 0.3408 | unseen ROC 0.6367 PR 0.1606 | valAUC 0.9744 | tau+ 0.891
[OUTPOST-v4] epoch 359: test-all ROC 0.7042 PR 0.3403 | unseen ROC 0.6333 PR 0.1597 | valAUC 0.9813 | tau+ 0.583
[OUTPOST-v4] epoch 360: test-all ROC 0.7049 PR 0.3389 | unseen ROC 0.6341 PR 0.1601 | valAUC 0.9830 | tau+ 0.500
[OUTPOST-v4] epoch 361: test-all ROC 0.7060 PR 0.3416 | unseen ROC 0.6351 PR 0.1604 | valAUC 0.9747 | tau+ 0.586
[OUTPOST-v4] epoch 362: test-all ROC 0.7044 PR 0.3399 | unseen ROC 0.6335 PR 0.1602 | valAUC 0.9784 | tau+ 0.750
[OUTPOST-v4] epoch 363: test-all ROC 0.7059 PR 0.3398 | unseen ROC 0.6354 PR 0.1606 | valAUC 0.9784 | tau+ 0.756
[OUTPOST-v4] epoch 364: test-all ROC 0.7066 PR 0.3418 | unseen ROC 0.6363 PR 0.1613 | valAUC 0.9756 | tau+ 0.925
[OUTPOST-v4] epoch 365: test-all ROC 0.7041 PR 0.3403 | unseen ROC 0.6330 PR 0.1605 | valAUC 0.9807 | tau+ 0.770
[OUTPOST-v4] epoch 366: test-all ROC 0.7060 PR 0.3450 | unseen ROC 0.6352 PR 0.1615 | valAUC 0.9790 | tau+ 0.742
[OUTPOST-v4] epoch 367: test-all ROC 0.7073 PR 0.3424 | unseen ROC 0.6369 PR 0.1620 | valAUC 0.9790 | tau+ 0.614
[OUTPOST-v4] epoch 368: test-all ROC 0.7047 PR 0.3424 | unseen ROC 0.6339 PR 0.1612 | valAUC 0.9810 | tau+ 0.500
[OUTPOST-v4] epoch 369: test-all ROC 0.7044 PR 0.3409 | unseen ROC 0.6334 PR 0.1613 | valAUC 0.9807 | tau+ 0.696
[OUTPOST-v4] epoch 370: test-all ROC 0.7040 PR 0.3442 | unseen ROC 0.6326 PR 0.1609 | valAUC 0.9790 | tau+ 0.664
[OUTPOST-v4] epoch 371: test-all ROC 0.7070 PR 0.3443 | unseen ROC 0.6363 PR 0.1624 | valAUC 0.9822 | tau+ 0.647
[OUTPOST-v4] epoch 372: test-all ROC 0.7031 PR 0.3427 | unseen ROC 0.6318 PR 0.1609 | valAUC 0.9845 | tau+ 0.558
[OUTPOST-v4] epoch 373: test-all ROC 0.7054 PR 0.3432 | unseen ROC 0.6344 PR 0.1612 | valAUC 0.9839 | tau+ 0.500
[OUTPOST-v4] epoch 374: test-all ROC 0.7044 PR 0.3422 | unseen ROC 0.6332 PR 0.1616 | valAUC 0.9848 | tau+ 0.655
[OUTPOST-v4] epoch 375: test-all ROC 0.7058 PR 0.3449 | unseen ROC 0.6349 PR 0.1619 | valAUC 0.9865 | tau+ 0.637
[OUTPOST-v4] epoch 376: test-all ROC 0.7056 PR 0.3480 | unseen ROC 0.6345 PR 0.1615 | valAUC 0.9833 | tau+ 0.661
[OUTPOST-v4] epoch 377: test-all ROC 0.7044 PR 0.3450 | unseen ROC 0.6332 PR 0.1612 | valAUC 0.9813 | tau+ 0.645
[OUTPOST-v4] epoch 378: test-all ROC 0.7033 PR 0.3436 | unseen ROC 0.6318 PR 0.1605 | valAUC 0.9805 | tau+ 0.518
[OUTPOST-v4] epoch 379: test-all ROC 0.7022 PR 0.3428 | unseen ROC 0.6303 PR 0.1602 | valAUC 0.9845 | tau+ 0.500
[OUTPOST-v4] epoch 380: test-all ROC 0.7042 PR 0.3449 | unseen ROC 0.6331 PR 0.1612 | valAUC 0.9856 | tau+ 0.902
[OUTPOST-v4] epoch 381: test-all ROC 0.7054 PR 0.3469 | unseen ROC 0.6343 PR 0.1614 | valAUC 0.9816 | tau+ 0.794
[OUTPOST-v4] epoch 382: test-all ROC 0.7070 PR 0.3424 | unseen ROC 0.6365 PR 0.1622 | valAUC 0.9756 | tau+ 0.766
[OUTPOST-v4] epoch 383: test-all ROC 0.7051 PR 0.3415 | unseen ROC 0.6342 PR 0.1606 | valAUC 0.9782 | tau+ 0.500
[OUTPOST-v4] epoch 384: test-all ROC 0.7038 PR 0.3413 | unseen ROC 0.6325 PR 0.1598 | valAUC 0.9816 | tau+ 0.585
[OUTPOST-v4] epoch 385: test-all ROC 0.7042 PR 0.3442 | unseen ROC 0.6329 PR 0.1603 | valAUC 0.9833 | tau+ 0.650
[OUTPOST-v4] epoch 386: test-all ROC 0.7049 PR 0.3434 | unseen ROC 0.6338 PR 0.1604 | valAUC 0.9879 | tau+ 0.722
[OUTPOST-v4] epoch 387: test-all ROC 0.7014 PR 0.3429 | unseen ROC 0.6293 PR 0.1589 | valAUC 0.9799 | tau+ 0.929
[OUTPOST-v4] epoch 388: test-all ROC 0.7042 PR 0.3419 | unseen ROC 0.6329 PR 0.1602 | valAUC 0.9885 | tau+ 0.500
[OUTPOST-v4] epoch 389: test-all ROC 0.7032 PR 0.3419 | unseen ROC 0.6318 PR 0.1603 | valAUC 0.9853 | tau+ 0.500
[OUTPOST-v4] epoch 390: test-all ROC 0.7047 PR 0.3421 | unseen ROC 0.6337 PR 0.1608 | valAUC 0.9782 | tau+ 0.500
[OUTPOST-v4] epoch 391: test-all ROC 0.7045 PR 0.3443 | unseen ROC 0.6332 PR 0.1616 | valAUC 0.9836 | tau+ 0.500
[OUTPOST-v4] epoch 392: test-all ROC 0.7033 PR 0.3441 | unseen ROC 0.6318 PR 0.1610 | valAUC 0.9871 | tau+ 0.755
[OUTPOST-v4] epoch 393: test-all ROC 0.7038 PR 0.3458 | unseen ROC 0.6323 PR 0.1611 | valAUC 0.9802 | tau+ 0.945
[OUTPOST-v4] epoch 394: test-all ROC 0.7036 PR 0.3464 | unseen ROC 0.6321 PR 0.1611 | valAUC 0.9819 | tau+ 0.844
[OUTPOST-v4] epoch 395: test-all ROC 0.7032 PR 0.3427 | unseen ROC 0.6317 PR 0.1606 | valAUC 0.9813 | tau+ 0.500
[OUTPOST-v4] epoch 396: test-all ROC 0.7032 PR 0.3442 | unseen ROC 0.6316 PR 0.1612 | valAUC 0.9825 | tau+ 0.500
[OUTPOST-v4] epoch 397: test-all ROC 0.7010 PR 0.3438 | unseen ROC 0.6290 PR 0.1606 | valAUC 0.9888 | tau+ 0.500
[OUTPOST-v4] epoch 398: test-all ROC 0.7045 PR 0.3460 | unseen ROC 0.6334 PR 0.1621 | valAUC 0.9839 | tau+ 0.752
[OUTPOST-v4] epoch 399: test-all ROC 0.7046 PR 0.3468 | unseen ROC 0.6332 PR 0.1619 | valAUC 0.9833 | tau+ 0.681
  rotation 6: ROC 0.7083 PR 0.3480
[computers] params 116929, peak GPU 4.62 GB, 23.5 min total
[computers] ran 1/5 rotations; no results.csv row written. Merge the shards with:
    python analysis/scripts/merge_rotations.py
