# gpu=6 cmd=/usr/bin/python3 -u main.py --dataset photo --seed 1 --method outpost --tag E400_T_lambda_un0.5 --rotations 0 --set lambda_un=0.5 num_epochs=400 --save-scores
/nas/home/jahin/.local/lib/python3.10/site-packages/requests/__init__.py:113: RequestsDependencyWarning: urllib3 (1.26.5) or chardet (7.2.0)/charset_normalizer (3.4.4) doesn't match a supported version!
  warnings.warn(
[0.04823529 0.22039216 0.09189542 0.11960784 0.11529412 0.1075817
 0.25372549 0.04326797]
[photo] anomaly classes (rotations): [np.int64(0), np.int64(7)]
[photo] running subset: [np.int64(0)]
Normal classes: [np.int64(1), np.int64(2), np.int64(3), np.int64(4), np.int64(5), np.int64(6)] in photo
Building multi-layer GraphSage
[OUTPOST-v4] epoch 0: test-all ROC 0.5846 PR 0.1086 | unseen ROC 0.3989 PR 0.0361 | valAUC 0.7841 | tau+ 0.544
[OUTPOST-v4] epoch 1: test-all ROC 0.5923 PR 0.1084 | unseen ROC 0.4177 PR 0.0372 | valAUC 0.7729 | tau+ 0.500
[OUTPOST-v4] epoch 2: test-all ROC 0.6019 PR 0.1101 | unseen ROC 0.4339 PR 0.0383 | valAUC 0.7710 | tau+ 0.500
[OUTPOST-v4] epoch 3: test-all ROC 0.5947 PR 0.1141 | unseen ROC 0.3901 PR 0.0357 | valAUC 0.8440 | tau+ 0.500
[OUTPOST-v4] epoch 4: test-all ROC 0.6040 PR 0.1203 | unseen ROC 0.3905 PR 0.0359 | valAUC 0.8551 | tau+ 0.500
[OUTPOST-v4] epoch 5: test-all ROC 0.6069 PR 0.1239 | unseen ROC 0.3902 PR 0.0357 | valAUC 0.8507 | tau+ 0.500
[OUTPOST-v4] epoch 6: test-all ROC 0.6075 PR 0.1258 | unseen ROC 0.3912 PR 0.0358 | valAUC 0.8599 | tau+ 0.500
[OUTPOST-v4] epoch 7: test-all ROC 0.6114 PR 0.1275 | unseen ROC 0.3926 PR 0.0359 | valAUC 0.8879 | tau+ 0.500
[OUTPOST-v4] epoch 8: test-all ROC 0.6109 PR 0.1288 | unseen ROC 0.3886 PR 0.0358 | valAUC 0.8522 | tau+ 0.500
[OUTPOST-v4] epoch 9: test-all ROC 0.6128 PR 0.1306 | unseen ROC 0.3863 PR 0.0356 | valAUC 0.8647 | tau+ 0.500
[OUTPOST-v4] epoch 10: test-all ROC 0.6151 PR 0.1349 | unseen ROC 0.3883 PR 0.0357 | valAUC 0.8860 | tau+ 0.500
[OUTPOST-v4] epoch 11: test-all ROC 0.6192 PR 0.1360 | unseen ROC 0.3953 PR 0.0361 | valAUC 0.8913 | tau+ 0.500
[OUTPOST-v4] epoch 12: test-all ROC 0.6189 PR 0.1393 | unseen ROC 0.3886 PR 0.0357 | valAUC 0.8884 | tau+ 0.500
[OUTPOST-v4] epoch 13: test-all ROC 0.6271 PR 0.1459 | unseen ROC 0.3948 PR 0.0360 | valAUC 0.8913 | tau+ 0.500
[OUTPOST-v4] epoch 14: test-all ROC 0.6269 PR 0.1474 | unseen ROC 0.3930 PR 0.0360 | valAUC 0.8986 | tau+ 0.500
[OUTPOST-v4] epoch 15: test-all ROC 0.6254 PR 0.1482 | unseen ROC 0.3878 PR 0.0356 | valAUC 0.9101 | tau+ 0.500
[OUTPOST-v4] epoch 16: test-all ROC 0.6305 PR 0.1543 | unseen ROC 0.3922 PR 0.0359 | valAUC 0.8976 | tau+ 0.500
[OUTPOST-v4] epoch 17: test-all ROC 0.6270 PR 0.1546 | unseen ROC 0.3851 PR 0.0355 | valAUC 0.9087 | tau+ 0.500
[OUTPOST-v4] epoch 18: test-all ROC 0.6331 PR 0.1585 | unseen ROC 0.3918 PR 0.0358 | valAUC 0.9145 | tau+ 0.500
[OUTPOST-v4] epoch 19: test-all ROC 0.6332 PR 0.1608 | unseen ROC 0.3930 PR 0.0359 | valAUC 0.9232 | tau+ 0.500
[OUTPOST-v4] epoch 20: test-all ROC 0.6400 PR 0.1640 | unseen ROC 0.4018 PR 0.0364 | valAUC 0.9121 | tau+ 0.500
[OUTPOST-v4] epoch 21: test-all ROC 0.6375 PR 0.1706 | unseen ROC 0.3902 PR 0.0357 | valAUC 0.9208 | tau+ 0.500
[OUTPOST-v4] epoch 22: test-all ROC 0.6411 PR 0.1758 | unseen ROC 0.3966 PR 0.0361 | valAUC 0.9213 | tau+ 0.500
[OUTPOST-v4] epoch 23: test-all ROC 0.6411 PR 0.1834 | unseen ROC 0.3939 PR 0.0360 | valAUC 0.9184 | tau+ 0.500
[OUTPOST-v4] epoch 24: test-all ROC 0.6491 PR 0.2105 | unseen ROC 0.3984 PR 0.0362 | valAUC 0.9193 | tau+ 0.500
[OUTPOST-v4] epoch 25: test-all ROC 0.6494 PR 0.2542 | unseen ROC 0.3952 PR 0.0360 | valAUC 0.9362 | tau+ 0.500
[OUTPOST-v4] epoch 26: test-all ROC 0.6543 PR 0.2973 | unseen ROC 0.4014 PR 0.0364 | valAUC 0.9343 | tau+ 0.500
[OUTPOST-v4] epoch 27: test-all ROC 0.6556 PR 0.3246 | unseen ROC 0.3991 PR 0.0362 | valAUC 0.9362 | tau+ 0.500
[OUTPOST-v4] epoch 28: test-all ROC 0.6604 PR 0.3538 | unseen ROC 0.4042 PR 0.0365 | valAUC 0.9362 | tau+ 0.500
[OUTPOST-v4] epoch 29: test-all ROC 0.6636 PR 0.3778 | unseen ROC 0.4093 PR 0.0368 | valAUC 0.9440 | tau+ 0.500
[OUTPOST-v4] epoch 30: test-all ROC 0.6665 PR 0.3935 | unseen ROC 0.4099 PR 0.0369 | valAUC 0.9396 | tau+ 0.500
[OUTPOST-v4] epoch 31: test-all ROC 0.6636 PR 0.4110 | unseen ROC 0.4036 PR 0.0365 | valAUC 0.9483 | tau+ 0.500
[OUTPOST-v4] epoch 32: test-all ROC 0.6699 PR 0.4353 | unseen ROC 0.4075 PR 0.0368 | valAUC 0.9517 | tau+ 0.500
[OUTPOST-v4] epoch 33: test-all ROC 0.6739 PR 0.4450 | unseen ROC 0.4115 PR 0.0371 | valAUC 0.9469 | tau+ 0.500
[OUTPOST-v4] epoch 34: test-all ROC 0.6706 PR 0.4517 | unseen ROC 0.4085 PR 0.0370 | valAUC 0.9556 | tau+ 0.500
[OUTPOST-v4] epoch 35: test-all ROC 0.6743 PR 0.4595 | unseen ROC 0.4133 PR 0.0375 | valAUC 0.9618 | tau+ 0.500
[OUTPOST-v4] epoch 36: test-all ROC 0.6781 PR 0.4684 | unseen ROC 0.4153 PR 0.0374 | valAUC 0.9478 | tau+ 0.500
[OUTPOST-v4] epoch 37: test-all ROC 0.6791 PR 0.4697 | unseen ROC 0.4194 PR 0.0384 | valAUC 0.9614 | tau+ 0.500
[OUTPOST-v4] epoch 38: test-all ROC 0.6773 PR 0.4735 | unseen ROC 0.4159 PR 0.0375 | valAUC 0.9647 | tau+ 0.500
[OUTPOST-v4] epoch 39: test-all ROC 0.6875 PR 0.4809 | unseen ROC 0.4319 PR 0.0386 | valAUC 0.9551 | tau+ 0.574
[OUTPOST-v4] epoch 40: test-all ROC 0.6848 PR 0.4841 | unseen ROC 0.4256 PR 0.0386 | valAUC 0.9710 | tau+ 0.561
[OUTPOST-v4] epoch 41: test-all ROC 0.6892 PR 0.4900 | unseen ROC 0.4326 PR 0.0393 | valAUC 0.9667 | tau+ 0.500
[OUTPOST-v4] epoch 42: test-all ROC 0.6877 PR 0.4929 | unseen ROC 0.4304 PR 0.0386 | valAUC 0.9609 | tau+ 0.641
[OUTPOST-v4] epoch 43: test-all ROC 0.6922 PR 0.4915 | unseen ROC 0.4377 PR 0.0392 | valAUC 0.9575 | tau+ 0.585
[OUTPOST-v4] epoch 44: test-all ROC 0.6932 PR 0.4958 | unseen ROC 0.4382 PR 0.0397 | valAUC 0.9580 | tau+ 0.697
[OUTPOST-v4] epoch 45: test-all ROC 0.6973 PR 0.4953 | unseen ROC 0.4471 PR 0.0405 | valAUC 0.9604 | tau+ 0.660
[OUTPOST-v4] epoch 46: test-all ROC 0.6940 PR 0.4933 | unseen ROC 0.4392 PR 0.0409 | valAUC 0.9589 | tau+ 0.559
[OUTPOST-v4] epoch 47: test-all ROC 0.7001 PR 0.5034 | unseen ROC 0.4520 PR 0.0403 | valAUC 0.9609 | tau+ 0.537
[OUTPOST-v4] epoch 48: test-all ROC 0.7075 PR 0.5044 | unseen ROC 0.4628 PR 0.0413 | valAUC 0.9599 | tau+ 0.619
[OUTPOST-v4] epoch 49: test-all ROC 0.7119 PR 0.5054 | unseen ROC 0.4717 PR 0.0416 | valAUC 0.9604 | tau+ 0.660
[OUTPOST-v4] epoch 50: test-all ROC 0.7119 PR 0.5044 | unseen ROC 0.4704 PR 0.0429 | valAUC 0.9676 | tau+ 0.500
[OUTPOST-v4] epoch 51: test-all ROC 0.7139 PR 0.5096 | unseen ROC 0.4744 PR 0.0422 | valAUC 0.9705 | tau+ 0.614
[OUTPOST-v4] epoch 52: test-all ROC 0.7191 PR 0.5111 | unseen ROC 0.4834 PR 0.0429 | valAUC 0.9671 | tau+ 0.578
[OUTPOST-v4] epoch 53: test-all ROC 0.7197 PR 0.5113 | unseen ROC 0.4840 PR 0.0427 | valAUC 0.9614 | tau+ 0.578
[OUTPOST-v4] epoch 54: test-all ROC 0.7184 PR 0.5116 | unseen ROC 0.4819 PR 0.0436 | valAUC 0.9594 | tau+ 0.507
[OUTPOST-v4] epoch 55: test-all ROC 0.7230 PR 0.5108 | unseen ROC 0.4928 PR 0.0446 | valAUC 0.9618 | tau+ 0.500
[OUTPOST-v4] epoch 56: test-all ROC 0.7273 PR 0.5109 | unseen ROC 0.4991 PR 0.0455 | valAUC 0.9783 | tau+ 0.500
[OUTPOST-v4] epoch 57: test-all ROC 0.7348 PR 0.5138 | unseen ROC 0.5129 PR 0.0461 | valAUC 0.9551 | tau+ 0.500
[OUTPOST-v4] epoch 58: test-all ROC 0.7397 PR 0.5166 | unseen ROC 0.5203 PR 0.0468 | valAUC 0.9715 | tau+ 0.500
[OUTPOST-v4] epoch 59: test-all ROC 0.7428 PR 0.5205 | unseen ROC 0.5254 PR 0.0481 | valAUC 0.9739 | tau+ 0.500
[OUTPOST-v4] epoch 60: test-all ROC 0.7533 PR 0.5252 | unseen ROC 0.5466 PR 0.0498 | valAUC 0.9812 | tau+ 0.500
[OUTPOST-v4] epoch 61: test-all ROC 0.7590 PR 0.5306 | unseen ROC 0.5558 PR 0.0535 | valAUC 0.9778 | tau+ 0.500
[OUTPOST-v4] epoch 62: test-all ROC 0.7511 PR 0.5209 | unseen ROC 0.5448 PR 0.0509 | valAUC 0.9643 | tau+ 0.500
[OUTPOST-v4] epoch 63: test-all ROC 0.7536 PR 0.5227 | unseen ROC 0.5488 PR 0.0501 | valAUC 0.9643 | tau+ 0.500
[OUTPOST-v4] epoch 64: test-all ROC 0.7550 PR 0.5277 | unseen ROC 0.5504 PR 0.0516 | valAUC 0.9807 | tau+ 0.500
[OUTPOST-v4] epoch 65: test-all ROC 0.7631 PR 0.5275 | unseen ROC 0.5655 PR 0.0522 | valAUC 0.9715 | tau+ 0.500
[OUTPOST-v4] epoch 66: test-all ROC 0.7650 PR 0.5276 | unseen ROC 0.5672 PR 0.0524 | valAUC 0.9686 | tau+ 0.500
[OUTPOST-v4] epoch 67: test-all ROC 0.7766 PR 0.5307 | unseen ROC 0.5893 PR 0.0555 | valAUC 0.9662 | tau+ 0.500
[OUTPOST-v4] epoch 68: test-all ROC 0.7810 PR 0.5328 | unseen ROC 0.5975 PR 0.0554 | valAUC 0.9797 | tau+ 0.500
[OUTPOST-v4] epoch 69: test-all ROC 0.7764 PR 0.5307 | unseen ROC 0.5892 PR 0.0543 | valAUC 0.9763 | tau+ 0.500
[OUTPOST-v4] epoch 70: test-all ROC 0.7770 PR 0.5292 | unseen ROC 0.5915 PR 0.0555 | valAUC 0.9749 | tau+ 0.500
[OUTPOST-v4] epoch 71: test-all ROC 0.7731 PR 0.5278 | unseen ROC 0.5814 PR 0.0552 | valAUC 0.9623 | tau+ 0.500
[OUTPOST-v4] epoch 72: test-all ROC 0.7825 PR 0.5365 | unseen ROC 0.6003 PR 0.0573 | valAUC 0.9710 | tau+ 0.500
[OUTPOST-v4] epoch 73: test-all ROC 0.7915 PR 0.5412 | unseen ROC 0.6161 PR 0.0582 | valAUC 0.9792 | tau+ 0.500
[OUTPOST-v4] epoch 74: test-all ROC 0.7909 PR 0.5419 | unseen ROC 0.6151 PR 0.0596 | valAUC 0.9816 | tau+ 0.500
[OUTPOST-v4] epoch 75: test-all ROC 0.7887 PR 0.5395 | unseen ROC 0.6099 PR 0.0590 | valAUC 0.9865 | tau+ 0.500
[OUTPOST-v4] epoch 76: test-all ROC 0.7864 PR 0.5369 | unseen ROC 0.6074 PR 0.0572 | valAUC 0.9754 | tau+ 0.500
[OUTPOST-v4] epoch 77: test-all ROC 0.7889 PR 0.5404 | unseen ROC 0.6103 PR 0.0578 | valAUC 0.9715 | tau+ 0.500
[OUTPOST-v4] epoch 78: test-all ROC 0.7864 PR 0.5406 | unseen ROC 0.6081 PR 0.0591 | valAUC 0.9758 | tau+ 0.500
[OUTPOST-v4] epoch 79: test-all ROC 0.7885 PR 0.5369 | unseen ROC 0.6106 PR 0.0573 | valAUC 0.9807 | tau+ 0.500
[OUTPOST-v4] epoch 80: test-all ROC 0.7969 PR 0.5442 | unseen ROC 0.6252 PR 0.0609 | valAUC 0.9841 | tau+ 0.500
[OUTPOST-v4] epoch 81: test-all ROC 0.7946 PR 0.5422 | unseen ROC 0.6228 PR 0.0630 | valAUC 0.9802 | tau+ 0.500
[OUTPOST-v4] epoch 82: test-all ROC 0.7973 PR 0.5450 | unseen ROC 0.6288 PR 0.0618 | valAUC 0.9773 | tau+ 0.500
[OUTPOST-v4] epoch 83: test-all ROC 0.7992 PR 0.5445 | unseen ROC 0.6298 PR 0.0613 | valAUC 0.9773 | tau+ 0.500
[OUTPOST-v4] epoch 84: test-all ROC 0.7957 PR 0.5452 | unseen ROC 0.6244 PR 0.0604 | valAUC 0.9845 | tau+ 0.500
[OUTPOST-v4] epoch 85: test-all ROC 0.7999 PR 0.5496 | unseen ROC 0.6305 PR 0.0626 | valAUC 0.9865 | tau+ 0.500
[OUTPOST-v4] epoch 86: test-all ROC 0.8026 PR 0.5523 | unseen ROC 0.6368 PR 0.0652 | valAUC 0.9870 | tau+ 0.500
[OUTPOST-v4] epoch 87: test-all ROC 0.8148 PR 0.5558 | unseen ROC 0.6611 PR 0.0672 | valAUC 0.9889 | tau+ 0.500
[OUTPOST-v4] epoch 88: test-all ROC 0.8132 PR 0.5592 | unseen ROC 0.6553 PR 0.0679 | valAUC 0.9783 | tau+ 0.500
[OUTPOST-v4] epoch 89: test-all ROC 0.8056 PR 0.5514 | unseen ROC 0.6427 PR 0.0642 | valAUC 0.9725 | tau+ 0.500
[OUTPOST-v4] epoch 90: test-all ROC 0.8030 PR 0.5481 | unseen ROC 0.6395 PR 0.0629 | valAUC 0.9802 | tau+ 0.500
[OUTPOST-v4] epoch 91: test-all ROC 0.8078 PR 0.5507 | unseen ROC 0.6453 PR 0.0667 | valAUC 0.9778 | tau+ 0.500
[OUTPOST-v4] epoch 92: test-all ROC 0.8100 PR 0.5544 | unseen ROC 0.6509 PR 0.0658 | valAUC 0.9792 | tau+ 0.500
[OUTPOST-v4] epoch 93: test-all ROC 0.8110 PR 0.5560 | unseen ROC 0.6537 PR 0.0681 | valAUC 0.9865 | tau+ 0.500
[OUTPOST-v4] epoch 94: test-all ROC 0.8076 PR 0.5540 | unseen ROC 0.6469 PR 0.0648 | valAUC 0.9744 | tau+ 0.500
[OUTPOST-v4] epoch 95: test-all ROC 0.8138 PR 0.5579 | unseen ROC 0.6577 PR 0.0694 | valAUC 0.9826 | tau+ 0.500
[OUTPOST-v4] epoch 96: test-all ROC 0.8110 PR 0.5549 | unseen ROC 0.6520 PR 0.0663 | valAUC 0.9787 | tau+ 0.500
[OUTPOST-v4] epoch 97: test-all ROC 0.8062 PR 0.5522 | unseen ROC 0.6431 PR 0.0643 | valAUC 0.9754 | tau+ 0.500
[OUTPOST-v4] epoch 98: test-all ROC 0.8015 PR 0.5473 | unseen ROC 0.6357 PR 0.0645 | valAUC 0.9836 | tau+ 0.500
[OUTPOST-v4] epoch 99: test-all ROC 0.8082 PR 0.5529 | unseen ROC 0.6460 PR 0.0658 | valAUC 0.9681 | tau+ 0.500
[OUTPOST-v4] epoch 100: test-all ROC 0.8085 PR 0.5544 | unseen ROC 0.6480 PR 0.0660 | valAUC 0.9749 | tau+ 0.500
[OUTPOST-v4] epoch 101: test-all ROC 0.8211 PR 0.5656 | unseen ROC 0.6710 PR 0.0729 | valAUC 0.9705 | tau+ 0.500
[OUTPOST-v4] epoch 102: test-all ROC 0.8402 PR 0.5810 | unseen ROC 0.7057 PR 0.0815 | valAUC 0.9860 | tau+ 0.500
[OUTPOST-v4] epoch 103: test-all ROC 0.8285 PR 0.5713 | unseen ROC 0.6853 PR 0.0748 | valAUC 0.9681 | tau+ 0.500
[OUTPOST-v4] epoch 104: test-all ROC 0.8210 PR 0.5630 | unseen ROC 0.6701 PR 0.0715 | valAUC 0.9725 | tau+ 0.500
[OUTPOST-v4] epoch 105: test-all ROC 0.8232 PR 0.5626 | unseen ROC 0.6750 PR 0.0725 | valAUC 0.9739 | tau+ 0.500
[OUTPOST-v4] epoch 106: test-all ROC 0.8190 PR 0.5646 | unseen ROC 0.6685 PR 0.0726 | valAUC 0.9705 | tau+ 0.500
[OUTPOST-v4] epoch 107: test-all ROC 0.8303 PR 0.5695 | unseen ROC 0.6883 PR 0.0760 | valAUC 0.9836 | tau+ 0.500
[OUTPOST-v4] epoch 108: test-all ROC 0.8322 PR 0.5759 | unseen ROC 0.6898 PR 0.0766 | valAUC 0.9734 | tau+ 0.551
[OUTPOST-v4] epoch 109: test-all ROC 0.8392 PR 0.5771 | unseen ROC 0.7035 PR 0.0790 | valAUC 0.9797 | tau+ 0.500
[OUTPOST-v4] epoch 110: test-all ROC 0.8301 PR 0.5710 | unseen ROC 0.6878 PR 0.0753 | valAUC 0.9816 | tau+ 0.500
[OUTPOST-v4] epoch 111: test-all ROC 0.8180 PR 0.5658 | unseen ROC 0.6642 PR 0.0699 | valAUC 0.9816 | tau+ 0.500
[OUTPOST-v4] epoch 112: test-all ROC 0.8252 PR 0.5666 | unseen ROC 0.6790 PR 0.0756 | valAUC 0.9560 | tau+ 0.500
[OUTPOST-v4] epoch 113: test-all ROC 0.8236 PR 0.5649 | unseen ROC 0.6770 PR 0.0742 | valAUC 0.9831 | tau+ 0.500
[OUTPOST-v4] epoch 114: test-all ROC 0.8265 PR 0.5691 | unseen ROC 0.6812 PR 0.0744 | valAUC 0.9773 | tau+ 0.500
[OUTPOST-v4] epoch 115: test-all ROC 0.8349 PR 0.5743 | unseen ROC 0.6977 PR 0.0798 | valAUC 0.9758 | tau+ 0.500
[OUTPOST-v4] epoch 116: test-all ROC 0.8228 PR 0.5678 | unseen ROC 0.6739 PR 0.0752 | valAUC 0.9783 | tau+ 0.500
[OUTPOST-v4] epoch 117: test-all ROC 0.8158 PR 0.5606 | unseen ROC 0.6633 PR 0.0732 | valAUC 0.9826 | tau+ 0.500
[OUTPOST-v4] epoch 118: test-all ROC 0.8136 PR 0.5588 | unseen ROC 0.6581 PR 0.0703 | valAUC 0.9739 | tau+ 0.500
[OUTPOST-v4] epoch 119: test-all ROC 0.8276 PR 0.5675 | unseen ROC 0.6834 PR 0.0747 | valAUC 0.9758 | tau+ 0.500
[OUTPOST-v4] epoch 120: test-all ROC 0.8150 PR 0.5650 | unseen ROC 0.6591 PR 0.0720 | valAUC 0.9797 | tau+ 0.500
[OUTPOST-v4] epoch 121: test-all ROC 0.8217 PR 0.5669 | unseen ROC 0.6718 PR 0.0749 | valAUC 0.9899 | tau+ 0.500
[OUTPOST-v4] epoch 122: test-all ROC 0.8267 PR 0.5726 | unseen ROC 0.6814 PR 0.0774 | valAUC 0.9792 | tau+ 0.500
[OUTPOST-v4] epoch 123: test-all ROC 0.8215 PR 0.5662 | unseen ROC 0.6717 PR 0.0736 | valAUC 0.9826 | tau+ 0.500
[OUTPOST-v4] epoch 124: test-all ROC 0.8258 PR 0.5662 | unseen ROC 0.6828 PR 0.0765 | valAUC 0.9874 | tau+ 0.500
[OUTPOST-v4] epoch 125: test-all ROC 0.8274 PR 0.5768 | unseen ROC 0.6820 PR 0.0776 | valAUC 0.9884 | tau+ 0.500
[OUTPOST-v4] epoch 126: test-all ROC 0.8413 PR 0.5875 | unseen ROC 0.7089 PR 0.0867 | valAUC 0.9792 | tau+ 0.601
[OUTPOST-v4] epoch 127: test-all ROC 0.8357 PR 0.5788 | unseen ROC 0.6990 PR 0.0811 | valAUC 0.9773 | tau+ 0.500
[OUTPOST-v4] epoch 128: test-all ROC 0.8261 PR 0.5706 | unseen ROC 0.6804 PR 0.0746 | valAUC 0.9734 | tau+ 0.500
[OUTPOST-v4] epoch 129: test-all ROC 0.8184 PR 0.5602 | unseen ROC 0.6688 PR 0.0728 | valAUC 0.9734 | tau+ 0.500
[OUTPOST-v4] epoch 130: test-all ROC 0.8045 PR 0.5526 | unseen ROC 0.6414 PR 0.0665 | valAUC 0.9715 | tau+ 0.500
[OUTPOST-v4] epoch 131: test-all ROC 0.8192 PR 0.5630 | unseen ROC 0.6694 PR 0.0741 | valAUC 0.9783 | tau+ 0.500
[OUTPOST-v4] epoch 132: test-all ROC 0.8344 PR 0.5750 | unseen ROC 0.6955 PR 0.0789 | valAUC 0.9812 | tau+ 0.500
[OUTPOST-v4] epoch 133: test-all ROC 0.8352 PR 0.5774 | unseen ROC 0.6972 PR 0.0801 | valAUC 0.9923 | tau+ 0.500
[OUTPOST-v4] epoch 134: test-all ROC 0.8481 PR 0.5894 | unseen ROC 0.7228 PR 0.0922 | valAUC 0.9691 | tau+ 0.688
[OUTPOST-v4] epoch 135: test-all ROC 0.8422 PR 0.5851 | unseen ROC 0.7095 PR 0.0854 | valAUC 0.9889 | tau+ 0.500
[OUTPOST-v4] epoch 136: test-all ROC 0.8327 PR 0.5763 | unseen ROC 0.6931 PR 0.0804 | valAUC 0.9763 | tau+ 0.500
[OUTPOST-v4] epoch 137: test-all ROC 0.8235 PR 0.5636 | unseen ROC 0.6767 PR 0.0754 | valAUC 0.9836 | tau+ 0.500
[OUTPOST-v4] epoch 138: test-all ROC 0.8140 PR 0.5574 | unseen ROC 0.6594 PR 0.0710 | valAUC 0.9720 | tau+ 0.500
[OUTPOST-v4] epoch 139: test-all ROC 0.8054 PR 0.5531 | unseen ROC 0.6443 PR 0.0674 | valAUC 0.9729 | tau+ 0.500
[OUTPOST-v4] epoch 140: test-all ROC 0.8136 PR 0.5596 | unseen ROC 0.6590 PR 0.0695 | valAUC 0.9763 | tau+ 0.500
[OUTPOST-v4] epoch 141: test-all ROC 0.8400 PR 0.5792 | unseen ROC 0.7054 PR 0.0839 | valAUC 0.9802 | tau+ 0.500
[OUTPOST-v4] epoch 142: test-all ROC 0.8465 PR 0.5908 | unseen ROC 0.7185 PR 0.0904 | valAUC 0.9845 | tau+ 0.500
[OUTPOST-v4] epoch 143: test-all ROC 0.8392 PR 0.5860 | unseen ROC 0.7044 PR 0.0849 | valAUC 0.9797 | tau+ 0.600
[OUTPOST-v4] epoch 144: test-all ROC 0.8411 PR 0.5870 | unseen ROC 0.7089 PR 0.0849 | valAUC 0.9899 | tau+ 0.541
[OUTPOST-v4] epoch 145: test-all ROC 0.8345 PR 0.5840 | unseen ROC 0.6977 PR 0.0852 | valAUC 0.9778 | tau+ 0.500
[OUTPOST-v4] epoch 146: test-all ROC 0.8198 PR 0.5638 | unseen ROC 0.6689 PR 0.0727 | valAUC 0.9754 | tau+ 0.500
[OUTPOST-v4] epoch 147: test-all ROC 0.8137 PR 0.5550 | unseen ROC 0.6585 PR 0.0712 | valAUC 0.9633 | tau+ 0.500
[OUTPOST-v4] epoch 148: test-all ROC 0.8135 PR 0.5606 | unseen ROC 0.6580 PR 0.0708 | valAUC 0.9763 | tau+ 0.500
[OUTPOST-v4] epoch 149: test-all ROC 0.8120 PR 0.5623 | unseen ROC 0.6573 PR 0.0711 | valAUC 0.9681 | tau+ 0.500
[OUTPOST-v4] epoch 150: test-all ROC 0.8181 PR 0.5662 | unseen ROC 0.6654 PR 0.0719 | valAUC 0.9792 | tau+ 0.500
[OUTPOST-v4] epoch 151: test-all ROC 0.8215 PR 0.5696 | unseen ROC 0.6721 PR 0.0740 | valAUC 0.9884 | tau+ 0.500
[OUTPOST-v4] epoch 152: test-all ROC 0.8311 PR 0.5775 | unseen ROC 0.6900 PR 0.0801 | valAUC 0.9836 | tau+ 0.500
[OUTPOST-v4] epoch 153: test-all ROC 0.8328 PR 0.5823 | unseen ROC 0.6935 PR 0.0842 | valAUC 0.9874 | tau+ 0.500
[OUTPOST-v4] epoch 154: test-all ROC 0.8277 PR 0.5789 | unseen ROC 0.6830 PR 0.0789 | valAUC 0.9831 | tau+ 0.500
[OUTPOST-v4] epoch 155: test-all ROC 0.8276 PR 0.5739 | unseen ROC 0.6819 PR 0.0764 | valAUC 0.9725 | tau+ 0.500
[OUTPOST-v4] epoch 156: test-all ROC 0.8161 PR 0.5631 | unseen ROC 0.6620 PR 0.0717 | valAUC 0.9744 | tau+ 0.500
[OUTPOST-v4] epoch 157: test-all ROC 0.8168 PR 0.5633 | unseen ROC 0.6643 PR 0.0728 | valAUC 0.9812 | tau+ 0.500
[OUTPOST-v4] epoch 158: test-all ROC 0.8072 PR 0.5527 | unseen ROC 0.6456 PR 0.0667 | valAUC 0.9826 | tau+ 0.500
[OUTPOST-v4] epoch 159: test-all ROC 0.8126 PR 0.5576 | unseen ROC 0.6551 PR 0.0719 | valAUC 0.9705 | tau+ 0.500
[OUTPOST-v4] epoch 160: test-all ROC 0.8217 PR 0.5678 | unseen ROC 0.6733 PR 0.0750 | valAUC 0.9807 | tau+ 0.500
[OUTPOST-v4] epoch 161: test-all ROC 0.8294 PR 0.5771 | unseen ROC 0.6882 PR 0.0814 | valAUC 0.9797 | tau+ 0.500
[OUTPOST-v4] epoch 162: test-all ROC 0.8431 PR 0.5881 | unseen ROC 0.7137 PR 0.0901 | valAUC 0.9932 | tau+ 0.500
[OUTPOST-v4] epoch 163: test-all ROC 0.8453 PR 0.5871 | unseen ROC 0.7179 PR 0.0894 | valAUC 0.9739 | tau+ 0.500
[OUTPOST-v4] epoch 164: test-all ROC 0.8448 PR 0.5880 | unseen ROC 0.7168 PR 0.0891 | valAUC 0.9783 | tau+ 0.500
[OUTPOST-v4] epoch 165: test-all ROC 0.8304 PR 0.5750 | unseen ROC 0.6894 PR 0.0790 | valAUC 0.9729 | tau+ 0.500
[OUTPOST-v4] epoch 166: test-all ROC 0.8280 PR 0.5733 | unseen ROC 0.6844 PR 0.0782 | valAUC 0.9850 | tau+ 0.500
[OUTPOST-v4] epoch 167: test-all ROC 0.8247 PR 0.5669 | unseen ROC 0.6783 PR 0.0770 | valAUC 0.9720 | tau+ 0.500
[OUTPOST-v4] epoch 168: test-all ROC 0.8299 PR 0.5725 | unseen ROC 0.6892 PR 0.0800 | valAUC 0.9758 | tau+ 0.500
[OUTPOST-v4] epoch 169: test-all ROC 0.8352 PR 0.5773 | unseen ROC 0.6984 PR 0.0829 | valAUC 0.9783 | tau+ 0.500
[OUTPOST-v4] epoch 170: test-all ROC 0.8416 PR 0.5828 | unseen ROC 0.7114 PR 0.0851 | valAUC 0.9715 | tau+ 0.500
[OUTPOST-v4] epoch 171: test-all ROC 0.8522 PR 0.5959 | unseen ROC 0.7294 PR 0.0943 | valAUC 0.9894 | tau+ 0.500
[OUTPOST-v4] epoch 172: test-all ROC 0.8448 PR 0.5880 | unseen ROC 0.7184 PR 0.0900 | valAUC 0.9749 | tau+ 0.500
[OUTPOST-v4] epoch 173: test-all ROC 0.8502 PR 0.5961 | unseen ROC 0.7248 PR 0.0947 | valAUC 0.9797 | tau+ 0.500
[OUTPOST-v4] epoch 174: test-all ROC 0.8541 PR 0.5961 | unseen ROC 0.7323 PR 0.0942 | valAUC 0.9865 | tau+ 0.500
[OUTPOST-v4] epoch 175: test-all ROC 0.8556 PR 0.5985 | unseen ROC 0.7334 PR 0.0949 | valAUC 0.9787 | tau+ 0.500
[OUTPOST-v4] epoch 176: test-all ROC 0.8426 PR 0.5859 | unseen ROC 0.7108 PR 0.0860 | valAUC 0.9763 | tau+ 0.500
[OUTPOST-v4] epoch 177: test-all ROC 0.8410 PR 0.5821 | unseen ROC 0.7086 PR 0.0843 | valAUC 0.9763 | tau+ 0.500
[OUTPOST-v4] epoch 178: test-all ROC 0.8321 PR 0.5745 | unseen ROC 0.6927 PR 0.0801 | valAUC 0.9812 | tau+ 0.500
[OUTPOST-v4] epoch 179: test-all ROC 0.8373 PR 0.5830 | unseen ROC 0.7015 PR 0.0841 | valAUC 0.9855 | tau+ 0.500
[OUTPOST-v4] epoch 180: test-all ROC 0.8419 PR 0.5835 | unseen ROC 0.7096 PR 0.0849 | valAUC 0.9792 | tau+ 0.500
[OUTPOST-v4] epoch 181: test-all ROC 0.8514 PR 0.5951 | unseen ROC 0.7274 PR 0.0940 | valAUC 0.9860 | tau+ 0.500
[OUTPOST-v4] epoch 182: test-all ROC 0.8540 PR 0.6016 | unseen ROC 0.7341 PR 0.0971 | valAUC 0.9942 | tau+ 0.500
[OUTPOST-v4] epoch 183: test-all ROC 0.8501 PR 0.5959 | unseen ROC 0.7256 PR 0.0941 | valAUC 0.9855 | tau+ 0.500
[OUTPOST-v4] epoch 184: test-all ROC 0.8500 PR 0.5911 | unseen ROC 0.7242 PR 0.0919 | valAUC 0.9797 | tau+ 0.500
[OUTPOST-v4] epoch 185: test-all ROC 0.8397 PR 0.5837 | unseen ROC 0.7067 PR 0.0860 | valAUC 0.9894 | tau+ 0.500
[OUTPOST-v4] epoch 186: test-all ROC 0.8395 PR 0.5814 | unseen ROC 0.7091 PR 0.0855 | valAUC 0.9715 | tau+ 0.500
[OUTPOST-v4] epoch 187: test-all ROC 0.8396 PR 0.5842 | unseen ROC 0.7050 PR 0.0852 | valAUC 0.9812 | tau+ 0.500
[OUTPOST-v4] epoch 188: test-all ROC 0.8429 PR 0.5868 | unseen ROC 0.7118 PR 0.0862 | valAUC 0.9865 | tau+ 0.500
[OUTPOST-v4] epoch 189: test-all ROC 0.8476 PR 0.5911 | unseen ROC 0.7215 PR 0.0905 | valAUC 0.9821 | tau+ 0.500
[OUTPOST-v4] epoch 190: test-all ROC 0.8535 PR 0.5976 | unseen ROC 0.7313 PR 0.0971 | valAUC 0.9783 | tau+ 0.500
[OUTPOST-v4] epoch 191: test-all ROC 0.8544 PR 0.6008 | unseen ROC 0.7334 PR 0.0978 | valAUC 0.9860 | tau+ 0.500
[OUTPOST-v4] epoch 192: test-all ROC 0.8407 PR 0.5853 | unseen ROC 0.7092 PR 0.0884 | valAUC 0.9918 | tau+ 0.500
[OUTPOST-v4] epoch 193: test-all ROC 0.8405 PR 0.5804 | unseen ROC 0.7081 PR 0.0839 | valAUC 0.9797 | tau+ 0.500
[OUTPOST-v4] epoch 194: test-all ROC 0.8366 PR 0.5763 | unseen ROC 0.7002 PR 0.0817 | valAUC 0.9710 | tau+ 0.500
[OUTPOST-v4] epoch 195: test-all ROC 0.8283 PR 0.5727 | unseen ROC 0.6855 PR 0.0804 | valAUC 0.9754 | tau+ 0.500
[OUTPOST-v4] epoch 196: test-all ROC 0.8319 PR 0.5730 | unseen ROC 0.6923 PR 0.0811 | valAUC 0.9874 | tau+ 0.500
[OUTPOST-v4] epoch 197: test-all ROC 0.8382 PR 0.5804 | unseen ROC 0.7038 PR 0.0843 | valAUC 0.9860 | tau+ 0.500
[OUTPOST-v4] epoch 198: test-all ROC 0.8450 PR 0.5895 | unseen ROC 0.7153 PR 0.0895 | valAUC 0.9831 | tau+ 0.500
[OUTPOST-v4] epoch 199: test-all ROC 0.8520 PR 0.5993 | unseen ROC 0.7275 PR 0.0958 | valAUC 0.9903 | tau+ 0.500
[OUTPOST-v4] epoch 200: test-all ROC 0.8572 PR 0.6018 | unseen ROC 0.7371 PR 0.0975 | valAUC 0.9850 | tau+ 0.500
[OUTPOST-v4] epoch 201: test-all ROC 0.8467 PR 0.5938 | unseen ROC 0.7197 PR 0.0918 | valAUC 0.9947 | tau+ 0.500
[OUTPOST-v4] epoch 202: test-all ROC 0.8399 PR 0.5826 | unseen ROC 0.7067 PR 0.0841 | valAUC 0.9850 | tau+ 0.500
[OUTPOST-v4] epoch 203: test-all ROC 0.8387 PR 0.5798 | unseen ROC 0.7050 PR 0.0862 | valAUC 0.9754 | tau+ 0.500
[OUTPOST-v4] epoch 204: test-all ROC 0.8321 PR 0.5738 | unseen ROC 0.6910 PR 0.0793 | valAUC 0.9749 | tau+ 0.500
[OUTPOST-v4] epoch 205: test-all ROC 0.8319 PR 0.5732 | unseen ROC 0.6948 PR 0.0811 | valAUC 0.9778 | tau+ 0.500
[OUTPOST-v4] epoch 206: test-all ROC 0.8322 PR 0.5785 | unseen ROC 0.6912 PR 0.0803 | valAUC 0.9841 | tau+ 0.500
[OUTPOST-v4] epoch 207: test-all ROC 0.8294 PR 0.5768 | unseen ROC 0.6861 PR 0.0803 | valAUC 0.9918 | tau+ 0.500
[OUTPOST-v4] epoch 208: test-all ROC 0.8381 PR 0.5809 | unseen ROC 0.7023 PR 0.0851 | valAUC 0.9809 | tau+ 0.500
[OUTPOST-v4] epoch 209: test-all ROC 0.8498 PR 0.5944 | unseen ROC 0.7245 PR 0.0937 | valAUC 0.9773 | tau+ 0.500
[OUTPOST-v4] epoch 210: test-all ROC 0.8530 PR 0.6007 | unseen ROC 0.7321 PR 0.0991 | valAUC 0.9870 | tau+ 0.500
[OUTPOST-v4] epoch 211: test-all ROC 0.8562 PR 0.6045 | unseen ROC 0.7370 PR 0.1002 | valAUC 0.9884 | tau+ 0.500
[OUTPOST-v4] epoch 212: test-all ROC 0.8595 PR 0.6038 | unseen ROC 0.7426 PR 0.1020 | valAUC 0.9841 | tau+ 0.500
[OUTPOST-v4] epoch 213: test-all ROC 0.8489 PR 0.5999 | unseen ROC 0.7235 PR 0.0958 | valAUC 0.9884 | tau+ 0.500
[OUTPOST-v4] epoch 214: test-all ROC 0.8530 PR 0.5997 | unseen ROC 0.7336 PR 0.0987 | valAUC 0.9855 | tau+ 0.500
[OUTPOST-v4] epoch 215: test-all ROC 0.8502 PR 0.5886 | unseen ROC 0.7290 PR 0.0918 | valAUC 0.9947 | tau+ 0.500
[OUTPOST-v4] epoch 216: test-all ROC 0.8478 PR 0.5886 | unseen ROC 0.7208 PR 0.0891 | valAUC 0.9918 | tau+ 0.500
[OUTPOST-v4] epoch 217: test-all ROC 0.8489 PR 0.5879 | unseen ROC 0.7224 PR 0.0904 | valAUC 0.9928 | tau+ 0.500
[OUTPOST-v4] epoch 218: test-all ROC 0.8493 PR 0.5875 | unseen ROC 0.7239 PR 0.0890 | valAUC 0.9744 | tau+ 0.500
[OUTPOST-v4] epoch 219: test-all ROC 0.8543 PR 0.5917 | unseen ROC 0.7322 PR 0.0909 | valAUC 0.9749 | tau+ 0.500
[OUTPOST-v4] epoch 220: test-all ROC 0.8518 PR 0.5916 | unseen ROC 0.7291 PR 0.0918 | valAUC 0.9831 | tau+ 0.500
[OUTPOST-v4] epoch 221: test-all ROC 0.8620 PR 0.5990 | unseen ROC 0.7481 PR 0.0981 | valAUC 0.9845 | tau+ 0.500
[OUTPOST-v4] epoch 222: test-all ROC 0.8652 PR 0.6097 | unseen ROC 0.7520 PR 0.1042 | valAUC 0.9884 | tau+ 0.500
[OUTPOST-v4] epoch 223: test-all ROC 0.8615 PR 0.6038 | unseen ROC 0.7473 PR 0.1000 | valAUC 0.9937 | tau+ 0.501
[OUTPOST-v4] epoch 224: test-all ROC 0.8503 PR 0.5915 | unseen ROC 0.7275 PR 0.0926 | valAUC 0.9802 | tau+ 0.500
[OUTPOST-v4] epoch 225: test-all ROC 0.8434 PR 0.5807 | unseen ROC 0.7124 PR 0.0861 | valAUC 0.9744 | tau+ 0.500
[OUTPOST-v4] epoch 226: test-all ROC 0.8386 PR 0.5810 | unseen ROC 0.7036 PR 0.0835 | valAUC 0.9792 | tau+ 0.500
[OUTPOST-v4] epoch 227: test-all ROC 0.8409 PR 0.5819 | unseen ROC 0.7088 PR 0.0851 | valAUC 0.9783 | tau+ 0.500
[OUTPOST-v4] epoch 228: test-all ROC 0.8494 PR 0.5872 | unseen ROC 0.7249 PR 0.0930 | valAUC 0.9850 | tau+ 0.500
[OUTPOST-v4] epoch 229: test-all ROC 0.8631 PR 0.6052 | unseen ROC 0.7499 PR 0.1038 | valAUC 0.9783 | tau+ 0.526
[OUTPOST-v4] epoch 230: test-all ROC 0.8690 PR 0.6097 | unseen ROC 0.7610 PR 0.1078 | valAUC 0.9797 | tau+ 0.690
[OUTPOST-v4] epoch 231: test-all ROC 0.8590 PR 0.6009 | unseen ROC 0.7416 PR 0.0998 | valAUC 0.9807 | tau+ 0.500
[OUTPOST-v4] epoch 232: test-all ROC 0.8515 PR 0.5901 | unseen ROC 0.7322 PR 0.0916 | valAUC 0.9734 | tau+ 0.500
[OUTPOST-v4] epoch 233: test-all ROC 0.8496 PR 0.5893 | unseen ROC 0.7253 PR 0.0917 | valAUC 0.9899 | tau+ 0.500
[OUTPOST-v4] epoch 234: test-all ROC 0.8559 PR 0.5946 | unseen ROC 0.7371 PR 0.0973 | valAUC 0.9734 | tau+ 0.500
[OUTPOST-v4] epoch 235: test-all ROC 0.8574 PR 0.6018 | unseen ROC 0.7432 PR 0.1007 | valAUC 0.9855 | tau+ 0.500
[OUTPOST-v4] epoch 236: test-all ROC 0.8688 PR 0.6108 | unseen ROC 0.7606 PR 0.1087 | valAUC 0.9884 | tau+ 0.500
[OUTPOST-v4] epoch 237: test-all ROC 0.8762 PR 0.6227 | unseen ROC 0.7727 PR 0.1159 | valAUC 0.9908 | tau+ 0.500
[OUTPOST-v4] epoch 238: test-all ROC 0.8654 PR 0.6106 | unseen ROC 0.7543 PR 0.1088 | valAUC 0.9966 | tau+ 0.500
[OUTPOST-v4] epoch 239: test-all ROC 0.8557 PR 0.5917 | unseen ROC 0.7381 PR 0.0947 | valAUC 0.9821 | tau+ 0.500
[OUTPOST-v4] epoch 240: test-all ROC 0.8413 PR 0.5780 | unseen ROC 0.7127 PR 0.0866 | valAUC 0.9903 | tau+ 0.500
[OUTPOST-v4] epoch 241: test-all ROC 0.8440 PR 0.5779 | unseen ROC 0.7150 PR 0.0859 | valAUC 0.9725 | tau+ 0.500
[OUTPOST-v4] epoch 242: test-all ROC 0.8456 PR 0.5780 | unseen ROC 0.7164 PR 0.0849 | valAUC 0.9937 | tau+ 0.500
[OUTPOST-v4] epoch 243: test-all ROC 0.8448 PR 0.5848 | unseen ROC 0.7147 PR 0.0872 | valAUC 0.9797 | tau+ 0.524
[OUTPOST-v4] epoch 244: test-all ROC 0.8553 PR 0.5921 | unseen ROC 0.7343 PR 0.0935 | valAUC 0.9836 | tau+ 0.500
[OUTPOST-v4] epoch 245: test-all ROC 0.8598 PR 0.5998 | unseen ROC 0.7431 PR 0.0999 | valAUC 0.9841 | tau+ 0.500
[OUTPOST-v4] epoch 246: test-all ROC 0.8569 PR 0.5929 | unseen ROC 0.7382 PR 0.0914 | valAUC 0.9729 | tau+ 0.500
[OUTPOST-v4] epoch 247: test-all ROC 0.8397 PR 0.5777 | unseen ROC 0.7065 PR 0.0833 | valAUC 0.9836 | tau+ 0.500
[OUTPOST-v4] epoch 248: test-all ROC 0.8451 PR 0.5800 | unseen ROC 0.7173 PR 0.0859 | valAUC 0.9952 | tau+ 0.500
[OUTPOST-v4] epoch 249: test-all ROC 0.8436 PR 0.5788 | unseen ROC 0.7136 PR 0.0870 | valAUC 0.9787 | tau+ 0.500
[OUTPOST-v4] epoch 250: test-all ROC 0.8329 PR 0.5701 | unseen ROC 0.6962 PR 0.0787 | valAUC 0.9860 | tau+ 0.500
[OUTPOST-v4] epoch 251: test-all ROC 0.8323 PR 0.5744 | unseen ROC 0.6920 PR 0.0793 | valAUC 0.9700 | tau+ 0.500
[OUTPOST-v4] epoch 252: test-all ROC 0.8253 PR 0.5639 | unseen ROC 0.6821 PR 0.0777 | valAUC 0.9734 | tau+ 0.500
[OUTPOST-v4] epoch 253: test-all ROC 0.8355 PR 0.5768 | unseen ROC 0.6983 PR 0.0813 | valAUC 0.9894 | tau+ 0.500
[OUTPOST-v4] epoch 254: test-all ROC 0.8470 PR 0.5879 | unseen ROC 0.7192 PR 0.0903 | valAUC 0.9787 | tau+ 0.500
[OUTPOST-v4] epoch 255: test-all ROC 0.8686 PR 0.6093 | unseen ROC 0.7600 PR 0.1050 | valAUC 0.9836 | tau+ 0.507
[OUTPOST-v4] epoch 256: test-all ROC 0.8745 PR 0.6149 | unseen ROC 0.7701 PR 0.1095 | valAUC 0.9986 | tau+ 0.500
[OUTPOST-v4] epoch 257: test-all ROC 0.8687 PR 0.6179 | unseen ROC 0.7610 PR 0.1101 | valAUC 0.9899 | tau+ 0.837
[OUTPOST-v4] epoch 258: test-all ROC 0.8624 PR 0.6032 | unseen ROC 0.7490 PR 0.1018 | valAUC 0.9937 | tau+ 0.500
[OUTPOST-v4] epoch 259: test-all ROC 0.8608 PR 0.5984 | unseen ROC 0.7451 PR 0.0975 | valAUC 0.9947 | tau+ 0.500
[OUTPOST-v4] epoch 260: test-all ROC 0.8496 PR 0.5901 | unseen ROC 0.7268 PR 0.0920 | valAUC 0.9821 | tau+ 0.500
[OUTPOST-v4] epoch 261: test-all ROC 0.8482 PR 0.5886 | unseen ROC 0.7238 PR 0.0911 | valAUC 0.9918 | tau+ 0.500
[OUTPOST-v4] epoch 262: test-all ROC 0.8575 PR 0.6012 | unseen ROC 0.7411 PR 0.1003 | valAUC 0.9836 | tau+ 0.500
[OUTPOST-v4] epoch 263: test-all ROC 0.8620 PR 0.6029 | unseen ROC 0.7460 PR 0.1005 | valAUC 0.9739 | tau+ 0.500
[OUTPOST-v4] epoch 264: test-all ROC 0.8730 PR 0.6151 | unseen ROC 0.7664 PR 0.1108 | valAUC 0.9928 | tau+ 0.500
[OUTPOST-v4] epoch 265: test-all ROC 0.8773 PR 0.6221 | unseen ROC 0.7749 PR 0.1166 | valAUC 0.9802 | tau+ 0.500
[OUTPOST-v4] epoch 266: test-all ROC 0.8753 PR 0.6182 | unseen ROC 0.7713 PR 0.1111 | valAUC 0.9855 | tau+ 0.500
[OUTPOST-v4] epoch 267: test-all ROC 0.8709 PR 0.6130 | unseen ROC 0.7629 PR 0.1076 | valAUC 0.9821 | tau+ 0.500
[OUTPOST-v4] epoch 268: test-all ROC 0.8652 PR 0.6078 | unseen ROC 0.7544 PR 0.1055 | valAUC 0.9884 | tau+ 0.500
[OUTPOST-v4] epoch 269: test-all ROC 0.8578 PR 0.6038 | unseen ROC 0.7386 PR 0.0996 | valAUC 0.9860 | tau+ 0.500
[OUTPOST-v4] epoch 270: test-all ROC 0.8619 PR 0.6039 | unseen ROC 0.7469 PR 0.1006 | valAUC 0.9841 | tau+ 0.500
[OUTPOST-v4] epoch 271: test-all ROC 0.8628 PR 0.5996 | unseen ROC 0.7478 PR 0.1003 | valAUC 0.9725 | tau+ 0.500
[OUTPOST-v4] epoch 272: test-all ROC 0.8547 PR 0.6003 | unseen ROC 0.7343 PR 0.0991 | valAUC 0.9816 | tau+ 0.500
[OUTPOST-v4] epoch 273: test-all ROC 0.8530 PR 0.5934 | unseen ROC 0.7318 PR 0.0951 | valAUC 0.9860 | tau+ 0.500
[OUTPOST-v4] epoch 274: test-all ROC 0.8518 PR 0.5966 | unseen ROC 0.7300 PR 0.0971 | valAUC 0.9778 | tau+ 0.500
[OUTPOST-v4] epoch 275: test-all ROC 0.8611 PR 0.6020 | unseen ROC 0.7459 PR 0.1021 | valAUC 0.9749 | tau+ 0.500
[OUTPOST-v4] epoch 276: test-all ROC 0.8711 PR 0.6150 | unseen ROC 0.7650 PR 0.1118 | valAUC 0.9739 | tau+ 0.500
[OUTPOST-v4] epoch 277: test-all ROC 0.8668 PR 0.6122 | unseen ROC 0.7573 PR 0.1088 | valAUC 0.9966 | tau+ 0.500
[OUTPOST-v4] epoch 278: test-all ROC 0.8682 PR 0.6105 | unseen ROC 0.7614 PR 0.1051 | valAUC 0.9850 | tau+ 0.500
[OUTPOST-v4] epoch 279: test-all ROC 0.8693 PR 0.6083 | unseen ROC 0.7624 PR 0.1075 | valAUC 0.9826 | tau+ 0.500
[OUTPOST-v4] epoch 280: test-all ROC 0.8703 PR 0.6091 | unseen ROC 0.7621 PR 0.1068 | valAUC 0.9937 | tau+ 0.500
[OUTPOST-v4] epoch 281: test-all ROC 0.8622 PR 0.6024 | unseen ROC 0.7480 PR 0.1013 | valAUC 0.9744 | tau+ 0.500
[OUTPOST-v4] epoch 282: test-all ROC 0.8673 PR 0.6023 | unseen ROC 0.7570 PR 0.1020 | valAUC 0.9676 | tau+ 0.500
[OUTPOST-v4] epoch 283: test-all ROC 0.8677 PR 0.6047 | unseen ROC 0.7594 PR 0.1050 | valAUC 0.9957 | tau+ 0.500
[OUTPOST-v4] epoch 284: test-all ROC 0.8731 PR 0.6143 | unseen ROC 0.7679 PR 0.1103 | valAUC 0.9932 | tau+ 0.500
[OUTPOST-v4] epoch 285: test-all ROC 0.8811 PR 0.6218 | unseen ROC 0.7816 PR 0.1178 | valAUC 0.9903 | tau+ 0.500
[OUTPOST-v4] epoch 286: test-all ROC 0.8783 PR 0.6233 | unseen ROC 0.7786 PR 0.1188 | valAUC 0.9928 | tau+ 0.500
[OUTPOST-v4] epoch 287: test-all ROC 0.8803 PR 0.6209 | unseen ROC 0.7819 PR 0.1178 | valAUC 0.9802 | tau+ 0.500
[OUTPOST-v4] epoch 288: test-all ROC 0.8784 PR 0.6252 | unseen ROC 0.7782 PR 0.1190 | valAUC 0.9894 | tau+ 0.500
[OUTPOST-v4] epoch 289: test-all ROC 0.8802 PR 0.6255 | unseen ROC 0.7809 PR 0.1189 | valAUC 0.9903 | tau+ 0.500
[OUTPOST-v4] epoch 290: test-all ROC 0.8802 PR 0.6253 | unseen ROC 0.7816 PR 0.1190 | valAUC 0.9739 | tau+ 0.500
[OUTPOST-v4] epoch 291: test-all ROC 0.8750 PR 0.6110 | unseen ROC 0.7715 PR 0.1089 | valAUC 0.9850 | tau+ 0.500
[OUTPOST-v4] epoch 292: test-all ROC 0.8737 PR 0.6165 | unseen ROC 0.7706 PR 0.1098 | valAUC 0.9783 | tau+ 0.500
[OUTPOST-v4] epoch 293: test-all ROC 0.8776 PR 0.6207 | unseen ROC 0.7754 PR 0.1154 | valAUC 0.9802 | tau+ 0.500
[OUTPOST-v4] epoch 294: test-all ROC 0.8682 PR 0.6154 | unseen ROC 0.7613 PR 0.1103 | valAUC 0.9937 | tau+ 0.500
[OUTPOST-v4] epoch 295: test-all ROC 0.8807 PR 0.6263 | unseen ROC 0.7822 PR 0.1197 | valAUC 0.9947 | tau+ 0.500
[OUTPOST-v4] epoch 296: test-all ROC 0.8726 PR 0.6156 | unseen ROC 0.7703 PR 0.1139 | valAUC 0.9923 | tau+ 0.500
[OUTPOST-v4] epoch 297: test-all ROC 0.8816 PR 0.6317 | unseen ROC 0.7853 PR 0.1270 | valAUC 0.9947 | tau+ 0.500
[OUTPOST-v4] epoch 298: test-all ROC 0.8804 PR 0.6251 | unseen ROC 0.7829 PR 0.1210 | valAUC 0.9792 | tau+ 0.500
[OUTPOST-v4] epoch 299: test-all ROC 0.8768 PR 0.6168 | unseen ROC 0.7749 PR 0.1150 | valAUC 0.9923 | tau+ 0.500
[OUTPOST-v4] epoch 300: test-all ROC 0.8680 PR 0.6064 | unseen ROC 0.7593 PR 0.1035 | valAUC 0.9841 | tau+ 0.500
[OUTPOST-v4] epoch 301: test-all ROC 0.8598 PR 0.6000 | unseen ROC 0.7444 PR 0.0991 | valAUC 0.9903 | tau+ 0.500
[OUTPOST-v4] epoch 302: test-all ROC 0.8671 PR 0.6035 | unseen ROC 0.7558 PR 0.1039 | valAUC 0.9879 | tau+ 0.500
[OUTPOST-v4] epoch 303: test-all ROC 0.8700 PR 0.6075 | unseen ROC 0.7614 PR 0.1053 | valAUC 0.9894 | tau+ 0.500
[OUTPOST-v4] epoch 304: test-all ROC 0.8592 PR 0.5984 | unseen ROC 0.7409 PR 0.0985 | valAUC 0.9932 | tau+ 0.500
[OUTPOST-v4] epoch 305: test-all ROC 0.8777 PR 0.6203 | unseen ROC 0.7754 PR 0.1170 | valAUC 0.9841 | tau+ 0.500
[OUTPOST-v4] epoch 306: test-all ROC 0.8763 PR 0.6183 | unseen ROC 0.7739 PR 0.1153 | valAUC 0.9870 | tau+ 0.596
[OUTPOST-v4] epoch 307: test-all ROC 0.8680 PR 0.6067 | unseen ROC 0.7595 PR 0.1073 | valAUC 0.9884 | tau+ 0.500
[OUTPOST-v4] epoch 308: test-all ROC 0.8769 PR 0.6097 | unseen ROC 0.7752 PR 0.1115 | valAUC 0.9957 | tau+ 0.500
[OUTPOST-v4] epoch 309: test-all ROC 0.8647 PR 0.6030 | unseen ROC 0.7509 PR 0.1022 | valAUC 0.9908 | tau+ 0.500
[OUTPOST-v4] epoch 310: test-all ROC 0.8701 PR 0.6095 | unseen ROC 0.7634 PR 0.1071 | valAUC 0.9778 | tau+ 0.500
[OUTPOST-v4] epoch 311: test-all ROC 0.8747 PR 0.6142 | unseen ROC 0.7706 PR 0.1113 | valAUC 0.9889 | tau+ 0.500
[OUTPOST-v4] epoch 312: test-all ROC 0.8814 PR 0.6215 | unseen ROC 0.7834 PR 0.1206 | valAUC 0.9643 | tau+ 0.500
[OUTPOST-v4] epoch 313: test-all ROC 0.8842 PR 0.6262 | unseen ROC 0.7887 PR 0.1211 | valAUC 0.9947 | tau+ 0.500
[OUTPOST-v4] epoch 314: test-all ROC 0.8799 PR 0.6218 | unseen ROC 0.7821 PR 0.1181 | valAUC 0.9947 | tau+ 0.500
[OUTPOST-v4] epoch 315: test-all ROC 0.8760 PR 0.6171 | unseen ROC 0.7731 PR 0.1137 | valAUC 0.9894 | tau+ 0.500
[OUTPOST-v4] epoch 316: test-all ROC 0.8764 PR 0.6110 | unseen ROC 0.7749 PR 0.1096 | valAUC 0.9773 | tau+ 0.500
[OUTPOST-v4] epoch 317: test-all ROC 0.8702 PR 0.6087 | unseen ROC 0.7630 PR 0.1089 | valAUC 0.9952 | tau+ 0.500
[OUTPOST-v4] epoch 318: test-all ROC 0.8698 PR 0.6101 | unseen ROC 0.7620 PR 0.1085 | valAUC 0.9957 | tau+ 0.500
[OUTPOST-v4] epoch 319: test-all ROC 0.8779 PR 0.6192 | unseen ROC 0.7774 PR 0.1153 | valAUC 0.9802 | tau+ 0.500
[OUTPOST-v4] epoch 320: test-all ROC 0.8881 PR 0.6284 | unseen ROC 0.7954 PR 0.1244 | valAUC 0.9879 | tau+ 0.500
[OUTPOST-v4] epoch 321: test-all ROC 0.8863 PR 0.6280 | unseen ROC 0.7940 PR 0.1257 | valAUC 0.9870 | tau+ 0.537
[OUTPOST-v4] epoch 322: test-all ROC 0.8788 PR 0.6171 | unseen ROC 0.7780 PR 0.1140 | valAUC 0.9744 | tau+ 0.500
[OUTPOST-v4] epoch 323: test-all ROC 0.8691 PR 0.6062 | unseen ROC 0.7602 PR 0.1043 | valAUC 0.9773 | tau+ 0.500
[OUTPOST-v4] epoch 324: test-all ROC 0.8559 PR 0.5919 | unseen ROC 0.7368 PR 0.0934 | valAUC 0.9947 | tau+ 0.500
[OUTPOST-v4] epoch 325: test-all ROC 0.8523 PR 0.5903 | unseen ROC 0.7310 PR 0.0939 | valAUC 0.9855 | tau+ 0.500
[OUTPOST-v4] epoch 326: test-all ROC 0.8483 PR 0.5818 | unseen ROC 0.7219 PR 0.0877 | valAUC 0.9816 | tau+ 0.500
[OUTPOST-v4] epoch 327: test-all ROC 0.8624 PR 0.5958 | unseen ROC 0.7490 PR 0.0980 | valAUC 0.9783 | tau+ 0.500
[OUTPOST-v4] epoch 328: test-all ROC 0.8620 PR 0.6000 | unseen ROC 0.7496 PR 0.1024 | valAUC 0.9812 | tau+ 0.500
[OUTPOST-v4] epoch 329: test-all ROC 0.8749 PR 0.6134 | unseen ROC 0.7699 PR 0.1099 | valAUC 0.9932 | tau+ 0.500
[OUTPOST-v4] epoch 330: test-all ROC 0.8828 PR 0.6249 | unseen ROC 0.7856 PR 0.1183 | valAUC 0.9918 | tau+ 0.618
[OUTPOST-v4] epoch 331: test-all ROC 0.8736 PR 0.6112 | unseen ROC 0.7680 PR 0.1107 | valAUC 0.9841 | tau+ 0.500
[OUTPOST-v4] epoch 332: test-all ROC 0.8659 PR 0.6050 | unseen ROC 0.7523 PR 0.1024 | valAUC 0.9816 | tau+ 0.500
[OUTPOST-v4] epoch 333: test-all ROC 0.8507 PR 0.5882 | unseen ROC 0.7280 PR 0.0933 | valAUC 0.9802 | tau+ 0.500
[OUTPOST-v4] epoch 334: test-all ROC 0.8560 PR 0.5925 | unseen ROC 0.7365 PR 0.0957 | valAUC 0.9778 | tau+ 0.500
[OUTPOST-v4] epoch 335: test-all ROC 0.8547 PR 0.5891 | unseen ROC 0.7334 PR 0.0929 | valAUC 0.9908 | tau+ 0.500
[OUTPOST-v4] epoch 336: test-all ROC 0.8493 PR 0.5878 | unseen ROC 0.7252 PR 0.0899 | valAUC 0.9720 | tau+ 0.500
[OUTPOST-v4] epoch 337: test-all ROC 0.8524 PR 0.5892 | unseen ROC 0.7315 PR 0.0932 | valAUC 0.9860 | tau+ 0.500
[OUTPOST-v4] epoch 338: test-all ROC 0.8649 PR 0.6040 | unseen ROC 0.7533 PR 0.1039 | valAUC 0.9918 | tau+ 0.500
[OUTPOST-v4] epoch 339: test-all ROC 0.8764 PR 0.6133 | unseen ROC 0.7739 PR 0.1121 | valAUC 0.9812 | tau+ 0.702
[OUTPOST-v4] epoch 340: test-all ROC 0.8800 PR 0.6163 | unseen ROC 0.7803 PR 0.1142 | valAUC 0.9874 | tau+ 0.648
[OUTPOST-v4] epoch 341: test-all ROC 0.8725 PR 0.6095 | unseen ROC 0.7674 PR 0.1073 | valAUC 0.9855 | tau+ 0.500
[OUTPOST-v4] epoch 342: test-all ROC 0.8623 PR 0.5989 | unseen ROC 0.7476 PR 0.0991 | valAUC 0.9850 | tau+ 0.500
[OUTPOST-v4] epoch 343: test-all ROC 0.8529 PR 0.5890 | unseen ROC 0.7302 PR 0.0917 | valAUC 0.9908 | tau+ 0.500
[OUTPOST-v4] epoch 344: test-all ROC 0.8499 PR 0.5904 | unseen ROC 0.7252 PR 0.0946 | valAUC 0.9928 | tau+ 0.500
[OUTPOST-v4] epoch 345: test-all ROC 0.8566 PR 0.5919 | unseen ROC 0.7366 PR 0.0936 | valAUC 0.9952 | tau+ 0.500
[OUTPOST-v4] epoch 346: test-all ROC 0.8457 PR 0.5901 | unseen ROC 0.7176 PR 0.0906 | valAUC 0.9667 | tau+ 0.500
[OUTPOST-v4] epoch 347: test-all ROC 0.8495 PR 0.5887 | unseen ROC 0.7302 PR 0.0925 | valAUC 0.9860 | tau+ 0.500
[OUTPOST-v4] epoch 348: test-all ROC 0.8704 PR 0.6133 | unseen ROC 0.7643 PR 0.1100 | valAUC 0.9894 | tau+ 0.500
[OUTPOST-v4] epoch 349: test-all ROC 0.8794 PR 0.6242 | unseen ROC 0.7788 PR 0.1207 | valAUC 0.9947 | tau+ 0.500
[OUTPOST-v4] epoch 350: test-all ROC 0.8665 PR 0.6134 | unseen ROC 0.7579 PR 0.1111 | valAUC 0.9957 | tau+ 0.500
[OUTPOST-v4] epoch 351: test-all ROC 0.8630 PR 0.6040 | unseen ROC 0.7497 PR 0.1041 | valAUC 0.9952 | tau+ 0.500
[OUTPOST-v4] epoch 352: test-all ROC 0.8521 PR 0.5879 | unseen ROC 0.7302 PR 0.0931 | valAUC 0.9768 | tau+ 0.500
[OUTPOST-v4] epoch 353: test-all ROC 0.8427 PR 0.5819 | unseen ROC 0.7122 PR 0.0890 | valAUC 0.9749 | tau+ 0.500
[OUTPOST-v4] epoch 354: test-all ROC 0.8522 PR 0.5881 | unseen ROC 0.7295 PR 0.0938 | valAUC 0.9845 | tau+ 0.500
[OUTPOST-v4] epoch 355: test-all ROC 0.8604 PR 0.6006 | unseen ROC 0.7446 PR 0.1020 | valAUC 0.9744 | tau+ 0.500
[OUTPOST-v4] epoch 356: test-all ROC 0.8670 PR 0.6046 | unseen ROC 0.7597 PR 0.1078 | valAUC 0.9947 | tau+ 0.500
[OUTPOST-v4] epoch 357: test-all ROC 0.8687 PR 0.6077 | unseen ROC 0.7602 PR 0.1098 | valAUC 0.9928 | tau+ 0.500
[OUTPOST-v4] epoch 358: test-all ROC 0.8725 PR 0.6099 | unseen ROC 0.7703 PR 0.1132 | valAUC 0.9913 | tau+ 0.500
[OUTPOST-v4] epoch 359: test-all ROC 0.8822 PR 0.6165 | unseen ROC 0.7850 PR 0.1198 | valAUC 0.9812 | tau+ 0.500
[OUTPOST-v4] epoch 360: test-all ROC 0.8743 PR 0.6129 | unseen ROC 0.7715 PR 0.1149 | valAUC 0.9947 | tau+ 0.500
[OUTPOST-v4] epoch 361: test-all ROC 0.8737 PR 0.6081 | unseen ROC 0.7712 PR 0.1134 | valAUC 0.9826 | tau+ 0.500
[OUTPOST-v4] epoch 362: test-all ROC 0.8760 PR 0.6144 | unseen ROC 0.7752 PR 0.1157 | valAUC 0.9947 | tau+ 0.500
[OUTPOST-v4] epoch 363: test-all ROC 0.8704 PR 0.6049 | unseen ROC 0.7664 PR 0.1098 | valAUC 0.9870 | tau+ 0.500
[OUTPOST-v4] epoch 364: test-all ROC 0.8738 PR 0.6104 | unseen ROC 0.7688 PR 0.1108 | valAUC 0.9884 | tau+ 0.500
[OUTPOST-v4] epoch 365: test-all ROC 0.8748 PR 0.6092 | unseen ROC 0.7719 PR 0.1121 | valAUC 0.9908 | tau+ 0.500
[OUTPOST-v4] epoch 366: test-all ROC 0.8745 PR 0.6123 | unseen ROC 0.7729 PR 0.1150 | valAUC 0.9874 | tau+ 0.500
[OUTPOST-v4] epoch 367: test-all ROC 0.8764 PR 0.6123 | unseen ROC 0.7744 PR 0.1122 | valAUC 0.9884 | tau+ 0.500
[OUTPOST-v4] epoch 368: test-all ROC 0.8718 PR 0.6095 | unseen ROC 0.7665 PR 0.1096 | valAUC 0.9957 | tau+ 0.500
[OUTPOST-v4] epoch 369: test-all ROC 0.8731 PR 0.6117 | unseen ROC 0.7689 PR 0.1105 | valAUC 0.9918 | tau+ 0.500
[OUTPOST-v4] epoch 370: test-all ROC 0.8679 PR 0.6068 | unseen ROC 0.7593 PR 0.1052 | valAUC 0.9787 | tau+ 0.500
[OUTPOST-v4] epoch 371: test-all ROC 0.8676 PR 0.6008 | unseen ROC 0.7580 PR 0.1042 | valAUC 0.9826 | tau+ 0.500
[OUTPOST-v4] epoch 372: test-all ROC 0.8681 PR 0.6043 | unseen ROC 0.7592 PR 0.1053 | valAUC 0.9937 | tau+ 0.500
[OUTPOST-v4] epoch 373: test-all ROC 0.8757 PR 0.6155 | unseen ROC 0.7735 PR 0.1131 | valAUC 0.9865 | tau+ 0.500
[OUTPOST-v4] epoch 374: test-all ROC 0.8762 PR 0.6159 | unseen ROC 0.7777 PR 0.1156 | valAUC 0.9923 | tau+ 0.500
[OUTPOST-v4] epoch 375: test-all ROC 0.8795 PR 0.6208 | unseen ROC 0.7800 PR 0.1170 | valAUC 0.9908 | tau+ 0.500
[OUTPOST-v4] epoch 376: test-all ROC 0.8785 PR 0.6201 | unseen ROC 0.7793 PR 0.1193 | valAUC 0.9937 | tau+ 0.500
[OUTPOST-v4] epoch 377: test-all ROC 0.8827 PR 0.6284 | unseen ROC 0.7852 PR 0.1234 | valAUC 0.9826 | tau+ 0.500
[OUTPOST-v4] epoch 378: test-all ROC 0.8787 PR 0.6182 | unseen ROC 0.7797 PR 0.1187 | valAUC 0.9899 | tau+ 0.500
[OUTPOST-v4] epoch 379: test-all ROC 0.8706 PR 0.6102 | unseen ROC 0.7634 PR 0.1086 | valAUC 0.9831 | tau+ 0.500
[OUTPOST-v4] epoch 380: test-all ROC 0.8693 PR 0.6089 | unseen ROC 0.7607 PR 0.1115 | valAUC 0.9676 | tau+ 0.500
[OUTPOST-v4] epoch 381: test-all ROC 0.8721 PR 0.6062 | unseen ROC 0.7679 PR 0.1122 | valAUC 0.9918 | tau+ 0.500
[OUTPOST-v4] epoch 382: test-all ROC 0.8779 PR 0.6163 | unseen ROC 0.7802 PR 0.1187 | valAUC 0.9850 | tau+ 0.500
[OUTPOST-v4] epoch 383: test-all ROC 0.8830 PR 0.6245 | unseen ROC 0.7877 PR 0.1219 | valAUC 0.9937 | tau+ 0.500
[OUTPOST-v4] epoch 384: test-all ROC 0.8825 PR 0.6212 | unseen ROC 0.7884 PR 0.1202 | valAUC 0.9845 | tau+ 0.500
[OUTPOST-v4] epoch 385: test-all ROC 0.8843 PR 0.6219 | unseen ROC 0.7913 PR 0.1214 | valAUC 0.9947 | tau+ 0.500
[OUTPOST-v4] epoch 386: test-all ROC 0.8775 PR 0.6158 | unseen ROC 0.7788 PR 0.1152 | valAUC 0.9860 | tau+ 0.500
[OUTPOST-v4] epoch 387: test-all ROC 0.8709 PR 0.6032 | unseen ROC 0.7645 PR 0.1055 | valAUC 0.9903 | tau+ 0.500
[OUTPOST-v4] epoch 388: test-all ROC 0.8734 PR 0.6112 | unseen ROC 0.7713 PR 0.1133 | valAUC 0.9836 | tau+ 0.500
[OUTPOST-v4] epoch 389: test-all ROC 0.8713 PR 0.6143 | unseen ROC 0.7655 PR 0.1119 | valAUC 0.9942 | tau+ 0.500
[OUTPOST-v4] epoch 390: test-all ROC 0.8736 PR 0.6100 | unseen ROC 0.7692 PR 0.1105 | valAUC 0.9802 | tau+ 0.500
[OUTPOST-v4] epoch 391: test-all ROC 0.8676 PR 0.6059 | unseen ROC 0.7574 PR 0.1056 | valAUC 0.9908 | tau+ 0.500
[OUTPOST-v4] epoch 392: test-all ROC 0.8727 PR 0.6152 | unseen ROC 0.7688 PR 0.1132 | valAUC 0.9812 | tau+ 0.500
[OUTPOST-v4] epoch 393: test-all ROC 0.8745 PR 0.6161 | unseen ROC 0.7702 PR 0.1131 | valAUC 0.9923 | tau+ 0.500
[OUTPOST-v4] epoch 394: test-all ROC 0.8714 PR 0.6121 | unseen ROC 0.7650 PR 0.1072 | valAUC 0.9855 | tau+ 0.500
[OUTPOST-v4] epoch 395: test-all ROC 0.8615 PR 0.5984 | unseen ROC 0.7460 PR 0.0979 | valAUC 0.9957 | tau+ 0.500
[OUTPOST-v4] epoch 396: test-all ROC 0.8540 PR 0.5902 | unseen ROC 0.7330 PR 0.0931 | valAUC 0.9754 | tau+ 0.500
[OUTPOST-v4] epoch 397: test-all ROC 0.8550 PR 0.5908 | unseen ROC 0.7338 PR 0.0956 | valAUC 0.9787 | tau+ 0.500
[OUTPOST-v4] epoch 398: test-all ROC 0.8646 PR 0.6025 | unseen ROC 0.7512 PR 0.1025 | valAUC 0.9889 | tau+ 0.500
[OUTPOST-v4] epoch 399: test-all ROC 0.8688 PR 0.6062 | unseen ROC 0.7586 PR 0.1040 | valAUC 0.9749 | tau+ 0.500
  rotation 0: ROC 0.8881 PR 0.6317
[photo] params 114113, peak GPU 2.93 GB, 10.0 min total
[photo] ran 1/2 rotations; no results.csv row written. Merge the shards with:
    python analysis/scripts/merge_rotations.py
