# gpu=3 cmd=/usr/bin/python3 -u main.py --dataset computers --seed 42 --method outpost --tag E400_T_hidden32 --rotations 9 --set hidden_dim=32 num_epochs=400 --save-scores
/nas/home/jahin/.local/lib/python3.10/site-packages/requests/__init__.py:113: RequestsDependencyWarning: urllib3 (1.26.5) or chardet (7.2.0)/charset_normalizer (3.4.4) doesn't match a supported version!
  warnings.warn(
[0.03170448 0.15575916 0.10282141 0.03941245 0.37507272 0.02239674
 0.03541303 0.05948226 0.1567772  0.02116056]
[computers] anomaly classes (rotations): [np.int64(0), np.int64(3), np.int64(5), np.int64(6), np.int64(9)]
[computers] running subset: [np.int64(9)]
Normal classes: [np.int64(1), np.int64(2), np.int64(4), np.int64(7), np.int64(8)] in computers
Building multi-layer GraphSage
[OUTPOST-v4] epoch 0: test-all ROC 0.4560 PR 0.1396 | unseen ROC 0.4613 PR 0.1276 | valAUC 0.4764 | tau+ 0.500
[OUTPOST-v4] epoch 1: test-all ROC 0.4631 PR 0.1414 | unseen ROC 0.4680 PR 0.1290 | valAUC 0.4644 | tau+ 0.500
[OUTPOST-v4] epoch 2: test-all ROC 0.4636 PR 0.1417 | unseen ROC 0.4676 PR 0.1290 | valAUC 0.4770 | tau+ 0.500
[OUTPOST-v4] epoch 3: test-all ROC 0.4578 PR 0.1398 | unseen ROC 0.4619 PR 0.1275 | valAUC 0.4325 | tau+ 0.500
[OUTPOST-v4] epoch 4: test-all ROC 0.4568 PR 0.1395 | unseen ROC 0.4612 PR 0.1272 | valAUC 0.4572 | tau+ 0.500
[OUTPOST-v4] epoch 5: test-all ROC 0.4633 PR 0.1411 | unseen ROC 0.4665 PR 0.1284 | valAUC 0.4256 | tau+ 0.500
[OUTPOST-v4] epoch 6: test-all ROC 0.4641 PR 0.1421 | unseen ROC 0.4668 PR 0.1292 | valAUC 0.4618 | tau+ 0.500
[OUTPOST-v4] epoch 7: test-all ROC 0.4668 PR 0.1431 | unseen ROC 0.4693 PR 0.1302 | valAUC 0.4853 | tau+ 0.500
[OUTPOST-v4] epoch 8: test-all ROC 0.4785 PR 0.1469 | unseen ROC 0.4799 PR 0.1330 | valAUC 0.5066 | tau+ 0.500
[OUTPOST-v4] epoch 9: test-all ROC 0.4852 PR 0.1488 | unseen ROC 0.4852 PR 0.1344 | valAUC 0.5284 | tau+ 0.500
[OUTPOST-v4] epoch 10: test-all ROC 0.4983 PR 0.1529 | unseen ROC 0.4966 PR 0.1375 | valAUC 0.5618 | tau+ 0.500
[OUTPOST-v4] epoch 11: test-all ROC 0.5168 PR 0.1591 | unseen ROC 0.5102 PR 0.1422 | valAUC 0.6290 | tau+ 0.500
[OUTPOST-v4] epoch 12: test-all ROC 0.5526 PR 0.1741 | unseen ROC 0.5402 PR 0.1540 | valAUC 0.6865 | tau+ 0.500
[OUTPOST-v4] epoch 13: test-all ROC 0.5676 PR 0.1821 | unseen ROC 0.5509 PR 0.1592 | valAUC 0.7339 | tau+ 0.500
[OUTPOST-v4] epoch 14: test-all ROC 0.5723 PR 0.1833 | unseen ROC 0.5528 PR 0.1591 | valAUC 0.7822 | tau+ 0.500
[OUTPOST-v4] epoch 15: test-all ROC 0.5600 PR 0.1761 | unseen ROC 0.5420 PR 0.1531 | valAUC 0.7103 | tau+ 0.500
[OUTPOST-v4] epoch 16: test-all ROC 0.5419 PR 0.1679 | unseen ROC 0.5305 PR 0.1487 | valAUC 0.6356 | tau+ 0.500
[OUTPOST-v4] epoch 17: test-all ROC 0.5369 PR 0.1664 | unseen ROC 0.5258 PR 0.1471 | valAUC 0.6201 | tau+ 0.500
[OUTPOST-v4] epoch 18: test-all ROC 0.5262 PR 0.1615 | unseen ROC 0.5175 PR 0.1440 | valAUC 0.6155 | tau+ 0.500
[OUTPOST-v4] epoch 19: test-all ROC 0.5322 PR 0.1649 | unseen ROC 0.5231 PR 0.1470 | valAUC 0.6520 | tau+ 0.500
[OUTPOST-v4] epoch 20: test-all ROC 0.5407 PR 0.1676 | unseen ROC 0.5304 PR 0.1485 | valAUC 0.6822 | tau+ 0.500
[OUTPOST-v4] epoch 21: test-all ROC 0.5448 PR 0.1708 | unseen ROC 0.5339 PR 0.1509 | valAUC 0.7129 | tau+ 0.500
[OUTPOST-v4] epoch 22: test-all ROC 0.5545 PR 0.1739 | unseen ROC 0.5425 PR 0.1533 | valAUC 0.6828 | tau+ 0.500
[OUTPOST-v4] epoch 23: test-all ROC 0.5660 PR 0.1785 | unseen ROC 0.5514 PR 0.1561 | valAUC 0.7670 | tau+ 0.500
[OUTPOST-v4] epoch 24: test-all ROC 0.5853 PR 0.1882 | unseen ROC 0.5656 PR 0.1619 | valAUC 0.7897 | tau+ 0.500
[OUTPOST-v4] epoch 25: test-all ROC 0.5982 PR 0.1962 | unseen ROC 0.5751 PR 0.1666 | valAUC 0.8273 | tau+ 0.500
[OUTPOST-v4] epoch 26: test-all ROC 0.6195 PR 0.2060 | unseen ROC 0.5955 PR 0.1737 | valAUC 0.8322 | tau+ 0.500
[OUTPOST-v4] epoch 27: test-all ROC 0.6384 PR 0.2163 | unseen ROC 0.6115 PR 0.1797 | valAUC 0.8506 | tau+ 0.500
[OUTPOST-v4] epoch 28: test-all ROC 0.6551 PR 0.2277 | unseen ROC 0.6281 PR 0.1883 | valAUC 0.8845 | tau+ 0.500
[OUTPOST-v4] epoch 29: test-all ROC 0.6720 PR 0.2390 | unseen ROC 0.6444 PR 0.1957 | valAUC 0.8828 | tau+ 0.500
[OUTPOST-v4] epoch 30: test-all ROC 0.6797 PR 0.2450 | unseen ROC 0.6522 PR 0.2004 | valAUC 0.8888 | tau+ 0.500
[OUTPOST-v4] epoch 31: test-all ROC 0.6811 PR 0.2485 | unseen ROC 0.6530 PR 0.2027 | valAUC 0.8931 | tau+ 0.500
[OUTPOST-v4] epoch 32: test-all ROC 0.6852 PR 0.2534 | unseen ROC 0.6573 PR 0.2065 | valAUC 0.9095 | tau+ 0.500
[OUTPOST-v4] epoch 33: test-all ROC 0.6952 PR 0.2633 | unseen ROC 0.6668 PR 0.2122 | valAUC 0.9213 | tau+ 0.500
[OUTPOST-v4] epoch 34: test-all ROC 0.7113 PR 0.2805 | unseen ROC 0.6837 PR 0.2252 | valAUC 0.9250 | tau+ 0.500
[OUTPOST-v4] epoch 35: test-all ROC 0.7287 PR 0.2912 | unseen ROC 0.7022 PR 0.2341 | valAUC 0.9353 | tau+ 0.500
[OUTPOST-v4] epoch 36: test-all ROC 0.7347 PR 0.2942 | unseen ROC 0.7087 PR 0.2358 | valAUC 0.9414 | tau+ 0.500
[OUTPOST-v4] epoch 37: test-all ROC 0.7375 PR 0.2976 | unseen ROC 0.7115 PR 0.2382 | valAUC 0.9431 | tau+ 0.500
[OUTPOST-v4] epoch 38: test-all ROC 0.7405 PR 0.3007 | unseen ROC 0.7147 PR 0.2403 | valAUC 0.9463 | tau+ 0.500
[OUTPOST-v4] epoch 39: test-all ROC 0.7480 PR 0.3086 | unseen ROC 0.7225 PR 0.2464 | valAUC 0.9489 | tau+ 0.500
[OUTPOST-v4] epoch 40: test-all ROC 0.7469 PR 0.3100 | unseen ROC 0.7215 PR 0.2467 | valAUC 0.9463 | tau+ 0.500
[OUTPOST-v4] epoch 41: test-all ROC 0.7443 PR 0.3080 | unseen ROC 0.7185 PR 0.2451 | valAUC 0.9506 | tau+ 0.500
[OUTPOST-v4] epoch 42: test-all ROC 0.7480 PR 0.3119 | unseen ROC 0.7222 PR 0.2474 | valAUC 0.9509 | tau+ 0.500
[OUTPOST-v4] epoch 43: test-all ROC 0.7514 PR 0.3164 | unseen ROC 0.7258 PR 0.2500 | valAUC 0.9494 | tau+ 0.500
[OUTPOST-v4] epoch 44: test-all ROC 0.7531 PR 0.3199 | unseen ROC 0.7276 PR 0.2529 | valAUC 0.9555 | tau+ 0.500
[OUTPOST-v4] epoch 45: test-all ROC 0.7558 PR 0.3222 | unseen ROC 0.7304 PR 0.2542 | valAUC 0.9532 | tau+ 0.500
[OUTPOST-v4] epoch 46: test-all ROC 0.7576 PR 0.3255 | unseen ROC 0.7326 PR 0.2570 | valAUC 0.9532 | tau+ 0.500
[OUTPOST-v4] epoch 47: test-all ROC 0.7550 PR 0.3229 | unseen ROC 0.7294 PR 0.2527 | valAUC 0.9555 | tau+ 0.500
[OUTPOST-v4] epoch 48: test-all ROC 0.7580 PR 0.3303 | unseen ROC 0.7325 PR 0.2575 | valAUC 0.9560 | tau+ 0.500
[OUTPOST-v4] epoch 49: test-all ROC 0.7609 PR 0.3351 | unseen ROC 0.7355 PR 0.2573 | valAUC 0.9612 | tau+ 0.500
[OUTPOST-v4] epoch 50: test-all ROC 0.7641 PR 0.3460 | unseen ROC 0.7390 PR 0.2621 | valAUC 0.9626 | tau+ 0.500
[OUTPOST-v4] epoch 51: test-all ROC 0.7682 PR 0.3578 | unseen ROC 0.7433 PR 0.2666 | valAUC 0.9647 | tau+ 0.500
[OUTPOST-v4] epoch 52: test-all ROC 0.7725 PR 0.3682 | unseen ROC 0.7480 PR 0.2702 | valAUC 0.9704 | tau+ 0.500
[OUTPOST-v4] epoch 53: test-all ROC 0.7797 PR 0.3896 | unseen ROC 0.7554 PR 0.2797 | valAUC 0.9716 | tau+ 0.500
[OUTPOST-v4] epoch 54: test-all ROC 0.7830 PR 0.3929 | unseen ROC 0.7589 PR 0.2828 | valAUC 0.9724 | tau+ 0.500
[OUTPOST-v4] epoch 55: test-all ROC 0.7820 PR 0.3923 | unseen ROC 0.7577 PR 0.2800 | valAUC 0.9741 | tau+ 0.500
[OUTPOST-v4] epoch 56: test-all ROC 0.7825 PR 0.3952 | unseen ROC 0.7583 PR 0.2822 | valAUC 0.9730 | tau+ 0.500
[OUTPOST-v4] epoch 57: test-all ROC 0.7878 PR 0.4051 | unseen ROC 0.7641 PR 0.2901 | valAUC 0.9773 | tau+ 0.500
[OUTPOST-v4] epoch 58: test-all ROC 0.7881 PR 0.4144 | unseen ROC 0.7643 PR 0.2931 | valAUC 0.9799 | tau+ 0.500
[OUTPOST-v4] epoch 59: test-all ROC 0.7919 PR 0.4223 | unseen ROC 0.7683 PR 0.2967 | valAUC 0.9859 | tau+ 0.500
[OUTPOST-v4] epoch 60: test-all ROC 0.7949 PR 0.4309 | unseen ROC 0.7715 PR 0.3020 | valAUC 0.9799 | tau+ 0.500
[OUTPOST-v4] epoch 61: test-all ROC 0.7946 PR 0.4331 | unseen ROC 0.7710 PR 0.3024 | valAUC 0.9856 | tau+ 0.500
[OUTPOST-v4] epoch 62: test-all ROC 0.7985 PR 0.4400 | unseen ROC 0.7753 PR 0.3093 | valAUC 0.9905 | tau+ 0.500
[OUTPOST-v4] epoch 63: test-all ROC 0.7983 PR 0.4418 | unseen ROC 0.7751 PR 0.3095 | valAUC 0.9894 | tau+ 0.500
[OUTPOST-v4] epoch 64: test-all ROC 0.7999 PR 0.4452 | unseen ROC 0.7768 PR 0.3135 | valAUC 0.9902 | tau+ 0.500
[OUTPOST-v4] epoch 65: test-all ROC 0.8026 PR 0.4539 | unseen ROC 0.7798 PR 0.3211 | valAUC 0.9879 | tau+ 0.500
[OUTPOST-v4] epoch 66: test-all ROC 0.8031 PR 0.4538 | unseen ROC 0.7803 PR 0.3200 | valAUC 0.9911 | tau+ 0.500
[OUTPOST-v4] epoch 67: test-all ROC 0.8069 PR 0.4591 | unseen ROC 0.7845 PR 0.3246 | valAUC 0.9897 | tau+ 0.500
[OUTPOST-v4] epoch 68: test-all ROC 0.8082 PR 0.4624 | unseen ROC 0.7860 PR 0.3289 | valAUC 0.9902 | tau+ 0.500
[OUTPOST-v4] epoch 69: test-all ROC 0.8120 PR 0.4738 | unseen ROC 0.7901 PR 0.3401 | valAUC 0.9922 | tau+ 0.500
[OUTPOST-v4] epoch 70: test-all ROC 0.8172 PR 0.4893 | unseen ROC 0.7959 PR 0.3579 | valAUC 0.9925 | tau+ 0.500
[OUTPOST-v4] epoch 71: test-all ROC 0.8188 PR 0.4949 | unseen ROC 0.7977 PR 0.3644 | valAUC 0.9945 | tau+ 0.500
[OUTPOST-v4] epoch 72: test-all ROC 0.8180 PR 0.4950 | unseen ROC 0.7968 PR 0.3646 | valAUC 0.9940 | tau+ 0.500
[OUTPOST-v4] epoch 73: test-all ROC 0.8170 PR 0.4933 | unseen ROC 0.7956 PR 0.3617 | valAUC 0.9937 | tau+ 0.500
[OUTPOST-v4] epoch 74: test-all ROC 0.8157 PR 0.4875 | unseen ROC 0.7942 PR 0.3562 | valAUC 0.9908 | tau+ 0.500
[OUTPOST-v4] epoch 75: test-all ROC 0.8221 PR 0.5038 | unseen ROC 0.8013 PR 0.3744 | valAUC 0.9902 | tau+ 0.500
[OUTPOST-v4] epoch 76: test-all ROC 0.8280 PR 0.5261 | unseen ROC 0.8080 PR 0.4057 | valAUC 0.9931 | tau+ 0.500
[OUTPOST-v4] epoch 77: test-all ROC 0.8321 PR 0.5431 | unseen ROC 0.8125 PR 0.4282 | valAUC 0.9931 | tau+ 0.500
[OUTPOST-v4] epoch 78: test-all ROC 0.8332 PR 0.5395 | unseen ROC 0.8138 PR 0.4231 | valAUC 0.9931 | tau+ 0.500
[OUTPOST-v4] epoch 79: test-all ROC 0.8346 PR 0.5480 | unseen ROC 0.8153 PR 0.4331 | valAUC 0.9945 | tau+ 0.500
[OUTPOST-v4] epoch 80: test-all ROC 0.8359 PR 0.5518 | unseen ROC 0.8167 PR 0.4379 | valAUC 0.9940 | tau+ 0.500
[OUTPOST-v4] epoch 81: test-all ROC 0.8375 PR 0.5548 | unseen ROC 0.8186 PR 0.4418 | valAUC 0.9920 | tau+ 0.500
[OUTPOST-v4] epoch 82: test-all ROC 0.8386 PR 0.5569 | unseen ROC 0.8198 PR 0.4467 | valAUC 0.9948 | tau+ 0.500
[OUTPOST-v4] epoch 83: test-all ROC 0.8387 PR 0.5576 | unseen ROC 0.8198 PR 0.4457 | valAUC 0.9920 | tau+ 0.500
[OUTPOST-v4] epoch 84: test-all ROC 0.8430 PR 0.5685 | unseen ROC 0.8247 PR 0.4590 | valAUC 0.9945 | tau+ 0.500
[OUTPOST-v4] epoch 85: test-all ROC 0.8427 PR 0.5694 | unseen ROC 0.8244 PR 0.4613 | valAUC 0.9940 | tau+ 0.500
[OUTPOST-v4] epoch 86: test-all ROC 0.8412 PR 0.5687 | unseen ROC 0.8226 PR 0.4611 | valAUC 0.9928 | tau+ 0.500
[OUTPOST-v4] epoch 87: test-all ROC 0.8451 PR 0.5770 | unseen ROC 0.8270 PR 0.4719 | valAUC 0.9943 | tau+ 0.512
[OUTPOST-v4] epoch 88: test-all ROC 0.8443 PR 0.5785 | unseen ROC 0.8261 PR 0.4745 | valAUC 0.9960 | tau+ 0.500
[OUTPOST-v4] epoch 89: test-all ROC 0.8469 PR 0.5817 | unseen ROC 0.8290 PR 0.4803 | valAUC 0.9917 | tau+ 0.500
[OUTPOST-v4] epoch 90: test-all ROC 0.8466 PR 0.5816 | unseen ROC 0.8287 PR 0.4791 | valAUC 0.9954 | tau+ 0.500
[OUTPOST-v4] epoch 91: test-all ROC 0.8499 PR 0.5878 | unseen ROC 0.8324 PR 0.4867 | valAUC 0.9940 | tau+ 0.500
[OUTPOST-v4] epoch 92: test-all ROC 0.8515 PR 0.5916 | unseen ROC 0.8343 PR 0.4920 | valAUC 0.9957 | tau+ 0.500
[OUTPOST-v4] epoch 93: test-all ROC 0.8553 PR 0.6000 | unseen ROC 0.8384 PR 0.5025 | valAUC 0.9968 | tau+ 0.528
[OUTPOST-v4] epoch 94: test-all ROC 0.8535 PR 0.5952 | unseen ROC 0.8364 PR 0.4972 | valAUC 0.9966 | tau+ 0.500
[OUTPOST-v4] epoch 95: test-all ROC 0.8523 PR 0.5968 | unseen ROC 0.8350 PR 0.4985 | valAUC 0.9963 | tau+ 0.500
[OUTPOST-v4] epoch 96: test-all ROC 0.8485 PR 0.5876 | unseen ROC 0.8308 PR 0.4888 | valAUC 0.9957 | tau+ 0.500
[OUTPOST-v4] epoch 97: test-all ROC 0.8494 PR 0.5917 | unseen ROC 0.8318 PR 0.4930 | valAUC 0.9957 | tau+ 0.500
[OUTPOST-v4] epoch 98: test-all ROC 0.8504 PR 0.5948 | unseen ROC 0.8330 PR 0.4960 | valAUC 0.9934 | tau+ 0.500
[OUTPOST-v4] epoch 99: test-all ROC 0.8542 PR 0.6030 | unseen ROC 0.8372 PR 0.5071 | valAUC 0.9963 | tau+ 0.500
[OUTPOST-v4] epoch 100: test-all ROC 0.8565 PR 0.6067 | unseen ROC 0.8398 PR 0.5129 | valAUC 0.9957 | tau+ 0.500
[OUTPOST-v4] epoch 101: test-all ROC 0.8546 PR 0.6046 | unseen ROC 0.8377 PR 0.5093 | valAUC 0.9937 | tau+ 0.500
[OUTPOST-v4] epoch 102: test-all ROC 0.8537 PR 0.6073 | unseen ROC 0.8367 PR 0.5152 | valAUC 0.9951 | tau+ 0.500
[OUTPOST-v4] epoch 103: test-all ROC 0.8528 PR 0.6048 | unseen ROC 0.8356 PR 0.5110 | valAUC 0.9966 | tau+ 0.500
[OUTPOST-v4] epoch 104: test-all ROC 0.8547 PR 0.6098 | unseen ROC 0.8378 PR 0.5178 | valAUC 0.9963 | tau+ 0.500
[OUTPOST-v4] epoch 105: test-all ROC 0.8608 PR 0.6195 | unseen ROC 0.8445 PR 0.5277 | valAUC 0.9968 | tau+ 0.500
[OUTPOST-v4] epoch 106: test-all ROC 0.8530 PR 0.6089 | unseen ROC 0.8359 PR 0.5159 | valAUC 0.9948 | tau+ 0.500
[OUTPOST-v4] epoch 107: test-all ROC 0.8431 PR 0.6008 | unseen ROC 0.8248 PR 0.5076 | valAUC 0.9954 | tau+ 0.500
[OUTPOST-v4] epoch 108: test-all ROC 0.8413 PR 0.5996 | unseen ROC 0.8228 PR 0.5062 | valAUC 0.9945 | tau+ 0.500
[OUTPOST-v4] epoch 109: test-all ROC 0.8505 PR 0.6133 | unseen ROC 0.8331 PR 0.5228 | valAUC 0.9948 | tau+ 0.500
[OUTPOST-v4] epoch 110: test-all ROC 0.8601 PR 0.6253 | unseen ROC 0.8438 PR 0.5371 | valAUC 0.9954 | tau+ 0.500
[OUTPOST-v4] epoch 111: test-all ROC 0.8554 PR 0.6203 | unseen ROC 0.8386 PR 0.5320 | valAUC 0.9951 | tau+ 0.500
[OUTPOST-v4] epoch 112: test-all ROC 0.8514 PR 0.6201 | unseen ROC 0.8341 PR 0.5316 | valAUC 0.9963 | tau+ 0.500
[OUTPOST-v4] epoch 113: test-all ROC 0.8483 PR 0.6194 | unseen ROC 0.8306 PR 0.5308 | valAUC 0.9945 | tau+ 0.500
[OUTPOST-v4] epoch 114: test-all ROC 0.8485 PR 0.6222 | unseen ROC 0.8308 PR 0.5357 | valAUC 0.9960 | tau+ 0.500
[OUTPOST-v4] epoch 115: test-all ROC 0.8438 PR 0.6170 | unseen ROC 0.8255 PR 0.5281 | valAUC 0.9960 | tau+ 0.500
[OUTPOST-v4] epoch 116: test-all ROC 0.8564 PR 0.6302 | unseen ROC 0.8396 PR 0.5442 | valAUC 0.9963 | tau+ 0.500
[OUTPOST-v4] epoch 117: test-all ROC 0.8622 PR 0.6344 | unseen ROC 0.8462 PR 0.5470 | valAUC 0.9951 | tau+ 0.591
[OUTPOST-v4] epoch 118: test-all ROC 0.8588 PR 0.6335 | unseen ROC 0.8423 PR 0.5473 | valAUC 0.9968 | tau+ 0.527
[OUTPOST-v4] epoch 119: test-all ROC 0.8400 PR 0.6196 | unseen ROC 0.8214 PR 0.5327 | valAUC 0.9948 | tau+ 0.500
[OUTPOST-v4] epoch 120: test-all ROC 0.8339 PR 0.6159 | unseen ROC 0.8145 PR 0.5284 | valAUC 0.9957 | tau+ 0.500
[OUTPOST-v4] epoch 121: test-all ROC 0.8265 PR 0.6051 | unseen ROC 0.8063 PR 0.5165 | valAUC 0.9945 | tau+ 0.500
[OUTPOST-v4] epoch 122: test-all ROC 0.8291 PR 0.6105 | unseen ROC 0.8092 PR 0.5206 | valAUC 0.9948 | tau+ 0.500
[OUTPOST-v4] epoch 123: test-all ROC 0.8303 PR 0.6171 | unseen ROC 0.8106 PR 0.5308 | valAUC 0.9943 | tau+ 0.500
[OUTPOST-v4] epoch 124: test-all ROC 0.8331 PR 0.6182 | unseen ROC 0.8136 PR 0.5308 | valAUC 0.9951 | tau+ 0.500
[OUTPOST-v4] epoch 125: test-all ROC 0.8457 PR 0.6302 | unseen ROC 0.8277 PR 0.5443 | valAUC 0.9954 | tau+ 0.500
[OUTPOST-v4] epoch 126: test-all ROC 0.8552 PR 0.6373 | unseen ROC 0.8383 PR 0.5513 | valAUC 0.9954 | tau+ 0.652
[OUTPOST-v4] epoch 127: test-all ROC 0.8356 PR 0.6237 | unseen ROC 0.8164 PR 0.5401 | valAUC 0.9966 | tau+ 0.507
[OUTPOST-v4] epoch 128: test-all ROC 0.8222 PR 0.6136 | unseen ROC 0.8015 PR 0.5262 | valAUC 0.9948 | tau+ 0.500
[OUTPOST-v4] epoch 129: test-all ROC 0.8156 PR 0.6105 | unseen ROC 0.7941 PR 0.5222 | valAUC 0.9948 | tau+ 0.500
[OUTPOST-v4] epoch 130: test-all ROC 0.8176 PR 0.6104 | unseen ROC 0.7963 PR 0.5214 | valAUC 0.9948 | tau+ 0.500
[OUTPOST-v4] epoch 131: test-all ROC 0.8271 PR 0.6228 | unseen ROC 0.8070 PR 0.5370 | valAUC 0.9957 | tau+ 0.500
[OUTPOST-v4] epoch 132: test-all ROC 0.8381 PR 0.6304 | unseen ROC 0.8192 PR 0.5452 | valAUC 0.9960 | tau+ 0.520
[OUTPOST-v4] epoch 133: test-all ROC 0.8375 PR 0.6274 | unseen ROC 0.8185 PR 0.5417 | valAUC 0.9943 | tau+ 0.523
[OUTPOST-v4] epoch 134: test-all ROC 0.8302 PR 0.6239 | unseen ROC 0.8103 PR 0.5362 | valAUC 0.9948 | tau+ 0.500
[OUTPOST-v4] epoch 135: test-all ROC 0.8242 PR 0.6219 | unseen ROC 0.8037 PR 0.5359 | valAUC 0.9943 | tau+ 0.500
[OUTPOST-v4] epoch 136: test-all ROC 0.8197 PR 0.6178 | unseen ROC 0.7987 PR 0.5305 | valAUC 0.9954 | tau+ 0.500
[OUTPOST-v4] epoch 137: test-all ROC 0.8195 PR 0.6192 | unseen ROC 0.7984 PR 0.5330 | valAUC 0.9937 | tau+ 0.500
[OUTPOST-v4] epoch 138: test-all ROC 0.8282 PR 0.6259 | unseen ROC 0.8082 PR 0.5410 | valAUC 0.9945 | tau+ 0.500
[OUTPOST-v4] epoch 139: test-all ROC 0.8378 PR 0.6325 | unseen ROC 0.8189 PR 0.5475 | valAUC 0.9957 | tau+ 0.500
[OUTPOST-v4] epoch 140: test-all ROC 0.8384 PR 0.6308 | unseen ROC 0.8196 PR 0.5465 | valAUC 0.9948 | tau+ 0.500
[OUTPOST-v4] epoch 141: test-all ROC 0.8312 PR 0.6303 | unseen ROC 0.8115 PR 0.5456 | valAUC 0.9943 | tau+ 0.500
[OUTPOST-v4] epoch 142: test-all ROC 0.8346 PR 0.6320 | unseen ROC 0.8153 PR 0.5493 | valAUC 0.9948 | tau+ 0.528
[OUTPOST-v4] epoch 143: test-all ROC 0.8420 PR 0.6338 | unseen ROC 0.8237 PR 0.5482 | valAUC 0.9954 | tau+ 0.616
[OUTPOST-v4] epoch 144: test-all ROC 0.8452 PR 0.6385 | unseen ROC 0.8272 PR 0.5537 | valAUC 0.9945 | tau+ 0.627
[OUTPOST-v4] epoch 145: test-all ROC 0.8366 PR 0.6324 | unseen ROC 0.8175 PR 0.5467 | valAUC 0.9945 | tau+ 0.500
[OUTPOST-v4] epoch 146: test-all ROC 0.8247 PR 0.6219 | unseen ROC 0.8042 PR 0.5337 | valAUC 0.9943 | tau+ 0.500
[OUTPOST-v4] epoch 147: test-all ROC 0.8197 PR 0.6190 | unseen ROC 0.7987 PR 0.5315 | valAUC 0.9920 | tau+ 0.500
[OUTPOST-v4] epoch 148: test-all ROC 0.8167 PR 0.6185 | unseen ROC 0.7954 PR 0.5334 | valAUC 0.9934 | tau+ 0.500
[OUTPOST-v4] epoch 149: test-all ROC 0.8236 PR 0.6220 | unseen ROC 0.8031 PR 0.5346 | valAUC 0.9908 | tau+ 0.500
[OUTPOST-v4] epoch 150: test-all ROC 0.8285 PR 0.6254 | unseen ROC 0.8086 PR 0.5403 | valAUC 0.9948 | tau+ 0.500
[OUTPOST-v4] epoch 151: test-all ROC 0.8385 PR 0.6353 | unseen ROC 0.8197 PR 0.5508 | valAUC 0.9940 | tau+ 0.500
[OUTPOST-v4] epoch 152: test-all ROC 0.8405 PR 0.6341 | unseen ROC 0.8219 PR 0.5482 | valAUC 0.9943 | tau+ 0.500
[OUTPOST-v4] epoch 153: test-all ROC 0.8358 PR 0.6314 | unseen ROC 0.8166 PR 0.5469 | valAUC 0.9945 | tau+ 0.500
[OUTPOST-v4] epoch 154: test-all ROC 0.8377 PR 0.6348 | unseen ROC 0.8188 PR 0.5501 | valAUC 0.9934 | tau+ 0.500
[OUTPOST-v4] epoch 155: test-all ROC 0.8359 PR 0.6336 | unseen ROC 0.8167 PR 0.5482 | valAUC 0.9940 | tau+ 0.500
[OUTPOST-v4] epoch 156: test-all ROC 0.8308 PR 0.6297 | unseen ROC 0.8111 PR 0.5444 | valAUC 0.9925 | tau+ 0.500
[OUTPOST-v4] epoch 157: test-all ROC 0.8339 PR 0.6323 | unseen ROC 0.8146 PR 0.5487 | valAUC 0.9943 | tau+ 0.500
[OUTPOST-v4] epoch 158: test-all ROC 0.8343 PR 0.6339 | unseen ROC 0.8150 PR 0.5490 | valAUC 0.9951 | tau+ 0.500
[OUTPOST-v4] epoch 159: test-all ROC 0.8353 PR 0.6362 | unseen ROC 0.8161 PR 0.5505 | valAUC 0.9934 | tau+ 0.500
[OUTPOST-v4] epoch 160: test-all ROC 0.8394 PR 0.6391 | unseen ROC 0.8207 PR 0.5548 | valAUC 0.9945 | tau+ 0.500
[OUTPOST-v4] epoch 161: test-all ROC 0.8396 PR 0.6400 | unseen ROC 0.8208 PR 0.5566 | valAUC 0.9951 | tau+ 0.500
[OUTPOST-v4] epoch 162: test-all ROC 0.8477 PR 0.6444 | unseen ROC 0.8300 PR 0.5602 | valAUC 0.9943 | tau+ 0.500
[OUTPOST-v4] epoch 163: test-all ROC 0.8529 PR 0.6451 | unseen ROC 0.8358 PR 0.5617 | valAUC 0.9948 | tau+ 0.605
[OUTPOST-v4] epoch 164: test-all ROC 0.8446 PR 0.6422 | unseen ROC 0.8265 PR 0.5584 | valAUC 0.9960 | tau+ 0.500
[OUTPOST-v4] epoch 165: test-all ROC 0.8353 PR 0.6338 | unseen ROC 0.8161 PR 0.5482 | valAUC 0.9951 | tau+ 0.500
[OUTPOST-v4] epoch 166: test-all ROC 0.8259 PR 0.6252 | unseen ROC 0.8056 PR 0.5371 | valAUC 0.9934 | tau+ 0.500
[OUTPOST-v4] epoch 167: test-all ROC 0.8261 PR 0.6263 | unseen ROC 0.8059 PR 0.5404 | valAUC 0.9931 | tau+ 0.500
[OUTPOST-v4] epoch 168: test-all ROC 0.8338 PR 0.6316 | unseen ROC 0.8144 PR 0.5444 | valAUC 0.9943 | tau+ 0.500
[OUTPOST-v4] epoch 169: test-all ROC 0.8344 PR 0.6369 | unseen ROC 0.8150 PR 0.5522 | valAUC 0.9940 | tau+ 0.500
[OUTPOST-v4] epoch 170: test-all ROC 0.8424 PR 0.6410 | unseen ROC 0.8240 PR 0.5559 | valAUC 0.9948 | tau+ 0.500
[OUTPOST-v4] epoch 171: test-all ROC 0.8493 PR 0.6434 | unseen ROC 0.8318 PR 0.5576 | valAUC 0.9951 | tau+ 0.500
[OUTPOST-v4] epoch 172: test-all ROC 0.8392 PR 0.6353 | unseen ROC 0.8205 PR 0.5494 | valAUC 0.9948 | tau+ 0.500
[OUTPOST-v4] epoch 173: test-all ROC 0.8333 PR 0.6352 | unseen ROC 0.8139 PR 0.5511 | valAUC 0.9951 | tau+ 0.500
[OUTPOST-v4] epoch 174: test-all ROC 0.8323 PR 0.6361 | unseen ROC 0.8127 PR 0.5508 | valAUC 0.9954 | tau+ 0.500
[OUTPOST-v4] epoch 175: test-all ROC 0.8331 PR 0.6331 | unseen ROC 0.8136 PR 0.5476 | valAUC 0.9948 | tau+ 0.500
[OUTPOST-v4] epoch 176: test-all ROC 0.8482 PR 0.6458 | unseen ROC 0.8304 PR 0.5604 | valAUC 0.9945 | tau+ 0.500
[OUTPOST-v4] epoch 177: test-all ROC 0.8703 PR 0.6595 | unseen ROC 0.8552 PR 0.5773 | valAUC 0.9966 | tau+ 0.677
[OUTPOST-v4] epoch 178: test-all ROC 0.8567 PR 0.6510 | unseen ROC 0.8401 PR 0.5662 | valAUC 0.9948 | tau+ 0.500
[OUTPOST-v4] epoch 179: test-all ROC 0.8387 PR 0.6394 | unseen ROC 0.8200 PR 0.5557 | valAUC 0.9934 | tau+ 0.500
[OUTPOST-v4] epoch 180: test-all ROC 0.8322 PR 0.6339 | unseen ROC 0.8127 PR 0.5485 | valAUC 0.9940 | tau+ 0.500
[OUTPOST-v4] epoch 181: test-all ROC 0.8315 PR 0.6330 | unseen ROC 0.8118 PR 0.5454 | valAUC 0.9943 | tau+ 0.500
[OUTPOST-v4] epoch 182: test-all ROC 0.8368 PR 0.6358 | unseen ROC 0.8178 PR 0.5492 | valAUC 0.9943 | tau+ 0.500
[OUTPOST-v4] epoch 183: test-all ROC 0.8428 PR 0.6393 | unseen ROC 0.8245 PR 0.5538 | valAUC 0.9937 | tau+ 0.500
[OUTPOST-v4] epoch 184: test-all ROC 0.8520 PR 0.6463 | unseen ROC 0.8347 PR 0.5621 | valAUC 0.9934 | tau+ 0.500
[OUTPOST-v4] epoch 185: test-all ROC 0.8637 PR 0.6561 | unseen ROC 0.8479 PR 0.5738 | valAUC 0.9948 | tau+ 0.582
[OUTPOST-v4] epoch 186: test-all ROC 0.8563 PR 0.6500 | unseen ROC 0.8396 PR 0.5657 | valAUC 0.9945 | tau+ 0.539
[OUTPOST-v4] epoch 187: test-all ROC 0.8455 PR 0.6436 | unseen ROC 0.8275 PR 0.5586 | valAUC 0.9945 | tau+ 0.500
[OUTPOST-v4] epoch 188: test-all ROC 0.8388 PR 0.6399 | unseen ROC 0.8200 PR 0.5540 | valAUC 0.9945 | tau+ 0.500
[OUTPOST-v4] epoch 189: test-all ROC 0.8363 PR 0.6411 | unseen ROC 0.8172 PR 0.5567 | valAUC 0.9954 | tau+ 0.500
[OUTPOST-v4] epoch 190: test-all ROC 0.8350 PR 0.6387 | unseen ROC 0.8158 PR 0.5557 | valAUC 0.9937 | tau+ 0.500
[OUTPOST-v4] epoch 191: test-all ROC 0.8410 PR 0.6431 | unseen ROC 0.8226 PR 0.5597 | valAUC 0.9943 | tau+ 0.500
[OUTPOST-v4] epoch 192: test-all ROC 0.8497 PR 0.6522 | unseen ROC 0.8322 PR 0.5686 | valAUC 0.9943 | tau+ 0.500
[OUTPOST-v4] epoch 193: test-all ROC 0.8529 PR 0.6549 | unseen ROC 0.8358 PR 0.5732 | valAUC 0.9945 | tau+ 0.551
[OUTPOST-v4] epoch 194: test-all ROC 0.8538 PR 0.6578 | unseen ROC 0.8368 PR 0.5761 | valAUC 0.9948 | tau+ 0.653
[OUTPOST-v4] epoch 195: test-all ROC 0.8465 PR 0.6487 | unseen ROC 0.8286 PR 0.5658 | valAUC 0.9945 | tau+ 0.500
[OUTPOST-v4] epoch 196: test-all ROC 0.8386 PR 0.6477 | unseen ROC 0.8198 PR 0.5652 | valAUC 0.9943 | tau+ 0.500
[OUTPOST-v4] epoch 197: test-all ROC 0.8318 PR 0.6427 | unseen ROC 0.8121 PR 0.5588 | valAUC 0.9945 | tau+ 0.500
[OUTPOST-v4] epoch 198: test-all ROC 0.8287 PR 0.6381 | unseen ROC 0.8088 PR 0.5556 | valAUC 0.9948 | tau+ 0.500
[OUTPOST-v4] epoch 199: test-all ROC 0.8288 PR 0.6406 | unseen ROC 0.8088 PR 0.5570 | valAUC 0.9943 | tau+ 0.500
[OUTPOST-v4] epoch 200: test-all ROC 0.8351 PR 0.6428 | unseen ROC 0.8159 PR 0.5591 | valAUC 0.9943 | tau+ 0.500
[OUTPOST-v4] epoch 201: test-all ROC 0.8436 PR 0.6503 | unseen ROC 0.8253 PR 0.5669 | valAUC 0.9945 | tau+ 0.500
[OUTPOST-v4] epoch 202: test-all ROC 0.8593 PR 0.6609 | unseen ROC 0.8429 PR 0.5796 | valAUC 0.9948 | tau+ 0.704
[OUTPOST-v4] epoch 203: test-all ROC 0.8582 PR 0.6610 | unseen ROC 0.8416 PR 0.5783 | valAUC 0.9960 | tau+ 0.703
[OUTPOST-v4] epoch 204: test-all ROC 0.8427 PR 0.6499 | unseen ROC 0.8243 PR 0.5660 | valAUC 0.9943 | tau+ 0.500
[OUTPOST-v4] epoch 205: test-all ROC 0.8297 PR 0.6398 | unseen ROC 0.8099 PR 0.5556 | valAUC 0.9937 | tau+ 0.500
[OUTPOST-v4] epoch 206: test-all ROC 0.8296 PR 0.6381 | unseen ROC 0.8097 PR 0.5523 | valAUC 0.9925 | tau+ 0.500
[OUTPOST-v4] epoch 207: test-all ROC 0.8336 PR 0.6388 | unseen ROC 0.8142 PR 0.5531 | valAUC 0.9937 | tau+ 0.500
[OUTPOST-v4] epoch 208: test-all ROC 0.8293 PR 0.6339 | unseen ROC 0.8095 PR 0.5481 | valAUC 0.9914 | tau+ 0.500
[OUTPOST-v4] epoch 209: test-all ROC 0.8312 PR 0.6363 | unseen ROC 0.8116 PR 0.5512 | valAUC 0.9920 | tau+ 0.500
[OUTPOST-v4] epoch 210: test-all ROC 0.8374 PR 0.6414 | unseen ROC 0.8187 PR 0.5579 | valAUC 0.9934 | tau+ 0.500
[OUTPOST-v4] epoch 211: test-all ROC 0.8426 PR 0.6439 | unseen ROC 0.8242 PR 0.5588 | valAUC 0.9928 | tau+ 0.500
[OUTPOST-v4] epoch 212: test-all ROC 0.8454 PR 0.6448 | unseen ROC 0.8274 PR 0.5600 | valAUC 0.9925 | tau+ 0.500
[OUTPOST-v4] epoch 213: test-all ROC 0.8463 PR 0.6489 | unseen ROC 0.8284 PR 0.5648 | valAUC 0.9922 | tau+ 0.500
[OUTPOST-v4] epoch 214: test-all ROC 0.8422 PR 0.6460 | unseen ROC 0.8238 PR 0.5627 | valAUC 0.9937 | tau+ 0.500
[OUTPOST-v4] epoch 215: test-all ROC 0.8421 PR 0.6461 | unseen ROC 0.8238 PR 0.5611 | valAUC 0.9951 | tau+ 0.571
[OUTPOST-v4] epoch 216: test-all ROC 0.8419 PR 0.6491 | unseen ROC 0.8235 PR 0.5656 | valAUC 0.9934 | tau+ 0.500
[OUTPOST-v4] epoch 217: test-all ROC 0.8380 PR 0.6484 | unseen ROC 0.8191 PR 0.5639 | valAUC 0.9943 | tau+ 0.500
[OUTPOST-v4] epoch 218: test-all ROC 0.8390 PR 0.6442 | unseen ROC 0.8203 PR 0.5587 | valAUC 0.9945 | tau+ 0.500
[OUTPOST-v4] epoch 219: test-all ROC 0.8443 PR 0.6514 | unseen ROC 0.8261 PR 0.5688 | valAUC 0.9948 | tau+ 0.500
[OUTPOST-v4] epoch 220: test-all ROC 0.8414 PR 0.6489 | unseen ROC 0.8230 PR 0.5640 | valAUC 0.9931 | tau+ 0.500
[OUTPOST-v4] epoch 221: test-all ROC 0.8423 PR 0.6516 | unseen ROC 0.8240 PR 0.5700 | valAUC 0.9943 | tau+ 0.500
[OUTPOST-v4] epoch 222: test-all ROC 0.8504 PR 0.6592 | unseen ROC 0.8329 PR 0.5762 | valAUC 0.9943 | tau+ 0.500
[OUTPOST-v4] epoch 223: test-all ROC 0.8542 PR 0.6615 | unseen ROC 0.8373 PR 0.5802 | valAUC 0.9951 | tau+ 0.511
[OUTPOST-v4] epoch 224: test-all ROC 0.8558 PR 0.6602 | unseen ROC 0.8390 PR 0.5787 | valAUC 0.9957 | tau+ 0.509
[OUTPOST-v4] epoch 225: test-all ROC 0.8535 PR 0.6611 | unseen ROC 0.8365 PR 0.5800 | valAUC 0.9945 | tau+ 0.500
[OUTPOST-v4] epoch 226: test-all ROC 0.8519 PR 0.6600 | unseen ROC 0.8347 PR 0.5798 | valAUC 0.9951 | tau+ 0.552
[OUTPOST-v4] epoch 227: test-all ROC 0.8437 PR 0.6556 | unseen ROC 0.8255 PR 0.5737 | valAUC 0.9951 | tau+ 0.500
[OUTPOST-v4] epoch 228: test-all ROC 0.8385 PR 0.6520 | unseen ROC 0.8197 PR 0.5688 | valAUC 0.9937 | tau+ 0.500
[OUTPOST-v4] epoch 229: test-all ROC 0.8340 PR 0.6504 | unseen ROC 0.8147 PR 0.5688 | valAUC 0.9925 | tau+ 0.500
[OUTPOST-v4] epoch 230: test-all ROC 0.8268 PR 0.6456 | unseen ROC 0.8067 PR 0.5630 | valAUC 0.9931 | tau+ 0.500
[OUTPOST-v4] epoch 231: test-all ROC 0.8297 PR 0.6457 | unseen ROC 0.8099 PR 0.5635 | valAUC 0.9925 | tau+ 0.500
[OUTPOST-v4] epoch 232: test-all ROC 0.8393 PR 0.6560 | unseen ROC 0.8205 PR 0.5752 | valAUC 0.9948 | tau+ 0.500
[OUTPOST-v4] epoch 233: test-all ROC 0.8456 PR 0.6605 | unseen ROC 0.8276 PR 0.5790 | valAUC 0.9928 | tau+ 0.500
[OUTPOST-v4] epoch 234: test-all ROC 0.8585 PR 0.6664 | unseen ROC 0.8421 PR 0.5861 | valAUC 0.9945 | tau+ 0.645
[OUTPOST-v4] epoch 235: test-all ROC 0.8491 PR 0.6611 | unseen ROC 0.8315 PR 0.5809 | valAUC 0.9937 | tau+ 0.500
[OUTPOST-v4] epoch 236: test-all ROC 0.8421 PR 0.6577 | unseen ROC 0.8237 PR 0.5772 | valAUC 0.9931 | tau+ 0.500
[OUTPOST-v4] epoch 237: test-all ROC 0.8403 PR 0.6564 | unseen ROC 0.8218 PR 0.5763 | valAUC 0.9937 | tau+ 0.500
[OUTPOST-v4] epoch 238: test-all ROC 0.8369 PR 0.6546 | unseen ROC 0.8178 PR 0.5719 | valAUC 0.9934 | tau+ 0.500
[OUTPOST-v4] epoch 239: test-all ROC 0.8359 PR 0.6573 | unseen ROC 0.8167 PR 0.5764 | valAUC 0.9954 | tau+ 0.500
[OUTPOST-v4] epoch 240: test-all ROC 0.8376 PR 0.6559 | unseen ROC 0.8187 PR 0.5731 | valAUC 0.9934 | tau+ 0.500
[OUTPOST-v4] epoch 241: test-all ROC 0.8402 PR 0.6576 | unseen ROC 0.8216 PR 0.5771 | valAUC 0.9948 | tau+ 0.500
[OUTPOST-v4] epoch 242: test-all ROC 0.8406 PR 0.6570 | unseen ROC 0.8221 PR 0.5760 | valAUC 0.9922 | tau+ 0.500
[OUTPOST-v4] epoch 243: test-all ROC 0.8489 PR 0.6640 | unseen ROC 0.8313 PR 0.5835 | valAUC 0.9940 | tau+ 0.500
[OUTPOST-v4] epoch 244: test-all ROC 0.8495 PR 0.6640 | unseen ROC 0.8319 PR 0.5824 | valAUC 0.9945 | tau+ 0.500
[OUTPOST-v4] epoch 245: test-all ROC 0.8500 PR 0.6652 | unseen ROC 0.8325 PR 0.5851 | valAUC 0.9943 | tau+ 0.500
[OUTPOST-v4] epoch 246: test-all ROC 0.8442 PR 0.6611 | unseen ROC 0.8261 PR 0.5808 | valAUC 0.9917 | tau+ 0.500
[OUTPOST-v4] epoch 247: test-all ROC 0.8453 PR 0.6623 | unseen ROC 0.8272 PR 0.5820 | valAUC 0.9937 | tau+ 0.500
[OUTPOST-v4] epoch 248: test-all ROC 0.8537 PR 0.6662 | unseen ROC 0.8367 PR 0.5865 | valAUC 0.9931 | tau+ 0.551
[OUTPOST-v4] epoch 249: test-all ROC 0.8560 PR 0.6678 | unseen ROC 0.8392 PR 0.5892 | valAUC 0.9925 | tau+ 0.500
[OUTPOST-v4] epoch 250: test-all ROC 0.8527 PR 0.6705 | unseen ROC 0.8356 PR 0.5917 | valAUC 0.9934 | tau+ 0.523
[OUTPOST-v4] epoch 251: test-all ROC 0.8493 PR 0.6686 | unseen ROC 0.8317 PR 0.5908 | valAUC 0.9951 | tau+ 0.500
[OUTPOST-v4] epoch 252: test-all ROC 0.8440 PR 0.6597 | unseen ROC 0.8258 PR 0.5804 | valAUC 0.9943 | tau+ 0.500
[OUTPOST-v4] epoch 253: test-all ROC 0.8429 PR 0.6617 | unseen ROC 0.8246 PR 0.5807 | valAUC 0.9917 | tau+ 0.500
[OUTPOST-v4] epoch 254: test-all ROC 0.8391 PR 0.6590 | unseen ROC 0.8203 PR 0.5773 | valAUC 0.9914 | tau+ 0.500
[OUTPOST-v4] epoch 255: test-all ROC 0.8463 PR 0.6667 | unseen ROC 0.8285 PR 0.5873 | valAUC 0.9931 | tau+ 0.533
[OUTPOST-v4] epoch 256: test-all ROC 0.8499 PR 0.6669 | unseen ROC 0.8325 PR 0.5894 | valAUC 0.9943 | tau+ 0.617
[OUTPOST-v4] epoch 257: test-all ROC 0.8424 PR 0.6613 | unseen ROC 0.8241 PR 0.5819 | valAUC 0.9908 | tau+ 0.500
[OUTPOST-v4] epoch 258: test-all ROC 0.8408 PR 0.6623 | unseen ROC 0.8222 PR 0.5810 | valAUC 0.9940 | tau+ 0.500
[OUTPOST-v4] epoch 259: test-all ROC 0.8351 PR 0.6589 | unseen ROC 0.8160 PR 0.5801 | valAUC 0.9920 | tau+ 0.500
[OUTPOST-v4] epoch 260: test-all ROC 0.8342 PR 0.6567 | unseen ROC 0.8149 PR 0.5760 | valAUC 0.9934 | tau+ 0.500
[OUTPOST-v4] epoch 261: test-all ROC 0.8378 PR 0.6606 | unseen ROC 0.8189 PR 0.5796 | valAUC 0.9945 | tau+ 0.500
[OUTPOST-v4] epoch 262: test-all ROC 0.8476 PR 0.6693 | unseen ROC 0.8299 PR 0.5915 | valAUC 0.9934 | tau+ 0.560
[OUTPOST-v4] epoch 263: test-all ROC 0.8559 PR 0.6745 | unseen ROC 0.8391 PR 0.5964 | valAUC 0.9951 | tau+ 0.670
[OUTPOST-v4] epoch 264: test-all ROC 0.8456 PR 0.6683 | unseen ROC 0.8277 PR 0.5895 | valAUC 0.9934 | tau+ 0.500
[OUTPOST-v4] epoch 265: test-all ROC 0.8314 PR 0.6604 | unseen ROC 0.8117 PR 0.5811 | valAUC 0.9928 | tau+ 0.500
[OUTPOST-v4] epoch 266: test-all ROC 0.8283 PR 0.6569 | unseen ROC 0.8083 PR 0.5766 | valAUC 0.9931 | tau+ 0.500
[OUTPOST-v4] epoch 267: test-all ROC 0.8307 PR 0.6567 | unseen ROC 0.8110 PR 0.5764 | valAUC 0.9948 | tau+ 0.500
[OUTPOST-v4] epoch 268: test-all ROC 0.8345 PR 0.6622 | unseen ROC 0.8152 PR 0.5838 | valAUC 0.9940 | tau+ 0.500
[OUTPOST-v4] epoch 269: test-all ROC 0.8389 PR 0.6695 | unseen ROC 0.8200 PR 0.5921 | valAUC 0.9948 | tau+ 0.500
[OUTPOST-v4] epoch 270: test-all ROC 0.8476 PR 0.6747 | unseen ROC 0.8298 PR 0.5981 | valAUC 0.9945 | tau+ 0.567
[OUTPOST-v4] epoch 271: test-all ROC 0.8553 PR 0.6752 | unseen ROC 0.8385 PR 0.5968 | valAUC 0.9951 | tau+ 0.676
[OUTPOST-v4] epoch 272: test-all ROC 0.8469 PR 0.6707 | unseen ROC 0.8290 PR 0.5913 | valAUC 0.9931 | tau+ 0.500
[OUTPOST-v4] epoch 273: test-all ROC 0.8367 PR 0.6643 | unseen ROC 0.8176 PR 0.5840 | valAUC 0.9954 | tau+ 0.500
[OUTPOST-v4] epoch 274: test-all ROC 0.8340 PR 0.6585 | unseen ROC 0.8147 PR 0.5777 | valAUC 0.9925 | tau+ 0.500
[OUTPOST-v4] epoch 275: test-all ROC 0.8260 PR 0.6467 | unseen ROC 0.8058 PR 0.5649 | valAUC 0.9948 | tau+ 0.500
[OUTPOST-v4] epoch 276: test-all ROC 0.8260 PR 0.6479 | unseen ROC 0.8058 PR 0.5645 | valAUC 0.9925 | tau+ 0.500
[OUTPOST-v4] epoch 277: test-all ROC 0.8304 PR 0.6490 | unseen ROC 0.8107 PR 0.5656 | valAUC 0.9934 | tau+ 0.500
[OUTPOST-v4] epoch 278: test-all ROC 0.8453 PR 0.6610 | unseen ROC 0.8273 PR 0.5799 | valAUC 0.9911 | tau+ 0.544
[OUTPOST-v4] epoch 279: test-all ROC 0.8573 PR 0.6715 | unseen ROC 0.8408 PR 0.5919 | valAUC 0.9945 | tau+ 0.500
[OUTPOST-v4] epoch 280: test-all ROC 0.8453 PR 0.6649 | unseen ROC 0.8273 PR 0.5850 | valAUC 0.9920 | tau+ 0.618
[OUTPOST-v4] epoch 281: test-all ROC 0.8357 PR 0.6590 | unseen ROC 0.8167 PR 0.5800 | valAUC 0.9917 | tau+ 0.500
[OUTPOST-v4] epoch 282: test-all ROC 0.8289 PR 0.6534 | unseen ROC 0.8090 PR 0.5718 | valAUC 0.9937 | tau+ 0.500
[OUTPOST-v4] epoch 283: test-all ROC 0.8331 PR 0.6629 | unseen ROC 0.8136 PR 0.5836 | valAUC 0.9943 | tau+ 0.500
[OUTPOST-v4] epoch 284: test-all ROC 0.8352 PR 0.6634 | unseen ROC 0.8161 PR 0.5839 | valAUC 0.9934 | tau+ 0.500
[OUTPOST-v4] epoch 285: test-all ROC 0.8387 PR 0.6665 | unseen ROC 0.8199 PR 0.5873 | valAUC 0.9943 | tau+ 0.586
[OUTPOST-v4] epoch 286: test-all ROC 0.8462 PR 0.6718 | unseen ROC 0.8283 PR 0.5934 | valAUC 0.9931 | tau+ 0.500
[OUTPOST-v4] epoch 287: test-all ROC 0.8440 PR 0.6745 | unseen ROC 0.8257 PR 0.5968 | valAUC 0.9925 | tau+ 0.688
[OUTPOST-v4] epoch 288: test-all ROC 0.8424 PR 0.6680 | unseen ROC 0.8241 PR 0.5903 | valAUC 0.9954 | tau+ 0.621
[OUTPOST-v4] epoch 289: test-all ROC 0.8393 PR 0.6670 | unseen ROC 0.8206 PR 0.5874 | valAUC 0.9951 | tau+ 0.500
[OUTPOST-v4] epoch 290: test-all ROC 0.8384 PR 0.6671 | unseen ROC 0.8195 PR 0.5892 | valAUC 0.9934 | tau+ 0.500
[OUTPOST-v4] epoch 291: test-all ROC 0.8426 PR 0.6679 | unseen ROC 0.8243 PR 0.5889 | valAUC 0.9951 | tau+ 0.500
[OUTPOST-v4] epoch 292: test-all ROC 0.8554 PR 0.6792 | unseen ROC 0.8386 PR 0.6024 | valAUC 0.9937 | tau+ 0.607
[OUTPOST-v4] epoch 293: test-all ROC 0.8551 PR 0.6788 | unseen ROC 0.8382 PR 0.6018 | valAUC 0.9879 | tau+ 0.522
[OUTPOST-v4] epoch 294: test-all ROC 0.8571 PR 0.6765 | unseen ROC 0.8405 PR 0.5985 | valAUC 0.9945 | tau+ 0.649
[OUTPOST-v4] epoch 295: test-all ROC 0.8476 PR 0.6710 | unseen ROC 0.8299 PR 0.5929 | valAUC 0.9940 | tau+ 0.500
[OUTPOST-v4] epoch 296: test-all ROC 0.8471 PR 0.6683 | unseen ROC 0.8293 PR 0.5894 | valAUC 0.9934 | tau+ 0.500
[OUTPOST-v4] epoch 297: test-all ROC 0.8472 PR 0.6696 | unseen ROC 0.8294 PR 0.5918 | valAUC 0.9928 | tau+ 0.500
[OUTPOST-v4] epoch 298: test-all ROC 0.8461 PR 0.6684 | unseen ROC 0.8282 PR 0.5890 | valAUC 0.9931 | tau+ 0.500
[OUTPOST-v4] epoch 299: test-all ROC 0.8498 PR 0.6731 | unseen ROC 0.8324 PR 0.5964 | valAUC 0.9940 | tau+ 0.500
[OUTPOST-v4] epoch 300: test-all ROC 0.8435 PR 0.6683 | unseen ROC 0.8252 PR 0.5894 | valAUC 0.9925 | tau+ 0.500
[OUTPOST-v4] epoch 301: test-all ROC 0.8460 PR 0.6686 | unseen ROC 0.8281 PR 0.5901 | valAUC 0.9928 | tau+ 0.500
[OUTPOST-v4] epoch 302: test-all ROC 0.8465 PR 0.6768 | unseen ROC 0.8287 PR 0.6004 | valAUC 0.9951 | tau+ 0.500
[OUTPOST-v4] epoch 303: test-all ROC 0.8526 PR 0.6796 | unseen ROC 0.8355 PR 0.6027 | valAUC 0.9937 | tau+ 0.617
[OUTPOST-v4] epoch 304: test-all ROC 0.8505 PR 0.6814 | unseen ROC 0.8332 PR 0.6076 | valAUC 0.9940 | tau+ 0.500
[OUTPOST-v4] epoch 305: test-all ROC 0.8470 PR 0.6825 | unseen ROC 0.8291 PR 0.6073 | valAUC 0.9931 | tau+ 0.542
[OUTPOST-v4] epoch 306: test-all ROC 0.8451 PR 0.6781 | unseen ROC 0.8270 PR 0.6003 | valAUC 0.9940 | tau+ 0.500
[OUTPOST-v4] epoch 307: test-all ROC 0.8514 PR 0.6819 | unseen ROC 0.8341 PR 0.6071 | valAUC 0.9931 | tau+ 0.508
[OUTPOST-v4] epoch 308: test-all ROC 0.8579 PR 0.6855 | unseen ROC 0.8414 PR 0.6090 | valAUC 0.9951 | tau+ 0.700
[OUTPOST-v4] epoch 309: test-all ROC 0.8468 PR 0.6786 | unseen ROC 0.8290 PR 0.6023 | valAUC 0.9934 | tau+ 0.500
[OUTPOST-v4] epoch 310: test-all ROC 0.8381 PR 0.6697 | unseen ROC 0.8194 PR 0.5926 | valAUC 0.9948 | tau+ 0.500
[OUTPOST-v4] epoch 311: test-all ROC 0.8407 PR 0.6719 | unseen ROC 0.8222 PR 0.5938 | valAUC 0.9928 | tau+ 0.500
[OUTPOST-v4] epoch 312: test-all ROC 0.8378 PR 0.6674 | unseen ROC 0.8190 PR 0.5899 | valAUC 0.9908 | tau+ 0.500
[OUTPOST-v4] epoch 313: test-all ROC 0.8407 PR 0.6681 | unseen ROC 0.8222 PR 0.5904 | valAUC 0.9925 | tau+ 0.500
[OUTPOST-v4] epoch 314: test-all ROC 0.8585 PR 0.6836 | unseen ROC 0.8420 PR 0.6087 | valAUC 0.9937 | tau+ 0.662
[OUTPOST-v4] epoch 315: test-all ROC 0.8612 PR 0.6845 | unseen ROC 0.8452 PR 0.6092 | valAUC 0.9934 | tau+ 0.539
[OUTPOST-v4] epoch 316: test-all ROC 0.8548 PR 0.6799 | unseen ROC 0.8380 PR 0.6018 | valAUC 0.9937 | tau+ 0.576
[OUTPOST-v4] epoch 317: test-all ROC 0.8470 PR 0.6728 | unseen ROC 0.8293 PR 0.5949 | valAUC 0.9917 | tau+ 0.500
[OUTPOST-v4] epoch 318: test-all ROC 0.8432 PR 0.6733 | unseen ROC 0.8249 PR 0.5954 | valAUC 0.9911 | tau+ 0.500
[OUTPOST-v4] epoch 319: test-all ROC 0.8368 PR 0.6702 | unseen ROC 0.8179 PR 0.5921 | valAUC 0.9922 | tau+ 0.500
[OUTPOST-v4] epoch 320: test-all ROC 0.8494 PR 0.6779 | unseen ROC 0.8319 PR 0.6007 | valAUC 0.9925 | tau+ 0.500
[OUTPOST-v4] epoch 321: test-all ROC 0.8479 PR 0.6773 | unseen ROC 0.8302 PR 0.6000 | valAUC 0.9931 | tau+ 0.592
[OUTPOST-v4] epoch 322: test-all ROC 0.8512 PR 0.6816 | unseen ROC 0.8339 PR 0.6071 | valAUC 0.9940 | tau+ 0.650
[OUTPOST-v4] epoch 323: test-all ROC 0.8382 PR 0.6712 | unseen ROC 0.8193 PR 0.5948 | valAUC 0.9931 | tau+ 0.605
[OUTPOST-v4] epoch 324: test-all ROC 0.8293 PR 0.6681 | unseen ROC 0.8094 PR 0.5909 | valAUC 0.9937 | tau+ 0.500
[OUTPOST-v4] epoch 325: test-all ROC 0.8354 PR 0.6768 | unseen ROC 0.8162 PR 0.6007 | valAUC 0.9943 | tau+ 0.512
[OUTPOST-v4] epoch 326: test-all ROC 0.8486 PR 0.6881 | unseen ROC 0.8310 PR 0.6147 | valAUC 0.9928 | tau+ 0.623
[OUTPOST-v4] epoch 327: test-all ROC 0.8517 PR 0.6894 | unseen ROC 0.8344 PR 0.6165 | valAUC 0.9940 | tau+ 0.758
[OUTPOST-v4] epoch 328: test-all ROC 0.8499 PR 0.6878 | unseen ROC 0.8325 PR 0.6147 | valAUC 0.9945 | tau+ 0.633
[OUTPOST-v4] epoch 329: test-all ROC 0.8362 PR 0.6741 | unseen ROC 0.8171 PR 0.5989 | valAUC 0.9911 | tau+ 0.500
[OUTPOST-v4] epoch 330: test-all ROC 0.8310 PR 0.6690 | unseen ROC 0.8113 PR 0.5906 | valAUC 0.9931 | tau+ 0.500
[OUTPOST-v4] epoch 331: test-all ROC 0.8388 PR 0.6704 | unseen ROC 0.8201 PR 0.5933 | valAUC 0.9934 | tau+ 0.500
[OUTPOST-v4] epoch 332: test-all ROC 0.8488 PR 0.6812 | unseen ROC 0.8312 PR 0.6063 | valAUC 0.9902 | tau+ 0.555
[OUTPOST-v4] epoch 333: test-all ROC 0.8483 PR 0.6792 | unseen ROC 0.8308 PR 0.6037 | valAUC 0.9839 | tau+ 0.575
[OUTPOST-v4] epoch 334: test-all ROC 0.8367 PR 0.6702 | unseen ROC 0.8177 PR 0.5913 | valAUC 0.9943 | tau+ 0.500
[OUTPOST-v4] epoch 335: test-all ROC 0.8327 PR 0.6675 | unseen ROC 0.8133 PR 0.5892 | valAUC 0.9931 | tau+ 0.500
[OUTPOST-v4] epoch 336: test-all ROC 0.8321 PR 0.6686 | unseen ROC 0.8127 PR 0.5905 | valAUC 0.9940 | tau+ 0.500
[OUTPOST-v4] epoch 337: test-all ROC 0.8410 PR 0.6771 | unseen ROC 0.8226 PR 0.5994 | valAUC 0.9948 | tau+ 0.556
[OUTPOST-v4] epoch 338: test-all ROC 0.8464 PR 0.6840 | unseen ROC 0.8286 PR 0.6093 | valAUC 0.9922 | tau+ 0.606
[OUTPOST-v4] epoch 339: test-all ROC 0.8404 PR 0.6806 | unseen ROC 0.8218 PR 0.6043 | valAUC 0.9931 | tau+ 0.500
[OUTPOST-v4] epoch 340: test-all ROC 0.8367 PR 0.6798 | unseen ROC 0.8177 PR 0.6039 | valAUC 0.9945 | tau+ 0.500
[OUTPOST-v4] epoch 341: test-all ROC 0.8380 PR 0.6829 | unseen ROC 0.8191 PR 0.6087 | valAUC 0.9931 | tau+ 0.500
[OUTPOST-v4] epoch 342: test-all ROC 0.8372 PR 0.6801 | unseen ROC 0.8183 PR 0.6036 | valAUC 0.9937 | tau+ 0.500
[OUTPOST-v4] epoch 343: test-all ROC 0.8355 PR 0.6822 | unseen ROC 0.8165 PR 0.6088 | valAUC 0.9945 | tau+ 0.500
[OUTPOST-v4] epoch 344: test-all ROC 0.8435 PR 0.6871 | unseen ROC 0.8252 PR 0.6124 | valAUC 0.9925 | tau+ 0.650
[OUTPOST-v4] epoch 345: test-all ROC 0.8370 PR 0.6819 | unseen ROC 0.8181 PR 0.6078 | valAUC 0.9945 | tau+ 0.523
[OUTPOST-v4] epoch 346: test-all ROC 0.8267 PR 0.6720 | unseen ROC 0.8065 PR 0.5952 | valAUC 0.9917 | tau+ 0.500
[OUTPOST-v4] epoch 347: test-all ROC 0.8303 PR 0.6725 | unseen ROC 0.8105 PR 0.5952 | valAUC 0.9945 | tau+ 0.500
[OUTPOST-v4] epoch 348: test-all ROC 0.8310 PR 0.6738 | unseen ROC 0.8113 PR 0.5980 | valAUC 0.9934 | tau+ 0.500
[OUTPOST-v4] epoch 349: test-all ROC 0.8360 PR 0.6734 | unseen ROC 0.8168 PR 0.5964 | valAUC 0.9922 | tau+ 0.500
[OUTPOST-v4] epoch 350: test-all ROC 0.8394 PR 0.6824 | unseen ROC 0.8207 PR 0.6086 | valAUC 0.9917 | tau+ 0.654
[OUTPOST-v4] epoch 351: test-all ROC 0.8410 PR 0.6807 | unseen ROC 0.8225 PR 0.6046 | valAUC 0.9943 | tau+ 0.500
[OUTPOST-v4] epoch 352: test-all ROC 0.8467 PR 0.6844 | unseen ROC 0.8288 PR 0.6101 | valAUC 0.9917 | tau+ 0.655
[OUTPOST-v4] epoch 353: test-all ROC 0.8514 PR 0.6897 | unseen ROC 0.8342 PR 0.6159 | valAUC 0.9945 | tau+ 0.621
[OUTPOST-v4] epoch 354: test-all ROC 0.8379 PR 0.6777 | unseen ROC 0.8191 PR 0.6013 | valAUC 0.9922 | tau+ 0.605
[OUTPOST-v4] epoch 355: test-all ROC 0.8352 PR 0.6750 | unseen ROC 0.8161 PR 0.5984 | valAUC 0.9934 | tau+ 0.500
[OUTPOST-v4] epoch 356: test-all ROC 0.8307 PR 0.6745 | unseen ROC 0.8111 PR 0.5988 | valAUC 0.9917 | tau+ 0.500
[OUTPOST-v4] epoch 357: test-all ROC 0.8361 PR 0.6795 | unseen ROC 0.8171 PR 0.6039 | valAUC 0.9928 | tau+ 0.500
[OUTPOST-v4] epoch 358: test-all ROC 0.8382 PR 0.6882 | unseen ROC 0.8194 PR 0.6163 | valAUC 0.9868 | tau+ 0.500
[OUTPOST-v4] epoch 359: test-all ROC 0.8511 PR 0.6948 | unseen ROC 0.8338 PR 0.6230 | valAUC 0.9925 | tau+ 0.708
[OUTPOST-v4] epoch 360: test-all ROC 0.8434 PR 0.6882 | unseen ROC 0.8252 PR 0.6156 | valAUC 0.9945 | tau+ 0.500
[OUTPOST-v4] epoch 361: test-all ROC 0.8301 PR 0.6782 | unseen ROC 0.8104 PR 0.6023 | valAUC 0.9917 | tau+ 0.500
[OUTPOST-v4] epoch 362: test-all ROC 0.8228 PR 0.6727 | unseen ROC 0.8023 PR 0.5966 | valAUC 0.9940 | tau+ 0.500
[OUTPOST-v4] epoch 363: test-all ROC 0.8219 PR 0.6718 | unseen ROC 0.8012 PR 0.5965 | valAUC 0.9934 | tau+ 0.500
[OUTPOST-v4] epoch 364: test-all ROC 0.8330 PR 0.6825 | unseen ROC 0.8137 PR 0.6088 | valAUC 0.9925 | tau+ 0.530
[OUTPOST-v4] epoch 365: test-all ROC 0.8338 PR 0.6836 | unseen ROC 0.8145 PR 0.6099 | valAUC 0.9922 | tau+ 0.578
[OUTPOST-v4] epoch 366: test-all ROC 0.8344 PR 0.6840 | unseen ROC 0.8151 PR 0.6112 | valAUC 0.9937 | tau+ 0.648
[OUTPOST-v4] epoch 367: test-all ROC 0.8277 PR 0.6788 | unseen ROC 0.8077 PR 0.6043 | valAUC 0.9917 | tau+ 0.500
[OUTPOST-v4] epoch 368: test-all ROC 0.8358 PR 0.6847 | unseen ROC 0.8167 PR 0.6109 | valAUC 0.9928 | tau+ 0.752
[OUTPOST-v4] epoch 369: test-all ROC 0.8390 PR 0.6857 | unseen ROC 0.8204 PR 0.6120 | valAUC 0.9940 | tau+ 0.500
[OUTPOST-v4] epoch 370: test-all ROC 0.8408 PR 0.6852 | unseen ROC 0.8223 PR 0.6106 | valAUC 0.9951 | tau+ 0.500
[OUTPOST-v4] epoch 371: test-all ROC 0.8427 PR 0.6826 | unseen ROC 0.8245 PR 0.6076 | valAUC 0.9943 | tau+ 0.500
[OUTPOST-v4] epoch 372: test-all ROC 0.8381 PR 0.6781 | unseen ROC 0.8193 PR 0.6022 | valAUC 0.9940 | tau+ 0.500
[OUTPOST-v4] epoch 373: test-all ROC 0.8389 PR 0.6784 | unseen ROC 0.8202 PR 0.6022 | valAUC 0.9937 | tau+ 0.500
[OUTPOST-v4] epoch 374: test-all ROC 0.8435 PR 0.6823 | unseen ROC 0.8253 PR 0.6080 | valAUC 0.9914 | tau+ 0.500
[OUTPOST-v4] epoch 375: test-all ROC 0.8485 PR 0.6887 | unseen ROC 0.8310 PR 0.6152 | valAUC 0.9934 | tau+ 0.632
[OUTPOST-v4] epoch 376: test-all ROC 0.8401 PR 0.6833 | unseen ROC 0.8216 PR 0.6079 | valAUC 0.9905 | tau+ 0.562
[OUTPOST-v4] epoch 377: test-all ROC 0.8417 PR 0.6828 | unseen ROC 0.8233 PR 0.6073 | valAUC 0.9925 | tau+ 0.500
[OUTPOST-v4] epoch 378: test-all ROC 0.8460 PR 0.6906 | unseen ROC 0.8281 PR 0.6179 | valAUC 0.9940 | tau+ 0.500
[OUTPOST-v4] epoch 379: test-all ROC 0.8459 PR 0.6908 | unseen ROC 0.8279 PR 0.6183 | valAUC 0.9928 | tau+ 0.574
[OUTPOST-v4] epoch 380: test-all ROC 0.8490 PR 0.6906 | unseen ROC 0.8314 PR 0.6163 | valAUC 0.9914 | tau+ 0.622
[OUTPOST-v4] epoch 381: test-all ROC 0.8487 PR 0.6911 | unseen ROC 0.8312 PR 0.6190 | valAUC 0.9902 | tau+ 0.520
[OUTPOST-v4] epoch 382: test-all ROC 0.8490 PR 0.6908 | unseen ROC 0.8315 PR 0.6181 | valAUC 0.9934 | tau+ 0.611
[OUTPOST-v4] epoch 383: test-all ROC 0.8485 PR 0.6918 | unseen ROC 0.8309 PR 0.6206 | valAUC 0.9928 | tau+ 0.500
[OUTPOST-v4] epoch 384: test-all ROC 0.8563 PR 0.6977 | unseen ROC 0.8396 PR 0.6258 | valAUC 0.9925 | tau+ 0.669
[OUTPOST-v4] epoch 385: test-all ROC 0.8518 PR 0.6928 | unseen ROC 0.8346 PR 0.6200 | valAUC 0.9894 | tau+ 0.706
[OUTPOST-v4] epoch 386: test-all ROC 0.8425 PR 0.6838 | unseen ROC 0.8243 PR 0.6100 | valAUC 0.9911 | tau+ 0.500
[OUTPOST-v4] epoch 387: test-all ROC 0.8325 PR 0.6778 | unseen ROC 0.8131 PR 0.6028 | valAUC 0.9914 | tau+ 0.500
[OUTPOST-v4] epoch 388: test-all ROC 0.8315 PR 0.6761 | unseen ROC 0.8119 PR 0.6003 | valAUC 0.9897 | tau+ 0.500
[OUTPOST-v4] epoch 389: test-all ROC 0.8380 PR 0.6783 | unseen ROC 0.8192 PR 0.6017 | valAUC 0.9925 | tau+ 0.500
[OUTPOST-v4] epoch 390: test-all ROC 0.8456 PR 0.6854 | unseen ROC 0.8277 PR 0.6104 | valAUC 0.9945 | tau+ 0.676
[OUTPOST-v4] epoch 391: test-all ROC 0.8450 PR 0.6905 | unseen ROC 0.8270 PR 0.6174 | valAUC 0.9897 | tau+ 0.665
[OUTPOST-v4] epoch 392: test-all ROC 0.8418 PR 0.6855 | unseen ROC 0.8235 PR 0.6106 | valAUC 0.9897 | tau+ 0.507
[OUTPOST-v4] epoch 393: test-all ROC 0.8334 PR 0.6784 | unseen ROC 0.8141 PR 0.6024 | valAUC 0.9931 | tau+ 0.500
[OUTPOST-v4] epoch 394: test-all ROC 0.8316 PR 0.6809 | unseen ROC 0.8120 PR 0.6067 | valAUC 0.9928 | tau+ 0.697
[OUTPOST-v4] epoch 395: test-all ROC 0.8309 PR 0.6791 | unseen ROC 0.8113 PR 0.6053 | valAUC 0.9943 | tau+ 0.500
[OUTPOST-v4] epoch 396: test-all ROC 0.8416 PR 0.6903 | unseen ROC 0.8232 PR 0.6183 | valAUC 0.9937 | tau+ 0.500
[OUTPOST-v4] epoch 397: test-all ROC 0.8497 PR 0.6965 | unseen ROC 0.8322 PR 0.6255 | valAUC 0.9920 | tau+ 0.619
[OUTPOST-v4] epoch 398: test-all ROC 0.8531 PR 0.6996 | unseen ROC 0.8360 PR 0.6295 | valAUC 0.9928 | tau+ 0.620
[OUTPOST-v4] epoch 399: test-all ROC 0.8565 PR 0.7022 | unseen ROC 0.8399 PR 0.6323 | valAUC 0.9928 | tau+ 0.511
  rotation 9: ROC 0.8703 PR 0.7022
[computers] params 54401, peak GPU 4.63 GB, 23.4 min total
[computers] ran 1/5 rotations; no results.csv row written. Merge the shards with:
    python analysis/scripts/merge_rotations.py
