# gpu=3 cmd=/usr/bin/python3 -u main.py --dataset computers --seed 1 --method outpost --tag E400_T_lambda_un1.5 --rotations 6 --set lambda_un=1.5 num_epochs=400 --save-scores
/nas/home/jahin/.local/lib/python3.10/site-packages/requests/__init__.py:113: RequestsDependencyWarning: urllib3 (1.26.5) or chardet (7.2.0)/charset_normalizer (3.4.4) doesn't match a supported version!
  warnings.warn(
[0.03170448 0.15575916 0.10282141 0.03941245 0.37507272 0.02239674
 0.03541303 0.05948226 0.1567772  0.02116056]
[computers] anomaly classes (rotations): [np.int64(0), np.int64(3), np.int64(5), np.int64(6), np.int64(9)]
[computers] running subset: [np.int64(6)]
Normal classes: [np.int64(1), np.int64(2), np.int64(4), np.int64(7), np.int64(8)] in computers
Building multi-layer GraphSage
[OUTPOST-v4] epoch 0: test-all ROC 0.4584 PR 0.1397 | unseen ROC 0.5206 PR 0.1291 | valAUC 0.2175 | tau+ 0.500
[OUTPOST-v4] epoch 1: test-all ROC 0.4599 PR 0.1398 | unseen ROC 0.5227 PR 0.1293 | valAUC 0.2365 | tau+ 0.500
[OUTPOST-v4] epoch 2: test-all ROC 0.4586 PR 0.1394 | unseen ROC 0.5206 PR 0.1288 | valAUC 0.2345 | tau+ 0.500
[OUTPOST-v4] epoch 3: test-all ROC 0.4634 PR 0.1409 | unseen ROC 0.5256 PR 0.1303 | valAUC 0.2471 | tau+ 0.500
[OUTPOST-v4] epoch 4: test-all ROC 0.4627 PR 0.1407 | unseen ROC 0.5247 PR 0.1302 | valAUC 0.2506 | tau+ 0.500
[OUTPOST-v4] epoch 5: test-all ROC 0.4636 PR 0.1411 | unseen ROC 0.5260 PR 0.1306 | valAUC 0.2583 | tau+ 0.500
[OUTPOST-v4] epoch 6: test-all ROC 0.4641 PR 0.1407 | unseen ROC 0.5259 PR 0.1301 | valAUC 0.2672 | tau+ 0.500
[OUTPOST-v4] epoch 7: test-all ROC 0.4664 PR 0.1414 | unseen ROC 0.5275 PR 0.1306 | valAUC 0.2693 | tau+ 0.500
[OUTPOST-v4] epoch 8: test-all ROC 0.4708 PR 0.1429 | unseen ROC 0.5284 PR 0.1312 | valAUC 0.2670 | tau+ 0.500
[OUTPOST-v4] epoch 9: test-all ROC 0.4755 PR 0.1442 | unseen ROC 0.5308 PR 0.1321 | valAUC 0.3118 | tau+ 0.500
[OUTPOST-v4] epoch 10: test-all ROC 0.4877 PR 0.1474 | unseen ROC 0.5330 PR 0.1327 | valAUC 0.3394 | tau+ 0.500
[OUTPOST-v4] epoch 11: test-all ROC 0.5200 PR 0.1571 | unseen ROC 0.5408 PR 0.1357 | valAUC 0.4017 | tau+ 0.500
[OUTPOST-v4] epoch 12: test-all ROC 0.5686 PR 0.1729 | unseen ROC 0.5816 PR 0.1486 | valAUC 0.4750 | tau+ 0.500
[OUTPOST-v4] epoch 13: test-all ROC 0.6287 PR 0.1978 | unseen ROC 0.6364 PR 0.1699 | valAUC 0.5592 | tau+ 0.500
[OUTPOST-v4] epoch 14: test-all ROC 0.6499 PR 0.2072 | unseen ROC 0.6576 PR 0.1801 | valAUC 0.6122 | tau+ 0.500
[OUTPOST-v4] epoch 15: test-all ROC 0.6649 PR 0.2166 | unseen ROC 0.6459 PR 0.1762 | valAUC 0.7569 | tau+ 0.500
[OUTPOST-v4] epoch 16: test-all ROC 0.6436 PR 0.2104 | unseen ROC 0.6078 PR 0.1588 | valAUC 0.7925 | tau+ 0.500
[OUTPOST-v4] epoch 17: test-all ROC 0.6245 PR 0.1954 | unseen ROC 0.5869 PR 0.1451 | valAUC 0.7532 | tau+ 0.500
[OUTPOST-v4] epoch 18: test-all ROC 0.6185 PR 0.1903 | unseen ROC 0.5745 PR 0.1394 | valAUC 0.7333 | tau+ 0.500
[OUTPOST-v4] epoch 19: test-all ROC 0.6120 PR 0.1904 | unseen ROC 0.5768 PR 0.1420 | valAUC 0.7279 | tau+ 0.500
[OUTPOST-v4] epoch 20: test-all ROC 0.6032 PR 0.1871 | unseen ROC 0.5740 PR 0.1418 | valAUC 0.7218 | tau+ 0.500
[OUTPOST-v4] epoch 21: test-all ROC 0.6158 PR 0.1950 | unseen ROC 0.5738 PR 0.1408 | valAUC 0.7333 | tau+ 0.500
[OUTPOST-v4] epoch 22: test-all ROC 0.6305 PR 0.2023 | unseen ROC 0.5790 PR 0.1455 | valAUC 0.7697 | tau+ 0.500
[OUTPOST-v4] epoch 23: test-all ROC 0.6383 PR 0.2061 | unseen ROC 0.5884 PR 0.1519 | valAUC 0.7474 | tau+ 0.500
[OUTPOST-v4] epoch 24: test-all ROC 0.6380 PR 0.2087 | unseen ROC 0.5782 PR 0.1396 | valAUC 0.8096 | tau+ 0.500
[OUTPOST-v4] epoch 25: test-all ROC 0.6329 PR 0.2056 | unseen ROC 0.5755 PR 0.1370 | valAUC 0.8293 | tau+ 0.500
[OUTPOST-v4] epoch 26: test-all ROC 0.6356 PR 0.2092 | unseen ROC 0.5729 PR 0.1342 | valAUC 0.8399 | tau+ 0.500
[OUTPOST-v4] epoch 27: test-all ROC 0.6451 PR 0.2338 | unseen ROC 0.5690 PR 0.1308 | valAUC 0.9193 | tau+ 0.500
[OUTPOST-v4] epoch 28: test-all ROC 0.6476 PR 0.2501 | unseen ROC 0.5715 PR 0.1316 | valAUC 0.9330 | tau+ 0.500
[OUTPOST-v4] epoch 29: test-all ROC 0.6290 PR 0.2388 | unseen ROC 0.5522 PR 0.1274 | valAUC 0.9170 | tau+ 0.500
[OUTPOST-v4] epoch 30: test-all ROC 0.6236 PR 0.2374 | unseen ROC 0.5469 PR 0.1270 | valAUC 0.9161 | tau+ 0.500
[OUTPOST-v4] epoch 31: test-all ROC 0.6189 PR 0.2386 | unseen ROC 0.5395 PR 0.1249 | valAUC 0.9195 | tau+ 0.500
[OUTPOST-v4] epoch 32: test-all ROC 0.6181 PR 0.2423 | unseen ROC 0.5376 PR 0.1247 | valAUC 0.9244 | tau+ 0.500
[OUTPOST-v4] epoch 33: test-all ROC 0.6158 PR 0.2415 | unseen ROC 0.5349 PR 0.1239 | valAUC 0.9356 | tau+ 0.500
[OUTPOST-v4] epoch 34: test-all ROC 0.6153 PR 0.2395 | unseen ROC 0.5335 PR 0.1235 | valAUC 0.9313 | tau+ 0.500
[OUTPOST-v4] epoch 35: test-all ROC 0.6187 PR 0.2423 | unseen ROC 0.5367 PR 0.1244 | valAUC 0.9284 | tau+ 0.500
[OUTPOST-v4] epoch 36: test-all ROC 0.6144 PR 0.2377 | unseen ROC 0.5321 PR 0.1231 | valAUC 0.9443 | tau+ 0.500
[OUTPOST-v4] epoch 37: test-all ROC 0.6124 PR 0.2396 | unseen ROC 0.5299 PR 0.1228 | valAUC 0.9253 | tau+ 0.500
[OUTPOST-v4] epoch 38: test-all ROC 0.6087 PR 0.2397 | unseen ROC 0.5258 PR 0.1222 | valAUC 0.9230 | tau+ 0.500
[OUTPOST-v4] epoch 39: test-all ROC 0.6052 PR 0.2396 | unseen ROC 0.5224 PR 0.1215 | valAUC 0.9313 | tau+ 0.500
[OUTPOST-v4] epoch 40: test-all ROC 0.6015 PR 0.2383 | unseen ROC 0.5185 PR 0.1209 | valAUC 0.9239 | tau+ 0.500
[OUTPOST-v4] epoch 41: test-all ROC 0.6025 PR 0.2372 | unseen ROC 0.5199 PR 0.1213 | valAUC 0.9230 | tau+ 0.500
[OUTPOST-v4] epoch 42: test-all ROC 0.6030 PR 0.2356 | unseen ROC 0.5211 PR 0.1217 | valAUC 0.9201 | tau+ 0.500
[OUTPOST-v4] epoch 43: test-all ROC 0.5974 PR 0.2358 | unseen ROC 0.5139 PR 0.1197 | valAUC 0.9158 | tau+ 0.500
[OUTPOST-v4] epoch 44: test-all ROC 0.5994 PR 0.2351 | unseen ROC 0.5174 PR 0.1209 | valAUC 0.9129 | tau+ 0.500
[OUTPOST-v4] epoch 45: test-all ROC 0.6010 PR 0.2322 | unseen ROC 0.5196 PR 0.1210 | valAUC 0.9193 | tau+ 0.500
[OUTPOST-v4] epoch 46: test-all ROC 0.6045 PR 0.2374 | unseen ROC 0.5216 PR 0.1214 | valAUC 0.9293 | tau+ 0.500
[OUTPOST-v4] epoch 47: test-all ROC 0.6058 PR 0.2377 | unseen ROC 0.5226 PR 0.1212 | valAUC 0.9351 | tau+ 0.500
[OUTPOST-v4] epoch 48: test-all ROC 0.6128 PR 0.2420 | unseen ROC 0.5302 PR 0.1230 | valAUC 0.9417 | tau+ 0.500
[OUTPOST-v4] epoch 49: test-all ROC 0.6120 PR 0.2407 | unseen ROC 0.5289 PR 0.1225 | valAUC 0.9374 | tau+ 0.500
[OUTPOST-v4] epoch 50: test-all ROC 0.6161 PR 0.2448 | unseen ROC 0.5332 PR 0.1234 | valAUC 0.9376 | tau+ 0.500
[OUTPOST-v4] epoch 51: test-all ROC 0.6159 PR 0.2424 | unseen ROC 0.5331 PR 0.1231 | valAUC 0.9388 | tau+ 0.500
[OUTPOST-v4] epoch 52: test-all ROC 0.6194 PR 0.2428 | unseen ROC 0.5373 PR 0.1241 | valAUC 0.9434 | tau+ 0.500
[OUTPOST-v4] epoch 53: test-all ROC 0.6175 PR 0.2449 | unseen ROC 0.5345 PR 0.1234 | valAUC 0.9431 | tau+ 0.500
[OUTPOST-v4] epoch 54: test-all ROC 0.6202 PR 0.2460 | unseen ROC 0.5385 PR 0.1246 | valAUC 0.9431 | tau+ 0.500
[OUTPOST-v4] epoch 55: test-all ROC 0.6194 PR 0.2449 | unseen ROC 0.5371 PR 0.1237 | valAUC 0.9379 | tau+ 0.500
[OUTPOST-v4] epoch 56: test-all ROC 0.6238 PR 0.2456 | unseen ROC 0.5417 PR 0.1248 | valAUC 0.9520 | tau+ 0.500
[OUTPOST-v4] epoch 57: test-all ROC 0.6305 PR 0.2487 | unseen ROC 0.5488 PR 0.1262 | valAUC 0.9511 | tau+ 0.500
[OUTPOST-v4] epoch 58: test-all ROC 0.6351 PR 0.2475 | unseen ROC 0.5541 PR 0.1270 | valAUC 0.9566 | tau+ 0.500
[OUTPOST-v4] epoch 59: test-all ROC 0.6340 PR 0.2498 | unseen ROC 0.5524 PR 0.1265 | valAUC 0.9563 | tau+ 0.500
[OUTPOST-v4] epoch 60: test-all ROC 0.6335 PR 0.2493 | unseen ROC 0.5518 PR 0.1264 | valAUC 0.9580 | tau+ 0.500
[OUTPOST-v4] epoch 61: test-all ROC 0.6363 PR 0.2516 | unseen ROC 0.5550 PR 0.1271 | valAUC 0.9601 | tau+ 0.500
[OUTPOST-v4] epoch 62: test-all ROC 0.6389 PR 0.2505 | unseen ROC 0.5578 PR 0.1276 | valAUC 0.9589 | tau+ 0.500
[OUTPOST-v4] epoch 63: test-all ROC 0.6423 PR 0.2528 | unseen ROC 0.5617 PR 0.1285 | valAUC 0.9549 | tau+ 0.500
[OUTPOST-v4] epoch 64: test-all ROC 0.6466 PR 0.2527 | unseen ROC 0.5667 PR 0.1294 | valAUC 0.9566 | tau+ 0.500
[OUTPOST-v4] epoch 65: test-all ROC 0.6478 PR 0.2524 | unseen ROC 0.5676 PR 0.1295 | valAUC 0.9635 | tau+ 0.500
[OUTPOST-v4] epoch 66: test-all ROC 0.6472 PR 0.2511 | unseen ROC 0.5672 PR 0.1295 | valAUC 0.9626 | tau+ 0.500
[OUTPOST-v4] epoch 67: test-all ROC 0.6437 PR 0.2520 | unseen ROC 0.5634 PR 0.1287 | valAUC 0.9563 | tau+ 0.539
[OUTPOST-v4] epoch 68: test-all ROC 0.6455 PR 0.2507 | unseen ROC 0.5653 PR 0.1289 | valAUC 0.9672 | tau+ 0.556
[OUTPOST-v4] epoch 69: test-all ROC 0.6472 PR 0.2513 | unseen ROC 0.5668 PR 0.1290 | valAUC 0.9687 | tau+ 0.573
[OUTPOST-v4] epoch 70: test-all ROC 0.6497 PR 0.2496 | unseen ROC 0.5694 PR 0.1294 | valAUC 0.9704 | tau+ 0.548
[OUTPOST-v4] epoch 71: test-all ROC 0.6499 PR 0.2481 | unseen ROC 0.5692 PR 0.1293 | valAUC 0.9698 | tau+ 0.543
[OUTPOST-v4] epoch 72: test-all ROC 0.6494 PR 0.2525 | unseen ROC 0.5686 PR 0.1293 | valAUC 0.9655 | tau+ 0.601
[OUTPOST-v4] epoch 73: test-all ROC 0.6526 PR 0.2541 | unseen ROC 0.5729 PR 0.1305 | valAUC 0.9661 | tau+ 0.679
[OUTPOST-v4] epoch 74: test-all ROC 0.6518 PR 0.2523 | unseen ROC 0.5720 PR 0.1300 | valAUC 0.9649 | tau+ 0.706
[OUTPOST-v4] epoch 75: test-all ROC 0.6510 PR 0.2493 | unseen ROC 0.5706 PR 0.1295 | valAUC 0.9684 | tau+ 0.666
[OUTPOST-v4] epoch 76: test-all ROC 0.6496 PR 0.2438 | unseen ROC 0.5685 PR 0.1287 | valAUC 0.9721 | tau+ 0.611
[OUTPOST-v4] epoch 77: test-all ROC 0.6486 PR 0.2477 | unseen ROC 0.5672 PR 0.1285 | valAUC 0.9718 | tau+ 0.645
[OUTPOST-v4] epoch 78: test-all ROC 0.6512 PR 0.2494 | unseen ROC 0.5706 PR 0.1295 | valAUC 0.9695 | tau+ 0.741
[OUTPOST-v4] epoch 79: test-all ROC 0.6498 PR 0.2521 | unseen ROC 0.5690 PR 0.1292 | valAUC 0.9672 | tau+ 0.836
[OUTPOST-v4] epoch 80: test-all ROC 0.6503 PR 0.2502 | unseen ROC 0.5694 PR 0.1291 | valAUC 0.9713 | tau+ 0.838
[OUTPOST-v4] epoch 81: test-all ROC 0.6479 PR 0.2421 | unseen ROC 0.5664 PR 0.1282 | valAUC 0.9721 | tau+ 0.695
[OUTPOST-v4] epoch 82: test-all ROC 0.6453 PR 0.2401 | unseen ROC 0.5631 PR 0.1274 | valAUC 0.9693 | tau+ 0.687
[OUTPOST-v4] epoch 83: test-all ROC 0.6480 PR 0.2433 | unseen ROC 0.5665 PR 0.1284 | valAUC 0.9693 | tau+ 0.827
[OUTPOST-v4] epoch 84: test-all ROC 0.6499 PR 0.2495 | unseen ROC 0.5687 PR 0.1289 | valAUC 0.9707 | tau+ 0.911
[OUTPOST-v4] epoch 85: test-all ROC 0.6495 PR 0.2465 | unseen ROC 0.5682 PR 0.1287 | valAUC 0.9678 | tau+ 0.900
[OUTPOST-v4] epoch 86: test-all ROC 0.6469 PR 0.2417 | unseen ROC 0.5649 PR 0.1280 | valAUC 0.9710 | tau+ 0.853
[OUTPOST-v4] epoch 87: test-all ROC 0.6465 PR 0.2397 | unseen ROC 0.5645 PR 0.1277 | valAUC 0.9678 | tau+ 0.755
[OUTPOST-v4] epoch 88: test-all ROC 0.6458 PR 0.2385 | unseen ROC 0.5638 PR 0.1275 | valAUC 0.9681 | tau+ 0.806
[OUTPOST-v4] epoch 89: test-all ROC 0.6464 PR 0.2413 | unseen ROC 0.5643 PR 0.1276 | valAUC 0.9695 | tau+ 0.876
[OUTPOST-v4] epoch 90: test-all ROC 0.6487 PR 0.2434 | unseen ROC 0.5673 PR 0.1285 | valAUC 0.9684 | tau+ 0.918
[OUTPOST-v4] epoch 91: test-all ROC 0.6491 PR 0.2466 | unseen ROC 0.5676 PR 0.1286 | valAUC 0.9693 | tau+ 0.918
[OUTPOST-v4] epoch 92: test-all ROC 0.6497 PR 0.2429 | unseen ROC 0.5685 PR 0.1288 | valAUC 0.9690 | tau+ 0.914
[OUTPOST-v4] epoch 93: test-all ROC 0.6490 PR 0.2423 | unseen ROC 0.5676 PR 0.1287 | valAUC 0.9681 | tau+ 0.873
[OUTPOST-v4] epoch 94: test-all ROC 0.6490 PR 0.2403 | unseen ROC 0.5676 PR 0.1287 | valAUC 0.9736 | tau+ 0.833
[OUTPOST-v4] epoch 95: test-all ROC 0.6519 PR 0.2432 | unseen ROC 0.5711 PR 0.1296 | valAUC 0.9693 | tau+ 0.889
[OUTPOST-v4] epoch 96: test-all ROC 0.6529 PR 0.2416 | unseen ROC 0.5724 PR 0.1300 | valAUC 0.9704 | tau+ 0.890
[OUTPOST-v4] epoch 97: test-all ROC 0.6553 PR 0.2426 | unseen ROC 0.5756 PR 0.1310 | valAUC 0.9733 | tau+ 0.897
[OUTPOST-v4] epoch 98: test-all ROC 0.6547 PR 0.2429 | unseen ROC 0.5747 PR 0.1307 | valAUC 0.9690 | tau+ 0.885
[OUTPOST-v4] epoch 99: test-all ROC 0.6556 PR 0.2435 | unseen ROC 0.5757 PR 0.1309 | valAUC 0.9727 | tau+ 0.883
[OUTPOST-v4] epoch 100: test-all ROC 0.6585 PR 0.2446 | unseen ROC 0.5793 PR 0.1319 | valAUC 0.9727 | tau+ 0.908
[OUTPOST-v4] epoch 101: test-all ROC 0.6571 PR 0.2435 | unseen ROC 0.5775 PR 0.1315 | valAUC 0.9739 | tau+ 0.842
[OUTPOST-v4] epoch 102: test-all ROC 0.6566 PR 0.2417 | unseen ROC 0.5772 PR 0.1313 | valAUC 0.9718 | tau+ 0.717
[OUTPOST-v4] epoch 103: test-all ROC 0.6568 PR 0.2454 | unseen ROC 0.5772 PR 0.1313 | valAUC 0.9716 | tau+ 0.839
[OUTPOST-v4] epoch 104: test-all ROC 0.6582 PR 0.2456 | unseen ROC 0.5787 PR 0.1317 | valAUC 0.9718 | tau+ 0.927
[OUTPOST-v4] epoch 105: test-all ROC 0.6560 PR 0.2457 | unseen ROC 0.5760 PR 0.1309 | valAUC 0.9773 | tau+ 0.902
[OUTPOST-v4] epoch 106: test-all ROC 0.6577 PR 0.2449 | unseen ROC 0.5781 PR 0.1317 | valAUC 0.9750 | tau+ 0.866
[OUTPOST-v4] epoch 107: test-all ROC 0.6571 PR 0.2474 | unseen ROC 0.5773 PR 0.1314 | valAUC 0.9693 | tau+ 0.865
[OUTPOST-v4] epoch 108: test-all ROC 0.6584 PR 0.2482 | unseen ROC 0.5789 PR 0.1318 | valAUC 0.9716 | tau+ 0.863
[OUTPOST-v4] epoch 109: test-all ROC 0.6607 PR 0.2491 | unseen ROC 0.5816 PR 0.1326 | valAUC 0.9727 | tau+ 0.840
[OUTPOST-v4] epoch 110: test-all ROC 0.6617 PR 0.2502 | unseen ROC 0.5829 PR 0.1330 | valAUC 0.9718 | tau+ 0.829
[OUTPOST-v4] epoch 111: test-all ROC 0.6612 PR 0.2505 | unseen ROC 0.5823 PR 0.1328 | valAUC 0.9698 | tau+ 0.821
[OUTPOST-v4] epoch 112: test-all ROC 0.6624 PR 0.2507 | unseen ROC 0.5837 PR 0.1331 | valAUC 0.9761 | tau+ 0.784
[OUTPOST-v4] epoch 113: test-all ROC 0.6619 PR 0.2533 | unseen ROC 0.5830 PR 0.1330 | valAUC 0.9716 | tau+ 0.866
[OUTPOST-v4] epoch 114: test-all ROC 0.6633 PR 0.2539 | unseen ROC 0.5849 PR 0.1336 | valAUC 0.9695 | tau+ 0.925
[OUTPOST-v4] epoch 115: test-all ROC 0.6624 PR 0.2548 | unseen ROC 0.5837 PR 0.1331 | valAUC 0.9724 | tau+ 0.890
[OUTPOST-v4] epoch 116: test-all ROC 0.6643 PR 0.2556 | unseen ROC 0.5859 PR 0.1338 | valAUC 0.9733 | tau+ 0.857
[OUTPOST-v4] epoch 117: test-all ROC 0.6661 PR 0.2550 | unseen ROC 0.5882 PR 0.1345 | valAUC 0.9661 | tau+ 0.840
[OUTPOST-v4] epoch 118: test-all ROC 0.6654 PR 0.2568 | unseen ROC 0.5872 PR 0.1343 | valAUC 0.9747 | tau+ 0.796
[OUTPOST-v4] epoch 119: test-all ROC 0.6648 PR 0.2567 | unseen ROC 0.5866 PR 0.1340 | valAUC 0.9736 | tau+ 0.901
[OUTPOST-v4] epoch 120: test-all ROC 0.6651 PR 0.2576 | unseen ROC 0.5870 PR 0.1343 | valAUC 0.9693 | tau+ 0.907
[OUTPOST-v4] epoch 121: test-all ROC 0.6670 PR 0.2570 | unseen ROC 0.5894 PR 0.1349 | valAUC 0.9695 | tau+ 0.825
[OUTPOST-v4] epoch 122: test-all ROC 0.6676 PR 0.2558 | unseen ROC 0.5901 PR 0.1352 | valAUC 0.9730 | tau+ 0.701
[OUTPOST-v4] epoch 123: test-all ROC 0.6679 PR 0.2563 | unseen ROC 0.5903 PR 0.1353 | valAUC 0.9744 | tau+ 0.745
[OUTPOST-v4] epoch 124: test-all ROC 0.6696 PR 0.2566 | unseen ROC 0.5925 PR 0.1358 | valAUC 0.9739 | tau+ 0.777
[OUTPOST-v4] epoch 125: test-all ROC 0.6713 PR 0.2590 | unseen ROC 0.5945 PR 0.1365 | valAUC 0.9753 | tau+ 0.864
[OUTPOST-v4] epoch 126: test-all ROC 0.6722 PR 0.2577 | unseen ROC 0.5957 PR 0.1369 | valAUC 0.9727 | tau+ 0.770
[OUTPOST-v4] epoch 127: test-all ROC 0.6723 PR 0.2596 | unseen ROC 0.5956 PR 0.1368 | valAUC 0.9770 | tau+ 0.673
[OUTPOST-v4] epoch 128: test-all ROC 0.6737 PR 0.2602 | unseen ROC 0.5973 PR 0.1372 | valAUC 0.9707 | tau+ 0.793
[OUTPOST-v4] epoch 129: test-all ROC 0.6716 PR 0.2605 | unseen ROC 0.5947 PR 0.1365 | valAUC 0.9736 | tau+ 0.878
[OUTPOST-v4] epoch 130: test-all ROC 0.6725 PR 0.2608 | unseen ROC 0.5959 PR 0.1369 | valAUC 0.9713 | tau+ 0.858
[OUTPOST-v4] epoch 131: test-all ROC 0.6751 PR 0.2631 | unseen ROC 0.5989 PR 0.1378 | valAUC 0.9727 | tau+ 0.649
[OUTPOST-v4] epoch 132: test-all ROC 0.6730 PR 0.2614 | unseen ROC 0.5964 PR 0.1371 | valAUC 0.9716 | tau+ 0.699
[OUTPOST-v4] epoch 133: test-all ROC 0.6747 PR 0.2640 | unseen ROC 0.5984 PR 0.1378 | valAUC 0.9741 | tau+ 0.861
[OUTPOST-v4] epoch 134: test-all ROC 0.6755 PR 0.2622 | unseen ROC 0.5995 PR 0.1381 | valAUC 0.9724 | tau+ 0.833
[OUTPOST-v4] epoch 135: test-all ROC 0.6742 PR 0.2607 | unseen ROC 0.5979 PR 0.1377 | valAUC 0.9727 | tau+ 0.742
[OUTPOST-v4] epoch 136: test-all ROC 0.6763 PR 0.2628 | unseen ROC 0.6004 PR 0.1385 | valAUC 0.9716 | tau+ 0.672
[OUTPOST-v4] epoch 137: test-all ROC 0.6756 PR 0.2606 | unseen ROC 0.5996 PR 0.1382 | valAUC 0.9756 | tau+ 0.570
[OUTPOST-v4] epoch 138: test-all ROC 0.6757 PR 0.2638 | unseen ROC 0.5996 PR 0.1380 | valAUC 0.9782 | tau+ 0.766
[OUTPOST-v4] epoch 139: test-all ROC 0.6761 PR 0.2658 | unseen ROC 0.6001 PR 0.1382 | valAUC 0.9701 | tau+ 0.898
[OUTPOST-v4] epoch 140: test-all ROC 0.6737 PR 0.2632 | unseen ROC 0.5969 PR 0.1372 | valAUC 0.9707 | tau+ 0.819
[OUTPOST-v4] epoch 141: test-all ROC 0.6722 PR 0.2615 | unseen ROC 0.5951 PR 0.1366 | valAUC 0.9779 | tau+ 0.536
[OUTPOST-v4] epoch 142: test-all ROC 0.6744 PR 0.2626 | unseen ROC 0.5979 PR 0.1374 | valAUC 0.9790 | tau+ 0.673
[OUTPOST-v4] epoch 143: test-all ROC 0.6764 PR 0.2632 | unseen ROC 0.6007 PR 0.1384 | valAUC 0.9759 | tau+ 0.850
[OUTPOST-v4] epoch 144: test-all ROC 0.6794 PR 0.2666 | unseen ROC 0.6041 PR 0.1394 | valAUC 0.9761 | tau+ 0.813
[OUTPOST-v4] epoch 145: test-all ROC 0.6785 PR 0.2667 | unseen ROC 0.6029 PR 0.1391 | valAUC 0.9736 | tau+ 0.754
[OUTPOST-v4] epoch 146: test-all ROC 0.6806 PR 0.2662 | unseen ROC 0.6056 PR 0.1400 | valAUC 0.9764 | tau+ 0.594
[OUTPOST-v4] epoch 147: test-all ROC 0.6811 PR 0.2650 | unseen ROC 0.6062 PR 0.1403 | valAUC 0.9744 | tau+ 0.567
[OUTPOST-v4] epoch 148: test-all ROC 0.6794 PR 0.2679 | unseen ROC 0.6039 PR 0.1396 | valAUC 0.9730 | tau+ 0.791
[OUTPOST-v4] epoch 149: test-all ROC 0.6777 PR 0.2679 | unseen ROC 0.6018 PR 0.1389 | valAUC 0.9695 | tau+ 0.875
[OUTPOST-v4] epoch 150: test-all ROC 0.6775 PR 0.2683 | unseen ROC 0.6017 PR 0.1387 | valAUC 0.9721 | tau+ 0.861
[OUTPOST-v4] epoch 151: test-all ROC 0.6790 PR 0.2672 | unseen ROC 0.6035 PR 0.1395 | valAUC 0.9770 | tau+ 0.702
[OUTPOST-v4] epoch 152: test-all ROC 0.6812 PR 0.2690 | unseen ROC 0.6065 PR 0.1406 | valAUC 0.9736 | tau+ 0.661
[OUTPOST-v4] epoch 153: test-all ROC 0.6815 PR 0.2688 | unseen ROC 0.6067 PR 0.1403 | valAUC 0.9747 | tau+ 0.504
[OUTPOST-v4] epoch 154: test-all ROC 0.6811 PR 0.2695 | unseen ROC 0.6062 PR 0.1402 | valAUC 0.9739 | tau+ 0.816
[OUTPOST-v4] epoch 155: test-all ROC 0.6799 PR 0.2692 | unseen ROC 0.6045 PR 0.1397 | valAUC 0.9750 | tau+ 0.859
[OUTPOST-v4] epoch 156: test-all ROC 0.6819 PR 0.2694 | unseen ROC 0.6072 PR 0.1407 | valAUC 0.9730 | tau+ 0.906
[OUTPOST-v4] epoch 157: test-all ROC 0.6802 PR 0.2694 | unseen ROC 0.6049 PR 0.1397 | valAUC 0.9770 | tau+ 0.573
[OUTPOST-v4] epoch 158: test-all ROC 0.6801 PR 0.2687 | unseen ROC 0.6046 PR 0.1396 | valAUC 0.9753 | tau+ 0.500
[OUTPOST-v4] epoch 159: test-all ROC 0.6772 PR 0.2685 | unseen ROC 0.6010 PR 0.1385 | valAUC 0.9770 | tau+ 0.601
[OUTPOST-v4] epoch 160: test-all ROC 0.6773 PR 0.2694 | unseen ROC 0.6012 PR 0.1386 | valAUC 0.9693 | tau+ 0.837
[OUTPOST-v4] epoch 161: test-all ROC 0.6778 PR 0.2693 | unseen ROC 0.6018 PR 0.1387 | valAUC 0.9776 | tau+ 0.799
[OUTPOST-v4] epoch 162: test-all ROC 0.6813 PR 0.2737 | unseen ROC 0.6060 PR 0.1401 | valAUC 0.9747 | tau+ 0.798
[OUTPOST-v4] epoch 163: test-all ROC 0.6811 PR 0.2718 | unseen ROC 0.6057 PR 0.1400 | valAUC 0.9784 | tau+ 0.610
[OUTPOST-v4] epoch 164: test-all ROC 0.6815 PR 0.2708 | unseen ROC 0.6062 PR 0.1401 | valAUC 0.9759 | tau+ 0.500
[OUTPOST-v4] epoch 165: test-all ROC 0.6836 PR 0.2715 | unseen ROC 0.6091 PR 0.1412 | valAUC 0.9770 | tau+ 0.500
[OUTPOST-v4] epoch 166: test-all ROC 0.6809 PR 0.2708 | unseen ROC 0.6056 PR 0.1401 | valAUC 0.9741 | tau+ 0.624
[OUTPOST-v4] epoch 167: test-all ROC 0.6807 PR 0.2701 | unseen ROC 0.6055 PR 0.1400 | valAUC 0.9764 | tau+ 0.829
[OUTPOST-v4] epoch 168: test-all ROC 0.6834 PR 0.2731 | unseen ROC 0.6088 PR 0.1409 | valAUC 0.9787 | tau+ 0.845
[OUTPOST-v4] epoch 169: test-all ROC 0.6828 PR 0.2701 | unseen ROC 0.6083 PR 0.1408 | valAUC 0.9750 | tau+ 0.507
[OUTPOST-v4] epoch 170: test-all ROC 0.6807 PR 0.2722 | unseen ROC 0.6053 PR 0.1399 | valAUC 0.9773 | tau+ 0.601
[OUTPOST-v4] epoch 171: test-all ROC 0.6798 PR 0.2700 | unseen ROC 0.6043 PR 0.1394 | valAUC 0.9767 | tau+ 0.675
[OUTPOST-v4] epoch 172: test-all ROC 0.6803 PR 0.2708 | unseen ROC 0.6048 PR 0.1399 | valAUC 0.9721 | tau+ 0.500
[OUTPOST-v4] epoch 173: test-all ROC 0.6786 PR 0.2723 | unseen ROC 0.6026 PR 0.1391 | valAUC 0.9805 | tau+ 0.579
[OUTPOST-v4] epoch 174: test-all ROC 0.6785 PR 0.2729 | unseen ROC 0.6023 PR 0.1394 | valAUC 0.9759 | tau+ 0.740
[OUTPOST-v4] epoch 175: test-all ROC 0.6800 PR 0.2728 | unseen ROC 0.6041 PR 0.1397 | valAUC 0.9779 | tau+ 0.638
[OUTPOST-v4] epoch 176: test-all ROC 0.6805 PR 0.2734 | unseen ROC 0.6049 PR 0.1398 | valAUC 0.9779 | tau+ 0.500
[OUTPOST-v4] epoch 177: test-all ROC 0.6835 PR 0.2716 | unseen ROC 0.6088 PR 0.1409 | valAUC 0.9796 | tau+ 0.500
[OUTPOST-v4] epoch 178: test-all ROC 0.6826 PR 0.2713 | unseen ROC 0.6077 PR 0.1408 | valAUC 0.9730 | tau+ 0.500
[OUTPOST-v4] epoch 179: test-all ROC 0.6809 PR 0.2715 | unseen ROC 0.6053 PR 0.1397 | valAUC 0.9782 | tau+ 0.503
[OUTPOST-v4] epoch 180: test-all ROC 0.6827 PR 0.2728 | unseen ROC 0.6077 PR 0.1404 | valAUC 0.9744 | tau+ 0.763
[OUTPOST-v4] epoch 181: test-all ROC 0.6816 PR 0.2713 | unseen ROC 0.6063 PR 0.1402 | valAUC 0.9770 | tau+ 0.723
[OUTPOST-v4] epoch 182: test-all ROC 0.6820 PR 0.2747 | unseen ROC 0.6066 PR 0.1402 | valAUC 0.9747 | tau+ 0.650
[OUTPOST-v4] epoch 183: test-all ROC 0.6843 PR 0.2734 | unseen ROC 0.6098 PR 0.1413 | valAUC 0.9750 | tau+ 0.500
[OUTPOST-v4] epoch 184: test-all ROC 0.6812 PR 0.2734 | unseen ROC 0.6057 PR 0.1401 | valAUC 0.9750 | tau+ 0.606
[OUTPOST-v4] epoch 185: test-all ROC 0.6834 PR 0.2734 | unseen ROC 0.6085 PR 0.1408 | valAUC 0.9756 | tau+ 0.700
[OUTPOST-v4] epoch 186: test-all ROC 0.6828 PR 0.2762 | unseen ROC 0.6076 PR 0.1406 | valAUC 0.9790 | tau+ 0.578
[OUTPOST-v4] epoch 187: test-all ROC 0.6797 PR 0.2723 | unseen ROC 0.6039 PR 0.1395 | valAUC 0.9784 | tau+ 0.579
[OUTPOST-v4] epoch 188: test-all ROC 0.6815 PR 0.2736 | unseen ROC 0.6062 PR 0.1399 | valAUC 0.9787 | tau+ 0.571
[OUTPOST-v4] epoch 189: test-all ROC 0.6777 PR 0.2724 | unseen ROC 0.6013 PR 0.1386 | valAUC 0.9779 | tau+ 0.631
[OUTPOST-v4] epoch 190: test-all ROC 0.6794 PR 0.2756 | unseen ROC 0.6035 PR 0.1394 | valAUC 0.9787 | tau+ 0.500
[OUTPOST-v4] epoch 191: test-all ROC 0.6741 PR 0.2729 | unseen ROC 0.5966 PR 0.1371 | valAUC 0.9787 | tau+ 0.500
[OUTPOST-v4] epoch 192: test-all ROC 0.6767 PR 0.2727 | unseen ROC 0.6000 PR 0.1381 | valAUC 0.9736 | tau+ 0.854
[OUTPOST-v4] epoch 193: test-all ROC 0.6774 PR 0.2723 | unseen ROC 0.6009 PR 0.1384 | valAUC 0.9744 | tau+ 0.846
[OUTPOST-v4] epoch 194: test-all ROC 0.6728 PR 0.2749 | unseen ROC 0.5949 PR 0.1365 | valAUC 0.9813 | tau+ 0.653
[OUTPOST-v4] epoch 195: test-all ROC 0.6796 PR 0.2743 | unseen ROC 0.6035 PR 0.1390 | valAUC 0.9770 | tau+ 0.544
[OUTPOST-v4] epoch 196: test-all ROC 0.6790 PR 0.2731 | unseen ROC 0.6028 PR 0.1390 | valAUC 0.9787 | tau+ 0.610
[OUTPOST-v4] epoch 197: test-all ROC 0.6874 PR 0.2763 | unseen ROC 0.6134 PR 0.1425 | valAUC 0.9776 | tau+ 0.500
[OUTPOST-v4] epoch 198: test-all ROC 0.6867 PR 0.2738 | unseen ROC 0.6127 PR 0.1424 | valAUC 0.9744 | tau+ 0.500
[OUTPOST-v4] epoch 199: test-all ROC 0.6884 PR 0.2745 | unseen ROC 0.6148 PR 0.1430 | valAUC 0.9770 | tau+ 0.523
[OUTPOST-v4] epoch 200: test-all ROC 0.6897 PR 0.2769 | unseen ROC 0.6162 PR 0.1434 | valAUC 0.9770 | tau+ 0.500
[OUTPOST-v4] epoch 201: test-all ROC 0.6855 PR 0.2741 | unseen ROC 0.6112 PR 0.1417 | valAUC 0.9764 | tau+ 0.548
[OUTPOST-v4] epoch 202: test-all ROC 0.6887 PR 0.2758 | unseen ROC 0.6152 PR 0.1428 | valAUC 0.9779 | tau+ 0.718
[OUTPOST-v4] epoch 203: test-all ROC 0.6874 PR 0.2781 | unseen ROC 0.6133 PR 0.1422 | valAUC 0.9784 | tau+ 0.670
[OUTPOST-v4] epoch 204: test-all ROC 0.6885 PR 0.2759 | unseen ROC 0.6149 PR 0.1428 | valAUC 0.9816 | tau+ 0.548
[OUTPOST-v4] epoch 205: test-all ROC 0.6899 PR 0.2789 | unseen ROC 0.6165 PR 0.1434 | valAUC 0.9739 | tau+ 0.683
[OUTPOST-v4] epoch 206: test-all ROC 0.6932 PR 0.2800 | unseen ROC 0.6206 PR 0.1446 | valAUC 0.9759 | tau+ 0.500
[OUTPOST-v4] epoch 207: test-all ROC 0.6908 PR 0.2783 | unseen ROC 0.6177 PR 0.1436 | valAUC 0.9787 | tau+ 0.644
[OUTPOST-v4] epoch 208: test-all ROC 0.6912 PR 0.2803 | unseen ROC 0.6180 PR 0.1441 | valAUC 0.9793 | tau+ 0.547
[OUTPOST-v4] epoch 209: test-all ROC 0.6918 PR 0.2778 | unseen ROC 0.6190 PR 0.1442 | valAUC 0.9787 | tau+ 0.569
[OUTPOST-v4] epoch 210: test-all ROC 0.6892 PR 0.2754 | unseen ROC 0.6159 PR 0.1433 | valAUC 0.9784 | tau+ 0.702
[OUTPOST-v4] epoch 211: test-all ROC 0.6865 PR 0.2773 | unseen ROC 0.6121 PR 0.1419 | valAUC 0.9784 | tau+ 0.583
[OUTPOST-v4] epoch 212: test-all ROC 0.6784 PR 0.2747 | unseen ROC 0.6020 PR 0.1388 | valAUC 0.9816 | tau+ 0.500
[OUTPOST-v4] epoch 213: test-all ROC 0.6762 PR 0.2743 | unseen ROC 0.5992 PR 0.1382 | valAUC 0.9799 | tau+ 0.500
[OUTPOST-v4] epoch 214: test-all ROC 0.6753 PR 0.2764 | unseen ROC 0.5981 PR 0.1375 | valAUC 0.9802 | tau+ 0.500
[OUTPOST-v4] epoch 215: test-all ROC 0.6858 PR 0.2779 | unseen ROC 0.6114 PR 0.1416 | valAUC 0.9756 | tau+ 0.708
[OUTPOST-v4] epoch 216: test-all ROC 0.6864 PR 0.2777 | unseen ROC 0.6122 PR 0.1419 | valAUC 0.9796 | tau+ 0.760
[OUTPOST-v4] epoch 217: test-all ROC 0.6901 PR 0.2805 | unseen ROC 0.6166 PR 0.1434 | valAUC 0.9819 | tau+ 0.500
[OUTPOST-v4] epoch 218: test-all ROC 0.6937 PR 0.2813 | unseen ROC 0.6212 PR 0.1449 | valAUC 0.9782 | tau+ 0.500
[OUTPOST-v4] epoch 219: test-all ROC 0.6926 PR 0.2785 | unseen ROC 0.6200 PR 0.1443 | valAUC 0.9761 | tau+ 0.513
[OUTPOST-v4] epoch 220: test-all ROC 0.6921 PR 0.2774 | unseen ROC 0.6192 PR 0.1442 | valAUC 0.9779 | tau+ 0.613
[OUTPOST-v4] epoch 221: test-all ROC 0.6932 PR 0.2788 | unseen ROC 0.6207 PR 0.1448 | valAUC 0.9736 | tau+ 0.674
[OUTPOST-v4] epoch 222: test-all ROC 0.6929 PR 0.2796 | unseen ROC 0.6203 PR 0.1446 | valAUC 0.9782 | tau+ 0.553
[OUTPOST-v4] epoch 223: test-all ROC 0.6939 PR 0.2790 | unseen ROC 0.6217 PR 0.1451 | valAUC 0.9810 | tau+ 0.500
[OUTPOST-v4] epoch 224: test-all ROC 0.6938 PR 0.2803 | unseen ROC 0.6214 PR 0.1450 | valAUC 0.9782 | tau+ 0.500
[OUTPOST-v4] epoch 225: test-all ROC 0.6950 PR 0.2807 | unseen ROC 0.6227 PR 0.1453 | valAUC 0.9739 | tau+ 0.562
[OUTPOST-v4] epoch 226: test-all ROC 0.6931 PR 0.2808 | unseen ROC 0.6205 PR 0.1446 | valAUC 0.9773 | tau+ 0.712
[OUTPOST-v4] epoch 227: test-all ROC 0.6940 PR 0.2807 | unseen ROC 0.6217 PR 0.1450 | valAUC 0.9770 | tau+ 0.819
[OUTPOST-v4] epoch 228: test-all ROC 0.6879 PR 0.2804 | unseen ROC 0.6139 PR 0.1424 | valAUC 0.9810 | tau+ 0.500
[OUTPOST-v4] epoch 229: test-all ROC 0.6880 PR 0.2797 | unseen ROC 0.6142 PR 0.1425 | valAUC 0.9773 | tau+ 0.500
[OUTPOST-v4] epoch 230: test-all ROC 0.6849 PR 0.2779 | unseen ROC 0.6104 PR 0.1415 | valAUC 0.9799 | tau+ 0.500
[OUTPOST-v4] epoch 231: test-all ROC 0.6849 PR 0.2788 | unseen ROC 0.6100 PR 0.1413 | valAUC 0.9793 | tau+ 0.728
[OUTPOST-v4] epoch 232: test-all ROC 0.6809 PR 0.2773 | unseen ROC 0.6053 PR 0.1401 | valAUC 0.9761 | tau+ 0.500
[OUTPOST-v4] epoch 233: test-all ROC 0.6770 PR 0.2768 | unseen ROC 0.6002 PR 0.1384 | valAUC 0.9790 | tau+ 0.500
[OUTPOST-v4] epoch 234: test-all ROC 0.6717 PR 0.2734 | unseen ROC 0.5939 PR 0.1367 | valAUC 0.9776 | tau+ 0.500
[OUTPOST-v4] epoch 235: test-all ROC 0.6762 PR 0.2776 | unseen ROC 0.5992 PR 0.1383 | valAUC 0.9796 | tau+ 0.500
[OUTPOST-v4] epoch 236: test-all ROC 0.6830 PR 0.2799 | unseen ROC 0.6079 PR 0.1410 | valAUC 0.9813 | tau+ 0.500
[OUTPOST-v4] epoch 237: test-all ROC 0.6871 PR 0.2813 | unseen ROC 0.6130 PR 0.1424 | valAUC 0.9819 | tau+ 0.783
[OUTPOST-v4] epoch 238: test-all ROC 0.6889 PR 0.2830 | unseen ROC 0.6153 PR 0.1435 | valAUC 0.9796 | tau+ 0.701
[OUTPOST-v4] epoch 239: test-all ROC 0.6846 PR 0.2821 | unseen ROC 0.6099 PR 0.1415 | valAUC 0.9825 | tau+ 0.503
[OUTPOST-v4] epoch 240: test-all ROC 0.6876 PR 0.2811 | unseen ROC 0.6136 PR 0.1426 | valAUC 0.9782 | tau+ 0.500
[OUTPOST-v4] epoch 241: test-all ROC 0.6886 PR 0.2798 | unseen ROC 0.6149 PR 0.1428 | valAUC 0.9756 | tau+ 0.500
[OUTPOST-v4] epoch 242: test-all ROC 0.6929 PR 0.2844 | unseen ROC 0.6201 PR 0.1445 | valAUC 0.9796 | tau+ 0.509
[OUTPOST-v4] epoch 243: test-all ROC 0.6941 PR 0.2847 | unseen ROC 0.6216 PR 0.1451 | valAUC 0.9790 | tau+ 0.666
[OUTPOST-v4] epoch 244: test-all ROC 0.6901 PR 0.2824 | unseen ROC 0.6168 PR 0.1437 | valAUC 0.9796 | tau+ 0.500
[OUTPOST-v4] epoch 245: test-all ROC 0.6781 PR 0.2779 | unseen ROC 0.6017 PR 0.1391 | valAUC 0.9747 | tau+ 0.500
[OUTPOST-v4] epoch 246: test-all ROC 0.6530 PR 0.2700 | unseen ROC 0.5704 PR 0.1306 | valAUC 0.9753 | tau+ 0.500
[OUTPOST-v4] epoch 247: test-all ROC 0.6877 PR 0.2828 | unseen ROC 0.6136 PR 0.1424 | valAUC 0.9793 | tau+ 0.595
[OUTPOST-v4] epoch 248: test-all ROC 0.6939 PR 0.2851 | unseen ROC 0.6214 PR 0.1445 | valAUC 0.9787 | tau+ 0.925
[OUTPOST-v4] epoch 249: test-all ROC 0.6959 PR 0.2863 | unseen ROC 0.6239 PR 0.1452 | valAUC 0.9767 | tau+ 0.850
[OUTPOST-v4] epoch 250: test-all ROC 0.6966 PR 0.2841 | unseen ROC 0.6248 PR 0.1458 | valAUC 0.9767 | tau+ 0.688
[OUTPOST-v4] epoch 251: test-all ROC 0.7004 PR 0.2819 | unseen ROC 0.6299 PR 0.1476 | valAUC 0.9799 | tau+ 0.500
[OUTPOST-v4] epoch 252: test-all ROC 0.7026 PR 0.2855 | unseen ROC 0.6327 PR 0.1485 | valAUC 0.9759 | tau+ 0.500
[OUTPOST-v4] epoch 253: test-all ROC 0.7095 PR 0.2896 | unseen ROC 0.6411 PR 0.1515 | valAUC 0.9790 | tau+ 0.522
[OUTPOST-v4] epoch 254: test-all ROC 0.7065 PR 0.2882 | unseen ROC 0.6373 PR 0.1503 | valAUC 0.9802 | tau+ 0.600
[OUTPOST-v4] epoch 255: test-all ROC 0.7059 PR 0.2873 | unseen ROC 0.6364 PR 0.1500 | valAUC 0.9767 | tau+ 0.613
[OUTPOST-v4] epoch 256: test-all ROC 0.7065 PR 0.2868 | unseen ROC 0.6374 PR 0.1504 | valAUC 0.9810 | tau+ 0.500
[OUTPOST-v4] epoch 257: test-all ROC 0.7061 PR 0.2863 | unseen ROC 0.6371 PR 0.1504 | valAUC 0.9782 | tau+ 0.500
[OUTPOST-v4] epoch 258: test-all ROC 0.7080 PR 0.2882 | unseen ROC 0.6392 PR 0.1512 | valAUC 0.9816 | tau+ 0.500
[OUTPOST-v4] epoch 259: test-all ROC 0.7046 PR 0.2889 | unseen ROC 0.6349 PR 0.1494 | valAUC 0.9773 | tau+ 0.622
[OUTPOST-v4] epoch 260: test-all ROC 0.6996 PR 0.2913 | unseen ROC 0.6284 PR 0.1470 | valAUC 0.9767 | tau+ 0.912
[OUTPOST-v4] epoch 261: test-all ROC 0.6967 PR 0.2855 | unseen ROC 0.6248 PR 0.1457 | valAUC 0.9799 | tau+ 0.742
[OUTPOST-v4] epoch 262: test-all ROC 0.6977 PR 0.2876 | unseen ROC 0.6261 PR 0.1460 | valAUC 0.9796 | tau+ 0.639
[OUTPOST-v4] epoch 263: test-all ROC 0.7052 PR 0.2908 | unseen ROC 0.6353 PR 0.1495 | valAUC 0.9799 | tau+ 0.500
[OUTPOST-v4] epoch 264: test-all ROC 0.7078 PR 0.2911 | unseen ROC 0.6388 PR 0.1510 | valAUC 0.9799 | tau+ 0.500
[OUTPOST-v4] epoch 265: test-all ROC 0.7060 PR 0.2899 | unseen ROC 0.6366 PR 0.1503 | valAUC 0.9776 | tau+ 0.537
[OUTPOST-v4] epoch 266: test-all ROC 0.7027 PR 0.2896 | unseen ROC 0.6326 PR 0.1492 | valAUC 0.9782 | tau+ 0.511
[OUTPOST-v4] epoch 267: test-all ROC 0.6993 PR 0.2876 | unseen ROC 0.6286 PR 0.1481 | valAUC 0.9776 | tau+ 0.691
[OUTPOST-v4] epoch 268: test-all ROC 0.6986 PR 0.2857 | unseen ROC 0.6276 PR 0.1479 | valAUC 0.9799 | tau+ 0.500
[OUTPOST-v4] epoch 269: test-all ROC 0.6991 PR 0.2890 | unseen ROC 0.6282 PR 0.1481 | valAUC 0.9764 | tau+ 0.500
[OUTPOST-v4] epoch 270: test-all ROC 0.6985 PR 0.2882 | unseen ROC 0.6273 PR 0.1478 | valAUC 0.9779 | tau+ 0.500
[OUTPOST-v4] epoch 271: test-all ROC 0.6969 PR 0.2877 | unseen ROC 0.6253 PR 0.1469 | valAUC 0.9793 | tau+ 0.542
[OUTPOST-v4] epoch 272: test-all ROC 0.6894 PR 0.2854 | unseen ROC 0.6159 PR 0.1436 | valAUC 0.9802 | tau+ 0.793
[OUTPOST-v4] epoch 273: test-all ROC 0.6805 PR 0.2820 | unseen ROC 0.6046 PR 0.1400 | valAUC 0.9773 | tau+ 0.888
[OUTPOST-v4] epoch 274: test-all ROC 0.6705 PR 0.2798 | unseen ROC 0.5921 PR 0.1368 | valAUC 0.9776 | tau+ 0.846
[OUTPOST-v4] epoch 275: test-all ROC 0.6455 PR 0.2707 | unseen ROC 0.5607 PR 0.1294 | valAUC 0.9796 | tau+ 0.500
[OUTPOST-v4] epoch 276: test-all ROC 0.6409 PR 0.2747 | unseen ROC 0.5551 PR 0.1283 | valAUC 0.9782 | tau+ 0.500
[OUTPOST-v4] epoch 277: test-all ROC 0.6679 PR 0.2826 | unseen ROC 0.5890 PR 0.1369 | valAUC 0.9776 | tau+ 0.500
[OUTPOST-v4] epoch 278: test-all ROC 0.6921 PR 0.2883 | unseen ROC 0.6192 PR 0.1453 | valAUC 0.9776 | tau+ 0.521
[OUTPOST-v4] epoch 279: test-all ROC 0.7035 PR 0.2925 | unseen ROC 0.6335 PR 0.1498 | valAUC 0.9793 | tau+ 0.731
[OUTPOST-v4] epoch 280: test-all ROC 0.7100 PR 0.2942 | unseen ROC 0.6418 PR 0.1526 | valAUC 0.9822 | tau+ 0.838
[OUTPOST-v4] epoch 281: test-all ROC 0.7127 PR 0.2954 | unseen ROC 0.6450 PR 0.1537 | valAUC 0.9787 | tau+ 0.525
[OUTPOST-v4] epoch 282: test-all ROC 0.7167 PR 0.2965 | unseen ROC 0.6500 PR 0.1550 | valAUC 0.9825 | tau+ 0.500
[OUTPOST-v4] epoch 283: test-all ROC 0.7152 PR 0.2940 | unseen ROC 0.6483 PR 0.1544 | valAUC 0.9802 | tau+ 0.500
[OUTPOST-v4] epoch 284: test-all ROC 0.7181 PR 0.2949 | unseen ROC 0.6519 PR 0.1557 | valAUC 0.9805 | tau+ 0.500
[OUTPOST-v4] epoch 285: test-all ROC 0.7145 PR 0.2950 | unseen ROC 0.6473 PR 0.1542 | valAUC 0.9761 | tau+ 0.629
[OUTPOST-v4] epoch 286: test-all ROC 0.7103 PR 0.2925 | unseen ROC 0.6421 PR 0.1519 | valAUC 0.9796 | tau+ 0.717
[OUTPOST-v4] epoch 287: test-all ROC 0.7095 PR 0.2949 | unseen ROC 0.6410 PR 0.1517 | valAUC 0.9782 | tau+ 0.906
[OUTPOST-v4] epoch 288: test-all ROC 0.7113 PR 0.2936 | unseen ROC 0.6435 PR 0.1529 | valAUC 0.9793 | tau+ 0.864
[OUTPOST-v4] epoch 289: test-all ROC 0.7121 PR 0.2947 | unseen ROC 0.6443 PR 0.1532 | valAUC 0.9802 | tau+ 0.525
[OUTPOST-v4] epoch 290: test-all ROC 0.7134 PR 0.2934 | unseen ROC 0.6462 PR 0.1538 | valAUC 0.9787 | tau+ 0.500
[OUTPOST-v4] epoch 291: test-all ROC 0.7103 PR 0.2924 | unseen ROC 0.6422 PR 0.1525 | valAUC 0.9744 | tau+ 0.500
[OUTPOST-v4] epoch 292: test-all ROC 0.7143 PR 0.2968 | unseen ROC 0.6471 PR 0.1545 | valAUC 0.9761 | tau+ 0.725
[OUTPOST-v4] epoch 293: test-all ROC 0.7160 PR 0.2958 | unseen ROC 0.6493 PR 0.1554 | valAUC 0.9773 | tau+ 0.743
[OUTPOST-v4] epoch 294: test-all ROC 0.7176 PR 0.2961 | unseen ROC 0.6512 PR 0.1558 | valAUC 0.9807 | tau+ 0.802
[OUTPOST-v4] epoch 295: test-all ROC 0.7202 PR 0.2979 | unseen ROC 0.6544 PR 0.1573 | valAUC 0.9799 | tau+ 0.743
[OUTPOST-v4] epoch 296: test-all ROC 0.7204 PR 0.2976 | unseen ROC 0.6549 PR 0.1573 | valAUC 0.9830 | tau+ 0.500
[OUTPOST-v4] epoch 297: test-all ROC 0.7174 PR 0.2950 | unseen ROC 0.6515 PR 0.1562 | valAUC 0.9782 | tau+ 0.500
[OUTPOST-v4] epoch 298: test-all ROC 0.7145 PR 0.2952 | unseen ROC 0.6476 PR 0.1549 | valAUC 0.9782 | tau+ 0.500
[OUTPOST-v4] epoch 299: test-all ROC 0.7079 PR 0.2933 | unseen ROC 0.6392 PR 0.1520 | valAUC 0.9782 | tau+ 0.929
[OUTPOST-v4] epoch 300: test-all ROC 0.7088 PR 0.2938 | unseen ROC 0.6404 PR 0.1528 | valAUC 0.9802 | tau+ 0.865
[OUTPOST-v4] epoch 301: test-all ROC 0.7036 PR 0.2924 | unseen ROC 0.6337 PR 0.1502 | valAUC 0.9799 | tau+ 0.718
[OUTPOST-v4] epoch 302: test-all ROC 0.7027 PR 0.2905 | unseen ROC 0.6327 PR 0.1500 | valAUC 0.9802 | tau+ 0.611
[OUTPOST-v4] epoch 303: test-all ROC 0.6976 PR 0.2895 | unseen ROC 0.6264 PR 0.1482 | valAUC 0.9787 | tau+ 0.785
[OUTPOST-v4] epoch 304: test-all ROC 0.6872 PR 0.2844 | unseen ROC 0.6135 PR 0.1442 | valAUC 0.9813 | tau+ 0.541
[OUTPOST-v4] epoch 305: test-all ROC 0.6904 PR 0.2882 | unseen ROC 0.6175 PR 0.1455 | valAUC 0.9727 | tau+ 0.701
[OUTPOST-v4] epoch 306: test-all ROC 0.6895 PR 0.2863 | unseen ROC 0.6163 PR 0.1454 | valAUC 0.9724 | tau+ 0.830
[OUTPOST-v4] epoch 307: test-all ROC 0.6894 PR 0.2866 | unseen ROC 0.6162 PR 0.1452 | valAUC 0.9776 | tau+ 0.707
[OUTPOST-v4] epoch 308: test-all ROC 0.6892 PR 0.2868 | unseen ROC 0.6161 PR 0.1454 | valAUC 0.9793 | tau+ 0.672
[OUTPOST-v4] epoch 309: test-all ROC 0.6918 PR 0.2858 | unseen ROC 0.6192 PR 0.1458 | valAUC 0.9828 | tau+ 0.500
[OUTPOST-v4] epoch 310: test-all ROC 0.6903 PR 0.2855 | unseen ROC 0.6173 PR 0.1455 | valAUC 0.9776 | tau+ 0.674
[OUTPOST-v4] epoch 311: test-all ROC 0.6966 PR 0.2883 | unseen ROC 0.6253 PR 0.1477 | valAUC 0.9805 | tau+ 0.500
[OUTPOST-v4] epoch 312: test-all ROC 0.6971 PR 0.2901 | unseen ROC 0.6256 PR 0.1476 | valAUC 0.9810 | tau+ 0.500
[OUTPOST-v4] epoch 313: test-all ROC 0.6943 PR 0.2867 | unseen ROC 0.6221 PR 0.1461 | valAUC 0.9796 | tau+ 0.808
[OUTPOST-v4] epoch 314: test-all ROC 0.6918 PR 0.2859 | unseen ROC 0.6189 PR 0.1446 | valAUC 0.9822 | tau+ 0.748
[OUTPOST-v4] epoch 315: test-all ROC 0.6914 PR 0.2857 | unseen ROC 0.6183 PR 0.1443 | valAUC 0.9773 | tau+ 0.916
[OUTPOST-v4] epoch 316: test-all ROC 0.6836 PR 0.2829 | unseen ROC 0.6088 PR 0.1417 | valAUC 0.9799 | tau+ 0.500
[OUTPOST-v4] epoch 317: test-all ROC 0.6874 PR 0.2860 | unseen ROC 0.6131 PR 0.1432 | valAUC 0.9767 | tau+ 0.536
[OUTPOST-v4] epoch 318: test-all ROC 0.6905 PR 0.2871 | unseen ROC 0.6172 PR 0.1444 | valAUC 0.9805 | tau+ 0.600
[OUTPOST-v4] epoch 319: test-all ROC 0.6906 PR 0.2870 | unseen ROC 0.6174 PR 0.1450 | valAUC 0.9770 | tau+ 0.781
[OUTPOST-v4] epoch 320: test-all ROC 0.6845 PR 0.2850 | unseen ROC 0.6102 PR 0.1436 | valAUC 0.9793 | tau+ 0.846
[OUTPOST-v4] epoch 321: test-all ROC 0.6731 PR 0.2791 | unseen ROC 0.5960 PR 0.1400 | valAUC 0.9779 | tau+ 0.500
[OUTPOST-v4] epoch 322: test-all ROC 0.6740 PR 0.2816 | unseen ROC 0.5973 PR 0.1401 | valAUC 0.9747 | tau+ 0.500
[OUTPOST-v4] epoch 323: test-all ROC 0.6827 PR 0.2821 | unseen ROC 0.6079 PR 0.1431 | valAUC 0.9756 | tau+ 0.500
[OUTPOST-v4] epoch 324: test-all ROC 0.6917 PR 0.2863 | unseen ROC 0.6188 PR 0.1455 | valAUC 0.9810 | tau+ 0.565
[OUTPOST-v4] epoch 325: test-all ROC 0.6930 PR 0.2859 | unseen ROC 0.6205 PR 0.1455 | valAUC 0.9796 | tau+ 0.850
[OUTPOST-v4] epoch 326: test-all ROC 0.6917 PR 0.2865 | unseen ROC 0.6187 PR 0.1444 | valAUC 0.9770 | tau+ 0.945
[OUTPOST-v4] epoch 327: test-all ROC 0.6919 PR 0.2858 | unseen ROC 0.6188 PR 0.1441 | valAUC 0.9787 | tau+ 0.884
[OUTPOST-v4] epoch 328: test-all ROC 0.6956 PR 0.2859 | unseen ROC 0.6237 PR 0.1459 | valAUC 0.9690 | tau+ 0.691
[OUTPOST-v4] epoch 329: test-all ROC 0.6979 PR 0.2892 | unseen ROC 0.6265 PR 0.1473 | valAUC 0.9807 | tau+ 0.714
[OUTPOST-v4] epoch 330: test-all ROC 0.7033 PR 0.2919 | unseen ROC 0.6333 PR 0.1500 | valAUC 0.9793 | tau+ 0.831
[OUTPOST-v4] epoch 331: test-all ROC 0.7059 PR 0.2923 | unseen ROC 0.6367 PR 0.1517 | valAUC 0.9825 | tau+ 0.500
[OUTPOST-v4] epoch 332: test-all ROC 0.7060 PR 0.2939 | unseen ROC 0.6368 PR 0.1523 | valAUC 0.9776 | tau+ 0.849
[OUTPOST-v4] epoch 333: test-all ROC 0.7001 PR 0.2915 | unseen ROC 0.6296 PR 0.1502 | valAUC 0.9828 | tau+ 0.752
[OUTPOST-v4] epoch 334: test-all ROC 0.6959 PR 0.2882 | unseen ROC 0.6246 PR 0.1488 | valAUC 0.9733 | tau+ 0.591
[OUTPOST-v4] epoch 335: test-all ROC 0.6855 PR 0.2869 | unseen ROC 0.6114 PR 0.1449 | valAUC 0.9739 | tau+ 0.500
[OUTPOST-v4] epoch 336: test-all ROC 0.6774 PR 0.2857 | unseen ROC 0.6013 PR 0.1418 | valAUC 0.9756 | tau+ 0.736
[OUTPOST-v4] epoch 337: test-all ROC 0.6692 PR 0.2828 | unseen ROC 0.5910 PR 0.1389 | valAUC 0.9770 | tau+ 0.914
[OUTPOST-v4] epoch 338: test-all ROC 0.6602 PR 0.2810 | unseen ROC 0.5796 PR 0.1359 | valAUC 0.9764 | tau+ 0.885
[OUTPOST-v4] epoch 339: test-all ROC 0.6497 PR 0.2785 | unseen ROC 0.5662 PR 0.1319 | valAUC 0.9782 | tau+ 0.938
[OUTPOST-v4] epoch 340: test-all ROC 0.6457 PR 0.2777 | unseen ROC 0.5608 PR 0.1305 | valAUC 0.9764 | tau+ 0.689
[OUTPOST-v4] epoch 341: test-all ROC 0.6595 PR 0.2807 | unseen ROC 0.5784 PR 0.1348 | valAUC 0.9759 | tau+ 0.862
[OUTPOST-v4] epoch 342: test-all ROC 0.6713 PR 0.2835 | unseen ROC 0.5933 PR 0.1383 | valAUC 0.9813 | tau+ 0.856
[OUTPOST-v4] epoch 343: test-all ROC 0.6818 PR 0.2887 | unseen ROC 0.6065 PR 0.1423 | valAUC 0.9776 | tau+ 0.826
[OUTPOST-v4] epoch 344: test-all ROC 0.6912 PR 0.2901 | unseen ROC 0.6181 PR 0.1462 | valAUC 0.9810 | tau+ 0.688
[OUTPOST-v4] epoch 345: test-all ROC 0.6869 PR 0.2881 | unseen ROC 0.6132 PR 0.1448 | valAUC 0.9805 | tau+ 0.860
[OUTPOST-v4] epoch 346: test-all ROC 0.6763 PR 0.2852 | unseen ROC 0.6000 PR 0.1419 | valAUC 0.9698 | tau+ 0.956
[OUTPOST-v4] epoch 347: test-all ROC 0.6580 PR 0.2791 | unseen ROC 0.5773 PR 0.1357 | valAUC 0.9730 | tau+ 0.655
[OUTPOST-v4] epoch 348: test-all ROC 0.6701 PR 0.2821 | unseen ROC 0.5921 PR 0.1400 | valAUC 0.9784 | tau+ 0.500
[OUTPOST-v4] epoch 349: test-all ROC 0.6817 PR 0.2842 | unseen ROC 0.6065 PR 0.1433 | valAUC 0.9802 | tau+ 0.500
[OUTPOST-v4] epoch 350: test-all ROC 0.7016 PR 0.2937 | unseen ROC 0.6313 PR 0.1504 | valAUC 0.9810 | tau+ 0.821
[OUTPOST-v4] epoch 351: test-all ROC 0.7052 PR 0.2956 | unseen ROC 0.6355 PR 0.1510 | valAUC 0.9787 | tau+ 0.922
[OUTPOST-v4] epoch 352: test-all ROC 0.7104 PR 0.2977 | unseen ROC 0.6421 PR 0.1528 | valAUC 0.9807 | tau+ 0.982
[OUTPOST-v4] epoch 353: test-all ROC 0.7066 PR 0.2929 | unseen ROC 0.6375 PR 0.1516 | valAUC 0.9793 | tau+ 0.900
[OUTPOST-v4] epoch 354: test-all ROC 0.7051 PR 0.2943 | unseen ROC 0.6356 PR 0.1512 | valAUC 0.9782 | tau+ 0.502
[OUTPOST-v4] epoch 355: test-all ROC 0.6973 PR 0.2913 | unseen ROC 0.6259 PR 0.1488 | valAUC 0.9805 | tau+ 0.769
[OUTPOST-v4] epoch 356: test-all ROC 0.6772 PR 0.2833 | unseen ROC 0.6009 PR 0.1417 | valAUC 0.9756 | tau+ 0.882
[OUTPOST-v4] epoch 357: test-all ROC 0.6452 PR 0.2755 | unseen ROC 0.5609 PR 0.1318 | valAUC 0.9759 | tau+ 0.500
[OUTPOST-v4] epoch 358: test-all ROC 0.6325 PR 0.2733 | unseen ROC 0.5454 PR 0.1286 | valAUC 0.9793 | tau+ 0.500
[OUTPOST-v4] epoch 359: test-all ROC 0.6271 PR 0.2719 | unseen ROC 0.5382 PR 0.1268 | valAUC 0.9799 | tau+ 0.500
[OUTPOST-v4] epoch 360: test-all ROC 0.6339 PR 0.2732 | unseen ROC 0.5466 PR 0.1283 | valAUC 0.9747 | tau+ 0.500
[OUTPOST-v4] epoch 361: test-all ROC 0.6541 PR 0.2778 | unseen ROC 0.5720 PR 0.1336 | valAUC 0.9773 | tau+ 0.762
[OUTPOST-v4] epoch 362: test-all ROC 0.6726 PR 0.2839 | unseen ROC 0.5948 PR 0.1394 | valAUC 0.9773 | tau+ 0.601
[OUTPOST-v4] epoch 363: test-all ROC 0.6839 PR 0.2872 | unseen ROC 0.6092 PR 0.1430 | valAUC 0.9793 | tau+ 0.903
[OUTPOST-v4] epoch 364: test-all ROC 0.6905 PR 0.2885 | unseen ROC 0.6173 PR 0.1453 | valAUC 0.9799 | tau+ 0.822
[OUTPOST-v4] epoch 365: test-all ROC 0.6964 PR 0.2920 | unseen ROC 0.6246 PR 0.1479 | valAUC 0.9793 | tau+ 0.690
[OUTPOST-v4] epoch 366: test-all ROC 0.7034 PR 0.2937 | unseen ROC 0.6337 PR 0.1512 | valAUC 0.9830 | tau+ 0.869
[OUTPOST-v4] epoch 367: test-all ROC 0.7033 PR 0.2953 | unseen ROC 0.6333 PR 0.1516 | valAUC 0.9796 | tau+ 0.811
[OUTPOST-v4] epoch 368: test-all ROC 0.6963 PR 0.2900 | unseen ROC 0.6250 PR 0.1492 | valAUC 0.9830 | tau+ 0.768
[OUTPOST-v4] epoch 369: test-all ROC 0.6870 PR 0.2872 | unseen ROC 0.6133 PR 0.1463 | valAUC 0.9802 | tau+ 0.550
[OUTPOST-v4] epoch 370: test-all ROC 0.6724 PR 0.2850 | unseen ROC 0.5948 PR 0.1411 | valAUC 0.9736 | tau+ 0.829
[OUTPOST-v4] epoch 371: test-all ROC 0.6540 PR 0.2790 | unseen ROC 0.5719 PR 0.1350 | valAUC 0.9753 | tau+ 0.762
[OUTPOST-v4] epoch 372: test-all ROC 0.6413 PR 0.2769 | unseen ROC 0.5559 PR 0.1313 | valAUC 0.9773 | tau+ 0.500
[OUTPOST-v4] epoch 373: test-all ROC 0.6428 PR 0.2765 | unseen ROC 0.5580 PR 0.1317 | valAUC 0.9787 | tau+ 0.887
[OUTPOST-v4] epoch 374: test-all ROC 0.6402 PR 0.2766 | unseen ROC 0.5548 PR 0.1309 | valAUC 0.9733 | tau+ 0.902
[OUTPOST-v4] epoch 375: test-all ROC 0.6312 PR 0.2726 | unseen ROC 0.5433 PR 0.1278 | valAUC 0.9733 | tau+ 0.500
[OUTPOST-v4] epoch 376: test-all ROC 0.6363 PR 0.2752 | unseen ROC 0.5496 PR 0.1294 | valAUC 0.9790 | tau+ 0.636
[OUTPOST-v4] epoch 377: test-all ROC 0.6458 PR 0.2767 | unseen ROC 0.5614 PR 0.1320 | valAUC 0.9756 | tau+ 0.714
[OUTPOST-v4] epoch 378: test-all ROC 0.6614 PR 0.2810 | unseen ROC 0.5812 PR 0.1369 | valAUC 0.9750 | tau+ 0.679
[OUTPOST-v4] epoch 379: test-all ROC 0.6768 PR 0.2853 | unseen ROC 0.6003 PR 0.1423 | valAUC 0.9793 | tau+ 0.900
[OUTPOST-v4] epoch 380: test-all ROC 0.6892 PR 0.2894 | unseen ROC 0.6161 PR 0.1469 | valAUC 0.9816 | tau+ 0.917
[OUTPOST-v4] epoch 381: test-all ROC 0.6875 PR 0.2893 | unseen ROC 0.6137 PR 0.1461 | valAUC 0.9770 | tau+ 0.934
[OUTPOST-v4] epoch 382: test-all ROC 0.6850 PR 0.2894 | unseen ROC 0.6106 PR 0.1449 | valAUC 0.9767 | tau+ 0.907
[OUTPOST-v4] epoch 383: test-all ROC 0.6851 PR 0.2879 | unseen ROC 0.6108 PR 0.1450 | valAUC 0.9761 | tau+ 0.531
[OUTPOST-v4] epoch 384: test-all ROC 0.6864 PR 0.2896 | unseen ROC 0.6124 PR 0.1460 | valAUC 0.9816 | tau+ 0.918
[OUTPOST-v4] epoch 385: test-all ROC 0.6846 PR 0.2902 | unseen ROC 0.6103 PR 0.1457 | valAUC 0.9779 | tau+ 0.913
[OUTPOST-v4] epoch 386: test-all ROC 0.6741 PR 0.2847 | unseen ROC 0.5973 PR 0.1425 | valAUC 0.9787 | tau+ 0.956
[OUTPOST-v4] epoch 387: test-all ROC 0.6563 PR 0.2796 | unseen ROC 0.5749 PR 0.1367 | valAUC 0.9759 | tau+ 0.514
[OUTPOST-v4] epoch 388: test-all ROC 0.6525 PR 0.2766 | unseen ROC 0.5704 PR 0.1349 | valAUC 0.9773 | tau+ 0.500
[OUTPOST-v4] epoch 389: test-all ROC 0.6594 PR 0.2817 | unseen ROC 0.5786 PR 0.1370 | valAUC 0.9753 | tau+ 0.658
[OUTPOST-v4] epoch 390: test-all ROC 0.6739 PR 0.2878 | unseen ROC 0.5966 PR 0.1413 | valAUC 0.9784 | tau+ 0.822
[OUTPOST-v4] epoch 391: test-all ROC 0.6838 PR 0.2882 | unseen ROC 0.6092 PR 0.1440 | valAUC 0.9744 | tau+ 0.971
[OUTPOST-v4] epoch 392: test-all ROC 0.6891 PR 0.2918 | unseen ROC 0.6155 PR 0.1456 | valAUC 0.9716 | tau+ 0.987
[OUTPOST-v4] epoch 393: test-all ROC 0.6873 PR 0.2893 | unseen ROC 0.6133 PR 0.1446 | valAUC 0.9813 | tau+ 0.754
[OUTPOST-v4] epoch 394: test-all ROC 0.6857 PR 0.2864 | unseen ROC 0.6114 PR 0.1439 | valAUC 0.9753 | tau+ 0.690
[OUTPOST-v4] epoch 395: test-all ROC 0.6897 PR 0.2903 | unseen ROC 0.6166 PR 0.1460 | valAUC 0.9741 | tau+ 0.705
[OUTPOST-v4] epoch 396: test-all ROC 0.6964 PR 0.2924 | unseen ROC 0.6249 PR 0.1497 | valAUC 0.9802 | tau+ 0.937
[OUTPOST-v4] epoch 397: test-all ROC 0.6963 PR 0.2938 | unseen ROC 0.6249 PR 0.1505 | valAUC 0.9790 | tau+ 0.979
[OUTPOST-v4] epoch 398: test-all ROC 0.6848 PR 0.2889 | unseen ROC 0.6106 PR 0.1463 | valAUC 0.9753 | tau+ 0.652
[OUTPOST-v4] epoch 399: test-all ROC 0.6752 PR 0.2873 | unseen ROC 0.5983 PR 0.1429 | valAUC 0.9782 | tau+ 0.500
  rotation 6: ROC 0.7204 PR 0.2979
[computers] params 116929, peak GPU 4.62 GB, 23.6 min total
[computers] ran 1/5 rotations; no results.csv row written. Merge the shards with:
    python analysis/scripts/merge_rotations.py
