# gpu=4 cmd=/usr/bin/python3 -u main.py --dataset amazon --seed 1 --method outpost --tag T_alpha0.01 --set alpha_plus=0.01 sim_topk_frac=0.0 --save-scores
/nas/home/jahin/.local/lib/python3.10/site-packages/requests/__init__.py:113: RequestsDependencyWarning: urllib3 (1.26.5) or chardet (7.2.0)/charset_normalizer (3.4.4) doesn't match a supported version!
  warnings.warn(
[amazon] anomaly classes (rotations): [np.int64(1)]
Normal classes: [np.int64(0)] in amazon
Building multi-layer GraphSage
[OUTPOST-v4] epoch 0: test-all ROC 0.4073 PR 0.0513 | unseen ROC 0.5000 PR 0.0000 | valAUC 0.3066 | tau+ 0.988
[OUTPOST-v4] epoch 1: test-all ROC 0.7167 PR 0.1749 | unseen ROC 0.5000 PR 0.0000 | valAUC 0.8186 | tau+ 0.500
[OUTPOST-v4] epoch 2: test-all ROC 0.7209 PR 0.1772 | unseen ROC 0.5000 PR 0.0000 | valAUC 0.8015 | tau+ 0.500
[OUTPOST-v4] epoch 3: test-all ROC 0.7100 PR 0.1622 | unseen ROC 0.5000 PR 0.0000 | valAUC 0.8279 | tau+ 0.500
[OUTPOST-v4] epoch 4: test-all ROC 0.7145 PR 0.1731 | unseen ROC 0.5000 PR 0.0000 | valAUC 0.7997 | tau+ 0.500
[OUTPOST-v4] epoch 5: test-all ROC 0.7106 PR 0.1701 | unseen ROC 0.5000 PR 0.0000 | valAUC 0.7946 | tau+ 0.500
[OUTPOST-v4] epoch 6: test-all ROC 0.7087 PR 0.1679 | unseen ROC 0.5000 PR 0.0000 | valAUC 0.8204 | tau+ 0.500
[OUTPOST-v4] epoch 7: test-all ROC 0.7148 PR 0.1684 | unseen ROC 0.5000 PR 0.0000 | valAUC 0.8294 | tau+ 0.500
[OUTPOST-v4] epoch 8: test-all ROC 0.7175 PR 0.1728 | unseen ROC 0.5000 PR 0.0000 | valAUC 0.8111 | tau+ 0.500
[OUTPOST-v4] epoch 9: test-all ROC 0.7138 PR 0.1677 | unseen ROC 0.5000 PR 0.0000 | valAUC 0.8276 | tau+ 0.500
[OUTPOST-v4] epoch 10: test-all ROC 0.7047 PR 0.1640 | unseen ROC 0.5000 PR 0.0000 | valAUC 0.8105 | tau+ 0.500
[OUTPOST-v4] epoch 11: test-all ROC 0.7121 PR 0.1669 | unseen ROC 0.5000 PR 0.0000 | valAUC 0.8408 | tau+ 0.500
[OUTPOST-v4] epoch 12: test-all ROC 0.7179 PR 0.1739 | unseen ROC 0.5000 PR 0.0000 | valAUC 0.8177 | tau+ 0.500
[OUTPOST-v4] epoch 13: test-all ROC 0.7101 PR 0.1657 | unseen ROC 0.5000 PR 0.0000 | valAUC 0.7895 | tau+ 0.500
[OUTPOST-v4] epoch 14: test-all ROC 0.7193 PR 0.1827 | unseen ROC 0.5000 PR 0.0000 | valAUC 0.8192 | tau+ 0.500
[OUTPOST-v4] epoch 15: test-all ROC 0.7225 PR 0.1808 | unseen ROC 0.5000 PR 0.0000 | valAUC 0.8637 | tau+ 0.500
[OUTPOST-v4] epoch 16: test-all ROC 0.7172 PR 0.1759 | unseen ROC 0.5000 PR 0.0000 | valAUC 0.8159 | tau+ 0.500
[OUTPOST-v4] epoch 17: test-all ROC 0.7172 PR 0.1817 | unseen ROC 0.5000 PR 0.0000 | valAUC 0.8135 | tau+ 0.500
[OUTPOST-v4] epoch 18: test-all ROC 0.7208 PR 0.1830 | unseen ROC 0.5000 PR 0.0000 | valAUC 0.8592 | tau+ 0.500
[OUTPOST-v4] epoch 19: test-all ROC 0.7217 PR 0.1874 | unseen ROC 0.5000 PR 0.0000 | valAUC 0.8171 | tau+ 0.500
[OUTPOST-v4] epoch 20: test-all ROC 0.7154 PR 0.1716 | unseen ROC 0.5000 PR 0.0000 | valAUC 0.8174 | tau+ 0.500
[OUTPOST-v4] epoch 21: test-all ROC 0.7247 PR 0.1836 | unseen ROC 0.5000 PR 0.0000 | valAUC 0.8096 | tau+ 0.500
[OUTPOST-v4] epoch 22: test-all ROC 0.7208 PR 0.1979 | unseen ROC 0.5000 PR 0.0000 | valAUC 0.8529 | tau+ 0.500
[OUTPOST-v4] epoch 23: test-all ROC 0.7280 PR 0.1876 | unseen ROC 0.5000 PR 0.0000 | valAUC 0.8216 | tau+ 0.500
[OUTPOST-v4] epoch 24: test-all ROC 0.7240 PR 0.1829 | unseen ROC 0.5000 PR 0.0000 | valAUC 0.8297 | tau+ 0.500
[OUTPOST-v4] epoch 25: test-all ROC 0.7266 PR 0.1967 | unseen ROC 0.5000 PR 0.0000 | valAUC 0.8372 | tau+ 0.512
[OUTPOST-v4] epoch 26: test-all ROC 0.7287 PR 0.1899 | unseen ROC 0.5000 PR 0.0000 | valAUC 0.8327 | tau+ 0.565
[OUTPOST-v4] epoch 27: test-all ROC 0.7281 PR 0.1991 | unseen ROC 0.5000 PR 0.0000 | valAUC 0.8511 | tau+ 0.561
[OUTPOST-v4] epoch 28: test-all ROC 0.7324 PR 0.2046 | unseen ROC 0.5000 PR 0.0000 | valAUC 0.8384 | tau+ 0.540
[OUTPOST-v4] epoch 29: test-all ROC 0.7276 PR 0.1991 | unseen ROC 0.5000 PR 0.0000 | valAUC 0.8453 | tau+ 0.526
[OUTPOST-v4] epoch 30: test-all ROC 0.7304 PR 0.1881 | unseen ROC 0.5000 PR 0.0000 | valAUC 0.8276 | tau+ 0.500
[OUTPOST-v4] epoch 31: test-all ROC 0.7315 PR 0.2033 | unseen ROC 0.5000 PR 0.0000 | valAUC 0.8694 | tau+ 0.500
[OUTPOST-v4] epoch 32: test-all ROC 0.7288 PR 0.1966 | unseen ROC 0.5000 PR 0.0000 | valAUC 0.8453 | tau+ 0.500
[OUTPOST-v4] epoch 33: test-all ROC 0.7250 PR 0.1952 | unseen ROC 0.5000 PR 0.0000 | valAUC 0.8544 | tau+ 0.500
[OUTPOST-v4] epoch 34: test-all ROC 0.7254 PR 0.1918 | unseen ROC 0.5000 PR 0.0000 | valAUC 0.8616 | tau+ 0.500
[OUTPOST-v4] epoch 35: test-all ROC 0.7280 PR 0.1898 | unseen ROC 0.5000 PR 0.0000 | valAUC 0.8225 | tau+ 0.500
[OUTPOST-v4] epoch 36: test-all ROC 0.7285 PR 0.1889 | unseen ROC 0.5000 PR 0.0000 | valAUC 0.8261 | tau+ 0.500
[OUTPOST-v4] epoch 37: test-all ROC 0.7189 PR 0.1921 | unseen ROC 0.5000 PR 0.0000 | valAUC 0.8435 | tau+ 0.500
[OUTPOST-v4] epoch 38: test-all ROC 0.7277 PR 0.1954 | unseen ROC 0.5000 PR 0.0000 | valAUC 0.8462 | tau+ 0.500
[OUTPOST-v4] epoch 39: test-all ROC 0.7243 PR 0.1889 | unseen ROC 0.5000 PR 0.0000 | valAUC 0.8318 | tau+ 0.500
[OUTPOST-v4] epoch 40: test-all ROC 0.7222 PR 0.2004 | unseen ROC 0.5000 PR 0.0000 | valAUC 0.8399 | tau+ 0.500
[OUTPOST-v4] epoch 41: test-all ROC 0.7253 PR 0.2078 | unseen ROC 0.5000 PR 0.0000 | valAUC 0.8267 | tau+ 0.500
[OUTPOST-v4] epoch 42: test-all ROC 0.7255 PR 0.1972 | unseen ROC 0.5000 PR 0.0000 | valAUC 0.8156 | tau+ 0.500
[OUTPOST-v4] epoch 43: test-all ROC 0.7219 PR 0.1957 | unseen ROC 0.5000 PR 0.0000 | valAUC 0.8474 | tau+ 0.500
[OUTPOST-v4] epoch 44: test-all ROC 0.7247 PR 0.1986 | unseen ROC 0.5000 PR 0.0000 | valAUC 0.7934 | tau+ 0.500
[OUTPOST-v4] epoch 45: test-all ROC 0.7296 PR 0.1983 | unseen ROC 0.5000 PR 0.0000 | valAUC 0.8456 | tau+ 0.500
[OUTPOST-v4] epoch 46: test-all ROC 0.7219 PR 0.1929 | unseen ROC 0.5000 PR 0.0000 | valAUC 0.8568 | tau+ 0.500
[OUTPOST-v4] epoch 47: test-all ROC 0.7252 PR 0.1916 | unseen ROC 0.5000 PR 0.0000 | valAUC 0.7946 | tau+ 0.500
[OUTPOST-v4] epoch 48: test-all ROC 0.7254 PR 0.1979 | unseen ROC 0.5000 PR 0.0000 | valAUC 0.8342 | tau+ 0.500
[OUTPOST-v4] epoch 49: test-all ROC 0.7251 PR 0.1967 | unseen ROC 0.5000 PR 0.0000 | valAUC 0.8039 | tau+ 0.500
[OUTPOST-v4] epoch 50: test-all ROC 0.7264 PR 0.1933 | unseen ROC 0.5000 PR 0.0000 | valAUC 0.8447 | tau+ 0.500
[OUTPOST-v4] epoch 51: test-all ROC 0.7281 PR 0.2072 | unseen ROC 0.5000 PR 0.0000 | valAUC 0.8339 | tau+ 0.500
[OUTPOST-v4] epoch 52: test-all ROC 0.7331 PR 0.2042 | unseen ROC 0.5000 PR 0.0000 | valAUC 0.8363 | tau+ 0.500
[OUTPOST-v4] epoch 53: test-all ROC 0.7278 PR 0.2072 | unseen ROC 0.5000 PR 0.0000 | valAUC 0.8402 | tau+ 0.500
[OUTPOST-v4] epoch 54: test-all ROC 0.7304 PR 0.2084 | unseen ROC 0.5000 PR 0.0000 | valAUC 0.8688 | tau+ 0.500
[OUTPOST-v4] epoch 55: test-all ROC 0.7242 PR 0.2012 | unseen ROC 0.5000 PR 0.0000 | valAUC 0.8330 | tau+ 0.500
[OUTPOST-v4] epoch 56: test-all ROC 0.7337 PR 0.2226 | unseen ROC 0.5000 PR 0.0000 | valAUC 0.8429 | tau+ 0.500
[OUTPOST-v4] epoch 57: test-all ROC 0.7303 PR 0.2136 | unseen ROC 0.5000 PR 0.0000 | valAUC 0.8210 | tau+ 0.500
[OUTPOST-v4] epoch 58: test-all ROC 0.7269 PR 0.2166 | unseen ROC 0.5000 PR 0.0000 | valAUC 0.8336 | tau+ 0.500
[OUTPOST-v4] epoch 59: test-all ROC 0.7289 PR 0.2188 | unseen ROC 0.5000 PR 0.0000 | valAUC 0.8562 | tau+ 0.500
[OUTPOST-v4] epoch 60: test-all ROC 0.7347 PR 0.2167 | unseen ROC 0.5000 PR 0.0000 | valAUC 0.8324 | tau+ 0.500
[OUTPOST-v4] epoch 61: test-all ROC 0.7217 PR 0.2201 | unseen ROC 0.5000 PR 0.0000 | valAUC 0.8384 | tau+ 0.500
[OUTPOST-v4] epoch 62: test-all ROC 0.7285 PR 0.2143 | unseen ROC 0.5000 PR 0.0000 | valAUC 0.8300 | tau+ 0.500
[OUTPOST-v4] epoch 63: test-all ROC 0.7260 PR 0.2070 | unseen ROC 0.5000 PR 0.0000 | valAUC 0.8688 | tau+ 0.500
[OUTPOST-v4] epoch 64: test-all ROC 0.7320 PR 0.2042 | unseen ROC 0.5000 PR 0.0000 | valAUC 0.8420 | tau+ 0.500
[OUTPOST-v4] epoch 65: test-all ROC 0.7345 PR 0.2235 | unseen ROC 0.5000 PR 0.0000 | valAUC 0.8243 | tau+ 0.500
[OUTPOST-v4] epoch 66: test-all ROC 0.7276 PR 0.2226 | unseen ROC 0.5000 PR 0.0000 | valAUC 0.8252 | tau+ 0.500
[OUTPOST-v4] epoch 67: test-all ROC 0.7342 PR 0.2192 | unseen ROC 0.5000 PR 0.0000 | valAUC 0.8177 | tau+ 0.500
[OUTPOST-v4] epoch 68: test-all ROC 0.7267 PR 0.2297 | unseen ROC 0.5000 PR 0.0000 | valAUC 0.8562 | tau+ 0.500
[OUTPOST-v4] epoch 69: test-all ROC 0.7349 PR 0.2249 | unseen ROC 0.5000 PR 0.0000 | valAUC 0.8468 | tau+ 0.500
[OUTPOST-v4] epoch 70: test-all ROC 0.7280 PR 0.2292 | unseen ROC 0.5000 PR 0.0000 | valAUC 0.8444 | tau+ 0.500
[OUTPOST-v4] epoch 71: test-all ROC 0.7398 PR 0.2231 | unseen ROC 0.5000 PR 0.0000 | valAUC 0.8279 | tau+ 0.500
[OUTPOST-v4] epoch 72: test-all ROC 0.7430 PR 0.2465 | unseen ROC 0.5000 PR 0.0000 | valAUC 0.8408 | tau+ 0.500
[OUTPOST-v4] epoch 73: test-all ROC 0.7302 PR 0.2380 | unseen ROC 0.5000 PR 0.0000 | valAUC 0.8144 | tau+ 0.500
[OUTPOST-v4] epoch 74: test-all ROC 0.7390 PR 0.2305 | unseen ROC 0.5000 PR 0.0000 | valAUC 0.8405 | tau+ 0.500
[OUTPOST-v4] epoch 75: test-all ROC 0.7360 PR 0.2454 | unseen ROC 0.5000 PR 0.0000 | valAUC 0.8276 | tau+ 0.500
[OUTPOST-v4] epoch 76: test-all ROC 0.7362 PR 0.2605 | unseen ROC 0.5000 PR 0.0000 | valAUC 0.8180 | tau+ 0.500
[OUTPOST-v4] epoch 77: test-all ROC 0.7371 PR 0.2535 | unseen ROC 0.5000 PR 0.0000 | valAUC 0.8514 | tau+ 0.500
[OUTPOST-v4] epoch 78: test-all ROC 0.7389 PR 0.2594 | unseen ROC 0.5000 PR 0.0000 | valAUC 0.8465 | tau+ 0.500
[OUTPOST-v4] epoch 79: test-all ROC 0.7394 PR 0.2615 | unseen ROC 0.5000 PR 0.0000 | valAUC 0.8423 | tau+ 0.500
[OUTPOST-v4] epoch 80: test-all ROC 0.7403 PR 0.2606 | unseen ROC 0.5000 PR 0.0000 | valAUC 0.8471 | tau+ 0.500
[OUTPOST-v4] epoch 81: test-all ROC 0.7430 PR 0.2744 | unseen ROC 0.5000 PR 0.0000 | valAUC 0.8565 | tau+ 0.500
[OUTPOST-v4] epoch 82: test-all ROC 0.7460 PR 0.2800 | unseen ROC 0.5000 PR 0.0000 | valAUC 0.8589 | tau+ 0.500
[OUTPOST-v4] epoch 83: test-all ROC 0.7432 PR 0.2918 | unseen ROC 0.5000 PR 0.0000 | valAUC 0.8598 | tau+ 0.500
[OUTPOST-v4] epoch 84: test-all ROC 0.7466 PR 0.2910 | unseen ROC 0.5000 PR 0.0000 | valAUC 0.8532 | tau+ 0.500
[OUTPOST-v4] epoch 85: test-all ROC 0.7524 PR 0.3028 | unseen ROC 0.5000 PR 0.0000 | valAUC 0.8459 | tau+ 0.500
[OUTPOST-v4] epoch 86: test-all ROC 0.7486 PR 0.2953 | unseen ROC 0.5000 PR 0.0000 | valAUC 0.8643 | tau+ 0.500
[OUTPOST-v4] epoch 87: test-all ROC 0.7529 PR 0.3051 | unseen ROC 0.5000 PR 0.0000 | valAUC 0.8676 | tau+ 0.500
[OUTPOST-v4] epoch 88: test-all ROC 0.7536 PR 0.3164 | unseen ROC 0.5000 PR 0.0000 | valAUC 0.8700 | tau+ 0.500
[OUTPOST-v4] epoch 89: test-all ROC 0.7640 PR 0.3233 | unseen ROC 0.5000 PR 0.0000 | valAUC 0.8817 | tau+ 0.500
[OUTPOST-v4] epoch 90: test-all ROC 0.7585 PR 0.3517 | unseen ROC 0.5000 PR 0.0000 | valAUC 0.8892 | tau+ 0.500
[OUTPOST-v4] epoch 91: test-all ROC 0.7647 PR 0.3365 | unseen ROC 0.5000 PR 0.0000 | valAUC 0.8294 | tau+ 0.500
[OUTPOST-v4] epoch 92: test-all ROC 0.7644 PR 0.3459 | unseen ROC 0.5000 PR 0.0000 | valAUC 0.8598 | tau+ 0.500
[OUTPOST-v4] epoch 93: test-all ROC 0.7625 PR 0.3423 | unseen ROC 0.5000 PR 0.0000 | valAUC 0.8520 | tau+ 0.500
[OUTPOST-v4] epoch 94: test-all ROC 0.7676 PR 0.3795 | unseen ROC 0.5000 PR 0.0000 | valAUC 0.8613 | tau+ 0.500
[OUTPOST-v4] epoch 95: test-all ROC 0.7671 PR 0.3770 | unseen ROC 0.5000 PR 0.0000 | valAUC 0.8673 | tau+ 0.500
[OUTPOST-v4] epoch 96: test-all ROC 0.7753 PR 0.3827 | unseen ROC 0.5000 PR 0.0000 | valAUC 0.8694 | tau+ 0.500
[OUTPOST-v4] epoch 97: test-all ROC 0.7745 PR 0.4037 | unseen ROC 0.5000 PR 0.0000 | valAUC 0.8643 | tau+ 0.500
[OUTPOST-v4] epoch 98: test-all ROC 0.7771 PR 0.4237 | unseen ROC 0.5000 PR 0.0000 | valAUC 0.8766 | tau+ 0.500
[OUTPOST-v4] epoch 99: test-all ROC 0.7812 PR 0.4277 | unseen ROC 0.5000 PR 0.0000 | valAUC 0.8886 | tau+ 0.500
[OUTPOST-v4] epoch 100: test-all ROC 0.7896 PR 0.4312 | unseen ROC 0.5000 PR 0.0000 | valAUC 0.8826 | tau+ 0.500
[OUTPOST-v4] epoch 101: test-all ROC 0.7828 PR 0.4437 | unseen ROC 0.5000 PR 0.0000 | valAUC 0.8667 | tau+ 0.500
[OUTPOST-v4] epoch 102: test-all ROC 0.7889 PR 0.4638 | unseen ROC 0.5000 PR 0.0000 | valAUC 0.8730 | tau+ 0.500
[OUTPOST-v4] epoch 103: test-all ROC 0.7896 PR 0.4653 | unseen ROC 0.5000 PR 0.0000 | valAUC 0.8799 | tau+ 0.500
[OUTPOST-v4] epoch 104: test-all ROC 0.7946 PR 0.4926 | unseen ROC 0.5000 PR 0.0000 | valAUC 0.8901 | tau+ 0.500
[OUTPOST-v4] epoch 105: test-all ROC 0.8038 PR 0.4921 | unseen ROC 0.5000 PR 0.0000 | valAUC 0.8892 | tau+ 0.500
[OUTPOST-v4] epoch 106: test-all ROC 0.8119 PR 0.5291 | unseen ROC 0.5000 PR 0.0000 | valAUC 0.8991 | tau+ 0.500
[OUTPOST-v4] epoch 107: test-all ROC 0.8063 PR 0.4991 | unseen ROC 0.5000 PR 0.0000 | valAUC 0.8886 | tau+ 0.500
[OUTPOST-v4] epoch 108: test-all ROC 0.8130 PR 0.5292 | unseen ROC 0.5000 PR 0.0000 | valAUC 0.8826 | tau+ 0.500
[OUTPOST-v4] epoch 109: test-all ROC 0.8135 PR 0.5282 | unseen ROC 0.5000 PR 0.0000 | valAUC 0.8895 | tau+ 0.500
[OUTPOST-v4] epoch 110: test-all ROC 0.8133 PR 0.5359 | unseen ROC 0.5000 PR 0.0000 | valAUC 0.8874 | tau+ 0.500
[OUTPOST-v4] epoch 111: test-all ROC 0.8148 PR 0.5481 | unseen ROC 0.5000 PR 0.0000 | valAUC 0.8967 | tau+ 0.500
[OUTPOST-v4] epoch 112: test-all ROC 0.8167 PR 0.5447 | unseen ROC 0.5000 PR 0.0000 | valAUC 0.9138 | tau+ 0.500
[OUTPOST-v4] epoch 113: test-all ROC 0.8199 PR 0.5431 | unseen ROC 0.5000 PR 0.0000 | valAUC 0.8874 | tau+ 0.500
[OUTPOST-v4] epoch 114: test-all ROC 0.8192 PR 0.5616 | unseen ROC 0.5000 PR 0.0000 | valAUC 0.9030 | tau+ 0.500
[OUTPOST-v4] epoch 115: test-all ROC 0.8237 PR 0.5750 | unseen ROC 0.5000 PR 0.0000 | valAUC 0.9015 | tau+ 0.500
[OUTPOST-v4] epoch 116: test-all ROC 0.8212 PR 0.5863 | unseen ROC 0.5000 PR 0.0000 | valAUC 0.9237 | tau+ 0.500
[OUTPOST-v4] epoch 117: test-all ROC 0.8284 PR 0.5942 | unseen ROC 0.5000 PR 0.0000 | valAUC 0.9303 | tau+ 0.500
[OUTPOST-v4] epoch 118: test-all ROC 0.8257 PR 0.5982 | unseen ROC 0.5000 PR 0.0000 | valAUC 0.9132 | tau+ 0.500
[OUTPOST-v4] epoch 119: test-all ROC 0.8327 PR 0.5975 | unseen ROC 0.5000 PR 0.0000 | valAUC 0.9159 | tau+ 0.500
[OUTPOST-v4] epoch 120: test-all ROC 0.8329 PR 0.6110 | unseen ROC 0.5000 PR 0.0000 | valAUC 0.8928 | tau+ 0.500
[OUTPOST-v4] epoch 121: test-all ROC 0.8329 PR 0.6046 | unseen ROC 0.5000 PR 0.0000 | valAUC 0.9246 | tau+ 0.500
[OUTPOST-v4] epoch 122: test-all ROC 0.8354 PR 0.6214 | unseen ROC 0.5000 PR 0.0000 | valAUC 0.9111 | tau+ 0.500
[OUTPOST-v4] epoch 123: test-all ROC 0.8400 PR 0.6288 | unseen ROC 0.5000 PR 0.0000 | valAUC 0.9189 | tau+ 0.500
[OUTPOST-v4] epoch 124: test-all ROC 0.8396 PR 0.6401 | unseen ROC 0.5000 PR 0.0000 | valAUC 0.9393 | tau+ 0.500
[OUTPOST-v4] epoch 125: test-all ROC 0.8409 PR 0.6486 | unseen ROC 0.5000 PR 0.0000 | valAUC 0.8994 | tau+ 0.506
[OUTPOST-v4] epoch 126: test-all ROC 0.8461 PR 0.6532 | unseen ROC 0.5000 PR 0.0000 | valAUC 0.9051 | tau+ 0.500
[OUTPOST-v4] epoch 127: test-all ROC 0.8544 PR 0.6786 | unseen ROC 0.5000 PR 0.0000 | valAUC 0.9171 | tau+ 0.500
[OUTPOST-v4] epoch 128: test-all ROC 0.8544 PR 0.6715 | unseen ROC 0.5000 PR 0.0000 | valAUC 0.9258 | tau+ 0.500
[OUTPOST-v4] epoch 129: test-all ROC 0.8553 PR 0.6749 | unseen ROC 0.5000 PR 0.0000 | valAUC 0.9243 | tau+ 0.500
[OUTPOST-v4] epoch 130: test-all ROC 0.8589 PR 0.6934 | unseen ROC 0.5000 PR 0.0000 | valAUC 0.9063 | tau+ 0.510
[OUTPOST-v4] epoch 131: test-all ROC 0.8524 PR 0.6842 | unseen ROC 0.5000 PR 0.0000 | valAUC 0.9246 | tau+ 0.500
[OUTPOST-v4] epoch 132: test-all ROC 0.8581 PR 0.6909 | unseen ROC 0.5000 PR 0.0000 | valAUC 0.9249 | tau+ 0.500
[OUTPOST-v4] epoch 133: test-all ROC 0.8638 PR 0.6970 | unseen ROC 0.5000 PR 0.0000 | valAUC 0.9291 | tau+ 0.500
[OUTPOST-v4] epoch 134: test-all ROC 0.8655 PR 0.6927 | unseen ROC 0.5000 PR 0.0000 | valAUC 0.9147 | tau+ 0.500
[OUTPOST-v4] epoch 135: test-all ROC 0.8627 PR 0.6991 | unseen ROC 0.5000 PR 0.0000 | valAUC 0.9135 | tau+ 0.500
[OUTPOST-v4] epoch 136: test-all ROC 0.8655 PR 0.7048 | unseen ROC 0.5000 PR 0.0000 | valAUC 0.9204 | tau+ 0.500
[OUTPOST-v4] epoch 137: test-all ROC 0.8642 PR 0.6989 | unseen ROC 0.5000 PR 0.0000 | valAUC 0.9141 | tau+ 0.500
[OUTPOST-v4] epoch 138: test-all ROC 0.8688 PR 0.7157 | unseen ROC 0.5000 PR 0.0000 | valAUC 0.9249 | tau+ 0.586
[OUTPOST-v4] epoch 139: test-all ROC 0.8710 PR 0.7215 | unseen ROC 0.5000 PR 0.0000 | valAUC 0.9168 | tau+ 0.519
[OUTPOST-v4] epoch 140: test-all ROC 0.8690 PR 0.7195 | unseen ROC 0.5000 PR 0.0000 | valAUC 0.9405 | tau+ 0.500
[OUTPOST-v4] epoch 141: test-all ROC 0.8683 PR 0.7132 | unseen ROC 0.5000 PR 0.0000 | valAUC 0.9144 | tau+ 0.500
[OUTPOST-v4] epoch 142: test-all ROC 0.8703 PR 0.7216 | unseen ROC 0.5000 PR 0.0000 | valAUC 0.9111 | tau+ 0.530
[OUTPOST-v4] epoch 143: test-all ROC 0.8704 PR 0.7236 | unseen ROC 0.5000 PR 0.0000 | valAUC 0.9502 | tau+ 0.500
[OUTPOST-v4] epoch 144: test-all ROC 0.8680 PR 0.7276 | unseen ROC 0.5000 PR 0.0000 | valAUC 0.9288 | tau+ 0.633
[OUTPOST-v4] epoch 145: test-all ROC 0.8727 PR 0.7424 | unseen ROC 0.5000 PR 0.0000 | valAUC 0.9291 | tau+ 0.500
[OUTPOST-v4] epoch 146: test-all ROC 0.8717 PR 0.7400 | unseen ROC 0.5000 PR 0.0000 | valAUC 0.9435 | tau+ 0.500
[OUTPOST-v4] epoch 147: test-all ROC 0.8770 PR 0.7509 | unseen ROC 0.5000 PR 0.0000 | valAUC 0.9360 | tau+ 0.730
[OUTPOST-v4] epoch 148: test-all ROC 0.8749 PR 0.7481 | unseen ROC 0.5000 PR 0.0000 | valAUC 0.9441 | tau+ 0.597
[OUTPOST-v4] epoch 149: test-all ROC 0.8804 PR 0.7638 | unseen ROC 0.5000 PR 0.0000 | valAUC 0.9399 | tau+ 0.754
[OUTPOST-v4] epoch 150: test-all ROC 0.8806 PR 0.7633 | unseen ROC 0.5000 PR 0.0000 | valAUC 0.9453 | tau+ 0.696
[OUTPOST-v4] epoch 151: test-all ROC 0.8792 PR 0.7637 | unseen ROC 0.5000 PR 0.0000 | valAUC 0.9315 | tau+ 0.690
[OUTPOST-v4] epoch 152: test-all ROC 0.8782 PR 0.7674 | unseen ROC 0.5000 PR 0.0000 | valAUC 0.9300 | tau+ 0.783
[OUTPOST-v4] epoch 153: test-all ROC 0.8792 PR 0.7649 | unseen ROC 0.5000 PR 0.0000 | valAUC 0.9459 | tau+ 0.781
[OUTPOST-v4] epoch 154: test-all ROC 0.8805 PR 0.7751 | unseen ROC 0.5000 PR 0.0000 | valAUC 0.9462 | tau+ 0.711
[OUTPOST-v4] epoch 155: test-all ROC 0.8765 PR 0.7774 | unseen ROC 0.5000 PR 0.0000 | valAUC 0.9372 | tau+ 0.782
[OUTPOST-v4] epoch 156: test-all ROC 0.8800 PR 0.7832 | unseen ROC 0.5000 PR 0.0000 | valAUC 0.9216 | tau+ 0.782
[OUTPOST-v4] epoch 157: test-all ROC 0.8801 PR 0.7847 | unseen ROC 0.5000 PR 0.0000 | valAUC 0.9408 | tau+ 0.773
[OUTPOST-v4] epoch 158: test-all ROC 0.8767 PR 0.7805 | unseen ROC 0.5000 PR 0.0000 | valAUC 0.9432 | tau+ 0.829
[OUTPOST-v4] epoch 159: test-all ROC 0.8752 PR 0.7763 | unseen ROC 0.5000 PR 0.0000 | valAUC 0.9508 | tau+ 0.825
[OUTPOST-v4] epoch 160: test-all ROC 0.8767 PR 0.7740 | unseen ROC 0.5000 PR 0.0000 | valAUC 0.9396 | tau+ 0.839
[OUTPOST-v4] epoch 161: test-all ROC 0.8763 PR 0.7730 | unseen ROC 0.5000 PR 0.0000 | valAUC 0.9348 | tau+ 0.867
[OUTPOST-v4] epoch 162: test-all ROC 0.8769 PR 0.7780 | unseen ROC 0.5000 PR 0.0000 | valAUC 0.9270 | tau+ 0.885
[OUTPOST-v4] epoch 163: test-all ROC 0.8754 PR 0.7756 | unseen ROC 0.5000 PR 0.0000 | valAUC 0.9444 | tau+ 0.835
[OUTPOST-v4] epoch 164: test-all ROC 0.8779 PR 0.7822 | unseen ROC 0.5000 PR 0.0000 | valAUC 0.9324 | tau+ 0.887
[OUTPOST-v4] epoch 165: test-all ROC 0.8779 PR 0.7821 | unseen ROC 0.5000 PR 0.0000 | valAUC 0.9351 | tau+ 0.864
[OUTPOST-v4] epoch 166: test-all ROC 0.8760 PR 0.7827 | unseen ROC 0.5000 PR 0.0000 | valAUC 0.9354 | tau+ 0.864
[OUTPOST-v4] epoch 167: test-all ROC 0.8798 PR 0.7802 | unseen ROC 0.5000 PR 0.0000 | valAUC 0.9378 | tau+ 0.925
[OUTPOST-v4] epoch 168: test-all ROC 0.8810 PR 0.7806 | unseen ROC 0.5000 PR 0.0000 | valAUC 0.9315 | tau+ 0.909
[OUTPOST-v4] epoch 169: test-all ROC 0.8822 PR 0.7847 | unseen ROC 0.5000 PR 0.0000 | valAUC 0.9405 | tau+ 0.936
[OUTPOST-v4] epoch 170: test-all ROC 0.8853 PR 0.7875 | unseen ROC 0.5000 PR 0.0000 | valAUC 0.9450 | tau+ 0.936
[OUTPOST-v4] epoch 171: test-all ROC 0.8850 PR 0.7860 | unseen ROC 0.5000 PR 0.0000 | valAUC 0.9345 | tau+ 0.943
[OUTPOST-v4] epoch 172: test-all ROC 0.8859 PR 0.7840 | unseen ROC 0.5000 PR 0.0000 | valAUC 0.9399 | tau+ 0.945
[OUTPOST-v4] epoch 173: test-all ROC 0.8889 PR 0.7850 | unseen ROC 0.5000 PR 0.0000 | valAUC 0.9465 | tau+ 0.936
[OUTPOST-v4] epoch 174: test-all ROC 0.8902 PR 0.7876 | unseen ROC 0.5000 PR 0.0000 | valAUC 0.9444 | tau+ 0.952
[OUTPOST-v4] epoch 175: test-all ROC 0.8921 PR 0.7886 | unseen ROC 0.5000 PR 0.0000 | valAUC 0.9450 | tau+ 0.945
[OUTPOST-v4] epoch 176: test-all ROC 0.8952 PR 0.7909 | unseen ROC 0.5000 PR 0.0000 | valAUC 0.9405 | tau+ 0.946
[OUTPOST-v4] epoch 177: test-all ROC 0.8926 PR 0.7853 | unseen ROC 0.5000 PR 0.0000 | valAUC 0.9408 | tau+ 0.940
[OUTPOST-v4] epoch 178: test-all ROC 0.8934 PR 0.7902 | unseen ROC 0.5000 PR 0.0000 | valAUC 0.9517 | tau+ 0.957
[OUTPOST-v4] epoch 179: test-all ROC 0.8932 PR 0.7816 | unseen ROC 0.5000 PR 0.0000 | valAUC 0.9435 | tau+ 0.958
[OUTPOST-v4] epoch 180: test-all ROC 0.8948 PR 0.7923 | unseen ROC 0.5000 PR 0.0000 | valAUC 0.9447 | tau+ 0.946
[OUTPOST-v4] epoch 181: test-all ROC 0.8939 PR 0.7919 | unseen ROC 0.5000 PR 0.0000 | valAUC 0.9435 | tau+ 0.960
[OUTPOST-v4] epoch 182: test-all ROC 0.8929 PR 0.7892 | unseen ROC 0.5000 PR 0.0000 | valAUC 0.9529 | tau+ 0.953
[OUTPOST-v4] epoch 183: test-all ROC 0.8925 PR 0.7905 | unseen ROC 0.5000 PR 0.0000 | valAUC 0.9402 | tau+ 0.960
[OUTPOST-v4] epoch 184: test-all ROC 0.8958 PR 0.7944 | unseen ROC 0.5000 PR 0.0000 | valAUC 0.9538 | tau+ 0.965
[OUTPOST-v4] epoch 185: test-all ROC 0.8929 PR 0.7919 | unseen ROC 0.5000 PR 0.0000 | valAUC 0.9444 | tau+ 0.957
[OUTPOST-v4] epoch 186: test-all ROC 0.8963 PR 0.7916 | unseen ROC 0.5000 PR 0.0000 | valAUC 0.9453 | tau+ 0.956
[OUTPOST-v4] epoch 187: test-all ROC 0.8922 PR 0.7851 | unseen ROC 0.5000 PR 0.0000 | valAUC 0.9495 | tau+ 0.924
[OUTPOST-v4] epoch 188: test-all ROC 0.8980 PR 0.7934 | unseen ROC 0.5000 PR 0.0000 | valAUC 0.9474 | tau+ 0.914
[OUTPOST-v4] epoch 189: test-all ROC 0.8984 PR 0.7893 | unseen ROC 0.5000 PR 0.0000 | valAUC 0.9486 | tau+ 0.965
[OUTPOST-v4] epoch 190: test-all ROC 0.9001 PR 0.7912 | unseen ROC 0.5000 PR 0.0000 | valAUC 0.9538 | tau+ 0.952
[OUTPOST-v4] epoch 191: test-all ROC 0.9068 PR 0.7943 | unseen ROC 0.5000 PR 0.0000 | valAUC 0.9429 | tau+ 0.955
[OUTPOST-v4] epoch 192: test-all ROC 0.9029 PR 0.7934 | unseen ROC 0.5000 PR 0.0000 | valAUC 0.9477 | tau+ 0.935
[OUTPOST-v4] epoch 193: test-all ROC 0.9017 PR 0.7888 | unseen ROC 0.5000 PR 0.0000 | valAUC 0.9438 | tau+ 0.960
[OUTPOST-v4] epoch 194: test-all ROC 0.9008 PR 0.7952 | unseen ROC 0.5000 PR 0.0000 | valAUC 0.9369 | tau+ 0.957
[OUTPOST-v4] epoch 195: test-all ROC 0.9001 PR 0.7862 | unseen ROC 0.5000 PR 0.0000 | valAUC 0.9511 | tau+ 0.933
[OUTPOST-v4] epoch 196: test-all ROC 0.9030 PR 0.7914 | unseen ROC 0.5000 PR 0.0000 | valAUC 0.9495 | tau+ 0.939
[OUTPOST-v4] epoch 197: test-all ROC 0.9046 PR 0.7943 | unseen ROC 0.5000 PR 0.0000 | valAUC 0.9468 | tau+ 0.929
[OUTPOST-v4] epoch 198: test-all ROC 0.9051 PR 0.7936 | unseen ROC 0.5000 PR 0.0000 | valAUC 0.9495 | tau+ 0.927
[OUTPOST-v4] epoch 199: test-all ROC 0.9078 PR 0.8007 | unseen ROC 0.5000 PR 0.0000 | valAUC 0.9447 | tau+ 0.950
[OUTPOST-v4] epoch 200: test-all ROC 0.9076 PR 0.7952 | unseen ROC 0.5000 PR 0.0000 | valAUC 0.9697 | tau+ 0.914
[OUTPOST-v4] epoch 201: test-all ROC 0.9102 PR 0.7971 | unseen ROC 0.5000 PR 0.0000 | valAUC 0.9378 | tau+ 0.925
[OUTPOST-v4] epoch 202: test-all ROC 0.9109 PR 0.7944 | unseen ROC 0.5000 PR 0.0000 | valAUC 0.9511 | tau+ 0.942
[OUTPOST-v4] epoch 203: test-all ROC 0.9134 PR 0.7962 | unseen ROC 0.5000 PR 0.0000 | valAUC 0.9505 | tau+ 0.932
[OUTPOST-v4] epoch 204: test-all ROC 0.9115 PR 0.7914 | unseen ROC 0.5000 PR 0.0000 | valAUC 0.9414 | tau+ 0.943
[OUTPOST-v4] epoch 205: test-all ROC 0.9146 PR 0.7972 | unseen ROC 0.5000 PR 0.0000 | valAUC 0.9417 | tau+ 0.944
[OUTPOST-v4] epoch 206: test-all ROC 0.9106 PR 0.7996 | unseen ROC 0.5000 PR 0.0000 | valAUC 0.9529 | tau+ 0.935
[OUTPOST-v4] epoch 207: test-all ROC 0.9128 PR 0.7949 | unseen ROC 0.5000 PR 0.0000 | valAUC 0.9420 | tau+ 0.932
[OUTPOST-v4] epoch 208: test-all ROC 0.9160 PR 0.8014 | unseen ROC 0.5000 PR 0.0000 | valAUC 0.9526 | tau+ 0.892
[OUTPOST-v4] epoch 209: test-all ROC 0.9197 PR 0.8022 | unseen ROC 0.5000 PR 0.0000 | valAUC 0.9523 | tau+ 0.941
[OUTPOST-v4] epoch 210: test-all ROC 0.9208 PR 0.7995 | unseen ROC 0.5000 PR 0.0000 | valAUC 0.9486 | tau+ 0.945
[OUTPOST-v4] epoch 211: test-all ROC 0.9212 PR 0.7997 | unseen ROC 0.5000 PR 0.0000 | valAUC 0.9520 | tau+ 0.885
[OUTPOST-v4] epoch 212: test-all ROC 0.9226 PR 0.8020 | unseen ROC 0.5000 PR 0.0000 | valAUC 0.9598 | tau+ 0.941
[OUTPOST-v4] epoch 213: test-all ROC 0.9229 PR 0.8027 | unseen ROC 0.5000 PR 0.0000 | valAUC 0.9655 | tau+ 0.925
[OUTPOST-v4] epoch 214: test-all ROC 0.9259 PR 0.8038 | unseen ROC 0.5000 PR 0.0000 | valAUC 0.9532 | tau+ 0.913
[OUTPOST-v4] epoch 215: test-all ROC 0.9241 PR 0.8114 | unseen ROC 0.5000 PR 0.0000 | valAUC 0.9649 | tau+ 0.850
[OUTPOST-v4] epoch 216: test-all ROC 0.9297 PR 0.8094 | unseen ROC 0.5000 PR 0.0000 | valAUC 0.9724 | tau+ 0.926
[OUTPOST-v4] epoch 217: test-all ROC 0.9324 PR 0.8096 | unseen ROC 0.5000 PR 0.0000 | valAUC 0.9592 | tau+ 0.942
[OUTPOST-v4] epoch 218: test-all ROC 0.9319 PR 0.8044 | unseen ROC 0.5000 PR 0.0000 | valAUC 0.9495 | tau+ 0.898
[OUTPOST-v4] epoch 219: test-all ROC 0.9332 PR 0.8099 | unseen ROC 0.5000 PR 0.0000 | valAUC 0.9607 | tau+ 0.943
[OUTPOST-v4] epoch 220: test-all ROC 0.9283 PR 0.8061 | unseen ROC 0.5000 PR 0.0000 | valAUC 0.9577 | tau+ 0.935
[OUTPOST-v4] epoch 221: test-all ROC 0.9290 PR 0.8046 | unseen ROC 0.5000 PR 0.0000 | valAUC 0.9550 | tau+ 0.909
[OUTPOST-v4] epoch 222: test-all ROC 0.9269 PR 0.8069 | unseen ROC 0.5000 PR 0.0000 | valAUC 0.9595 | tau+ 0.934
[OUTPOST-v4] epoch 223: test-all ROC 0.9208 PR 0.8014 | unseen ROC 0.5000 PR 0.0000 | valAUC 0.9465 | tau+ 0.945
[OUTPOST-v4] epoch 224: test-all ROC 0.9212 PR 0.8009 | unseen ROC 0.5000 PR 0.0000 | valAUC 0.9529 | tau+ 0.935
[OUTPOST-v4] epoch 225: test-all ROC 0.9225 PR 0.7997 | unseen ROC 0.5000 PR 0.0000 | valAUC 0.9655 | tau+ 0.899
[OUTPOST-v4] epoch 226: test-all ROC 0.9284 PR 0.7952 | unseen ROC 0.5000 PR 0.0000 | valAUC 0.9565 | tau+ 0.934
[OUTPOST-v4] epoch 227: test-all ROC 0.9251 PR 0.7972 | unseen ROC 0.5000 PR 0.0000 | valAUC 0.9495 | tau+ 0.927
[OUTPOST-v4] epoch 228: test-all ROC 0.9272 PR 0.8047 | unseen ROC 0.5000 PR 0.0000 | valAUC 0.9583 | tau+ 0.850
[OUTPOST-v4] epoch 229: test-all ROC 0.9251 PR 0.8007 | unseen ROC 0.5000 PR 0.0000 | valAUC 0.9700 | tau+ 0.922
[OUTPOST-v4] epoch 230: test-all ROC 0.9284 PR 0.8082 | unseen ROC 0.5000 PR 0.0000 | valAUC 0.9604 | tau+ 0.916
[OUTPOST-v4] epoch 231: test-all ROC 0.9288 PR 0.8032 | unseen ROC 0.5000 PR 0.0000 | valAUC 0.9517 | tau+ 0.928
[OUTPOST-v4] epoch 232: test-all ROC 0.9353 PR 0.8044 | unseen ROC 0.5000 PR 0.0000 | valAUC 0.9601 | tau+ 0.898
[OUTPOST-v4] epoch 233: test-all ROC 0.9310 PR 0.8047 | unseen ROC 0.5000 PR 0.0000 | valAUC 0.9559 | tau+ 0.936
[OUTPOST-v4] epoch 234: test-all ROC 0.9325 PR 0.8077 | unseen ROC 0.5000 PR 0.0000 | valAUC 0.9787 | tau+ 0.942
[OUTPOST-v4] epoch 235: test-all ROC 0.9323 PR 0.8097 | unseen ROC 0.5000 PR 0.0000 | valAUC 0.9649 | tau+ 0.900
[OUTPOST-v4] epoch 236: test-all ROC 0.9319 PR 0.8050 | unseen ROC 0.5000 PR 0.0000 | valAUC 0.9706 | tau+ 0.925
[OUTPOST-v4] epoch 237: test-all ROC 0.9307 PR 0.8059 | unseen ROC 0.5000 PR 0.0000 | valAUC 0.9583 | tau+ 0.887
[OUTPOST-v4] epoch 238: test-all ROC 0.9322 PR 0.8098 | unseen ROC 0.5000 PR 0.0000 | valAUC 0.9511 | tau+ 0.927
[OUTPOST-v4] epoch 239: test-all ROC 0.9364 PR 0.8084 | unseen ROC 0.5000 PR 0.0000 | valAUC 0.9541 | tau+ 0.959
[OUTPOST-v4] epoch 240: test-all ROC 0.9328 PR 0.8025 | unseen ROC 0.5000 PR 0.0000 | valAUC 0.9634 | tau+ 0.940
[OUTPOST-v4] epoch 241: test-all ROC 0.9376 PR 0.8046 | unseen ROC 0.5000 PR 0.0000 | valAUC 0.9646 | tau+ 0.904
[OUTPOST-v4] epoch 242: test-all ROC 0.9382 PR 0.8102 | unseen ROC 0.5000 PR 0.0000 | valAUC 0.9700 | tau+ 0.948
[OUTPOST-v4] epoch 243: test-all ROC 0.9410 PR 0.8152 | unseen ROC 0.5000 PR 0.0000 | valAUC 0.9616 | tau+ 0.906
[OUTPOST-v4] epoch 244: test-all ROC 0.9367 PR 0.8131 | unseen ROC 0.5000 PR 0.0000 | valAUC 0.9703 | tau+ 0.911
[OUTPOST-v4] epoch 245: test-all ROC 0.9412 PR 0.8162 | unseen ROC 0.5000 PR 0.0000 | valAUC 0.9498 | tau+ 0.950
[OUTPOST-v4] epoch 246: test-all ROC 0.9361 PR 0.8132 | unseen ROC 0.5000 PR 0.0000 | valAUC 0.9679 | tau+ 0.922
[OUTPOST-v4] epoch 247: test-all ROC 0.9406 PR 0.8177 | unseen ROC 0.5000 PR 0.0000 | valAUC 0.9535 | tau+ 0.963
[OUTPOST-v4] epoch 248: test-all ROC 0.9400 PR 0.8108 | unseen ROC 0.5000 PR 0.0000 | valAUC 0.9447 | tau+ 0.965
[OUTPOST-v4] epoch 249: test-all ROC 0.9379 PR 0.8112 | unseen ROC 0.5000 PR 0.0000 | valAUC 0.9505 | tau+ 0.931
[OUTPOST-v4] epoch 250: test-all ROC 0.9406 PR 0.8133 | unseen ROC 0.5000 PR 0.0000 | valAUC 0.9486 | tau+ 0.939
[OUTPOST-v4] epoch 251: test-all ROC 0.9366 PR 0.8161 | unseen ROC 0.5000 PR 0.0000 | valAUC 0.9607 | tau+ 0.942
[OUTPOST-v4] epoch 252: test-all ROC 0.9332 PR 0.8162 | unseen ROC 0.5000 PR 0.0000 | valAUC 0.9613 | tau+ 0.913
[OUTPOST-v4] epoch 253: test-all ROC 0.9375 PR 0.8110 | unseen ROC 0.5000 PR 0.0000 | valAUC 0.9688 | tau+ 0.916
[OUTPOST-v4] epoch 254: test-all ROC 0.9402 PR 0.8123 | unseen ROC 0.5000 PR 0.0000 | valAUC 0.9577 | tau+ 0.878
[OUTPOST-v4] epoch 255: test-all ROC 0.9413 PR 0.8063 | unseen ROC 0.5000 PR 0.0000 | valAUC 0.9733 | tau+ 0.889
[OUTPOST-v4] epoch 256: test-all ROC 0.9445 PR 0.8100 | unseen ROC 0.5000 PR 0.0000 | valAUC 0.9637 | tau+ 0.914
[OUTPOST-v4] epoch 257: test-all ROC 0.9478 PR 0.8126 | unseen ROC 0.5000 PR 0.0000 | valAUC 0.9673 | tau+ 0.893
[OUTPOST-v4] epoch 258: test-all ROC 0.9443 PR 0.8147 | unseen ROC 0.5000 PR 0.0000 | valAUC 0.9667 | tau+ 0.927
[OUTPOST-v4] epoch 259: test-all ROC 0.9396 PR 0.8156 | unseen ROC 0.5000 PR 0.0000 | valAUC 0.9691 | tau+ 0.847
[OUTPOST-v4] epoch 260: test-all ROC 0.9444 PR 0.8171 | unseen ROC 0.5000 PR 0.0000 | valAUC 0.9619 | tau+ 0.864
[OUTPOST-v4] epoch 261: test-all ROC 0.9472 PR 0.8141 | unseen ROC 0.5000 PR 0.0000 | valAUC 0.9694 | tau+ 0.805
[OUTPOST-v4] epoch 262: test-all ROC 0.9489 PR 0.8050 | unseen ROC 0.5000 PR 0.0000 | valAUC 0.9694 | tau+ 0.912
[OUTPOST-v4] epoch 263: test-all ROC 0.9485 PR 0.8172 | unseen ROC 0.5000 PR 0.0000 | valAUC 0.9679 | tau+ 0.875
[OUTPOST-v4] epoch 264: test-all ROC 0.9500 PR 0.8201 | unseen ROC 0.5000 PR 0.0000 | valAUC 0.9763 | tau+ 0.881
[OUTPOST-v4] epoch 265: test-all ROC 0.9464 PR 0.8131 | unseen ROC 0.5000 PR 0.0000 | valAUC 0.9664 | tau+ 0.918
[OUTPOST-v4] epoch 266: test-all ROC 0.9413 PR 0.8161 | unseen ROC 0.5000 PR 0.0000 | valAUC 0.9712 | tau+ 0.929
[OUTPOST-v4] epoch 267: test-all ROC 0.9388 PR 0.8151 | unseen ROC 0.5000 PR 0.0000 | valAUC 0.9703 | tau+ 0.930
[OUTPOST-v4] epoch 268: test-all ROC 0.9394 PR 0.8132 | unseen ROC 0.5000 PR 0.0000 | valAUC 0.9736 | tau+ 0.901
[OUTPOST-v4] epoch 269: test-all ROC 0.9359 PR 0.8147 | unseen ROC 0.5000 PR 0.0000 | valAUC 0.9577 | tau+ 0.844
[OUTPOST-v4] epoch 270: test-all ROC 0.9474 PR 0.8158 | unseen ROC 0.5000 PR 0.0000 | valAUC 0.9655 | tau+ 0.895
[OUTPOST-v4] epoch 271: test-all ROC 0.9487 PR 0.8168 | unseen ROC 0.5000 PR 0.0000 | valAUC 0.9715 | tau+ 0.900
[OUTPOST-v4] epoch 272: test-all ROC 0.9509 PR 0.8180 | unseen ROC 0.5000 PR 0.0000 | valAUC 0.9562 | tau+ 0.949
[OUTPOST-v4] epoch 273: test-all ROC 0.9472 PR 0.8243 | unseen ROC 0.5000 PR 0.0000 | valAUC 0.9679 | tau+ 0.905
[OUTPOST-v4] epoch 274: test-all ROC 0.9477 PR 0.8248 | unseen ROC 0.5000 PR 0.0000 | valAUC 0.9682 | tau+ 0.924
[OUTPOST-v4] epoch 275: test-all ROC 0.9392 PR 0.8138 | unseen ROC 0.5000 PR 0.0000 | valAUC 0.9700 | tau+ 0.938
[OUTPOST-v4] epoch 276: test-all ROC 0.9414 PR 0.8244 | unseen ROC 0.5000 PR 0.0000 | valAUC 0.9742 | tau+ 0.947
[OUTPOST-v4] epoch 277: test-all ROC 0.9436 PR 0.8201 | unseen ROC 0.5000 PR 0.0000 | valAUC 0.9718 | tau+ 0.924
[OUTPOST-v4] epoch 278: test-all ROC 0.9499 PR 0.8184 | unseen ROC 0.5000 PR 0.0000 | valAUC 0.9721 | tau+ 0.952
[OUTPOST-v4] epoch 279: test-all ROC 0.9434 PR 0.8186 | unseen ROC 0.5000 PR 0.0000 | valAUC 0.9778 | tau+ 0.727
[OUTPOST-v4] epoch 280: test-all ROC 0.9443 PR 0.8093 | unseen ROC 0.5000 PR 0.0000 | valAUC 0.9667 | tau+ 0.964
[OUTPOST-v4] epoch 281: test-all ROC 0.9466 PR 0.8163 | unseen ROC 0.5000 PR 0.0000 | valAUC 0.9631 | tau+ 0.938
[OUTPOST-v4] epoch 282: test-all ROC 0.9400 PR 0.8160 | unseen ROC 0.5000 PR 0.0000 | valAUC 0.9610 | tau+ 0.937
[OUTPOST-v4] epoch 283: test-all ROC 0.9380 PR 0.8156 | unseen ROC 0.5000 PR 0.0000 | valAUC 0.9664 | tau+ 0.846
[OUTPOST-v4] epoch 284: test-all ROC 0.9435 PR 0.8199 | unseen ROC 0.5000 PR 0.0000 | valAUC 0.9619 | tau+ 0.848
[OUTPOST-v4] epoch 285: test-all ROC 0.9468 PR 0.8233 | unseen ROC 0.5000 PR 0.0000 | valAUC 0.9757 | tau+ 0.889
[OUTPOST-v4] epoch 286: test-all ROC 0.9458 PR 0.8199 | unseen ROC 0.5000 PR 0.0000 | valAUC 0.9754 | tau+ 0.902
[OUTPOST-v4] epoch 287: test-all ROC 0.9463 PR 0.8135 | unseen ROC 0.5000 PR 0.0000 | valAUC 0.9760 | tau+ 0.888
[OUTPOST-v4] epoch 288: test-all ROC 0.9452 PR 0.8170 | unseen ROC 0.5000 PR 0.0000 | valAUC 0.9607 | tau+ 0.876
[OUTPOST-v4] epoch 289: test-all ROC 0.9497 PR 0.8288 | unseen ROC 0.5000 PR 0.0000 | valAUC 0.9721 | tau+ 0.944
[OUTPOST-v4] epoch 290: test-all ROC 0.9473 PR 0.8272 | unseen ROC 0.5000 PR 0.0000 | valAUC 0.9622 | tau+ 0.878
[OUTPOST-v4] epoch 291: test-all ROC 0.9448 PR 0.8127 | unseen ROC 0.5000 PR 0.0000 | valAUC 0.9700 | tau+ 0.863
[OUTPOST-v4] epoch 292: test-all ROC 0.9480 PR 0.8234 | unseen ROC 0.5000 PR 0.0000 | valAUC 0.9565 | tau+ 0.899
[OUTPOST-v4] epoch 293: test-all ROC 0.9486 PR 0.8197 | unseen ROC 0.5000 PR 0.0000 | valAUC 0.9631 | tau+ 0.934
[OUTPOST-v4] epoch 294: test-all ROC 0.9466 PR 0.8188 | unseen ROC 0.5000 PR 0.0000 | valAUC 0.9580 | tau+ 0.911
[OUTPOST-v4] epoch 295: test-all ROC 0.9487 PR 0.8198 | unseen ROC 0.5000 PR 0.0000 | valAUC 0.9757 | tau+ 0.847
[OUTPOST-v4] epoch 296: test-all ROC 0.9470 PR 0.8181 | unseen ROC 0.5000 PR 0.0000 | valAUC 0.9766 | tau+ 0.881
[OUTPOST-v4] epoch 297: test-all ROC 0.9511 PR 0.8214 | unseen ROC 0.5000 PR 0.0000 | valAUC 0.9823 | tau+ 0.943
[OUTPOST-v4] epoch 298: test-all ROC 0.9512 PR 0.8229 | unseen ROC 0.5000 PR 0.0000 | valAUC 0.9700 | tau+ 0.843
[OUTPOST-v4] epoch 299: test-all ROC 0.9455 PR 0.8189 | unseen ROC 0.5000 PR 0.0000 | valAUC 0.9541 | tau+ 0.887
[OUTPOST-v4] epoch 300: test-all ROC 0.9492 PR 0.8184 | unseen ROC 0.5000 PR 0.0000 | valAUC 0.9604 | tau+ 0.827
[OUTPOST-v4] epoch 301: test-all ROC 0.9496 PR 0.8215 | unseen ROC 0.5000 PR 0.0000 | valAUC 0.9673 | tau+ 0.909
[OUTPOST-v4] epoch 302: test-all ROC 0.9542 PR 0.8189 | unseen ROC 0.5000 PR 0.0000 | valAUC 0.9715 | tau+ 0.916
[OUTPOST-v4] epoch 303: test-all ROC 0.9495 PR 0.8234 | unseen ROC 0.5000 PR 0.0000 | valAUC 0.9685 | tau+ 0.932
[OUTPOST-v4] epoch 304: test-all ROC 0.9506 PR 0.8297 | unseen ROC 0.5000 PR 0.0000 | valAUC 0.9583 | tau+ 0.905
[OUTPOST-v4] epoch 305: test-all ROC 0.9496 PR 0.8174 | unseen ROC 0.5000 PR 0.0000 | valAUC 0.9742 | tau+ 0.916
[OUTPOST-v4] epoch 306: test-all ROC 0.9437 PR 0.8194 | unseen ROC 0.5000 PR 0.0000 | valAUC 0.9796 | tau+ 0.909
[OUTPOST-v4] epoch 307: test-all ROC 0.9428 PR 0.8148 | unseen ROC 0.5000 PR 0.0000 | valAUC 0.9736 | tau+ 0.886
[OUTPOST-v4] epoch 308: test-all ROC 0.9463 PR 0.8222 | unseen ROC 0.5000 PR 0.0000 | valAUC 0.9697 | tau+ 0.925
[OUTPOST-v4] epoch 309: test-all ROC 0.9424 PR 0.8163 | unseen ROC 0.5000 PR 0.0000 | valAUC 0.9643 | tau+ 0.920
[OUTPOST-v4] epoch 310: test-all ROC 0.9438 PR 0.8166 | unseen ROC 0.5000 PR 0.0000 | valAUC 0.9511 | tau+ 0.931
[OUTPOST-v4] epoch 311: test-all ROC 0.9454 PR 0.8182 | unseen ROC 0.5000 PR 0.0000 | valAUC 0.9757 | tau+ 0.935
[OUTPOST-v4] epoch 312: test-all ROC 0.9419 PR 0.8166 | unseen ROC 0.5000 PR 0.0000 | valAUC 0.9700 | tau+ 0.922
[OUTPOST-v4] epoch 313: test-all ROC 0.9401 PR 0.8107 | unseen ROC 0.5000 PR 0.0000 | valAUC 0.9754 | tau+ 0.908
[OUTPOST-v4] epoch 314: test-all ROC 0.9397 PR 0.8119 | unseen ROC 0.5000 PR 0.0000 | valAUC 0.9661 | tau+ 0.918
[OUTPOST-v4] epoch 315: test-all ROC 0.9403 PR 0.8112 | unseen ROC 0.5000 PR 0.0000 | valAUC 0.9739 | tau+ 0.925
[OUTPOST-v4] epoch 316: test-all ROC 0.9448 PR 0.8053 | unseen ROC 0.5000 PR 0.0000 | valAUC 0.9712 | tau+ 0.896
[OUTPOST-v4] epoch 317: test-all ROC 0.9462 PR 0.8258 | unseen ROC 0.5000 PR 0.0000 | valAUC 0.9724 | tau+ 0.911
[OUTPOST-v4] epoch 318: test-all ROC 0.9477 PR 0.8235 | unseen ROC 0.5000 PR 0.0000 | valAUC 0.9775 | tau+ 0.805
[OUTPOST-v4] epoch 319: test-all ROC 0.9486 PR 0.8245 | unseen ROC 0.5000 PR 0.0000 | valAUC 0.9640 | tau+ 0.804
[OUTPOST-v4] epoch 320: test-all ROC 0.9488 PR 0.8201 | unseen ROC 0.5000 PR 0.0000 | valAUC 0.9523 | tau+ 0.794
[OUTPOST-v4] epoch 321: test-all ROC 0.9457 PR 0.8227 | unseen ROC 0.5000 PR 0.0000 | valAUC 0.9634 | tau+ 0.919
[OUTPOST-v4] epoch 322: test-all ROC 0.9474 PR 0.8176 | unseen ROC 0.5000 PR 0.0000 | valAUC 0.9685 | tau+ 0.884
[OUTPOST-v4] epoch 323: test-all ROC 0.9496 PR 0.8081 | unseen ROC 0.5000 PR 0.0000 | valAUC 0.9655 | tau+ 0.925
[OUTPOST-v4] epoch 324: test-all ROC 0.9486 PR 0.8252 | unseen ROC 0.5000 PR 0.0000 | valAUC 0.9637 | tau+ 0.947
[OUTPOST-v4] epoch 325: test-all ROC 0.9484 PR 0.8200 | unseen ROC 0.5000 PR 0.0000 | valAUC 0.9673 | tau+ 0.926
[OUTPOST-v4] epoch 326: test-all ROC 0.9460 PR 0.8149 | unseen ROC 0.5000 PR 0.0000 | valAUC 0.9757 | tau+ 0.929
[OUTPOST-v4] epoch 327: test-all ROC 0.9448 PR 0.8221 | unseen ROC 0.5000 PR 0.0000 | valAUC 0.9670 | tau+ 0.922
[OUTPOST-v4] epoch 328: test-all ROC 0.9478 PR 0.8164 | unseen ROC 0.5000 PR 0.0000 | valAUC 0.9709 | tau+ 0.962
[OUTPOST-v4] epoch 329: test-all ROC 0.9463 PR 0.8153 | unseen ROC 0.5000 PR 0.0000 | valAUC 0.9748 | tau+ 0.906
[OUTPOST-v4] epoch 330: test-all ROC 0.9495 PR 0.8270 | unseen ROC 0.5000 PR 0.0000 | valAUC 0.9664 | tau+ 0.924
[OUTPOST-v4] epoch 331: test-all ROC 0.9502 PR 0.8209 | unseen ROC 0.5000 PR 0.0000 | valAUC 0.9724 | tau+ 0.843
[OUTPOST-v4] epoch 332: test-all ROC 0.9525 PR 0.8236 | unseen ROC 0.5000 PR 0.0000 | valAUC 0.9766 | tau+ 0.871
[OUTPOST-v4] epoch 333: test-all ROC 0.9480 PR 0.8146 | unseen ROC 0.5000 PR 0.0000 | valAUC 0.9736 | tau+ 0.952
[OUTPOST-v4] epoch 334: test-all ROC 0.9484 PR 0.8233 | unseen ROC 0.5000 PR 0.0000 | valAUC 0.9850 | tau+ 0.821
[OUTPOST-v4] epoch 335: test-all ROC 0.9413 PR 0.8143 | unseen ROC 0.5000 PR 0.0000 | valAUC 0.9697 | tau+ 0.937
[OUTPOST-v4] epoch 336: test-all ROC 0.9433 PR 0.8228 | unseen ROC 0.5000 PR 0.0000 | valAUC 0.9853 | tau+ 0.818
[OUTPOST-v4] epoch 337: test-all ROC 0.9429 PR 0.8092 | unseen ROC 0.5000 PR 0.0000 | valAUC 0.9637 | tau+ 0.853
[OUTPOST-v4] epoch 338: test-all ROC 0.9472 PR 0.8152 | unseen ROC 0.5000 PR 0.0000 | valAUC 0.9748 | tau+ 0.953
[OUTPOST-v4] epoch 339: test-all ROC 0.9486 PR 0.8202 | unseen ROC 0.5000 PR 0.0000 | valAUC 0.9697 | tau+ 0.943
[OUTPOST-v4] epoch 340: test-all ROC 0.9486 PR 0.8287 | unseen ROC 0.5000 PR 0.0000 | valAUC 0.9565 | tau+ 0.935
[OUTPOST-v4] epoch 341: test-all ROC 0.9459 PR 0.8245 | unseen ROC 0.5000 PR 0.0000 | valAUC 0.9619 | tau+ 0.907
[OUTPOST-v4] epoch 342: test-all ROC 0.9480 PR 0.8238 | unseen ROC 0.5000 PR 0.0000 | valAUC 0.9718 | tau+ 0.931
[OUTPOST-v4] epoch 343: test-all ROC 0.9468 PR 0.8226 | unseen ROC 0.5000 PR 0.0000 | valAUC 0.9772 | tau+ 0.905
[OUTPOST-v4] epoch 344: test-all ROC 0.9472 PR 0.8126 | unseen ROC 0.5000 PR 0.0000 | valAUC 0.9601 | tau+ 0.878
[OUTPOST-v4] epoch 345: test-all ROC 0.9511 PR 0.8130 | unseen ROC 0.5000 PR 0.0000 | valAUC 0.9667 | tau+ 0.917
[OUTPOST-v4] epoch 346: test-all ROC 0.9454 PR 0.8145 | unseen ROC 0.5000 PR 0.0000 | valAUC 0.9679 | tau+ 0.866
[OUTPOST-v4] epoch 347: test-all ROC 0.9446 PR 0.8190 | unseen ROC 0.5000 PR 0.0000 | valAUC 0.9754 | tau+ 0.867
[OUTPOST-v4] epoch 348: test-all ROC 0.9500 PR 0.8175 | unseen ROC 0.5000 PR 0.0000 | valAUC 0.9781 | tau+ 0.847
[OUTPOST-v4] epoch 349: test-all ROC 0.9523 PR 0.8338 | unseen ROC 0.5000 PR 0.0000 | valAUC 0.9685 | tau+ 0.807
[OUTPOST-v4] epoch 350: test-all ROC 0.9541 PR 0.8216 | unseen ROC 0.5000 PR 0.0000 | valAUC 0.9535 | tau+ 0.933
[OUTPOST-v4] epoch 351: test-all ROC 0.9532 PR 0.8243 | unseen ROC 0.5000 PR 0.0000 | valAUC 0.9604 | tau+ 0.889
[OUTPOST-v4] epoch 352: test-all ROC 0.9495 PR 0.8168 | unseen ROC 0.5000 PR 0.0000 | valAUC 0.9709 | tau+ 0.875
[OUTPOST-v4] epoch 353: test-all ROC 0.9471 PR 0.8273 | unseen ROC 0.5000 PR 0.0000 | valAUC 0.9745 | tau+ 0.928
[OUTPOST-v4] epoch 354: test-all ROC 0.9465 PR 0.8271 | unseen ROC 0.5000 PR 0.0000 | valAUC 0.9679 | tau+ 0.936
[OUTPOST-v4] epoch 355: test-all ROC 0.9485 PR 0.8207 | unseen ROC 0.5000 PR 0.0000 | valAUC 0.9691 | tau+ 0.886
[OUTPOST-v4] epoch 356: test-all ROC 0.9462 PR 0.8187 | unseen ROC 0.5000 PR 0.0000 | valAUC 0.9688 | tau+ 0.972
[OUTPOST-v4] epoch 357: test-all ROC 0.9436 PR 0.8184 | unseen ROC 0.5000 PR 0.0000 | valAUC 0.9733 | tau+ 0.954
[OUTPOST-v4] epoch 358: test-all ROC 0.9400 PR 0.8140 | unseen ROC 0.5000 PR 0.0000 | valAUC 0.9697 | tau+ 0.900
[OUTPOST-v4] epoch 359: test-all ROC 0.9411 PR 0.8152 | unseen ROC 0.5000 PR 0.0000 | valAUC 0.9667 | tau+ 0.866
[OUTPOST-v4] epoch 360: test-all ROC 0.9440 PR 0.8172 | unseen ROC 0.5000 PR 0.0000 | valAUC 0.9550 | tau+ 0.952
[OUTPOST-v4] epoch 361: test-all ROC 0.9479 PR 0.8258 | unseen ROC 0.5000 PR 0.0000 | valAUC 0.9700 | tau+ 0.906
[OUTPOST-v4] epoch 362: test-all ROC 0.9471 PR 0.8209 | unseen ROC 0.5000 PR 0.0000 | valAUC 0.9772 | tau+ 0.906
[OUTPOST-v4] epoch 363: test-all ROC 0.9514 PR 0.8271 | unseen ROC 0.5000 PR 0.0000 | valAUC 0.9688 | tau+ 0.949
[OUTPOST-v4] epoch 364: test-all ROC 0.9510 PR 0.8231 | unseen ROC 0.5000 PR 0.0000 | valAUC 0.9826 | tau+ 0.679
[OUTPOST-v4] epoch 365: test-all ROC 0.9505 PR 0.8243 | unseen ROC 0.5000 PR 0.0000 | valAUC 0.9790 | tau+ 0.908
[OUTPOST-v4] epoch 366: test-all ROC 0.9517 PR 0.8254 | unseen ROC 0.5000 PR 0.0000 | valAUC 0.9760 | tau+ 0.896
[OUTPOST-v4] epoch 367: test-all ROC 0.9488 PR 0.8278 | unseen ROC 0.5000 PR 0.0000 | valAUC 0.9685 | tau+ 0.926
[OUTPOST-v4] epoch 368: test-all ROC 0.9505 PR 0.8248 | unseen ROC 0.5000 PR 0.0000 | valAUC 0.9715 | tau+ 0.839
[OUTPOST-v4] epoch 369: test-all ROC 0.9509 PR 0.8290 | unseen ROC 0.5000 PR 0.0000 | valAUC 0.9562 | tau+ 0.949
[OUTPOST-v4] epoch 370: test-all ROC 0.9475 PR 0.8232 | unseen ROC 0.5000 PR 0.0000 | valAUC 0.9712 | tau+ 0.921
[OUTPOST-v4] epoch 371: test-all ROC 0.9473 PR 0.8198 | unseen ROC 0.5000 PR 0.0000 | valAUC 0.9589 | tau+ 0.950
[OUTPOST-v4] epoch 372: test-all ROC 0.9425 PR 0.8273 | unseen ROC 0.5000 PR 0.0000 | valAUC 0.9592 | tau+ 0.963
[OUTPOST-v4] epoch 373: test-all ROC 0.9412 PR 0.8186 | unseen ROC 0.5000 PR 0.0000 | valAUC 0.9712 | tau+ 0.979
[OUTPOST-v4] epoch 374: test-all ROC 0.9379 PR 0.8180 | unseen ROC 0.5000 PR 0.0000 | valAUC 0.9673 | tau+ 0.961
[OUTPOST-v4] epoch 375: test-all ROC 0.9397 PR 0.8207 | unseen ROC 0.5000 PR 0.0000 | valAUC 0.9745 | tau+ 0.896
[OUTPOST-v4] epoch 376: test-all ROC 0.9424 PR 0.8234 | unseen ROC 0.5000 PR 0.0000 | valAUC 0.9826 | tau+ 0.944
[OUTPOST-v4] epoch 377: test-all ROC 0.9471 PR 0.8252 | unseen ROC 0.5000 PR 0.0000 | valAUC 0.9748 | tau+ 0.839
[OUTPOST-v4] epoch 378: test-all ROC 0.9466 PR 0.8171 | unseen ROC 0.5000 PR 0.0000 | valAUC 0.9691 | tau+ 0.924
[OUTPOST-v4] epoch 379: test-all ROC 0.9513 PR 0.8268 | unseen ROC 0.5000 PR 0.0000 | valAUC 0.9748 | tau+ 0.906
[OUTPOST-v4] epoch 380: test-all ROC 0.9460 PR 0.8236 | unseen ROC 0.5000 PR 0.0000 | valAUC 0.9607 | tau+ 0.900
[OUTPOST-v4] epoch 381: test-all ROC 0.9485 PR 0.8175 | unseen ROC 0.5000 PR 0.0000 | valAUC 0.9748 | tau+ 0.804
[OUTPOST-v4] epoch 382: test-all ROC 0.9479 PR 0.8247 | unseen ROC 0.5000 PR 0.0000 | valAUC 0.9688 | tau+ 0.862
[OUTPOST-v4] epoch 383: test-all ROC 0.9482 PR 0.8193 | unseen ROC 0.5000 PR 0.0000 | valAUC 0.9468 | tau+ 0.896
[OUTPOST-v4] epoch 384: test-all ROC 0.9517 PR 0.8244 | unseen ROC 0.5000 PR 0.0000 | valAUC 0.9793 | tau+ 0.879
[OUTPOST-v4] epoch 385: test-all ROC 0.9506 PR 0.8203 | unseen ROC 0.5000 PR 0.0000 | valAUC 0.9802 | tau+ 0.913
[OUTPOST-v4] epoch 386: test-all ROC 0.9497 PR 0.8248 | unseen ROC 0.5000 PR 0.0000 | valAUC 0.9790 | tau+ 0.895
[OUTPOST-v4] epoch 387: test-all ROC 0.9470 PR 0.8236 | unseen ROC 0.5000 PR 0.0000 | valAUC 0.9640 | tau+ 0.918
[OUTPOST-v4] epoch 388: test-all ROC 0.9383 PR 0.8217 | unseen ROC 0.5000 PR 0.0000 | valAUC 0.9586 | tau+ 0.933
[OUTPOST-v4] epoch 389: test-all ROC 0.9400 PR 0.8140 | unseen ROC 0.5000 PR 0.0000 | valAUC 0.9492 | tau+ 0.979
[OUTPOST-v4] epoch 390: test-all ROC 0.9408 PR 0.8154 | unseen ROC 0.5000 PR 0.0000 | valAUC 0.9556 | tau+ 0.919
[OUTPOST-v4] epoch 391: test-all ROC 0.9424 PR 0.8146 | unseen ROC 0.5000 PR 0.0000 | valAUC 0.9832 | tau+ 0.933
[OUTPOST-v4] epoch 392: test-all ROC 0.9469 PR 0.8189 | unseen ROC 0.5000 PR 0.0000 | valAUC 0.9577 | tau+ 0.976
[OUTPOST-v4] epoch 393: test-all ROC 0.9471 PR 0.8168 | unseen ROC 0.5000 PR 0.0000 | valAUC 0.9715 | tau+ 0.897
[OUTPOST-v4] epoch 394: test-all ROC 0.9440 PR 0.8115 | unseen ROC 0.5000 PR 0.0000 | valAUC 0.9754 | tau+ 0.838
[OUTPOST-v4] epoch 395: test-all ROC 0.9454 PR 0.8180 | unseen ROC 0.5000 PR 0.0000 | valAUC 0.9694 | tau+ 0.933
[OUTPOST-v4] epoch 396: test-all ROC 0.9471 PR 0.8257 | unseen ROC 0.5000 PR 0.0000 | valAUC 0.9462 | tau+ 0.792
[OUTPOST-v4] epoch 397: test-all ROC 0.9466 PR 0.8223 | unseen ROC 0.5000 PR 0.0000 | valAUC 0.9745 | tau+ 0.861
[OUTPOST-v4] epoch 398: test-all ROC 0.9448 PR 0.8206 | unseen ROC 0.5000 PR 0.0000 | valAUC 0.9670 | tau+ 0.822
[OUTPOST-v4] epoch 399: test-all ROC 0.9484 PR 0.8236 | unseen ROC 0.5000 PR 0.0000 | valAUC 0.9826 | tau+ 0.871
  rotation 1: ROC 0.9542 PR 0.8338
[amazon] params 6913, peak GPU 0.22 GB, 7.1 min total

[amazon] AGGREGATE  best-over-epochs: ROC 0.9542 PR 0.8338
[amazon] AGGREGATE  val-selected:     ROC 0.9433 PR 0.8228
row appended to results/results.csv
