# gpu=3 cmd=/usr/bin/python3 -u main.py --dataset amazon --seed 0 --method outpost --tag T_hidden16 --set hidden_dim=16 sim_topk_frac=0.0 --save-scores
/nas/home/jahin/.local/lib/python3.10/site-packages/requests/__init__.py:113: RequestsDependencyWarning: urllib3 (1.26.5) or chardet (7.2.0)/charset_normalizer (3.4.4) doesn't match a supported version!
  warnings.warn(
[amazon] anomaly classes (rotations): [np.int64(1)]
Normal classes: [np.int64(0)] in amazon
Building multi-layer GraphSage
[OUTPOST-v4] epoch 0: test-all ROC 0.3437 PR 0.0482 | unseen ROC 0.5000 PR 0.0000 | valAUC 0.4129 | tau+ 0.930
[OUTPOST-v4] epoch 1: test-all ROC 0.4900 PR 0.0630 | unseen ROC 0.5000 PR 0.0000 | valAUC 0.5180 | tau+ 0.500
[OUTPOST-v4] epoch 2: test-all ROC 0.5987 PR 0.1087 | unseen ROC 0.5000 PR 0.0000 | valAUC 0.5760 | tau+ 0.500
[OUTPOST-v4] epoch 3: test-all ROC 0.6390 PR 0.1405 | unseen ROC 0.5000 PR 0.0000 | valAUC 0.6465 | tau+ 0.500
[OUTPOST-v4] epoch 4: test-all ROC 0.6697 PR 0.1494 | unseen ROC 0.5000 PR 0.0000 | valAUC 0.6889 | tau+ 0.500
[OUTPOST-v4] epoch 5: test-all ROC 0.6711 PR 0.1560 | unseen ROC 0.5000 PR 0.0000 | valAUC 0.7033 | tau+ 0.500
[OUTPOST-v4] epoch 6: test-all ROC 0.6692 PR 0.1552 | unseen ROC 0.5000 PR 0.0000 | valAUC 0.7036 | tau+ 0.500
[OUTPOST-v4] epoch 7: test-all ROC 0.6826 PR 0.1540 | unseen ROC 0.5000 PR 0.0000 | valAUC 0.6808 | tau+ 0.500
[OUTPOST-v4] epoch 8: test-all ROC 0.6712 PR 0.1472 | unseen ROC 0.5000 PR 0.0000 | valAUC 0.5829 | tau+ 0.500
[OUTPOST-v4] epoch 9: test-all ROC 0.6666 PR 0.1507 | unseen ROC 0.5000 PR 0.0000 | valAUC 0.6973 | tau+ 0.500
[OUTPOST-v4] epoch 10: test-all ROC 0.6852 PR 0.1552 | unseen ROC 0.5000 PR 0.0000 | valAUC 0.6553 | tau+ 0.500
[OUTPOST-v4] epoch 11: test-all ROC 0.6895 PR 0.1626 | unseen ROC 0.5000 PR 0.0000 | valAUC 0.7075 | tau+ 0.500
[OUTPOST-v4] epoch 12: test-all ROC 0.6791 PR 0.1516 | unseen ROC 0.5000 PR 0.0000 | valAUC 0.6727 | tau+ 0.500
[OUTPOST-v4] epoch 13: test-all ROC 0.6737 PR 0.1517 | unseen ROC 0.5000 PR 0.0000 | valAUC 0.6550 | tau+ 0.500
[OUTPOST-v4] epoch 14: test-all ROC 0.6813 PR 0.1630 | unseen ROC 0.5000 PR 0.0000 | valAUC 0.6216 | tau+ 0.500
[OUTPOST-v4] epoch 15: test-all ROC 0.6925 PR 0.1585 | unseen ROC 0.5000 PR 0.0000 | valAUC 0.7006 | tau+ 0.500
[OUTPOST-v4] epoch 16: test-all ROC 0.6795 PR 0.1614 | unseen ROC 0.5000 PR 0.0000 | valAUC 0.6718 | tau+ 0.500
[OUTPOST-v4] epoch 17: test-all ROC 0.6900 PR 0.1661 | unseen ROC 0.5000 PR 0.0000 | valAUC 0.6520 | tau+ 0.500
[OUTPOST-v4] epoch 18: test-all ROC 0.6841 PR 0.1621 | unseen ROC 0.5000 PR 0.0000 | valAUC 0.6790 | tau+ 0.500
[OUTPOST-v4] epoch 19: test-all ROC 0.6881 PR 0.1630 | unseen ROC 0.5000 PR 0.0000 | valAUC 0.6628 | tau+ 0.500
[OUTPOST-v4] epoch 20: test-all ROC 0.6789 PR 0.1557 | unseen ROC 0.5000 PR 0.0000 | valAUC 0.6526 | tau+ 0.500
[OUTPOST-v4] epoch 21: test-all ROC 0.6902 PR 0.1601 | unseen ROC 0.5000 PR 0.0000 | valAUC 0.7045 | tau+ 0.500
[OUTPOST-v4] epoch 22: test-all ROC 0.6814 PR 0.1600 | unseen ROC 0.5000 PR 0.0000 | valAUC 0.6736 | tau+ 0.500
[OUTPOST-v4] epoch 23: test-all ROC 0.6810 PR 0.1563 | unseen ROC 0.5000 PR 0.0000 | valAUC 0.6967 | tau+ 0.500
[OUTPOST-v4] epoch 24: test-all ROC 0.6866 PR 0.1724 | unseen ROC 0.5000 PR 0.0000 | valAUC 0.7165 | tau+ 0.500
[OUTPOST-v4] epoch 25: test-all ROC 0.6933 PR 0.1652 | unseen ROC 0.5000 PR 0.0000 | valAUC 0.6967 | tau+ 0.500
[OUTPOST-v4] epoch 26: test-all ROC 0.6896 PR 0.1658 | unseen ROC 0.5000 PR 0.0000 | valAUC 0.6802 | tau+ 0.500
[OUTPOST-v4] epoch 27: test-all ROC 0.7136 PR 0.1877 | unseen ROC 0.5000 PR 0.0000 | valAUC 0.6733 | tau+ 0.500
[OUTPOST-v4] epoch 28: test-all ROC 0.7020 PR 0.1688 | unseen ROC 0.5000 PR 0.0000 | valAUC 0.7150 | tau+ 0.500
[OUTPOST-v4] epoch 29: test-all ROC 0.6990 PR 0.1832 | unseen ROC 0.5000 PR 0.0000 | valAUC 0.7261 | tau+ 0.500
[OUTPOST-v4] epoch 30: test-all ROC 0.6980 PR 0.1788 | unseen ROC 0.5000 PR 0.0000 | valAUC 0.7441 | tau+ 0.500
[OUTPOST-v4] epoch 31: test-all ROC 0.7050 PR 0.1789 | unseen ROC 0.5000 PR 0.0000 | valAUC 0.7012 | tau+ 0.500
[OUTPOST-v4] epoch 32: test-all ROC 0.6977 PR 0.1822 | unseen ROC 0.5000 PR 0.0000 | valAUC 0.7060 | tau+ 0.500
[OUTPOST-v4] epoch 33: test-all ROC 0.7080 PR 0.1849 | unseen ROC 0.5000 PR 0.0000 | valAUC 0.7087 | tau+ 0.500
[OUTPOST-v4] epoch 34: test-all ROC 0.7117 PR 0.1801 | unseen ROC 0.5000 PR 0.0000 | valAUC 0.6940 | tau+ 0.500
[OUTPOST-v4] epoch 35: test-all ROC 0.7098 PR 0.1933 | unseen ROC 0.5000 PR 0.0000 | valAUC 0.7036 | tau+ 0.500
[OUTPOST-v4] epoch 36: test-all ROC 0.7068 PR 0.1841 | unseen ROC 0.5000 PR 0.0000 | valAUC 0.6982 | tau+ 0.500
[OUTPOST-v4] epoch 37: test-all ROC 0.7213 PR 0.1941 | unseen ROC 0.5000 PR 0.0000 | valAUC 0.6667 | tau+ 0.500
[OUTPOST-v4] epoch 38: test-all ROC 0.7204 PR 0.1915 | unseen ROC 0.5000 PR 0.0000 | valAUC 0.7159 | tau+ 0.500
[OUTPOST-v4] epoch 39: test-all ROC 0.7190 PR 0.1890 | unseen ROC 0.5000 PR 0.0000 | valAUC 0.7438 | tau+ 0.500
[OUTPOST-v4] epoch 40: test-all ROC 0.7227 PR 0.2083 | unseen ROC 0.5000 PR 0.0000 | valAUC 0.6838 | tau+ 0.500
[OUTPOST-v4] epoch 41: test-all ROC 0.7258 PR 0.1992 | unseen ROC 0.5000 PR 0.0000 | valAUC 0.7069 | tau+ 0.500
[OUTPOST-v4] epoch 42: test-all ROC 0.7273 PR 0.1988 | unseen ROC 0.5000 PR 0.0000 | valAUC 0.7492 | tau+ 0.500
[OUTPOST-v4] epoch 43: test-all ROC 0.7138 PR 0.2026 | unseen ROC 0.5000 PR 0.0000 | valAUC 0.7315 | tau+ 0.500
[OUTPOST-v4] epoch 44: test-all ROC 0.7250 PR 0.2185 | unseen ROC 0.5000 PR 0.0000 | valAUC 0.7411 | tau+ 0.500
[OUTPOST-v4] epoch 45: test-all ROC 0.7209 PR 0.2028 | unseen ROC 0.5000 PR 0.0000 | valAUC 0.6880 | tau+ 0.500
[OUTPOST-v4] epoch 46: test-all ROC 0.7320 PR 0.2133 | unseen ROC 0.5000 PR 0.0000 | valAUC 0.7264 | tau+ 0.500
[OUTPOST-v4] epoch 47: test-all ROC 0.7203 PR 0.1956 | unseen ROC 0.5000 PR 0.0000 | valAUC 0.6868 | tau+ 0.500
[OUTPOST-v4] epoch 48: test-all ROC 0.7208 PR 0.2041 | unseen ROC 0.5000 PR 0.0000 | valAUC 0.7063 | tau+ 0.500
[OUTPOST-v4] epoch 49: test-all ROC 0.7228 PR 0.2092 | unseen ROC 0.5000 PR 0.0000 | valAUC 0.6934 | tau+ 0.500
[OUTPOST-v4] epoch 50: test-all ROC 0.7279 PR 0.2075 | unseen ROC 0.5000 PR 0.0000 | valAUC 0.7508 | tau+ 0.500
[OUTPOST-v4] epoch 51: test-all ROC 0.7294 PR 0.2047 | unseen ROC 0.5000 PR 0.0000 | valAUC 0.6802 | tau+ 0.500
[OUTPOST-v4] epoch 52: test-all ROC 0.7192 PR 0.2137 | unseen ROC 0.5000 PR 0.0000 | valAUC 0.7276 | tau+ 0.500
[OUTPOST-v4] epoch 53: test-all ROC 0.7228 PR 0.2104 | unseen ROC 0.5000 PR 0.0000 | valAUC 0.6940 | tau+ 0.500
[OUTPOST-v4] epoch 54: test-all ROC 0.7294 PR 0.2079 | unseen ROC 0.5000 PR 0.0000 | valAUC 0.6982 | tau+ 0.500
[OUTPOST-v4] epoch 55: test-all ROC 0.7296 PR 0.2180 | unseen ROC 0.5000 PR 0.0000 | valAUC 0.6877 | tau+ 0.500
[OUTPOST-v4] epoch 56: test-all ROC 0.7341 PR 0.2192 | unseen ROC 0.5000 PR 0.0000 | valAUC 0.6646 | tau+ 0.500
[OUTPOST-v4] epoch 57: test-all ROC 0.7245 PR 0.2058 | unseen ROC 0.5000 PR 0.0000 | valAUC 0.6898 | tau+ 0.500
[OUTPOST-v4] epoch 58: test-all ROC 0.7296 PR 0.2144 | unseen ROC 0.5000 PR 0.0000 | valAUC 0.7069 | tau+ 0.500
[OUTPOST-v4] epoch 59: test-all ROC 0.7261 PR 0.2102 | unseen ROC 0.5000 PR 0.0000 | valAUC 0.6883 | tau+ 0.500
[OUTPOST-v4] epoch 60: test-all ROC 0.7332 PR 0.2256 | unseen ROC 0.5000 PR 0.0000 | valAUC 0.7060 | tau+ 0.500
[OUTPOST-v4] epoch 61: test-all ROC 0.7337 PR 0.2291 | unseen ROC 0.5000 PR 0.0000 | valAUC 0.7483 | tau+ 0.500
[OUTPOST-v4] epoch 62: test-all ROC 0.7350 PR 0.2277 | unseen ROC 0.5000 PR 0.0000 | valAUC 0.7162 | tau+ 0.500
[OUTPOST-v4] epoch 63: test-all ROC 0.7346 PR 0.2283 | unseen ROC 0.5000 PR 0.0000 | valAUC 0.7324 | tau+ 0.500
[OUTPOST-v4] epoch 64: test-all ROC 0.7366 PR 0.2228 | unseen ROC 0.5000 PR 0.0000 | valAUC 0.6604 | tau+ 0.500
[OUTPOST-v4] epoch 65: test-all ROC 0.7340 PR 0.2329 | unseen ROC 0.5000 PR 0.0000 | valAUC 0.7267 | tau+ 0.500
[OUTPOST-v4] epoch 66: test-all ROC 0.7425 PR 0.2377 | unseen ROC 0.5000 PR 0.0000 | valAUC 0.6589 | tau+ 0.500
[OUTPOST-v4] epoch 67: test-all ROC 0.7349 PR 0.2225 | unseen ROC 0.5000 PR 0.0000 | valAUC 0.7177 | tau+ 0.500
[OUTPOST-v4] epoch 68: test-all ROC 0.7352 PR 0.2376 | unseen ROC 0.5000 PR 0.0000 | valAUC 0.7339 | tau+ 0.500
[OUTPOST-v4] epoch 69: test-all ROC 0.7409 PR 0.2382 | unseen ROC 0.5000 PR 0.0000 | valAUC 0.7270 | tau+ 0.500
[OUTPOST-v4] epoch 70: test-all ROC 0.7400 PR 0.2367 | unseen ROC 0.5000 PR 0.0000 | valAUC 0.7315 | tau+ 0.500
[OUTPOST-v4] epoch 71: test-all ROC 0.7364 PR 0.2336 | unseen ROC 0.5000 PR 0.0000 | valAUC 0.7222 | tau+ 0.500
[OUTPOST-v4] epoch 72: test-all ROC 0.7402 PR 0.2332 | unseen ROC 0.5000 PR 0.0000 | valAUC 0.7174 | tau+ 0.500
[OUTPOST-v4] epoch 73: test-all ROC 0.7401 PR 0.2273 | unseen ROC 0.5000 PR 0.0000 | valAUC 0.7123 | tau+ 0.500
[OUTPOST-v4] epoch 74: test-all ROC 0.7411 PR 0.2512 | unseen ROC 0.5000 PR 0.0000 | valAUC 0.6775 | tau+ 0.500
[OUTPOST-v4] epoch 75: test-all ROC 0.7412 PR 0.2371 | unseen ROC 0.5000 PR 0.0000 | valAUC 0.6925 | tau+ 0.500
[OUTPOST-v4] epoch 76: test-all ROC 0.7494 PR 0.2414 | unseen ROC 0.5000 PR 0.0000 | valAUC 0.6865 | tau+ 0.500
[OUTPOST-v4] epoch 77: test-all ROC 0.7479 PR 0.2501 | unseen ROC 0.5000 PR 0.0000 | valAUC 0.7048 | tau+ 0.500
[OUTPOST-v4] epoch 78: test-all ROC 0.7526 PR 0.2552 | unseen ROC 0.5000 PR 0.0000 | valAUC 0.7318 | tau+ 0.500
[OUTPOST-v4] epoch 79: test-all ROC 0.7439 PR 0.2455 | unseen ROC 0.5000 PR 0.0000 | valAUC 0.7096 | tau+ 0.500
[OUTPOST-v4] epoch 80: test-all ROC 0.7448 PR 0.2513 | unseen ROC 0.5000 PR 0.0000 | valAUC 0.6859 | tau+ 0.500
[OUTPOST-v4] epoch 81: test-all ROC 0.7459 PR 0.2596 | unseen ROC 0.5000 PR 0.0000 | valAUC 0.6853 | tau+ 0.500
[OUTPOST-v4] epoch 82: test-all ROC 0.7443 PR 0.2499 | unseen ROC 0.5000 PR 0.0000 | valAUC 0.6949 | tau+ 0.500
[OUTPOST-v4] epoch 83: test-all ROC 0.7410 PR 0.2518 | unseen ROC 0.5000 PR 0.0000 | valAUC 0.6796 | tau+ 0.500
[OUTPOST-v4] epoch 84: test-all ROC 0.7497 PR 0.2505 | unseen ROC 0.5000 PR 0.0000 | valAUC 0.7048 | tau+ 0.500
[OUTPOST-v4] epoch 85: test-all ROC 0.7556 PR 0.2621 | unseen ROC 0.5000 PR 0.0000 | valAUC 0.6895 | tau+ 0.500
[OUTPOST-v4] epoch 86: test-all ROC 0.7458 PR 0.2550 | unseen ROC 0.5000 PR 0.0000 | valAUC 0.7387 | tau+ 0.500
[OUTPOST-v4] epoch 87: test-all ROC 0.7528 PR 0.2606 | unseen ROC 0.5000 PR 0.0000 | valAUC 0.7192 | tau+ 0.500
[OUTPOST-v4] epoch 88: test-all ROC 0.7474 PR 0.2718 | unseen ROC 0.5000 PR 0.0000 | valAUC 0.7559 | tau+ 0.500
[OUTPOST-v4] epoch 89: test-all ROC 0.7495 PR 0.2606 | unseen ROC 0.5000 PR 0.0000 | valAUC 0.7670 | tau+ 0.500
[OUTPOST-v4] epoch 90: test-all ROC 0.7549 PR 0.2707 | unseen ROC 0.5000 PR 0.0000 | valAUC 0.6712 | tau+ 0.500
[OUTPOST-v4] epoch 91: test-all ROC 0.7536 PR 0.2741 | unseen ROC 0.5000 PR 0.0000 | valAUC 0.7450 | tau+ 0.500
[OUTPOST-v4] epoch 92: test-all ROC 0.7463 PR 0.2694 | unseen ROC 0.5000 PR 0.0000 | valAUC 0.7474 | tau+ 0.500
[OUTPOST-v4] epoch 93: test-all ROC 0.7561 PR 0.2689 | unseen ROC 0.5000 PR 0.0000 | valAUC 0.6952 | tau+ 0.500
[OUTPOST-v4] epoch 94: test-all ROC 0.7545 PR 0.2690 | unseen ROC 0.5000 PR 0.0000 | valAUC 0.7012 | tau+ 0.500
[OUTPOST-v4] epoch 95: test-all ROC 0.7559 PR 0.2714 | unseen ROC 0.5000 PR 0.0000 | valAUC 0.6973 | tau+ 0.500
[OUTPOST-v4] epoch 96: test-all ROC 0.7486 PR 0.2705 | unseen ROC 0.5000 PR 0.0000 | valAUC 0.7255 | tau+ 0.500
[OUTPOST-v4] epoch 97: test-all ROC 0.7543 PR 0.2801 | unseen ROC 0.5000 PR 0.0000 | valAUC 0.7021 | tau+ 0.500
[OUTPOST-v4] epoch 98: test-all ROC 0.7519 PR 0.2720 | unseen ROC 0.5000 PR 0.0000 | valAUC 0.6985 | tau+ 0.500
[OUTPOST-v4] epoch 99: test-all ROC 0.7578 PR 0.2800 | unseen ROC 0.5000 PR 0.0000 | valAUC 0.7393 | tau+ 0.500
[OUTPOST-v4] epoch 100: test-all ROC 0.7532 PR 0.2771 | unseen ROC 0.5000 PR 0.0000 | valAUC 0.7048 | tau+ 0.500
[OUTPOST-v4] epoch 101: test-all ROC 0.7573 PR 0.2843 | unseen ROC 0.5000 PR 0.0000 | valAUC 0.7511 | tau+ 0.500
[OUTPOST-v4] epoch 102: test-all ROC 0.7595 PR 0.2817 | unseen ROC 0.5000 PR 0.0000 | valAUC 0.7261 | tau+ 0.500
[OUTPOST-v4] epoch 103: test-all ROC 0.7578 PR 0.2787 | unseen ROC 0.5000 PR 0.0000 | valAUC 0.7246 | tau+ 0.500
[OUTPOST-v4] epoch 104: test-all ROC 0.7535 PR 0.2832 | unseen ROC 0.5000 PR 0.0000 | valAUC 0.7300 | tau+ 0.500
[OUTPOST-v4] epoch 105: test-all ROC 0.7590 PR 0.2995 | unseen ROC 0.5000 PR 0.0000 | valAUC 0.7444 | tau+ 0.500
[OUTPOST-v4] epoch 106: test-all ROC 0.7543 PR 0.2899 | unseen ROC 0.5000 PR 0.0000 | valAUC 0.7345 | tau+ 0.500
[OUTPOST-v4] epoch 107: test-all ROC 0.7567 PR 0.2918 | unseen ROC 0.5000 PR 0.0000 | valAUC 0.6889 | tau+ 0.500
[OUTPOST-v4] epoch 108: test-all ROC 0.7600 PR 0.2939 | unseen ROC 0.5000 PR 0.0000 | valAUC 0.7231 | tau+ 0.500
[OUTPOST-v4] epoch 109: test-all ROC 0.7553 PR 0.2895 | unseen ROC 0.5000 PR 0.0000 | valAUC 0.7348 | tau+ 0.500
[OUTPOST-v4] epoch 110: test-all ROC 0.7570 PR 0.2941 | unseen ROC 0.5000 PR 0.0000 | valAUC 0.6613 | tau+ 0.500
[OUTPOST-v4] epoch 111: test-all ROC 0.7743 PR 0.3127 | unseen ROC 0.5000 PR 0.0000 | valAUC 0.7018 | tau+ 0.500
[OUTPOST-v4] epoch 112: test-all ROC 0.7723 PR 0.2999 | unseen ROC 0.5000 PR 0.0000 | valAUC 0.7285 | tau+ 0.500
[OUTPOST-v4] epoch 113: test-all ROC 0.7631 PR 0.3121 | unseen ROC 0.5000 PR 0.0000 | valAUC 0.7213 | tau+ 0.500
[OUTPOST-v4] epoch 114: test-all ROC 0.7620 PR 0.3051 | unseen ROC 0.5000 PR 0.0000 | valAUC 0.7417 | tau+ 0.500
[OUTPOST-v4] epoch 115: test-all ROC 0.7691 PR 0.3186 | unseen ROC 0.5000 PR 0.0000 | valAUC 0.7730 | tau+ 0.500
[OUTPOST-v4] epoch 116: test-all ROC 0.7656 PR 0.3025 | unseen ROC 0.5000 PR 0.0000 | valAUC 0.7303 | tau+ 0.500
[OUTPOST-v4] epoch 117: test-all ROC 0.7728 PR 0.3202 | unseen ROC 0.5000 PR 0.0000 | valAUC 0.7135 | tau+ 0.500
[OUTPOST-v4] epoch 118: test-all ROC 0.7648 PR 0.3221 | unseen ROC 0.5000 PR 0.0000 | valAUC 0.7393 | tau+ 0.500
[OUTPOST-v4] epoch 119: test-all ROC 0.7628 PR 0.3227 | unseen ROC 0.5000 PR 0.0000 | valAUC 0.7075 | tau+ 0.500
[OUTPOST-v4] epoch 120: test-all ROC 0.7649 PR 0.3111 | unseen ROC 0.5000 PR 0.0000 | valAUC 0.7123 | tau+ 0.500
[OUTPOST-v4] epoch 121: test-all ROC 0.7613 PR 0.3106 | unseen ROC 0.5000 PR 0.0000 | valAUC 0.6940 | tau+ 0.500
[OUTPOST-v4] epoch 122: test-all ROC 0.7634 PR 0.3143 | unseen ROC 0.5000 PR 0.0000 | valAUC 0.7465 | tau+ 0.500
[OUTPOST-v4] epoch 123: test-all ROC 0.7688 PR 0.3249 | unseen ROC 0.5000 PR 0.0000 | valAUC 0.7153 | tau+ 0.500
[OUTPOST-v4] epoch 124: test-all ROC 0.7641 PR 0.3375 | unseen ROC 0.5000 PR 0.0000 | valAUC 0.7417 | tau+ 0.500
[OUTPOST-v4] epoch 125: test-all ROC 0.7684 PR 0.3461 | unseen ROC 0.5000 PR 0.0000 | valAUC 0.7228 | tau+ 0.500
[OUTPOST-v4] epoch 126: test-all ROC 0.7755 PR 0.3482 | unseen ROC 0.5000 PR 0.0000 | valAUC 0.6568 | tau+ 0.500
[OUTPOST-v4] epoch 127: test-all ROC 0.7748 PR 0.3533 | unseen ROC 0.5000 PR 0.0000 | valAUC 0.7414 | tau+ 0.500
[OUTPOST-v4] epoch 128: test-all ROC 0.7786 PR 0.3547 | unseen ROC 0.5000 PR 0.0000 | valAUC 0.7408 | tau+ 0.500
[OUTPOST-v4] epoch 129: test-all ROC 0.7786 PR 0.3548 | unseen ROC 0.5000 PR 0.0000 | valAUC 0.7661 | tau+ 0.500
[OUTPOST-v4] epoch 130: test-all ROC 0.7750 PR 0.3741 | unseen ROC 0.5000 PR 0.0000 | valAUC 0.7390 | tau+ 0.500
[OUTPOST-v4] epoch 131: test-all ROC 0.7757 PR 0.3621 | unseen ROC 0.5000 PR 0.0000 | valAUC 0.7865 | tau+ 0.500
[OUTPOST-v4] epoch 132: test-all ROC 0.7825 PR 0.3628 | unseen ROC 0.5000 PR 0.0000 | valAUC 0.6898 | tau+ 0.500
[OUTPOST-v4] epoch 133: test-all ROC 0.7819 PR 0.3643 | unseen ROC 0.5000 PR 0.0000 | valAUC 0.7604 | tau+ 0.500
[OUTPOST-v4] epoch 134: test-all ROC 0.7796 PR 0.3708 | unseen ROC 0.5000 PR 0.0000 | valAUC 0.7129 | tau+ 0.500
[OUTPOST-v4] epoch 135: test-all ROC 0.7853 PR 0.3766 | unseen ROC 0.5000 PR 0.0000 | valAUC 0.7649 | tau+ 0.500
[OUTPOST-v4] epoch 136: test-all ROC 0.7893 PR 0.3997 | unseen ROC 0.5000 PR 0.0000 | valAUC 0.7571 | tau+ 0.500
[OUTPOST-v4] epoch 137: test-all ROC 0.7877 PR 0.3847 | unseen ROC 0.5000 PR 0.0000 | valAUC 0.7081 | tau+ 0.500
[OUTPOST-v4] epoch 138: test-all ROC 0.7898 PR 0.3956 | unseen ROC 0.5000 PR 0.0000 | valAUC 0.7306 | tau+ 0.500
[OUTPOST-v4] epoch 139: test-all ROC 0.7869 PR 0.4084 | unseen ROC 0.5000 PR 0.0000 | valAUC 0.7580 | tau+ 0.500
[OUTPOST-v4] epoch 140: test-all ROC 0.7980 PR 0.4253 | unseen ROC 0.5000 PR 0.0000 | valAUC 0.7517 | tau+ 0.500
[OUTPOST-v4] epoch 141: test-all ROC 0.7988 PR 0.4449 | unseen ROC 0.5000 PR 0.0000 | valAUC 0.7279 | tau+ 0.500
[OUTPOST-v4] epoch 142: test-all ROC 0.7990 PR 0.4463 | unseen ROC 0.5000 PR 0.0000 | valAUC 0.7291 | tau+ 0.500
[OUTPOST-v4] epoch 143: test-all ROC 0.8000 PR 0.4386 | unseen ROC 0.5000 PR 0.0000 | valAUC 0.7228 | tau+ 0.500
[OUTPOST-v4] epoch 144: test-all ROC 0.8016 PR 0.4577 | unseen ROC 0.5000 PR 0.0000 | valAUC 0.7634 | tau+ 0.500
[OUTPOST-v4] epoch 145: test-all ROC 0.7961 PR 0.4540 | unseen ROC 0.5000 PR 0.0000 | valAUC 0.7429 | tau+ 0.500
[OUTPOST-v4] epoch 146: test-all ROC 0.8102 PR 0.4654 | unseen ROC 0.5000 PR 0.0000 | valAUC 0.7553 | tau+ 0.500
[OUTPOST-v4] epoch 147: test-all ROC 0.8064 PR 0.4737 | unseen ROC 0.5000 PR 0.0000 | valAUC 0.7120 | tau+ 0.500
[OUTPOST-v4] epoch 148: test-all ROC 0.8056 PR 0.4802 | unseen ROC 0.5000 PR 0.0000 | valAUC 0.7489 | tau+ 0.500
[OUTPOST-v4] epoch 149: test-all ROC 0.8087 PR 0.4871 | unseen ROC 0.5000 PR 0.0000 | valAUC 0.7694 | tau+ 0.500
[OUTPOST-v4] epoch 150: test-all ROC 0.8161 PR 0.4996 | unseen ROC 0.5000 PR 0.0000 | valAUC 0.7492 | tau+ 0.500
[OUTPOST-v4] epoch 151: test-all ROC 0.8174 PR 0.5094 | unseen ROC 0.5000 PR 0.0000 | valAUC 0.7775 | tau+ 0.500
[OUTPOST-v4] epoch 152: test-all ROC 0.8115 PR 0.5118 | unseen ROC 0.5000 PR 0.0000 | valAUC 0.7733 | tau+ 0.500
[OUTPOST-v4] epoch 153: test-all ROC 0.8176 PR 0.5298 | unseen ROC 0.5000 PR 0.0000 | valAUC 0.7925 | tau+ 0.500
[OUTPOST-v4] epoch 154: test-all ROC 0.8214 PR 0.5308 | unseen ROC 0.5000 PR 0.0000 | valAUC 0.7910 | tau+ 0.500
[OUTPOST-v4] epoch 155: test-all ROC 0.8224 PR 0.5248 | unseen ROC 0.5000 PR 0.0000 | valAUC 0.7970 | tau+ 0.500
[OUTPOST-v4] epoch 156: test-all ROC 0.8183 PR 0.5337 | unseen ROC 0.5000 PR 0.0000 | valAUC 0.7766 | tau+ 0.500
[OUTPOST-v4] epoch 157: test-all ROC 0.8160 PR 0.5437 | unseen ROC 0.5000 PR 0.0000 | valAUC 0.7880 | tau+ 0.500
[OUTPOST-v4] epoch 158: test-all ROC 0.8191 PR 0.5332 | unseen ROC 0.5000 PR 0.0000 | valAUC 0.7673 | tau+ 0.500
[OUTPOST-v4] epoch 159: test-all ROC 0.8274 PR 0.5647 | unseen ROC 0.5000 PR 0.0000 | valAUC 0.7895 | tau+ 0.500
[OUTPOST-v4] epoch 160: test-all ROC 0.8285 PR 0.5821 | unseen ROC 0.5000 PR 0.0000 | valAUC 0.7252 | tau+ 0.500
[OUTPOST-v4] epoch 161: test-all ROC 0.8338 PR 0.5861 | unseen ROC 0.5000 PR 0.0000 | valAUC 0.7799 | tau+ 0.500
[OUTPOST-v4] epoch 162: test-all ROC 0.8387 PR 0.6002 | unseen ROC 0.5000 PR 0.0000 | valAUC 0.7417 | tau+ 0.500
[OUTPOST-v4] epoch 163: test-all ROC 0.8412 PR 0.6120 | unseen ROC 0.5000 PR 0.0000 | valAUC 0.7805 | tau+ 0.500
[OUTPOST-v4] epoch 164: test-all ROC 0.8405 PR 0.6106 | unseen ROC 0.5000 PR 0.0000 | valAUC 0.7871 | tau+ 0.500
[OUTPOST-v4] epoch 165: test-all ROC 0.8423 PR 0.6280 | unseen ROC 0.5000 PR 0.0000 | valAUC 0.8093 | tau+ 0.500
[OUTPOST-v4] epoch 166: test-all ROC 0.8428 PR 0.6245 | unseen ROC 0.5000 PR 0.0000 | valAUC 0.7700 | tau+ 0.500
[OUTPOST-v4] epoch 167: test-all ROC 0.8462 PR 0.6304 | unseen ROC 0.5000 PR 0.0000 | valAUC 0.7763 | tau+ 0.500
[OUTPOST-v4] epoch 168: test-all ROC 0.8413 PR 0.6307 | unseen ROC 0.5000 PR 0.0000 | valAUC 0.7643 | tau+ 0.500
[OUTPOST-v4] epoch 169: test-all ROC 0.8427 PR 0.6355 | unseen ROC 0.5000 PR 0.0000 | valAUC 0.7814 | tau+ 0.500
[OUTPOST-v4] epoch 170: test-all ROC 0.8493 PR 0.6577 | unseen ROC 0.5000 PR 0.0000 | valAUC 0.7889 | tau+ 0.500
[OUTPOST-v4] epoch 171: test-all ROC 0.8454 PR 0.6546 | unseen ROC 0.5000 PR 0.0000 | valAUC 0.8060 | tau+ 0.500
[OUTPOST-v4] epoch 172: test-all ROC 0.8563 PR 0.6759 | unseen ROC 0.5000 PR 0.0000 | valAUC 0.7868 | tau+ 0.500
[OUTPOST-v4] epoch 173: test-all ROC 0.8578 PR 0.6867 | unseen ROC 0.5000 PR 0.0000 | valAUC 0.7649 | tau+ 0.500
[OUTPOST-v4] epoch 174: test-all ROC 0.8560 PR 0.6872 | unseen ROC 0.5000 PR 0.0000 | valAUC 0.8066 | tau+ 0.500
[OUTPOST-v4] epoch 175: test-all ROC 0.8571 PR 0.6917 | unseen ROC 0.5000 PR 0.0000 | valAUC 0.8174 | tau+ 0.500
[OUTPOST-v4] epoch 176: test-all ROC 0.8548 PR 0.6927 | unseen ROC 0.5000 PR 0.0000 | valAUC 0.8093 | tau+ 0.500
[OUTPOST-v4] epoch 177: test-all ROC 0.8573 PR 0.6896 | unseen ROC 0.5000 PR 0.0000 | valAUC 0.7940 | tau+ 0.500
[OUTPOST-v4] epoch 178: test-all ROC 0.8559 PR 0.6860 | unseen ROC 0.5000 PR 0.0000 | valAUC 0.8330 | tau+ 0.500
[OUTPOST-v4] epoch 179: test-all ROC 0.8633 PR 0.6961 | unseen ROC 0.5000 PR 0.0000 | valAUC 0.8006 | tau+ 0.500
[OUTPOST-v4] epoch 180: test-all ROC 0.8564 PR 0.6961 | unseen ROC 0.5000 PR 0.0000 | valAUC 0.7646 | tau+ 0.500
[OUTPOST-v4] epoch 181: test-all ROC 0.8597 PR 0.7077 | unseen ROC 0.5000 PR 0.0000 | valAUC 0.8282 | tau+ 0.500
[OUTPOST-v4] epoch 182: test-all ROC 0.8584 PR 0.7110 | unseen ROC 0.5000 PR 0.0000 | valAUC 0.8150 | tau+ 0.500
[OUTPOST-v4] epoch 183: test-all ROC 0.8650 PR 0.7144 | unseen ROC 0.5000 PR 0.0000 | valAUC 0.7922 | tau+ 0.500
[OUTPOST-v4] epoch 184: test-all ROC 0.8666 PR 0.7309 | unseen ROC 0.5000 PR 0.0000 | valAUC 0.8327 | tau+ 0.500
[OUTPOST-v4] epoch 185: test-all ROC 0.8590 PR 0.7209 | unseen ROC 0.5000 PR 0.0000 | valAUC 0.7982 | tau+ 0.500
[OUTPOST-v4] epoch 186: test-all ROC 0.8662 PR 0.7265 | unseen ROC 0.5000 PR 0.0000 | valAUC 0.8075 | tau+ 0.500
[OUTPOST-v4] epoch 187: test-all ROC 0.8755 PR 0.7359 | unseen ROC 0.5000 PR 0.0000 | valAUC 0.8090 | tau+ 0.500
[OUTPOST-v4] epoch 188: test-all ROC 0.8747 PR 0.7336 | unseen ROC 0.5000 PR 0.0000 | valAUC 0.8664 | tau+ 0.500
[OUTPOST-v4] epoch 189: test-all ROC 0.8733 PR 0.7361 | unseen ROC 0.5000 PR 0.0000 | valAUC 0.7967 | tau+ 0.500
[OUTPOST-v4] epoch 190: test-all ROC 0.8771 PR 0.7420 | unseen ROC 0.5000 PR 0.0000 | valAUC 0.8559 | tau+ 0.500
[OUTPOST-v4] epoch 191: test-all ROC 0.8853 PR 0.7580 | unseen ROC 0.5000 PR 0.0000 | valAUC 0.8231 | tau+ 0.500
[OUTPOST-v4] epoch 192: test-all ROC 0.8862 PR 0.7598 | unseen ROC 0.5000 PR 0.0000 | valAUC 0.8237 | tau+ 0.500
[OUTPOST-v4] epoch 193: test-all ROC 0.8755 PR 0.7500 | unseen ROC 0.5000 PR 0.0000 | valAUC 0.8541 | tau+ 0.500
[OUTPOST-v4] epoch 194: test-all ROC 0.8768 PR 0.7521 | unseen ROC 0.5000 PR 0.0000 | valAUC 0.8661 | tau+ 0.500
[OUTPOST-v4] epoch 195: test-all ROC 0.8806 PR 0.7515 | unseen ROC 0.5000 PR 0.0000 | valAUC 0.8523 | tau+ 0.500
[OUTPOST-v4] epoch 196: test-all ROC 0.8793 PR 0.7575 | unseen ROC 0.5000 PR 0.0000 | valAUC 0.8619 | tau+ 0.500
[OUTPOST-v4] epoch 197: test-all ROC 0.8822 PR 0.7613 | unseen ROC 0.5000 PR 0.0000 | valAUC 0.8477 | tau+ 0.500
[OUTPOST-v4] epoch 198: test-all ROC 0.8856 PR 0.7568 | unseen ROC 0.5000 PR 0.0000 | valAUC 0.8309 | tau+ 0.500
[OUTPOST-v4] epoch 199: test-all ROC 0.8872 PR 0.7639 | unseen ROC 0.5000 PR 0.0000 | valAUC 0.8526 | tau+ 0.500
[OUTPOST-v4] epoch 200: test-all ROC 0.8917 PR 0.7685 | unseen ROC 0.5000 PR 0.0000 | valAUC 0.8369 | tau+ 0.500
[OUTPOST-v4] epoch 201: test-all ROC 0.8820 PR 0.7623 | unseen ROC 0.5000 PR 0.0000 | valAUC 0.8465 | tau+ 0.500
[OUTPOST-v4] epoch 202: test-all ROC 0.8919 PR 0.7720 | unseen ROC 0.5000 PR 0.0000 | valAUC 0.8360 | tau+ 0.500
[OUTPOST-v4] epoch 203: test-all ROC 0.8922 PR 0.7709 | unseen ROC 0.5000 PR 0.0000 | valAUC 0.8802 | tau+ 0.500
[OUTPOST-v4] epoch 204: test-all ROC 0.8935 PR 0.7742 | unseen ROC 0.5000 PR 0.0000 | valAUC 0.8826 | tau+ 0.500
[OUTPOST-v4] epoch 205: test-all ROC 0.8934 PR 0.7777 | unseen ROC 0.5000 PR 0.0000 | valAUC 0.8577 | tau+ 0.500
[OUTPOST-v4] epoch 206: test-all ROC 0.8929 PR 0.7750 | unseen ROC 0.5000 PR 0.0000 | valAUC 0.8607 | tau+ 0.500
[OUTPOST-v4] epoch 207: test-all ROC 0.8877 PR 0.7703 | unseen ROC 0.5000 PR 0.0000 | valAUC 0.8243 | tau+ 0.500
[OUTPOST-v4] epoch 208: test-all ROC 0.8858 PR 0.7658 | unseen ROC 0.5000 PR 0.0000 | valAUC 0.8682 | tau+ 0.500
[OUTPOST-v4] epoch 209: test-all ROC 0.8943 PR 0.7778 | unseen ROC 0.5000 PR 0.0000 | valAUC 0.8760 | tau+ 0.500
[OUTPOST-v4] epoch 210: test-all ROC 0.9002 PR 0.7765 | unseen ROC 0.5000 PR 0.0000 | valAUC 0.8667 | tau+ 0.500
[OUTPOST-v4] epoch 211: test-all ROC 0.8951 PR 0.7737 | unseen ROC 0.5000 PR 0.0000 | valAUC 0.8589 | tau+ 0.500
[OUTPOST-v4] epoch 212: test-all ROC 0.8979 PR 0.7735 | unseen ROC 0.5000 PR 0.0000 | valAUC 0.8438 | tau+ 0.500
[OUTPOST-v4] epoch 213: test-all ROC 0.8959 PR 0.7676 | unseen ROC 0.5000 PR 0.0000 | valAUC 0.8429 | tau+ 0.500
[OUTPOST-v4] epoch 214: test-all ROC 0.8994 PR 0.7722 | unseen ROC 0.5000 PR 0.0000 | valAUC 0.8784 | tau+ 0.500
[OUTPOST-v4] epoch 215: test-all ROC 0.9050 PR 0.7816 | unseen ROC 0.5000 PR 0.0000 | valAUC 0.8838 | tau+ 0.500
[OUTPOST-v4] epoch 216: test-all ROC 0.9019 PR 0.7789 | unseen ROC 0.5000 PR 0.0000 | valAUC 0.8826 | tau+ 0.500
[OUTPOST-v4] epoch 217: test-all ROC 0.8973 PR 0.7731 | unseen ROC 0.5000 PR 0.0000 | valAUC 0.8583 | tau+ 0.500
[OUTPOST-v4] epoch 218: test-all ROC 0.8976 PR 0.7701 | unseen ROC 0.5000 PR 0.0000 | valAUC 0.8865 | tau+ 0.500
[OUTPOST-v4] epoch 219: test-all ROC 0.8935 PR 0.7720 | unseen ROC 0.5000 PR 0.0000 | valAUC 0.8733 | tau+ 0.500
[OUTPOST-v4] epoch 220: test-all ROC 0.8967 PR 0.7790 | unseen ROC 0.5000 PR 0.0000 | valAUC 0.8529 | tau+ 0.500
[OUTPOST-v4] epoch 221: test-all ROC 0.8991 PR 0.7823 | unseen ROC 0.5000 PR 0.0000 | valAUC 0.8411 | tau+ 0.500
[OUTPOST-v4] epoch 222: test-all ROC 0.8993 PR 0.7789 | unseen ROC 0.5000 PR 0.0000 | valAUC 0.8847 | tau+ 0.500
[OUTPOST-v4] epoch 223: test-all ROC 0.9010 PR 0.7872 | unseen ROC 0.5000 PR 0.0000 | valAUC 0.8483 | tau+ 0.500
[OUTPOST-v4] epoch 224: test-all ROC 0.9021 PR 0.7864 | unseen ROC 0.5000 PR 0.0000 | valAUC 0.8535 | tau+ 0.500
[OUTPOST-v4] epoch 225: test-all ROC 0.8991 PR 0.7847 | unseen ROC 0.5000 PR 0.0000 | valAUC 0.8913 | tau+ 0.500
[OUTPOST-v4] epoch 226: test-all ROC 0.9054 PR 0.7880 | unseen ROC 0.5000 PR 0.0000 | valAUC 0.8871 | tau+ 0.500
[OUTPOST-v4] epoch 227: test-all ROC 0.9030 PR 0.7805 | unseen ROC 0.5000 PR 0.0000 | valAUC 0.8856 | tau+ 0.500
[OUTPOST-v4] epoch 228: test-all ROC 0.9027 PR 0.7798 | unseen ROC 0.5000 PR 0.0000 | valAUC 0.8667 | tau+ 0.500
[OUTPOST-v4] epoch 229: test-all ROC 0.9066 PR 0.7851 | unseen ROC 0.5000 PR 0.0000 | valAUC 0.9204 | tau+ 0.500
[OUTPOST-v4] epoch 230: test-all ROC 0.9141 PR 0.7888 | unseen ROC 0.5000 PR 0.0000 | valAUC 0.8865 | tau+ 0.500
[OUTPOST-v4] epoch 231: test-all ROC 0.9114 PR 0.7886 | unseen ROC 0.5000 PR 0.0000 | valAUC 0.8982 | tau+ 0.500
[OUTPOST-v4] epoch 232: test-all ROC 0.9091 PR 0.7873 | unseen ROC 0.5000 PR 0.0000 | valAUC 0.8949 | tau+ 0.500
[OUTPOST-v4] epoch 233: test-all ROC 0.9149 PR 0.7893 | unseen ROC 0.5000 PR 0.0000 | valAUC 0.9060 | tau+ 0.500
[OUTPOST-v4] epoch 234: test-all ROC 0.9117 PR 0.7902 | unseen ROC 0.5000 PR 0.0000 | valAUC 0.9258 | tau+ 0.500
[OUTPOST-v4] epoch 235: test-all ROC 0.9143 PR 0.7932 | unseen ROC 0.5000 PR 0.0000 | valAUC 0.9607 | tau+ 0.500
[OUTPOST-v4] epoch 236: test-all ROC 0.9141 PR 0.7956 | unseen ROC 0.5000 PR 0.0000 | valAUC 0.9078 | tau+ 0.500
[OUTPOST-v4] epoch 237: test-all ROC 0.9121 PR 0.7915 | unseen ROC 0.5000 PR 0.0000 | valAUC 0.8928 | tau+ 0.500
[OUTPOST-v4] epoch 238: test-all ROC 0.9052 PR 0.7896 | unseen ROC 0.5000 PR 0.0000 | valAUC 0.8763 | tau+ 0.500
[OUTPOST-v4] epoch 239: test-all ROC 0.9094 PR 0.7917 | unseen ROC 0.5000 PR 0.0000 | valAUC 0.9024 | tau+ 0.500
[OUTPOST-v4] epoch 240: test-all ROC 0.9084 PR 0.7895 | unseen ROC 0.5000 PR 0.0000 | valAUC 0.8892 | tau+ 0.500
[OUTPOST-v4] epoch 241: test-all ROC 0.9043 PR 0.7881 | unseen ROC 0.5000 PR 0.0000 | valAUC 0.9102 | tau+ 0.500
[OUTPOST-v4] epoch 242: test-all ROC 0.9070 PR 0.7902 | unseen ROC 0.5000 PR 0.0000 | valAUC 0.9051 | tau+ 0.500
[OUTPOST-v4] epoch 243: test-all ROC 0.9062 PR 0.7910 | unseen ROC 0.5000 PR 0.0000 | valAUC 0.8850 | tau+ 0.500
[OUTPOST-v4] epoch 244: test-all ROC 0.9122 PR 0.7930 | unseen ROC 0.5000 PR 0.0000 | valAUC 0.8940 | tau+ 0.500
[OUTPOST-v4] epoch 245: test-all ROC 0.9114 PR 0.7931 | unseen ROC 0.5000 PR 0.0000 | valAUC 0.9093 | tau+ 0.500
[OUTPOST-v4] epoch 246: test-all ROC 0.9108 PR 0.7909 | unseen ROC 0.5000 PR 0.0000 | valAUC 0.8877 | tau+ 0.500
[OUTPOST-v4] epoch 247: test-all ROC 0.9116 PR 0.7902 | unseen ROC 0.5000 PR 0.0000 | valAUC 0.8946 | tau+ 0.500
[OUTPOST-v4] epoch 248: test-all ROC 0.9087 PR 0.7949 | unseen ROC 0.5000 PR 0.0000 | valAUC 0.8883 | tau+ 0.500
[OUTPOST-v4] epoch 249: test-all ROC 0.9094 PR 0.7915 | unseen ROC 0.5000 PR 0.0000 | valAUC 0.9000 | tau+ 0.500
[OUTPOST-v4] epoch 250: test-all ROC 0.9080 PR 0.7913 | unseen ROC 0.5000 PR 0.0000 | valAUC 0.8823 | tau+ 0.500
[OUTPOST-v4] epoch 251: test-all ROC 0.9101 PR 0.7946 | unseen ROC 0.5000 PR 0.0000 | valAUC 0.9054 | tau+ 0.500
[OUTPOST-v4] epoch 252: test-all ROC 0.9127 PR 0.7965 | unseen ROC 0.5000 PR 0.0000 | valAUC 0.8754 | tau+ 0.500
[OUTPOST-v4] epoch 253: test-all ROC 0.9197 PR 0.8011 | unseen ROC 0.5000 PR 0.0000 | valAUC 0.9195 | tau+ 0.500
[OUTPOST-v4] epoch 254: test-all ROC 0.9198 PR 0.8016 | unseen ROC 0.5000 PR 0.0000 | valAUC 0.9318 | tau+ 0.500
[OUTPOST-v4] epoch 255: test-all ROC 0.9151 PR 0.7994 | unseen ROC 0.5000 PR 0.0000 | valAUC 0.9027 | tau+ 0.500
[OUTPOST-v4] epoch 256: test-all ROC 0.9163 PR 0.7961 | unseen ROC 0.5000 PR 0.0000 | valAUC 0.9195 | tau+ 0.500
[OUTPOST-v4] epoch 257: test-all ROC 0.9090 PR 0.7915 | unseen ROC 0.5000 PR 0.0000 | valAUC 0.9018 | tau+ 0.500
[OUTPOST-v4] epoch 258: test-all ROC 0.9144 PR 0.7926 | unseen ROC 0.5000 PR 0.0000 | valAUC 0.9078 | tau+ 0.500
[OUTPOST-v4] epoch 259: test-all ROC 0.9166 PR 0.7947 | unseen ROC 0.5000 PR 0.0000 | valAUC 0.8964 | tau+ 0.500
[OUTPOST-v4] epoch 260: test-all ROC 0.9193 PR 0.8016 | unseen ROC 0.5000 PR 0.0000 | valAUC 0.9255 | tau+ 0.500
[OUTPOST-v4] epoch 261: test-all ROC 0.9229 PR 0.8040 | unseen ROC 0.5000 PR 0.0000 | valAUC 0.9300 | tau+ 0.500
[OUTPOST-v4] epoch 262: test-all ROC 0.9316 PR 0.8073 | unseen ROC 0.5000 PR 0.0000 | valAUC 0.9628 | tau+ 0.500
[OUTPOST-v4] epoch 263: test-all ROC 0.9229 PR 0.8022 | unseen ROC 0.5000 PR 0.0000 | valAUC 0.9387 | tau+ 0.500
[OUTPOST-v4] epoch 264: test-all ROC 0.9167 PR 0.8005 | unseen ROC 0.5000 PR 0.0000 | valAUC 0.9405 | tau+ 0.500
[OUTPOST-v4] epoch 265: test-all ROC 0.9177 PR 0.8001 | unseen ROC 0.5000 PR 0.0000 | valAUC 0.9291 | tau+ 0.500
[OUTPOST-v4] epoch 266: test-all ROC 0.9153 PR 0.7998 | unseen ROC 0.5000 PR 0.0000 | valAUC 0.9342 | tau+ 0.500
[OUTPOST-v4] epoch 267: test-all ROC 0.9139 PR 0.8001 | unseen ROC 0.5000 PR 0.0000 | valAUC 0.9171 | tau+ 0.500
[OUTPOST-v4] epoch 268: test-all ROC 0.9227 PR 0.8056 | unseen ROC 0.5000 PR 0.0000 | valAUC 0.8997 | tau+ 0.500
[OUTPOST-v4] epoch 269: test-all ROC 0.9216 PR 0.8072 | unseen ROC 0.5000 PR 0.0000 | valAUC 0.9138 | tau+ 0.500
[OUTPOST-v4] epoch 270: test-all ROC 0.9206 PR 0.8023 | unseen ROC 0.5000 PR 0.0000 | valAUC 0.9462 | tau+ 0.500
[OUTPOST-v4] epoch 271: test-all ROC 0.9216 PR 0.8072 | unseen ROC 0.5000 PR 0.0000 | valAUC 0.9453 | tau+ 0.500
[OUTPOST-v4] epoch 272: test-all ROC 0.9157 PR 0.8017 | unseen ROC 0.5000 PR 0.0000 | valAUC 0.9411 | tau+ 0.500
[OUTPOST-v4] epoch 273: test-all ROC 0.9143 PR 0.7987 | unseen ROC 0.5000 PR 0.0000 | valAUC 0.9420 | tau+ 0.500
[OUTPOST-v4] epoch 274: test-all ROC 0.9139 PR 0.8013 | unseen ROC 0.5000 PR 0.0000 | valAUC 0.9447 | tau+ 0.500
[OUTPOST-v4] epoch 275: test-all ROC 0.9156 PR 0.8011 | unseen ROC 0.5000 PR 0.0000 | valAUC 0.8835 | tau+ 0.500
[OUTPOST-v4] epoch 276: test-all ROC 0.9153 PR 0.8031 | unseen ROC 0.5000 PR 0.0000 | valAUC 0.9198 | tau+ 0.500
[OUTPOST-v4] epoch 277: test-all ROC 0.9176 PR 0.7998 | unseen ROC 0.5000 PR 0.0000 | valAUC 0.9117 | tau+ 0.500
[OUTPOST-v4] epoch 278: test-all ROC 0.9145 PR 0.7958 | unseen ROC 0.5000 PR 0.0000 | valAUC 0.9099 | tau+ 0.500
[OUTPOST-v4] epoch 279: test-all ROC 0.9167 PR 0.8002 | unseen ROC 0.5000 PR 0.0000 | valAUC 0.9417 | tau+ 0.500
[OUTPOST-v4] epoch 280: test-all ROC 0.9194 PR 0.8026 | unseen ROC 0.5000 PR 0.0000 | valAUC 0.9132 | tau+ 0.500
[OUTPOST-v4] epoch 281: test-all ROC 0.9168 PR 0.8006 | unseen ROC 0.5000 PR 0.0000 | valAUC 0.9547 | tau+ 0.500
[OUTPOST-v4] epoch 282: test-all ROC 0.9243 PR 0.8075 | unseen ROC 0.5000 PR 0.0000 | valAUC 0.9384 | tau+ 0.500
[OUTPOST-v4] epoch 283: test-all ROC 0.9252 PR 0.8059 | unseen ROC 0.5000 PR 0.0000 | valAUC 0.9550 | tau+ 0.500
[OUTPOST-v4] epoch 284: test-all ROC 0.9259 PR 0.8096 | unseen ROC 0.5000 PR 0.0000 | valAUC 0.9577 | tau+ 0.500
[OUTPOST-v4] epoch 285: test-all ROC 0.9191 PR 0.8050 | unseen ROC 0.5000 PR 0.0000 | valAUC 0.9261 | tau+ 0.500
[OUTPOST-v4] epoch 286: test-all ROC 0.9196 PR 0.8033 | unseen ROC 0.5000 PR 0.0000 | valAUC 0.9423 | tau+ 0.500
[OUTPOST-v4] epoch 287: test-all ROC 0.9154 PR 0.8021 | unseen ROC 0.5000 PR 0.0000 | valAUC 0.9411 | tau+ 0.500
[OUTPOST-v4] epoch 288: test-all ROC 0.9140 PR 0.8004 | unseen ROC 0.5000 PR 0.0000 | valAUC 0.9105 | tau+ 0.500
[OUTPOST-v4] epoch 289: test-all ROC 0.9175 PR 0.8047 | unseen ROC 0.5000 PR 0.0000 | valAUC 0.9195 | tau+ 0.500
[OUTPOST-v4] epoch 290: test-all ROC 0.9175 PR 0.8038 | unseen ROC 0.5000 PR 0.0000 | valAUC 0.9192 | tau+ 0.500
[OUTPOST-v4] epoch 291: test-all ROC 0.9203 PR 0.8053 | unseen ROC 0.5000 PR 0.0000 | valAUC 0.9261 | tau+ 0.500
[OUTPOST-v4] epoch 292: test-all ROC 0.9197 PR 0.8056 | unseen ROC 0.5000 PR 0.0000 | valAUC 0.9384 | tau+ 0.500
[OUTPOST-v4] epoch 293: test-all ROC 0.9214 PR 0.8060 | unseen ROC 0.5000 PR 0.0000 | valAUC 0.9393 | tau+ 0.500
[OUTPOST-v4] epoch 294: test-all ROC 0.9240 PR 0.8046 | unseen ROC 0.5000 PR 0.0000 | valAUC 0.9393 | tau+ 0.500
[OUTPOST-v4] epoch 295: test-all ROC 0.9213 PR 0.8069 | unseen ROC 0.5000 PR 0.0000 | valAUC 0.9096 | tau+ 0.500
[OUTPOST-v4] epoch 296: test-all ROC 0.9249 PR 0.8050 | unseen ROC 0.5000 PR 0.0000 | valAUC 0.9492 | tau+ 0.500
[OUTPOST-v4] epoch 297: test-all ROC 0.9203 PR 0.8006 | unseen ROC 0.5000 PR 0.0000 | valAUC 0.9264 | tau+ 0.500
[OUTPOST-v4] epoch 298: test-all ROC 0.9293 PR 0.8051 | unseen ROC 0.5000 PR 0.0000 | valAUC 0.9553 | tau+ 0.500
[OUTPOST-v4] epoch 299: test-all ROC 0.9325 PR 0.8101 | unseen ROC 0.5000 PR 0.0000 | valAUC 0.9495 | tau+ 0.500
[OUTPOST-v4] epoch 300: test-all ROC 0.9332 PR 0.8098 | unseen ROC 0.5000 PR 0.0000 | valAUC 0.9751 | tau+ 0.500
[OUTPOST-v4] epoch 301: test-all ROC 0.9322 PR 0.8054 | unseen ROC 0.5000 PR 0.0000 | valAUC 0.9505 | tau+ 0.500
[OUTPOST-v4] epoch 302: test-all ROC 0.9356 PR 0.8154 | unseen ROC 0.5000 PR 0.0000 | valAUC 0.9474 | tau+ 0.500
[OUTPOST-v4] epoch 303: test-all ROC 0.9321 PR 0.8100 | unseen ROC 0.5000 PR 0.0000 | valAUC 0.9544 | tau+ 0.500
[OUTPOST-v4] epoch 304: test-all ROC 0.9350 PR 0.8127 | unseen ROC 0.5000 PR 0.0000 | valAUC 0.9661 | tau+ 0.500
[OUTPOST-v4] epoch 305: test-all ROC 0.9350 PR 0.8106 | unseen ROC 0.5000 PR 0.0000 | valAUC 0.9682 | tau+ 0.500
[OUTPOST-v4] epoch 306: test-all ROC 0.9375 PR 0.8083 | unseen ROC 0.5000 PR 0.0000 | valAUC 0.9718 | tau+ 0.500
[OUTPOST-v4] epoch 307: test-all ROC 0.9393 PR 0.8168 | unseen ROC 0.5000 PR 0.0000 | valAUC 0.9721 | tau+ 0.500
[OUTPOST-v4] epoch 308: test-all ROC 0.9379 PR 0.8149 | unseen ROC 0.5000 PR 0.0000 | valAUC 0.9742 | tau+ 0.500
[OUTPOST-v4] epoch 309: test-all ROC 0.9327 PR 0.8096 | unseen ROC 0.5000 PR 0.0000 | valAUC 0.9592 | tau+ 0.500
[OUTPOST-v4] epoch 310: test-all ROC 0.9291 PR 0.8079 | unseen ROC 0.5000 PR 0.0000 | valAUC 0.9628 | tau+ 0.500
[OUTPOST-v4] epoch 311: test-all ROC 0.9285 PR 0.8087 | unseen ROC 0.5000 PR 0.0000 | valAUC 0.9498 | tau+ 0.500
[OUTPOST-v4] epoch 312: test-all ROC 0.9258 PR 0.8082 | unseen ROC 0.5000 PR 0.0000 | valAUC 0.9228 | tau+ 0.500
[OUTPOST-v4] epoch 313: test-all ROC 0.9272 PR 0.8109 | unseen ROC 0.5000 PR 0.0000 | valAUC 0.9330 | tau+ 0.500
[OUTPOST-v4] epoch 314: test-all ROC 0.9277 PR 0.8086 | unseen ROC 0.5000 PR 0.0000 | valAUC 0.9291 | tau+ 0.500
[OUTPOST-v4] epoch 315: test-all ROC 0.9242 PR 0.8043 | unseen ROC 0.5000 PR 0.0000 | valAUC 0.9330 | tau+ 0.500
[OUTPOST-v4] epoch 316: test-all ROC 0.9220 PR 0.8065 | unseen ROC 0.5000 PR 0.0000 | valAUC 0.9261 | tau+ 0.500
[OUTPOST-v4] epoch 317: test-all ROC 0.9233 PR 0.8085 | unseen ROC 0.5000 PR 0.0000 | valAUC 0.9372 | tau+ 0.500
[OUTPOST-v4] epoch 318: test-all ROC 0.9270 PR 0.8094 | unseen ROC 0.5000 PR 0.0000 | valAUC 0.9483 | tau+ 0.500
[OUTPOST-v4] epoch 319: test-all ROC 0.9262 PR 0.8041 | unseen ROC 0.5000 PR 0.0000 | valAUC 0.9429 | tau+ 0.500
[OUTPOST-v4] epoch 320: test-all ROC 0.9322 PR 0.8105 | unseen ROC 0.5000 PR 0.0000 | valAUC 0.9468 | tau+ 0.500
[OUTPOST-v4] epoch 321: test-all ROC 0.9293 PR 0.8127 | unseen ROC 0.5000 PR 0.0000 | valAUC 0.9459 | tau+ 0.500
[OUTPOST-v4] epoch 322: test-all ROC 0.9285 PR 0.8127 | unseen ROC 0.5000 PR 0.0000 | valAUC 0.9532 | tau+ 0.500
[OUTPOST-v4] epoch 323: test-all ROC 0.9293 PR 0.8130 | unseen ROC 0.5000 PR 0.0000 | valAUC 0.9486 | tau+ 0.500
[OUTPOST-v4] epoch 324: test-all ROC 0.9236 PR 0.8075 | unseen ROC 0.5000 PR 0.0000 | valAUC 0.9435 | tau+ 0.500
[OUTPOST-v4] epoch 325: test-all ROC 0.9150 PR 0.8089 | unseen ROC 0.5000 PR 0.0000 | valAUC 0.9526 | tau+ 0.500
[OUTPOST-v4] epoch 326: test-all ROC 0.9216 PR 0.8028 | unseen ROC 0.5000 PR 0.0000 | valAUC 0.9336 | tau+ 0.500
[OUTPOST-v4] epoch 327: test-all ROC 0.9209 PR 0.8064 | unseen ROC 0.5000 PR 0.0000 | valAUC 0.9601 | tau+ 0.500
[OUTPOST-v4] epoch 328: test-all ROC 0.9251 PR 0.8110 | unseen ROC 0.5000 PR 0.0000 | valAUC 0.9646 | tau+ 0.500
[OUTPOST-v4] epoch 329: test-all ROC 0.9307 PR 0.8106 | unseen ROC 0.5000 PR 0.0000 | valAUC 0.9685 | tau+ 0.500
[OUTPOST-v4] epoch 330: test-all ROC 0.9281 PR 0.8090 | unseen ROC 0.5000 PR 0.0000 | valAUC 0.9592 | tau+ 0.500
[OUTPOST-v4] epoch 331: test-all ROC 0.9272 PR 0.8120 | unseen ROC 0.5000 PR 0.0000 | valAUC 0.9655 | tau+ 0.500
[OUTPOST-v4] epoch 332: test-all ROC 0.9233 PR 0.8085 | unseen ROC 0.5000 PR 0.0000 | valAUC 0.9333 | tau+ 0.500
[OUTPOST-v4] epoch 333: test-all ROC 0.9201 PR 0.8080 | unseen ROC 0.5000 PR 0.0000 | valAUC 0.9321 | tau+ 0.500
[OUTPOST-v4] epoch 334: test-all ROC 0.9225 PR 0.8096 | unseen ROC 0.5000 PR 0.0000 | valAUC 0.9276 | tau+ 0.500
[OUTPOST-v4] epoch 335: test-all ROC 0.9197 PR 0.8058 | unseen ROC 0.5000 PR 0.0000 | valAUC 0.9327 | tau+ 0.500
[OUTPOST-v4] epoch 336: test-all ROC 0.9285 PR 0.8113 | unseen ROC 0.5000 PR 0.0000 | valAUC 0.9565 | tau+ 0.500
[OUTPOST-v4] epoch 337: test-all ROC 0.9351 PR 0.8121 | unseen ROC 0.5000 PR 0.0000 | valAUC 0.9556 | tau+ 0.500
[OUTPOST-v4] epoch 338: test-all ROC 0.9404 PR 0.8174 | unseen ROC 0.5000 PR 0.0000 | valAUC 0.9471 | tau+ 0.500
[OUTPOST-v4] epoch 339: test-all ROC 0.9330 PR 0.8132 | unseen ROC 0.5000 PR 0.0000 | valAUC 0.9444 | tau+ 0.500
[OUTPOST-v4] epoch 340: test-all ROC 0.9337 PR 0.8169 | unseen ROC 0.5000 PR 0.0000 | valAUC 0.9261 | tau+ 0.500
[OUTPOST-v4] epoch 341: test-all ROC 0.9337 PR 0.8077 | unseen ROC 0.5000 PR 0.0000 | valAUC 0.9517 | tau+ 0.500
[OUTPOST-v4] epoch 342: test-all ROC 0.9391 PR 0.8142 | unseen ROC 0.5000 PR 0.0000 | valAUC 0.9598 | tau+ 0.500
[OUTPOST-v4] epoch 343: test-all ROC 0.9375 PR 0.8126 | unseen ROC 0.5000 PR 0.0000 | valAUC 0.9718 | tau+ 0.500
[OUTPOST-v4] epoch 344: test-all ROC 0.9380 PR 0.8144 | unseen ROC 0.5000 PR 0.0000 | valAUC 0.9502 | tau+ 0.500
[OUTPOST-v4] epoch 345: test-all ROC 0.9339 PR 0.8107 | unseen ROC 0.5000 PR 0.0000 | valAUC 0.9544 | tau+ 0.500
[OUTPOST-v4] epoch 346: test-all ROC 0.9294 PR 0.8128 | unseen ROC 0.5000 PR 0.0000 | valAUC 0.9643 | tau+ 0.500
[OUTPOST-v4] epoch 347: test-all ROC 0.9259 PR 0.8068 | unseen ROC 0.5000 PR 0.0000 | valAUC 0.9498 | tau+ 0.500
[OUTPOST-v4] epoch 348: test-all ROC 0.9228 PR 0.8069 | unseen ROC 0.5000 PR 0.0000 | valAUC 0.9471 | tau+ 0.500
[OUTPOST-v4] epoch 349: test-all ROC 0.9232 PR 0.8116 | unseen ROC 0.5000 PR 0.0000 | valAUC 0.9420 | tau+ 0.500
[OUTPOST-v4] epoch 350: test-all ROC 0.9264 PR 0.8093 | unseen ROC 0.5000 PR 0.0000 | valAUC 0.9580 | tau+ 0.500
[OUTPOST-v4] epoch 351: test-all ROC 0.9272 PR 0.8109 | unseen ROC 0.5000 PR 0.0000 | valAUC 0.9402 | tau+ 0.500
[OUTPOST-v4] epoch 352: test-all ROC 0.9307 PR 0.8133 | unseen ROC 0.5000 PR 0.0000 | valAUC 0.9444 | tau+ 0.500
[OUTPOST-v4] epoch 353: test-all ROC 0.9264 PR 0.8156 | unseen ROC 0.5000 PR 0.0000 | valAUC 0.9637 | tau+ 0.500
[OUTPOST-v4] epoch 354: test-all ROC 0.9272 PR 0.8137 | unseen ROC 0.5000 PR 0.0000 | valAUC 0.9514 | tau+ 0.500
[OUTPOST-v4] epoch 355: test-all ROC 0.9203 PR 0.8157 | unseen ROC 0.5000 PR 0.0000 | valAUC 0.9547 | tau+ 0.500
[OUTPOST-v4] epoch 356: test-all ROC 0.9231 PR 0.8132 | unseen ROC 0.5000 PR 0.0000 | valAUC 0.9309 | tau+ 0.500
[OUTPOST-v4] epoch 357: test-all ROC 0.9230 PR 0.8155 | unseen ROC 0.5000 PR 0.0000 | valAUC 0.9255 | tau+ 0.500
[OUTPOST-v4] epoch 358: test-all ROC 0.9253 PR 0.8099 | unseen ROC 0.5000 PR 0.0000 | valAUC 0.9339 | tau+ 0.500
[OUTPOST-v4] epoch 359: test-all ROC 0.9292 PR 0.8123 | unseen ROC 0.5000 PR 0.0000 | valAUC 0.9733 | tau+ 0.500
[OUTPOST-v4] epoch 360: test-all ROC 0.9324 PR 0.8163 | unseen ROC 0.5000 PR 0.0000 | valAUC 0.9601 | tau+ 0.500
[OUTPOST-v4] epoch 361: test-all ROC 0.9278 PR 0.8114 | unseen ROC 0.5000 PR 0.0000 | valAUC 0.9568 | tau+ 0.500
[OUTPOST-v4] epoch 362: test-all ROC 0.9250 PR 0.8171 | unseen ROC 0.5000 PR 0.0000 | valAUC 0.9249 | tau+ 0.500
[OUTPOST-v4] epoch 363: test-all ROC 0.9286 PR 0.8106 | unseen ROC 0.5000 PR 0.0000 | valAUC 0.9306 | tau+ 0.500
[OUTPOST-v4] epoch 364: test-all ROC 0.9307 PR 0.8136 | unseen ROC 0.5000 PR 0.0000 | valAUC 0.9429 | tau+ 0.500
[OUTPOST-v4] epoch 365: test-all ROC 0.9280 PR 0.8154 | unseen ROC 0.5000 PR 0.0000 | valAUC 0.9514 | tau+ 0.500
[OUTPOST-v4] epoch 366: test-all ROC 0.9344 PR 0.8180 | unseen ROC 0.5000 PR 0.0000 | valAUC 0.9508 | tau+ 0.500
[OUTPOST-v4] epoch 367: test-all ROC 0.9387 PR 0.8199 | unseen ROC 0.5000 PR 0.0000 | valAUC 0.9733 | tau+ 0.500
[OUTPOST-v4] epoch 368: test-all ROC 0.9391 PR 0.8188 | unseen ROC 0.5000 PR 0.0000 | valAUC 0.9751 | tau+ 0.500
[OUTPOST-v4] epoch 369: test-all ROC 0.9391 PR 0.8196 | unseen ROC 0.5000 PR 0.0000 | valAUC 0.9853 | tau+ 0.500
[OUTPOST-v4] epoch 370: test-all ROC 0.9375 PR 0.8143 | unseen ROC 0.5000 PR 0.0000 | valAUC 0.9444 | tau+ 0.500
[OUTPOST-v4] epoch 371: test-all ROC 0.9363 PR 0.8182 | unseen ROC 0.5000 PR 0.0000 | valAUC 0.9586 | tau+ 0.500
[OUTPOST-v4] epoch 372: test-all ROC 0.9340 PR 0.8101 | unseen ROC 0.5000 PR 0.0000 | valAUC 0.9327 | tau+ 0.500
[OUTPOST-v4] epoch 373: test-all ROC 0.9382 PR 0.8124 | unseen ROC 0.5000 PR 0.0000 | valAUC 0.9492 | tau+ 0.500
[OUTPOST-v4] epoch 374: test-all ROC 0.9392 PR 0.8106 | unseen ROC 0.5000 PR 0.0000 | valAUC 0.9652 | tau+ 0.500
[OUTPOST-v4] epoch 375: test-all ROC 0.9309 PR 0.8135 | unseen ROC 0.5000 PR 0.0000 | valAUC 0.9652 | tau+ 0.500
[OUTPOST-v4] epoch 376: test-all ROC 0.9264 PR 0.8172 | unseen ROC 0.5000 PR 0.0000 | valAUC 0.9324 | tau+ 0.500
[OUTPOST-v4] epoch 377: test-all ROC 0.9207 PR 0.8075 | unseen ROC 0.5000 PR 0.0000 | valAUC 0.9069 | tau+ 0.500
[OUTPOST-v4] epoch 378: test-all ROC 0.9164 PR 0.8067 | unseen ROC 0.5000 PR 0.0000 | valAUC 0.8949 | tau+ 0.500
[OUTPOST-v4] epoch 379: test-all ROC 0.9148 PR 0.8065 | unseen ROC 0.5000 PR 0.0000 | valAUC 0.8520 | tau+ 0.500
[OUTPOST-v4] epoch 380: test-all ROC 0.9132 PR 0.8081 | unseen ROC 0.5000 PR 0.0000 | valAUC 0.9159 | tau+ 0.500
[OUTPOST-v4] epoch 381: test-all ROC 0.9219 PR 0.8112 | unseen ROC 0.5000 PR 0.0000 | valAUC 0.9105 | tau+ 0.500
[OUTPOST-v4] epoch 382: test-all ROC 0.9188 PR 0.8139 | unseen ROC 0.5000 PR 0.0000 | valAUC 0.9387 | tau+ 0.500
[OUTPOST-v4] epoch 383: test-all ROC 0.9274 PR 0.8099 | unseen ROC 0.5000 PR 0.0000 | valAUC 0.9183 | tau+ 0.500
[OUTPOST-v4] epoch 384: test-all ROC 0.9227 PR 0.8110 | unseen ROC 0.5000 PR 0.0000 | valAUC 0.9387 | tau+ 0.500
[OUTPOST-v4] epoch 385: test-all ROC 0.9195 PR 0.8094 | unseen ROC 0.5000 PR 0.0000 | valAUC 0.9429 | tau+ 0.500
[OUTPOST-v4] epoch 386: test-all ROC 0.9215 PR 0.8018 | unseen ROC 0.5000 PR 0.0000 | valAUC 0.8964 | tau+ 0.500
[OUTPOST-v4] epoch 387: test-all ROC 0.9199 PR 0.8166 | unseen ROC 0.5000 PR 0.0000 | valAUC 0.9360 | tau+ 0.500
[OUTPOST-v4] epoch 388: test-all ROC 0.9260 PR 0.8096 | unseen ROC 0.5000 PR 0.0000 | valAUC 0.9465 | tau+ 0.500
[OUTPOST-v4] epoch 389: test-all ROC 0.9351 PR 0.8146 | unseen ROC 0.5000 PR 0.0000 | valAUC 0.9571 | tau+ 0.500
[OUTPOST-v4] epoch 390: test-all ROC 0.9364 PR 0.8134 | unseen ROC 0.5000 PR 0.0000 | valAUC 0.9562 | tau+ 0.500
[OUTPOST-v4] epoch 391: test-all ROC 0.9434 PR 0.8201 | unseen ROC 0.5000 PR 0.0000 | valAUC 0.9631 | tau+ 0.500
[OUTPOST-v4] epoch 392: test-all ROC 0.9292 PR 0.8088 | unseen ROC 0.5000 PR 0.0000 | valAUC 0.9598 | tau+ 0.500
[OUTPOST-v4] epoch 393: test-all ROC 0.9244 PR 0.8161 | unseen ROC 0.5000 PR 0.0000 | valAUC 0.9402 | tau+ 0.500
[OUTPOST-v4] epoch 394: test-all ROC 0.9134 PR 0.8104 | unseen ROC 0.5000 PR 0.0000 | valAUC 0.9048 | tau+ 0.500
[OUTPOST-v4] epoch 395: test-all ROC 0.9174 PR 0.8095 | unseen ROC 0.5000 PR 0.0000 | valAUC 0.9435 | tau+ 0.500
[OUTPOST-v4] epoch 396: test-all ROC 0.9182 PR 0.8096 | unseen ROC 0.5000 PR 0.0000 | valAUC 0.9156 | tau+ 0.500
[OUTPOST-v4] epoch 397: test-all ROC 0.9209 PR 0.8083 | unseen ROC 0.5000 PR 0.0000 | valAUC 0.9363 | tau+ 0.500
[OUTPOST-v4] epoch 398: test-all ROC 0.9222 PR 0.8105 | unseen ROC 0.5000 PR 0.0000 | valAUC 0.9249 | tau+ 0.500
[OUTPOST-v4] epoch 399: test-all ROC 0.9270 PR 0.8063 | unseen ROC 0.5000 PR 0.0000 | valAUC 0.9435 | tau+ 0.500
  rotation 1: ROC 0.9434 PR 0.8201
[amazon] params 2465, peak GPU 0.21 GB, 7.3 min total

[amazon] AGGREGATE  best-over-epochs: ROC 0.9434 PR 0.8201
[amazon] AGGREGATE  val-selected:     ROC 0.9391 PR 0.8196
row appended to results/results.csv
