# gpu=4 cmd=/usr/bin/python3 -u main.py --dataset amazon --seed 0 --method outpost --tag T_synth --set use_mixup=true use_halo=true sim_topk_frac=0.0 --save-scores
/nas/home/jahin/.local/lib/python3.10/site-packages/requests/__init__.py:113: RequestsDependencyWarning: urllib3 (1.26.5) or chardet (7.2.0)/charset_normalizer (3.4.4) doesn't match a supported version!
  warnings.warn(
[amazon] anomaly classes (rotations): [np.int64(1)]
Normal classes: [np.int64(0)] in amazon
Building multi-layer GraphSage
[OUTPOST-v4] epoch 0: test-all ROC 0.6753 PR 0.1263 | unseen ROC 0.5000 PR 0.0000 | valAUC 0.6414 | tau+ 0.500
[OUTPOST-v4] epoch 1: test-all ROC 0.6595 PR 0.1206 | unseen ROC 0.5000 PR 0.0000 | valAUC 0.6913 | tau+ 0.500
[OUTPOST-v4] epoch 2: test-all ROC 0.7135 PR 0.1661 | unseen ROC 0.5000 PR 0.0000 | valAUC 0.7123 | tau+ 0.500
[OUTPOST-v4] epoch 3: test-all ROC 0.7248 PR 0.1783 | unseen ROC 0.5000 PR 0.0000 | valAUC 0.7024 | tau+ 0.500
[OUTPOST-v4] epoch 4: test-all ROC 0.7293 PR 0.1874 | unseen ROC 0.5000 PR 0.0000 | valAUC 0.7189 | tau+ 0.500
[OUTPOST-v4] epoch 5: test-all ROC 0.7255 PR 0.1874 | unseen ROC 0.5000 PR 0.0000 | valAUC 0.6856 | tau+ 0.500
[OUTPOST-v4] epoch 6: test-all ROC 0.7101 PR 0.1855 | unseen ROC 0.5000 PR 0.0000 | valAUC 0.7228 | tau+ 0.500
[OUTPOST-v4] epoch 7: test-all ROC 0.6843 PR 0.1549 | unseen ROC 0.5000 PR 0.0000 | valAUC 0.6565 | tau+ 0.500
[OUTPOST-v4] epoch 8: test-all ROC 0.6880 PR 0.1375 | unseen ROC 0.5000 PR 0.0000 | valAUC 0.6793 | tau+ 0.500
[OUTPOST-v4] epoch 9: test-all ROC 0.6841 PR 0.1580 | unseen ROC 0.5000 PR 0.0000 | valAUC 0.6820 | tau+ 0.500
[OUTPOST-v4] epoch 10: test-all ROC 0.6647 PR 0.1259 | unseen ROC 0.5000 PR 0.0000 | valAUC 0.6237 | tau+ 0.500
[OUTPOST-v4] epoch 11: test-all ROC 0.5815 PR 0.0751 | unseen ROC 0.5000 PR 0.0000 | valAUC 0.5129 | tau+ 0.655
[OUTPOST-v4] epoch 12: test-all ROC 0.5801 PR 0.0751 | unseen ROC 0.5000 PR 0.0000 | valAUC 0.5186 | tau+ 0.642
[OUTPOST-v4] epoch 13: test-all ROC 0.6591 PR 0.1284 | unseen ROC 0.5000 PR 0.0000 | valAUC 0.6790 | tau+ 0.542
[OUTPOST-v4] epoch 14: test-all ROC 0.6951 PR 0.1516 | unseen ROC 0.5000 PR 0.0000 | valAUC 0.6889 | tau+ 0.500
[OUTPOST-v4] epoch 15: test-all ROC 0.6956 PR 0.1599 | unseen ROC 0.5000 PR 0.0000 | valAUC 0.6907 | tau+ 0.500
[OUTPOST-v4] epoch 16: test-all ROC 0.6959 PR 0.1576 | unseen ROC 0.5000 PR 0.0000 | valAUC 0.6532 | tau+ 0.500
[OUTPOST-v4] epoch 17: test-all ROC 0.6868 PR 0.1548 | unseen ROC 0.5000 PR 0.0000 | valAUC 0.5988 | tau+ 0.500
[OUTPOST-v4] epoch 18: test-all ROC 0.6608 PR 0.1462 | unseen ROC 0.5000 PR 0.0000 | valAUC 0.6598 | tau+ 0.500
[OUTPOST-v4] epoch 19: test-all ROC 0.6487 PR 0.1211 | unseen ROC 0.5000 PR 0.0000 | valAUC 0.6171 | tau+ 0.557
[OUTPOST-v4] epoch 20: test-all ROC 0.6270 PR 0.0933 | unseen ROC 0.5000 PR 0.0000 | valAUC 0.6420 | tau+ 0.658
[OUTPOST-v4] epoch 21: test-all ROC 0.6358 PR 0.1039 | unseen ROC 0.5000 PR 0.0000 | valAUC 0.5955 | tau+ 0.661
[OUTPOST-v4] epoch 22: test-all ROC 0.6552 PR 0.1304 | unseen ROC 0.5000 PR 0.0000 | valAUC 0.6225 | tau+ 0.584
[OUTPOST-v4] epoch 23: test-all ROC 0.6729 PR 0.1520 | unseen ROC 0.5000 PR 0.0000 | valAUC 0.6498 | tau+ 0.520
[OUTPOST-v4] epoch 24: test-all ROC 0.6738 PR 0.1617 | unseen ROC 0.5000 PR 0.0000 | valAUC 0.6961 | tau+ 0.500
[OUTPOST-v4] epoch 25: test-all ROC 0.6920 PR 0.1758 | unseen ROC 0.5000 PR 0.0000 | valAUC 0.6952 | tau+ 0.544
[OUTPOST-v4] epoch 26: test-all ROC 0.6943 PR 0.1812 | unseen ROC 0.5000 PR 0.0000 | valAUC 0.6862 | tau+ 0.500
[OUTPOST-v4] epoch 27: test-all ROC 0.7122 PR 0.2059 | unseen ROC 0.5000 PR 0.0000 | valAUC 0.6589 | tau+ 0.500
[OUTPOST-v4] epoch 28: test-all ROC 0.7052 PR 0.1917 | unseen ROC 0.5000 PR 0.0000 | valAUC 0.6709 | tau+ 0.532
[OUTPOST-v4] epoch 29: test-all ROC 0.7027 PR 0.1939 | unseen ROC 0.5000 PR 0.0000 | valAUC 0.6276 | tau+ 0.500
[OUTPOST-v4] epoch 30: test-all ROC 0.7111 PR 0.1975 | unseen ROC 0.5000 PR 0.0000 | valAUC 0.6889 | tau+ 0.542
[OUTPOST-v4] epoch 31: test-all ROC 0.7088 PR 0.1831 | unseen ROC 0.5000 PR 0.0000 | valAUC 0.7213 | tau+ 0.500
[OUTPOST-v4] epoch 32: test-all ROC 0.7069 PR 0.1979 | unseen ROC 0.5000 PR 0.0000 | valAUC 0.7117 | tau+ 0.524
[OUTPOST-v4] epoch 33: test-all ROC 0.6993 PR 0.1931 | unseen ROC 0.5000 PR 0.0000 | valAUC 0.6877 | tau+ 0.500
[OUTPOST-v4] epoch 34: test-all ROC 0.6897 PR 0.1863 | unseen ROC 0.5000 PR 0.0000 | valAUC 0.6595 | tau+ 0.571
[OUTPOST-v4] epoch 35: test-all ROC 0.6915 PR 0.2011 | unseen ROC 0.5000 PR 0.0000 | valAUC 0.6880 | tau+ 0.500
[OUTPOST-v4] epoch 36: test-all ROC 0.7128 PR 0.2116 | unseen ROC 0.5000 PR 0.0000 | valAUC 0.6574 | tau+ 0.598
[OUTPOST-v4] epoch 37: test-all ROC 0.7034 PR 0.1963 | unseen ROC 0.5000 PR 0.0000 | valAUC 0.6387 | tau+ 0.500
[OUTPOST-v4] epoch 38: test-all ROC 0.7201 PR 0.2087 | unseen ROC 0.5000 PR 0.0000 | valAUC 0.6568 | tau+ 0.532
[OUTPOST-v4] epoch 39: test-all ROC 0.7259 PR 0.2192 | unseen ROC 0.5000 PR 0.0000 | valAUC 0.6468 | tau+ 0.500
[OUTPOST-v4] epoch 40: test-all ROC 0.7214 PR 0.2090 | unseen ROC 0.5000 PR 0.0000 | valAUC 0.7282 | tau+ 0.500
[OUTPOST-v4] epoch 41: test-all ROC 0.7103 PR 0.2025 | unseen ROC 0.5000 PR 0.0000 | valAUC 0.6595 | tau+ 0.675
[OUTPOST-v4] epoch 42: test-all ROC 0.7152 PR 0.2100 | unseen ROC 0.5000 PR 0.0000 | valAUC 0.6673 | tau+ 0.500
[OUTPOST-v4] epoch 43: test-all ROC 0.7131 PR 0.2146 | unseen ROC 0.5000 PR 0.0000 | valAUC 0.6856 | tau+ 0.500
[OUTPOST-v4] epoch 44: test-all ROC 0.7140 PR 0.2225 | unseen ROC 0.5000 PR 0.0000 | valAUC 0.6688 | tau+ 0.500
[OUTPOST-v4] epoch 45: test-all ROC 0.7148 PR 0.2128 | unseen ROC 0.5000 PR 0.0000 | valAUC 0.6520 | tau+ 0.500
[OUTPOST-v4] epoch 46: test-all ROC 0.7245 PR 0.2143 | unseen ROC 0.5000 PR 0.0000 | valAUC 0.7219 | tau+ 0.500
[OUTPOST-v4] epoch 47: test-all ROC 0.7290 PR 0.2231 | unseen ROC 0.5000 PR 0.0000 | valAUC 0.6529 | tau+ 0.530
[OUTPOST-v4] epoch 48: test-all ROC 0.7248 PR 0.2198 | unseen ROC 0.5000 PR 0.0000 | valAUC 0.6847 | tau+ 0.514
[OUTPOST-v4] epoch 49: test-all ROC 0.7206 PR 0.2283 | unseen ROC 0.5000 PR 0.0000 | valAUC 0.6685 | tau+ 0.500
[OUTPOST-v4] epoch 50: test-all ROC 0.7290 PR 0.2141 | unseen ROC 0.5000 PR 0.0000 | valAUC 0.7147 | tau+ 0.500
[OUTPOST-v4] epoch 51: test-all ROC 0.7246 PR 0.2120 | unseen ROC 0.5000 PR 0.0000 | valAUC 0.6492 | tau+ 0.500
[OUTPOST-v4] epoch 52: test-all ROC 0.7258 PR 0.2164 | unseen ROC 0.5000 PR 0.0000 | valAUC 0.6886 | tau+ 0.500
[OUTPOST-v4] epoch 53: test-all ROC 0.7287 PR 0.2182 | unseen ROC 0.5000 PR 0.0000 | valAUC 0.7084 | tau+ 0.500
[OUTPOST-v4] epoch 54: test-all ROC 0.7234 PR 0.2208 | unseen ROC 0.5000 PR 0.0000 | valAUC 0.7354 | tau+ 0.500
[OUTPOST-v4] epoch 55: test-all ROC 0.7445 PR 0.2240 | unseen ROC 0.5000 PR 0.0000 | valAUC 0.6718 | tau+ 0.500
[OUTPOST-v4] epoch 56: test-all ROC 0.7459 PR 0.2346 | unseen ROC 0.5000 PR 0.0000 | valAUC 0.7096 | tau+ 0.500
[OUTPOST-v4] epoch 57: test-all ROC 0.7220 PR 0.2181 | unseen ROC 0.5000 PR 0.0000 | valAUC 0.6712 | tau+ 0.600
[OUTPOST-v4] epoch 58: test-all ROC 0.7400 PR 0.2551 | unseen ROC 0.5000 PR 0.0000 | valAUC 0.7306 | tau+ 0.500
[OUTPOST-v4] epoch 59: test-all ROC 0.7434 PR 0.2588 | unseen ROC 0.5000 PR 0.0000 | valAUC 0.6895 | tau+ 0.500
[OUTPOST-v4] epoch 60: test-all ROC 0.7324 PR 0.2347 | unseen ROC 0.5000 PR 0.0000 | valAUC 0.6571 | tau+ 0.500
[OUTPOST-v4] epoch 61: test-all ROC 0.7129 PR 0.2305 | unseen ROC 0.5000 PR 0.0000 | valAUC 0.6955 | tau+ 0.500
[OUTPOST-v4] epoch 62: test-all ROC 0.7119 PR 0.2164 | unseen ROC 0.5000 PR 0.0000 | valAUC 0.6778 | tau+ 0.500
[OUTPOST-v4] epoch 63: test-all ROC 0.7508 PR 0.2446 | unseen ROC 0.5000 PR 0.0000 | valAUC 0.7048 | tau+ 0.500
[OUTPOST-v4] epoch 64: test-all ROC 0.7664 PR 0.2589 | unseen ROC 0.5000 PR 0.0000 | valAUC 0.7477 | tau+ 0.582
[OUTPOST-v4] epoch 65: test-all ROC 0.7427 PR 0.2581 | unseen ROC 0.5000 PR 0.0000 | valAUC 0.7297 | tau+ 0.500
[OUTPOST-v4] epoch 66: test-all ROC 0.7188 PR 0.2396 | unseen ROC 0.5000 PR 0.0000 | valAUC 0.6312 | tau+ 0.500
[OUTPOST-v4] epoch 67: test-all ROC 0.7495 PR 0.2666 | unseen ROC 0.5000 PR 0.0000 | valAUC 0.7468 | tau+ 0.500
[OUTPOST-v4] epoch 68: test-all ROC 0.7318 PR 0.2529 | unseen ROC 0.5000 PR 0.0000 | valAUC 0.6796 | tau+ 0.500
[OUTPOST-v4] epoch 69: test-all ROC 0.7367 PR 0.2707 | unseen ROC 0.5000 PR 0.0000 | valAUC 0.7072 | tau+ 0.500
[OUTPOST-v4] epoch 70: test-all ROC 0.7108 PR 0.2377 | unseen ROC 0.5000 PR 0.0000 | valAUC 0.6162 | tau+ 0.500
[OUTPOST-v4] epoch 71: test-all ROC 0.7580 PR 0.2608 | unseen ROC 0.5000 PR 0.0000 | valAUC 0.6634 | tau+ 0.500
[OUTPOST-v4] epoch 72: test-all ROC 0.7614 PR 0.2944 | unseen ROC 0.5000 PR 0.0000 | valAUC 0.7063 | tau+ 0.500
[OUTPOST-v4] epoch 73: test-all ROC 0.7636 PR 0.2963 | unseen ROC 0.5000 PR 0.0000 | valAUC 0.7471 | tau+ 0.500
[OUTPOST-v4] epoch 74: test-all ROC 0.7164 PR 0.2334 | unseen ROC 0.5000 PR 0.0000 | valAUC 0.7144 | tau+ 0.500
[OUTPOST-v4] epoch 75: test-all ROC 0.7535 PR 0.2809 | unseen ROC 0.5000 PR 0.0000 | valAUC 0.7096 | tau+ 0.500
[OUTPOST-v4] epoch 76: test-all ROC 0.7496 PR 0.2654 | unseen ROC 0.5000 PR 0.0000 | valAUC 0.7228 | tau+ 0.500
[OUTPOST-v4] epoch 77: test-all ROC 0.7561 PR 0.2724 | unseen ROC 0.5000 PR 0.0000 | valAUC 0.7577 | tau+ 0.500
[OUTPOST-v4] epoch 78: test-all ROC 0.7271 PR 0.2481 | unseen ROC 0.5000 PR 0.0000 | valAUC 0.6976 | tau+ 0.500
[OUTPOST-v4] epoch 79: test-all ROC 0.7619 PR 0.2717 | unseen ROC 0.5000 PR 0.0000 | valAUC 0.7243 | tau+ 0.500
[OUTPOST-v4] epoch 80: test-all ROC 0.7642 PR 0.2685 | unseen ROC 0.5000 PR 0.0000 | valAUC 0.7468 | tau+ 0.500
[OUTPOST-v4] epoch 81: test-all ROC 0.7647 PR 0.2666 | unseen ROC 0.5000 PR 0.0000 | valAUC 0.7447 | tau+ 0.500
[OUTPOST-v4] epoch 82: test-all ROC 0.7252 PR 0.2469 | unseen ROC 0.5000 PR 0.0000 | valAUC 0.7399 | tau+ 0.500
[OUTPOST-v4] epoch 83: test-all ROC 0.7679 PR 0.2863 | unseen ROC 0.5000 PR 0.0000 | valAUC 0.7556 | tau+ 0.500
[OUTPOST-v4] epoch 84: test-all ROC 0.7500 PR 0.2525 | unseen ROC 0.5000 PR 0.0000 | valAUC 0.7042 | tau+ 0.500
[OUTPOST-v4] epoch 85: test-all ROC 0.7536 PR 0.2681 | unseen ROC 0.5000 PR 0.0000 | valAUC 0.7291 | tau+ 0.500
[OUTPOST-v4] epoch 86: test-all ROC 0.6712 PR 0.1133 | unseen ROC 0.5000 PR 0.0000 | valAUC 0.6676 | tau+ 0.555
[OUTPOST-v4] epoch 87: test-all ROC 0.7679 PR 0.3037 | unseen ROC 0.5000 PR 0.0000 | valAUC 0.7438 | tau+ 0.500
[OUTPOST-v4] epoch 88: test-all ROC 0.7709 PR 0.2895 | unseen ROC 0.5000 PR 0.0000 | valAUC 0.7306 | tau+ 0.500
[OUTPOST-v4] epoch 89: test-all ROC 0.7830 PR 0.3076 | unseen ROC 0.5000 PR 0.0000 | valAUC 0.7514 | tau+ 0.500
[OUTPOST-v4] epoch 90: test-all ROC 0.7863 PR 0.3030 | unseen ROC 0.5000 PR 0.0000 | valAUC 0.7751 | tau+ 0.500
[OUTPOST-v4] epoch 91: test-all ROC 0.7670 PR 0.2873 | unseen ROC 0.5000 PR 0.0000 | valAUC 0.7375 | tau+ 0.558
[OUTPOST-v4] epoch 92: test-all ROC 0.6579 PR 0.0995 | unseen ROC 0.5000 PR 0.0000 | valAUC 0.5745 | tau+ 0.963
[OUTPOST-v4] epoch 93: test-all ROC 0.7627 PR 0.2877 | unseen ROC 0.5000 PR 0.0000 | valAUC 0.7228 | tau+ 0.500
[OUTPOST-v4] epoch 94: test-all ROC 0.7580 PR 0.2833 | unseen ROC 0.5000 PR 0.0000 | valAUC 0.7264 | tau+ 0.500
[OUTPOST-v4] epoch 95: test-all ROC 0.7556 PR 0.2755 | unseen ROC 0.5000 PR 0.0000 | valAUC 0.7435 | tau+ 0.500
[OUTPOST-v4] epoch 96: test-all ROC 0.7538 PR 0.3113 | unseen ROC 0.5000 PR 0.0000 | valAUC 0.7138 | tau+ 0.500
[OUTPOST-v4] epoch 97: test-all ROC 0.7665 PR 0.3202 | unseen ROC 0.5000 PR 0.0000 | valAUC 0.7135 | tau+ 0.500
[OUTPOST-v4] epoch 98: test-all ROC 0.7688 PR 0.2896 | unseen ROC 0.5000 PR 0.0000 | valAUC 0.7357 | tau+ 0.623
[OUTPOST-v4] epoch 99: test-all ROC 0.7708 PR 0.2115 | unseen ROC 0.5000 PR 0.0000 | valAUC 0.7393 | tau+ 0.884
[OUTPOST-v4] epoch 100: test-all ROC 0.6716 PR 0.1446 | unseen ROC 0.5000 PR 0.0000 | valAUC 0.6556 | tau+ 0.914
[OUTPOST-v4] epoch 101: test-all ROC 0.7454 PR 0.2737 | unseen ROC 0.5000 PR 0.0000 | valAUC 0.7276 | tau+ 0.500
[OUTPOST-v4] epoch 102: test-all ROC 0.7591 PR 0.3096 | unseen ROC 0.5000 PR 0.0000 | valAUC 0.7273 | tau+ 0.500
[OUTPOST-v4] epoch 103: test-all ROC 0.7600 PR 0.3146 | unseen ROC 0.5000 PR 0.0000 | valAUC 0.7159 | tau+ 0.500
[OUTPOST-v4] epoch 104: test-all ROC 0.7601 PR 0.3367 | unseen ROC 0.5000 PR 0.0000 | valAUC 0.7072 | tau+ 0.500
[OUTPOST-v4] epoch 105: test-all ROC 0.7729 PR 0.3480 | unseen ROC 0.5000 PR 0.0000 | valAUC 0.7324 | tau+ 0.500
[OUTPOST-v4] epoch 106: test-all ROC 0.7920 PR 0.4136 | unseen ROC 0.5000 PR 0.0000 | valAUC 0.7583 | tau+ 0.500
[OUTPOST-v4] epoch 107: test-all ROC 0.8100 PR 0.4653 | unseen ROC 0.5000 PR 0.0000 | valAUC 0.7763 | tau+ 0.500
[OUTPOST-v4] epoch 108: test-all ROC 0.7908 PR 0.4235 | unseen ROC 0.5000 PR 0.0000 | valAUC 0.7523 | tau+ 0.500
[OUTPOST-v4] epoch 109: test-all ROC 0.6773 PR 0.1049 | unseen ROC 0.5000 PR 0.0000 | valAUC 0.6502 | tau+ 0.962
[OUTPOST-v4] epoch 110: test-all ROC 0.7749 PR 0.3768 | unseen ROC 0.5000 PR 0.0000 | valAUC 0.7351 | tau+ 0.500
[OUTPOST-v4] epoch 111: test-all ROC 0.7662 PR 0.3432 | unseen ROC 0.5000 PR 0.0000 | valAUC 0.7237 | tau+ 0.500
[OUTPOST-v4] epoch 112: test-all ROC 0.7640 PR 0.3328 | unseen ROC 0.5000 PR 0.0000 | valAUC 0.6907 | tau+ 0.500
[OUTPOST-v4] epoch 113: test-all ROC 0.7678 PR 0.3456 | unseen ROC 0.5000 PR 0.0000 | valAUC 0.7261 | tau+ 0.500
[OUTPOST-v4] epoch 114: test-all ROC 0.7685 PR 0.3703 | unseen ROC 0.5000 PR 0.0000 | valAUC 0.7171 | tau+ 0.500
[OUTPOST-v4] epoch 115: test-all ROC 0.7831 PR 0.3730 | unseen ROC 0.5000 PR 0.0000 | valAUC 0.7381 | tau+ 0.500
[OUTPOST-v4] epoch 116: test-all ROC 0.7950 PR 0.3516 | unseen ROC 0.5000 PR 0.0000 | valAUC 0.7514 | tau+ 0.537
[OUTPOST-v4] epoch 117: test-all ROC 0.7894 PR 0.3563 | unseen ROC 0.5000 PR 0.0000 | valAUC 0.7835 | tau+ 0.500
[OUTPOST-v4] epoch 118: test-all ROC 0.7782 PR 0.3728 | unseen ROC 0.5000 PR 0.0000 | valAUC 0.7465 | tau+ 0.500
[OUTPOST-v4] epoch 119: test-all ROC 0.6610 PR 0.1047 | unseen ROC 0.5000 PR 0.0000 | valAUC 0.6438 | tau+ 0.964
[OUTPOST-v4] epoch 120: test-all ROC 0.7611 PR 0.3380 | unseen ROC 0.5000 PR 0.0000 | valAUC 0.7141 | tau+ 0.500
[OUTPOST-v4] epoch 121: test-all ROC 0.7665 PR 0.3364 | unseen ROC 0.5000 PR 0.0000 | valAUC 0.7321 | tau+ 0.500
[OUTPOST-v4] epoch 122: test-all ROC 0.7688 PR 0.3471 | unseen ROC 0.5000 PR 0.0000 | valAUC 0.7144 | tau+ 0.500
[OUTPOST-v4] epoch 123: test-all ROC 0.7784 PR 0.3584 | unseen ROC 0.5000 PR 0.0000 | valAUC 0.7652 | tau+ 0.500
[OUTPOST-v4] epoch 124: test-all ROC 0.7935 PR 0.4038 | unseen ROC 0.5000 PR 0.0000 | valAUC 0.7577 | tau+ 0.500
[OUTPOST-v4] epoch 125: test-all ROC 0.8115 PR 0.4760 | unseen ROC 0.5000 PR 0.0000 | valAUC 0.7913 | tau+ 0.500
[OUTPOST-v4] epoch 126: test-all ROC 0.8219 PR 0.5086 | unseen ROC 0.5000 PR 0.0000 | valAUC 0.7874 | tau+ 0.500
[OUTPOST-v4] epoch 127: test-all ROC 0.8088 PR 0.4619 | unseen ROC 0.5000 PR 0.0000 | valAUC 0.7820 | tau+ 0.500
[OUTPOST-v4] epoch 128: test-all ROC 0.7925 PR 0.4250 | unseen ROC 0.5000 PR 0.0000 | valAUC 0.7598 | tau+ 0.500
[OUTPOST-v4] epoch 129: test-all ROC 0.7723 PR 0.3643 | unseen ROC 0.5000 PR 0.0000 | valAUC 0.7366 | tau+ 0.500
[OUTPOST-v4] epoch 130: test-all ROC 0.6727 PR 0.1037 | unseen ROC 0.5000 PR 0.0000 | valAUC 0.6616 | tau+ 0.933
[OUTPOST-v4] epoch 131: test-all ROC 0.7792 PR 0.3729 | unseen ROC 0.5000 PR 0.0000 | valAUC 0.7610 | tau+ 0.500
[OUTPOST-v4] epoch 132: test-all ROC 0.7824 PR 0.3924 | unseen ROC 0.5000 PR 0.0000 | valAUC 0.7384 | tau+ 0.500
[OUTPOST-v4] epoch 133: test-all ROC 0.7851 PR 0.3852 | unseen ROC 0.5000 PR 0.0000 | valAUC 0.7444 | tau+ 0.500
[OUTPOST-v4] epoch 134: test-all ROC 0.7983 PR 0.4299 | unseen ROC 0.5000 PR 0.0000 | valAUC 0.7607 | tau+ 0.500
[OUTPOST-v4] epoch 135: test-all ROC 0.8118 PR 0.4924 | unseen ROC 0.5000 PR 0.0000 | valAUC 0.7892 | tau+ 0.500
[OUTPOST-v4] epoch 136: test-all ROC 0.8255 PR 0.5177 | unseen ROC 0.5000 PR 0.0000 | valAUC 0.8171 | tau+ 0.500
[OUTPOST-v4] epoch 137: test-all ROC 0.8209 PR 0.4948 | unseen ROC 0.5000 PR 0.0000 | valAUC 0.7865 | tau+ 0.500
[OUTPOST-v4] epoch 138: test-all ROC 0.8020 PR 0.4591 | unseen ROC 0.5000 PR 0.0000 | valAUC 0.7703 | tau+ 0.500
[OUTPOST-v4] epoch 139: test-all ROC 0.7926 PR 0.4147 | unseen ROC 0.5000 PR 0.0000 | valAUC 0.7363 | tau+ 0.500
[OUTPOST-v4] epoch 140: test-all ROC 0.7889 PR 0.4064 | unseen ROC 0.5000 PR 0.0000 | valAUC 0.7405 | tau+ 0.500
[OUTPOST-v4] epoch 141: test-all ROC 0.7785 PR 0.3961 | unseen ROC 0.5000 PR 0.0000 | valAUC 0.7772 | tau+ 0.500
[OUTPOST-v4] epoch 142: test-all ROC 0.7254 PR 0.2865 | unseen ROC 0.5000 PR 0.0000 | valAUC 0.7132 | tau+ 0.500
[OUTPOST-v4] epoch 143: test-all ROC 0.7655 PR 0.3903 | unseen ROC 0.5000 PR 0.0000 | valAUC 0.7613 | tau+ 0.500
[OUTPOST-v4] epoch 144: test-all ROC 0.8159 PR 0.4786 | unseen ROC 0.5000 PR 0.0000 | valAUC 0.7958 | tau+ 0.500
[OUTPOST-v4] epoch 145: test-all ROC 0.8264 PR 0.5109 | unseen ROC 0.5000 PR 0.0000 | valAUC 0.8111 | tau+ 0.500
[OUTPOST-v4] epoch 146: test-all ROC 0.8288 PR 0.5378 | unseen ROC 0.5000 PR 0.0000 | valAUC 0.7991 | tau+ 0.500
[OUTPOST-v4] epoch 147: test-all ROC 0.8178 PR 0.5024 | unseen ROC 0.5000 PR 0.0000 | valAUC 0.7715 | tau+ 0.500
[OUTPOST-v4] epoch 148: test-all ROC 0.8086 PR 0.4705 | unseen ROC 0.5000 PR 0.0000 | valAUC 0.7964 | tau+ 0.500
[OUTPOST-v4] epoch 149: test-all ROC 0.8028 PR 0.4551 | unseen ROC 0.5000 PR 0.0000 | valAUC 0.7459 | tau+ 0.500
[OUTPOST-v4] epoch 150: test-all ROC 0.7856 PR 0.4413 | unseen ROC 0.5000 PR 0.0000 | valAUC 0.7577 | tau+ 0.500
[OUTPOST-v4] epoch 151: test-all ROC 0.7765 PR 0.3739 | unseen ROC 0.5000 PR 0.0000 | valAUC 0.7832 | tau+ 0.500
[OUTPOST-v4] epoch 152: test-all ROC 0.8292 PR 0.5364 | unseen ROC 0.5000 PR 0.0000 | valAUC 0.8171 | tau+ 0.500
[OUTPOST-v4] epoch 153: test-all ROC 0.8383 PR 0.5815 | unseen ROC 0.5000 PR 0.0000 | valAUC 0.7886 | tau+ 0.500
[OUTPOST-v4] epoch 154: test-all ROC 0.8391 PR 0.5857 | unseen ROC 0.5000 PR 0.0000 | valAUC 0.7907 | tau+ 0.500
[OUTPOST-v4] epoch 155: test-all ROC 0.8347 PR 0.5814 | unseen ROC 0.5000 PR 0.0000 | valAUC 0.7850 | tau+ 0.500
[OUTPOST-v4] epoch 156: test-all ROC 0.8270 PR 0.5498 | unseen ROC 0.5000 PR 0.0000 | valAUC 0.7973 | tau+ 0.500
[OUTPOST-v4] epoch 157: test-all ROC 0.8142 PR 0.5303 | unseen ROC 0.5000 PR 0.0000 | valAUC 0.8138 | tau+ 0.500
[OUTPOST-v4] epoch 158: test-all ROC 0.8273 PR 0.5660 | unseen ROC 0.5000 PR 0.0000 | valAUC 0.7868 | tau+ 0.500
[OUTPOST-v4] epoch 159: test-all ROC 0.8218 PR 0.5559 | unseen ROC 0.5000 PR 0.0000 | valAUC 0.7619 | tau+ 0.500
[OUTPOST-v4] epoch 160: test-all ROC 0.8278 PR 0.5621 | unseen ROC 0.5000 PR 0.0000 | valAUC 0.7664 | tau+ 0.500
[OUTPOST-v4] epoch 161: test-all ROC 0.8215 PR 0.5491 | unseen ROC 0.5000 PR 0.0000 | valAUC 0.8057 | tau+ 0.500
[OUTPOST-v4] epoch 162: test-all ROC 0.8331 PR 0.5602 | unseen ROC 0.5000 PR 0.0000 | valAUC 0.7934 | tau+ 0.500
[OUTPOST-v4] epoch 163: test-all ROC 0.8317 PR 0.5700 | unseen ROC 0.5000 PR 0.0000 | valAUC 0.8048 | tau+ 0.500
[OUTPOST-v4] epoch 164: test-all ROC 0.8291 PR 0.5741 | unseen ROC 0.5000 PR 0.0000 | valAUC 0.7880 | tau+ 0.500
[OUTPOST-v4] epoch 165: test-all ROC 0.8330 PR 0.5722 | unseen ROC 0.5000 PR 0.0000 | valAUC 0.8066 | tau+ 0.500
[OUTPOST-v4] epoch 166: test-all ROC 0.8352 PR 0.5892 | unseen ROC 0.5000 PR 0.0000 | valAUC 0.7841 | tau+ 0.500
[OUTPOST-v4] epoch 167: test-all ROC 0.8401 PR 0.5994 | unseen ROC 0.5000 PR 0.0000 | valAUC 0.8057 | tau+ 0.500
[OUTPOST-v4] epoch 168: test-all ROC 0.8383 PR 0.5912 | unseen ROC 0.5000 PR 0.0000 | valAUC 0.8261 | tau+ 0.500
[OUTPOST-v4] epoch 169: test-all ROC 0.8395 PR 0.5865 | unseen ROC 0.5000 PR 0.0000 | valAUC 0.8078 | tau+ 0.500
[OUTPOST-v4] epoch 170: test-all ROC 0.8414 PR 0.5974 | unseen ROC 0.5000 PR 0.0000 | valAUC 0.7955 | tau+ 0.500
[OUTPOST-v4] epoch 171: test-all ROC 0.8397 PR 0.5928 | unseen ROC 0.5000 PR 0.0000 | valAUC 0.8078 | tau+ 0.500
[OUTPOST-v4] epoch 172: test-all ROC 0.8435 PR 0.6074 | unseen ROC 0.5000 PR 0.0000 | valAUC 0.8108 | tau+ 0.500
[OUTPOST-v4] epoch 173: test-all ROC 0.8498 PR 0.6050 | unseen ROC 0.5000 PR 0.0000 | valAUC 0.8162 | tau+ 0.500
[OUTPOST-v4] epoch 174: test-all ROC 0.8504 PR 0.5866 | unseen ROC 0.5000 PR 0.0000 | valAUC 0.8465 | tau+ 0.500
[OUTPOST-v4] epoch 175: test-all ROC 0.8500 PR 0.5905 | unseen ROC 0.5000 PR 0.0000 | valAUC 0.8288 | tau+ 0.500
[OUTPOST-v4] epoch 176: test-all ROC 0.8549 PR 0.6099 | unseen ROC 0.5000 PR 0.0000 | valAUC 0.8483 | tau+ 0.500
[OUTPOST-v4] epoch 177: test-all ROC 0.8490 PR 0.5916 | unseen ROC 0.5000 PR 0.0000 | valAUC 0.8414 | tau+ 0.500
[OUTPOST-v4] epoch 178: test-all ROC 0.8478 PR 0.5813 | unseen ROC 0.5000 PR 0.0000 | valAUC 0.8565 | tau+ 0.500
[OUTPOST-v4] epoch 179: test-all ROC 0.8543 PR 0.5709 | unseen ROC 0.5000 PR 0.0000 | valAUC 0.8541 | tau+ 0.500
[OUTPOST-v4] epoch 180: test-all ROC 0.8527 PR 0.5640 | unseen ROC 0.5000 PR 0.0000 | valAUC 0.8760 | tau+ 0.500
[OUTPOST-v4] epoch 181: test-all ROC 0.8546 PR 0.5736 | unseen ROC 0.5000 PR 0.0000 | valAUC 0.8559 | tau+ 0.500
[OUTPOST-v4] epoch 182: test-all ROC 0.8544 PR 0.5919 | unseen ROC 0.5000 PR 0.0000 | valAUC 0.8300 | tau+ 0.500
[OUTPOST-v4] epoch 183: test-all ROC 0.8468 PR 0.5767 | unseen ROC 0.5000 PR 0.0000 | valAUC 0.8520 | tau+ 0.500
[OUTPOST-v4] epoch 184: test-all ROC 0.8514 PR 0.5934 | unseen ROC 0.5000 PR 0.0000 | valAUC 0.8520 | tau+ 0.500
[OUTPOST-v4] epoch 185: test-all ROC 0.8579 PR 0.6000 | unseen ROC 0.5000 PR 0.0000 | valAUC 0.8853 | tau+ 0.500
[OUTPOST-v4] epoch 186: test-all ROC 0.8600 PR 0.6009 | unseen ROC 0.5000 PR 0.0000 | valAUC 0.8405 | tau+ 0.500
[OUTPOST-v4] epoch 187: test-all ROC 0.8603 PR 0.6277 | unseen ROC 0.5000 PR 0.0000 | valAUC 0.7940 | tau+ 0.500
[OUTPOST-v4] epoch 188: test-all ROC 0.8526 PR 0.6165 | unseen ROC 0.5000 PR 0.0000 | valAUC 0.8174 | tau+ 0.500
[OUTPOST-v4] epoch 189: test-all ROC 0.8556 PR 0.6143 | unseen ROC 0.5000 PR 0.0000 | valAUC 0.8447 | tau+ 0.500
[OUTPOST-v4] epoch 190: test-all ROC 0.8553 PR 0.5926 | unseen ROC 0.5000 PR 0.0000 | valAUC 0.8429 | tau+ 0.500
[OUTPOST-v4] epoch 191: test-all ROC 0.8626 PR 0.5977 | unseen ROC 0.5000 PR 0.0000 | valAUC 0.8477 | tau+ 0.500
[OUTPOST-v4] epoch 192: test-all ROC 0.8616 PR 0.6316 | unseen ROC 0.5000 PR 0.0000 | valAUC 0.8529 | tau+ 0.500
[OUTPOST-v4] epoch 193: test-all ROC 0.8590 PR 0.6324 | unseen ROC 0.5000 PR 0.0000 | valAUC 0.8480 | tau+ 0.500
[OUTPOST-v4] epoch 194: test-all ROC 0.8591 PR 0.6240 | unseen ROC 0.5000 PR 0.0000 | valAUC 0.8261 | tau+ 0.500
[OUTPOST-v4] epoch 195: test-all ROC 0.8591 PR 0.6331 | unseen ROC 0.5000 PR 0.0000 | valAUC 0.8517 | tau+ 0.500
[OUTPOST-v4] epoch 196: test-all ROC 0.8628 PR 0.6501 | unseen ROC 0.5000 PR 0.0000 | valAUC 0.8562 | tau+ 0.500
[OUTPOST-v4] epoch 197: test-all ROC 0.8639 PR 0.6499 | unseen ROC 0.5000 PR 0.0000 | valAUC 0.8237 | tau+ 0.500
[OUTPOST-v4] epoch 198: test-all ROC 0.8625 PR 0.6434 | unseen ROC 0.5000 PR 0.0000 | valAUC 0.8538 | tau+ 0.500
[OUTPOST-v4] epoch 199: test-all ROC 0.8660 PR 0.6374 | unseen ROC 0.5000 PR 0.0000 | valAUC 0.8667 | tau+ 0.500
[OUTPOST-v4] epoch 200: test-all ROC 0.8679 PR 0.6105 | unseen ROC 0.5000 PR 0.0000 | valAUC 0.8189 | tau+ 0.500
[OUTPOST-v4] epoch 201: test-all ROC 0.8667 PR 0.6277 | unseen ROC 0.5000 PR 0.0000 | valAUC 0.8402 | tau+ 0.500
[OUTPOST-v4] epoch 202: test-all ROC 0.8667 PR 0.6388 | unseen ROC 0.5000 PR 0.0000 | valAUC 0.8069 | tau+ 0.500
[OUTPOST-v4] epoch 203: test-all ROC 0.8616 PR 0.6467 | unseen ROC 0.5000 PR 0.0000 | valAUC 0.8568 | tau+ 0.500
[OUTPOST-v4] epoch 204: test-all ROC 0.8723 PR 0.6696 | unseen ROC 0.5000 PR 0.0000 | valAUC 0.8565 | tau+ 0.500
[OUTPOST-v4] epoch 205: test-all ROC 0.8650 PR 0.6260 | unseen ROC 0.5000 PR 0.0000 | valAUC 0.8228 | tau+ 0.500
[OUTPOST-v4] epoch 206: test-all ROC 0.8591 PR 0.6452 | unseen ROC 0.5000 PR 0.0000 | valAUC 0.8282 | tau+ 0.500
[OUTPOST-v4] epoch 207: test-all ROC 0.8531 PR 0.6255 | unseen ROC 0.5000 PR 0.0000 | valAUC 0.8414 | tau+ 0.500
[OUTPOST-v4] epoch 208: test-all ROC 0.8672 PR 0.6421 | unseen ROC 0.5000 PR 0.0000 | valAUC 0.8168 | tau+ 0.500
[OUTPOST-v4] epoch 209: test-all ROC 0.8629 PR 0.6124 | unseen ROC 0.5000 PR 0.0000 | valAUC 0.8345 | tau+ 0.500
[OUTPOST-v4] epoch 210: test-all ROC 0.8668 PR 0.6416 | unseen ROC 0.5000 PR 0.0000 | valAUC 0.8760 | tau+ 0.500
[OUTPOST-v4] epoch 211: test-all ROC 0.8622 PR 0.6644 | unseen ROC 0.5000 PR 0.0000 | valAUC 0.8387 | tau+ 0.500
[OUTPOST-v4] epoch 212: test-all ROC 0.8624 PR 0.6751 | unseen ROC 0.5000 PR 0.0000 | valAUC 0.8258 | tau+ 0.500
[OUTPOST-v4] epoch 213: test-all ROC 0.8659 PR 0.6945 | unseen ROC 0.5000 PR 0.0000 | valAUC 0.8321 | tau+ 0.500
[OUTPOST-v4] epoch 214: test-all ROC 0.8745 PR 0.7011 | unseen ROC 0.5000 PR 0.0000 | valAUC 0.8384 | tau+ 0.500
[OUTPOST-v4] epoch 215: test-all ROC 0.8585 PR 0.5525 | unseen ROC 0.5000 PR 0.0000 | valAUC 0.8718 | tau+ 0.500
[OUTPOST-v4] epoch 216: test-all ROC 0.8664 PR 0.6733 | unseen ROC 0.5000 PR 0.0000 | valAUC 0.8234 | tau+ 0.500
[OUTPOST-v4] epoch 217: test-all ROC 0.8587 PR 0.6506 | unseen ROC 0.5000 PR 0.0000 | valAUC 0.8126 | tau+ 0.500
[OUTPOST-v4] epoch 218: test-all ROC 0.8585 PR 0.6542 | unseen ROC 0.5000 PR 0.0000 | valAUC 0.8075 | tau+ 0.500
[OUTPOST-v4] epoch 219: test-all ROC 0.8622 PR 0.6728 | unseen ROC 0.5000 PR 0.0000 | valAUC 0.8327 | tau+ 0.500
[OUTPOST-v4] epoch 220: test-all ROC 0.8754 PR 0.6861 | unseen ROC 0.5000 PR 0.0000 | valAUC 0.8303 | tau+ 0.500
[OUTPOST-v4] epoch 221: test-all ROC 0.8475 PR 0.4540 | unseen ROC 0.5000 PR 0.0000 | valAUC 0.8345 | tau+ 0.500
[OUTPOST-v4] epoch 222: test-all ROC 0.8689 PR 0.6783 | unseen ROC 0.5000 PR 0.0000 | valAUC 0.8099 | tau+ 0.500
[OUTPOST-v4] epoch 223: test-all ROC 0.8628 PR 0.6767 | unseen ROC 0.5000 PR 0.0000 | valAUC 0.8123 | tau+ 0.500
[OUTPOST-v4] epoch 224: test-all ROC 0.8719 PR 0.7333 | unseen ROC 0.5000 PR 0.0000 | valAUC 0.8327 | tau+ 0.500
[OUTPOST-v4] epoch 225: test-all ROC 0.8730 PR 0.7428 | unseen ROC 0.5000 PR 0.0000 | valAUC 0.8210 | tau+ 0.500
[OUTPOST-v4] epoch 226: test-all ROC 0.8681 PR 0.6877 | unseen ROC 0.5000 PR 0.0000 | valAUC 0.8273 | tau+ 0.500
[OUTPOST-v4] epoch 227: test-all ROC 0.8784 PR 0.6322 | unseen ROC 0.5000 PR 0.0000 | valAUC 0.8610 | tau+ 0.500
[OUTPOST-v4] epoch 228: test-all ROC 0.7951 PR 0.2725 | unseen ROC 0.5000 PR 0.0000 | valAUC 0.7565 | tau+ 0.530
[OUTPOST-v4] epoch 229: test-all ROC 0.8571 PR 0.6029 | unseen ROC 0.5000 PR 0.0000 | valAUC 0.8243 | tau+ 0.500
[OUTPOST-v4] epoch 230: test-all ROC 0.8543 PR 0.6309 | unseen ROC 0.5000 PR 0.0000 | valAUC 0.8258 | tau+ 0.500
[OUTPOST-v4] epoch 231: test-all ROC 0.8593 PR 0.6882 | unseen ROC 0.5000 PR 0.0000 | valAUC 0.8135 | tau+ 0.500
[OUTPOST-v4] epoch 232: test-all ROC 0.8700 PR 0.7500 | unseen ROC 0.5000 PR 0.0000 | valAUC 0.8273 | tau+ 0.500
[OUTPOST-v4] epoch 233: test-all ROC 0.8734 PR 0.7555 | unseen ROC 0.5000 PR 0.0000 | valAUC 0.8447 | tau+ 0.500
[OUTPOST-v4] epoch 234: test-all ROC 0.8677 PR 0.7157 | unseen ROC 0.5000 PR 0.0000 | valAUC 0.8210 | tau+ 0.500
[OUTPOST-v4] epoch 235: test-all ROC 0.8776 PR 0.6640 | unseen ROC 0.5000 PR 0.0000 | valAUC 0.8240 | tau+ 0.500
[OUTPOST-v4] epoch 236: test-all ROC 0.8216 PR 0.5088 | unseen ROC 0.5000 PR 0.0000 | valAUC 0.8228 | tau+ 0.500
[OUTPOST-v4] epoch 237: test-all ROC 0.8615 PR 0.5742 | unseen ROC 0.5000 PR 0.0000 | valAUC 0.8483 | tau+ 0.500
[OUTPOST-v4] epoch 238: test-all ROC 0.8683 PR 0.6125 | unseen ROC 0.5000 PR 0.0000 | valAUC 0.8640 | tau+ 0.500
[OUTPOST-v4] epoch 239: test-all ROC 0.8774 PR 0.6540 | unseen ROC 0.5000 PR 0.0000 | valAUC 0.8366 | tau+ 0.500
[OUTPOST-v4] epoch 240: test-all ROC 0.8851 PR 0.7036 | unseen ROC 0.5000 PR 0.0000 | valAUC 0.8553 | tau+ 0.500
[OUTPOST-v4] epoch 241: test-all ROC 0.8934 PR 0.7354 | unseen ROC 0.5000 PR 0.0000 | valAUC 0.9219 | tau+ 0.500
[OUTPOST-v4] epoch 242: test-all ROC 0.8933 PR 0.6810 | unseen ROC 0.5000 PR 0.0000 | valAUC 0.8769 | tau+ 0.500
[OUTPOST-v4] epoch 243: test-all ROC 0.8796 PR 0.6944 | unseen ROC 0.5000 PR 0.0000 | valAUC 0.8450 | tau+ 0.500
[OUTPOST-v4] epoch 244: test-all ROC 0.8686 PR 0.6753 | unseen ROC 0.5000 PR 0.0000 | valAUC 0.8177 | tau+ 0.500
[OUTPOST-v4] epoch 245: test-all ROC 0.8675 PR 0.6748 | unseen ROC 0.5000 PR 0.0000 | valAUC 0.8447 | tau+ 0.500
[OUTPOST-v4] epoch 246: test-all ROC 0.8779 PR 0.7000 | unseen ROC 0.5000 PR 0.0000 | valAUC 0.8649 | tau+ 0.500
[OUTPOST-v4] epoch 247: test-all ROC 0.8932 PR 0.7394 | unseen ROC 0.5000 PR 0.0000 | valAUC 0.8886 | tau+ 0.500
[OUTPOST-v4] epoch 248: test-all ROC 0.8790 PR 0.6493 | unseen ROC 0.5000 PR 0.0000 | valAUC 0.8883 | tau+ 0.500
[OUTPOST-v4] epoch 249: test-all ROC 0.8772 PR 0.7486 | unseen ROC 0.5000 PR 0.0000 | valAUC 0.8745 | tau+ 0.500
[OUTPOST-v4] epoch 250: test-all ROC 0.8742 PR 0.7416 | unseen ROC 0.5000 PR 0.0000 | valAUC 0.8318 | tau+ 0.500
[OUTPOST-v4] epoch 251: test-all ROC 0.8689 PR 0.7165 | unseen ROC 0.5000 PR 0.0000 | valAUC 0.8144 | tau+ 0.500
[OUTPOST-v4] epoch 252: test-all ROC 0.8702 PR 0.7012 | unseen ROC 0.5000 PR 0.0000 | valAUC 0.8192 | tau+ 0.500
[OUTPOST-v4] epoch 253: test-all ROC 0.8808 PR 0.7091 | unseen ROC 0.5000 PR 0.0000 | valAUC 0.8565 | tau+ 0.500
[OUTPOST-v4] epoch 254: test-all ROC 0.9009 PR 0.7110 | unseen ROC 0.5000 PR 0.0000 | valAUC 0.8847 | tau+ 0.500
[OUTPOST-v4] epoch 255: test-all ROC 0.8754 PR 0.5885 | unseen ROC 0.5000 PR 0.0000 | valAUC 0.8483 | tau+ 0.500
[OUTPOST-v4] epoch 256: test-all ROC 0.8939 PR 0.7122 | unseen ROC 0.5000 PR 0.0000 | valAUC 0.8649 | tau+ 0.500
[OUTPOST-v4] epoch 257: test-all ROC 0.8804 PR 0.7096 | unseen ROC 0.5000 PR 0.0000 | valAUC 0.8468 | tau+ 0.500
[OUTPOST-v4] epoch 258: test-all ROC 0.8742 PR 0.6992 | unseen ROC 0.5000 PR 0.0000 | valAUC 0.8429 | tau+ 0.500
[OUTPOST-v4] epoch 259: test-all ROC 0.8795 PR 0.6942 | unseen ROC 0.5000 PR 0.0000 | valAUC 0.8649 | tau+ 0.500
[OUTPOST-v4] epoch 260: test-all ROC 0.8899 PR 0.7149 | unseen ROC 0.5000 PR 0.0000 | valAUC 0.8898 | tau+ 0.500
[OUTPOST-v4] epoch 261: test-all ROC 0.9035 PR 0.7280 | unseen ROC 0.5000 PR 0.0000 | valAUC 0.9360 | tau+ 0.500
[OUTPOST-v4] epoch 262: test-all ROC 0.8909 PR 0.6668 | unseen ROC 0.5000 PR 0.0000 | valAUC 0.8982 | tau+ 0.500
[OUTPOST-v4] epoch 263: test-all ROC 0.8976 PR 0.7109 | unseen ROC 0.5000 PR 0.0000 | valAUC 0.8934 | tau+ 0.500
[OUTPOST-v4] epoch 264: test-all ROC 0.8864 PR 0.7053 | unseen ROC 0.5000 PR 0.0000 | valAUC 0.8405 | tau+ 0.500
[OUTPOST-v4] epoch 265: test-all ROC 0.8836 PR 0.6970 | unseen ROC 0.5000 PR 0.0000 | valAUC 0.8712 | tau+ 0.500
[OUTPOST-v4] epoch 266: test-all ROC 0.8927 PR 0.7080 | unseen ROC 0.5000 PR 0.0000 | valAUC 0.8685 | tau+ 0.500
[OUTPOST-v4] epoch 267: test-all ROC 0.8937 PR 0.7182 | unseen ROC 0.5000 PR 0.0000 | valAUC 0.9171 | tau+ 0.500
[OUTPOST-v4] epoch 268: test-all ROC 0.8956 PR 0.7448 | unseen ROC 0.5000 PR 0.0000 | valAUC 0.8685 | tau+ 0.500
[OUTPOST-v4] epoch 269: test-all ROC 0.8975 PR 0.7628 | unseen ROC 0.5000 PR 0.0000 | valAUC 0.9006 | tau+ 0.500
[OUTPOST-v4] epoch 270: test-all ROC 0.8947 PR 0.7719 | unseen ROC 0.5000 PR 0.0000 | valAUC 0.8381 | tau+ 0.500
[OUTPOST-v4] epoch 271: test-all ROC 0.8931 PR 0.7597 | unseen ROC 0.5000 PR 0.0000 | valAUC 0.8523 | tau+ 0.500
[OUTPOST-v4] epoch 272: test-all ROC 0.8908 PR 0.7483 | unseen ROC 0.5000 PR 0.0000 | valAUC 0.8874 | tau+ 0.500
[OUTPOST-v4] epoch 273: test-all ROC 0.8878 PR 0.7282 | unseen ROC 0.5000 PR 0.0000 | valAUC 0.8679 | tau+ 0.500
[OUTPOST-v4] epoch 274: test-all ROC 0.8930 PR 0.7333 | unseen ROC 0.5000 PR 0.0000 | valAUC 0.9138 | tau+ 0.500
[OUTPOST-v4] epoch 275: test-all ROC 0.8927 PR 0.7230 | unseen ROC 0.5000 PR 0.0000 | valAUC 0.8985 | tau+ 0.500
[OUTPOST-v4] epoch 276: test-all ROC 0.8933 PR 0.7542 | unseen ROC 0.5000 PR 0.0000 | valAUC 0.9027 | tau+ 0.500
[OUTPOST-v4] epoch 277: test-all ROC 0.8858 PR 0.7452 | unseen ROC 0.5000 PR 0.0000 | valAUC 0.8613 | tau+ 0.500
[OUTPOST-v4] epoch 278: test-all ROC 0.8895 PR 0.7426 | unseen ROC 0.5000 PR 0.0000 | valAUC 0.8706 | tau+ 0.500
[OUTPOST-v4] epoch 279: test-all ROC 0.9056 PR 0.7460 | unseen ROC 0.5000 PR 0.0000 | valAUC 0.9063 | tau+ 0.500
[OUTPOST-v4] epoch 280: test-all ROC 0.8919 PR 0.6828 | unseen ROC 0.5000 PR 0.0000 | valAUC 0.9081 | tau+ 0.500
[OUTPOST-v4] epoch 281: test-all ROC 0.8986 PR 0.7264 | unseen ROC 0.5000 PR 0.0000 | valAUC 0.9117 | tau+ 0.500
[OUTPOST-v4] epoch 282: test-all ROC 0.8890 PR 0.7330 | unseen ROC 0.5000 PR 0.0000 | valAUC 0.8586 | tau+ 0.500
[OUTPOST-v4] epoch 283: test-all ROC 0.8929 PR 0.7447 | unseen ROC 0.5000 PR 0.0000 | valAUC 0.9108 | tau+ 0.500
[OUTPOST-v4] epoch 284: test-all ROC 0.9044 PR 0.7539 | unseen ROC 0.5000 PR 0.0000 | valAUC 0.8790 | tau+ 0.500
[OUTPOST-v4] epoch 285: test-all ROC 0.8957 PR 0.7175 | unseen ROC 0.5000 PR 0.0000 | valAUC 0.8931 | tau+ 0.500
[OUTPOST-v4] epoch 286: test-all ROC 0.9021 PR 0.7283 | unseen ROC 0.5000 PR 0.0000 | valAUC 0.9039 | tau+ 0.500
[OUTPOST-v4] epoch 287: test-all ROC 0.8899 PR 0.7244 | unseen ROC 0.5000 PR 0.0000 | valAUC 0.8826 | tau+ 0.500
[OUTPOST-v4] epoch 288: test-all ROC 0.8885 PR 0.7277 | unseen ROC 0.5000 PR 0.0000 | valAUC 0.8444 | tau+ 0.500
[OUTPOST-v4] epoch 289: test-all ROC 0.8969 PR 0.7443 | unseen ROC 0.5000 PR 0.0000 | valAUC 0.8474 | tau+ 0.500
[OUTPOST-v4] epoch 290: test-all ROC 0.8951 PR 0.6820 | unseen ROC 0.5000 PR 0.0000 | valAUC 0.8997 | tau+ 0.500
[OUTPOST-v4] epoch 291: test-all ROC 0.8906 PR 0.7599 | unseen ROC 0.5000 PR 0.0000 | valAUC 0.8805 | tau+ 0.500
[OUTPOST-v4] epoch 292: test-all ROC 0.8848 PR 0.7642 | unseen ROC 0.5000 PR 0.0000 | valAUC 0.8631 | tau+ 0.500
[OUTPOST-v4] epoch 293: test-all ROC 0.8843 PR 0.7562 | unseen ROC 0.5000 PR 0.0000 | valAUC 0.8405 | tau+ 0.500
[OUTPOST-v4] epoch 294: test-all ROC 0.9050 PR 0.7503 | unseen ROC 0.5000 PR 0.0000 | valAUC 0.8922 | tau+ 0.500
[OUTPOST-v4] epoch 295: test-all ROC 0.8978 PR 0.6988 | unseen ROC 0.5000 PR 0.0000 | valAUC 0.8913 | tau+ 0.500
[OUTPOST-v4] epoch 296: test-all ROC 0.8961 PR 0.7412 | unseen ROC 0.5000 PR 0.0000 | valAUC 0.8811 | tau+ 0.500
[OUTPOST-v4] epoch 297: test-all ROC 0.8851 PR 0.7403 | unseen ROC 0.5000 PR 0.0000 | valAUC 0.8508 | tau+ 0.500
[OUTPOST-v4] epoch 298: test-all ROC 0.8905 PR 0.7613 | unseen ROC 0.5000 PR 0.0000 | valAUC 0.8532 | tau+ 0.500
[OUTPOST-v4] epoch 299: test-all ROC 0.8964 PR 0.7704 | unseen ROC 0.5000 PR 0.0000 | valAUC 0.9303 | tau+ 0.500
[OUTPOST-v4] epoch 300: test-all ROC 0.8953 PR 0.6690 | unseen ROC 0.5000 PR 0.0000 | valAUC 0.9075 | tau+ 0.500
[OUTPOST-v4] epoch 301: test-all ROC 0.8908 PR 0.7573 | unseen ROC 0.5000 PR 0.0000 | valAUC 0.8958 | tau+ 0.500
[OUTPOST-v4] epoch 302: test-all ROC 0.8831 PR 0.7469 | unseen ROC 0.5000 PR 0.0000 | valAUC 0.8625 | tau+ 0.500
[OUTPOST-v4] epoch 303: test-all ROC 0.8817 PR 0.7374 | unseen ROC 0.5000 PR 0.0000 | valAUC 0.8553 | tau+ 0.500
[OUTPOST-v4] epoch 304: test-all ROC 0.8872 PR 0.7480 | unseen ROC 0.5000 PR 0.0000 | valAUC 0.8637 | tau+ 0.500
[OUTPOST-v4] epoch 305: test-all ROC 0.9039 PR 0.7598 | unseen ROC 0.5000 PR 0.0000 | valAUC 0.9168 | tau+ 0.500
[OUTPOST-v4] epoch 306: test-all ROC 0.8899 PR 0.5258 | unseen ROC 0.5000 PR 0.0000 | valAUC 0.8961 | tau+ 0.583
[OUTPOST-v4] epoch 307: test-all ROC 0.9028 PR 0.7569 | unseen ROC 0.5000 PR 0.0000 | valAUC 0.9090 | tau+ 0.500
[OUTPOST-v4] epoch 308: test-all ROC 0.8902 PR 0.7471 | unseen ROC 0.5000 PR 0.0000 | valAUC 0.8772 | tau+ 0.500
[OUTPOST-v4] epoch 309: test-all ROC 0.8869 PR 0.7442 | unseen ROC 0.5000 PR 0.0000 | valAUC 0.8502 | tau+ 0.500
[OUTPOST-v4] epoch 310: test-all ROC 0.8866 PR 0.7494 | unseen ROC 0.5000 PR 0.0000 | valAUC 0.8652 | tau+ 0.500
[OUTPOST-v4] epoch 311: test-all ROC 0.9072 PR 0.7599 | unseen ROC 0.5000 PR 0.0000 | valAUC 0.9051 | tau+ 0.500
[OUTPOST-v4] epoch 312: test-all ROC 0.9165 PR 0.7635 | unseen ROC 0.5000 PR 0.0000 | valAUC 0.9489 | tau+ 0.500
[OUTPOST-v4] epoch 313: test-all ROC 0.8948 PR 0.5730 | unseen ROC 0.5000 PR 0.0000 | valAUC 0.9042 | tau+ 0.500
[OUTPOST-v4] epoch 314: test-all ROC 0.8888 PR 0.7542 | unseen ROC 0.5000 PR 0.0000 | valAUC 0.8616 | tau+ 0.500
[OUTPOST-v4] epoch 315: test-all ROC 0.8790 PR 0.7508 | unseen ROC 0.5000 PR 0.0000 | valAUC 0.8426 | tau+ 0.500
[OUTPOST-v4] epoch 316: test-all ROC 0.8758 PR 0.7509 | unseen ROC 0.5000 PR 0.0000 | valAUC 0.8261 | tau+ 0.500
[OUTPOST-v4] epoch 317: test-all ROC 0.8840 PR 0.7835 | unseen ROC 0.5000 PR 0.0000 | valAUC 0.8471 | tau+ 0.500
[OUTPOST-v4] epoch 318: test-all ROC 0.8838 PR 0.7896 | unseen ROC 0.5000 PR 0.0000 | valAUC 0.8634 | tau+ 0.500
[OUTPOST-v4] epoch 319: test-all ROC 0.8843 PR 0.7850 | unseen ROC 0.5000 PR 0.0000 | valAUC 0.8517 | tau+ 0.500
[OUTPOST-v4] epoch 320: test-all ROC 0.8802 PR 0.7437 | unseen ROC 0.5000 PR 0.0000 | valAUC 0.8396 | tau+ 0.500
[OUTPOST-v4] epoch 321: test-all ROC 0.8868 PR 0.7135 | unseen ROC 0.5000 PR 0.0000 | valAUC 0.8712 | tau+ 0.500
[OUTPOST-v4] epoch 322: test-all ROC 0.9003 PR 0.6951 | unseen ROC 0.5000 PR 0.0000 | valAUC 0.8877 | tau+ 0.500
[OUTPOST-v4] epoch 323: test-all ROC 0.8383 PR 0.3360 | unseen ROC 0.5000 PR 0.0000 | valAUC 0.8535 | tau+ 0.809
[OUTPOST-v4] epoch 324: test-all ROC 0.8992 PR 0.7062 | unseen ROC 0.5000 PR 0.0000 | valAUC 0.8796 | tau+ 0.500
[OUTPOST-v4] epoch 325: test-all ROC 0.8893 PR 0.7405 | unseen ROC 0.5000 PR 0.0000 | valAUC 0.8532 | tau+ 0.500
[OUTPOST-v4] epoch 326: test-all ROC 0.8871 PR 0.7742 | unseen ROC 0.5000 PR 0.0000 | valAUC 0.8604 | tau+ 0.500
[OUTPOST-v4] epoch 327: test-all ROC 0.8847 PR 0.7749 | unseen ROC 0.5000 PR 0.0000 | valAUC 0.8604 | tau+ 0.500
[OUTPOST-v4] epoch 328: test-all ROC 0.8829 PR 0.7726 | unseen ROC 0.5000 PR 0.0000 | valAUC 0.8514 | tau+ 0.500
[OUTPOST-v4] epoch 329: test-all ROC 0.8826 PR 0.7597 | unseen ROC 0.5000 PR 0.0000 | valAUC 0.8459 | tau+ 0.500
[OUTPOST-v4] epoch 330: test-all ROC 0.8864 PR 0.7569 | unseen ROC 0.5000 PR 0.0000 | valAUC 0.8411 | tau+ 0.500
[OUTPOST-v4] epoch 331: test-all ROC 0.8931 PR 0.7534 | unseen ROC 0.5000 PR 0.0000 | valAUC 0.8655 | tau+ 0.500
[OUTPOST-v4] epoch 332: test-all ROC 0.9099 PR 0.7630 | unseen ROC 0.5000 PR 0.0000 | valAUC 0.9147 | tau+ 0.500
[OUTPOST-v4] epoch 333: test-all ROC 0.8958 PR 0.6459 | unseen ROC 0.5000 PR 0.0000 | valAUC 0.8988 | tau+ 0.500
[OUTPOST-v4] epoch 334: test-all ROC 0.9185 PR 0.7700 | unseen ROC 0.5000 PR 0.0000 | valAUC 0.9547 | tau+ 0.500
[OUTPOST-v4] epoch 335: test-all ROC 0.9050 PR 0.7682 | unseen ROC 0.5000 PR 0.0000 | valAUC 0.8928 | tau+ 0.500
[OUTPOST-v4] epoch 336: test-all ROC 0.8940 PR 0.7625 | unseen ROC 0.5000 PR 0.0000 | valAUC 0.8901 | tau+ 0.500
[OUTPOST-v4] epoch 337: test-all ROC 0.8995 PR 0.7685 | unseen ROC 0.5000 PR 0.0000 | valAUC 0.8787 | tau+ 0.500
[OUTPOST-v4] epoch 338: test-all ROC 0.8990 PR 0.7757 | unseen ROC 0.5000 PR 0.0000 | valAUC 0.9300 | tau+ 0.500
[OUTPOST-v4] epoch 339: test-all ROC 0.9132 PR 0.7873 | unseen ROC 0.5000 PR 0.0000 | valAUC 0.9153 | tau+ 0.500
[OUTPOST-v4] epoch 340: test-all ROC 0.9138 PR 0.7628 | unseen ROC 0.5000 PR 0.0000 | valAUC 0.9306 | tau+ 0.500
[OUTPOST-v4] epoch 341: test-all ROC 0.9146 PR 0.7657 | unseen ROC 0.5000 PR 0.0000 | valAUC 0.9045 | tau+ 0.500
[OUTPOST-v4] epoch 342: test-all ROC 0.9162 PR 0.7805 | unseen ROC 0.5000 PR 0.0000 | valAUC 0.9195 | tau+ 0.500
[OUTPOST-v4] epoch 343: test-all ROC 0.9073 PR 0.7659 | unseen ROC 0.5000 PR 0.0000 | valAUC 0.9045 | tau+ 0.500
[OUTPOST-v4] epoch 344: test-all ROC 0.9023 PR 0.7757 | unseen ROC 0.5000 PR 0.0000 | valAUC 0.9117 | tau+ 0.500
[OUTPOST-v4] epoch 345: test-all ROC 0.9054 PR 0.7813 | unseen ROC 0.5000 PR 0.0000 | valAUC 0.9201 | tau+ 0.500
[OUTPOST-v4] epoch 346: test-all ROC 0.9156 PR 0.7905 | unseen ROC 0.5000 PR 0.0000 | valAUC 0.9330 | tau+ 0.500
[OUTPOST-v4] epoch 347: test-all ROC 0.9147 PR 0.7585 | unseen ROC 0.5000 PR 0.0000 | valAUC 0.9147 | tau+ 0.500
[OUTPOST-v4] epoch 348: test-all ROC 0.9130 PR 0.7724 | unseen ROC 0.5000 PR 0.0000 | valAUC 0.9240 | tau+ 0.500
[OUTPOST-v4] epoch 349: test-all ROC 0.9146 PR 0.7649 | unseen ROC 0.5000 PR 0.0000 | valAUC 0.9108 | tau+ 0.500
[OUTPOST-v4] epoch 350: test-all ROC 0.9120 PR 0.7687 | unseen ROC 0.5000 PR 0.0000 | valAUC 0.9438 | tau+ 0.500
[OUTPOST-v4] epoch 351: test-all ROC 0.9168 PR 0.7653 | unseen ROC 0.5000 PR 0.0000 | valAUC 0.9438 | tau+ 0.500
[OUTPOST-v4] epoch 352: test-all ROC 0.9191 PR 0.7801 | unseen ROC 0.5000 PR 0.0000 | valAUC 0.9228 | tau+ 0.500
[OUTPOST-v4] epoch 353: test-all ROC 0.9144 PR 0.7717 | unseen ROC 0.5000 PR 0.0000 | valAUC 0.9417 | tau+ 0.500
[OUTPOST-v4] epoch 354: test-all ROC 0.9160 PR 0.7631 | unseen ROC 0.5000 PR 0.0000 | valAUC 0.9171 | tau+ 0.500
[OUTPOST-v4] epoch 355: test-all ROC 0.9157 PR 0.7541 | unseen ROC 0.5000 PR 0.0000 | valAUC 0.9165 | tau+ 0.500
[OUTPOST-v4] epoch 356: test-all ROC 0.9132 PR 0.7536 | unseen ROC 0.5000 PR 0.0000 | valAUC 0.8616 | tau+ 0.500
[OUTPOST-v4] epoch 357: test-all ROC 0.9205 PR 0.7563 | unseen ROC 0.5000 PR 0.0000 | valAUC 0.9111 | tau+ 0.500
[OUTPOST-v4] epoch 358: test-all ROC 0.9178 PR 0.7718 | unseen ROC 0.5000 PR 0.0000 | valAUC 0.9213 | tau+ 0.500
[OUTPOST-v4] epoch 359: test-all ROC 0.9119 PR 0.7770 | unseen ROC 0.5000 PR 0.0000 | valAUC 0.9180 | tau+ 0.500
[OUTPOST-v4] epoch 360: test-all ROC 0.9126 PR 0.7744 | unseen ROC 0.5000 PR 0.0000 | valAUC 0.9306 | tau+ 0.500
[OUTPOST-v4] epoch 361: test-all ROC 0.9157 PR 0.7816 | unseen ROC 0.5000 PR 0.0000 | valAUC 0.9532 | tau+ 0.500
[OUTPOST-v4] epoch 362: test-all ROC 0.9205 PR 0.7719 | unseen ROC 0.5000 PR 0.0000 | valAUC 0.9348 | tau+ 0.500
[OUTPOST-v4] epoch 363: test-all ROC 0.9195 PR 0.7636 | unseen ROC 0.5000 PR 0.0000 | valAUC 0.9390 | tau+ 0.500
[OUTPOST-v4] epoch 364: test-all ROC 0.9198 PR 0.7686 | unseen ROC 0.5000 PR 0.0000 | valAUC 0.9207 | tau+ 0.500
[OUTPOST-v4] epoch 365: test-all ROC 0.9182 PR 0.7827 | unseen ROC 0.5000 PR 0.0000 | valAUC 0.9234 | tau+ 0.500
[OUTPOST-v4] epoch 366: test-all ROC 0.9234 PR 0.7889 | unseen ROC 0.5000 PR 0.0000 | valAUC 0.9357 | tau+ 0.500
[OUTPOST-v4] epoch 367: test-all ROC 0.9203 PR 0.7973 | unseen ROC 0.5000 PR 0.0000 | valAUC 0.9393 | tau+ 0.500
[OUTPOST-v4] epoch 368: test-all ROC 0.9174 PR 0.7865 | unseen ROC 0.5000 PR 0.0000 | valAUC 0.9489 | tau+ 0.500
[OUTPOST-v4] epoch 369: test-all ROC 0.9174 PR 0.7794 | unseen ROC 0.5000 PR 0.0000 | valAUC 0.9186 | tau+ 0.500
[OUTPOST-v4] epoch 370: test-all ROC 0.9114 PR 0.7701 | unseen ROC 0.5000 PR 0.0000 | valAUC 0.9207 | tau+ 0.500
[OUTPOST-v4] epoch 371: test-all ROC 0.9182 PR 0.7781 | unseen ROC 0.5000 PR 0.0000 | valAUC 0.9243 | tau+ 0.500
[OUTPOST-v4] epoch 372: test-all ROC 0.9217 PR 0.7852 | unseen ROC 0.5000 PR 0.0000 | valAUC 0.9468 | tau+ 0.500
[OUTPOST-v4] epoch 373: test-all ROC 0.9215 PR 0.7928 | unseen ROC 0.5000 PR 0.0000 | valAUC 0.9517 | tau+ 0.500
[OUTPOST-v4] epoch 374: test-all ROC 0.9174 PR 0.7943 | unseen ROC 0.5000 PR 0.0000 | valAUC 0.9502 | tau+ 0.500
[OUTPOST-v4] epoch 375: test-all ROC 0.9219 PR 0.7958 | unseen ROC 0.5000 PR 0.0000 | valAUC 0.9258 | tau+ 0.500
[OUTPOST-v4] epoch 376: test-all ROC 0.9219 PR 0.7771 | unseen ROC 0.5000 PR 0.0000 | valAUC 0.9243 | tau+ 0.500
[OUTPOST-v4] epoch 377: test-all ROC 0.9196 PR 0.7752 | unseen ROC 0.5000 PR 0.0000 | valAUC 0.9399 | tau+ 0.500
[OUTPOST-v4] epoch 378: test-all ROC 0.9225 PR 0.7816 | unseen ROC 0.5000 PR 0.0000 | valAUC 0.9498 | tau+ 0.500
[OUTPOST-v4] epoch 379: test-all ROC 0.9242 PR 0.7828 | unseen ROC 0.5000 PR 0.0000 | valAUC 0.9432 | tau+ 0.500
[OUTPOST-v4] epoch 380: test-all ROC 0.9267 PR 0.7882 | unseen ROC 0.5000 PR 0.0000 | valAUC 0.9444 | tau+ 0.500
[OUTPOST-v4] epoch 381: test-all ROC 0.9265 PR 0.7960 | unseen ROC 0.5000 PR 0.0000 | valAUC 0.9318 | tau+ 0.500
[OUTPOST-v4] epoch 382: test-all ROC 0.9170 PR 0.7909 | unseen ROC 0.5000 PR 0.0000 | valAUC 0.9411 | tau+ 0.500
[OUTPOST-v4] epoch 383: test-all ROC 0.9210 PR 0.7887 | unseen ROC 0.5000 PR 0.0000 | valAUC 0.9411 | tau+ 0.500
[OUTPOST-v4] epoch 384: test-all ROC 0.9216 PR 0.7805 | unseen ROC 0.5000 PR 0.0000 | valAUC 0.9351 | tau+ 0.500
[OUTPOST-v4] epoch 385: test-all ROC 0.9183 PR 0.7836 | unseen ROC 0.5000 PR 0.0000 | valAUC 0.9520 | tau+ 0.500
[OUTPOST-v4] epoch 386: test-all ROC 0.9196 PR 0.7887 | unseen ROC 0.5000 PR 0.0000 | valAUC 0.9384 | tau+ 0.500
[OUTPOST-v4] epoch 387: test-all ROC 0.9187 PR 0.7899 | unseen ROC 0.5000 PR 0.0000 | valAUC 0.9477 | tau+ 0.500
[OUTPOST-v4] epoch 388: test-all ROC 0.9229 PR 0.7842 | unseen ROC 0.5000 PR 0.0000 | valAUC 0.9438 | tau+ 0.500
[OUTPOST-v4] epoch 389: test-all ROC 0.9174 PR 0.7847 | unseen ROC 0.5000 PR 0.0000 | valAUC 0.9276 | tau+ 0.500
[OUTPOST-v4] epoch 390: test-all ROC 0.9161 PR 0.7879 | unseen ROC 0.5000 PR 0.0000 | valAUC 0.9393 | tau+ 0.500
[OUTPOST-v4] epoch 391: test-all ROC 0.9218 PR 0.7780 | unseen ROC 0.5000 PR 0.0000 | valAUC 0.9381 | tau+ 0.500
[OUTPOST-v4] epoch 392: test-all ROC 0.9229 PR 0.7839 | unseen ROC 0.5000 PR 0.0000 | valAUC 0.9486 | tau+ 0.500
[OUTPOST-v4] epoch 393: test-all ROC 0.9197 PR 0.7883 | unseen ROC 0.5000 PR 0.0000 | valAUC 0.9393 | tau+ 0.500
[OUTPOST-v4] epoch 394: test-all ROC 0.9189 PR 0.7855 | unseen ROC 0.5000 PR 0.0000 | valAUC 0.9360 | tau+ 0.500
[OUTPOST-v4] epoch 395: test-all ROC 0.9193 PR 0.7918 | unseen ROC 0.5000 PR 0.0000 | valAUC 0.9405 | tau+ 0.500
[OUTPOST-v4] epoch 396: test-all ROC 0.9139 PR 0.7810 | unseen ROC 0.5000 PR 0.0000 | valAUC 0.9414 | tau+ 0.500
[OUTPOST-v4] epoch 397: test-all ROC 0.9223 PR 0.7845 | unseen ROC 0.5000 PR 0.0000 | valAUC 0.9303 | tau+ 0.500
[OUTPOST-v4] epoch 398: test-all ROC 0.9215 PR 0.7827 | unseen ROC 0.5000 PR 0.0000 | valAUC 0.9372 | tau+ 0.500
[OUTPOST-v4] epoch 399: test-all ROC 0.9241 PR 0.7806 | unseen ROC 0.5000 PR 0.0000 | valAUC 0.9324 | tau+ 0.500
  rotation 1: ROC 0.9267 PR 0.7973
[amazon] params 6913, peak GPU 0.22 GB, 12.2 min total

[amazon] AGGREGATE  best-over-epochs: ROC 0.9267 PR 0.7973
[amazon] AGGREGATE  val-selected:     ROC 0.9185 PR 0.7700
row appended to results/results.csv
