# gpu=5 cmd=/usr/bin/python3 -u main.py --dataset amazon --seed 1 --method outpost --tag T_warmup5 --set warmup_epochs=5 sim_topk_frac=0.0 --save-scores
/nas/home/jahin/.local/lib/python3.10/site-packages/requests/__init__.py:113: RequestsDependencyWarning: urllib3 (1.26.5) or chardet (7.2.0)/charset_normalizer (3.4.4) doesn't match a supported version!
  warnings.warn(
[amazon] anomaly classes (rotations): [np.int64(1)]
Normal classes: [np.int64(0)] in amazon
Building multi-layer GraphSage
[OUTPOST-v4] epoch 0: test-all ROC 0.4073 PR 0.0513 | unseen ROC 0.5000 PR 0.0000 | valAUC 0.3066 | tau+ 0.963
[OUTPOST-v4] epoch 1: test-all ROC 0.7167 PR 0.1749 | unseen ROC 0.5000 PR 0.0000 | valAUC 0.8186 | tau+ 0.500
[OUTPOST-v4] epoch 2: test-all ROC 0.7209 PR 0.1772 | unseen ROC 0.5000 PR 0.0000 | valAUC 0.8015 | tau+ 0.500
[OUTPOST-v4] epoch 3: test-all ROC 0.7100 PR 0.1622 | unseen ROC 0.5000 PR 0.0000 | valAUC 0.8279 | tau+ 0.500
[OUTPOST-v4] epoch 4: test-all ROC 0.7161 PR 0.1759 | unseen ROC 0.5000 PR 0.0000 | valAUC 0.7811 | tau+ 0.500
[OUTPOST-v4] epoch 5: test-all ROC 0.7077 PR 0.1621 | unseen ROC 0.5000 PR 0.0000 | valAUC 0.8021 | tau+ 0.500
[OUTPOST-v4] epoch 6: test-all ROC 0.7148 PR 0.1750 | unseen ROC 0.5000 PR 0.0000 | valAUC 0.8117 | tau+ 0.500
[OUTPOST-v4] epoch 7: test-all ROC 0.7144 PR 0.1686 | unseen ROC 0.5000 PR 0.0000 | valAUC 0.8093 | tau+ 0.500
[OUTPOST-v4] epoch 8: test-all ROC 0.7176 PR 0.1760 | unseen ROC 0.5000 PR 0.0000 | valAUC 0.8111 | tau+ 0.500
[OUTPOST-v4] epoch 9: test-all ROC 0.7128 PR 0.1711 | unseen ROC 0.5000 PR 0.0000 | valAUC 0.8015 | tau+ 0.500
[OUTPOST-v4] epoch 10: test-all ROC 0.7120 PR 0.1714 | unseen ROC 0.5000 PR 0.0000 | valAUC 0.8216 | tau+ 0.500
[OUTPOST-v4] epoch 11: test-all ROC 0.7119 PR 0.1694 | unseen ROC 0.5000 PR 0.0000 | valAUC 0.8414 | tau+ 0.500
[OUTPOST-v4] epoch 12: test-all ROC 0.7173 PR 0.1679 | unseen ROC 0.5000 PR 0.0000 | valAUC 0.8132 | tau+ 0.500
[OUTPOST-v4] epoch 13: test-all ROC 0.7168 PR 0.1720 | unseen ROC 0.5000 PR 0.0000 | valAUC 0.8009 | tau+ 0.500
[OUTPOST-v4] epoch 14: test-all ROC 0.7163 PR 0.1681 | unseen ROC 0.5000 PR 0.0000 | valAUC 0.8054 | tau+ 0.500
[OUTPOST-v4] epoch 15: test-all ROC 0.7178 PR 0.1755 | unseen ROC 0.5000 PR 0.0000 | valAUC 0.8408 | tau+ 0.500
[OUTPOST-v4] epoch 16: test-all ROC 0.7194 PR 0.1717 | unseen ROC 0.5000 PR 0.0000 | valAUC 0.8261 | tau+ 0.500
[OUTPOST-v4] epoch 17: test-all ROC 0.7164 PR 0.1798 | unseen ROC 0.5000 PR 0.0000 | valAUC 0.8093 | tau+ 0.500
[OUTPOST-v4] epoch 18: test-all ROC 0.7194 PR 0.1817 | unseen ROC 0.5000 PR 0.0000 | valAUC 0.8366 | tau+ 0.500
[OUTPOST-v4] epoch 19: test-all ROC 0.7200 PR 0.1782 | unseen ROC 0.5000 PR 0.0000 | valAUC 0.8123 | tau+ 0.500
[OUTPOST-v4] epoch 20: test-all ROC 0.7183 PR 0.1850 | unseen ROC 0.5000 PR 0.0000 | valAUC 0.7871 | tau+ 0.500
[OUTPOST-v4] epoch 21: test-all ROC 0.7222 PR 0.1893 | unseen ROC 0.5000 PR 0.0000 | valAUC 0.8529 | tau+ 0.500
[OUTPOST-v4] epoch 22: test-all ROC 0.7278 PR 0.2068 | unseen ROC 0.5000 PR 0.0000 | valAUC 0.8417 | tau+ 0.500
[OUTPOST-v4] epoch 23: test-all ROC 0.7190 PR 0.1878 | unseen ROC 0.5000 PR 0.0000 | valAUC 0.7844 | tau+ 0.500
[OUTPOST-v4] epoch 24: test-all ROC 0.7337 PR 0.2032 | unseen ROC 0.5000 PR 0.0000 | valAUC 0.8595 | tau+ 0.500
[OUTPOST-v4] epoch 25: test-all ROC 0.7211 PR 0.1937 | unseen ROC 0.5000 PR 0.0000 | valAUC 0.8234 | tau+ 0.500
[OUTPOST-v4] epoch 26: test-all ROC 0.7313 PR 0.2015 | unseen ROC 0.5000 PR 0.0000 | valAUC 0.8204 | tau+ 0.500
[OUTPOST-v4] epoch 27: test-all ROC 0.7313 PR 0.2013 | unseen ROC 0.5000 PR 0.0000 | valAUC 0.8520 | tau+ 0.500
[OUTPOST-v4] epoch 28: test-all ROC 0.7367 PR 0.2078 | unseen ROC 0.5000 PR 0.0000 | valAUC 0.7907 | tau+ 0.500
[OUTPOST-v4] epoch 29: test-all ROC 0.7263 PR 0.2076 | unseen ROC 0.5000 PR 0.0000 | valAUC 0.8342 | tau+ 0.500
[OUTPOST-v4] epoch 30: test-all ROC 0.7255 PR 0.1966 | unseen ROC 0.5000 PR 0.0000 | valAUC 0.8432 | tau+ 0.500
[OUTPOST-v4] epoch 31: test-all ROC 0.7224 PR 0.1951 | unseen ROC 0.5000 PR 0.0000 | valAUC 0.8640 | tau+ 0.500
[OUTPOST-v4] epoch 32: test-all ROC 0.7259 PR 0.1970 | unseen ROC 0.5000 PR 0.0000 | valAUC 0.8529 | tau+ 0.500
[OUTPOST-v4] epoch 33: test-all ROC 0.7232 PR 0.1996 | unseen ROC 0.5000 PR 0.0000 | valAUC 0.8225 | tau+ 0.500
[OUTPOST-v4] epoch 34: test-all ROC 0.7294 PR 0.1929 | unseen ROC 0.5000 PR 0.0000 | valAUC 0.8234 | tau+ 0.500
[OUTPOST-v4] epoch 35: test-all ROC 0.7225 PR 0.1887 | unseen ROC 0.5000 PR 0.0000 | valAUC 0.8399 | tau+ 0.500
[OUTPOST-v4] epoch 36: test-all ROC 0.7287 PR 0.1985 | unseen ROC 0.5000 PR 0.0000 | valAUC 0.8342 | tau+ 0.500
[OUTPOST-v4] epoch 37: test-all ROC 0.7265 PR 0.2016 | unseen ROC 0.5000 PR 0.0000 | valAUC 0.8018 | tau+ 0.500
[OUTPOST-v4] epoch 38: test-all ROC 0.7202 PR 0.1939 | unseen ROC 0.5000 PR 0.0000 | valAUC 0.8417 | tau+ 0.500
[OUTPOST-v4] epoch 39: test-all ROC 0.7281 PR 0.1940 | unseen ROC 0.5000 PR 0.0000 | valAUC 0.8198 | tau+ 0.500
[OUTPOST-v4] epoch 40: test-all ROC 0.7213 PR 0.2027 | unseen ROC 0.5000 PR 0.0000 | valAUC 0.8093 | tau+ 0.500
[OUTPOST-v4] epoch 41: test-all ROC 0.7200 PR 0.1906 | unseen ROC 0.5000 PR 0.0000 | valAUC 0.8138 | tau+ 0.500
[OUTPOST-v4] epoch 42: test-all ROC 0.7234 PR 0.2020 | unseen ROC 0.5000 PR 0.0000 | valAUC 0.8441 | tau+ 0.500
[OUTPOST-v4] epoch 43: test-all ROC 0.7226 PR 0.2012 | unseen ROC 0.5000 PR 0.0000 | valAUC 0.8129 | tau+ 0.500
[OUTPOST-v4] epoch 44: test-all ROC 0.7306 PR 0.2039 | unseen ROC 0.5000 PR 0.0000 | valAUC 0.8189 | tau+ 0.500
[OUTPOST-v4] epoch 45: test-all ROC 0.7217 PR 0.1958 | unseen ROC 0.5000 PR 0.0000 | valAUC 0.7961 | tau+ 0.500
[OUTPOST-v4] epoch 46: test-all ROC 0.7249 PR 0.1964 | unseen ROC 0.5000 PR 0.0000 | valAUC 0.8441 | tau+ 0.500
[OUTPOST-v4] epoch 47: test-all ROC 0.7250 PR 0.2143 | unseen ROC 0.5000 PR 0.0000 | valAUC 0.8150 | tau+ 0.500
[OUTPOST-v4] epoch 48: test-all ROC 0.7331 PR 0.2190 | unseen ROC 0.5000 PR 0.0000 | valAUC 0.8168 | tau+ 0.500
[OUTPOST-v4] epoch 49: test-all ROC 0.7297 PR 0.2139 | unseen ROC 0.5000 PR 0.0000 | valAUC 0.8505 | tau+ 0.500
[OUTPOST-v4] epoch 50: test-all ROC 0.7310 PR 0.2168 | unseen ROC 0.5000 PR 0.0000 | valAUC 0.8327 | tau+ 0.500
[OUTPOST-v4] epoch 51: test-all ROC 0.7242 PR 0.2021 | unseen ROC 0.5000 PR 0.0000 | valAUC 0.8381 | tau+ 0.500
[OUTPOST-v4] epoch 52: test-all ROC 0.7333 PR 0.2267 | unseen ROC 0.5000 PR 0.0000 | valAUC 0.8550 | tau+ 0.500
[OUTPOST-v4] epoch 53: test-all ROC 0.7305 PR 0.2127 | unseen ROC 0.5000 PR 0.0000 | valAUC 0.8580 | tau+ 0.500
[OUTPOST-v4] epoch 54: test-all ROC 0.7304 PR 0.2270 | unseen ROC 0.5000 PR 0.0000 | valAUC 0.8324 | tau+ 0.500
[OUTPOST-v4] epoch 55: test-all ROC 0.7308 PR 0.2164 | unseen ROC 0.5000 PR 0.0000 | valAUC 0.8480 | tau+ 0.500
[OUTPOST-v4] epoch 56: test-all ROC 0.7240 PR 0.2133 | unseen ROC 0.5000 PR 0.0000 | valAUC 0.8060 | tau+ 0.500
[OUTPOST-v4] epoch 57: test-all ROC 0.7295 PR 0.2217 | unseen ROC 0.5000 PR 0.0000 | valAUC 0.8048 | tau+ 0.500
[OUTPOST-v4] epoch 58: test-all ROC 0.7286 PR 0.2259 | unseen ROC 0.5000 PR 0.0000 | valAUC 0.8156 | tau+ 0.500
[OUTPOST-v4] epoch 59: test-all ROC 0.7363 PR 0.2265 | unseen ROC 0.5000 PR 0.0000 | valAUC 0.8730 | tau+ 0.500
[OUTPOST-v4] epoch 60: test-all ROC 0.7336 PR 0.2258 | unseen ROC 0.5000 PR 0.0000 | valAUC 0.8228 | tau+ 0.500
[OUTPOST-v4] epoch 61: test-all ROC 0.7263 PR 0.2276 | unseen ROC 0.5000 PR 0.0000 | valAUC 0.8234 | tau+ 0.500
[OUTPOST-v4] epoch 62: test-all ROC 0.7367 PR 0.2246 | unseen ROC 0.5000 PR 0.0000 | valAUC 0.8333 | tau+ 0.500
[OUTPOST-v4] epoch 63: test-all ROC 0.7267 PR 0.2311 | unseen ROC 0.5000 PR 0.0000 | valAUC 0.8282 | tau+ 0.500
[OUTPOST-v4] epoch 64: test-all ROC 0.7319 PR 0.2203 | unseen ROC 0.5000 PR 0.0000 | valAUC 0.8505 | tau+ 0.500
[OUTPOST-v4] epoch 65: test-all ROC 0.7335 PR 0.2216 | unseen ROC 0.5000 PR 0.0000 | valAUC 0.8339 | tau+ 0.500
[OUTPOST-v4] epoch 66: test-all ROC 0.7326 PR 0.2271 | unseen ROC 0.5000 PR 0.0000 | valAUC 0.8339 | tau+ 0.500
[OUTPOST-v4] epoch 67: test-all ROC 0.7378 PR 0.2380 | unseen ROC 0.5000 PR 0.0000 | valAUC 0.8369 | tau+ 0.500
[OUTPOST-v4] epoch 68: test-all ROC 0.7388 PR 0.2451 | unseen ROC 0.5000 PR 0.0000 | valAUC 0.8444 | tau+ 0.500
[OUTPOST-v4] epoch 69: test-all ROC 0.7269 PR 0.2346 | unseen ROC 0.5000 PR 0.0000 | valAUC 0.8093 | tau+ 0.500
[OUTPOST-v4] epoch 70: test-all ROC 0.7392 PR 0.2535 | unseen ROC 0.5000 PR 0.0000 | valAUC 0.8553 | tau+ 0.500
[OUTPOST-v4] epoch 71: test-all ROC 0.7402 PR 0.2666 | unseen ROC 0.5000 PR 0.0000 | valAUC 0.8685 | tau+ 0.500
[OUTPOST-v4] epoch 72: test-all ROC 0.7381 PR 0.2572 | unseen ROC 0.5000 PR 0.0000 | valAUC 0.8366 | tau+ 0.500
[OUTPOST-v4] epoch 73: test-all ROC 0.7389 PR 0.2643 | unseen ROC 0.5000 PR 0.0000 | valAUC 0.8450 | tau+ 0.500
[OUTPOST-v4] epoch 74: test-all ROC 0.7364 PR 0.2529 | unseen ROC 0.5000 PR 0.0000 | valAUC 0.8078 | tau+ 0.500
[OUTPOST-v4] epoch 75: test-all ROC 0.7357 PR 0.2601 | unseen ROC 0.5000 PR 0.0000 | valAUC 0.8492 | tau+ 0.500
[OUTPOST-v4] epoch 76: test-all ROC 0.7400 PR 0.2862 | unseen ROC 0.5000 PR 0.0000 | valAUC 0.8366 | tau+ 0.500
[OUTPOST-v4] epoch 77: test-all ROC 0.7350 PR 0.2801 | unseen ROC 0.5000 PR 0.0000 | valAUC 0.8387 | tau+ 0.500
[OUTPOST-v4] epoch 78: test-all ROC 0.7443 PR 0.2956 | unseen ROC 0.5000 PR 0.0000 | valAUC 0.8658 | tau+ 0.500
[OUTPOST-v4] epoch 79: test-all ROC 0.7441 PR 0.2949 | unseen ROC 0.5000 PR 0.0000 | valAUC 0.8330 | tau+ 0.500
[OUTPOST-v4] epoch 80: test-all ROC 0.7433 PR 0.2891 | unseen ROC 0.5000 PR 0.0000 | valAUC 0.8213 | tau+ 0.500
[OUTPOST-v4] epoch 81: test-all ROC 0.7438 PR 0.3030 | unseen ROC 0.5000 PR 0.0000 | valAUC 0.8541 | tau+ 0.500
[OUTPOST-v4] epoch 82: test-all ROC 0.7571 PR 0.3208 | unseen ROC 0.5000 PR 0.0000 | valAUC 0.8483 | tau+ 0.500
[OUTPOST-v4] epoch 83: test-all ROC 0.7534 PR 0.3151 | unseen ROC 0.5000 PR 0.0000 | valAUC 0.8453 | tau+ 0.500
[OUTPOST-v4] epoch 84: test-all ROC 0.7554 PR 0.3215 | unseen ROC 0.5000 PR 0.0000 | valAUC 0.8529 | tau+ 0.500
[OUTPOST-v4] epoch 85: test-all ROC 0.7581 PR 0.3413 | unseen ROC 0.5000 PR 0.0000 | valAUC 0.8670 | tau+ 0.500
[OUTPOST-v4] epoch 86: test-all ROC 0.7528 PR 0.3221 | unseen ROC 0.5000 PR 0.0000 | valAUC 0.8757 | tau+ 0.500
[OUTPOST-v4] epoch 87: test-all ROC 0.7577 PR 0.3220 | unseen ROC 0.5000 PR 0.0000 | valAUC 0.8520 | tau+ 0.500
[OUTPOST-v4] epoch 88: test-all ROC 0.7627 PR 0.3586 | unseen ROC 0.5000 PR 0.0000 | valAUC 0.8556 | tau+ 0.500
[OUTPOST-v4] epoch 89: test-all ROC 0.7632 PR 0.3599 | unseen ROC 0.5000 PR 0.0000 | valAUC 0.8625 | tau+ 0.500
[OUTPOST-v4] epoch 90: test-all ROC 0.7713 PR 0.3682 | unseen ROC 0.5000 PR 0.0000 | valAUC 0.8775 | tau+ 0.500
[OUTPOST-v4] epoch 91: test-all ROC 0.7668 PR 0.3854 | unseen ROC 0.5000 PR 0.0000 | valAUC 0.8775 | tau+ 0.500
[OUTPOST-v4] epoch 92: test-all ROC 0.7673 PR 0.3922 | unseen ROC 0.5000 PR 0.0000 | valAUC 0.8706 | tau+ 0.500
[OUTPOST-v4] epoch 93: test-all ROC 0.7667 PR 0.4009 | unseen ROC 0.5000 PR 0.0000 | valAUC 0.8706 | tau+ 0.500
[OUTPOST-v4] epoch 94: test-all ROC 0.7748 PR 0.4162 | unseen ROC 0.5000 PR 0.0000 | valAUC 0.8589 | tau+ 0.500
[OUTPOST-v4] epoch 95: test-all ROC 0.7763 PR 0.4398 | unseen ROC 0.5000 PR 0.0000 | valAUC 0.8778 | tau+ 0.500
[OUTPOST-v4] epoch 96: test-all ROC 0.7800 PR 0.4332 | unseen ROC 0.5000 PR 0.0000 | valAUC 0.8865 | tau+ 0.500
[OUTPOST-v4] epoch 97: test-all ROC 0.7811 PR 0.4519 | unseen ROC 0.5000 PR 0.0000 | valAUC 0.8979 | tau+ 0.500
[OUTPOST-v4] epoch 98: test-all ROC 0.7864 PR 0.4578 | unseen ROC 0.5000 PR 0.0000 | valAUC 0.8766 | tau+ 0.500
[OUTPOST-v4] epoch 99: test-all ROC 0.7856 PR 0.4695 | unseen ROC 0.5000 PR 0.0000 | valAUC 0.8706 | tau+ 0.500
[OUTPOST-v4] epoch 100: test-all ROC 0.7901 PR 0.4885 | unseen ROC 0.5000 PR 0.0000 | valAUC 0.8787 | tau+ 0.500
[OUTPOST-v4] epoch 101: test-all ROC 0.7940 PR 0.5046 | unseen ROC 0.5000 PR 0.0000 | valAUC 0.8787 | tau+ 0.500
[OUTPOST-v4] epoch 102: test-all ROC 0.7964 PR 0.5104 | unseen ROC 0.5000 PR 0.0000 | valAUC 0.8853 | tau+ 0.500
[OUTPOST-v4] epoch 103: test-all ROC 0.7953 PR 0.5224 | unseen ROC 0.5000 PR 0.0000 | valAUC 0.8844 | tau+ 0.500
[OUTPOST-v4] epoch 104: test-all ROC 0.8056 PR 0.5366 | unseen ROC 0.5000 PR 0.0000 | valAUC 0.8916 | tau+ 0.500
[OUTPOST-v4] epoch 105: test-all ROC 0.8116 PR 0.5581 | unseen ROC 0.5000 PR 0.0000 | valAUC 0.8886 | tau+ 0.500
[OUTPOST-v4] epoch 106: test-all ROC 0.8138 PR 0.5703 | unseen ROC 0.5000 PR 0.0000 | valAUC 0.9069 | tau+ 0.500
[OUTPOST-v4] epoch 107: test-all ROC 0.8067 PR 0.5520 | unseen ROC 0.5000 PR 0.0000 | valAUC 0.8901 | tau+ 0.500
[OUTPOST-v4] epoch 108: test-all ROC 0.8262 PR 0.5834 | unseen ROC 0.5000 PR 0.0000 | valAUC 0.8838 | tau+ 0.500
[OUTPOST-v4] epoch 109: test-all ROC 0.8195 PR 0.5880 | unseen ROC 0.5000 PR 0.0000 | valAUC 0.9036 | tau+ 0.500
[OUTPOST-v4] epoch 110: test-all ROC 0.8248 PR 0.5913 | unseen ROC 0.5000 PR 0.0000 | valAUC 0.8895 | tau+ 0.500
[OUTPOST-v4] epoch 111: test-all ROC 0.8321 PR 0.6053 | unseen ROC 0.5000 PR 0.0000 | valAUC 0.8979 | tau+ 0.500
[OUTPOST-v4] epoch 112: test-all ROC 0.8314 PR 0.6062 | unseen ROC 0.5000 PR 0.0000 | valAUC 0.9099 | tau+ 0.500
[OUTPOST-v4] epoch 113: test-all ROC 0.8342 PR 0.6133 | unseen ROC 0.5000 PR 0.0000 | valAUC 0.8988 | tau+ 0.500
[OUTPOST-v4] epoch 114: test-all ROC 0.8354 PR 0.6280 | unseen ROC 0.5000 PR 0.0000 | valAUC 0.9123 | tau+ 0.500
[OUTPOST-v4] epoch 115: test-all ROC 0.8363 PR 0.6165 | unseen ROC 0.5000 PR 0.0000 | valAUC 0.9168 | tau+ 0.500
[OUTPOST-v4] epoch 116: test-all ROC 0.8408 PR 0.6430 | unseen ROC 0.5000 PR 0.0000 | valAUC 0.9300 | tau+ 0.500
[OUTPOST-v4] epoch 117: test-all ROC 0.8440 PR 0.6460 | unseen ROC 0.5000 PR 0.0000 | valAUC 0.9315 | tau+ 0.500
[OUTPOST-v4] epoch 118: test-all ROC 0.8450 PR 0.6580 | unseen ROC 0.5000 PR 0.0000 | valAUC 0.8985 | tau+ 0.500
[OUTPOST-v4] epoch 119: test-all ROC 0.8419 PR 0.6462 | unseen ROC 0.5000 PR 0.0000 | valAUC 0.9174 | tau+ 0.500
[OUTPOST-v4] epoch 120: test-all ROC 0.8505 PR 0.6645 | unseen ROC 0.5000 PR 0.0000 | valAUC 0.9132 | tau+ 0.500
[OUTPOST-v4] epoch 121: test-all ROC 0.8476 PR 0.6671 | unseen ROC 0.5000 PR 0.0000 | valAUC 0.9177 | tau+ 0.500
[OUTPOST-v4] epoch 122: test-all ROC 0.8619 PR 0.6867 | unseen ROC 0.5000 PR 0.0000 | valAUC 0.9129 | tau+ 0.500
[OUTPOST-v4] epoch 123: test-all ROC 0.8553 PR 0.6741 | unseen ROC 0.5000 PR 0.0000 | valAUC 0.9192 | tau+ 0.500
[OUTPOST-v4] epoch 124: test-all ROC 0.8576 PR 0.6850 | unseen ROC 0.5000 PR 0.0000 | valAUC 0.9141 | tau+ 0.500
[OUTPOST-v4] epoch 125: test-all ROC 0.8581 PR 0.6857 | unseen ROC 0.5000 PR 0.0000 | valAUC 0.9354 | tau+ 0.500
[OUTPOST-v4] epoch 126: test-all ROC 0.8620 PR 0.6926 | unseen ROC 0.5000 PR 0.0000 | valAUC 0.9414 | tau+ 0.500
[OUTPOST-v4] epoch 127: test-all ROC 0.8663 PR 0.7066 | unseen ROC 0.5000 PR 0.0000 | valAUC 0.9228 | tau+ 0.500
[OUTPOST-v4] epoch 128: test-all ROC 0.8632 PR 0.7054 | unseen ROC 0.5000 PR 0.0000 | valAUC 0.9186 | tau+ 0.500
[OUTPOST-v4] epoch 129: test-all ROC 0.8632 PR 0.7092 | unseen ROC 0.5000 PR 0.0000 | valAUC 0.9291 | tau+ 0.500
[OUTPOST-v4] epoch 130: test-all ROC 0.8635 PR 0.7135 | unseen ROC 0.5000 PR 0.0000 | valAUC 0.9120 | tau+ 0.500
[OUTPOST-v4] epoch 131: test-all ROC 0.8676 PR 0.7193 | unseen ROC 0.5000 PR 0.0000 | valAUC 0.9123 | tau+ 0.500
[OUTPOST-v4] epoch 132: test-all ROC 0.8689 PR 0.7197 | unseen ROC 0.5000 PR 0.0000 | valAUC 0.9309 | tau+ 0.500
[OUTPOST-v4] epoch 133: test-all ROC 0.8627 PR 0.7237 | unseen ROC 0.5000 PR 0.0000 | valAUC 0.9201 | tau+ 0.500
[OUTPOST-v4] epoch 134: test-all ROC 0.8666 PR 0.7321 | unseen ROC 0.5000 PR 0.0000 | valAUC 0.9288 | tau+ 0.500
[OUTPOST-v4] epoch 135: test-all ROC 0.8663 PR 0.7280 | unseen ROC 0.5000 PR 0.0000 | valAUC 0.9081 | tau+ 0.500
[OUTPOST-v4] epoch 136: test-all ROC 0.8695 PR 0.7278 | unseen ROC 0.5000 PR 0.0000 | valAUC 0.9390 | tau+ 0.500
[OUTPOST-v4] epoch 137: test-all ROC 0.8683 PR 0.7265 | unseen ROC 0.5000 PR 0.0000 | valAUC 0.9288 | tau+ 0.500
[OUTPOST-v4] epoch 138: test-all ROC 0.8756 PR 0.7399 | unseen ROC 0.5000 PR 0.0000 | valAUC 0.9363 | tau+ 0.500
[OUTPOST-v4] epoch 139: test-all ROC 0.8756 PR 0.7411 | unseen ROC 0.5000 PR 0.0000 | valAUC 0.9318 | tau+ 0.500
[OUTPOST-v4] epoch 140: test-all ROC 0.8773 PR 0.7450 | unseen ROC 0.5000 PR 0.0000 | valAUC 0.9321 | tau+ 0.500
[OUTPOST-v4] epoch 141: test-all ROC 0.8794 PR 0.7479 | unseen ROC 0.5000 PR 0.0000 | valAUC 0.9279 | tau+ 0.500
[OUTPOST-v4] epoch 142: test-all ROC 0.8822 PR 0.7589 | unseen ROC 0.5000 PR 0.0000 | valAUC 0.9219 | tau+ 0.500
[OUTPOST-v4] epoch 143: test-all ROC 0.8806 PR 0.7571 | unseen ROC 0.5000 PR 0.0000 | valAUC 0.9351 | tau+ 0.500
[OUTPOST-v4] epoch 144: test-all ROC 0.8800 PR 0.7573 | unseen ROC 0.5000 PR 0.0000 | valAUC 0.9342 | tau+ 0.500
[OUTPOST-v4] epoch 145: test-all ROC 0.8800 PR 0.7595 | unseen ROC 0.5000 PR 0.0000 | valAUC 0.9393 | tau+ 0.500
[OUTPOST-v4] epoch 146: test-all ROC 0.8789 PR 0.7634 | unseen ROC 0.5000 PR 0.0000 | valAUC 0.9348 | tau+ 0.500
[OUTPOST-v4] epoch 147: test-all ROC 0.8817 PR 0.7653 | unseen ROC 0.5000 PR 0.0000 | valAUC 0.9465 | tau+ 0.500
[OUTPOST-v4] epoch 148: test-all ROC 0.8822 PR 0.7713 | unseen ROC 0.5000 PR 0.0000 | valAUC 0.9366 | tau+ 0.500
[OUTPOST-v4] epoch 149: test-all ROC 0.8829 PR 0.7704 | unseen ROC 0.5000 PR 0.0000 | valAUC 0.9577 | tau+ 0.500
[OUTPOST-v4] epoch 150: test-all ROC 0.8818 PR 0.7741 | unseen ROC 0.5000 PR 0.0000 | valAUC 0.9309 | tau+ 0.500
[OUTPOST-v4] epoch 151: test-all ROC 0.8825 PR 0.7784 | unseen ROC 0.5000 PR 0.0000 | valAUC 0.9459 | tau+ 0.500
[OUTPOST-v4] epoch 152: test-all ROC 0.8808 PR 0.7759 | unseen ROC 0.5000 PR 0.0000 | valAUC 0.9423 | tau+ 0.500
[OUTPOST-v4] epoch 153: test-all ROC 0.8843 PR 0.7760 | unseen ROC 0.5000 PR 0.0000 | valAUC 0.9435 | tau+ 0.500
[OUTPOST-v4] epoch 154: test-all ROC 0.8801 PR 0.7764 | unseen ROC 0.5000 PR 0.0000 | valAUC 0.9399 | tau+ 0.500
[OUTPOST-v4] epoch 155: test-all ROC 0.8804 PR 0.7783 | unseen ROC 0.5000 PR 0.0000 | valAUC 0.9411 | tau+ 0.500
[OUTPOST-v4] epoch 156: test-all ROC 0.8818 PR 0.7889 | unseen ROC 0.5000 PR 0.0000 | valAUC 0.9393 | tau+ 0.500
[OUTPOST-v4] epoch 157: test-all ROC 0.8840 PR 0.7838 | unseen ROC 0.5000 PR 0.0000 | valAUC 0.9465 | tau+ 0.500
[OUTPOST-v4] epoch 158: test-all ROC 0.8808 PR 0.7841 | unseen ROC 0.5000 PR 0.0000 | valAUC 0.9447 | tau+ 0.500
[OUTPOST-v4] epoch 159: test-all ROC 0.8799 PR 0.7802 | unseen ROC 0.5000 PR 0.0000 | valAUC 0.9429 | tau+ 0.500
[OUTPOST-v4] epoch 160: test-all ROC 0.8807 PR 0.7772 | unseen ROC 0.5000 PR 0.0000 | valAUC 0.9447 | tau+ 0.500
[OUTPOST-v4] epoch 161: test-all ROC 0.8808 PR 0.7691 | unseen ROC 0.5000 PR 0.0000 | valAUC 0.9387 | tau+ 0.500
[OUTPOST-v4] epoch 162: test-all ROC 0.8841 PR 0.7767 | unseen ROC 0.5000 PR 0.0000 | valAUC 0.9375 | tau+ 0.500
[OUTPOST-v4] epoch 163: test-all ROC 0.8845 PR 0.7806 | unseen ROC 0.5000 PR 0.0000 | valAUC 0.9450 | tau+ 0.500
[OUTPOST-v4] epoch 164: test-all ROC 0.8857 PR 0.7843 | unseen ROC 0.5000 PR 0.0000 | valAUC 0.9498 | tau+ 0.500
[OUTPOST-v4] epoch 165: test-all ROC 0.8851 PR 0.7866 | unseen ROC 0.5000 PR 0.0000 | valAUC 0.9480 | tau+ 0.500
[OUTPOST-v4] epoch 166: test-all ROC 0.8873 PR 0.7881 | unseen ROC 0.5000 PR 0.0000 | valAUC 0.9495 | tau+ 0.500
[OUTPOST-v4] epoch 167: test-all ROC 0.8891 PR 0.7869 | unseen ROC 0.5000 PR 0.0000 | valAUC 0.9336 | tau+ 0.500
[OUTPOST-v4] epoch 168: test-all ROC 0.8860 PR 0.7818 | unseen ROC 0.5000 PR 0.0000 | valAUC 0.9480 | tau+ 0.500
[OUTPOST-v4] epoch 169: test-all ROC 0.8873 PR 0.7820 | unseen ROC 0.5000 PR 0.0000 | valAUC 0.9438 | tau+ 0.500
[OUTPOST-v4] epoch 170: test-all ROC 0.8926 PR 0.7889 | unseen ROC 0.5000 PR 0.0000 | valAUC 0.9429 | tau+ 0.500
[OUTPOST-v4] epoch 171: test-all ROC 0.8949 PR 0.7925 | unseen ROC 0.5000 PR 0.0000 | valAUC 0.9411 | tau+ 0.500
[OUTPOST-v4] epoch 172: test-all ROC 0.8938 PR 0.7908 | unseen ROC 0.5000 PR 0.0000 | valAUC 0.9468 | tau+ 0.500
[OUTPOST-v4] epoch 173: test-all ROC 0.8949 PR 0.7893 | unseen ROC 0.5000 PR 0.0000 | valAUC 0.9480 | tau+ 0.500
[OUTPOST-v4] epoch 174: test-all ROC 0.8953 PR 0.7877 | unseen ROC 0.5000 PR 0.0000 | valAUC 0.9492 | tau+ 0.500
[OUTPOST-v4] epoch 175: test-all ROC 0.8969 PR 0.7932 | unseen ROC 0.5000 PR 0.0000 | valAUC 0.9477 | tau+ 0.500
[OUTPOST-v4] epoch 176: test-all ROC 0.8991 PR 0.7924 | unseen ROC 0.5000 PR 0.0000 | valAUC 0.9547 | tau+ 0.500
[OUTPOST-v4] epoch 177: test-all ROC 0.9032 PR 0.7920 | unseen ROC 0.5000 PR 0.0000 | valAUC 0.9511 | tau+ 0.500
[OUTPOST-v4] epoch 178: test-all ROC 0.9025 PR 0.7954 | unseen ROC 0.5000 PR 0.0000 | valAUC 0.9511 | tau+ 0.500
[OUTPOST-v4] epoch 179: test-all ROC 0.9031 PR 0.7958 | unseen ROC 0.5000 PR 0.0000 | valAUC 0.9399 | tau+ 0.500
[OUTPOST-v4] epoch 180: test-all ROC 0.8998 PR 0.7860 | unseen ROC 0.5000 PR 0.0000 | valAUC 0.9541 | tau+ 0.500
[OUTPOST-v4] epoch 181: test-all ROC 0.9053 PR 0.7904 | unseen ROC 0.5000 PR 0.0000 | valAUC 0.9649 | tau+ 0.500
[OUTPOST-v4] epoch 182: test-all ROC 0.8956 PR 0.7883 | unseen ROC 0.5000 PR 0.0000 | valAUC 0.9456 | tau+ 0.500
[OUTPOST-v4] epoch 183: test-all ROC 0.9004 PR 0.7919 | unseen ROC 0.5000 PR 0.0000 | valAUC 0.9495 | tau+ 0.500
[OUTPOST-v4] epoch 184: test-all ROC 0.9096 PR 0.7958 | unseen ROC 0.5000 PR 0.0000 | valAUC 0.9598 | tau+ 0.500
[OUTPOST-v4] epoch 185: test-all ROC 0.9149 PR 0.7958 | unseen ROC 0.5000 PR 0.0000 | valAUC 0.9607 | tau+ 0.500
[OUTPOST-v4] epoch 186: test-all ROC 0.9098 PR 0.7939 | unseen ROC 0.5000 PR 0.0000 | valAUC 0.9577 | tau+ 0.500
[OUTPOST-v4] epoch 187: test-all ROC 0.8980 PR 0.7794 | unseen ROC 0.5000 PR 0.0000 | valAUC 0.9390 | tau+ 0.500
[OUTPOST-v4] epoch 188: test-all ROC 0.8976 PR 0.7848 | unseen ROC 0.5000 PR 0.0000 | valAUC 0.9526 | tau+ 0.500
[OUTPOST-v4] epoch 189: test-all ROC 0.8971 PR 0.7841 | unseen ROC 0.5000 PR 0.0000 | valAUC 0.9489 | tau+ 0.500
[OUTPOST-v4] epoch 190: test-all ROC 0.9045 PR 0.7969 | unseen ROC 0.5000 PR 0.0000 | valAUC 0.9393 | tau+ 0.500
[OUTPOST-v4] epoch 191: test-all ROC 0.9095 PR 0.7987 | unseen ROC 0.5000 PR 0.0000 | valAUC 0.9583 | tau+ 0.500
[OUTPOST-v4] epoch 192: test-all ROC 0.9213 PR 0.8055 | unseen ROC 0.5000 PR 0.0000 | valAUC 0.9529 | tau+ 0.500
[OUTPOST-v4] epoch 193: test-all ROC 0.9328 PR 0.8067 | unseen ROC 0.5000 PR 0.0000 | valAUC 0.9583 | tau+ 0.500
[OUTPOST-v4] epoch 194: test-all ROC 0.9287 PR 0.8117 | unseen ROC 0.5000 PR 0.0000 | valAUC 0.9601 | tau+ 0.500
[OUTPOST-v4] epoch 195: test-all ROC 0.9303 PR 0.8043 | unseen ROC 0.5000 PR 0.0000 | valAUC 0.9751 | tau+ 0.500
[OUTPOST-v4] epoch 196: test-all ROC 0.9233 PR 0.8019 | unseen ROC 0.5000 PR 0.0000 | valAUC 0.9580 | tau+ 0.500
[OUTPOST-v4] epoch 197: test-all ROC 0.9230 PR 0.8020 | unseen ROC 0.5000 PR 0.0000 | valAUC 0.9583 | tau+ 0.500
[OUTPOST-v4] epoch 198: test-all ROC 0.9228 PR 0.7990 | unseen ROC 0.5000 PR 0.0000 | valAUC 0.9505 | tau+ 0.500
[OUTPOST-v4] epoch 199: test-all ROC 0.9239 PR 0.7997 | unseen ROC 0.5000 PR 0.0000 | valAUC 0.9637 | tau+ 0.500
[OUTPOST-v4] epoch 200: test-all ROC 0.9249 PR 0.8040 | unseen ROC 0.5000 PR 0.0000 | valAUC 0.9498 | tau+ 0.500
[OUTPOST-v4] epoch 201: test-all ROC 0.9242 PR 0.8004 | unseen ROC 0.5000 PR 0.0000 | valAUC 0.9646 | tau+ 0.500
[OUTPOST-v4] epoch 202: test-all ROC 0.9187 PR 0.8017 | unseen ROC 0.5000 PR 0.0000 | valAUC 0.9631 | tau+ 0.500
[OUTPOST-v4] epoch 203: test-all ROC 0.9164 PR 0.7996 | unseen ROC 0.5000 PR 0.0000 | valAUC 0.9474 | tau+ 0.500
[OUTPOST-v4] epoch 204: test-all ROC 0.9115 PR 0.7984 | unseen ROC 0.5000 PR 0.0000 | valAUC 0.9492 | tau+ 0.500
[OUTPOST-v4] epoch 205: test-all ROC 0.9110 PR 0.7953 | unseen ROC 0.5000 PR 0.0000 | valAUC 0.9505 | tau+ 0.500
[OUTPOST-v4] epoch 206: test-all ROC 0.9186 PR 0.7975 | unseen ROC 0.5000 PR 0.0000 | valAUC 0.9574 | tau+ 0.500
[OUTPOST-v4] epoch 207: test-all ROC 0.9229 PR 0.8044 | unseen ROC 0.5000 PR 0.0000 | valAUC 0.9604 | tau+ 0.500
[OUTPOST-v4] epoch 208: test-all ROC 0.9301 PR 0.8066 | unseen ROC 0.5000 PR 0.0000 | valAUC 0.9574 | tau+ 0.500
[OUTPOST-v4] epoch 209: test-all ROC 0.9309 PR 0.8135 | unseen ROC 0.5000 PR 0.0000 | valAUC 0.9532 | tau+ 0.500
[OUTPOST-v4] epoch 210: test-all ROC 0.9307 PR 0.8105 | unseen ROC 0.5000 PR 0.0000 | valAUC 0.9682 | tau+ 0.500
[OUTPOST-v4] epoch 211: test-all ROC 0.9313 PR 0.8080 | unseen ROC 0.5000 PR 0.0000 | valAUC 0.9733 | tau+ 0.500
[OUTPOST-v4] epoch 212: test-all ROC 0.9254 PR 0.8099 | unseen ROC 0.5000 PR 0.0000 | valAUC 0.9643 | tau+ 0.500
[OUTPOST-v4] epoch 213: test-all ROC 0.9203 PR 0.8056 | unseen ROC 0.5000 PR 0.0000 | valAUC 0.9517 | tau+ 0.500
[OUTPOST-v4] epoch 214: test-all ROC 0.9213 PR 0.8058 | unseen ROC 0.5000 PR 0.0000 | valAUC 0.9700 | tau+ 0.500
[OUTPOST-v4] epoch 215: test-all ROC 0.9248 PR 0.8077 | unseen ROC 0.5000 PR 0.0000 | valAUC 0.9604 | tau+ 0.500
[OUTPOST-v4] epoch 216: test-all ROC 0.9225 PR 0.8055 | unseen ROC 0.5000 PR 0.0000 | valAUC 0.9691 | tau+ 0.500
[OUTPOST-v4] epoch 217: test-all ROC 0.9294 PR 0.8067 | unseen ROC 0.5000 PR 0.0000 | valAUC 0.9724 | tau+ 0.500
[OUTPOST-v4] epoch 218: test-all ROC 0.9310 PR 0.8085 | unseen ROC 0.5000 PR 0.0000 | valAUC 0.9688 | tau+ 0.500
[OUTPOST-v4] epoch 219: test-all ROC 0.9307 PR 0.8099 | unseen ROC 0.5000 PR 0.0000 | valAUC 0.9712 | tau+ 0.500
[OUTPOST-v4] epoch 220: test-all ROC 0.9357 PR 0.8141 | unseen ROC 0.5000 PR 0.0000 | valAUC 0.9622 | tau+ 0.500
[OUTPOST-v4] epoch 221: test-all ROC 0.9374 PR 0.8175 | unseen ROC 0.5000 PR 0.0000 | valAUC 0.9405 | tau+ 0.500
[OUTPOST-v4] epoch 222: test-all ROC 0.9384 PR 0.8155 | unseen ROC 0.5000 PR 0.0000 | valAUC 0.9622 | tau+ 0.500
[OUTPOST-v4] epoch 223: test-all ROC 0.9359 PR 0.8148 | unseen ROC 0.5000 PR 0.0000 | valAUC 0.9625 | tau+ 0.500
[OUTPOST-v4] epoch 224: test-all ROC 0.9304 PR 0.8091 | unseen ROC 0.5000 PR 0.0000 | valAUC 0.9757 | tau+ 0.500
[OUTPOST-v4] epoch 225: test-all ROC 0.9356 PR 0.8125 | unseen ROC 0.5000 PR 0.0000 | valAUC 0.9709 | tau+ 0.500
[OUTPOST-v4] epoch 226: test-all ROC 0.9322 PR 0.8073 | unseen ROC 0.5000 PR 0.0000 | valAUC 0.9664 | tau+ 0.500
[OUTPOST-v4] epoch 227: test-all ROC 0.9190 PR 0.8067 | unseen ROC 0.5000 PR 0.0000 | valAUC 0.9706 | tau+ 0.500
[OUTPOST-v4] epoch 228: test-all ROC 0.9174 PR 0.8063 | unseen ROC 0.5000 PR 0.0000 | valAUC 0.9538 | tau+ 0.500
[OUTPOST-v4] epoch 229: test-all ROC 0.9176 PR 0.8027 | unseen ROC 0.5000 PR 0.0000 | valAUC 0.9622 | tau+ 0.500
[OUTPOST-v4] epoch 230: test-all ROC 0.9184 PR 0.8036 | unseen ROC 0.5000 PR 0.0000 | valAUC 0.9583 | tau+ 0.500
[OUTPOST-v4] epoch 231: test-all ROC 0.9175 PR 0.8060 | unseen ROC 0.5000 PR 0.0000 | valAUC 0.9508 | tau+ 0.500
[OUTPOST-v4] epoch 232: test-all ROC 0.9165 PR 0.8079 | unseen ROC 0.5000 PR 0.0000 | valAUC 0.9523 | tau+ 0.500
[OUTPOST-v4] epoch 233: test-all ROC 0.9172 PR 0.8047 | unseen ROC 0.5000 PR 0.0000 | valAUC 0.9544 | tau+ 0.500
[OUTPOST-v4] epoch 234: test-all ROC 0.9213 PR 0.8109 | unseen ROC 0.5000 PR 0.0000 | valAUC 0.9538 | tau+ 0.500
[OUTPOST-v4] epoch 235: test-all ROC 0.9233 PR 0.8053 | unseen ROC 0.5000 PR 0.0000 | valAUC 0.9814 | tau+ 0.500
[OUTPOST-v4] epoch 236: test-all ROC 0.9327 PR 0.8104 | unseen ROC 0.5000 PR 0.0000 | valAUC 0.9790 | tau+ 0.500
[OUTPOST-v4] epoch 237: test-all ROC 0.9422 PR 0.8141 | unseen ROC 0.5000 PR 0.0000 | valAUC 0.9724 | tau+ 0.500
[OUTPOST-v4] epoch 238: test-all ROC 0.9399 PR 0.8170 | unseen ROC 0.5000 PR 0.0000 | valAUC 0.9643 | tau+ 0.500
[OUTPOST-v4] epoch 239: test-all ROC 0.9325 PR 0.8118 | unseen ROC 0.5000 PR 0.0000 | valAUC 0.9688 | tau+ 0.500
[OUTPOST-v4] epoch 240: test-all ROC 0.9320 PR 0.8113 | unseen ROC 0.5000 PR 0.0000 | valAUC 0.9688 | tau+ 0.500
[OUTPOST-v4] epoch 241: test-all ROC 0.9290 PR 0.8098 | unseen ROC 0.5000 PR 0.0000 | valAUC 0.9727 | tau+ 0.500
[OUTPOST-v4] epoch 242: test-all ROC 0.9371 PR 0.8148 | unseen ROC 0.5000 PR 0.0000 | valAUC 0.9706 | tau+ 0.500
[OUTPOST-v4] epoch 243: test-all ROC 0.9373 PR 0.8158 | unseen ROC 0.5000 PR 0.0000 | valAUC 0.9628 | tau+ 0.500
[OUTPOST-v4] epoch 244: test-all ROC 0.9383 PR 0.8154 | unseen ROC 0.5000 PR 0.0000 | valAUC 0.9643 | tau+ 0.500
[OUTPOST-v4] epoch 245: test-all ROC 0.9326 PR 0.8127 | unseen ROC 0.5000 PR 0.0000 | valAUC 0.9607 | tau+ 0.500
[OUTPOST-v4] epoch 246: test-all ROC 0.9294 PR 0.8096 | unseen ROC 0.5000 PR 0.0000 | valAUC 0.9688 | tau+ 0.500
[OUTPOST-v4] epoch 247: test-all ROC 0.9238 PR 0.8089 | unseen ROC 0.5000 PR 0.0000 | valAUC 0.9661 | tau+ 0.500
[OUTPOST-v4] epoch 248: test-all ROC 0.9282 PR 0.8077 | unseen ROC 0.5000 PR 0.0000 | valAUC 0.9526 | tau+ 0.500
[OUTPOST-v4] epoch 249: test-all ROC 0.9294 PR 0.8075 | unseen ROC 0.5000 PR 0.0000 | valAUC 0.9664 | tau+ 0.500
[OUTPOST-v4] epoch 250: test-all ROC 0.9340 PR 0.8092 | unseen ROC 0.5000 PR 0.0000 | valAUC 0.9559 | tau+ 0.500
[OUTPOST-v4] epoch 251: test-all ROC 0.9410 PR 0.8143 | unseen ROC 0.5000 PR 0.0000 | valAUC 0.9664 | tau+ 0.500
[OUTPOST-v4] epoch 252: test-all ROC 0.9343 PR 0.8098 | unseen ROC 0.5000 PR 0.0000 | valAUC 0.9480 | tau+ 0.500
[OUTPOST-v4] epoch 253: test-all ROC 0.9346 PR 0.8165 | unseen ROC 0.5000 PR 0.0000 | valAUC 0.9640 | tau+ 0.500
[OUTPOST-v4] epoch 254: test-all ROC 0.9282 PR 0.8087 | unseen ROC 0.5000 PR 0.0000 | valAUC 0.9580 | tau+ 0.500
[OUTPOST-v4] epoch 255: test-all ROC 0.9244 PR 0.8051 | unseen ROC 0.5000 PR 0.0000 | valAUC 0.9604 | tau+ 0.500
[OUTPOST-v4] epoch 256: test-all ROC 0.9216 PR 0.8037 | unseen ROC 0.5000 PR 0.0000 | valAUC 0.9574 | tau+ 0.500
[OUTPOST-v4] epoch 257: test-all ROC 0.9281 PR 0.8083 | unseen ROC 0.5000 PR 0.0000 | valAUC 0.9682 | tau+ 0.500
[OUTPOST-v4] epoch 258: test-all ROC 0.9334 PR 0.8126 | unseen ROC 0.5000 PR 0.0000 | valAUC 0.9568 | tau+ 0.500
[OUTPOST-v4] epoch 259: test-all ROC 0.9370 PR 0.8147 | unseen ROC 0.5000 PR 0.0000 | valAUC 0.9580 | tau+ 0.500
[OUTPOST-v4] epoch 260: test-all ROC 0.9332 PR 0.8090 | unseen ROC 0.5000 PR 0.0000 | valAUC 0.9583 | tau+ 0.500
[OUTPOST-v4] epoch 261: test-all ROC 0.9330 PR 0.8124 | unseen ROC 0.5000 PR 0.0000 | valAUC 0.9541 | tau+ 0.500
[OUTPOST-v4] epoch 262: test-all ROC 0.9309 PR 0.8170 | unseen ROC 0.5000 PR 0.0000 | valAUC 0.9556 | tau+ 0.500
[OUTPOST-v4] epoch 263: test-all ROC 0.9391 PR 0.8177 | unseen ROC 0.5000 PR 0.0000 | valAUC 0.9577 | tau+ 0.500
[OUTPOST-v4] epoch 264: test-all ROC 0.9388 PR 0.8108 | unseen ROC 0.5000 PR 0.0000 | valAUC 0.9631 | tau+ 0.500
[OUTPOST-v4] epoch 265: test-all ROC 0.9377 PR 0.8162 | unseen ROC 0.5000 PR 0.0000 | valAUC 0.9640 | tau+ 0.500
[OUTPOST-v4] epoch 266: test-all ROC 0.9391 PR 0.8094 | unseen ROC 0.5000 PR 0.0000 | valAUC 0.9489 | tau+ 0.500
[OUTPOST-v4] epoch 267: test-all ROC 0.9367 PR 0.8192 | unseen ROC 0.5000 PR 0.0000 | valAUC 0.9613 | tau+ 0.500
[OUTPOST-v4] epoch 268: test-all ROC 0.9296 PR 0.8094 | unseen ROC 0.5000 PR 0.0000 | valAUC 0.9514 | tau+ 0.500
[OUTPOST-v4] epoch 269: test-all ROC 0.9175 PR 0.7992 | unseen ROC 0.5000 PR 0.0000 | valAUC 0.9547 | tau+ 0.500
[OUTPOST-v4] epoch 270: test-all ROC 0.9165 PR 0.8038 | unseen ROC 0.5000 PR 0.0000 | valAUC 0.9604 | tau+ 0.500
[OUTPOST-v4] epoch 271: test-all ROC 0.9156 PR 0.8049 | unseen ROC 0.5000 PR 0.0000 | valAUC 0.9541 | tau+ 0.500
[OUTPOST-v4] epoch 272: test-all ROC 0.9233 PR 0.8072 | unseen ROC 0.5000 PR 0.0000 | valAUC 0.9685 | tau+ 0.500
[OUTPOST-v4] epoch 273: test-all ROC 0.9299 PR 0.8058 | unseen ROC 0.5000 PR 0.0000 | valAUC 0.9679 | tau+ 0.500
[OUTPOST-v4] epoch 274: test-all ROC 0.9236 PR 0.8082 | unseen ROC 0.5000 PR 0.0000 | valAUC 0.9604 | tau+ 0.500
[OUTPOST-v4] epoch 275: test-all ROC 0.9292 PR 0.8103 | unseen ROC 0.5000 PR 0.0000 | valAUC 0.9853 | tau+ 0.500
[OUTPOST-v4] epoch 276: test-all ROC 0.9229 PR 0.8056 | unseen ROC 0.5000 PR 0.0000 | valAUC 0.9562 | tau+ 0.500
[OUTPOST-v4] epoch 277: test-all ROC 0.9265 PR 0.8054 | unseen ROC 0.5000 PR 0.0000 | valAUC 0.9459 | tau+ 0.500
[OUTPOST-v4] epoch 278: test-all ROC 0.9300 PR 0.8141 | unseen ROC 0.5000 PR 0.0000 | valAUC 0.9565 | tau+ 0.500
[OUTPOST-v4] epoch 279: test-all ROC 0.9412 PR 0.8178 | unseen ROC 0.5000 PR 0.0000 | valAUC 0.9637 | tau+ 0.500
[OUTPOST-v4] epoch 280: test-all ROC 0.9349 PR 0.8085 | unseen ROC 0.5000 PR 0.0000 | valAUC 0.9667 | tau+ 0.500
[OUTPOST-v4] epoch 281: test-all ROC 0.9338 PR 0.8123 | unseen ROC 0.5000 PR 0.0000 | valAUC 0.9571 | tau+ 0.500
[OUTPOST-v4] epoch 282: test-all ROC 0.9254 PR 0.8078 | unseen ROC 0.5000 PR 0.0000 | valAUC 0.9646 | tau+ 0.500
[OUTPOST-v4] epoch 283: test-all ROC 0.9222 PR 0.8041 | unseen ROC 0.5000 PR 0.0000 | valAUC 0.9643 | tau+ 0.500
[OUTPOST-v4] epoch 284: test-all ROC 0.9250 PR 0.8053 | unseen ROC 0.5000 PR 0.0000 | valAUC 0.9694 | tau+ 0.500
[OUTPOST-v4] epoch 285: test-all ROC 0.9287 PR 0.8079 | unseen ROC 0.5000 PR 0.0000 | valAUC 0.9538 | tau+ 0.500
[OUTPOST-v4] epoch 286: test-all ROC 0.9310 PR 0.8071 | unseen ROC 0.5000 PR 0.0000 | valAUC 0.9721 | tau+ 0.500
[OUTPOST-v4] epoch 287: test-all ROC 0.9305 PR 0.8090 | unseen ROC 0.5000 PR 0.0000 | valAUC 0.9601 | tau+ 0.500
[OUTPOST-v4] epoch 288: test-all ROC 0.9359 PR 0.8176 | unseen ROC 0.5000 PR 0.0000 | valAUC 0.9733 | tau+ 0.500
[OUTPOST-v4] epoch 289: test-all ROC 0.9379 PR 0.8097 | unseen ROC 0.5000 PR 0.0000 | valAUC 0.9661 | tau+ 0.500
[OUTPOST-v4] epoch 290: test-all ROC 0.9379 PR 0.8195 | unseen ROC 0.5000 PR 0.0000 | valAUC 0.9745 | tau+ 0.500
[OUTPOST-v4] epoch 291: test-all ROC 0.9397 PR 0.8080 | unseen ROC 0.5000 PR 0.0000 | valAUC 0.9763 | tau+ 0.500
[OUTPOST-v4] epoch 292: test-all ROC 0.9371 PR 0.8117 | unseen ROC 0.5000 PR 0.0000 | valAUC 0.9835 | tau+ 0.500
[OUTPOST-v4] epoch 293: test-all ROC 0.9375 PR 0.8140 | unseen ROC 0.5000 PR 0.0000 | valAUC 0.9541 | tau+ 0.500
[OUTPOST-v4] epoch 294: test-all ROC 0.9382 PR 0.8119 | unseen ROC 0.5000 PR 0.0000 | valAUC 0.9592 | tau+ 0.500
[OUTPOST-v4] epoch 295: test-all ROC 0.9372 PR 0.8142 | unseen ROC 0.5000 PR 0.0000 | valAUC 0.9712 | tau+ 0.500
[OUTPOST-v4] epoch 296: test-all ROC 0.9387 PR 0.8171 | unseen ROC 0.5000 PR 0.0000 | valAUC 0.9709 | tau+ 0.500
[OUTPOST-v4] epoch 297: test-all ROC 0.9434 PR 0.8203 | unseen ROC 0.5000 PR 0.0000 | valAUC 0.9616 | tau+ 0.500
[OUTPOST-v4] epoch 298: test-all ROC 0.9332 PR 0.8146 | unseen ROC 0.5000 PR 0.0000 | valAUC 0.9538 | tau+ 0.500
[OUTPOST-v4] epoch 299: test-all ROC 0.9285 PR 0.8163 | unseen ROC 0.5000 PR 0.0000 | valAUC 0.9595 | tau+ 0.500
[OUTPOST-v4] epoch 300: test-all ROC 0.9239 PR 0.8002 | unseen ROC 0.5000 PR 0.0000 | valAUC 0.9667 | tau+ 0.500
[OUTPOST-v4] epoch 301: test-all ROC 0.9236 PR 0.8121 | unseen ROC 0.5000 PR 0.0000 | valAUC 0.9517 | tau+ 0.500
[OUTPOST-v4] epoch 302: test-all ROC 0.9245 PR 0.8125 | unseen ROC 0.5000 PR 0.0000 | valAUC 0.9580 | tau+ 0.500
[OUTPOST-v4] epoch 303: test-all ROC 0.9223 PR 0.7983 | unseen ROC 0.5000 PR 0.0000 | valAUC 0.9607 | tau+ 0.500
[OUTPOST-v4] epoch 304: test-all ROC 0.9249 PR 0.8081 | unseen ROC 0.5000 PR 0.0000 | valAUC 0.9541 | tau+ 0.500
[OUTPOST-v4] epoch 305: test-all ROC 0.9307 PR 0.8087 | unseen ROC 0.5000 PR 0.0000 | valAUC 0.9739 | tau+ 0.500
[OUTPOST-v4] epoch 306: test-all ROC 0.9302 PR 0.8118 | unseen ROC 0.5000 PR 0.0000 | valAUC 0.9523 | tau+ 0.500
[OUTPOST-v4] epoch 307: test-all ROC 0.9324 PR 0.8137 | unseen ROC 0.5000 PR 0.0000 | valAUC 0.9631 | tau+ 0.500
[OUTPOST-v4] epoch 308: test-all ROC 0.9302 PR 0.8072 | unseen ROC 0.5000 PR 0.0000 | valAUC 0.9655 | tau+ 0.500
[OUTPOST-v4] epoch 309: test-all ROC 0.9309 PR 0.8139 | unseen ROC 0.5000 PR 0.0000 | valAUC 0.9682 | tau+ 0.500
[OUTPOST-v4] epoch 310: test-all ROC 0.9341 PR 0.8103 | unseen ROC 0.5000 PR 0.0000 | valAUC 0.9477 | tau+ 0.500
[OUTPOST-v4] epoch 311: test-all ROC 0.9401 PR 0.8180 | unseen ROC 0.5000 PR 0.0000 | valAUC 0.9625 | tau+ 0.500
[OUTPOST-v4] epoch 312: test-all ROC 0.9408 PR 0.8087 | unseen ROC 0.5000 PR 0.0000 | valAUC 0.9703 | tau+ 0.500
[OUTPOST-v4] epoch 313: test-all ROC 0.9371 PR 0.8160 | unseen ROC 0.5000 PR 0.0000 | valAUC 0.9691 | tau+ 0.500
[OUTPOST-v4] epoch 314: test-all ROC 0.9259 PR 0.7995 | unseen ROC 0.5000 PR 0.0000 | valAUC 0.9685 | tau+ 0.500
[OUTPOST-v4] epoch 315: test-all ROC 0.9179 PR 0.8114 | unseen ROC 0.5000 PR 0.0000 | valAUC 0.9640 | tau+ 0.500
[OUTPOST-v4] epoch 316: test-all ROC 0.9191 PR 0.8058 | unseen ROC 0.5000 PR 0.0000 | valAUC 0.9565 | tau+ 0.500
[OUTPOST-v4] epoch 317: test-all ROC 0.9186 PR 0.8054 | unseen ROC 0.5000 PR 0.0000 | valAUC 0.9670 | tau+ 0.500
[OUTPOST-v4] epoch 318: test-all ROC 0.9213 PR 0.8083 | unseen ROC 0.5000 PR 0.0000 | valAUC 0.9655 | tau+ 0.500
[OUTPOST-v4] epoch 319: test-all ROC 0.9327 PR 0.8092 | unseen ROC 0.5000 PR 0.0000 | valAUC 0.9625 | tau+ 0.500
[OUTPOST-v4] epoch 320: test-all ROC 0.9426 PR 0.8148 | unseen ROC 0.5000 PR 0.0000 | valAUC 0.9640 | tau+ 0.500
[OUTPOST-v4] epoch 321: test-all ROC 0.9366 PR 0.8175 | unseen ROC 0.5000 PR 0.0000 | valAUC 0.9541 | tau+ 0.500
[OUTPOST-v4] epoch 322: test-all ROC 0.9385 PR 0.8138 | unseen ROC 0.5000 PR 0.0000 | valAUC 0.9781 | tau+ 0.500
[OUTPOST-v4] epoch 323: test-all ROC 0.9335 PR 0.8145 | unseen ROC 0.5000 PR 0.0000 | valAUC 0.9748 | tau+ 0.500
[OUTPOST-v4] epoch 324: test-all ROC 0.9284 PR 0.8090 | unseen ROC 0.5000 PR 0.0000 | valAUC 0.9748 | tau+ 0.500
[OUTPOST-v4] epoch 325: test-all ROC 0.9317 PR 0.8116 | unseen ROC 0.5000 PR 0.0000 | valAUC 0.9517 | tau+ 0.500
[OUTPOST-v4] epoch 326: test-all ROC 0.9338 PR 0.8107 | unseen ROC 0.5000 PR 0.0000 | valAUC 0.9736 | tau+ 0.500
[OUTPOST-v4] epoch 327: test-all ROC 0.9370 PR 0.8147 | unseen ROC 0.5000 PR 0.0000 | valAUC 0.9628 | tau+ 0.500
[OUTPOST-v4] epoch 328: test-all ROC 0.9339 PR 0.8107 | unseen ROC 0.5000 PR 0.0000 | valAUC 0.9784 | tau+ 0.500
[OUTPOST-v4] epoch 329: test-all ROC 0.9294 PR 0.8106 | unseen ROC 0.5000 PR 0.0000 | valAUC 0.9667 | tau+ 0.500
[OUTPOST-v4] epoch 330: test-all ROC 0.9268 PR 0.8058 | unseen ROC 0.5000 PR 0.0000 | valAUC 0.9480 | tau+ 0.500
[OUTPOST-v4] epoch 331: test-all ROC 0.9184 PR 0.8048 | unseen ROC 0.5000 PR 0.0000 | valAUC 0.9589 | tau+ 0.500
[OUTPOST-v4] epoch 332: test-all ROC 0.9180 PR 0.8085 | unseen ROC 0.5000 PR 0.0000 | valAUC 0.9592 | tau+ 0.500
[OUTPOST-v4] epoch 333: test-all ROC 0.9204 PR 0.8001 | unseen ROC 0.5000 PR 0.0000 | valAUC 0.9526 | tau+ 0.500
[OUTPOST-v4] epoch 334: test-all ROC 0.9228 PR 0.8090 | unseen ROC 0.5000 PR 0.0000 | valAUC 0.9529 | tau+ 0.500
[OUTPOST-v4] epoch 335: test-all ROC 0.9237 PR 0.8021 | unseen ROC 0.5000 PR 0.0000 | valAUC 0.9577 | tau+ 0.500
[OUTPOST-v4] epoch 336: test-all ROC 0.9313 PR 0.8041 | unseen ROC 0.5000 PR 0.0000 | valAUC 0.9631 | tau+ 0.500
[OUTPOST-v4] epoch 337: test-all ROC 0.9406 PR 0.8125 | unseen ROC 0.5000 PR 0.0000 | valAUC 0.9577 | tau+ 0.500
[OUTPOST-v4] epoch 338: test-all ROC 0.9411 PR 0.8209 | unseen ROC 0.5000 PR 0.0000 | valAUC 0.9532 | tau+ 0.500
[OUTPOST-v4] epoch 339: test-all ROC 0.9361 PR 0.8099 | unseen ROC 0.5000 PR 0.0000 | valAUC 0.9760 | tau+ 0.500
[OUTPOST-v4] epoch 340: test-all ROC 0.9328 PR 0.8109 | unseen ROC 0.5000 PR 0.0000 | valAUC 0.9733 | tau+ 0.500
[OUTPOST-v4] epoch 341: test-all ROC 0.9323 PR 0.8049 | unseen ROC 0.5000 PR 0.0000 | valAUC 0.9447 | tau+ 0.500
[OUTPOST-v4] epoch 342: test-all ROC 0.9309 PR 0.8127 | unseen ROC 0.5000 PR 0.0000 | valAUC 0.9775 | tau+ 0.500
[OUTPOST-v4] epoch 343: test-all ROC 0.9407 PR 0.8160 | unseen ROC 0.5000 PR 0.0000 | valAUC 0.9670 | tau+ 0.500
[OUTPOST-v4] epoch 344: test-all ROC 0.9502 PR 0.8279 | unseen ROC 0.5000 PR 0.0000 | valAUC 0.9664 | tau+ 0.500
[OUTPOST-v4] epoch 345: test-all ROC 0.9494 PR 0.8204 | unseen ROC 0.5000 PR 0.0000 | valAUC 0.9688 | tau+ 0.500
[OUTPOST-v4] epoch 346: test-all ROC 0.9416 PR 0.8189 | unseen ROC 0.5000 PR 0.0000 | valAUC 0.9754 | tau+ 0.500
[OUTPOST-v4] epoch 347: test-all ROC 0.9298 PR 0.8056 | unseen ROC 0.5000 PR 0.0000 | valAUC 0.9724 | tau+ 0.500
[OUTPOST-v4] epoch 348: test-all ROC 0.9242 PR 0.8064 | unseen ROC 0.5000 PR 0.0000 | valAUC 0.9529 | tau+ 0.500
[OUTPOST-v4] epoch 349: test-all ROC 0.9158 PR 0.8106 | unseen ROC 0.5000 PR 0.0000 | valAUC 0.9616 | tau+ 0.500
[OUTPOST-v4] epoch 350: test-all ROC 0.9174 PR 0.8040 | unseen ROC 0.5000 PR 0.0000 | valAUC 0.9559 | tau+ 0.500
[OUTPOST-v4] epoch 351: test-all ROC 0.9194 PR 0.8101 | unseen ROC 0.5000 PR 0.0000 | valAUC 0.9586 | tau+ 0.500
[OUTPOST-v4] epoch 352: test-all ROC 0.9224 PR 0.8025 | unseen ROC 0.5000 PR 0.0000 | valAUC 0.9616 | tau+ 0.500
[OUTPOST-v4] epoch 353: test-all ROC 0.9270 PR 0.8127 | unseen ROC 0.5000 PR 0.0000 | valAUC 0.9532 | tau+ 0.500
[OUTPOST-v4] epoch 354: test-all ROC 0.9254 PR 0.8082 | unseen ROC 0.5000 PR 0.0000 | valAUC 0.9441 | tau+ 0.500
[OUTPOST-v4] epoch 355: test-all ROC 0.9300 PR 0.8137 | unseen ROC 0.5000 PR 0.0000 | valAUC 0.9742 | tau+ 0.500
[OUTPOST-v4] epoch 356: test-all ROC 0.9294 PR 0.8089 | unseen ROC 0.5000 PR 0.0000 | valAUC 0.9682 | tau+ 0.500
[OUTPOST-v4] epoch 357: test-all ROC 0.9410 PR 0.8226 | unseen ROC 0.5000 PR 0.0000 | valAUC 0.9613 | tau+ 0.500
[OUTPOST-v4] epoch 358: test-all ROC 0.9362 PR 0.8112 | unseen ROC 0.5000 PR 0.0000 | valAUC 0.9793 | tau+ 0.500
[OUTPOST-v4] epoch 359: test-all ROC 0.9372 PR 0.8152 | unseen ROC 0.5000 PR 0.0000 | valAUC 0.9634 | tau+ 0.500
[OUTPOST-v4] epoch 360: test-all ROC 0.9368 PR 0.8136 | unseen ROC 0.5000 PR 0.0000 | valAUC 0.9730 | tau+ 0.500
[OUTPOST-v4] epoch 361: test-all ROC 0.9388 PR 0.8200 | unseen ROC 0.5000 PR 0.0000 | valAUC 0.9685 | tau+ 0.500
[OUTPOST-v4] epoch 362: test-all ROC 0.9388 PR 0.8184 | unseen ROC 0.5000 PR 0.0000 | valAUC 0.9646 | tau+ 0.500
[OUTPOST-v4] epoch 363: test-all ROC 0.9346 PR 0.8144 | unseen ROC 0.5000 PR 0.0000 | valAUC 0.9598 | tau+ 0.500
[OUTPOST-v4] epoch 364: test-all ROC 0.9292 PR 0.8172 | unseen ROC 0.5000 PR 0.0000 | valAUC 0.9541 | tau+ 0.500
[OUTPOST-v4] epoch 365: test-all ROC 0.9319 PR 0.8129 | unseen ROC 0.5000 PR 0.0000 | valAUC 0.9676 | tau+ 0.500
[OUTPOST-v4] epoch 366: test-all ROC 0.9303 PR 0.8208 | unseen ROC 0.5000 PR 0.0000 | valAUC 0.9574 | tau+ 0.500
[OUTPOST-v4] epoch 367: test-all ROC 0.9302 PR 0.8097 | unseen ROC 0.5000 PR 0.0000 | valAUC 0.9727 | tau+ 0.500
[OUTPOST-v4] epoch 368: test-all ROC 0.9327 PR 0.8091 | unseen ROC 0.5000 PR 0.0000 | valAUC 0.9679 | tau+ 0.500
[OUTPOST-v4] epoch 369: test-all ROC 0.9379 PR 0.8118 | unseen ROC 0.5000 PR 0.0000 | valAUC 0.9748 | tau+ 0.500
[OUTPOST-v4] epoch 370: test-all ROC 0.9410 PR 0.8127 | unseen ROC 0.5000 PR 0.0000 | valAUC 0.9658 | tau+ 0.500
[OUTPOST-v4] epoch 371: test-all ROC 0.9405 PR 0.8240 | unseen ROC 0.5000 PR 0.0000 | valAUC 0.9574 | tau+ 0.500
[OUTPOST-v4] epoch 372: test-all ROC 0.9463 PR 0.8168 | unseen ROC 0.5000 PR 0.0000 | valAUC 0.9736 | tau+ 0.500
[OUTPOST-v4] epoch 373: test-all ROC 0.9473 PR 0.8306 | unseen ROC 0.5000 PR 0.0000 | valAUC 0.9658 | tau+ 0.500
[OUTPOST-v4] epoch 374: test-all ROC 0.9436 PR 0.8261 | unseen ROC 0.5000 PR 0.0000 | valAUC 0.9709 | tau+ 0.500
[OUTPOST-v4] epoch 375: test-all ROC 0.9362 PR 0.8143 | unseen ROC 0.5000 PR 0.0000 | valAUC 0.9682 | tau+ 0.500
[OUTPOST-v4] epoch 376: test-all ROC 0.9362 PR 0.8193 | unseen ROC 0.5000 PR 0.0000 | valAUC 0.9631 | tau+ 0.500
[OUTPOST-v4] epoch 377: test-all ROC 0.9323 PR 0.8128 | unseen ROC 0.5000 PR 0.0000 | valAUC 0.9781 | tau+ 0.500
[OUTPOST-v4] epoch 378: test-all ROC 0.9274 PR 0.8117 | unseen ROC 0.5000 PR 0.0000 | valAUC 0.9559 | tau+ 0.500
[OUTPOST-v4] epoch 379: test-all ROC 0.9253 PR 0.8148 | unseen ROC 0.5000 PR 0.0000 | valAUC 0.9616 | tau+ 0.500
[OUTPOST-v4] epoch 380: test-all ROC 0.9296 PR 0.8107 | unseen ROC 0.5000 PR 0.0000 | valAUC 0.9568 | tau+ 0.500
[OUTPOST-v4] epoch 381: test-all ROC 0.9332 PR 0.8180 | unseen ROC 0.5000 PR 0.0000 | valAUC 0.9643 | tau+ 0.500
[OUTPOST-v4] epoch 382: test-all ROC 0.9300 PR 0.8124 | unseen ROC 0.5000 PR 0.0000 | valAUC 0.9625 | tau+ 0.500
[OUTPOST-v4] epoch 383: test-all ROC 0.9325 PR 0.8207 | unseen ROC 0.5000 PR 0.0000 | valAUC 0.9429 | tau+ 0.500
[OUTPOST-v4] epoch 384: test-all ROC 0.9309 PR 0.8150 | unseen ROC 0.5000 PR 0.0000 | valAUC 0.9619 | tau+ 0.500
[OUTPOST-v4] epoch 385: test-all ROC 0.9323 PR 0.8146 | unseen ROC 0.5000 PR 0.0000 | valAUC 0.9631 | tau+ 0.500
[OUTPOST-v4] epoch 386: test-all ROC 0.9343 PR 0.8164 | unseen ROC 0.5000 PR 0.0000 | valAUC 0.9541 | tau+ 0.500
[OUTPOST-v4] epoch 387: test-all ROC 0.9321 PR 0.8162 | unseen ROC 0.5000 PR 0.0000 | valAUC 0.9784 | tau+ 0.500
[OUTPOST-v4] epoch 388: test-all ROC 0.9361 PR 0.8087 | unseen ROC 0.5000 PR 0.0000 | valAUC 0.9730 | tau+ 0.500
[OUTPOST-v4] epoch 389: test-all ROC 0.9334 PR 0.8139 | unseen ROC 0.5000 PR 0.0000 | valAUC 0.9646 | tau+ 0.500
[OUTPOST-v4] epoch 390: test-all ROC 0.9334 PR 0.8203 | unseen ROC 0.5000 PR 0.0000 | valAUC 0.9691 | tau+ 0.500
[OUTPOST-v4] epoch 391: test-all ROC 0.9332 PR 0.8135 | unseen ROC 0.5000 PR 0.0000 | valAUC 0.9580 | tau+ 0.500
[OUTPOST-v4] epoch 392: test-all ROC 0.9328 PR 0.8162 | unseen ROC 0.5000 PR 0.0000 | valAUC 0.9489 | tau+ 0.500
[OUTPOST-v4] epoch 393: test-all ROC 0.9242 PR 0.8032 | unseen ROC 0.5000 PR 0.0000 | valAUC 0.9697 | tau+ 0.500
[OUTPOST-v4] epoch 394: test-all ROC 0.9302 PR 0.8149 | unseen ROC 0.5000 PR 0.0000 | valAUC 0.9622 | tau+ 0.500
[OUTPOST-v4] epoch 395: test-all ROC 0.9303 PR 0.8095 | unseen ROC 0.5000 PR 0.0000 | valAUC 0.9736 | tau+ 0.500
[OUTPOST-v4] epoch 396: test-all ROC 0.9304 PR 0.8121 | unseen ROC 0.5000 PR 0.0000 | valAUC 0.9619 | tau+ 0.500
[OUTPOST-v4] epoch 397: test-all ROC 0.9309 PR 0.8068 | unseen ROC 0.5000 PR 0.0000 | valAUC 0.9447 | tau+ 0.500
[OUTPOST-v4] epoch 398: test-all ROC 0.9323 PR 0.8141 | unseen ROC 0.5000 PR 0.0000 | valAUC 0.9691 | tau+ 0.500
[OUTPOST-v4] epoch 399: test-all ROC 0.9401 PR 0.8212 | unseen ROC 0.5000 PR 0.0000 | valAUC 0.9619 | tau+ 0.500
  rotation 1: ROC 0.9502 PR 0.8306
[amazon] params 6913, peak GPU 0.22 GB, 7.4 min total

[amazon] AGGREGATE  best-over-epochs: ROC 0.9502 PR 0.8306
[amazon] AGGREGATE  val-selected:     ROC 0.9292 PR 0.8103
row appended to results/results.csv
