# gpu=3 cmd=/usr/bin/python3 -u main.py --dataset ogbn-arxiv --seed 0 --method outpost --tag A_nogate400 --rotations 10 --set use_atlas_gate=false
/nas/home/jahin/.local/lib/python3.10/site-packages/requests/__init__.py:113: RequestsDependencyWarning: urllib3 (1.26.5) or chardet (7.2.0)/charset_normalizer (3.4.4) doesn't match a supported version!
  warnings.warn(
[ogbn-arxiv] anomaly classes (rotations): [np.int64(4), np.int64(8), np.int64(10), np.int64(34)]
[ogbn-arxiv] running subset: [np.int64(10)]
Normal classes: [np.int64(0), np.int64(1), np.int64(2), np.int64(3), np.int64(5), np.int64(6), np.int64(7), np.int64(9), np.int64(11), np.int64(12), np.int64(13), np.int64(14), np.int64(15), np.int64(16), np.int64(17), np.int64(18), np.int64(19), np.int64(20), np.int64(21), np.int64(22), np.int64(23), np.int64(24), np.int64(25), np.int64(26), np.int64(27), np.int64(28), np.int64(29), np.int64(30), np.int64(31), np.int64(32), np.int64(33), np.int64(35), np.int64(36), np.int64(37), np.int64(38), np.int64(39)] in ogbn-arxiv
Building multi-layer GraphSage
[OUTPOST-v4] epoch 0: test-all ROC 0.5088 PR 0.1855 | unseen ROC 0.5345 PR 0.1559 | valAUC 0.4562 | tau+ 0.502
[OUTPOST-v4] epoch 1: test-all ROC 0.5146 PR 0.1924 | unseen ROC 0.5299 PR 0.1596 | valAUC 0.5182 | tau+ 0.500
[OUTPOST-v4] epoch 2: test-all ROC 0.4958 PR 0.1845 | unseen ROC 0.5118 PR 0.1515 | valAUC 0.4883 | tau+ 0.500
[OUTPOST-v4] epoch 3: test-all ROC 0.5033 PR 0.1893 | unseen ROC 0.5183 PR 0.1563 | valAUC 0.4977 | tau+ 0.500
[OUTPOST-v4] epoch 4: test-all ROC 0.5072 PR 0.1917 | unseen ROC 0.5229 PR 0.1589 | valAUC 0.4824 | tau+ 0.500
[OUTPOST-v4] epoch 5: test-all ROC 0.5156 PR 0.1976 | unseen ROC 0.5297 PR 0.1643 | valAUC 0.5044 | tau+ 0.500
[OUTPOST-v4] epoch 6: test-all ROC 0.5200 PR 0.2009 | unseen ROC 0.5316 PR 0.1665 | valAUC 0.5414 | tau+ 0.500
[OUTPOST-v4] epoch 7: test-all ROC 0.5216 PR 0.2000 | unseen ROC 0.5318 PR 0.1639 | valAUC 0.5615 | tau+ 0.500
[OUTPOST-v4] epoch 8: test-all ROC 0.5218 PR 0.2005 | unseen ROC 0.5307 PR 0.1635 | valAUC 0.5624 | tau+ 0.500
[OUTPOST-v4] epoch 9: test-all ROC 0.5222 PR 0.1991 | unseen ROC 0.5294 PR 0.1605 | valAUC 0.5787 | tau+ 0.500
[OUTPOST-v4] epoch 10: test-all ROC 0.5229 PR 0.1994 | unseen ROC 0.5285 PR 0.1599 | valAUC 0.5721 | tau+ 0.500
[OUTPOST-v4] epoch 11: test-all ROC 0.5241 PR 0.2005 | unseen ROC 0.5289 PR 0.1606 | valAUC 0.5835 | tau+ 0.500
[OUTPOST-v4] epoch 12: test-all ROC 0.5255 PR 0.2023 | unseen ROC 0.5295 PR 0.1626 | valAUC 0.5893 | tau+ 0.500
[OUTPOST-v4] epoch 13: test-all ROC 0.5265 PR 0.2041 | unseen ROC 0.5304 PR 0.1648 | valAUC 0.5857 | tau+ 0.500
[OUTPOST-v4] epoch 14: test-all ROC 0.5262 PR 0.2044 | unseen ROC 0.5298 PR 0.1652 | valAUC 0.5727 | tau+ 0.500
[OUTPOST-v4] epoch 15: test-all ROC 0.5265 PR 0.2057 | unseen ROC 0.5300 PR 0.1672 | valAUC 0.5690 | tau+ 0.500
[OUTPOST-v4] epoch 16: test-all ROC 0.5259 PR 0.2065 | unseen ROC 0.5288 PR 0.1683 | valAUC 0.5675 | tau+ 0.500
[OUTPOST-v4] epoch 17: test-all ROC 0.5267 PR 0.2090 | unseen ROC 0.5300 PR 0.1724 | valAUC 0.5653 | tau+ 0.500
[OUTPOST-v4] epoch 18: test-all ROC 0.5241 PR 0.2078 | unseen ROC 0.5280 PR 0.1720 | valAUC 0.5376 | tau+ 0.500
[OUTPOST-v4] epoch 19: test-all ROC 0.5241 PR 0.2088 | unseen ROC 0.5267 PR 0.1733 | valAUC 0.5755 | tau+ 0.500
[OUTPOST-v4] epoch 20: test-all ROC 0.5213 PR 0.2083 | unseen ROC 0.5244 PR 0.1739 | valAUC 0.5680 | tau+ 0.500
[OUTPOST-v4] epoch 21: test-all ROC 0.5188 PR 0.2078 | unseen ROC 0.5216 PR 0.1742 | valAUC 0.5734 | tau+ 0.500
[OUTPOST-v4] epoch 22: test-all ROC 0.5168 PR 0.2075 | unseen ROC 0.5199 PR 0.1741 | valAUC 0.5517 | tau+ 0.500
[OUTPOST-v4] epoch 23: test-all ROC 0.5222 PR 0.2062 | unseen ROC 0.5273 PR 0.1705 | valAUC 0.5311 | tau+ 0.500
[OUTPOST-v4] epoch 24: test-all ROC 0.5280 PR 0.1905 | unseen ROC 0.5366 PR 0.1477 | valAUC 0.4780 | tau+ 0.500
[OUTPOST-v4] epoch 25: test-all ROC 0.5142 PR 0.1767 | unseen ROC 0.5170 PR 0.1311 | valAUC 0.4279 | tau+ 0.500
[OUTPOST-v4] epoch 26: test-all ROC 0.5086 PR 0.1731 | unseen ROC 0.5087 PR 0.1271 | valAUC 0.4238 | tau+ 0.500
[OUTPOST-v4] epoch 27: test-all ROC 0.5070 PR 0.1727 | unseen ROC 0.5042 PR 0.1252 | valAUC 0.4308 | tau+ 0.500
[OUTPOST-v4] epoch 28: test-all ROC 0.5067 PR 0.1726 | unseen ROC 0.5021 PR 0.1242 | valAUC 0.4405 | tau+ 0.500
[OUTPOST-v4] epoch 29: test-all ROC 0.5082 PR 0.1736 | unseen ROC 0.5013 PR 0.1236 | valAUC 0.4417 | tau+ 0.500
[OUTPOST-v4] epoch 30: test-all ROC 0.5114 PR 0.1754 | unseen ROC 0.5029 PR 0.1239 | valAUC 0.4586 | tau+ 0.500
[OUTPOST-v4] epoch 31: test-all ROC 0.5161 PR 0.1789 | unseen ROC 0.5061 PR 0.1252 | valAUC 0.4589 | tau+ 0.500
[OUTPOST-v4] epoch 32: test-all ROC 0.5200 PR 0.1825 | unseen ROC 0.5084 PR 0.1264 | valAUC 0.4852 | tau+ 0.500
[OUTPOST-v4] epoch 33: test-all ROC 0.5232 PR 0.1841 | unseen ROC 0.5104 PR 0.1272 | valAUC 0.4886 | tau+ 0.500
[OUTPOST-v4] epoch 34: test-all ROC 0.5253 PR 0.1858 | unseen ROC 0.5109 PR 0.1274 | valAUC 0.4916 | tau+ 0.500
[OUTPOST-v4] epoch 35: test-all ROC 0.5278 PR 0.1869 | unseen ROC 0.5126 PR 0.1280 | valAUC 0.4849 | tau+ 0.500
[OUTPOST-v4] epoch 36: test-all ROC 0.5300 PR 0.1884 | unseen ROC 0.5135 PR 0.1283 | valAUC 0.5053 | tau+ 0.500
[OUTPOST-v4] epoch 37: test-all ROC 0.5323 PR 0.1898 | unseen ROC 0.5148 PR 0.1286 | valAUC 0.5143 | tau+ 0.500
[OUTPOST-v4] epoch 38: test-all ROC 0.5350 PR 0.1916 | unseen ROC 0.5166 PR 0.1293 | valAUC 0.5125 | tau+ 0.500
[OUTPOST-v4] epoch 39: test-all ROC 0.5360 PR 0.1919 | unseen ROC 0.5171 PR 0.1292 | valAUC 0.5187 | tau+ 0.500
[OUTPOST-v4] epoch 40: test-all ROC 0.5382 PR 0.1935 | unseen ROC 0.5177 PR 0.1292 | valAUC 0.5251 | tau+ 0.500
[OUTPOST-v4] epoch 41: test-all ROC 0.5394 PR 0.1943 | unseen ROC 0.5179 PR 0.1293 | valAUC 0.5264 | tau+ 0.500
[OUTPOST-v4] epoch 42: test-all ROC 0.5392 PR 0.1934 | unseen ROC 0.5154 PR 0.1279 | valAUC 0.5425 | tau+ 0.500
[OUTPOST-v4] epoch 43: test-all ROC 0.5405 PR 0.1942 | unseen ROC 0.5162 PR 0.1281 | valAUC 0.5466 | tau+ 0.500
[OUTPOST-v4] epoch 44: test-all ROC 0.5408 PR 0.1942 | unseen ROC 0.5161 PR 0.1280 | valAUC 0.5456 | tau+ 0.500
[OUTPOST-v4] epoch 45: test-all ROC 0.5409 PR 0.1939 | unseen ROC 0.5154 PR 0.1276 | valAUC 0.5447 | tau+ 0.500
[OUTPOST-v4] epoch 46: test-all ROC 0.5412 PR 0.1940 | unseen ROC 0.5148 PR 0.1273 | valAUC 0.5470 | tau+ 0.500
[OUTPOST-v4] epoch 47: test-all ROC 0.5414 PR 0.1942 | unseen ROC 0.5144 PR 0.1271 | valAUC 0.5521 | tau+ 0.500
[OUTPOST-v4] epoch 48: test-all ROC 0.5416 PR 0.1944 | unseen ROC 0.5140 PR 0.1269 | valAUC 0.5513 | tau+ 0.500
[OUTPOST-v4] epoch 49: test-all ROC 0.5411 PR 0.1941 | unseen ROC 0.5124 PR 0.1263 | valAUC 0.5503 | tau+ 0.500
[OUTPOST-v4] epoch 50: test-all ROC 0.5412 PR 0.1943 | unseen ROC 0.5117 PR 0.1262 | valAUC 0.5626 | tau+ 0.500
[OUTPOST-v4] epoch 51: test-all ROC 0.5405 PR 0.1939 | unseen ROC 0.5100 PR 0.1254 | valAUC 0.5550 | tau+ 0.500
[OUTPOST-v4] epoch 52: test-all ROC 0.5397 PR 0.1936 | unseen ROC 0.5083 PR 0.1249 | valAUC 0.5646 | tau+ 0.500
[OUTPOST-v4] epoch 53: test-all ROC 0.5388 PR 0.1935 | unseen ROC 0.5061 PR 0.1241 | valAUC 0.5581 | tau+ 0.500
[OUTPOST-v4] epoch 54: test-all ROC 0.5383 PR 0.1932 | unseen ROC 0.5045 PR 0.1235 | valAUC 0.5657 | tau+ 0.500
[OUTPOST-v4] epoch 55: test-all ROC 0.5376 PR 0.1927 | unseen ROC 0.5022 PR 0.1227 | valAUC 0.5690 | tau+ 0.500
[OUTPOST-v4] epoch 56: test-all ROC 0.5369 PR 0.1925 | unseen ROC 0.4998 PR 0.1219 | valAUC 0.5751 | tau+ 0.500
[OUTPOST-v4] epoch 57: test-all ROC 0.5355 PR 0.1917 | unseen ROC 0.4972 PR 0.1210 | valAUC 0.5797 | tau+ 0.500
[OUTPOST-v4] epoch 58: test-all ROC 0.5349 PR 0.1913 | unseen ROC 0.4950 PR 0.1202 | valAUC 0.5877 | tau+ 0.500
[OUTPOST-v4] epoch 59: test-all ROC 0.5349 PR 0.1912 | unseen ROC 0.4940 PR 0.1199 | valAUC 0.5905 | tau+ 0.500
[OUTPOST-v4] epoch 60: test-all ROC 0.5342 PR 0.1908 | unseen ROC 0.4922 PR 0.1193 | valAUC 0.5916 | tau+ 0.500
[OUTPOST-v4] epoch 61: test-all ROC 0.5342 PR 0.1907 | unseen ROC 0.4911 PR 0.1189 | valAUC 0.5988 | tau+ 0.500
[OUTPOST-v4] epoch 62: test-all ROC 0.5347 PR 0.1909 | unseen ROC 0.4902 PR 0.1186 | valAUC 0.6037 | tau+ 0.500
[OUTPOST-v4] epoch 63: test-all ROC 0.5355 PR 0.1911 | unseen ROC 0.4899 PR 0.1184 | valAUC 0.6045 | tau+ 0.500
[OUTPOST-v4] epoch 64: test-all ROC 0.5366 PR 0.1910 | unseen ROC 0.4897 PR 0.1183 | valAUC 0.6154 | tau+ 0.500
[OUTPOST-v4] epoch 65: test-all ROC 0.5384 PR 0.1915 | unseen ROC 0.4901 PR 0.1183 | valAUC 0.6181 | tau+ 0.500
[OUTPOST-v4] epoch 66: test-all ROC 0.5402 PR 0.1918 | unseen ROC 0.4902 PR 0.1182 | valAUC 0.6295 | tau+ 0.500
[OUTPOST-v4] epoch 67: test-all ROC 0.5423 PR 0.1923 | unseen ROC 0.4904 PR 0.1182 | valAUC 0.6377 | tau+ 0.500
[OUTPOST-v4] epoch 68: test-all ROC 0.5438 PR 0.1930 | unseen ROC 0.4900 PR 0.1180 | valAUC 0.6456 | tau+ 0.500
[OUTPOST-v4] epoch 69: test-all ROC 0.5449 PR 0.1932 | unseen ROC 0.4894 PR 0.1179 | valAUC 0.6544 | tau+ 0.500
[OUTPOST-v4] epoch 70: test-all ROC 0.5469 PR 0.1937 | unseen ROC 0.4889 PR 0.1177 | valAUC 0.6665 | tau+ 0.500
[OUTPOST-v4] epoch 71: test-all ROC 0.5478 PR 0.1940 | unseen ROC 0.4866 PR 0.1171 | valAUC 0.6793 | tau+ 0.500
[OUTPOST-v4] epoch 72: test-all ROC 0.5485 PR 0.1939 | unseen ROC 0.4853 PR 0.1167 | valAUC 0.6884 | tau+ 0.500
[OUTPOST-v4] epoch 73: test-all ROC 0.5486 PR 0.1943 | unseen ROC 0.4837 PR 0.1164 | valAUC 0.6916 | tau+ 0.500
[OUTPOST-v4] epoch 74: test-all ROC 0.5493 PR 0.1943 | unseen ROC 0.4820 PR 0.1160 | valAUC 0.6992 | tau+ 0.500
[OUTPOST-v4] epoch 75: test-all ROC 0.5495 PR 0.1948 | unseen ROC 0.4801 PR 0.1156 | valAUC 0.7156 | tau+ 0.500
[OUTPOST-v4] epoch 76: test-all ROC 0.5499 PR 0.1949 | unseen ROC 0.4791 PR 0.1154 | valAUC 0.7141 | tau+ 0.500
[OUTPOST-v4] epoch 77: test-all ROC 0.5504 PR 0.1951 | unseen ROC 0.4779 PR 0.1151 | valAUC 0.7173 | tau+ 0.500
[OUTPOST-v4] epoch 78: test-all ROC 0.5508 PR 0.1958 | unseen ROC 0.4772 PR 0.1150 | valAUC 0.7299 | tau+ 0.500
[OUTPOST-v4] epoch 79: test-all ROC 0.5514 PR 0.1961 | unseen ROC 0.4761 PR 0.1147 | valAUC 0.7362 | tau+ 0.500
[OUTPOST-v4] epoch 80: test-all ROC 0.5516 PR 0.1965 | unseen ROC 0.4752 PR 0.1145 | valAUC 0.7346 | tau+ 0.500
[OUTPOST-v4] epoch 81: test-all ROC 0.5517 PR 0.1967 | unseen ROC 0.4745 PR 0.1143 | valAUC 0.7410 | tau+ 0.500
[OUTPOST-v4] epoch 82: test-all ROC 0.5523 PR 0.1971 | unseen ROC 0.4739 PR 0.1142 | valAUC 0.7448 | tau+ 0.500
[OUTPOST-v4] epoch 83: test-all ROC 0.5521 PR 0.1969 | unseen ROC 0.4726 PR 0.1138 | valAUC 0.7525 | tau+ 0.500
[OUTPOST-v4] epoch 84: test-all ROC 0.5526 PR 0.1978 | unseen ROC 0.4722 PR 0.1137 | valAUC 0.7576 | tau+ 0.500
[OUTPOST-v4] epoch 85: test-all ROC 0.5531 PR 0.1982 | unseen ROC 0.4722 PR 0.1137 | valAUC 0.7539 | tau+ 0.500
[OUTPOST-v4] epoch 86: test-all ROC 0.5528 PR 0.1981 | unseen ROC 0.4720 PR 0.1137 | valAUC 0.7550 | tau+ 0.500
[OUTPOST-v4] epoch 87: test-all ROC 0.5533 PR 0.1986 | unseen ROC 0.4718 PR 0.1136 | valAUC 0.7625 | tau+ 0.500
[OUTPOST-v4] epoch 88: test-all ROC 0.5528 PR 0.1988 | unseen ROC 0.4702 PR 0.1133 | valAUC 0.7667 | tau+ 0.500
[OUTPOST-v4] epoch 89: test-all ROC 0.5529 PR 0.1991 | unseen ROC 0.4694 PR 0.1131 | valAUC 0.7582 | tau+ 0.500
[OUTPOST-v4] epoch 90: test-all ROC 0.5520 PR 0.1989 | unseen ROC 0.4678 PR 0.1127 | valAUC 0.7719 | tau+ 0.500
[OUTPOST-v4] epoch 91: test-all ROC 0.5527 PR 0.1994 | unseen ROC 0.4685 PR 0.1129 | valAUC 0.7617 | tau+ 0.500
[OUTPOST-v4] epoch 92: test-all ROC 0.5526 PR 0.1994 | unseen ROC 0.4682 PR 0.1128 | valAUC 0.7715 | tau+ 0.500
[OUTPOST-v4] epoch 93: test-all ROC 0.5523 PR 0.1996 | unseen ROC 0.4669 PR 0.1125 | valAUC 0.7659 | tau+ 0.500
[OUTPOST-v4] epoch 94: test-all ROC 0.5528 PR 0.2000 | unseen ROC 0.4677 PR 0.1127 | valAUC 0.7750 | tau+ 0.500
[OUTPOST-v4] epoch 95: test-all ROC 0.5521 PR 0.2001 | unseen ROC 0.4663 PR 0.1124 | valAUC 0.7699 | tau+ 0.500
[OUTPOST-v4] epoch 96: test-all ROC 0.5518 PR 0.1999 | unseen ROC 0.4654 PR 0.1122 | valAUC 0.7772 | tau+ 0.500
[OUTPOST-v4] epoch 97: test-all ROC 0.5514 PR 0.2000 | unseen ROC 0.4644 PR 0.1119 | valAUC 0.7811 | tau+ 0.500
[OUTPOST-v4] epoch 98: test-all ROC 0.5511 PR 0.2001 | unseen ROC 0.4633 PR 0.1117 | valAUC 0.7780 | tau+ 0.500
[OUTPOST-v4] epoch 99: test-all ROC 0.5509 PR 0.1999 | unseen ROC 0.4628 PR 0.1115 | valAUC 0.7798 | tau+ 0.500
[OUTPOST-v4] epoch 100: test-all ROC 0.5515 PR 0.2006 | unseen ROC 0.4641 PR 0.1119 | valAUC 0.7740 | tau+ 0.500
[OUTPOST-v4] epoch 101: test-all ROC 0.5514 PR 0.2007 | unseen ROC 0.4643 PR 0.1119 | valAUC 0.7760 | tau+ 0.500
[OUTPOST-v4] epoch 102: test-all ROC 0.5513 PR 0.2006 | unseen ROC 0.4638 PR 0.1118 | valAUC 0.7793 | tau+ 0.500
[OUTPOST-v4] epoch 103: test-all ROC 0.5512 PR 0.2009 | unseen ROC 0.4635 PR 0.1117 | valAUC 0.7804 | tau+ 0.500
[OUTPOST-v4] epoch 104: test-all ROC 0.5517 PR 0.2009 | unseen ROC 0.4641 PR 0.1118 | valAUC 0.7775 | tau+ 0.500
[OUTPOST-v4] epoch 105: test-all ROC 0.5513 PR 0.2009 | unseen ROC 0.4631 PR 0.1116 | valAUC 0.7694 | tau+ 0.500
[OUTPOST-v4] epoch 106: test-all ROC 0.5517 PR 0.2014 | unseen ROC 0.4638 PR 0.1119 | valAUC 0.7732 | tau+ 0.500
[OUTPOST-v4] epoch 107: test-all ROC 0.5513 PR 0.2015 | unseen ROC 0.4634 PR 0.1117 | valAUC 0.7766 | tau+ 0.500
[OUTPOST-v4] epoch 108: test-all ROC 0.5516 PR 0.2016 | unseen ROC 0.4641 PR 0.1118 | valAUC 0.7711 | tau+ 0.507
[OUTPOST-v4] epoch 109: test-all ROC 0.5521 PR 0.2016 | unseen ROC 0.4648 PR 0.1120 | valAUC 0.7796 | tau+ 0.538
[OUTPOST-v4] epoch 110: test-all ROC 0.5523 PR 0.2023 | unseen ROC 0.4651 PR 0.1121 | valAUC 0.7815 | tau+ 0.575
[OUTPOST-v4] epoch 111: test-all ROC 0.5522 PR 0.2026 | unseen ROC 0.4640 PR 0.1118 | valAUC 0.7791 | tau+ 0.554
[OUTPOST-v4] epoch 112: test-all ROC 0.5522 PR 0.2026 | unseen ROC 0.4632 PR 0.1116 | valAUC 0.7800 | tau+ 0.540
[OUTPOST-v4] epoch 113: test-all ROC 0.5524 PR 0.2033 | unseen ROC 0.4629 PR 0.1116 | valAUC 0.7823 | tau+ 0.543
[OUTPOST-v4] epoch 114: test-all ROC 0.5527 PR 0.2037 | unseen ROC 0.4632 PR 0.1117 | valAUC 0.7799 | tau+ 0.584
[OUTPOST-v4] epoch 115: test-all ROC 0.5532 PR 0.2044 | unseen ROC 0.4639 PR 0.1118 | valAUC 0.7809 | tau+ 0.657
[OUTPOST-v4] epoch 116: test-all ROC 0.5529 PR 0.2039 | unseen ROC 0.4632 PR 0.1117 | valAUC 0.7902 | tau+ 0.699
[OUTPOST-v4] epoch 117: test-all ROC 0.5527 PR 0.2048 | unseen ROC 0.4614 PR 0.1113 | valAUC 0.7937 | tau+ 0.585
[OUTPOST-v4] epoch 118: test-all ROC 0.5525 PR 0.2048 | unseen ROC 0.4604 PR 0.1110 | valAUC 0.7961 | tau+ 0.515
[OUTPOST-v4] epoch 119: test-all ROC 0.5529 PR 0.2053 | unseen ROC 0.4608 PR 0.1111 | valAUC 0.7943 | tau+ 0.596
[OUTPOST-v4] epoch 120: test-all ROC 0.5529 PR 0.2057 | unseen ROC 0.4614 PR 0.1113 | valAUC 0.7820 | tau+ 0.715
[OUTPOST-v4] epoch 121: test-all ROC 0.5524 PR 0.2060 | unseen ROC 0.4599 PR 0.1110 | valAUC 0.7981 | tau+ 0.652
[OUTPOST-v4] epoch 122: test-all ROC 0.5528 PR 0.2067 | unseen ROC 0.4593 PR 0.1108 | valAUC 0.8024 | tau+ 0.581
[OUTPOST-v4] epoch 123: test-all ROC 0.5528 PR 0.2072 | unseen ROC 0.4590 PR 0.1108 | valAUC 0.8002 | tau+ 0.643
[OUTPOST-v4] epoch 124: test-all ROC 0.5527 PR 0.2076 | unseen ROC 0.4581 PR 0.1106 | valAUC 0.8001 | tau+ 0.629
[OUTPOST-v4] epoch 125: test-all ROC 0.5533 PR 0.2084 | unseen ROC 0.4586 PR 0.1107 | valAUC 0.7994 | tau+ 0.627
[OUTPOST-v4] epoch 126: test-all ROC 0.5533 PR 0.2083 | unseen ROC 0.4585 PR 0.1107 | valAUC 0.8126 | tau+ 0.671
[OUTPOST-v4] epoch 127: test-all ROC 0.5533 PR 0.2094 | unseen ROC 0.4576 PR 0.1106 | valAUC 0.8078 | tau+ 0.684
[OUTPOST-v4] epoch 128: test-all ROC 0.5540 PR 0.2099 | unseen ROC 0.4574 PR 0.1105 | valAUC 0.8169 | tau+ 0.525
[OUTPOST-v4] epoch 129: test-all ROC 0.5540 PR 0.2106 | unseen ROC 0.4572 PR 0.1105 | valAUC 0.8159 | tau+ 0.502
[OUTPOST-v4] epoch 130: test-all ROC 0.5545 PR 0.2112 | unseen ROC 0.4578 PR 0.1106 | valAUC 0.8143 | tau+ 0.617
[OUTPOST-v4] epoch 131: test-all ROC 0.5544 PR 0.2115 | unseen ROC 0.4578 PR 0.1106 | valAUC 0.8192 | tau+ 0.628
[OUTPOST-v4] epoch 132: test-all ROC 0.5550 PR 0.2123 | unseen ROC 0.4579 PR 0.1107 | valAUC 0.8187 | tau+ 0.500
[OUTPOST-v4] epoch 133: test-all ROC 0.5546 PR 0.2125 | unseen ROC 0.4573 PR 0.1107 | valAUC 0.8201 | tau+ 0.505
[OUTPOST-v4] epoch 134: test-all ROC 0.5552 PR 0.2132 | unseen ROC 0.4581 PR 0.1109 | valAUC 0.8153 | tau+ 0.500
[OUTPOST-v4] epoch 135: test-all ROC 0.5554 PR 0.2134 | unseen ROC 0.4589 PR 0.1111 | valAUC 0.8123 | tau+ 0.612
[OUTPOST-v4] epoch 136: test-all ROC 0.5556 PR 0.2136 | unseen ROC 0.4593 PR 0.1112 | valAUC 0.8118 | tau+ 0.543
[OUTPOST-v4] epoch 137: test-all ROC 0.5560 PR 0.2143 | unseen ROC 0.4598 PR 0.1114 | valAUC 0.8203 | tau+ 0.500
[OUTPOST-v4] epoch 138: test-all ROC 0.5560 PR 0.2148 | unseen ROC 0.4598 PR 0.1114 | valAUC 0.8127 | tau+ 0.500
[OUTPOST-v4] epoch 139: test-all ROC 0.5561 PR 0.2147 | unseen ROC 0.4604 PR 0.1116 | valAUC 0.8149 | tau+ 0.500
[OUTPOST-v4] epoch 140: test-all ROC 0.5567 PR 0.2152 | unseen ROC 0.4617 PR 0.1119 | valAUC 0.8094 | tau+ 0.500
[OUTPOST-v4] epoch 141: test-all ROC 0.5566 PR 0.2152 | unseen ROC 0.4619 PR 0.1120 | valAUC 0.8072 | tau+ 0.500
[OUTPOST-v4] epoch 142: test-all ROC 0.5569 PR 0.2159 | unseen ROC 0.4626 PR 0.1122 | valAUC 0.8096 | tau+ 0.500
[OUTPOST-v4] epoch 143: test-all ROC 0.5570 PR 0.2162 | unseen ROC 0.4624 PR 0.1123 | valAUC 0.8107 | tau+ 0.500
[OUTPOST-v4] epoch 144: test-all ROC 0.5565 PR 0.2159 | unseen ROC 0.4626 PR 0.1123 | valAUC 0.8041 | tau+ 0.500
[OUTPOST-v4] epoch 145: test-all ROC 0.5566 PR 0.2158 | unseen ROC 0.4629 PR 0.1124 | valAUC 0.8040 | tau+ 0.500
[OUTPOST-v4] epoch 146: test-all ROC 0.5566 PR 0.2162 | unseen ROC 0.4631 PR 0.1126 | valAUC 0.8038 | tau+ 0.500
[OUTPOST-v4] epoch 147: test-all ROC 0.5567 PR 0.2163 | unseen ROC 0.4634 PR 0.1126 | valAUC 0.8046 | tau+ 0.500
[OUTPOST-v4] epoch 148: test-all ROC 0.5566 PR 0.2164 | unseen ROC 0.4633 PR 0.1126 | valAUC 0.8041 | tau+ 0.500
[OUTPOST-v4] epoch 149: test-all ROC 0.5562 PR 0.2163 | unseen ROC 0.4631 PR 0.1126 | valAUC 0.7992 | tau+ 0.500
[OUTPOST-v4] epoch 150: test-all ROC 0.5560 PR 0.2165 | unseen ROC 0.4629 PR 0.1126 | valAUC 0.8014 | tau+ 0.500
[OUTPOST-v4] epoch 151: test-all ROC 0.5567 PR 0.2174 | unseen ROC 0.4632 PR 0.1128 | valAUC 0.8036 | tau+ 0.500
[OUTPOST-v4] epoch 152: test-all ROC 0.5567 PR 0.2168 | unseen ROC 0.4636 PR 0.1128 | valAUC 0.8059 | tau+ 0.500
[OUTPOST-v4] epoch 153: test-all ROC 0.5563 PR 0.2168 | unseen ROC 0.4631 PR 0.1127 | valAUC 0.8063 | tau+ 0.500
[OUTPOST-v4] epoch 154: test-all ROC 0.5561 PR 0.2171 | unseen ROC 0.4628 PR 0.1127 | valAUC 0.8017 | tau+ 0.500
[OUTPOST-v4] epoch 155: test-all ROC 0.5564 PR 0.2173 | unseen ROC 0.4632 PR 0.1128 | valAUC 0.8083 | tau+ 0.500
[OUTPOST-v4] epoch 156: test-all ROC 0.5577 PR 0.2182 | unseen ROC 0.4644 PR 0.1132 | valAUC 0.8092 | tau+ 0.500
[OUTPOST-v4] epoch 157: test-all ROC 0.5578 PR 0.2188 | unseen ROC 0.4643 PR 0.1132 | valAUC 0.8128 | tau+ 0.500
[OUTPOST-v4] epoch 158: test-all ROC 0.5572 PR 0.2186 | unseen ROC 0.4638 PR 0.1131 | valAUC 0.8110 | tau+ 0.500
[OUTPOST-v4] epoch 159: test-all ROC 0.5572 PR 0.2186 | unseen ROC 0.4639 PR 0.1132 | valAUC 0.8097 | tau+ 0.500
[OUTPOST-v4] epoch 160: test-all ROC 0.5577 PR 0.2192 | unseen ROC 0.4647 PR 0.1134 | valAUC 0.8098 | tau+ 0.500
[OUTPOST-v4] epoch 161: test-all ROC 0.5579 PR 0.2194 | unseen ROC 0.4649 PR 0.1135 | valAUC 0.8111 | tau+ 0.500
[OUTPOST-v4] epoch 162: test-all ROC 0.5578 PR 0.2194 | unseen ROC 0.4647 PR 0.1135 | valAUC 0.8103 | tau+ 0.500
[OUTPOST-v4] epoch 163: test-all ROC 0.5579 PR 0.2199 | unseen ROC 0.4650 PR 0.1136 | valAUC 0.8099 | tau+ 0.500
[OUTPOST-v4] epoch 164: test-all ROC 0.5574 PR 0.2189 | unseen ROC 0.4651 PR 0.1136 | valAUC 0.8049 | tau+ 0.500
[OUTPOST-v4] epoch 165: test-all ROC 0.5572 PR 0.2195 | unseen ROC 0.4650 PR 0.1136 | valAUC 0.8060 | tau+ 0.500
[OUTPOST-v4] epoch 166: test-all ROC 0.5577 PR 0.2196 | unseen ROC 0.4656 PR 0.1138 | valAUC 0.8078 | tau+ 0.500
[OUTPOST-v4] epoch 167: test-all ROC 0.5577 PR 0.2194 | unseen ROC 0.4663 PR 0.1140 | valAUC 0.8024 | tau+ 0.500
[OUTPOST-v4] epoch 168: test-all ROC 0.5581 PR 0.2198 | unseen ROC 0.4669 PR 0.1141 | valAUC 0.7970 | tau+ 0.500
[OUTPOST-v4] epoch 169: test-all ROC 0.5581 PR 0.2198 | unseen ROC 0.4673 PR 0.1143 | valAUC 0.7988 | tau+ 0.500
[OUTPOST-v4] epoch 170: test-all ROC 0.5577 PR 0.2198 | unseen ROC 0.4672 PR 0.1143 | valAUC 0.7949 | tau+ 0.500
[OUTPOST-v4] epoch 171: test-all ROC 0.5581 PR 0.2192 | unseen ROC 0.4685 PR 0.1145 | valAUC 0.7924 | tau+ 0.500
[OUTPOST-v4] epoch 172: test-all ROC 0.5582 PR 0.2200 | unseen ROC 0.4685 PR 0.1146 | valAUC 0.7919 | tau+ 0.500
[OUTPOST-v4] epoch 173: test-all ROC 0.5587 PR 0.2205 | unseen ROC 0.4690 PR 0.1148 | valAUC 0.7940 | tau+ 0.500
[OUTPOST-v4] epoch 174: test-all ROC 0.5583 PR 0.2203 | unseen ROC 0.4687 PR 0.1147 | valAUC 0.7942 | tau+ 0.500
[OUTPOST-v4] epoch 175: test-all ROC 0.5579 PR 0.2200 | unseen ROC 0.4685 PR 0.1147 | valAUC 0.7953 | tau+ 0.500
[OUTPOST-v4] epoch 176: test-all ROC 0.5570 PR 0.2191 | unseen ROC 0.4681 PR 0.1145 | valAUC 0.7923 | tau+ 0.500
[OUTPOST-v4] epoch 177: test-all ROC 0.5571 PR 0.2199 | unseen ROC 0.4677 PR 0.1144 | valAUC 0.7895 | tau+ 0.500
[OUTPOST-v4] epoch 178: test-all ROC 0.5574 PR 0.2198 | unseen ROC 0.4679 PR 0.1146 | valAUC 0.7904 | tau+ 0.500
[OUTPOST-v4] epoch 179: test-all ROC 0.5571 PR 0.2203 | unseen ROC 0.4677 PR 0.1145 | valAUC 0.7878 | tau+ 0.500
[OUTPOST-v4] epoch 180: test-all ROC 0.5573 PR 0.2199 | unseen ROC 0.4677 PR 0.1145 | valAUC 0.7945 | tau+ 0.500
[OUTPOST-v4] epoch 181: test-all ROC 0.5578 PR 0.2205 | unseen ROC 0.4689 PR 0.1149 | valAUC 0.7914 | tau+ 0.500
[OUTPOST-v4] epoch 182: test-all ROC 0.5581 PR 0.2205 | unseen ROC 0.4689 PR 0.1149 | valAUC 0.7929 | tau+ 0.500
[OUTPOST-v4] epoch 183: test-all ROC 0.5584 PR 0.2209 | unseen ROC 0.4689 PR 0.1151 | valAUC 0.7974 | tau+ 0.500
[OUTPOST-v4] epoch 184: test-all ROC 0.5591 PR 0.2215 | unseen ROC 0.4698 PR 0.1152 | valAUC 0.7966 | tau+ 0.500
[OUTPOST-v4] epoch 185: test-all ROC 0.5589 PR 0.2216 | unseen ROC 0.4697 PR 0.1153 | valAUC 0.7946 | tau+ 0.500
[OUTPOST-v4] epoch 186: test-all ROC 0.5592 PR 0.2220 | unseen ROC 0.4699 PR 0.1154 | valAUC 0.7966 | tau+ 0.500
[OUTPOST-v4] epoch 187: test-all ROC 0.5586 PR 0.2213 | unseen ROC 0.4694 PR 0.1153 | valAUC 0.7952 | tau+ 0.500
[OUTPOST-v4] epoch 188: test-all ROC 0.5595 PR 0.2220 | unseen ROC 0.4707 PR 0.1157 | valAUC 0.7973 | tau+ 0.500
[OUTPOST-v4] epoch 189: test-all ROC 0.5600 PR 0.2224 | unseen ROC 0.4714 PR 0.1158 | valAUC 0.7963 | tau+ 0.500
[OUTPOST-v4] epoch 190: test-all ROC 0.5598 PR 0.2224 | unseen ROC 0.4714 PR 0.1159 | valAUC 0.7957 | tau+ 0.500
[OUTPOST-v4] epoch 191: test-all ROC 0.5591 PR 0.2219 | unseen ROC 0.4710 PR 0.1158 | valAUC 0.7939 | tau+ 0.500
[OUTPOST-v4] epoch 192: test-all ROC 0.5599 PR 0.2222 | unseen ROC 0.4721 PR 0.1160 | valAUC 0.7951 | tau+ 0.500
[OUTPOST-v4] epoch 193: test-all ROC 0.5592 PR 0.2221 | unseen ROC 0.4714 PR 0.1160 | valAUC 0.7931 | tau+ 0.500
[OUTPOST-v4] epoch 194: test-all ROC 0.5594 PR 0.2224 | unseen ROC 0.4720 PR 0.1162 | valAUC 0.7929 | tau+ 0.500
[OUTPOST-v4] epoch 195: test-all ROC 0.5593 PR 0.2217 | unseen ROC 0.4726 PR 0.1161 | valAUC 0.7912 | tau+ 0.500
[OUTPOST-v4] epoch 196: test-all ROC 0.5601 PR 0.2224 | unseen ROC 0.4738 PR 0.1165 | valAUC 0.7894 | tau+ 0.500
[OUTPOST-v4] epoch 197: test-all ROC 0.5607 PR 0.2224 | unseen ROC 0.4748 PR 0.1168 | valAUC 0.7881 | tau+ 0.500
[OUTPOST-v4] epoch 198: test-all ROC 0.5613 PR 0.2225 | unseen ROC 0.4760 PR 0.1170 | valAUC 0.7913 | tau+ 0.500
[OUTPOST-v4] epoch 199: test-all ROC 0.5608 PR 0.2224 | unseen ROC 0.4754 PR 0.1168 | valAUC 0.7780 | tau+ 0.500
[OUTPOST-v4] epoch 200: test-all ROC 0.5611 PR 0.2222 | unseen ROC 0.4763 PR 0.1170 | valAUC 0.7827 | tau+ 0.500
[OUTPOST-v4] epoch 201: test-all ROC 0.5609 PR 0.2224 | unseen ROC 0.4763 PR 0.1170 | valAUC 0.7873 | tau+ 0.500
[OUTPOST-v4] epoch 202: test-all ROC 0.5605 PR 0.2220 | unseen ROC 0.4761 PR 0.1171 | valAUC 0.7774 | tau+ 0.500
[OUTPOST-v4] epoch 203: test-all ROC 0.5608 PR 0.2227 | unseen ROC 0.4761 PR 0.1171 | valAUC 0.7800 | tau+ 0.500
[OUTPOST-v4] epoch 204: test-all ROC 0.5599 PR 0.2222 | unseen ROC 0.4755 PR 0.1169 | valAUC 0.7828 | tau+ 0.500
[OUTPOST-v4] epoch 205: test-all ROC 0.5599 PR 0.2224 | unseen ROC 0.4753 PR 0.1168 | valAUC 0.7776 | tau+ 0.500
[OUTPOST-v4] epoch 206: test-all ROC 0.5600 PR 0.2221 | unseen ROC 0.4757 PR 0.1170 | valAUC 0.7733 | tau+ 0.500
[OUTPOST-v4] epoch 207: test-all ROC 0.5596 PR 0.2218 | unseen ROC 0.4754 PR 0.1169 | valAUC 0.7706 | tau+ 0.500
[OUTPOST-v4] epoch 208: test-all ROC 0.5600 PR 0.2222 | unseen ROC 0.4758 PR 0.1171 | valAUC 0.7791 | tau+ 0.500
[OUTPOST-v4] epoch 209: test-all ROC 0.5595 PR 0.2223 | unseen ROC 0.4753 PR 0.1170 | valAUC 0.7778 | tau+ 0.500
[OUTPOST-v4] epoch 210: test-all ROC 0.5600 PR 0.2225 | unseen ROC 0.4761 PR 0.1172 | valAUC 0.7714 | tau+ 0.500
[OUTPOST-v4] epoch 211: test-all ROC 0.5598 PR 0.2224 | unseen ROC 0.4762 PR 0.1172 | valAUC 0.7730 | tau+ 0.500
[OUTPOST-v4] epoch 212: test-all ROC 0.5602 PR 0.2225 | unseen ROC 0.4769 PR 0.1175 | valAUC 0.7725 | tau+ 0.500
[OUTPOST-v4] epoch 213: test-all ROC 0.5606 PR 0.2221 | unseen ROC 0.4781 PR 0.1177 | valAUC 0.7657 | tau+ 0.500
[OUTPOST-v4] epoch 214: test-all ROC 0.5610 PR 0.2229 | unseen ROC 0.4789 PR 0.1180 | valAUC 0.7668 | tau+ 0.500
[OUTPOST-v4] epoch 215: test-all ROC 0.5610 PR 0.2223 | unseen ROC 0.4795 PR 0.1182 | valAUC 0.7696 | tau+ 0.500
[OUTPOST-v4] epoch 216: test-all ROC 0.5615 PR 0.2231 | unseen ROC 0.4801 PR 0.1185 | valAUC 0.7718 | tau+ 0.500
[OUTPOST-v4] epoch 217: test-all ROC 0.5619 PR 0.2234 | unseen ROC 0.4810 PR 0.1188 | valAUC 0.7698 | tau+ 0.500
[OUTPOST-v4] epoch 218: test-all ROC 0.5616 PR 0.2226 | unseen ROC 0.4811 PR 0.1186 | valAUC 0.7638 | tau+ 0.500
[OUTPOST-v4] epoch 219: test-all ROC 0.5622 PR 0.2236 | unseen ROC 0.4818 PR 0.1189 | valAUC 0.7682 | tau+ 0.500
[OUTPOST-v4] epoch 220: test-all ROC 0.5626 PR 0.2242 | unseen ROC 0.4826 PR 0.1194 | valAUC 0.7706 | tau+ 0.500
[OUTPOST-v4] epoch 221: test-all ROC 0.5628 PR 0.2243 | unseen ROC 0.4831 PR 0.1197 | valAUC 0.7665 | tau+ 0.500
[OUTPOST-v4] epoch 222: test-all ROC 0.5636 PR 0.2247 | unseen ROC 0.4841 PR 0.1198 | valAUC 0.7661 | tau+ 0.500
[OUTPOST-v4] epoch 223: test-all ROC 0.5635 PR 0.2242 | unseen ROC 0.4843 PR 0.1198 | valAUC 0.7655 | tau+ 0.500
[OUTPOST-v4] epoch 224: test-all ROC 0.5641 PR 0.2252 | unseen ROC 0.4849 PR 0.1201 | valAUC 0.7719 | tau+ 0.500
[OUTPOST-v4] epoch 225: test-all ROC 0.5638 PR 0.2251 | unseen ROC 0.4850 PR 0.1203 | valAUC 0.7719 | tau+ 0.500
[OUTPOST-v4] epoch 226: test-all ROC 0.5642 PR 0.2253 | unseen ROC 0.4849 PR 0.1202 | valAUC 0.7720 | tau+ 0.500
[OUTPOST-v4] epoch 227: test-all ROC 0.5638 PR 0.2242 | unseen ROC 0.4851 PR 0.1201 | valAUC 0.7612 | tau+ 0.500
[OUTPOST-v4] epoch 228: test-all ROC 0.5629 PR 0.2245 | unseen ROC 0.4841 PR 0.1198 | valAUC 0.7605 | tau+ 0.500
[OUTPOST-v4] epoch 229: test-all ROC 0.5633 PR 0.2242 | unseen ROC 0.4842 PR 0.1198 | valAUC 0.7688 | tau+ 0.500
[OUTPOST-v4] epoch 230: test-all ROC 0.5631 PR 0.2246 | unseen ROC 0.4840 PR 0.1201 | valAUC 0.7690 | tau+ 0.500
[OUTPOST-v4] epoch 231: test-all ROC 0.5623 PR 0.2239 | unseen ROC 0.4834 PR 0.1197 | valAUC 0.7619 | tau+ 0.500
[OUTPOST-v4] epoch 232: test-all ROC 0.5627 PR 0.2239 | unseen ROC 0.4840 PR 0.1197 | valAUC 0.7607 | tau+ 0.500
[OUTPOST-v4] epoch 233: test-all ROC 0.5623 PR 0.2241 | unseen ROC 0.4833 PR 0.1198 | valAUC 0.7682 | tau+ 0.500
[OUTPOST-v4] epoch 234: test-all ROC 0.5627 PR 0.2251 | unseen ROC 0.4837 PR 0.1202 | valAUC 0.7695 | tau+ 0.500
[OUTPOST-v4] epoch 235: test-all ROC 0.5632 PR 0.2255 | unseen ROC 0.4847 PR 0.1205 | valAUC 0.7625 | tau+ 0.500
[OUTPOST-v4] epoch 236: test-all ROC 0.5641 PR 0.2247 | unseen ROC 0.4861 PR 0.1205 | valAUC 0.7545 | tau+ 0.500
[OUTPOST-v4] epoch 237: test-all ROC 0.5645 PR 0.2257 | unseen ROC 0.4867 PR 0.1207 | valAUC 0.7536 | tau+ 0.500
[OUTPOST-v4] epoch 238: test-all ROC 0.5654 PR 0.2263 | unseen ROC 0.4885 PR 0.1214 | valAUC 0.7626 | tau+ 0.500
[OUTPOST-v4] epoch 239: test-all ROC 0.5661 PR 0.2263 | unseen ROC 0.4893 PR 0.1218 | valAUC 0.7628 | tau+ 0.500
[OUTPOST-v4] epoch 240: test-all ROC 0.5670 PR 0.2271 | unseen ROC 0.4906 PR 0.1224 | valAUC 0.7603 | tau+ 0.500
[OUTPOST-v4] epoch 241: test-all ROC 0.5662 PR 0.2265 | unseen ROC 0.4897 PR 0.1218 | valAUC 0.7586 | tau+ 0.500
[OUTPOST-v4] epoch 242: test-all ROC 0.5652 PR 0.2255 | unseen ROC 0.4881 PR 0.1210 | valAUC 0.7605 | tau+ 0.500
[OUTPOST-v4] epoch 243: test-all ROC 0.5650 PR 0.2260 | unseen ROC 0.4881 PR 0.1212 | valAUC 0.7573 | tau+ 0.500
[OUTPOST-v4] epoch 244: test-all ROC 0.5650 PR 0.2261 | unseen ROC 0.4877 PR 0.1214 | valAUC 0.7596 | tau+ 0.500
[OUTPOST-v4] epoch 245: test-all ROC 0.5646 PR 0.2262 | unseen ROC 0.4874 PR 0.1212 | valAUC 0.7637 | tau+ 0.500
[OUTPOST-v4] epoch 246: test-all ROC 0.5649 PR 0.2258 | unseen ROC 0.4876 PR 0.1211 | valAUC 0.7661 | tau+ 0.500
[OUTPOST-v4] epoch 247: test-all ROC 0.5645 PR 0.2253 | unseen ROC 0.4873 PR 0.1210 | valAUC 0.7635 | tau+ 0.500
[OUTPOST-v4] epoch 248: test-all ROC 0.5648 PR 0.2256 | unseen ROC 0.4879 PR 0.1213 | valAUC 0.7637 | tau+ 0.500
[OUTPOST-v4] epoch 249: test-all ROC 0.5650 PR 0.2264 | unseen ROC 0.4885 PR 0.1217 | valAUC 0.7520 | tau+ 0.500
[OUTPOST-v4] epoch 250: test-all ROC 0.5661 PR 0.2274 | unseen ROC 0.4899 PR 0.1222 | valAUC 0.7535 | tau+ 0.500
[OUTPOST-v4] epoch 251: test-all ROC 0.5661 PR 0.2272 | unseen ROC 0.4902 PR 0.1222 | valAUC 0.7492 | tau+ 0.500
[OUTPOST-v4] epoch 252: test-all ROC 0.5657 PR 0.2269 | unseen ROC 0.4902 PR 0.1223 | valAUC 0.7592 | tau+ 0.500
[OUTPOST-v4] epoch 253: test-all ROC 0.5654 PR 0.2267 | unseen ROC 0.4897 PR 0.1221 | valAUC 0.7452 | tau+ 0.500
[OUTPOST-v4] epoch 254: test-all ROC 0.5644 PR 0.2266 | unseen ROC 0.4890 PR 0.1220 | valAUC 0.7522 | tau+ 0.500
[OUTPOST-v4] epoch 255: test-all ROC 0.5646 PR 0.2263 | unseen ROC 0.4897 PR 0.1223 | valAUC 0.7481 | tau+ 0.500
[OUTPOST-v4] epoch 256: test-all ROC 0.5641 PR 0.2269 | unseen ROC 0.4892 PR 0.1223 | valAUC 0.7455 | tau+ 0.500
[OUTPOST-v4] epoch 257: test-all ROC 0.5638 PR 0.2266 | unseen ROC 0.4889 PR 0.1224 | valAUC 0.7453 | tau+ 0.500
[OUTPOST-v4] epoch 258: test-all ROC 0.5634 PR 0.2261 | unseen ROC 0.4888 PR 0.1222 | valAUC 0.7498 | tau+ 0.500
[OUTPOST-v4] epoch 259: test-all ROC 0.5635 PR 0.2261 | unseen ROC 0.4887 PR 0.1221 | valAUC 0.7292 | tau+ 0.500
[OUTPOST-v4] epoch 260: test-all ROC 0.5632 PR 0.2260 | unseen ROC 0.4885 PR 0.1222 | valAUC 0.7445 | tau+ 0.500
[OUTPOST-v4] epoch 261: test-all ROC 0.5631 PR 0.2259 | unseen ROC 0.4886 PR 0.1223 | valAUC 0.7338 | tau+ 0.500
[OUTPOST-v4] epoch 262: test-all ROC 0.5630 PR 0.2262 | unseen ROC 0.4881 PR 0.1221 | valAUC 0.7516 | tau+ 0.500
[OUTPOST-v4] epoch 263: test-all ROC 0.5628 PR 0.2255 | unseen ROC 0.4875 PR 0.1218 | valAUC 0.7515 | tau+ 0.500
[OUTPOST-v4] epoch 264: test-all ROC 0.5619 PR 0.2257 | unseen ROC 0.4861 PR 0.1215 | valAUC 0.7478 | tau+ 0.500
[OUTPOST-v4] epoch 265: test-all ROC 0.5623 PR 0.2260 | unseen ROC 0.4866 PR 0.1216 | valAUC 0.7582 | tau+ 0.500
[OUTPOST-v4] epoch 266: test-all ROC 0.5620 PR 0.2259 | unseen ROC 0.4866 PR 0.1218 | valAUC 0.7501 | tau+ 0.500
[OUTPOST-v4] epoch 267: test-all ROC 0.5617 PR 0.2254 | unseen ROC 0.4854 PR 0.1214 | valAUC 0.7491 | tau+ 0.500
[OUTPOST-v4] epoch 268: test-all ROC 0.5608 PR 0.2248 | unseen ROC 0.4847 PR 0.1211 | valAUC 0.7439 | tau+ 0.500
[OUTPOST-v4] epoch 269: test-all ROC 0.5603 PR 0.2250 | unseen ROC 0.4839 PR 0.1208 | valAUC 0.7434 | tau+ 0.500
[OUTPOST-v4] epoch 270: test-all ROC 0.5597 PR 0.2248 | unseen ROC 0.4832 PR 0.1207 | valAUC 0.7425 | tau+ 0.500
[OUTPOST-v4] epoch 271: test-all ROC 0.5595 PR 0.2246 | unseen ROC 0.4830 PR 0.1207 | valAUC 0.7362 | tau+ 0.500
[OUTPOST-v4] epoch 272: test-all ROC 0.5591 PR 0.2250 | unseen ROC 0.4825 PR 0.1208 | valAUC 0.7478 | tau+ 0.500
[OUTPOST-v4] epoch 273: test-all ROC 0.5599 PR 0.2250 | unseen ROC 0.4834 PR 0.1207 | valAUC 0.7411 | tau+ 0.500
[OUTPOST-v4] epoch 274: test-all ROC 0.5588 PR 0.2250 | unseen ROC 0.4822 PR 0.1205 | valAUC 0.7333 | tau+ 0.500
[OUTPOST-v4] epoch 275: test-all ROC 0.5592 PR 0.2247 | unseen ROC 0.4829 PR 0.1206 | valAUC 0.7373 | tau+ 0.500
[OUTPOST-v4] epoch 276: test-all ROC 0.5593 PR 0.2253 | unseen ROC 0.4835 PR 0.1209 | valAUC 0.7346 | tau+ 0.500
[OUTPOST-v4] epoch 277: test-all ROC 0.5582 PR 0.2242 | unseen ROC 0.4821 PR 0.1204 | valAUC 0.7420 | tau+ 0.500
[OUTPOST-v4] epoch 278: test-all ROC 0.5589 PR 0.2246 | unseen ROC 0.4835 PR 0.1208 | valAUC 0.7281 | tau+ 0.500
[OUTPOST-v4] epoch 279: test-all ROC 0.5590 PR 0.2244 | unseen ROC 0.4838 PR 0.1208 | valAUC 0.7336 | tau+ 0.500
[OUTPOST-v4] epoch 280: test-all ROC 0.5578 PR 0.2234 | unseen ROC 0.4828 PR 0.1206 | valAUC 0.7367 | tau+ 0.500
[OUTPOST-v4] epoch 281: test-all ROC 0.5576 PR 0.2238 | unseen ROC 0.4822 PR 0.1203 | valAUC 0.7335 | tau+ 0.500
[OUTPOST-v4] epoch 282: test-all ROC 0.5575 PR 0.2234 | unseen ROC 0.4822 PR 0.1204 | valAUC 0.7280 | tau+ 0.500
[OUTPOST-v4] epoch 283: test-all ROC 0.5573 PR 0.2234 | unseen ROC 0.4820 PR 0.1202 | valAUC 0.7299 | tau+ 0.500
[OUTPOST-v4] epoch 284: test-all ROC 0.5572 PR 0.2232 | unseen ROC 0.4820 PR 0.1203 | valAUC 0.7280 | tau+ 0.500
[OUTPOST-v4] epoch 285: test-all ROC 0.5576 PR 0.2235 | unseen ROC 0.4822 PR 0.1205 | valAUC 0.7368 | tau+ 0.500
[OUTPOST-v4] epoch 286: test-all ROC 0.5573 PR 0.2241 | unseen ROC 0.4819 PR 0.1205 | valAUC 0.7314 | tau+ 0.500
[OUTPOST-v4] epoch 287: test-all ROC 0.5575 PR 0.2234 | unseen ROC 0.4823 PR 0.1204 | valAUC 0.7359 | tau+ 0.500
[OUTPOST-v4] epoch 288: test-all ROC 0.5578 PR 0.2239 | unseen ROC 0.4824 PR 0.1204 | valAUC 0.7339 | tau+ 0.500
[OUTPOST-v4] epoch 289: test-all ROC 0.5576 PR 0.2239 | unseen ROC 0.4823 PR 0.1205 | valAUC 0.7206 | tau+ 0.500
[OUTPOST-v4] epoch 290: test-all ROC 0.5572 PR 0.2236 | unseen ROC 0.4821 PR 0.1205 | valAUC 0.7284 | tau+ 0.500
[OUTPOST-v4] epoch 291: test-all ROC 0.5576 PR 0.2238 | unseen ROC 0.4818 PR 0.1204 | valAUC 0.7436 | tau+ 0.500
[OUTPOST-v4] epoch 292: test-all ROC 0.5572 PR 0.2239 | unseen ROC 0.4816 PR 0.1205 | valAUC 0.7318 | tau+ 0.500
[OUTPOST-v4] epoch 293: test-all ROC 0.5570 PR 0.2237 | unseen ROC 0.4814 PR 0.1204 | valAUC 0.7325 | tau+ 0.500
[OUTPOST-v4] epoch 294: test-all ROC 0.5569 PR 0.2229 | unseen ROC 0.4813 PR 0.1201 | valAUC 0.7306 | tau+ 0.500
[OUTPOST-v4] epoch 295: test-all ROC 0.5560 PR 0.2231 | unseen ROC 0.4801 PR 0.1200 | valAUC 0.7304 | tau+ 0.500
[OUTPOST-v4] epoch 296: test-all ROC 0.5556 PR 0.2226 | unseen ROC 0.4798 PR 0.1199 | valAUC 0.7289 | tau+ 0.500
[OUTPOST-v4] epoch 297: test-all ROC 0.5551 PR 0.2222 | unseen ROC 0.4794 PR 0.1198 | valAUC 0.7239 | tau+ 0.500
[OUTPOST-v4] epoch 298: test-all ROC 0.5559 PR 0.2227 | unseen ROC 0.4798 PR 0.1197 | valAUC 0.7155 | tau+ 0.500
[OUTPOST-v4] epoch 299: test-all ROC 0.5557 PR 0.2217 | unseen ROC 0.4801 PR 0.1197 | valAUC 0.7289 | tau+ 0.500
[OUTPOST-v4] epoch 300: test-all ROC 0.5550 PR 0.2221 | unseen ROC 0.4794 PR 0.1196 | valAUC 0.7255 | tau+ 0.500
[OUTPOST-v4] epoch 301: test-all ROC 0.5552 PR 0.2216 | unseen ROC 0.4797 PR 0.1198 | valAUC 0.7192 | tau+ 0.500
[OUTPOST-v4] epoch 302: test-all ROC 0.5555 PR 0.2222 | unseen ROC 0.4802 PR 0.1200 | valAUC 0.7148 | tau+ 0.500
[OUTPOST-v4] epoch 303: test-all ROC 0.5552 PR 0.2217 | unseen ROC 0.4801 PR 0.1198 | valAUC 0.7250 | tau+ 0.500
[OUTPOST-v4] epoch 304: test-all ROC 0.5567 PR 0.2230 | unseen ROC 0.4817 PR 0.1202 | valAUC 0.7234 | tau+ 0.500
[OUTPOST-v4] epoch 305: test-all ROC 0.5569 PR 0.2234 | unseen ROC 0.4814 PR 0.1203 | valAUC 0.7192 | tau+ 0.500
[OUTPOST-v4] epoch 306: test-all ROC 0.5570 PR 0.2234 | unseen ROC 0.4815 PR 0.1204 | valAUC 0.7288 | tau+ 0.500
[OUTPOST-v4] epoch 307: test-all ROC 0.5568 PR 0.2237 | unseen ROC 0.4816 PR 0.1205 | valAUC 0.7169 | tau+ 0.500
[OUTPOST-v4] epoch 308: test-all ROC 0.5568 PR 0.2235 | unseen ROC 0.4816 PR 0.1207 | valAUC 0.7317 | tau+ 0.500
[OUTPOST-v4] epoch 309: test-all ROC 0.5569 PR 0.2236 | unseen ROC 0.4814 PR 0.1206 | valAUC 0.7309 | tau+ 0.500
[OUTPOST-v4] epoch 310: test-all ROC 0.5565 PR 0.2229 | unseen ROC 0.4814 PR 0.1204 | valAUC 0.7250 | tau+ 0.500
[OUTPOST-v4] epoch 311: test-all ROC 0.5568 PR 0.2228 | unseen ROC 0.4820 PR 0.1206 | valAUC 0.7204 | tau+ 0.500
[OUTPOST-v4] epoch 312: test-all ROC 0.5559 PR 0.2233 | unseen ROC 0.4811 PR 0.1206 | valAUC 0.7279 | tau+ 0.500
[OUTPOST-v4] epoch 313: test-all ROC 0.5565 PR 0.2234 | unseen ROC 0.4820 PR 0.1208 | valAUC 0.7340 | tau+ 0.500
[OUTPOST-v4] epoch 314: test-all ROC 0.5563 PR 0.2230 | unseen ROC 0.4818 PR 0.1207 | valAUC 0.7060 | tau+ 0.500
[OUTPOST-v4] epoch 315: test-all ROC 0.5567 PR 0.2230 | unseen ROC 0.4818 PR 0.1206 | valAUC 0.7218 | tau+ 0.500
[OUTPOST-v4] epoch 316: test-all ROC 0.5559 PR 0.2236 | unseen ROC 0.4810 PR 0.1207 | valAUC 0.7217 | tau+ 0.500
[OUTPOST-v4] epoch 317: test-all ROC 0.5565 PR 0.2236 | unseen ROC 0.4816 PR 0.1206 | valAUC 0.7270 | tau+ 0.500
[OUTPOST-v4] epoch 318: test-all ROC 0.5568 PR 0.2239 | unseen ROC 0.4816 PR 0.1208 | valAUC 0.7212 | tau+ 0.500
[OUTPOST-v4] epoch 319: test-all ROC 0.5572 PR 0.2238 | unseen ROC 0.4825 PR 0.1209 | valAUC 0.7274 | tau+ 0.500
[OUTPOST-v4] epoch 320: test-all ROC 0.5570 PR 0.2231 | unseen ROC 0.4823 PR 0.1208 | valAUC 0.7253 | tau+ 0.500
[OUTPOST-v4] epoch 321: test-all ROC 0.5573 PR 0.2234 | unseen ROC 0.4826 PR 0.1208 | valAUC 0.7232 | tau+ 0.500
[OUTPOST-v4] epoch 322: test-all ROC 0.5563 PR 0.2230 | unseen ROC 0.4810 PR 0.1203 | valAUC 0.7190 | tau+ 0.500
[OUTPOST-v4] epoch 323: test-all ROC 0.5555 PR 0.2229 | unseen ROC 0.4797 PR 0.1200 | valAUC 0.7215 | tau+ 0.500
[OUTPOST-v4] epoch 324: test-all ROC 0.5552 PR 0.2233 | unseen ROC 0.4793 PR 0.1200 | valAUC 0.7192 | tau+ 0.500
[OUTPOST-v4] epoch 325: test-all ROC 0.5546 PR 0.2230 | unseen ROC 0.4782 PR 0.1198 | valAUC 0.7128 | tau+ 0.500
[OUTPOST-v4] epoch 326: test-all ROC 0.5544 PR 0.2230 | unseen ROC 0.4782 PR 0.1197 | valAUC 0.7200 | tau+ 0.500
[OUTPOST-v4] epoch 327: test-all ROC 0.5544 PR 0.2227 | unseen ROC 0.4784 PR 0.1198 | valAUC 0.7199 | tau+ 0.500
[OUTPOST-v4] epoch 328: test-all ROC 0.5537 PR 0.2223 | unseen ROC 0.4778 PR 0.1197 | valAUC 0.7273 | tau+ 0.500
[OUTPOST-v4] epoch 329: test-all ROC 0.5544 PR 0.2231 | unseen ROC 0.4785 PR 0.1201 | valAUC 0.7269 | tau+ 0.500
[OUTPOST-v4] epoch 330: test-all ROC 0.5546 PR 0.2237 | unseen ROC 0.4782 PR 0.1198 | valAUC 0.7287 | tau+ 0.500
[OUTPOST-v4] epoch 331: test-all ROC 0.5545 PR 0.2232 | unseen ROC 0.4779 PR 0.1196 | valAUC 0.7218 | tau+ 0.500
[OUTPOST-v4] epoch 332: test-all ROC 0.5553 PR 0.2235 | unseen ROC 0.4790 PR 0.1201 | valAUC 0.7121 | tau+ 0.500
[OUTPOST-v4] epoch 333: test-all ROC 0.5541 PR 0.2231 | unseen ROC 0.4774 PR 0.1197 | valAUC 0.7268 | tau+ 0.500
[OUTPOST-v4] epoch 334: test-all ROC 0.5544 PR 0.2239 | unseen ROC 0.4778 PR 0.1198 | valAUC 0.7112 | tau+ 0.500
[OUTPOST-v4] epoch 335: test-all ROC 0.5540 PR 0.2232 | unseen ROC 0.4772 PR 0.1195 | valAUC 0.7182 | tau+ 0.500
[OUTPOST-v4] epoch 336: test-all ROC 0.5542 PR 0.2231 | unseen ROC 0.4770 PR 0.1194 | valAUC 0.7232 | tau+ 0.500
[OUTPOST-v4] epoch 337: test-all ROC 0.5539 PR 0.2230 | unseen ROC 0.4771 PR 0.1195 | valAUC 0.7207 | tau+ 0.500
[OUTPOST-v4] epoch 338: test-all ROC 0.5534 PR 0.2224 | unseen ROC 0.4769 PR 0.1195 | valAUC 0.7269 | tau+ 0.500
[OUTPOST-v4] epoch 339: test-all ROC 0.5531 PR 0.2220 | unseen ROC 0.4768 PR 0.1195 | valAUC 0.7259 | tau+ 0.500
[OUTPOST-v4] epoch 340: test-all ROC 0.5539 PR 0.2223 | unseen ROC 0.4774 PR 0.1194 | valAUC 0.7154 | tau+ 0.500
[OUTPOST-v4] epoch 341: test-all ROC 0.5541 PR 0.2228 | unseen ROC 0.4770 PR 0.1191 | valAUC 0.7218 | tau+ 0.500
[OUTPOST-v4] epoch 342: test-all ROC 0.5550 PR 0.2230 | unseen ROC 0.4783 PR 0.1194 | valAUC 0.7257 | tau+ 0.500
[OUTPOST-v4] epoch 343: test-all ROC 0.5535 PR 0.2226 | unseen ROC 0.4763 PR 0.1193 | valAUC 0.7238 | tau+ 0.500
[OUTPOST-v4] epoch 344: test-all ROC 0.5539 PR 0.2225 | unseen ROC 0.4762 PR 0.1191 | valAUC 0.7250 | tau+ 0.500
[OUTPOST-v4] epoch 345: test-all ROC 0.5532 PR 0.2221 | unseen ROC 0.4753 PR 0.1187 | valAUC 0.7192 | tau+ 0.500
[OUTPOST-v4] epoch 346: test-all ROC 0.5536 PR 0.2217 | unseen ROC 0.4758 PR 0.1188 | valAUC 0.7180 | tau+ 0.500
[OUTPOST-v4] epoch 347: test-all ROC 0.5520 PR 0.2212 | unseen ROC 0.4741 PR 0.1183 | valAUC 0.7223 | tau+ 0.500
[OUTPOST-v4] epoch 348: test-all ROC 0.5520 PR 0.2210 | unseen ROC 0.4740 PR 0.1183 | valAUC 0.7188 | tau+ 0.500
[OUTPOST-v4] epoch 349: test-all ROC 0.5516 PR 0.2209 | unseen ROC 0.4737 PR 0.1184 | valAUC 0.7214 | tau+ 0.500
[OUTPOST-v4] epoch 350: test-all ROC 0.5515 PR 0.2207 | unseen ROC 0.4740 PR 0.1184 | valAUC 0.7334 | tau+ 0.500
[OUTPOST-v4] epoch 351: test-all ROC 0.5519 PR 0.2215 | unseen ROC 0.4741 PR 0.1185 | valAUC 0.7259 | tau+ 0.500
[OUTPOST-v4] epoch 352: test-all ROC 0.5523 PR 0.2213 | unseen ROC 0.4748 PR 0.1186 | valAUC 0.7227 | tau+ 0.500
[OUTPOST-v4] epoch 353: test-all ROC 0.5523 PR 0.2217 | unseen ROC 0.4751 PR 0.1188 | valAUC 0.7240 | tau+ 0.500
[OUTPOST-v4] epoch 354: test-all ROC 0.5530 PR 0.2226 | unseen ROC 0.4757 PR 0.1191 | valAUC 0.7247 | tau+ 0.500
[OUTPOST-v4] epoch 355: test-all ROC 0.5527 PR 0.2221 | unseen ROC 0.4762 PR 0.1194 | valAUC 0.7056 | tau+ 0.500
[OUTPOST-v4] epoch 356: test-all ROC 0.5525 PR 0.2226 | unseen ROC 0.4762 PR 0.1195 | valAUC 0.7248 | tau+ 0.500
[OUTPOST-v4] epoch 357: test-all ROC 0.5536 PR 0.2227 | unseen ROC 0.4773 PR 0.1198 | valAUC 0.7155 | tau+ 0.500
[OUTPOST-v4] epoch 358: test-all ROC 0.5544 PR 0.2232 | unseen ROC 0.4784 PR 0.1199 | valAUC 0.7279 | tau+ 0.500
[OUTPOST-v4] epoch 359: test-all ROC 0.5550 PR 0.2230 | unseen ROC 0.4793 PR 0.1200 | valAUC 0.7182 | tau+ 0.500
[OUTPOST-v4] epoch 360: test-all ROC 0.5551 PR 0.2233 | unseen ROC 0.4793 PR 0.1201 | valAUC 0.7223 | tau+ 0.500
[OUTPOST-v4] epoch 361: test-all ROC 0.5545 PR 0.2232 | unseen ROC 0.4788 PR 0.1201 | valAUC 0.7257 | tau+ 0.500
[OUTPOST-v4] epoch 362: test-all ROC 0.5543 PR 0.2233 | unseen ROC 0.4777 PR 0.1198 | valAUC 0.7128 | tau+ 0.500
[OUTPOST-v4] epoch 363: test-all ROC 0.5539 PR 0.2227 | unseen ROC 0.4765 PR 0.1191 | valAUC 0.7204 | tau+ 0.500
[OUTPOST-v4] epoch 364: test-all ROC 0.5528 PR 0.2219 | unseen ROC 0.4748 PR 0.1185 | valAUC 0.7216 | tau+ 0.500
[OUTPOST-v4] epoch 365: test-all ROC 0.5522 PR 0.2216 | unseen ROC 0.4734 PR 0.1182 | valAUC 0.7205 | tau+ 0.500
[OUTPOST-v4] epoch 366: test-all ROC 0.5505 PR 0.2218 | unseen ROC 0.4708 PR 0.1177 | valAUC 0.7303 | tau+ 0.500
[OUTPOST-v4] epoch 367: test-all ROC 0.5499 PR 0.2208 | unseen ROC 0.4701 PR 0.1175 | valAUC 0.7245 | tau+ 0.500
[OUTPOST-v4] epoch 368: test-all ROC 0.5495 PR 0.2207 | unseen ROC 0.4693 PR 0.1172 | valAUC 0.7158 | tau+ 0.500
[OUTPOST-v4] epoch 369: test-all ROC 0.5505 PR 0.2213 | unseen ROC 0.4705 PR 0.1174 | valAUC 0.7279 | tau+ 0.500
[OUTPOST-v4] epoch 370: test-all ROC 0.5507 PR 0.2211 | unseen ROC 0.4710 PR 0.1173 | valAUC 0.7214 | tau+ 0.500
[OUTPOST-v4] epoch 371: test-all ROC 0.5504 PR 0.2207 | unseen ROC 0.4708 PR 0.1174 | valAUC 0.7246 | tau+ 0.500
[OUTPOST-v4] epoch 372: test-all ROC 0.5501 PR 0.2208 | unseen ROC 0.4707 PR 0.1174 | valAUC 0.7186 | tau+ 0.500
[OUTPOST-v4] epoch 373: test-all ROC 0.5508 PR 0.2217 | unseen ROC 0.4717 PR 0.1179 | valAUC 0.7225 | tau+ 0.500
[OUTPOST-v4] epoch 374: test-all ROC 0.5513 PR 0.2226 | unseen ROC 0.4725 PR 0.1183 | valAUC 0.7302 | tau+ 0.500
[OUTPOST-v4] epoch 375: test-all ROC 0.5523 PR 0.2222 | unseen ROC 0.4738 PR 0.1184 | valAUC 0.7209 | tau+ 0.500
[OUTPOST-v4] epoch 376: test-all ROC 0.5535 PR 0.2225 | unseen ROC 0.4754 PR 0.1187 | valAUC 0.7292 | tau+ 0.500
[OUTPOST-v4] epoch 377: test-all ROC 0.5544 PR 0.2232 | unseen ROC 0.4765 PR 0.1191 | valAUC 0.7211 | tau+ 0.500
[OUTPOST-v4] epoch 378: test-all ROC 0.5547 PR 0.2233 | unseen ROC 0.4771 PR 0.1193 | valAUC 0.7260 | tau+ 0.500
[OUTPOST-v4] epoch 379: test-all ROC 0.5549 PR 0.2233 | unseen ROC 0.4777 PR 0.1195 | valAUC 0.7217 | tau+ 0.500
[OUTPOST-v4] epoch 380: test-all ROC 0.5551 PR 0.2239 | unseen ROC 0.4780 PR 0.1199 | valAUC 0.7236 | tau+ 0.500
[OUTPOST-v4] epoch 381: test-all ROC 0.5550 PR 0.2237 | unseen ROC 0.4782 PR 0.1199 | valAUC 0.7275 | tau+ 0.500
[OUTPOST-v4] epoch 382: test-all ROC 0.5558 PR 0.2243 | unseen ROC 0.4783 PR 0.1198 | valAUC 0.7214 | tau+ 0.500
[OUTPOST-v4] epoch 383: test-all ROC 0.5555 PR 0.2240 | unseen ROC 0.4781 PR 0.1197 | valAUC 0.7114 | tau+ 0.500
[OUTPOST-v4] epoch 384: test-all ROC 0.5551 PR 0.2241 | unseen ROC 0.4776 PR 0.1197 | valAUC 0.7280 | tau+ 0.500
[OUTPOST-v4] epoch 385: test-all ROC 0.5547 PR 0.2238 | unseen ROC 0.4769 PR 0.1196 | valAUC 0.7297 | tau+ 0.500
[OUTPOST-v4] epoch 386: test-all ROC 0.5535 PR 0.2229 | unseen ROC 0.4758 PR 0.1191 | valAUC 0.7314 | tau+ 0.500
[OUTPOST-v4] epoch 387: test-all ROC 0.5542 PR 0.2232 | unseen ROC 0.4757 PR 0.1190 | valAUC 0.7302 | tau+ 0.500
[OUTPOST-v4] epoch 388: test-all ROC 0.5537 PR 0.2228 | unseen ROC 0.4752 PR 0.1188 | valAUC 0.7184 | tau+ 0.500
[OUTPOST-v4] epoch 389: test-all ROC 0.5525 PR 0.2224 | unseen ROC 0.4740 PR 0.1185 | valAUC 0.7181 | tau+ 0.500
[OUTPOST-v4] epoch 390: test-all ROC 0.5520 PR 0.2226 | unseen ROC 0.4734 PR 0.1185 | valAUC 0.7298 | tau+ 0.500
[OUTPOST-v4] epoch 391: test-all ROC 0.5525 PR 0.2221 | unseen ROC 0.4736 PR 0.1185 | valAUC 0.7182 | tau+ 0.500
[OUTPOST-v4] epoch 392: test-all ROC 0.5524 PR 0.2227 | unseen ROC 0.4732 PR 0.1185 | valAUC 0.7279 | tau+ 0.500
[OUTPOST-v4] epoch 393: test-all ROC 0.5528 PR 0.2232 | unseen ROC 0.4738 PR 0.1186 | valAUC 0.7167 | tau+ 0.500
[OUTPOST-v4] epoch 394: test-all ROC 0.5526 PR 0.2224 | unseen ROC 0.4735 PR 0.1184 | valAUC 0.7272 | tau+ 0.500
[OUTPOST-v4] epoch 395: test-all ROC 0.5532 PR 0.2231 | unseen ROC 0.4742 PR 0.1187 | valAUC 0.7303 | tau+ 0.500
[OUTPOST-v4] epoch 396: test-all ROC 0.5540 PR 0.2236 | unseen ROC 0.4749 PR 0.1188 | valAUC 0.7253 | tau+ 0.500
[OUTPOST-v4] epoch 397: test-all ROC 0.5540 PR 0.2239 | unseen ROC 0.4749 PR 0.1188 | valAUC 0.7330 | tau+ 0.500
[OUTPOST-v4] epoch 398: test-all ROC 0.5546 PR 0.2233 | unseen ROC 0.4760 PR 0.1191 | valAUC 0.7231 | tau+ 0.500
[OUTPOST-v4] epoch 399: test-all ROC 0.5547 PR 0.2241 | unseen ROC 0.4762 PR 0.1192 | valAUC 0.7298 | tau+ 0.500
  rotation 10: ROC 0.5670 PR 0.2274
[ogbn-arxiv] params 35137, peak GPU 1.84 GB, 35.1 min total
[ogbn-arxiv] ran 1/4 rotations; no results.csv row written. Merge the shards with:
    python analysis/scripts/merge_rotations.py
