# gpu=4 cmd=/usr/bin/python3 -u main.py --dataset cs --seed 3 --method outpost --tag E400_nogate --rotations 0 --set use_atlas_gate=false num_epochs=400
/nas/home/jahin/.local/lib/python3.10/site-packages/requests/__init__.py:113: RequestsDependencyWarning: urllib3 (1.26.5) or chardet (7.2.0)/charset_normalizer (3.4.4) doesn't match a supported version!
  warnings.warn(
[0.03861888 0.02520046 0.11182021 0.02340043 0.07603775 0.11962036
 0.02023673 0.05040092 0.0422735  0.00643648 0.07876507 0.11089293
 0.02290951 0.2256041  0.04778269]
[cs] anomaly classes (rotations): [np.int64(0), np.int64(1), np.int64(3), np.int64(6), np.int64(8), np.int64(9), np.int64(12), np.int64(14)]
[cs] running subset: [np.int64(0)]
Normal classes: [np.int64(2), np.int64(4), np.int64(5), np.int64(7), np.int64(10), np.int64(11), np.int64(13)] in cs
Building multi-layer GraphSage
[OUTPOST-v4] epoch 0: test-all ROC 0.7783 PR 0.5885 | unseen ROC 0.7481 PR 0.4716 | valAUC 0.9404 | tau+ 0.512
[OUTPOST-v4] epoch 1: test-all ROC 0.7734 PR 0.5866 | unseen ROC 0.7427 PR 0.4703 | valAUC 0.9383 | tau+ 0.500
[OUTPOST-v4] epoch 2: test-all ROC 0.7705 PR 0.5840 | unseen ROC 0.7386 PR 0.4630 | valAUC 0.9537 | tau+ 0.500
[OUTPOST-v4] epoch 3: test-all ROC 0.7711 PR 0.5852 | unseen ROC 0.7390 PR 0.4640 | valAUC 0.9303 | tau+ 0.500
[OUTPOST-v4] epoch 4: test-all ROC 0.7739 PR 0.5898 | unseen ROC 0.7420 PR 0.4700 | valAUC 0.9565 | tau+ 0.500
[OUTPOST-v4] epoch 5: test-all ROC 0.7762 PR 0.5954 | unseen ROC 0.7452 PR 0.4803 | valAUC 0.9397 | tau+ 0.500
[OUTPOST-v4] epoch 6: test-all ROC 0.7821 PR 0.6065 | unseen ROC 0.7513 PR 0.4953 | valAUC 0.9253 | tau+ 0.500
[OUTPOST-v4] epoch 7: test-all ROC 0.7874 PR 0.6153 | unseen ROC 0.7578 PR 0.5081 | valAUC 0.9390 | tau+ 0.500
[OUTPOST-v4] epoch 8: test-all ROC 0.7924 PR 0.6245 | unseen ROC 0.7628 PR 0.5189 | valAUC 0.9496 | tau+ 0.500
[OUTPOST-v4] epoch 9: test-all ROC 0.7999 PR 0.6337 | unseen ROC 0.7716 PR 0.5326 | valAUC 0.9409 | tau+ 0.500
[OUTPOST-v4] epoch 10: test-all ROC 0.8050 PR 0.6425 | unseen ROC 0.7773 PR 0.5428 | valAUC 0.9267 | tau+ 0.500
[OUTPOST-v4] epoch 11: test-all ROC 0.8098 PR 0.6500 | unseen ROC 0.7829 PR 0.5543 | valAUC 0.9598 | tau+ 0.500
[OUTPOST-v4] epoch 12: test-all ROC 0.8140 PR 0.6583 | unseen ROC 0.7876 PR 0.5626 | valAUC 0.9645 | tau+ 0.500
[OUTPOST-v4] epoch 13: test-all ROC 0.8216 PR 0.6669 | unseen ROC 0.7951 PR 0.5718 | valAUC 0.9440 | tau+ 0.500
[OUTPOST-v4] epoch 14: test-all ROC 0.8236 PR 0.6715 | unseen ROC 0.7985 PR 0.5775 | valAUC 0.9508 | tau+ 0.500
[OUTPOST-v4] epoch 15: test-all ROC 0.8297 PR 0.6803 | unseen ROC 0.8041 PR 0.5869 | valAUC 0.9381 | tau+ 0.500
[OUTPOST-v4] epoch 16: test-all ROC 0.8322 PR 0.6851 | unseen ROC 0.8075 PR 0.5937 | valAUC 0.9700 | tau+ 0.500
[OUTPOST-v4] epoch 17: test-all ROC 0.8374 PR 0.6934 | unseen ROC 0.8136 PR 0.6033 | valAUC 0.9539 | tau+ 0.500
[OUTPOST-v4] epoch 18: test-all ROC 0.8402 PR 0.6982 | unseen ROC 0.8163 PR 0.6100 | valAUC 0.9492 | tau+ 0.500
[OUTPOST-v4] epoch 19: test-all ROC 0.8461 PR 0.7081 | unseen ROC 0.8225 PR 0.6209 | valAUC 0.9650 | tau+ 0.500
[OUTPOST-v4] epoch 20: test-all ROC 0.8526 PR 0.7203 | unseen ROC 0.8299 PR 0.6358 | valAUC 0.9631 | tau+ 0.500
[OUTPOST-v4] epoch 21: test-all ROC 0.8562 PR 0.7255 | unseen ROC 0.8336 PR 0.6416 | valAUC 0.9558 | tau+ 0.500
[OUTPOST-v4] epoch 22: test-all ROC 0.8606 PR 0.7323 | unseen ROC 0.8396 PR 0.6516 | valAUC 0.9719 | tau+ 0.500
[OUTPOST-v4] epoch 23: test-all ROC 0.8610 PR 0.7352 | unseen ROC 0.8393 PR 0.6543 | valAUC 0.9719 | tau+ 0.500
[OUTPOST-v4] epoch 24: test-all ROC 0.8666 PR 0.7426 | unseen ROC 0.8458 PR 0.6630 | valAUC 0.9837 | tau+ 0.500
[OUTPOST-v4] epoch 25: test-all ROC 0.8690 PR 0.7477 | unseen ROC 0.8487 PR 0.6698 | valAUC 0.9577 | tau+ 0.500
[OUTPOST-v4] epoch 26: test-all ROC 0.8749 PR 0.7585 | unseen ROC 0.8552 PR 0.6837 | valAUC 0.9820 | tau+ 0.500
[OUTPOST-v4] epoch 27: test-all ROC 0.8828 PR 0.7715 | unseen ROC 0.8642 PR 0.6991 | valAUC 0.9721 | tau+ 0.500
[OUTPOST-v4] epoch 28: test-all ROC 0.8933 PR 0.7928 | unseen ROC 0.8764 PR 0.7276 | valAUC 0.9844 | tau+ 0.500
[OUTPOST-v4] epoch 29: test-all ROC 0.9079 PR 0.8210 | unseen ROC 0.8930 PR 0.7633 | valAUC 0.9752 | tau+ 0.500
[OUTPOST-v4] epoch 30: test-all ROC 0.9248 PR 0.8505 | unseen ROC 0.9127 PR 0.8002 | valAUC 0.9811 | tau+ 0.500
[OUTPOST-v4] epoch 31: test-all ROC 0.9425 PR 0.8820 | unseen ROC 0.9331 PR 0.8412 | valAUC 0.9894 | tau+ 0.500
[OUTPOST-v4] epoch 32: test-all ROC 0.9570 PR 0.9083 | unseen ROC 0.9501 PR 0.8744 | valAUC 0.9813 | tau+ 0.500
[OUTPOST-v4] epoch 33: test-all ROC 0.9652 PR 0.9213 | unseen ROC 0.9595 PR 0.8900 | valAUC 0.9936 | tau+ 0.500
[OUTPOST-v4] epoch 34: test-all ROC 0.9668 PR 0.9255 | unseen ROC 0.9614 PR 0.8964 | valAUC 0.9962 | tau+ 0.500
[OUTPOST-v4] epoch 35: test-all ROC 0.9660 PR 0.9264 | unseen ROC 0.9604 PR 0.8988 | valAUC 0.9948 | tau+ 0.500
[OUTPOST-v4] epoch 36: test-all ROC 0.9632 PR 0.9234 | unseen ROC 0.9576 PR 0.8954 | valAUC 0.9960 | tau+ 0.500
[OUTPOST-v4] epoch 37: test-all ROC 0.9632 PR 0.9253 | unseen ROC 0.9572 PR 0.8980 | valAUC 0.9953 | tau+ 0.500
[OUTPOST-v4] epoch 38: test-all ROC 0.9656 PR 0.9307 | unseen ROC 0.9604 PR 0.9069 | valAUC 0.9974 | tau+ 0.500
[OUTPOST-v4] epoch 39: test-all ROC 0.9686 PR 0.9358 | unseen ROC 0.9637 PR 0.9136 | valAUC 0.9988 | tau+ 0.500
[OUTPOST-v4] epoch 40: test-all ROC 0.9704 PR 0.9374 | unseen ROC 0.9656 PR 0.9142 | valAUC 0.9891 | tau+ 0.500
[OUTPOST-v4] epoch 41: test-all ROC 0.9733 PR 0.9408 | unseen ROC 0.9691 PR 0.9184 | valAUC 0.9967 | tau+ 0.500
[OUTPOST-v4] epoch 42: test-all ROC 0.9742 PR 0.9419 | unseen ROC 0.9701 PR 0.9202 | valAUC 0.9934 | tau+ 0.500
[OUTPOST-v4] epoch 43: test-all ROC 0.9743 PR 0.9402 | unseen ROC 0.9705 PR 0.9178 | valAUC 0.9986 | tau+ 0.500
[OUTPOST-v4] epoch 44: test-all ROC 0.9748 PR 0.9429 | unseen ROC 0.9710 PR 0.9211 | valAUC 0.9929 | tau+ 0.500
[OUTPOST-v4] epoch 45: test-all ROC 0.9749 PR 0.9431 | unseen ROC 0.9710 PR 0.9215 | valAUC 0.9910 | tau+ 0.500
[OUTPOST-v4] epoch 46: test-all ROC 0.9744 PR 0.9435 | unseen ROC 0.9704 PR 0.9228 | valAUC 0.9764 | tau+ 0.500
[OUTPOST-v4] epoch 47: test-all ROC 0.9748 PR 0.9450 | unseen ROC 0.9709 PR 0.9251 | valAUC 0.9976 | tau+ 0.500
[OUTPOST-v4] epoch 48: test-all ROC 0.9751 PR 0.9454 | unseen ROC 0.9713 PR 0.9255 | valAUC 0.9983 | tau+ 0.500
[OUTPOST-v4] epoch 49: test-all ROC 0.9758 PR 0.9468 | unseen ROC 0.9723 PR 0.9280 | valAUC 0.9991 | tau+ 0.500
[OUTPOST-v4] epoch 50: test-all ROC 0.9763 PR 0.9458 | unseen ROC 0.9729 PR 0.9253 | valAUC 0.9965 | tau+ 0.500
[OUTPOST-v4] epoch 51: test-all ROC 0.9771 PR 0.9465 | unseen ROC 0.9740 PR 0.9264 | valAUC 0.9988 | tau+ 0.500
[OUTPOST-v4] epoch 52: test-all ROC 0.9782 PR 0.9473 | unseen ROC 0.9753 PR 0.9272 | valAUC 0.9976 | tau+ 0.500
[OUTPOST-v4] epoch 53: test-all ROC 0.9781 PR 0.9477 | unseen ROC 0.9751 PR 0.9277 | valAUC 0.9955 | tau+ 0.500
[OUTPOST-v4] epoch 54: test-all ROC 0.9782 PR 0.9473 | unseen ROC 0.9751 PR 0.9273 | valAUC 0.9983 | tau+ 0.500
[OUTPOST-v4] epoch 55: test-all ROC 0.9793 PR 0.9510 | unseen ROC 0.9762 PR 0.9327 | valAUC 0.9991 | tau+ 0.500
[OUTPOST-v4] epoch 56: test-all ROC 0.9786 PR 0.9502 | unseen ROC 0.9757 PR 0.9320 | valAUC 0.9898 | tau+ 0.500
[OUTPOST-v4] epoch 57: test-all ROC 0.9786 PR 0.9501 | unseen ROC 0.9757 PR 0.9317 | valAUC 0.9988 | tau+ 0.500
[OUTPOST-v4] epoch 58: test-all ROC 0.9786 PR 0.9494 | unseen ROC 0.9756 PR 0.9307 | valAUC 0.9936 | tau+ 0.500
[OUTPOST-v4] epoch 59: test-all ROC 0.9791 PR 0.9497 | unseen ROC 0.9763 PR 0.9304 | valAUC 0.9991 | tau+ 0.500
[OUTPOST-v4] epoch 60: test-all ROC 0.9797 PR 0.9495 | unseen ROC 0.9769 PR 0.9300 | valAUC 0.9983 | tau+ 0.500
[OUTPOST-v4] epoch 61: test-all ROC 0.9804 PR 0.9501 | unseen ROC 0.9779 PR 0.9314 | valAUC 0.9957 | tau+ 0.500
[OUTPOST-v4] epoch 62: test-all ROC 0.9807 PR 0.9480 | unseen ROC 0.9782 PR 0.9279 | valAUC 0.9967 | tau+ 0.701
[OUTPOST-v4] epoch 63: test-all ROC 0.9804 PR 0.9442 | unseen ROC 0.9779 PR 0.9219 | valAUC 0.9943 | tau+ 0.541
[OUTPOST-v4] epoch 64: test-all ROC 0.9798 PR 0.9439 | unseen ROC 0.9773 PR 0.9211 | valAUC 0.9981 | tau+ 0.500
[OUTPOST-v4] epoch 65: test-all ROC 0.9803 PR 0.9488 | unseen ROC 0.9778 PR 0.9290 | valAUC 0.9962 | tau+ 0.500
[OUTPOST-v4] epoch 66: test-all ROC 0.9815 PR 0.9520 | unseen ROC 0.9791 PR 0.9335 | valAUC 0.9995 | tau+ 0.500
[OUTPOST-v4] epoch 67: test-all ROC 0.9813 PR 0.9523 | unseen ROC 0.9787 PR 0.9336 | valAUC 0.9981 | tau+ 0.500
[OUTPOST-v4] epoch 68: test-all ROC 0.9810 PR 0.9504 | unseen ROC 0.9785 PR 0.9305 | valAUC 0.9981 | tau+ 0.500
[OUTPOST-v4] epoch 69: test-all ROC 0.9811 PR 0.9528 | unseen ROC 0.9788 PR 0.9351 | valAUC 0.9905 | tau+ 0.500
[OUTPOST-v4] epoch 70: test-all ROC 0.9802 PR 0.9505 | unseen ROC 0.9776 PR 0.9314 | valAUC 0.9981 | tau+ 0.500
[OUTPOST-v4] epoch 71: test-all ROC 0.9812 PR 0.9506 | unseen ROC 0.9787 PR 0.9318 | valAUC 0.9804 | tau+ 0.500
[OUTPOST-v4] epoch 72: test-all ROC 0.9814 PR 0.9511 | unseen ROC 0.9791 PR 0.9327 | valAUC 0.9981 | tau+ 0.500
[OUTPOST-v4] epoch 73: test-all ROC 0.9814 PR 0.9484 | unseen ROC 0.9792 PR 0.9282 | valAUC 0.9986 | tau+ 0.520
[OUTPOST-v4] epoch 74: test-all ROC 0.9810 PR 0.9459 | unseen ROC 0.9782 PR 0.9239 | valAUC 0.9948 | tau+ 0.500
[OUTPOST-v4] epoch 75: test-all ROC 0.9811 PR 0.9464 | unseen ROC 0.9785 PR 0.9246 | valAUC 0.9981 | tau+ 0.500
[OUTPOST-v4] epoch 76: test-all ROC 0.9819 PR 0.9502 | unseen ROC 0.9794 PR 0.9302 | valAUC 0.9979 | tau+ 0.500
[OUTPOST-v4] epoch 77: test-all ROC 0.9815 PR 0.9505 | unseen ROC 0.9789 PR 0.9306 | valAUC 0.9983 | tau+ 0.500
[OUTPOST-v4] epoch 78: test-all ROC 0.9810 PR 0.9472 | unseen ROC 0.9786 PR 0.9264 | valAUC 0.9960 | tau+ 0.500
[OUTPOST-v4] epoch 79: test-all ROC 0.9809 PR 0.9474 | unseen ROC 0.9784 PR 0.9263 | valAUC 0.9976 | tau+ 0.500
[OUTPOST-v4] epoch 80: test-all ROC 0.9805 PR 0.9455 | unseen ROC 0.9779 PR 0.9238 | valAUC 0.9979 | tau+ 0.500
[OUTPOST-v4] epoch 81: test-all ROC 0.9814 PR 0.9471 | unseen ROC 0.9790 PR 0.9266 | valAUC 0.9972 | tau+ 0.558
[OUTPOST-v4] epoch 82: test-all ROC 0.9800 PR 0.9440 | unseen ROC 0.9775 PR 0.9217 | valAUC 0.9986 | tau+ 0.634
[OUTPOST-v4] epoch 83: test-all ROC 0.9815 PR 0.9463 | unseen ROC 0.9789 PR 0.9243 | valAUC 0.9979 | tau+ 0.500
[OUTPOST-v4] epoch 84: test-all ROC 0.9808 PR 0.9460 | unseen ROC 0.9782 PR 0.9249 | valAUC 0.9983 | tau+ 0.500
[OUTPOST-v4] epoch 85: test-all ROC 0.9810 PR 0.9468 | unseen ROC 0.9785 PR 0.9252 | valAUC 0.9955 | tau+ 0.500
[OUTPOST-v4] epoch 86: test-all ROC 0.9802 PR 0.9428 | unseen ROC 0.9773 PR 0.9192 | valAUC 0.9965 | tau+ 0.500
[OUTPOST-v4] epoch 87: test-all ROC 0.9799 PR 0.9444 | unseen ROC 0.9771 PR 0.9221 | valAUC 0.9972 | tau+ 0.500
[OUTPOST-v4] epoch 88: test-all ROC 0.9801 PR 0.9417 | unseen ROC 0.9777 PR 0.9183 | valAUC 0.9957 | tau+ 0.500
[OUTPOST-v4] epoch 89: test-all ROC 0.9799 PR 0.9423 | unseen ROC 0.9774 PR 0.9192 | valAUC 0.9972 | tau+ 0.500
[OUTPOST-v4] epoch 90: test-all ROC 0.9802 PR 0.9419 | unseen ROC 0.9777 PR 0.9191 | valAUC 0.9957 | tau+ 0.622
[OUTPOST-v4] epoch 91: test-all ROC 0.9795 PR 0.9412 | unseen ROC 0.9769 PR 0.9180 | valAUC 0.9979 | tau+ 0.500
[OUTPOST-v4] epoch 92: test-all ROC 0.9798 PR 0.9390 | unseen ROC 0.9773 PR 0.9143 | valAUC 0.9974 | tau+ 0.655
[OUTPOST-v4] epoch 93: test-all ROC 0.9799 PR 0.9389 | unseen ROC 0.9772 PR 0.9138 | valAUC 0.9913 | tau+ 0.797
[OUTPOST-v4] epoch 94: test-all ROC 0.9801 PR 0.9408 | unseen ROC 0.9773 PR 0.9169 | valAUC 0.9979 | tau+ 0.506
[OUTPOST-v4] epoch 95: test-all ROC 0.9799 PR 0.9409 | unseen ROC 0.9774 PR 0.9169 | valAUC 0.9974 | tau+ 0.520
[OUTPOST-v4] epoch 96: test-all ROC 0.9789 PR 0.9391 | unseen ROC 0.9761 PR 0.9146 | valAUC 0.9972 | tau+ 0.522
[OUTPOST-v4] epoch 97: test-all ROC 0.9797 PR 0.9387 | unseen ROC 0.9771 PR 0.9136 | valAUC 0.9988 | tau+ 0.500
[OUTPOST-v4] epoch 98: test-all ROC 0.9799 PR 0.9379 | unseen ROC 0.9773 PR 0.9129 | valAUC 0.9986 | tau+ 0.812
[OUTPOST-v4] epoch 99: test-all ROC 0.9785 PR 0.9361 | unseen ROC 0.9758 PR 0.9103 | valAUC 0.9927 | tau+ 0.674
[OUTPOST-v4] epoch 100: test-all ROC 0.9795 PR 0.9403 | unseen ROC 0.9768 PR 0.9166 | valAUC 0.9818 | tau+ 0.500
[OUTPOST-v4] epoch 101: test-all ROC 0.9797 PR 0.9391 | unseen ROC 0.9769 PR 0.9142 | valAUC 0.9983 | tau+ 0.610
[OUTPOST-v4] epoch 102: test-all ROC 0.9789 PR 0.9378 | unseen ROC 0.9760 PR 0.9129 | valAUC 0.9981 | tau+ 0.509
[OUTPOST-v4] epoch 103: test-all ROC 0.9784 PR 0.9360 | unseen ROC 0.9758 PR 0.9111 | valAUC 0.9969 | tau+ 0.703
[OUTPOST-v4] epoch 104: test-all ROC 0.9794 PR 0.9371 | unseen ROC 0.9767 PR 0.9120 | valAUC 0.9976 | tau+ 0.625
[OUTPOST-v4] epoch 105: test-all ROC 0.9796 PR 0.9377 | unseen ROC 0.9773 PR 0.9128 | valAUC 0.9983 | tau+ 0.500
[OUTPOST-v4] epoch 106: test-all ROC 0.9793 PR 0.9360 | unseen ROC 0.9766 PR 0.9098 | valAUC 0.9957 | tau+ 0.500
[OUTPOST-v4] epoch 107: test-all ROC 0.9784 PR 0.9336 | unseen ROC 0.9754 PR 0.9070 | valAUC 0.9898 | tau+ 0.541
[OUTPOST-v4] epoch 108: test-all ROC 0.9771 PR 0.9273 | unseen ROC 0.9741 PR 0.8975 | valAUC 0.9934 | tau+ 0.729
[OUTPOST-v4] epoch 109: test-all ROC 0.9777 PR 0.9292 | unseen ROC 0.9747 PR 0.8999 | valAUC 0.9969 | tau+ 0.809
[OUTPOST-v4] epoch 110: test-all ROC 0.9784 PR 0.9350 | unseen ROC 0.9755 PR 0.9096 | valAUC 0.9967 | tau+ 0.500
[OUTPOST-v4] epoch 111: test-all ROC 0.9792 PR 0.9394 | unseen ROC 0.9768 PR 0.9161 | valAUC 0.9678 | tau+ 0.700
[OUTPOST-v4] epoch 112: test-all ROC 0.9793 PR 0.9374 | unseen ROC 0.9767 PR 0.9129 | valAUC 0.9879 | tau+ 0.556
[OUTPOST-v4] epoch 113: test-all ROC 0.9778 PR 0.9332 | unseen ROC 0.9751 PR 0.9077 | valAUC 0.9934 | tau+ 0.705
[OUTPOST-v4] epoch 114: test-all ROC 0.9787 PR 0.9379 | unseen ROC 0.9762 PR 0.9145 | valAUC 0.9948 | tau+ 0.676
[OUTPOST-v4] epoch 115: test-all ROC 0.9788 PR 0.9366 | unseen ROC 0.9764 PR 0.9121 | valAUC 0.9953 | tau+ 0.548
[OUTPOST-v4] epoch 116: test-all ROC 0.9789 PR 0.9366 | unseen ROC 0.9763 PR 0.9124 | valAUC 0.9903 | tau+ 0.746
[OUTPOST-v4] epoch 117: test-all ROC 0.9794 PR 0.9401 | unseen ROC 0.9768 PR 0.9176 | valAUC 0.9969 | tau+ 0.523
[OUTPOST-v4] epoch 118: test-all ROC 0.9785 PR 0.9365 | unseen ROC 0.9759 PR 0.9127 | valAUC 0.9939 | tau+ 0.638
[OUTPOST-v4] epoch 119: test-all ROC 0.9788 PR 0.9358 | unseen ROC 0.9762 PR 0.9111 | valAUC 0.9974 | tau+ 0.768
[OUTPOST-v4] epoch 120: test-all ROC 0.9783 PR 0.9324 | unseen ROC 0.9758 PR 0.9066 | valAUC 0.9955 | tau+ 0.787
[OUTPOST-v4] epoch 121: test-all ROC 0.9795 PR 0.9376 | unseen ROC 0.9770 PR 0.9140 | valAUC 0.9950 | tau+ 0.599
[OUTPOST-v4] epoch 122: test-all ROC 0.9793 PR 0.9382 | unseen ROC 0.9769 PR 0.9145 | valAUC 0.9936 | tau+ 0.605
[OUTPOST-v4] epoch 123: test-all ROC 0.9790 PR 0.9371 | unseen ROC 0.9764 PR 0.9131 | valAUC 0.9955 | tau+ 0.500
[OUTPOST-v4] epoch 124: test-all ROC 0.9784 PR 0.9335 | unseen ROC 0.9758 PR 0.9077 | valAUC 0.9969 | tau+ 0.618
[OUTPOST-v4] epoch 125: test-all ROC 0.9769 PR 0.9284 | unseen ROC 0.9741 PR 0.9008 | valAUC 0.9960 | tau+ 0.639
[OUTPOST-v4] epoch 126: test-all ROC 0.9766 PR 0.9276 | unseen ROC 0.9738 PR 0.8998 | valAUC 0.9759 | tau+ 0.629
[OUTPOST-v4] epoch 127: test-all ROC 0.9771 PR 0.9291 | unseen ROC 0.9739 PR 0.9013 | valAUC 0.9957 | tau+ 0.514
[OUTPOST-v4] epoch 128: test-all ROC 0.9787 PR 0.9341 | unseen ROC 0.9760 PR 0.9081 | valAUC 0.9922 | tau+ 0.581
[OUTPOST-v4] epoch 129: test-all ROC 0.9799 PR 0.9375 | unseen ROC 0.9775 PR 0.9134 | valAUC 0.9780 | tau+ 0.500
[OUTPOST-v4] epoch 130: test-all ROC 0.9790 PR 0.9378 | unseen ROC 0.9769 PR 0.9140 | valAUC 0.9962 | tau+ 0.500
[OUTPOST-v4] epoch 131: test-all ROC 0.9795 PR 0.9378 | unseen ROC 0.9771 PR 0.9143 | valAUC 0.9979 | tau+ 0.500
[OUTPOST-v4] epoch 132: test-all ROC 0.9791 PR 0.9355 | unseen ROC 0.9764 PR 0.9105 | valAUC 0.9946 | tau+ 0.534
[OUTPOST-v4] epoch 133: test-all ROC 0.9779 PR 0.9303 | unseen ROC 0.9752 PR 0.9035 | valAUC 0.9936 | tau+ 0.649
[OUTPOST-v4] epoch 134: test-all ROC 0.9774 PR 0.9266 | unseen ROC 0.9750 PR 0.8987 | valAUC 0.9957 | tau+ 0.919
[OUTPOST-v4] epoch 135: test-all ROC 0.9783 PR 0.9314 | unseen ROC 0.9758 PR 0.9049 | valAUC 0.9955 | tau+ 0.711
[OUTPOST-v4] epoch 136: test-all ROC 0.9789 PR 0.9348 | unseen ROC 0.9765 PR 0.9101 | valAUC 0.9946 | tau+ 0.500
[OUTPOST-v4] epoch 137: test-all ROC 0.9790 PR 0.9357 | unseen ROC 0.9766 PR 0.9112 | valAUC 0.9969 | tau+ 0.723
[OUTPOST-v4] epoch 138: test-all ROC 0.9794 PR 0.9385 | unseen ROC 0.9771 PR 0.9164 | valAUC 0.9981 | tau+ 0.608
[OUTPOST-v4] epoch 139: test-all ROC 0.9799 PR 0.9380 | unseen ROC 0.9777 PR 0.9153 | valAUC 0.9965 | tau+ 0.524
[OUTPOST-v4] epoch 140: test-all ROC 0.9789 PR 0.9362 | unseen ROC 0.9762 PR 0.9118 | valAUC 0.9965 | tau+ 0.500
[OUTPOST-v4] epoch 141: test-all ROC 0.9779 PR 0.9338 | unseen ROC 0.9751 PR 0.9087 | valAUC 0.9950 | tau+ 0.802
[OUTPOST-v4] epoch 142: test-all ROC 0.9788 PR 0.9332 | unseen ROC 0.9761 PR 0.9074 | valAUC 0.9924 | tau+ 0.609
[OUTPOST-v4] epoch 143: test-all ROC 0.9785 PR 0.9337 | unseen ROC 0.9758 PR 0.9089 | valAUC 0.9920 | tau+ 0.668
[OUTPOST-v4] epoch 144: test-all ROC 0.9783 PR 0.9323 | unseen ROC 0.9755 PR 0.9057 | valAUC 0.9953 | tau+ 0.712
[OUTPOST-v4] epoch 145: test-all ROC 0.9781 PR 0.9342 | unseen ROC 0.9756 PR 0.9094 | valAUC 0.9960 | tau+ 0.757
[OUTPOST-v4] epoch 146: test-all ROC 0.9775 PR 0.9294 | unseen ROC 0.9747 PR 0.9018 | valAUC 0.9955 | tau+ 0.705
[OUTPOST-v4] epoch 147: test-all ROC 0.9779 PR 0.9280 | unseen ROC 0.9754 PR 0.8991 | valAUC 0.9939 | tau+ 0.500
[OUTPOST-v4] epoch 148: test-all ROC 0.9766 PR 0.9262 | unseen ROC 0.9740 PR 0.8975 | valAUC 0.9934 | tau+ 0.773
[OUTPOST-v4] epoch 149: test-all ROC 0.9767 PR 0.9240 | unseen ROC 0.9738 PR 0.8934 | valAUC 0.9934 | tau+ 0.795
[OUTPOST-v4] epoch 150: test-all ROC 0.9772 PR 0.9276 | unseen ROC 0.9746 PR 0.8999 | valAUC 0.9946 | tau+ 0.829
[OUTPOST-v4] epoch 151: test-all ROC 0.9784 PR 0.9307 | unseen ROC 0.9758 PR 0.9037 | valAUC 0.9934 | tau+ 0.633
[OUTPOST-v4] epoch 152: test-all ROC 0.9785 PR 0.9355 | unseen ROC 0.9762 PR 0.9119 | valAUC 0.9950 | tau+ 0.711
[OUTPOST-v4] epoch 153: test-all ROC 0.9787 PR 0.9376 | unseen ROC 0.9760 PR 0.9140 | valAUC 0.9941 | tau+ 0.542
[OUTPOST-v4] epoch 154: test-all ROC 0.9787 PR 0.9356 | unseen ROC 0.9762 PR 0.9110 | valAUC 0.9910 | tau+ 0.500
[OUTPOST-v4] epoch 155: test-all ROC 0.9795 PR 0.9374 | unseen ROC 0.9772 PR 0.9147 | valAUC 0.9939 | tau+ 0.809
[OUTPOST-v4] epoch 156: test-all ROC 0.9786 PR 0.9319 | unseen ROC 0.9763 PR 0.9062 | valAUC 0.9941 | tau+ 0.628
[OUTPOST-v4] epoch 157: test-all ROC 0.9783 PR 0.9356 | unseen ROC 0.9763 PR 0.9130 | valAUC 0.9939 | tau+ 0.757
[OUTPOST-v4] epoch 158: test-all ROC 0.9776 PR 0.9324 | unseen ROC 0.9751 PR 0.9078 | valAUC 0.9941 | tau+ 0.754
[OUTPOST-v4] epoch 159: test-all ROC 0.9790 PR 0.9348 | unseen ROC 0.9765 PR 0.9108 | valAUC 0.9962 | tau+ 0.731
[OUTPOST-v4] epoch 160: test-all ROC 0.9792 PR 0.9379 | unseen ROC 0.9766 PR 0.9151 | valAUC 0.9924 | tau+ 0.554
[OUTPOST-v4] epoch 161: test-all ROC 0.9785 PR 0.9333 | unseen ROC 0.9760 PR 0.9083 | valAUC 0.9939 | tau+ 0.500
[OUTPOST-v4] epoch 162: test-all ROC 0.9776 PR 0.9304 | unseen ROC 0.9752 PR 0.9047 | valAUC 0.9898 | tau+ 0.738
[OUTPOST-v4] epoch 163: test-all ROC 0.9770 PR 0.9259 | unseen ROC 0.9744 PR 0.8984 | valAUC 0.9917 | tau+ 0.905
[OUTPOST-v4] epoch 164: test-all ROC 0.9774 PR 0.9283 | unseen ROC 0.9748 PR 0.9016 | valAUC 0.9875 | tau+ 0.789
[OUTPOST-v4] epoch 165: test-all ROC 0.9794 PR 0.9348 | unseen ROC 0.9770 PR 0.9105 | valAUC 0.9950 | tau+ 0.565
[OUTPOST-v4] epoch 166: test-all ROC 0.9796 PR 0.9375 | unseen ROC 0.9774 PR 0.9151 | valAUC 0.9927 | tau+ 0.778
[OUTPOST-v4] epoch 167: test-all ROC 0.9786 PR 0.9372 | unseen ROC 0.9760 PR 0.9147 | valAUC 0.9901 | tau+ 0.588
[OUTPOST-v4] epoch 168: test-all ROC 0.9790 PR 0.9343 | unseen ROC 0.9766 PR 0.9100 | valAUC 0.9917 | tau+ 0.828
[OUTPOST-v4] epoch 169: test-all ROC 0.9792 PR 0.9369 | unseen ROC 0.9768 PR 0.9137 | valAUC 0.9974 | tau+ 0.654
[OUTPOST-v4] epoch 170: test-all ROC 0.9798 PR 0.9371 | unseen ROC 0.9773 PR 0.9139 | valAUC 0.9957 | tau+ 0.710
[OUTPOST-v4] epoch 171: test-all ROC 0.9796 PR 0.9384 | unseen ROC 0.9770 PR 0.9156 | valAUC 0.9986 | tau+ 0.509
[OUTPOST-v4] epoch 172: test-all ROC 0.9800 PR 0.9384 | unseen ROC 0.9775 PR 0.9153 | valAUC 0.9972 | tau+ 0.500
[OUTPOST-v4] epoch 173: test-all ROC 0.9788 PR 0.9330 | unseen ROC 0.9762 PR 0.9075 | valAUC 0.9962 | tau+ 0.573
[OUTPOST-v4] epoch 174: test-all ROC 0.9784 PR 0.9313 | unseen ROC 0.9759 PR 0.9054 | valAUC 0.9955 | tau+ 0.582
[OUTPOST-v4] epoch 175: test-all ROC 0.9777 PR 0.9271 | unseen ROC 0.9750 PR 0.8991 | valAUC 0.9957 | tau+ 0.630
[OUTPOST-v4] epoch 176: test-all ROC 0.9783 PR 0.9308 | unseen ROC 0.9756 PR 0.9046 | valAUC 0.9953 | tau+ 0.703
[OUTPOST-v4] epoch 177: test-all ROC 0.9786 PR 0.9308 | unseen ROC 0.9763 PR 0.9043 | valAUC 0.9960 | tau+ 0.500
[OUTPOST-v4] epoch 178: test-all ROC 0.9785 PR 0.9303 | unseen ROC 0.9761 PR 0.9038 | valAUC 0.9960 | tau+ 0.511
[OUTPOST-v4] epoch 179: test-all ROC 0.9787 PR 0.9320 | unseen ROC 0.9762 PR 0.9060 | valAUC 0.9950 | tau+ 0.803
[OUTPOST-v4] epoch 180: test-all ROC 0.9788 PR 0.9320 | unseen ROC 0.9766 PR 0.9067 | valAUC 0.9853 | tau+ 0.500
[OUTPOST-v4] epoch 181: test-all ROC 0.9783 PR 0.9307 | unseen ROC 0.9757 PR 0.9042 | valAUC 0.9962 | tau+ 0.571
[OUTPOST-v4] epoch 182: test-all ROC 0.9778 PR 0.9302 | unseen ROC 0.9754 PR 0.9045 | valAUC 0.9967 | tau+ 0.746
[OUTPOST-v4] epoch 183: test-all ROC 0.9778 PR 0.9327 | unseen ROC 0.9754 PR 0.9086 | valAUC 0.9943 | tau+ 0.679
[OUTPOST-v4] epoch 184: test-all ROC 0.9792 PR 0.9365 | unseen ROC 0.9771 PR 0.9143 | valAUC 0.9955 | tau+ 0.500
[OUTPOST-v4] epoch 185: test-all ROC 0.9796 PR 0.9361 | unseen ROC 0.9771 PR 0.9122 | valAUC 0.9957 | tau+ 0.630
[OUTPOST-v4] epoch 186: test-all ROC 0.9787 PR 0.9348 | unseen ROC 0.9764 PR 0.9117 | valAUC 0.9894 | tau+ 0.500
[OUTPOST-v4] epoch 187: test-all ROC 0.9778 PR 0.9325 | unseen ROC 0.9754 PR 0.9079 | valAUC 0.9908 | tau+ 0.654
[OUTPOST-v4] epoch 188: test-all ROC 0.9772 PR 0.9299 | unseen ROC 0.9747 PR 0.9046 | valAUC 0.9889 | tau+ 0.711
[OUTPOST-v4] epoch 189: test-all ROC 0.9782 PR 0.9315 | unseen ROC 0.9759 PR 0.9068 | valAUC 0.9943 | tau+ 0.787
[OUTPOST-v4] epoch 190: test-all ROC 0.9783 PR 0.9344 | unseen ROC 0.9761 PR 0.9113 | valAUC 0.9931 | tau+ 0.500
[OUTPOST-v4] epoch 191: test-all ROC 0.9793 PR 0.9388 | unseen ROC 0.9769 PR 0.9168 | valAUC 0.9969 | tau+ 0.500
[OUTPOST-v4] epoch 192: test-all ROC 0.9792 PR 0.9377 | unseen ROC 0.9767 PR 0.9153 | valAUC 0.9960 | tau+ 0.500
[OUTPOST-v4] epoch 193: test-all ROC 0.9786 PR 0.9336 | unseen ROC 0.9762 PR 0.9092 | valAUC 0.9962 | tau+ 0.528
[OUTPOST-v4] epoch 194: test-all ROC 0.9773 PR 0.9287 | unseen ROC 0.9747 PR 0.9026 | valAUC 0.9943 | tau+ 0.954
[OUTPOST-v4] epoch 195: test-all ROC 0.9779 PR 0.9331 | unseen ROC 0.9753 PR 0.9090 | valAUC 0.9929 | tau+ 0.810
[OUTPOST-v4] epoch 196: test-all ROC 0.9801 PR 0.9406 | unseen ROC 0.9779 PR 0.9193 | valAUC 0.9929 | tau+ 0.500
[OUTPOST-v4] epoch 197: test-all ROC 0.9800 PR 0.9404 | unseen ROC 0.9777 PR 0.9186 | valAUC 0.9934 | tau+ 0.500
[OUTPOST-v4] epoch 198: test-all ROC 0.9788 PR 0.9352 | unseen ROC 0.9763 PR 0.9109 | valAUC 0.9939 | tau+ 0.697
[OUTPOST-v4] epoch 199: test-all ROC 0.9775 PR 0.9290 | unseen ROC 0.9753 PR 0.9020 | valAUC 0.9927 | tau+ 0.580
[OUTPOST-v4] epoch 200: test-all ROC 0.9772 PR 0.9289 | unseen ROC 0.9746 PR 0.9027 | valAUC 0.9915 | tau+ 0.806
[OUTPOST-v4] epoch 201: test-all ROC 0.9787 PR 0.9310 | unseen ROC 0.9763 PR 0.9042 | valAUC 0.9960 | tau+ 0.761
[OUTPOST-v4] epoch 202: test-all ROC 0.9793 PR 0.9399 | unseen ROC 0.9767 PR 0.9176 | valAUC 0.9972 | tau+ 0.605
[OUTPOST-v4] epoch 203: test-all ROC 0.9807 PR 0.9414 | unseen ROC 0.9783 PR 0.9195 | valAUC 0.9983 | tau+ 0.500
[OUTPOST-v4] epoch 204: test-all ROC 0.9788 PR 0.9363 | unseen ROC 0.9765 PR 0.9134 | valAUC 0.9917 | tau+ 0.615
[OUTPOST-v4] epoch 205: test-all ROC 0.9796 PR 0.9373 | unseen ROC 0.9772 PR 0.9143 | valAUC 0.9915 | tau+ 0.680
[OUTPOST-v4] epoch 206: test-all ROC 0.9782 PR 0.9357 | unseen ROC 0.9759 PR 0.9125 | valAUC 0.9901 | tau+ 0.838
[OUTPOST-v4] epoch 207: test-all ROC 0.9797 PR 0.9373 | unseen ROC 0.9773 PR 0.9141 | valAUC 0.9884 | tau+ 0.583
[OUTPOST-v4] epoch 208: test-all ROC 0.9795 PR 0.9381 | unseen ROC 0.9772 PR 0.9153 | valAUC 0.9920 | tau+ 0.556
[OUTPOST-v4] epoch 209: test-all ROC 0.9805 PR 0.9415 | unseen ROC 0.9782 PR 0.9205 | valAUC 0.9920 | tau+ 0.500
[OUTPOST-v4] epoch 210: test-all ROC 0.9777 PR 0.9296 | unseen ROC 0.9753 PR 0.9033 | valAUC 0.9965 | tau+ 0.830
[OUTPOST-v4] epoch 211: test-all ROC 0.9774 PR 0.9289 | unseen ROC 0.9751 PR 0.9030 | valAUC 0.9915 | tau+ 0.765
[OUTPOST-v4] epoch 212: test-all ROC 0.9778 PR 0.9281 | unseen ROC 0.9755 PR 0.9019 | valAUC 0.9943 | tau+ 0.933
[OUTPOST-v4] epoch 213: test-all ROC 0.9787 PR 0.9332 | unseen ROC 0.9765 PR 0.9079 | valAUC 0.9858 | tau+ 0.541
[OUTPOST-v4] epoch 214: test-all ROC 0.9788 PR 0.9360 | unseen ROC 0.9767 PR 0.9124 | valAUC 0.9948 | tau+ 0.510
[OUTPOST-v4] epoch 215: test-all ROC 0.9785 PR 0.9341 | unseen ROC 0.9762 PR 0.9102 | valAUC 0.9972 | tau+ 0.751
[OUTPOST-v4] epoch 216: test-all ROC 0.9771 PR 0.9271 | unseen ROC 0.9745 PR 0.8998 | valAUC 0.9976 | tau+ 0.862
[OUTPOST-v4] epoch 217: test-all ROC 0.9770 PR 0.9295 | unseen ROC 0.9743 PR 0.9037 | valAUC 0.9965 | tau+ 0.941
[OUTPOST-v4] epoch 218: test-all ROC 0.9776 PR 0.9307 | unseen ROC 0.9751 PR 0.9046 | valAUC 0.9948 | tau+ 0.818
[OUTPOST-v4] epoch 219: test-all ROC 0.9788 PR 0.9378 | unseen ROC 0.9766 PR 0.9156 | valAUC 0.9972 | tau+ 0.624
[OUTPOST-v4] epoch 220: test-all ROC 0.9793 PR 0.9399 | unseen ROC 0.9775 PR 0.9187 | valAUC 0.9929 | tau+ 0.500
[OUTPOST-v4] epoch 221: test-all ROC 0.9795 PR 0.9359 | unseen ROC 0.9771 PR 0.9119 | valAUC 0.9972 | tau+ 0.571
[OUTPOST-v4] epoch 222: test-all ROC 0.9776 PR 0.9307 | unseen ROC 0.9749 PR 0.9050 | valAUC 0.9889 | tau+ 0.862
[OUTPOST-v4] epoch 223: test-all ROC 0.9778 PR 0.9294 | unseen ROC 0.9754 PR 0.9029 | valAUC 0.9905 | tau+ 0.915
[OUTPOST-v4] epoch 224: test-all ROC 0.9791 PR 0.9363 | unseen ROC 0.9769 PR 0.9134 | valAUC 0.9929 | tau+ 0.688
[OUTPOST-v4] epoch 225: test-all ROC 0.9782 PR 0.9360 | unseen ROC 0.9759 PR 0.9126 | valAUC 0.9948 | tau+ 0.745
[OUTPOST-v4] epoch 226: test-all ROC 0.9794 PR 0.9379 | unseen ROC 0.9768 PR 0.9148 | valAUC 0.9972 | tau+ 0.500
[OUTPOST-v4] epoch 227: test-all ROC 0.9788 PR 0.9350 | unseen ROC 0.9768 PR 0.9118 | valAUC 0.9934 | tau+ 0.671
[OUTPOST-v4] epoch 228: test-all ROC 0.9772 PR 0.9272 | unseen ROC 0.9747 PR 0.9000 | valAUC 0.9924 | tau+ 0.929
[OUTPOST-v4] epoch 229: test-all ROC 0.9764 PR 0.9226 | unseen ROC 0.9741 PR 0.8935 | valAUC 0.9960 | tau+ 0.856
[OUTPOST-v4] epoch 230: test-all ROC 0.9760 PR 0.9221 | unseen ROC 0.9733 PR 0.8921 | valAUC 0.9901 | tau+ 0.934
[OUTPOST-v4] epoch 231: test-all ROC 0.9786 PR 0.9324 | unseen ROC 0.9762 PR 0.9071 | valAUC 0.9943 | tau+ 0.721
[OUTPOST-v4] epoch 232: test-all ROC 0.9794 PR 0.9382 | unseen ROC 0.9771 PR 0.9160 | valAUC 0.9969 | tau+ 0.500
[OUTPOST-v4] epoch 233: test-all ROC 0.9794 PR 0.9343 | unseen ROC 0.9772 PR 0.9103 | valAUC 0.9934 | tau+ 0.788
[OUTPOST-v4] epoch 234: test-all ROC 0.9773 PR 0.9280 | unseen ROC 0.9750 PR 0.9011 | valAUC 0.9896 | tau+ 0.946
[OUTPOST-v4] epoch 235: test-all ROC 0.9789 PR 0.9338 | unseen ROC 0.9764 PR 0.9096 | valAUC 0.9936 | tau+ 0.921
[OUTPOST-v4] epoch 236: test-all ROC 0.9793 PR 0.9365 | unseen ROC 0.9770 PR 0.9132 | valAUC 0.9948 | tau+ 0.696
[OUTPOST-v4] epoch 237: test-all ROC 0.9795 PR 0.9391 | unseen ROC 0.9772 PR 0.9168 | valAUC 0.9856 | tau+ 0.500
[OUTPOST-v4] epoch 238: test-all ROC 0.9795 PR 0.9380 | unseen ROC 0.9771 PR 0.9158 | valAUC 0.9913 | tau+ 0.675
[OUTPOST-v4] epoch 239: test-all ROC 0.9775 PR 0.9296 | unseen ROC 0.9749 PR 0.9039 | valAUC 0.9887 | tau+ 0.941
[OUTPOST-v4] epoch 240: test-all ROC 0.9788 PR 0.9339 | unseen ROC 0.9764 PR 0.9099 | valAUC 0.9967 | tau+ 0.919
[OUTPOST-v4] epoch 241: test-all ROC 0.9805 PR 0.9426 | unseen ROC 0.9785 PR 0.9227 | valAUC 0.9972 | tau+ 0.788
[OUTPOST-v4] epoch 242: test-all ROC 0.9803 PR 0.9424 | unseen ROC 0.9781 PR 0.9222 | valAUC 0.9946 | tau+ 0.500
[OUTPOST-v4] epoch 243: test-all ROC 0.9792 PR 0.9384 | unseen ROC 0.9769 PR 0.9168 | valAUC 0.9946 | tau+ 0.582
[OUTPOST-v4] epoch 244: test-all ROC 0.9791 PR 0.9334 | unseen ROC 0.9768 PR 0.9095 | valAUC 0.9960 | tau+ 0.927
[OUTPOST-v4] epoch 245: test-all ROC 0.9784 PR 0.9331 | unseen ROC 0.9761 PR 0.9099 | valAUC 0.9946 | tau+ 0.934
[OUTPOST-v4] epoch 246: test-all ROC 0.9801 PR 0.9392 | unseen ROC 0.9779 PR 0.9180 | valAUC 0.9931 | tau+ 0.786
[OUTPOST-v4] epoch 247: test-all ROC 0.9805 PR 0.9407 | unseen ROC 0.9781 PR 0.9202 | valAUC 0.9950 | tau+ 0.500
[OUTPOST-v4] epoch 248: test-all ROC 0.9796 PR 0.9398 | unseen ROC 0.9776 PR 0.9193 | valAUC 0.9917 | tau+ 0.611
[OUTPOST-v4] epoch 249: test-all ROC 0.9795 PR 0.9392 | unseen ROC 0.9773 PR 0.9185 | valAUC 0.9957 | tau+ 0.762
[OUTPOST-v4] epoch 250: test-all ROC 0.9787 PR 0.9353 | unseen ROC 0.9762 PR 0.9123 | valAUC 0.9960 | tau+ 0.930
[OUTPOST-v4] epoch 251: test-all ROC 0.9791 PR 0.9362 | unseen ROC 0.9769 PR 0.9138 | valAUC 0.9929 | tau+ 0.784
[OUTPOST-v4] epoch 252: test-all ROC 0.9793 PR 0.9373 | unseen ROC 0.9769 PR 0.9153 | valAUC 0.9943 | tau+ 0.500
[OUTPOST-v4] epoch 253: test-all ROC 0.9796 PR 0.9372 | unseen ROC 0.9773 PR 0.9146 | valAUC 0.9957 | tau+ 0.649
[OUTPOST-v4] epoch 254: test-all ROC 0.9776 PR 0.9314 | unseen ROC 0.9754 PR 0.9077 | valAUC 0.9965 | tau+ 0.880
[OUTPOST-v4] epoch 255: test-all ROC 0.9781 PR 0.9297 | unseen ROC 0.9758 PR 0.9047 | valAUC 0.9894 | tau+ 0.841
[OUTPOST-v4] epoch 256: test-all ROC 0.9771 PR 0.9291 | unseen ROC 0.9748 PR 0.9042 | valAUC 0.9941 | tau+ 0.881
[OUTPOST-v4] epoch 257: test-all ROC 0.9773 PR 0.9311 | unseen ROC 0.9752 PR 0.9073 | valAUC 0.9950 | tau+ 0.538
[OUTPOST-v4] epoch 258: test-all ROC 0.9772 PR 0.9313 | unseen ROC 0.9749 PR 0.9069 | valAUC 0.9917 | tau+ 0.680
[OUTPOST-v4] epoch 259: test-all ROC 0.9775 PR 0.9309 | unseen ROC 0.9750 PR 0.9062 | valAUC 0.9889 | tau+ 0.825
[OUTPOST-v4] epoch 260: test-all ROC 0.9769 PR 0.9280 | unseen ROC 0.9745 PR 0.9023 | valAUC 0.9922 | tau+ 0.941
[OUTPOST-v4] epoch 261: test-all ROC 0.9782 PR 0.9339 | unseen ROC 0.9762 PR 0.9115 | valAUC 0.9910 | tau+ 0.882
[OUTPOST-v4] epoch 262: test-all ROC 0.9795 PR 0.9373 | unseen ROC 0.9772 PR 0.9150 | valAUC 0.9936 | tau+ 0.500
[OUTPOST-v4] epoch 263: test-all ROC 0.9793 PR 0.9393 | unseen ROC 0.9773 PR 0.9188 | valAUC 0.9972 | tau+ 0.598
[OUTPOST-v4] epoch 264: test-all ROC 0.9790 PR 0.9349 | unseen ROC 0.9765 PR 0.9116 | valAUC 0.9962 | tau+ 0.838
[OUTPOST-v4] epoch 265: test-all ROC 0.9775 PR 0.9305 | unseen ROC 0.9749 PR 0.9056 | valAUC 0.9927 | tau+ 0.752
[OUTPOST-v4] epoch 266: test-all ROC 0.9776 PR 0.9329 | unseen ROC 0.9751 PR 0.9095 | valAUC 0.9917 | tau+ 0.850
[OUTPOST-v4] epoch 267: test-all ROC 0.9783 PR 0.9331 | unseen ROC 0.9761 PR 0.9091 | valAUC 0.9943 | tau+ 0.745
[OUTPOST-v4] epoch 268: test-all ROC 0.9784 PR 0.9345 | unseen ROC 0.9759 PR 0.9114 | valAUC 0.9953 | tau+ 0.853
[OUTPOST-v4] epoch 269: test-all ROC 0.9784 PR 0.9333 | unseen ROC 0.9760 PR 0.9092 | valAUC 0.9967 | tau+ 0.500
[OUTPOST-v4] epoch 270: test-all ROC 0.9775 PR 0.9333 | unseen ROC 0.9749 PR 0.9101 | valAUC 0.9943 | tau+ 0.893
[OUTPOST-v4] epoch 271: test-all ROC 0.9770 PR 0.9318 | unseen ROC 0.9744 PR 0.9073 | valAUC 0.9931 | tau+ 0.688
[OUTPOST-v4] epoch 272: test-all ROC 0.9776 PR 0.9323 | unseen ROC 0.9751 PR 0.9084 | valAUC 0.9920 | tau+ 0.879
[OUTPOST-v4] epoch 273: test-all ROC 0.9781 PR 0.9353 | unseen ROC 0.9755 PR 0.9127 | valAUC 0.9948 | tau+ 0.782
[OUTPOST-v4] epoch 274: test-all ROC 0.9783 PR 0.9361 | unseen ROC 0.9758 PR 0.9136 | valAUC 0.9948 | tau+ 0.500
[OUTPOST-v4] epoch 275: test-all ROC 0.9777 PR 0.9317 | unseen ROC 0.9754 PR 0.9074 | valAUC 0.9960 | tau+ 0.863
[OUTPOST-v4] epoch 276: test-all ROC 0.9770 PR 0.9293 | unseen ROC 0.9743 PR 0.9041 | valAUC 0.9927 | tau+ 0.802
[OUTPOST-v4] epoch 277: test-all ROC 0.9769 PR 0.9289 | unseen ROC 0.9747 PR 0.9039 | valAUC 0.9856 | tau+ 0.908
[OUTPOST-v4] epoch 278: test-all ROC 0.9773 PR 0.9303 | unseen ROC 0.9751 PR 0.9060 | valAUC 0.9967 | tau+ 0.851
[OUTPOST-v4] epoch 279: test-all ROC 0.9782 PR 0.9332 | unseen ROC 0.9758 PR 0.9090 | valAUC 0.9965 | tau+ 0.500
[OUTPOST-v4] epoch 280: test-all ROC 0.9772 PR 0.9283 | unseen ROC 0.9750 PR 0.9028 | valAUC 0.9920 | tau+ 0.757
[OUTPOST-v4] epoch 281: test-all ROC 0.9763 PR 0.9242 | unseen ROC 0.9738 PR 0.8967 | valAUC 0.9969 | tau+ 0.945
[OUTPOST-v4] epoch 282: test-all ROC 0.9761 PR 0.9242 | unseen ROC 0.9736 PR 0.8967 | valAUC 0.9957 | tau+ 0.907
[OUTPOST-v4] epoch 283: test-all ROC 0.9782 PR 0.9345 | unseen ROC 0.9760 PR 0.9115 | valAUC 0.9941 | tau+ 0.718
[OUTPOST-v4] epoch 284: test-all ROC 0.9785 PR 0.9348 | unseen ROC 0.9761 PR 0.9110 | valAUC 0.9960 | tau+ 0.500
[OUTPOST-v4] epoch 285: test-all ROC 0.9797 PR 0.9388 | unseen ROC 0.9776 PR 0.9169 | valAUC 0.9972 | tau+ 0.500
[OUTPOST-v4] epoch 286: test-all ROC 0.9797 PR 0.9374 | unseen ROC 0.9777 PR 0.9152 | valAUC 0.9929 | tau+ 0.803
[OUTPOST-v4] epoch 287: test-all ROC 0.9778 PR 0.9321 | unseen ROC 0.9755 PR 0.9078 | valAUC 0.9922 | tau+ 0.859
[OUTPOST-v4] epoch 288: test-all ROC 0.9782 PR 0.9333 | unseen ROC 0.9759 PR 0.9091 | valAUC 0.9936 | tau+ 0.673
[OUTPOST-v4] epoch 289: test-all ROC 0.9791 PR 0.9387 | unseen ROC 0.9767 PR 0.9177 | valAUC 0.9953 | tau+ 0.500
[OUTPOST-v4] epoch 290: test-all ROC 0.9792 PR 0.9354 | unseen ROC 0.9771 PR 0.9125 | valAUC 0.9967 | tau+ 0.598
[OUTPOST-v4] epoch 291: test-all ROC 0.9776 PR 0.9314 | unseen ROC 0.9753 PR 0.9075 | valAUC 0.9908 | tau+ 0.786
[OUTPOST-v4] epoch 292: test-all ROC 0.9773 PR 0.9276 | unseen ROC 0.9748 PR 0.9010 | valAUC 0.9948 | tau+ 0.769
[OUTPOST-v4] epoch 293: test-all ROC 0.9787 PR 0.9329 | unseen ROC 0.9764 PR 0.9092 | valAUC 0.9898 | tau+ 0.785
[OUTPOST-v4] epoch 294: test-all ROC 0.9790 PR 0.9357 | unseen ROC 0.9769 PR 0.9133 | valAUC 0.9943 | tau+ 0.854
[OUTPOST-v4] epoch 295: test-all ROC 0.9785 PR 0.9337 | unseen ROC 0.9765 PR 0.9109 | valAUC 0.9957 | tau+ 0.580
[OUTPOST-v4] epoch 296: test-all ROC 0.9775 PR 0.9292 | unseen ROC 0.9754 PR 0.9040 | valAUC 0.9967 | tau+ 0.700
[OUTPOST-v4] epoch 297: test-all ROC 0.9772 PR 0.9272 | unseen ROC 0.9749 PR 0.9014 | valAUC 0.9922 | tau+ 0.957
[OUTPOST-v4] epoch 298: test-all ROC 0.9781 PR 0.9323 | unseen ROC 0.9761 PR 0.9091 | valAUC 0.9931 | tau+ 0.698
[OUTPOST-v4] epoch 299: test-all ROC 0.9782 PR 0.9339 | unseen ROC 0.9760 PR 0.9116 | valAUC 0.9934 | tau+ 0.600
[OUTPOST-v4] epoch 300: test-all ROC 0.9786 PR 0.9354 | unseen ROC 0.9762 PR 0.9131 | valAUC 0.9941 | tau+ 0.500
[OUTPOST-v4] epoch 301: test-all ROC 0.9775 PR 0.9284 | unseen ROC 0.9752 PR 0.9032 | valAUC 0.9891 | tau+ 0.827
[OUTPOST-v4] epoch 302: test-all ROC 0.9768 PR 0.9265 | unseen ROC 0.9746 PR 0.9012 | valAUC 0.9870 | tau+ 0.957
[OUTPOST-v4] epoch 303: test-all ROC 0.9785 PR 0.9335 | unseen ROC 0.9765 PR 0.9108 | valAUC 0.9898 | tau+ 0.754
[OUTPOST-v4] epoch 304: test-all ROC 0.9796 PR 0.9407 | unseen ROC 0.9776 PR 0.9214 | valAUC 0.9936 | tau+ 0.500
[OUTPOST-v4] epoch 305: test-all ROC 0.9794 PR 0.9404 | unseen ROC 0.9770 PR 0.9206 | valAUC 0.9941 | tau+ 0.500
[OUTPOST-v4] epoch 306: test-all ROC 0.9791 PR 0.9364 | unseen ROC 0.9769 PR 0.9146 | valAUC 0.9917 | tau+ 0.500
[OUTPOST-v4] epoch 307: test-all ROC 0.9783 PR 0.9325 | unseen ROC 0.9763 PR 0.9096 | valAUC 0.9922 | tau+ 0.803
[OUTPOST-v4] epoch 308: test-all ROC 0.9785 PR 0.9365 | unseen ROC 0.9765 PR 0.9152 | valAUC 0.9950 | tau+ 0.829
[OUTPOST-v4] epoch 309: test-all ROC 0.9792 PR 0.9394 | unseen ROC 0.9768 PR 0.9188 | valAUC 0.9965 | tau+ 0.719
[OUTPOST-v4] epoch 310: test-all ROC 0.9794 PR 0.9404 | unseen ROC 0.9772 PR 0.9204 | valAUC 0.9957 | tau+ 0.500
[OUTPOST-v4] epoch 311: test-all ROC 0.9789 PR 0.9361 | unseen ROC 0.9769 PR 0.9144 | valAUC 0.9924 | tau+ 0.500
[OUTPOST-v4] epoch 312: test-all ROC 0.9776 PR 0.9314 | unseen ROC 0.9751 PR 0.9074 | valAUC 0.9950 | tau+ 0.782
[OUTPOST-v4] epoch 313: test-all ROC 0.9751 PR 0.9184 | unseen ROC 0.9723 PR 0.8887 | valAUC 0.9950 | tau+ 0.965
[OUTPOST-v4] epoch 314: test-all ROC 0.9764 PR 0.9242 | unseen ROC 0.9741 PR 0.8975 | valAUC 0.9929 | tau+ 0.851
[OUTPOST-v4] epoch 315: test-all ROC 0.9782 PR 0.9330 | unseen ROC 0.9755 PR 0.9093 | valAUC 0.9965 | tau+ 0.657
[OUTPOST-v4] epoch 316: test-all ROC 0.9793 PR 0.9370 | unseen ROC 0.9771 PR 0.9150 | valAUC 0.9955 | tau+ 0.522
[OUTPOST-v4] epoch 317: test-all ROC 0.9794 PR 0.9384 | unseen ROC 0.9771 PR 0.9166 | valAUC 0.9913 | tau+ 0.500
[OUTPOST-v4] epoch 318: test-all ROC 0.9784 PR 0.9364 | unseen ROC 0.9761 PR 0.9147 | valAUC 0.9969 | tau+ 0.800
[OUTPOST-v4] epoch 319: test-all ROC 0.9776 PR 0.9335 | unseen ROC 0.9752 PR 0.9103 | valAUC 0.9924 | tau+ 0.858
[OUTPOST-v4] epoch 320: test-all ROC 0.9789 PR 0.9382 | unseen ROC 0.9766 PR 0.9169 | valAUC 0.9948 | tau+ 0.692
[OUTPOST-v4] epoch 321: test-all ROC 0.9801 PR 0.9400 | unseen ROC 0.9777 PR 0.9185 | valAUC 0.9955 | tau+ 0.515
[OUTPOST-v4] epoch 322: test-all ROC 0.9788 PR 0.9371 | unseen ROC 0.9767 PR 0.9152 | valAUC 0.9939 | tau+ 0.500
[OUTPOST-v4] epoch 323: test-all ROC 0.9777 PR 0.9313 | unseen ROC 0.9752 PR 0.9063 | valAUC 0.9953 | tau+ 0.687
[OUTPOST-v4] epoch 324: test-all ROC 0.9766 PR 0.9267 | unseen ROC 0.9742 PR 0.9008 | valAUC 0.9924 | tau+ 0.959
[OUTPOST-v4] epoch 325: test-all ROC 0.9773 PR 0.9302 | unseen ROC 0.9747 PR 0.9055 | valAUC 0.9960 | tau+ 0.834
[OUTPOST-v4] epoch 326: test-all ROC 0.9770 PR 0.9289 | unseen ROC 0.9743 PR 0.9030 | valAUC 0.9924 | tau+ 0.795
[OUTPOST-v4] epoch 327: test-all ROC 0.9780 PR 0.9320 | unseen ROC 0.9757 PR 0.9073 | valAUC 0.9931 | tau+ 0.803
[OUTPOST-v4] epoch 328: test-all ROC 0.9778 PR 0.9327 | unseen ROC 0.9755 PR 0.9093 | valAUC 0.9931 | tau+ 0.883
[OUTPOST-v4] epoch 329: test-all ROC 0.9773 PR 0.9326 | unseen ROC 0.9748 PR 0.9085 | valAUC 0.9936 | tau+ 0.812
[OUTPOST-v4] epoch 330: test-all ROC 0.9787 PR 0.9355 | unseen ROC 0.9763 PR 0.9123 | valAUC 0.9957 | tau+ 0.824
[OUTPOST-v4] epoch 331: test-all ROC 0.9783 PR 0.9353 | unseen ROC 0.9759 PR 0.9122 | valAUC 0.9910 | tau+ 0.651
[OUTPOST-v4] epoch 332: test-all ROC 0.9788 PR 0.9353 | unseen ROC 0.9764 PR 0.9121 | valAUC 0.9969 | tau+ 0.706
[OUTPOST-v4] epoch 333: test-all ROC 0.9776 PR 0.9317 | unseen ROC 0.9751 PR 0.9068 | valAUC 0.9910 | tau+ 0.914
[OUTPOST-v4] epoch 334: test-all ROC 0.9781 PR 0.9337 | unseen ROC 0.9755 PR 0.9092 | valAUC 0.9827 | tau+ 0.844
[OUTPOST-v4] epoch 335: test-all ROC 0.9782 PR 0.9332 | unseen ROC 0.9758 PR 0.9088 | valAUC 0.9917 | tau+ 0.891
[OUTPOST-v4] epoch 336: test-all ROC 0.9775 PR 0.9308 | unseen ROC 0.9750 PR 0.9062 | valAUC 0.9936 | tau+ 0.875
[OUTPOST-v4] epoch 337: test-all ROC 0.9778 PR 0.9329 | unseen ROC 0.9753 PR 0.9092 | valAUC 0.9948 | tau+ 0.868
[OUTPOST-v4] epoch 338: test-all ROC 0.9787 PR 0.9320 | unseen ROC 0.9763 PR 0.9066 | valAUC 0.9811 | tau+ 0.865
[OUTPOST-v4] epoch 339: test-all ROC 0.9779 PR 0.9315 | unseen ROC 0.9757 PR 0.9062 | valAUC 0.9898 | tau+ 0.721
[OUTPOST-v4] epoch 340: test-all ROC 0.9768 PR 0.9264 | unseen ROC 0.9746 PR 0.8996 | valAUC 0.9913 | tau+ 0.932
[OUTPOST-v4] epoch 341: test-all ROC 0.9785 PR 0.9321 | unseen ROC 0.9760 PR 0.9076 | valAUC 0.9967 | tau+ 0.788
[OUTPOST-v4] epoch 342: test-all ROC 0.9788 PR 0.9365 | unseen ROC 0.9765 PR 0.9142 | valAUC 0.9962 | tau+ 0.615
[OUTPOST-v4] epoch 343: test-all ROC 0.9802 PR 0.9412 | unseen ROC 0.9778 PR 0.9204 | valAUC 0.9962 | tau+ 0.701
[OUTPOST-v4] epoch 344: test-all ROC 0.9790 PR 0.9394 | unseen ROC 0.9767 PR 0.9185 | valAUC 0.9905 | tau+ 0.500
[OUTPOST-v4] epoch 345: test-all ROC 0.9779 PR 0.9314 | unseen ROC 0.9753 PR 0.9061 | valAUC 0.9894 | tau+ 0.795
[OUTPOST-v4] epoch 346: test-all ROC 0.9776 PR 0.9312 | unseen ROC 0.9750 PR 0.9070 | valAUC 0.9894 | tau+ 0.734
[OUTPOST-v4] epoch 347: test-all ROC 0.9779 PR 0.9314 | unseen ROC 0.9755 PR 0.9067 | valAUC 0.9901 | tau+ 0.500
[OUTPOST-v4] epoch 348: test-all ROC 0.9781 PR 0.9330 | unseen ROC 0.9757 PR 0.9098 | valAUC 0.9939 | tau+ 0.737
[OUTPOST-v4] epoch 349: test-all ROC 0.9776 PR 0.9303 | unseen ROC 0.9754 PR 0.9058 | valAUC 0.9972 | tau+ 0.855
[OUTPOST-v4] epoch 350: test-all ROC 0.9766 PR 0.9228 | unseen ROC 0.9742 PR 0.8947 | valAUC 0.9934 | tau+ 0.919
[OUTPOST-v4] epoch 351: test-all ROC 0.9761 PR 0.9224 | unseen ROC 0.9736 PR 0.8940 | valAUC 0.9887 | tau+ 0.813
[OUTPOST-v4] epoch 352: test-all ROC 0.9768 PR 0.9256 | unseen ROC 0.9743 PR 0.8992 | valAUC 0.9941 | tau+ 0.838
[OUTPOST-v4] epoch 353: test-all ROC 0.9758 PR 0.9201 | unseen ROC 0.9732 PR 0.8903 | valAUC 0.9946 | tau+ 0.962
[OUTPOST-v4] epoch 354: test-all ROC 0.9767 PR 0.9239 | unseen ROC 0.9741 PR 0.8961 | valAUC 0.9915 | tau+ 0.929
[OUTPOST-v4] epoch 355: test-all ROC 0.9779 PR 0.9271 | unseen ROC 0.9755 PR 0.9007 | valAUC 0.9924 | tau+ 0.802
[OUTPOST-v4] epoch 356: test-all ROC 0.9772 PR 0.9297 | unseen ROC 0.9748 PR 0.9045 | valAUC 0.9946 | tau+ 0.796
[OUTPOST-v4] epoch 357: test-all ROC 0.9776 PR 0.9300 | unseen ROC 0.9752 PR 0.9043 | valAUC 0.9972 | tau+ 0.672
[OUTPOST-v4] epoch 358: test-all ROC 0.9777 PR 0.9319 | unseen ROC 0.9751 PR 0.9072 | valAUC 0.9920 | tau+ 0.601
[OUTPOST-v4] epoch 359: test-all ROC 0.9759 PR 0.9258 | unseen ROC 0.9733 PR 0.8992 | valAUC 0.9948 | tau+ 0.910
[OUTPOST-v4] epoch 360: test-all ROC 0.9770 PR 0.9296 | unseen ROC 0.9746 PR 0.9048 | valAUC 0.9953 | tau+ 0.903
[OUTPOST-v4] epoch 361: test-all ROC 0.9779 PR 0.9345 | unseen ROC 0.9754 PR 0.9114 | valAUC 0.9931 | tau+ 0.600
[OUTPOST-v4] epoch 362: test-all ROC 0.9778 PR 0.9336 | unseen ROC 0.9755 PR 0.9103 | valAUC 0.9957 | tau+ 0.500
[OUTPOST-v4] epoch 363: test-all ROC 0.9775 PR 0.9304 | unseen ROC 0.9747 PR 0.9052 | valAUC 0.9948 | tau+ 0.680
[OUTPOST-v4] epoch 364: test-all ROC 0.9759 PR 0.9224 | unseen ROC 0.9734 PR 0.8944 | valAUC 0.9913 | tau+ 0.892
[OUTPOST-v4] epoch 365: test-all ROC 0.9759 PR 0.9224 | unseen ROC 0.9732 PR 0.8944 | valAUC 0.9948 | tau+ 0.915
[OUTPOST-v4] epoch 366: test-all ROC 0.9770 PR 0.9278 | unseen ROC 0.9745 PR 0.9023 | valAUC 0.9905 | tau+ 0.868
[OUTPOST-v4] epoch 367: test-all ROC 0.9777 PR 0.9292 | unseen ROC 0.9752 PR 0.9035 | valAUC 0.9953 | tau+ 0.500
[OUTPOST-v4] epoch 368: test-all ROC 0.9774 PR 0.9312 | unseen ROC 0.9751 PR 0.9069 | valAUC 0.9957 | tau+ 0.746
[OUTPOST-v4] epoch 369: test-all ROC 0.9770 PR 0.9295 | unseen ROC 0.9745 PR 0.9051 | valAUC 0.9948 | tau+ 0.728
[OUTPOST-v4] epoch 370: test-all ROC 0.9773 PR 0.9272 | unseen ROC 0.9748 PR 0.9013 | valAUC 0.9950 | tau+ 0.766
[OUTPOST-v4] epoch 371: test-all ROC 0.9768 PR 0.9283 | unseen ROC 0.9743 PR 0.9033 | valAUC 0.9934 | tau+ 0.799
[OUTPOST-v4] epoch 372: test-all ROC 0.9769 PR 0.9319 | unseen ROC 0.9744 PR 0.9088 | valAUC 0.9969 | tau+ 0.500
[OUTPOST-v4] epoch 373: test-all ROC 0.9779 PR 0.9305 | unseen ROC 0.9755 PR 0.9059 | valAUC 0.9941 | tau+ 0.704
[OUTPOST-v4] epoch 374: test-all ROC 0.9772 PR 0.9296 | unseen ROC 0.9749 PR 0.9054 | valAUC 0.9953 | tau+ 0.868
[OUTPOST-v4] epoch 375: test-all ROC 0.9776 PR 0.9306 | unseen ROC 0.9755 PR 0.9072 | valAUC 0.9948 | tau+ 0.715
[OUTPOST-v4] epoch 376: test-all ROC 0.9764 PR 0.9268 | unseen ROC 0.9737 PR 0.9008 | valAUC 0.9953 | tau+ 0.622
[OUTPOST-v4] epoch 377: test-all ROC 0.9765 PR 0.9263 | unseen ROC 0.9741 PR 0.9003 | valAUC 0.9931 | tau+ 0.930
[OUTPOST-v4] epoch 378: test-all ROC 0.9771 PR 0.9284 | unseen ROC 0.9749 PR 0.9038 | valAUC 0.9965 | tau+ 0.500
[OUTPOST-v4] epoch 379: test-all ROC 0.9769 PR 0.9269 | unseen ROC 0.9744 PR 0.9017 | valAUC 0.9920 | tau+ 0.841
[OUTPOST-v4] epoch 380: test-all ROC 0.9768 PR 0.9271 | unseen ROC 0.9745 PR 0.9024 | valAUC 0.9910 | tau+ 0.886
[OUTPOST-v4] epoch 381: test-all ROC 0.9768 PR 0.9271 | unseen ROC 0.9741 PR 0.9012 | valAUC 0.9960 | tau+ 0.827
[OUTPOST-v4] epoch 382: test-all ROC 0.9785 PR 0.9312 | unseen ROC 0.9762 PR 0.9069 | valAUC 0.9960 | tau+ 0.666
[OUTPOST-v4] epoch 383: test-all ROC 0.9779 PR 0.9324 | unseen ROC 0.9756 PR 0.9090 | valAUC 0.9929 | tau+ 0.592
[OUTPOST-v4] epoch 384: test-all ROC 0.9777 PR 0.9308 | unseen ROC 0.9751 PR 0.9067 | valAUC 0.9917 | tau+ 0.829
[OUTPOST-v4] epoch 385: test-all ROC 0.9774 PR 0.9290 | unseen ROC 0.9750 PR 0.9049 | valAUC 0.9950 | tau+ 0.808
[OUTPOST-v4] epoch 386: test-all ROC 0.9783 PR 0.9349 | unseen ROC 0.9760 PR 0.9126 | valAUC 0.9915 | tau+ 0.531
[OUTPOST-v4] epoch 387: test-all ROC 0.9788 PR 0.9354 | unseen ROC 0.9764 PR 0.9130 | valAUC 0.9934 | tau+ 0.705
[OUTPOST-v4] epoch 388: test-all ROC 0.9787 PR 0.9359 | unseen ROC 0.9765 PR 0.9142 | valAUC 0.9910 | tau+ 0.920
[OUTPOST-v4] epoch 389: test-all ROC 0.9788 PR 0.9355 | unseen ROC 0.9766 PR 0.9140 | valAUC 0.9946 | tau+ 0.720
[OUTPOST-v4] epoch 390: test-all ROC 0.9784 PR 0.9337 | unseen ROC 0.9760 PR 0.9111 | valAUC 0.9939 | tau+ 0.859
[OUTPOST-v4] epoch 391: test-all ROC 0.9795 PR 0.9368 | unseen ROC 0.9773 PR 0.9149 | valAUC 0.9972 | tau+ 0.767
[OUTPOST-v4] epoch 392: test-all ROC 0.9786 PR 0.9338 | unseen ROC 0.9763 PR 0.9109 | valAUC 0.9896 | tau+ 0.635
[OUTPOST-v4] epoch 393: test-all ROC 0.9778 PR 0.9299 | unseen ROC 0.9757 PR 0.9058 | valAUC 0.9913 | tau+ 0.913
[OUTPOST-v4] epoch 394: test-all ROC 0.9774 PR 0.9269 | unseen ROC 0.9752 PR 0.9017 | valAUC 0.9946 | tau+ 0.982
[OUTPOST-v4] epoch 395: test-all ROC 0.9786 PR 0.9343 | unseen ROC 0.9768 PR 0.9127 | valAUC 0.9887 | tau+ 0.808
[OUTPOST-v4] epoch 396: test-all ROC 0.9797 PR 0.9399 | unseen ROC 0.9776 PR 0.9196 | valAUC 0.9957 | tau+ 0.500
[OUTPOST-v4] epoch 397: test-all ROC 0.9790 PR 0.9366 | unseen ROC 0.9769 PR 0.9151 | valAUC 0.9950 | tau+ 0.654
[OUTPOST-v4] epoch 398: test-all ROC 0.9785 PR 0.9336 | unseen ROC 0.9766 PR 0.9116 | valAUC 0.9879 | tau+ 0.927
[OUTPOST-v4] epoch 399: test-all ROC 0.9787 PR 0.9357 | unseen ROC 0.9763 PR 0.9135 | valAUC 0.9960 | tau+ 0.645
  rotation 0: ROC 0.9819 PR 0.9528
[cs] params 889793, peak GPU 18.27 GB, 77.2 min total
[cs] ran 1/8 rotations; no results.csv row written. Merge the shards with:
    python analysis/scripts/merge_rotations.py
