# gpu=3 cmd=/usr/bin/python3 -u main.py --dataset computers --seed 8 --method outpost --tag E400_nogate --rotations 9 --set use_atlas_gate=false num_epochs=400
/nas/home/jahin/.local/lib/python3.10/site-packages/requests/__init__.py:113: RequestsDependencyWarning: urllib3 (1.26.5) or chardet (7.2.0)/charset_normalizer (3.4.4) doesn't match a supported version!
  warnings.warn(
[0.03170448 0.15575916 0.10282141 0.03941245 0.37507272 0.02239674
 0.03541303 0.05948226 0.1567772  0.02116056]
[computers] anomaly classes (rotations): [np.int64(0), np.int64(3), np.int64(5), np.int64(6), np.int64(9)]
[computers] running subset: [np.int64(9)]
Normal classes: [np.int64(1), np.int64(2), np.int64(4), np.int64(7), np.int64(8)] in computers
Building multi-layer GraphSage
[OUTPOST-v4] epoch 0: test-all ROC 0.4551 PR 0.1385 | unseen ROC 0.4585 PR 0.1263 | valAUC 0.3810 | tau+ 0.500
[OUTPOST-v4] epoch 1: test-all ROC 0.4583 PR 0.1399 | unseen ROC 0.4633 PR 0.1281 | valAUC 0.3572 | tau+ 0.500
[OUTPOST-v4] epoch 2: test-all ROC 0.4544 PR 0.1386 | unseen ROC 0.4595 PR 0.1267 | valAUC 0.3830 | tau+ 0.500
[OUTPOST-v4] epoch 3: test-all ROC 0.4548 PR 0.1383 | unseen ROC 0.4606 PR 0.1266 | valAUC 0.3782 | tau+ 0.500
[OUTPOST-v4] epoch 4: test-all ROC 0.4528 PR 0.1381 | unseen ROC 0.4575 PR 0.1262 | valAUC 0.3690 | tau+ 0.500
[OUTPOST-v4] epoch 5: test-all ROC 0.4547 PR 0.1386 | unseen ROC 0.4597 PR 0.1267 | valAUC 0.3839 | tau+ 0.500
[OUTPOST-v4] epoch 6: test-all ROC 0.4601 PR 0.1400 | unseen ROC 0.4651 PR 0.1282 | valAUC 0.3968 | tau+ 0.500
[OUTPOST-v4] epoch 7: test-all ROC 0.4640 PR 0.1415 | unseen ROC 0.4675 PR 0.1291 | valAUC 0.3968 | tau+ 0.500
[OUTPOST-v4] epoch 8: test-all ROC 0.4657 PR 0.1420 | unseen ROC 0.4694 PR 0.1297 | valAUC 0.4170 | tau+ 0.500
[OUTPOST-v4] epoch 9: test-all ROC 0.4731 PR 0.1438 | unseen ROC 0.4753 PR 0.1311 | valAUC 0.4000 | tau+ 0.500
[OUTPOST-v4] epoch 10: test-all ROC 0.4743 PR 0.1444 | unseen ROC 0.4758 PR 0.1313 | valAUC 0.4282 | tau+ 0.500
[OUTPOST-v4] epoch 11: test-all ROC 0.4797 PR 0.1462 | unseen ROC 0.4817 PR 0.1331 | valAUC 0.4264 | tau+ 0.500
[OUTPOST-v4] epoch 12: test-all ROC 0.4842 PR 0.1484 | unseen ROC 0.4857 PR 0.1351 | valAUC 0.4557 | tau+ 0.500
[OUTPOST-v4] epoch 13: test-all ROC 0.4830 PR 0.1471 | unseen ROC 0.4814 PR 0.1328 | valAUC 0.4747 | tau+ 0.500
[OUTPOST-v4] epoch 14: test-all ROC 0.4791 PR 0.1464 | unseen ROC 0.4775 PR 0.1321 | valAUC 0.4977 | tau+ 0.500
[OUTPOST-v4] epoch 15: test-all ROC 0.4844 PR 0.1472 | unseen ROC 0.4828 PR 0.1329 | valAUC 0.5055 | tau+ 0.500
[OUTPOST-v4] epoch 16: test-all ROC 0.4902 PR 0.1496 | unseen ROC 0.4866 PR 0.1346 | valAUC 0.4917 | tau+ 0.500
[OUTPOST-v4] epoch 17: test-all ROC 0.4937 PR 0.1503 | unseen ROC 0.4904 PR 0.1351 | valAUC 0.5112 | tau+ 0.500
[OUTPOST-v4] epoch 18: test-all ROC 0.4954 PR 0.1506 | unseen ROC 0.4919 PR 0.1354 | valAUC 0.5184 | tau+ 0.500
[OUTPOST-v4] epoch 19: test-all ROC 0.5008 PR 0.1530 | unseen ROC 0.4951 PR 0.1367 | valAUC 0.5532 | tau+ 0.500
[OUTPOST-v4] epoch 20: test-all ROC 0.5039 PR 0.1538 | unseen ROC 0.4992 PR 0.1377 | valAUC 0.5618 | tau+ 0.500
[OUTPOST-v4] epoch 21: test-all ROC 0.5100 PR 0.1567 | unseen ROC 0.5041 PR 0.1400 | valAUC 0.5842 | tau+ 0.500
[OUTPOST-v4] epoch 22: test-all ROC 0.5120 PR 0.1568 | unseen ROC 0.5058 PR 0.1400 | valAUC 0.5931 | tau+ 0.500
[OUTPOST-v4] epoch 23: test-all ROC 0.5180 PR 0.1590 | unseen ROC 0.5108 PR 0.1414 | valAUC 0.6020 | tau+ 0.500
[OUTPOST-v4] epoch 24: test-all ROC 0.5179 PR 0.1590 | unseen ROC 0.5103 PR 0.1415 | valAUC 0.5920 | tau+ 0.500
[OUTPOST-v4] epoch 25: test-all ROC 0.5176 PR 0.1596 | unseen ROC 0.5108 PR 0.1420 | valAUC 0.5853 | tau+ 0.500
[OUTPOST-v4] epoch 26: test-all ROC 0.5204 PR 0.1611 | unseen ROC 0.5143 PR 0.1437 | valAUC 0.5793 | tau+ 0.500
[OUTPOST-v4] epoch 27: test-all ROC 0.5136 PR 0.1579 | unseen ROC 0.5074 PR 0.1409 | valAUC 0.5744 | tau+ 0.500
[OUTPOST-v4] epoch 28: test-all ROC 0.5152 PR 0.1581 | unseen ROC 0.5084 PR 0.1408 | valAUC 0.5790 | tau+ 0.500
[OUTPOST-v4] epoch 29: test-all ROC 0.5149 PR 0.1585 | unseen ROC 0.5081 PR 0.1409 | valAUC 0.5819 | tau+ 0.500
[OUTPOST-v4] epoch 30: test-all ROC 0.5208 PR 0.1617 | unseen ROC 0.5136 PR 0.1435 | valAUC 0.5897 | tau+ 0.500
[OUTPOST-v4] epoch 31: test-all ROC 0.5238 PR 0.1629 | unseen ROC 0.5152 PR 0.1443 | valAUC 0.6207 | tau+ 0.500
[OUTPOST-v4] epoch 32: test-all ROC 0.5293 PR 0.1644 | unseen ROC 0.5202 PR 0.1453 | valAUC 0.6326 | tau+ 0.500
[OUTPOST-v4] epoch 33: test-all ROC 0.5347 PR 0.1664 | unseen ROC 0.5247 PR 0.1468 | valAUC 0.6543 | tau+ 0.500
[OUTPOST-v4] epoch 34: test-all ROC 0.5385 PR 0.1690 | unseen ROC 0.5273 PR 0.1485 | valAUC 0.6589 | tau+ 0.500
[OUTPOST-v4] epoch 35: test-all ROC 0.5409 PR 0.1694 | unseen ROC 0.5297 PR 0.1492 | valAUC 0.6713 | tau+ 0.500
[OUTPOST-v4] epoch 36: test-all ROC 0.5531 PR 0.1744 | unseen ROC 0.5399 PR 0.1523 | valAUC 0.6977 | tau+ 0.500
[OUTPOST-v4] epoch 37: test-all ROC 0.5696 PR 0.1808 | unseen ROC 0.5536 PR 0.1568 | valAUC 0.7388 | tau+ 0.500
[OUTPOST-v4] epoch 38: test-all ROC 0.5767 PR 0.1845 | unseen ROC 0.5585 PR 0.1588 | valAUC 0.7592 | tau+ 0.500
[OUTPOST-v4] epoch 39: test-all ROC 0.5830 PR 0.1877 | unseen ROC 0.5641 PR 0.1611 | valAUC 0.7698 | tau+ 0.500
[OUTPOST-v4] epoch 40: test-all ROC 0.5905 PR 0.1916 | unseen ROC 0.5704 PR 0.1636 | valAUC 0.7693 | tau+ 0.500
[OUTPOST-v4] epoch 41: test-all ROC 0.5980 PR 0.1954 | unseen ROC 0.5760 PR 0.1655 | valAUC 0.7945 | tau+ 0.500
[OUTPOST-v4] epoch 42: test-all ROC 0.6043 PR 0.1991 | unseen ROC 0.5808 PR 0.1674 | valAUC 0.8296 | tau+ 0.500
[OUTPOST-v4] epoch 43: test-all ROC 0.6127 PR 0.2049 | unseen ROC 0.5882 PR 0.1712 | valAUC 0.8451 | tau+ 0.500
[OUTPOST-v4] epoch 44: test-all ROC 0.6228 PR 0.2121 | unseen ROC 0.5976 PR 0.1759 | valAUC 0.8710 | tau+ 0.500
[OUTPOST-v4] epoch 45: test-all ROC 0.6358 PR 0.2215 | unseen ROC 0.6086 PR 0.1813 | valAUC 0.8934 | tau+ 0.500
[OUTPOST-v4] epoch 46: test-all ROC 0.6421 PR 0.2273 | unseen ROC 0.6143 PR 0.1848 | valAUC 0.9017 | tau+ 0.500
[OUTPOST-v4] epoch 47: test-all ROC 0.6498 PR 0.2342 | unseen ROC 0.6216 PR 0.1887 | valAUC 0.9149 | tau+ 0.500
[OUTPOST-v4] epoch 48: test-all ROC 0.6616 PR 0.2449 | unseen ROC 0.6325 PR 0.1954 | valAUC 0.9290 | tau+ 0.500
[OUTPOST-v4] epoch 49: test-all ROC 0.6740 PR 0.2568 | unseen ROC 0.6445 PR 0.2020 | valAUC 0.9463 | tau+ 0.500
[OUTPOST-v4] epoch 50: test-all ROC 0.6820 PR 0.2668 | unseen ROC 0.6525 PR 0.2073 | valAUC 0.9609 | tau+ 0.500
[OUTPOST-v4] epoch 51: test-all ROC 0.6872 PR 0.2704 | unseen ROC 0.6576 PR 0.2094 | valAUC 0.9546 | tau+ 0.500
[OUTPOST-v4] epoch 52: test-all ROC 0.6905 PR 0.2746 | unseen ROC 0.6604 PR 0.2114 | valAUC 0.9580 | tau+ 0.500
[OUTPOST-v4] epoch 53: test-all ROC 0.6968 PR 0.2849 | unseen ROC 0.6668 PR 0.2158 | valAUC 0.9684 | tau+ 0.500
[OUTPOST-v4] epoch 54: test-all ROC 0.7020 PR 0.2925 | unseen ROC 0.6719 PR 0.2177 | valAUC 0.9675 | tau+ 0.500
[OUTPOST-v4] epoch 55: test-all ROC 0.7049 PR 0.2976 | unseen ROC 0.6750 PR 0.2206 | valAUC 0.9773 | tau+ 0.500
[OUTPOST-v4] epoch 56: test-all ROC 0.7101 PR 0.3008 | unseen ROC 0.6804 PR 0.2231 | valAUC 0.9707 | tau+ 0.500
[OUTPOST-v4] epoch 57: test-all ROC 0.7138 PR 0.3046 | unseen ROC 0.6843 PR 0.2251 | valAUC 0.9721 | tau+ 0.500
[OUTPOST-v4] epoch 58: test-all ROC 0.7126 PR 0.3040 | unseen ROC 0.6832 PR 0.2236 | valAUC 0.9716 | tau+ 0.500
[OUTPOST-v4] epoch 59: test-all ROC 0.7149 PR 0.3098 | unseen ROC 0.6854 PR 0.2267 | valAUC 0.9759 | tau+ 0.500
[OUTPOST-v4] epoch 60: test-all ROC 0.7221 PR 0.3213 | unseen ROC 0.6928 PR 0.2314 | valAUC 0.9782 | tau+ 0.500
[OUTPOST-v4] epoch 61: test-all ROC 0.7329 PR 0.3377 | unseen ROC 0.7044 PR 0.2396 | valAUC 0.9842 | tau+ 0.500
[OUTPOST-v4] epoch 62: test-all ROC 0.7389 PR 0.3538 | unseen ROC 0.7103 PR 0.2466 | valAUC 0.9865 | tau+ 0.500
[OUTPOST-v4] epoch 63: test-all ROC 0.7424 PR 0.3613 | unseen ROC 0.7142 PR 0.2487 | valAUC 0.9845 | tau+ 0.500
[OUTPOST-v4] epoch 64: test-all ROC 0.7433 PR 0.3644 | unseen ROC 0.7150 PR 0.2524 | valAUC 0.9874 | tau+ 0.500
[OUTPOST-v4] epoch 65: test-all ROC 0.7472 PR 0.3754 | unseen ROC 0.7190 PR 0.2570 | valAUC 0.9899 | tau+ 0.500
[OUTPOST-v4] epoch 66: test-all ROC 0.7593 PR 0.3976 | unseen ROC 0.7320 PR 0.2713 | valAUC 0.9943 | tau+ 0.500
[OUTPOST-v4] epoch 67: test-all ROC 0.7707 PR 0.4186 | unseen ROC 0.7443 PR 0.2872 | valAUC 0.9945 | tau+ 0.500
[OUTPOST-v4] epoch 68: test-all ROC 0.7757 PR 0.4273 | unseen ROC 0.7497 PR 0.2962 | valAUC 0.9977 | tau+ 0.500
[OUTPOST-v4] epoch 69: test-all ROC 0.7774 PR 0.4295 | unseen ROC 0.7517 PR 0.2967 | valAUC 0.9963 | tau+ 0.500
[OUTPOST-v4] epoch 70: test-all ROC 0.7760 PR 0.4274 | unseen ROC 0.7500 PR 0.2949 | valAUC 0.9957 | tau+ 0.500
[OUTPOST-v4] epoch 71: test-all ROC 0.7811 PR 0.4388 | unseen ROC 0.7556 PR 0.3046 | valAUC 0.9986 | tau+ 0.500
[OUTPOST-v4] epoch 72: test-all ROC 0.7869 PR 0.4511 | unseen ROC 0.7620 PR 0.3175 | valAUC 0.9980 | tau+ 0.500
[OUTPOST-v4] epoch 73: test-all ROC 0.7936 PR 0.4663 | unseen ROC 0.7694 PR 0.3340 | valAUC 0.9989 | tau+ 0.500
[OUTPOST-v4] epoch 74: test-all ROC 0.7975 PR 0.4716 | unseen ROC 0.7737 PR 0.3404 | valAUC 0.9980 | tau+ 0.500
[OUTPOST-v4] epoch 75: test-all ROC 0.7954 PR 0.4716 | unseen ROC 0.7714 PR 0.3396 | valAUC 0.9991 | tau+ 0.500
[OUTPOST-v4] epoch 76: test-all ROC 0.7933 PR 0.4712 | unseen ROC 0.7691 PR 0.3393 | valAUC 0.9986 | tau+ 0.500
[OUTPOST-v4] epoch 77: test-all ROC 0.7947 PR 0.4749 | unseen ROC 0.7705 PR 0.3432 | valAUC 0.9986 | tau+ 0.500
[OUTPOST-v4] epoch 78: test-all ROC 0.7983 PR 0.4891 | unseen ROC 0.7746 PR 0.3610 | valAUC 0.9991 | tau+ 0.500
[OUTPOST-v4] epoch 79: test-all ROC 0.7992 PR 0.4929 | unseen ROC 0.7757 PR 0.3673 | valAUC 0.9989 | tau+ 0.500
[OUTPOST-v4] epoch 80: test-all ROC 0.8015 PR 0.5032 | unseen ROC 0.7781 PR 0.3778 | valAUC 0.9994 | tau+ 0.500
[OUTPOST-v4] epoch 81: test-all ROC 0.8063 PR 0.5151 | unseen ROC 0.7835 PR 0.3931 | valAUC 0.9989 | tau+ 0.500
[OUTPOST-v4] epoch 82: test-all ROC 0.8099 PR 0.5264 | unseen ROC 0.7874 PR 0.4076 | valAUC 1.0000 | tau+ 0.500
[OUTPOST-v4] epoch 83: test-all ROC 0.8096 PR 0.5268 | unseen ROC 0.7872 PR 0.4094 | valAUC 0.9994 | tau+ 0.500
[OUTPOST-v4] epoch 84: test-all ROC 0.8028 PR 0.5110 | unseen ROC 0.7796 PR 0.3902 | valAUC 0.9991 | tau+ 0.500
[OUTPOST-v4] epoch 85: test-all ROC 0.8040 PR 0.5116 | unseen ROC 0.7809 PR 0.3908 | valAUC 0.9991 | tau+ 0.500
[OUTPOST-v4] epoch 86: test-all ROC 0.8124 PR 0.5304 | unseen ROC 0.7903 PR 0.4147 | valAUC 0.9997 | tau+ 0.500
[OUTPOST-v4] epoch 87: test-all ROC 0.8301 PR 0.5631 | unseen ROC 0.8102 PR 0.4509 | valAUC 1.0000 | tau+ 0.500
[OUTPOST-v4] epoch 88: test-all ROC 0.8306 PR 0.5644 | unseen ROC 0.8107 PR 0.4532 | valAUC 0.9997 | tau+ 0.500
[OUTPOST-v4] epoch 89: test-all ROC 0.8313 PR 0.5649 | unseen ROC 0.8115 PR 0.4536 | valAUC 1.0000 | tau+ 0.500
[OUTPOST-v4] epoch 90: test-all ROC 0.8341 PR 0.5694 | unseen ROC 0.8146 PR 0.4596 | valAUC 0.9997 | tau+ 0.500
[OUTPOST-v4] epoch 91: test-all ROC 0.8310 PR 0.5618 | unseen ROC 0.8111 PR 0.4507 | valAUC 1.0000 | tau+ 0.500
[OUTPOST-v4] epoch 92: test-all ROC 0.8325 PR 0.5585 | unseen ROC 0.8127 PR 0.4469 | valAUC 1.0000 | tau+ 0.500
[OUTPOST-v4] epoch 93: test-all ROC 0.8336 PR 0.5649 | unseen ROC 0.8140 PR 0.4553 | valAUC 0.9997 | tau+ 0.500
[OUTPOST-v4] epoch 94: test-all ROC 0.8359 PR 0.5704 | unseen ROC 0.8165 PR 0.4630 | valAUC 0.9994 | tau+ 0.500
[OUTPOST-v4] epoch 95: test-all ROC 0.8433 PR 0.5863 | unseen ROC 0.8249 PR 0.4801 | valAUC 1.0000 | tau+ 0.500
[OUTPOST-v4] epoch 96: test-all ROC 0.8479 PR 0.5979 | unseen ROC 0.8301 PR 0.4947 | valAUC 0.9997 | tau+ 0.500
[OUTPOST-v4] epoch 97: test-all ROC 0.8479 PR 0.5995 | unseen ROC 0.8301 PR 0.4958 | valAUC 1.0000 | tau+ 0.500
[OUTPOST-v4] epoch 98: test-all ROC 0.8473 PR 0.5963 | unseen ROC 0.8294 PR 0.4933 | valAUC 0.9997 | tau+ 0.500
[OUTPOST-v4] epoch 99: test-all ROC 0.8455 PR 0.5886 | unseen ROC 0.8273 PR 0.4845 | valAUC 0.9997 | tau+ 0.500
[OUTPOST-v4] epoch 100: test-all ROC 0.8449 PR 0.5870 | unseen ROC 0.8267 PR 0.4841 | valAUC 0.9997 | tau+ 0.500
[OUTPOST-v4] epoch 101: test-all ROC 0.8456 PR 0.5878 | unseen ROC 0.8274 PR 0.4849 | valAUC 1.0000 | tau+ 0.500
[OUTPOST-v4] epoch 102: test-all ROC 0.8475 PR 0.5932 | unseen ROC 0.8295 PR 0.4904 | valAUC 1.0000 | tau+ 0.500
[OUTPOST-v4] epoch 103: test-all ROC 0.8503 PR 0.5996 | unseen ROC 0.8327 PR 0.4988 | valAUC 1.0000 | tau+ 0.500
[OUTPOST-v4] epoch 104: test-all ROC 0.8507 PR 0.6005 | unseen ROC 0.8331 PR 0.4985 | valAUC 1.0000 | tau+ 0.500
[OUTPOST-v4] epoch 105: test-all ROC 0.8519 PR 0.6022 | unseen ROC 0.8345 PR 0.5022 | valAUC 1.0000 | tau+ 0.500
[OUTPOST-v4] epoch 106: test-all ROC 0.8541 PR 0.6034 | unseen ROC 0.8369 PR 0.5030 | valAUC 1.0000 | tau+ 0.500
[OUTPOST-v4] epoch 107: test-all ROC 0.8562 PR 0.6072 | unseen ROC 0.8393 PR 0.5076 | valAUC 1.0000 | tau+ 0.500
[OUTPOST-v4] epoch 108: test-all ROC 0.8538 PR 0.6065 | unseen ROC 0.8366 PR 0.5068 | valAUC 1.0000 | tau+ 0.500
[OUTPOST-v4] epoch 109: test-all ROC 0.8558 PR 0.6085 | unseen ROC 0.8388 PR 0.5103 | valAUC 1.0000 | tau+ 0.500
[OUTPOST-v4] epoch 110: test-all ROC 0.8591 PR 0.6139 | unseen ROC 0.8425 PR 0.5170 | valAUC 1.0000 | tau+ 0.500
[OUTPOST-v4] epoch 111: test-all ROC 0.8600 PR 0.6185 | unseen ROC 0.8436 PR 0.5223 | valAUC 1.0000 | tau+ 0.500
[OUTPOST-v4] epoch 112: test-all ROC 0.8610 PR 0.6211 | unseen ROC 0.8446 PR 0.5252 | valAUC 1.0000 | tau+ 0.500
[OUTPOST-v4] epoch 113: test-all ROC 0.8660 PR 0.6286 | unseen ROC 0.8503 PR 0.5335 | valAUC 1.0000 | tau+ 0.500
[OUTPOST-v4] epoch 114: test-all ROC 0.8672 PR 0.6295 | unseen ROC 0.8516 PR 0.5354 | valAUC 1.0000 | tau+ 0.500
[OUTPOST-v4] epoch 115: test-all ROC 0.8656 PR 0.6236 | unseen ROC 0.8499 PR 0.5297 | valAUC 1.0000 | tau+ 0.500
[OUTPOST-v4] epoch 116: test-all ROC 0.8657 PR 0.6259 | unseen ROC 0.8499 PR 0.5311 | valAUC 1.0000 | tau+ 0.500
[OUTPOST-v4] epoch 117: test-all ROC 0.8651 PR 0.6243 | unseen ROC 0.8493 PR 0.5304 | valAUC 1.0000 | tau+ 0.500
[OUTPOST-v4] epoch 118: test-all ROC 0.8673 PR 0.6276 | unseen ROC 0.8518 PR 0.5327 | valAUC 1.0000 | tau+ 0.500
[OUTPOST-v4] epoch 119: test-all ROC 0.8695 PR 0.6321 | unseen ROC 0.8541 PR 0.5386 | valAUC 1.0000 | tau+ 0.500
[OUTPOST-v4] epoch 120: test-all ROC 0.8699 PR 0.6358 | unseen ROC 0.8546 PR 0.5439 | valAUC 0.9997 | tau+ 0.500
[OUTPOST-v4] epoch 121: test-all ROC 0.8701 PR 0.6397 | unseen ROC 0.8548 PR 0.5479 | valAUC 1.0000 | tau+ 0.500
[OUTPOST-v4] epoch 122: test-all ROC 0.8707 PR 0.6377 | unseen ROC 0.8555 PR 0.5453 | valAUC 1.0000 | tau+ 0.500
[OUTPOST-v4] epoch 123: test-all ROC 0.8677 PR 0.6335 | unseen ROC 0.8521 PR 0.5406 | valAUC 1.0000 | tau+ 0.500
[OUTPOST-v4] epoch 124: test-all ROC 0.8671 PR 0.6310 | unseen ROC 0.8515 PR 0.5387 | valAUC 1.0000 | tau+ 0.500
[OUTPOST-v4] epoch 125: test-all ROC 0.8706 PR 0.6383 | unseen ROC 0.8554 PR 0.5466 | valAUC 1.0000 | tau+ 0.500
[OUTPOST-v4] epoch 126: test-all ROC 0.8702 PR 0.6389 | unseen ROC 0.8549 PR 0.5469 | valAUC 1.0000 | tau+ 0.500
[OUTPOST-v4] epoch 127: test-all ROC 0.8767 PR 0.6510 | unseen ROC 0.8623 PR 0.5602 | valAUC 1.0000 | tau+ 0.500
[OUTPOST-v4] epoch 128: test-all ROC 0.8761 PR 0.6546 | unseen ROC 0.8616 PR 0.5666 | valAUC 1.0000 | tau+ 0.500
[OUTPOST-v4] epoch 129: test-all ROC 0.8768 PR 0.6499 | unseen ROC 0.8624 PR 0.5593 | valAUC 0.9997 | tau+ 0.500
[OUTPOST-v4] epoch 130: test-all ROC 0.8762 PR 0.6508 | unseen ROC 0.8617 PR 0.5622 | valAUC 1.0000 | tau+ 0.500
[OUTPOST-v4] epoch 131: test-all ROC 0.8773 PR 0.6486 | unseen ROC 0.8629 PR 0.5606 | valAUC 1.0000 | tau+ 0.500
[OUTPOST-v4] epoch 132: test-all ROC 0.8779 PR 0.6513 | unseen ROC 0.8635 PR 0.5640 | valAUC 1.0000 | tau+ 0.500
[OUTPOST-v4] epoch 133: test-all ROC 0.8779 PR 0.6513 | unseen ROC 0.8636 PR 0.5638 | valAUC 1.0000 | tau+ 0.500
[OUTPOST-v4] epoch 134: test-all ROC 0.8811 PR 0.6596 | unseen ROC 0.8671 PR 0.5733 | valAUC 1.0000 | tau+ 0.500
[OUTPOST-v4] epoch 135: test-all ROC 0.8798 PR 0.6570 | unseen ROC 0.8657 PR 0.5699 | valAUC 1.0000 | tau+ 0.500
[OUTPOST-v4] epoch 136: test-all ROC 0.8790 PR 0.6579 | unseen ROC 0.8648 PR 0.5726 | valAUC 0.9997 | tau+ 0.500
[OUTPOST-v4] epoch 137: test-all ROC 0.8790 PR 0.6557 | unseen ROC 0.8648 PR 0.5700 | valAUC 1.0000 | tau+ 0.500
[OUTPOST-v4] epoch 138: test-all ROC 0.8772 PR 0.6546 | unseen ROC 0.8628 PR 0.5689 | valAUC 1.0000 | tau+ 0.500
[OUTPOST-v4] epoch 139: test-all ROC 0.8749 PR 0.6489 | unseen ROC 0.8603 PR 0.5624 | valAUC 1.0000 | tau+ 0.500
[OUTPOST-v4] epoch 140: test-all ROC 0.8758 PR 0.6509 | unseen ROC 0.8612 PR 0.5636 | valAUC 1.0000 | tau+ 0.500
[OUTPOST-v4] epoch 141: test-all ROC 0.8730 PR 0.6461 | unseen ROC 0.8581 PR 0.5589 | valAUC 1.0000 | tau+ 0.500
[OUTPOST-v4] epoch 142: test-all ROC 0.8759 PR 0.6497 | unseen ROC 0.8613 PR 0.5625 | valAUC 1.0000 | tau+ 0.500
[OUTPOST-v4] epoch 143: test-all ROC 0.8794 PR 0.6552 | unseen ROC 0.8653 PR 0.5706 | valAUC 0.9997 | tau+ 0.500
[OUTPOST-v4] epoch 144: test-all ROC 0.8805 PR 0.6595 | unseen ROC 0.8665 PR 0.5737 | valAUC 1.0000 | tau+ 0.500
[OUTPOST-v4] epoch 145: test-all ROC 0.8809 PR 0.6594 | unseen ROC 0.8669 PR 0.5730 | valAUC 1.0000 | tau+ 0.500
[OUTPOST-v4] epoch 146: test-all ROC 0.8805 PR 0.6578 | unseen ROC 0.8665 PR 0.5726 | valAUC 1.0000 | tau+ 0.500
[OUTPOST-v4] epoch 147: test-all ROC 0.8810 PR 0.6610 | unseen ROC 0.8670 PR 0.5764 | valAUC 1.0000 | tau+ 0.500
[OUTPOST-v4] epoch 148: test-all ROC 0.8764 PR 0.6585 | unseen ROC 0.8618 PR 0.5738 | valAUC 1.0000 | tau+ 0.500
[OUTPOST-v4] epoch 149: test-all ROC 0.8765 PR 0.6589 | unseen ROC 0.8620 PR 0.5766 | valAUC 1.0000 | tau+ 0.500
[OUTPOST-v4] epoch 150: test-all ROC 0.8746 PR 0.6545 | unseen ROC 0.8599 PR 0.5720 | valAUC 1.0000 | tau+ 0.500
[OUTPOST-v4] epoch 151: test-all ROC 0.8754 PR 0.6595 | unseen ROC 0.8608 PR 0.5786 | valAUC 1.0000 | tau+ 0.500
[OUTPOST-v4] epoch 152: test-all ROC 0.8774 PR 0.6627 | unseen ROC 0.8631 PR 0.5806 | valAUC 0.9997 | tau+ 0.500
[OUTPOST-v4] epoch 153: test-all ROC 0.8765 PR 0.6622 | unseen ROC 0.8621 PR 0.5817 | valAUC 1.0000 | tau+ 0.500
[OUTPOST-v4] epoch 154: test-all ROC 0.8784 PR 0.6658 | unseen ROC 0.8642 PR 0.5831 | valAUC 1.0000 | tau+ 0.500
[OUTPOST-v4] epoch 155: test-all ROC 0.8767 PR 0.6647 | unseen ROC 0.8622 PR 0.5821 | valAUC 1.0000 | tau+ 0.500
[OUTPOST-v4] epoch 156: test-all ROC 0.8767 PR 0.6658 | unseen ROC 0.8622 PR 0.5839 | valAUC 1.0000 | tau+ 0.500
[OUTPOST-v4] epoch 157: test-all ROC 0.8760 PR 0.6639 | unseen ROC 0.8614 PR 0.5822 | valAUC 0.9994 | tau+ 0.500
[OUTPOST-v4] epoch 158: test-all ROC 0.8759 PR 0.6641 | unseen ROC 0.8614 PR 0.5828 | valAUC 1.0000 | tau+ 0.500
[OUTPOST-v4] epoch 159: test-all ROC 0.8737 PR 0.6615 | unseen ROC 0.8589 PR 0.5796 | valAUC 1.0000 | tau+ 0.500
[OUTPOST-v4] epoch 160: test-all ROC 0.8732 PR 0.6601 | unseen ROC 0.8583 PR 0.5772 | valAUC 1.0000 | tau+ 0.500
[OUTPOST-v4] epoch 161: test-all ROC 0.8746 PR 0.6642 | unseen ROC 0.8599 PR 0.5841 | valAUC 0.9994 | tau+ 0.500
[OUTPOST-v4] epoch 162: test-all ROC 0.8755 PR 0.6669 | unseen ROC 0.8609 PR 0.5880 | valAUC 1.0000 | tau+ 0.500
[OUTPOST-v4] epoch 163: test-all ROC 0.8792 PR 0.6700 | unseen ROC 0.8651 PR 0.5910 | valAUC 1.0000 | tau+ 0.500
[OUTPOST-v4] epoch 164: test-all ROC 0.8847 PR 0.6752 | unseen ROC 0.8713 PR 0.5960 | valAUC 1.0000 | tau+ 0.500
[OUTPOST-v4] epoch 165: test-all ROC 0.8836 PR 0.6789 | unseen ROC 0.8700 PR 0.6005 | valAUC 1.0000 | tau+ 0.500
[OUTPOST-v4] epoch 166: test-all ROC 0.8795 PR 0.6742 | unseen ROC 0.8654 PR 0.5962 | valAUC 1.0000 | tau+ 0.500
[OUTPOST-v4] epoch 167: test-all ROC 0.8700 PR 0.6640 | unseen ROC 0.8548 PR 0.5853 | valAUC 1.0000 | tau+ 0.500
[OUTPOST-v4] epoch 168: test-all ROC 0.8610 PR 0.6556 | unseen ROC 0.8447 PR 0.5760 | valAUC 1.0000 | tau+ 0.500
[OUTPOST-v4] epoch 169: test-all ROC 0.8673 PR 0.6625 | unseen ROC 0.8517 PR 0.5843 | valAUC 1.0000 | tau+ 0.500
[OUTPOST-v4] epoch 170: test-all ROC 0.8695 PR 0.6673 | unseen ROC 0.8542 PR 0.5917 | valAUC 1.0000 | tau+ 0.500
[OUTPOST-v4] epoch 171: test-all ROC 0.8751 PR 0.6711 | unseen ROC 0.8604 PR 0.5931 | valAUC 0.9997 | tau+ 0.500
[OUTPOST-v4] epoch 172: test-all ROC 0.8753 PR 0.6715 | unseen ROC 0.8607 PR 0.5951 | valAUC 0.9997 | tau+ 0.500
[OUTPOST-v4] epoch 173: test-all ROC 0.8717 PR 0.6691 | unseen ROC 0.8567 PR 0.5903 | valAUC 0.9994 | tau+ 0.500
[OUTPOST-v4] epoch 174: test-all ROC 0.8654 PR 0.6591 | unseen ROC 0.8497 PR 0.5798 | valAUC 1.0000 | tau+ 0.500
[OUTPOST-v4] epoch 175: test-all ROC 0.8626 PR 0.6566 | unseen ROC 0.8466 PR 0.5796 | valAUC 1.0000 | tau+ 0.500
[OUTPOST-v4] epoch 176: test-all ROC 0.8587 PR 0.6566 | unseen ROC 0.8422 PR 0.5785 | valAUC 0.9997 | tau+ 0.500
[OUTPOST-v4] epoch 177: test-all ROC 0.8562 PR 0.6533 | unseen ROC 0.8393 PR 0.5740 | valAUC 1.0000 | tau+ 0.500
[OUTPOST-v4] epoch 178: test-all ROC 0.8591 PR 0.6609 | unseen ROC 0.8425 PR 0.5831 | valAUC 1.0000 | tau+ 0.500
[OUTPOST-v4] epoch 179: test-all ROC 0.8670 PR 0.6682 | unseen ROC 0.8514 PR 0.5916 | valAUC 1.0000 | tau+ 0.500
[OUTPOST-v4] epoch 180: test-all ROC 0.8779 PR 0.6780 | unseen ROC 0.8636 PR 0.6014 | valAUC 0.9997 | tau+ 0.500
[OUTPOST-v4] epoch 181: test-all ROC 0.8780 PR 0.6802 | unseen ROC 0.8637 PR 0.6061 | valAUC 1.0000 | tau+ 0.500
[OUTPOST-v4] epoch 182: test-all ROC 0.8792 PR 0.6814 | unseen ROC 0.8651 PR 0.6074 | valAUC 0.9997 | tau+ 0.500
[OUTPOST-v4] epoch 183: test-all ROC 0.8740 PR 0.6760 | unseen ROC 0.8592 PR 0.6012 | valAUC 1.0000 | tau+ 0.500
[OUTPOST-v4] epoch 184: test-all ROC 0.8775 PR 0.6786 | unseen ROC 0.8632 PR 0.6035 | valAUC 1.0000 | tau+ 0.500
[OUTPOST-v4] epoch 185: test-all ROC 0.8768 PR 0.6809 | unseen ROC 0.8624 PR 0.6072 | valAUC 1.0000 | tau+ 0.500
[OUTPOST-v4] epoch 186: test-all ROC 0.8763 PR 0.6829 | unseen ROC 0.8618 PR 0.6099 | valAUC 1.0000 | tau+ 0.500
[OUTPOST-v4] epoch 187: test-all ROC 0.8776 PR 0.6829 | unseen ROC 0.8633 PR 0.6090 | valAUC 1.0000 | tau+ 0.500
[OUTPOST-v4] epoch 188: test-all ROC 0.8787 PR 0.6864 | unseen ROC 0.8646 PR 0.6150 | valAUC 0.9997 | tau+ 0.500
[OUTPOST-v4] epoch 189: test-all ROC 0.8764 PR 0.6852 | unseen ROC 0.8620 PR 0.6133 | valAUC 0.9997 | tau+ 0.500
[OUTPOST-v4] epoch 190: test-all ROC 0.8704 PR 0.6837 | unseen ROC 0.8553 PR 0.6134 | valAUC 1.0000 | tau+ 0.500
[OUTPOST-v4] epoch 191: test-all ROC 0.8650 PR 0.6848 | unseen ROC 0.8493 PR 0.6177 | valAUC 1.0000 | tau+ 0.500
[OUTPOST-v4] epoch 192: test-all ROC 0.8593 PR 0.6825 | unseen ROC 0.8429 PR 0.6151 | valAUC 1.0000 | tau+ 0.500
[OUTPOST-v4] epoch 193: test-all ROC 0.8524 PR 0.6770 | unseen ROC 0.8352 PR 0.6089 | valAUC 1.0000 | tau+ 0.500
[OUTPOST-v4] epoch 194: test-all ROC 0.8553 PR 0.6765 | unseen ROC 0.8384 PR 0.6065 | valAUC 0.9994 | tau+ 0.500
[OUTPOST-v4] epoch 195: test-all ROC 0.8613 PR 0.6845 | unseen ROC 0.8451 PR 0.6153 | valAUC 1.0000 | tau+ 0.500
[OUTPOST-v4] epoch 196: test-all ROC 0.8697 PR 0.6872 | unseen ROC 0.8545 PR 0.6173 | valAUC 1.0000 | tau+ 0.500
[OUTPOST-v4] epoch 197: test-all ROC 0.8720 PR 0.6839 | unseen ROC 0.8571 PR 0.6124 | valAUC 1.0000 | tau+ 0.500
[OUTPOST-v4] epoch 198: test-all ROC 0.8647 PR 0.6789 | unseen ROC 0.8488 PR 0.6075 | valAUC 1.0000 | tau+ 0.500
[OUTPOST-v4] epoch 199: test-all ROC 0.8579 PR 0.6749 | unseen ROC 0.8412 PR 0.6040 | valAUC 1.0000 | tau+ 0.500
[OUTPOST-v4] epoch 200: test-all ROC 0.8528 PR 0.6714 | unseen ROC 0.8355 PR 0.5993 | valAUC 1.0000 | tau+ 0.500
[OUTPOST-v4] epoch 201: test-all ROC 0.8579 PR 0.6763 | unseen ROC 0.8412 PR 0.6061 | valAUC 1.0000 | tau+ 0.500
[OUTPOST-v4] epoch 202: test-all ROC 0.8657 PR 0.6822 | unseen ROC 0.8500 PR 0.6104 | valAUC 1.0000 | tau+ 0.500
[OUTPOST-v4] epoch 203: test-all ROC 0.8709 PR 0.6864 | unseen ROC 0.8558 PR 0.6161 | valAUC 0.9997 | tau+ 0.500
[OUTPOST-v4] epoch 204: test-all ROC 0.8699 PR 0.6865 | unseen ROC 0.8547 PR 0.6159 | valAUC 1.0000 | tau+ 0.500
[OUTPOST-v4] epoch 205: test-all ROC 0.8612 PR 0.6830 | unseen ROC 0.8450 PR 0.6129 | valAUC 1.0000 | tau+ 0.500
[OUTPOST-v4] epoch 206: test-all ROC 0.8546 PR 0.6780 | unseen ROC 0.8376 PR 0.6080 | valAUC 1.0000 | tau+ 0.500
[OUTPOST-v4] epoch 207: test-all ROC 0.8458 PR 0.6706 | unseen ROC 0.8278 PR 0.6008 | valAUC 1.0000 | tau+ 0.500
[OUTPOST-v4] epoch 208: test-all ROC 0.8462 PR 0.6686 | unseen ROC 0.8282 PR 0.5973 | valAUC 1.0000 | tau+ 0.500
[OUTPOST-v4] epoch 209: test-all ROC 0.8547 PR 0.6716 | unseen ROC 0.8377 PR 0.5985 | valAUC 1.0000 | tau+ 0.500
[OUTPOST-v4] epoch 210: test-all ROC 0.8758 PR 0.6875 | unseen ROC 0.8613 PR 0.6157 | valAUC 1.0000 | tau+ 0.500
[OUTPOST-v4] epoch 211: test-all ROC 0.8863 PR 0.6933 | unseen ROC 0.8731 PR 0.6227 | valAUC 1.0000 | tau+ 0.500
[OUTPOST-v4] epoch 212: test-all ROC 0.8828 PR 0.6930 | unseen ROC 0.8692 PR 0.6225 | valAUC 1.0000 | tau+ 0.500
[OUTPOST-v4] epoch 213: test-all ROC 0.8765 PR 0.6881 | unseen ROC 0.8620 PR 0.6171 | valAUC 1.0000 | tau+ 0.500
[OUTPOST-v4] epoch 214: test-all ROC 0.8657 PR 0.6810 | unseen ROC 0.8499 PR 0.6110 | valAUC 1.0000 | tau+ 0.500
[OUTPOST-v4] epoch 215: test-all ROC 0.8635 PR 0.6809 | unseen ROC 0.8475 PR 0.6123 | valAUC 1.0000 | tau+ 0.500
[OUTPOST-v4] epoch 216: test-all ROC 0.8628 PR 0.6775 | unseen ROC 0.8467 PR 0.6077 | valAUC 1.0000 | tau+ 0.500
[OUTPOST-v4] epoch 217: test-all ROC 0.8715 PR 0.6837 | unseen ROC 0.8565 PR 0.6131 | valAUC 1.0000 | tau+ 0.500
[OUTPOST-v4] epoch 218: test-all ROC 0.8799 PR 0.6900 | unseen ROC 0.8659 PR 0.6205 | valAUC 1.0000 | tau+ 0.500
[OUTPOST-v4] epoch 219: test-all ROC 0.8848 PR 0.6954 | unseen ROC 0.8713 PR 0.6265 | valAUC 1.0000 | tau+ 0.500
[OUTPOST-v4] epoch 220: test-all ROC 0.8856 PR 0.6951 | unseen ROC 0.8723 PR 0.6259 | valAUC 1.0000 | tau+ 0.500
[OUTPOST-v4] epoch 221: test-all ROC 0.8843 PR 0.6962 | unseen ROC 0.8709 PR 0.6278 | valAUC 1.0000 | tau+ 0.500
[OUTPOST-v4] epoch 222: test-all ROC 0.8805 PR 0.6962 | unseen ROC 0.8666 PR 0.6286 | valAUC 0.9997 | tau+ 0.500
[OUTPOST-v4] epoch 223: test-all ROC 0.8685 PR 0.6886 | unseen ROC 0.8531 PR 0.6222 | valAUC 1.0000 | tau+ 0.500
[OUTPOST-v4] epoch 224: test-all ROC 0.8534 PR 0.6800 | unseen ROC 0.8363 PR 0.6127 | valAUC 1.0000 | tau+ 0.500
[OUTPOST-v4] epoch 225: test-all ROC 0.8464 PR 0.6721 | unseen ROC 0.8284 PR 0.6051 | valAUC 1.0000 | tau+ 0.500
[OUTPOST-v4] epoch 226: test-all ROC 0.8489 PR 0.6765 | unseen ROC 0.8312 PR 0.6091 | valAUC 0.9997 | tau+ 0.500
[OUTPOST-v4] epoch 227: test-all ROC 0.8532 PR 0.6808 | unseen ROC 0.8360 PR 0.6132 | valAUC 1.0000 | tau+ 0.500
[OUTPOST-v4] epoch 228: test-all ROC 0.8620 PR 0.6861 | unseen ROC 0.8459 PR 0.6181 | valAUC 1.0000 | tau+ 0.500
[OUTPOST-v4] epoch 229: test-all ROC 0.8700 PR 0.6910 | unseen ROC 0.8548 PR 0.6226 | valAUC 1.0000 | tau+ 0.500
[OUTPOST-v4] epoch 230: test-all ROC 0.8777 PR 0.6997 | unseen ROC 0.8634 PR 0.6320 | valAUC 0.9997 | tau+ 0.500
[OUTPOST-v4] epoch 231: test-all ROC 0.8728 PR 0.6931 | unseen ROC 0.8579 PR 0.6249 | valAUC 1.0000 | tau+ 0.500
[OUTPOST-v4] epoch 232: test-all ROC 0.8637 PR 0.6877 | unseen ROC 0.8477 PR 0.6188 | valAUC 1.0000 | tau+ 0.500
[OUTPOST-v4] epoch 233: test-all ROC 0.8583 PR 0.6812 | unseen ROC 0.8417 PR 0.6113 | valAUC 1.0000 | tau+ 0.500
[OUTPOST-v4] epoch 234: test-all ROC 0.8559 PR 0.6820 | unseen ROC 0.8390 PR 0.6139 | valAUC 1.0000 | tau+ 0.500
[OUTPOST-v4] epoch 235: test-all ROC 0.8604 PR 0.6900 | unseen ROC 0.8441 PR 0.6222 | valAUC 1.0000 | tau+ 0.500
[OUTPOST-v4] epoch 236: test-all ROC 0.8578 PR 0.6890 | unseen ROC 0.8412 PR 0.6215 | valAUC 0.9997 | tau+ 0.500
[OUTPOST-v4] epoch 237: test-all ROC 0.8644 PR 0.6942 | unseen ROC 0.8485 PR 0.6275 | valAUC 1.0000 | tau+ 0.500
[OUTPOST-v4] epoch 238: test-all ROC 0.8657 PR 0.6954 | unseen ROC 0.8500 PR 0.6286 | valAUC 1.0000 | tau+ 0.500
[OUTPOST-v4] epoch 239: test-all ROC 0.8635 PR 0.6925 | unseen ROC 0.8475 PR 0.6260 | valAUC 1.0000 | tau+ 0.500
[OUTPOST-v4] epoch 240: test-all ROC 0.8612 PR 0.6925 | unseen ROC 0.8449 PR 0.6264 | valAUC 1.0000 | tau+ 0.500
[OUTPOST-v4] epoch 241: test-all ROC 0.8587 PR 0.6875 | unseen ROC 0.8421 PR 0.6188 | valAUC 1.0000 | tau+ 0.500
[OUTPOST-v4] epoch 242: test-all ROC 0.8546 PR 0.6824 | unseen ROC 0.8376 PR 0.6147 | valAUC 1.0000 | tau+ 0.500
[OUTPOST-v4] epoch 243: test-all ROC 0.8582 PR 0.6838 | unseen ROC 0.8416 PR 0.6166 | valAUC 1.0000 | tau+ 0.500
[OUTPOST-v4] epoch 244: test-all ROC 0.8626 PR 0.6844 | unseen ROC 0.8465 PR 0.6169 | valAUC 1.0000 | tau+ 0.500
[OUTPOST-v4] epoch 245: test-all ROC 0.8687 PR 0.6932 | unseen ROC 0.8533 PR 0.6258 | valAUC 1.0000 | tau+ 0.500
[OUTPOST-v4] epoch 246: test-all ROC 0.8761 PR 0.7009 | unseen ROC 0.8616 PR 0.6350 | valAUC 1.0000 | tau+ 0.500
[OUTPOST-v4] epoch 247: test-all ROC 0.8802 PR 0.7034 | unseen ROC 0.8663 PR 0.6378 | valAUC 0.9997 | tau+ 0.500
[OUTPOST-v4] epoch 248: test-all ROC 0.8765 PR 0.7008 | unseen ROC 0.8621 PR 0.6350 | valAUC 0.9997 | tau+ 0.500
[OUTPOST-v4] epoch 249: test-all ROC 0.8650 PR 0.6956 | unseen ROC 0.8492 PR 0.6303 | valAUC 1.0000 | tau+ 0.500
[OUTPOST-v4] epoch 250: test-all ROC 0.8530 PR 0.6875 | unseen ROC 0.8357 PR 0.6203 | valAUC 1.0000 | tau+ 0.500
[OUTPOST-v4] epoch 251: test-all ROC 0.8516 PR 0.6833 | unseen ROC 0.8343 PR 0.6170 | valAUC 1.0000 | tau+ 0.500
[OUTPOST-v4] epoch 252: test-all ROC 0.8475 PR 0.6856 | unseen ROC 0.8296 PR 0.6194 | valAUC 1.0000 | tau+ 0.500
[OUTPOST-v4] epoch 253: test-all ROC 0.8517 PR 0.6901 | unseen ROC 0.8343 PR 0.6236 | valAUC 1.0000 | tau+ 0.500
[OUTPOST-v4] epoch 254: test-all ROC 0.8570 PR 0.6978 | unseen ROC 0.8403 PR 0.6333 | valAUC 1.0000 | tau+ 0.500
[OUTPOST-v4] epoch 255: test-all ROC 0.8585 PR 0.6998 | unseen ROC 0.8419 PR 0.6352 | valAUC 1.0000 | tau+ 0.500
[OUTPOST-v4] epoch 256: test-all ROC 0.8522 PR 0.7000 | unseen ROC 0.8349 PR 0.6374 | valAUC 0.9997 | tau+ 0.500
[OUTPOST-v4] epoch 257: test-all ROC 0.8460 PR 0.6949 | unseen ROC 0.8280 PR 0.6318 | valAUC 1.0000 | tau+ 0.500
[OUTPOST-v4] epoch 258: test-all ROC 0.8388 PR 0.6873 | unseen ROC 0.8199 PR 0.6229 | valAUC 1.0000 | tau+ 0.500
[OUTPOST-v4] epoch 259: test-all ROC 0.8401 PR 0.6899 | unseen ROC 0.8213 PR 0.6256 | valAUC 1.0000 | tau+ 0.500
[OUTPOST-v4] epoch 260: test-all ROC 0.8485 PR 0.6981 | unseen ROC 0.8307 PR 0.6357 | valAUC 0.9997 | tau+ 0.500
[OUTPOST-v4] epoch 261: test-all ROC 0.8579 PR 0.7006 | unseen ROC 0.8413 PR 0.6385 | valAUC 0.9997 | tau+ 0.500
[OUTPOST-v4] epoch 262: test-all ROC 0.8543 PR 0.7003 | unseen ROC 0.8373 PR 0.6378 | valAUC 1.0000 | tau+ 0.500
[OUTPOST-v4] epoch 263: test-all ROC 0.8460 PR 0.6959 | unseen ROC 0.8280 PR 0.6332 | valAUC 1.0000 | tau+ 0.500
[OUTPOST-v4] epoch 264: test-all ROC 0.8455 PR 0.6958 | unseen ROC 0.8274 PR 0.6334 | valAUC 1.0000 | tau+ 0.500
[OUTPOST-v4] epoch 265: test-all ROC 0.8410 PR 0.6948 | unseen ROC 0.8223 PR 0.6331 | valAUC 1.0000 | tau+ 0.500
[OUTPOST-v4] epoch 266: test-all ROC 0.8508 PR 0.7003 | unseen ROC 0.8333 PR 0.6388 | valAUC 1.0000 | tau+ 0.500
[OUTPOST-v4] epoch 267: test-all ROC 0.8600 PR 0.7058 | unseen ROC 0.8436 PR 0.6445 | valAUC 1.0000 | tau+ 0.500
[OUTPOST-v4] epoch 268: test-all ROC 0.8687 PR 0.7104 | unseen ROC 0.8534 PR 0.6492 | valAUC 0.9997 | tau+ 0.500
[OUTPOST-v4] epoch 269: test-all ROC 0.8688 PR 0.7081 | unseen ROC 0.8534 PR 0.6467 | valAUC 1.0000 | tau+ 0.500
[OUTPOST-v4] epoch 270: test-all ROC 0.8666 PR 0.7082 | unseen ROC 0.8510 PR 0.6465 | valAUC 1.0000 | tau+ 0.500
[OUTPOST-v4] epoch 271: test-all ROC 0.8673 PR 0.7074 | unseen ROC 0.8518 PR 0.6462 | valAUC 0.9994 | tau+ 0.500
[OUTPOST-v4] epoch 272: test-all ROC 0.8609 PR 0.7027 | unseen ROC 0.8446 PR 0.6409 | valAUC 0.9997 | tau+ 0.500
[OUTPOST-v4] epoch 273: test-all ROC 0.8595 PR 0.7001 | unseen ROC 0.8430 PR 0.6386 | valAUC 1.0000 | tau+ 0.500
[OUTPOST-v4] epoch 274: test-all ROC 0.8659 PR 0.7031 | unseen ROC 0.8503 PR 0.6399 | valAUC 1.0000 | tau+ 0.500
[OUTPOST-v4] epoch 275: test-all ROC 0.8746 PR 0.7110 | unseen ROC 0.8600 PR 0.6490 | valAUC 0.9997 | tau+ 0.500
[OUTPOST-v4] epoch 276: test-all ROC 0.8787 PR 0.7132 | unseen ROC 0.8646 PR 0.6520 | valAUC 0.9997 | tau+ 0.500
[OUTPOST-v4] epoch 277: test-all ROC 0.8778 PR 0.7120 | unseen ROC 0.8637 PR 0.6503 | valAUC 1.0000 | tau+ 0.500
[OUTPOST-v4] epoch 278: test-all ROC 0.8696 PR 0.7136 | unseen ROC 0.8544 PR 0.6527 | valAUC 1.0000 | tau+ 0.500
[OUTPOST-v4] epoch 279: test-all ROC 0.8646 PR 0.7079 | unseen ROC 0.8488 PR 0.6461 | valAUC 1.0000 | tau+ 0.500
[OUTPOST-v4] epoch 280: test-all ROC 0.8556 PR 0.7041 | unseen ROC 0.8387 PR 0.6434 | valAUC 1.0000 | tau+ 0.500
[OUTPOST-v4] epoch 281: test-all ROC 0.8558 PR 0.7032 | unseen ROC 0.8389 PR 0.6414 | valAUC 0.9997 | tau+ 0.500
[OUTPOST-v4] epoch 282: test-all ROC 0.8581 PR 0.7065 | unseen ROC 0.8416 PR 0.6456 | valAUC 1.0000 | tau+ 0.500
[OUTPOST-v4] epoch 283: test-all ROC 0.8671 PR 0.7103 | unseen ROC 0.8517 PR 0.6496 | valAUC 1.0000 | tau+ 0.500
[OUTPOST-v4] epoch 284: test-all ROC 0.8727 PR 0.7160 | unseen ROC 0.8580 PR 0.6568 | valAUC 0.9997 | tau+ 0.500
[OUTPOST-v4] epoch 285: test-all ROC 0.8702 PR 0.7110 | unseen ROC 0.8553 PR 0.6510 | valAUC 0.9994 | tau+ 0.500
[OUTPOST-v4] epoch 286: test-all ROC 0.8587 PR 0.7099 | unseen ROC 0.8423 PR 0.6511 | valAUC 1.0000 | tau+ 0.500
[OUTPOST-v4] epoch 287: test-all ROC 0.8445 PR 0.7051 | unseen ROC 0.8264 PR 0.6464 | valAUC 0.9997 | tau+ 0.500
[OUTPOST-v4] epoch 288: test-all ROC 0.8316 PR 0.6988 | unseen ROC 0.8118 PR 0.6403 | valAUC 1.0000 | tau+ 0.500
[OUTPOST-v4] epoch 289: test-all ROC 0.8234 PR 0.6939 | unseen ROC 0.8027 PR 0.6341 | valAUC 1.0000 | tau+ 0.500
[OUTPOST-v4] epoch 290: test-all ROC 0.8236 PR 0.6911 | unseen ROC 0.8030 PR 0.6308 | valAUC 1.0000 | tau+ 0.500
[OUTPOST-v4] epoch 291: test-all ROC 0.8319 PR 0.6962 | unseen ROC 0.8121 PR 0.6364 | valAUC 1.0000 | tau+ 0.500
[OUTPOST-v4] epoch 292: test-all ROC 0.8418 PR 0.6995 | unseen ROC 0.8232 PR 0.6397 | valAUC 1.0000 | tau+ 0.500
[OUTPOST-v4] epoch 293: test-all ROC 0.8539 PR 0.7069 | unseen ROC 0.8368 PR 0.6471 | valAUC 1.0000 | tau+ 0.500
[OUTPOST-v4] epoch 294: test-all ROC 0.8685 PR 0.7128 | unseen ROC 0.8532 PR 0.6536 | valAUC 0.9997 | tau+ 0.500
[OUTPOST-v4] epoch 295: test-all ROC 0.8743 PR 0.7144 | unseen ROC 0.8597 PR 0.6548 | valAUC 1.0000 | tau+ 0.500
[OUTPOST-v4] epoch 296: test-all ROC 0.8667 PR 0.7134 | unseen ROC 0.8511 PR 0.6543 | valAUC 1.0000 | tau+ 0.500
[OUTPOST-v4] epoch 297: test-all ROC 0.8608 PR 0.7063 | unseen ROC 0.8445 PR 0.6450 | valAUC 1.0000 | tau+ 0.500
[OUTPOST-v4] epoch 298: test-all ROC 0.8573 PR 0.7009 | unseen ROC 0.8406 PR 0.6392 | valAUC 1.0000 | tau+ 0.500
[OUTPOST-v4] epoch 299: test-all ROC 0.8526 PR 0.6951 | unseen ROC 0.8353 PR 0.6328 | valAUC 1.0000 | tau+ 0.500
[OUTPOST-v4] epoch 300: test-all ROC 0.8528 PR 0.6958 | unseen ROC 0.8356 PR 0.6339 | valAUC 1.0000 | tau+ 0.500
[OUTPOST-v4] epoch 301: test-all ROC 0.8598 PR 0.7017 | unseen ROC 0.8434 PR 0.6401 | valAUC 1.0000 | tau+ 0.500
[OUTPOST-v4] epoch 302: test-all ROC 0.8701 PR 0.7074 | unseen ROC 0.8549 PR 0.6447 | valAUC 1.0000 | tau+ 0.500
[OUTPOST-v4] epoch 303: test-all ROC 0.8824 PR 0.7141 | unseen ROC 0.8687 PR 0.6517 | valAUC 1.0000 | tau+ 0.500
[OUTPOST-v4] epoch 304: test-all ROC 0.8947 PR 0.7238 | unseen ROC 0.8825 PR 0.6625 | valAUC 0.9997 | tau+ 0.500
[OUTPOST-v4] epoch 305: test-all ROC 0.8981 PR 0.7262 | unseen ROC 0.8863 PR 0.6653 | valAUC 1.0000 | tau+ 0.500
[OUTPOST-v4] epoch 306: test-all ROC 0.8891 PR 0.7246 | unseen ROC 0.8762 PR 0.6632 | valAUC 0.9997 | tau+ 0.500
[OUTPOST-v4] epoch 307: test-all ROC 0.8696 PR 0.7147 | unseen ROC 0.8544 PR 0.6533 | valAUC 0.9997 | tau+ 0.500
[OUTPOST-v4] epoch 308: test-all ROC 0.8592 PR 0.7080 | unseen ROC 0.8427 PR 0.6457 | valAUC 0.9997 | tau+ 0.500
[OUTPOST-v4] epoch 309: test-all ROC 0.8582 PR 0.7099 | unseen ROC 0.8416 PR 0.6493 | valAUC 1.0000 | tau+ 0.500
[OUTPOST-v4] epoch 310: test-all ROC 0.8557 PR 0.7101 | unseen ROC 0.8389 PR 0.6516 | valAUC 0.9997 | tau+ 0.500
[OUTPOST-v4] epoch 311: test-all ROC 0.8423 PR 0.7067 | unseen ROC 0.8239 PR 0.6496 | valAUC 0.9997 | tau+ 0.500
[OUTPOST-v4] epoch 312: test-all ROC 0.8362 PR 0.7073 | unseen ROC 0.8171 PR 0.6520 | valAUC 0.9997 | tau+ 0.500
[OUTPOST-v4] epoch 313: test-all ROC 0.8348 PR 0.7050 | unseen ROC 0.8155 PR 0.6498 | valAUC 1.0000 | tau+ 0.500
[OUTPOST-v4] epoch 314: test-all ROC 0.8402 PR 0.7068 | unseen ROC 0.8216 PR 0.6504 | valAUC 1.0000 | tau+ 0.500
[OUTPOST-v4] epoch 315: test-all ROC 0.8434 PR 0.7068 | unseen ROC 0.8252 PR 0.6478 | valAUC 1.0000 | tau+ 0.500
[OUTPOST-v4] epoch 316: test-all ROC 0.8387 PR 0.7056 | unseen ROC 0.8198 PR 0.6486 | valAUC 1.0000 | tau+ 0.500
[OUTPOST-v4] epoch 317: test-all ROC 0.8337 PR 0.7011 | unseen ROC 0.8142 PR 0.6429 | valAUC 1.0000 | tau+ 0.500
[OUTPOST-v4] epoch 318: test-all ROC 0.8350 PR 0.6995 | unseen ROC 0.8157 PR 0.6406 | valAUC 1.0000 | tau+ 0.500
[OUTPOST-v4] epoch 319: test-all ROC 0.8384 PR 0.6977 | unseen ROC 0.8195 PR 0.6396 | valAUC 0.9994 | tau+ 0.500
[OUTPOST-v4] epoch 320: test-all ROC 0.8460 PR 0.7061 | unseen ROC 0.8279 PR 0.6484 | valAUC 1.0000 | tau+ 0.500
[OUTPOST-v4] epoch 321: test-all ROC 0.8542 PR 0.7105 | unseen ROC 0.8372 PR 0.6527 | valAUC 0.9997 | tau+ 0.500
[OUTPOST-v4] epoch 322: test-all ROC 0.8591 PR 0.7138 | unseen ROC 0.8427 PR 0.6574 | valAUC 0.9997 | tau+ 0.500
[OUTPOST-v4] epoch 323: test-all ROC 0.8526 PR 0.7035 | unseen ROC 0.8354 PR 0.6449 | valAUC 0.9991 | tau+ 0.500
[OUTPOST-v4] epoch 324: test-all ROC 0.8509 PR 0.7067 | unseen ROC 0.8335 PR 0.6495 | valAUC 1.0000 | tau+ 0.500
[OUTPOST-v4] epoch 325: test-all ROC 0.8485 PR 0.7038 | unseen ROC 0.8308 PR 0.6453 | valAUC 1.0000 | tau+ 0.500
[OUTPOST-v4] epoch 326: test-all ROC 0.8502 PR 0.7057 | unseen ROC 0.8328 PR 0.6468 | valAUC 1.0000 | tau+ 0.500
[OUTPOST-v4] epoch 327: test-all ROC 0.8572 PR 0.7083 | unseen ROC 0.8406 PR 0.6507 | valAUC 1.0000 | tau+ 0.500
[OUTPOST-v4] epoch 328: test-all ROC 0.8643 PR 0.7152 | unseen ROC 0.8485 PR 0.6583 | valAUC 1.0000 | tau+ 0.500
[OUTPOST-v4] epoch 329: test-all ROC 0.8592 PR 0.7114 | unseen ROC 0.8428 PR 0.6537 | valAUC 1.0000 | tau+ 0.500
[OUTPOST-v4] epoch 330: test-all ROC 0.8549 PR 0.7070 | unseen ROC 0.8379 PR 0.6486 | valAUC 0.9994 | tau+ 0.500
[OUTPOST-v4] epoch 331: test-all ROC 0.8581 PR 0.7104 | unseen ROC 0.8416 PR 0.6521 | valAUC 1.0000 | tau+ 0.500
[OUTPOST-v4] epoch 332: test-all ROC 0.8706 PR 0.7179 | unseen ROC 0.8555 PR 0.6602 | valAUC 1.0000 | tau+ 0.500
[OUTPOST-v4] epoch 333: test-all ROC 0.8645 PR 0.7160 | unseen ROC 0.8487 PR 0.6584 | valAUC 0.9997 | tau+ 0.500
[OUTPOST-v4] epoch 334: test-all ROC 0.8574 PR 0.7135 | unseen ROC 0.8407 PR 0.6557 | valAUC 1.0000 | tau+ 0.500
[OUTPOST-v4] epoch 335: test-all ROC 0.8523 PR 0.7120 | unseen ROC 0.8350 PR 0.6558 | valAUC 0.9997 | tau+ 0.500
[OUTPOST-v4] epoch 336: test-all ROC 0.8467 PR 0.7067 | unseen ROC 0.8288 PR 0.6507 | valAUC 1.0000 | tau+ 0.500
[OUTPOST-v4] epoch 337: test-all ROC 0.8582 PR 0.7134 | unseen ROC 0.8417 PR 0.6566 | valAUC 0.9997 | tau+ 0.500
[OUTPOST-v4] epoch 338: test-all ROC 0.8645 PR 0.7199 | unseen ROC 0.8488 PR 0.6634 | valAUC 1.0000 | tau+ 0.500
[OUTPOST-v4] epoch 339: test-all ROC 0.8609 PR 0.7166 | unseen ROC 0.8446 PR 0.6607 | valAUC 1.0000 | tau+ 0.500
[OUTPOST-v4] epoch 340: test-all ROC 0.8562 PR 0.7140 | unseen ROC 0.8394 PR 0.6582 | valAUC 0.9997 | tau+ 0.500
[OUTPOST-v4] epoch 341: test-all ROC 0.8510 PR 0.7125 | unseen ROC 0.8336 PR 0.6575 | valAUC 1.0000 | tau+ 0.500
[OUTPOST-v4] epoch 342: test-all ROC 0.8409 PR 0.7122 | unseen ROC 0.8222 PR 0.6560 | valAUC 0.9997 | tau+ 0.500
[OUTPOST-v4] epoch 343: test-all ROC 0.8443 PR 0.7112 | unseen ROC 0.8261 PR 0.6553 | valAUC 1.0000 | tau+ 0.500
[OUTPOST-v4] epoch 344: test-all ROC 0.8427 PR 0.7104 | unseen ROC 0.8243 PR 0.6548 | valAUC 0.9997 | tau+ 0.500
[OUTPOST-v4] epoch 345: test-all ROC 0.8440 PR 0.7128 | unseen ROC 0.8257 PR 0.6568 | valAUC 0.9997 | tau+ 0.500
[OUTPOST-v4] epoch 346: test-all ROC 0.8438 PR 0.7136 | unseen ROC 0.8255 PR 0.6574 | valAUC 1.0000 | tau+ 0.500
[OUTPOST-v4] epoch 347: test-all ROC 0.8460 PR 0.7158 | unseen ROC 0.8280 PR 0.6609 | valAUC 1.0000 | tau+ 0.500
[OUTPOST-v4] epoch 348: test-all ROC 0.8390 PR 0.7072 | unseen ROC 0.8201 PR 0.6506 | valAUC 0.9997 | tau+ 0.500
[OUTPOST-v4] epoch 349: test-all ROC 0.8305 PR 0.7044 | unseen ROC 0.8107 PR 0.6503 | valAUC 1.0000 | tau+ 0.500
[OUTPOST-v4] epoch 350: test-all ROC 0.8452 PR 0.7100 | unseen ROC 0.8271 PR 0.6534 | valAUC 1.0000 | tau+ 0.500
[OUTPOST-v4] epoch 351: test-all ROC 0.8547 PR 0.7189 | unseen ROC 0.8377 PR 0.6636 | valAUC 1.0000 | tau+ 0.500
[OUTPOST-v4] epoch 352: test-all ROC 0.8586 PR 0.7189 | unseen ROC 0.8421 PR 0.6628 | valAUC 1.0000 | tau+ 0.500
[OUTPOST-v4] epoch 353: test-all ROC 0.8611 PR 0.7203 | unseen ROC 0.8449 PR 0.6648 | valAUC 1.0000 | tau+ 0.500
[OUTPOST-v4] epoch 354: test-all ROC 0.8502 PR 0.7120 | unseen ROC 0.8326 PR 0.6547 | valAUC 0.9997 | tau+ 0.500
[OUTPOST-v4] epoch 355: test-all ROC 0.8496 PR 0.7033 | unseen ROC 0.8320 PR 0.6468 | valAUC 1.0000 | tau+ 0.500
[OUTPOST-v4] epoch 356: test-all ROC 0.8484 PR 0.7012 | unseen ROC 0.8307 PR 0.6422 | valAUC 1.0000 | tau+ 0.500
[OUTPOST-v4] epoch 357: test-all ROC 0.8546 PR 0.7032 | unseen ROC 0.8376 PR 0.6439 | valAUC 1.0000 | tau+ 0.500
[OUTPOST-v4] epoch 358: test-all ROC 0.8658 PR 0.7092 | unseen ROC 0.8501 PR 0.6504 | valAUC 1.0000 | tau+ 0.500
[OUTPOST-v4] epoch 359: test-all ROC 0.8727 PR 0.7144 | unseen ROC 0.8579 PR 0.6568 | valAUC 1.0000 | tau+ 0.500
[OUTPOST-v4] epoch 360: test-all ROC 0.8860 PR 0.7268 | unseen ROC 0.8728 PR 0.6709 | valAUC 1.0000 | tau+ 0.500
[OUTPOST-v4] epoch 361: test-all ROC 0.8829 PR 0.7257 | unseen ROC 0.8693 PR 0.6705 | valAUC 0.9997 | tau+ 0.500
[OUTPOST-v4] epoch 362: test-all ROC 0.8694 PR 0.7127 | unseen ROC 0.8542 PR 0.6544 | valAUC 1.0000 | tau+ 0.500
[OUTPOST-v4] epoch 363: test-all ROC 0.8584 PR 0.7084 | unseen ROC 0.8419 PR 0.6519 | valAUC 1.0000 | tau+ 0.500
[OUTPOST-v4] epoch 364: test-all ROC 0.8503 PR 0.7060 | unseen ROC 0.8328 PR 0.6490 | valAUC 1.0000 | tau+ 0.500
[OUTPOST-v4] epoch 365: test-all ROC 0.8490 PR 0.7085 | unseen ROC 0.8313 PR 0.6521 | valAUC 1.0000 | tau+ 0.500
[OUTPOST-v4] epoch 366: test-all ROC 0.8547 PR 0.7137 | unseen ROC 0.8377 PR 0.6576 | valAUC 1.0000 | tau+ 0.500
[OUTPOST-v4] epoch 367: test-all ROC 0.8612 PR 0.7183 | unseen ROC 0.8450 PR 0.6630 | valAUC 1.0000 | tau+ 0.500
[OUTPOST-v4] epoch 368: test-all ROC 0.8700 PR 0.7246 | unseen ROC 0.8548 PR 0.6687 | valAUC 0.9997 | tau+ 0.500
[OUTPOST-v4] epoch 369: test-all ROC 0.8681 PR 0.7276 | unseen ROC 0.8527 PR 0.6731 | valAUC 0.9997 | tau+ 0.528
[OUTPOST-v4] epoch 370: test-all ROC 0.8571 PR 0.7202 | unseen ROC 0.8404 PR 0.6658 | valAUC 0.9997 | tau+ 0.500
[OUTPOST-v4] epoch 371: test-all ROC 0.8443 PR 0.7137 | unseen ROC 0.8260 PR 0.6598 | valAUC 1.0000 | tau+ 0.500
[OUTPOST-v4] epoch 372: test-all ROC 0.8328 PR 0.7075 | unseen ROC 0.8133 PR 0.6531 | valAUC 1.0000 | tau+ 0.500
[OUTPOST-v4] epoch 373: test-all ROC 0.8317 PR 0.7060 | unseen ROC 0.8120 PR 0.6512 | valAUC 1.0000 | tau+ 0.500
[OUTPOST-v4] epoch 374: test-all ROC 0.8425 PR 0.7172 | unseen ROC 0.8241 PR 0.6630 | valAUC 0.9994 | tau+ 0.500
[OUTPOST-v4] epoch 375: test-all ROC 0.8567 PR 0.7250 | unseen ROC 0.8400 PR 0.6714 | valAUC 0.9997 | tau+ 0.582
[OUTPOST-v4] epoch 376: test-all ROC 0.8404 PR 0.7156 | unseen ROC 0.8218 PR 0.6617 | valAUC 0.9997 | tau+ 0.500
[OUTPOST-v4] epoch 377: test-all ROC 0.8209 PR 0.7078 | unseen ROC 0.7999 PR 0.6540 | valAUC 1.0000 | tau+ 0.500
[OUTPOST-v4] epoch 378: test-all ROC 0.8071 PR 0.6965 | unseen ROC 0.7845 PR 0.6411 | valAUC 1.0000 | tau+ 0.500
[OUTPOST-v4] epoch 379: test-all ROC 0.8098 PR 0.6929 | unseen ROC 0.7876 PR 0.6374 | valAUC 1.0000 | tau+ 0.500
[OUTPOST-v4] epoch 380: test-all ROC 0.8175 PR 0.6965 | unseen ROC 0.7962 PR 0.6409 | valAUC 0.9997 | tau+ 0.500
[OUTPOST-v4] epoch 381: test-all ROC 0.8301 PR 0.6997 | unseen ROC 0.8102 PR 0.6419 | valAUC 1.0000 | tau+ 0.500
[OUTPOST-v4] epoch 382: test-all ROC 0.8465 PR 0.7131 | unseen ROC 0.8286 PR 0.6584 | valAUC 1.0000 | tau+ 0.500
[OUTPOST-v4] epoch 383: test-all ROC 0.8625 PR 0.7185 | unseen ROC 0.8465 PR 0.6645 | valAUC 1.0000 | tau+ 0.500
[OUTPOST-v4] epoch 384: test-all ROC 0.8718 PR 0.7231 | unseen ROC 0.8568 PR 0.6679 | valAUC 0.9997 | tau+ 0.500
[OUTPOST-v4] epoch 385: test-all ROC 0.8700 PR 0.7243 | unseen ROC 0.8550 PR 0.6711 | valAUC 1.0000 | tau+ 0.500
[OUTPOST-v4] epoch 386: test-all ROC 0.8590 PR 0.7188 | unseen ROC 0.8426 PR 0.6645 | valAUC 1.0000 | tau+ 0.500
[OUTPOST-v4] epoch 387: test-all ROC 0.8508 PR 0.7167 | unseen ROC 0.8334 PR 0.6635 | valAUC 0.9994 | tau+ 0.500
[OUTPOST-v4] epoch 388: test-all ROC 0.8434 PR 0.7064 | unseen ROC 0.8251 PR 0.6510 | valAUC 1.0000 | tau+ 0.500
[OUTPOST-v4] epoch 389: test-all ROC 0.8450 PR 0.7081 | unseen ROC 0.8268 PR 0.6536 | valAUC 1.0000 | tau+ 0.500
[OUTPOST-v4] epoch 390: test-all ROC 0.8472 PR 0.7123 | unseen ROC 0.8293 PR 0.6585 | valAUC 1.0000 | tau+ 0.500
[OUTPOST-v4] epoch 391: test-all ROC 0.8573 PR 0.7182 | unseen ROC 0.8406 PR 0.6637 | valAUC 1.0000 | tau+ 0.500
[OUTPOST-v4] epoch 392: test-all ROC 0.8723 PR 0.7263 | unseen ROC 0.8575 PR 0.6724 | valAUC 1.0000 | tau+ 0.500
[OUTPOST-v4] epoch 393: test-all ROC 0.8730 PR 0.7251 | unseen ROC 0.8582 PR 0.6710 | valAUC 0.9997 | tau+ 0.500
[OUTPOST-v4] epoch 394: test-all ROC 0.8712 PR 0.7220 | unseen ROC 0.8562 PR 0.6670 | valAUC 0.9997 | tau+ 0.500
[OUTPOST-v4] epoch 395: test-all ROC 0.8706 PR 0.7273 | unseen ROC 0.8556 PR 0.6736 | valAUC 1.0000 | tau+ 0.500
[OUTPOST-v4] epoch 396: test-all ROC 0.8640 PR 0.7228 | unseen ROC 0.8481 PR 0.6678 | valAUC 1.0000 | tau+ 0.500
[OUTPOST-v4] epoch 397: test-all ROC 0.8581 PR 0.7249 | unseen ROC 0.8415 PR 0.6721 | valAUC 1.0000 | tau+ 0.500
[OUTPOST-v4] epoch 398: test-all ROC 0.8474 PR 0.7199 | unseen ROC 0.8296 PR 0.6667 | valAUC 0.9997 | tau+ 0.500
[OUTPOST-v4] epoch 399: test-all ROC 0.8386 PR 0.7131 | unseen ROC 0.8197 PR 0.6605 | valAUC 0.9997 | tau+ 0.500
  rotation 9: ROC 0.8981 PR 0.7276
[computers] params 116929, peak GPU 4.63 GB, 23.4 min total
[computers] ran 1/5 rotations; no results.csv row written. Merge the shards with:
    python analysis/scripts/merge_rotations.py
