# gpu=5 cmd=/usr/bin/python3 -u main.py --dataset computers --seed 8 --method outpost --tag E400_nogate --rotations 5 --set use_atlas_gate=false num_epochs=400
/nas/home/jahin/.local/lib/python3.10/site-packages/requests/__init__.py:113: RequestsDependencyWarning: urllib3 (1.26.5) or chardet (7.2.0)/charset_normalizer (3.4.4) doesn't match a supported version!
  warnings.warn(
[0.03170448 0.15575916 0.10282141 0.03941245 0.37507272 0.02239674
 0.03541303 0.05948226 0.1567772  0.02116056]
[computers] anomaly classes (rotations): [np.int64(0), np.int64(3), np.int64(5), np.int64(6), np.int64(9)]
[computers] running subset: [np.int64(5)]
Normal classes: [np.int64(1), np.int64(2), np.int64(4), np.int64(7), np.int64(8)] in computers
Building multi-layer GraphSage
[OUTPOST-v4] epoch 0: test-all ROC 0.4751 PR 0.1471 | unseen ROC 0.4596 PR 0.1293 | valAUC 0.5874 | tau+ 0.580
[OUTPOST-v4] epoch 1: test-all ROC 0.4607 PR 0.1427 | unseen ROC 0.4485 PR 0.1265 | valAUC 0.5670 | tau+ 0.508
[OUTPOST-v4] epoch 2: test-all ROC 0.4576 PR 0.1412 | unseen ROC 0.4454 PR 0.1251 | valAUC 0.5353 | tau+ 0.500
[OUTPOST-v4] epoch 3: test-all ROC 0.4556 PR 0.1406 | unseen ROC 0.4434 PR 0.1244 | valAUC 0.5126 | tau+ 0.500
[OUTPOST-v4] epoch 4: test-all ROC 0.4540 PR 0.1399 | unseen ROC 0.4424 PR 0.1238 | valAUC 0.5376 | tau+ 0.500
[OUTPOST-v4] epoch 5: test-all ROC 0.4587 PR 0.1411 | unseen ROC 0.4451 PR 0.1243 | valAUC 0.5615 | tau+ 0.500
[OUTPOST-v4] epoch 6: test-all ROC 0.4648 PR 0.1436 | unseen ROC 0.4513 PR 0.1266 | valAUC 0.5655 | tau+ 0.500
[OUTPOST-v4] epoch 7: test-all ROC 0.4711 PR 0.1459 | unseen ROC 0.4541 PR 0.1277 | valAUC 0.5960 | tau+ 0.500
[OUTPOST-v4] epoch 8: test-all ROC 0.4755 PR 0.1475 | unseen ROC 0.4563 PR 0.1285 | valAUC 0.6227 | tau+ 0.500
[OUTPOST-v4] epoch 9: test-all ROC 0.4850 PR 0.1505 | unseen ROC 0.4628 PR 0.1298 | valAUC 0.6555 | tau+ 0.500
[OUTPOST-v4] epoch 10: test-all ROC 0.4920 PR 0.1532 | unseen ROC 0.4662 PR 0.1310 | valAUC 0.6687 | tau+ 0.500
[OUTPOST-v4] epoch 11: test-all ROC 0.5072 PR 0.1591 | unseen ROC 0.4776 PR 0.1341 | valAUC 0.7216 | tau+ 0.500
[OUTPOST-v4] epoch 12: test-all ROC 0.5209 PR 0.1649 | unseen ROC 0.4879 PR 0.1369 | valAUC 0.7603 | tau+ 0.500
[OUTPOST-v4] epoch 13: test-all ROC 0.5396 PR 0.1743 | unseen ROC 0.5026 PR 0.1413 | valAUC 0.8506 | tau+ 0.500
[OUTPOST-v4] epoch 14: test-all ROC 0.5624 PR 0.1941 | unseen ROC 0.5206 PR 0.1487 | valAUC 0.9092 | tau+ 0.500
[OUTPOST-v4] epoch 15: test-all ROC 0.5865 PR 0.2347 | unseen ROC 0.5407 PR 0.1595 | valAUC 0.9517 | tau+ 0.500
[OUTPOST-v4] epoch 16: test-all ROC 0.6129 PR 0.2805 | unseen ROC 0.5663 PR 0.1723 | valAUC 0.9787 | tau+ 0.500
[OUTPOST-v4] epoch 17: test-all ROC 0.6358 PR 0.3211 | unseen ROC 0.5901 PR 0.1894 | valAUC 0.9908 | tau+ 0.500
[OUTPOST-v4] epoch 18: test-all ROC 0.6420 PR 0.3339 | unseen ROC 0.5966 PR 0.1953 | valAUC 0.9940 | tau+ 0.500
[OUTPOST-v4] epoch 19: test-all ROC 0.6464 PR 0.3421 | unseen ROC 0.6011 PR 0.1988 | valAUC 0.9948 | tau+ 0.500
[OUTPOST-v4] epoch 20: test-all ROC 0.6490 PR 0.3388 | unseen ROC 0.6041 PR 0.1960 | valAUC 0.9983 | tau+ 0.500
[OUTPOST-v4] epoch 21: test-all ROC 0.6496 PR 0.3386 | unseen ROC 0.6047 PR 0.1953 | valAUC 0.9945 | tau+ 0.500
[OUTPOST-v4] epoch 22: test-all ROC 0.6480 PR 0.3368 | unseen ROC 0.6027 PR 0.1924 | valAUC 0.9974 | tau+ 0.500
[OUTPOST-v4] epoch 23: test-all ROC 0.6475 PR 0.3349 | unseen ROC 0.6023 PR 0.1921 | valAUC 0.9971 | tau+ 0.500
[OUTPOST-v4] epoch 24: test-all ROC 0.6427 PR 0.3280 | unseen ROC 0.5969 PR 0.1882 | valAUC 0.9966 | tau+ 0.500
[OUTPOST-v4] epoch 25: test-all ROC 0.6443 PR 0.3274 | unseen ROC 0.5988 PR 0.1878 | valAUC 0.9957 | tau+ 0.500
[OUTPOST-v4] epoch 26: test-all ROC 0.6365 PR 0.3134 | unseen ROC 0.5904 PR 0.1826 | valAUC 0.9925 | tau+ 0.500
[OUTPOST-v4] epoch 27: test-all ROC 0.6327 PR 0.3077 | unseen ROC 0.5864 PR 0.1812 | valAUC 0.9891 | tau+ 0.500
[OUTPOST-v4] epoch 28: test-all ROC 0.6360 PR 0.3115 | unseen ROC 0.5899 PR 0.1838 | valAUC 0.9911 | tau+ 0.500
[OUTPOST-v4] epoch 29: test-all ROC 0.6342 PR 0.3090 | unseen ROC 0.5880 PR 0.1821 | valAUC 0.9914 | tau+ 0.500
[OUTPOST-v4] epoch 30: test-all ROC 0.6334 PR 0.3061 | unseen ROC 0.5872 PR 0.1822 | valAUC 0.9917 | tau+ 0.500
[OUTPOST-v4] epoch 31: test-all ROC 0.6294 PR 0.2930 | unseen ROC 0.5829 PR 0.1793 | valAUC 0.9879 | tau+ 0.500
[OUTPOST-v4] epoch 32: test-all ROC 0.6290 PR 0.2931 | unseen ROC 0.5824 PR 0.1796 | valAUC 0.9879 | tau+ 0.500
[OUTPOST-v4] epoch 33: test-all ROC 0.6248 PR 0.2912 | unseen ROC 0.5779 PR 0.1777 | valAUC 0.9891 | tau+ 0.500
[OUTPOST-v4] epoch 34: test-all ROC 0.6306 PR 0.3016 | unseen ROC 0.5841 PR 0.1817 | valAUC 0.9925 | tau+ 0.500
[OUTPOST-v4] epoch 35: test-all ROC 0.6370 PR 0.3138 | unseen ROC 0.5909 PR 0.1854 | valAUC 0.9928 | tau+ 0.500
[OUTPOST-v4] epoch 36: test-all ROC 0.6417 PR 0.3287 | unseen ROC 0.5959 PR 0.1889 | valAUC 0.9960 | tau+ 0.500
[OUTPOST-v4] epoch 37: test-all ROC 0.6467 PR 0.3342 | unseen ROC 0.6013 PR 0.1927 | valAUC 0.9966 | tau+ 0.500
[OUTPOST-v4] epoch 38: test-all ROC 0.6489 PR 0.3394 | unseen ROC 0.6038 PR 0.1938 | valAUC 0.9971 | tau+ 0.500
[OUTPOST-v4] epoch 39: test-all ROC 0.6495 PR 0.3419 | unseen ROC 0.6044 PR 0.1953 | valAUC 0.9971 | tau+ 0.500
[OUTPOST-v4] epoch 40: test-all ROC 0.6529 PR 0.3422 | unseen ROC 0.6083 PR 0.1981 | valAUC 0.9968 | tau+ 0.500
[OUTPOST-v4] epoch 41: test-all ROC 0.6588 PR 0.3506 | unseen ROC 0.6148 PR 0.2013 | valAUC 0.9971 | tau+ 0.500
[OUTPOST-v4] epoch 42: test-all ROC 0.6629 PR 0.3580 | unseen ROC 0.6194 PR 0.2074 | valAUC 0.9983 | tau+ 0.500
[OUTPOST-v4] epoch 43: test-all ROC 0.6740 PR 0.3704 | unseen ROC 0.6318 PR 0.2178 | valAUC 0.9971 | tau+ 0.500
[OUTPOST-v4] epoch 44: test-all ROC 0.6820 PR 0.3790 | unseen ROC 0.6409 PR 0.2270 | valAUC 0.9971 | tau+ 0.500
[OUTPOST-v4] epoch 45: test-all ROC 0.6840 PR 0.3834 | unseen ROC 0.6431 PR 0.2302 | valAUC 0.9974 | tau+ 0.500
[OUTPOST-v4] epoch 46: test-all ROC 0.6796 PR 0.3782 | unseen ROC 0.6382 PR 0.2263 | valAUC 0.9974 | tau+ 0.500
[OUTPOST-v4] epoch 47: test-all ROC 0.6767 PR 0.3768 | unseen ROC 0.6349 PR 0.2240 | valAUC 0.9974 | tau+ 0.500
[OUTPOST-v4] epoch 48: test-all ROC 0.6800 PR 0.3846 | unseen ROC 0.6386 PR 0.2298 | valAUC 0.9966 | tau+ 0.500
[OUTPOST-v4] epoch 49: test-all ROC 0.6819 PR 0.3851 | unseen ROC 0.6407 PR 0.2322 | valAUC 0.9966 | tau+ 0.500
[OUTPOST-v4] epoch 50: test-all ROC 0.6857 PR 0.3896 | unseen ROC 0.6451 PR 0.2368 | valAUC 0.9974 | tau+ 0.500
[OUTPOST-v4] epoch 51: test-all ROC 0.6871 PR 0.3948 | unseen ROC 0.6466 PR 0.2424 | valAUC 0.9971 | tau+ 0.500
[OUTPOST-v4] epoch 52: test-all ROC 0.6925 PR 0.4007 | unseen ROC 0.6527 PR 0.2482 | valAUC 0.9977 | tau+ 0.500
[OUTPOST-v4] epoch 53: test-all ROC 0.7026 PR 0.4184 | unseen ROC 0.6641 PR 0.2672 | valAUC 0.9971 | tau+ 0.500
[OUTPOST-v4] epoch 54: test-all ROC 0.7130 PR 0.4356 | unseen ROC 0.6759 PR 0.2868 | valAUC 0.9971 | tau+ 0.500
[OUTPOST-v4] epoch 55: test-all ROC 0.7164 PR 0.4390 | unseen ROC 0.6797 PR 0.2893 | valAUC 0.9966 | tau+ 0.500
[OUTPOST-v4] epoch 56: test-all ROC 0.7059 PR 0.4263 | unseen ROC 0.6679 PR 0.2765 | valAUC 0.9980 | tau+ 0.500
[OUTPOST-v4] epoch 57: test-all ROC 0.6979 PR 0.4140 | unseen ROC 0.6588 PR 0.2631 | valAUC 0.9968 | tau+ 0.500
[OUTPOST-v4] epoch 58: test-all ROC 0.6966 PR 0.4180 | unseen ROC 0.6574 PR 0.2680 | valAUC 0.9966 | tau+ 0.500
[OUTPOST-v4] epoch 59: test-all ROC 0.7078 PR 0.4355 | unseen ROC 0.6700 PR 0.2877 | valAUC 0.9968 | tau+ 0.500
[OUTPOST-v4] epoch 60: test-all ROC 0.7153 PR 0.4484 | unseen ROC 0.6785 PR 0.3024 | valAUC 0.9957 | tau+ 0.500
[OUTPOST-v4] epoch 61: test-all ROC 0.7189 PR 0.4580 | unseen ROC 0.6825 PR 0.3161 | valAUC 0.9968 | tau+ 0.500
[OUTPOST-v4] epoch 62: test-all ROC 0.7327 PR 0.4823 | unseen ROC 0.6981 PR 0.3466 | valAUC 0.9974 | tau+ 0.500
[OUTPOST-v4] epoch 63: test-all ROC 0.7508 PR 0.5132 | unseen ROC 0.7187 PR 0.3860 | valAUC 0.9951 | tau+ 0.500
[OUTPOST-v4] epoch 64: test-all ROC 0.7534 PR 0.5200 | unseen ROC 0.7216 PR 0.3943 | valAUC 0.9966 | tau+ 0.500
[OUTPOST-v4] epoch 65: test-all ROC 0.7460 PR 0.5082 | unseen ROC 0.7132 PR 0.3778 | valAUC 0.9968 | tau+ 0.500
[OUTPOST-v4] epoch 66: test-all ROC 0.7291 PR 0.4858 | unseen ROC 0.6941 PR 0.3501 | valAUC 0.9971 | tau+ 0.500
[OUTPOST-v4] epoch 67: test-all ROC 0.7256 PR 0.4792 | unseen ROC 0.6901 PR 0.3419 | valAUC 0.9980 | tau+ 0.500
[OUTPOST-v4] epoch 68: test-all ROC 0.7248 PR 0.4757 | unseen ROC 0.6893 PR 0.3405 | valAUC 0.9977 | tau+ 0.500
[OUTPOST-v4] epoch 69: test-all ROC 0.7229 PR 0.4733 | unseen ROC 0.6871 PR 0.3354 | valAUC 0.9974 | tau+ 0.500
[OUTPOST-v4] epoch 70: test-all ROC 0.7225 PR 0.4749 | unseen ROC 0.6866 PR 0.3384 | valAUC 0.9974 | tau+ 0.500
[OUTPOST-v4] epoch 71: test-all ROC 0.7229 PR 0.4771 | unseen ROC 0.6870 PR 0.3412 | valAUC 0.9977 | tau+ 0.500
[OUTPOST-v4] epoch 72: test-all ROC 0.7332 PR 0.5019 | unseen ROC 0.6987 PR 0.3714 | valAUC 0.9954 | tau+ 0.500
[OUTPOST-v4] epoch 73: test-all ROC 0.7518 PR 0.5290 | unseen ROC 0.7197 PR 0.4061 | valAUC 0.9968 | tau+ 0.500
[OUTPOST-v4] epoch 74: test-all ROC 0.7691 PR 0.5501 | unseen ROC 0.7393 PR 0.4343 | valAUC 0.9963 | tau+ 0.500
[OUTPOST-v4] epoch 75: test-all ROC 0.7766 PR 0.5563 | unseen ROC 0.7479 PR 0.4406 | valAUC 0.9948 | tau+ 0.500
[OUTPOST-v4] epoch 76: test-all ROC 0.7663 PR 0.5493 | unseen ROC 0.7361 PR 0.4323 | valAUC 0.9966 | tau+ 0.500
[OUTPOST-v4] epoch 77: test-all ROC 0.7504 PR 0.5288 | unseen ROC 0.7182 PR 0.4064 | valAUC 0.9968 | tau+ 0.500
[OUTPOST-v4] epoch 78: test-all ROC 0.7387 PR 0.5076 | unseen ROC 0.7049 PR 0.3789 | valAUC 0.9974 | tau+ 0.500
[OUTPOST-v4] epoch 79: test-all ROC 0.7341 PR 0.4944 | unseen ROC 0.6998 PR 0.3628 | valAUC 0.9960 | tau+ 0.500
[OUTPOST-v4] epoch 80: test-all ROC 0.7313 PR 0.4894 | unseen ROC 0.6966 PR 0.3566 | valAUC 0.9974 | tau+ 0.500
[OUTPOST-v4] epoch 81: test-all ROC 0.7377 PR 0.4987 | unseen ROC 0.7038 PR 0.3680 | valAUC 0.9980 | tau+ 0.500
[OUTPOST-v4] epoch 82: test-all ROC 0.7435 PR 0.5124 | unseen ROC 0.7103 PR 0.3842 | valAUC 0.9966 | tau+ 0.500
[OUTPOST-v4] epoch 83: test-all ROC 0.7554 PR 0.5308 | unseen ROC 0.7238 PR 0.4099 | valAUC 0.9966 | tau+ 0.500
[OUTPOST-v4] epoch 84: test-all ROC 0.7582 PR 0.5375 | unseen ROC 0.7270 PR 0.4161 | valAUC 0.9966 | tau+ 0.500
[OUTPOST-v4] epoch 85: test-all ROC 0.7530 PR 0.5305 | unseen ROC 0.7211 PR 0.4094 | valAUC 0.9968 | tau+ 0.500
[OUTPOST-v4] epoch 86: test-all ROC 0.7500 PR 0.5238 | unseen ROC 0.7177 PR 0.3975 | valAUC 0.9968 | tau+ 0.500
[OUTPOST-v4] epoch 87: test-all ROC 0.7490 PR 0.5202 | unseen ROC 0.7165 PR 0.3943 | valAUC 0.9966 | tau+ 0.500
[OUTPOST-v4] epoch 88: test-all ROC 0.7413 PR 0.5090 | unseen ROC 0.7079 PR 0.3784 | valAUC 0.9974 | tau+ 0.500
[OUTPOST-v4] epoch 89: test-all ROC 0.7429 PR 0.5077 | unseen ROC 0.7097 PR 0.3775 | valAUC 0.9971 | tau+ 0.500
[OUTPOST-v4] epoch 90: test-all ROC 0.7388 PR 0.5043 | unseen ROC 0.7050 PR 0.3752 | valAUC 0.9968 | tau+ 0.500
[OUTPOST-v4] epoch 91: test-all ROC 0.7409 PR 0.5115 | unseen ROC 0.7074 PR 0.3855 | valAUC 0.9968 | tau+ 0.500
[OUTPOST-v4] epoch 92: test-all ROC 0.7455 PR 0.5185 | unseen ROC 0.7126 PR 0.3927 | valAUC 0.9974 | tau+ 0.500
[OUTPOST-v4] epoch 93: test-all ROC 0.7426 PR 0.5194 | unseen ROC 0.7093 PR 0.3956 | valAUC 0.9971 | tau+ 0.500
[OUTPOST-v4] epoch 94: test-all ROC 0.7471 PR 0.5242 | unseen ROC 0.7144 PR 0.4015 | valAUC 0.9966 | tau+ 0.500
[OUTPOST-v4] epoch 95: test-all ROC 0.7508 PR 0.5377 | unseen ROC 0.7186 PR 0.4189 | valAUC 0.9966 | tau+ 0.500
[OUTPOST-v4] epoch 96: test-all ROC 0.7576 PR 0.5529 | unseen ROC 0.7263 PR 0.4379 | valAUC 0.9971 | tau+ 0.500
[OUTPOST-v4] epoch 97: test-all ROC 0.7600 PR 0.5607 | unseen ROC 0.7290 PR 0.4486 | valAUC 0.9963 | tau+ 0.500
[OUTPOST-v4] epoch 98: test-all ROC 0.7662 PR 0.5675 | unseen ROC 0.7360 PR 0.4571 | valAUC 0.9966 | tau+ 0.500
[OUTPOST-v4] epoch 99: test-all ROC 0.7659 PR 0.5699 | unseen ROC 0.7357 PR 0.4579 | valAUC 0.9974 | tau+ 0.500
[OUTPOST-v4] epoch 100: test-all ROC 0.7659 PR 0.5677 | unseen ROC 0.7357 PR 0.4580 | valAUC 0.9968 | tau+ 0.500
[OUTPOST-v4] epoch 101: test-all ROC 0.7641 PR 0.5614 | unseen ROC 0.7337 PR 0.4493 | valAUC 0.9974 | tau+ 0.500
[OUTPOST-v4] epoch 102: test-all ROC 0.7590 PR 0.5502 | unseen ROC 0.7279 PR 0.4338 | valAUC 0.9968 | tau+ 0.500
[OUTPOST-v4] epoch 103: test-all ROC 0.7569 PR 0.5429 | unseen ROC 0.7255 PR 0.4253 | valAUC 0.9960 | tau+ 0.500
[OUTPOST-v4] epoch 104: test-all ROC 0.7574 PR 0.5337 | unseen ROC 0.7260 PR 0.4118 | valAUC 0.9974 | tau+ 0.500
[OUTPOST-v4] epoch 105: test-all ROC 0.7493 PR 0.5212 | unseen ROC 0.7170 PR 0.3952 | valAUC 0.9968 | tau+ 0.500
[OUTPOST-v4] epoch 106: test-all ROC 0.7473 PR 0.5174 | unseen ROC 0.7147 PR 0.3901 | valAUC 0.9977 | tau+ 0.500
[OUTPOST-v4] epoch 107: test-all ROC 0.7416 PR 0.5117 | unseen ROC 0.7082 PR 0.3829 | valAUC 0.9977 | tau+ 0.500
[OUTPOST-v4] epoch 108: test-all ROC 0.7426 PR 0.5132 | unseen ROC 0.7094 PR 0.3856 | valAUC 0.9983 | tau+ 0.500
[OUTPOST-v4] epoch 109: test-all ROC 0.7413 PR 0.5120 | unseen ROC 0.7078 PR 0.3842 | valAUC 0.9983 | tau+ 0.500
[OUTPOST-v4] epoch 110: test-all ROC 0.7480 PR 0.5280 | unseen ROC 0.7154 PR 0.4032 | valAUC 0.9977 | tau+ 0.500
[OUTPOST-v4] epoch 111: test-all ROC 0.7563 PR 0.5522 | unseen ROC 0.7249 PR 0.4354 | valAUC 0.9974 | tau+ 0.500
[OUTPOST-v4] epoch 112: test-all ROC 0.7669 PR 0.5758 | unseen ROC 0.7368 PR 0.4668 | valAUC 0.9968 | tau+ 0.500
[OUTPOST-v4] epoch 113: test-all ROC 0.7866 PR 0.5939 | unseen ROC 0.7592 PR 0.4890 | valAUC 0.9957 | tau+ 0.500
[OUTPOST-v4] epoch 114: test-all ROC 0.7859 PR 0.5893 | unseen ROC 0.7584 PR 0.4849 | valAUC 0.9957 | tau+ 0.500
[OUTPOST-v4] epoch 115: test-all ROC 0.7750 PR 0.5835 | unseen ROC 0.7460 PR 0.4776 | valAUC 0.9963 | tau+ 0.500
[OUTPOST-v4] epoch 116: test-all ROC 0.7658 PR 0.5658 | unseen ROC 0.7355 PR 0.4534 | valAUC 0.9977 | tau+ 0.500
[OUTPOST-v4] epoch 117: test-all ROC 0.7597 PR 0.5478 | unseen ROC 0.7286 PR 0.4291 | valAUC 0.9974 | tau+ 0.500
[OUTPOST-v4] epoch 118: test-all ROC 0.7562 PR 0.5361 | unseen ROC 0.7247 PR 0.4140 | valAUC 0.9980 | tau+ 0.500
[OUTPOST-v4] epoch 119: test-all ROC 0.7586 PR 0.5427 | unseen ROC 0.7275 PR 0.4206 | valAUC 0.9974 | tau+ 0.500
[OUTPOST-v4] epoch 120: test-all ROC 0.7576 PR 0.5395 | unseen ROC 0.7263 PR 0.4175 | valAUC 0.9971 | tau+ 0.500
[OUTPOST-v4] epoch 121: test-all ROC 0.7593 PR 0.5435 | unseen ROC 0.7282 PR 0.4232 | valAUC 0.9968 | tau+ 0.500
[OUTPOST-v4] epoch 122: test-all ROC 0.7596 PR 0.5427 | unseen ROC 0.7285 PR 0.4247 | valAUC 0.9974 | tau+ 0.500
[OUTPOST-v4] epoch 123: test-all ROC 0.7600 PR 0.5458 | unseen ROC 0.7290 PR 0.4279 | valAUC 0.9977 | tau+ 0.500
[OUTPOST-v4] epoch 124: test-all ROC 0.7619 PR 0.5518 | unseen ROC 0.7311 PR 0.4352 | valAUC 0.9971 | tau+ 0.500
[OUTPOST-v4] epoch 125: test-all ROC 0.7693 PR 0.5664 | unseen ROC 0.7396 PR 0.4536 | valAUC 0.9971 | tau+ 0.500
[OUTPOST-v4] epoch 126: test-all ROC 0.7759 PR 0.5792 | unseen ROC 0.7470 PR 0.4706 | valAUC 0.9971 | tau+ 0.500
[OUTPOST-v4] epoch 127: test-all ROC 0.7832 PR 0.5923 | unseen ROC 0.7552 PR 0.4878 | valAUC 0.9977 | tau+ 0.500
[OUTPOST-v4] epoch 128: test-all ROC 0.7896 PR 0.5974 | unseen ROC 0.7625 PR 0.4948 | valAUC 0.9960 | tau+ 0.500
[OUTPOST-v4] epoch 129: test-all ROC 0.7921 PR 0.5983 | unseen ROC 0.7654 PR 0.4957 | valAUC 0.9951 | tau+ 0.500
[OUTPOST-v4] epoch 130: test-all ROC 0.7933 PR 0.5986 | unseen ROC 0.7666 PR 0.4957 | valAUC 0.9963 | tau+ 0.500
[OUTPOST-v4] epoch 131: test-all ROC 0.7848 PR 0.5979 | unseen ROC 0.7570 PR 0.4955 | valAUC 0.9968 | tau+ 0.500
[OUTPOST-v4] epoch 132: test-all ROC 0.7793 PR 0.5887 | unseen ROC 0.7509 PR 0.4820 | valAUC 0.9968 | tau+ 0.500
[OUTPOST-v4] epoch 133: test-all ROC 0.7731 PR 0.5787 | unseen ROC 0.7438 PR 0.4704 | valAUC 0.9977 | tau+ 0.500
[OUTPOST-v4] epoch 134: test-all ROC 0.7713 PR 0.5770 | unseen ROC 0.7418 PR 0.4671 | valAUC 0.9971 | tau+ 0.500
[OUTPOST-v4] epoch 135: test-all ROC 0.7658 PR 0.5691 | unseen ROC 0.7356 PR 0.4582 | valAUC 0.9974 | tau+ 0.500
[OUTPOST-v4] epoch 136: test-all ROC 0.7668 PR 0.5693 | unseen ROC 0.7367 PR 0.4593 | valAUC 0.9977 | tau+ 0.500
[OUTPOST-v4] epoch 137: test-all ROC 0.7658 PR 0.5709 | unseen ROC 0.7356 PR 0.4603 | valAUC 0.9983 | tau+ 0.500
[OUTPOST-v4] epoch 138: test-all ROC 0.7631 PR 0.5720 | unseen ROC 0.7325 PR 0.4612 | valAUC 0.9974 | tau+ 0.500
[OUTPOST-v4] epoch 139: test-all ROC 0.7674 PR 0.5807 | unseen ROC 0.7374 PR 0.4733 | valAUC 0.9966 | tau+ 0.500
[OUTPOST-v4] epoch 140: test-all ROC 0.7723 PR 0.5900 | unseen ROC 0.7429 PR 0.4856 | valAUC 0.9983 | tau+ 0.500
[OUTPOST-v4] epoch 141: test-all ROC 0.7736 PR 0.5952 | unseen ROC 0.7445 PR 0.4935 | valAUC 0.9977 | tau+ 0.500
[OUTPOST-v4] epoch 142: test-all ROC 0.7825 PR 0.6044 | unseen ROC 0.7545 PR 0.5050 | valAUC 0.9963 | tau+ 0.500
[OUTPOST-v4] epoch 143: test-all ROC 0.7944 PR 0.6077 | unseen ROC 0.7681 PR 0.5071 | valAUC 0.9948 | tau+ 0.500
[OUTPOST-v4] epoch 144: test-all ROC 0.7881 PR 0.6054 | unseen ROC 0.7608 PR 0.5057 | valAUC 0.9951 | tau+ 0.500
[OUTPOST-v4] epoch 145: test-all ROC 0.7854 PR 0.6040 | unseen ROC 0.7577 PR 0.5027 | valAUC 0.9974 | tau+ 0.500
[OUTPOST-v4] epoch 146: test-all ROC 0.7873 PR 0.6005 | unseen ROC 0.7598 PR 0.4965 | valAUC 0.9977 | tau+ 0.500
[OUTPOST-v4] epoch 147: test-all ROC 0.7860 PR 0.5960 | unseen ROC 0.7584 PR 0.4916 | valAUC 0.9957 | tau+ 0.500
[OUTPOST-v4] epoch 148: test-all ROC 0.7929 PR 0.6003 | unseen ROC 0.7662 PR 0.4960 | valAUC 0.9971 | tau+ 0.500
[OUTPOST-v4] epoch 149: test-all ROC 0.7959 PR 0.6040 | unseen ROC 0.7696 PR 0.5017 | valAUC 0.9977 | tau+ 0.500
[OUTPOST-v4] epoch 150: test-all ROC 0.7999 PR 0.6067 | unseen ROC 0.7742 PR 0.5055 | valAUC 0.9971 | tau+ 0.500
[OUTPOST-v4] epoch 151: test-all ROC 0.8009 PR 0.6064 | unseen ROC 0.7753 PR 0.5042 | valAUC 0.9971 | tau+ 0.500
[OUTPOST-v4] epoch 152: test-all ROC 0.8030 PR 0.6099 | unseen ROC 0.7777 PR 0.5102 | valAUC 0.9974 | tau+ 0.500
[OUTPOST-v4] epoch 153: test-all ROC 0.7995 PR 0.6018 | unseen ROC 0.7737 PR 0.4976 | valAUC 0.9980 | tau+ 0.500
[OUTPOST-v4] epoch 154: test-all ROC 0.7976 PR 0.5993 | unseen ROC 0.7715 PR 0.4969 | valAUC 0.9971 | tau+ 0.500
[OUTPOST-v4] epoch 155: test-all ROC 0.7945 PR 0.5970 | unseen ROC 0.7680 PR 0.4923 | valAUC 0.9986 | tau+ 0.500
[OUTPOST-v4] epoch 156: test-all ROC 0.7890 PR 0.5919 | unseen ROC 0.7618 PR 0.4872 | valAUC 0.9977 | tau+ 0.500
[OUTPOST-v4] epoch 157: test-all ROC 0.7870 PR 0.5929 | unseen ROC 0.7596 PR 0.4866 | valAUC 0.9974 | tau+ 0.500
[OUTPOST-v4] epoch 158: test-all ROC 0.7832 PR 0.5929 | unseen ROC 0.7552 PR 0.4852 | valAUC 0.9986 | tau+ 0.500
[OUTPOST-v4] epoch 159: test-all ROC 0.7839 PR 0.5893 | unseen ROC 0.7560 PR 0.4833 | valAUC 0.9980 | tau+ 0.500
[OUTPOST-v4] epoch 160: test-all ROC 0.7780 PR 0.5854 | unseen ROC 0.7494 PR 0.4775 | valAUC 0.9974 | tau+ 0.500
[OUTPOST-v4] epoch 161: test-all ROC 0.7822 PR 0.5913 | unseen ROC 0.7542 PR 0.4855 | valAUC 0.9983 | tau+ 0.500
[OUTPOST-v4] epoch 162: test-all ROC 0.7831 PR 0.5962 | unseen ROC 0.7551 PR 0.4918 | valAUC 0.9977 | tau+ 0.500
[OUTPOST-v4] epoch 163: test-all ROC 0.7856 PR 0.6069 | unseen ROC 0.7579 PR 0.5069 | valAUC 0.9966 | tau+ 0.500
[OUTPOST-v4] epoch 164: test-all ROC 0.7932 PR 0.6126 | unseen ROC 0.7666 PR 0.5151 | valAUC 0.9957 | tau+ 0.500
[OUTPOST-v4] epoch 165: test-all ROC 0.8070 PR 0.6203 | unseen ROC 0.7822 PR 0.5213 | valAUC 0.9954 | tau+ 0.500
[OUTPOST-v4] epoch 166: test-all ROC 0.7972 PR 0.6175 | unseen ROC 0.7711 PR 0.5190 | valAUC 0.9966 | tau+ 0.500
[OUTPOST-v4] epoch 167: test-all ROC 0.7906 PR 0.6126 | unseen ROC 0.7637 PR 0.5128 | valAUC 0.9966 | tau+ 0.500
[OUTPOST-v4] epoch 168: test-all ROC 0.7876 PR 0.6082 | unseen ROC 0.7603 PR 0.5079 | valAUC 0.9980 | tau+ 0.500
[OUTPOST-v4] epoch 169: test-all ROC 0.7927 PR 0.6133 | unseen ROC 0.7660 PR 0.5128 | valAUC 0.9966 | tau+ 0.500
[OUTPOST-v4] epoch 170: test-all ROC 0.7940 PR 0.6102 | unseen ROC 0.7675 PR 0.5106 | valAUC 0.9968 | tau+ 0.500
[OUTPOST-v4] epoch 171: test-all ROC 0.7965 PR 0.6155 | unseen ROC 0.7703 PR 0.5174 | valAUC 0.9971 | tau+ 0.500
[OUTPOST-v4] epoch 172: test-all ROC 0.8115 PR 0.6230 | unseen ROC 0.7873 PR 0.5261 | valAUC 0.9963 | tau+ 0.500
[OUTPOST-v4] epoch 173: test-all ROC 0.8151 PR 0.6245 | unseen ROC 0.7914 PR 0.5268 | valAUC 0.9960 | tau+ 0.500
[OUTPOST-v4] epoch 174: test-all ROC 0.8127 PR 0.6254 | unseen ROC 0.7887 PR 0.5278 | valAUC 0.9960 | tau+ 0.500
[OUTPOST-v4] epoch 175: test-all ROC 0.8083 PR 0.6263 | unseen ROC 0.7836 PR 0.5287 | valAUC 0.9980 | tau+ 0.500
[OUTPOST-v4] epoch 176: test-all ROC 0.8054 PR 0.6219 | unseen ROC 0.7803 PR 0.5235 | valAUC 0.9977 | tau+ 0.500
[OUTPOST-v4] epoch 177: test-all ROC 0.8034 PR 0.6226 | unseen ROC 0.7781 PR 0.5247 | valAUC 0.9983 | tau+ 0.500
[OUTPOST-v4] epoch 178: test-all ROC 0.8033 PR 0.6222 | unseen ROC 0.7780 PR 0.5240 | valAUC 0.9977 | tau+ 0.500
[OUTPOST-v4] epoch 179: test-all ROC 0.8062 PR 0.6259 | unseen ROC 0.7813 PR 0.5298 | valAUC 0.9971 | tau+ 0.500
[OUTPOST-v4] epoch 180: test-all ROC 0.8216 PR 0.6287 | unseen ROC 0.7988 PR 0.5312 | valAUC 0.9968 | tau+ 0.500
[OUTPOST-v4] epoch 181: test-all ROC 0.8190 PR 0.6269 | unseen ROC 0.7958 PR 0.5305 | valAUC 0.9951 | tau+ 0.500
[OUTPOST-v4] epoch 182: test-all ROC 0.8182 PR 0.6317 | unseen ROC 0.7949 PR 0.5372 | valAUC 0.9983 | tau+ 0.500
[OUTPOST-v4] epoch 183: test-all ROC 0.8206 PR 0.6312 | unseen ROC 0.7976 PR 0.5385 | valAUC 0.9971 | tau+ 0.500
[OUTPOST-v4] epoch 184: test-all ROC 0.8247 PR 0.6311 | unseen ROC 0.8022 PR 0.5334 | valAUC 0.9968 | tau+ 0.500
[OUTPOST-v4] epoch 185: test-all ROC 0.8269 PR 0.6368 | unseen ROC 0.8047 PR 0.5414 | valAUC 0.9986 | tau+ 0.500
[OUTPOST-v4] epoch 186: test-all ROC 0.8285 PR 0.6363 | unseen ROC 0.8065 PR 0.5425 | valAUC 0.9968 | tau+ 0.500
[OUTPOST-v4] epoch 187: test-all ROC 0.8287 PR 0.6386 | unseen ROC 0.8067 PR 0.5439 | valAUC 0.9968 | tau+ 0.500
[OUTPOST-v4] epoch 188: test-all ROC 0.8390 PR 0.6403 | unseen ROC 0.8186 PR 0.5471 | valAUC 0.9960 | tau+ 0.500
[OUTPOST-v4] epoch 189: test-all ROC 0.8529 PR 0.6470 | unseen ROC 0.8344 PR 0.5552 | valAUC 0.9971 | tau+ 0.500
[OUTPOST-v4] epoch 190: test-all ROC 0.8344 PR 0.6401 | unseen ROC 0.8132 PR 0.5482 | valAUC 0.9966 | tau+ 0.500
[OUTPOST-v4] epoch 191: test-all ROC 0.8276 PR 0.6412 | unseen ROC 0.8055 PR 0.5466 | valAUC 0.9971 | tau+ 0.500
[OUTPOST-v4] epoch 192: test-all ROC 0.8182 PR 0.6376 | unseen ROC 0.7949 PR 0.5421 | valAUC 0.9977 | tau+ 0.500
[OUTPOST-v4] epoch 193: test-all ROC 0.8128 PR 0.6348 | unseen ROC 0.7887 PR 0.5393 | valAUC 0.9986 | tau+ 0.500
[OUTPOST-v4] epoch 194: test-all ROC 0.8175 PR 0.6385 | unseen ROC 0.7941 PR 0.5447 | valAUC 0.9980 | tau+ 0.500
[OUTPOST-v4] epoch 195: test-all ROC 0.8305 PR 0.6463 | unseen ROC 0.8087 PR 0.5544 | valAUC 0.9971 | tau+ 0.500
[OUTPOST-v4] epoch 196: test-all ROC 0.8495 PR 0.6488 | unseen ROC 0.8305 PR 0.5570 | valAUC 0.9977 | tau+ 0.500
[OUTPOST-v4] epoch 197: test-all ROC 0.8325 PR 0.6476 | unseen ROC 0.8111 PR 0.5526 | valAUC 0.9968 | tau+ 0.500
[OUTPOST-v4] epoch 198: test-all ROC 0.8274 PR 0.6423 | unseen ROC 0.8052 PR 0.5499 | valAUC 0.9983 | tau+ 0.500
[OUTPOST-v4] epoch 199: test-all ROC 0.8223 PR 0.6410 | unseen ROC 0.7995 PR 0.5448 | valAUC 0.9980 | tau+ 0.500
[OUTPOST-v4] epoch 200: test-all ROC 0.8242 PR 0.6419 | unseen ROC 0.8016 PR 0.5486 | valAUC 0.9980 | tau+ 0.500
[OUTPOST-v4] epoch 201: test-all ROC 0.8367 PR 0.6527 | unseen ROC 0.8157 PR 0.5616 | valAUC 0.9989 | tau+ 0.500
[OUTPOST-v4] epoch 202: test-all ROC 0.8439 PR 0.6518 | unseen ROC 0.8240 PR 0.5603 | valAUC 0.9977 | tau+ 0.500
[OUTPOST-v4] epoch 203: test-all ROC 0.8471 PR 0.6512 | unseen ROC 0.8277 PR 0.5591 | valAUC 0.9974 | tau+ 0.500
[OUTPOST-v4] epoch 204: test-all ROC 0.8382 PR 0.6518 | unseen ROC 0.8175 PR 0.5593 | valAUC 0.9974 | tau+ 0.500
[OUTPOST-v4] epoch 205: test-all ROC 0.8223 PR 0.6442 | unseen ROC 0.7995 PR 0.5530 | valAUC 0.9977 | tau+ 0.500
[OUTPOST-v4] epoch 206: test-all ROC 0.8185 PR 0.6411 | unseen ROC 0.7952 PR 0.5499 | valAUC 0.9983 | tau+ 0.500
[OUTPOST-v4] epoch 207: test-all ROC 0.8147 PR 0.6440 | unseen ROC 0.7908 PR 0.5520 | valAUC 0.9983 | tau+ 0.500
[OUTPOST-v4] epoch 208: test-all ROC 0.8216 PR 0.6478 | unseen ROC 0.7987 PR 0.5566 | valAUC 0.9968 | tau+ 0.500
[OUTPOST-v4] epoch 209: test-all ROC 0.8326 PR 0.6501 | unseen ROC 0.8112 PR 0.5589 | valAUC 0.9986 | tau+ 0.500
[OUTPOST-v4] epoch 210: test-all ROC 0.8474 PR 0.6525 | unseen ROC 0.8282 PR 0.5614 | valAUC 0.9974 | tau+ 0.500
[OUTPOST-v4] epoch 211: test-all ROC 0.8236 PR 0.6496 | unseen ROC 0.8010 PR 0.5587 | valAUC 0.9994 | tau+ 0.500
[OUTPOST-v4] epoch 212: test-all ROC 0.8141 PR 0.6432 | unseen ROC 0.7902 PR 0.5493 | valAUC 0.9991 | tau+ 0.500
[OUTPOST-v4] epoch 213: test-all ROC 0.8139 PR 0.6399 | unseen ROC 0.7900 PR 0.5490 | valAUC 0.9983 | tau+ 0.500
[OUTPOST-v4] epoch 214: test-all ROC 0.8208 PR 0.6456 | unseen ROC 0.7978 PR 0.5523 | valAUC 0.9986 | tau+ 0.500
[OUTPOST-v4] epoch 215: test-all ROC 0.8351 PR 0.6536 | unseen ROC 0.8139 PR 0.5619 | valAUC 0.9994 | tau+ 0.500
[OUTPOST-v4] epoch 216: test-all ROC 0.8496 PR 0.6599 | unseen ROC 0.8305 PR 0.5722 | valAUC 0.9980 | tau+ 0.500
[OUTPOST-v4] epoch 217: test-all ROC 0.8639 PR 0.6673 | unseen ROC 0.8468 PR 0.5802 | valAUC 0.9989 | tau+ 0.500
[OUTPOST-v4] epoch 218: test-all ROC 0.8613 PR 0.6658 | unseen ROC 0.8437 PR 0.5766 | valAUC 0.9989 | tau+ 0.500
[OUTPOST-v4] epoch 219: test-all ROC 0.8515 PR 0.6630 | unseen ROC 0.8326 PR 0.5725 | valAUC 0.9983 | tau+ 0.500
[OUTPOST-v4] epoch 220: test-all ROC 0.8485 PR 0.6614 | unseen ROC 0.8291 PR 0.5722 | valAUC 0.9989 | tau+ 0.500
[OUTPOST-v4] epoch 221: test-all ROC 0.8442 PR 0.6612 | unseen ROC 0.8243 PR 0.5718 | valAUC 0.9966 | tau+ 0.500
[OUTPOST-v4] epoch 222: test-all ROC 0.8466 PR 0.6609 | unseen ROC 0.8270 PR 0.5728 | valAUC 0.9989 | tau+ 0.500
[OUTPOST-v4] epoch 223: test-all ROC 0.8512 PR 0.6648 | unseen ROC 0.8323 PR 0.5778 | valAUC 0.9989 | tau+ 0.500
[OUTPOST-v4] epoch 224: test-all ROC 0.8578 PR 0.6698 | unseen ROC 0.8398 PR 0.5820 | valAUC 0.9989 | tau+ 0.500
[OUTPOST-v4] epoch 225: test-all ROC 0.8663 PR 0.6729 | unseen ROC 0.8496 PR 0.5865 | valAUC 0.9989 | tau+ 0.500
[OUTPOST-v4] epoch 226: test-all ROC 0.8628 PR 0.6712 | unseen ROC 0.8456 PR 0.5837 | valAUC 0.9994 | tau+ 0.500
[OUTPOST-v4] epoch 227: test-all ROC 0.8483 PR 0.6637 | unseen ROC 0.8290 PR 0.5764 | valAUC 0.9989 | tau+ 0.500
[OUTPOST-v4] epoch 228: test-all ROC 0.8408 PR 0.6633 | unseen ROC 0.8204 PR 0.5755 | valAUC 0.9991 | tau+ 0.500
[OUTPOST-v4] epoch 229: test-all ROC 0.8362 PR 0.6603 | unseen ROC 0.8153 PR 0.5723 | valAUC 0.9974 | tau+ 0.500
[OUTPOST-v4] epoch 230: test-all ROC 0.8463 PR 0.6652 | unseen ROC 0.8268 PR 0.5765 | valAUC 0.9994 | tau+ 0.500
[OUTPOST-v4] epoch 231: test-all ROC 0.8499 PR 0.6663 | unseen ROC 0.8309 PR 0.5788 | valAUC 0.9980 | tau+ 0.500
[OUTPOST-v4] epoch 232: test-all ROC 0.8426 PR 0.6655 | unseen ROC 0.8226 PR 0.5773 | valAUC 0.9989 | tau+ 0.500
[OUTPOST-v4] epoch 233: test-all ROC 0.8473 PR 0.6692 | unseen ROC 0.8279 PR 0.5825 | valAUC 0.9997 | tau+ 0.500
[OUTPOST-v4] epoch 234: test-all ROC 0.8475 PR 0.6654 | unseen ROC 0.8281 PR 0.5777 | valAUC 0.9994 | tau+ 0.500
[OUTPOST-v4] epoch 235: test-all ROC 0.8575 PR 0.6685 | unseen ROC 0.8395 PR 0.5840 | valAUC 0.9989 | tau+ 0.500
[OUTPOST-v4] epoch 236: test-all ROC 0.8583 PR 0.6738 | unseen ROC 0.8404 PR 0.5895 | valAUC 0.9994 | tau+ 0.500
[OUTPOST-v4] epoch 237: test-all ROC 0.8555 PR 0.6769 | unseen ROC 0.8371 PR 0.5913 | valAUC 0.9980 | tau+ 0.500
[OUTPOST-v4] epoch 238: test-all ROC 0.8547 PR 0.6736 | unseen ROC 0.8362 PR 0.5864 | valAUC 0.9994 | tau+ 0.500
[OUTPOST-v4] epoch 239: test-all ROC 0.8536 PR 0.6772 | unseen ROC 0.8350 PR 0.5934 | valAUC 0.9991 | tau+ 0.500
[OUTPOST-v4] epoch 240: test-all ROC 0.8561 PR 0.6756 | unseen ROC 0.8379 PR 0.5909 | valAUC 0.9989 | tau+ 0.500
[OUTPOST-v4] epoch 241: test-all ROC 0.8521 PR 0.6712 | unseen ROC 0.8334 PR 0.5840 | valAUC 0.9983 | tau+ 0.500
[OUTPOST-v4] epoch 242: test-all ROC 0.8529 PR 0.6784 | unseen ROC 0.8341 PR 0.5918 | valAUC 0.9983 | tau+ 0.500
[OUTPOST-v4] epoch 243: test-all ROC 0.8588 PR 0.6771 | unseen ROC 0.8410 PR 0.5898 | valAUC 0.9989 | tau+ 0.500
[OUTPOST-v4] epoch 244: test-all ROC 0.8641 PR 0.6802 | unseen ROC 0.8472 PR 0.5944 | valAUC 0.9989 | tau+ 0.500
[OUTPOST-v4] epoch 245: test-all ROC 0.8573 PR 0.6820 | unseen ROC 0.8393 PR 0.5974 | valAUC 0.9983 | tau+ 0.500
[OUTPOST-v4] epoch 246: test-all ROC 0.8492 PR 0.6789 | unseen ROC 0.8300 PR 0.5943 | valAUC 0.9991 | tau+ 0.500
[OUTPOST-v4] epoch 247: test-all ROC 0.8554 PR 0.6801 | unseen ROC 0.8372 PR 0.5970 | valAUC 0.9994 | tau+ 0.500
[OUTPOST-v4] epoch 248: test-all ROC 0.8655 PR 0.6852 | unseen ROC 0.8488 PR 0.6005 | valAUC 0.9971 | tau+ 0.500
[OUTPOST-v4] epoch 249: test-all ROC 0.8729 PR 0.6910 | unseen ROC 0.8573 PR 0.6086 | valAUC 0.9986 | tau+ 0.500
[OUTPOST-v4] epoch 250: test-all ROC 0.8570 PR 0.6843 | unseen ROC 0.8391 PR 0.6017 | valAUC 0.9991 | tau+ 0.500
[OUTPOST-v4] epoch 251: test-all ROC 0.8435 PR 0.6771 | unseen ROC 0.8237 PR 0.5933 | valAUC 0.9991 | tau+ 0.500
[OUTPOST-v4] epoch 252: test-all ROC 0.8480 PR 0.6793 | unseen ROC 0.8288 PR 0.5958 | valAUC 0.9997 | tau+ 0.500
[OUTPOST-v4] epoch 253: test-all ROC 0.8555 PR 0.6875 | unseen ROC 0.8375 PR 0.6049 | valAUC 0.9994 | tau+ 0.500
[OUTPOST-v4] epoch 254: test-all ROC 0.8618 PR 0.6884 | unseen ROC 0.8448 PR 0.6060 | valAUC 0.9997 | tau+ 0.500
[OUTPOST-v4] epoch 255: test-all ROC 0.8565 PR 0.6851 | unseen ROC 0.8388 PR 0.6033 | valAUC 0.9986 | tau+ 0.500
[OUTPOST-v4] epoch 256: test-all ROC 0.8408 PR 0.6811 | unseen ROC 0.8206 PR 0.5966 | valAUC 0.9989 | tau+ 0.500
[OUTPOST-v4] epoch 257: test-all ROC 0.8306 PR 0.6751 | unseen ROC 0.8090 PR 0.5908 | valAUC 0.9991 | tau+ 0.500
[OUTPOST-v4] epoch 258: test-all ROC 0.8287 PR 0.6722 | unseen ROC 0.8068 PR 0.5884 | valAUC 0.9991 | tau+ 0.500
[OUTPOST-v4] epoch 259: test-all ROC 0.8384 PR 0.6813 | unseen ROC 0.8179 PR 0.5974 | valAUC 0.9997 | tau+ 0.500
[OUTPOST-v4] epoch 260: test-all ROC 0.8644 PR 0.6886 | unseen ROC 0.8481 PR 0.6040 | valAUC 0.9989 | tau+ 0.500
[OUTPOST-v4] epoch 261: test-all ROC 0.8553 PR 0.6870 | unseen ROC 0.8374 PR 0.6040 | valAUC 0.9997 | tau+ 0.500
[OUTPOST-v4] epoch 262: test-all ROC 0.8267 PR 0.6716 | unseen ROC 0.8045 PR 0.5854 | valAUC 0.9994 | tau+ 0.500
[OUTPOST-v4] epoch 263: test-all ROC 0.8138 PR 0.6565 | unseen ROC 0.7899 PR 0.5685 | valAUC 0.9983 | tau+ 0.500
[OUTPOST-v4] epoch 264: test-all ROC 0.8109 PR 0.6528 | unseen ROC 0.7866 PR 0.5615 | valAUC 0.9989 | tau+ 0.500
[OUTPOST-v4] epoch 265: test-all ROC 0.8148 PR 0.6587 | unseen ROC 0.7910 PR 0.5690 | valAUC 0.9986 | tau+ 0.500
[OUTPOST-v4] epoch 266: test-all ROC 0.8303 PR 0.6723 | unseen ROC 0.8086 PR 0.5868 | valAUC 0.9991 | tau+ 0.500
[OUTPOST-v4] epoch 267: test-all ROC 0.8495 PR 0.6838 | unseen ROC 0.8304 PR 0.5997 | valAUC 0.9994 | tau+ 0.500
[OUTPOST-v4] epoch 268: test-all ROC 0.8773 PR 0.6887 | unseen ROC 0.8628 PR 0.6044 | valAUC 0.9989 | tau+ 0.500
[OUTPOST-v4] epoch 269: test-all ROC 0.8627 PR 0.6857 | unseen ROC 0.8456 PR 0.6036 | valAUC 0.9991 | tau+ 0.500
[OUTPOST-v4] epoch 270: test-all ROC 0.8509 PR 0.6845 | unseen ROC 0.8319 PR 0.6027 | valAUC 0.9986 | tau+ 0.500
[OUTPOST-v4] epoch 271: test-all ROC 0.8440 PR 0.6799 | unseen ROC 0.8240 PR 0.5946 | valAUC 0.9983 | tau+ 0.500
[OUTPOST-v4] epoch 272: test-all ROC 0.8320 PR 0.6681 | unseen ROC 0.8105 PR 0.5821 | valAUC 0.9989 | tau+ 0.500
[OUTPOST-v4] epoch 273: test-all ROC 0.8263 PR 0.6641 | unseen ROC 0.8040 PR 0.5759 | valAUC 0.9989 | tau+ 0.500
[OUTPOST-v4] epoch 274: test-all ROC 0.8326 PR 0.6692 | unseen ROC 0.8112 PR 0.5822 | valAUC 0.9989 | tau+ 0.500
[OUTPOST-v4] epoch 275: test-all ROC 0.8438 PR 0.6755 | unseen ROC 0.8238 PR 0.5912 | valAUC 0.9994 | tau+ 0.500
[OUTPOST-v4] epoch 276: test-all ROC 0.8552 PR 0.6872 | unseen ROC 0.8368 PR 0.6059 | valAUC 0.9991 | tau+ 0.500
[OUTPOST-v4] epoch 277: test-all ROC 0.8669 PR 0.6950 | unseen ROC 0.8504 PR 0.6132 | valAUC 0.9994 | tau+ 0.500
[OUTPOST-v4] epoch 278: test-all ROC 0.8699 PR 0.6968 | unseen ROC 0.8538 PR 0.6155 | valAUC 0.9991 | tau+ 0.500
[OUTPOST-v4] epoch 279: test-all ROC 0.8643 PR 0.6939 | unseen ROC 0.8474 PR 0.6148 | valAUC 0.9994 | tau+ 0.500
[OUTPOST-v4] epoch 280: test-all ROC 0.8637 PR 0.6994 | unseen ROC 0.8467 PR 0.6182 | valAUC 0.9994 | tau+ 0.500
[OUTPOST-v4] epoch 281: test-all ROC 0.8646 PR 0.6954 | unseen ROC 0.8477 PR 0.6162 | valAUC 0.9977 | tau+ 0.500
[OUTPOST-v4] epoch 282: test-all ROC 0.8662 PR 0.6983 | unseen ROC 0.8496 PR 0.6170 | valAUC 0.9997 | tau+ 0.500
[OUTPOST-v4] epoch 283: test-all ROC 0.8717 PR 0.6975 | unseen ROC 0.8560 PR 0.6180 | valAUC 0.9994 | tau+ 0.500
[OUTPOST-v4] epoch 284: test-all ROC 0.8627 PR 0.6979 | unseen ROC 0.8455 PR 0.6165 | valAUC 0.9986 | tau+ 0.500
[OUTPOST-v4] epoch 285: test-all ROC 0.8494 PR 0.6873 | unseen ROC 0.8303 PR 0.6066 | valAUC 0.9983 | tau+ 0.500
[OUTPOST-v4] epoch 286: test-all ROC 0.8512 PR 0.6909 | unseen ROC 0.8324 PR 0.6099 | valAUC 0.9986 | tau+ 0.500
[OUTPOST-v4] epoch 287: test-all ROC 0.8549 PR 0.6911 | unseen ROC 0.8367 PR 0.6118 | valAUC 0.9991 | tau+ 0.500
[OUTPOST-v4] epoch 288: test-all ROC 0.8600 PR 0.6952 | unseen ROC 0.8426 PR 0.6124 | valAUC 0.9983 | tau+ 0.500
[OUTPOST-v4] epoch 289: test-all ROC 0.8583 PR 0.6923 | unseen ROC 0.8408 PR 0.6123 | valAUC 0.9986 | tau+ 0.500
[OUTPOST-v4] epoch 290: test-all ROC 0.8579 PR 0.6932 | unseen ROC 0.8404 PR 0.6126 | valAUC 0.9994 | tau+ 0.500
[OUTPOST-v4] epoch 291: test-all ROC 0.8634 PR 0.6978 | unseen ROC 0.8468 PR 0.6173 | valAUC 0.9997 | tau+ 0.500
[OUTPOST-v4] epoch 292: test-all ROC 0.8480 PR 0.6930 | unseen ROC 0.8291 PR 0.6140 | valAUC 0.9994 | tau+ 0.500
[OUTPOST-v4] epoch 293: test-all ROC 0.8416 PR 0.6874 | unseen ROC 0.8216 PR 0.6076 | valAUC 1.0000 | tau+ 0.500
[OUTPOST-v4] epoch 294: test-all ROC 0.8401 PR 0.6883 | unseen ROC 0.8199 PR 0.6091 | valAUC 0.9997 | tau+ 0.500
[OUTPOST-v4] epoch 295: test-all ROC 0.8365 PR 0.6897 | unseen ROC 0.8159 PR 0.6101 | valAUC 0.9997 | tau+ 0.500
[OUTPOST-v4] epoch 296: test-all ROC 0.8467 PR 0.6916 | unseen ROC 0.8276 PR 0.6121 | valAUC 0.9991 | tau+ 0.500
[OUTPOST-v4] epoch 297: test-all ROC 0.8505 PR 0.6915 | unseen ROC 0.8320 PR 0.6132 | valAUC 0.9994 | tau+ 0.500
[OUTPOST-v4] epoch 298: test-all ROC 0.8566 PR 0.6974 | unseen ROC 0.8391 PR 0.6183 | valAUC 0.9994 | tau+ 0.500
[OUTPOST-v4] epoch 299: test-all ROC 0.8543 PR 0.6955 | unseen ROC 0.8364 PR 0.6175 | valAUC 0.9994 | tau+ 0.500
[OUTPOST-v4] epoch 300: test-all ROC 0.8483 PR 0.6912 | unseen ROC 0.8294 PR 0.6110 | valAUC 0.9994 | tau+ 0.500
[OUTPOST-v4] epoch 301: test-all ROC 0.8316 PR 0.6890 | unseen ROC 0.8102 PR 0.6086 | valAUC 0.9980 | tau+ 0.500
[OUTPOST-v4] epoch 302: test-all ROC 0.8181 PR 0.6772 | unseen ROC 0.7948 PR 0.5931 | valAUC 0.9994 | tau+ 0.500
[OUTPOST-v4] epoch 303: test-all ROC 0.8184 PR 0.6780 | unseen ROC 0.7951 PR 0.5946 | valAUC 0.9991 | tau+ 0.500
[OUTPOST-v4] epoch 304: test-all ROC 0.8214 PR 0.6788 | unseen ROC 0.7985 PR 0.5967 | valAUC 0.9991 | tau+ 0.500
[OUTPOST-v4] epoch 305: test-all ROC 0.8303 PR 0.6881 | unseen ROC 0.8086 PR 0.6073 | valAUC 0.9986 | tau+ 0.500
[OUTPOST-v4] epoch 306: test-all ROC 0.8442 PR 0.6943 | unseen ROC 0.8245 PR 0.6146 | valAUC 0.9997 | tau+ 0.500
[OUTPOST-v4] epoch 307: test-all ROC 0.8631 PR 0.6978 | unseen ROC 0.8464 PR 0.6182 | valAUC 0.9994 | tau+ 0.500
[OUTPOST-v4] epoch 308: test-all ROC 0.8793 PR 0.7055 | unseen ROC 0.8655 PR 0.6282 | valAUC 0.9983 | tau+ 0.500
[OUTPOST-v4] epoch 309: test-all ROC 0.8561 PR 0.7000 | unseen ROC 0.8381 PR 0.6206 | valAUC 0.9991 | tau+ 0.500
[OUTPOST-v4] epoch 310: test-all ROC 0.8460 PR 0.6969 | unseen ROC 0.8265 PR 0.6164 | valAUC 0.9994 | tau+ 0.500
[OUTPOST-v4] epoch 311: test-all ROC 0.8387 PR 0.6898 | unseen ROC 0.8182 PR 0.6098 | valAUC 0.9997 | tau+ 0.500
[OUTPOST-v4] epoch 312: test-all ROC 0.8387 PR 0.6863 | unseen ROC 0.8182 PR 0.6070 | valAUC 0.9994 | tau+ 0.500
[OUTPOST-v4] epoch 313: test-all ROC 0.8455 PR 0.6922 | unseen ROC 0.8259 PR 0.6122 | valAUC 0.9991 | tau+ 0.500
[OUTPOST-v4] epoch 314: test-all ROC 0.8579 PR 0.7008 | unseen ROC 0.8403 PR 0.6246 | valAUC 0.9994 | tau+ 0.500
[OUTPOST-v4] epoch 315: test-all ROC 0.8734 PR 0.7105 | unseen ROC 0.8584 PR 0.6320 | valAUC 0.9994 | tau+ 0.500
[OUTPOST-v4] epoch 316: test-all ROC 0.8846 PR 0.7129 | unseen ROC 0.8716 PR 0.6360 | valAUC 0.9991 | tau+ 0.500
[OUTPOST-v4] epoch 317: test-all ROC 0.8722 PR 0.7128 | unseen ROC 0.8569 PR 0.6368 | valAUC 0.9997 | tau+ 0.500
[OUTPOST-v4] epoch 318: test-all ROC 0.8632 PR 0.7031 | unseen ROC 0.8462 PR 0.6267 | valAUC 0.9991 | tau+ 0.500
[OUTPOST-v4] epoch 319: test-all ROC 0.8550 PR 0.6953 | unseen ROC 0.8368 PR 0.6178 | valAUC 0.9997 | tau+ 0.500
[OUTPOST-v4] epoch 320: test-all ROC 0.8531 PR 0.6957 | unseen ROC 0.8346 PR 0.6165 | valAUC 0.9997 | tau+ 0.500
[OUTPOST-v4] epoch 321: test-all ROC 0.8527 PR 0.6978 | unseen ROC 0.8341 PR 0.6192 | valAUC 0.9997 | tau+ 0.500
[OUTPOST-v4] epoch 322: test-all ROC 0.8534 PR 0.6985 | unseen ROC 0.8350 PR 0.6202 | valAUC 0.9997 | tau+ 0.500
[OUTPOST-v4] epoch 323: test-all ROC 0.8537 PR 0.7000 | unseen ROC 0.8353 PR 0.6213 | valAUC 0.9994 | tau+ 0.500
[OUTPOST-v4] epoch 324: test-all ROC 0.8591 PR 0.7017 | unseen ROC 0.8417 PR 0.6229 | valAUC 1.0000 | tau+ 0.500
[OUTPOST-v4] epoch 325: test-all ROC 0.8620 PR 0.7017 | unseen ROC 0.8450 PR 0.6225 | valAUC 0.9991 | tau+ 0.500
[OUTPOST-v4] epoch 326: test-all ROC 0.8560 PR 0.7020 | unseen ROC 0.8380 PR 0.6229 | valAUC 0.9994 | tau+ 0.500
[OUTPOST-v4] epoch 327: test-all ROC 0.8579 PR 0.7055 | unseen ROC 0.8403 PR 0.6296 | valAUC 0.9994 | tau+ 0.500
[OUTPOST-v4] epoch 328: test-all ROC 0.8482 PR 0.6999 | unseen ROC 0.8293 PR 0.6222 | valAUC 0.9997 | tau+ 0.500
[OUTPOST-v4] epoch 329: test-all ROC 0.8469 PR 0.6993 | unseen ROC 0.8276 PR 0.6222 | valAUC 0.9991 | tau+ 0.500
[OUTPOST-v4] epoch 330: test-all ROC 0.8422 PR 0.6953 | unseen ROC 0.8223 PR 0.6166 | valAUC 0.9997 | tau+ 0.500
[OUTPOST-v4] epoch 331: test-all ROC 0.8549 PR 0.7048 | unseen ROC 0.8369 PR 0.6298 | valAUC 0.9997 | tau+ 0.500
[OUTPOST-v4] epoch 332: test-all ROC 0.8744 PR 0.7091 | unseen ROC 0.8596 PR 0.6316 | valAUC 0.9986 | tau+ 0.500
[OUTPOST-v4] epoch 333: test-all ROC 0.8652 PR 0.7086 | unseen ROC 0.8488 PR 0.6340 | valAUC 0.9994 | tau+ 0.500
[OUTPOST-v4] epoch 334: test-all ROC 0.8543 PR 0.7050 | unseen ROC 0.8360 PR 0.6291 | valAUC 0.9997 | tau+ 0.500
[OUTPOST-v4] epoch 335: test-all ROC 0.8461 PR 0.6971 | unseen ROC 0.8266 PR 0.6184 | valAUC 0.9994 | tau+ 0.500
[OUTPOST-v4] epoch 336: test-all ROC 0.8392 PR 0.6931 | unseen ROC 0.8187 PR 0.6150 | valAUC 0.9991 | tau+ 0.500
[OUTPOST-v4] epoch 337: test-all ROC 0.8517 PR 0.7029 | unseen ROC 0.8330 PR 0.6248 | valAUC 0.9991 | tau+ 0.500
[OUTPOST-v4] epoch 338: test-all ROC 0.8663 PR 0.7113 | unseen ROC 0.8497 PR 0.6363 | valAUC 0.9991 | tau+ 0.500
[OUTPOST-v4] epoch 339: test-all ROC 0.8833 PR 0.7182 | unseen ROC 0.8695 PR 0.6419 | valAUC 0.9989 | tau+ 0.500
[OUTPOST-v4] epoch 340: test-all ROC 0.8831 PR 0.7194 | unseen ROC 0.8692 PR 0.6448 | valAUC 0.9991 | tau+ 0.500
[OUTPOST-v4] epoch 341: test-all ROC 0.8754 PR 0.7155 | unseen ROC 0.8603 PR 0.6393 | valAUC 0.9989 | tau+ 0.500
[OUTPOST-v4] epoch 342: test-all ROC 0.8637 PR 0.7139 | unseen ROC 0.8466 PR 0.6384 | valAUC 0.9994 | tau+ 0.500
[OUTPOST-v4] epoch 343: test-all ROC 0.8565 PR 0.7044 | unseen ROC 0.8384 PR 0.6295 | valAUC 0.9983 | tau+ 0.500
[OUTPOST-v4] epoch 344: test-all ROC 0.8549 PR 0.7032 | unseen ROC 0.8365 PR 0.6251 | valAUC 0.9989 | tau+ 0.500
[OUTPOST-v4] epoch 345: test-all ROC 0.8594 PR 0.7087 | unseen ROC 0.8416 PR 0.6329 | valAUC 0.9983 | tau+ 0.500
[OUTPOST-v4] epoch 346: test-all ROC 0.8588 PR 0.7083 | unseen ROC 0.8410 PR 0.6320 | valAUC 0.9991 | tau+ 0.500
[OUTPOST-v4] epoch 347: test-all ROC 0.8687 PR 0.7126 | unseen ROC 0.8524 PR 0.6370 | valAUC 0.9994 | tau+ 0.500
[OUTPOST-v4] epoch 348: test-all ROC 0.8720 PR 0.7149 | unseen ROC 0.8563 PR 0.6385 | valAUC 0.9994 | tau+ 0.500
[OUTPOST-v4] epoch 349: test-all ROC 0.8625 PR 0.7069 | unseen ROC 0.8453 PR 0.6303 | valAUC 0.9994 | tau+ 0.500
[OUTPOST-v4] epoch 350: test-all ROC 0.8636 PR 0.7110 | unseen ROC 0.8466 PR 0.6351 | valAUC 0.9991 | tau+ 0.500
[OUTPOST-v4] epoch 351: test-all ROC 0.8681 PR 0.7131 | unseen ROC 0.8517 PR 0.6376 | valAUC 0.9997 | tau+ 0.500
[OUTPOST-v4] epoch 352: test-all ROC 0.8649 PR 0.7092 | unseen ROC 0.8482 PR 0.6321 | valAUC 0.9991 | tau+ 0.500
[OUTPOST-v4] epoch 353: test-all ROC 0.8681 PR 0.7093 | unseen ROC 0.8519 PR 0.6339 | valAUC 0.9986 | tau+ 0.500
[OUTPOST-v4] epoch 354: test-all ROC 0.8570 PR 0.7110 | unseen ROC 0.8389 PR 0.6347 | valAUC 0.9997 | tau+ 0.500
[OUTPOST-v4] epoch 355: test-all ROC 0.8419 PR 0.7006 | unseen ROC 0.8217 PR 0.6224 | valAUC 0.9997 | tau+ 0.500
[OUTPOST-v4] epoch 356: test-all ROC 0.8358 PR 0.6997 | unseen ROC 0.8148 PR 0.6200 | valAUC 0.9997 | tau+ 0.500
[OUTPOST-v4] epoch 357: test-all ROC 0.8424 PR 0.7034 | unseen ROC 0.8223 PR 0.6255 | valAUC 0.9997 | tau+ 0.500
[OUTPOST-v4] epoch 358: test-all ROC 0.8531 PR 0.7114 | unseen ROC 0.8345 PR 0.6348 | valAUC 0.9991 | tau+ 0.500
[OUTPOST-v4] epoch 359: test-all ROC 0.8652 PR 0.7125 | unseen ROC 0.8487 PR 0.6375 | valAUC 0.9994 | tau+ 0.500
[OUTPOST-v4] epoch 360: test-all ROC 0.8775 PR 0.7170 | unseen ROC 0.8631 PR 0.6421 | valAUC 0.9991 | tau+ 0.500
[OUTPOST-v4] epoch 361: test-all ROC 0.8582 PR 0.7153 | unseen ROC 0.8405 PR 0.6396 | valAUC 0.9991 | tau+ 0.500
[OUTPOST-v4] epoch 362: test-all ROC 0.8458 PR 0.7054 | unseen ROC 0.8263 PR 0.6295 | valAUC 0.9997 | tau+ 0.500
[OUTPOST-v4] epoch 363: test-all ROC 0.8453 PR 0.7021 | unseen ROC 0.8257 PR 0.6253 | valAUC 0.9994 | tau+ 0.500
[OUTPOST-v4] epoch 364: test-all ROC 0.8521 PR 0.7089 | unseen ROC 0.8334 PR 0.6318 | valAUC 0.9997 | tau+ 0.500
[OUTPOST-v4] epoch 365: test-all ROC 0.8610 PR 0.7119 | unseen ROC 0.8437 PR 0.6397 | valAUC 0.9994 | tau+ 0.500
[OUTPOST-v4] epoch 366: test-all ROC 0.8743 PR 0.7209 | unseen ROC 0.8593 PR 0.6473 | valAUC 0.9991 | tau+ 0.500
[OUTPOST-v4] epoch 367: test-all ROC 0.8766 PR 0.7205 | unseen ROC 0.8620 PR 0.6473 | valAUC 0.9991 | tau+ 0.500
[OUTPOST-v4] epoch 368: test-all ROC 0.8773 PR 0.7208 | unseen ROC 0.8628 PR 0.6477 | valAUC 0.9994 | tau+ 0.500
[OUTPOST-v4] epoch 369: test-all ROC 0.8738 PR 0.7198 | unseen ROC 0.8586 PR 0.6460 | valAUC 0.9994 | tau+ 0.500
[OUTPOST-v4] epoch 370: test-all ROC 0.8702 PR 0.7201 | unseen ROC 0.8544 PR 0.6459 | valAUC 0.9994 | tau+ 0.500
[OUTPOST-v4] epoch 371: test-all ROC 0.8665 PR 0.7156 | unseen ROC 0.8502 PR 0.6421 | valAUC 0.9994 | tau+ 0.500
[OUTPOST-v4] epoch 372: test-all ROC 0.8586 PR 0.7151 | unseen ROC 0.8410 PR 0.6394 | valAUC 0.9997 | tau+ 0.500
[OUTPOST-v4] epoch 373: test-all ROC 0.8633 PR 0.7156 | unseen ROC 0.8464 PR 0.6407 | valAUC 0.9994 | tau+ 0.500
[OUTPOST-v4] epoch 374: test-all ROC 0.8833 PR 0.7211 | unseen ROC 0.8699 PR 0.6481 | valAUC 0.9994 | tau+ 0.500
[OUTPOST-v4] epoch 375: test-all ROC 0.8765 PR 0.7191 | unseen ROC 0.8622 PR 0.6445 | valAUC 0.9991 | tau+ 0.500
[OUTPOST-v4] epoch 376: test-all ROC 0.8561 PR 0.7154 | unseen ROC 0.8381 PR 0.6422 | valAUC 0.9997 | tau+ 0.500
[OUTPOST-v4] epoch 377: test-all ROC 0.8416 PR 0.7039 | unseen ROC 0.8214 PR 0.6286 | valAUC 0.9994 | tau+ 0.500
[OUTPOST-v4] epoch 378: test-all ROC 0.8351 PR 0.6961 | unseen ROC 0.8141 PR 0.6212 | valAUC 0.9997 | tau+ 0.500
[OUTPOST-v4] epoch 379: test-all ROC 0.8346 PR 0.6965 | unseen ROC 0.8136 PR 0.6194 | valAUC 0.9997 | tau+ 0.500
[OUTPOST-v4] epoch 380: test-all ROC 0.8421 PR 0.7025 | unseen ROC 0.8222 PR 0.6278 | valAUC 0.9997 | tau+ 0.500
[OUTPOST-v4] epoch 381: test-all ROC 0.8517 PR 0.7130 | unseen ROC 0.8331 PR 0.6381 | valAUC 0.9997 | tau+ 0.500
[OUTPOST-v4] epoch 382: test-all ROC 0.8628 PR 0.7143 | unseen ROC 0.8461 PR 0.6427 | valAUC 0.9997 | tau+ 0.500
[OUTPOST-v4] epoch 383: test-all ROC 0.8726 PR 0.7167 | unseen ROC 0.8581 PR 0.6432 | valAUC 0.9991 | tau+ 0.500
[OUTPOST-v4] epoch 384: test-all ROC 0.8785 PR 0.7214 | unseen ROC 0.8650 PR 0.6489 | valAUC 0.9994 | tau+ 0.500
[OUTPOST-v4] epoch 385: test-all ROC 0.8672 PR 0.7180 | unseen ROC 0.8514 PR 0.6442 | valAUC 0.9997 | tau+ 0.500
[OUTPOST-v4] epoch 386: test-all ROC 0.8583 PR 0.7175 | unseen ROC 0.8410 PR 0.6432 | valAUC 1.0000 | tau+ 0.500
[OUTPOST-v4] epoch 387: test-all ROC 0.8504 PR 0.7117 | unseen ROC 0.8317 PR 0.6376 | valAUC 1.0000 | tau+ 0.500
[OUTPOST-v4] epoch 388: test-all ROC 0.8452 PR 0.7088 | unseen ROC 0.8257 PR 0.6323 | valAUC 0.9997 | tau+ 0.500
[OUTPOST-v4] epoch 389: test-all ROC 0.8408 PR 0.7031 | unseen ROC 0.8207 PR 0.6273 | valAUC 0.9997 | tau+ 0.500
[OUTPOST-v4] epoch 390: test-all ROC 0.8463 PR 0.7095 | unseen ROC 0.8270 PR 0.6332 | valAUC 0.9997 | tau+ 0.500
[OUTPOST-v4] epoch 391: test-all ROC 0.8580 PR 0.7165 | unseen ROC 0.8404 PR 0.6409 | valAUC 0.9994 | tau+ 0.500
[OUTPOST-v4] epoch 392: test-all ROC 0.8646 PR 0.7159 | unseen ROC 0.8482 PR 0.6409 | valAUC 0.9994 | tau+ 0.500
[OUTPOST-v4] epoch 393: test-all ROC 0.8647 PR 0.7157 | unseen ROC 0.8483 PR 0.6423 | valAUC 0.9994 | tau+ 0.500
[OUTPOST-v4] epoch 394: test-all ROC 0.8690 PR 0.7172 | unseen ROC 0.8533 PR 0.6429 | valAUC 0.9994 | tau+ 0.500
[OUTPOST-v4] epoch 395: test-all ROC 0.8712 PR 0.7196 | unseen ROC 0.8558 PR 0.6468 | valAUC 0.9989 | tau+ 0.500
[OUTPOST-v4] epoch 396: test-all ROC 0.8717 PR 0.7194 | unseen ROC 0.8563 PR 0.6476 | valAUC 0.9994 | tau+ 0.500
[OUTPOST-v4] epoch 397: test-all ROC 0.8700 PR 0.7166 | unseen ROC 0.8544 PR 0.6424 | valAUC 0.9989 | tau+ 0.500
[OUTPOST-v4] epoch 398: test-all ROC 0.8604 PR 0.7173 | unseen ROC 0.8432 PR 0.6439 | valAUC 0.9994 | tau+ 0.500
[OUTPOST-v4] epoch 399: test-all ROC 0.8529 PR 0.7135 | unseen ROC 0.8347 PR 0.6398 | valAUC 0.9991 | tau+ 0.500
  rotation 5: ROC 0.8846 PR 0.7214
[computers] params 116929, peak GPU 4.63 GB, 23.3 min total
[computers] ran 1/5 rotations; no results.csv row written. Merge the shards with:
    python analysis/scripts/merge_rotations.py
