# gpu=6 cmd=/usr/bin/python3 -u main.py --dataset cs --seed 6 --method outpost --tag E400_nogate --rotations 0 --set use_atlas_gate=false num_epochs=400
/nas/home/jahin/.local/lib/python3.10/site-packages/requests/__init__.py:113: RequestsDependencyWarning: urllib3 (1.26.5) or chardet (7.2.0)/charset_normalizer (3.4.4) doesn't match a supported version!
  warnings.warn(
[0.03861888 0.02520046 0.11182021 0.02340043 0.07603775 0.11962036
 0.02023673 0.05040092 0.0422735  0.00643648 0.07876507 0.11089293
 0.02290951 0.2256041  0.04778269]
[cs] anomaly classes (rotations): [np.int64(0), np.int64(1), np.int64(3), np.int64(6), np.int64(8), np.int64(9), np.int64(12), np.int64(14)]
[cs] running subset: [np.int64(0)]
Normal classes: [np.int64(2), np.int64(4), np.int64(5), np.int64(7), np.int64(10), np.int64(11), np.int64(13)] in cs
Building multi-layer GraphSage
[OUTPOST-v4] epoch 0: test-all ROC 0.7614 PR 0.5507 | unseen ROC 0.7329 PR 0.4449 | valAUC 0.9095 | tau+ 0.500
[OUTPOST-v4] epoch 1: test-all ROC 0.7687 PR 0.5803 | unseen ROC 0.7385 PR 0.4665 | valAUC 0.9069 | tau+ 0.500
[OUTPOST-v4] epoch 2: test-all ROC 0.7715 PR 0.5870 | unseen ROC 0.7403 PR 0.4711 | valAUC 0.9076 | tau+ 0.500
[OUTPOST-v4] epoch 3: test-all ROC 0.7726 PR 0.5903 | unseen ROC 0.7415 PR 0.4765 | valAUC 0.9189 | tau+ 0.500
[OUTPOST-v4] epoch 4: test-all ROC 0.7739 PR 0.5924 | unseen ROC 0.7423 PR 0.4775 | valAUC 0.9248 | tau+ 0.500
[OUTPOST-v4] epoch 5: test-all ROC 0.7789 PR 0.6010 | unseen ROC 0.7477 PR 0.4892 | valAUC 0.9350 | tau+ 0.500
[OUTPOST-v4] epoch 6: test-all ROC 0.7858 PR 0.6146 | unseen ROC 0.7550 PR 0.5070 | valAUC 0.9241 | tau+ 0.500
[OUTPOST-v4] epoch 7: test-all ROC 0.7950 PR 0.6271 | unseen ROC 0.7658 PR 0.5241 | valAUC 0.9359 | tau+ 0.500
[OUTPOST-v4] epoch 8: test-all ROC 0.8007 PR 0.6383 | unseen ROC 0.7723 PR 0.5378 | valAUC 0.9407 | tau+ 0.500
[OUTPOST-v4] epoch 9: test-all ROC 0.8064 PR 0.6462 | unseen ROC 0.7783 PR 0.5470 | valAUC 0.9482 | tau+ 0.500
[OUTPOST-v4] epoch 10: test-all ROC 0.8131 PR 0.6566 | unseen ROC 0.7860 PR 0.5603 | valAUC 0.9359 | tau+ 0.500
[OUTPOST-v4] epoch 11: test-all ROC 0.8197 PR 0.6677 | unseen ROC 0.7935 PR 0.5728 | valAUC 0.9499 | tau+ 0.500
[OUTPOST-v4] epoch 12: test-all ROC 0.8259 PR 0.6773 | unseen ROC 0.7995 PR 0.5838 | valAUC 0.9735 | tau+ 0.500
[OUTPOST-v4] epoch 13: test-all ROC 0.8297 PR 0.6844 | unseen ROC 0.8040 PR 0.5923 | valAUC 0.9745 | tau+ 0.500
[OUTPOST-v4] epoch 14: test-all ROC 0.8358 PR 0.6931 | unseen ROC 0.8115 PR 0.6040 | valAUC 0.9638 | tau+ 0.500
[OUTPOST-v4] epoch 15: test-all ROC 0.8399 PR 0.7013 | unseen ROC 0.8159 PR 0.6135 | valAUC 0.9773 | tau+ 0.500
[OUTPOST-v4] epoch 16: test-all ROC 0.8438 PR 0.7075 | unseen ROC 0.8195 PR 0.6204 | valAUC 0.9785 | tau+ 0.500
[OUTPOST-v4] epoch 17: test-all ROC 0.8481 PR 0.7155 | unseen ROC 0.8250 PR 0.6312 | valAUC 0.9771 | tau+ 0.500
[OUTPOST-v4] epoch 18: test-all ROC 0.8527 PR 0.7222 | unseen ROC 0.8299 PR 0.6387 | valAUC 0.9816 | tau+ 0.500
[OUTPOST-v4] epoch 19: test-all ROC 0.8575 PR 0.7314 | unseen ROC 0.8347 PR 0.6498 | valAUC 0.9879 | tau+ 0.500
[OUTPOST-v4] epoch 20: test-all ROC 0.8636 PR 0.7423 | unseen ROC 0.8419 PR 0.6637 | valAUC 0.9794 | tau+ 0.500
[OUTPOST-v4] epoch 21: test-all ROC 0.8680 PR 0.7500 | unseen ROC 0.8465 PR 0.6720 | valAUC 0.9965 | tau+ 0.500
[OUTPOST-v4] epoch 22: test-all ROC 0.8746 PR 0.7618 | unseen ROC 0.8541 PR 0.6871 | valAUC 0.9910 | tau+ 0.500
[OUTPOST-v4] epoch 23: test-all ROC 0.8830 PR 0.7759 | unseen ROC 0.8642 PR 0.7056 | valAUC 0.9905 | tau+ 0.500
[OUTPOST-v4] epoch 24: test-all ROC 0.8889 PR 0.7873 | unseen ROC 0.8708 PR 0.7206 | valAUC 0.9969 | tau+ 0.500
[OUTPOST-v4] epoch 25: test-all ROC 0.8946 PR 0.7976 | unseen ROC 0.8773 PR 0.7325 | valAUC 0.9972 | tau+ 0.500
[OUTPOST-v4] epoch 26: test-all ROC 0.9030 PR 0.8123 | unseen ROC 0.8869 PR 0.7519 | valAUC 0.9998 | tau+ 0.500
[OUTPOST-v4] epoch 27: test-all ROC 0.9121 PR 0.8294 | unseen ROC 0.8975 PR 0.7737 | valAUC 0.9995 | tau+ 0.500
[OUTPOST-v4] epoch 28: test-all ROC 0.9209 PR 0.8444 | unseen ROC 0.9075 PR 0.7920 | valAUC 0.9995 | tau+ 0.500
[OUTPOST-v4] epoch 29: test-all ROC 0.9284 PR 0.8562 | unseen ROC 0.9162 PR 0.8070 | valAUC 0.9924 | tau+ 0.500
[OUTPOST-v4] epoch 30: test-all ROC 0.9335 PR 0.8657 | unseen ROC 0.9223 PR 0.8197 | valAUC 0.9955 | tau+ 0.500
[OUTPOST-v4] epoch 31: test-all ROC 0.9397 PR 0.8771 | unseen ROC 0.9296 PR 0.8345 | valAUC 0.9998 | tau+ 0.500
[OUTPOST-v4] epoch 32: test-all ROC 0.9479 PR 0.8890 | unseen ROC 0.9392 PR 0.8487 | valAUC 1.0000 | tau+ 0.500
[OUTPOST-v4] epoch 33: test-all ROC 0.9534 PR 0.8996 | unseen ROC 0.9458 PR 0.8626 | valAUC 0.9993 | tau+ 0.500
[OUTPOST-v4] epoch 34: test-all ROC 0.9584 PR 0.9086 | unseen ROC 0.9517 PR 0.8740 | valAUC 0.9998 | tau+ 0.500
[OUTPOST-v4] epoch 35: test-all ROC 0.9630 PR 0.9187 | unseen ROC 0.9568 PR 0.8881 | valAUC 0.9969 | tau+ 0.500
[OUTPOST-v4] epoch 36: test-all ROC 0.9657 PR 0.9237 | unseen ROC 0.9600 PR 0.8945 | valAUC 0.9995 | tau+ 0.500
[OUTPOST-v4] epoch 37: test-all ROC 0.9669 PR 0.9291 | unseen ROC 0.9616 PR 0.9021 | valAUC 0.9995 | tau+ 0.500
[OUTPOST-v4] epoch 38: test-all ROC 0.9671 PR 0.9332 | unseen ROC 0.9619 PR 0.9096 | valAUC 0.9993 | tau+ 0.500
[OUTPOST-v4] epoch 39: test-all ROC 0.9677 PR 0.9315 | unseen ROC 0.9628 PR 0.9064 | valAUC 0.9991 | tau+ 0.500
[OUTPOST-v4] epoch 40: test-all ROC 0.9699 PR 0.9362 | unseen ROC 0.9650 PR 0.9127 | valAUC 0.9995 | tau+ 0.500
[OUTPOST-v4] epoch 41: test-all ROC 0.9709 PR 0.9390 | unseen ROC 0.9664 PR 0.9170 | valAUC 0.9998 | tau+ 0.500
[OUTPOST-v4] epoch 42: test-all ROC 0.9710 PR 0.9394 | unseen ROC 0.9665 PR 0.9184 | valAUC 0.9988 | tau+ 0.500
[OUTPOST-v4] epoch 43: test-all ROC 0.9708 PR 0.9404 | unseen ROC 0.9662 PR 0.9194 | valAUC 1.0000 | tau+ 0.500
[OUTPOST-v4] epoch 44: test-all ROC 0.9697 PR 0.9409 | unseen ROC 0.9652 PR 0.9215 | valAUC 0.9991 | tau+ 0.500
[OUTPOST-v4] epoch 45: test-all ROC 0.9701 PR 0.9419 | unseen ROC 0.9657 PR 0.9235 | valAUC 1.0000 | tau+ 0.500
[OUTPOST-v4] epoch 46: test-all ROC 0.9718 PR 0.9440 | unseen ROC 0.9677 PR 0.9261 | valAUC 0.9988 | tau+ 0.500
[OUTPOST-v4] epoch 47: test-all ROC 0.9739 PR 0.9462 | unseen ROC 0.9703 PR 0.9287 | valAUC 0.9988 | tau+ 0.500
[OUTPOST-v4] epoch 48: test-all ROC 0.9757 PR 0.9490 | unseen ROC 0.9721 PR 0.9320 | valAUC 1.0000 | tau+ 0.503
[OUTPOST-v4] epoch 49: test-all ROC 0.9759 PR 0.9488 | unseen ROC 0.9726 PR 0.9321 | valAUC 0.9995 | tau+ 0.500
[OUTPOST-v4] epoch 50: test-all ROC 0.9760 PR 0.9485 | unseen ROC 0.9729 PR 0.9315 | valAUC 0.9934 | tau+ 0.500
[OUTPOST-v4] epoch 51: test-all ROC 0.9772 PR 0.9512 | unseen ROC 0.9742 PR 0.9355 | valAUC 0.9995 | tau+ 0.500
[OUTPOST-v4] epoch 52: test-all ROC 0.9764 PR 0.9495 | unseen ROC 0.9732 PR 0.9330 | valAUC 0.9998 | tau+ 0.500
[OUTPOST-v4] epoch 53: test-all ROC 0.9784 PR 0.9534 | unseen ROC 0.9755 PR 0.9379 | valAUC 0.9998 | tau+ 0.500
[OUTPOST-v4] epoch 54: test-all ROC 0.9785 PR 0.9519 | unseen ROC 0.9756 PR 0.9358 | valAUC 1.0000 | tau+ 0.500
[OUTPOST-v4] epoch 55: test-all ROC 0.9792 PR 0.9512 | unseen ROC 0.9767 PR 0.9346 | valAUC 1.0000 | tau+ 0.500
[OUTPOST-v4] epoch 56: test-all ROC 0.9792 PR 0.9531 | unseen ROC 0.9766 PR 0.9375 | valAUC 1.0000 | tau+ 0.500
[OUTPOST-v4] epoch 57: test-all ROC 0.9797 PR 0.9536 | unseen ROC 0.9768 PR 0.9377 | valAUC 0.9974 | tau+ 0.532
[OUTPOST-v4] epoch 58: test-all ROC 0.9804 PR 0.9543 | unseen ROC 0.9778 PR 0.9386 | valAUC 0.9993 | tau+ 0.500
[OUTPOST-v4] epoch 59: test-all ROC 0.9797 PR 0.9538 | unseen ROC 0.9768 PR 0.9379 | valAUC 0.9998 | tau+ 0.500
[OUTPOST-v4] epoch 60: test-all ROC 0.9788 PR 0.9536 | unseen ROC 0.9762 PR 0.9378 | valAUC 1.0000 | tau+ 0.500
[OUTPOST-v4] epoch 61: test-all ROC 0.9782 PR 0.9534 | unseen ROC 0.9752 PR 0.9381 | valAUC 0.9998 | tau+ 0.500
[OUTPOST-v4] epoch 62: test-all ROC 0.9784 PR 0.9528 | unseen ROC 0.9755 PR 0.9373 | valAUC 0.9998 | tau+ 0.500
[OUTPOST-v4] epoch 63: test-all ROC 0.9793 PR 0.9547 | unseen ROC 0.9764 PR 0.9395 | valAUC 0.9979 | tau+ 0.500
[OUTPOST-v4] epoch 64: test-all ROC 0.9819 PR 0.9569 | unseen ROC 0.9794 PR 0.9416 | valAUC 0.9998 | tau+ 0.500
[OUTPOST-v4] epoch 65: test-all ROC 0.9815 PR 0.9564 | unseen ROC 0.9790 PR 0.9415 | valAUC 0.9995 | tau+ 0.500
[OUTPOST-v4] epoch 66: test-all ROC 0.9809 PR 0.9549 | unseen ROC 0.9784 PR 0.9392 | valAUC 1.0000 | tau+ 0.533
[OUTPOST-v4] epoch 67: test-all ROC 0.9820 PR 0.9567 | unseen ROC 0.9797 PR 0.9420 | valAUC 1.0000 | tau+ 0.500
[OUTPOST-v4] epoch 68: test-all ROC 0.9819 PR 0.9574 | unseen ROC 0.9795 PR 0.9426 | valAUC 1.0000 | tau+ 0.500
[OUTPOST-v4] epoch 69: test-all ROC 0.9814 PR 0.9560 | unseen ROC 0.9789 PR 0.9405 | valAUC 0.9988 | tau+ 0.500
[OUTPOST-v4] epoch 70: test-all ROC 0.9818 PR 0.9573 | unseen ROC 0.9792 PR 0.9424 | valAUC 0.9998 | tau+ 0.500
[OUTPOST-v4] epoch 71: test-all ROC 0.9817 PR 0.9550 | unseen ROC 0.9794 PR 0.9390 | valAUC 0.9998 | tau+ 0.500
[OUTPOST-v4] epoch 72: test-all ROC 0.9820 PR 0.9558 | unseen ROC 0.9795 PR 0.9398 | valAUC 0.9995 | tau+ 0.687
[OUTPOST-v4] epoch 73: test-all ROC 0.9823 PR 0.9564 | unseen ROC 0.9801 PR 0.9411 | valAUC 1.0000 | tau+ 0.500
[OUTPOST-v4] epoch 74: test-all ROC 0.9820 PR 0.9565 | unseen ROC 0.9796 PR 0.9410 | valAUC 1.0000 | tau+ 0.500
[OUTPOST-v4] epoch 75: test-all ROC 0.9813 PR 0.9562 | unseen ROC 0.9786 PR 0.9410 | valAUC 1.0000 | tau+ 0.500
[OUTPOST-v4] epoch 76: test-all ROC 0.9816 PR 0.9568 | unseen ROC 0.9792 PR 0.9418 | valAUC 1.0000 | tau+ 0.500
[OUTPOST-v4] epoch 77: test-all ROC 0.9813 PR 0.9555 | unseen ROC 0.9789 PR 0.9399 | valAUC 1.0000 | tau+ 0.500
[OUTPOST-v4] epoch 78: test-all ROC 0.9823 PR 0.9558 | unseen ROC 0.9800 PR 0.9398 | valAUC 1.0000 | tau+ 0.500
[OUTPOST-v4] epoch 79: test-all ROC 0.9818 PR 0.9530 | unseen ROC 0.9794 PR 0.9357 | valAUC 1.0000 | tau+ 0.520
[OUTPOST-v4] epoch 80: test-all ROC 0.9817 PR 0.9540 | unseen ROC 0.9796 PR 0.9379 | valAUC 1.0000 | tau+ 0.615
[OUTPOST-v4] epoch 81: test-all ROC 0.9817 PR 0.9540 | unseen ROC 0.9793 PR 0.9376 | valAUC 1.0000 | tau+ 0.500
[OUTPOST-v4] epoch 82: test-all ROC 0.9815 PR 0.9549 | unseen ROC 0.9790 PR 0.9386 | valAUC 0.9998 | tau+ 0.500
[OUTPOST-v4] epoch 83: test-all ROC 0.9815 PR 0.9564 | unseen ROC 0.9790 PR 0.9410 | valAUC 0.9995 | tau+ 0.500
[OUTPOST-v4] epoch 84: test-all ROC 0.9817 PR 0.9545 | unseen ROC 0.9791 PR 0.9376 | valAUC 1.0000 | tau+ 0.500
[OUTPOST-v4] epoch 85: test-all ROC 0.9823 PR 0.9563 | unseen ROC 0.9800 PR 0.9405 | valAUC 0.9986 | tau+ 0.500
[OUTPOST-v4] epoch 86: test-all ROC 0.9812 PR 0.9547 | unseen ROC 0.9787 PR 0.9385 | valAUC 0.9995 | tau+ 0.500
[OUTPOST-v4] epoch 87: test-all ROC 0.9821 PR 0.9538 | unseen ROC 0.9797 PR 0.9367 | valAUC 1.0000 | tau+ 0.515
[OUTPOST-v4] epoch 88: test-all ROC 0.9822 PR 0.9538 | unseen ROC 0.9798 PR 0.9366 | valAUC 1.0000 | tau+ 0.559
[OUTPOST-v4] epoch 89: test-all ROC 0.9826 PR 0.9539 | unseen ROC 0.9802 PR 0.9363 | valAUC 1.0000 | tau+ 0.500
[OUTPOST-v4] epoch 90: test-all ROC 0.9819 PR 0.9538 | unseen ROC 0.9795 PR 0.9373 | valAUC 0.9998 | tau+ 0.527
[OUTPOST-v4] epoch 91: test-all ROC 0.9814 PR 0.9535 | unseen ROC 0.9788 PR 0.9363 | valAUC 0.9983 | tau+ 0.653
[OUTPOST-v4] epoch 92: test-all ROC 0.9817 PR 0.9528 | unseen ROC 0.9794 PR 0.9358 | valAUC 0.9991 | tau+ 0.500
[OUTPOST-v4] epoch 93: test-all ROC 0.9820 PR 0.9540 | unseen ROC 0.9797 PR 0.9374 | valAUC 1.0000 | tau+ 0.513
[OUTPOST-v4] epoch 94: test-all ROC 0.9812 PR 0.9514 | unseen ROC 0.9788 PR 0.9336 | valAUC 1.0000 | tau+ 0.563
[OUTPOST-v4] epoch 95: test-all ROC 0.9812 PR 0.9539 | unseen ROC 0.9791 PR 0.9379 | valAUC 0.9991 | tau+ 0.534
[OUTPOST-v4] epoch 96: test-all ROC 0.9809 PR 0.9539 | unseen ROC 0.9783 PR 0.9371 | valAUC 0.9995 | tau+ 0.500
[OUTPOST-v4] epoch 97: test-all ROC 0.9808 PR 0.9524 | unseen ROC 0.9783 PR 0.9349 | valAUC 0.9998 | tau+ 0.500
[OUTPOST-v4] epoch 98: test-all ROC 0.9816 PR 0.9528 | unseen ROC 0.9789 PR 0.9348 | valAUC 0.9986 | tau+ 0.500
[OUTPOST-v4] epoch 99: test-all ROC 0.9813 PR 0.9518 | unseen ROC 0.9788 PR 0.9337 | valAUC 1.0000 | tau+ 0.554
[OUTPOST-v4] epoch 100: test-all ROC 0.9826 PR 0.9535 | unseen ROC 0.9801 PR 0.9361 | valAUC 0.9995 | tau+ 0.500
[OUTPOST-v4] epoch 101: test-all ROC 0.9817 PR 0.9529 | unseen ROC 0.9791 PR 0.9350 | valAUC 1.0000 | tau+ 0.696
[OUTPOST-v4] epoch 102: test-all ROC 0.9824 PR 0.9543 | unseen ROC 0.9802 PR 0.9372 | valAUC 1.0000 | tau+ 0.574
[OUTPOST-v4] epoch 103: test-all ROC 0.9824 PR 0.9549 | unseen ROC 0.9803 PR 0.9384 | valAUC 1.0000 | tau+ 0.500
[OUTPOST-v4] epoch 104: test-all ROC 0.9818 PR 0.9549 | unseen ROC 0.9796 PR 0.9384 | valAUC 1.0000 | tau+ 0.548
[OUTPOST-v4] epoch 105: test-all ROC 0.9817 PR 0.9546 | unseen ROC 0.9791 PR 0.9377 | valAUC 1.0000 | tau+ 0.500
[OUTPOST-v4] epoch 106: test-all ROC 0.9822 PR 0.9542 | unseen ROC 0.9800 PR 0.9374 | valAUC 1.0000 | tau+ 0.823
[OUTPOST-v4] epoch 107: test-all ROC 0.9829 PR 0.9549 | unseen ROC 0.9807 PR 0.9383 | valAUC 0.9991 | tau+ 0.755
[OUTPOST-v4] epoch 108: test-all ROC 0.9823 PR 0.9542 | unseen ROC 0.9801 PR 0.9374 | valAUC 0.9993 | tau+ 0.542
[OUTPOST-v4] epoch 109: test-all ROC 0.9829 PR 0.9551 | unseen ROC 0.9807 PR 0.9383 | valAUC 0.9983 | tau+ 0.500
[OUTPOST-v4] epoch 110: test-all ROC 0.9817 PR 0.9530 | unseen ROC 0.9794 PR 0.9366 | valAUC 1.0000 | tau+ 0.508
[OUTPOST-v4] epoch 111: test-all ROC 0.9812 PR 0.9511 | unseen ROC 0.9792 PR 0.9336 | valAUC 1.0000 | tau+ 0.647
[OUTPOST-v4] epoch 112: test-all ROC 0.9824 PR 0.9530 | unseen ROC 0.9800 PR 0.9354 | valAUC 0.9993 | tau+ 0.533
[OUTPOST-v4] epoch 113: test-all ROC 0.9826 PR 0.9560 | unseen ROC 0.9804 PR 0.9401 | valAUC 1.0000 | tau+ 0.500
[OUTPOST-v4] epoch 114: test-all ROC 0.9815 PR 0.9534 | unseen ROC 0.9794 PR 0.9360 | valAUC 0.9993 | tau+ 0.500
[OUTPOST-v4] epoch 115: test-all ROC 0.9814 PR 0.9545 | unseen ROC 0.9789 PR 0.9383 | valAUC 0.9991 | tau+ 0.500
[OUTPOST-v4] epoch 116: test-all ROC 0.9824 PR 0.9547 | unseen ROC 0.9800 PR 0.9385 | valAUC 0.9983 | tau+ 0.554
[OUTPOST-v4] epoch 117: test-all ROC 0.9820 PR 0.9532 | unseen ROC 0.9797 PR 0.9367 | valAUC 1.0000 | tau+ 0.666
[OUTPOST-v4] epoch 118: test-all ROC 0.9817 PR 0.9516 | unseen ROC 0.9793 PR 0.9336 | valAUC 1.0000 | tau+ 0.749
[OUTPOST-v4] epoch 119: test-all ROC 0.9808 PR 0.9507 | unseen ROC 0.9781 PR 0.9326 | valAUC 1.0000 | tau+ 0.647
[OUTPOST-v4] epoch 120: test-all ROC 0.9818 PR 0.9538 | unseen ROC 0.9794 PR 0.9370 | valAUC 1.0000 | tau+ 0.554
[OUTPOST-v4] epoch 121: test-all ROC 0.9827 PR 0.9575 | unseen ROC 0.9809 PR 0.9431 | valAUC 1.0000 | tau+ 0.500
[OUTPOST-v4] epoch 122: test-all ROC 0.9813 PR 0.9538 | unseen ROC 0.9790 PR 0.9371 | valAUC 0.9995 | tau+ 0.500
[OUTPOST-v4] epoch 123: test-all ROC 0.9825 PR 0.9536 | unseen ROC 0.9804 PR 0.9369 | valAUC 1.0000 | tau+ 0.500
[OUTPOST-v4] epoch 124: test-all ROC 0.9822 PR 0.9519 | unseen ROC 0.9803 PR 0.9342 | valAUC 0.9995 | tau+ 0.569
[OUTPOST-v4] epoch 125: test-all ROC 0.9818 PR 0.9495 | unseen ROC 0.9796 PR 0.9304 | valAUC 1.0000 | tau+ 0.765
[OUTPOST-v4] epoch 126: test-all ROC 0.9821 PR 0.9516 | unseen ROC 0.9797 PR 0.9334 | valAUC 0.9995 | tau+ 0.557
[OUTPOST-v4] epoch 127: test-all ROC 0.9816 PR 0.9521 | unseen ROC 0.9795 PR 0.9347 | valAUC 0.9998 | tau+ 0.500
[OUTPOST-v4] epoch 128: test-all ROC 0.9822 PR 0.9553 | unseen ROC 0.9802 PR 0.9399 | valAUC 0.9993 | tau+ 0.500
[OUTPOST-v4] epoch 129: test-all ROC 0.9823 PR 0.9541 | unseen ROC 0.9799 PR 0.9372 | valAUC 0.9998 | tau+ 0.500
[OUTPOST-v4] epoch 130: test-all ROC 0.9818 PR 0.9527 | unseen ROC 0.9793 PR 0.9350 | valAUC 1.0000 | tau+ 0.500
[OUTPOST-v4] epoch 131: test-all ROC 0.9826 PR 0.9548 | unseen ROC 0.9806 PR 0.9384 | valAUC 1.0000 | tau+ 0.559
[OUTPOST-v4] epoch 132: test-all ROC 0.9821 PR 0.9532 | unseen ROC 0.9797 PR 0.9363 | valAUC 0.9962 | tau+ 0.765
[OUTPOST-v4] epoch 133: test-all ROC 0.9819 PR 0.9518 | unseen ROC 0.9796 PR 0.9344 | valAUC 0.9995 | tau+ 0.826
[OUTPOST-v4] epoch 134: test-all ROC 0.9820 PR 0.9527 | unseen ROC 0.9800 PR 0.9360 | valAUC 1.0000 | tau+ 0.660
[OUTPOST-v4] epoch 135: test-all ROC 0.9820 PR 0.9533 | unseen ROC 0.9798 PR 0.9365 | valAUC 0.9995 | tau+ 0.500
[OUTPOST-v4] epoch 136: test-all ROC 0.9818 PR 0.9525 | unseen ROC 0.9795 PR 0.9354 | valAUC 0.9986 | tau+ 0.500
[OUTPOST-v4] epoch 137: test-all ROC 0.9821 PR 0.9530 | unseen ROC 0.9798 PR 0.9357 | valAUC 1.0000 | tau+ 0.574
[OUTPOST-v4] epoch 138: test-all ROC 0.9825 PR 0.9528 | unseen ROC 0.9802 PR 0.9354 | valAUC 1.0000 | tau+ 0.575
[OUTPOST-v4] epoch 139: test-all ROC 0.9816 PR 0.9527 | unseen ROC 0.9794 PR 0.9358 | valAUC 0.9955 | tau+ 0.672
[OUTPOST-v4] epoch 140: test-all ROC 0.9815 PR 0.9511 | unseen ROC 0.9793 PR 0.9335 | valAUC 1.0000 | tau+ 0.633
[OUTPOST-v4] epoch 141: test-all ROC 0.9825 PR 0.9540 | unseen ROC 0.9802 PR 0.9377 | valAUC 0.9995 | tau+ 0.500
[OUTPOST-v4] epoch 142: test-all ROC 0.9826 PR 0.9521 | unseen ROC 0.9803 PR 0.9348 | valAUC 0.9993 | tau+ 0.606
[OUTPOST-v4] epoch 143: test-all ROC 0.9812 PR 0.9484 | unseen ROC 0.9789 PR 0.9295 | valAUC 0.9983 | tau+ 0.744
[OUTPOST-v4] epoch 144: test-all ROC 0.9815 PR 0.9522 | unseen ROC 0.9791 PR 0.9353 | valAUC 0.9865 | tau+ 0.813
[OUTPOST-v4] epoch 145: test-all ROC 0.9821 PR 0.9532 | unseen ROC 0.9801 PR 0.9373 | valAUC 0.9995 | tau+ 0.561
[OUTPOST-v4] epoch 146: test-all ROC 0.9825 PR 0.9535 | unseen ROC 0.9802 PR 0.9368 | valAUC 0.9995 | tau+ 0.504
[OUTPOST-v4] epoch 147: test-all ROC 0.9818 PR 0.9521 | unseen ROC 0.9793 PR 0.9352 | valAUC 1.0000 | tau+ 0.500
[OUTPOST-v4] epoch 148: test-all ROC 0.9816 PR 0.9508 | unseen ROC 0.9794 PR 0.9332 | valAUC 0.9986 | tau+ 0.500
[OUTPOST-v4] epoch 149: test-all ROC 0.9820 PR 0.9472 | unseen ROC 0.9800 PR 0.9278 | valAUC 1.0000 | tau+ 0.688
[OUTPOST-v4] epoch 150: test-all ROC 0.9815 PR 0.9486 | unseen ROC 0.9792 PR 0.9296 | valAUC 1.0000 | tau+ 0.775
[OUTPOST-v4] epoch 151: test-all ROC 0.9824 PR 0.9509 | unseen ROC 0.9802 PR 0.9335 | valAUC 0.9998 | tau+ 0.760
[OUTPOST-v4] epoch 152: test-all ROC 0.9824 PR 0.9513 | unseen ROC 0.9803 PR 0.9339 | valAUC 1.0000 | tau+ 0.500
[OUTPOST-v4] epoch 153: test-all ROC 0.9829 PR 0.9542 | unseen ROC 0.9806 PR 0.9375 | valAUC 0.9995 | tau+ 0.500
[OUTPOST-v4] epoch 154: test-all ROC 0.9818 PR 0.9517 | unseen ROC 0.9795 PR 0.9343 | valAUC 1.0000 | tau+ 0.500
[OUTPOST-v4] epoch 155: test-all ROC 0.9818 PR 0.9529 | unseen ROC 0.9796 PR 0.9363 | valAUC 1.0000 | tau+ 0.500
[OUTPOST-v4] epoch 156: test-all ROC 0.9821 PR 0.9512 | unseen ROC 0.9796 PR 0.9332 | valAUC 0.9771 | tau+ 0.670
[OUTPOST-v4] epoch 157: test-all ROC 0.9823 PR 0.9506 | unseen ROC 0.9798 PR 0.9320 | valAUC 0.9981 | tau+ 0.690
[OUTPOST-v4] epoch 158: test-all ROC 0.9810 PR 0.9472 | unseen ROC 0.9788 PR 0.9280 | valAUC 0.9995 | tau+ 0.818
[OUTPOST-v4] epoch 159: test-all ROC 0.9811 PR 0.9496 | unseen ROC 0.9788 PR 0.9316 | valAUC 1.0000 | tau+ 0.500
[OUTPOST-v4] epoch 160: test-all ROC 0.9820 PR 0.9526 | unseen ROC 0.9799 PR 0.9354 | valAUC 0.9995 | tau+ 0.500
[OUTPOST-v4] epoch 161: test-all ROC 0.9821 PR 0.9520 | unseen ROC 0.9803 PR 0.9349 | valAUC 1.0000 | tau+ 0.500
[OUTPOST-v4] epoch 162: test-all ROC 0.9824 PR 0.9536 | unseen ROC 0.9804 PR 0.9375 | valAUC 0.9986 | tau+ 0.524
[OUTPOST-v4] epoch 163: test-all ROC 0.9815 PR 0.9478 | unseen ROC 0.9793 PR 0.9281 | valAUC 0.9976 | tau+ 0.749
[OUTPOST-v4] epoch 164: test-all ROC 0.9816 PR 0.9490 | unseen ROC 0.9798 PR 0.9308 | valAUC 0.9924 | tau+ 0.562
[OUTPOST-v4] epoch 165: test-all ROC 0.9823 PR 0.9496 | unseen ROC 0.9801 PR 0.9311 | valAUC 0.9972 | tau+ 0.615
[OUTPOST-v4] epoch 166: test-all ROC 0.9811 PR 0.9484 | unseen ROC 0.9789 PR 0.9301 | valAUC 0.9965 | tau+ 0.740
[OUTPOST-v4] epoch 167: test-all ROC 0.9822 PR 0.9523 | unseen ROC 0.9799 PR 0.9351 | valAUC 0.9998 | tau+ 0.500
[OUTPOST-v4] epoch 168: test-all ROC 0.9808 PR 0.9493 | unseen ROC 0.9787 PR 0.9310 | valAUC 0.9998 | tau+ 0.500
[OUTPOST-v4] epoch 169: test-all ROC 0.9820 PR 0.9498 | unseen ROC 0.9798 PR 0.9312 | valAUC 0.9986 | tau+ 0.539
[OUTPOST-v4] epoch 170: test-all ROC 0.9824 PR 0.9514 | unseen ROC 0.9802 PR 0.9340 | valAUC 0.9998 | tau+ 0.629
[OUTPOST-v4] epoch 171: test-all ROC 0.9819 PR 0.9483 | unseen ROC 0.9799 PR 0.9292 | valAUC 0.9969 | tau+ 0.702
[OUTPOST-v4] epoch 172: test-all ROC 0.9818 PR 0.9496 | unseen ROC 0.9796 PR 0.9312 | valAUC 0.9991 | tau+ 0.713
[OUTPOST-v4] epoch 173: test-all ROC 0.9815 PR 0.9482 | unseen ROC 0.9794 PR 0.9291 | valAUC 1.0000 | tau+ 0.500
[OUTPOST-v4] epoch 174: test-all ROC 0.9820 PR 0.9505 | unseen ROC 0.9797 PR 0.9322 | valAUC 0.9998 | tau+ 0.669
[OUTPOST-v4] epoch 175: test-all ROC 0.9814 PR 0.9473 | unseen ROC 0.9793 PR 0.9280 | valAUC 0.9995 | tau+ 0.706
[OUTPOST-v4] epoch 176: test-all ROC 0.9800 PR 0.9457 | unseen ROC 0.9780 PR 0.9263 | valAUC 1.0000 | tau+ 0.794
[OUTPOST-v4] epoch 177: test-all ROC 0.9807 PR 0.9475 | unseen ROC 0.9785 PR 0.9284 | valAUC 0.9960 | tau+ 0.843
[OUTPOST-v4] epoch 178: test-all ROC 0.9812 PR 0.9488 | unseen ROC 0.9793 PR 0.9304 | valAUC 1.0000 | tau+ 0.559
[OUTPOST-v4] epoch 179: test-all ROC 0.9808 PR 0.9482 | unseen ROC 0.9782 PR 0.9287 | valAUC 1.0000 | tau+ 0.500
[OUTPOST-v4] epoch 180: test-all ROC 0.9810 PR 0.9494 | unseen ROC 0.9789 PR 0.9314 | valAUC 0.9998 | tau+ 0.500
[OUTPOST-v4] epoch 181: test-all ROC 0.9814 PR 0.9486 | unseen ROC 0.9794 PR 0.9303 | valAUC 1.0000 | tau+ 0.622
[OUTPOST-v4] epoch 182: test-all ROC 0.9812 PR 0.9439 | unseen ROC 0.9791 PR 0.9225 | valAUC 0.9979 | tau+ 0.737
[OUTPOST-v4] epoch 183: test-all ROC 0.9807 PR 0.9437 | unseen ROC 0.9783 PR 0.9222 | valAUC 0.9991 | tau+ 0.802
[OUTPOST-v4] epoch 184: test-all ROC 0.9807 PR 0.9458 | unseen ROC 0.9785 PR 0.9257 | valAUC 0.9998 | tau+ 0.760
[OUTPOST-v4] epoch 185: test-all ROC 0.9817 PR 0.9493 | unseen ROC 0.9795 PR 0.9295 | valAUC 1.0000 | tau+ 0.533
[OUTPOST-v4] epoch 186: test-all ROC 0.9816 PR 0.9494 | unseen ROC 0.9795 PR 0.9311 | valAUC 0.9983 | tau+ 0.524
[OUTPOST-v4] epoch 187: test-all ROC 0.9817 PR 0.9480 | unseen ROC 0.9793 PR 0.9277 | valAUC 0.9983 | tau+ 0.500
[OUTPOST-v4] epoch 188: test-all ROC 0.9810 PR 0.9459 | unseen ROC 0.9786 PR 0.9259 | valAUC 0.9995 | tau+ 0.602
[OUTPOST-v4] epoch 189: test-all ROC 0.9808 PR 0.9440 | unseen ROC 0.9784 PR 0.9226 | valAUC 0.9915 | tau+ 0.888
[OUTPOST-v4] epoch 190: test-all ROC 0.9808 PR 0.9445 | unseen ROC 0.9784 PR 0.9238 | valAUC 1.0000 | tau+ 0.653
[OUTPOST-v4] epoch 191: test-all ROC 0.9818 PR 0.9497 | unseen ROC 0.9795 PR 0.9311 | valAUC 1.0000 | tau+ 0.652
[OUTPOST-v4] epoch 192: test-all ROC 0.9817 PR 0.9505 | unseen ROC 0.9795 PR 0.9321 | valAUC 0.9998 | tau+ 0.500
[OUTPOST-v4] epoch 193: test-all ROC 0.9814 PR 0.9494 | unseen ROC 0.9790 PR 0.9306 | valAUC 1.0000 | tau+ 0.529
[OUTPOST-v4] epoch 194: test-all ROC 0.9816 PR 0.9507 | unseen ROC 0.9793 PR 0.9333 | valAUC 0.9998 | tau+ 0.500
[OUTPOST-v4] epoch 195: test-all ROC 0.9810 PR 0.9464 | unseen ROC 0.9790 PR 0.9270 | valAUC 0.9986 | tau+ 0.500
[OUTPOST-v4] epoch 196: test-all ROC 0.9813 PR 0.9484 | unseen ROC 0.9790 PR 0.9299 | valAUC 0.9988 | tau+ 0.753
[OUTPOST-v4] epoch 197: test-all ROC 0.9816 PR 0.9469 | unseen ROC 0.9796 PR 0.9278 | valAUC 1.0000 | tau+ 0.836
[OUTPOST-v4] epoch 198: test-all ROC 0.9817 PR 0.9476 | unseen ROC 0.9793 PR 0.9283 | valAUC 1.0000 | tau+ 0.636
[OUTPOST-v4] epoch 199: test-all ROC 0.9810 PR 0.9477 | unseen ROC 0.9788 PR 0.9296 | valAUC 1.0000 | tau+ 0.680
[OUTPOST-v4] epoch 200: test-all ROC 0.9822 PR 0.9513 | unseen ROC 0.9802 PR 0.9341 | valAUC 1.0000 | tau+ 0.569
[OUTPOST-v4] epoch 201: test-all ROC 0.9812 PR 0.9475 | unseen ROC 0.9789 PR 0.9283 | valAUC 1.0000 | tau+ 0.686
[OUTPOST-v4] epoch 202: test-all ROC 0.9825 PR 0.9504 | unseen ROC 0.9803 PR 0.9327 | valAUC 0.9998 | tau+ 0.500
[OUTPOST-v4] epoch 203: test-all ROC 0.9819 PR 0.9496 | unseen ROC 0.9796 PR 0.9317 | valAUC 0.9998 | tau+ 0.649
[OUTPOST-v4] epoch 204: test-all ROC 0.9824 PR 0.9499 | unseen ROC 0.9805 PR 0.9323 | valAUC 1.0000 | tau+ 0.717
[OUTPOST-v4] epoch 205: test-all ROC 0.9818 PR 0.9464 | unseen ROC 0.9795 PR 0.9272 | valAUC 0.9976 | tau+ 0.755
[OUTPOST-v4] epoch 206: test-all ROC 0.9811 PR 0.9441 | unseen ROC 0.9788 PR 0.9235 | valAUC 0.9960 | tau+ 0.836
[OUTPOST-v4] epoch 207: test-all ROC 0.9817 PR 0.9474 | unseen ROC 0.9797 PR 0.9282 | valAUC 0.9998 | tau+ 0.830
[OUTPOST-v4] epoch 208: test-all ROC 0.9820 PR 0.9487 | unseen ROC 0.9797 PR 0.9299 | valAUC 0.9995 | tau+ 0.500
[OUTPOST-v4] epoch 209: test-all ROC 0.9818 PR 0.9495 | unseen ROC 0.9798 PR 0.9316 | valAUC 1.0000 | tau+ 0.500
[OUTPOST-v4] epoch 210: test-all ROC 0.9826 PR 0.9497 | unseen ROC 0.9805 PR 0.9314 | valAUC 0.9993 | tau+ 0.708
[OUTPOST-v4] epoch 211: test-all ROC 0.9810 PR 0.9432 | unseen ROC 0.9788 PR 0.9223 | valAUC 0.9976 | tau+ 0.743
[OUTPOST-v4] epoch 212: test-all ROC 0.9819 PR 0.9474 | unseen ROC 0.9796 PR 0.9279 | valAUC 0.9991 | tau+ 0.738
[OUTPOST-v4] epoch 213: test-all ROC 0.9815 PR 0.9462 | unseen ROC 0.9794 PR 0.9265 | valAUC 0.9986 | tau+ 0.702
[OUTPOST-v4] epoch 214: test-all ROC 0.9817 PR 0.9475 | unseen ROC 0.9794 PR 0.9284 | valAUC 0.9939 | tau+ 0.500
[OUTPOST-v4] epoch 215: test-all ROC 0.9821 PR 0.9499 | unseen ROC 0.9801 PR 0.9322 | valAUC 0.9998 | tau+ 0.515
[OUTPOST-v4] epoch 216: test-all ROC 0.9816 PR 0.9470 | unseen ROC 0.9793 PR 0.9278 | valAUC 0.9983 | tau+ 0.732
[OUTPOST-v4] epoch 217: test-all ROC 0.9821 PR 0.9485 | unseen ROC 0.9803 PR 0.9308 | valAUC 0.9700 | tau+ 0.669
[OUTPOST-v4] epoch 218: test-all ROC 0.9820 PR 0.9460 | unseen ROC 0.9799 PR 0.9262 | valAUC 0.9924 | tau+ 0.814
[OUTPOST-v4] epoch 219: test-all ROC 0.9814 PR 0.9461 | unseen ROC 0.9791 PR 0.9267 | valAUC 1.0000 | tau+ 0.769
[OUTPOST-v4] epoch 220: test-all ROC 0.9811 PR 0.9471 | unseen ROC 0.9789 PR 0.9282 | valAUC 0.9993 | tau+ 0.531
[OUTPOST-v4] epoch 221: test-all ROC 0.9816 PR 0.9481 | unseen ROC 0.9796 PR 0.9301 | valAUC 0.9986 | tau+ 0.680
[OUTPOST-v4] epoch 222: test-all ROC 0.9818 PR 0.9485 | unseen ROC 0.9796 PR 0.9305 | valAUC 0.9979 | tau+ 0.772
[OUTPOST-v4] epoch 223: test-all ROC 0.9821 PR 0.9506 | unseen ROC 0.9800 PR 0.9336 | valAUC 0.9943 | tau+ 0.626
[OUTPOST-v4] epoch 224: test-all ROC 0.9820 PR 0.9510 | unseen ROC 0.9798 PR 0.9338 | valAUC 1.0000 | tau+ 0.500
[OUTPOST-v4] epoch 225: test-all ROC 0.9820 PR 0.9478 | unseen ROC 0.9798 PR 0.9293 | valAUC 0.9917 | tau+ 0.729
[OUTPOST-v4] epoch 226: test-all ROC 0.9823 PR 0.9490 | unseen ROC 0.9801 PR 0.9305 | valAUC 0.9903 | tau+ 0.832
[OUTPOST-v4] epoch 227: test-all ROC 0.9827 PR 0.9491 | unseen ROC 0.9806 PR 0.9312 | valAUC 1.0000 | tau+ 0.686
[OUTPOST-v4] epoch 228: test-all ROC 0.9829 PR 0.9518 | unseen ROC 0.9809 PR 0.9351 | valAUC 0.9950 | tau+ 0.624
[OUTPOST-v4] epoch 229: test-all ROC 0.9836 PR 0.9549 | unseen ROC 0.9817 PR 0.9390 | valAUC 1.0000 | tau+ 0.500
[OUTPOST-v4] epoch 230: test-all ROC 0.9826 PR 0.9533 | unseen ROC 0.9806 PR 0.9371 | valAUC 0.9915 | tau+ 0.573
[OUTPOST-v4] epoch 231: test-all ROC 0.9825 PR 0.9505 | unseen ROC 0.9805 PR 0.9332 | valAUC 0.9965 | tau+ 0.500
[OUTPOST-v4] epoch 232: test-all ROC 0.9811 PR 0.9457 | unseen ROC 0.9788 PR 0.9264 | valAUC 0.9948 | tau+ 0.701
[OUTPOST-v4] epoch 233: test-all ROC 0.9813 PR 0.9456 | unseen ROC 0.9791 PR 0.9259 | valAUC 0.9995 | tau+ 0.868
[OUTPOST-v4] epoch 234: test-all ROC 0.9832 PR 0.9519 | unseen ROC 0.9812 PR 0.9346 | valAUC 0.9988 | tau+ 0.500
[OUTPOST-v4] epoch 235: test-all ROC 0.9834 PR 0.9541 | unseen ROC 0.9813 PR 0.9381 | valAUC 0.9995 | tau+ 0.500
[OUTPOST-v4] epoch 236: test-all ROC 0.9828 PR 0.9527 | unseen ROC 0.9806 PR 0.9359 | valAUC 0.9962 | tau+ 0.500
[OUTPOST-v4] epoch 237: test-all ROC 0.9818 PR 0.9519 | unseen ROC 0.9796 PR 0.9349 | valAUC 0.9953 | tau+ 0.652
[OUTPOST-v4] epoch 238: test-all ROC 0.9815 PR 0.9497 | unseen ROC 0.9794 PR 0.9318 | valAUC 1.0000 | tau+ 0.637
[OUTPOST-v4] epoch 239: test-all ROC 0.9823 PR 0.9517 | unseen ROC 0.9803 PR 0.9348 | valAUC 0.9960 | tau+ 0.771
[OUTPOST-v4] epoch 240: test-all ROC 0.9824 PR 0.9515 | unseen ROC 0.9801 PR 0.9343 | valAUC 0.9960 | tau+ 0.885
[OUTPOST-v4] epoch 241: test-all ROC 0.9826 PR 0.9524 | unseen ROC 0.9804 PR 0.9354 | valAUC 0.9976 | tau+ 0.522
[OUTPOST-v4] epoch 242: test-all ROC 0.9818 PR 0.9482 | unseen ROC 0.9797 PR 0.9298 | valAUC 0.9995 | tau+ 0.535
[OUTPOST-v4] epoch 243: test-all ROC 0.9813 PR 0.9486 | unseen ROC 0.9790 PR 0.9308 | valAUC 0.9983 | tau+ 0.805
[OUTPOST-v4] epoch 244: test-all ROC 0.9816 PR 0.9446 | unseen ROC 0.9794 PR 0.9241 | valAUC 0.9986 | tau+ 0.825
[OUTPOST-v4] epoch 245: test-all ROC 0.9807 PR 0.9408 | unseen ROC 0.9785 PR 0.9201 | valAUC 0.9976 | tau+ 0.839
[OUTPOST-v4] epoch 246: test-all ROC 0.9819 PR 0.9475 | unseen ROC 0.9798 PR 0.9291 | valAUC 0.9901 | tau+ 0.806
[OUTPOST-v4] epoch 247: test-all ROC 0.9830 PR 0.9507 | unseen ROC 0.9811 PR 0.9333 | valAUC 0.9988 | tau+ 0.650
[OUTPOST-v4] epoch 248: test-all ROC 0.9820 PR 0.9518 | unseen ROC 0.9798 PR 0.9352 | valAUC 0.9998 | tau+ 0.643
[OUTPOST-v4] epoch 249: test-all ROC 0.9820 PR 0.9492 | unseen ROC 0.9797 PR 0.9306 | valAUC 0.9993 | tau+ 0.500
[OUTPOST-v4] epoch 250: test-all ROC 0.9818 PR 0.9480 | unseen ROC 0.9796 PR 0.9288 | valAUC 1.0000 | tau+ 0.742
[OUTPOST-v4] epoch 251: test-all ROC 0.9818 PR 0.9475 | unseen ROC 0.9796 PR 0.9282 | valAUC 0.9995 | tau+ 0.906
[OUTPOST-v4] epoch 252: test-all ROC 0.9817 PR 0.9480 | unseen ROC 0.9798 PR 0.9295 | valAUC 1.0000 | tau+ 0.651
[OUTPOST-v4] epoch 253: test-all ROC 0.9825 PR 0.9512 | unseen ROC 0.9807 PR 0.9343 | valAUC 0.9976 | tau+ 0.500
[OUTPOST-v4] epoch 254: test-all ROC 0.9828 PR 0.9534 | unseen ROC 0.9810 PR 0.9374 | valAUC 0.9998 | tau+ 0.648
[OUTPOST-v4] epoch 255: test-all ROC 0.9824 PR 0.9493 | unseen ROC 0.9804 PR 0.9312 | valAUC 0.9969 | tau+ 0.628
[OUTPOST-v4] epoch 256: test-all ROC 0.9808 PR 0.9439 | unseen ROC 0.9788 PR 0.9234 | valAUC 0.9948 | tau+ 0.775
[OUTPOST-v4] epoch 257: test-all ROC 0.9819 PR 0.9475 | unseen ROC 0.9797 PR 0.9286 | valAUC 0.9924 | tau+ 0.893
[OUTPOST-v4] epoch 258: test-all ROC 0.9822 PR 0.9505 | unseen ROC 0.9799 PR 0.9325 | valAUC 0.9986 | tau+ 0.513
[OUTPOST-v4] epoch 259: test-all ROC 0.9820 PR 0.9505 | unseen ROC 0.9798 PR 0.9328 | valAUC 0.9998 | tau+ 0.500
[OUTPOST-v4] epoch 260: test-all ROC 0.9821 PR 0.9484 | unseen ROC 0.9801 PR 0.9303 | valAUC 0.9972 | tau+ 0.574
[OUTPOST-v4] epoch 261: test-all ROC 0.9813 PR 0.9463 | unseen ROC 0.9790 PR 0.9271 | valAUC 0.9908 | tau+ 0.866
[OUTPOST-v4] epoch 262: test-all ROC 0.9809 PR 0.9450 | unseen ROC 0.9792 PR 0.9264 | valAUC 0.9983 | tau+ 0.825
[OUTPOST-v4] epoch 263: test-all ROC 0.9815 PR 0.9466 | unseen ROC 0.9792 PR 0.9276 | valAUC 0.9998 | tau+ 0.885
[OUTPOST-v4] epoch 264: test-all ROC 0.9823 PR 0.9502 | unseen ROC 0.9801 PR 0.9333 | valAUC 0.9965 | tau+ 0.633
[OUTPOST-v4] epoch 265: test-all ROC 0.9822 PR 0.9508 | unseen ROC 0.9803 PR 0.9341 | valAUC 1.0000 | tau+ 0.646
[OUTPOST-v4] epoch 266: test-all ROC 0.9821 PR 0.9501 | unseen ROC 0.9804 PR 0.9334 | valAUC 0.9965 | tau+ 0.743
[OUTPOST-v4] epoch 267: test-all ROC 0.9818 PR 0.9496 | unseen ROC 0.9798 PR 0.9324 | valAUC 0.9998 | tau+ 0.500
[OUTPOST-v4] epoch 268: test-all ROC 0.9830 PR 0.9507 | unseen ROC 0.9809 PR 0.9334 | valAUC 0.9983 | tau+ 0.754
[OUTPOST-v4] epoch 269: test-all ROC 0.9825 PR 0.9499 | unseen ROC 0.9806 PR 0.9324 | valAUC 1.0000 | tau+ 0.741
[OUTPOST-v4] epoch 270: test-all ROC 0.9824 PR 0.9495 | unseen ROC 0.9801 PR 0.9318 | valAUC 1.0000 | tau+ 0.764
[OUTPOST-v4] epoch 271: test-all ROC 0.9819 PR 0.9491 | unseen ROC 0.9800 PR 0.9317 | valAUC 0.9882 | tau+ 0.726
[OUTPOST-v4] epoch 272: test-all ROC 0.9817 PR 0.9491 | unseen ROC 0.9793 PR 0.9312 | valAUC 0.9995 | tau+ 0.833
[OUTPOST-v4] epoch 273: test-all ROC 0.9825 PR 0.9517 | unseen ROC 0.9803 PR 0.9348 | valAUC 0.9986 | tau+ 0.523
[OUTPOST-v4] epoch 274: test-all ROC 0.9818 PR 0.9486 | unseen ROC 0.9796 PR 0.9302 | valAUC 0.9993 | tau+ 0.500
[OUTPOST-v4] epoch 275: test-all ROC 0.9810 PR 0.9437 | unseen ROC 0.9788 PR 0.9232 | valAUC 0.9837 | tau+ 0.695
[OUTPOST-v4] epoch 276: test-all ROC 0.9808 PR 0.9412 | unseen ROC 0.9784 PR 0.9198 | valAUC 1.0000 | tau+ 0.941
[OUTPOST-v4] epoch 277: test-all ROC 0.9822 PR 0.9483 | unseen ROC 0.9798 PR 0.9298 | valAUC 0.9993 | tau+ 0.779
[OUTPOST-v4] epoch 278: test-all ROC 0.9821 PR 0.9501 | unseen ROC 0.9797 PR 0.9320 | valAUC 0.9976 | tau+ 0.500
[OUTPOST-v4] epoch 279: test-all ROC 0.9822 PR 0.9530 | unseen ROC 0.9801 PR 0.9370 | valAUC 0.9998 | tau+ 0.500
[OUTPOST-v4] epoch 280: test-all ROC 0.9821 PR 0.9519 | unseen ROC 0.9801 PR 0.9355 | valAUC 0.9969 | tau+ 0.537
[OUTPOST-v4] epoch 281: test-all ROC 0.9819 PR 0.9488 | unseen ROC 0.9799 PR 0.9308 | valAUC 0.9995 | tau+ 0.670
[OUTPOST-v4] epoch 282: test-all ROC 0.9806 PR 0.9443 | unseen ROC 0.9782 PR 0.9252 | valAUC 0.9955 | tau+ 0.958
[OUTPOST-v4] epoch 283: test-all ROC 0.9817 PR 0.9469 | unseen ROC 0.9793 PR 0.9282 | valAUC 0.9979 | tau+ 0.842
[OUTPOST-v4] epoch 284: test-all ROC 0.9823 PR 0.9517 | unseen ROC 0.9805 PR 0.9356 | valAUC 0.9981 | tau+ 0.500
[OUTPOST-v4] epoch 285: test-all ROC 0.9815 PR 0.9527 | unseen ROC 0.9794 PR 0.9372 | valAUC 0.9995 | tau+ 0.500
[OUTPOST-v4] epoch 286: test-all ROC 0.9822 PR 0.9541 | unseen ROC 0.9798 PR 0.9389 | valAUC 0.9957 | tau+ 0.500
[OUTPOST-v4] epoch 287: test-all ROC 0.9825 PR 0.9542 | unseen ROC 0.9804 PR 0.9396 | valAUC 0.9995 | tau+ 0.500
[OUTPOST-v4] epoch 288: test-all ROC 0.9820 PR 0.9484 | unseen ROC 0.9801 PR 0.9312 | valAUC 1.0000 | tau+ 0.693
[OUTPOST-v4] epoch 289: test-all ROC 0.9820 PR 0.9476 | unseen ROC 0.9802 PR 0.9305 | valAUC 1.0000 | tau+ 0.953
[OUTPOST-v4] epoch 290: test-all ROC 0.9829 PR 0.9512 | unseen ROC 0.9813 PR 0.9353 | valAUC 0.9986 | tau+ 0.967
[OUTPOST-v4] epoch 291: test-all ROC 0.9835 PR 0.9537 | unseen ROC 0.9814 PR 0.9380 | valAUC 0.9962 | tau+ 0.577
[OUTPOST-v4] epoch 292: test-all ROC 0.9839 PR 0.9543 | unseen ROC 0.9822 PR 0.9391 | valAUC 1.0000 | tau+ 0.500
[OUTPOST-v4] epoch 293: test-all ROC 0.9838 PR 0.9558 | unseen ROC 0.9819 PR 0.9412 | valAUC 0.9991 | tau+ 0.500
[OUTPOST-v4] epoch 294: test-all ROC 0.9832 PR 0.9553 | unseen ROC 0.9815 PR 0.9411 | valAUC 0.9903 | tau+ 0.500
[OUTPOST-v4] epoch 295: test-all ROC 0.9838 PR 0.9555 | unseen ROC 0.9819 PR 0.9410 | valAUC 0.9995 | tau+ 0.790
[OUTPOST-v4] epoch 296: test-all ROC 0.9825 PR 0.9510 | unseen ROC 0.9807 PR 0.9348 | valAUC 0.9858 | tau+ 0.945
[OUTPOST-v4] epoch 297: test-all ROC 0.9824 PR 0.9500 | unseen ROC 0.9806 PR 0.9333 | valAUC 0.9976 | tau+ 0.953
[OUTPOST-v4] epoch 298: test-all ROC 0.9835 PR 0.9531 | unseen ROC 0.9815 PR 0.9371 | valAUC 0.9991 | tau+ 0.780
[OUTPOST-v4] epoch 299: test-all ROC 0.9835 PR 0.9553 | unseen ROC 0.9817 PR 0.9402 | valAUC 0.9983 | tau+ 0.556
[OUTPOST-v4] epoch 300: test-all ROC 0.9834 PR 0.9543 | unseen ROC 0.9816 PR 0.9390 | valAUC 0.9960 | tau+ 0.506
[OUTPOST-v4] epoch 301: test-all ROC 0.9833 PR 0.9536 | unseen ROC 0.9812 PR 0.9380 | valAUC 0.9998 | tau+ 0.662
[OUTPOST-v4] epoch 302: test-all ROC 0.9829 PR 0.9527 | unseen ROC 0.9807 PR 0.9364 | valAUC 0.9998 | tau+ 0.559
[OUTPOST-v4] epoch 303: test-all ROC 0.9826 PR 0.9512 | unseen ROC 0.9807 PR 0.9343 | valAUC 1.0000 | tau+ 0.840
[OUTPOST-v4] epoch 304: test-all ROC 0.9829 PR 0.9507 | unseen ROC 0.9808 PR 0.9334 | valAUC 1.0000 | tau+ 0.909
[OUTPOST-v4] epoch 305: test-all ROC 0.9827 PR 0.9498 | unseen ROC 0.9805 PR 0.9316 | valAUC 0.9995 | tau+ 0.775
[OUTPOST-v4] epoch 306: test-all ROC 0.9829 PR 0.9515 | unseen ROC 0.9806 PR 0.9341 | valAUC 0.9993 | tau+ 0.591
[OUTPOST-v4] epoch 307: test-all ROC 0.9836 PR 0.9548 | unseen ROC 0.9815 PR 0.9390 | valAUC 0.9993 | tau+ 0.500
[OUTPOST-v4] epoch 308: test-all ROC 0.9828 PR 0.9526 | unseen ROC 0.9809 PR 0.9362 | valAUC 0.9991 | tau+ 0.595
[OUTPOST-v4] epoch 309: test-all ROC 0.9829 PR 0.9518 | unseen ROC 0.9810 PR 0.9350 | valAUC 0.9981 | tau+ 0.605
[OUTPOST-v4] epoch 310: test-all ROC 0.9822 PR 0.9473 | unseen ROC 0.9802 PR 0.9283 | valAUC 0.9993 | tau+ 0.784
[OUTPOST-v4] epoch 311: test-all ROC 0.9823 PR 0.9476 | unseen ROC 0.9802 PR 0.9292 | valAUC 0.9986 | tau+ 0.919
[OUTPOST-v4] epoch 312: test-all ROC 0.9830 PR 0.9509 | unseen ROC 0.9810 PR 0.9339 | valAUC 0.9998 | tau+ 0.750
[OUTPOST-v4] epoch 313: test-all ROC 0.9829 PR 0.9514 | unseen ROC 0.9809 PR 0.9347 | valAUC 0.9995 | tau+ 0.500
[OUTPOST-v4] epoch 314: test-all ROC 0.9829 PR 0.9508 | unseen ROC 0.9809 PR 0.9340 | valAUC 0.9950 | tau+ 0.500
[OUTPOST-v4] epoch 315: test-all ROC 0.9822 PR 0.9463 | unseen ROC 0.9802 PR 0.9277 | valAUC 0.9946 | tau+ 0.500
[OUTPOST-v4] epoch 316: test-all ROC 0.9829 PR 0.9491 | unseen ROC 0.9812 PR 0.9324 | valAUC 1.0000 | tau+ 0.768
[OUTPOST-v4] epoch 317: test-all ROC 0.9815 PR 0.9449 | unseen ROC 0.9793 PR 0.9260 | valAUC 0.9995 | tau+ 0.922
[OUTPOST-v4] epoch 318: test-all ROC 0.9821 PR 0.9485 | unseen ROC 0.9801 PR 0.9317 | valAUC 0.9993 | tau+ 0.672
[OUTPOST-v4] epoch 319: test-all ROC 0.9814 PR 0.9460 | unseen ROC 0.9795 PR 0.9285 | valAUC 0.9953 | tau+ 0.839
[OUTPOST-v4] epoch 320: test-all ROC 0.9817 PR 0.9471 | unseen ROC 0.9795 PR 0.9295 | valAUC 0.9967 | tau+ 0.631
[OUTPOST-v4] epoch 321: test-all ROC 0.9831 PR 0.9523 | unseen ROC 0.9813 PR 0.9368 | valAUC 0.9993 | tau+ 0.846
[OUTPOST-v4] epoch 322: test-all ROC 0.9825 PR 0.9499 | unseen ROC 0.9807 PR 0.9337 | valAUC 0.9998 | tau+ 0.804
[OUTPOST-v4] epoch 323: test-all ROC 0.9817 PR 0.9495 | unseen ROC 0.9797 PR 0.9330 | valAUC 0.9988 | tau+ 0.826
[OUTPOST-v4] epoch 324: test-all ROC 0.9817 PR 0.9474 | unseen ROC 0.9798 PR 0.9301 | valAUC 0.9998 | tau+ 0.782
[OUTPOST-v4] epoch 325: test-all ROC 0.9827 PR 0.9506 | unseen ROC 0.9806 PR 0.9338 | valAUC 0.9993 | tau+ 0.795
[OUTPOST-v4] epoch 326: test-all ROC 0.9830 PR 0.9514 | unseen ROC 0.9809 PR 0.9346 | valAUC 0.9979 | tau+ 0.500
[OUTPOST-v4] epoch 327: test-all ROC 0.9820 PR 0.9530 | unseen ROC 0.9800 PR 0.9378 | valAUC 0.9986 | tau+ 0.500
[OUTPOST-v4] epoch 328: test-all ROC 0.9831 PR 0.9504 | unseen ROC 0.9810 PR 0.9326 | valAUC 0.9988 | tau+ 0.866
[OUTPOST-v4] epoch 329: test-all ROC 0.9826 PR 0.9509 | unseen ROC 0.9806 PR 0.9345 | valAUC 0.9983 | tau+ 0.856
[OUTPOST-v4] epoch 330: test-all ROC 0.9828 PR 0.9493 | unseen ROC 0.9810 PR 0.9318 | valAUC 0.9806 | tau+ 0.828
[OUTPOST-v4] epoch 331: test-all ROC 0.9825 PR 0.9509 | unseen ROC 0.9803 PR 0.9340 | valAUC 0.9995 | tau+ 0.566
[OUTPOST-v4] epoch 332: test-all ROC 0.9826 PR 0.9492 | unseen ROC 0.9807 PR 0.9316 | valAUC 0.9991 | tau+ 0.864
[OUTPOST-v4] epoch 333: test-all ROC 0.9825 PR 0.9521 | unseen ROC 0.9802 PR 0.9359 | valAUC 0.9979 | tau+ 0.565
[OUTPOST-v4] epoch 334: test-all ROC 0.9829 PR 0.9520 | unseen ROC 0.9809 PR 0.9359 | valAUC 0.9988 | tau+ 0.547
[OUTPOST-v4] epoch 335: test-all ROC 0.9827 PR 0.9506 | unseen ROC 0.9806 PR 0.9338 | valAUC 0.9983 | tau+ 0.690
[OUTPOST-v4] epoch 336: test-all ROC 0.9825 PR 0.9489 | unseen ROC 0.9802 PR 0.9308 | valAUC 0.9991 | tau+ 0.762
[OUTPOST-v4] epoch 337: test-all ROC 0.9822 PR 0.9467 | unseen ROC 0.9801 PR 0.9280 | valAUC 0.9995 | tau+ 0.775
[OUTPOST-v4] epoch 338: test-all ROC 0.9818 PR 0.9464 | unseen ROC 0.9801 PR 0.9283 | valAUC 0.9965 | tau+ 0.861
[OUTPOST-v4] epoch 339: test-all ROC 0.9813 PR 0.9473 | unseen ROC 0.9795 PR 0.9298 | valAUC 1.0000 | tau+ 0.610
[OUTPOST-v4] epoch 340: test-all ROC 0.9819 PR 0.9495 | unseen ROC 0.9796 PR 0.9324 | valAUC 0.9993 | tau+ 0.822
[OUTPOST-v4] epoch 341: test-all ROC 0.9816 PR 0.9483 | unseen ROC 0.9797 PR 0.9309 | valAUC 0.9993 | tau+ 0.552
[OUTPOST-v4] epoch 342: test-all ROC 0.9812 PR 0.9457 | unseen ROC 0.9793 PR 0.9277 | valAUC 0.9969 | tau+ 0.762
[OUTPOST-v4] epoch 343: test-all ROC 0.9820 PR 0.9478 | unseen ROC 0.9801 PR 0.9298 | valAUC 0.9983 | tau+ 0.574
[OUTPOST-v4] epoch 344: test-all ROC 0.9813 PR 0.9465 | unseen ROC 0.9794 PR 0.9284 | valAUC 0.9967 | tau+ 0.961
[OUTPOST-v4] epoch 345: test-all ROC 0.9816 PR 0.9480 | unseen ROC 0.9794 PR 0.9297 | valAUC 0.9981 | tau+ 0.768
[OUTPOST-v4] epoch 346: test-all ROC 0.9823 PR 0.9485 | unseen ROC 0.9802 PR 0.9304 | valAUC 0.9991 | tau+ 0.872
[OUTPOST-v4] epoch 347: test-all ROC 0.9824 PR 0.9482 | unseen ROC 0.9804 PR 0.9295 | valAUC 0.9998 | tau+ 0.826
[OUTPOST-v4] epoch 348: test-all ROC 0.9822 PR 0.9486 | unseen ROC 0.9803 PR 0.9307 | valAUC 0.9988 | tau+ 0.619
[OUTPOST-v4] epoch 349: test-all ROC 0.9814 PR 0.9441 | unseen ROC 0.9790 PR 0.9235 | valAUC 0.9995 | tau+ 0.797
[OUTPOST-v4] epoch 350: test-all ROC 0.9813 PR 0.9457 | unseen ROC 0.9787 PR 0.9260 | valAUC 0.9991 | tau+ 0.759
[OUTPOST-v4] epoch 351: test-all ROC 0.9816 PR 0.9474 | unseen ROC 0.9796 PR 0.9295 | valAUC 0.9943 | tau+ 0.942
[OUTPOST-v4] epoch 352: test-all ROC 0.9818 PR 0.9475 | unseen ROC 0.9797 PR 0.9284 | valAUC 0.9967 | tau+ 0.874
[OUTPOST-v4] epoch 353: test-all ROC 0.9815 PR 0.9481 | unseen ROC 0.9796 PR 0.9296 | valAUC 1.0000 | tau+ 0.697
[OUTPOST-v4] epoch 354: test-all ROC 0.9815 PR 0.9479 | unseen ROC 0.9791 PR 0.9284 | valAUC 1.0000 | tau+ 0.500
[OUTPOST-v4] epoch 355: test-all ROC 0.9813 PR 0.9483 | unseen ROC 0.9789 PR 0.9302 | valAUC 0.9993 | tau+ 0.647
[OUTPOST-v4] epoch 356: test-all ROC 0.9815 PR 0.9470 | unseen ROC 0.9793 PR 0.9282 | valAUC 0.9995 | tau+ 0.938
[OUTPOST-v4] epoch 357: test-all ROC 0.9822 PR 0.9517 | unseen ROC 0.9800 PR 0.9346 | valAUC 0.9995 | tau+ 0.826
[OUTPOST-v4] epoch 358: test-all ROC 0.9825 PR 0.9522 | unseen ROC 0.9801 PR 0.9352 | valAUC 0.9991 | tau+ 0.745
[OUTPOST-v4] epoch 359: test-all ROC 0.9828 PR 0.9527 | unseen ROC 0.9807 PR 0.9363 | valAUC 0.9998 | tau+ 0.517
[OUTPOST-v4] epoch 360: test-all ROC 0.9821 PR 0.9492 | unseen ROC 0.9801 PR 0.9322 | valAUC 0.9993 | tau+ 0.581
[OUTPOST-v4] epoch 361: test-all ROC 0.9814 PR 0.9444 | unseen ROC 0.9794 PR 0.9253 | valAUC 0.9993 | tau+ 0.934
[OUTPOST-v4] epoch 362: test-all ROC 0.9809 PR 0.9422 | unseen ROC 0.9789 PR 0.9218 | valAUC 0.9927 | tau+ 0.962
[OUTPOST-v4] epoch 363: test-all ROC 0.9817 PR 0.9490 | unseen ROC 0.9799 PR 0.9316 | valAUC 1.0000 | tau+ 0.626
[OUTPOST-v4] epoch 364: test-all ROC 0.9830 PR 0.9525 | unseen ROC 0.9809 PR 0.9364 | valAUC 0.9969 | tau+ 0.774
[OUTPOST-v4] epoch 365: test-all ROC 0.9825 PR 0.9507 | unseen ROC 0.9806 PR 0.9340 | valAUC 0.9979 | tau+ 0.500
[OUTPOST-v4] epoch 366: test-all ROC 0.9824 PR 0.9510 | unseen ROC 0.9802 PR 0.9345 | valAUC 0.9969 | tau+ 0.702
[OUTPOST-v4] epoch 367: test-all ROC 0.9822 PR 0.9496 | unseen ROC 0.9802 PR 0.9324 | valAUC 0.9943 | tau+ 0.858
[OUTPOST-v4] epoch 368: test-all ROC 0.9826 PR 0.9505 | unseen ROC 0.9804 PR 0.9334 | valAUC 0.9953 | tau+ 0.924
[OUTPOST-v4] epoch 369: test-all ROC 0.9823 PR 0.9492 | unseen ROC 0.9801 PR 0.9316 | valAUC 0.9950 | tau+ 0.893
[OUTPOST-v4] epoch 370: test-all ROC 0.9825 PR 0.9516 | unseen ROC 0.9805 PR 0.9350 | valAUC 1.0000 | tau+ 0.603
[OUTPOST-v4] epoch 371: test-all ROC 0.9823 PR 0.9506 | unseen ROC 0.9799 PR 0.9336 | valAUC 0.9981 | tau+ 0.618
[OUTPOST-v4] epoch 372: test-all ROC 0.9825 PR 0.9530 | unseen ROC 0.9806 PR 0.9376 | valAUC 0.9995 | tau+ 0.763
[OUTPOST-v4] epoch 373: test-all ROC 0.9816 PR 0.9479 | unseen ROC 0.9797 PR 0.9308 | valAUC 0.9991 | tau+ 0.729
[OUTPOST-v4] epoch 374: test-all ROC 0.9818 PR 0.9461 | unseen ROC 0.9798 PR 0.9275 | valAUC 0.9981 | tau+ 0.906
[OUTPOST-v4] epoch 375: test-all ROC 0.9818 PR 0.9475 | unseen ROC 0.9798 PR 0.9299 | valAUC 0.9983 | tau+ 0.785
[OUTPOST-v4] epoch 376: test-all ROC 0.9813 PR 0.9473 | unseen ROC 0.9795 PR 0.9302 | valAUC 0.9998 | tau+ 0.690
[OUTPOST-v4] epoch 377: test-all ROC 0.9824 PR 0.9496 | unseen ROC 0.9802 PR 0.9327 | valAUC 0.9981 | tau+ 0.762
[OUTPOST-v4] epoch 378: test-all ROC 0.9822 PR 0.9484 | unseen ROC 0.9800 PR 0.9310 | valAUC 0.9988 | tau+ 0.740
[OUTPOST-v4] epoch 379: test-all ROC 0.9822 PR 0.9498 | unseen ROC 0.9801 PR 0.9330 | valAUC 0.9957 | tau+ 0.639
[OUTPOST-v4] epoch 380: test-all ROC 0.9814 PR 0.9468 | unseen ROC 0.9793 PR 0.9294 | valAUC 0.9972 | tau+ 0.685
[OUTPOST-v4] epoch 381: test-all ROC 0.9822 PR 0.9479 | unseen ROC 0.9802 PR 0.9308 | valAUC 0.9946 | tau+ 0.853
[OUTPOST-v4] epoch 382: test-all ROC 0.9818 PR 0.9506 | unseen ROC 0.9799 PR 0.9349 | valAUC 0.9974 | tau+ 0.740
[OUTPOST-v4] epoch 383: test-all ROC 0.9820 PR 0.9479 | unseen ROC 0.9801 PR 0.9309 | valAUC 0.9993 | tau+ 0.665
[OUTPOST-v4] epoch 384: test-all ROC 0.9820 PR 0.9487 | unseen ROC 0.9798 PR 0.9318 | valAUC 0.9991 | tau+ 0.500
[OUTPOST-v4] epoch 385: test-all ROC 0.9804 PR 0.9465 | unseen ROC 0.9787 PR 0.9294 | valAUC 0.9934 | tau+ 0.729
[OUTPOST-v4] epoch 386: test-all ROC 0.9822 PR 0.9486 | unseen ROC 0.9801 PR 0.9311 | valAUC 0.9998 | tau+ 0.707
[OUTPOST-v4] epoch 387: test-all ROC 0.9817 PR 0.9473 | unseen ROC 0.9796 PR 0.9295 | valAUC 0.9991 | tau+ 0.825
[OUTPOST-v4] epoch 388: test-all ROC 0.9827 PR 0.9485 | unseen ROC 0.9809 PR 0.9315 | valAUC 0.9986 | tau+ 0.929
[OUTPOST-v4] epoch 389: test-all ROC 0.9817 PR 0.9486 | unseen ROC 0.9798 PR 0.9319 | valAUC 0.9972 | tau+ 0.829
[OUTPOST-v4] epoch 390: test-all ROC 0.9813 PR 0.9482 | unseen ROC 0.9793 PR 0.9312 | valAUC 0.9991 | tau+ 0.500
[OUTPOST-v4] epoch 391: test-all ROC 0.9821 PR 0.9460 | unseen ROC 0.9802 PR 0.9274 | valAUC 0.9969 | tau+ 0.622
[OUTPOST-v4] epoch 392: test-all ROC 0.9821 PR 0.9479 | unseen ROC 0.9799 PR 0.9297 | valAUC 0.9972 | tau+ 0.801
[OUTPOST-v4] epoch 393: test-all ROC 0.9818 PR 0.9454 | unseen ROC 0.9799 PR 0.9267 | valAUC 0.9986 | tau+ 0.716
[OUTPOST-v4] epoch 394: test-all ROC 0.9811 PR 0.9481 | unseen ROC 0.9790 PR 0.9305 | valAUC 0.9983 | tau+ 0.760
[OUTPOST-v4] epoch 395: test-all ROC 0.9821 PR 0.9484 | unseen ROC 0.9803 PR 0.9313 | valAUC 1.0000 | tau+ 0.500
[OUTPOST-v4] epoch 396: test-all ROC 0.9825 PR 0.9506 | unseen ROC 0.9806 PR 0.9336 | valAUC 0.9962 | tau+ 0.798
[OUTPOST-v4] epoch 397: test-all ROC 0.9825 PR 0.9493 | unseen ROC 0.9806 PR 0.9319 | valAUC 0.9969 | tau+ 0.738
[OUTPOST-v4] epoch 398: test-all ROC 0.9822 PR 0.9487 | unseen ROC 0.9805 PR 0.9312 | valAUC 0.9988 | tau+ 0.834
[OUTPOST-v4] epoch 399: test-all ROC 0.9826 PR 0.9478 | unseen ROC 0.9805 PR 0.9291 | valAUC 0.9998 | tau+ 0.827
  rotation 0: ROC 0.9839 PR 0.9575
[cs] params 889793, peak GPU 18.84 GB, 92.5 min total
[cs] ran 1/8 rotations; no results.csv row written. Merge the shards with:
    python analysis/scripts/merge_rotations.py
