# gpu=6 cmd=/usr/bin/python3 -u main.py --dataset amazon --seed 3 --method outpost --tag C_noconformal --set sim_topk_frac=0.0 use_conformal=false --save-scores
/nas/home/jahin/.local/lib/python3.10/site-packages/requests/__init__.py:113: RequestsDependencyWarning: urllib3 (1.26.5) or chardet (7.2.0)/charset_normalizer (3.4.4) doesn't match a supported version!
  warnings.warn(
[amazon] anomaly classes (rotations): [np.int64(1)]
Normal classes: [np.int64(0)] in amazon
Building multi-layer GraphSage
[OUTPOST-v4] epoch 0: test-all ROC 0.6830 PR 0.1504 | unseen ROC 0.5000 PR 0.0000 | valAUC 0.7300 | tau+ 0.950
[OUTPOST-v4] epoch 1: test-all ROC 0.7005 PR 0.1523 | unseen ROC 0.5000 PR 0.0000 | valAUC 0.7225 | tau+ 0.950
[OUTPOST-v4] epoch 2: test-all ROC 0.6889 PR 0.1484 | unseen ROC 0.5000 PR 0.0000 | valAUC 0.7156 | tau+ 0.950
[OUTPOST-v4] epoch 3: test-all ROC 0.7120 PR 0.1667 | unseen ROC 0.5000 PR 0.0000 | valAUC 0.7387 | tau+ 0.950
[OUTPOST-v4] epoch 4: test-all ROC 0.7187 PR 0.1811 | unseen ROC 0.5000 PR 0.0000 | valAUC 0.7372 | tau+ 0.950
[OUTPOST-v4] epoch 5: test-all ROC 0.7235 PR 0.1948 | unseen ROC 0.5000 PR 0.0000 | valAUC 0.7483 | tau+ 0.950
[OUTPOST-v4] epoch 6: test-all ROC 0.7288 PR 0.1912 | unseen ROC 0.5000 PR 0.0000 | valAUC 0.7198 | tau+ 0.950
[OUTPOST-v4] epoch 7: test-all ROC 0.7211 PR 0.1847 | unseen ROC 0.5000 PR 0.0000 | valAUC 0.7435 | tau+ 0.950
[OUTPOST-v4] epoch 8: test-all ROC 0.7147 PR 0.1747 | unseen ROC 0.5000 PR 0.0000 | valAUC 0.7655 | tau+ 0.950
[OUTPOST-v4] epoch 9: test-all ROC 0.7151 PR 0.1721 | unseen ROC 0.5000 PR 0.0000 | valAUC 0.7312 | tau+ 0.950
[OUTPOST-v4] epoch 10: test-all ROC 0.7176 PR 0.1839 | unseen ROC 0.5000 PR 0.0000 | valAUC 0.7486 | tau+ 0.950
[OUTPOST-v4] epoch 11: test-all ROC 0.7338 PR 0.1952 | unseen ROC 0.5000 PR 0.0000 | valAUC 0.7673 | tau+ 0.950
[OUTPOST-v4] epoch 12: test-all ROC 0.7266 PR 0.1883 | unseen ROC 0.5000 PR 0.0000 | valAUC 0.7733 | tau+ 0.950
[OUTPOST-v4] epoch 13: test-all ROC 0.7201 PR 0.1868 | unseen ROC 0.5000 PR 0.0000 | valAUC 0.7790 | tau+ 0.950
[OUTPOST-v4] epoch 14: test-all ROC 0.7306 PR 0.1941 | unseen ROC 0.5000 PR 0.0000 | valAUC 0.7423 | tau+ 0.950
[OUTPOST-v4] epoch 15: test-all ROC 0.7320 PR 0.1941 | unseen ROC 0.5000 PR 0.0000 | valAUC 0.7462 | tau+ 0.950
[OUTPOST-v4] epoch 16: test-all ROC 0.7259 PR 0.1960 | unseen ROC 0.5000 PR 0.0000 | valAUC 0.8114 | tau+ 0.950
[OUTPOST-v4] epoch 17: test-all ROC 0.7355 PR 0.1983 | unseen ROC 0.5000 PR 0.0000 | valAUC 0.7733 | tau+ 0.950
[OUTPOST-v4] epoch 18: test-all ROC 0.7180 PR 0.1920 | unseen ROC 0.5000 PR 0.0000 | valAUC 0.7462 | tau+ 0.950
[OUTPOST-v4] epoch 19: test-all ROC 0.7305 PR 0.2060 | unseen ROC 0.5000 PR 0.0000 | valAUC 0.7631 | tau+ 0.950
[OUTPOST-v4] epoch 20: test-all ROC 0.7311 PR 0.2006 | unseen ROC 0.5000 PR 0.0000 | valAUC 0.7595 | tau+ 0.950
[OUTPOST-v4] epoch 21: test-all ROC 0.7342 PR 0.2019 | unseen ROC 0.5000 PR 0.0000 | valAUC 0.7538 | tau+ 0.950
[OUTPOST-v4] epoch 22: test-all ROC 0.7277 PR 0.2023 | unseen ROC 0.5000 PR 0.0000 | valAUC 0.7943 | tau+ 0.950
[OUTPOST-v4] epoch 23: test-all ROC 0.7264 PR 0.1968 | unseen ROC 0.5000 PR 0.0000 | valAUC 0.7456 | tau+ 0.950
[OUTPOST-v4] epoch 24: test-all ROC 0.7296 PR 0.2180 | unseen ROC 0.5000 PR 0.0000 | valAUC 0.7649 | tau+ 0.950
[OUTPOST-v4] epoch 25: test-all ROC 0.7273 PR 0.2156 | unseen ROC 0.5000 PR 0.0000 | valAUC 0.7706 | tau+ 0.950
[OUTPOST-v4] epoch 26: test-all ROC 0.7293 PR 0.1998 | unseen ROC 0.5000 PR 0.0000 | valAUC 0.7760 | tau+ 0.950
[OUTPOST-v4] epoch 27: test-all ROC 0.7362 PR 0.2204 | unseen ROC 0.5000 PR 0.0000 | valAUC 0.7829 | tau+ 0.950
[OUTPOST-v4] epoch 28: test-all ROC 0.7346 PR 0.2231 | unseen ROC 0.5000 PR 0.0000 | valAUC 0.8024 | tau+ 0.950
[OUTPOST-v4] epoch 29: test-all ROC 0.7338 PR 0.2125 | unseen ROC 0.5000 PR 0.0000 | valAUC 0.7694 | tau+ 0.950
[OUTPOST-v4] epoch 30: test-all ROC 0.7322 PR 0.2170 | unseen ROC 0.5000 PR 0.0000 | valAUC 0.7631 | tau+ 0.950
[OUTPOST-v4] epoch 31: test-all ROC 0.7358 PR 0.2064 | unseen ROC 0.5000 PR 0.0000 | valAUC 0.7628 | tau+ 0.950
[OUTPOST-v4] epoch 32: test-all ROC 0.7400 PR 0.2261 | unseen ROC 0.5000 PR 0.0000 | valAUC 0.8090 | tau+ 0.950
[OUTPOST-v4] epoch 33: test-all ROC 0.7416 PR 0.2107 | unseen ROC 0.5000 PR 0.0000 | valAUC 0.7676 | tau+ 0.950
[OUTPOST-v4] epoch 34: test-all ROC 0.7452 PR 0.2275 | unseen ROC 0.5000 PR 0.0000 | valAUC 0.7339 | tau+ 0.950
[OUTPOST-v4] epoch 35: test-all ROC 0.7424 PR 0.2330 | unseen ROC 0.5000 PR 0.0000 | valAUC 0.7529 | tau+ 0.950
[OUTPOST-v4] epoch 36: test-all ROC 0.7390 PR 0.2205 | unseen ROC 0.5000 PR 0.0000 | valAUC 0.7895 | tau+ 0.950
[OUTPOST-v4] epoch 37: test-all ROC 0.7431 PR 0.2208 | unseen ROC 0.5000 PR 0.0000 | valAUC 0.7760 | tau+ 0.950
[OUTPOST-v4] epoch 38: test-all ROC 0.7369 PR 0.2254 | unseen ROC 0.5000 PR 0.0000 | valAUC 0.7655 | tau+ 0.950
[OUTPOST-v4] epoch 39: test-all ROC 0.7416 PR 0.2231 | unseen ROC 0.5000 PR 0.0000 | valAUC 0.7420 | tau+ 0.950
[OUTPOST-v4] epoch 40: test-all ROC 0.7436 PR 0.2302 | unseen ROC 0.5000 PR 0.0000 | valAUC 0.7823 | tau+ 0.950
[OUTPOST-v4] epoch 41: test-all ROC 0.7443 PR 0.2465 | unseen ROC 0.5000 PR 0.0000 | valAUC 0.7589 | tau+ 0.950
[OUTPOST-v4] epoch 42: test-all ROC 0.7468 PR 0.2269 | unseen ROC 0.5000 PR 0.0000 | valAUC 0.7144 | tau+ 0.950
[OUTPOST-v4] epoch 43: test-all ROC 0.7410 PR 0.2389 | unseen ROC 0.5000 PR 0.0000 | valAUC 0.7580 | tau+ 0.950
[OUTPOST-v4] epoch 44: test-all ROC 0.7462 PR 0.2434 | unseen ROC 0.5000 PR 0.0000 | valAUC 0.7832 | tau+ 0.950
[OUTPOST-v4] epoch 45: test-all ROC 0.7441 PR 0.2279 | unseen ROC 0.5000 PR 0.0000 | valAUC 0.8087 | tau+ 0.950
[OUTPOST-v4] epoch 46: test-all ROC 0.7435 PR 0.2360 | unseen ROC 0.5000 PR 0.0000 | valAUC 0.7970 | tau+ 0.950
[OUTPOST-v4] epoch 47: test-all ROC 0.7473 PR 0.2436 | unseen ROC 0.5000 PR 0.0000 | valAUC 0.7655 | tau+ 0.950
[OUTPOST-v4] epoch 48: test-all ROC 0.7461 PR 0.2457 | unseen ROC 0.5000 PR 0.0000 | valAUC 0.7745 | tau+ 0.950
[OUTPOST-v4] epoch 49: test-all ROC 0.7407 PR 0.2305 | unseen ROC 0.5000 PR 0.0000 | valAUC 0.7565 | tau+ 0.950
[OUTPOST-v4] epoch 50: test-all ROC 0.7534 PR 0.2610 | unseen ROC 0.5000 PR 0.0000 | valAUC 0.8042 | tau+ 0.950
[OUTPOST-v4] epoch 51: test-all ROC 0.7490 PR 0.2537 | unseen ROC 0.5000 PR 0.0000 | valAUC 0.7483 | tau+ 0.950
[OUTPOST-v4] epoch 52: test-all ROC 0.7427 PR 0.2356 | unseen ROC 0.5000 PR 0.0000 | valAUC 0.7784 | tau+ 0.950
[OUTPOST-v4] epoch 53: test-all ROC 0.7448 PR 0.2447 | unseen ROC 0.5000 PR 0.0000 | valAUC 0.7559 | tau+ 0.950
[OUTPOST-v4] epoch 54: test-all ROC 0.7445 PR 0.2389 | unseen ROC 0.5000 PR 0.0000 | valAUC 0.7943 | tau+ 0.950
[OUTPOST-v4] epoch 55: test-all ROC 0.7416 PR 0.2597 | unseen ROC 0.5000 PR 0.0000 | valAUC 0.7868 | tau+ 0.950
[OUTPOST-v4] epoch 56: test-all ROC 0.7484 PR 0.2575 | unseen ROC 0.5000 PR 0.0000 | valAUC 0.7541 | tau+ 0.950
[OUTPOST-v4] epoch 57: test-all ROC 0.7466 PR 0.2596 | unseen ROC 0.5000 PR 0.0000 | valAUC 0.7276 | tau+ 0.950
[OUTPOST-v4] epoch 58: test-all ROC 0.7439 PR 0.2589 | unseen ROC 0.5000 PR 0.0000 | valAUC 0.7907 | tau+ 0.950
[OUTPOST-v4] epoch 59: test-all ROC 0.7504 PR 0.2563 | unseen ROC 0.5000 PR 0.0000 | valAUC 0.7685 | tau+ 0.950
[OUTPOST-v4] epoch 60: test-all ROC 0.7592 PR 0.2697 | unseen ROC 0.5000 PR 0.0000 | valAUC 0.7895 | tau+ 0.950
[OUTPOST-v4] epoch 61: test-all ROC 0.7525 PR 0.2737 | unseen ROC 0.5000 PR 0.0000 | valAUC 0.8192 | tau+ 0.950
[OUTPOST-v4] epoch 62: test-all ROC 0.7579 PR 0.2766 | unseen ROC 0.5000 PR 0.0000 | valAUC 0.7664 | tau+ 0.950
[OUTPOST-v4] epoch 63: test-all ROC 0.7576 PR 0.2774 | unseen ROC 0.5000 PR 0.0000 | valAUC 0.7976 | tau+ 0.950
[OUTPOST-v4] epoch 64: test-all ROC 0.7598 PR 0.2837 | unseen ROC 0.5000 PR 0.0000 | valAUC 0.7889 | tau+ 0.950
[OUTPOST-v4] epoch 65: test-all ROC 0.7545 PR 0.2750 | unseen ROC 0.5000 PR 0.0000 | valAUC 0.8132 | tau+ 0.950
[OUTPOST-v4] epoch 66: test-all ROC 0.7564 PR 0.2802 | unseen ROC 0.5000 PR 0.0000 | valAUC 0.7667 | tau+ 0.950
[OUTPOST-v4] epoch 67: test-all ROC 0.7634 PR 0.2849 | unseen ROC 0.5000 PR 0.0000 | valAUC 0.7718 | tau+ 0.950
[OUTPOST-v4] epoch 68: test-all ROC 0.7757 PR 0.3027 | unseen ROC 0.5000 PR 0.0000 | valAUC 0.8018 | tau+ 0.950
[OUTPOST-v4] epoch 69: test-all ROC 0.7670 PR 0.3055 | unseen ROC 0.5000 PR 0.0000 | valAUC 0.7940 | tau+ 0.950
[OUTPOST-v4] epoch 70: test-all ROC 0.7653 PR 0.3127 | unseen ROC 0.5000 PR 0.0000 | valAUC 0.7835 | tau+ 0.950
[OUTPOST-v4] epoch 71: test-all ROC 0.7637 PR 0.3044 | unseen ROC 0.5000 PR 0.0000 | valAUC 0.7703 | tau+ 0.950
[OUTPOST-v4] epoch 72: test-all ROC 0.7678 PR 0.3077 | unseen ROC 0.5000 PR 0.0000 | valAUC 0.7892 | tau+ 0.950
[OUTPOST-v4] epoch 73: test-all ROC 0.7658 PR 0.3137 | unseen ROC 0.5000 PR 0.0000 | valAUC 0.7916 | tau+ 0.950
[OUTPOST-v4] epoch 74: test-all ROC 0.7650 PR 0.3038 | unseen ROC 0.5000 PR 0.0000 | valAUC 0.7895 | tau+ 0.950
[OUTPOST-v4] epoch 75: test-all ROC 0.7676 PR 0.3051 | unseen ROC 0.5000 PR 0.0000 | valAUC 0.7742 | tau+ 0.950
[OUTPOST-v4] epoch 76: test-all ROC 0.7693 PR 0.3169 | unseen ROC 0.5000 PR 0.0000 | valAUC 0.7781 | tau+ 0.950
[OUTPOST-v4] epoch 77: test-all ROC 0.7612 PR 0.3115 | unseen ROC 0.5000 PR 0.0000 | valAUC 0.8066 | tau+ 0.950
[OUTPOST-v4] epoch 78: test-all ROC 0.7662 PR 0.3249 | unseen ROC 0.5000 PR 0.0000 | valAUC 0.8240 | tau+ 0.950
[OUTPOST-v4] epoch 79: test-all ROC 0.7683 PR 0.3138 | unseen ROC 0.5000 PR 0.0000 | valAUC 0.7991 | tau+ 0.950
[OUTPOST-v4] epoch 80: test-all ROC 0.7682 PR 0.3146 | unseen ROC 0.5000 PR 0.0000 | valAUC 0.8024 | tau+ 0.950
[OUTPOST-v4] epoch 81: test-all ROC 0.7799 PR 0.3441 | unseen ROC 0.5000 PR 0.0000 | valAUC 0.7895 | tau+ 0.950
[OUTPOST-v4] epoch 82: test-all ROC 0.7772 PR 0.3328 | unseen ROC 0.5000 PR 0.0000 | valAUC 0.8171 | tau+ 0.950
[OUTPOST-v4] epoch 83: test-all ROC 0.7790 PR 0.3459 | unseen ROC 0.5000 PR 0.0000 | valAUC 0.7832 | tau+ 0.950
[OUTPOST-v4] epoch 84: test-all ROC 0.7788 PR 0.3395 | unseen ROC 0.5000 PR 0.0000 | valAUC 0.7829 | tau+ 0.950
[OUTPOST-v4] epoch 85: test-all ROC 0.7773 PR 0.3636 | unseen ROC 0.5000 PR 0.0000 | valAUC 0.7733 | tau+ 0.950
[OUTPOST-v4] epoch 86: test-all ROC 0.7791 PR 0.3521 | unseen ROC 0.5000 PR 0.0000 | valAUC 0.8075 | tau+ 0.950
[OUTPOST-v4] epoch 87: test-all ROC 0.7847 PR 0.3767 | unseen ROC 0.5000 PR 0.0000 | valAUC 0.7907 | tau+ 0.950
[OUTPOST-v4] epoch 88: test-all ROC 0.7835 PR 0.3681 | unseen ROC 0.5000 PR 0.0000 | valAUC 0.7850 | tau+ 0.950
[OUTPOST-v4] epoch 89: test-all ROC 0.7878 PR 0.3769 | unseen ROC 0.5000 PR 0.0000 | valAUC 0.8219 | tau+ 0.950
[OUTPOST-v4] epoch 90: test-all ROC 0.7849 PR 0.3674 | unseen ROC 0.5000 PR 0.0000 | valAUC 0.8042 | tau+ 0.950
[OUTPOST-v4] epoch 91: test-all ROC 0.7818 PR 0.3679 | unseen ROC 0.5000 PR 0.0000 | valAUC 0.7898 | tau+ 0.950
[OUTPOST-v4] epoch 92: test-all ROC 0.7819 PR 0.3732 | unseen ROC 0.5000 PR 0.0000 | valAUC 0.7886 | tau+ 0.950
[OUTPOST-v4] epoch 93: test-all ROC 0.7862 PR 0.3770 | unseen ROC 0.5000 PR 0.0000 | valAUC 0.7937 | tau+ 0.950
[OUTPOST-v4] epoch 94: test-all ROC 0.7877 PR 0.3913 | unseen ROC 0.5000 PR 0.0000 | valAUC 0.8360 | tau+ 0.950
[OUTPOST-v4] epoch 95: test-all ROC 0.7925 PR 0.3961 | unseen ROC 0.5000 PR 0.0000 | valAUC 0.8417 | tau+ 0.950
[OUTPOST-v4] epoch 96: test-all ROC 0.7947 PR 0.4313 | unseen ROC 0.5000 PR 0.0000 | valAUC 0.8171 | tau+ 0.950
[OUTPOST-v4] epoch 97: test-all ROC 0.7968 PR 0.4247 | unseen ROC 0.5000 PR 0.0000 | valAUC 0.8048 | tau+ 0.950
[OUTPOST-v4] epoch 98: test-all ROC 0.7955 PR 0.4308 | unseen ROC 0.5000 PR 0.0000 | valAUC 0.8333 | tau+ 0.950
[OUTPOST-v4] epoch 99: test-all ROC 0.7946 PR 0.4312 | unseen ROC 0.5000 PR 0.0000 | valAUC 0.8075 | tau+ 0.950
[OUTPOST-v4] epoch 100: test-all ROC 0.7952 PR 0.4310 | unseen ROC 0.5000 PR 0.0000 | valAUC 0.8171 | tau+ 0.950
[OUTPOST-v4] epoch 101: test-all ROC 0.7995 PR 0.4379 | unseen ROC 0.5000 PR 0.0000 | valAUC 0.8216 | tau+ 0.950
[OUTPOST-v4] epoch 102: test-all ROC 0.8063 PR 0.4553 | unseen ROC 0.5000 PR 0.0000 | valAUC 0.8069 | tau+ 0.950
[OUTPOST-v4] epoch 103: test-all ROC 0.8020 PR 0.4576 | unseen ROC 0.5000 PR 0.0000 | valAUC 0.8075 | tau+ 0.950
[OUTPOST-v4] epoch 104: test-all ROC 0.8053 PR 0.4563 | unseen ROC 0.5000 PR 0.0000 | valAUC 0.8201 | tau+ 0.950
[OUTPOST-v4] epoch 105: test-all ROC 0.8179 PR 0.4779 | unseen ROC 0.5000 PR 0.0000 | valAUC 0.8441 | tau+ 0.950
[OUTPOST-v4] epoch 106: test-all ROC 0.8187 PR 0.4931 | unseen ROC 0.5000 PR 0.0000 | valAUC 0.8366 | tau+ 0.950
[OUTPOST-v4] epoch 107: test-all ROC 0.8218 PR 0.5055 | unseen ROC 0.5000 PR 0.0000 | valAUC 0.8550 | tau+ 0.950
[OUTPOST-v4] epoch 108: test-all ROC 0.8248 PR 0.5202 | unseen ROC 0.5000 PR 0.0000 | valAUC 0.8595 | tau+ 0.950
[OUTPOST-v4] epoch 109: test-all ROC 0.8238 PR 0.5267 | unseen ROC 0.5000 PR 0.0000 | valAUC 0.8498 | tau+ 0.950
[OUTPOST-v4] epoch 110: test-all ROC 0.8253 PR 0.5493 | unseen ROC 0.5000 PR 0.0000 | valAUC 0.8520 | tau+ 0.950
[OUTPOST-v4] epoch 111: test-all ROC 0.8317 PR 0.5671 | unseen ROC 0.5000 PR 0.0000 | valAUC 0.8553 | tau+ 0.950
[OUTPOST-v4] epoch 112: test-all ROC 0.8358 PR 0.5828 | unseen ROC 0.5000 PR 0.0000 | valAUC 0.8610 | tau+ 0.950
[OUTPOST-v4] epoch 113: test-all ROC 0.8414 PR 0.5950 | unseen ROC 0.5000 PR 0.0000 | valAUC 0.8520 | tau+ 0.950
[OUTPOST-v4] epoch 114: test-all ROC 0.8445 PR 0.6057 | unseen ROC 0.5000 PR 0.0000 | valAUC 0.8631 | tau+ 0.950
[OUTPOST-v4] epoch 115: test-all ROC 0.8421 PR 0.6089 | unseen ROC 0.5000 PR 0.0000 | valAUC 0.8604 | tau+ 0.950
[OUTPOST-v4] epoch 116: test-all ROC 0.8469 PR 0.6275 | unseen ROC 0.5000 PR 0.0000 | valAUC 0.8571 | tau+ 0.950
[OUTPOST-v4] epoch 117: test-all ROC 0.8459 PR 0.6240 | unseen ROC 0.5000 PR 0.0000 | valAUC 0.8625 | tau+ 0.950
[OUTPOST-v4] epoch 118: test-all ROC 0.8440 PR 0.6318 | unseen ROC 0.5000 PR 0.0000 | valAUC 0.8652 | tau+ 0.950
[OUTPOST-v4] epoch 119: test-all ROC 0.8395 PR 0.6221 | unseen ROC 0.5000 PR 0.0000 | valAUC 0.8505 | tau+ 0.950
[OUTPOST-v4] epoch 120: test-all ROC 0.8449 PR 0.6334 | unseen ROC 0.5000 PR 0.0000 | valAUC 0.8691 | tau+ 0.950
[OUTPOST-v4] epoch 121: test-all ROC 0.8503 PR 0.6426 | unseen ROC 0.5000 PR 0.0000 | valAUC 0.8375 | tau+ 0.950
[OUTPOST-v4] epoch 122: test-all ROC 0.8498 PR 0.6349 | unseen ROC 0.5000 PR 0.0000 | valAUC 0.8739 | tau+ 0.950
[OUTPOST-v4] epoch 123: test-all ROC 0.8562 PR 0.6310 | unseen ROC 0.5000 PR 0.0000 | valAUC 0.8787 | tau+ 0.950
[OUTPOST-v4] epoch 124: test-all ROC 0.8612 PR 0.6507 | unseen ROC 0.5000 PR 0.0000 | valAUC 0.8721 | tau+ 0.950
[OUTPOST-v4] epoch 125: test-all ROC 0.8623 PR 0.6565 | unseen ROC 0.5000 PR 0.0000 | valAUC 0.8805 | tau+ 0.950
[OUTPOST-v4] epoch 126: test-all ROC 0.8616 PR 0.6439 | unseen ROC 0.5000 PR 0.0000 | valAUC 0.8970 | tau+ 0.950
[OUTPOST-v4] epoch 127: test-all ROC 0.8609 PR 0.6337 | unseen ROC 0.5000 PR 0.0000 | valAUC 0.8718 | tau+ 0.950
[OUTPOST-v4] epoch 128: test-all ROC 0.8637 PR 0.6420 | unseen ROC 0.5000 PR 0.0000 | valAUC 0.8817 | tau+ 0.950
[OUTPOST-v4] epoch 129: test-all ROC 0.8700 PR 0.6809 | unseen ROC 0.5000 PR 0.0000 | valAUC 0.8784 | tau+ 0.950
[OUTPOST-v4] epoch 130: test-all ROC 0.8749 PR 0.6881 | unseen ROC 0.5000 PR 0.0000 | valAUC 0.8850 | tau+ 0.950
[OUTPOST-v4] epoch 131: test-all ROC 0.8737 PR 0.6887 | unseen ROC 0.5000 PR 0.0000 | valAUC 0.8763 | tau+ 0.950
[OUTPOST-v4] epoch 132: test-all ROC 0.8756 PR 0.7069 | unseen ROC 0.5000 PR 0.0000 | valAUC 0.8829 | tau+ 0.950
[OUTPOST-v4] epoch 133: test-all ROC 0.8747 PR 0.7289 | unseen ROC 0.5000 PR 0.0000 | valAUC 0.8979 | tau+ 0.950
[OUTPOST-v4] epoch 134: test-all ROC 0.8772 PR 0.7243 | unseen ROC 0.5000 PR 0.0000 | valAUC 0.8760 | tau+ 0.950
[OUTPOST-v4] epoch 135: test-all ROC 0.8772 PR 0.7311 | unseen ROC 0.5000 PR 0.0000 | valAUC 0.8895 | tau+ 0.950
[OUTPOST-v4] epoch 136: test-all ROC 0.8759 PR 0.7441 | unseen ROC 0.5000 PR 0.0000 | valAUC 0.8895 | tau+ 0.950
[OUTPOST-v4] epoch 137: test-all ROC 0.8810 PR 0.7561 | unseen ROC 0.5000 PR 0.0000 | valAUC 0.8817 | tau+ 0.950
[OUTPOST-v4] epoch 138: test-all ROC 0.8814 PR 0.7434 | unseen ROC 0.5000 PR 0.0000 | valAUC 0.8937 | tau+ 0.950
[OUTPOST-v4] epoch 139: test-all ROC 0.8843 PR 0.7595 | unseen ROC 0.5000 PR 0.0000 | valAUC 0.8952 | tau+ 0.950
[OUTPOST-v4] epoch 140: test-all ROC 0.8858 PR 0.7663 | unseen ROC 0.5000 PR 0.0000 | valAUC 0.8874 | tau+ 0.950
[OUTPOST-v4] epoch 141: test-all ROC 0.8895 PR 0.7720 | unseen ROC 0.5000 PR 0.0000 | valAUC 0.8985 | tau+ 0.950
[OUTPOST-v4] epoch 142: test-all ROC 0.8951 PR 0.7652 | unseen ROC 0.5000 PR 0.0000 | valAUC 0.8928 | tau+ 0.950
[OUTPOST-v4] epoch 143: test-all ROC 0.9057 PR 0.7696 | unseen ROC 0.5000 PR 0.0000 | valAUC 0.8784 | tau+ 0.950
[OUTPOST-v4] epoch 144: test-all ROC 0.9026 PR 0.7763 | unseen ROC 0.5000 PR 0.0000 | valAUC 0.9072 | tau+ 0.950
[OUTPOST-v4] epoch 145: test-all ROC 0.9134 PR 0.7796 | unseen ROC 0.5000 PR 0.0000 | valAUC 0.9033 | tau+ 0.950
[OUTPOST-v4] epoch 146: test-all ROC 0.9168 PR 0.7818 | unseen ROC 0.5000 PR 0.0000 | valAUC 0.9171 | tau+ 0.950
[OUTPOST-v4] epoch 147: test-all ROC 0.9139 PR 0.7815 | unseen ROC 0.5000 PR 0.0000 | valAUC 0.9069 | tau+ 0.950
[OUTPOST-v4] epoch 148: test-all ROC 0.9081 PR 0.7759 | unseen ROC 0.5000 PR 0.0000 | valAUC 0.8952 | tau+ 0.950
[OUTPOST-v4] epoch 149: test-all ROC 0.9102 PR 0.7813 | unseen ROC 0.5000 PR 0.0000 | valAUC 0.9000 | tau+ 0.950
[OUTPOST-v4] epoch 150: test-all ROC 0.9061 PR 0.7845 | unseen ROC 0.5000 PR 0.0000 | valAUC 0.9084 | tau+ 0.950
[OUTPOST-v4] epoch 151: test-all ROC 0.9071 PR 0.7817 | unseen ROC 0.5000 PR 0.0000 | valAUC 0.8970 | tau+ 0.950
[OUTPOST-v4] epoch 152: test-all ROC 0.9037 PR 0.7844 | unseen ROC 0.5000 PR 0.0000 | valAUC 0.9093 | tau+ 0.950
[OUTPOST-v4] epoch 153: test-all ROC 0.8983 PR 0.7758 | unseen ROC 0.5000 PR 0.0000 | valAUC 0.9069 | tau+ 0.950
[OUTPOST-v4] epoch 154: test-all ROC 0.9027 PR 0.7803 | unseen ROC 0.5000 PR 0.0000 | valAUC 0.9099 | tau+ 0.950
[OUTPOST-v4] epoch 155: test-all ROC 0.9064 PR 0.7844 | unseen ROC 0.5000 PR 0.0000 | valAUC 0.8928 | tau+ 0.950
[OUTPOST-v4] epoch 156: test-all ROC 0.9089 PR 0.7866 | unseen ROC 0.5000 PR 0.0000 | valAUC 0.9129 | tau+ 0.950
[OUTPOST-v4] epoch 157: test-all ROC 0.9071 PR 0.7918 | unseen ROC 0.5000 PR 0.0000 | valAUC 0.8976 | tau+ 0.950
[OUTPOST-v4] epoch 158: test-all ROC 0.9131 PR 0.7903 | unseen ROC 0.5000 PR 0.0000 | valAUC 0.8901 | tau+ 0.950
[OUTPOST-v4] epoch 159: test-all ROC 0.9155 PR 0.7879 | unseen ROC 0.5000 PR 0.0000 | valAUC 0.9240 | tau+ 0.950
[OUTPOST-v4] epoch 160: test-all ROC 0.9144 PR 0.7949 | unseen ROC 0.5000 PR 0.0000 | valAUC 0.9165 | tau+ 0.950
[OUTPOST-v4] epoch 161: test-all ROC 0.9184 PR 0.7921 | unseen ROC 0.5000 PR 0.0000 | valAUC 0.8841 | tau+ 0.950
[OUTPOST-v4] epoch 162: test-all ROC 0.9172 PR 0.7860 | unseen ROC 0.5000 PR 0.0000 | valAUC 0.8970 | tau+ 0.950
[OUTPOST-v4] epoch 163: test-all ROC 0.9184 PR 0.7996 | unseen ROC 0.5000 PR 0.0000 | valAUC 0.9162 | tau+ 0.950
[OUTPOST-v4] epoch 164: test-all ROC 0.9175 PR 0.7961 | unseen ROC 0.5000 PR 0.0000 | valAUC 0.9147 | tau+ 0.950
[OUTPOST-v4] epoch 165: test-all ROC 0.9208 PR 0.7987 | unseen ROC 0.5000 PR 0.0000 | valAUC 0.9072 | tau+ 0.950
[OUTPOST-v4] epoch 166: test-all ROC 0.9198 PR 0.7991 | unseen ROC 0.5000 PR 0.0000 | valAUC 0.9345 | tau+ 0.950
[OUTPOST-v4] epoch 167: test-all ROC 0.9250 PR 0.7957 | unseen ROC 0.5000 PR 0.0000 | valAUC 0.9309 | tau+ 0.950
[OUTPOST-v4] epoch 168: test-all ROC 0.9268 PR 0.8021 | unseen ROC 0.5000 PR 0.0000 | valAUC 0.9225 | tau+ 0.950
[OUTPOST-v4] epoch 169: test-all ROC 0.9287 PR 0.8055 | unseen ROC 0.5000 PR 0.0000 | valAUC 0.9078 | tau+ 0.950
[OUTPOST-v4] epoch 170: test-all ROC 0.9328 PR 0.8064 | unseen ROC 0.5000 PR 0.0000 | valAUC 0.9282 | tau+ 0.950
[OUTPOST-v4] epoch 171: test-all ROC 0.9364 PR 0.8062 | unseen ROC 0.5000 PR 0.0000 | valAUC 0.9246 | tau+ 0.950
[OUTPOST-v4] epoch 172: test-all ROC 0.9358 PR 0.8121 | unseen ROC 0.5000 PR 0.0000 | valAUC 0.9306 | tau+ 0.950
[OUTPOST-v4] epoch 173: test-all ROC 0.9317 PR 0.8047 | unseen ROC 0.5000 PR 0.0000 | valAUC 0.9288 | tau+ 0.950
[OUTPOST-v4] epoch 174: test-all ROC 0.9299 PR 0.8077 | unseen ROC 0.5000 PR 0.0000 | valAUC 0.9249 | tau+ 0.950
[OUTPOST-v4] epoch 175: test-all ROC 0.9310 PR 0.8128 | unseen ROC 0.5000 PR 0.0000 | valAUC 0.9084 | tau+ 0.950
[OUTPOST-v4] epoch 176: test-all ROC 0.9292 PR 0.8098 | unseen ROC 0.5000 PR 0.0000 | valAUC 0.9267 | tau+ 0.950
[OUTPOST-v4] epoch 177: test-all ROC 0.9282 PR 0.8110 | unseen ROC 0.5000 PR 0.0000 | valAUC 0.9234 | tau+ 0.950
[OUTPOST-v4] epoch 178: test-all ROC 0.9267 PR 0.8086 | unseen ROC 0.5000 PR 0.0000 | valAUC 0.9267 | tau+ 0.950
[OUTPOST-v4] epoch 179: test-all ROC 0.9250 PR 0.8040 | unseen ROC 0.5000 PR 0.0000 | valAUC 0.9267 | tau+ 0.950
[OUTPOST-v4] epoch 180: test-all ROC 0.9241 PR 0.8086 | unseen ROC 0.5000 PR 0.0000 | valAUC 0.9300 | tau+ 0.950
[OUTPOST-v4] epoch 181: test-all ROC 0.9333 PR 0.8134 | unseen ROC 0.5000 PR 0.0000 | valAUC 0.9219 | tau+ 0.950
[OUTPOST-v4] epoch 182: test-all ROC 0.9380 PR 0.8154 | unseen ROC 0.5000 PR 0.0000 | valAUC 0.9240 | tau+ 0.950
[OUTPOST-v4] epoch 183: test-all ROC 0.9410 PR 0.8193 | unseen ROC 0.5000 PR 0.0000 | valAUC 0.9159 | tau+ 0.950
[OUTPOST-v4] epoch 184: test-all ROC 0.9406 PR 0.8101 | unseen ROC 0.5000 PR 0.0000 | valAUC 0.9162 | tau+ 0.950
[OUTPOST-v4] epoch 185: test-all ROC 0.9441 PR 0.8178 | unseen ROC 0.5000 PR 0.0000 | valAUC 0.9210 | tau+ 0.950
[OUTPOST-v4] epoch 186: test-all ROC 0.9477 PR 0.8274 | unseen ROC 0.5000 PR 0.0000 | valAUC 0.9480 | tau+ 0.950
[OUTPOST-v4] epoch 187: test-all ROC 0.9468 PR 0.8223 | unseen ROC 0.5000 PR 0.0000 | valAUC 0.9222 | tau+ 0.950
[OUTPOST-v4] epoch 188: test-all ROC 0.9461 PR 0.8191 | unseen ROC 0.5000 PR 0.0000 | valAUC 0.9282 | tau+ 0.950
[OUTPOST-v4] epoch 189: test-all ROC 0.9420 PR 0.8166 | unseen ROC 0.5000 PR 0.0000 | valAUC 0.9333 | tau+ 0.950
[OUTPOST-v4] epoch 190: test-all ROC 0.9395 PR 0.8122 | unseen ROC 0.5000 PR 0.0000 | valAUC 0.9366 | tau+ 0.950
[OUTPOST-v4] epoch 191: test-all ROC 0.9414 PR 0.8185 | unseen ROC 0.5000 PR 0.0000 | valAUC 0.9342 | tau+ 0.950
[OUTPOST-v4] epoch 192: test-all ROC 0.9356 PR 0.8116 | unseen ROC 0.5000 PR 0.0000 | valAUC 0.9168 | tau+ 0.950
[OUTPOST-v4] epoch 193: test-all ROC 0.9363 PR 0.8126 | unseen ROC 0.5000 PR 0.0000 | valAUC 0.9273 | tau+ 0.950
[OUTPOST-v4] epoch 194: test-all ROC 0.9344 PR 0.8091 | unseen ROC 0.5000 PR 0.0000 | valAUC 0.9360 | tau+ 0.950
[OUTPOST-v4] epoch 195: test-all ROC 0.9340 PR 0.8082 | unseen ROC 0.5000 PR 0.0000 | valAUC 0.9252 | tau+ 0.950
[OUTPOST-v4] epoch 196: test-all ROC 0.9317 PR 0.8074 | unseen ROC 0.5000 PR 0.0000 | valAUC 0.9243 | tau+ 0.950
[OUTPOST-v4] epoch 197: test-all ROC 0.9337 PR 0.8072 | unseen ROC 0.5000 PR 0.0000 | valAUC 0.9312 | tau+ 0.950
[OUTPOST-v4] epoch 198: test-all ROC 0.9428 PR 0.8168 | unseen ROC 0.5000 PR 0.0000 | valAUC 0.9321 | tau+ 0.950
[OUTPOST-v4] epoch 199: test-all ROC 0.9484 PR 0.8218 | unseen ROC 0.5000 PR 0.0000 | valAUC 0.9312 | tau+ 0.950
[OUTPOST-v4] epoch 200: test-all ROC 0.9529 PR 0.8251 | unseen ROC 0.5000 PR 0.0000 | valAUC 0.9237 | tau+ 0.950
[OUTPOST-v4] epoch 201: test-all ROC 0.9490 PR 0.8236 | unseen ROC 0.5000 PR 0.0000 | valAUC 0.9237 | tau+ 0.950
[OUTPOST-v4] epoch 202: test-all ROC 0.9416 PR 0.8235 | unseen ROC 0.5000 PR 0.0000 | valAUC 0.9294 | tau+ 0.950
[OUTPOST-v4] epoch 203: test-all ROC 0.9406 PR 0.8214 | unseen ROC 0.5000 PR 0.0000 | valAUC 0.9390 | tau+ 0.950
[OUTPOST-v4] epoch 204: test-all ROC 0.9337 PR 0.8170 | unseen ROC 0.5000 PR 0.0000 | valAUC 0.9300 | tau+ 0.950
[OUTPOST-v4] epoch 205: test-all ROC 0.9260 PR 0.8109 | unseen ROC 0.5000 PR 0.0000 | valAUC 0.9174 | tau+ 0.950
[OUTPOST-v4] epoch 206: test-all ROC 0.9266 PR 0.8106 | unseen ROC 0.5000 PR 0.0000 | valAUC 0.9264 | tau+ 0.950
[OUTPOST-v4] epoch 207: test-all ROC 0.9331 PR 0.8149 | unseen ROC 0.5000 PR 0.0000 | valAUC 0.9135 | tau+ 0.950
[OUTPOST-v4] epoch 208: test-all ROC 0.9358 PR 0.8149 | unseen ROC 0.5000 PR 0.0000 | valAUC 0.9276 | tau+ 0.950
[OUTPOST-v4] epoch 209: test-all ROC 0.9358 PR 0.8169 | unseen ROC 0.5000 PR 0.0000 | valAUC 0.9297 | tau+ 0.950
[OUTPOST-v4] epoch 210: test-all ROC 0.9360 PR 0.8177 | unseen ROC 0.5000 PR 0.0000 | valAUC 0.9270 | tau+ 0.950
[OUTPOST-v4] epoch 211: test-all ROC 0.9420 PR 0.8230 | unseen ROC 0.5000 PR 0.0000 | valAUC 0.9285 | tau+ 0.950
[OUTPOST-v4] epoch 212: test-all ROC 0.9457 PR 0.8251 | unseen ROC 0.5000 PR 0.0000 | valAUC 0.9246 | tau+ 0.950
[OUTPOST-v4] epoch 213: test-all ROC 0.9457 PR 0.8274 | unseen ROC 0.5000 PR 0.0000 | valAUC 0.9252 | tau+ 0.950
[OUTPOST-v4] epoch 214: test-all ROC 0.9430 PR 0.8199 | unseen ROC 0.5000 PR 0.0000 | valAUC 0.9246 | tau+ 0.950
[OUTPOST-v4] epoch 215: test-all ROC 0.9442 PR 0.8232 | unseen ROC 0.5000 PR 0.0000 | valAUC 0.9330 | tau+ 0.950
[OUTPOST-v4] epoch 216: test-all ROC 0.9465 PR 0.8275 | unseen ROC 0.5000 PR 0.0000 | valAUC 0.9336 | tau+ 0.950
[OUTPOST-v4] epoch 217: test-all ROC 0.9434 PR 0.8287 | unseen ROC 0.5000 PR 0.0000 | valAUC 0.9351 | tau+ 0.950
[OUTPOST-v4] epoch 218: test-all ROC 0.9404 PR 0.8174 | unseen ROC 0.5000 PR 0.0000 | valAUC 0.9210 | tau+ 0.950
[OUTPOST-v4] epoch 219: test-all ROC 0.9294 PR 0.8108 | unseen ROC 0.5000 PR 0.0000 | valAUC 0.9306 | tau+ 0.950
[OUTPOST-v4] epoch 220: test-all ROC 0.9354 PR 0.8182 | unseen ROC 0.5000 PR 0.0000 | valAUC 0.9354 | tau+ 0.950
[OUTPOST-v4] epoch 221: test-all ROC 0.9383 PR 0.8222 | unseen ROC 0.5000 PR 0.0000 | valAUC 0.9330 | tau+ 0.950
[OUTPOST-v4] epoch 222: test-all ROC 0.9361 PR 0.8268 | unseen ROC 0.5000 PR 0.0000 | valAUC 0.9255 | tau+ 0.950
[OUTPOST-v4] epoch 223: test-all ROC 0.9336 PR 0.8179 | unseen ROC 0.5000 PR 0.0000 | valAUC 0.9234 | tau+ 0.950
[OUTPOST-v4] epoch 224: test-all ROC 0.9306 PR 0.8059 | unseen ROC 0.5000 PR 0.0000 | valAUC 0.9033 | tau+ 0.950
[OUTPOST-v4] epoch 225: test-all ROC 0.9374 PR 0.8171 | unseen ROC 0.5000 PR 0.0000 | valAUC 0.9210 | tau+ 0.950
[OUTPOST-v4] epoch 226: test-all ROC 0.9398 PR 0.8217 | unseen ROC 0.5000 PR 0.0000 | valAUC 0.9321 | tau+ 0.950
[OUTPOST-v4] epoch 227: test-all ROC 0.9409 PR 0.8256 | unseen ROC 0.5000 PR 0.0000 | valAUC 0.9270 | tau+ 0.950
[OUTPOST-v4] epoch 228: test-all ROC 0.9369 PR 0.8191 | unseen ROC 0.5000 PR 0.0000 | valAUC 0.9369 | tau+ 0.950
[OUTPOST-v4] epoch 229: test-all ROC 0.9425 PR 0.8234 | unseen ROC 0.5000 PR 0.0000 | valAUC 0.9129 | tau+ 0.950
[OUTPOST-v4] epoch 230: test-all ROC 0.9446 PR 0.8229 | unseen ROC 0.5000 PR 0.0000 | valAUC 0.9351 | tau+ 0.950
[OUTPOST-v4] epoch 231: test-all ROC 0.9480 PR 0.8292 | unseen ROC 0.5000 PR 0.0000 | valAUC 0.9222 | tau+ 0.950
[OUTPOST-v4] epoch 232: test-all ROC 0.9461 PR 0.8214 | unseen ROC 0.5000 PR 0.0000 | valAUC 0.9231 | tau+ 0.950
[OUTPOST-v4] epoch 233: test-all ROC 0.9461 PR 0.8271 | unseen ROC 0.5000 PR 0.0000 | valAUC 0.9327 | tau+ 0.950
[OUTPOST-v4] epoch 234: test-all ROC 0.9452 PR 0.8200 | unseen ROC 0.5000 PR 0.0000 | valAUC 0.9393 | tau+ 0.950
[OUTPOST-v4] epoch 235: test-all ROC 0.9442 PR 0.8203 | unseen ROC 0.5000 PR 0.0000 | valAUC 0.9252 | tau+ 0.950
[OUTPOST-v4] epoch 236: test-all ROC 0.9440 PR 0.8281 | unseen ROC 0.5000 PR 0.0000 | valAUC 0.9312 | tau+ 0.950
[OUTPOST-v4] epoch 237: test-all ROC 0.9452 PR 0.8320 | unseen ROC 0.5000 PR 0.0000 | valAUC 0.9384 | tau+ 0.950
[OUTPOST-v4] epoch 238: test-all ROC 0.9428 PR 0.8270 | unseen ROC 0.5000 PR 0.0000 | valAUC 0.9270 | tau+ 0.950
[OUTPOST-v4] epoch 239: test-all ROC 0.9387 PR 0.8113 | unseen ROC 0.5000 PR 0.0000 | valAUC 0.9258 | tau+ 0.950
[OUTPOST-v4] epoch 240: test-all ROC 0.9418 PR 0.8269 | unseen ROC 0.5000 PR 0.0000 | valAUC 0.9246 | tau+ 0.950
[OUTPOST-v4] epoch 241: test-all ROC 0.9431 PR 0.8333 | unseen ROC 0.5000 PR 0.0000 | valAUC 0.9366 | tau+ 0.950
[OUTPOST-v4] epoch 242: test-all ROC 0.9421 PR 0.8345 | unseen ROC 0.5000 PR 0.0000 | valAUC 0.9303 | tau+ 0.950
[OUTPOST-v4] epoch 243: test-all ROC 0.9401 PR 0.8253 | unseen ROC 0.5000 PR 0.0000 | valAUC 0.9306 | tau+ 0.950
[OUTPOST-v4] epoch 244: test-all ROC 0.9386 PR 0.8206 | unseen ROC 0.5000 PR 0.0000 | valAUC 0.9240 | tau+ 0.950
[OUTPOST-v4] epoch 245: test-all ROC 0.9425 PR 0.8328 | unseen ROC 0.5000 PR 0.0000 | valAUC 0.9180 | tau+ 0.950
[OUTPOST-v4] epoch 246: test-all ROC 0.9444 PR 0.8362 | unseen ROC 0.5000 PR 0.0000 | valAUC 0.9252 | tau+ 0.950
[OUTPOST-v4] epoch 247: test-all ROC 0.9436 PR 0.8260 | unseen ROC 0.5000 PR 0.0000 | valAUC 0.9147 | tau+ 0.950
[OUTPOST-v4] epoch 248: test-all ROC 0.9416 PR 0.8226 | unseen ROC 0.5000 PR 0.0000 | valAUC 0.9243 | tau+ 0.950
[OUTPOST-v4] epoch 249: test-all ROC 0.9447 PR 0.8345 | unseen ROC 0.5000 PR 0.0000 | valAUC 0.9300 | tau+ 0.950
[OUTPOST-v4] epoch 250: test-all ROC 0.9438 PR 0.8278 | unseen ROC 0.5000 PR 0.0000 | valAUC 0.9195 | tau+ 0.950
[OUTPOST-v4] epoch 251: test-all ROC 0.9464 PR 0.8357 | unseen ROC 0.5000 PR 0.0000 | valAUC 0.9213 | tau+ 0.950
[OUTPOST-v4] epoch 252: test-all ROC 0.9431 PR 0.8360 | unseen ROC 0.5000 PR 0.0000 | valAUC 0.9354 | tau+ 0.950
[OUTPOST-v4] epoch 253: test-all ROC 0.9430 PR 0.8273 | unseen ROC 0.5000 PR 0.0000 | valAUC 0.9171 | tau+ 0.950
[OUTPOST-v4] epoch 254: test-all ROC 0.9417 PR 0.8272 | unseen ROC 0.5000 PR 0.0000 | valAUC 0.9294 | tau+ 0.950
[OUTPOST-v4] epoch 255: test-all ROC 0.9435 PR 0.8276 | unseen ROC 0.5000 PR 0.0000 | valAUC 0.9228 | tau+ 0.950
[OUTPOST-v4] epoch 256: test-all ROC 0.9444 PR 0.8389 | unseen ROC 0.5000 PR 0.0000 | valAUC 0.9240 | tau+ 0.950
[OUTPOST-v4] epoch 257: test-all ROC 0.9444 PR 0.8220 | unseen ROC 0.5000 PR 0.0000 | valAUC 0.9279 | tau+ 0.950
[OUTPOST-v4] epoch 258: test-all ROC 0.9403 PR 0.8242 | unseen ROC 0.5000 PR 0.0000 | valAUC 0.9195 | tau+ 0.950
[OUTPOST-v4] epoch 259: test-all ROC 0.9446 PR 0.8234 | unseen ROC 0.5000 PR 0.0000 | valAUC 0.9225 | tau+ 0.950
[OUTPOST-v4] epoch 260: test-all ROC 0.9465 PR 0.8338 | unseen ROC 0.5000 PR 0.0000 | valAUC 0.9234 | tau+ 0.950
[OUTPOST-v4] epoch 261: test-all ROC 0.9485 PR 0.8375 | unseen ROC 0.5000 PR 0.0000 | valAUC 0.9258 | tau+ 0.950
[OUTPOST-v4] epoch 262: test-all ROC 0.9455 PR 0.8320 | unseen ROC 0.5000 PR 0.0000 | valAUC 0.9273 | tau+ 0.950
[OUTPOST-v4] epoch 263: test-all ROC 0.9443 PR 0.8348 | unseen ROC 0.5000 PR 0.0000 | valAUC 0.9180 | tau+ 0.950
[OUTPOST-v4] epoch 264: test-all ROC 0.9444 PR 0.8256 | unseen ROC 0.5000 PR 0.0000 | valAUC 0.9315 | tau+ 0.950
[OUTPOST-v4] epoch 265: test-all ROC 0.9459 PR 0.8358 | unseen ROC 0.5000 PR 0.0000 | valAUC 0.9315 | tau+ 0.950
[OUTPOST-v4] epoch 266: test-all ROC 0.9475 PR 0.8266 | unseen ROC 0.5000 PR 0.0000 | valAUC 0.9237 | tau+ 0.950
[OUTPOST-v4] epoch 267: test-all ROC 0.9487 PR 0.8454 | unseen ROC 0.5000 PR 0.0000 | valAUC 0.9279 | tau+ 0.950
[OUTPOST-v4] epoch 268: test-all ROC 0.9467 PR 0.8360 | unseen ROC 0.5000 PR 0.0000 | valAUC 0.9327 | tau+ 0.950
[OUTPOST-v4] epoch 269: test-all ROC 0.9426 PR 0.8250 | unseen ROC 0.5000 PR 0.0000 | valAUC 0.9282 | tau+ 0.950
[OUTPOST-v4] epoch 270: test-all ROC 0.9456 PR 0.8294 | unseen ROC 0.5000 PR 0.0000 | valAUC 0.9198 | tau+ 0.950
[OUTPOST-v4] epoch 271: test-all ROC 0.9489 PR 0.8413 | unseen ROC 0.5000 PR 0.0000 | valAUC 0.9318 | tau+ 0.950
[OUTPOST-v4] epoch 272: test-all ROC 0.9480 PR 0.8418 | unseen ROC 0.5000 PR 0.0000 | valAUC 0.9357 | tau+ 0.950
[OUTPOST-v4] epoch 273: test-all ROC 0.9457 PR 0.8278 | unseen ROC 0.5000 PR 0.0000 | valAUC 0.9387 | tau+ 0.950
[OUTPOST-v4] epoch 274: test-all ROC 0.9447 PR 0.8330 | unseen ROC 0.5000 PR 0.0000 | valAUC 0.9276 | tau+ 0.950
[OUTPOST-v4] epoch 275: test-all ROC 0.9459 PR 0.8336 | unseen ROC 0.5000 PR 0.0000 | valAUC 0.9315 | tau+ 0.950
[OUTPOST-v4] epoch 276: test-all ROC 0.9525 PR 0.8436 | unseen ROC 0.5000 PR 0.0000 | valAUC 0.9210 | tau+ 0.950
[OUTPOST-v4] epoch 277: test-all ROC 0.9512 PR 0.8365 | unseen ROC 0.5000 PR 0.0000 | valAUC 0.9381 | tau+ 0.950
[OUTPOST-v4] epoch 278: test-all ROC 0.9504 PR 0.8442 | unseen ROC 0.5000 PR 0.0000 | valAUC 0.9456 | tau+ 0.950
[OUTPOST-v4] epoch 279: test-all ROC 0.9477 PR 0.8301 | unseen ROC 0.5000 PR 0.0000 | valAUC 0.9237 | tau+ 0.950
[OUTPOST-v4] epoch 280: test-all ROC 0.9481 PR 0.8279 | unseen ROC 0.5000 PR 0.0000 | valAUC 0.9201 | tau+ 0.950
[OUTPOST-v4] epoch 281: test-all ROC 0.9498 PR 0.8377 | unseen ROC 0.5000 PR 0.0000 | valAUC 0.9309 | tau+ 0.950
[OUTPOST-v4] epoch 282: test-all ROC 0.9505 PR 0.8407 | unseen ROC 0.5000 PR 0.0000 | valAUC 0.9372 | tau+ 0.950
[OUTPOST-v4] epoch 283: test-all ROC 0.9503 PR 0.8390 | unseen ROC 0.5000 PR 0.0000 | valAUC 0.9222 | tau+ 0.950
[OUTPOST-v4] epoch 284: test-all ROC 0.9457 PR 0.8242 | unseen ROC 0.5000 PR 0.0000 | valAUC 0.9339 | tau+ 0.950
[OUTPOST-v4] epoch 285: test-all ROC 0.9437 PR 0.8259 | unseen ROC 0.5000 PR 0.0000 | valAUC 0.9261 | tau+ 0.950
[OUTPOST-v4] epoch 286: test-all ROC 0.9456 PR 0.8324 | unseen ROC 0.5000 PR 0.0000 | valAUC 0.9249 | tau+ 0.950
[OUTPOST-v4] epoch 287: test-all ROC 0.9450 PR 0.8368 | unseen ROC 0.5000 PR 0.0000 | valAUC 0.9243 | tau+ 0.950
[OUTPOST-v4] epoch 288: test-all ROC 0.9458 PR 0.8399 | unseen ROC 0.5000 PR 0.0000 | valAUC 0.9333 | tau+ 0.950
[OUTPOST-v4] epoch 289: test-all ROC 0.9437 PR 0.8279 | unseen ROC 0.5000 PR 0.0000 | valAUC 0.9267 | tau+ 0.950
[OUTPOST-v4] epoch 290: test-all ROC 0.9405 PR 0.8188 | unseen ROC 0.5000 PR 0.0000 | valAUC 0.9261 | tau+ 0.950
[OUTPOST-v4] epoch 291: test-all ROC 0.9448 PR 0.8304 | unseen ROC 0.5000 PR 0.0000 | valAUC 0.9225 | tau+ 0.950
[OUTPOST-v4] epoch 292: test-all ROC 0.9469 PR 0.8391 | unseen ROC 0.5000 PR 0.0000 | valAUC 0.9276 | tau+ 0.950
[OUTPOST-v4] epoch 293: test-all ROC 0.9492 PR 0.8436 | unseen ROC 0.5000 PR 0.0000 | valAUC 0.9255 | tau+ 0.950
[OUTPOST-v4] epoch 294: test-all ROC 0.9485 PR 0.8392 | unseen ROC 0.5000 PR 0.0000 | valAUC 0.9300 | tau+ 0.950
[OUTPOST-v4] epoch 295: test-all ROC 0.9469 PR 0.8328 | unseen ROC 0.5000 PR 0.0000 | valAUC 0.9177 | tau+ 0.950
[OUTPOST-v4] epoch 296: test-all ROC 0.9462 PR 0.8354 | unseen ROC 0.5000 PR 0.0000 | valAUC 0.9258 | tau+ 0.950
[OUTPOST-v4] epoch 297: test-all ROC 0.9504 PR 0.8404 | unseen ROC 0.5000 PR 0.0000 | valAUC 0.9249 | tau+ 0.950
[OUTPOST-v4] epoch 298: test-all ROC 0.9495 PR 0.8430 | unseen ROC 0.5000 PR 0.0000 | valAUC 0.9204 | tau+ 0.950
[OUTPOST-v4] epoch 299: test-all ROC 0.9482 PR 0.8351 | unseen ROC 0.5000 PR 0.0000 | valAUC 0.9288 | tau+ 0.950
[OUTPOST-v4] epoch 300: test-all ROC 0.9461 PR 0.8309 | unseen ROC 0.5000 PR 0.0000 | valAUC 0.9330 | tau+ 0.950
[OUTPOST-v4] epoch 301: test-all ROC 0.9465 PR 0.8287 | unseen ROC 0.5000 PR 0.0000 | valAUC 0.9243 | tau+ 0.950
[OUTPOST-v4] epoch 302: test-all ROC 0.9496 PR 0.8379 | unseen ROC 0.5000 PR 0.0000 | valAUC 0.9228 | tau+ 0.950
[OUTPOST-v4] epoch 303: test-all ROC 0.9506 PR 0.8412 | unseen ROC 0.5000 PR 0.0000 | valAUC 0.9309 | tau+ 0.950
[OUTPOST-v4] epoch 304: test-all ROC 0.9526 PR 0.8451 | unseen ROC 0.5000 PR 0.0000 | valAUC 0.9225 | tau+ 0.950
[OUTPOST-v4] epoch 305: test-all ROC 0.9516 PR 0.8373 | unseen ROC 0.5000 PR 0.0000 | valAUC 0.9333 | tau+ 0.950
[OUTPOST-v4] epoch 306: test-all ROC 0.9493 PR 0.8327 | unseen ROC 0.5000 PR 0.0000 | valAUC 0.9432 | tau+ 0.950
[OUTPOST-v4] epoch 307: test-all ROC 0.9508 PR 0.8336 | unseen ROC 0.5000 PR 0.0000 | valAUC 0.9306 | tau+ 0.950
[OUTPOST-v4] epoch 308: test-all ROC 0.9531 PR 0.8406 | unseen ROC 0.5000 PR 0.0000 | valAUC 0.9372 | tau+ 0.950
[OUTPOST-v4] epoch 309: test-all ROC 0.9527 PR 0.8411 | unseen ROC 0.5000 PR 0.0000 | valAUC 0.9420 | tau+ 0.950
[OUTPOST-v4] epoch 310: test-all ROC 0.9514 PR 0.8382 | unseen ROC 0.5000 PR 0.0000 | valAUC 0.9258 | tau+ 0.950
[OUTPOST-v4] epoch 311: test-all ROC 0.9536 PR 0.8348 | unseen ROC 0.5000 PR 0.0000 | valAUC 0.9270 | tau+ 0.950
[OUTPOST-v4] epoch 312: test-all ROC 0.9555 PR 0.8497 | unseen ROC 0.5000 PR 0.0000 | valAUC 0.9393 | tau+ 0.950
[OUTPOST-v4] epoch 313: test-all ROC 0.9538 PR 0.8336 | unseen ROC 0.5000 PR 0.0000 | valAUC 0.9345 | tau+ 0.950
[OUTPOST-v4] epoch 314: test-all ROC 0.9560 PR 0.8477 | unseen ROC 0.5000 PR 0.0000 | valAUC 0.9336 | tau+ 0.950
[OUTPOST-v4] epoch 315: test-all ROC 0.9523 PR 0.8354 | unseen ROC 0.5000 PR 0.0000 | valAUC 0.9288 | tau+ 0.950
[OUTPOST-v4] epoch 316: test-all ROC 0.9532 PR 0.8374 | unseen ROC 0.5000 PR 0.0000 | valAUC 0.9294 | tau+ 0.950
[OUTPOST-v4] epoch 317: test-all ROC 0.9540 PR 0.8465 | unseen ROC 0.5000 PR 0.0000 | valAUC 0.9342 | tau+ 0.950
[OUTPOST-v4] epoch 318: test-all ROC 0.9505 PR 0.8313 | unseen ROC 0.5000 PR 0.0000 | valAUC 0.9291 | tau+ 0.950
[OUTPOST-v4] epoch 319: test-all ROC 0.9514 PR 0.8408 | unseen ROC 0.5000 PR 0.0000 | valAUC 0.9330 | tau+ 0.950
[OUTPOST-v4] epoch 320: test-all ROC 0.9523 PR 0.8450 | unseen ROC 0.5000 PR 0.0000 | valAUC 0.9291 | tau+ 0.950
[OUTPOST-v4] epoch 321: test-all ROC 0.9512 PR 0.8433 | unseen ROC 0.5000 PR 0.0000 | valAUC 0.9165 | tau+ 0.950
[OUTPOST-v4] epoch 322: test-all ROC 0.9518 PR 0.8425 | unseen ROC 0.5000 PR 0.0000 | valAUC 0.9354 | tau+ 0.950
[OUTPOST-v4] epoch 323: test-all ROC 0.9454 PR 0.8326 | unseen ROC 0.5000 PR 0.0000 | valAUC 0.9279 | tau+ 0.950
[OUTPOST-v4] epoch 324: test-all ROC 0.9486 PR 0.8396 | unseen ROC 0.5000 PR 0.0000 | valAUC 0.9234 | tau+ 0.950
[OUTPOST-v4] epoch 325: test-all ROC 0.9528 PR 0.8399 | unseen ROC 0.5000 PR 0.0000 | valAUC 0.9207 | tau+ 0.950
[OUTPOST-v4] epoch 326: test-all ROC 0.9530 PR 0.8469 | unseen ROC 0.5000 PR 0.0000 | valAUC 0.9363 | tau+ 0.950
[OUTPOST-v4] epoch 327: test-all ROC 0.9539 PR 0.8445 | unseen ROC 0.5000 PR 0.0000 | valAUC 0.9432 | tau+ 0.950
[OUTPOST-v4] epoch 328: test-all ROC 0.9529 PR 0.8408 | unseen ROC 0.5000 PR 0.0000 | valAUC 0.9276 | tau+ 0.950
[OUTPOST-v4] epoch 329: test-all ROC 0.9525 PR 0.8335 | unseen ROC 0.5000 PR 0.0000 | valAUC 0.9276 | tau+ 0.950
[OUTPOST-v4] epoch 330: test-all ROC 0.9537 PR 0.8495 | unseen ROC 0.5000 PR 0.0000 | valAUC 0.9303 | tau+ 0.950
[OUTPOST-v4] epoch 331: test-all ROC 0.9548 PR 0.8438 | unseen ROC 0.5000 PR 0.0000 | valAUC 0.9387 | tau+ 0.950
[OUTPOST-v4] epoch 332: test-all ROC 0.9556 PR 0.8503 | unseen ROC 0.5000 PR 0.0000 | valAUC 0.9336 | tau+ 0.950
[OUTPOST-v4] epoch 333: test-all ROC 0.9545 PR 0.8473 | unseen ROC 0.5000 PR 0.0000 | valAUC 0.9387 | tau+ 0.950
[OUTPOST-v4] epoch 334: test-all ROC 0.9529 PR 0.8420 | unseen ROC 0.5000 PR 0.0000 | valAUC 0.9333 | tau+ 0.950
[OUTPOST-v4] epoch 335: test-all ROC 0.9517 PR 0.8340 | unseen ROC 0.5000 PR 0.0000 | valAUC 0.9321 | tau+ 0.950
[OUTPOST-v4] epoch 336: test-all ROC 0.9529 PR 0.8366 | unseen ROC 0.5000 PR 0.0000 | valAUC 0.9330 | tau+ 0.950
[OUTPOST-v4] epoch 337: test-all ROC 0.9516 PR 0.8440 | unseen ROC 0.5000 PR 0.0000 | valAUC 0.9294 | tau+ 0.950
[OUTPOST-v4] epoch 338: test-all ROC 0.9509 PR 0.8424 | unseen ROC 0.5000 PR 0.0000 | valAUC 0.9279 | tau+ 0.950
[OUTPOST-v4] epoch 339: test-all ROC 0.9523 PR 0.8363 | unseen ROC 0.5000 PR 0.0000 | valAUC 0.9321 | tau+ 0.950
[OUTPOST-v4] epoch 340: test-all ROC 0.9492 PR 0.8349 | unseen ROC 0.5000 PR 0.0000 | valAUC 0.9336 | tau+ 0.950
[OUTPOST-v4] epoch 341: test-all ROC 0.9475 PR 0.8281 | unseen ROC 0.5000 PR 0.0000 | valAUC 0.9234 | tau+ 0.950
[OUTPOST-v4] epoch 342: test-all ROC 0.9515 PR 0.8448 | unseen ROC 0.5000 PR 0.0000 | valAUC 0.9378 | tau+ 0.950
[OUTPOST-v4] epoch 343: test-all ROC 0.9516 PR 0.8510 | unseen ROC 0.5000 PR 0.0000 | valAUC 0.9432 | tau+ 0.950
[OUTPOST-v4] epoch 344: test-all ROC 0.9519 PR 0.8484 | unseen ROC 0.5000 PR 0.0000 | valAUC 0.9357 | tau+ 0.950
[OUTPOST-v4] epoch 345: test-all ROC 0.9510 PR 0.8316 | unseen ROC 0.5000 PR 0.0000 | valAUC 0.9303 | tau+ 0.950
[OUTPOST-v4] epoch 346: test-all ROC 0.9491 PR 0.8314 | unseen ROC 0.5000 PR 0.0000 | valAUC 0.9267 | tau+ 0.950
[OUTPOST-v4] epoch 347: test-all ROC 0.9526 PR 0.8410 | unseen ROC 0.5000 PR 0.0000 | valAUC 0.9345 | tau+ 0.950
[OUTPOST-v4] epoch 348: test-all ROC 0.9522 PR 0.8438 | unseen ROC 0.5000 PR 0.0000 | valAUC 0.9312 | tau+ 0.950
[OUTPOST-v4] epoch 349: test-all ROC 0.9536 PR 0.8376 | unseen ROC 0.5000 PR 0.0000 | valAUC 0.9351 | tau+ 0.950
[OUTPOST-v4] epoch 350: test-all ROC 0.9518 PR 0.8271 | unseen ROC 0.5000 PR 0.0000 | valAUC 0.9426 | tau+ 0.950
[OUTPOST-v4] epoch 351: test-all ROC 0.9491 PR 0.8313 | unseen ROC 0.5000 PR 0.0000 | valAUC 0.9291 | tau+ 0.950
[OUTPOST-v4] epoch 352: test-all ROC 0.9528 PR 0.8347 | unseen ROC 0.5000 PR 0.0000 | valAUC 0.9429 | tau+ 0.950
[OUTPOST-v4] epoch 353: test-all ROC 0.9504 PR 0.8386 | unseen ROC 0.5000 PR 0.0000 | valAUC 0.9360 | tau+ 0.950
[OUTPOST-v4] epoch 354: test-all ROC 0.9506 PR 0.8340 | unseen ROC 0.5000 PR 0.0000 | valAUC 0.9390 | tau+ 0.950
[OUTPOST-v4] epoch 355: test-all ROC 0.9527 PR 0.8404 | unseen ROC 0.5000 PR 0.0000 | valAUC 0.9294 | tau+ 0.950
[OUTPOST-v4] epoch 356: test-all ROC 0.9515 PR 0.8414 | unseen ROC 0.5000 PR 0.0000 | valAUC 0.9285 | tau+ 0.950
[OUTPOST-v4] epoch 357: test-all ROC 0.9556 PR 0.8452 | unseen ROC 0.5000 PR 0.0000 | valAUC 0.9381 | tau+ 0.950
[OUTPOST-v4] epoch 358: test-all ROC 0.9552 PR 0.8399 | unseen ROC 0.5000 PR 0.0000 | valAUC 0.9321 | tau+ 0.950
[OUTPOST-v4] epoch 359: test-all ROC 0.9574 PR 0.8400 | unseen ROC 0.5000 PR 0.0000 | valAUC 0.9228 | tau+ 0.950
[OUTPOST-v4] epoch 360: test-all ROC 0.9580 PR 0.8482 | unseen ROC 0.5000 PR 0.0000 | valAUC 0.9459 | tau+ 0.950
[OUTPOST-v4] epoch 361: test-all ROC 0.9568 PR 0.8490 | unseen ROC 0.5000 PR 0.0000 | valAUC 0.9462 | tau+ 0.950
[OUTPOST-v4] epoch 362: test-all ROC 0.9587 PR 0.8438 | unseen ROC 0.5000 PR 0.0000 | valAUC 0.9342 | tau+ 0.950
[OUTPOST-v4] epoch 363: test-all ROC 0.9553 PR 0.8357 | unseen ROC 0.5000 PR 0.0000 | valAUC 0.9297 | tau+ 0.950
[OUTPOST-v4] epoch 364: test-all ROC 0.9533 PR 0.8315 | unseen ROC 0.5000 PR 0.0000 | valAUC 0.9393 | tau+ 0.950
[OUTPOST-v4] epoch 365: test-all ROC 0.9537 PR 0.8371 | unseen ROC 0.5000 PR 0.0000 | valAUC 0.9396 | tau+ 0.950
[OUTPOST-v4] epoch 366: test-all ROC 0.9526 PR 0.8388 | unseen ROC 0.5000 PR 0.0000 | valAUC 0.9345 | tau+ 0.950
[OUTPOST-v4] epoch 367: test-all ROC 0.9525 PR 0.8406 | unseen ROC 0.5000 PR 0.0000 | valAUC 0.9318 | tau+ 0.950
[OUTPOST-v4] epoch 368: test-all ROC 0.9504 PR 0.8280 | unseen ROC 0.5000 PR 0.0000 | valAUC 0.9234 | tau+ 0.950
[OUTPOST-v4] epoch 369: test-all ROC 0.9489 PR 0.8225 | unseen ROC 0.5000 PR 0.0000 | valAUC 0.9270 | tau+ 0.950
[OUTPOST-v4] epoch 370: test-all ROC 0.9527 PR 0.8376 | unseen ROC 0.5000 PR 0.0000 | valAUC 0.9261 | tau+ 0.950
[OUTPOST-v4] epoch 371: test-all ROC 0.9541 PR 0.8465 | unseen ROC 0.5000 PR 0.0000 | valAUC 0.9360 | tau+ 0.950
[OUTPOST-v4] epoch 372: test-all ROC 0.9557 PR 0.8460 | unseen ROC 0.5000 PR 0.0000 | valAUC 0.9414 | tau+ 0.950
[OUTPOST-v4] epoch 373: test-all ROC 0.9553 PR 0.8431 | unseen ROC 0.5000 PR 0.0000 | valAUC 0.9495 | tau+ 0.950
[OUTPOST-v4] epoch 374: test-all ROC 0.9593 PR 0.8330 | unseen ROC 0.5000 PR 0.0000 | valAUC 0.9411 | tau+ 0.950
[OUTPOST-v4] epoch 375: test-all ROC 0.9593 PR 0.8365 | unseen ROC 0.5000 PR 0.0000 | valAUC 0.9453 | tau+ 0.950
[OUTPOST-v4] epoch 376: test-all ROC 0.9597 PR 0.8502 | unseen ROC 0.5000 PR 0.0000 | valAUC 0.9523 | tau+ 0.950
[OUTPOST-v4] epoch 377: test-all ROC 0.9603 PR 0.8530 | unseen ROC 0.5000 PR 0.0000 | valAUC 0.9471 | tau+ 0.950
[OUTPOST-v4] epoch 378: test-all ROC 0.9619 PR 0.8538 | unseen ROC 0.5000 PR 0.0000 | valAUC 0.9417 | tau+ 0.950
[OUTPOST-v4] epoch 379: test-all ROC 0.9576 PR 0.8428 | unseen ROC 0.5000 PR 0.0000 | valAUC 0.9420 | tau+ 0.950
[OUTPOST-v4] epoch 380: test-all ROC 0.9552 PR 0.8362 | unseen ROC 0.5000 PR 0.0000 | valAUC 0.9261 | tau+ 0.950
[OUTPOST-v4] epoch 381: test-all ROC 0.9536 PR 0.8435 | unseen ROC 0.5000 PR 0.0000 | valAUC 0.9318 | tau+ 0.950
[OUTPOST-v4] epoch 382: test-all ROC 0.9513 PR 0.8336 | unseen ROC 0.5000 PR 0.0000 | valAUC 0.9258 | tau+ 0.950
[OUTPOST-v4] epoch 383: test-all ROC 0.9511 PR 0.8357 | unseen ROC 0.5000 PR 0.0000 | valAUC 0.9267 | tau+ 0.950
[OUTPOST-v4] epoch 384: test-all ROC 0.9513 PR 0.8416 | unseen ROC 0.5000 PR 0.0000 | valAUC 0.9300 | tau+ 0.950
[OUTPOST-v4] epoch 385: test-all ROC 0.9509 PR 0.8401 | unseen ROC 0.5000 PR 0.0000 | valAUC 0.9279 | tau+ 0.950
[OUTPOST-v4] epoch 386: test-all ROC 0.9479 PR 0.8163 | unseen ROC 0.5000 PR 0.0000 | valAUC 0.9243 | tau+ 0.950
[OUTPOST-v4] epoch 387: test-all ROC 0.9511 PR 0.8292 | unseen ROC 0.5000 PR 0.0000 | valAUC 0.9387 | tau+ 0.950
[OUTPOST-v4] epoch 388: test-all ROC 0.9565 PR 0.8438 | unseen ROC 0.5000 PR 0.0000 | valAUC 0.9336 | tau+ 0.950
[OUTPOST-v4] epoch 389: test-all ROC 0.9593 PR 0.8513 | unseen ROC 0.5000 PR 0.0000 | valAUC 0.9423 | tau+ 0.950
[OUTPOST-v4] epoch 390: test-all ROC 0.9591 PR 0.8501 | unseen ROC 0.5000 PR 0.0000 | valAUC 0.9514 | tau+ 0.950
[OUTPOST-v4] epoch 391: test-all ROC 0.9607 PR 0.8480 | unseen ROC 0.5000 PR 0.0000 | valAUC 0.9508 | tau+ 0.950
[OUTPOST-v4] epoch 392: test-all ROC 0.9601 PR 0.8471 | unseen ROC 0.5000 PR 0.0000 | valAUC 0.9574 | tau+ 0.950
[OUTPOST-v4] epoch 393: test-all ROC 0.9599 PR 0.8552 | unseen ROC 0.5000 PR 0.0000 | valAUC 0.9444 | tau+ 0.950
[OUTPOST-v4] epoch 394: test-all ROC 0.9599 PR 0.8515 | unseen ROC 0.5000 PR 0.0000 | valAUC 0.9556 | tau+ 0.950
[OUTPOST-v4] epoch 395: test-all ROC 0.9546 PR 0.8452 | unseen ROC 0.5000 PR 0.0000 | valAUC 0.9339 | tau+ 0.950
[OUTPOST-v4] epoch 396: test-all ROC 0.9531 PR 0.8447 | unseen ROC 0.5000 PR 0.0000 | valAUC 0.9402 | tau+ 0.950
[OUTPOST-v4] epoch 397: test-all ROC 0.9503 PR 0.8401 | unseen ROC 0.5000 PR 0.0000 | valAUC 0.9273 | tau+ 0.950
[OUTPOST-v4] epoch 398: test-all ROC 0.9494 PR 0.8388 | unseen ROC 0.5000 PR 0.0000 | valAUC 0.9327 | tau+ 0.950
[OUTPOST-v4] epoch 399: test-all ROC 0.9508 PR 0.8346 | unseen ROC 0.5000 PR 0.0000 | valAUC 0.9228 | tau+ 0.950
  rotation 1: ROC 0.9619 PR 0.8552
[amazon] params 6913, peak GPU 0.22 GB, 6.7 min total

[amazon] AGGREGATE  best-over-epochs: ROC 0.9619 PR 0.8552
[amazon] AGGREGATE  val-selected:     ROC 0.9601 PR 0.8471
row appended to results/results.csv
